== EXP-INSTR-85b102 stage POOL POOL_B (S3, S4, S5) ==
pool frozen at S0 in RUN-INSTR-85b102-gates-b/pool_freeze.json -- traces [30, -30, 18, -18, 78, -78, 90, 66, 54, 2, -2, -54]
memory cap: {'rlimit_as_bytes': 4294967296, 'applied': True, 'previous_soft': -1}
n=1152 K=12 sizes=[138, 138, 98, 98, 88, 88, 84, 84, 84, 84, 84, 84] N=[3972, 4032, 3984, 4020, 3924, 4080, 3912, 3936, 3948, 4000, 4004, 4056] Delta_pool=168
-- S3 measurement --
   measured 0/1152
   measured 100/1152
   measured 200/1152
   measured 300/1152
   measured 400/1152
   measured 500/1152
   measured 600/1152
   measured 700/1152
   measured 800/1152
   measured 900/1152
   measured 1000/1152
   measured 1100/1152
   measured 1152 curves in 0.0 s
   liftable-count identity holds on 1152/1152 curves
   CTRL-TWIST: HEUR-INSTR-2 CONSISTENT (5 pooled pairs, unpaired=[90, 66])
-- S4 ladder (B=10000) --
   rung R0_FREE done (11s)
   rung R1_TWIST done (21s)
   rung R2_NBAND_w2 done (33s)
   rung R3_NBAND_w3 done (43s)
   rung R4_NBAND_w4 done (54s)
   rung R5_PERCLASS done (64s)
   rung R6_TWIST_AND_NBAND_w2 done (75s)
   ladder in 74.3 s; finest non-degenerate rung (N ladder) = R3_NBAND_w3
   R0_FREE                  dmax=  168 degen=False nuisance(w)=2406.8
   R1_TWIST                 dmax=  156 degen=False nuisance(w)=1634.1
   R2_NBAND_w2              dmax=   72 degen=False nuisance(w)=483.095
   R3_NBAND_w3              dmax=   12 degen=False nuisance(w)=18.4632
   R4_NBAND_w4              dmax=    0 degen=True  nuisance(w)=0
   R5_PERCLASS              dmax=    0 degen=True  nuisance(w)=0
   R6_TWIST_AND_NBAND_w2    dmax=    4 degen=False nuisance(w)=0.585944
-- S5 control objects (replicates=200, B=1000) --
   NULLOBJ R0_FREE (88s)
   NULLOBJ R1_TWIST (101s)
   NULLOBJ R2_NBAND_w2 (114s)
   NULLOBJ R3_NBAND_w3 (127s)
   NULLOBJ R4_NBAND_w4 (141s)
   NULLOBJ R5_PERCLASS (154s)
   NULLOBJ R6_TWIST_AND_NBAND_w2 (168s)
   POWER R0_FREE delta=0.0 (180s)
   POWER R0_FREE delta=0.1 (193s)
   POWER R0_FREE delta=0.2 (205s)
   POWER R0_FREE delta=0.4 (218s)
   POWER R0_FREE delta=0.8 (231s)
   POWER R0_FREE delta=1.6 (244s)
   POWER R1_TWIST delta=0.0 (256s)
   POWER R1_TWIST delta=0.1 (269s)
   POWER R1_TWIST delta=0.2 (282s)
   POWER R1_TWIST delta=0.4 (294s)
   POWER R1_TWIST delta=0.8 (308s)
   POWER R1_TWIST delta=1.6 (321s)
   POWER R2_NBAND_w2 delta=0.0 (334s)
   POWER R2_NBAND_w2 delta=0.1 (346s)
   POWER R2_NBAND_w2 delta=0.2 (358s)
   POWER R2_NBAND_w2 delta=0.4 (370s)
   POWER R2_NBAND_w2 delta=0.8 (382s)
   POWER R2_NBAND_w2 delta=1.6 (395s)
   POWER R3_NBAND_w3 delta=0.0 (407s)
   POWER R3_NBAND_w3 delta=0.1 (419s)
   POWER R3_NBAND_w3 delta=0.2 (432s)
   POWER R3_NBAND_w3 delta=0.4 (444s)
   POWER R3_NBAND_w3 delta=0.8 (456s)
   POWER R3_NBAND_w3 delta=1.6 (470s)
   POWER R4_NBAND_w4 delta=0.0 (482s)
   POWER R4_NBAND_w4 delta=0.1 (495s)
   POWER R4_NBAND_w4 delta=0.2 (507s)
   POWER R4_NBAND_w4 delta=0.4 (519s)
   POWER R4_NBAND_w4 delta=0.8 (532s)
   POWER R4_NBAND_w4 delta=1.6 (544s)
   POWER R5_PERCLASS delta=0.0 (556s)
   POWER R5_PERCLASS delta=0.1 (569s)
   POWER R5_PERCLASS delta=0.2 (581s)
   POWER R5_PERCLASS delta=0.4 (593s)
   POWER R5_PERCLASS delta=0.8 (606s)
   POWER R5_PERCLASS delta=1.6 (618s)
   POWER R6_TWIST_AND_NBAND_w2 delta=0.0 (631s)
   POWER R6_TWIST_AND_NBAND_w2 delta=0.1 (644s)
   POWER R6_TWIST_AND_NBAND_w2 delta=0.2 (657s)
   POWER R6_TWIST_AND_NBAND_w2 delta=0.4 (670s)
   POWER R6_TWIST_AND_NBAND_w2 delta=0.8 (683s)
   POWER R6_TWIST_AND_NBAND_w2 delta=1.6 (695s)
   NSURR order (695s)
   NSURR full_liftable (696s)
   NSURR liftable_density_W125 (696s)
   NSURR liftable_density_W250 (696s)
   NSURR liftable_density_W500 (696s)
   NSURR liftable_density_W1000 (696s)
   NSURR liftable_density_W2000 (697s)
   NSURR liftable_density_W4001 (697s)
   NSURR two_torsion_x (697s)
   NSURR sumset_m2 (697s)
   NSURR sumset_m3 (697s)
   NSURR sumset_eff_m2 (697s)
   NSURR sumset_eff_m3 (698s)
   NSURR decomp_rate_m2 (698s)
   NSURR decomp_rate_m3 (698s)
   NSURR decomp_efficiency_m2 (698s)
   NSURR decomp_efficiency_m3 (698s)
   NSURR s3_support (699s)
   controls in 623.9 s
   exact 99% Binomial(200,0.05) acceptance = [3,19]
   R0_FREE                  NULLOBJ rej= 15 size=0.075 in=True  | SIZE0 rej= 10 in=True  | power@0.8=1.000 delta*=0.2
   R1_TWIST                 NULLOBJ rej=  9 size=0.045 in=True  | SIZE0 rej=  5 in=True  | power@0.8=1.000 delta*=0.2
   R2_NBAND_w2              NULLOBJ rej=  9 size=0.045 in=True  | SIZE0 rej=  8 in=True  | power@0.8=1.000 delta*=0.2
   R3_NBAND_w3              NULLOBJ rej=  9 size=0.045 in=True  | SIZE0 rej= 11 in=True  | power@0.8=1.000 delta*=0.2
   R4_NBAND_w4              NULLOBJ rej= 15 size=0.075 in=True  | SIZE0 rej=  0 in=False | power@0.8=0.000 delta*=None
   R5_PERCLASS              NULLOBJ rej= 16 size=0.080 in=True  | SIZE0 rej=  0 in=False | power@0.8=0.000 delta*=None
   R6_TWIST_AND_NBAND_w2    NULLOBJ rej=  9 size=0.045 in=True  | SIZE0 rej=  8 in=True  | power@0.8=1.000 delta*=0.4
-- tail checks --
   PASS R5_PERCLASS p_lower EXACTLY 1.0, every functional
   PASS `order` T_obs exactly 0.0 at every rung
   PASS full_liftable == (order - 1 + two_torsion_x)//2 per curve
   FAIL no p-value exactly 0.0 or 1.0 outside a degenerate rung
   PASS smallest p_lower >= 1/(1+B) = 9.999000099990002e-05
   PASS closed-form null mean within 3 MC standard errors of the empirical mean for `order` and `full_liftable` at every rung
   PASS CTRL-NULLOBJ most extreme replicate consistent with 200 Uniform(0,1) draws
   PASS T_obs is invariant to the array shape it is computed in (self-check for the defect that produced RUN-INSTR-85b102-poolB)
   PASS Delta_max non-increasing along R0 -> R2 -> R3 -> R4 -> R5
