[2026-08-01T23:45:45+00:00] driver sha256 = 786aeb0550d75fa3d0785aefbe50b121a24cacae584a4cadd79902c464722d65
[2026-08-01T23:45:45+00:00] driver sha256 matches the frozen DRIVER_SHA256; import permitted
[2026-08-01T23:45:46+00:00] cell bits=16: p=46663 X=2177435569 Bsm(u=4)=256 Bsm(u=6)=40
[2026-08-01T23:46:15+00:00]   base: 20 uniform replicates re-drawn and factored (2616320 factorizations, verified fraction 1.000000, 29s)
[2026-08-01T23:46:15+00:00]   ANCHOR bits=16: replicate 0 bit-for-bit OK; all 20 base replicates match the archived series; index alignment OK
[2026-08-01T23:46:15+00:00]   OBJ-PLANT-SMOOTH bits=16 gamma=0.0005: plants=1300 max_z=5.464882724729984 exceed=0 ins=0 evi=0 (29s)
[2026-08-01T23:46:15+00:00]   OBJ-PLANT-SMOOTH bits=16 gamma=0.001: plants=2620 max_z=5.470013916989281 exceed=0 ins=0 evi=0 (29s)
[2026-08-01T23:46:15+00:00]   OBJ-PLANT-SMOOTH bits=16 gamma=0.002: plants=5240 max_z=5.339580919538038 exceed=0 ins=0 evi=0 (29s)
[2026-08-01T23:46:16+00:00]   OBJ-PLANT-SMOOTH bits=16 gamma=0.005: plants=13080 max_z=5.373178040695346 exceed=0 ins=0 evi=0 (30s)
[2026-08-01T23:46:17+00:00]   OBJ-PLANT-SMOOTH bits=16 gamma=0.01: plants=26160 max_z=5.955368914587463 exceed=0 ins=0 evi=5 (32s)
[2026-08-01T23:46:20+00:00]   OBJ-PLANT-SMOOTH bits=16 gamma=0.02: plants=52320 max_z=5.922395609667227 exceed=0 ins=0 evi=5 (34s)
[2026-08-01T23:46:26+00:00]   OBJ-PLANT-SMOOTH bits=16 gamma=0.05: plants=130820 max_z=5.936051910051658 exceed=1 ins=1 evi=11 (40s)
[2026-08-01T23:46:26+00:00]   OBJ-PLANT-ROUGH bits=16 gamma=0.0005: plants=1299 max_z=1.9709731547729847 exceed=0 ins=0 evi=0 (40s)
[2026-08-01T23:46:26+00:00]   OBJ-PLANT-ROUGH bits=16 gamma=0.001: plants=2616 max_z=1.9825717482929837 exceed=0 ins=0 evi=0 (41s)
[2026-08-01T23:46:27+00:00]   OBJ-PLANT-ROUGH bits=16 gamma=0.002: plants=5231 max_z=1.968419683834739 exceed=0 ins=0 evi=1 (41s)
[2026-08-01T23:46:27+00:00]   OBJ-PLANT-ROUGH bits=16 gamma=0.005: plants=13051 max_z=1.9831439196210137 exceed=0 ins=0 evi=1 (41s)
[2026-08-01T23:46:28+00:00]   OBJ-PLANT-ROUGH bits=16 gamma=0.01: plants=26124 max_z=1.9897546748097001 exceed=0 ins=0 evi=1 (42s)
[2026-08-01T23:46:30+00:00]   OBJ-PLANT-ROUGH bits=16 gamma=0.02: plants=52258 max_z=1.9898868490159085 exceed=0 ins=0 evi=10 (44s)
[2026-08-01T23:46:34+00:00]   OBJ-PLANT-ROUGH bits=16 gamma=0.05: plants=130638 max_z=1.9941869527759615 exceed=0 ins=0 evi=7 (48s)
[2026-08-01T23:46:35+00:00] cell bits=20: p=767551 X=589134537601 Bsm(u=4)=1024 Bsm(u=6)=102
[2026-08-01T23:48:01+00:00]   base: 20 uniform replicates re-drawn and factored (2616320 factorizations, verified fraction 1.000000, 135s)
[2026-08-01T23:48:01+00:00]   ANCHOR bits=20: replicate 0 bit-for-bit OK; all 20 base replicates match the archived series; index alignment OK
[2026-08-01T23:48:01+00:00]   OBJ-PLANT-SMOOTH bits=20 gamma=0.0005: plants=1300 max_z=4.822802893412333 exceed=0 ins=0 evi=0 (135s)
[2026-08-01T23:48:01+00:00]   OBJ-PLANT-SMOOTH bits=20 gamma=0.001: plants=2620 max_z=5.280501633495319 exceed=0 ins=0 evi=0 (135s)
[2026-08-01T23:48:01+00:00]   OBJ-PLANT-SMOOTH bits=20 gamma=0.002: plants=5240 max_z=5.043937606864027 exceed=0 ins=0 evi=0 (136s)
[2026-08-01T23:48:02+00:00]   OBJ-PLANT-SMOOTH bits=20 gamma=0.005: plants=13080 max_z=5.268310846662707 exceed=0 ins=0 evi=1 (136s)
[2026-08-01T23:48:04+00:00]   OBJ-PLANT-SMOOTH bits=20 gamma=0.01: plants=26160 max_z=5.721393924176731 exceed=0 ins=0 evi=6 (138s)
[2026-08-01T23:48:07+00:00]   OBJ-PLANT-SMOOTH bits=20 gamma=0.02: plants=52320 max_z=6.91606451193366 exceed=1 ins=1 evi=4 (141s)
[2026-08-01T23:48:14+00:00]   OBJ-PLANT-SMOOTH bits=20 gamma=0.05: plants=130820 max_z=6.031412202025096 exceed=1 ins=1 evi=8 (148s)
[2026-08-01T23:48:14+00:00]   OBJ-PLANT-ROUGH bits=20 gamma=0.0005: plants=1299 max_z=1.9722982499843822 exceed=0 ins=0 evi=0 (148s)
[2026-08-01T23:48:14+00:00]   OBJ-PLANT-ROUGH bits=20 gamma=0.001: plants=2620 max_z=1.9706378768142276 exceed=0 ins=0 evi=0 (148s)
[2026-08-01T23:48:14+00:00]   OBJ-PLANT-ROUGH bits=20 gamma=0.002: plants=5240 max_z=1.9839970333369719 exceed=0 ins=0 evi=0 (149s)
[2026-08-01T23:48:15+00:00]   OBJ-PLANT-ROUGH bits=20 gamma=0.005: plants=13077 max_z=1.9901858443446931 exceed=0 ins=0 evi=2 (149s)
[2026-08-01T23:48:16+00:00]   OBJ-PLANT-ROUGH bits=20 gamma=0.01: plants=26157 max_z=1.9912982682424212 exceed=0 ins=0 evi=3 (151s)
[2026-08-01T23:48:19+00:00]   OBJ-PLANT-ROUGH bits=20 gamma=0.02: plants=52315 max_z=1.9937258758089682 exceed=0 ins=0 evi=4 (153s)
[2026-08-01T23:48:25+00:00]   OBJ-PLANT-ROUGH bits=20 gamma=0.05: plants=130811 max_z=1.994781310510841 exceed=0 ins=0 evi=10 (159s)

=== PER (family, cell, rung) SUMMARY -- generated from the arrays ===
family             bits   gamma   plants      max_Z  exceed   ins   evi  Bsm6smooth  roughOK
OBJ-PLANT-SMOOTH     16  0.0005     1300   5.464883       0     0     0           0     None
OBJ-PLANT-SMOOTH     16  0.0010     2620   5.470014       0     0     0           0     None
OBJ-PLANT-SMOOTH     16  0.0020     5240   5.339581       0     0     0           1     None
OBJ-PLANT-SMOOTH     16  0.0050    13080   5.373178       0     0     0           0     None
OBJ-PLANT-SMOOTH     16  0.0100    26160   5.955369       0     0     5           3     None
OBJ-PLANT-SMOOTH     16  0.0200    52320   5.922396       0     0     5           1     None
OBJ-PLANT-SMOOTH     16  0.0500   130820   5.936052       1     1    11          10     None
OBJ-PLANT-ROUGH      16  0.0005     1299   1.970973       0     0     0           0     True
OBJ-PLANT-ROUGH      16  0.0010     2616   1.982572       0     0     0           0     True
OBJ-PLANT-ROUGH      16  0.0020     5231   1.968420       0     0     1           0     True
OBJ-PLANT-ROUGH      16  0.0050    13051   1.983144       0     0     1           0     True
OBJ-PLANT-ROUGH      16  0.0100    26124   1.989755       0     0     1           0     True
OBJ-PLANT-ROUGH      16  0.0200    52258   1.989887       0     0    10           0     True
OBJ-PLANT-ROUGH      16  0.0500   130638   1.994187       0     0     7           0     True
OBJ-PLANT-SMOOTH     20  0.0005     1300   4.822803       0     0     0           0     None
OBJ-PLANT-SMOOTH     20  0.0010     2620   5.280502       0     0     0           0     None
OBJ-PLANT-SMOOTH     20  0.0020     5240   5.043938       0     0     0           0     None
OBJ-PLANT-SMOOTH     20  0.0050    13080   5.268311       0     0     1           0     None
OBJ-PLANT-SMOOTH     20  0.0100    26160   5.721394       0     0     6           1     None
OBJ-PLANT-SMOOTH     20  0.0200    52320   6.916065       1     1     4           1     None
OBJ-PLANT-SMOOTH     20  0.0500   130820   6.031412       1     1     8           1     None
OBJ-PLANT-ROUGH      20  0.0005     1299   1.972298       0     0     0           0     True
OBJ-PLANT-ROUGH      20  0.0010     2620   1.970638       0     0     0           0     True
OBJ-PLANT-ROUGH      20  0.0020     5240   1.983997       0     0     0           0     True
OBJ-PLANT-ROUGH      20  0.0050    13077   1.990186       0     0     2           0     True
OBJ-PLANT-ROUGH      20  0.0100    26157   1.991298       0     0     3           0     True
OBJ-PLANT-ROUGH      20  0.0200    52315   1.993726       0     0     4           0     True
OBJ-PLANT-ROUGH      20  0.0500   130811   1.994781       0     0    10           0     True

=== EVICTION / INSERTION COUNTS (quotient is arithmetic only) ===
ALL                                        evictions=    79 insertions=     3 quotient= 26.3333 overwritten=    76 promoted=    76 slots=  5600
OBJ-PLANT-SMOOTH                           evictions=    40 insertions=     3 quotient= 13.3333 overwritten=    37 promoted=    37 slots=  2800
OBJ-PLANT-ROUGH                            evictions=    39 insertions=     0 quotient=     n/a overwritten=    39 promoted=    39 slots=  2800
OBJ-PLANT-SMOOTH gamma<=0.05               evictions=    40 insertions=     3 quotient= 13.3333 overwritten=    37 promoted=    37 slots=  2800
OBJ-PLANT-ROUGH gamma<=0.05                evictions=    39 insertions=     0 quotient=     n/a overwritten=    39 promoted=    39 slots=  2800

=== ROUGH STRUCTURAL BOUND ===
{
  "plants_checked": 462736,
  "violations_total": {
    "q_not_above_p": 0,
    "q_does_not_divide": 0,
    "r_not_below_q": 0,
    "r_exceeds_v_over_q": 0,
    "z_not_below_2": 0
  },
  "max_plant_z_over_all_rough_blocks": 1.994781310510841,
  "bound_holds_on_every_regenerated_rough_value": true
}

=== COUNTEREXAMPLE CHECK ===
{
  "locus": {
    "family": "OBJ-PLANT-SMOOTH",
    "bits": 20,
    "gamma": 0.05,
    "replicate": 0
  },
  "reported_plant_z_rounded": 6.0314,
  "regenerated_max_plant_z": 6.031412202025096,
  "regenerated_max_plant_z_rounded_to_4dp": 6.0314,
  "max_plant_z_matches_report_at_4dp": true,
  "reported_null_t_deep": 5.762382565494627,
  "regenerated_null_t_deep": 5.762382565494627,
  "null_t_deep_bit_for_bit": true,
  "reported_plant_t_deep": 5.824044507159416,
  "regenerated_plant_t_deep": 5.824044507159416,
  "plant_t_deep_bit_for_bit": true,
  "planted_t_deep_minus_null_t_deep": 0.06166194166478878,
  "plants_exceeding_null_t_deep": 1,
  "deep_tail_insertions": 1,
  "deep_tail_evictions": 1
}

=== ANCHOR ===
{
  "16": {
    "replicate0_t_deep_regenerated": 6.060618052804848,
    "replicate0_t_deep_archived": 6.060618052804848,
    "replicate0_ks_dick_regenerated": 0.04919123043052837,
    "replicate0_ks_dick_archived": 0.04919123043052837,
    "replicate0_bit_for_bit": true,
    "all_20_base_replicates_bit_for_bit_vs_archived_series": true,
    "index_aligned_tenth_largest_equals_STAT_TAIL_DEEP": true,
    "base_factorizations": 2616320,
    "base_factorization_verified_fraction": 1.0
  },
  "20": {
    "replicate0_t_deep_regenerated": 5.762382565494627,
    "replicate0_t_deep_archived": 5.762382565494627,
    "replicate0_ks_dick_regenerated": 0.038236912915851275,
    "replicate0_ks_dick_archived": 0.038236912915851275,
    "replicate0_bit_for_bit": true,
    "all_20_base_replicates_bit_for_bit_vs_archived_series": true,
    "index_aligned_tenth_largest_equals_STAT_TAIL_DEEP": true,
    "base_factorizations": 2616320,
    "base_factorization_verified_fraction": 1.0
  }
}
[2026-08-01T23:48:25+00:00] status=completed_valid wall_clock=160.1s peak_rss_gb=0.163 real_object_touched=False
[2026-08-01T23:48:25+00:00] report -> experiments/EXP-LPF-001/results/plantz/plant_z_tail_report.json
[2026-08-01T23:48:25+00:00] raw    -> experiments/EXP-LPF-001/runs/RUN-LPF-001-plantz/raw-result.json
