real 30.26
user 30.06
sys 0.10
            95092736  maximum resident set size
                   0  average shared memory size
                   0  average unshared data size
                   0  average unshared stack size
               29414  page reclaims
                  22  page faults
                   0  swaps
                   0  block input operations
                   0  block output operations
                   0  messages sent
                   0  messages received
                   0  signals received
                   0  voluntary context switches
                 866  involuntary context switches
        646842119139  instructions retired
        119981987777  cycles elapsed
            83296712  peak memory footprint
