[     16s] main 32b c70 ic_m4 subgroup search completed_valid t=1.4s
[     16s] main 32b c70 ic_m4 dickson search completed_valid t=1.5s
[     16s] main 32b c70 ic_m4 small_x search completed_valid t=1.3s
[     16s] main 32b c70 ic_m4 random_sub_r0 search completed_valid t=1.5s
[     16s] main 32b c70 ic_m4 random_sub_r1 search completed_valid t=1.4s
[     16s] main 32b c70 ic_m4 random_sub_r2 search completed_valid t=1.4s
[     16s] main 32b c70 ic_m4 known_null_sub search completed_valid t=1.4s
[     16s] main 32b c70 ic_m4 random_dick_r0 search completed_valid t=1.5s
[     16s] main 32b c70 ic_m4 random_dick_r1 search completed_valid t=1.3s
[     16s] main 32b c70 ic_m4 random_dick_r2 search completed_valid t=1.4s
[     16s] main 32b c70 ic_m4 known_null_dick search completed_valid t=1.4s
[     34s] main 32b c71 ic_m4 subgroup search completed_valid t=1.6s
[     34s] main 32b c71 ic_m4 dickson search completed_valid t=1.6s
[     34s] main 32b c71 ic_m4 small_x search completed_valid t=1.7s
[     34s] main 32b c71 ic_m4 random_sub_r0 search completed_valid t=1.6s
[     34s] main 32b c71 ic_m4 random_sub_r1 search completed_valid t=1.5s
[     34s] main 32b c71 ic_m4 random_sub_r2 search completed_valid t=1.7s
[     34s] main 32b c71 ic_m4 known_null_sub search completed_valid t=1.5s
[     34s] main 32b c71 ic_m4 random_dick_r0 search completed_valid t=1.7s
[     34s] main 32b c71 ic_m4 random_dick_r1 search completed_valid t=1.6s
[     34s] main 32b c71 ic_m4 random_dick_r2 search completed_valid t=1.8s
[     34s] main 32b c71 ic_m4 known_null_dick search completed_valid t=1.7s
[     54s] main 32b c72 ic_m4 subgroup search completed_valid t=1.7s
[     54s] main 32b c72 ic_m4 dickson search completed_valid t=1.9s
[     54s] main 32b c72 ic_m4 small_x search completed_valid t=1.7s
[     54s] main 32b c72 ic_m4 random_sub_r0 search completed_valid t=1.6s
[     54s] main 32b c72 ic_m4 random_sub_r1 search completed_valid t=1.8s
[     54s] main 32b c72 ic_m4 random_sub_r2 search completed_valid t=1.7s
[     54s] main 32b c72 ic_m4 known_null_sub search completed_valid t=1.8s
[     54s] main 32b c72 ic_m4 random_dick_r0 search completed_valid t=2.0s
[     54s] main 32b c72 ic_m4 random_dick_r1 search completed_valid t=1.8s
[     54s] main 32b c72 ic_m4 random_dick_r2 search completed_valid t=1.9s
[     54s] main 32b c72 ic_m4 known_null_dick search completed_valid t=1.9s
[     70s] main 32b c73 ic_m4 subgroup search completed_valid t=1.3s
[     70s] main 32b c73 ic_m4 dickson search completed_valid t=1.5s
[     70s] main 32b c73 ic_m4 small_x search completed_valid t=1.3s
[     70s] main 32b c73 ic_m4 random_sub_r0 search completed_valid t=1.5s
[     70s] main 32b c73 ic_m4 random_sub_r1 search completed_valid t=1.3s
[     70s] main 32b c73 ic_m4 random_sub_r2 search completed_valid t=1.3s
[     70s] main 32b c73 ic_m4 known_null_sub search completed_valid t=1.4s
[     70s] main 32b c73 ic_m4 random_dick_r0 search completed_valid t=1.4s
[     70s] main 32b c73 ic_m4 random_dick_r1 search completed_valid t=1.6s
[     70s] main 32b c73 ic_m4 random_dick_r2 search completed_valid t=1.5s
[     70s] main 32b c73 ic_m4 known_null_dick search completed_valid t=1.5s
[     85s] main 32b c74 ic_m4 subgroup search completed_valid t=1.3s
[     85s] main 32b c74 ic_m4 dickson search completed_valid t=1.4s
[     85s] main 32b c74 ic_m4 small_x search completed_valid t=1.3s
[     85s] main 32b c74 ic_m4 random_sub_r0 search completed_valid t=1.3s
[     85s] main 32b c74 ic_m4 random_sub_r1 search completed_valid t=1.2s
[     85s] main 32b c74 ic_m4 random_sub_r2 search completed_valid t=1.4s
[     85s] main 32b c74 ic_m4 known_null_sub search completed_valid t=1.4s
[     85s] main 32b c74 ic_m4 random_dick_r0 search completed_valid t=1.4s
[     85s] main 32b c74 ic_m4 random_dick_r1 search completed_valid t=1.6s
[     85s] main 32b c74 ic_m4 random_dick_r2 search completed_valid t=1.4s
[     85s] main 32b c74 ic_m4 known_null_dick search completed_valid t=1.4s
[    102s] main 32b c75 ic_m4 subgroup search completed_valid t=1.5s
[    102s] main 32b c75 ic_m4 dickson search completed_valid t=1.6s
[    102s] main 32b c75 ic_m4 small_x search completed_valid t=1.6s
[    102s] main 32b c75 ic_m4 random_sub_r0 search completed_valid t=1.5s
[    102s] main 32b c75 ic_m4 random_sub_r1 search completed_valid t=1.5s
[    102s] main 32b c75 ic_m4 random_sub_r2 search completed_valid t=1.5s
[    102s] main 32b c75 ic_m4 known_null_sub search completed_valid t=1.6s
[    102s] main 32b c75 ic_m4 random_dick_r0 search completed_valid t=1.6s
[    102s] main 32b c75 ic_m4 random_dick_r1 search completed_valid t=1.4s
[    102s] main 32b c75 ic_m4 random_dick_r2 search completed_valid t=1.3s
[    102s] main 32b c75 ic_m4 known_null_dick search completed_valid t=1.4s
[    118s] main 32b c76 ic_m4 subgroup search completed_valid t=1.3s
[    118s] main 32b c76 ic_m4 dickson search completed_valid t=1.4s
[    118s] main 32b c76 ic_m4 small_x search completed_valid t=1.5s
[    118s] main 32b c76 ic_m4 random_sub_r0 search completed_valid t=1.6s
[    118s] main 32b c76 ic_m4 random_sub_r1 search completed_valid t=1.5s
[    118s] main 32b c76 ic_m4 random_sub_r2 search completed_valid t=1.6s
[    118s] main 32b c76 ic_m4 known_null_sub search completed_valid t=1.6s
[    118s] main 32b c76 ic_m4 random_dick_r0 search completed_valid t=1.4s
[    118s] main 32b c76 ic_m4 random_dick_r1 search completed_valid t=1.3s
[    118s] main 32b c76 ic_m4 random_dick_r2 search completed_valid t=1.4s
[    118s] main 32b c76 ic_m4 known_null_dick search completed_valid t=1.5s
[    138s] main 32b c77 ic_m4 subgroup search completed_valid t=1.6s
[    138s] main 32b c77 ic_m4 dickson search completed_valid t=1.6s
[    138s] main 32b c77 ic_m4 small_x search completed_valid t=1.8s
[    138s] main 32b c77 ic_m4 random_sub_r0 search completed_valid t=1.8s
[    138s] main 32b c77 ic_m4 random_sub_r1 search completed_valid t=1.7s
[    138s] main 32b c77 ic_m4 random_sub_r2 search completed_valid t=1.7s
[    138s] main 32b c77 ic_m4 known_null_sub search completed_valid t=1.6s
[    138s] main 32b c77 ic_m4 random_dick_r0 search completed_valid t=1.7s
[    138s] main 32b c77 ic_m4 random_dick_r1 search completed_valid t=1.7s
[    138s] main 32b c77 ic_m4 random_dick_r2 search completed_valid t=1.7s
[    138s] main 32b c77 ic_m4 known_null_dick search completed_valid t=1.7s
[    155s] main 32b c78 ic_m4 subgroup search completed_valid t=1.5s
[    155s] main 32b c78 ic_m4 dickson search completed_valid t=1.9s
[    155s] main 32b c78 ic_m4 small_x search completed_valid t=1.9s
[    155s] main 32b c78 ic_m4 random_sub_r0 search completed_valid t=1.5s
[    155s] main 32b c78 ic_m4 random_sub_r1 search completed_valid t=1.4s
[    155s] main 32b c78 ic_m4 random_sub_r2 search completed_valid t=1.5s
[    155s] main 32b c78 ic_m4 known_null_sub search completed_valid t=1.6s
[    155s] main 32b c78 ic_m4 random_dick_r0 search completed_valid t=1.5s
[    155s] main 32b c78 ic_m4 random_dick_r1 search completed_valid t=1.5s
[    155s] main 32b c78 ic_m4 random_dick_r2 search completed_valid t=1.4s
[    155s] main 32b c78 ic_m4 known_null_dick search completed_valid t=1.5s
[    175s] main 32b c79 ic_m4 subgroup search completed_valid t=1.7s
[    175s] main 32b c79 ic_m4 dickson search completed_valid t=2.0s
[    175s] main 32b c79 ic_m4 small_x search completed_valid t=1.9s
[    175s] main 32b c79 ic_m4 random_sub_r0 search completed_valid t=1.7s
[    175s] main 32b c79 ic_m4 random_sub_r1 search completed_valid t=1.6s
[    175s] main 32b c79 ic_m4 random_sub_r2 search completed_valid t=1.6s
[    175s] main 32b c79 ic_m4 known_null_sub search completed_valid t=1.6s
[    175s] main 32b c79 ic_m4 random_dick_r0 search completed_valid t=1.6s
[    175s] main 32b c79 ic_m4 random_dick_r1 search completed_valid t=1.8s
[    175s] main 32b c79 ic_m4 random_dick_r2 search completed_valid t=2.1s
[    175s] main 32b c79 ic_m4 known_null_dick search completed_valid t=2.1s
