{
  "experiment_id": "EXP-BINSTD-38e4ad",
  "stage": 2,
  "arm": "ordinary_curve_control",
  "seed": 2026100122,
  "run_id": "RUN-BINSTD-1041c0",
  "curve": "y^2+xy=x^3+x^2+t",
  "A": 1,
  "B": "t",
  "B_int": 2,
  "group_order_E_measured": 131586,
  "n_targets": 40,
  "n_sigma_R_on_curve": 0,
  "n_squared_tuples": 7,
  "n_squared_in_S_sigma": 0,
  "equivariance_agreement": 0.0,
  "ordinary_curve_equivariance_fails": true,
  "note": "b=t not in F_2; Frobenius is not an endomorphism of E. Squared tuples must fail to lie in S(sigma(R)) for E. MEASURED.",
  "label": "MEASURED",
  "no_deployed_curve_break_claimed": true
}
