[      0s] main 32b c2810 ic_m4 subgroup table completed_valid t=0.1s
[      0s] main 32b c2810 ic_m4 small_x table completed_valid t=0.0s
[      0s] main 32b c2810 ic_m4 random_sub_r0 table completed_valid t=0.0s
[      0s] main 32b c2810 ic_m4 random_sub_r1 table completed_valid t=0.0s
[      0s] main 32b c2810 ic_m4 random_sub_r2 table completed_valid t=0.0s
[      0s] main 32b c2810 ic_m4 known_null_sub table completed_valid t=0.0s
[      0s] main 32b c2810 ic_m4 planted_sub table completed_valid t=0.0s
[      0s] main 32b c2810 ic_m4 small_x_offset table completed_valid t=0.0s
[      1s] main 32b c2811 ic_m4 subgroup table completed_valid t=0.0s
[      1s] main 32b c2811 ic_m4 small_x table completed_valid t=0.0s
[      1s] main 32b c2811 ic_m4 random_sub_r0 table completed_valid t=0.0s
[      1s] main 32b c2811 ic_m4 random_sub_r1 table completed_valid t=0.0s
[      1s] main 32b c2811 ic_m4 random_sub_r2 table completed_valid t=0.0s
[      1s] main 32b c2811 ic_m4 known_null_sub table completed_valid t=0.0s
[      1s] main 32b c2811 ic_m4 planted_sub table completed_valid t=0.0s
[      1s] main 32b c2811 ic_m4 small_x_offset table completed_valid t=0.0s
[      1s] main 32b c2812 ic_m4 subgroup table completed_valid t=0.0s
[      1s] main 32b c2812 ic_m4 small_x table completed_valid t=0.0s
[      1s] main 32b c2812 ic_m4 random_sub_r0 table completed_valid t=0.0s
[      1s] main 32b c2812 ic_m4 random_sub_r1 table completed_valid t=0.0s
[      1s] main 32b c2812 ic_m4 random_sub_r2 table completed_valid t=0.0s
[      1s] main 32b c2812 ic_m4 known_null_sub table completed_valid t=0.0s
[      1s] main 32b c2812 ic_m4 planted_sub table completed_valid t=0.0s
[      1s] main 32b c2812 ic_m4 small_x_offset table completed_valid t=0.0s
[      1s] main 32b c2813 ic_m4 subgroup table completed_valid t=0.0s
[      1s] main 32b c2813 ic_m4 small_x table completed_valid t=0.0s
[      1s] main 32b c2813 ic_m4 random_sub_r0 table completed_valid t=0.0s
[      1s] main 32b c2813 ic_m4 random_sub_r1 table completed_valid t=0.0s
[      1s] main 32b c2813 ic_m4 random_sub_r2 table completed_valid t=0.0s
[      1s] main 32b c2813 ic_m4 known_null_sub table completed_valid t=0.0s
[      1s] main 32b c2813 ic_m4 planted_sub table completed_valid t=0.0s
[      1s] main 32b c2813 ic_m4 small_x_offset table completed_valid t=0.0s
[      2s] main 32b c2814 ic_m4 subgroup table completed_valid t=0.0s
[      2s] main 32b c2814 ic_m4 small_x table completed_valid t=0.0s
[      2s] main 32b c2814 ic_m4 random_sub_r0 table completed_valid t=0.0s
[      2s] main 32b c2814 ic_m4 random_sub_r1 table completed_valid t=0.0s
[      2s] main 32b c2814 ic_m4 random_sub_r2 table completed_valid t=0.0s
[      2s] main 32b c2814 ic_m4 known_null_sub table completed_valid t=0.0s
[      2s] main 32b c2814 ic_m4 planted_sub table completed_valid t=0.0s
[      2s] main 32b c2814 ic_m4 small_x_offset table completed_valid t=0.0s
[      2s] main 32b c2815 ic_m4 subgroup table completed_valid t=0.0s
[      2s] main 32b c2815 ic_m4 small_x table completed_valid t=0.0s
[      2s] main 32b c2815 ic_m4 random_sub_r0 table completed_valid t=0.0s
[      2s] main 32b c2815 ic_m4 random_sub_r1 table completed_valid t=0.0s
[      2s] main 32b c2815 ic_m4 random_sub_r2 table completed_valid t=0.0s
[      2s] main 32b c2815 ic_m4 known_null_sub table completed_valid t=0.0s
[      2s] main 32b c2815 ic_m4 planted_sub table completed_valid t=0.0s
[      2s] main 32b c2815 ic_m4 small_x_offset table completed_valid t=0.0s
[      3s] main 32b c2816 ic_m4 subgroup table completed_valid t=0.0s
[      3s] main 32b c2816 ic_m4 small_x table completed_valid t=0.1s
[      3s] main 32b c2816 ic_m4 random_sub_r0 table completed_valid t=0.1s
[      3s] main 32b c2816 ic_m4 random_sub_r1 table completed_valid t=0.0s
[      3s] main 32b c2816 ic_m4 random_sub_r2 table completed_valid t=0.0s
[      3s] main 32b c2816 ic_m4 known_null_sub table completed_valid t=0.0s
[      3s] main 32b c2816 ic_m4 planted_sub table completed_valid t=0.0s
[      3s] main 32b c2816 ic_m4 small_x_offset table completed_valid t=0.0s
[      3s] main 32b c2817 ic_m4 subgroup table completed_valid t=0.0s
[      3s] main 32b c2817 ic_m4 small_x table completed_valid t=0.0s
[      3s] main 32b c2817 ic_m4 random_sub_r0 table completed_valid t=0.0s
[      3s] main 32b c2817 ic_m4 random_sub_r1 table completed_valid t=0.0s
[      3s] main 32b c2817 ic_m4 random_sub_r2 table completed_valid t=0.0s
[      3s] main 32b c2817 ic_m4 known_null_sub table completed_valid t=0.0s
[      3s] main 32b c2817 ic_m4 planted_sub table completed_valid t=0.0s
[      3s] main 32b c2817 ic_m4 small_x_offset table completed_valid t=0.0s
[      4s] main 32b c2818 ic_m4 subgroup table completed_valid t=0.0s
[      4s] main 32b c2818 ic_m4 small_x table completed_valid t=0.0s
[      4s] main 32b c2818 ic_m4 random_sub_r0 table completed_valid t=0.0s
[      4s] main 32b c2818 ic_m4 random_sub_r1 table completed_valid t=0.0s
[      4s] main 32b c2818 ic_m4 random_sub_r2 table completed_valid t=0.0s
[      4s] main 32b c2818 ic_m4 known_null_sub table completed_valid t=0.0s
[      4s] main 32b c2818 ic_m4 planted_sub table completed_valid t=0.0s
[      4s] main 32b c2818 ic_m4 small_x_offset table completed_valid t=0.0s
[      4s] main 32b c2819 ic_m4 subgroup table completed_valid t=0.0s
[      4s] main 32b c2819 ic_m4 small_x table completed_valid t=0.0s
[      4s] main 32b c2819 ic_m4 random_sub_r0 table completed_valid t=0.0s
[      4s] main 32b c2819 ic_m4 random_sub_r1 table completed_valid t=0.0s
[      4s] main 32b c2819 ic_m4 random_sub_r2 table completed_valid t=0.0s
[      4s] main 32b c2819 ic_m4 known_null_sub table completed_valid t=0.0s
[      4s] main 32b c2819 ic_m4 planted_sub table completed_valid t=0.0s
[      4s] main 32b c2819 ic_m4 small_x_offset table completed_valid t=0.0s
[      5s] main 32b c2820 ic_m4 subgroup table completed_valid t=0.0s
[      5s] main 32b c2820 ic_m4 small_x table completed_valid t=0.0s
[      5s] main 32b c2820 ic_m4 random_sub_r0 table completed_valid t=0.1s
[      5s] main 32b c2820 ic_m4 random_sub_r1 table completed_valid t=0.0s
[      5s] main 32b c2820 ic_m4 random_sub_r2 table completed_valid t=0.0s
[      5s] main 32b c2820 ic_m4 known_null_sub table completed_valid t=0.0s
[      5s] main 32b c2820 ic_m4 planted_sub table completed_valid t=0.0s
[      5s] main 32b c2820 ic_m4 small_x_offset table completed_valid t=0.0s
[      5s] main 32b c2821 ic_m4 subgroup table completed_valid t=0.0s
[      5s] main 32b c2821 ic_m4 small_x table completed_valid t=0.0s
[      5s] main 32b c2821 ic_m4 random_sub_r0 table completed_valid t=0.0s
[      5s] main 32b c2821 ic_m4 random_sub_r1 table completed_valid t=0.0s
[      5s] main 32b c2821 ic_m4 random_sub_r2 table completed_valid t=0.0s
[      5s] main 32b c2821 ic_m4 known_null_sub table completed_valid t=0.1s
[      5s] main 32b c2821 ic_m4 planted_sub table completed_valid t=0.1s
[      5s] main 32b c2821 ic_m4 small_x_offset table completed_valid t=0.1s
[      6s] main 32b c2822 ic_m4 subgroup table completed_valid t=0.1s
[      6s] main 32b c2822 ic_m4 small_x table completed_valid t=0.0s
[      6s] main 32b c2822 ic_m4 random_sub_r0 table completed_valid t=0.0s
[      6s] main 32b c2822 ic_m4 random_sub_r1 table completed_valid t=0.0s
[      6s] main 32b c2822 ic_m4 random_sub_r2 table completed_valid t=0.0s
[      6s] main 32b c2822 ic_m4 known_null_sub table completed_valid t=0.0s
[      6s] main 32b c2822 ic_m4 planted_sub table completed_valid t=0.0s
[      6s] main 32b c2822 ic_m4 small_x_offset table completed_valid t=0.0s
[      6s] main 32b c2823 ic_m4 subgroup table completed_valid t=0.0s
[      6s] main 32b c2823 ic_m4 small_x table completed_valid t=0.0s
[      6s] main 32b c2823 ic_m4 random_sub_r0 table completed_valid t=0.0s
[      6s] main 32b c2823 ic_m4 random_sub_r1 table completed_valid t=0.0s
[      6s] main 32b c2823 ic_m4 random_sub_r2 table completed_valid t=0.0s
[      6s] main 32b c2823 ic_m4 known_null_sub table completed_valid t=0.0s
[      6s] main 32b c2823 ic_m4 planted_sub table completed_valid t=0.0s
[      6s] main 32b c2823 ic_m4 small_x_offset table completed_valid t=0.0s
[      6s] main 32b c2824 ic_m4 subgroup table completed_valid t=0.0s
[      6s] main 32b c2824 ic_m4 small_x table completed_valid t=0.0s
[      6s] main 32b c2824 ic_m4 random_sub_r0 table completed_valid t=0.0s
[      6s] main 32b c2824 ic_m4 random_sub_r1 table completed_valid t=0.0s
[      6s] main 32b c2824 ic_m4 random_sub_r2 table completed_valid t=0.0s
[      6s] main 32b c2824 ic_m4 known_null_sub table completed_valid t=0.0s
[      6s] main 32b c2824 ic_m4 planted_sub table completed_valid t=0.0s
[      6s] main 32b c2824 ic_m4 small_x_offset table completed_valid t=0.0s
[      6s] main 32b c2825 ic_m4 subgroup table completed_valid t=0.0s
[      6s] main 32b c2825 ic_m4 small_x table completed_valid t=0.0s
[      6s] main 32b c2825 ic_m4 random_sub_r0 table completed_valid t=0.0s
[      6s] main 32b c2825 ic_m4 random_sub_r1 table completed_valid t=0.0s
[      6s] main 32b c2825 ic_m4 random_sub_r2 table completed_valid t=0.0s
[      6s] main 32b c2825 ic_m4 known_null_sub table completed_valid t=0.0s
[      6s] main 32b c2825 ic_m4 planted_sub table completed_valid t=0.0s
[      6s] main 32b c2825 ic_m4 small_x_offset table completed_valid t=0.0s
[      7s] main 32b c2826 ic_m4 subgroup table completed_valid t=0.0s
[      7s] main 32b c2826 ic_m4 small_x table completed_valid t=0.0s
[      7s] main 32b c2826 ic_m4 random_sub_r0 table completed_valid t=0.0s
[      7s] main 32b c2826 ic_m4 random_sub_r1 table completed_valid t=0.0s
[      7s] main 32b c2826 ic_m4 random_sub_r2 table completed_valid t=0.0s
[      7s] main 32b c2826 ic_m4 known_null_sub table completed_valid t=0.0s
[      7s] main 32b c2826 ic_m4 planted_sub table completed_valid t=0.0s
[      7s] main 32b c2826 ic_m4 small_x_offset table completed_valid t=0.0s
[      7s] main 32b c2827 ic_m4 subgroup table completed_valid t=0.0s
[      7s] main 32b c2827 ic_m4 small_x table completed_valid t=0.0s
[      7s] main 32b c2827 ic_m4 random_sub_r0 table completed_valid t=0.0s
[      7s] main 32b c2827 ic_m4 random_sub_r1 table completed_valid t=0.0s
[      7s] main 32b c2827 ic_m4 random_sub_r2 table completed_valid t=0.0s
[      7s] main 32b c2827 ic_m4 known_null_sub table completed_valid t=0.0s
[      7s] main 32b c2827 ic_m4 planted_sub table completed_valid t=0.0s
[      7s] main 32b c2827 ic_m4 small_x_offset table completed_valid t=0.0s
[      8s] main 32b c2828 ic_m4 subgroup table completed_valid t=0.0s
[      8s] main 32b c2828 ic_m4 small_x table completed_valid t=0.0s
[      8s] main 32b c2828 ic_m4 random_sub_r0 table completed_valid t=0.0s
[      8s] main 32b c2828 ic_m4 random_sub_r1 table completed_valid t=0.0s
[      8s] main 32b c2828 ic_m4 random_sub_r2 table completed_valid t=0.0s
[      8s] main 32b c2828 ic_m4 known_null_sub table completed_valid t=0.0s
[      8s] main 32b c2828 ic_m4 planted_sub table completed_valid t=0.0s
[      8s] main 32b c2828 ic_m4 small_x_offset table completed_valid t=0.0s
[      8s] main 32b c2829 ic_m4 subgroup table completed_valid t=0.0s
[      8s] main 32b c2829 ic_m4 small_x table completed_valid t=0.0s
[      8s] main 32b c2829 ic_m4 random_sub_r0 table completed_valid t=0.0s
[      8s] main 32b c2829 ic_m4 random_sub_r1 table completed_valid t=0.0s
[      8s] main 32b c2829 ic_m4 random_sub_r2 table completed_valid t=0.0s
[      8s] main 32b c2829 ic_m4 known_null_sub table completed_valid t=0.0s
[      8s] main 32b c2829 ic_m4 planted_sub table completed_valid t=0.0s
[      8s] main 32b c2829 ic_m4 small_x_offset table completed_valid t=0.0s
[      8s] main 32b c2830 ic_m4 subgroup table completed_valid t=0.1s
[      8s] main 32b c2830 ic_m4 small_x table completed_valid t=0.1s
[      8s] main 32b c2830 ic_m4 random_sub_r0 table completed_valid t=0.1s
[      8s] main 32b c2830 ic_m4 random_sub_r1 table completed_valid t=0.1s
[      8s] main 32b c2830 ic_m4 random_sub_r2 table completed_valid t=0.1s
[      8s] main 32b c2830 ic_m4 known_null_sub table completed_valid t=0.1s
[      8s] main 32b c2830 ic_m4 planted_sub table completed_valid t=0.1s
[      8s] main 32b c2830 ic_m4 small_x_offset table completed_valid t=0.1s
[      9s] main 32b c2831 ic_m4 subgroup table completed_valid t=0.0s
[      9s] main 32b c2831 ic_m4 small_x table completed_valid t=0.0s
[      9s] main 32b c2831 ic_m4 random_sub_r0 table completed_valid t=0.0s
[      9s] main 32b c2831 ic_m4 random_sub_r1 table completed_valid t=0.0s
[      9s] main 32b c2831 ic_m4 random_sub_r2 table completed_valid t=0.0s
[      9s] main 32b c2831 ic_m4 known_null_sub table completed_valid t=0.0s
[      9s] main 32b c2831 ic_m4 planted_sub table completed_valid t=0.0s
[      9s] main 32b c2831 ic_m4 small_x_offset table completed_valid t=0.0s
[      9s] main 32b c2832 ic_m4 subgroup table completed_valid t=0.0s
[      9s] main 32b c2832 ic_m4 small_x table completed_valid t=0.0s
[      9s] main 32b c2832 ic_m4 random_sub_r0 table completed_valid t=0.0s
[      9s] main 32b c2832 ic_m4 random_sub_r1 table completed_valid t=0.0s
[      9s] main 32b c2832 ic_m4 random_sub_r2 table completed_valid t=0.0s
[      9s] main 32b c2832 ic_m4 known_null_sub table completed_valid t=0.0s
[      9s] main 32b c2832 ic_m4 planted_sub table completed_valid t=0.0s
[      9s] main 32b c2832 ic_m4 small_x_offset table completed_valid t=0.0s
[     10s] main 32b c2833 ic_m4 subgroup table completed_valid t=0.0s
[     10s] main 32b c2833 ic_m4 small_x table completed_valid t=0.0s
[     10s] main 32b c2833 ic_m4 random_sub_r0 table completed_valid t=0.0s
[     10s] main 32b c2833 ic_m4 random_sub_r1 table completed_valid t=0.0s
[     10s] main 32b c2833 ic_m4 random_sub_r2 table completed_valid t=0.0s
[     10s] main 32b c2833 ic_m4 known_null_sub table completed_valid t=0.0s
[     10s] main 32b c2833 ic_m4 planted_sub table completed_valid t=0.0s
[     10s] main 32b c2833 ic_m4 small_x_offset table completed_valid t=0.0s
[     10s] main 32b c2834 ic_m4 subgroup table completed_valid t=0.1s
[     10s] main 32b c2834 ic_m4 small_x table completed_valid t=0.0s
[     10s] main 32b c2834 ic_m4 random_sub_r0 table completed_valid t=0.0s
[     10s] main 32b c2834 ic_m4 random_sub_r1 table completed_valid t=0.0s
[     10s] main 32b c2834 ic_m4 random_sub_r2 table completed_valid t=0.0s
[     10s] main 32b c2834 ic_m4 known_null_sub table completed_valid t=0.0s
[     10s] main 32b c2834 ic_m4 planted_sub table completed_valid t=0.0s
[     10s] main 32b c2834 ic_m4 small_x_offset table completed_valid t=0.0s
[     10s] main 32b c2835 ic_m4 subgroup table completed_valid t=0.0s
[     10s] main 32b c2835 ic_m4 small_x table completed_valid t=0.0s
[     10s] main 32b c2835 ic_m4 random_sub_r0 table completed_valid t=0.0s
[     10s] main 32b c2835 ic_m4 random_sub_r1 table completed_valid t=0.0s
[     10s] main 32b c2835 ic_m4 random_sub_r2 table completed_valid t=0.0s
[     10s] main 32b c2835 ic_m4 known_null_sub table completed_valid t=0.0s
[     10s] main 32b c2835 ic_m4 planted_sub table completed_valid t=0.0s
[     10s] main 32b c2835 ic_m4 small_x_offset table completed_valid t=0.0s
[     11s] main 32b c2836 ic_m4 subgroup table completed_valid t=0.0s
[     11s] main 32b c2836 ic_m4 small_x table completed_valid t=0.0s
[     11s] main 32b c2836 ic_m4 random_sub_r0 table completed_valid t=0.0s
[     11s] main 32b c2836 ic_m4 random_sub_r1 table completed_valid t=0.0s
[     11s] main 32b c2836 ic_m4 random_sub_r2 table completed_valid t=0.0s
[     11s] main 32b c2836 ic_m4 known_null_sub table completed_valid t=0.0s
[     11s] main 32b c2836 ic_m4 planted_sub table completed_valid t=0.0s
[     11s] main 32b c2836 ic_m4 small_x_offset table completed_valid t=0.0s
[     11s] main 32b c2837 ic_m4 subgroup table completed_valid t=0.0s
[     11s] main 32b c2837 ic_m4 small_x table completed_valid t=0.0s
[     11s] main 32b c2837 ic_m4 random_sub_r0 table completed_valid t=0.0s
[     11s] main 32b c2837 ic_m4 random_sub_r1 table completed_valid t=0.0s
[     11s] main 32b c2837 ic_m4 random_sub_r2 table completed_valid t=0.0s
[     11s] main 32b c2837 ic_m4 known_null_sub table completed_valid t=0.0s
[     11s] main 32b c2837 ic_m4 planted_sub table completed_valid t=0.0s
[     11s] main 32b c2837 ic_m4 small_x_offset table completed_valid t=0.0s
[     12s] main 32b c2838 ic_m4 subgroup table completed_valid t=0.0s
[     12s] main 32b c2838 ic_m4 small_x table completed_valid t=0.0s
[     12s] main 32b c2838 ic_m4 random_sub_r0 table completed_valid t=0.0s
[     12s] main 32b c2838 ic_m4 random_sub_r1 table completed_valid t=0.0s
[     12s] main 32b c2838 ic_m4 random_sub_r2 table completed_valid t=0.0s
[     12s] main 32b c2838 ic_m4 known_null_sub table completed_valid t=0.0s
[     12s] main 32b c2838 ic_m4 planted_sub table completed_valid t=0.0s
[     12s] main 32b c2838 ic_m4 small_x_offset table completed_valid t=0.0s
[     12s] main 32b c2839 ic_m4 subgroup table completed_valid t=0.0s
[     12s] main 32b c2839 ic_m4 small_x table completed_valid t=0.0s
[     12s] main 32b c2839 ic_m4 random_sub_r0 table completed_valid t=0.0s
[     12s] main 32b c2839 ic_m4 random_sub_r1 table completed_valid t=0.0s
[     12s] main 32b c2839 ic_m4 random_sub_r2 table completed_valid t=0.0s
[     12s] main 32b c2839 ic_m4 known_null_sub table completed_valid t=0.0s
[     12s] main 32b c2839 ic_m4 planted_sub table completed_valid t=0.0s
[     12s] main 32b c2839 ic_m4 small_x_offset table completed_valid t=0.0s
[     13s] main 32b c2840 ic_m4 subgroup table completed_valid t=0.0s
[     13s] main 32b c2840 ic_m4 small_x table completed_valid t=0.0s
[     13s] main 32b c2840 ic_m4 random_sub_r0 table completed_valid t=0.0s
[     13s] main 32b c2840 ic_m4 random_sub_r1 table completed_valid t=0.0s
[     13s] main 32b c2840 ic_m4 random_sub_r2 table completed_valid t=0.0s
[     13s] main 32b c2840 ic_m4 known_null_sub table completed_valid t=0.0s
[     13s] main 32b c2840 ic_m4 planted_sub table completed_valid t=0.0s
[     13s] main 32b c2840 ic_m4 small_x_offset table completed_valid t=0.0s
[     13s] main 32b c2841 ic_m4 subgroup table completed_valid t=0.0s
[     13s] main 32b c2841 ic_m4 small_x table completed_valid t=0.0s
[     13s] main 32b c2841 ic_m4 random_sub_r0 table completed_valid t=0.0s
[     13s] main 32b c2841 ic_m4 random_sub_r1 table completed_valid t=0.0s
[     13s] main 32b c2841 ic_m4 random_sub_r2 table completed_valid t=0.0s
[     13s] main 32b c2841 ic_m4 known_null_sub table completed_valid t=0.0s
[     13s] main 32b c2841 ic_m4 planted_sub table completed_valid t=0.0s
[     13s] main 32b c2841 ic_m4 small_x_offset table completed_valid t=0.0s
[     13s] main 32b c2842 ic_m4 subgroup table completed_valid t=0.0s
[     13s] main 32b c2842 ic_m4 small_x table completed_valid t=0.0s
[     13s] main 32b c2842 ic_m4 random_sub_r0 table completed_valid t=0.0s
[     13s] main 32b c2842 ic_m4 random_sub_r1 table completed_valid t=0.0s
[     13s] main 32b c2842 ic_m4 random_sub_r2 table completed_valid t=0.0s
[     13s] main 32b c2842 ic_m4 known_null_sub table completed_valid t=0.0s
[     13s] main 32b c2842 ic_m4 planted_sub table completed_valid t=0.0s
[     13s] main 32b c2842 ic_m4 small_x_offset table completed_valid t=0.0s
[     14s] main 32b c2843 ic_m4 subgroup table completed_valid t=0.0s
[     14s] main 32b c2843 ic_m4 small_x table completed_valid t=0.0s
[     14s] main 32b c2843 ic_m4 random_sub_r0 table completed_valid t=0.0s
[     14s] main 32b c2843 ic_m4 random_sub_r1 table completed_valid t=0.0s
[     14s] main 32b c2843 ic_m4 random_sub_r2 table completed_valid t=0.0s
[     14s] main 32b c2843 ic_m4 known_null_sub table completed_valid t=0.0s
[     14s] main 32b c2843 ic_m4 planted_sub table completed_valid t=0.0s
[     14s] main 32b c2843 ic_m4 small_x_offset table completed_valid t=0.0s
[     15s] main 32b c2844 ic_m4 subgroup table completed_valid t=0.0s
[     15s] main 32b c2844 ic_m4 small_x table completed_valid t=0.0s
[     15s] main 32b c2844 ic_m4 random_sub_r0 table completed_valid t=0.1s
[     15s] main 32b c2844 ic_m4 random_sub_r1 table completed_valid t=0.0s
[     15s] main 32b c2844 ic_m4 random_sub_r2 table completed_valid t=0.0s
[     15s] main 32b c2844 ic_m4 known_null_sub table completed_valid t=0.0s
[     15s] main 32b c2844 ic_m4 planted_sub table completed_valid t=0.0s
[     15s] main 32b c2844 ic_m4 small_x_offset table completed_valid t=0.1s
[     15s] main 32b c2845 ic_m4 subgroup table completed_valid t=0.0s
[     15s] main 32b c2845 ic_m4 small_x table completed_valid t=0.0s
[     15s] main 32b c2845 ic_m4 random_sub_r0 table completed_valid t=0.0s
[     15s] main 32b c2845 ic_m4 random_sub_r1 table completed_valid t=0.0s
[     15s] main 32b c2845 ic_m4 random_sub_r2 table completed_valid t=0.0s
[     15s] main 32b c2845 ic_m4 known_null_sub table completed_valid t=0.0s
[     15s] main 32b c2845 ic_m4 planted_sub table completed_valid t=0.0s
[     15s] main 32b c2845 ic_m4 small_x_offset table completed_valid t=0.0s
[     15s] main 32b c2846 ic_m4 subgroup table completed_valid t=0.0s
[     15s] main 32b c2846 ic_m4 small_x table completed_valid t=0.0s
[     15s] main 32b c2846 ic_m4 random_sub_r0 table completed_valid t=0.0s
[     15s] main 32b c2846 ic_m4 random_sub_r1 table completed_valid t=0.0s
[     15s] main 32b c2846 ic_m4 random_sub_r2 table completed_valid t=0.0s
[     15s] main 32b c2846 ic_m4 known_null_sub table completed_valid t=0.0s
[     15s] main 32b c2846 ic_m4 planted_sub table completed_valid t=0.0s
[     15s] main 32b c2846 ic_m4 small_x_offset table completed_valid t=0.0s
[     16s] main 32b c2847 ic_m4 subgroup table completed_valid t=0.0s
[     16s] main 32b c2847 ic_m4 small_x table completed_valid t=0.0s
[     16s] main 32b c2847 ic_m4 random_sub_r0 table completed_valid t=0.0s
[     16s] main 32b c2847 ic_m4 random_sub_r1 table completed_valid t=0.0s
[     16s] main 32b c2847 ic_m4 random_sub_r2 table completed_valid t=0.0s
[     16s] main 32b c2847 ic_m4 known_null_sub table completed_valid t=0.0s
[     16s] main 32b c2847 ic_m4 planted_sub table completed_valid t=0.0s
[     16s] main 32b c2847 ic_m4 small_x_offset table completed_valid t=0.0s
[     16s] main 32b c2848 ic_m4 subgroup table completed_valid t=0.0s
[     16s] main 32b c2848 ic_m4 small_x table completed_valid t=0.0s
[     16s] main 32b c2848 ic_m4 random_sub_r0 table completed_valid t=0.0s
[     16s] main 32b c2848 ic_m4 random_sub_r1 table completed_valid t=0.0s
[     16s] main 32b c2848 ic_m4 random_sub_r2 table completed_valid t=0.0s
[     16s] main 32b c2848 ic_m4 known_null_sub table completed_valid t=0.0s
[     16s] main 32b c2848 ic_m4 planted_sub table completed_valid t=0.0s
[     16s] main 32b c2848 ic_m4 small_x_offset table completed_valid t=0.0s
[     17s] main 32b c2849 ic_m4 subgroup table completed_valid t=0.0s
[     17s] main 32b c2849 ic_m4 small_x table completed_valid t=0.0s
[     17s] main 32b c2849 ic_m4 random_sub_r0 table completed_valid t=0.0s
[     17s] main 32b c2849 ic_m4 random_sub_r1 table completed_valid t=0.0s
[     17s] main 32b c2849 ic_m4 random_sub_r2 table completed_valid t=0.0s
[     17s] main 32b c2849 ic_m4 known_null_sub table completed_valid t=0.0s
[     17s] main 32b c2849 ic_m4 planted_sub table completed_valid t=0.0s
[     17s] main 32b c2849 ic_m4 small_x_offset table completed_valid t=0.0s
[     17s] main 32b c2850 ic_m4 subgroup table completed_valid t=0.0s
[     17s] main 32b c2850 ic_m4 small_x table completed_valid t=0.0s
[     17s] main 32b c2850 ic_m4 random_sub_r0 table completed_valid t=0.0s
[     17s] main 32b c2850 ic_m4 random_sub_r1 table completed_valid t=0.0s
[     17s] main 32b c2850 ic_m4 random_sub_r2 table completed_valid t=0.0s
[     17s] main 32b c2850 ic_m4 known_null_sub table completed_valid t=0.0s
[     17s] main 32b c2850 ic_m4 planted_sub table completed_valid t=0.0s
[     17s] main 32b c2850 ic_m4 small_x_offset table completed_valid t=0.0s
[     18s] main 32b c2851 ic_m4 subgroup table completed_valid t=0.0s
[     18s] main 32b c2851 ic_m4 small_x table completed_valid t=0.0s
[     18s] main 32b c2851 ic_m4 random_sub_r0 table completed_valid t=0.0s
[     18s] main 32b c2851 ic_m4 random_sub_r1 table completed_valid t=0.0s
[     18s] main 32b c2851 ic_m4 random_sub_r2 table completed_valid t=0.0s
[     18s] main 32b c2851 ic_m4 known_null_sub table completed_valid t=0.0s
[     18s] main 32b c2851 ic_m4 planted_sub table completed_valid t=0.0s
[     18s] main 32b c2851 ic_m4 small_x_offset table completed_valid t=0.0s
[     18s] main 32b c2852 ic_m4 subgroup table completed_valid t=0.0s
[     18s] main 32b c2852 ic_m4 small_x table completed_valid t=0.0s
[     18s] main 32b c2852 ic_m4 random_sub_r0 table completed_valid t=0.0s
[     18s] main 32b c2852 ic_m4 random_sub_r1 table completed_valid t=0.0s
[     18s] main 32b c2852 ic_m4 random_sub_r2 table completed_valid t=0.0s
[     18s] main 32b c2852 ic_m4 known_null_sub table completed_valid t=0.0s
[     18s] main 32b c2852 ic_m4 planted_sub table completed_valid t=0.0s
[     18s] main 32b c2852 ic_m4 small_x_offset table completed_valid t=0.0s
[     19s] main 32b c2853 ic_m4 subgroup table completed_valid t=0.0s
[     19s] main 32b c2853 ic_m4 small_x table completed_valid t=0.0s
[     19s] main 32b c2853 ic_m4 random_sub_r0 table completed_valid t=0.0s
[     19s] main 32b c2853 ic_m4 random_sub_r1 table completed_valid t=0.0s
[     19s] main 32b c2853 ic_m4 random_sub_r2 table completed_valid t=0.0s
[     19s] main 32b c2853 ic_m4 known_null_sub table completed_valid t=0.0s
[     19s] main 32b c2853 ic_m4 planted_sub table completed_valid t=0.0s
[     19s] main 32b c2853 ic_m4 small_x_offset table completed_valid t=0.0s
[     19s] main 32b c2854 ic_m4 subgroup table completed_valid t=0.1s
[     19s] main 32b c2854 ic_m4 small_x table completed_valid t=0.0s
[     19s] main 32b c2854 ic_m4 random_sub_r0 table completed_valid t=0.0s
[     19s] main 32b c2854 ic_m4 random_sub_r1 table completed_valid t=0.1s
[     19s] main 32b c2854 ic_m4 random_sub_r2 table completed_valid t=0.0s
[     19s] main 32b c2854 ic_m4 known_null_sub table completed_valid t=0.0s
[     19s] main 32b c2854 ic_m4 planted_sub table completed_valid t=0.0s
[     19s] main 32b c2854 ic_m4 small_x_offset table completed_valid t=0.1s
[     20s] main 32b c2855 ic_m4 subgroup table completed_valid t=0.0s
[     20s] main 32b c2855 ic_m4 small_x table completed_valid t=0.0s
[     20s] main 32b c2855 ic_m4 random_sub_r0 table completed_valid t=0.0s
[     20s] main 32b c2855 ic_m4 random_sub_r1 table completed_valid t=0.0s
[     20s] main 32b c2855 ic_m4 random_sub_r2 table completed_valid t=0.0s
[     20s] main 32b c2855 ic_m4 known_null_sub table completed_valid t=0.0s
[     20s] main 32b c2855 ic_m4 planted_sub table completed_valid t=0.1s
[     20s] main 32b c2855 ic_m4 small_x_offset table completed_valid t=0.0s
[     20s] main 32b c2856 ic_m4 subgroup table completed_valid t=0.0s
[     20s] main 32b c2856 ic_m4 small_x table completed_valid t=0.0s
[     20s] main 32b c2856 ic_m4 random_sub_r0 table completed_valid t=0.0s
[     20s] main 32b c2856 ic_m4 random_sub_r1 table completed_valid t=0.0s
[     20s] main 32b c2856 ic_m4 random_sub_r2 table completed_valid t=0.0s
[     20s] main 32b c2856 ic_m4 known_null_sub table completed_valid t=0.0s
[     20s] main 32b c2856 ic_m4 planted_sub table completed_valid t=0.0s
[     20s] main 32b c2856 ic_m4 small_x_offset table completed_valid t=0.0s
[     21s] main 32b c2857 ic_m4 subgroup table completed_valid t=0.0s
[     21s] main 32b c2857 ic_m4 small_x table completed_valid t=0.0s
[     21s] main 32b c2857 ic_m4 random_sub_r0 table completed_valid t=0.0s
[     21s] main 32b c2857 ic_m4 random_sub_r1 table completed_valid t=0.0s
[     21s] main 32b c2857 ic_m4 random_sub_r2 table completed_valid t=0.0s
[     21s] main 32b c2857 ic_m4 known_null_sub table completed_valid t=0.0s
[     21s] main 32b c2857 ic_m4 planted_sub table completed_valid t=0.0s
[     21s] main 32b c2857 ic_m4 small_x_offset table completed_valid t=0.0s
[     21s] main 32b c2858 ic_m4 subgroup table completed_valid t=0.0s
[     21s] main 32b c2858 ic_m4 small_x table completed_valid t=0.0s
[     21s] main 32b c2858 ic_m4 random_sub_r0 table completed_valid t=0.0s
[     21s] main 32b c2858 ic_m4 random_sub_r1 table completed_valid t=0.0s
[     21s] main 32b c2858 ic_m4 random_sub_r2 table completed_valid t=0.0s
[     21s] main 32b c2858 ic_m4 known_null_sub table completed_valid t=0.0s
[     21s] main 32b c2858 ic_m4 planted_sub table completed_valid t=0.0s
[     21s] main 32b c2858 ic_m4 small_x_offset table completed_valid t=0.0s
[     21s] main 32b c2859 ic_m4 subgroup table completed_valid t=0.0s
[     21s] main 32b c2859 ic_m4 small_x table completed_valid t=0.0s
[     21s] main 32b c2859 ic_m4 random_sub_r0 table completed_valid t=0.0s
[     21s] main 32b c2859 ic_m4 random_sub_r1 table completed_valid t=0.0s
[     21s] main 32b c2859 ic_m4 random_sub_r2 table completed_valid t=0.0s
[     21s] main 32b c2859 ic_m4 known_null_sub table completed_valid t=0.0s
[     21s] main 32b c2859 ic_m4 planted_sub table completed_valid t=0.0s
[     21s] main 32b c2859 ic_m4 small_x_offset table completed_valid t=0.0s
[     22s] main 32b c2860 ic_m4 subgroup table completed_valid t=0.0s
[     22s] main 32b c2860 ic_m4 small_x table completed_valid t=0.0s
[     22s] main 32b c2860 ic_m4 random_sub_r0 table completed_valid t=0.0s
[     22s] main 32b c2860 ic_m4 random_sub_r1 table completed_valid t=0.0s
[     22s] main 32b c2860 ic_m4 random_sub_r2 table completed_valid t=0.0s
[     22s] main 32b c2860 ic_m4 known_null_sub table completed_valid t=0.0s
[     22s] main 32b c2860 ic_m4 planted_sub table completed_valid t=0.0s
[     22s] main 32b c2860 ic_m4 small_x_offset table completed_valid t=0.0s
[     22s] main 32b c2861 ic_m4 subgroup table completed_valid t=0.0s
[     22s] main 32b c2861 ic_m4 small_x table completed_valid t=0.0s
[     22s] main 32b c2861 ic_m4 random_sub_r0 table completed_valid t=0.0s
[     22s] main 32b c2861 ic_m4 random_sub_r1 table completed_valid t=0.0s
[     22s] main 32b c2861 ic_m4 random_sub_r2 table completed_valid t=0.0s
[     22s] main 32b c2861 ic_m4 known_null_sub table completed_valid t=0.0s
[     22s] main 32b c2861 ic_m4 planted_sub table completed_valid t=0.0s
[     22s] main 32b c2861 ic_m4 small_x_offset table completed_valid t=0.0s
[     23s] main 32b c2862 ic_m4 subgroup table completed_valid t=0.0s
[     23s] main 32b c2862 ic_m4 small_x table completed_valid t=0.0s
[     23s] main 32b c2862 ic_m4 random_sub_r0 table completed_valid t=0.0s
[     23s] main 32b c2862 ic_m4 random_sub_r1 table completed_valid t=0.0s
[     23s] main 32b c2862 ic_m4 random_sub_r2 table completed_valid t=0.0s
[     23s] main 32b c2862 ic_m4 known_null_sub table completed_valid t=0.0s
[     23s] main 32b c2862 ic_m4 planted_sub table completed_valid t=0.0s
[     23s] main 32b c2862 ic_m4 small_x_offset table completed_valid t=0.0s
[     23s] main 32b c2863 ic_m4 subgroup table completed_valid t=0.0s
[     23s] main 32b c2863 ic_m4 small_x table completed_valid t=0.0s
[     23s] main 32b c2863 ic_m4 random_sub_r0 table completed_valid t=0.0s
[     23s] main 32b c2863 ic_m4 random_sub_r1 table completed_valid t=0.0s
[     23s] main 32b c2863 ic_m4 random_sub_r2 table completed_valid t=0.0s
[     23s] main 32b c2863 ic_m4 known_null_sub table completed_valid t=0.0s
[     23s] main 32b c2863 ic_m4 planted_sub table completed_valid t=0.0s
[     23s] main 32b c2863 ic_m4 small_x_offset table completed_valid t=0.0s
[     24s] main 32b c2864 ic_m4 subgroup table completed_valid t=0.0s
[     24s] main 32b c2864 ic_m4 small_x table completed_valid t=0.0s
[     24s] main 32b c2864 ic_m4 random_sub_r0 table completed_valid t=0.0s
[     24s] main 32b c2864 ic_m4 random_sub_r1 table completed_valid t=0.0s
[     24s] main 32b c2864 ic_m4 random_sub_r2 table completed_valid t=0.0s
[     24s] main 32b c2864 ic_m4 known_null_sub table completed_valid t=0.0s
[     24s] main 32b c2864 ic_m4 planted_sub table completed_valid t=0.0s
[     24s] main 32b c2864 ic_m4 small_x_offset table completed_valid t=0.0s
[     24s] main 32b c2865 ic_m4 subgroup table completed_valid t=0.0s
[     24s] main 32b c2865 ic_m4 small_x table completed_valid t=0.0s
[     24s] main 32b c2865 ic_m4 random_sub_r0 table completed_valid t=0.0s
[     24s] main 32b c2865 ic_m4 random_sub_r1 table completed_valid t=0.0s
[     24s] main 32b c2865 ic_m4 random_sub_r2 table completed_valid t=0.0s
[     24s] main 32b c2865 ic_m4 known_null_sub table completed_valid t=0.0s
[     24s] main 32b c2865 ic_m4 planted_sub table completed_valid t=0.0s
[     24s] main 32b c2865 ic_m4 small_x_offset table completed_valid t=0.0s
[     24s] main 32b c2866 ic_m4 subgroup table completed_valid t=0.0s
[     24s] main 32b c2866 ic_m4 small_x table completed_valid t=0.0s
[     24s] main 32b c2866 ic_m4 random_sub_r0 table completed_valid t=0.0s
[     24s] main 32b c2866 ic_m4 random_sub_r1 table completed_valid t=0.0s
[     24s] main 32b c2866 ic_m4 random_sub_r2 table completed_valid t=0.0s
[     24s] main 32b c2866 ic_m4 known_null_sub table completed_valid t=0.0s
[     24s] main 32b c2866 ic_m4 planted_sub table completed_valid t=0.0s
[     24s] main 32b c2866 ic_m4 small_x_offset table completed_valid t=0.0s
[     25s] main 32b c2867 ic_m4 subgroup table completed_valid t=0.0s
[     25s] main 32b c2867 ic_m4 small_x table completed_valid t=0.0s
[     25s] main 32b c2867 ic_m4 random_sub_r0 table completed_valid t=0.0s
[     25s] main 32b c2867 ic_m4 random_sub_r1 table completed_valid t=0.0s
[     25s] main 32b c2867 ic_m4 random_sub_r2 table completed_valid t=0.0s
[     25s] main 32b c2867 ic_m4 known_null_sub table completed_valid t=0.0s
[     25s] main 32b c2867 ic_m4 planted_sub table completed_valid t=0.0s
[     25s] main 32b c2867 ic_m4 small_x_offset table completed_valid t=0.0s
[     25s] main 32b c2868 ic_m4 subgroup table completed_valid t=0.0s
[     25s] main 32b c2868 ic_m4 small_x table completed_valid t=0.0s
[     25s] main 32b c2868 ic_m4 random_sub_r0 table completed_valid t=0.0s
[     25s] main 32b c2868 ic_m4 random_sub_r1 table completed_valid t=0.0s
[     25s] main 32b c2868 ic_m4 random_sub_r2 table completed_valid t=0.0s
[     25s] main 32b c2868 ic_m4 known_null_sub table completed_valid t=0.1s
[     25s] main 32b c2868 ic_m4 planted_sub table completed_valid t=0.0s
[     25s] main 32b c2868 ic_m4 small_x_offset table completed_valid t=0.0s
[     26s] main 32b c2869 ic_m4 subgroup table completed_valid t=0.1s
[     26s] main 32b c2869 ic_m4 small_x table completed_valid t=0.0s
[     26s] main 32b c2869 ic_m4 random_sub_r0 table completed_valid t=0.0s
[     26s] main 32b c2869 ic_m4 random_sub_r1 table completed_valid t=0.0s
[     26s] main 32b c2869 ic_m4 random_sub_r2 table completed_valid t=0.0s
[     26s] main 32b c2869 ic_m4 known_null_sub table completed_valid t=0.0s
[     26s] main 32b c2869 ic_m4 planted_sub table completed_valid t=0.0s
[     26s] main 32b c2869 ic_m4 small_x_offset table completed_valid t=0.1s
[     26s] main 32b c2870 ic_m4 subgroup table completed_valid t=0.1s
[     26s] main 32b c2870 ic_m4 small_x table completed_valid t=0.1s
[     26s] main 32b c2870 ic_m4 random_sub_r0 table completed_valid t=0.1s
[     26s] main 32b c2870 ic_m4 random_sub_r1 table completed_valid t=0.0s
[     26s] main 32b c2870 ic_m4 random_sub_r2 table completed_valid t=0.0s
[     26s] main 32b c2870 ic_m4 known_null_sub table completed_valid t=0.0s
[     26s] main 32b c2870 ic_m4 planted_sub table completed_valid t=0.1s
[     26s] main 32b c2870 ic_m4 small_x_offset table completed_valid t=0.0s
[     27s] main 32b c2871 ic_m4 subgroup table completed_valid t=0.0s
[     27s] main 32b c2871 ic_m4 small_x table completed_valid t=0.0s
[     27s] main 32b c2871 ic_m4 random_sub_r0 table completed_valid t=0.0s
[     27s] main 32b c2871 ic_m4 random_sub_r1 table completed_valid t=0.0s
[     27s] main 32b c2871 ic_m4 random_sub_r2 table completed_valid t=0.0s
[     27s] main 32b c2871 ic_m4 known_null_sub table completed_valid t=0.1s
[     27s] main 32b c2871 ic_m4 planted_sub table completed_valid t=0.1s
[     27s] main 32b c2871 ic_m4 small_x_offset table completed_valid t=0.1s
[     29s] main 32b c2872 ic_m4 subgroup table completed_valid t=0.1s
[     29s] main 32b c2872 ic_m4 small_x table completed_valid t=0.0s
[     29s] main 32b c2872 ic_m4 random_sub_r0 table completed_valid t=0.0s
[     29s] main 32b c2872 ic_m4 random_sub_r1 table completed_valid t=0.1s
[     29s] main 32b c2872 ic_m4 random_sub_r2 table completed_valid t=0.0s
[     29s] main 32b c2872 ic_m4 known_null_sub table completed_valid t=0.0s
[     29s] main 32b c2872 ic_m4 planted_sub table completed_valid t=0.0s
[     29s] main 32b c2872 ic_m4 small_x_offset table completed_valid t=0.0s
[     29s] main 32b c2873 ic_m4 subgroup table completed_valid t=0.0s
[     29s] main 32b c2873 ic_m4 small_x table completed_valid t=0.0s
[     29s] main 32b c2873 ic_m4 random_sub_r0 table completed_valid t=0.0s
[     29s] main 32b c2873 ic_m4 random_sub_r1 table completed_valid t=0.0s
[     29s] main 32b c2873 ic_m4 random_sub_r2 table completed_valid t=0.0s
[     29s] main 32b c2873 ic_m4 known_null_sub table completed_valid t=0.0s
[     29s] main 32b c2873 ic_m4 planted_sub table completed_valid t=0.0s
[     29s] main 32b c2873 ic_m4 small_x_offset table completed_valid t=0.0s
[     29s] main 32b c2874 ic_m4 subgroup table completed_valid t=0.0s
[     29s] main 32b c2874 ic_m4 small_x table completed_valid t=0.0s
[     29s] main 32b c2874 ic_m4 random_sub_r0 table completed_valid t=0.0s
[     29s] main 32b c2874 ic_m4 random_sub_r1 table completed_valid t=0.0s
[     29s] main 32b c2874 ic_m4 random_sub_r2 table completed_valid t=0.0s
[     29s] main 32b c2874 ic_m4 known_null_sub table completed_valid t=0.0s
[     29s] main 32b c2874 ic_m4 planted_sub table completed_valid t=0.0s
[     29s] main 32b c2874 ic_m4 small_x_offset table completed_valid t=0.0s
[     30s] main 32b c2875 ic_m4 subgroup table completed_valid t=0.0s
[     30s] main 32b c2875 ic_m4 small_x table completed_valid t=0.0s
[     30s] main 32b c2875 ic_m4 random_sub_r0 table completed_valid t=0.0s
[     30s] main 32b c2875 ic_m4 random_sub_r1 table completed_valid t=0.0s
[     30s] main 32b c2875 ic_m4 random_sub_r2 table completed_valid t=0.0s
[     30s] main 32b c2875 ic_m4 known_null_sub table completed_valid t=0.0s
[     30s] main 32b c2875 ic_m4 planted_sub table completed_valid t=0.0s
[     30s] main 32b c2875 ic_m4 small_x_offset table completed_valid t=0.0s
[     30s] main 32b c2876 ic_m4 subgroup table completed_valid t=0.0s
[     30s] main 32b c2876 ic_m4 small_x table completed_valid t=0.0s
[     30s] main 32b c2876 ic_m4 random_sub_r0 table completed_valid t=0.0s
[     30s] main 32b c2876 ic_m4 random_sub_r1 table completed_valid t=0.0s
[     30s] main 32b c2876 ic_m4 random_sub_r2 table completed_valid t=0.0s
[     30s] main 32b c2876 ic_m4 known_null_sub table completed_valid t=0.0s
[     30s] main 32b c2876 ic_m4 planted_sub table completed_valid t=0.0s
[     30s] main 32b c2876 ic_m4 small_x_offset table completed_valid t=0.0s
[     30s] main 32b c2877 ic_m4 subgroup table completed_valid t=0.0s
[     30s] main 32b c2877 ic_m4 small_x table completed_valid t=0.0s
[     30s] main 32b c2877 ic_m4 random_sub_r0 table completed_valid t=0.0s
[     30s] main 32b c2877 ic_m4 random_sub_r1 table completed_valid t=0.0s
[     30s] main 32b c2877 ic_m4 random_sub_r2 table completed_valid t=0.0s
[     30s] main 32b c2877 ic_m4 known_null_sub table completed_valid t=0.1s
[     30s] main 32b c2877 ic_m4 planted_sub table completed_valid t=0.0s
[     30s] main 32b c2877 ic_m4 small_x_offset table completed_valid t=0.0s
[     31s] main 32b c2878 ic_m4 subgroup table completed_valid t=0.0s
[     31s] main 32b c2878 ic_m4 small_x table completed_valid t=0.0s
[     31s] main 32b c2878 ic_m4 random_sub_r0 table completed_valid t=0.1s
[     31s] main 32b c2878 ic_m4 random_sub_r1 table completed_valid t=0.0s
[     31s] main 32b c2878 ic_m4 random_sub_r2 table completed_valid t=0.0s
[     31s] main 32b c2878 ic_m4 known_null_sub table completed_valid t=0.0s
[     31s] main 32b c2878 ic_m4 planted_sub table completed_valid t=0.0s
[     31s] main 32b c2878 ic_m4 small_x_offset table completed_valid t=0.1s
[     32s] main 32b c2879 ic_m4 subgroup table completed_valid t=0.1s
[     32s] main 32b c2879 ic_m4 small_x table completed_valid t=0.1s
[     32s] main 32b c2879 ic_m4 random_sub_r0 table completed_valid t=0.1s
[     32s] main 32b c2879 ic_m4 random_sub_r1 table completed_valid t=0.1s
[     32s] main 32b c2879 ic_m4 random_sub_r2 table completed_valid t=0.0s
[     32s] main 32b c2879 ic_m4 known_null_sub table completed_valid t=0.0s
[     32s] main 32b c2879 ic_m4 planted_sub table completed_valid t=0.0s
[     32s] main 32b c2879 ic_m4 small_x_offset table completed_valid t=0.0s
[     32s] main 32b c2880 ic_m4 subgroup table completed_valid t=0.0s
[     32s] main 32b c2880 ic_m4 small_x table completed_valid t=0.0s
[     32s] main 32b c2880 ic_m4 random_sub_r0 table completed_valid t=0.0s
[     32s] main 32b c2880 ic_m4 random_sub_r1 table completed_valid t=0.0s
[     32s] main 32b c2880 ic_m4 random_sub_r2 table completed_valid t=0.0s
[     32s] main 32b c2880 ic_m4 known_null_sub table completed_valid t=0.0s
[     32s] main 32b c2880 ic_m4 planted_sub table completed_valid t=0.0s
[     32s] main 32b c2880 ic_m4 small_x_offset table completed_valid t=0.0s
[     33s] main 32b c2881 ic_m4 subgroup table completed_valid t=0.0s
[     33s] main 32b c2881 ic_m4 small_x table completed_valid t=0.0s
[     33s] main 32b c2881 ic_m4 random_sub_r0 table completed_valid t=0.0s
[     33s] main 32b c2881 ic_m4 random_sub_r1 table completed_valid t=0.0s
[     33s] main 32b c2881 ic_m4 random_sub_r2 table completed_valid t=0.0s
[     33s] main 32b c2881 ic_m4 known_null_sub table completed_valid t=0.0s
[     33s] main 32b c2881 ic_m4 planted_sub table completed_valid t=0.0s
[     33s] main 32b c2881 ic_m4 small_x_offset table completed_valid t=0.0s
[     33s] main 32b c2882 ic_m4 subgroup table completed_valid t=0.0s
[     33s] main 32b c2882 ic_m4 small_x table completed_valid t=0.0s
[     33s] main 32b c2882 ic_m4 random_sub_r0 table completed_valid t=0.0s
[     33s] main 32b c2882 ic_m4 random_sub_r1 table completed_valid t=0.0s
[     33s] main 32b c2882 ic_m4 random_sub_r2 table completed_valid t=0.0s
[     33s] main 32b c2882 ic_m4 known_null_sub table completed_valid t=0.0s
[     33s] main 32b c2882 ic_m4 planted_sub table completed_valid t=0.0s
[     33s] main 32b c2882 ic_m4 small_x_offset table completed_valid t=0.0s
[     34s] main 32b c2883 ic_m4 subgroup table completed_valid t=0.1s
[     34s] main 32b c2883 ic_m4 small_x table completed_valid t=0.1s
[     34s] main 32b c2883 ic_m4 random_sub_r0 table completed_valid t=0.1s
[     34s] main 32b c2883 ic_m4 random_sub_r1 table completed_valid t=0.1s
[     34s] main 32b c2883 ic_m4 random_sub_r2 table completed_valid t=0.0s
[     34s] main 32b c2883 ic_m4 known_null_sub table completed_valid t=0.1s
[     34s] main 32b c2883 ic_m4 planted_sub table completed_valid t=0.1s
[     34s] main 32b c2883 ic_m4 small_x_offset table completed_valid t=0.1s
[     34s] main 32b c2884 ic_m4 subgroup table completed_valid t=0.1s
[     34s] main 32b c2884 ic_m4 small_x table completed_valid t=0.0s
[     34s] main 32b c2884 ic_m4 random_sub_r0 table completed_valid t=0.0s
[     34s] main 32b c2884 ic_m4 random_sub_r1 table completed_valid t=0.0s
[     34s] main 32b c2884 ic_m4 random_sub_r2 table completed_valid t=0.0s
[     34s] main 32b c2884 ic_m4 known_null_sub table completed_valid t=0.0s
[     34s] main 32b c2884 ic_m4 planted_sub table completed_valid t=0.0s
[     34s] main 32b c2884 ic_m4 small_x_offset table completed_valid t=0.0s
[     35s] main 32b c2885 ic_m4 subgroup table completed_valid t=0.0s
[     35s] main 32b c2885 ic_m4 small_x table completed_valid t=0.0s
[     35s] main 32b c2885 ic_m4 random_sub_r0 table completed_valid t=0.0s
[     35s] main 32b c2885 ic_m4 random_sub_r1 table completed_valid t=0.0s
[     35s] main 32b c2885 ic_m4 random_sub_r2 table completed_valid t=0.0s
[     35s] main 32b c2885 ic_m4 known_null_sub table completed_valid t=0.0s
[     35s] main 32b c2885 ic_m4 planted_sub table completed_valid t=0.0s
[     35s] main 32b c2885 ic_m4 small_x_offset table completed_valid t=0.0s
[     35s] main 32b c2886 ic_m4 subgroup table completed_valid t=0.0s
[     35s] main 32b c2886 ic_m4 small_x table completed_valid t=0.0s
[     35s] main 32b c2886 ic_m4 random_sub_r0 table completed_valid t=0.0s
[     35s] main 32b c2886 ic_m4 random_sub_r1 table completed_valid t=0.0s
[     35s] main 32b c2886 ic_m4 random_sub_r2 table completed_valid t=0.0s
[     35s] main 32b c2886 ic_m4 known_null_sub table completed_valid t=0.0s
[     35s] main 32b c2886 ic_m4 planted_sub table completed_valid t=0.0s
[     35s] main 32b c2886 ic_m4 small_x_offset table completed_valid t=0.0s
[     36s] main 32b c2887 ic_m4 subgroup table completed_valid t=0.0s
[     36s] main 32b c2887 ic_m4 small_x table completed_valid t=0.0s
[     36s] main 32b c2887 ic_m4 random_sub_r0 table completed_valid t=0.0s
[     36s] main 32b c2887 ic_m4 random_sub_r1 table completed_valid t=0.0s
[     36s] main 32b c2887 ic_m4 random_sub_r2 table completed_valid t=0.0s
[     36s] main 32b c2887 ic_m4 known_null_sub table completed_valid t=0.0s
[     36s] main 32b c2887 ic_m4 planted_sub table completed_valid t=0.0s
[     36s] main 32b c2887 ic_m4 small_x_offset table completed_valid t=0.0s
[     36s] main 32b c2888 ic_m4 subgroup table completed_valid t=0.0s
[     36s] main 32b c2888 ic_m4 small_x table completed_valid t=0.0s
[     36s] main 32b c2888 ic_m4 random_sub_r0 table completed_valid t=0.0s
[     36s] main 32b c2888 ic_m4 random_sub_r1 table completed_valid t=0.0s
[     36s] main 32b c2888 ic_m4 random_sub_r2 table completed_valid t=0.1s
[     36s] main 32b c2888 ic_m4 known_null_sub table completed_valid t=0.1s
[     36s] main 32b c2888 ic_m4 planted_sub table completed_valid t=0.1s
[     36s] main 32b c2888 ic_m4 small_x_offset table completed_valid t=0.0s
[     37s] main 32b c2889 ic_m4 subgroup table completed_valid t=0.1s
[     37s] main 32b c2889 ic_m4 small_x table completed_valid t=0.1s
[     37s] main 32b c2889 ic_m4 random_sub_r0 table completed_valid t=0.0s
[     37s] main 32b c2889 ic_m4 random_sub_r1 table completed_valid t=0.0s
[     37s] main 32b c2889 ic_m4 random_sub_r2 table completed_valid t=0.1s
[     37s] main 32b c2889 ic_m4 known_null_sub table completed_valid t=0.1s
[     37s] main 32b c2889 ic_m4 planted_sub table completed_valid t=0.0s
[     37s] main 32b c2889 ic_m4 small_x_offset table completed_valid t=0.0s
[     37s] main 32b c2890 ic_m4 subgroup table completed_valid t=0.0s
[     37s] main 32b c2890 ic_m4 small_x table completed_valid t=0.0s
[     37s] main 32b c2890 ic_m4 random_sub_r0 table completed_valid t=0.0s
[     37s] main 32b c2890 ic_m4 random_sub_r1 table completed_valid t=0.0s
[     37s] main 32b c2890 ic_m4 random_sub_r2 table completed_valid t=0.0s
[     37s] main 32b c2890 ic_m4 known_null_sub table completed_valid t=0.0s
[     37s] main 32b c2890 ic_m4 planted_sub table completed_valid t=0.0s
[     37s] main 32b c2890 ic_m4 small_x_offset table completed_valid t=0.0s
[     38s] main 32b c2891 ic_m4 subgroup table completed_valid t=0.0s
[     38s] main 32b c2891 ic_m4 small_x table completed_valid t=0.0s
[     38s] main 32b c2891 ic_m4 random_sub_r0 table completed_valid t=0.0s
[     38s] main 32b c2891 ic_m4 random_sub_r1 table completed_valid t=0.0s
[     38s] main 32b c2891 ic_m4 random_sub_r2 table completed_valid t=0.0s
[     38s] main 32b c2891 ic_m4 known_null_sub table completed_valid t=0.0s
[     38s] main 32b c2891 ic_m4 planted_sub table completed_valid t=0.0s
[     38s] main 32b c2891 ic_m4 small_x_offset table completed_valid t=0.0s
[     38s] main 32b c2892 ic_m4 subgroup table completed_valid t=0.0s
[     38s] main 32b c2892 ic_m4 small_x table completed_valid t=0.0s
[     38s] main 32b c2892 ic_m4 random_sub_r0 table completed_valid t=0.0s
[     38s] main 32b c2892 ic_m4 random_sub_r1 table completed_valid t=0.0s
[     38s] main 32b c2892 ic_m4 random_sub_r2 table completed_valid t=0.0s
[     38s] main 32b c2892 ic_m4 known_null_sub table completed_valid t=0.0s
[     38s] main 32b c2892 ic_m4 planted_sub table completed_valid t=0.0s
[     38s] main 32b c2892 ic_m4 small_x_offset table completed_valid t=0.0s
[     39s] main 32b c2893 ic_m4 subgroup table completed_valid t=0.0s
[     39s] main 32b c2893 ic_m4 small_x table completed_valid t=0.0s
[     39s] main 32b c2893 ic_m4 random_sub_r0 table completed_valid t=0.0s
[     39s] main 32b c2893 ic_m4 random_sub_r1 table completed_valid t=0.0s
[     39s] main 32b c2893 ic_m4 random_sub_r2 table completed_valid t=0.0s
[     39s] main 32b c2893 ic_m4 known_null_sub table completed_valid t=0.0s
[     39s] main 32b c2893 ic_m4 planted_sub table completed_valid t=0.0s
[     39s] main 32b c2893 ic_m4 small_x_offset table completed_valid t=0.0s
[     39s] main 32b c2894 ic_m4 subgroup table completed_valid t=0.0s
[     39s] main 32b c2894 ic_m4 small_x table completed_valid t=0.0s
[     39s] main 32b c2894 ic_m4 random_sub_r0 table completed_valid t=0.0s
[     39s] main 32b c2894 ic_m4 random_sub_r1 table completed_valid t=0.0s
[     39s] main 32b c2894 ic_m4 random_sub_r2 table completed_valid t=0.0s
[     39s] main 32b c2894 ic_m4 known_null_sub table completed_valid t=0.1s
[     39s] main 32b c2894 ic_m4 planted_sub table completed_valid t=0.1s
[     39s] main 32b c2894 ic_m4 small_x_offset table completed_valid t=0.1s
[     39s] main 32b c2895 ic_m4 subgroup table completed_valid t=0.0s
[     39s] main 32b c2895 ic_m4 small_x table completed_valid t=0.0s
[     39s] main 32b c2895 ic_m4 random_sub_r0 table completed_valid t=0.0s
[     39s] main 32b c2895 ic_m4 random_sub_r1 table completed_valid t=0.0s
[     39s] main 32b c2895 ic_m4 random_sub_r2 table completed_valid t=0.0s
[     39s] main 32b c2895 ic_m4 known_null_sub table completed_valid t=0.0s
[     39s] main 32b c2895 ic_m4 planted_sub table completed_valid t=0.0s
[     39s] main 32b c2895 ic_m4 small_x_offset table completed_valid t=0.0s
[     40s] main 32b c2896 ic_m4 subgroup table completed_valid t=0.0s
[     40s] main 32b c2896 ic_m4 small_x table completed_valid t=0.0s
[     40s] main 32b c2896 ic_m4 random_sub_r0 table completed_valid t=0.0s
[     40s] main 32b c2896 ic_m4 random_sub_r1 table completed_valid t=0.0s
[     40s] main 32b c2896 ic_m4 random_sub_r2 table completed_valid t=0.0s
[     40s] main 32b c2896 ic_m4 known_null_sub table completed_valid t=0.0s
[     40s] main 32b c2896 ic_m4 planted_sub table completed_valid t=0.0s
[     40s] main 32b c2896 ic_m4 small_x_offset table completed_valid t=0.0s
[     40s] main 32b c2897 ic_m4 subgroup table completed_valid t=0.0s
[     40s] main 32b c2897 ic_m4 small_x table completed_valid t=0.0s
[     40s] main 32b c2897 ic_m4 random_sub_r0 table completed_valid t=0.1s
[     40s] main 32b c2897 ic_m4 random_sub_r1 table completed_valid t=0.1s
[     40s] main 32b c2897 ic_m4 random_sub_r2 table completed_valid t=0.0s
[     40s] main 32b c2897 ic_m4 known_null_sub table completed_valid t=0.0s
[     40s] main 32b c2897 ic_m4 planted_sub table completed_valid t=0.0s
[     40s] main 32b c2897 ic_m4 small_x_offset table completed_valid t=0.0s
[     41s] main 32b c2898 ic_m4 subgroup table completed_valid t=0.0s
[     41s] main 32b c2898 ic_m4 small_x table completed_valid t=0.0s
[     41s] main 32b c2898 ic_m4 random_sub_r0 table completed_valid t=0.0s
[     41s] main 32b c2898 ic_m4 random_sub_r1 table completed_valid t=0.0s
[     41s] main 32b c2898 ic_m4 random_sub_r2 table completed_valid t=0.0s
[     41s] main 32b c2898 ic_m4 known_null_sub table completed_valid t=0.0s
[     41s] main 32b c2898 ic_m4 planted_sub table completed_valid t=0.0s
[     41s] main 32b c2898 ic_m4 small_x_offset table completed_valid t=0.0s
[     41s] main 32b c2899 ic_m4 subgroup table completed_valid t=0.0s
[     41s] main 32b c2899 ic_m4 small_x table completed_valid t=0.0s
[     41s] main 32b c2899 ic_m4 random_sub_r0 table completed_valid t=0.0s
[     41s] main 32b c2899 ic_m4 random_sub_r1 table completed_valid t=0.0s
[     41s] main 32b c2899 ic_m4 random_sub_r2 table completed_valid t=0.0s
[     41s] main 32b c2899 ic_m4 known_null_sub table completed_valid t=0.0s
[     41s] main 32b c2899 ic_m4 planted_sub table completed_valid t=0.0s
[     41s] main 32b c2899 ic_m4 small_x_offset table completed_valid t=0.0s
[     42s] main 32b c2900 ic_m4 subgroup table completed_valid t=0.0s
[     42s] main 32b c2900 ic_m4 small_x table completed_valid t=0.0s
[     42s] main 32b c2900 ic_m4 random_sub_r0 table completed_valid t=0.0s
[     42s] main 32b c2900 ic_m4 random_sub_r1 table completed_valid t=0.0s
[     42s] main 32b c2900 ic_m4 random_sub_r2 table completed_valid t=0.0s
[     42s] main 32b c2900 ic_m4 known_null_sub table completed_valid t=0.0s
[     42s] main 32b c2900 ic_m4 planted_sub table completed_valid t=0.0s
[     42s] main 32b c2900 ic_m4 small_x_offset table completed_valid t=0.0s
[     42s] main 32b c2901 ic_m4 subgroup table completed_valid t=0.0s
[     42s] main 32b c2901 ic_m4 small_x table completed_valid t=0.0s
[     42s] main 32b c2901 ic_m4 random_sub_r0 table completed_valid t=0.1s
[     42s] main 32b c2901 ic_m4 random_sub_r1 table completed_valid t=0.1s
[     42s] main 32b c2901 ic_m4 random_sub_r2 table completed_valid t=0.0s
[     42s] main 32b c2901 ic_m4 known_null_sub table completed_valid t=0.0s
[     42s] main 32b c2901 ic_m4 planted_sub table completed_valid t=0.0s
[     42s] main 32b c2901 ic_m4 small_x_offset table completed_valid t=0.0s
[     42s] main 32b c2902 ic_m4 subgroup table completed_valid t=0.0s
[     42s] main 32b c2902 ic_m4 small_x table completed_valid t=0.0s
[     42s] main 32b c2902 ic_m4 random_sub_r0 table completed_valid t=0.0s
[     42s] main 32b c2902 ic_m4 random_sub_r1 table completed_valid t=0.0s
[     42s] main 32b c2902 ic_m4 random_sub_r2 table completed_valid t=0.0s
[     42s] main 32b c2902 ic_m4 known_null_sub table completed_valid t=0.0s
[     42s] main 32b c2902 ic_m4 planted_sub table completed_valid t=0.0s
[     42s] main 32b c2902 ic_m4 small_x_offset table completed_valid t=0.0s
[     43s] main 32b c2903 ic_m4 subgroup table completed_valid t=0.0s
[     43s] main 32b c2903 ic_m4 small_x table completed_valid t=0.0s
[     43s] main 32b c2903 ic_m4 random_sub_r0 table completed_valid t=0.0s
[     43s] main 32b c2903 ic_m4 random_sub_r1 table completed_valid t=0.0s
[     43s] main 32b c2903 ic_m4 random_sub_r2 table completed_valid t=0.0s
[     43s] main 32b c2903 ic_m4 known_null_sub table completed_valid t=0.0s
[     43s] main 32b c2903 ic_m4 planted_sub table completed_valid t=0.0s
[     43s] main 32b c2903 ic_m4 small_x_offset table completed_valid t=0.0s
[     43s] main 32b c2904 ic_m4 subgroup table completed_valid t=0.0s
[     43s] main 32b c2904 ic_m4 small_x table completed_valid t=0.0s
[     43s] main 32b c2904 ic_m4 random_sub_r0 table completed_valid t=0.0s
[     43s] main 32b c2904 ic_m4 random_sub_r1 table completed_valid t=0.0s
[     43s] main 32b c2904 ic_m4 random_sub_r2 table completed_valid t=0.0s
[     43s] main 32b c2904 ic_m4 known_null_sub table completed_valid t=0.0s
[     43s] main 32b c2904 ic_m4 planted_sub table completed_valid t=0.0s
[     43s] main 32b c2904 ic_m4 small_x_offset table completed_valid t=0.0s
[     44s] main 32b c2905 ic_m4 subgroup table completed_valid t=0.0s
[     44s] main 32b c2905 ic_m4 small_x table completed_valid t=0.0s
[     44s] main 32b c2905 ic_m4 random_sub_r0 table completed_valid t=0.0s
[     44s] main 32b c2905 ic_m4 random_sub_r1 table completed_valid t=0.0s
[     44s] main 32b c2905 ic_m4 random_sub_r2 table completed_valid t=0.0s
[     44s] main 32b c2905 ic_m4 known_null_sub table completed_valid t=0.0s
[     44s] main 32b c2905 ic_m4 planted_sub table completed_valid t=0.0s
[     44s] main 32b c2905 ic_m4 small_x_offset table completed_valid t=0.0s
[     44s] main 32b c2906 ic_m4 subgroup table completed_valid t=0.0s
[     44s] main 32b c2906 ic_m4 small_x table completed_valid t=0.0s
[     44s] main 32b c2906 ic_m4 random_sub_r0 table completed_valid t=0.0s
[     44s] main 32b c2906 ic_m4 random_sub_r1 table completed_valid t=0.0s
[     44s] main 32b c2906 ic_m4 random_sub_r2 table completed_valid t=0.0s
[     44s] main 32b c2906 ic_m4 known_null_sub table completed_valid t=0.0s
[     44s] main 32b c2906 ic_m4 planted_sub table completed_valid t=0.0s
[     44s] main 32b c2906 ic_m4 small_x_offset table completed_valid t=0.0s
[     45s] main 32b c2907 ic_m4 subgroup table completed_valid t=0.0s
[     45s] main 32b c2907 ic_m4 small_x table completed_valid t=0.0s
[     45s] main 32b c2907 ic_m4 random_sub_r0 table completed_valid t=0.0s
[     45s] main 32b c2907 ic_m4 random_sub_r1 table completed_valid t=0.0s
[     45s] main 32b c2907 ic_m4 random_sub_r2 table completed_valid t=0.0s
[     45s] main 32b c2907 ic_m4 known_null_sub table completed_valid t=0.0s
[     45s] main 32b c2907 ic_m4 planted_sub table completed_valid t=0.0s
[     45s] main 32b c2907 ic_m4 small_x_offset table completed_valid t=0.0s
[     45s] main 32b c2908 ic_m4 subgroup table completed_valid t=0.0s
[     45s] main 32b c2908 ic_m4 small_x table completed_valid t=0.0s
[     45s] main 32b c2908 ic_m4 random_sub_r0 table completed_valid t=0.0s
[     45s] main 32b c2908 ic_m4 random_sub_r1 table completed_valid t=0.0s
[     45s] main 32b c2908 ic_m4 random_sub_r2 table completed_valid t=0.0s
[     45s] main 32b c2908 ic_m4 known_null_sub table completed_valid t=0.0s
[     45s] main 32b c2908 ic_m4 planted_sub table completed_valid t=0.0s
[     45s] main 32b c2908 ic_m4 small_x_offset table completed_valid t=0.0s
[     45s] main 32b c2909 ic_m4 subgroup table completed_valid t=0.0s
[     45s] main 32b c2909 ic_m4 small_x table completed_valid t=0.0s
[     45s] main 32b c2909 ic_m4 random_sub_r0 table completed_valid t=0.0s
[     45s] main 32b c2909 ic_m4 random_sub_r1 table completed_valid t=0.0s
[     45s] main 32b c2909 ic_m4 random_sub_r2 table completed_valid t=0.0s
[     45s] main 32b c2909 ic_m4 known_null_sub table completed_valid t=0.0s
[     45s] main 32b c2909 ic_m4 planted_sub table completed_valid t=0.0s
[     45s] main 32b c2909 ic_m4 small_x_offset table completed_valid t=0.0s
