{
  "fixture_pass": true,
  "real_count_pass": true,
  "known_false_asymmetric_pass": true,
  "reject_invalid_pass": true,
  "null_empty_pass": true,
  "REAL": {
    "id": "REAL",
    "S": [
      1,
      6
    ],
    "symmetric": true,
    "collision": true,
    "iff": true,
    "images": {
      "0": [
        1
      ],
      "1": [
        0,
        2
      ],
      "2": [
        1,
        3
      ],
      "3": [
        2,
        3
      ],
      "4": [
        2,
        3
      ],
      "5": [
        1,
        3
      ],
      "6": [
        0,
        2
      ]
    }
  },
  "KF": {
    "id": "KF",
    "asymmetric": true,
    "must_not_be_pair": true,
    "S": [
      1,
      2,
      4
    ],
    "symmetric": false,
    "collision": false,
    "iff": true,
    "images": {
      "0": [
        1,
        2,
        3
      ],
      "1": [
        2,
        3
      ],
      "2": [
        1,
        3
      ],
      "3": [
        0,
        2,
        3
      ],
      "4": [
        1,
        2
      ],
      "5": [
        0,
        1,
        2
      ],
      "6": [
        0,
        1,
        3
      ]
    }
  },
  "NULL": {
    "id": "NULL",
    "kind": "empty_or_short_S",
    "rejected": true,
    "rows": [
      {
        "id": "NULL",
        "kind": "empty",
        "rejected": true
      },
      {
        "id": "NULL",
        "kind": "singleton",
        "rejected": true
      }
    ]
  }
}
