[      0s] main 30b c2010 ic_m4 subgroup table completed_valid t=0.1s
[      0s] main 30b c2010 ic_m4 small_x table completed_valid t=0.0s
[      0s] main 30b c2010 ic_m4 random_sub_r0 table completed_valid t=0.0s
[      0s] main 30b c2010 ic_m4 random_sub_r1 table completed_valid t=0.0s
[      0s] main 30b c2010 ic_m4 random_sub_r2 table completed_valid t=0.0s
[      0s] main 30b c2010 ic_m4 known_null_sub table completed_valid t=0.0s
[      0s] main 30b c2010 ic_m4 planted_sub table completed_valid t=0.0s
[      0s] main 30b c2010 ic_m4 small_x_offset table completed_valid t=0.0s
[      1s] main 30b c2011 ic_m4 subgroup table completed_valid t=0.0s
[      1s] main 30b c2011 ic_m4 small_x table completed_valid t=0.0s
[      1s] main 30b c2011 ic_m4 random_sub_r0 table completed_valid t=0.0s
[      1s] main 30b c2011 ic_m4 random_sub_r1 table completed_valid t=0.0s
[      1s] main 30b c2011 ic_m4 random_sub_r2 table completed_valid t=0.0s
[      1s] main 30b c2011 ic_m4 known_null_sub table completed_valid t=0.0s
[      1s] main 30b c2011 ic_m4 planted_sub table completed_valid t=0.0s
[      1s] main 30b c2011 ic_m4 small_x_offset table completed_valid t=0.0s
[      1s] main 30b c2012 ic_m4 subgroup table completed_valid t=0.0s
[      1s] main 30b c2012 ic_m4 small_x table completed_valid t=0.0s
[      1s] main 30b c2012 ic_m4 random_sub_r0 table completed_valid t=0.0s
[      1s] main 30b c2012 ic_m4 random_sub_r1 table completed_valid t=0.0s
[      1s] main 30b c2012 ic_m4 random_sub_r2 table completed_valid t=0.0s
[      1s] main 30b c2012 ic_m4 known_null_sub table completed_valid t=0.0s
[      1s] main 30b c2012 ic_m4 planted_sub table completed_valid t=0.0s
[      1s] main 30b c2012 ic_m4 small_x_offset table completed_valid t=0.0s
[      1s] main 30b c2013 ic_m4 subgroup table completed_valid t=0.0s
[      1s] main 30b c2013 ic_m4 small_x table completed_valid t=0.0s
[      1s] main 30b c2013 ic_m4 random_sub_r0 table completed_valid t=0.0s
[      1s] main 30b c2013 ic_m4 random_sub_r1 table completed_valid t=0.0s
[      1s] main 30b c2013 ic_m4 random_sub_r2 table completed_valid t=0.0s
[      1s] main 30b c2013 ic_m4 known_null_sub table completed_valid t=0.0s
[      1s] main 30b c2013 ic_m4 planted_sub table completed_valid t=0.0s
[      1s] main 30b c2013 ic_m4 small_x_offset table completed_valid t=0.0s
[      1s] main 30b c2014 ic_m4 subgroup table completed_valid t=0.0s
[      1s] main 30b c2014 ic_m4 small_x table completed_valid t=0.0s
[      1s] main 30b c2014 ic_m4 random_sub_r0 table completed_valid t=0.0s
[      1s] main 30b c2014 ic_m4 random_sub_r1 table completed_valid t=0.0s
[      1s] main 30b c2014 ic_m4 random_sub_r2 table completed_valid t=0.0s
[      1s] main 30b c2014 ic_m4 known_null_sub table completed_valid t=0.0s
[      1s] main 30b c2014 ic_m4 planted_sub table completed_valid t=0.0s
[      1s] main 30b c2014 ic_m4 small_x_offset table completed_valid t=0.0s
[      1s] main 30b c2015 ic_m4 subgroup table completed_valid t=0.0s
[      1s] main 30b c2015 ic_m4 small_x table completed_valid t=0.0s
[      1s] main 30b c2015 ic_m4 random_sub_r0 table completed_valid t=0.0s
[      1s] main 30b c2015 ic_m4 random_sub_r1 table completed_valid t=0.0s
[      1s] main 30b c2015 ic_m4 random_sub_r2 table completed_valid t=0.0s
[      1s] main 30b c2015 ic_m4 known_null_sub table completed_valid t=0.0s
[      1s] main 30b c2015 ic_m4 planted_sub table completed_valid t=0.0s
[      1s] main 30b c2015 ic_m4 small_x_offset table completed_valid t=0.0s
[      2s] main 30b c2016 ic_m4 subgroup table completed_valid t=0.0s
[      2s] main 30b c2016 ic_m4 small_x table completed_valid t=0.0s
[      2s] main 30b c2016 ic_m4 random_sub_r0 table completed_valid t=0.0s
[      2s] main 30b c2016 ic_m4 random_sub_r1 table completed_valid t=0.0s
[      2s] main 30b c2016 ic_m4 random_sub_r2 table completed_valid t=0.0s
[      2s] main 30b c2016 ic_m4 known_null_sub table completed_valid t=0.0s
[      2s] main 30b c2016 ic_m4 planted_sub table completed_valid t=0.0s
[      2s] main 30b c2016 ic_m4 small_x_offset table completed_valid t=0.0s
[      2s] main 30b c2017 ic_m4 subgroup table completed_valid t=0.0s
[      2s] main 30b c2017 ic_m4 small_x table completed_valid t=0.0s
[      2s] main 30b c2017 ic_m4 random_sub_r0 table completed_valid t=0.0s
[      2s] main 30b c2017 ic_m4 random_sub_r1 table completed_valid t=0.0s
[      2s] main 30b c2017 ic_m4 random_sub_r2 table completed_valid t=0.0s
[      2s] main 30b c2017 ic_m4 known_null_sub table completed_valid t=0.0s
[      2s] main 30b c2017 ic_m4 planted_sub table completed_valid t=0.0s
[      2s] main 30b c2017 ic_m4 small_x_offset table completed_valid t=0.0s
[      2s] main 30b c2018 ic_m4 subgroup table completed_valid t=0.0s
[      2s] main 30b c2018 ic_m4 small_x table completed_valid t=0.0s
[      2s] main 30b c2018 ic_m4 random_sub_r0 table completed_valid t=0.0s
[      2s] main 30b c2018 ic_m4 random_sub_r1 table completed_valid t=0.0s
[      2s] main 30b c2018 ic_m4 random_sub_r2 table completed_valid t=0.0s
[      2s] main 30b c2018 ic_m4 known_null_sub table completed_valid t=0.0s
[      2s] main 30b c2018 ic_m4 planted_sub table completed_valid t=0.0s
[      2s] main 30b c2018 ic_m4 small_x_offset table completed_valid t=0.0s
[      2s] main 30b c2019 ic_m4 subgroup table completed_valid t=0.0s
[      2s] main 30b c2019 ic_m4 small_x table completed_valid t=0.0s
[      2s] main 30b c2019 ic_m4 random_sub_r0 table completed_valid t=0.0s
[      2s] main 30b c2019 ic_m4 random_sub_r1 table completed_valid t=0.0s
[      2s] main 30b c2019 ic_m4 random_sub_r2 table completed_valid t=0.0s
[      2s] main 30b c2019 ic_m4 known_null_sub table completed_valid t=0.0s
[      2s] main 30b c2019 ic_m4 planted_sub table completed_valid t=0.0s
[      2s] main 30b c2019 ic_m4 small_x_offset table completed_valid t=0.0s
[      3s] main 30b c2020 ic_m4 subgroup table completed_valid t=0.0s
[      3s] main 30b c2020 ic_m4 small_x table completed_valid t=0.0s
[      3s] main 30b c2020 ic_m4 random_sub_r0 table completed_valid t=0.0s
[      3s] main 30b c2020 ic_m4 random_sub_r1 table completed_valid t=0.0s
[      3s] main 30b c2020 ic_m4 random_sub_r2 table completed_valid t=0.0s
[      3s] main 30b c2020 ic_m4 known_null_sub table completed_valid t=0.0s
[      3s] main 30b c2020 ic_m4 planted_sub table completed_valid t=0.0s
[      3s] main 30b c2020 ic_m4 small_x_offset table completed_valid t=0.0s
[      3s] main 30b c2021 ic_m4 subgroup table completed_valid t=0.0s
[      3s] main 30b c2021 ic_m4 small_x table completed_valid t=0.0s
[      3s] main 30b c2021 ic_m4 random_sub_r0 table completed_valid t=0.0s
[      3s] main 30b c2021 ic_m4 random_sub_r1 table completed_valid t=0.0s
[      3s] main 30b c2021 ic_m4 random_sub_r2 table completed_valid t=0.0s
[      3s] main 30b c2021 ic_m4 known_null_sub table completed_valid t=0.0s
[      3s] main 30b c2021 ic_m4 planted_sub table completed_valid t=0.0s
[      3s] main 30b c2021 ic_m4 small_x_offset table completed_valid t=0.0s
[      3s] main 30b c2022 ic_m4 subgroup table completed_valid t=0.0s
[      3s] main 30b c2022 ic_m4 small_x table completed_valid t=0.0s
[      3s] main 30b c2022 ic_m4 random_sub_r0 table completed_valid t=0.0s
[      3s] main 30b c2022 ic_m4 random_sub_r1 table completed_valid t=0.0s
[      3s] main 30b c2022 ic_m4 random_sub_r2 table completed_valid t=0.0s
[      3s] main 30b c2022 ic_m4 known_null_sub table completed_valid t=0.0s
[      3s] main 30b c2022 ic_m4 planted_sub table completed_valid t=0.0s
[      3s] main 30b c2022 ic_m4 small_x_offset table completed_valid t=0.0s
[      3s] main 30b c2023 ic_m4 subgroup table completed_valid t=0.0s
[      3s] main 30b c2023 ic_m4 small_x table completed_valid t=0.0s
[      3s] main 30b c2023 ic_m4 random_sub_r0 table completed_valid t=0.0s
[      3s] main 30b c2023 ic_m4 random_sub_r1 table completed_valid t=0.0s
[      3s] main 30b c2023 ic_m4 random_sub_r2 table completed_valid t=0.0s
[      3s] main 30b c2023 ic_m4 known_null_sub table completed_valid t=0.0s
[      3s] main 30b c2023 ic_m4 planted_sub table completed_valid t=0.0s
[      3s] main 30b c2023 ic_m4 small_x_offset table completed_valid t=0.0s
[      4s] main 30b c2024 ic_m4 subgroup table completed_valid t=0.0s
[      4s] main 30b c2024 ic_m4 small_x table completed_valid t=0.0s
[      4s] main 30b c2024 ic_m4 random_sub_r0 table completed_valid t=0.0s
[      4s] main 30b c2024 ic_m4 random_sub_r1 table completed_valid t=0.0s
[      4s] main 30b c2024 ic_m4 random_sub_r2 table completed_valid t=0.0s
[      4s] main 30b c2024 ic_m4 known_null_sub table completed_valid t=0.0s
[      4s] main 30b c2024 ic_m4 planted_sub table completed_valid t=0.0s
[      4s] main 30b c2024 ic_m4 small_x_offset table completed_valid t=0.0s
[      4s] main 30b c2025 ic_m4 subgroup table completed_valid t=0.0s
[      4s] main 30b c2025 ic_m4 small_x table completed_valid t=0.0s
[      4s] main 30b c2025 ic_m4 random_sub_r0 table completed_valid t=0.0s
[      4s] main 30b c2025 ic_m4 random_sub_r1 table completed_valid t=0.0s
[      4s] main 30b c2025 ic_m4 random_sub_r2 table completed_valid t=0.0s
[      4s] main 30b c2025 ic_m4 known_null_sub table completed_valid t=0.0s
[      4s] main 30b c2025 ic_m4 planted_sub table completed_valid t=0.0s
[      4s] main 30b c2025 ic_m4 small_x_offset table completed_valid t=0.0s
[      4s] main 30b c2026 ic_m4 subgroup table completed_valid t=0.0s
[      4s] main 30b c2026 ic_m4 small_x table completed_valid t=0.0s
[      4s] main 30b c2026 ic_m4 random_sub_r0 table completed_valid t=0.0s
[      4s] main 30b c2026 ic_m4 random_sub_r1 table completed_valid t=0.0s
[      4s] main 30b c2026 ic_m4 random_sub_r2 table completed_valid t=0.0s
[      4s] main 30b c2026 ic_m4 known_null_sub table completed_valid t=0.0s
[      4s] main 30b c2026 ic_m4 planted_sub table completed_valid t=0.0s
[      4s] main 30b c2026 ic_m4 small_x_offset table completed_valid t=0.0s
[      5s] main 30b c2027 ic_m4 subgroup table completed_valid t=0.0s
[      5s] main 30b c2027 ic_m4 small_x table completed_valid t=0.0s
[      5s] main 30b c2027 ic_m4 random_sub_r0 table completed_valid t=0.0s
[      5s] main 30b c2027 ic_m4 random_sub_r1 table completed_valid t=0.0s
[      5s] main 30b c2027 ic_m4 random_sub_r2 table completed_valid t=0.0s
[      5s] main 30b c2027 ic_m4 known_null_sub table completed_valid t=0.0s
[      5s] main 30b c2027 ic_m4 planted_sub table completed_valid t=0.0s
[      5s] main 30b c2027 ic_m4 small_x_offset table completed_valid t=0.0s
[      5s] main 30b c2028 ic_m4 subgroup table completed_valid t=0.0s
[      5s] main 30b c2028 ic_m4 small_x table completed_valid t=0.0s
[      5s] main 30b c2028 ic_m4 random_sub_r0 table completed_valid t=0.0s
[      5s] main 30b c2028 ic_m4 random_sub_r1 table completed_valid t=0.0s
[      5s] main 30b c2028 ic_m4 random_sub_r2 table completed_valid t=0.0s
[      5s] main 30b c2028 ic_m4 known_null_sub table completed_valid t=0.0s
[      5s] main 30b c2028 ic_m4 planted_sub table completed_valid t=0.0s
[      5s] main 30b c2028 ic_m4 small_x_offset table completed_valid t=0.0s
[      5s] main 30b c2029 ic_m4 subgroup table completed_valid t=0.0s
[      5s] main 30b c2029 ic_m4 small_x table completed_valid t=0.0s
[      5s] main 30b c2029 ic_m4 random_sub_r0 table completed_valid t=0.0s
[      5s] main 30b c2029 ic_m4 random_sub_r1 table completed_valid t=0.0s
[      5s] main 30b c2029 ic_m4 random_sub_r2 table completed_valid t=0.0s
[      5s] main 30b c2029 ic_m4 known_null_sub table completed_valid t=0.0s
[      5s] main 30b c2029 ic_m4 planted_sub table completed_valid t=0.0s
[      5s] main 30b c2029 ic_m4 small_x_offset table completed_valid t=0.0s
[      5s] main 30b c2030 ic_m4 subgroup table completed_valid t=0.0s
[      5s] main 30b c2030 ic_m4 small_x table completed_valid t=0.0s
[      5s] main 30b c2030 ic_m4 random_sub_r0 table completed_valid t=0.0s
[      5s] main 30b c2030 ic_m4 random_sub_r1 table completed_valid t=0.0s
[      5s] main 30b c2030 ic_m4 random_sub_r2 table completed_valid t=0.0s
[      5s] main 30b c2030 ic_m4 known_null_sub table completed_valid t=0.0s
[      5s] main 30b c2030 ic_m4 planted_sub table completed_valid t=0.0s
[      5s] main 30b c2030 ic_m4 small_x_offset table completed_valid t=0.0s
[      5s] main 30b c2031 ic_m4 subgroup table completed_valid t=0.0s
[      5s] main 30b c2031 ic_m4 small_x table completed_valid t=0.0s
[      5s] main 30b c2031 ic_m4 random_sub_r0 table completed_valid t=0.0s
[      5s] main 30b c2031 ic_m4 random_sub_r1 table completed_valid t=0.0s
[      5s] main 30b c2031 ic_m4 random_sub_r2 table completed_valid t=0.0s
[      5s] main 30b c2031 ic_m4 known_null_sub table completed_valid t=0.0s
[      5s] main 30b c2031 ic_m4 planted_sub table completed_valid t=0.0s
[      5s] main 30b c2031 ic_m4 small_x_offset table completed_valid t=0.0s
[      6s] main 30b c2032 ic_m4 subgroup table completed_valid t=0.0s
[      6s] main 30b c2032 ic_m4 small_x table completed_valid t=0.0s
[      6s] main 30b c2032 ic_m4 random_sub_r0 table completed_valid t=0.0s
[      6s] main 30b c2032 ic_m4 random_sub_r1 table completed_valid t=0.0s
[      6s] main 30b c2032 ic_m4 random_sub_r2 table completed_valid t=0.0s
[      6s] main 30b c2032 ic_m4 known_null_sub table completed_valid t=0.0s
[      6s] main 30b c2032 ic_m4 planted_sub table completed_valid t=0.0s
[      6s] main 30b c2032 ic_m4 small_x_offset table completed_valid t=0.0s
[      6s] main 30b c2033 ic_m4 subgroup table completed_valid t=0.0s
[      6s] main 30b c2033 ic_m4 small_x table completed_valid t=0.0s
[      6s] main 30b c2033 ic_m4 random_sub_r0 table completed_valid t=0.0s
[      6s] main 30b c2033 ic_m4 random_sub_r1 table completed_valid t=0.0s
[      6s] main 30b c2033 ic_m4 random_sub_r2 table completed_valid t=0.0s
[      6s] main 30b c2033 ic_m4 known_null_sub table completed_valid t=0.0s
[      6s] main 30b c2033 ic_m4 planted_sub table completed_valid t=0.0s
[      6s] main 30b c2033 ic_m4 small_x_offset table completed_valid t=0.0s
[      6s] main 30b c2034 ic_m4 subgroup table completed_valid t=0.0s
[      6s] main 30b c2034 ic_m4 small_x table completed_valid t=0.0s
[      6s] main 30b c2034 ic_m4 random_sub_r0 table completed_valid t=0.0s
[      6s] main 30b c2034 ic_m4 random_sub_r1 table completed_valid t=0.0s
[      6s] main 30b c2034 ic_m4 random_sub_r2 table completed_valid t=0.0s
[      6s] main 30b c2034 ic_m4 known_null_sub table completed_valid t=0.0s
[      6s] main 30b c2034 ic_m4 planted_sub table completed_valid t=0.0s
[      6s] main 30b c2034 ic_m4 small_x_offset table completed_valid t=0.0s
[      6s] main 30b c2035 ic_m4 subgroup table completed_valid t=0.0s
[      6s] main 30b c2035 ic_m4 small_x table completed_valid t=0.0s
[      6s] main 30b c2035 ic_m4 random_sub_r0 table completed_valid t=0.0s
[      6s] main 30b c2035 ic_m4 random_sub_r1 table completed_valid t=0.0s
[      6s] main 30b c2035 ic_m4 random_sub_r2 table completed_valid t=0.0s
[      6s] main 30b c2035 ic_m4 known_null_sub table completed_valid t=0.0s
[      6s] main 30b c2035 ic_m4 planted_sub table completed_valid t=0.0s
[      6s] main 30b c2035 ic_m4 small_x_offset table completed_valid t=0.0s
[      7s] main 30b c2036 ic_m4 subgroup table completed_valid t=0.0s
[      7s] main 30b c2036 ic_m4 small_x table completed_valid t=0.0s
[      7s] main 30b c2036 ic_m4 random_sub_r0 table completed_valid t=0.0s
[      7s] main 30b c2036 ic_m4 random_sub_r1 table completed_valid t=0.0s
[      7s] main 30b c2036 ic_m4 random_sub_r2 table completed_valid t=0.0s
[      7s] main 30b c2036 ic_m4 known_null_sub table completed_valid t=0.0s
[      7s] main 30b c2036 ic_m4 planted_sub table completed_valid t=0.0s
[      7s] main 30b c2036 ic_m4 small_x_offset table completed_valid t=0.0s
[      7s] main 30b c2037 ic_m4 subgroup table completed_valid t=0.0s
[      7s] main 30b c2037 ic_m4 small_x table completed_valid t=0.0s
[      7s] main 30b c2037 ic_m4 random_sub_r0 table completed_valid t=0.0s
[      7s] main 30b c2037 ic_m4 random_sub_r1 table completed_valid t=0.0s
[      7s] main 30b c2037 ic_m4 random_sub_r2 table completed_valid t=0.0s
[      7s] main 30b c2037 ic_m4 known_null_sub table completed_valid t=0.0s
[      7s] main 30b c2037 ic_m4 planted_sub table completed_valid t=0.0s
[      7s] main 30b c2037 ic_m4 small_x_offset table completed_valid t=0.0s
[      7s] main 30b c2038 ic_m4 subgroup table completed_valid t=0.0s
[      7s] main 30b c2038 ic_m4 small_x table completed_valid t=0.0s
[      7s] main 30b c2038 ic_m4 random_sub_r0 table completed_valid t=0.0s
[      7s] main 30b c2038 ic_m4 random_sub_r1 table completed_valid t=0.0s
[      7s] main 30b c2038 ic_m4 random_sub_r2 table completed_valid t=0.0s
[      7s] main 30b c2038 ic_m4 known_null_sub table completed_valid t=0.0s
[      7s] main 30b c2038 ic_m4 planted_sub table completed_valid t=0.0s
[      7s] main 30b c2038 ic_m4 small_x_offset table completed_valid t=0.0s
[      7s] main 30b c2039 ic_m4 subgroup table completed_valid t=0.0s
[      7s] main 30b c2039 ic_m4 small_x table completed_valid t=0.0s
[      7s] main 30b c2039 ic_m4 random_sub_r0 table completed_valid t=0.0s
[      7s] main 30b c2039 ic_m4 random_sub_r1 table completed_valid t=0.0s
[      7s] main 30b c2039 ic_m4 random_sub_r2 table completed_valid t=0.0s
[      7s] main 30b c2039 ic_m4 known_null_sub table completed_valid t=0.0s
[      7s] main 30b c2039 ic_m4 planted_sub table completed_valid t=0.0s
[      7s] main 30b c2039 ic_m4 small_x_offset table completed_valid t=0.0s
[      8s] main 30b c2040 ic_m4 subgroup table completed_valid t=0.0s
[      8s] main 30b c2040 ic_m4 small_x table completed_valid t=0.0s
[      8s] main 30b c2040 ic_m4 random_sub_r0 table completed_valid t=0.0s
[      8s] main 30b c2040 ic_m4 random_sub_r1 table completed_valid t=0.0s
[      8s] main 30b c2040 ic_m4 random_sub_r2 table completed_valid t=0.0s
[      8s] main 30b c2040 ic_m4 known_null_sub table completed_valid t=0.0s
[      8s] main 30b c2040 ic_m4 planted_sub table completed_valid t=0.0s
[      8s] main 30b c2040 ic_m4 small_x_offset table completed_valid t=0.0s
[      8s] main 30b c2041 ic_m4 subgroup table completed_valid t=0.0s
[      8s] main 30b c2041 ic_m4 small_x table completed_valid t=0.0s
[      8s] main 30b c2041 ic_m4 random_sub_r0 table completed_valid t=0.0s
[      8s] main 30b c2041 ic_m4 random_sub_r1 table completed_valid t=0.0s
[      8s] main 30b c2041 ic_m4 random_sub_r2 table completed_valid t=0.0s
[      8s] main 30b c2041 ic_m4 known_null_sub table completed_valid t=0.0s
[      8s] main 30b c2041 ic_m4 planted_sub table completed_valid t=0.0s
[      8s] main 30b c2041 ic_m4 small_x_offset table completed_valid t=0.0s
[      8s] main 30b c2042 ic_m4 subgroup table completed_valid t=0.0s
[      8s] main 30b c2042 ic_m4 small_x table completed_valid t=0.0s
[      8s] main 30b c2042 ic_m4 random_sub_r0 table completed_valid t=0.0s
[      8s] main 30b c2042 ic_m4 random_sub_r1 table completed_valid t=0.0s
[      8s] main 30b c2042 ic_m4 random_sub_r2 table completed_valid t=0.0s
[      8s] main 30b c2042 ic_m4 known_null_sub table completed_valid t=0.0s
[      8s] main 30b c2042 ic_m4 planted_sub table completed_valid t=0.0s
[      8s] main 30b c2042 ic_m4 small_x_offset table completed_valid t=0.0s
[      8s] main 30b c2043 ic_m4 subgroup table completed_valid t=0.0s
[      8s] main 30b c2043 ic_m4 small_x table completed_valid t=0.0s
[      8s] main 30b c2043 ic_m4 random_sub_r0 table completed_valid t=0.0s
[      8s] main 30b c2043 ic_m4 random_sub_r1 table completed_valid t=0.0s
[      8s] main 30b c2043 ic_m4 random_sub_r2 table completed_valid t=0.0s
[      8s] main 30b c2043 ic_m4 known_null_sub table completed_valid t=0.0s
[      8s] main 30b c2043 ic_m4 planted_sub table completed_valid t=0.0s
[      8s] main 30b c2043 ic_m4 small_x_offset table completed_valid t=0.0s
[      9s] main 30b c2044 ic_m4 subgroup table completed_valid t=0.0s
[      9s] main 30b c2044 ic_m4 small_x table completed_valid t=0.0s
[      9s] main 30b c2044 ic_m4 random_sub_r0 table completed_valid t=0.0s
[      9s] main 30b c2044 ic_m4 random_sub_r1 table completed_valid t=0.0s
[      9s] main 30b c2044 ic_m4 random_sub_r2 table completed_valid t=0.0s
[      9s] main 30b c2044 ic_m4 known_null_sub table completed_valid t=0.0s
[      9s] main 30b c2044 ic_m4 planted_sub table completed_valid t=0.0s
[      9s] main 30b c2044 ic_m4 small_x_offset table completed_valid t=0.0s
[      9s] main 30b c2045 ic_m4 subgroup table completed_valid t=0.0s
[      9s] main 30b c2045 ic_m4 small_x table completed_valid t=0.0s
[      9s] main 30b c2045 ic_m4 random_sub_r0 table completed_valid t=0.0s
[      9s] main 30b c2045 ic_m4 random_sub_r1 table completed_valid t=0.0s
[      9s] main 30b c2045 ic_m4 random_sub_r2 table completed_valid t=0.0s
[      9s] main 30b c2045 ic_m4 known_null_sub table completed_valid t=0.0s
[      9s] main 30b c2045 ic_m4 planted_sub table completed_valid t=0.0s
[      9s] main 30b c2045 ic_m4 small_x_offset table completed_valid t=0.0s
[      9s] main 30b c2046 ic_m4 subgroup table completed_valid t=0.0s
[      9s] main 30b c2046 ic_m4 small_x table completed_valid t=0.0s
[      9s] main 30b c2046 ic_m4 random_sub_r0 table completed_valid t=0.0s
[      9s] main 30b c2046 ic_m4 random_sub_r1 table completed_valid t=0.0s
[      9s] main 30b c2046 ic_m4 random_sub_r2 table completed_valid t=0.0s
[      9s] main 30b c2046 ic_m4 known_null_sub table completed_valid t=0.0s
[      9s] main 30b c2046 ic_m4 planted_sub table completed_valid t=0.0s
[      9s] main 30b c2046 ic_m4 small_x_offset table completed_valid t=0.0s
[      9s] main 30b c2047 ic_m4 subgroup table completed_valid t=0.0s
[      9s] main 30b c2047 ic_m4 small_x table completed_valid t=0.0s
[      9s] main 30b c2047 ic_m4 random_sub_r0 table completed_valid t=0.0s
[      9s] main 30b c2047 ic_m4 random_sub_r1 table completed_valid t=0.0s
[      9s] main 30b c2047 ic_m4 random_sub_r2 table completed_valid t=0.0s
[      9s] main 30b c2047 ic_m4 known_null_sub table completed_valid t=0.0s
[      9s] main 30b c2047 ic_m4 planted_sub table completed_valid t=0.0s
[      9s] main 30b c2047 ic_m4 small_x_offset table completed_valid t=0.0s
[     10s] main 30b c2048 ic_m4 subgroup table completed_valid t=0.0s
[     10s] main 30b c2048 ic_m4 small_x table completed_valid t=0.0s
[     10s] main 30b c2048 ic_m4 random_sub_r0 table completed_valid t=0.0s
[     10s] main 30b c2048 ic_m4 random_sub_r1 table completed_valid t=0.0s
[     10s] main 30b c2048 ic_m4 random_sub_r2 table completed_valid t=0.0s
[     10s] main 30b c2048 ic_m4 known_null_sub table completed_valid t=0.0s
[     10s] main 30b c2048 ic_m4 planted_sub table completed_valid t=0.0s
[     10s] main 30b c2048 ic_m4 small_x_offset table completed_valid t=0.0s
[     10s] main 30b c2049 ic_m4 subgroup table completed_valid t=0.0s
[     10s] main 30b c2049 ic_m4 small_x table completed_valid t=0.0s
[     10s] main 30b c2049 ic_m4 random_sub_r0 table completed_valid t=0.0s
[     10s] main 30b c2049 ic_m4 random_sub_r1 table completed_valid t=0.0s
[     10s] main 30b c2049 ic_m4 random_sub_r2 table completed_valid t=0.0s
[     10s] main 30b c2049 ic_m4 known_null_sub table completed_valid t=0.0s
[     10s] main 30b c2049 ic_m4 planted_sub table completed_valid t=0.0s
[     10s] main 30b c2049 ic_m4 small_x_offset table completed_valid t=0.0s
[     10s] main 30b c2050 ic_m4 subgroup table completed_valid t=0.0s
[     10s] main 30b c2050 ic_m4 small_x table completed_valid t=0.0s
[     10s] main 30b c2050 ic_m4 random_sub_r0 table completed_valid t=0.0s
[     10s] main 30b c2050 ic_m4 random_sub_r1 table completed_valid t=0.0s
[     10s] main 30b c2050 ic_m4 random_sub_r2 table completed_valid t=0.0s
[     10s] main 30b c2050 ic_m4 known_null_sub table completed_valid t=0.0s
[     10s] main 30b c2050 ic_m4 planted_sub table completed_valid t=0.0s
[     10s] main 30b c2050 ic_m4 small_x_offset table completed_valid t=0.0s
[     10s] main 30b c2051 ic_m4 subgroup table completed_valid t=0.0s
[     10s] main 30b c2051 ic_m4 small_x table completed_valid t=0.0s
[     10s] main 30b c2051 ic_m4 random_sub_r0 table completed_valid t=0.0s
[     10s] main 30b c2051 ic_m4 random_sub_r1 table completed_valid t=0.0s
[     10s] main 30b c2051 ic_m4 random_sub_r2 table completed_valid t=0.0s
[     10s] main 30b c2051 ic_m4 known_null_sub table completed_valid t=0.0s
[     10s] main 30b c2051 ic_m4 planted_sub table completed_valid t=0.0s
[     10s] main 30b c2051 ic_m4 small_x_offset table completed_valid t=0.0s
[     11s] main 30b c2052 ic_m4 subgroup table completed_valid t=0.0s
[     11s] main 30b c2052 ic_m4 small_x table completed_valid t=0.0s
[     11s] main 30b c2052 ic_m4 random_sub_r0 table completed_valid t=0.0s
[     11s] main 30b c2052 ic_m4 random_sub_r1 table completed_valid t=0.0s
[     11s] main 30b c2052 ic_m4 random_sub_r2 table completed_valid t=0.0s
[     11s] main 30b c2052 ic_m4 known_null_sub table completed_valid t=0.0s
[     11s] main 30b c2052 ic_m4 planted_sub table completed_valid t=0.0s
[     11s] main 30b c2052 ic_m4 small_x_offset table completed_valid t=0.0s
[     11s] main 30b c2053 ic_m4 subgroup table completed_valid t=0.0s
[     11s] main 30b c2053 ic_m4 small_x table completed_valid t=0.0s
[     11s] main 30b c2053 ic_m4 random_sub_r0 table completed_valid t=0.0s
[     11s] main 30b c2053 ic_m4 random_sub_r1 table completed_valid t=0.0s
[     11s] main 30b c2053 ic_m4 random_sub_r2 table completed_valid t=0.0s
[     11s] main 30b c2053 ic_m4 known_null_sub table completed_valid t=0.0s
[     11s] main 30b c2053 ic_m4 planted_sub table completed_valid t=0.0s
[     11s] main 30b c2053 ic_m4 small_x_offset table completed_valid t=0.0s
[     11s] main 30b c2054 ic_m4 subgroup table completed_valid t=0.0s
[     11s] main 30b c2054 ic_m4 small_x table completed_valid t=0.0s
[     11s] main 30b c2054 ic_m4 random_sub_r0 table completed_valid t=0.0s
[     11s] main 30b c2054 ic_m4 random_sub_r1 table completed_valid t=0.0s
[     11s] main 30b c2054 ic_m4 random_sub_r2 table completed_valid t=0.0s
[     11s] main 30b c2054 ic_m4 known_null_sub table completed_valid t=0.0s
[     11s] main 30b c2054 ic_m4 planted_sub table completed_valid t=0.0s
[     11s] main 30b c2054 ic_m4 small_x_offset table completed_valid t=0.0s
[     11s] main 30b c2055 ic_m4 subgroup table completed_valid t=0.0s
[     11s] main 30b c2055 ic_m4 small_x table completed_valid t=0.0s
[     11s] main 30b c2055 ic_m4 random_sub_r0 table completed_valid t=0.0s
[     11s] main 30b c2055 ic_m4 random_sub_r1 table completed_valid t=0.0s
[     11s] main 30b c2055 ic_m4 random_sub_r2 table completed_valid t=0.0s
[     11s] main 30b c2055 ic_m4 known_null_sub table completed_valid t=0.0s
[     11s] main 30b c2055 ic_m4 planted_sub table completed_valid t=0.0s
[     11s] main 30b c2055 ic_m4 small_x_offset table completed_valid t=0.0s
[     12s] main 30b c2056 ic_m4 subgroup table completed_valid t=0.0s
[     12s] main 30b c2056 ic_m4 small_x table completed_valid t=0.0s
[     12s] main 30b c2056 ic_m4 random_sub_r0 table completed_valid t=0.0s
[     12s] main 30b c2056 ic_m4 random_sub_r1 table completed_valid t=0.0s
[     12s] main 30b c2056 ic_m4 random_sub_r2 table completed_valid t=0.0s
[     12s] main 30b c2056 ic_m4 known_null_sub table completed_valid t=0.0s
[     12s] main 30b c2056 ic_m4 planted_sub table completed_valid t=0.0s
[     12s] main 30b c2056 ic_m4 small_x_offset table completed_valid t=0.0s
[     12s] main 30b c2057 ic_m4 subgroup table completed_valid t=0.0s
[     12s] main 30b c2057 ic_m4 small_x table completed_valid t=0.0s
[     12s] main 30b c2057 ic_m4 random_sub_r0 table completed_valid t=0.0s
[     12s] main 30b c2057 ic_m4 random_sub_r1 table completed_valid t=0.0s
[     12s] main 30b c2057 ic_m4 random_sub_r2 table completed_valid t=0.0s
[     12s] main 30b c2057 ic_m4 known_null_sub table completed_valid t=0.0s
[     12s] main 30b c2057 ic_m4 planted_sub table completed_valid t=0.0s
[     12s] main 30b c2057 ic_m4 small_x_offset table completed_valid t=0.0s
[     12s] main 30b c2058 ic_m4 subgroup table completed_valid t=0.0s
[     12s] main 30b c2058 ic_m4 small_x table completed_valid t=0.0s
[     12s] main 30b c2058 ic_m4 random_sub_r0 table completed_valid t=0.0s
[     12s] main 30b c2058 ic_m4 random_sub_r1 table completed_valid t=0.0s
[     12s] main 30b c2058 ic_m4 random_sub_r2 table completed_valid t=0.0s
[     12s] main 30b c2058 ic_m4 known_null_sub table completed_valid t=0.0s
[     12s] main 30b c2058 ic_m4 planted_sub table completed_valid t=0.0s
[     12s] main 30b c2058 ic_m4 small_x_offset table completed_valid t=0.0s
[     12s] main 30b c2059 ic_m4 subgroup table completed_valid t=0.0s
[     12s] main 30b c2059 ic_m4 small_x table completed_valid t=0.0s
[     12s] main 30b c2059 ic_m4 random_sub_r0 table completed_valid t=0.0s
[     12s] main 30b c2059 ic_m4 random_sub_r1 table completed_valid t=0.0s
[     12s] main 30b c2059 ic_m4 random_sub_r2 table completed_valid t=0.0s
[     12s] main 30b c2059 ic_m4 known_null_sub table completed_valid t=0.0s
[     12s] main 30b c2059 ic_m4 planted_sub table completed_valid t=0.0s
[     12s] main 30b c2059 ic_m4 small_x_offset table completed_valid t=0.0s
[     13s] main 30b c2060 ic_m4 subgroup table completed_valid t=0.0s
[     13s] main 30b c2060 ic_m4 small_x table completed_valid t=0.0s
[     13s] main 30b c2060 ic_m4 random_sub_r0 table completed_valid t=0.0s
[     13s] main 30b c2060 ic_m4 random_sub_r1 table completed_valid t=0.0s
[     13s] main 30b c2060 ic_m4 random_sub_r2 table completed_valid t=0.0s
[     13s] main 30b c2060 ic_m4 known_null_sub table completed_valid t=0.0s
[     13s] main 30b c2060 ic_m4 planted_sub table completed_valid t=0.0s
[     13s] main 30b c2060 ic_m4 small_x_offset table completed_valid t=0.0s
[     13s] main 30b c2061 ic_m4 subgroup table completed_valid t=0.0s
[     13s] main 30b c2061 ic_m4 small_x table completed_valid t=0.0s
[     13s] main 30b c2061 ic_m4 random_sub_r0 table completed_valid t=0.0s
[     13s] main 30b c2061 ic_m4 random_sub_r1 table completed_valid t=0.0s
[     13s] main 30b c2061 ic_m4 random_sub_r2 table completed_valid t=0.0s
[     13s] main 30b c2061 ic_m4 known_null_sub table completed_valid t=0.0s
[     13s] main 30b c2061 ic_m4 planted_sub table completed_valid t=0.0s
[     13s] main 30b c2061 ic_m4 small_x_offset table completed_valid t=0.0s
[     13s] main 30b c2062 ic_m4 subgroup table completed_valid t=0.0s
[     13s] main 30b c2062 ic_m4 small_x table completed_valid t=0.0s
[     13s] main 30b c2062 ic_m4 random_sub_r0 table completed_valid t=0.0s
[     13s] main 30b c2062 ic_m4 random_sub_r1 table completed_valid t=0.0s
[     13s] main 30b c2062 ic_m4 random_sub_r2 table completed_valid t=0.0s
[     13s] main 30b c2062 ic_m4 known_null_sub table completed_valid t=0.0s
[     13s] main 30b c2062 ic_m4 planted_sub table completed_valid t=0.0s
[     13s] main 30b c2062 ic_m4 small_x_offset table completed_valid t=0.0s
[     13s] main 30b c2063 ic_m4 subgroup table completed_valid t=0.0s
[     13s] main 30b c2063 ic_m4 small_x table completed_valid t=0.0s
[     13s] main 30b c2063 ic_m4 random_sub_r0 table completed_valid t=0.0s
[     13s] main 30b c2063 ic_m4 random_sub_r1 table completed_valid t=0.0s
[     13s] main 30b c2063 ic_m4 random_sub_r2 table completed_valid t=0.0s
[     13s] main 30b c2063 ic_m4 known_null_sub table completed_valid t=0.0s
[     13s] main 30b c2063 ic_m4 planted_sub table completed_valid t=0.0s
[     13s] main 30b c2063 ic_m4 small_x_offset table completed_valid t=0.0s
[     14s] main 30b c2064 ic_m4 subgroup table completed_valid t=0.0s
[     14s] main 30b c2064 ic_m4 small_x table completed_valid t=0.0s
[     14s] main 30b c2064 ic_m4 random_sub_r0 table completed_valid t=0.0s
[     14s] main 30b c2064 ic_m4 random_sub_r1 table completed_valid t=0.0s
[     14s] main 30b c2064 ic_m4 random_sub_r2 table completed_valid t=0.0s
[     14s] main 30b c2064 ic_m4 known_null_sub table completed_valid t=0.0s
[     14s] main 30b c2064 ic_m4 planted_sub table completed_valid t=0.0s
[     14s] main 30b c2064 ic_m4 small_x_offset table completed_valid t=0.0s
[     14s] main 30b c2065 ic_m4 subgroup table completed_valid t=0.0s
[     14s] main 30b c2065 ic_m4 small_x table completed_valid t=0.0s
[     14s] main 30b c2065 ic_m4 random_sub_r0 table completed_valid t=0.0s
[     14s] main 30b c2065 ic_m4 random_sub_r1 table completed_valid t=0.0s
[     14s] main 30b c2065 ic_m4 random_sub_r2 table completed_valid t=0.0s
[     14s] main 30b c2065 ic_m4 known_null_sub table completed_valid t=0.0s
[     14s] main 30b c2065 ic_m4 planted_sub table completed_valid t=0.0s
[     14s] main 30b c2065 ic_m4 small_x_offset table completed_valid t=0.0s
[     14s] main 30b c2066 ic_m4 subgroup table completed_valid t=0.0s
[     14s] main 30b c2066 ic_m4 small_x table completed_valid t=0.0s
[     14s] main 30b c2066 ic_m4 random_sub_r0 table completed_valid t=0.0s
[     14s] main 30b c2066 ic_m4 random_sub_r1 table completed_valid t=0.0s
[     14s] main 30b c2066 ic_m4 random_sub_r2 table completed_valid t=0.0s
[     14s] main 30b c2066 ic_m4 known_null_sub table completed_valid t=0.0s
[     14s] main 30b c2066 ic_m4 planted_sub table completed_valid t=0.0s
[     14s] main 30b c2066 ic_m4 small_x_offset table completed_valid t=0.0s
[     14s] main 30b c2067 ic_m4 subgroup table completed_valid t=0.0s
[     14s] main 30b c2067 ic_m4 small_x table completed_valid t=0.0s
[     14s] main 30b c2067 ic_m4 random_sub_r0 table completed_valid t=0.0s
[     14s] main 30b c2067 ic_m4 random_sub_r1 table completed_valid t=0.0s
[     14s] main 30b c2067 ic_m4 random_sub_r2 table completed_valid t=0.0s
[     14s] main 30b c2067 ic_m4 known_null_sub table completed_valid t=0.0s
[     14s] main 30b c2067 ic_m4 planted_sub table completed_valid t=0.0s
[     14s] main 30b c2067 ic_m4 small_x_offset table completed_valid t=0.0s
[     15s] main 30b c2068 ic_m4 subgroup table completed_valid t=0.0s
[     15s] main 30b c2068 ic_m4 small_x table completed_valid t=0.0s
[     15s] main 30b c2068 ic_m4 random_sub_r0 table completed_valid t=0.0s
[     15s] main 30b c2068 ic_m4 random_sub_r1 table completed_valid t=0.0s
[     15s] main 30b c2068 ic_m4 random_sub_r2 table completed_valid t=0.0s
[     15s] main 30b c2068 ic_m4 known_null_sub table completed_valid t=0.0s
[     15s] main 30b c2068 ic_m4 planted_sub table completed_valid t=0.0s
[     15s] main 30b c2068 ic_m4 small_x_offset table completed_valid t=0.0s
[     15s] main 30b c2069 ic_m4 subgroup table completed_valid t=0.0s
[     15s] main 30b c2069 ic_m4 small_x table completed_valid t=0.0s
[     15s] main 30b c2069 ic_m4 random_sub_r0 table completed_valid t=0.0s
[     15s] main 30b c2069 ic_m4 random_sub_r1 table completed_valid t=0.0s
[     15s] main 30b c2069 ic_m4 random_sub_r2 table completed_valid t=0.0s
[     15s] main 30b c2069 ic_m4 known_null_sub table completed_valid t=0.0s
[     15s] main 30b c2069 ic_m4 planted_sub table completed_valid t=0.0s
[     15s] main 30b c2069 ic_m4 small_x_offset table completed_valid t=0.0s
[     15s] main 30b c2070 ic_m4 subgroup table completed_valid t=0.0s
[     15s] main 30b c2070 ic_m4 small_x table completed_valid t=0.0s
[     15s] main 30b c2070 ic_m4 random_sub_r0 table completed_valid t=0.0s
[     15s] main 30b c2070 ic_m4 random_sub_r1 table completed_valid t=0.0s
[     15s] main 30b c2070 ic_m4 random_sub_r2 table completed_valid t=0.0s
[     15s] main 30b c2070 ic_m4 known_null_sub table completed_valid t=0.0s
[     15s] main 30b c2070 ic_m4 planted_sub table completed_valid t=0.0s
[     15s] main 30b c2070 ic_m4 small_x_offset table completed_valid t=0.0s
[     15s] main 30b c2071 ic_m4 subgroup table completed_valid t=0.0s
[     15s] main 30b c2071 ic_m4 small_x table completed_valid t=0.0s
[     15s] main 30b c2071 ic_m4 random_sub_r0 table completed_valid t=0.0s
[     15s] main 30b c2071 ic_m4 random_sub_r1 table completed_valid t=0.0s
[     15s] main 30b c2071 ic_m4 random_sub_r2 table completed_valid t=0.0s
[     15s] main 30b c2071 ic_m4 known_null_sub table completed_valid t=0.0s
[     15s] main 30b c2071 ic_m4 planted_sub table completed_valid t=0.0s
[     15s] main 30b c2071 ic_m4 small_x_offset table completed_valid t=0.0s
[     16s] main 30b c2072 ic_m4 subgroup table completed_valid t=0.0s
[     16s] main 30b c2072 ic_m4 small_x table completed_valid t=0.0s
[     16s] main 30b c2072 ic_m4 random_sub_r0 table completed_valid t=0.0s
[     16s] main 30b c2072 ic_m4 random_sub_r1 table completed_valid t=0.0s
[     16s] main 30b c2072 ic_m4 random_sub_r2 table completed_valid t=0.0s
[     16s] main 30b c2072 ic_m4 known_null_sub table completed_valid t=0.0s
[     16s] main 30b c2072 ic_m4 planted_sub table completed_valid t=0.0s
[     16s] main 30b c2072 ic_m4 small_x_offset table completed_valid t=0.0s
[     16s] main 30b c2073 ic_m4 subgroup table completed_valid t=0.0s
[     16s] main 30b c2073 ic_m4 small_x table completed_valid t=0.0s
[     16s] main 30b c2073 ic_m4 random_sub_r0 table completed_valid t=0.0s
[     16s] main 30b c2073 ic_m4 random_sub_r1 table completed_valid t=0.0s
[     16s] main 30b c2073 ic_m4 random_sub_r2 table completed_valid t=0.0s
[     16s] main 30b c2073 ic_m4 known_null_sub table completed_valid t=0.0s
[     16s] main 30b c2073 ic_m4 planted_sub table completed_valid t=0.0s
[     16s] main 30b c2073 ic_m4 small_x_offset table completed_valid t=0.0s
[     16s] main 30b c2074 ic_m4 subgroup table completed_valid t=0.0s
[     16s] main 30b c2074 ic_m4 small_x table completed_valid t=0.0s
[     16s] main 30b c2074 ic_m4 random_sub_r0 table completed_valid t=0.0s
[     16s] main 30b c2074 ic_m4 random_sub_r1 table completed_valid t=0.0s
[     16s] main 30b c2074 ic_m4 random_sub_r2 table completed_valid t=0.0s
[     16s] main 30b c2074 ic_m4 known_null_sub table completed_valid t=0.0s
[     16s] main 30b c2074 ic_m4 planted_sub table completed_valid t=0.0s
[     16s] main 30b c2074 ic_m4 small_x_offset table completed_valid t=0.0s
[     17s] main 30b c2075 ic_m4 subgroup table completed_valid t=0.0s
[     17s] main 30b c2075 ic_m4 small_x table completed_valid t=0.0s
[     17s] main 30b c2075 ic_m4 random_sub_r0 table completed_valid t=0.0s
[     17s] main 30b c2075 ic_m4 random_sub_r1 table completed_valid t=0.0s
[     17s] main 30b c2075 ic_m4 random_sub_r2 table completed_valid t=0.0s
[     17s] main 30b c2075 ic_m4 known_null_sub table completed_valid t=0.0s
[     17s] main 30b c2075 ic_m4 planted_sub table completed_valid t=0.0s
[     17s] main 30b c2075 ic_m4 small_x_offset table completed_valid t=0.0s
[     17s] main 30b c2076 ic_m4 subgroup table completed_valid t=0.0s
[     17s] main 30b c2076 ic_m4 small_x table completed_valid t=0.0s
[     17s] main 30b c2076 ic_m4 random_sub_r0 table completed_valid t=0.0s
[     17s] main 30b c2076 ic_m4 random_sub_r1 table completed_valid t=0.0s
[     17s] main 30b c2076 ic_m4 random_sub_r2 table completed_valid t=0.0s
[     17s] main 30b c2076 ic_m4 known_null_sub table completed_valid t=0.0s
[     17s] main 30b c2076 ic_m4 planted_sub table completed_valid t=0.0s
[     17s] main 30b c2076 ic_m4 small_x_offset table completed_valid t=0.0s
[     17s] main 30b c2077 ic_m4 subgroup table completed_valid t=0.0s
[     17s] main 30b c2077 ic_m4 small_x table completed_valid t=0.0s
[     17s] main 30b c2077 ic_m4 random_sub_r0 table completed_valid t=0.0s
[     17s] main 30b c2077 ic_m4 random_sub_r1 table completed_valid t=0.0s
[     17s] main 30b c2077 ic_m4 random_sub_r2 table completed_valid t=0.0s
[     17s] main 30b c2077 ic_m4 known_null_sub table completed_valid t=0.0s
[     17s] main 30b c2077 ic_m4 planted_sub table completed_valid t=0.0s
[     17s] main 30b c2077 ic_m4 small_x_offset table completed_valid t=0.0s
[     17s] main 30b c2078 ic_m4 subgroup table completed_valid t=0.0s
[     17s] main 30b c2078 ic_m4 small_x table completed_valid t=0.0s
[     17s] main 30b c2078 ic_m4 random_sub_r0 table completed_valid t=0.0s
[     17s] main 30b c2078 ic_m4 random_sub_r1 table completed_valid t=0.0s
[     17s] main 30b c2078 ic_m4 random_sub_r2 table completed_valid t=0.0s
[     17s] main 30b c2078 ic_m4 known_null_sub table completed_valid t=0.0s
[     17s] main 30b c2078 ic_m4 planted_sub table completed_valid t=0.0s
[     17s] main 30b c2078 ic_m4 small_x_offset table completed_valid t=0.0s
[     18s] main 30b c2079 ic_m4 subgroup table completed_valid t=0.0s
[     18s] main 30b c2079 ic_m4 small_x table completed_valid t=0.0s
[     18s] main 30b c2079 ic_m4 random_sub_r0 table completed_valid t=0.0s
[     18s] main 30b c2079 ic_m4 random_sub_r1 table completed_valid t=0.0s
[     18s] main 30b c2079 ic_m4 random_sub_r2 table completed_valid t=0.0s
[     18s] main 30b c2079 ic_m4 known_null_sub table completed_valid t=0.0s
[     18s] main 30b c2079 ic_m4 planted_sub table completed_valid t=0.0s
[     18s] main 30b c2079 ic_m4 small_x_offset table completed_valid t=0.0s
[     18s] main 30b c2080 ic_m4 subgroup table completed_valid t=0.0s
[     18s] main 30b c2080 ic_m4 small_x table completed_valid t=0.0s
[     18s] main 30b c2080 ic_m4 random_sub_r0 table completed_valid t=0.0s
[     18s] main 30b c2080 ic_m4 random_sub_r1 table completed_valid t=0.0s
[     18s] main 30b c2080 ic_m4 random_sub_r2 table completed_valid t=0.0s
[     18s] main 30b c2080 ic_m4 known_null_sub table completed_valid t=0.0s
[     18s] main 30b c2080 ic_m4 planted_sub table completed_valid t=0.0s
[     18s] main 30b c2080 ic_m4 small_x_offset table completed_valid t=0.0s
[     18s] main 30b c2081 ic_m4 subgroup table completed_valid t=0.0s
[     18s] main 30b c2081 ic_m4 small_x table completed_valid t=0.0s
[     18s] main 30b c2081 ic_m4 random_sub_r0 table completed_valid t=0.0s
[     18s] main 30b c2081 ic_m4 random_sub_r1 table completed_valid t=0.1s
[     18s] main 30b c2081 ic_m4 random_sub_r2 table completed_valid t=0.0s
[     18s] main 30b c2081 ic_m4 known_null_sub table completed_valid t=0.0s
[     18s] main 30b c2081 ic_m4 planted_sub table completed_valid t=0.0s
[     18s] main 30b c2081 ic_m4 small_x_offset table completed_valid t=0.0s
[     18s] main 30b c2082 ic_m4 subgroup table completed_valid t=0.0s
[     18s] main 30b c2082 ic_m4 small_x table completed_valid t=0.0s
[     18s] main 30b c2082 ic_m4 random_sub_r0 table completed_valid t=0.0s
[     18s] main 30b c2082 ic_m4 random_sub_r1 table completed_valid t=0.0s
[     18s] main 30b c2082 ic_m4 random_sub_r2 table completed_valid t=0.0s
[     18s] main 30b c2082 ic_m4 known_null_sub table completed_valid t=0.0s
[     18s] main 30b c2082 ic_m4 planted_sub table completed_valid t=0.0s
[     18s] main 30b c2082 ic_m4 small_x_offset table completed_valid t=0.0s
[     18s] main 30b c2083 ic_m4 subgroup table completed_valid t=0.0s
[     18s] main 30b c2083 ic_m4 small_x table completed_valid t=0.0s
[     18s] main 30b c2083 ic_m4 random_sub_r0 table completed_valid t=0.0s
[     18s] main 30b c2083 ic_m4 random_sub_r1 table completed_valid t=0.0s
[     18s] main 30b c2083 ic_m4 random_sub_r2 table completed_valid t=0.0s
[     18s] main 30b c2083 ic_m4 known_null_sub table completed_valid t=0.0s
[     18s] main 30b c2083 ic_m4 planted_sub table completed_valid t=0.0s
[     18s] main 30b c2083 ic_m4 small_x_offset table completed_valid t=0.0s
[     19s] main 30b c2084 ic_m4 subgroup table completed_valid t=0.0s
[     19s] main 30b c2084 ic_m4 small_x table completed_valid t=0.0s
[     19s] main 30b c2084 ic_m4 random_sub_r0 table completed_valid t=0.0s
[     19s] main 30b c2084 ic_m4 random_sub_r1 table completed_valid t=0.0s
[     19s] main 30b c2084 ic_m4 random_sub_r2 table completed_valid t=0.0s
[     19s] main 30b c2084 ic_m4 known_null_sub table completed_valid t=0.0s
[     19s] main 30b c2084 ic_m4 planted_sub table completed_valid t=0.0s
[     19s] main 30b c2084 ic_m4 small_x_offset table completed_valid t=0.0s
[     19s] main 30b c2085 ic_m4 subgroup table completed_valid t=0.0s
[     19s] main 30b c2085 ic_m4 small_x table completed_valid t=0.0s
[     19s] main 30b c2085 ic_m4 random_sub_r0 table completed_valid t=0.0s
[     19s] main 30b c2085 ic_m4 random_sub_r1 table completed_valid t=0.0s
[     19s] main 30b c2085 ic_m4 random_sub_r2 table completed_valid t=0.0s
[     19s] main 30b c2085 ic_m4 known_null_sub table completed_valid t=0.0s
[     19s] main 30b c2085 ic_m4 planted_sub table completed_valid t=0.0s
[     19s] main 30b c2085 ic_m4 small_x_offset table completed_valid t=0.0s
[     19s] main 30b c2086 ic_m4 subgroup table completed_valid t=0.0s
[     19s] main 30b c2086 ic_m4 small_x table completed_valid t=0.0s
[     19s] main 30b c2086 ic_m4 random_sub_r0 table completed_valid t=0.0s
[     19s] main 30b c2086 ic_m4 random_sub_r1 table completed_valid t=0.0s
[     19s] main 30b c2086 ic_m4 random_sub_r2 table completed_valid t=0.0s
[     19s] main 30b c2086 ic_m4 known_null_sub table completed_valid t=0.0s
[     19s] main 30b c2086 ic_m4 planted_sub table completed_valid t=0.0s
[     19s] main 30b c2086 ic_m4 small_x_offset table completed_valid t=0.0s
[     20s] main 30b c2087 ic_m4 subgroup table completed_valid t=0.0s
[     20s] main 30b c2087 ic_m4 small_x table completed_valid t=0.0s
[     20s] main 30b c2087 ic_m4 random_sub_r0 table completed_valid t=0.1s
[     20s] main 30b c2087 ic_m4 random_sub_r1 table completed_valid t=0.0s
[     20s] main 30b c2087 ic_m4 random_sub_r2 table completed_valid t=0.0s
[     20s] main 30b c2087 ic_m4 known_null_sub table completed_valid t=0.0s
[     20s] main 30b c2087 ic_m4 planted_sub table completed_valid t=0.0s
[     20s] main 30b c2087 ic_m4 small_x_offset table completed_valid t=0.0s
[     20s] main 30b c2088 ic_m4 subgroup table completed_valid t=0.0s
[     20s] main 30b c2088 ic_m4 small_x table completed_valid t=0.0s
[     20s] main 30b c2088 ic_m4 random_sub_r0 table completed_valid t=0.0s
[     20s] main 30b c2088 ic_m4 random_sub_r1 table completed_valid t=0.0s
[     20s] main 30b c2088 ic_m4 random_sub_r2 table completed_valid t=0.0s
[     20s] main 30b c2088 ic_m4 known_null_sub table completed_valid t=0.0s
[     20s] main 30b c2088 ic_m4 planted_sub table completed_valid t=0.0s
[     20s] main 30b c2088 ic_m4 small_x_offset table completed_valid t=0.0s
[     20s] main 30b c2089 ic_m4 subgroup table completed_valid t=0.0s
[     20s] main 30b c2089 ic_m4 small_x table completed_valid t=0.0s
[     20s] main 30b c2089 ic_m4 random_sub_r0 table completed_valid t=0.0s
[     20s] main 30b c2089 ic_m4 random_sub_r1 table completed_valid t=0.0s
[     20s] main 30b c2089 ic_m4 random_sub_r2 table completed_valid t=0.0s
[     20s] main 30b c2089 ic_m4 known_null_sub table completed_valid t=0.0s
[     20s] main 30b c2089 ic_m4 planted_sub table completed_valid t=0.0s
[     20s] main 30b c2089 ic_m4 small_x_offset table completed_valid t=0.0s
[     20s] main 30b c2090 ic_m4 subgroup table completed_valid t=0.0s
[     20s] main 30b c2090 ic_m4 small_x table completed_valid t=0.0s
[     20s] main 30b c2090 ic_m4 random_sub_r0 table completed_valid t=0.0s
[     20s] main 30b c2090 ic_m4 random_sub_r1 table completed_valid t=0.0s
[     20s] main 30b c2090 ic_m4 random_sub_r2 table completed_valid t=0.0s
[     20s] main 30b c2090 ic_m4 known_null_sub table completed_valid t=0.0s
[     20s] main 30b c2090 ic_m4 planted_sub table completed_valid t=0.0s
[     20s] main 30b c2090 ic_m4 small_x_offset table completed_valid t=0.0s
[     21s] main 30b c2091 ic_m4 subgroup table completed_valid t=0.0s
[     21s] main 30b c2091 ic_m4 small_x table completed_valid t=0.0s
[     21s] main 30b c2091 ic_m4 random_sub_r0 table completed_valid t=0.0s
[     21s] main 30b c2091 ic_m4 random_sub_r1 table completed_valid t=0.0s
[     21s] main 30b c2091 ic_m4 random_sub_r2 table completed_valid t=0.0s
[     21s] main 30b c2091 ic_m4 known_null_sub table completed_valid t=0.0s
[     21s] main 30b c2091 ic_m4 planted_sub table completed_valid t=0.0s
[     21s] main 30b c2091 ic_m4 small_x_offset table completed_valid t=0.0s
[     21s] main 30b c2092 ic_m4 subgroup table completed_valid t=0.0s
[     21s] main 30b c2092 ic_m4 small_x table completed_valid t=0.0s
[     21s] main 30b c2092 ic_m4 random_sub_r0 table completed_valid t=0.0s
[     21s] main 30b c2092 ic_m4 random_sub_r1 table completed_valid t=0.0s
[     21s] main 30b c2092 ic_m4 random_sub_r2 table completed_valid t=0.0s
[     21s] main 30b c2092 ic_m4 known_null_sub table completed_valid t=0.0s
[     21s] main 30b c2092 ic_m4 planted_sub table completed_valid t=0.0s
[     21s] main 30b c2092 ic_m4 small_x_offset table completed_valid t=0.0s
[     21s] main 30b c2093 ic_m4 subgroup table completed_valid t=0.0s
[     21s] main 30b c2093 ic_m4 small_x table completed_valid t=0.0s
[     21s] main 30b c2093 ic_m4 random_sub_r0 table completed_valid t=0.0s
[     21s] main 30b c2093 ic_m4 random_sub_r1 table completed_valid t=0.0s
[     21s] main 30b c2093 ic_m4 random_sub_r2 table completed_valid t=0.0s
[     21s] main 30b c2093 ic_m4 known_null_sub table completed_valid t=0.0s
[     21s] main 30b c2093 ic_m4 planted_sub table completed_valid t=0.0s
[     21s] main 30b c2093 ic_m4 small_x_offset table completed_valid t=0.0s
[     22s] main 30b c2094 ic_m4 subgroup table completed_valid t=0.1s
[     22s] main 30b c2094 ic_m4 small_x table completed_valid t=0.0s
[     22s] main 30b c2094 ic_m4 random_sub_r0 table completed_valid t=0.0s
[     22s] main 30b c2094 ic_m4 random_sub_r1 table completed_valid t=0.0s
[     22s] main 30b c2094 ic_m4 random_sub_r2 table completed_valid t=0.0s
[     22s] main 30b c2094 ic_m4 known_null_sub table completed_valid t=0.0s
[     22s] main 30b c2094 ic_m4 planted_sub table completed_valid t=0.0s
[     22s] main 30b c2094 ic_m4 small_x_offset table completed_valid t=0.1s
[     22s] main 30b c2095 ic_m4 subgroup table completed_valid t=0.0s
[     22s] main 30b c2095 ic_m4 small_x table completed_valid t=0.0s
[     22s] main 30b c2095 ic_m4 random_sub_r0 table completed_valid t=0.0s
[     22s] main 30b c2095 ic_m4 random_sub_r1 table completed_valid t=0.0s
[     22s] main 30b c2095 ic_m4 random_sub_r2 table completed_valid t=0.0s
[     22s] main 30b c2095 ic_m4 known_null_sub table completed_valid t=0.0s
[     22s] main 30b c2095 ic_m4 planted_sub table completed_valid t=0.0s
[     22s] main 30b c2095 ic_m4 small_x_offset table completed_valid t=0.0s
[     22s] main 30b c2096 ic_m4 subgroup table completed_valid t=0.0s
[     22s] main 30b c2096 ic_m4 small_x table completed_valid t=0.0s
[     22s] main 30b c2096 ic_m4 random_sub_r0 table completed_valid t=0.0s
[     22s] main 30b c2096 ic_m4 random_sub_r1 table completed_valid t=0.0s
[     22s] main 30b c2096 ic_m4 random_sub_r2 table completed_valid t=0.0s
[     22s] main 30b c2096 ic_m4 known_null_sub table completed_valid t=0.0s
[     22s] main 30b c2096 ic_m4 planted_sub table completed_valid t=0.0s
[     22s] main 30b c2096 ic_m4 small_x_offset table completed_valid t=0.0s
[     23s] main 30b c2097 ic_m4 subgroup table completed_valid t=0.0s
[     23s] main 30b c2097 ic_m4 small_x table completed_valid t=0.0s
[     23s] main 30b c2097 ic_m4 random_sub_r0 table completed_valid t=0.0s
[     23s] main 30b c2097 ic_m4 random_sub_r1 table completed_valid t=0.0s
[     23s] main 30b c2097 ic_m4 random_sub_r2 table completed_valid t=0.0s
[     23s] main 30b c2097 ic_m4 known_null_sub table completed_valid t=0.0s
[     23s] main 30b c2097 ic_m4 planted_sub table completed_valid t=0.0s
[     23s] main 30b c2097 ic_m4 small_x_offset table completed_valid t=0.0s
[     23s] main 30b c2098 ic_m4 subgroup table completed_valid t=0.0s
[     23s] main 30b c2098 ic_m4 small_x table completed_valid t=0.0s
[     23s] main 30b c2098 ic_m4 random_sub_r0 table completed_valid t=0.0s
[     23s] main 30b c2098 ic_m4 random_sub_r1 table completed_valid t=0.0s
[     23s] main 30b c2098 ic_m4 random_sub_r2 table completed_valid t=0.0s
[     23s] main 30b c2098 ic_m4 known_null_sub table completed_valid t=0.0s
[     23s] main 30b c2098 ic_m4 planted_sub table completed_valid t=0.0s
[     23s] main 30b c2098 ic_m4 small_x_offset table completed_valid t=0.0s
[     23s] main 30b c2099 ic_m4 subgroup table completed_valid t=0.0s
[     23s] main 30b c2099 ic_m4 small_x table completed_valid t=0.0s
[     23s] main 30b c2099 ic_m4 random_sub_r0 table completed_valid t=0.0s
[     23s] main 30b c2099 ic_m4 random_sub_r1 table completed_valid t=0.0s
[     23s] main 30b c2099 ic_m4 random_sub_r2 table completed_valid t=0.0s
[     23s] main 30b c2099 ic_m4 known_null_sub table completed_valid t=0.0s
[     23s] main 30b c2099 ic_m4 planted_sub table completed_valid t=0.0s
[     23s] main 30b c2099 ic_m4 small_x_offset table completed_valid t=0.0s
[     23s] main 30b c2100 ic_m4 subgroup table completed_valid t=0.0s
[     23s] main 30b c2100 ic_m4 small_x table completed_valid t=0.0s
[     23s] main 30b c2100 ic_m4 random_sub_r0 table completed_valid t=0.0s
[     23s] main 30b c2100 ic_m4 random_sub_r1 table completed_valid t=0.0s
[     23s] main 30b c2100 ic_m4 random_sub_r2 table completed_valid t=0.0s
[     23s] main 30b c2100 ic_m4 known_null_sub table completed_valid t=0.0s
[     23s] main 30b c2100 ic_m4 planted_sub table completed_valid t=0.0s
[     23s] main 30b c2100 ic_m4 small_x_offset table completed_valid t=0.0s
[     24s] main 30b c2101 ic_m4 subgroup table completed_valid t=0.0s
[     24s] main 30b c2101 ic_m4 small_x table completed_valid t=0.0s
[     24s] main 30b c2101 ic_m4 random_sub_r0 table completed_valid t=0.0s
[     24s] main 30b c2101 ic_m4 random_sub_r1 table completed_valid t=0.0s
[     24s] main 30b c2101 ic_m4 random_sub_r2 table completed_valid t=0.0s
[     24s] main 30b c2101 ic_m4 known_null_sub table completed_valid t=0.0s
[     24s] main 30b c2101 ic_m4 planted_sub table completed_valid t=0.0s
[     24s] main 30b c2101 ic_m4 small_x_offset table completed_valid t=0.0s
[     24s] main 30b c2102 ic_m4 subgroup table completed_valid t=0.0s
[     24s] main 30b c2102 ic_m4 small_x table completed_valid t=0.0s
[     24s] main 30b c2102 ic_m4 random_sub_r0 table completed_valid t=0.0s
[     24s] main 30b c2102 ic_m4 random_sub_r1 table completed_valid t=0.0s
[     24s] main 30b c2102 ic_m4 random_sub_r2 table completed_valid t=0.0s
[     24s] main 30b c2102 ic_m4 known_null_sub table completed_valid t=0.0s
[     24s] main 30b c2102 ic_m4 planted_sub table completed_valid t=0.0s
[     24s] main 30b c2102 ic_m4 small_x_offset table completed_valid t=0.0s
[     24s] main 30b c2103 ic_m4 subgroup table completed_valid t=0.0s
[     24s] main 30b c2103 ic_m4 small_x table completed_valid t=0.0s
[     24s] main 30b c2103 ic_m4 random_sub_r0 table completed_valid t=0.0s
[     24s] main 30b c2103 ic_m4 random_sub_r1 table completed_valid t=0.0s
[     24s] main 30b c2103 ic_m4 random_sub_r2 table completed_valid t=0.0s
[     24s] main 30b c2103 ic_m4 known_null_sub table completed_valid t=0.0s
[     24s] main 30b c2103 ic_m4 planted_sub table completed_valid t=0.0s
[     24s] main 30b c2103 ic_m4 small_x_offset table completed_valid t=0.0s
[     24s] main 30b c2104 ic_m4 subgroup table completed_valid t=0.0s
[     24s] main 30b c2104 ic_m4 small_x table completed_valid t=0.0s
[     24s] main 30b c2104 ic_m4 random_sub_r0 table completed_valid t=0.0s
[     24s] main 30b c2104 ic_m4 random_sub_r1 table completed_valid t=0.0s
[     24s] main 30b c2104 ic_m4 random_sub_r2 table completed_valid t=0.0s
[     24s] main 30b c2104 ic_m4 known_null_sub table completed_valid t=0.0s
[     24s] main 30b c2104 ic_m4 planted_sub table completed_valid t=0.0s
[     24s] main 30b c2104 ic_m4 small_x_offset table completed_valid t=0.0s
[     25s] main 30b c2105 ic_m4 subgroup table completed_valid t=0.0s
[     25s] main 30b c2105 ic_m4 small_x table completed_valid t=0.0s
[     25s] main 30b c2105 ic_m4 random_sub_r0 table completed_valid t=0.0s
[     25s] main 30b c2105 ic_m4 random_sub_r1 table completed_valid t=0.0s
[     25s] main 30b c2105 ic_m4 random_sub_r2 table completed_valid t=0.0s
[     25s] main 30b c2105 ic_m4 known_null_sub table completed_valid t=0.0s
[     25s] main 30b c2105 ic_m4 planted_sub table completed_valid t=0.0s
[     25s] main 30b c2105 ic_m4 small_x_offset table completed_valid t=0.0s
[     25s] main 30b c2106 ic_m4 subgroup table completed_valid t=0.0s
[     25s] main 30b c2106 ic_m4 small_x table completed_valid t=0.0s
[     25s] main 30b c2106 ic_m4 random_sub_r0 table completed_valid t=0.0s
[     25s] main 30b c2106 ic_m4 random_sub_r1 table completed_valid t=0.0s
[     25s] main 30b c2106 ic_m4 random_sub_r2 table completed_valid t=0.0s
[     25s] main 30b c2106 ic_m4 known_null_sub table completed_valid t=0.0s
[     25s] main 30b c2106 ic_m4 planted_sub table completed_valid t=0.0s
[     25s] main 30b c2106 ic_m4 small_x_offset table completed_valid t=0.0s
[     25s] main 30b c2107 ic_m4 subgroup table completed_valid t=0.1s
[     25s] main 30b c2107 ic_m4 small_x table completed_valid t=0.1s
[     25s] main 30b c2107 ic_m4 random_sub_r0 table completed_valid t=0.1s
[     25s] main 30b c2107 ic_m4 random_sub_r1 table completed_valid t=0.0s
[     25s] main 30b c2107 ic_m4 random_sub_r2 table completed_valid t=0.0s
[     25s] main 30b c2107 ic_m4 known_null_sub table completed_valid t=0.0s
[     25s] main 30b c2107 ic_m4 planted_sub table completed_valid t=0.0s
[     25s] main 30b c2107 ic_m4 small_x_offset table completed_valid t=0.0s
[     26s] main 30b c2108 ic_m4 subgroup table completed_valid t=0.0s
[     26s] main 30b c2108 ic_m4 small_x table completed_valid t=0.0s
[     26s] main 30b c2108 ic_m4 random_sub_r0 table completed_valid t=0.0s
[     26s] main 30b c2108 ic_m4 random_sub_r1 table completed_valid t=0.0s
[     26s] main 30b c2108 ic_m4 random_sub_r2 table completed_valid t=0.0s
[     26s] main 30b c2108 ic_m4 known_null_sub table completed_valid t=0.0s
[     26s] main 30b c2108 ic_m4 planted_sub table completed_valid t=0.0s
[     26s] main 30b c2108 ic_m4 small_x_offset table completed_valid t=0.0s
[     26s] main 30b c2109 ic_m4 subgroup table completed_valid t=0.0s
[     26s] main 30b c2109 ic_m4 small_x table completed_valid t=0.0s
[     26s] main 30b c2109 ic_m4 random_sub_r0 table completed_valid t=0.0s
[     26s] main 30b c2109 ic_m4 random_sub_r1 table completed_valid t=0.0s
[     26s] main 30b c2109 ic_m4 random_sub_r2 table completed_valid t=0.0s
[     26s] main 30b c2109 ic_m4 known_null_sub table completed_valid t=0.0s
[     26s] main 30b c2109 ic_m4 planted_sub table completed_valid t=0.0s
[     26s] main 30b c2109 ic_m4 small_x_offset table completed_valid t=0.0s
