# /usr/bin/msolve -v 2 -t 4 -f /home/user/crypto-autoresearcher/experiments/EXP-GFPN-05ff43/runs/RUN-GFPN-b336b6/raw_m3.ms -o /home/user/crypto-autoresearcher/experiments/EXP-GFPN-05ff43/runs/RUN-GFPN-b336b6/raw_m3.ms.out -P 1

Legend for f4 information
--------------------------------------------------------
deg       current degree of pairs selected in this round
sel       number of pairs selected in this round
pairs     total number of pairs in pair list
mat       matrix dimensions (# rows x # columns)
density   density of the matrix
new data  # new elements for basis in this round
          # zero reductions during linear algebra
time(rd)  time of the current f4 round in seconds given
          for real and cpu time
--------------------------------------------------------

deg     sel   pairs        mat          density            new data         time(rd) in sec (real|cpu)
------------------------------------------------------------------------------------------------------
 11       3       4       4 x 124        98.19%        3 new       0 zero         0.00 | 0.00         
 10       1       4       4 x 140        82.14%        1 new       0 zero         0.00 | 0.00         
 11       3       4      10 x 187        65.19%        3 new       0 zero         0.00 | 0.00         
 12       6       6      26 x 263        52.34%        6 new       1 zero         0.00 | 0.00         
 11       3       9      22 x 234        57.71%        3 new       0 zero         0.00 | 0.00         
 12       5      10      40 x 286        53.35%        4 new       1 zero         0.00 | 0.00         
 11       2      11      27 x 286        50.82%        2 new       0 zero         0.00 | 0.00         
 12       4      13      60 x 351        45.41%        3 new       1 zero         0.00 | 0.00         
 12       2      15      62 x 367        43.36%        2 new       0 zero         0.00 | 0.00         
 13      17      17     118 x 439        39.41%       11 new       6 zero         0.00 | 0.02         
 10       6      21      19 x 226        65.28%        6 new       0 zero         0.00 | 0.00         
 10       4      31      23 x 245        64.10%        4 new       1 zero         0.00 | 0.00         
 11      20      35      70 x 309        55.93%       14 new       6 zero         0.00 | 0.00         
  9       2      50      13 x 214        73.33%        2 new       0 zero         0.00 | 0.00         
 10      14      53      48 x 272        61.28%       13 new       1 zero         0.00 | 0.00         
  9      10      67      29 x 219        70.04%        9 new       1 zero         0.00 | 0.00         
  9       6      76      23 x 203        73.42%        6 new       0 zero         0.00 | 0.00         
  9       6      81      25 x 196        73.78%        6 new       0 zero         0.00 | 0.00         
  8       2      83      14 x 165        81.04%        2 new       0 zero         0.00 | 0.00         
  8       3      84      16 x 164        78.47%        3 new       0 zero         0.00 | 0.02         
  8       3      85      17 x 162        77.81%        3 new       0 zero         0.00 | 0.00         
  8       3      85      19 x 161        75.81%        3 new       0 zero         0.00 | 0.00         
  8       3      86      16 x 153        74.59%        3 new       0 zero         0.00 | 0.00         
  8       3      87      17 x 148        74.28%        3 new       0 zero         0.00 | 0.00         
  8       3      86      18 x 143        74.16%        3 new       0 zero         0.00 | 0.00         
  8       3      86      16 x 136        74.68%        3 new       0 zero         0.00 | 0.00         
  7       2      86      12 x 120        80.62%        2 new       0 zero         0.00 | 0.00         
  7       3      88      14 x 119        76.11%        3 new       0 zero         0.00 | 0.00         
  7       3      89      15 x 117        74.36%        3 new       0 zero         0.00 | 0.00         
  7       3      89      17 x 116        71.45%        3 new       0 zero         0.00 | 0.00         
  7       3      89      15 x 109        70.89%        3 new       0 zero         0.01 | 0.01         
  7       3      90      16 x 104        70.55%        3 new       0 zero         0.00 | 0.00         
  7       2      91      13 x 93         73.28%        2 new       0 zero         0.00 | 0.00         
  6       2      92      11 x 84         77.81%        2 new       0 zero         0.00 | 0.00         
  6       3      93      13 x 83         72.29%        3 new       0 zero         0.00 | 0.00         
  6       3      94      14 x 81         69.75%        3 new       0 zero         0.00 | 0.00         
  6       3      95      12 x 74         67.23%        3 new       0 zero         0.00 | 0.00         
  6       3      95      13 x 69         68.90%        3 new       0 zero         0.00 | 0.00         
  5       2      96       9 x 56         74.40%        2 new       0 zero         0.00 | 0.00         
  5       3      98      11 x 55         66.78%        3 new       0 zero         0.00 | 0.00         
  5       3      98      12 x 53         62.58%        3 new       0 zero         0.00 | 0.00         
  5       3      97      11 x 47         60.93%        3 new       0 zero         0.00 | 0.00         
  4       2      99       8 x 35         70.00%        2 new       0 zero         0.00 | 0.00         
  4       3     100      10 x 34         59.71%        3 new       0 zero         0.00 | 0.00         
  4       1     101       8 x 27         54.63%        1 new       0 zero         0.00 | 0.00         
  3       2     101       7 x 20         62.86%        2 new       0 zero         0.00 | 0.00         
  3       3     101       9 x 19         47.95%        3 new       0 zero         0.00 | 0.00         
  2       2     102       6 x 10         55.00%        1 new       1 zero         0.00 | 0.00         
  3       2     100       7 x 12         51.19%        1 new       1 zero         0.00 | 0.00         
  4       3      98      25 x 28         28.14%        0 new       3 zero         0.00 | 0.00         
  5       5      95      45 x 46         22.95%        0 new       5 zero         0.00 | 0.00         
  6       8      90      77 x 75         19.19%        0 new       8 zero         0.00 | 0.00         
  7       9      82     111 x 108        15.54%        0 new       9 zero         0.00 | 0.00         
  8      12      73     160 x 154        13.64%        0 new      12 zero         0.00 | 0.00         
  9      17      61     218 x 207        13.16%        0 new      17 zero         0.00 | 0.00         
 10      16      44     264 x 254        10.67%        0 new      16 zero         0.01 | 0.02         
 11      12      28     310 x 304         6.30%        0 new      12 zero         0.02 | 0.06         
 12      11      16     409 x 404         4.14%        0 new      11 zero         0.02 | 0.05         
 13       5       5     400 x 401         2.69%        0 new       5 zero         0.02 | 0.04         
------------------------------------------------------------------------------------------------------
reduce final basis        3 x 8          58.33%        3 new       0 zero         0.00 | 0.00         
------------------------------------------------------------------------------------------------------

---------------- TIMINGS ---------------
overall(elapsed)        0.10 sec
overall(cpu)            0.24 sec
select                  0.00 sec   2.7%
symbolic prep.          0.00 sec   1.9%
update                  0.02 sec  15.3%
convert                 0.06 sec  56.1%
linear algebra          0.02 sec  22.1%
reduce gb               0.00 sec   0.0%
-----------------------------------------

---------- COMPUTATIONAL DATA -----------
size of basis                     3
#terms in basis                  14
#pairs reduced                  294
#GM criterion                 16359
#redundant elements             180
#rows reduced                   595
#zero reductions                118
max. matrix data                409 x 404 (4.145%)
max. symbolic hash table size  2^11
max. basis hash table size     2^16
-----------------------------------------


Changing variable order for possibly more generic staircase:
x3, x2, x1

Legend for f4 information
--------------------------------------------------------
deg       current degree of pairs selected in this round
sel       number of pairs selected in this round
pairs     total number of pairs in pair list
mat       matrix dimensions (# rows x # columns)
density   density of the matrix
new data  # new elements for basis in this round
          # zero reductions during linear algebra
time(rd)  time of the current f4 round in seconds given
          for real and cpu time
--------------------------------------------------------

deg     sel   pairs        mat          density            new data         time(rd) in sec (real|cpu)
------------------------------------------------------------------------------------------------------
 11       3       4       4 x 124        98.19%        3 new       0 zero         0.00 | 0.00         
 10       1       4       4 x 140        82.14%        1 new       0 zero         0.00 | 0.00         
 11       3       4      10 x 187        65.19%        3 new       0 zero         0.00 | 0.00         
 12       6       6      26 x 263        52.34%        6 new       1 zero         0.00 | 0.00         
 11       3       9      22 x 234        57.71%        3 new       0 zero         0.00 | 0.00         
 12       5      10      40 x 286        53.35%        4 new       1 zero         0.00 | 0.00         
 11       2      11      27 x 286        50.82%        2 new       0 zero         0.00 | 0.00         
 12       4      13      60 x 351        45.41%        3 new       1 zero         0.00 | 0.00         
 12       2      15      62 x 367        43.36%        2 new       0 zero         0.00 | 0.00         
 13      17      17     118 x 439        39.41%       11 new       6 zero         0.00 | 0.02         
 10       6      21      19 x 226        65.28%        6 new       0 zero         0.00 | 0.00         
 10       4      31      23 x 245        64.10%        4 new       1 zero         0.00 | 0.00         
 11      20      35      70 x 309        55.93%       14 new       6 zero         0.00 | 0.00         
  9       2      50      13 x 214        73.33%        2 new       0 zero         0.00 | 0.00         
 10      14      53      48 x 272        61.28%       13 new       1 zero         0.00 | 0.00         
  9      10      67      29 x 219        70.04%        9 new       1 zero         0.00 | 0.00         
  9       6      76      23 x 203        73.42%        6 new       0 zero         0.00 | 0.00         
  9       6      81      25 x 196        73.78%        6 new       0 zero         0.00 | 0.00         
  8       2      83      14 x 165        81.04%        2 new       0 zero         0.00 | 0.00         
  8       3      84      16 x 164        78.47%        3 new       0 zero         0.00 | 0.00         
  8       3      85      17 x 162        77.81%        3 new       0 zero         0.00 | 0.01         
  8       3      85      19 x 161        75.81%        3 new       0 zero         0.00 | 0.00         
  8       3      86      16 x 153        74.59%        3 new       0 zero         0.00 | 0.00         
  8       3      87      17 x 148        74.28%        3 new       0 zero         0.00 | 0.00         
  8       3      86      18 x 143        74.16%        3 new       0 zero         0.00 | 0.00         
  8       3      86      16 x 136        74.68%        3 new       0 zero         0.00 | 0.00         
  7       2      86      12 x 120        80.62%        2 new       0 zero         0.00 | 0.00         
  7       3      88      14 x 119        76.11%        3 new       0 zero         0.00 | 0.00         
  7       3      89      15 x 117        74.36%        3 new       0 zero         0.00 | 0.00         
  7       3      89      17 x 116        71.45%        3 new       0 zero         0.00 | 0.00         
  7       3      89      15 x 109        70.89%        3 new       0 zero         0.00 | 0.00         
  7       3      90      16 x 104        70.55%        3 new       0 zero         0.00 | 0.00         
  7       2      91      13 x 93         73.28%        2 new       0 zero         0.00 | 0.00         
  6       2      92      11 x 84         77.81%        2 new       0 zero         0.00 | 0.00         
  6       3      93      13 x 83         72.29%        3 new       0 zero         0.00 | 0.00         
  6       3      94      14 x 81         69.75%        3 new       0 zero         0.00 | 0.00         
  6       3      95      12 x 74         67.23%        3 new       0 zero         0.00 | 0.00         
  6       3      95      13 x 69         68.90%        3 new       0 zero         0.00 | 0.00         
  5       2      96       9 x 56         74.40%        2 new       0 zero         0.00 | 0.00         
  5       3      98      11 x 55         66.78%        3 new       0 zero         0.00 | 0.00         
  5       3      98      12 x 53         62.58%        3 new       0 zero         0.00 | 0.02         
  5       3      97      11 x 47         60.93%        3 new       0 zero         0.00 | 0.00         
  4       2      99       8 x 35         70.00%        2 new       0 zero         0.00 | 0.00         
  4       3     100      10 x 34         59.71%        3 new       0 zero         0.00 | 0.00         
  4       1     101       8 x 27         54.63%        1 new       0 zero         0.00 | 0.00         
  3       2     101       7 x 20         62.86%        2 new       0 zero         0.00 | 0.00         
  3       3     101       9 x 19         47.95%        3 new       0 zero         0.00 | 0.00         
  2       2     102       6 x 10         55.00%        1 new       1 zero         0.00 | 0.00         
  3       2     100       7 x 12         51.19%        1 new       1 zero         0.00 | 0.00         
  4       3      98      25 x 28         28.14%        0 new       3 zero         0.00 | 0.00         
  5       5      95      45 x 46         22.95%        0 new       5 zero         0.00 | 0.00         
  6       8      90      77 x 75         19.19%        0 new       8 zero         0.00 | 0.00         
  7       9      82     111 x 108        15.54%        0 new       9 zero         0.00 | 0.00         
  8      12      73     160 x 154        13.64%        0 new      12 zero         0.00 | 0.00         
  9      17      61     218 x 207        13.16%        0 new      17 zero         0.00 | 0.00         
 10      16      44     264 x 254        10.67%        0 new      16 zero         0.00 | 0.00         
 11      12      28     310 x 304         6.30%        0 new      12 zero         0.00 | 0.00         
 12      11      16     409 x 404         4.14%        0 new      11 zero         0.00 | 0.00         
 13       5       5     400 x 401         2.69%        0 new       5 zero         0.00 | 0.00         
------------------------------------------------------------------------------------------------------
reduce final basis        3 x 8          58.33%        3 new       0 zero         0.00 | 0.02         
------------------------------------------------------------------------------------------------------

---------------- TIMINGS ---------------
overall(elapsed)        0.04 sec
overall(cpu)            0.08 sec
select                  0.00 sec   8.1%
symbolic prep.          0.00 sec   5.5%
update                  0.01 sec  21.0%
convert                 0.01 sec  41.4%
linear algebra          0.01 sec  18.3%
reduce gb               0.00 sec   0.0%
-----------------------------------------

---------- COMPUTATIONAL DATA -----------
size of basis                     3
#terms in basis                  14
#pairs reduced                  294
#GM criterion                 16359
#redundant elements             180
#rows reduced                   595
#zero reductions                118
max. matrix data                409 x 404 (4.145%)
max. symbolic hash table size  2^11
max. basis hash table size     2^16
-----------------------------------------


Changing variable order for possibly more generic staircase:
x1, x3, x2

Legend for f4 information
--------------------------------------------------------
deg       current degree of pairs selected in this round
sel       number of pairs selected in this round
pairs     total number of pairs in pair list
mat       matrix dimensions (# rows x # columns)
density   density of the matrix
new data  # new elements for basis in this round
          # zero reductions during linear algebra
time(rd)  time of the current f4 round in seconds given
          for real and cpu time
--------------------------------------------------------

deg     sel   pairs        mat          density            new data         time(rd) in sec (real|cpu)
------------------------------------------------------------------------------------------------------
 11       3       4       4 x 124        98.19%        3 new       0 zero         0.00 | 0.02         
 10       1       4       4 x 140        82.14%        1 new       0 zero         0.00 | 0.00         
 11       3       4      10 x 187        65.19%        3 new       0 zero         0.00 | 0.00         
 12       6       6      26 x 263        52.34%        6 new       1 zero         0.00 | 0.00         
 11       3       9      22 x 234        57.71%        3 new       0 zero         0.00 | 0.00         
 12       5      10      40 x 286        53.35%        4 new       1 zero         0.00 | 0.00         
 11       2      11      27 x 286        50.82%        2 new       0 zero         0.00 | 0.00         
 12       4      13      60 x 351        45.41%        3 new       1 zero         0.00 | 0.00         
 12       2      15      62 x 367        43.36%        2 new       0 zero         0.00 | 0.00         
 13      17      17     118 x 439        39.41%       11 new       6 zero         0.00 | 0.00         
 10       6      21      19 x 226        65.28%        6 new       0 zero         0.04 | 0.06         
 10       4      31      23 x 245        64.10%        4 new       1 zero         0.00 | 0.00         
 11      20      35      70 x 309        55.93%       14 new       6 zero         0.00 | 0.00         
  9       2      50      13 x 214        73.33%        2 new       0 zero         0.00 | 0.00         
 10      14      53      48 x 272        61.28%       13 new       1 zero         0.00 | 0.00         
  9      10      67      29 x 219        70.04%        9 new       1 zero         0.00 | 0.00         
  9       6      76      23 x 203        73.42%        6 new       0 zero         0.00 | 0.00         
  9       6      81      25 x 196        73.78%        6 new       0 zero         0.00 | 0.00         
  8       2      83      14 x 165        81.04%        2 new       0 zero         0.00 | 0.00         
  8       3      84      16 x 164        78.47%        3 new       0 zero         0.00 | 0.00         
  8       3      85      17 x 162        77.81%        3 new       0 zero         0.00 | 0.00         
  8       3      85      19 x 161        75.81%        3 new       0 zero         0.02 | 0.05         
  8       3      86      16 x 153        74.59%        3 new       0 zero         0.00 | 0.00         
  8       3      87      17 x 148        74.28%        3 new       0 zero         0.00 | 0.00         
  8       3      86      18 x 143        74.16%        3 new       0 zero         0.00 | 0.00         
  8       3      86      16 x 136        74.68%        3 new       0 zero         0.00 | 0.00         
  7       2      86      12 x 120        80.62%        2 new       0 zero         0.00 | 0.00         
  7       3      88      14 x 119        76.11%        3 new       0 zero         0.00 | 0.00         
  7       3      89      15 x 117        74.36%        3 new       0 zero         0.00 | 0.00         
  7       3      89      17 x 116        71.45%        3 new       0 zero         0.00 | 0.00         
  7       3      89      15 x 109        70.89%        3 new       0 zero         0.00 | 0.00         
  7       3      90      16 x 104        70.55%        3 new       0 zero         0.00 | 0.00         
  7       2      91      13 x 93         73.28%        2 new       0 zero         0.00 | 0.00         
  6       2      92      11 x 84         77.81%        2 new       0 zero         0.00 | 0.00         
  6       3      93      13 x 83         72.29%        3 new       0 zero         0.00 | 0.00         
  6       3      94      14 x 81         69.75%        3 new       0 zero         0.00 | 0.00         
  6       3      95      12 x 74         67.23%        3 new       0 zero         0.00 | 0.00         
  6       3      95      13 x 69         68.90%        3 new       0 zero         0.00 | 0.00         
  5       2      96       9 x 56         74.40%        2 new       0 zero         0.00 | 0.00         
  5       3      98      11 x 55         66.78%        3 new       0 zero         0.00 | 0.00         
  5       3      98      12 x 53         62.58%        3 new       0 zero         0.00 | 0.02         
  5       3      97      11 x 47         60.93%        3 new       0 zero         0.00 | 0.00         
  4       2      99       8 x 35         70.00%        2 new       0 zero         0.00 | 0.00         
  4       3     100      10 x 34         59.71%        3 new       0 zero         0.00 | 0.00         
  4       1     101       8 x 27         54.63%        1 new       0 zero         0.00 | 0.00         
  3       2     101       7 x 20         62.86%        2 new       0 zero         0.00 | 0.00         
  3       3     101       9 x 19         47.95%        3 new       0 zero         0.00 | 0.00         
  2       2     102       6 x 10         55.00%        1 new       1 zero         0.00 | 0.00         
  3       2     100       7 x 12         51.19%        1 new       1 zero         0.00 | 0.00         
  4       3      98      25 x 28         28.14%        0 new       3 zero         0.00 | 0.00         
  5       5      95      45 x 46         22.95%        0 new       5 zero         0.00 | 0.00         
  6       8      90      77 x 75         19.19%        0 new       8 zero         0.00 | 0.00         
  7       9      82     111 x 108        15.54%        0 new       9 zero         0.00 | 0.00         
  8      12      73     160 x 154        13.64%        0 new      12 zero         0.00 | 0.00         
  9      17      61     218 x 207        13.16%        0 new      17 zero         0.00 | 0.00         
 10      16      44     264 x 254        10.67%        0 new      16 zero         0.00 | 0.00         
 11      12      28     310 x 304         6.30%        0 new      12 zero         0.00 | 0.00         
 12      11      16     409 x 404         4.14%        0 new      11 zero         0.00 | 0.00         
 13       5       5     400 x 401         2.69%        0 new       5 zero         0.00 | 0.00         
------------------------------------------------------------------------------------------------------
reduce final basis        3 x 8          58.33%        3 new       0 zero         0.00 | 0.00         
------------------------------------------------------------------------------------------------------

---------------- TIMINGS ---------------
overall(elapsed)        0.08 sec
overall(cpu)            0.16 sec
select                  0.00 sec   3.6%
symbolic prep.          0.00 sec   2.5%
update                  0.00 sec   4.6%
convert                 0.05 sec  65.1%
linear algebra          0.02 sec  21.6%
reduce gb               0.00 sec   0.0%
-----------------------------------------

---------- COMPUTATIONAL DATA -----------
size of basis                     3
#terms in basis                  14
#pairs reduced                  294
#GM criterion                 16359
#redundant elements             180
#rows reduced                   595
#zero reductions                118
max. matrix data                409 x 404 (4.145%)
max. symbolic hash table size  2^11
max. basis hash table size     2^16
-----------------------------------------


Adding a linear form with an extra variable (lowest w.r.t. monomial order)
[coefficients of linear form are k^0 for k looping over variable index 1...n]

Legend for f4 information
--------------------------------------------------------
deg       current degree of pairs selected in this round
sel       number of pairs selected in this round
pairs     total number of pairs in pair list
mat       matrix dimensions (# rows x # columns)
density   density of the matrix
new data  # new elements for basis in this round
          # zero reductions during linear algebra
time(rd)  time of the current f4 round in seconds given
          for real and cpu time
--------------------------------------------------------

deg     sel   pairs        mat          density            new data         time(rd) in sec (real|cpu)
------------------------------------------------------------------------------------------------------
 11       4       5     339 x 555         0.97%        4 new       0 zero         0.00 | 0.00         
 10       1       4       4 x 206        81.92%        1 new       0 zero         0.04 | 0.09         
 11       2       5      11 x 271        65.05%        2 new       0 zero         0.00 | 0.00         
 12       4       6     384 x 706         2.82%        4 new       0 zero         0.00 | 0.00         
 11       2       8      25 x 321        58.55%        2 new       0 zero         0.00 | 0.00         
 12       4       8      39 x 384        52.66%        4 new       0 zero         0.00 | 0.00         
 11       1      11      12 x 297        64.65%        1 new       0 zero         0.04 | 0.09         
 12       2      11      47 x 407        50.42%        2 new       0 zero         0.01 | 0.01         
 12       1      13      14 x 325        63.58%        1 new       0 zero         0.00 | 0.00         
 13      10      14     106 x 495        45.84%        7 new       3 zero         0.00 | 0.00         
 10       4      18      14 x 255        72.21%        4 new       0 zero         0.00 | 0.00         
 10       4      24      14 x 254        73.14%        4 new       0 zero         0.00 | 0.00         
 11      14      30      74 x 351        55.85%       11 new       4 zero         0.00 | 0.00         
  9       2      36      13 x 214        77.25%        2 new       0 zero         0.00 | 0.00         
 10      10      37      56 x 285        59.95%        9 new       1 zero         0.00 | 0.00         
  9       7      43      24 x 214        70.52%        6 new       1 zero         0.00 | 0.00         
  9       4      46      16 x 181        75.86%        4 new       0 zero         0.00 | 0.02         
  9       3      47      14 x 166        78.44%        3 new       0 zero         0.00 | 0.00         
  8       2      47      12 x 157        78.77%        2 new       0 zero         0.00 | 0.00         
  8       2      47      12 x 151        77.76%        2 new       0 zero         0.00 | 0.00         
  8       2      47      12 x 146        78.54%        2 new       0 zero         0.00 | 0.00         
  8       2      48      12 x 140        77.62%        2 new       0 zero         0.00 | 0.00         
  8       2      49      12 x 136        77.14%        2 new       0 zero         0.00 | 0.00         
  8       1      49      10 x 120        85.08%        1 new       0 zero         0.00 | 0.00         
  8       2      50      12 x 125        77.13%        2 new       0 zero         0.00 | 0.00         
  8       1      50       9 x 107        86.29%        1 new       0 zero         0.00 | 0.00         
  7       2      50      11 x 116        77.66%        2 new       0 zero         0.00 | 0.00         
  7       2      50      11 x 111        75.92%        2 new       0 zero         0.00 | 0.00         
  7       2      50      11 x 105        75.15%        2 new       0 zero         0.00 | 0.00         
  7       2      51      11 x 101        74.26%        2 new       0 zero         0.00 | 0.00         
  7       1      51       9 x 86         83.85%        1 new       0 zero         0.00 | 0.00         
  7       2      52      11 x 90         73.84%        2 new       0 zero         0.00 | 0.00         
  7       1      52       9 x 79         81.43%        1 new       0 zero         0.00 | 0.00         
  6       2      52       9 x 77         75.18%        2 new       0 zero         0.00 | 0.00         
  6       2      52       9 x 73         71.23%        2 new       0 zero         0.00 | 0.00         
  6       1      52       7 x 58         83.50%        1 new       0 zero         0.00 | 0.00         
  6       2      53       9 x 62         70.25%        2 new       0 zero         0.00 | 0.00         
  6       1      53       7 x 51         80.39%        1 new       0 zero         0.00 | 0.00         
  5       2      53       8 x 53         70.05%        2 new       0 zero         0.00 | 0.00         
  5       1      52       6 x 39         79.91%        1 new       0 zero         0.00 | 0.00         
  5       2      53       8 x 42         63.69%        2 new       0 zero         0.00 | 0.00         
  5       1      53       6 x 32         74.48%        1 new       0 zero         0.00 | 0.00         
  4       1      52       5 x 24         79.17%        1 new       0 zero         0.00 | 0.00         
  4       2      53       7 x 27         59.79%        2 new       0 zero         0.00 | 0.00         
  4       1      51       5 x 17         76.47%        1 new       0 zero         0.00 | 0.02         
  3       2      51       6 x 18         58.33%        2 new       0 zero         0.00 | 0.00         
  3       1      47       4 x 9          63.89%        1 new       0 zero         0.00 | 0.00         
  2       1      47       3 x 3          77.78%        0 new       1 zero         0.00 | 0.00         
  4       2      46      30 x 34         17.25%        0 new       2 zero         0.00 | 0.00         
  5       2      44      37 x 41         15.69%        0 new       2 zero         0.00 | 0.00         
  6       4      42      80 x 82         11.80%        0 new       4 zero         0.00 | 0.00         
  7       4      38      90 x 92         11.92%        0 new       4 zero         0.00 | 0.00         
  8       7      34     163 x 162         9.03%        0 new       7 zero         0.00 | 0.00         
  9       8      27     192 x 190         8.93%        0 new       8 zero         0.00 | 0.00         
 10       7      19     244 x 243         6.56%        0 new       7 zero         0.00 | 0.00         
 11       6      12     277 x 277         4.76%        0 new       6 zero         0.00 | 0.00         
 12       5       6     363 x 364         3.64%        0 new       5 zero         0.00 | 0.00         
 13       1       1     354 x 359         2.25%        0 new       1 zero         0.00 | 0.00         
------------------------------------------------------------------------------------------------------
reduce final basis        9 x 14         24.60%        4 new       0 zero         0.00 | 0.00         
------------------------------------------------------------------------------------------------------

---------------- TIMINGS ---------------
overall(elapsed)        0.16 sec
overall(cpu)            0.34 sec
select                  0.01 sec   5.4%
symbolic prep.          0.00 sec   1.5%
update                  0.06 sec  37.1%
convert                 0.07 sec  45.5%
linear algebra          0.01 sec   9.0%
reduce gb               0.00 sec   0.0%
-----------------------------------------

---------- COMPUTATIONAL DATA -----------
size of basis                     4
#terms in basis                  16
#pairs reduced                  173
#GM criterion                  7453
#redundant elements             120
#rows reduced                   352
#zero reductions                 56
max. matrix data                384 x 706 (2.818%)
max. symbolic hash table size  2^11
max. basis hash table size     2^16
-----------------------------------------


Adding a linear form with an extra variable (lowest w.r.t. monomial order)
[coefficients of linear form are k^1 for k looping over variable index 1...n]

Legend for f4 information
--------------------------------------------------------
deg       current degree of pairs selected in this round
sel       number of pairs selected in this round
pairs     total number of pairs in pair list
mat       matrix dimensions (# rows x # columns)
density   density of the matrix
new data  # new elements for basis in this round
          # zero reductions during linear algebra
time(rd)  time of the current f4 round in seconds given
          for real and cpu time
--------------------------------------------------------

deg     sel   pairs        mat          density            new data         time(rd) in sec (real|cpu)
------------------------------------------------------------------------------------------------------
 11       4       5     339 x 555         0.97%        4 new       0 zero         0.04 | 0.04         
 10       1       4       4 x 210        85.48%        1 new       0 zero         0.03 | 0.04         
 11       3       4      12 x 272        68.44%        3 new       0 zero         0.00 | 0.00         
 12       4       4     383 x 705         3.03%        4 new       0 zero         0.00 | 0.00         
 11       3       5      25 x 321        63.51%        3 new       0 zero         0.00 | 0.00         
 12       6       6      40 x 385        62.38%        5 new       1 zero         0.09 | 0.13         
 11       3      10      25 x 338        66.12%        3 new       0 zero         0.10 | 0.16         
 12       7      11      50 x 410        62.41%        4 new       3 zero         0.13 | 0.18         
 12       3      11      46 x 406        62.97%        3 new       0 zero         0.07 | 0.13         
 13      14      14      84 x 478        59.25%       11 new       3 zero         0.12 | 0.24         
 10       4      26      19 x 266        76.39%        4 new       0 zero         0.07 | 0.15         
 10       4      32      22 x 273        77.26%        4 new       0 zero         0.06 | 0.16         
 11      20      37      69 x 346        68.02%       16 new       4 zero         0.16 | 0.38         
  9       2      47      14 x 219        86.14%        2 new       0 zero         0.05 | 0.10         
 10      18      47      51 x 280        73.75%       17 new       1 zero         0.18 | 0.35         
  9      10      57      29 x 219        80.18%        9 new       1 zero         0.12 | 0.23         
  9       6      58      30 x 215        80.87%        6 new       0 zero         0.08 | 0.18         
  9       6      58      34 x 213        80.71%        6 new       0 zero         0.08 | 0.17         
  8       3      64      14 x 165        89.74%        3 new       0 zero         0.07 | 0.13         
  8       3      65      16 x 164        85.82%        3 new       0 zero         0.09 | 0.13         
  8       3      66      18 x 163        84.12%        3 new       0 zero         0.09 | 0.14         
  8       3      66      20 x 162        82.65%        3 new       0 zero         0.09 | 0.14         
  8       3      68      22 x 161        81.39%        3 new       0 zero         0.08 | 0.13         
  8       3      69      24 x 160        80.26%        3 new       0 zero         0.06 | 0.12         
  8       3      71      26 x 159        79.25%        3 new       0 zero         0.00 | 0.00         
  8       3      72      26 x 156        78.75%        3 new       0 zero         0.00 | 0.00         
  7       3      76      12 x 120        87.99%        3 new       0 zero         0.00 | 0.00         
  7       3      75      14 x 119        82.95%        3 new       0 zero         0.00 | 0.00         
  7       3      76      16 x 118        82.31%        3 new       0 zero         0.00 | 0.00         
  7       3      76      18 x 117        81.67%        3 new       0 zero         0.00 | 0.00         
  7       3      76      20 x 116        79.96%        3 new       0 zero         0.00 | 0.00         
  7       3      77      22 x 115        78.50%        3 new       0 zero         0.00 | 0.00         
  7       3      79      22 x 112        77.84%        3 new       0 zero         0.00 | 0.00         
  6       3      83      11 x 84         85.50%        3 new       0 zero         0.00 | 0.00         
  6       3      82      13 x 83         79.52%        3 new       0 zero         0.00 | 0.00         
  6       3      83      15 x 82         78.70%        3 new       0 zero         0.00 | 0.00         
  6       3      83      17 x 81         77.85%        3 new       0 zero         0.00 | 0.00         
  6       3      84      19 x 80         75.79%        3 new       0 zero         0.00 | 0.00         
  5       2      86       9 x 56         81.35%        2 new       0 zero         0.00 | 0.00         
  5       2      84      11 x 55         74.05%        2 new       0 zero         0.00 | 0.00         
  5       3      84      13 x 54         71.51%        3 new       0 zero         0.00 | 0.00         
  5       3      86      15 x 53         70.57%        3 new       0 zero         0.04 | 0.08         
  4       2      88       8 x 35         76.43%        2 new       0 zero         0.00 | 0.00         
  4       2      87      10 x 34         67.35%        2 new       0 zero         0.00 | 0.00         
  4       3      88      12 x 33         64.14%        3 new       0 zero         0.00 | 0.00         
  3       2      91       7 x 20         69.29%        2 new       0 zero         0.00 | 0.00         
  3       2      92       9 x 19         57.31%        2 new       0 zero         0.00 | 0.00         
  2       2      93       6 x 10         58.33%        1 new       1 zero         0.00 | 0.00         
  3       2      90       9 x 14         46.83%        1 new       1 zero         0.00 | 0.00         
  4       4      89      25 x 28         29.00%        1 new       3 zero         0.00 | 0.00         
  5       7      86      49 x 48         22.75%        0 new       7 zero         0.00 | 0.00         
  6       6      79      74 x 74         17.17%        0 new       6 zero         0.00 | 0.00         
  7       9      73     112 x 109        16.00%        0 new       9 zero         0.00 | 0.00         
  8      10      64     156 x 152        12.83%        0 new      10 zero         0.00 | 0.00         
  9      14      54     215 x 207        12.44%        0 new      14 zero         0.00 | 0.00         
 10      15      40     261 x 252        10.41%        0 new      15 zero         0.00 | 0.00         
 11      12      25     319 x 313         6.78%        0 new      12 zero         0.00 | 0.00         
 12       8      13     396 x 394         4.09%        0 new       8 zero         0.00 | 0.00         
 13       5       5     433 x 434         2.83%        0 new       5 zero         0.00 | 0.00         
------------------------------------------------------------------------------------------------------
reduce final basis        5 x 11         49.09%        5 new       0 zero         0.00 | 0.00         
------------------------------------------------------------------------------------------------------

---------------- TIMINGS ---------------
overall(elapsed)        1.95 sec
overall(cpu)            3.63 sec
select                  0.01 sec   0.7%
symbolic prep.          0.00 sec   0.2%
update                  1.09 sec  56.1%
convert                 0.62 sec  32.0%
linear algebra          0.20 sec  10.4%
reduce gb               0.00 sec   0.0%
-----------------------------------------

---------- COMPUTATIONAL DATA -----------
size of basis                     5
#terms in basis                  27
#pairs reduced                  293
#GM criterion                 18622
#redundant elements             190
#rows reduced                   591
#zero reductions                104
max. matrix data                383 x 705 (3.028%)
max. symbolic hash table size  2^11
max. basis hash table size     2^16
-----------------------------------------


#STDERR
bash: line 1: ulimit: virtual memory: cannot modify limit: Operation not permitted

--------------- INPUT DATA ---------------
#variables                       3
#equations                       5
#invalid equations               0
field characteristic          4111
homogeneous input?               0
signature-based computation      0
monomial order                 DRL
basis hash table resetting     OFF
linear algebra option            2
initial hash table size     131072 (2^17)
max pair selection             ALL
reduce gb                        1
#threads                         4
info level                       2
generate pbm files               0
------------------------------------------
Dimension of quotient: 6
Staircase is not generic
Multiplication by x2*x3^2 gets outside the staircase
Time for rational param:          0.10 (elapsed) sec /  0.24 sec (cpu)


--------------- INPUT DATA ---------------
#variables                       3
#equations                       5
#invalid equations               0
field characteristic          4111
homogeneous input?               0
signature-based computation      0
monomial order                 DRL
basis hash table resetting     OFF
linear algebra option            2
initial hash table size     131072 (2^17)
max pair selection             ALL
reduce gb                        1
#threads                         4
info level                       2
generate pbm files               0
------------------------------------------
Dimension of quotient: 6
Staircase is not generic
Multiplication by x2*x3^2 gets outside the staircase
Time for rational param:          0.04 (elapsed) sec /  0.10 sec (cpu)


--------------- INPUT DATA ---------------
#variables                       3
#equations                       5
#invalid equations               0
field characteristic          4111
homogeneous input?               0
signature-based computation      0
monomial order                 DRL
basis hash table resetting     OFF
linear algebra option            2
initial hash table size     131072 (2^17)
max pair selection             ALL
reduce gb                        1
#threads                         4
info level                       2
generate pbm files               0
------------------------------------------
Dimension of quotient: 6
Staircase is not generic
Multiplication by x2*x3^2 gets outside the staircase
Time for rational param:          0.09 (elapsed) sec /  0.17 sec (cpu)


--------------- INPUT DATA ---------------
#variables                       4
#equations                       6
#invalid equations               0
field characteristic          4111
homogeneous input?               0
signature-based computation      0
monomial order                 DRL
basis hash table resetting     OFF
linear algebra option            2
initial hash table size     131072 (2^17)
max pair selection             ALL
reduce gb                        1
#threads                         4
info level                       2
generate pbm files               0
------------------------------------------
Dimension of quotient: 6
Staircase is not generic
Multiplication by x3 gets outside the staircase
Time for rational param:          0.16 (elapsed) sec /  0.35 sec (cpu)


--------------- INPUT DATA ---------------
#variables                       4
#equations                       6
#invalid equations               0
field characteristic          4111
homogeneous input?               0
signature-based computation      0
monomial order                 DRL
basis hash table resetting     OFF
linear algebra option            2
initial hash table size     131072 (2^17)
max pair selection             ALL
reduce gb                        1
#threads                         4
info level                       2
generate pbm files               0
------------------------------------------
Dimension of quotient: 6
[6, 2], Non trivial / Trivial = 33.33%
Density of non-trivial part 91.67%
Time spent to generate sequence (elapsed): 0.00 sec (0.00 Gops/sec)
Time spent to compute eliminating polynomial (elapsed): 0.00 sec
Elimination polynomial has degree 6.
Time for rational param:          1.95 (elapsed) sec /  3.66 sec (cpu)

------------------------------------------------------------------------------------
msolve overall time           2.34 sec (elapsed) /  4.51 sec (cpu)
------------------------------------------------------------------------------------
