=== 2026-09-24T05:59:06Z START: python3 experiments/EXP-CERTBIN-a58c63/impl/selftest.py --out experiments/EXP-CERTBIN-a58c63/runs/RUN-CERTBIN-0b8f3a/selftest.json
{"selftest_all_pass": true, "items": {"moduli_irreducible": true, "field_axioms_n17": true, "field_axioms_n19": true, "point_count_small_curves": true, "s3_vs_point_addition_n17": true, "L_V_roots_n17": true, "regimeB_rows_vs_naive_n17": true, "regimeA_descent_and_rows_n17": true, "regimeB_elimination_vs_literal_n17": true, "regimeB_classifier_vs_literal_n17": true, "Phi_vs_Lagrange_n17": true, "half_trace_root_finding_and_oracles_n17": true, "determinant_vs_leibniz_n17": true, "s3_vs_point_addition_n19": true, "L_V_roots_n19": true, "regimeB_rows_vs_naive_n19": true, "regimeA_descent_and_rows_n19": true, "regimeB_elimination_vs_literal_n19": true, "regimeB_classifier_vs_literal_n19": true, "Phi_vs_Lagrange_n19": true, "half_trace_root_finding_and_oracles_n19": true, "determinant_vs_leibniz_n19": true, "regimeA_elimination_vs_literal": true, "C-FIX": true}}
=== 2026-09-24T05:59:13Z END rc=0
=== 2026-09-24T05:59:13Z START: python3 experiments/EXP-CERTBIN-a58c63/impl/driver.py --spec experiments/EXP-CERTBIN-a58c63/specification.yaml --phase pilot --run-id RUN-CERTBIN-0b8f3a --out experiments/EXP-CERTBIN-a58c63/runs/RUN-CERTBIN-0b8f3a
[2026-09-24T05:59:13.651282+00:00] C-PROV: regression of the copied regime-A code on the archived Stage-1 instances
[2026-09-24T05:59:14.471797+00:00]     F-S3 D=3: 20 targets (0s)
[2026-09-24T05:59:25.197802+00:00]     F-S3 D=4: 20 targets (11s)
[2026-09-24T05:59:25.217333+00:00] C-PROV pass = True (500 comparisons, 0 mismatches)
[2026-09-24T05:59:38.805577+00:00] pilot: T_proj = 3822 s (threshold 345600); schedule C_std
[2026-09-24T05:59:38.887382+00:00] trial plan written: /home/user/crypto-autoresearcher/experiments/EXP-CERTBIN-a58c63/trial-plan-v1.json sha256 d1498357632b8166df3ad7c3e7679a5bd8962d4c7777d06a02ff68cd300e1f9f
=== 2026-09-24T05:59:38Z END rc=0
=== 2026-09-24T05:59:38Z START: timeout 259200 python3 experiments/EXP-CERTBIN-a58c63/impl/driver.py --spec experiments/EXP-CERTBIN-a58c63/specification.yaml --plan experiments/EXP-CERTBIN-a58c63/trial-plan-v1.json --stage1-run experiments/EXP-CERTBIN-4e92d7/runs/RUN-CERTBIN-3b7e05 --run-id RUN-CERTBIN-0b8f3a --out experiments/EXP-CERTBIN-a58c63/runs/RUN-CERTBIN-0b8f3a
[2026-09-24T05:59:39.794792+00:00] n = 19 curve: A=46693 B=306147 #E=523646 h=2 q=261823
[2026-09-24T05:59:42.276520+00:00] phase 1 n17-l6: curve targets, references, oracles
[2026-09-24T05:59:42.318913+00:00]   F-S3 refs: [('U1', 107506, 0), ('U2', 44352, 0), ('U3', 126686, 0), ('S1', 10968, 2), ('S2', 77672, 2)] shortfall={'unsat_missing': 0, 'sat_missing': 0}
[2026-09-24T05:59:42.998750+00:00]   F-S3 targets: 1000 (degenerate 1, sat 12)
[2026-09-24T05:59:48.796049+00:00]   F-SAT: 200 targets (count_reached; draws 34147; population 236, available 222)
[2026-09-24T05:59:48.978328+00:00]   F-PLANT: 200 targets (count_reached; |F_V| = 61, achievable 879)
[2026-09-24T05:59:49.391978+00:00]   F-RANDX refs: [('U1', 124344, 0), ('U2', 21898, 0), ('U3', 6678, 0), ('S1', 253, 2), ('S2', 71318, 2)]; targets 500
[2026-09-24T05:59:49.548490+00:00]   F-AFF refs: [('U1', 107506, 0), ('U2', 44352, 0), ('U3', 126686, 0), ('S1', 99698, 1), ('S2', 70360, 1)]
[2026-09-24T05:59:49.686967+00:00]   F-NULLF2 refs: [('U1', 0), ('U2', 0), ('U3', 0), ('S1', 1), ('S2', 1)]
[2026-09-24T05:59:49.751229+00:00]   F-NULLB refs: [('U1', 0), ('U2', 0), ('U3', 0), ('S1', 1), ('S2', 1)]
[2026-09-24T05:59:49.806813+00:00]   F-AFFB refs: [('U1', 114250, 0), ('U2', 44352, 0), ('U3', 126686, 0), ('S1', 107506, 1), ('S2', 128820, 1)]; alpha=[117187, 67542, 71710, 45435, 111044]
[2026-09-24T05:59:50.168395+00:00]     F-S3 D=3: 20 targets (0s)
[2026-09-24T05:59:50.403470+00:00]     F-S3 D=3: 20 targets (0s)
[2026-09-24T05:59:52.142542+00:00]     F-S3 D=4: 20 targets (2s)
[2026-09-24T05:59:53.108060+00:00]     F-S3 D=4: 20 targets (1s)
[2026-09-24T05:59:57.091044+00:00]     B F-S3: 20 targets (4s)
[2026-09-24T05:59:59.617057+00:00]     B F-S3: 20 targets (3s)
[2026-09-24T05:59:59.620813+00:00] worker identity check: identical=True; workers = 2
[2026-09-24T06:00:03.292345+00:00]     F-S3 D=3: 1000 targets (4s)
[2026-09-24T06:00:04.508179+00:00]     F-SAT D=3: 200 targets (1s)
[2026-09-24T06:00:05.378821+00:00]     F-PLANT D=3: 200 targets (1s)
[2026-09-24T06:00:07.503245+00:00]     F-RANDX D=3: 500 targets (2s)
[2026-09-24T06:00:11.567511+00:00]     F-AFF D=3: 1000 targets (4s)
[2026-09-24T06:00:13.980884+00:00]     F-NULLF2 D=3: 500 targets (2s)
[2026-09-24T06:00:34.819524+00:00]     F-S3 D=4: 1000 targets (21s)
[2026-09-24T06:00:39.474905+00:00]     F-SAT D=4: 200 targets (4s)
[2026-09-24T06:00:43.908993+00:00]     F-PLANT D=4: 200 targets (4s)
[2026-09-24T06:00:55.496101+00:00]     F-RANDX D=4: 500 targets (11s)
[2026-09-24T06:01:17.011061+00:00]     F-AFF D=4: 1000 targets (21s)
[2026-09-24T06:01:28.844846+00:00]     F-NULLF2 D=4: 500 targets (11s)
[2026-09-24T06:02:44.725487+00:00]     B F-S3: 1000 targets (76s)
[2026-09-24T06:03:01.141020+00:00]     B F-SAT: 200 targets (16s)
[2026-09-24T06:03:17.362449+00:00]     B F-PLANT: 200 targets (16s)
[2026-09-24T06:04:00.949920+00:00]     B F-RANDX: 500 targets (44s)
[2026-09-24T06:04:25.250236+00:00]     B F-NULLB: 300 targets (24s)
[2026-09-24T06:04:49.053347+00:00]     B F-AFFB: 300 targets (24s)
[2026-09-24T06:04:49.455233+00:00]     K_B n17-l6 U1: 2 (3 probes)
[2026-09-24T06:04:49.622434+00:00]     K_B n17-l6 U2: 2 (3 probes)
[2026-09-24T06:04:49.794032+00:00]     K_B n17-l6 U3: 2 (3 probes)
[2026-09-24T06:04:58.507042+00:00]     C-REPLAYB v2 n17-l6 U1: pass=True valid 50/50 label=None
[2026-09-24T06:05:07.406269+00:00]     C-REPLAYB v2 n17-l6 U2: pass=True valid 50/50 label=None
[2026-09-24T06:05:15.410899+00:00]     C-REPLAYB v2 n17-l6 U3: pass=True valid 50/50 label=None
[2026-09-24T06:05:16.305362+00:00]   phase 4 n17-l6: C-BREAK checks 0 + 20 matched; pass=True (27s)
[2026-09-24T06:05:16.722931+00:00]     F-S3-REV D=3: 100 targets (0s)
[2026-09-24T06:05:18.864709+00:00]     F-S3-REV D=4: 100 targets (2s)
[2026-09-24T06:05:25.661397+00:00]     B F-S3-REV REV: 100 targets (7s)
[2026-09-24T06:05:40.123089+00:00] phase 1 n19-l6: curve targets, references, oracles
[2026-09-24T06:05:40.581651+00:00]   F-S3 refs: [('U1', 354001, 0), ('U2', 329281, 0), ('U3', 266895, 0), ('S1', 53613, 2), ('S2', 244632, 2)] shortfall={'unsat_missing': 0, 'sat_missing': 0}
[2026-09-24T06:05:41.413107+00:00]   F-S3 targets: 1000 (degenerate 0, sat 1)
[2026-09-24T06:06:30.316912+00:00]   F-SAT: 200 targets (count_reached; draws 96637; population 379, available 376)
[2026-09-24T06:06:30.553960+00:00]   F-PLANT: 200 targets (count_reached; |F_V| = 55, achievable 726)
[2026-09-24T06:06:31.196014+00:00]   F-RANDX refs: [('U1', 109209, 0), ('U2', 254371, 0), ('U3', 137403, 0), ('S1', 284390, 2), ('S2', 380293, 2)]; targets 500
[2026-09-24T06:06:31.470442+00:00]   F-AFF refs: [('U1', 354001, 0), ('U2', 329281, 0), ('U3', 266895, 0), ('S1', 495606, 1), ('S2', 56409, 1)]
[2026-09-24T06:06:31.639737+00:00]   F-NULLF2 refs: [('U1', 0), ('U2', 0), ('U3', 0), ('S1', 1), ('S2', 1)]
[2026-09-24T06:06:31.704941+00:00]   F-NULLB refs: [('U1', 0), ('U2', 0), ('U3', 0), ('S1', 1), ('S2', 1)]
[2026-09-24T06:06:31.791253+00:00]   F-AFFB refs: [('U1', 354001, 0), ('U2', 329281, 0), ('U3', 266895, 0), ('S1', 215458, 1), ('S2', 272009, 1)]; alpha=[94701, 480831, 263383, 191496, 173946]
[2026-09-24T06:06:35.946695+00:00]     F-S3 D=3: 1000 targets (4s)
[2026-09-24T06:06:37.269751+00:00]     F-SAT D=3: 200 targets (1s)
[2026-09-24T06:06:38.228457+00:00]     F-PLANT D=3: 200 targets (1s)
[2026-09-24T06:06:40.338804+00:00]     F-RANDX D=3: 500 targets (2s)
[2026-09-24T06:06:45.072702+00:00]     F-AFF D=3: 1000 targets (4s)
[2026-09-24T06:06:47.712012+00:00]     F-NULLF2 D=3: 500 targets (2s)
[2026-09-24T06:07:09.940479+00:00]     F-S3 D=4: 1000 targets (22s)
[2026-09-24T06:07:15.307480+00:00]     F-SAT D=4: 200 targets (5s)
[2026-09-24T06:07:20.157207+00:00]     F-PLANT D=4: 200 targets (5s)
[2026-09-24T06:07:32.512667+00:00]     F-RANDX D=4: 500 targets (12s)
[2026-09-24T06:07:56.504334+00:00]     F-AFF D=4: 1000 targets (24s)
[2026-09-24T06:08:09.767076+00:00]     F-NULLF2 D=4: 500 targets (13s)
[2026-09-24T06:09:24.130309+00:00]     B F-S3: 1000 targets (74s)
[2026-09-24T06:09:39.920072+00:00]     B F-SAT: 200 targets (16s)
[2026-09-24T06:09:55.910690+00:00]     B F-PLANT: 200 targets (16s)
[2026-09-24T06:10:39.503768+00:00]     B F-RANDX: 500 targets (44s)
[2026-09-24T06:11:04.104867+00:00]     B F-NULLB: 300 targets (24s)
[2026-09-24T06:11:28.405463+00:00]     B F-AFFB: 300 targets (24s)
[2026-09-24T06:11:28.778895+00:00]     K_B n19-l6 U1: 2 (3 probes)
[2026-09-24T06:11:28.901101+00:00]     K_B n19-l6 U2: 2 (3 probes)
[2026-09-24T06:11:29.019050+00:00]     K_B n19-l6 U3: 2 (3 probes)
[2026-09-24T06:11:37.369137+00:00]     C-REPLAYB v2 n19-l6 U1: pass=True valid 50/50 label=None
[2026-09-24T06:11:45.756341+00:00]     C-REPLAYB v2 n19-l6 U2: pass=True valid 50/50 label=None
[2026-09-24T06:11:53.733293+00:00]     C-REPLAYB v2 n19-l6 U3: pass=True valid 50/50 label=None
[2026-09-24T06:11:54.665756+00:00]   phase 4 n19-l6: C-BREAK checks 0 + 20 matched; pass=True (26s)
[2026-09-24T06:11:55.084404+00:00]     F-S3-REV D=3: 100 targets (0s)
[2026-09-24T06:11:57.406283+00:00]     F-S3-REV D=4: 100 targets (2s)
[2026-09-24T06:12:04.438362+00:00]     B F-S3-REV REV: 100 targets (7s)
[2026-09-24T06:12:04.560162+00:00] phase 1 n17-l5: curve targets, references, oracles
[2026-09-24T06:12:04.681422+00:00]   F-S3 refs: [('U1', 108308, 0), ('U2', 67046, 0), ('U3', 444, 0), ('S1', 118664, 2), ('S2', 94164, 2)] shortfall={'unsat_missing': 0, 'sat_missing': 0}
[2026-09-24T06:12:05.088910+00:00]   F-S3 targets: 1000 (degenerate 0, sat 6)
[2026-09-24T06:12:10.814885+00:00]   F-SAT: 55 targets (population_exhausted; draws 105255; population 63, available 55)
[2026-09-24T06:12:10.944134+00:00]   F-PLANT: 200 targets (count_reached; |F_V| = 33, achievable 249)
[2026-09-24T06:12:11.238486+00:00]   F-RANDX refs: [('U1', 38096, 0), ('U2', 37136, 0), ('U3', 85277, 0), ('S1', 75494, 2), ('S2', 77430, 2)]; targets 500
[2026-09-24T06:12:11.366007+00:00]   F-AFF refs: [('U1', 108308, 0), ('U2', 67046, 0), ('U3', 444, 0), ('S1', 48348, 1), ('S2', 31922, 1)]
[2026-09-24T06:12:11.557304+00:00]   F-NULLF2 refs: [('U1', 0), ('U2', 0), ('U3', 0), ('S1', 1), ('S2', 1)]
[2026-09-24T06:12:11.584169+00:00]   F-NULLB refs: [('U1', 0), ('U2', 0), ('U3', 0), ('S1', 1), ('S2', 1)]
[2026-09-24T06:12:11.626330+00:00]   F-AFFB refs: [('U1', 108308, 0), ('U2', 67046, 0), ('U3', 444, 0), ('S1', 67022, 1), ('S2', 114990, 1)]; alpha=[31452, 115112, 32550, 44997, 26180]
[2026-09-24T06:12:14.385360+00:00]     F-S3 D=3: 1000 targets (3s)
[2026-09-24T06:12:14.849784+00:00]     F-SAT D=3: 55 targets (0s)
[2026-09-24T06:12:15.442500+00:00]     F-PLANT D=3: 200 targets (1s)
[2026-09-24T06:12:16.856745+00:00]     F-RANDX D=3: 500 targets (1s)
[2026-09-24T06:12:19.704440+00:00]     F-AFF D=3: 1000 targets (3s)
[2026-09-24T06:12:21.730869+00:00]     F-NULLF2 D=3: 500 targets (2s)
[2026-09-24T06:12:33.000772+00:00]     F-S3 D=4: 1000 targets (11s)
[2026-09-24T06:12:34.209327+00:00]     F-SAT D=4: 55 targets (1s)
[2026-09-24T06:12:36.892078+00:00]     F-PLANT D=4: 200 targets (3s)
[2026-09-24T06:12:43.075352+00:00]     F-RANDX D=4: 500 targets (6s)
[2026-09-24T06:12:54.470731+00:00]     F-AFF D=4: 1000 targets (11s)
[2026-09-24T06:13:00.911911+00:00]     F-NULLF2 D=4: 500 targets (6s)
[2026-09-24T06:17:53.261125+00:00]     B F-S3: 1000 targets (292s)
[2026-09-24T06:18:09.130206+00:00]     B F-SAT: 55 targets (16s)
[2026-09-24T06:19:09.184603+00:00]     B F-PLANT: 200 targets (60s)
[2026-09-24T06:21:40.348836+00:00]     B F-RANDX: 500 targets (151s)
[2026-09-24T06:23:17.640085+00:00]     B F-NULLB: 300 targets (97s)
[2026-09-24T06:24:51.568250+00:00]     B F-AFFB: 300 targets (94s)
[2026-09-24T06:24:52.772569+00:00]     K_B n17-l5 U1: 111 (3 probes)
[2026-09-24T06:24:53.797170+00:00]     K_B n17-l5 U2: 111 (3 probes)
[2026-09-24T06:24:54.768663+00:00]     K_B n17-l5 U3: 111 (3 probes)
[2026-09-24T06:25:45.331786+00:00]     C-REPLAYB v2 n17-l5 U1: pass=True valid 0/50 label=X-ZERO REFERENCE
[2026-09-24T06:26:34.848931+00:00]     C-REPLAYB v2 n17-l5 U2: pass=True valid 0/50 label=X-ZERO REFERENCE
[2026-09-24T06:27:27.569991+00:00]     C-REPLAYB v2 n17-l5 U3: pass=True valid 0/50 label=X-ZERO REFERENCE
[2026-09-24T06:27:40.348423+00:00]   phase 4 n17-l5: C-BREAK checks 25 + 20 matched; pass=True (169s)
[2026-09-24T06:27:40.720412+00:00]     F-S3-REV D=3: 100 targets (0s)
[2026-09-24T06:27:42.090296+00:00]     F-S3-REV D=4: 100 targets (1s)
[2026-09-24T06:30:47.336448+00:00]     B F-S3-REV REV: 100 targets (185s)
[2026-09-24T06:30:47.525354+00:00] phase 1 n19-l5: curve targets, references, oracles
[2026-09-24T06:30:49.266991+00:00]   F-S3 refs: [('U1', 167284, 0), ('U2', 168094, 0), ('U3', 181382, 0), ('S1', 418984, 2), ('S2', 307397, 1)] shortfall={'unsat_missing': 0, 'sat_missing': 0}
[2026-09-24T06:30:49.822034+00:00]   F-S3 targets: 1000 (degenerate 0, sat 1)
[2026-09-24T06:31:53.091432+00:00]   F-SAT: 134 targets (population_exhausted; draws 687643; population 137, available 134)
[2026-09-24T06:31:53.234775+00:00]   F-PLANT: 200 targets (count_reached; |F_V| = 33, achievable 255)
[2026-09-24T06:31:54.011732+00:00]   F-RANDX refs: [('U1', 456716, 0), ('U2', 378877, 0), ('U3', 385131, 0), ('S1', 303150, 2), ('S2', 60929, 2)]; targets 500
[2026-09-24T06:31:54.217539+00:00]   F-AFF refs: [('U1', 167284, 0), ('U2', 168094, 0), ('U3', 181382, 0), ('S1', 208458, 1), ('S2', 30499, 1)]
[2026-09-24T06:31:54.451907+00:00]   F-NULLF2 refs: [('U1', 0), ('U2', 0), ('U3', 0), ('S1', 1), ('S2', 1)]
[2026-09-24T06:31:54.574662+00:00]   F-NULLB refs: [('U1', 0), ('U2', 0), ('U3', 0), ('S1', 1), ('S2', 1)]
[2026-09-24T06:31:54.637246+00:00]   F-AFFB refs: [('U1', 167284, 0), ('U2', 168094, 0), ('U3', 181382, 0), ('S1', 479858, 1), ('S2', 445794, 1)]; alpha=[377123, 399867, 494972, 377395, 276774]
[2026-09-24T06:31:57.824968+00:00]     F-S3 D=3: 1000 targets (3s)
[2026-09-24T06:31:58.598617+00:00]     F-SAT D=3: 134 targets (0s)
[2026-09-24T06:31:59.345721+00:00]     F-PLANT D=3: 200 targets (1s)
[2026-09-24T06:32:01.004434+00:00]     F-RANDX D=3: 500 targets (2s)
[2026-09-24T06:32:04.261667+00:00]     F-AFF D=3: 1000 targets (3s)
[2026-09-24T06:32:06.275105+00:00]     F-NULLF2 D=3: 500 targets (2s)
[2026-09-24T06:32:19.223195+00:00]     F-S3 D=4: 1000 targets (13s)
[2026-09-24T06:32:21.492243+00:00]     F-SAT D=4: 134 targets (2s)
[2026-09-24T06:32:24.695275+00:00]     F-PLANT D=4: 200 targets (3s)
[2026-09-24T06:32:32.007647+00:00]     F-RANDX D=4: 500 targets (7s)
[2026-09-24T06:32:45.050187+00:00]     F-AFF D=4: 1000 targets (13s)
[2026-09-24T06:32:51.696502+00:00]     F-NULLF2 D=4: 500 targets (6s)
[2026-09-24T06:37:59.958758+00:00]     B F-S3: 1000 targets (308s)
[2026-09-24T06:38:44.786911+00:00]     B F-SAT: 134 targets (45s)
[2026-09-24T06:39:50.583895+00:00]     B F-PLANT: 200 targets (66s)
[2026-09-24T06:42:51.997417+00:00]     B F-RANDX: 500 targets (181s)
[2026-09-24T06:44:34.326290+00:00]     B F-NULLB: 300 targets (102s)
[2026-09-24T06:46:28.221512+00:00]     B F-AFFB: 300 targets (114s)
[2026-09-24T06:46:29.722436+00:00]     K_B n19-l5 U1: 111 (3 probes)
[2026-09-24T06:46:30.792084+00:00]     K_B n19-l5 U2: 111 (3 probes)
[2026-09-24T06:46:31.879708+00:00]     K_B n19-l5 U3: 111 (3 probes)
[2026-09-24T06:47:30.218846+00:00]     C-REPLAYB v2 n19-l5 U1: pass=True valid 50/50 label=None
[2026-09-24T06:48:27.180608+00:00]     C-REPLAYB v2 n19-l5 U2: pass=True valid 50/50 label=None
[2026-09-24T06:49:22.582843+00:00]     C-REPLAYB v2 n19-l5 U3: pass=True valid 0/50 label=X-ZERO REFERENCE
[2026-09-24T06:49:27.837819+00:00]   phase 4 n19-l5: C-BREAK checks 0 + 20 matched; pass=True (180s)
[2026-09-24T06:49:28.186608+00:00]     F-S3-REV D=3: 100 targets (0s)
[2026-09-24T06:49:29.556566+00:00]     F-S3-REV D=4: 100 targets (1s)
[2026-09-24T06:52:50.928607+00:00]     B F-S3-REV REV: 100 targets (201s)
[2026-09-24T06:52:51.521114+00:00]   PS0' certificates n17-l6: [{'cell': 'n17-l6', 'regime': 'A', 'D': 4, 'n': 20}, {'cell': 'n17-l6', 'regime': 'B', 'D': 66, 'n': 0, 'unsat_with_one_in_R66': 0}]
[2026-09-24T06:52:52.029404+00:00]   PS0' certificates n19-l6: [{'cell': 'n19-l6', 'regime': 'A', 'D': 4, 'n': 20}, {'cell': 'n19-l6', 'regime': 'B', 'D': 66, 'n': 0, 'unsat_with_one_in_R66': 0}]
[2026-09-24T06:53:07.720628+00:00]   PS0' certificates n17-l5: [{'cell': 'n17-l5', 'regime': 'A', 'D': 4, 'n': 20}, {'cell': 'n17-l5', 'regime': 'B', 'D': 66, 'n': 20, 'unsat_with_one_in_R66': 994}]
[2026-09-24T06:53:24.522537+00:00]   PS0' certificates n19-l5: [{'cell': 'n19-l5', 'regime': 'A', 'D': 4, 'n': 20}, {'cell': 'n19-l5', 'regime': 'B', 'D': 66, 'n': 20, 'unsat_with_one_in_R66': 999}]
[2026-09-24T06:53:24.598944+00:00] phases 1-5 and 7a complete. NEXT: the determinism command (separate process), then the verify command, then --resume
=== 2026-09-24T06:53:24Z END rc=0
=== 2026-09-24T06:53:24Z START: python3 experiments/EXP-CERTBIN-a58c63/impl/driver.py --spec experiments/EXP-CERTBIN-a58c63/specification.yaml --plan experiments/EXP-CERTBIN-a58c63/trial-plan-v1.json --stage1-run experiments/EXP-CERTBIN-4e92d7/runs/RUN-CERTBIN-3b7e05 --run-id RUN-CERTBIN-0b8f3a --out experiments/EXP-CERTBIN-a58c63/runs/RUN-CERTBIN-0b8f3a --phase determinism
[2026-09-24T06:53:25.981872+00:00]   determinism n17-l6 A D=3: 106/106
[2026-09-24T06:53:28.204545+00:00]   determinism n17-l6 A D=4: 106/106
[2026-09-24T06:53:33.259211+00:00]   determinism n17-l6 B D=66: 106/106
[2026-09-24T06:53:33.785389+00:00]   determinism n19-l6 A D=3: 106/106
[2026-09-24T06:53:36.121244+00:00]   determinism n19-l6 A D=4: 106/106
[2026-09-24T06:53:41.311653+00:00]   determinism n19-l6 B D=66: 106/106
[2026-09-24T06:53:41.560287+00:00]   determinism n17-l5 A D=3: 106/106
[2026-09-24T06:53:42.712078+00:00]   determinism n17-l5 A D=4: 106/106
[2026-09-24T06:54:13.147041+00:00]   determinism n17-l5 B D=66: 106/106
[2026-09-24T06:54:13.472409+00:00]   determinism n19-l5 A D=3: 106/106
[2026-09-24T06:54:14.703550+00:00]   determinism n19-l5 A D=4: 106/106
[2026-09-24T06:54:48.187116+00:00]   determinism n19-l5 B D=66: 106/106
[2026-09-24T06:54:48.188295+00:00] phase 6 complete: 1272/1272
=== 2026-09-24T06:54:48Z END rc=0
=== 2026-09-24T06:54:48Z START: python3 experiments/EXP-CERTBIN-a58c63/verifier/verify_cert.py --certs experiments/EXP-CERTBIN-a58c63/runs/RUN-CERTBIN-0b8f3a/ps0prime-certificates.jsonl.gz --cells experiments/EXP-CERTBIN-a58c63/runs/RUN-CERTBIN-0b8f3a/cells.json --out experiments/EXP-CERTBIN-a58c63/runs/RUN-CERTBIN-0b8f3a/ps0prime-verification.json
{"n": 120, "n_pass": 120, "all_pass": true}
=== 2026-09-24T06:54:50Z END rc=0
=== 2026-09-24T06:54:50Z START: python3 experiments/EXP-CERTBIN-a58c63/impl/driver.py --spec experiments/EXP-CERTBIN-a58c63/specification.yaml --plan experiments/EXP-CERTBIN-a58c63/trial-plan-v1.json --stage1-run experiments/EXP-CERTBIN-4e92d7/runs/RUN-CERTBIN-3b7e05 --run-id RUN-CERTBIN-0b8f3a --out experiments/EXP-CERTBIN-a58c63/runs/RUN-CERTBIN-0b8f3a --resume
[2026-09-24T06:55:28.544585+00:00] phase 8: aggregation, decision rules, run report
[2026-09-24T06:55:28.546454+00:00]   phase 8: n17-l6
[2026-09-24T06:56:58.457201+00:00]   phase 8: n19-l6
[2026-09-24T06:58:43.084771+00:00]   phase 8: n17-l5
[2026-09-24T07:00:42.808784+00:00]   phase 8: n19-l5
[2026-09-24T07:02:35.217362+00:00] phase 8 complete
=== 2026-09-24T07:02:35Z END rc=0
=== ALL COMMANDS DONE
