==============================================================================
EXP-XOR-7267e4 charged-cost grid
m=3, primes=[101, 103, 107, 211], b=[0.4, 0.5], seeds=[1, 2, 3, 4, 5], arms=[A,B,D]
Total: 4x2x5 = 40 instances x 3 arms = 120 arm-runs
==============================================================================

CTRL-BLOB: frozen predecessor /private/tmp/wt-exp-xor/experiments/EXP-SEMAEV-f48dd1/implementation/full_grid.py
  expected sha256: 64d682e56e28472987ebd319f6250a09620c566ab7a881701d53acce3300a540
  actual   sha256: 64d682e56e28472987ebd319f6250a09620c566ab7a881701d53acce3300a540
  CTRL-BLOB pass:  True

Finding curve for p=101 ...
  curve y^2 = x^3 + 0x + 1 over F_101, order N=102

--- group 1/8: p=101 b=0.4 (B_size=6) ---
  seed=1: C_A=3456 C_B=248 C_D=184  R_A=26 R_B=26 R_D=0  controls={'CTRL-QUERY-COUNT': True, 'CTRL-PRNG-NO-COLLISION': True, 'CTRL-YIELD-REF': True}
  seed=2: C_A=3456 C_B=248 C_D=172  R_A=26 R_B=26 R_D=2  controls={'CTRL-QUERY-COUNT': True, 'CTRL-PRNG-NO-COLLISION': True, 'CTRL-YIELD-REF': True}
  seed=3: C_A=3456 C_B=248 C_D=184  R_A=26 R_B=26 R_D=0  controls={'CTRL-QUERY-COUNT': True, 'CTRL-PRNG-NO-COLLISION': True, 'CTRL-YIELD-REF': True}
  seed=4: C_A=3456 C_B=248 C_D=160  R_A=26 R_B=26 R_D=0  controls={'CTRL-QUERY-COUNT': True, 'CTRL-PRNG-NO-COLLISION': True, 'CTRL-YIELD-REF': True}
  seed=5: C_A=3456 C_B=248 C_D=180  R_A=26 R_B=26 R_D=0  controls={'CTRL-QUERY-COUNT': True, 'CTRL-PRNG-NO-COLLISION': True, 'CTRL-YIELD-REF': True}

--- group 2/8: p=101 b=0.5 (B_size=10) ---
  seed=1: C_A=16000 C_B=648 C_D=604  R_A=62 R_B=62 R_D=0  controls={'CTRL-QUERY-COUNT': True, 'CTRL-PRNG-NO-COLLISION': True, 'CTRL-YIELD-REF': True}
  seed=2: C_A=16000 C_B=648 C_D=536  R_A=62 R_B=62 R_D=2  controls={'CTRL-QUERY-COUNT': True, 'CTRL-PRNG-NO-COLLISION': True, 'CTRL-YIELD-REF': True}
  seed=3: C_A=16000 C_B=648 C_D=556  R_A=62 R_B=62 R_D=0  controls={'CTRL-QUERY-COUNT': True, 'CTRL-PRNG-NO-COLLISION': True, 'CTRL-YIELD-REF': True}
  seed=4: C_A=16000 C_B=648 C_D=572  R_A=62 R_B=62 R_D=0  controls={'CTRL-QUERY-COUNT': True, 'CTRL-PRNG-NO-COLLISION': True, 'CTRL-YIELD-REF': True}
  seed=5: C_A=16000 C_B=648 C_D=544  R_A=62 R_B=62 R_D=0  controls={'CTRL-QUERY-COUNT': True, 'CTRL-PRNG-NO-COLLISION': True, 'CTRL-YIELD-REF': True}

Finding curve for p=103 ...
  curve y^2 = x^3 + 0x + 1 over F_103, order N=84

--- group 3/8: p=103 b=0.4 (B_size=6) ---
  seed=1: C_A=3456 C_B=272 C_D=196  R_A=32 R_B=32 R_D=1  controls={'CTRL-QUERY-COUNT': True, 'CTRL-PRNG-NO-COLLISION': True, 'CTRL-YIELD-REF': True}
  seed=2: C_A=3456 C_B=272 C_D=200  R_A=32 R_B=32 R_D=0  controls={'CTRL-QUERY-COUNT': True, 'CTRL-PRNG-NO-COLLISION': True, 'CTRL-YIELD-REF': True}
  seed=3: C_A=3456 C_B=272 C_D=168  R_A=32 R_B=32 R_D=0  controls={'CTRL-QUERY-COUNT': True, 'CTRL-PRNG-NO-COLLISION': True, 'CTRL-YIELD-REF': True}
  seed=4: C_A=3456 C_B=272 C_D=180  R_A=32 R_B=32 R_D=0  controls={'CTRL-QUERY-COUNT': True, 'CTRL-PRNG-NO-COLLISION': True, 'CTRL-YIELD-REF': True}
  seed=5: C_A=3456 C_B=272 C_D=160  R_A=32 R_B=32 R_D=0  controls={'CTRL-QUERY-COUNT': True, 'CTRL-PRNG-NO-COLLISION': True, 'CTRL-YIELD-REF': True}

--- group 4/8: p=103 b=0.5 (B_size=10) ---
  seed=1: C_A=16000 C_B=792 C_D=616  R_A=98 R_B=98 R_D=7  controls={'CTRL-QUERY-COUNT': True, 'CTRL-PRNG-NO-COLLISION': True, 'CTRL-YIELD-REF': True}
  seed=2: C_A=16000 C_B=792 C_D=532  R_A=98 R_B=98 R_D=0  controls={'CTRL-QUERY-COUNT': True, 'CTRL-PRNG-NO-COLLISION': True, 'CTRL-YIELD-REF': True}
  seed=3: C_A=16000 C_B=792 C_D=516  R_A=98 R_B=98 R_D=0  controls={'CTRL-QUERY-COUNT': True, 'CTRL-PRNG-NO-COLLISION': True, 'CTRL-YIELD-REF': True}
  seed=4: C_A=16000 C_B=792 C_D=564  R_A=98 R_B=98 R_D=0  controls={'CTRL-QUERY-COUNT': True, 'CTRL-PRNG-NO-COLLISION': True, 'CTRL-YIELD-REF': True}
  seed=5: C_A=16000 C_B=792 C_D=504  R_A=98 R_B=98 R_D=0  controls={'CTRL-QUERY-COUNT': True, 'CTRL-PRNG-NO-COLLISION': True, 'CTRL-YIELD-REF': True}

*** EARLY-EXIT STOPPING RULE TRIGGERED: 4 of the first 4 groups show C_D_mean <= C_B_mean ***

Raw result written to: /private/tmp/wt-exp-xor/experiments/EXP-XOR-7267e4/runs/RUN-XOR-7267e4-grid/raw-result.json
Analysis written to: /private/tmp/wt-exp-xor/experiments/EXP-XOR-7267e4/runs/RUN-XOR-7267e4-grid/analysis.yaml

==============================================================================
Grid complete. Instances: 20  Valid: 20  Wall: 2.1213s  Early-exit: True
==============================================================================
