==6077== Callgrind, a call-graph generating cache profiler
==6077== Copyright (C) 2002-2017, and GNU GPL'd, by Josef Weidendorfer et al.
==6077== Using Valgrind-3.22.0 and LibVEX; rerun with -h for copyright info
==6077== Command: /usr/bin/msolve -v 2 -t 1 -f /home/user/crypto-autoresearcher/experiments/EXP-GFPN-05ff43/runs/RUN-GFPN-4d1ac0/solver/fx_fresh2_raw_x.ms -o /home/user/crypto-autoresearcher/experiments/EXP-GFPN-05ff43/runs/RUN-GFPN-4d1ac0/solver/fx_fresh2_raw_x.cg.ms.out -P 1
==6077== 
==6077== For interactive control, run 'callgrind_control -h'.

--------------- INPUT DATA ---------------
#variables                       3
#equations                       3
#invalid equations               0
field characteristic          4111
homogeneous input?               0
signature-based computation      0
monomial order                 DRL
basis hash table resetting     OFF
linear algebra option            2
initial hash table size     131072 (2^17)
max pair selection             ALL
reduce gb                        1
#threads                         1
info level                       2
generate pbm files               0
------------------------------------------
Dimension of quotient: 384
Staircase is not generic
Multiplication by x1^4*x2^5*x3 gets outside the staircase
Time for rational param:          0.66 (elapsed) sec /  0.65 sec (cpu)


--------------- INPUT DATA ---------------
#variables                       3
#equations                       3
#invalid equations               0
field characteristic          4111
homogeneous input?               0
signature-based computation      0
monomial order                 DRL
basis hash table resetting     OFF
linear algebra option            2
initial hash table size     131072 (2^17)
max pair selection             ALL
reduce gb                        1
#threads                         1
info level                       2
generate pbm files               0
------------------------------------------
Dimension of quotient: 384
Staircase is not generic
Multiplication by x1^4*x2^5*x3 gets outside the staircase
Time for rational param:          0.56 (elapsed) sec /  0.55 sec (cpu)


--------------- INPUT DATA ---------------
#variables                       3
#equations                       3
#invalid equations               0
field characteristic          4111
homogeneous input?               0
signature-based computation      0
monomial order                 DRL
basis hash table resetting     OFF
linear algebra option            2
initial hash table size     131072 (2^17)
max pair selection             ALL
reduce gb                        1
#threads                         1
info level                       2
generate pbm files               0
------------------------------------------
Dimension of quotient: 384
Staircase is not generic
Multiplication by x1^4*x2^5*x3 gets outside the staircase
Time for rational param:          0.58 (elapsed) sec /  0.57 sec (cpu)


--------------- INPUT DATA ---------------
#variables                       4
#equations                       4
#invalid equations               0
field characteristic          4111
homogeneous input?               0
signature-based computation      0
monomial order                 DRL
basis hash table resetting     OFF
linear algebra option            2
initial hash table size     131072 (2^17)
max pair selection             ALL
reduce gb                        1
#threads                         1
info level                       2
generate pbm files               0
------------------------------------------
Dimension of quotient: 384
Staircase is not generic
Multiplication by x2^9*x3 gets outside the staircase
Time for rational param:          0.58 (elapsed) sec /  0.55 sec (cpu)


--------------- INPUT DATA ---------------
#variables                       4
#equations                       4
#invalid equations               0
field characteristic          4111
homogeneous input?               0
signature-based computation      0
monomial order                 DRL
basis hash table resetting     OFF
linear algebra option            2
initial hash table size     131072 (2^17)
max pair selection             ALL
reduce gb                        1
#threads                         1
info level                       2
generate pbm files               0
------------------------------------------
Dimension of quotient: 384
[384, 63], Non trivial / Trivial = 16.41%
Density of non-trivial part 97.69%
Time spent to generate sequence (elapsed): 0.07 sec (0.26 Gops/sec)
Time spent to compute eliminating polynomial (elapsed): 0.08 sec
Elimination polynomial has degree 384.
Time for rational param:          0.98 (elapsed) sec /  0.97 sec (cpu)

------------------------------------------------------------------------------------
msolve overall time           3.41 sec (elapsed) /  3.34 sec (cpu)
------------------------------------------------------------------------------------
==6077== 
==6077== Events    : Ir
==6077== Collected : 821679282
==6077== 
==6077== I   refs:      821,679,282
