{
 "C1_summary": {
  "total": 17,
  "off_under_newline_numbering": 6,
  "all_match_under_splitlines": true
 },
 "C1_formfeeds": {
  "EcGFp5": 18,
  "EcMasFp5": 0
 },
 "C2": 142.39999999946258,
 "C3": {
  "0.5*log2(pi*l/4) [audit, = log2(0.886*sqrt l)]": {
   "curve": 159.8257,
   "twist": 101.9321,
   "curve_rounds_to_159.83": true,
   "twist_rounds_to_101.93": true
  },
  "0.5*log2(l)": {
   "curve": 160.0,
   "twist": 102.1064,
   "curve_rounds_to_159.83": false,
   "twist_rounds_to_101.93": false
  },
  "0.5*log2(pi*l/2)": {
   "curve": 160.3257,
   "twist": 102.4321,
   "curve_rounds_to_159.83": false,
   "twist_rounds_to_101.93": false
  },
  "0.5*log2(pi*l)": {
   "curve": 160.8257,
   "twist": 102.9321,
   "curve_rounds_to_159.83": false,
   "twist_rounds_to_101.93": false
  },
  "0.5*log2(l) - 1 (sqrt(l)/2)": {
   "curve": 159.0,
   "twist": 101.1064,
   "curve_rounds_to_159.83": false,
   "twist_rounds_to_101.93": false
  }
 },
 "C4": {
  "l": "981394945332765852739783890042638080022301387020925721",
  "l_bits": 180,
  "l_divides_q_plus_1": true,
  "q_mod_l_equals_minus_1": true,
  "l_probable_prime_MR": true,
  "ord_l_q": 2,
  "pipeline_reported_e_for_the_curve_row": "2135987033434293902082969833143585405490115481162544232032811052120416417467265840012020259225601",
  "pipeline_e_bits": 320,
  "pipeline_n_used": "2135987033434293902082969833143585405490115481162544232032811052120416417467265840012020259225602",
  "n_used_is_q_plus_1": true,
  "n_used_prime_MR": false,
  "pow_q_e_mod_n_equals_1": false,
  "true_ord_of_q_mod_n": 2,
  "twist_row_embedding_degree_for_l180": {
   "value": "2",
   "bits": 2,
   "ratio": "490697472666382926369891945021319040011150693510462860",
   "certificate": "exact",
   "matches_self_report_(nt-1)/15": false
  }
 },
 "C5": {
  "t1": 570399549,
  "t1^2-4p": -73461620632158933883,
  "mod4": 1,
  "abs_bits": 66,
  "note": "PARI core(t1^2-4p) = itself (prep.gp.out), so the fundamental discriminant of E_0 (and of E_0 over F_{p^5}) is t1^2-4p",
  "D_over_Fp5": "-7634923298949367173522780184414210032105587835155309820202073546318098100020098549308323810532203",
  "D_over_Fp5_bits": 322,
  "D5_divisible_by_d1": true,
  "quotient_is_square": true
 },
 "C7": {
  "objA_supersingular": {
   "success_criterion_literally_met": true,
   "any_FAIL_label": false,
   "labels": {
    "order_certificate": "NOT_VERIFIABLE",
    "cofactor": "NOT_VERIFIABLE",
    "embedding_degree": "PASS",
    "cm_discriminant_bits": "PASS",
    "twist_order_factorization": "PASS",
    "twist_security_bits": "PASS",
    "rigidity_reproduced": "PASS",
    "figure_provenance_table": "PRESENT",
    "scurve_control_certificate_match": "PASS (RUN-GFPN-17ed52, recorded before this run)"
   }
  },
  "objB_subfield": {
   "success_criterion_literally_met": true,
   "any_FAIL_label": false,
   "labels": {
    "order_certificate": "NOT_VERIFIABLE",
    "cofactor": "NOT_VERIFIABLE",
    "embedding_degree": "BOUND",
    "cm_discriminant_bits": "PASS_BITS_ONLY",
    "twist_order_factorization": "BOUND",
    "twist_security_bits": "BOUND",
    "rigidity_reproduced": "PASS",
    "figure_provenance_table": "PRESENT",
    "scurve_control_certificate_match": "PASS (RUN-GFPN-17ed52, recorded before this run)"
   }
  },
  "objC_tampered_selfreports": {
   "success_criterion_literally_met": false,
   "any_FAIL_label": false,
   "labels": {
    "order_certificate": "PASS",
    "cofactor": "PASS",
    "embedding_degree": "PASS",
    "cm_discriminant_bits": "PASS",
    "twist_order_factorization": "PASS",
    "twist_security_bits": "PASS",
    "rigidity_reproduced": "PASS",
    "figure_provenance_table": "PRESENT",
    "scurve_control_certificate_match": "PASS (RUN-GFPN-17ed52, recorded before this run)"
   }
  },
  "objD_mas_shifted_rigidity": {
   "success_criterion_literally_met": false,
   "any_FAIL_label": true,
   "labels": {
    "order_certificate": "PASS",
    "cofactor": "PASS",
    "embedding_degree": "PASS",
    "cm_discriminant_bits": "PASS",
    "twist_order_factorization": "PASS",
    "twist_security_bits": "PASS",
    "rigidity_reproduced": "FAIL",
    "figure_provenance_table": "PRESENT",
    "scurve_control_certificate_match": "PASS (RUN-GFPN-17ed52, recorded before this run)"
   }
  },
  "objD_gf_shifted_rigidity": {
   "success_criterion_literally_met": false,
   "any_FAIL_label": true,
   "labels": {
    "order_certificate": "PASS",
    "cofactor": "PASS",
    "embedding_degree": "PASS",
    "cm_discriminant_bits": "PASS",
    "twist_order_factorization": "PASS",
    "twist_security_bits": "PASS",
    "rigidity_reproduced": "FAIL",
    "figure_provenance_table": "PRESENT",
    "scurve_control_certificate_match": "PASS (RUN-GFPN-17ed52, recorded before this run)"
   }
  }
 }
}
