[      0s] main 30b c6710 ic_m4 subgroup table completed_valid t=0.0s
[      0s] main 30b c6710 ic_m4 small_x table completed_valid t=0.0s
[      0s] main 30b c6710 ic_m4 random_sub_r0 table completed_valid t=0.0s
[      0s] main 30b c6710 ic_m4 random_sub_r1 table completed_valid t=0.0s
[      0s] main 30b c6710 ic_m4 random_sub_r2 table completed_valid t=0.0s
[      0s] main 30b c6710 ic_m4 known_null_sub table completed_valid t=0.0s
[      0s] main 30b c6710 ic_m4 planted_sub table completed_valid t=0.0s
[      0s] main 30b c6710 ic_m4 small_x_offset table completed_valid t=0.0s
[      0s] main 30b c6711 ic_m4 subgroup table completed_valid t=0.0s
[      0s] main 30b c6711 ic_m4 small_x table completed_valid t=0.0s
[      0s] main 30b c6711 ic_m4 random_sub_r0 table completed_valid t=0.0s
[      0s] main 30b c6711 ic_m4 random_sub_r1 table completed_valid t=0.0s
[      0s] main 30b c6711 ic_m4 random_sub_r2 table completed_valid t=0.0s
[      0s] main 30b c6711 ic_m4 known_null_sub table completed_valid t=0.0s
[      0s] main 30b c6711 ic_m4 planted_sub table completed_valid t=0.0s
[      0s] main 30b c6711 ic_m4 small_x_offset table completed_valid t=0.0s
[      1s] main 30b c6712 ic_m4 subgroup table completed_valid t=0.0s
[      1s] main 30b c6712 ic_m4 small_x table completed_valid t=0.0s
[      1s] main 30b c6712 ic_m4 random_sub_r0 table completed_valid t=0.0s
[      1s] main 30b c6712 ic_m4 random_sub_r1 table completed_valid t=0.0s
[      1s] main 30b c6712 ic_m4 random_sub_r2 table completed_valid t=0.0s
[      1s] main 30b c6712 ic_m4 known_null_sub table completed_valid t=0.0s
[      1s] main 30b c6712 ic_m4 planted_sub table completed_valid t=0.0s
[      1s] main 30b c6712 ic_m4 small_x_offset table completed_valid t=0.0s
[      1s] main 30b c6713 ic_m4 subgroup table completed_valid t=0.0s
[      1s] main 30b c6713 ic_m4 small_x table completed_valid t=0.0s
[      1s] main 30b c6713 ic_m4 random_sub_r0 table completed_valid t=0.0s
[      1s] main 30b c6713 ic_m4 random_sub_r1 table completed_valid t=0.0s
[      1s] main 30b c6713 ic_m4 random_sub_r2 table completed_valid t=0.0s
[      1s] main 30b c6713 ic_m4 known_null_sub table completed_valid t=0.0s
[      1s] main 30b c6713 ic_m4 planted_sub table completed_valid t=0.0s
[      1s] main 30b c6713 ic_m4 small_x_offset table completed_valid t=0.0s
[      1s] main 30b c6714 ic_m4 subgroup table completed_valid t=0.0s
[      1s] main 30b c6714 ic_m4 small_x table completed_valid t=0.0s
[      1s] main 30b c6714 ic_m4 random_sub_r0 table completed_valid t=0.0s
[      1s] main 30b c6714 ic_m4 random_sub_r1 table completed_valid t=0.0s
[      1s] main 30b c6714 ic_m4 random_sub_r2 table completed_valid t=0.0s
[      1s] main 30b c6714 ic_m4 known_null_sub table completed_valid t=0.0s
[      1s] main 30b c6714 ic_m4 planted_sub table completed_valid t=0.0s
[      1s] main 30b c6714 ic_m4 small_x_offset table completed_valid t=0.0s
[      1s] main 30b c6715 ic_m4 subgroup table completed_valid t=0.0s
[      1s] main 30b c6715 ic_m4 small_x table completed_valid t=0.0s
[      1s] main 30b c6715 ic_m4 random_sub_r0 table completed_valid t=0.0s
[      1s] main 30b c6715 ic_m4 random_sub_r1 table completed_valid t=0.0s
[      1s] main 30b c6715 ic_m4 random_sub_r2 table completed_valid t=0.0s
[      1s] main 30b c6715 ic_m4 known_null_sub table completed_valid t=0.0s
[      1s] main 30b c6715 ic_m4 planted_sub table completed_valid t=0.0s
[      1s] main 30b c6715 ic_m4 small_x_offset table completed_valid t=0.0s
[      1s] main 30b c6716 ic_m4 subgroup table completed_valid t=0.0s
[      1s] main 30b c6716 ic_m4 small_x table completed_valid t=0.0s
[      1s] main 30b c6716 ic_m4 random_sub_r0 table completed_valid t=0.0s
[      1s] main 30b c6716 ic_m4 random_sub_r1 table completed_valid t=0.0s
[      1s] main 30b c6716 ic_m4 random_sub_r2 table completed_valid t=0.0s
[      1s] main 30b c6716 ic_m4 known_null_sub table completed_valid t=0.0s
[      1s] main 30b c6716 ic_m4 planted_sub table completed_valid t=0.0s
[      1s] main 30b c6716 ic_m4 small_x_offset table completed_valid t=0.0s
[      2s] main 30b c6717 ic_m4 subgroup table completed_valid t=0.0s
[      2s] main 30b c6717 ic_m4 small_x table completed_valid t=0.0s
[      2s] main 30b c6717 ic_m4 random_sub_r0 table completed_valid t=0.0s
[      2s] main 30b c6717 ic_m4 random_sub_r1 table completed_valid t=0.0s
[      2s] main 30b c6717 ic_m4 random_sub_r2 table completed_valid t=0.0s
[      2s] main 30b c6717 ic_m4 known_null_sub table completed_valid t=0.0s
[      2s] main 30b c6717 ic_m4 planted_sub table completed_valid t=0.0s
[      2s] main 30b c6717 ic_m4 small_x_offset table completed_valid t=0.0s
[      2s] main 30b c6718 ic_m4 subgroup table completed_valid t=0.0s
[      2s] main 30b c6718 ic_m4 small_x table completed_valid t=0.0s
[      2s] main 30b c6718 ic_m4 random_sub_r0 table completed_valid t=0.0s
[      2s] main 30b c6718 ic_m4 random_sub_r1 table completed_valid t=0.0s
[      2s] main 30b c6718 ic_m4 random_sub_r2 table completed_valid t=0.0s
[      2s] main 30b c6718 ic_m4 known_null_sub table completed_valid t=0.0s
[      2s] main 30b c6718 ic_m4 planted_sub table completed_valid t=0.0s
[      2s] main 30b c6718 ic_m4 small_x_offset table completed_valid t=0.0s
[      2s] main 30b c6719 ic_m4 subgroup table completed_valid t=0.0s
[      2s] main 30b c6719 ic_m4 small_x table completed_valid t=0.0s
[      2s] main 30b c6719 ic_m4 random_sub_r0 table completed_valid t=0.0s
[      2s] main 30b c6719 ic_m4 random_sub_r1 table completed_valid t=0.0s
[      2s] main 30b c6719 ic_m4 random_sub_r2 table completed_valid t=0.0s
[      2s] main 30b c6719 ic_m4 known_null_sub table completed_valid t=0.0s
[      2s] main 30b c6719 ic_m4 planted_sub table completed_valid t=0.0s
[      2s] main 30b c6719 ic_m4 small_x_offset table completed_valid t=0.0s
[      2s] main 30b c6720 ic_m4 subgroup table completed_valid t=0.0s
[      2s] main 30b c6720 ic_m4 small_x table completed_valid t=0.0s
[      2s] main 30b c6720 ic_m4 random_sub_r0 table completed_valid t=0.0s
[      2s] main 30b c6720 ic_m4 random_sub_r1 table completed_valid t=0.0s
[      2s] main 30b c6720 ic_m4 random_sub_r2 table completed_valid t=0.0s
[      2s] main 30b c6720 ic_m4 known_null_sub table completed_valid t=0.0s
[      2s] main 30b c6720 ic_m4 planted_sub table completed_valid t=0.0s
[      2s] main 30b c6720 ic_m4 small_x_offset table completed_valid t=0.0s
[      3s] main 30b c6721 ic_m4 subgroup table completed_valid t=0.0s
[      3s] main 30b c6721 ic_m4 small_x table completed_valid t=0.0s
[      3s] main 30b c6721 ic_m4 random_sub_r0 table completed_valid t=0.0s
[      3s] main 30b c6721 ic_m4 random_sub_r1 table completed_valid t=0.0s
[      3s] main 30b c6721 ic_m4 random_sub_r2 table completed_valid t=0.0s
[      3s] main 30b c6721 ic_m4 known_null_sub table completed_valid t=0.0s
[      3s] main 30b c6721 ic_m4 planted_sub table completed_valid t=0.0s
[      3s] main 30b c6721 ic_m4 small_x_offset table completed_valid t=0.0s
[      3s] main 30b c6722 ic_m4 subgroup table completed_valid t=0.0s
[      3s] main 30b c6722 ic_m4 small_x table completed_valid t=0.0s
[      3s] main 30b c6722 ic_m4 random_sub_r0 table completed_valid t=0.0s
[      3s] main 30b c6722 ic_m4 random_sub_r1 table completed_valid t=0.0s
[      3s] main 30b c6722 ic_m4 random_sub_r2 table completed_valid t=0.0s
[      3s] main 30b c6722 ic_m4 known_null_sub table completed_valid t=0.0s
[      3s] main 30b c6722 ic_m4 planted_sub table completed_valid t=0.0s
[      3s] main 30b c6722 ic_m4 small_x_offset table completed_valid t=0.0s
[      3s] main 30b c6723 ic_m4 subgroup table completed_valid t=0.0s
[      3s] main 30b c6723 ic_m4 small_x table completed_valid t=0.0s
[      3s] main 30b c6723 ic_m4 random_sub_r0 table completed_valid t=0.0s
[      3s] main 30b c6723 ic_m4 random_sub_r1 table completed_valid t=0.0s
[      3s] main 30b c6723 ic_m4 random_sub_r2 table completed_valid t=0.0s
[      3s] main 30b c6723 ic_m4 known_null_sub table completed_valid t=0.0s
[      3s] main 30b c6723 ic_m4 planted_sub table completed_valid t=0.0s
[      3s] main 30b c6723 ic_m4 small_x_offset table completed_valid t=0.0s
[      3s] main 30b c6724 ic_m4 subgroup table completed_valid t=0.0s
[      3s] main 30b c6724 ic_m4 small_x table completed_valid t=0.0s
[      3s] main 30b c6724 ic_m4 random_sub_r0 table completed_valid t=0.0s
[      3s] main 30b c6724 ic_m4 random_sub_r1 table completed_valid t=0.0s
[      3s] main 30b c6724 ic_m4 random_sub_r2 table completed_valid t=0.0s
[      3s] main 30b c6724 ic_m4 known_null_sub table completed_valid t=0.0s
[      3s] main 30b c6724 ic_m4 planted_sub table completed_valid t=0.0s
[      3s] main 30b c6724 ic_m4 small_x_offset table completed_valid t=0.0s
[      3s] main 30b c6725 ic_m4 subgroup table completed_valid t=0.0s
[      3s] main 30b c6725 ic_m4 small_x table completed_valid t=0.0s
[      3s] main 30b c6725 ic_m4 random_sub_r0 table completed_valid t=0.0s
[      3s] main 30b c6725 ic_m4 random_sub_r1 table completed_valid t=0.0s
[      3s] main 30b c6725 ic_m4 random_sub_r2 table completed_valid t=0.0s
[      3s] main 30b c6725 ic_m4 known_null_sub table completed_valid t=0.0s
[      3s] main 30b c6725 ic_m4 planted_sub table completed_valid t=0.0s
[      3s] main 30b c6725 ic_m4 small_x_offset table completed_valid t=0.0s
[      4s] main 30b c6726 ic_m4 subgroup table completed_valid t=0.0s
[      4s] main 30b c6726 ic_m4 small_x table completed_valid t=0.0s
[      4s] main 30b c6726 ic_m4 random_sub_r0 table completed_valid t=0.0s
[      4s] main 30b c6726 ic_m4 random_sub_r1 table completed_valid t=0.0s
[      4s] main 30b c6726 ic_m4 random_sub_r2 table completed_valid t=0.0s
[      4s] main 30b c6726 ic_m4 known_null_sub table completed_valid t=0.0s
[      4s] main 30b c6726 ic_m4 planted_sub table completed_valid t=0.0s
[      4s] main 30b c6726 ic_m4 small_x_offset table completed_valid t=0.0s
[      4s] main 30b c6727 ic_m4 subgroup table completed_valid t=0.0s
[      4s] main 30b c6727 ic_m4 small_x table completed_valid t=0.0s
[      4s] main 30b c6727 ic_m4 random_sub_r0 table completed_valid t=0.0s
[      4s] main 30b c6727 ic_m4 random_sub_r1 table completed_valid t=0.0s
[      4s] main 30b c6727 ic_m4 random_sub_r2 table completed_valid t=0.0s
[      4s] main 30b c6727 ic_m4 known_null_sub table completed_valid t=0.0s
[      4s] main 30b c6727 ic_m4 planted_sub table completed_valid t=0.0s
[      4s] main 30b c6727 ic_m4 small_x_offset table completed_valid t=0.0s
[      4s] main 30b c6728 ic_m4 subgroup table completed_valid t=0.0s
[      4s] main 30b c6728 ic_m4 small_x table completed_valid t=0.0s
[      4s] main 30b c6728 ic_m4 random_sub_r0 table completed_valid t=0.0s
[      4s] main 30b c6728 ic_m4 random_sub_r1 table completed_valid t=0.0s
[      4s] main 30b c6728 ic_m4 random_sub_r2 table completed_valid t=0.0s
[      4s] main 30b c6728 ic_m4 known_null_sub table completed_valid t=0.0s
[      4s] main 30b c6728 ic_m4 planted_sub table completed_valid t=0.0s
[      4s] main 30b c6728 ic_m4 small_x_offset table completed_valid t=0.0s
[      4s] main 30b c6729 ic_m4 subgroup table completed_valid t=0.0s
[      4s] main 30b c6729 ic_m4 small_x table completed_valid t=0.0s
[      4s] main 30b c6729 ic_m4 random_sub_r0 table completed_valid t=0.0s
[      4s] main 30b c6729 ic_m4 random_sub_r1 table completed_valid t=0.0s
[      4s] main 30b c6729 ic_m4 random_sub_r2 table completed_valid t=0.0s
[      4s] main 30b c6729 ic_m4 known_null_sub table completed_valid t=0.0s
[      4s] main 30b c6729 ic_m4 planted_sub table completed_valid t=0.0s
[      4s] main 30b c6729 ic_m4 small_x_offset table completed_valid t=0.0s
[      5s] main 30b c6730 ic_m4 subgroup table completed_valid t=0.0s
[      5s] main 30b c6730 ic_m4 small_x table completed_valid t=0.0s
[      5s] main 30b c6730 ic_m4 random_sub_r0 table completed_valid t=0.0s
[      5s] main 30b c6730 ic_m4 random_sub_r1 table completed_valid t=0.0s
[      5s] main 30b c6730 ic_m4 random_sub_r2 table completed_valid t=0.0s
[      5s] main 30b c6730 ic_m4 known_null_sub table completed_valid t=0.0s
[      5s] main 30b c6730 ic_m4 planted_sub table completed_valid t=0.0s
[      5s] main 30b c6730 ic_m4 small_x_offset table completed_valid t=0.0s
[      5s] main 30b c6731 ic_m4 subgroup table completed_valid t=0.0s
[      5s] main 30b c6731 ic_m4 small_x table completed_valid t=0.0s
[      5s] main 30b c6731 ic_m4 random_sub_r0 table completed_valid t=0.0s
[      5s] main 30b c6731 ic_m4 random_sub_r1 table completed_valid t=0.0s
[      5s] main 30b c6731 ic_m4 random_sub_r2 table completed_valid t=0.0s
[      5s] main 30b c6731 ic_m4 known_null_sub table completed_valid t=0.0s
[      5s] main 30b c6731 ic_m4 planted_sub table completed_valid t=0.0s
[      5s] main 30b c6731 ic_m4 small_x_offset table completed_valid t=0.0s
[      5s] main 30b c6732 ic_m4 subgroup table completed_valid t=0.0s
[      5s] main 30b c6732 ic_m4 small_x table completed_valid t=0.0s
[      5s] main 30b c6732 ic_m4 random_sub_r0 table completed_valid t=0.0s
[      5s] main 30b c6732 ic_m4 random_sub_r1 table completed_valid t=0.0s
[      5s] main 30b c6732 ic_m4 random_sub_r2 table completed_valid t=0.0s
[      5s] main 30b c6732 ic_m4 known_null_sub table completed_valid t=0.0s
[      5s] main 30b c6732 ic_m4 planted_sub table completed_valid t=0.0s
[      5s] main 30b c6732 ic_m4 small_x_offset table completed_valid t=0.0s
[      5s] main 30b c6733 ic_m4 subgroup table completed_valid t=0.0s
[      5s] main 30b c6733 ic_m4 small_x table completed_valid t=0.0s
[      5s] main 30b c6733 ic_m4 random_sub_r0 table completed_valid t=0.0s
[      5s] main 30b c6733 ic_m4 random_sub_r1 table completed_valid t=0.0s
[      5s] main 30b c6733 ic_m4 random_sub_r2 table completed_valid t=0.0s
[      5s] main 30b c6733 ic_m4 known_null_sub table completed_valid t=0.0s
[      5s] main 30b c6733 ic_m4 planted_sub table completed_valid t=0.0s
[      5s] main 30b c6733 ic_m4 small_x_offset table completed_valid t=0.0s
[      6s] main 30b c6734 ic_m4 subgroup table completed_valid t=0.0s
[      6s] main 30b c6734 ic_m4 small_x table completed_valid t=0.0s
[      6s] main 30b c6734 ic_m4 random_sub_r0 table completed_valid t=0.0s
[      6s] main 30b c6734 ic_m4 random_sub_r1 table completed_valid t=0.0s
[      6s] main 30b c6734 ic_m4 random_sub_r2 table completed_valid t=0.0s
[      6s] main 30b c6734 ic_m4 known_null_sub table completed_valid t=0.0s
[      6s] main 30b c6734 ic_m4 planted_sub table completed_valid t=0.0s
[      6s] main 30b c6734 ic_m4 small_x_offset table completed_valid t=0.0s
[      6s] main 30b c6735 ic_m4 subgroup table completed_valid t=0.0s
[      6s] main 30b c6735 ic_m4 small_x table completed_valid t=0.0s
[      6s] main 30b c6735 ic_m4 random_sub_r0 table completed_valid t=0.0s
[      6s] main 30b c6735 ic_m4 random_sub_r1 table completed_valid t=0.0s
[      6s] main 30b c6735 ic_m4 random_sub_r2 table completed_valid t=0.0s
[      6s] main 30b c6735 ic_m4 known_null_sub table completed_valid t=0.0s
[      6s] main 30b c6735 ic_m4 planted_sub table completed_valid t=0.0s
[      6s] main 30b c6735 ic_m4 small_x_offset table completed_valid t=0.0s
[      6s] main 30b c6736 ic_m4 subgroup table completed_valid t=0.0s
[      6s] main 30b c6736 ic_m4 small_x table completed_valid t=0.0s
[      6s] main 30b c6736 ic_m4 random_sub_r0 table completed_valid t=0.0s
[      6s] main 30b c6736 ic_m4 random_sub_r1 table completed_valid t=0.0s
[      6s] main 30b c6736 ic_m4 random_sub_r2 table completed_valid t=0.0s
[      6s] main 30b c6736 ic_m4 known_null_sub table completed_valid t=0.0s
[      6s] main 30b c6736 ic_m4 planted_sub table completed_valid t=0.0s
[      6s] main 30b c6736 ic_m4 small_x_offset table completed_valid t=0.0s
[      6s] main 30b c6737 ic_m4 subgroup table completed_valid t=0.0s
[      6s] main 30b c6737 ic_m4 small_x table completed_valid t=0.0s
[      6s] main 30b c6737 ic_m4 random_sub_r0 table completed_valid t=0.0s
[      6s] main 30b c6737 ic_m4 random_sub_r1 table completed_valid t=0.0s
[      6s] main 30b c6737 ic_m4 random_sub_r2 table completed_valid t=0.0s
[      6s] main 30b c6737 ic_m4 known_null_sub table completed_valid t=0.0s
[      6s] main 30b c6737 ic_m4 planted_sub table completed_valid t=0.0s
[      6s] main 30b c6737 ic_m4 small_x_offset table completed_valid t=0.0s
[      6s] main 30b c6738 ic_m4 subgroup table completed_valid t=0.0s
[      6s] main 30b c6738 ic_m4 small_x table completed_valid t=0.0s
[      6s] main 30b c6738 ic_m4 random_sub_r0 table completed_valid t=0.0s
[      6s] main 30b c6738 ic_m4 random_sub_r1 table completed_valid t=0.0s
[      6s] main 30b c6738 ic_m4 random_sub_r2 table completed_valid t=0.0s
[      6s] main 30b c6738 ic_m4 known_null_sub table completed_valid t=0.0s
[      6s] main 30b c6738 ic_m4 planted_sub table completed_valid t=0.0s
[      6s] main 30b c6738 ic_m4 small_x_offset table completed_valid t=0.0s
[      7s] main 30b c6739 ic_m4 subgroup table completed_valid t=0.0s
[      7s] main 30b c6739 ic_m4 small_x table completed_valid t=0.0s
[      7s] main 30b c6739 ic_m4 random_sub_r0 table completed_valid t=0.0s
[      7s] main 30b c6739 ic_m4 random_sub_r1 table completed_valid t=0.0s
[      7s] main 30b c6739 ic_m4 random_sub_r2 table completed_valid t=0.0s
[      7s] main 30b c6739 ic_m4 known_null_sub table completed_valid t=0.0s
[      7s] main 30b c6739 ic_m4 planted_sub table completed_valid t=0.0s
[      7s] main 30b c6739 ic_m4 small_x_offset table completed_valid t=0.0s
[      7s] main 30b c6740 ic_m4 subgroup table completed_valid t=0.0s
[      7s] main 30b c6740 ic_m4 small_x table completed_valid t=0.0s
[      7s] main 30b c6740 ic_m4 random_sub_r0 table completed_valid t=0.0s
[      7s] main 30b c6740 ic_m4 random_sub_r1 table completed_valid t=0.0s
[      7s] main 30b c6740 ic_m4 random_sub_r2 table completed_valid t=0.0s
[      7s] main 30b c6740 ic_m4 known_null_sub table completed_valid t=0.0s
[      7s] main 30b c6740 ic_m4 planted_sub table completed_valid t=0.0s
[      7s] main 30b c6740 ic_m4 small_x_offset table completed_valid t=0.0s
[      7s] main 30b c6741 ic_m4 subgroup table completed_valid t=0.0s
[      7s] main 30b c6741 ic_m4 small_x table completed_valid t=0.0s
[      7s] main 30b c6741 ic_m4 random_sub_r0 table completed_valid t=0.0s
[      7s] main 30b c6741 ic_m4 random_sub_r1 table completed_valid t=0.0s
[      7s] main 30b c6741 ic_m4 random_sub_r2 table completed_valid t=0.0s
[      7s] main 30b c6741 ic_m4 known_null_sub table completed_valid t=0.0s
[      7s] main 30b c6741 ic_m4 planted_sub table completed_valid t=0.0s
[      7s] main 30b c6741 ic_m4 small_x_offset table completed_valid t=0.0s
[      8s] main 30b c6742 ic_m4 subgroup table completed_valid t=0.0s
[      8s] main 30b c6742 ic_m4 small_x table completed_valid t=0.0s
[      8s] main 30b c6742 ic_m4 random_sub_r0 table completed_valid t=0.0s
[      8s] main 30b c6742 ic_m4 random_sub_r1 table completed_valid t=0.0s
[      8s] main 30b c6742 ic_m4 random_sub_r2 table completed_valid t=0.0s
[      8s] main 30b c6742 ic_m4 known_null_sub table completed_valid t=0.0s
[      8s] main 30b c6742 ic_m4 planted_sub table completed_valid t=0.0s
[      8s] main 30b c6742 ic_m4 small_x_offset table completed_valid t=0.0s
[      8s] main 30b c6743 ic_m4 subgroup table completed_valid t=0.0s
[      8s] main 30b c6743 ic_m4 small_x table completed_valid t=0.0s
[      8s] main 30b c6743 ic_m4 random_sub_r0 table completed_valid t=0.0s
[      8s] main 30b c6743 ic_m4 random_sub_r1 table completed_valid t=0.0s
[      8s] main 30b c6743 ic_m4 random_sub_r2 table completed_valid t=0.0s
[      8s] main 30b c6743 ic_m4 known_null_sub table completed_valid t=0.0s
[      8s] main 30b c6743 ic_m4 planted_sub table completed_valid t=0.0s
[      8s] main 30b c6743 ic_m4 small_x_offset table completed_valid t=0.0s
[      8s] main 30b c6744 ic_m4 subgroup table completed_valid t=0.0s
[      8s] main 30b c6744 ic_m4 small_x table completed_valid t=0.0s
[      8s] main 30b c6744 ic_m4 random_sub_r0 table completed_valid t=0.0s
[      8s] main 30b c6744 ic_m4 random_sub_r1 table completed_valid t=0.0s
[      8s] main 30b c6744 ic_m4 random_sub_r2 table completed_valid t=0.0s
[      8s] main 30b c6744 ic_m4 known_null_sub table completed_valid t=0.0s
[      8s] main 30b c6744 ic_m4 planted_sub table completed_valid t=0.0s
[      8s] main 30b c6744 ic_m4 small_x_offset table completed_valid t=0.0s
[      8s] main 30b c6745 ic_m4 subgroup table completed_valid t=0.0s
[      8s] main 30b c6745 ic_m4 small_x table completed_valid t=0.0s
[      8s] main 30b c6745 ic_m4 random_sub_r0 table completed_valid t=0.0s
[      8s] main 30b c6745 ic_m4 random_sub_r1 table completed_valid t=0.0s
[      8s] main 30b c6745 ic_m4 random_sub_r2 table completed_valid t=0.0s
[      8s] main 30b c6745 ic_m4 known_null_sub table completed_valid t=0.0s
[      8s] main 30b c6745 ic_m4 planted_sub table completed_valid t=0.0s
[      8s] main 30b c6745 ic_m4 small_x_offset table completed_valid t=0.0s
[      9s] main 30b c6746 ic_m4 subgroup table completed_valid t=0.0s
[      9s] main 30b c6746 ic_m4 small_x table completed_valid t=0.0s
[      9s] main 30b c6746 ic_m4 random_sub_r0 table completed_valid t=0.0s
[      9s] main 30b c6746 ic_m4 random_sub_r1 table completed_valid t=0.0s
[      9s] main 30b c6746 ic_m4 random_sub_r2 table completed_valid t=0.0s
[      9s] main 30b c6746 ic_m4 known_null_sub table completed_valid t=0.0s
[      9s] main 30b c6746 ic_m4 planted_sub table completed_valid t=0.0s
[      9s] main 30b c6746 ic_m4 small_x_offset table completed_valid t=0.0s
[      9s] main 30b c6747 ic_m4 subgroup table completed_valid t=0.0s
[      9s] main 30b c6747 ic_m4 small_x table completed_valid t=0.0s
[      9s] main 30b c6747 ic_m4 random_sub_r0 table completed_valid t=0.0s
[      9s] main 30b c6747 ic_m4 random_sub_r1 table completed_valid t=0.0s
[      9s] main 30b c6747 ic_m4 random_sub_r2 table completed_valid t=0.0s
[      9s] main 30b c6747 ic_m4 known_null_sub table completed_valid t=0.0s
[      9s] main 30b c6747 ic_m4 planted_sub table completed_valid t=0.0s
[      9s] main 30b c6747 ic_m4 small_x_offset table completed_valid t=0.0s
[      9s] main 30b c6748 ic_m4 subgroup table completed_valid t=0.0s
[      9s] main 30b c6748 ic_m4 small_x table completed_valid t=0.0s
[      9s] main 30b c6748 ic_m4 random_sub_r0 table completed_valid t=0.0s
[      9s] main 30b c6748 ic_m4 random_sub_r1 table completed_valid t=0.0s
[      9s] main 30b c6748 ic_m4 random_sub_r2 table completed_valid t=0.0s
[      9s] main 30b c6748 ic_m4 known_null_sub table completed_valid t=0.0s
[      9s] main 30b c6748 ic_m4 planted_sub table completed_valid t=0.0s
[      9s] main 30b c6748 ic_m4 small_x_offset table completed_valid t=0.0s
[      9s] main 30b c6749 ic_m4 subgroup table completed_valid t=0.0s
[      9s] main 30b c6749 ic_m4 small_x table completed_valid t=0.0s
[      9s] main 30b c6749 ic_m4 random_sub_r0 table completed_valid t=0.0s
[      9s] main 30b c6749 ic_m4 random_sub_r1 table completed_valid t=0.0s
[      9s] main 30b c6749 ic_m4 random_sub_r2 table completed_valid t=0.0s
[      9s] main 30b c6749 ic_m4 known_null_sub table completed_valid t=0.0s
[      9s] main 30b c6749 ic_m4 planted_sub table completed_valid t=0.0s
[      9s] main 30b c6749 ic_m4 small_x_offset table completed_valid t=0.0s
[     10s] main 30b c6750 ic_m4 subgroup table completed_valid t=0.0s
[     10s] main 30b c6750 ic_m4 small_x table completed_valid t=0.0s
[     10s] main 30b c6750 ic_m4 random_sub_r0 table completed_valid t=0.0s
[     10s] main 30b c6750 ic_m4 random_sub_r1 table completed_valid t=0.0s
[     10s] main 30b c6750 ic_m4 random_sub_r2 table completed_valid t=0.0s
[     10s] main 30b c6750 ic_m4 known_null_sub table completed_valid t=0.0s
[     10s] main 30b c6750 ic_m4 planted_sub table completed_valid t=0.0s
[     10s] main 30b c6750 ic_m4 small_x_offset table completed_valid t=0.0s
[     10s] main 30b c6751 ic_m4 subgroup table completed_valid t=0.0s
[     10s] main 30b c6751 ic_m4 small_x table completed_valid t=0.0s
[     10s] main 30b c6751 ic_m4 random_sub_r0 table completed_valid t=0.0s
[     10s] main 30b c6751 ic_m4 random_sub_r1 table completed_valid t=0.0s
[     10s] main 30b c6751 ic_m4 random_sub_r2 table completed_valid t=0.0s
[     10s] main 30b c6751 ic_m4 known_null_sub table completed_valid t=0.0s
[     10s] main 30b c6751 ic_m4 planted_sub table completed_valid t=0.0s
[     10s] main 30b c6751 ic_m4 small_x_offset table completed_valid t=0.0s
[     10s] main 30b c6752 ic_m4 subgroup table completed_valid t=0.0s
[     10s] main 30b c6752 ic_m4 small_x table completed_valid t=0.0s
[     10s] main 30b c6752 ic_m4 random_sub_r0 table completed_valid t=0.0s
[     10s] main 30b c6752 ic_m4 random_sub_r1 table completed_valid t=0.0s
[     10s] main 30b c6752 ic_m4 random_sub_r2 table completed_valid t=0.0s
[     10s] main 30b c6752 ic_m4 known_null_sub table completed_valid t=0.0s
[     10s] main 30b c6752 ic_m4 planted_sub table completed_valid t=0.0s
[     10s] main 30b c6752 ic_m4 small_x_offset table completed_valid t=0.0s
[     10s] main 30b c6753 ic_m4 subgroup table completed_valid t=0.0s
[     10s] main 30b c6753 ic_m4 small_x table completed_valid t=0.0s
[     10s] main 30b c6753 ic_m4 random_sub_r0 table completed_valid t=0.0s
[     10s] main 30b c6753 ic_m4 random_sub_r1 table completed_valid t=0.0s
[     10s] main 30b c6753 ic_m4 random_sub_r2 table completed_valid t=0.0s
[     10s] main 30b c6753 ic_m4 known_null_sub table completed_valid t=0.0s
[     10s] main 30b c6753 ic_m4 planted_sub table completed_valid t=0.0s
[     10s] main 30b c6753 ic_m4 small_x_offset table completed_valid t=0.0s
[     10s] main 30b c6754 ic_m4 subgroup table completed_valid t=0.0s
[     10s] main 30b c6754 ic_m4 small_x table completed_valid t=0.0s
[     10s] main 30b c6754 ic_m4 random_sub_r0 table completed_valid t=0.0s
[     10s] main 30b c6754 ic_m4 random_sub_r1 table completed_valid t=0.0s
[     10s] main 30b c6754 ic_m4 random_sub_r2 table completed_valid t=0.0s
[     10s] main 30b c6754 ic_m4 known_null_sub table completed_valid t=0.0s
[     10s] main 30b c6754 ic_m4 planted_sub table completed_valid t=0.0s
[     10s] main 30b c6754 ic_m4 small_x_offset table completed_valid t=0.0s
[     11s] main 30b c6755 ic_m4 subgroup table completed_valid t=0.0s
[     11s] main 30b c6755 ic_m4 small_x table completed_valid t=0.0s
[     11s] main 30b c6755 ic_m4 random_sub_r0 table completed_valid t=0.0s
[     11s] main 30b c6755 ic_m4 random_sub_r1 table completed_valid t=0.0s
[     11s] main 30b c6755 ic_m4 random_sub_r2 table completed_valid t=0.0s
[     11s] main 30b c6755 ic_m4 known_null_sub table completed_valid t=0.0s
[     11s] main 30b c6755 ic_m4 planted_sub table completed_valid t=0.0s
[     11s] main 30b c6755 ic_m4 small_x_offset table completed_valid t=0.0s
[     11s] main 30b c6756 ic_m4 subgroup table completed_valid t=0.0s
[     11s] main 30b c6756 ic_m4 small_x table completed_valid t=0.0s
[     11s] main 30b c6756 ic_m4 random_sub_r0 table completed_valid t=0.0s
[     11s] main 30b c6756 ic_m4 random_sub_r1 table completed_valid t=0.0s
[     11s] main 30b c6756 ic_m4 random_sub_r2 table completed_valid t=0.0s
[     11s] main 30b c6756 ic_m4 known_null_sub table completed_valid t=0.0s
[     11s] main 30b c6756 ic_m4 planted_sub table completed_valid t=0.0s
[     11s] main 30b c6756 ic_m4 small_x_offset table completed_valid t=0.0s
[     11s] main 30b c6757 ic_m4 subgroup table completed_valid t=0.0s
[     11s] main 30b c6757 ic_m4 small_x table completed_valid t=0.0s
[     11s] main 30b c6757 ic_m4 random_sub_r0 table completed_valid t=0.0s
[     11s] main 30b c6757 ic_m4 random_sub_r1 table completed_valid t=0.0s
[     11s] main 30b c6757 ic_m4 random_sub_r2 table completed_valid t=0.0s
[     11s] main 30b c6757 ic_m4 known_null_sub table completed_valid t=0.0s
[     11s] main 30b c6757 ic_m4 planted_sub table completed_valid t=0.0s
[     11s] main 30b c6757 ic_m4 small_x_offset table completed_valid t=0.0s
[     11s] main 30b c6758 ic_m4 subgroup table completed_valid t=0.0s
[     11s] main 30b c6758 ic_m4 small_x table completed_valid t=0.0s
[     11s] main 30b c6758 ic_m4 random_sub_r0 table completed_valid t=0.0s
[     11s] main 30b c6758 ic_m4 random_sub_r1 table completed_valid t=0.0s
[     11s] main 30b c6758 ic_m4 random_sub_r2 table completed_valid t=0.0s
[     11s] main 30b c6758 ic_m4 known_null_sub table completed_valid t=0.0s
[     11s] main 30b c6758 ic_m4 planted_sub table completed_valid t=0.0s
[     11s] main 30b c6758 ic_m4 small_x_offset table completed_valid t=0.0s
[     12s] main 30b c6759 ic_m4 subgroup table completed_valid t=0.0s
[     12s] main 30b c6759 ic_m4 small_x table completed_valid t=0.0s
[     12s] main 30b c6759 ic_m4 random_sub_r0 table completed_valid t=0.0s
[     12s] main 30b c6759 ic_m4 random_sub_r1 table completed_valid t=0.0s
[     12s] main 30b c6759 ic_m4 random_sub_r2 table completed_valid t=0.0s
[     12s] main 30b c6759 ic_m4 known_null_sub table completed_valid t=0.0s
[     12s] main 30b c6759 ic_m4 planted_sub table completed_valid t=0.0s
[     12s] main 30b c6759 ic_m4 small_x_offset table completed_valid t=0.0s
[     12s] main 30b c6760 ic_m4 subgroup table completed_valid t=0.0s
[     12s] main 30b c6760 ic_m4 small_x table completed_valid t=0.0s
[     12s] main 30b c6760 ic_m4 random_sub_r0 table completed_valid t=0.0s
[     12s] main 30b c6760 ic_m4 random_sub_r1 table completed_valid t=0.0s
[     12s] main 30b c6760 ic_m4 random_sub_r2 table completed_valid t=0.0s
[     12s] main 30b c6760 ic_m4 known_null_sub table completed_valid t=0.0s
[     12s] main 30b c6760 ic_m4 planted_sub table completed_valid t=0.0s
[     12s] main 30b c6760 ic_m4 small_x_offset table completed_valid t=0.0s
[     12s] main 30b c6761 ic_m4 subgroup table completed_valid t=0.0s
[     12s] main 30b c6761 ic_m4 small_x table completed_valid t=0.0s
[     12s] main 30b c6761 ic_m4 random_sub_r0 table completed_valid t=0.0s
[     12s] main 30b c6761 ic_m4 random_sub_r1 table completed_valid t=0.0s
[     12s] main 30b c6761 ic_m4 random_sub_r2 table completed_valid t=0.0s
[     12s] main 30b c6761 ic_m4 known_null_sub table completed_valid t=0.0s
[     12s] main 30b c6761 ic_m4 planted_sub table completed_valid t=0.0s
[     12s] main 30b c6761 ic_m4 small_x_offset table completed_valid t=0.0s
[     12s] main 30b c6762 ic_m4 subgroup table completed_valid t=0.0s
[     12s] main 30b c6762 ic_m4 small_x table completed_valid t=0.0s
[     12s] main 30b c6762 ic_m4 random_sub_r0 table completed_valid t=0.0s
[     12s] main 30b c6762 ic_m4 random_sub_r1 table completed_valid t=0.0s
[     12s] main 30b c6762 ic_m4 random_sub_r2 table completed_valid t=0.0s
[     12s] main 30b c6762 ic_m4 known_null_sub table completed_valid t=0.0s
[     12s] main 30b c6762 ic_m4 planted_sub table completed_valid t=0.0s
[     12s] main 30b c6762 ic_m4 small_x_offset table completed_valid t=0.0s
[     13s] main 30b c6763 ic_m4 subgroup table completed_valid t=0.0s
[     13s] main 30b c6763 ic_m4 small_x table completed_valid t=0.0s
[     13s] main 30b c6763 ic_m4 random_sub_r0 table completed_valid t=0.0s
[     13s] main 30b c6763 ic_m4 random_sub_r1 table completed_valid t=0.0s
[     13s] main 30b c6763 ic_m4 random_sub_r2 table completed_valid t=0.0s
[     13s] main 30b c6763 ic_m4 known_null_sub table completed_valid t=0.0s
[     13s] main 30b c6763 ic_m4 planted_sub table completed_valid t=0.0s
[     13s] main 30b c6763 ic_m4 small_x_offset table completed_valid t=0.0s
[     13s] main 30b c6764 ic_m4 subgroup table completed_valid t=0.0s
[     13s] main 30b c6764 ic_m4 small_x table completed_valid t=0.0s
[     13s] main 30b c6764 ic_m4 random_sub_r0 table completed_valid t=0.0s
[     13s] main 30b c6764 ic_m4 random_sub_r1 table completed_valid t=0.0s
[     13s] main 30b c6764 ic_m4 random_sub_r2 table completed_valid t=0.0s
[     13s] main 30b c6764 ic_m4 known_null_sub table completed_valid t=0.0s
[     13s] main 30b c6764 ic_m4 planted_sub table completed_valid t=0.0s
[     13s] main 30b c6764 ic_m4 small_x_offset table completed_valid t=0.0s
[     13s] main 30b c6765 ic_m4 subgroup table completed_valid t=0.0s
[     13s] main 30b c6765 ic_m4 small_x table completed_valid t=0.0s
[     13s] main 30b c6765 ic_m4 random_sub_r0 table completed_valid t=0.0s
[     13s] main 30b c6765 ic_m4 random_sub_r1 table completed_valid t=0.0s
[     13s] main 30b c6765 ic_m4 random_sub_r2 table completed_valid t=0.0s
[     13s] main 30b c6765 ic_m4 known_null_sub table completed_valid t=0.0s
[     13s] main 30b c6765 ic_m4 planted_sub table completed_valid t=0.0s
[     13s] main 30b c6765 ic_m4 small_x_offset table completed_valid t=0.0s
[     13s] main 30b c6766 ic_m4 subgroup table completed_valid t=0.0s
[     13s] main 30b c6766 ic_m4 small_x table completed_valid t=0.0s
[     13s] main 30b c6766 ic_m4 random_sub_r0 table completed_valid t=0.0s
[     13s] main 30b c6766 ic_m4 random_sub_r1 table completed_valid t=0.0s
[     13s] main 30b c6766 ic_m4 random_sub_r2 table completed_valid t=0.0s
[     13s] main 30b c6766 ic_m4 known_null_sub table completed_valid t=0.0s
[     13s] main 30b c6766 ic_m4 planted_sub table completed_valid t=0.0s
[     13s] main 30b c6766 ic_m4 small_x_offset table completed_valid t=0.0s
[     14s] main 30b c6767 ic_m4 subgroup table completed_valid t=0.0s
[     14s] main 30b c6767 ic_m4 small_x table completed_valid t=0.0s
[     14s] main 30b c6767 ic_m4 random_sub_r0 table completed_valid t=0.0s
[     14s] main 30b c6767 ic_m4 random_sub_r1 table completed_valid t=0.0s
[     14s] main 30b c6767 ic_m4 random_sub_r2 table completed_valid t=0.0s
[     14s] main 30b c6767 ic_m4 known_null_sub table completed_valid t=0.0s
[     14s] main 30b c6767 ic_m4 planted_sub table completed_valid t=0.0s
[     14s] main 30b c6767 ic_m4 small_x_offset table completed_valid t=0.0s
[     14s] main 30b c6768 ic_m4 subgroup table completed_valid t=0.0s
[     14s] main 30b c6768 ic_m4 small_x table completed_valid t=0.0s
[     14s] main 30b c6768 ic_m4 random_sub_r0 table completed_valid t=0.0s
[     14s] main 30b c6768 ic_m4 random_sub_r1 table completed_valid t=0.0s
[     14s] main 30b c6768 ic_m4 random_sub_r2 table completed_valid t=0.0s
[     14s] main 30b c6768 ic_m4 known_null_sub table completed_valid t=0.0s
[     14s] main 30b c6768 ic_m4 planted_sub table completed_valid t=0.0s
[     14s] main 30b c6768 ic_m4 small_x_offset table completed_valid t=0.0s
[     14s] main 30b c6769 ic_m4 subgroup table completed_valid t=0.0s
[     14s] main 30b c6769 ic_m4 small_x table completed_valid t=0.0s
[     14s] main 30b c6769 ic_m4 random_sub_r0 table completed_valid t=0.0s
[     14s] main 30b c6769 ic_m4 random_sub_r1 table completed_valid t=0.0s
[     14s] main 30b c6769 ic_m4 random_sub_r2 table completed_valid t=0.0s
[     14s] main 30b c6769 ic_m4 known_null_sub table completed_valid t=0.0s
[     14s] main 30b c6769 ic_m4 planted_sub table completed_valid t=0.0s
[     14s] main 30b c6769 ic_m4 small_x_offset table completed_valid t=0.0s
[     14s] main 30b c6770 ic_m4 subgroup table completed_valid t=0.0s
[     14s] main 30b c6770 ic_m4 small_x table completed_valid t=0.0s
[     14s] main 30b c6770 ic_m4 random_sub_r0 table completed_valid t=0.0s
[     14s] main 30b c6770 ic_m4 random_sub_r1 table completed_valid t=0.0s
[     14s] main 30b c6770 ic_m4 random_sub_r2 table completed_valid t=0.0s
[     14s] main 30b c6770 ic_m4 known_null_sub table completed_valid t=0.0s
[     14s] main 30b c6770 ic_m4 planted_sub table completed_valid t=0.0s
[     14s] main 30b c6770 ic_m4 small_x_offset table completed_valid t=0.0s
[     14s] main 30b c6771 ic_m4 subgroup table completed_valid t=0.0s
[     14s] main 30b c6771 ic_m4 small_x table completed_valid t=0.0s
[     14s] main 30b c6771 ic_m4 random_sub_r0 table completed_valid t=0.0s
[     14s] main 30b c6771 ic_m4 random_sub_r1 table completed_valid t=0.0s
[     14s] main 30b c6771 ic_m4 random_sub_r2 table completed_valid t=0.0s
[     14s] main 30b c6771 ic_m4 known_null_sub table completed_valid t=0.0s
[     14s] main 30b c6771 ic_m4 planted_sub table completed_valid t=0.0s
[     14s] main 30b c6771 ic_m4 small_x_offset table completed_valid t=0.0s
[     15s] main 30b c6772 ic_m4 subgroup table completed_valid t=0.0s
[     15s] main 30b c6772 ic_m4 small_x table completed_valid t=0.0s
[     15s] main 30b c6772 ic_m4 random_sub_r0 table completed_valid t=0.0s
[     15s] main 30b c6772 ic_m4 random_sub_r1 table completed_valid t=0.0s
[     15s] main 30b c6772 ic_m4 random_sub_r2 table completed_valid t=0.0s
[     15s] main 30b c6772 ic_m4 known_null_sub table completed_valid t=0.0s
[     15s] main 30b c6772 ic_m4 planted_sub table completed_valid t=0.0s
[     15s] main 30b c6772 ic_m4 small_x_offset table completed_valid t=0.0s
[     15s] main 30b c6773 ic_m4 subgroup table completed_valid t=0.0s
[     15s] main 30b c6773 ic_m4 small_x table completed_valid t=0.0s
[     15s] main 30b c6773 ic_m4 random_sub_r0 table completed_valid t=0.0s
[     15s] main 30b c6773 ic_m4 random_sub_r1 table completed_valid t=0.0s
[     15s] main 30b c6773 ic_m4 random_sub_r2 table completed_valid t=0.0s
[     15s] main 30b c6773 ic_m4 known_null_sub table completed_valid t=0.0s
[     15s] main 30b c6773 ic_m4 planted_sub table completed_valid t=0.0s
[     15s] main 30b c6773 ic_m4 small_x_offset table completed_valid t=0.0s
[     15s] main 30b c6774 ic_m4 subgroup table completed_valid t=0.0s
[     15s] main 30b c6774 ic_m4 small_x table completed_valid t=0.0s
[     15s] main 30b c6774 ic_m4 random_sub_r0 table completed_valid t=0.0s
[     15s] main 30b c6774 ic_m4 random_sub_r1 table completed_valid t=0.0s
[     15s] main 30b c6774 ic_m4 random_sub_r2 table completed_valid t=0.0s
[     15s] main 30b c6774 ic_m4 known_null_sub table completed_valid t=0.0s
[     15s] main 30b c6774 ic_m4 planted_sub table completed_valid t=0.0s
[     15s] main 30b c6774 ic_m4 small_x_offset table completed_valid t=0.0s
[     15s] main 30b c6775 ic_m4 subgroup table completed_valid t=0.0s
[     15s] main 30b c6775 ic_m4 small_x table completed_valid t=0.0s
[     15s] main 30b c6775 ic_m4 random_sub_r0 table completed_valid t=0.0s
[     15s] main 30b c6775 ic_m4 random_sub_r1 table completed_valid t=0.0s
[     15s] main 30b c6775 ic_m4 random_sub_r2 table completed_valid t=0.0s
[     15s] main 30b c6775 ic_m4 known_null_sub table completed_valid t=0.0s
[     15s] main 30b c6775 ic_m4 planted_sub table completed_valid t=0.0s
[     15s] main 30b c6775 ic_m4 small_x_offset table completed_valid t=0.0s
[     16s] main 30b c6776 ic_m4 subgroup table completed_valid t=0.0s
[     16s] main 30b c6776 ic_m4 small_x table completed_valid t=0.0s
[     16s] main 30b c6776 ic_m4 random_sub_r0 table completed_valid t=0.0s
[     16s] main 30b c6776 ic_m4 random_sub_r1 table completed_valid t=0.0s
[     16s] main 30b c6776 ic_m4 random_sub_r2 table completed_valid t=0.0s
[     16s] main 30b c6776 ic_m4 known_null_sub table completed_valid t=0.0s
[     16s] main 30b c6776 ic_m4 planted_sub table completed_valid t=0.0s
[     16s] main 30b c6776 ic_m4 small_x_offset table completed_valid t=0.0s
[     16s] main 30b c6777 ic_m4 subgroup table completed_valid t=0.0s
[     16s] main 30b c6777 ic_m4 small_x table completed_valid t=0.0s
[     16s] main 30b c6777 ic_m4 random_sub_r0 table completed_valid t=0.0s
[     16s] main 30b c6777 ic_m4 random_sub_r1 table completed_valid t=0.0s
[     16s] main 30b c6777 ic_m4 random_sub_r2 table completed_valid t=0.0s
[     16s] main 30b c6777 ic_m4 known_null_sub table completed_valid t=0.0s
[     16s] main 30b c6777 ic_m4 planted_sub table completed_valid t=0.0s
[     16s] main 30b c6777 ic_m4 small_x_offset table completed_valid t=0.0s
[     16s] main 30b c6778 ic_m4 subgroup table completed_valid t=0.0s
[     16s] main 30b c6778 ic_m4 small_x table completed_valid t=0.0s
[     16s] main 30b c6778 ic_m4 random_sub_r0 table completed_valid t=0.0s
[     16s] main 30b c6778 ic_m4 random_sub_r1 table completed_valid t=0.0s
[     16s] main 30b c6778 ic_m4 random_sub_r2 table completed_valid t=0.0s
[     16s] main 30b c6778 ic_m4 known_null_sub table completed_valid t=0.0s
[     16s] main 30b c6778 ic_m4 planted_sub table completed_valid t=0.0s
[     16s] main 30b c6778 ic_m4 small_x_offset table completed_valid t=0.0s
[     16s] main 30b c6779 ic_m4 subgroup table completed_valid t=0.0s
[     16s] main 30b c6779 ic_m4 small_x table completed_valid t=0.0s
[     16s] main 30b c6779 ic_m4 random_sub_r0 table completed_valid t=0.0s
[     16s] main 30b c6779 ic_m4 random_sub_r1 table completed_valid t=0.0s
[     16s] main 30b c6779 ic_m4 random_sub_r2 table completed_valid t=0.0s
[     16s] main 30b c6779 ic_m4 known_null_sub table completed_valid t=0.0s
[     16s] main 30b c6779 ic_m4 planted_sub table completed_valid t=0.0s
[     16s] main 30b c6779 ic_m4 small_x_offset table completed_valid t=0.0s
[     16s] main 30b c6780 ic_m4 subgroup table completed_valid t=0.0s
[     16s] main 30b c6780 ic_m4 small_x table completed_valid t=0.0s
[     16s] main 30b c6780 ic_m4 random_sub_r0 table completed_valid t=0.0s
[     16s] main 30b c6780 ic_m4 random_sub_r1 table completed_valid t=0.0s
[     16s] main 30b c6780 ic_m4 random_sub_r2 table completed_valid t=0.0s
[     16s] main 30b c6780 ic_m4 known_null_sub table completed_valid t=0.0s
[     16s] main 30b c6780 ic_m4 planted_sub table completed_valid t=0.0s
[     16s] main 30b c6780 ic_m4 small_x_offset table completed_valid t=0.0s
[     17s] main 30b c6781 ic_m4 subgroup table completed_valid t=0.0s
[     17s] main 30b c6781 ic_m4 small_x table completed_valid t=0.0s
[     17s] main 30b c6781 ic_m4 random_sub_r0 table completed_valid t=0.0s
[     17s] main 30b c6781 ic_m4 random_sub_r1 table completed_valid t=0.0s
[     17s] main 30b c6781 ic_m4 random_sub_r2 table completed_valid t=0.0s
[     17s] main 30b c6781 ic_m4 known_null_sub table completed_valid t=0.0s
[     17s] main 30b c6781 ic_m4 planted_sub table completed_valid t=0.0s
[     17s] main 30b c6781 ic_m4 small_x_offset table completed_valid t=0.0s
[     17s] main 30b c6782 ic_m4 subgroup table completed_valid t=0.0s
[     17s] main 30b c6782 ic_m4 small_x table completed_valid t=0.0s
[     17s] main 30b c6782 ic_m4 random_sub_r0 table completed_valid t=0.0s
[     17s] main 30b c6782 ic_m4 random_sub_r1 table completed_valid t=0.0s
[     17s] main 30b c6782 ic_m4 random_sub_r2 table completed_valid t=0.0s
[     17s] main 30b c6782 ic_m4 known_null_sub table completed_valid t=0.0s
[     17s] main 30b c6782 ic_m4 planted_sub table completed_valid t=0.0s
[     17s] main 30b c6782 ic_m4 small_x_offset table completed_valid t=0.0s
[     17s] main 30b c6783 ic_m4 subgroup table completed_valid t=0.0s
[     17s] main 30b c6783 ic_m4 small_x table completed_valid t=0.0s
[     17s] main 30b c6783 ic_m4 random_sub_r0 table completed_valid t=0.0s
[     17s] main 30b c6783 ic_m4 random_sub_r1 table completed_valid t=0.0s
[     17s] main 30b c6783 ic_m4 random_sub_r2 table completed_valid t=0.0s
[     17s] main 30b c6783 ic_m4 known_null_sub table completed_valid t=0.0s
[     17s] main 30b c6783 ic_m4 planted_sub table completed_valid t=0.0s
[     17s] main 30b c6783 ic_m4 small_x_offset table completed_valid t=0.0s
[     17s] main 30b c6784 ic_m4 subgroup table completed_valid t=0.0s
[     17s] main 30b c6784 ic_m4 small_x table completed_valid t=0.0s
[     17s] main 30b c6784 ic_m4 random_sub_r0 table completed_valid t=0.0s
[     17s] main 30b c6784 ic_m4 random_sub_r1 table completed_valid t=0.0s
[     17s] main 30b c6784 ic_m4 random_sub_r2 table completed_valid t=0.0s
[     17s] main 30b c6784 ic_m4 known_null_sub table completed_valid t=0.0s
[     17s] main 30b c6784 ic_m4 planted_sub table completed_valid t=0.0s
[     17s] main 30b c6784 ic_m4 small_x_offset table completed_valid t=0.0s
[     17s] main 30b c6785 ic_m4 subgroup table completed_valid t=0.0s
[     17s] main 30b c6785 ic_m4 small_x table completed_valid t=0.0s
[     17s] main 30b c6785 ic_m4 random_sub_r0 table completed_valid t=0.0s
[     17s] main 30b c6785 ic_m4 random_sub_r1 table completed_valid t=0.0s
[     17s] main 30b c6785 ic_m4 random_sub_r2 table completed_valid t=0.0s
[     17s] main 30b c6785 ic_m4 known_null_sub table completed_valid t=0.0s
[     17s] main 30b c6785 ic_m4 planted_sub table completed_valid t=0.0s
[     17s] main 30b c6785 ic_m4 small_x_offset table completed_valid t=0.0s
[     18s] main 30b c6786 ic_m4 subgroup table completed_valid t=0.0s
[     18s] main 30b c6786 ic_m4 small_x table completed_valid t=0.0s
[     18s] main 30b c6786 ic_m4 random_sub_r0 table completed_valid t=0.0s
[     18s] main 30b c6786 ic_m4 random_sub_r1 table completed_valid t=0.0s
[     18s] main 30b c6786 ic_m4 random_sub_r2 table completed_valid t=0.0s
[     18s] main 30b c6786 ic_m4 known_null_sub table completed_valid t=0.0s
[     18s] main 30b c6786 ic_m4 planted_sub table completed_valid t=0.0s
[     18s] main 30b c6786 ic_m4 small_x_offset table completed_valid t=0.0s
[     18s] main 30b c6787 ic_m4 subgroup table completed_valid t=0.0s
[     18s] main 30b c6787 ic_m4 small_x table completed_valid t=0.0s
[     18s] main 30b c6787 ic_m4 random_sub_r0 table completed_valid t=0.0s
[     18s] main 30b c6787 ic_m4 random_sub_r1 table completed_valid t=0.0s
[     18s] main 30b c6787 ic_m4 random_sub_r2 table completed_valid t=0.0s
[     18s] main 30b c6787 ic_m4 known_null_sub table completed_valid t=0.0s
[     18s] main 30b c6787 ic_m4 planted_sub table completed_valid t=0.0s
[     18s] main 30b c6787 ic_m4 small_x_offset table completed_valid t=0.0s
[     18s] main 30b c6788 ic_m4 subgroup table completed_valid t=0.0s
[     18s] main 30b c6788 ic_m4 small_x table completed_valid t=0.0s
[     18s] main 30b c6788 ic_m4 random_sub_r0 table completed_valid t=0.0s
[     18s] main 30b c6788 ic_m4 random_sub_r1 table completed_valid t=0.0s
[     18s] main 30b c6788 ic_m4 random_sub_r2 table completed_valid t=0.0s
[     18s] main 30b c6788 ic_m4 known_null_sub table completed_valid t=0.0s
[     18s] main 30b c6788 ic_m4 planted_sub table completed_valid t=0.0s
[     18s] main 30b c6788 ic_m4 small_x_offset table completed_valid t=0.0s
[     18s] main 30b c6789 ic_m4 subgroup table completed_valid t=0.0s
[     18s] main 30b c6789 ic_m4 small_x table completed_valid t=0.0s
[     18s] main 30b c6789 ic_m4 random_sub_r0 table completed_valid t=0.0s
[     18s] main 30b c6789 ic_m4 random_sub_r1 table completed_valid t=0.0s
[     18s] main 30b c6789 ic_m4 random_sub_r2 table completed_valid t=0.0s
[     18s] main 30b c6789 ic_m4 known_null_sub table completed_valid t=0.0s
[     18s] main 30b c6789 ic_m4 planted_sub table completed_valid t=0.0s
[     18s] main 30b c6789 ic_m4 small_x_offset table completed_valid t=0.0s
[     19s] main 30b c6790 ic_m4 subgroup table completed_valid t=0.0s
[     19s] main 30b c6790 ic_m4 small_x table completed_valid t=0.0s
[     19s] main 30b c6790 ic_m4 random_sub_r0 table completed_valid t=0.0s
[     19s] main 30b c6790 ic_m4 random_sub_r1 table completed_valid t=0.0s
[     19s] main 30b c6790 ic_m4 random_sub_r2 table completed_valid t=0.0s
[     19s] main 30b c6790 ic_m4 known_null_sub table completed_valid t=0.0s
[     19s] main 30b c6790 ic_m4 planted_sub table completed_valid t=0.0s
[     19s] main 30b c6790 ic_m4 small_x_offset table completed_valid t=0.0s
[     19s] main 30b c6791 ic_m4 subgroup table completed_valid t=0.0s
[     19s] main 30b c6791 ic_m4 small_x table completed_valid t=0.0s
[     19s] main 30b c6791 ic_m4 random_sub_r0 table completed_valid t=0.0s
[     19s] main 30b c6791 ic_m4 random_sub_r1 table completed_valid t=0.0s
[     19s] main 30b c6791 ic_m4 random_sub_r2 table completed_valid t=0.0s
[     19s] main 30b c6791 ic_m4 known_null_sub table completed_valid t=0.0s
[     19s] main 30b c6791 ic_m4 planted_sub table completed_valid t=0.0s
[     19s] main 30b c6791 ic_m4 small_x_offset table completed_valid t=0.0s
[     19s] main 30b c6792 ic_m4 subgroup table completed_valid t=0.0s
[     19s] main 30b c6792 ic_m4 small_x table completed_valid t=0.0s
[     19s] main 30b c6792 ic_m4 random_sub_r0 table completed_valid t=0.0s
[     19s] main 30b c6792 ic_m4 random_sub_r1 table completed_valid t=0.0s
[     19s] main 30b c6792 ic_m4 random_sub_r2 table completed_valid t=0.0s
[     19s] main 30b c6792 ic_m4 known_null_sub table completed_valid t=0.0s
[     19s] main 30b c6792 ic_m4 planted_sub table completed_valid t=0.0s
[     19s] main 30b c6792 ic_m4 small_x_offset table completed_valid t=0.0s
[     19s] main 30b c6793 ic_m4 subgroup table completed_valid t=0.0s
[     19s] main 30b c6793 ic_m4 small_x table completed_valid t=0.0s
[     19s] main 30b c6793 ic_m4 random_sub_r0 table completed_valid t=0.0s
[     19s] main 30b c6793 ic_m4 random_sub_r1 table completed_valid t=0.0s
[     19s] main 30b c6793 ic_m4 random_sub_r2 table completed_valid t=0.0s
[     19s] main 30b c6793 ic_m4 known_null_sub table completed_valid t=0.0s
[     19s] main 30b c6793 ic_m4 planted_sub table completed_valid t=0.0s
[     19s] main 30b c6793 ic_m4 small_x_offset table completed_valid t=0.0s
[     20s] main 30b c6794 ic_m4 subgroup table completed_valid t=0.0s
[     20s] main 30b c6794 ic_m4 small_x table completed_valid t=0.0s
[     20s] main 30b c6794 ic_m4 random_sub_r0 table completed_valid t=0.0s
[     20s] main 30b c6794 ic_m4 random_sub_r1 table completed_valid t=0.0s
[     20s] main 30b c6794 ic_m4 random_sub_r2 table completed_valid t=0.0s
[     20s] main 30b c6794 ic_m4 known_null_sub table completed_valid t=0.0s
[     20s] main 30b c6794 ic_m4 planted_sub table completed_valid t=0.0s
[     20s] main 30b c6794 ic_m4 small_x_offset table completed_valid t=0.0s
[     20s] main 30b c6795 ic_m4 subgroup table completed_valid t=0.0s
[     20s] main 30b c6795 ic_m4 small_x table completed_valid t=0.0s
[     20s] main 30b c6795 ic_m4 random_sub_r0 table completed_valid t=0.0s
[     20s] main 30b c6795 ic_m4 random_sub_r1 table completed_valid t=0.0s
[     20s] main 30b c6795 ic_m4 random_sub_r2 table completed_valid t=0.0s
[     20s] main 30b c6795 ic_m4 known_null_sub table completed_valid t=0.0s
[     20s] main 30b c6795 ic_m4 planted_sub table completed_valid t=0.0s
[     20s] main 30b c6795 ic_m4 small_x_offset table completed_valid t=0.0s
[     20s] main 30b c6796 ic_m4 subgroup table completed_valid t=0.0s
[     20s] main 30b c6796 ic_m4 small_x table completed_valid t=0.0s
[     20s] main 30b c6796 ic_m4 random_sub_r0 table completed_valid t=0.0s
[     20s] main 30b c6796 ic_m4 random_sub_r1 table completed_valid t=0.0s
[     20s] main 30b c6796 ic_m4 random_sub_r2 table completed_valid t=0.0s
[     20s] main 30b c6796 ic_m4 known_null_sub table completed_valid t=0.0s
[     20s] main 30b c6796 ic_m4 planted_sub table completed_valid t=0.0s
[     20s] main 30b c6796 ic_m4 small_x_offset table completed_valid t=0.0s
[     20s] main 30b c6797 ic_m4 subgroup table completed_valid t=0.0s
[     20s] main 30b c6797 ic_m4 small_x table completed_valid t=0.0s
[     20s] main 30b c6797 ic_m4 random_sub_r0 table completed_valid t=0.0s
[     20s] main 30b c6797 ic_m4 random_sub_r1 table completed_valid t=0.0s
[     20s] main 30b c6797 ic_m4 random_sub_r2 table completed_valid t=0.0s
[     20s] main 30b c6797 ic_m4 known_null_sub table completed_valid t=0.0s
[     20s] main 30b c6797 ic_m4 planted_sub table completed_valid t=0.0s
[     20s] main 30b c6797 ic_m4 small_x_offset table completed_valid t=0.0s
[     21s] main 30b c6798 ic_m4 subgroup table completed_valid t=0.0s
[     21s] main 30b c6798 ic_m4 small_x table completed_valid t=0.0s
[     21s] main 30b c6798 ic_m4 random_sub_r0 table completed_valid t=0.0s
[     21s] main 30b c6798 ic_m4 random_sub_r1 table completed_valid t=0.0s
[     21s] main 30b c6798 ic_m4 random_sub_r2 table completed_valid t=0.0s
[     21s] main 30b c6798 ic_m4 known_null_sub table completed_valid t=0.0s
[     21s] main 30b c6798 ic_m4 planted_sub table completed_valid t=0.0s
[     21s] main 30b c6798 ic_m4 small_x_offset table completed_valid t=0.0s
[     21s] main 30b c6799 ic_m4 subgroup table completed_valid t=0.0s
[     21s] main 30b c6799 ic_m4 small_x table completed_valid t=0.0s
[     21s] main 30b c6799 ic_m4 random_sub_r0 table completed_valid t=0.0s
[     21s] main 30b c6799 ic_m4 random_sub_r1 table completed_valid t=0.0s
[     21s] main 30b c6799 ic_m4 random_sub_r2 table completed_valid t=0.0s
[     21s] main 30b c6799 ic_m4 known_null_sub table completed_valid t=0.0s
[     21s] main 30b c6799 ic_m4 planted_sub table completed_valid t=0.0s
[     21s] main 30b c6799 ic_m4 small_x_offset table completed_valid t=0.0s
[     21s] main 30b c6800 ic_m4 subgroup table completed_valid t=0.0s
[     21s] main 30b c6800 ic_m4 small_x table completed_valid t=0.0s
[     21s] main 30b c6800 ic_m4 random_sub_r0 table completed_valid t=0.0s
[     21s] main 30b c6800 ic_m4 random_sub_r1 table completed_valid t=0.0s
[     21s] main 30b c6800 ic_m4 random_sub_r2 table completed_valid t=0.0s
[     21s] main 30b c6800 ic_m4 known_null_sub table completed_valid t=0.0s
[     21s] main 30b c6800 ic_m4 planted_sub table completed_valid t=0.0s
[     21s] main 30b c6800 ic_m4 small_x_offset table completed_valid t=0.0s
[     22s] main 30b c6801 ic_m4 subgroup table completed_valid t=0.0s
[     22s] main 30b c6801 ic_m4 small_x table completed_valid t=0.0s
[     22s] main 30b c6801 ic_m4 random_sub_r0 table completed_valid t=0.0s
[     22s] main 30b c6801 ic_m4 random_sub_r1 table completed_valid t=0.0s
[     22s] main 30b c6801 ic_m4 random_sub_r2 table completed_valid t=0.0s
[     22s] main 30b c6801 ic_m4 known_null_sub table completed_valid t=0.0s
[     22s] main 30b c6801 ic_m4 planted_sub table completed_valid t=0.0s
[     22s] main 30b c6801 ic_m4 small_x_offset table completed_valid t=0.0s
[     22s] main 30b c6802 ic_m4 subgroup table completed_valid t=0.0s
[     22s] main 30b c6802 ic_m4 small_x table completed_valid t=0.0s
[     22s] main 30b c6802 ic_m4 random_sub_r0 table completed_valid t=0.0s
[     22s] main 30b c6802 ic_m4 random_sub_r1 table completed_valid t=0.0s
[     22s] main 30b c6802 ic_m4 random_sub_r2 table completed_valid t=0.0s
[     22s] main 30b c6802 ic_m4 known_null_sub table completed_valid t=0.0s
[     22s] main 30b c6802 ic_m4 planted_sub table completed_valid t=0.0s
[     22s] main 30b c6802 ic_m4 small_x_offset table completed_valid t=0.0s
[     22s] main 30b c6803 ic_m4 subgroup table completed_valid t=0.0s
[     22s] main 30b c6803 ic_m4 small_x table completed_valid t=0.0s
[     22s] main 30b c6803 ic_m4 random_sub_r0 table completed_valid t=0.0s
[     22s] main 30b c6803 ic_m4 random_sub_r1 table completed_valid t=0.0s
[     22s] main 30b c6803 ic_m4 random_sub_r2 table completed_valid t=0.0s
[     22s] main 30b c6803 ic_m4 known_null_sub table completed_valid t=0.0s
[     22s] main 30b c6803 ic_m4 planted_sub table completed_valid t=0.0s
[     22s] main 30b c6803 ic_m4 small_x_offset table completed_valid t=0.0s
[     22s] main 30b c6804 ic_m4 subgroup table completed_valid t=0.0s
[     22s] main 30b c6804 ic_m4 small_x table completed_valid t=0.0s
[     22s] main 30b c6804 ic_m4 random_sub_r0 table completed_valid t=0.0s
[     22s] main 30b c6804 ic_m4 random_sub_r1 table completed_valid t=0.0s
[     22s] main 30b c6804 ic_m4 random_sub_r2 table completed_valid t=0.0s
[     22s] main 30b c6804 ic_m4 known_null_sub table completed_valid t=0.0s
[     22s] main 30b c6804 ic_m4 planted_sub table completed_valid t=0.0s
[     22s] main 30b c6804 ic_m4 small_x_offset table completed_valid t=0.0s
[     22s] main 30b c6805 ic_m4 subgroup table completed_valid t=0.0s
[     22s] main 30b c6805 ic_m4 small_x table completed_valid t=0.0s
[     22s] main 30b c6805 ic_m4 random_sub_r0 table completed_valid t=0.0s
[     22s] main 30b c6805 ic_m4 random_sub_r1 table completed_valid t=0.0s
[     22s] main 30b c6805 ic_m4 random_sub_r2 table completed_valid t=0.0s
[     22s] main 30b c6805 ic_m4 known_null_sub table completed_valid t=0.0s
[     22s] main 30b c6805 ic_m4 planted_sub table completed_valid t=0.0s
[     22s] main 30b c6805 ic_m4 small_x_offset table completed_valid t=0.0s
[     23s] main 30b c6806 ic_m4 subgroup table completed_valid t=0.0s
[     23s] main 30b c6806 ic_m4 small_x table completed_valid t=0.0s
[     23s] main 30b c6806 ic_m4 random_sub_r0 table completed_valid t=0.0s
[     23s] main 30b c6806 ic_m4 random_sub_r1 table completed_valid t=0.0s
[     23s] main 30b c6806 ic_m4 random_sub_r2 table completed_valid t=0.0s
[     23s] main 30b c6806 ic_m4 known_null_sub table completed_valid t=0.0s
[     23s] main 30b c6806 ic_m4 planted_sub table completed_valid t=0.0s
[     23s] main 30b c6806 ic_m4 small_x_offset table completed_valid t=0.0s
[     23s] main 30b c6807 ic_m4 subgroup table completed_valid t=0.0s
[     23s] main 30b c6807 ic_m4 small_x table completed_valid t=0.0s
[     23s] main 30b c6807 ic_m4 random_sub_r0 table completed_valid t=0.0s
[     23s] main 30b c6807 ic_m4 random_sub_r1 table completed_valid t=0.0s
[     23s] main 30b c6807 ic_m4 random_sub_r2 table completed_valid t=0.0s
[     23s] main 30b c6807 ic_m4 known_null_sub table completed_valid t=0.0s
[     23s] main 30b c6807 ic_m4 planted_sub table completed_valid t=0.0s
[     23s] main 30b c6807 ic_m4 small_x_offset table completed_valid t=0.0s
[     23s] main 30b c6808 ic_m4 subgroup table completed_valid t=0.0s
[     23s] main 30b c6808 ic_m4 small_x table completed_valid t=0.0s
[     23s] main 30b c6808 ic_m4 random_sub_r0 table completed_valid t=0.0s
[     23s] main 30b c6808 ic_m4 random_sub_r1 table completed_valid t=0.0s
[     23s] main 30b c6808 ic_m4 random_sub_r2 table completed_valid t=0.0s
[     23s] main 30b c6808 ic_m4 known_null_sub table completed_valid t=0.0s
[     23s] main 30b c6808 ic_m4 planted_sub table completed_valid t=0.0s
[     23s] main 30b c6808 ic_m4 small_x_offset table completed_valid t=0.0s
[     23s] main 30b c6809 ic_m4 subgroup table completed_valid t=0.0s
[     23s] main 30b c6809 ic_m4 small_x table completed_valid t=0.0s
[     23s] main 30b c6809 ic_m4 random_sub_r0 table completed_valid t=0.0s
[     23s] main 30b c6809 ic_m4 random_sub_r1 table completed_valid t=0.0s
[     23s] main 30b c6809 ic_m4 random_sub_r2 table completed_valid t=0.0s
[     23s] main 30b c6809 ic_m4 known_null_sub table completed_valid t=0.0s
[     23s] main 30b c6809 ic_m4 planted_sub table completed_valid t=0.0s
[     23s] main 30b c6809 ic_m4 small_x_offset table completed_valid t=0.0s
