[     18s] main 32b c30 ic_m4 subgroup search completed_valid t=1.6s
[     18s] main 32b c30 ic_m4 dickson search completed_valid t=1.5s
[     18s] main 32b c30 ic_m4 small_x search completed_valid t=1.7s
[     18s] main 32b c30 ic_m4 random_sub_r0 search completed_valid t=1.6s
[     18s] main 32b c30 ic_m4 random_sub_r1 search completed_valid t=1.7s
[     18s] main 32b c30 ic_m4 random_sub_r2 search completed_valid t=1.7s
[     18s] main 32b c30 ic_m4 known_null_sub search completed_valid t=1.6s
[     18s] main 32b c30 ic_m4 random_dick_r0 search completed_valid t=1.5s
[     18s] main 32b c30 ic_m4 random_dick_r1 search completed_valid t=1.7s
[     18s] main 32b c30 ic_m4 random_dick_r2 search completed_valid t=1.6s
[     18s] main 32b c30 ic_m4 known_null_dick search completed_valid t=1.6s
[     37s] main 32b c31 ic_m4 subgroup search completed_valid t=1.7s
[     37s] main 32b c31 ic_m4 dickson search completed_valid t=1.6s
[     37s] main 32b c31 ic_m4 small_x search completed_valid t=1.7s
[     37s] main 32b c31 ic_m4 random_sub_r0 search completed_valid t=1.7s
[     37s] main 32b c31 ic_m4 random_sub_r1 search completed_valid t=1.6s
[     37s] main 32b c31 ic_m4 random_sub_r2 search completed_valid t=1.8s
[     37s] main 32b c31 ic_m4 known_null_sub search completed_valid t=1.8s
[     37s] main 32b c31 ic_m4 random_dick_r0 search completed_valid t=1.7s
[     37s] main 32b c31 ic_m4 random_dick_r1 search completed_valid t=1.6s
[     37s] main 32b c31 ic_m4 random_dick_r2 search completed_valid t=1.7s
[     37s] main 32b c31 ic_m4 known_null_dick search completed_valid t=1.7s
[     56s] main 32b c32 ic_m4 subgroup search completed_valid t=1.7s
[     56s] main 32b c32 ic_m4 dickson search completed_valid t=1.8s
[     56s] main 32b c32 ic_m4 small_x search completed_valid t=1.6s
[     56s] main 32b c32 ic_m4 random_sub_r0 search completed_valid t=1.6s
[     56s] main 32b c32 ic_m4 random_sub_r1 search completed_valid t=1.6s
[     56s] main 32b c32 ic_m4 random_sub_r2 search completed_valid t=1.7s
[     56s] main 32b c32 ic_m4 known_null_sub search completed_valid t=1.5s
[     56s] main 32b c32 ic_m4 random_dick_r0 search completed_valid t=1.4s
[     56s] main 32b c32 ic_m4 random_dick_r1 search completed_valid t=1.6s
[     56s] main 32b c32 ic_m4 random_dick_r2 search completed_valid t=1.7s
[     56s] main 32b c32 ic_m4 known_null_dick search completed_valid t=1.6s
[     75s] main 32b c33 ic_m4 subgroup search completed_valid t=1.9s
[     75s] main 32b c33 ic_m4 dickson search completed_valid t=1.8s
[     75s] main 32b c33 ic_m4 small_x search completed_valid t=1.7s
[     75s] main 32b c33 ic_m4 random_sub_r0 search completed_valid t=1.6s
[     75s] main 32b c33 ic_m4 random_sub_r1 search completed_valid t=1.6s
[     75s] main 32b c33 ic_m4 random_sub_r2 search completed_valid t=1.9s
[     75s] main 32b c33 ic_m4 known_null_sub search completed_valid t=2.0s
[     75s] main 32b c33 ic_m4 random_dick_r0 search completed_valid t=2.0s
[     75s] main 32b c33 ic_m4 random_dick_r1 search completed_valid t=1.6s
[     75s] main 32b c33 ic_m4 random_dick_r2 search completed_valid t=1.6s
[     75s] main 32b c33 ic_m4 known_null_dick search completed_valid t=1.6s
[     92s] main 32b c34 ic_m4 subgroup search completed_valid t=1.4s
[     92s] main 32b c34 ic_m4 dickson search completed_valid t=1.5s
[     92s] main 32b c34 ic_m4 small_x search completed_valid t=1.5s
[     92s] main 32b c34 ic_m4 random_sub_r0 search completed_valid t=1.4s
[     92s] main 32b c34 ic_m4 random_sub_r1 search completed_valid t=1.3s
[     92s] main 32b c34 ic_m4 random_sub_r2 search completed_valid t=1.4s
[     92s] main 32b c34 ic_m4 known_null_sub search completed_valid t=1.5s
[     92s] main 32b c34 ic_m4 random_dick_r0 search completed_valid t=1.5s
[     92s] main 32b c34 ic_m4 random_dick_r1 search completed_valid t=1.6s
[     92s] main 32b c34 ic_m4 random_dick_r2 search completed_valid t=1.6s
[     92s] main 32b c34 ic_m4 known_null_dick search completed_valid t=1.5s
[    111s] main 32b c35 ic_m4 subgroup search completed_valid t=1.7s
[    111s] main 32b c35 ic_m4 dickson search completed_valid t=1.7s
[    111s] main 32b c35 ic_m4 small_x search completed_valid t=1.8s
[    111s] main 32b c35 ic_m4 random_sub_r0 search completed_valid t=1.7s
[    111s] main 32b c35 ic_m4 random_sub_r1 search completed_valid t=1.9s
[    111s] main 32b c35 ic_m4 random_sub_r2 search completed_valid t=1.7s
[    111s] main 32b c35 ic_m4 known_null_sub search completed_valid t=1.8s
[    111s] main 32b c35 ic_m4 random_dick_r0 search completed_valid t=1.9s
[    111s] main 32b c35 ic_m4 random_dick_r1 search completed_valid t=1.6s
[    111s] main 32b c35 ic_m4 random_dick_r2 search completed_valid t=1.6s
[    111s] main 32b c35 ic_m4 known_null_dick search completed_valid t=1.6s
[    129s] main 32b c36 ic_m4 subgroup search completed_valid t=1.5s
[    129s] main 32b c36 ic_m4 dickson search completed_valid t=1.7s
[    129s] main 32b c36 ic_m4 small_x search completed_valid t=1.5s
[    129s] main 32b c36 ic_m4 random_sub_r0 search completed_valid t=1.8s
[    129s] main 32b c36 ic_m4 random_sub_r1 search completed_valid t=1.7s
[    129s] main 32b c36 ic_m4 random_sub_r2 search completed_valid t=1.6s
[    129s] main 32b c36 ic_m4 known_null_sub search completed_valid t=1.5s
[    129s] main 32b c36 ic_m4 random_dick_r0 search completed_valid t=1.5s
[    129s] main 32b c36 ic_m4 random_dick_r1 search completed_valid t=1.7s
[    129s] main 32b c36 ic_m4 random_dick_r2 search completed_valid t=1.5s
[    129s] main 32b c36 ic_m4 known_null_dick search completed_valid t=1.7s
[    148s] main 32b c37 ic_m4 subgroup search completed_valid t=1.7s
[    148s] main 32b c37 ic_m4 dickson search completed_valid t=1.7s
[    148s] main 32b c37 ic_m4 small_x search completed_valid t=1.6s
[    148s] main 32b c37 ic_m4 random_sub_r0 search completed_valid t=1.7s
[    148s] main 32b c37 ic_m4 random_sub_r1 search completed_valid t=1.7s
[    148s] main 32b c37 ic_m4 random_sub_r2 search completed_valid t=1.6s
[    148s] main 32b c37 ic_m4 known_null_sub search completed_valid t=1.6s
[    148s] main 32b c37 ic_m4 random_dick_r0 search completed_valid t=1.7s
[    148s] main 32b c37 ic_m4 random_dick_r1 search completed_valid t=1.7s
[    148s] main 32b c37 ic_m4 random_dick_r2 search completed_valid t=1.9s
[    148s] main 32b c37 ic_m4 known_null_dick search completed_valid t=1.7s
[    166s] main 32b c38 ic_m4 subgroup search completed_valid t=1.7s
[    166s] main 32b c38 ic_m4 dickson search completed_valid t=1.7s
[    166s] main 32b c38 ic_m4 small_x search completed_valid t=1.5s
[    166s] main 32b c38 ic_m4 random_sub_r0 search completed_valid t=1.6s
[    166s] main 32b c38 ic_m4 random_sub_r1 search completed_valid t=1.6s
[    166s] main 32b c38 ic_m4 random_sub_r2 search completed_valid t=1.6s
[    166s] main 32b c38 ic_m4 known_null_sub search completed_valid t=1.7s
[    166s] main 32b c38 ic_m4 random_dick_r0 search completed_valid t=1.7s
[    166s] main 32b c38 ic_m4 random_dick_r1 search completed_valid t=1.6s
[    166s] main 32b c38 ic_m4 random_dick_r2 search completed_valid t=1.5s
[    166s] main 32b c38 ic_m4 known_null_dick search completed_valid t=1.7s
[    184s] main 32b c39 ic_m4 subgroup search completed_valid t=1.8s
[    184s] main 32b c39 ic_m4 dickson search completed_valid t=1.5s
[    184s] main 32b c39 ic_m4 small_x search completed_valid t=1.5s
[    184s] main 32b c39 ic_m4 random_sub_r0 search completed_valid t=1.6s
[    184s] main 32b c39 ic_m4 random_sub_r1 search completed_valid t=1.6s
[    184s] main 32b c39 ic_m4 random_sub_r2 search completed_valid t=1.5s
[    184s] main 32b c39 ic_m4 known_null_sub search completed_valid t=1.8s
[    184s] main 32b c39 ic_m4 random_dick_r0 search completed_valid t=1.7s
[    184s] main 32b c39 ic_m4 random_dick_r1 search completed_valid t=1.9s
[    184s] main 32b c39 ic_m4 random_dick_r2 search completed_valid t=1.6s
[    184s] main 32b c39 ic_m4 known_null_dick search completed_valid t=1.7s
