[      3s] main 30b c210 ic_m3 subgroup table completed_valid t=0.2s
[      3s] main 30b c210 ic_m3 dickson table completed_valid t=0.2s
[      3s] main 30b c210 ic_m3 small_x table completed_valid t=0.2s
[      3s] main 30b c210 ic_m3 random_sub_r0 table completed_valid t=0.2s
[      3s] main 30b c210 ic_m3 random_sub_r1 table completed_valid t=0.2s
[      3s] main 30b c210 ic_m3 random_sub_r2 table completed_valid t=0.2s
[      3s] main 30b c210 ic_m3 known_null_sub table completed_valid t=0.2s
[      3s] main 30b c210 ic_m3 random_dick_r0 table completed_valid t=0.2s
[      3s] main 30b c210 ic_m3 random_dick_r1 table completed_valid t=0.2s
[      3s] main 30b c210 ic_m3 random_dick_r2 table completed_valid t=0.2s
[      3s] main 30b c210 ic_m3 known_null_dick table completed_valid t=0.2s
[      3s] main 30b c210 ic_m3 planted_sub table completed_valid t=0.2s
[      6s] main 30b c211 ic_m3 subgroup table completed_valid t=0.3s
[      6s] main 30b c211 ic_m3 dickson table completed_valid t=0.2s
[      6s] main 30b c211 ic_m3 small_x table completed_valid t=0.2s
[      6s] main 30b c211 ic_m3 random_sub_r0 table completed_valid t=0.2s
[      6s] main 30b c211 ic_m3 random_sub_r1 table completed_valid t=0.2s
[      6s] main 30b c211 ic_m3 random_sub_r2 table completed_valid t=0.2s
[      6s] main 30b c211 ic_m3 known_null_sub table completed_valid t=0.2s
[      6s] main 30b c211 ic_m3 random_dick_r0 table completed_valid t=0.2s
[      6s] main 30b c211 ic_m3 random_dick_r1 table completed_valid t=0.3s
[      6s] main 30b c211 ic_m3 random_dick_r2 table completed_valid t=0.2s
[      6s] main 30b c211 ic_m3 known_null_dick table completed_valid t=0.2s
[      6s] main 30b c211 ic_m3 planted_sub table completed_valid t=0.2s
[      8s] main 30b c212 ic_m3 subgroup table completed_valid t=0.2s
[      8s] main 30b c212 ic_m3 dickson table completed_valid t=0.1s
[      8s] main 30b c212 ic_m3 small_x table completed_valid t=0.1s
[      8s] main 30b c212 ic_m3 random_sub_r0 table completed_valid t=0.2s
[      8s] main 30b c212 ic_m3 random_sub_r1 table completed_valid t=0.2s
[      8s] main 30b c212 ic_m3 random_sub_r2 table completed_valid t=0.3s
[      8s] main 30b c212 ic_m3 known_null_sub table completed_valid t=0.2s
[      8s] main 30b c212 ic_m3 random_dick_r0 table completed_valid t=0.2s
[      8s] main 30b c212 ic_m3 random_dick_r1 table completed_valid t=0.1s
[      8s] main 30b c212 ic_m3 random_dick_r2 table completed_valid t=0.2s
[      8s] main 30b c212 ic_m3 known_null_dick table completed_valid t=0.1s
[      8s] main 30b c212 ic_m3 planted_sub table completed_valid t=0.2s
[     10s] main 30b c213 ic_m3 subgroup table completed_valid t=0.2s
[     10s] main 30b c213 ic_m3 dickson table completed_valid t=0.1s
[     10s] main 30b c213 ic_m3 small_x table completed_valid t=0.1s
[     10s] main 30b c213 ic_m3 random_sub_r0 table completed_valid t=0.2s
[     10s] main 30b c213 ic_m3 random_sub_r1 table completed_valid t=0.1s
[     10s] main 30b c213 ic_m3 random_sub_r2 table completed_valid t=0.1s
[     10s] main 30b c213 ic_m3 known_null_sub table completed_valid t=0.2s
[     10s] main 30b c213 ic_m3 random_dick_r0 table completed_valid t=0.1s
[     10s] main 30b c213 ic_m3 random_dick_r1 table completed_valid t=0.2s
[     10s] main 30b c213 ic_m3 random_dick_r2 table completed_valid t=0.1s
[     10s] main 30b c213 ic_m3 known_null_dick table completed_valid t=0.2s
[     10s] main 30b c213 ic_m3 planted_sub table completed_valid t=0.2s
[     13s] main 30b c214 ic_m3 subgroup table completed_valid t=0.3s
[     13s] main 30b c214 ic_m3 dickson table completed_valid t=0.3s
[     13s] main 30b c214 ic_m3 small_x table completed_valid t=0.2s
[     13s] main 30b c214 ic_m3 random_sub_r0 table completed_valid t=0.3s
[     13s] main 30b c214 ic_m3 random_sub_r1 table completed_valid t=0.3s
[     13s] main 30b c214 ic_m3 random_sub_r2 table completed_valid t=0.3s
[     13s] main 30b c214 ic_m3 known_null_sub table completed_valid t=0.4s
[     13s] main 30b c214 ic_m3 random_dick_r0 table completed_valid t=0.3s
[     13s] main 30b c214 ic_m3 random_dick_r1 table completed_valid t=0.3s
[     13s] main 30b c214 ic_m3 random_dick_r2 table completed_valid t=0.3s
[     13s] main 30b c214 ic_m3 known_null_dick table completed_valid t=0.3s
[     13s] main 30b c214 ic_m3 planted_sub table completed_valid t=0.2s
[     17s] main 30b c215 ic_m3 subgroup table completed_valid t=0.2s
[     17s] main 30b c215 ic_m3 dickson table completed_valid t=0.2s
[     17s] main 30b c215 ic_m3 small_x table completed_valid t=0.2s
[     17s] main 30b c215 ic_m3 random_sub_r0 table completed_valid t=0.3s
[     17s] main 30b c215 ic_m3 random_sub_r1 table completed_valid t=0.3s
[     17s] main 30b c215 ic_m3 random_sub_r2 table completed_valid t=0.3s
[     17s] main 30b c215 ic_m3 known_null_sub table completed_valid t=0.2s
[     17s] main 30b c215 ic_m3 random_dick_r0 table completed_valid t=0.2s
[     17s] main 30b c215 ic_m3 random_dick_r1 table completed_valid t=0.2s
[     17s] main 30b c215 ic_m3 random_dick_r2 table completed_valid t=0.3s
[     17s] main 30b c215 ic_m3 known_null_dick table completed_valid t=0.2s
[     17s] main 30b c215 ic_m3 planted_sub table completed_valid t=0.2s
[     20s] main 30b c216 ic_m3 subgroup table completed_valid t=0.2s
[     20s] main 30b c216 ic_m3 dickson table completed_valid t=0.2s
[     20s] main 30b c216 ic_m3 small_x table completed_valid t=0.2s
[     20s] main 30b c216 ic_m3 random_sub_r0 table completed_valid t=0.2s
[     20s] main 30b c216 ic_m3 random_sub_r1 table completed_valid t=0.3s
[     20s] main 30b c216 ic_m3 random_sub_r2 table completed_valid t=0.2s
[     20s] main 30b c216 ic_m3 known_null_sub table completed_valid t=0.2s
[     20s] main 30b c216 ic_m3 random_dick_r0 table completed_valid t=0.2s
[     20s] main 30b c216 ic_m3 random_dick_r1 table completed_valid t=0.3s
[     20s] main 30b c216 ic_m3 random_dick_r2 table completed_valid t=0.2s
[     20s] main 30b c216 ic_m3 known_null_dick table completed_valid t=0.2s
[     20s] main 30b c216 ic_m3 planted_sub table completed_valid t=0.2s
[     23s] main 30b c217 ic_m3 subgroup table completed_valid t=0.2s
[     23s] main 30b c217 ic_m3 dickson table completed_valid t=0.2s
[     23s] main 30b c217 ic_m3 small_x table completed_valid t=0.2s
[     23s] main 30b c217 ic_m3 random_sub_r0 table completed_valid t=0.2s
[     23s] main 30b c217 ic_m3 random_sub_r1 table completed_valid t=0.3s
[     23s] main 30b c217 ic_m3 random_sub_r2 table completed_valid t=0.2s
[     23s] main 30b c217 ic_m3 known_null_sub table completed_valid t=0.3s
[     23s] main 30b c217 ic_m3 random_dick_r0 table completed_valid t=0.2s
[     23s] main 30b c217 ic_m3 random_dick_r1 table completed_valid t=0.3s
[     23s] main 30b c217 ic_m3 random_dick_r2 table completed_valid t=0.2s
[     23s] main 30b c217 ic_m3 known_null_dick table completed_valid t=0.2s
[     23s] main 30b c217 ic_m3 planted_sub table completed_valid t=0.3s
[     26s] main 30b c218 ic_m3 subgroup table completed_valid t=0.2s
[     26s] main 30b c218 ic_m3 dickson table completed_valid t=0.2s
[     26s] main 30b c218 ic_m3 small_x table completed_valid t=0.3s
[     26s] main 30b c218 ic_m3 random_sub_r0 table completed_valid t=0.3s
[     26s] main 30b c218 ic_m3 random_sub_r1 table completed_valid t=0.2s
[     26s] main 30b c218 ic_m3 random_sub_r2 table completed_valid t=0.2s
[     26s] main 30b c218 ic_m3 known_null_sub table completed_valid t=0.2s
[     26s] main 30b c218 ic_m3 random_dick_r0 table completed_valid t=0.2s
[     26s] main 30b c218 ic_m3 random_dick_r1 table completed_valid t=0.2s
[     26s] main 30b c218 ic_m3 random_dick_r2 table completed_valid t=0.3s
[     26s] main 30b c218 ic_m3 known_null_dick table completed_valid t=0.3s
[     26s] main 30b c218 ic_m3 planted_sub table completed_valid t=0.2s
[     29s] main 30b c219 ic_m3 subgroup table completed_valid t=0.2s
[     29s] main 30b c219 ic_m3 dickson table completed_valid t=0.2s
[     29s] main 30b c219 ic_m3 small_x table completed_valid t=0.2s
[     29s] main 30b c219 ic_m3 random_sub_r0 table completed_valid t=0.2s
[     29s] main 30b c219 ic_m3 random_sub_r1 table completed_valid t=0.2s
[     29s] main 30b c219 ic_m3 random_sub_r2 table completed_valid t=0.2s
[     29s] main 30b c219 ic_m3 known_null_sub table completed_valid t=0.2s
[     29s] main 30b c219 ic_m3 random_dick_r0 table completed_valid t=0.2s
[     29s] main 30b c219 ic_m3 random_dick_r1 table completed_valid t=0.2s
[     29s] main 30b c219 ic_m3 random_dick_r2 table completed_valid t=0.2s
[     29s] main 30b c219 ic_m3 known_null_dick table completed_valid t=0.3s
[     29s] main 30b c219 ic_m3 planted_sub table completed_valid t=0.2s
[     32s] main 30b c220 ic_m3 subgroup table completed_valid t=0.2s
[     32s] main 30b c220 ic_m3 dickson table completed_valid t=0.2s
[     32s] main 30b c220 ic_m3 small_x table completed_valid t=0.2s
[     32s] main 30b c220 ic_m3 random_sub_r0 table completed_valid t=0.2s
[     32s] main 30b c220 ic_m3 random_sub_r1 table completed_valid t=0.2s
[     32s] main 30b c220 ic_m3 random_sub_r2 table completed_valid t=0.2s
[     32s] main 30b c220 ic_m3 known_null_sub table completed_valid t=0.2s
[     32s] main 30b c220 ic_m3 random_dick_r0 table completed_valid t=0.2s
[     32s] main 30b c220 ic_m3 random_dick_r1 table completed_valid t=0.2s
[     32s] main 30b c220 ic_m3 random_dick_r2 table completed_valid t=0.2s
[     32s] main 30b c220 ic_m3 known_null_dick table completed_valid t=0.2s
[     32s] main 30b c220 ic_m3 planted_sub table completed_valid t=0.2s
[     35s] main 30b c221 ic_m3 subgroup table completed_valid t=0.2s
[     35s] main 30b c221 ic_m3 dickson table completed_valid t=0.2s
[     35s] main 30b c221 ic_m3 small_x table completed_valid t=0.3s
[     35s] main 30b c221 ic_m3 random_sub_r0 table completed_valid t=0.2s
[     35s] main 30b c221 ic_m3 random_sub_r1 table completed_valid t=0.2s
[     35s] main 30b c221 ic_m3 random_sub_r2 table completed_valid t=0.2s
[     35s] main 30b c221 ic_m3 known_null_sub table completed_valid t=0.2s
[     35s] main 30b c221 ic_m3 random_dick_r0 table completed_valid t=0.3s
[     35s] main 30b c221 ic_m3 random_dick_r1 table completed_valid t=0.3s
[     35s] main 30b c221 ic_m3 random_dick_r2 table completed_valid t=0.3s
[     35s] main 30b c221 ic_m3 known_null_dick table completed_valid t=0.2s
[     35s] main 30b c221 ic_m3 planted_sub table completed_valid t=0.2s
[     37s] main 30b c222 ic_m3 subgroup table completed_valid t=0.1s
[     37s] main 30b c222 ic_m3 dickson table completed_valid t=0.2s
[     37s] main 30b c222 ic_m3 small_x table completed_valid t=0.2s
[     37s] main 30b c222 ic_m3 random_sub_r0 table completed_valid t=0.2s
[     37s] main 30b c222 ic_m3 random_sub_r1 table completed_valid t=0.2s
[     37s] main 30b c222 ic_m3 random_sub_r2 table completed_valid t=0.2s
[     37s] main 30b c222 ic_m3 known_null_sub table completed_valid t=0.2s
[     37s] main 30b c222 ic_m3 random_dick_r0 table completed_valid t=0.1s
[     37s] main 30b c222 ic_m3 random_dick_r1 table completed_valid t=0.1s
[     37s] main 30b c222 ic_m3 random_dick_r2 table completed_valid t=0.1s
[     37s] main 30b c222 ic_m3 known_null_dick table completed_valid t=0.2s
[     37s] main 30b c222 ic_m3 planted_sub table completed_valid t=0.2s
[     41s] main 30b c223 ic_m3 subgroup table completed_valid t=0.3s
[     41s] main 30b c223 ic_m3 dickson table completed_valid t=0.4s
[     41s] main 30b c223 ic_m3 small_x table completed_valid t=0.2s
[     41s] main 30b c223 ic_m3 random_sub_r0 table completed_valid t=0.2s
[     41s] main 30b c223 ic_m3 random_sub_r1 table completed_valid t=0.2s
[     41s] main 30b c223 ic_m3 random_sub_r2 table completed_valid t=0.2s
[     41s] main 30b c223 ic_m3 known_null_sub table completed_valid t=0.2s
[     41s] main 30b c223 ic_m3 random_dick_r0 table completed_valid t=0.2s
[     41s] main 30b c223 ic_m3 random_dick_r1 table completed_valid t=0.2s
[     41s] main 30b c223 ic_m3 random_dick_r2 table completed_valid t=0.3s
[     41s] main 30b c223 ic_m3 known_null_dick table completed_valid t=0.2s
[     41s] main 30b c223 ic_m3 planted_sub table completed_valid t=0.3s
[     43s] main 30b c224 ic_m3 subgroup table completed_valid t=0.2s
[     43s] main 30b c224 ic_m3 dickson table completed_valid t=0.2s
[     43s] main 30b c224 ic_m3 small_x table completed_valid t=0.2s
[     43s] main 30b c224 ic_m3 random_sub_r0 table completed_valid t=0.2s
[     43s] main 30b c224 ic_m3 random_sub_r1 table completed_valid t=0.2s
[     43s] main 30b c224 ic_m3 random_sub_r2 table completed_valid t=0.2s
[     43s] main 30b c224 ic_m3 known_null_sub table completed_valid t=0.2s
[     43s] main 30b c224 ic_m3 random_dick_r0 table completed_valid t=0.2s
[     43s] main 30b c224 ic_m3 random_dick_r1 table completed_valid t=0.2s
[     43s] main 30b c224 ic_m3 random_dick_r2 table completed_valid t=0.2s
[     43s] main 30b c224 ic_m3 known_null_dick table completed_valid t=0.3s
[     43s] main 30b c224 ic_m3 planted_sub table completed_valid t=0.2s
[     45s] main 30b c225 ic_m3 subgroup table completed_valid t=0.2s
[     45s] main 30b c225 ic_m3 dickson table completed_valid t=0.1s
[     45s] main 30b c225 ic_m3 small_x table completed_valid t=0.1s
[     45s] main 30b c225 ic_m3 random_sub_r0 table completed_valid t=0.2s
[     45s] main 30b c225 ic_m3 random_sub_r1 table completed_valid t=0.2s
[     45s] main 30b c225 ic_m3 random_sub_r2 table completed_valid t=0.2s
[     45s] main 30b c225 ic_m3 known_null_sub table completed_valid t=0.2s
[     45s] main 30b c225 ic_m3 random_dick_r0 table completed_valid t=0.1s
[     45s] main 30b c225 ic_m3 random_dick_r1 table completed_valid t=0.1s
[     45s] main 30b c225 ic_m3 random_dick_r2 table completed_valid t=0.1s
[     45s] main 30b c225 ic_m3 known_null_dick table completed_valid t=0.1s
[     45s] main 30b c225 ic_m3 planted_sub table completed_valid t=0.2s
[     49s] main 30b c226 ic_m3 subgroup table completed_valid t=0.3s
[     49s] main 30b c226 ic_m3 dickson table completed_valid t=0.3s
[     49s] main 30b c226 ic_m3 small_x table completed_valid t=0.3s
[     49s] main 30b c226 ic_m3 random_sub_r0 table completed_valid t=0.3s
[     49s] main 30b c226 ic_m3 random_sub_r1 table completed_valid t=0.4s
[     49s] main 30b c226 ic_m3 random_sub_r2 table completed_valid t=0.3s
[     49s] main 30b c226 ic_m3 known_null_sub table completed_valid t=0.3s
[     49s] main 30b c226 ic_m3 random_dick_r0 table completed_valid t=0.4s
[     49s] main 30b c226 ic_m3 random_dick_r1 table completed_valid t=0.2s
[     49s] main 30b c226 ic_m3 random_dick_r2 table completed_valid t=0.2s
[     49s] main 30b c226 ic_m3 known_null_dick table completed_valid t=0.2s
[     49s] main 30b c226 ic_m3 planted_sub table completed_valid t=0.3s
[     53s] main 30b c227 ic_m3 subgroup table completed_valid t=0.2s
[     53s] main 30b c227 ic_m3 dickson table completed_valid t=0.2s
[     53s] main 30b c227 ic_m3 small_x table completed_valid t=0.2s
[     53s] main 30b c227 ic_m3 random_sub_r0 table completed_valid t=0.2s
[     53s] main 30b c227 ic_m3 random_sub_r1 table completed_valid t=0.2s
[     53s] main 30b c227 ic_m3 random_sub_r2 table completed_valid t=0.2s
[     53s] main 30b c227 ic_m3 known_null_sub table completed_valid t=0.3s
[     53s] main 30b c227 ic_m3 random_dick_r0 table completed_valid t=0.3s
[     53s] main 30b c227 ic_m3 random_dick_r1 table completed_valid t=0.3s
[     53s] main 30b c227 ic_m3 random_dick_r2 table completed_valid t=0.3s
[     53s] main 30b c227 ic_m3 known_null_dick table completed_valid t=0.3s
[     53s] main 30b c227 ic_m3 planted_sub table completed_valid t=0.2s
[     57s] main 30b c228 ic_m3 subgroup table completed_valid t=0.4s
[     57s] main 30b c228 ic_m3 dickson table completed_valid t=0.4s
[     57s] main 30b c228 ic_m3 small_x table completed_valid t=0.3s
[     57s] main 30b c228 ic_m3 random_sub_r0 table completed_valid t=0.3s
[     57s] main 30b c228 ic_m3 random_sub_r1 table completed_valid t=0.4s
[     57s] main 30b c228 ic_m3 random_sub_r2 table completed_valid t=0.2s
[     57s] main 30b c228 ic_m3 known_null_sub table completed_valid t=0.3s
[     57s] main 30b c228 ic_m3 random_dick_r0 table completed_valid t=0.6s
[     57s] main 30b c228 ic_m3 random_dick_r1 table completed_valid t=0.4s
[     57s] main 30b c228 ic_m3 random_dick_r2 table completed_valid t=0.3s
[     57s] main 30b c228 ic_m3 known_null_dick table completed_valid t=0.3s
[     57s] main 30b c228 ic_m3 planted_sub table completed_valid t=0.3s
[     61s] main 30b c229 ic_m3 subgroup table completed_valid t=0.2s
[     61s] main 30b c229 ic_m3 dickson table completed_valid t=0.2s
[     61s] main 30b c229 ic_m3 small_x table completed_valid t=0.2s
[     61s] main 30b c229 ic_m3 random_sub_r0 table completed_valid t=0.2s
[     61s] main 30b c229 ic_m3 random_sub_r1 table completed_valid t=0.2s
[     61s] main 30b c229 ic_m3 random_sub_r2 table completed_valid t=0.2s
[     61s] main 30b c229 ic_m3 known_null_sub table completed_valid t=0.2s
[     61s] main 30b c229 ic_m3 random_dick_r0 table completed_valid t=0.3s
[     61s] main 30b c229 ic_m3 random_dick_r1 table completed_valid t=0.3s
[     61s] main 30b c229 ic_m3 random_dick_r2 table completed_valid t=0.3s
[     61s] main 30b c229 ic_m3 known_null_dick table completed_valid t=0.4s
[     61s] main 30b c229 ic_m3 planted_sub table completed_valid t=0.3s
[     64s] main 30b c230 ic_m3 subgroup table completed_valid t=0.3s
[     64s] main 30b c230 ic_m3 dickson table completed_valid t=0.2s
[     64s] main 30b c230 ic_m3 small_x table completed_valid t=0.2s
[     64s] main 30b c230 ic_m3 random_sub_r0 table completed_valid t=0.2s
[     64s] main 30b c230 ic_m3 random_sub_r1 table completed_valid t=0.2s
[     64s] main 30b c230 ic_m3 random_sub_r2 table completed_valid t=0.2s
[     64s] main 30b c230 ic_m3 known_null_sub table completed_valid t=0.2s
[     64s] main 30b c230 ic_m3 random_dick_r0 table completed_valid t=0.3s
[     64s] main 30b c230 ic_m3 random_dick_r1 table completed_valid t=0.2s
[     64s] main 30b c230 ic_m3 random_dick_r2 table completed_valid t=0.1s
[     64s] main 30b c230 ic_m3 known_null_dick table completed_valid t=0.2s
[     64s] main 30b c230 ic_m3 planted_sub table completed_valid t=0.2s
[     68s] main 30b c231 ic_m3 subgroup table completed_valid t=0.3s
[     68s] main 30b c231 ic_m3 dickson table completed_valid t=0.4s
[     68s] main 30b c231 ic_m3 small_x table completed_valid t=0.3s
[     68s] main 30b c231 ic_m3 random_sub_r0 table completed_valid t=0.3s
[     68s] main 30b c231 ic_m3 random_sub_r1 table completed_valid t=0.3s
[     68s] main 30b c231 ic_m3 random_sub_r2 table completed_valid t=0.6s
[     68s] main 30b c231 ic_m3 known_null_sub table completed_valid t=0.5s
[     68s] main 30b c231 ic_m3 random_dick_r0 table completed_valid t=0.4s
[     68s] main 30b c231 ic_m3 random_dick_r1 table completed_valid t=0.4s
[     68s] main 30b c231 ic_m3 random_dick_r2 table completed_valid t=0.4s
[     68s] main 30b c231 ic_m3 known_null_dick table completed_valid t=0.2s
[     68s] main 30b c231 ic_m3 planted_sub table completed_valid t=0.4s
[     71s] main 30b c232 ic_m3 subgroup table completed_valid t=0.2s
[     71s] main 30b c232 ic_m3 dickson table completed_valid t=0.2s
[     71s] main 30b c232 ic_m3 small_x table completed_valid t=0.1s
[     71s] main 30b c232 ic_m3 random_sub_r0 table completed_valid t=0.2s
[     71s] main 30b c232 ic_m3 random_sub_r1 table completed_valid t=0.2s
[     71s] main 30b c232 ic_m3 random_sub_r2 table completed_valid t=0.2s
[     71s] main 30b c232 ic_m3 known_null_sub table completed_valid t=0.2s
[     71s] main 30b c232 ic_m3 random_dick_r0 table completed_valid t=0.2s
[     71s] main 30b c232 ic_m3 random_dick_r1 table completed_valid t=0.2s
[     71s] main 30b c232 ic_m3 random_dick_r2 table completed_valid t=0.2s
[     71s] main 30b c232 ic_m3 known_null_dick table completed_valid t=0.2s
[     71s] main 30b c232 ic_m3 planted_sub table completed_valid t=0.2s
[     73s] main 30b c233 ic_m3 subgroup table completed_valid t=0.3s
[     73s] main 30b c233 ic_m3 dickson table completed_valid t=0.3s
[     73s] main 30b c233 ic_m3 small_x table completed_valid t=0.2s
[     73s] main 30b c233 ic_m3 random_sub_r0 table completed_valid t=0.2s
[     73s] main 30b c233 ic_m3 random_sub_r1 table completed_valid t=0.2s
[     73s] main 30b c233 ic_m3 random_sub_r2 table completed_valid t=0.3s
[     73s] main 30b c233 ic_m3 known_null_sub table completed_valid t=0.2s
[     73s] main 30b c233 ic_m3 random_dick_r0 table completed_valid t=0.2s
[     73s] main 30b c233 ic_m3 random_dick_r1 table completed_valid t=0.2s
[     73s] main 30b c233 ic_m3 random_dick_r2 table completed_valid t=0.2s
[     73s] main 30b c233 ic_m3 known_null_dick table completed_valid t=0.2s
[     73s] main 30b c233 ic_m3 planted_sub table completed_valid t=0.2s
[     77s] main 30b c234 ic_m3 subgroup table completed_valid t=0.3s
[     77s] main 30b c234 ic_m3 dickson table completed_valid t=0.3s
[     77s] main 30b c234 ic_m3 small_x table completed_valid t=0.4s
[     77s] main 30b c234 ic_m3 random_sub_r0 table completed_valid t=0.2s
[     77s] main 30b c234 ic_m3 random_sub_r1 table completed_valid t=0.3s
[     77s] main 30b c234 ic_m3 random_sub_r2 table completed_valid t=0.2s
[     77s] main 30b c234 ic_m3 known_null_sub table completed_valid t=0.2s
[     77s] main 30b c234 ic_m3 random_dick_r0 table completed_valid t=0.2s
[     77s] main 30b c234 ic_m3 random_dick_r1 table completed_valid t=0.2s
[     77s] main 30b c234 ic_m3 random_dick_r2 table completed_valid t=0.2s
[     77s] main 30b c234 ic_m3 known_null_dick table completed_valid t=0.2s
[     77s] main 30b c234 ic_m3 planted_sub table completed_valid t=0.2s
[     80s] main 30b c235 ic_m3 subgroup table completed_valid t=0.2s
[     80s] main 30b c235 ic_m3 dickson table completed_valid t=0.2s
[     80s] main 30b c235 ic_m3 small_x table completed_valid t=0.2s
[     80s] main 30b c235 ic_m3 random_sub_r0 table completed_valid t=0.2s
[     80s] main 30b c235 ic_m3 random_sub_r1 table completed_valid t=0.4s
[     80s] main 30b c235 ic_m3 random_sub_r2 table completed_valid t=0.4s
[     80s] main 30b c235 ic_m3 known_null_sub table completed_valid t=0.3s
[     80s] main 30b c235 ic_m3 random_dick_r0 table completed_valid t=0.2s
[     80s] main 30b c235 ic_m3 random_dick_r1 table completed_valid t=0.2s
[     80s] main 30b c235 ic_m3 random_dick_r2 table completed_valid t=0.2s
[     80s] main 30b c235 ic_m3 known_null_dick table completed_valid t=0.2s
[     80s] main 30b c235 ic_m3 planted_sub table completed_valid t=0.2s
[     84s] main 30b c236 ic_m3 subgroup table completed_valid t=0.3s
[     84s] main 30b c236 ic_m3 dickson table completed_valid t=0.3s
[     84s] main 30b c236 ic_m3 small_x table completed_valid t=0.3s
[     84s] main 30b c236 ic_m3 random_sub_r0 table completed_valid t=0.3s
[     84s] main 30b c236 ic_m3 random_sub_r1 table completed_valid t=0.3s
[     84s] main 30b c236 ic_m3 random_sub_r2 table completed_valid t=0.3s
[     84s] main 30b c236 ic_m3 known_null_sub table completed_valid t=0.2s
[     84s] main 30b c236 ic_m3 random_dick_r0 table completed_valid t=0.3s
[     84s] main 30b c236 ic_m3 random_dick_r1 table completed_valid t=0.3s
[     84s] main 30b c236 ic_m3 random_dick_r2 table completed_valid t=0.3s
[     84s] main 30b c236 ic_m3 known_null_dick table completed_valid t=0.3s
[     84s] main 30b c236 ic_m3 planted_sub table completed_valid t=0.3s
[     87s] main 30b c237 ic_m3 subgroup table completed_valid t=0.3s
[     87s] main 30b c237 ic_m3 dickson table completed_valid t=0.2s
[     87s] main 30b c237 ic_m3 small_x table completed_valid t=0.3s
[     87s] main 30b c237 ic_m3 random_sub_r0 table completed_valid t=0.2s
[     87s] main 30b c237 ic_m3 random_sub_r1 table completed_valid t=0.2s
[     87s] main 30b c237 ic_m3 random_sub_r2 table completed_valid t=0.2s
[     87s] main 30b c237 ic_m3 known_null_sub table completed_valid t=0.2s
[     87s] main 30b c237 ic_m3 random_dick_r0 table completed_valid t=0.2s
[     87s] main 30b c237 ic_m3 random_dick_r1 table completed_valid t=0.2s
[     87s] main 30b c237 ic_m3 random_dick_r2 table completed_valid t=0.3s
[     87s] main 30b c237 ic_m3 known_null_dick table completed_valid t=0.2s
[     87s] main 30b c237 ic_m3 planted_sub table completed_valid t=0.2s
[     90s] main 30b c238 ic_m3 subgroup table completed_valid t=0.3s
[     90s] main 30b c238 ic_m3 dickson table completed_valid t=0.2s
[     90s] main 30b c238 ic_m3 small_x table completed_valid t=0.2s
[     90s] main 30b c238 ic_m3 random_sub_r0 table completed_valid t=0.2s
[     90s] main 30b c238 ic_m3 random_sub_r1 table completed_valid t=0.3s
[     90s] main 30b c238 ic_m3 random_sub_r2 table completed_valid t=0.4s
[     90s] main 30b c238 ic_m3 known_null_sub table completed_valid t=0.3s
[     90s] main 30b c238 ic_m3 random_dick_r0 table completed_valid t=0.3s
[     90s] main 30b c238 ic_m3 random_dick_r1 table completed_valid t=0.2s
[     90s] main 30b c238 ic_m3 random_dick_r2 table completed_valid t=0.3s
[     90s] main 30b c238 ic_m3 known_null_dick table completed_valid t=0.3s
[     90s] main 30b c238 ic_m3 planted_sub table completed_valid t=0.3s
[     94s] main 30b c239 ic_m3 subgroup table completed_valid t=0.2s
[     94s] main 30b c239 ic_m3 dickson table completed_valid t=0.3s
[     94s] main 30b c239 ic_m3 small_x table completed_valid t=0.2s
[     94s] main 30b c239 ic_m3 random_sub_r0 table completed_valid t=0.3s
[     94s] main 30b c239 ic_m3 random_sub_r1 table completed_valid t=0.3s
[     94s] main 30b c239 ic_m3 random_sub_r2 table completed_valid t=0.3s
[     94s] main 30b c239 ic_m3 known_null_sub table completed_valid t=0.3s
[     94s] main 30b c239 ic_m3 random_dick_r0 table completed_valid t=0.3s
[     94s] main 30b c239 ic_m3 random_dick_r1 table completed_valid t=0.3s
[     94s] main 30b c239 ic_m3 random_dick_r2 table completed_valid t=0.3s
[     94s] main 30b c239 ic_m3 known_null_dick table completed_valid t=0.3s
[     94s] main 30b c239 ic_m3 planted_sub table completed_valid t=0.3s
[     98s] main 30b c240 ic_m3 subgroup table completed_valid t=0.3s
[     98s] main 30b c240 ic_m3 dickson table completed_valid t=0.3s
[     98s] main 30b c240 ic_m3 small_x table completed_valid t=0.2s
[     98s] main 30b c240 ic_m3 random_sub_r0 table completed_valid t=0.3s
[     98s] main 30b c240 ic_m3 random_sub_r1 table completed_valid t=0.3s
[     98s] main 30b c240 ic_m3 random_sub_r2 table completed_valid t=0.3s
[     98s] main 30b c240 ic_m3 known_null_sub table completed_valid t=0.3s
[     98s] main 30b c240 ic_m3 random_dick_r0 table completed_valid t=0.2s
[     98s] main 30b c240 ic_m3 random_dick_r1 table completed_valid t=0.3s
[     98s] main 30b c240 ic_m3 random_dick_r2 table completed_valid t=0.3s
[     98s] main 30b c240 ic_m3 known_null_dick table completed_valid t=0.2s
[     98s] main 30b c240 ic_m3 planted_sub table completed_valid t=0.3s
[    101s] main 30b c241 ic_m3 subgroup table completed_valid t=0.2s
[    101s] main 30b c241 ic_m3 dickson table completed_valid t=0.2s
[    101s] main 30b c241 ic_m3 small_x table completed_valid t=0.2s
[    101s] main 30b c241 ic_m3 random_sub_r0 table completed_valid t=0.3s
[    101s] main 30b c241 ic_m3 random_sub_r1 table completed_valid t=0.2s
[    101s] main 30b c241 ic_m3 random_sub_r2 table completed_valid t=0.2s
[    101s] main 30b c241 ic_m3 known_null_sub table completed_valid t=0.2s
[    101s] main 30b c241 ic_m3 random_dick_r0 table completed_valid t=0.3s
[    101s] main 30b c241 ic_m3 random_dick_r1 table completed_valid t=0.3s
[    101s] main 30b c241 ic_m3 random_dick_r2 table completed_valid t=0.3s
[    101s] main 30b c241 ic_m3 known_null_dick table completed_valid t=0.2s
[    101s] main 30b c241 ic_m3 planted_sub table completed_valid t=0.2s
[    103s] main 30b c242 ic_m3 subgroup table completed_valid t=0.1s
[    103s] main 30b c242 ic_m3 dickson table completed_valid t=0.2s
[    103s] main 30b c242 ic_m3 small_x table completed_valid t=0.1s
[    103s] main 30b c242 ic_m3 random_sub_r0 table completed_valid t=0.2s
[    103s] main 30b c242 ic_m3 random_sub_r1 table completed_valid t=0.1s
[    103s] main 30b c242 ic_m3 random_sub_r2 table completed_valid t=0.2s
[    103s] main 30b c242 ic_m3 known_null_sub table completed_valid t=0.2s
[    103s] main 30b c242 ic_m3 random_dick_r0 table completed_valid t=0.2s
[    103s] main 30b c242 ic_m3 random_dick_r1 table completed_valid t=0.2s
[    103s] main 30b c242 ic_m3 random_dick_r2 table completed_valid t=0.2s
[    103s] main 30b c242 ic_m3 known_null_dick table completed_valid t=0.2s
[    103s] main 30b c242 ic_m3 planted_sub table completed_valid t=0.2s
[    106s] main 30b c243 ic_m3 subgroup table completed_valid t=0.2s
[    106s] main 30b c243 ic_m3 dickson table completed_valid t=0.3s
[    106s] main 30b c243 ic_m3 small_x table completed_valid t=0.2s
[    106s] main 30b c243 ic_m3 random_sub_r0 table completed_valid t=0.2s
[    106s] main 30b c243 ic_m3 random_sub_r1 table completed_valid t=0.2s
[    106s] main 30b c243 ic_m3 random_sub_r2 table completed_valid t=0.2s
[    106s] main 30b c243 ic_m3 known_null_sub table completed_valid t=0.2s
[    106s] main 30b c243 ic_m3 random_dick_r0 table completed_valid t=0.2s
[    106s] main 30b c243 ic_m3 random_dick_r1 table completed_valid t=0.3s
[    106s] main 30b c243 ic_m3 random_dick_r2 table completed_valid t=0.2s
[    106s] main 30b c243 ic_m3 known_null_dick table completed_valid t=0.2s
[    106s] main 30b c243 ic_m3 planted_sub table completed_valid t=0.2s
[    109s] main 30b c244 ic_m3 subgroup table completed_valid t=0.2s
[    109s] main 30b c244 ic_m3 dickson table completed_valid t=0.3s
[    109s] main 30b c244 ic_m3 small_x table completed_valid t=0.2s
[    109s] main 30b c244 ic_m3 random_sub_r0 table completed_valid t=0.2s
[    109s] main 30b c244 ic_m3 random_sub_r1 table completed_valid t=0.2s
[    109s] main 30b c244 ic_m3 random_sub_r2 table completed_valid t=0.2s
[    109s] main 30b c244 ic_m3 known_null_sub table completed_valid t=0.2s
[    109s] main 30b c244 ic_m3 random_dick_r0 table completed_valid t=0.2s
[    109s] main 30b c244 ic_m3 random_dick_r1 table completed_valid t=0.3s
[    109s] main 30b c244 ic_m3 random_dick_r2 table completed_valid t=0.3s
[    109s] main 30b c244 ic_m3 known_null_dick table completed_valid t=0.2s
[    109s] main 30b c244 ic_m3 planted_sub table completed_valid t=0.2s
[    111s] main 30b c245 ic_m3 subgroup table completed_valid t=0.2s
[    111s] main 30b c245 ic_m3 dickson table completed_valid t=0.2s
[    111s] main 30b c245 ic_m3 small_x table completed_valid t=0.2s
[    111s] main 30b c245 ic_m3 random_sub_r0 table completed_valid t=0.2s
[    111s] main 30b c245 ic_m3 random_sub_r1 table completed_valid t=0.3s
[    111s] main 30b c245 ic_m3 random_sub_r2 table completed_valid t=0.2s
[    111s] main 30b c245 ic_m3 known_null_sub table completed_valid t=0.2s
[    111s] main 30b c245 ic_m3 random_dick_r0 table completed_valid t=0.2s
[    111s] main 30b c245 ic_m3 random_dick_r1 table completed_valid t=0.2s
[    111s] main 30b c245 ic_m3 random_dick_r2 table completed_valid t=0.2s
[    111s] main 30b c245 ic_m3 known_null_dick table completed_valid t=0.2s
[    111s] main 30b c245 ic_m3 planted_sub table completed_valid t=0.2s
[    115s] main 30b c246 ic_m3 subgroup table completed_valid t=0.3s
[    115s] main 30b c246 ic_m3 dickson table completed_valid t=0.2s
[    115s] main 30b c246 ic_m3 small_x table completed_valid t=0.2s
[    115s] main 30b c246 ic_m3 random_sub_r0 table completed_valid t=0.2s
[    115s] main 30b c246 ic_m3 random_sub_r1 table completed_valid t=0.2s
[    115s] main 30b c246 ic_m3 random_sub_r2 table completed_valid t=0.2s
[    115s] main 30b c246 ic_m3 known_null_sub table completed_valid t=0.2s
[    115s] main 30b c246 ic_m3 random_dick_r0 table completed_valid t=0.2s
[    115s] main 30b c246 ic_m3 random_dick_r1 table completed_valid t=0.3s
[    115s] main 30b c246 ic_m3 random_dick_r2 table completed_valid t=0.3s
[    115s] main 30b c246 ic_m3 known_null_dick table completed_valid t=0.3s
[    115s] main 30b c246 ic_m3 planted_sub table completed_valid t=0.2s
[    118s] main 30b c247 ic_m3 subgroup table completed_valid t=0.2s
[    118s] main 30b c247 ic_m3 dickson table completed_valid t=0.2s
[    118s] main 30b c247 ic_m3 small_x table completed_valid t=0.2s
[    118s] main 30b c247 ic_m3 random_sub_r0 table completed_valid t=0.2s
[    118s] main 30b c247 ic_m3 random_sub_r1 table completed_valid t=0.3s
[    118s] main 30b c247 ic_m3 random_sub_r2 table completed_valid t=0.2s
[    118s] main 30b c247 ic_m3 known_null_sub table completed_valid t=0.2s
[    118s] main 30b c247 ic_m3 random_dick_r0 table completed_valid t=0.3s
[    118s] main 30b c247 ic_m3 random_dick_r1 table completed_valid t=0.2s
[    118s] main 30b c247 ic_m3 random_dick_r2 table completed_valid t=0.2s
[    118s] main 30b c247 ic_m3 known_null_dick table completed_valid t=0.3s
[    118s] main 30b c247 ic_m3 planted_sub table completed_valid t=0.2s
[    120s] main 30b c248 ic_m3 subgroup table completed_valid t=0.2s
[    120s] main 30b c248 ic_m3 dickson table completed_valid t=0.2s
[    120s] main 30b c248 ic_m3 small_x table completed_valid t=0.2s
[    120s] main 30b c248 ic_m3 random_sub_r0 table completed_valid t=0.2s
[    120s] main 30b c248 ic_m3 random_sub_r1 table completed_valid t=0.2s
[    120s] main 30b c248 ic_m3 random_sub_r2 table completed_valid t=0.2s
[    120s] main 30b c248 ic_m3 known_null_sub table completed_valid t=0.2s
[    120s] main 30b c248 ic_m3 random_dick_r0 table completed_valid t=0.2s
[    120s] main 30b c248 ic_m3 random_dick_r1 table completed_valid t=0.2s
[    120s] main 30b c248 ic_m3 random_dick_r2 table completed_valid t=0.2s
[    120s] main 30b c248 ic_m3 known_null_dick table completed_valid t=0.2s
[    120s] main 30b c248 ic_m3 planted_sub table completed_valid t=0.2s
[    123s] main 30b c249 ic_m3 subgroup table completed_valid t=0.2s
[    123s] main 30b c249 ic_m3 dickson table completed_valid t=0.2s
[    123s] main 30b c249 ic_m3 small_x table completed_valid t=0.2s
[    123s] main 30b c249 ic_m3 random_sub_r0 table completed_valid t=0.2s
[    123s] main 30b c249 ic_m3 random_sub_r1 table completed_valid t=0.2s
[    123s] main 30b c249 ic_m3 random_sub_r2 table completed_valid t=0.2s
[    123s] main 30b c249 ic_m3 known_null_sub table completed_valid t=0.2s
[    123s] main 30b c249 ic_m3 random_dick_r0 table completed_valid t=0.2s
[    123s] main 30b c249 ic_m3 random_dick_r1 table completed_valid t=0.2s
[    123s] main 30b c249 ic_m3 random_dick_r2 table completed_valid t=0.2s
[    123s] main 30b c249 ic_m3 known_null_dick table completed_valid t=0.2s
[    123s] main 30b c249 ic_m3 planted_sub table completed_valid t=0.3s
[    127s] main 30b c250 ic_m3 subgroup table completed_valid t=0.3s
[    127s] main 30b c250 ic_m3 dickson table completed_valid t=0.2s
[    127s] main 30b c250 ic_m3 small_x table completed_valid t=0.2s
[    127s] main 30b c250 ic_m3 random_sub_r0 table completed_valid t=0.3s
[    127s] main 30b c250 ic_m3 random_sub_r1 table completed_valid t=0.3s
[    127s] main 30b c250 ic_m3 random_sub_r2 table completed_valid t=0.2s
[    127s] main 30b c250 ic_m3 known_null_sub table completed_valid t=0.3s
[    127s] main 30b c250 ic_m3 random_dick_r0 table completed_valid t=0.2s
[    127s] main 30b c250 ic_m3 random_dick_r1 table completed_valid t=0.2s
[    127s] main 30b c250 ic_m3 random_dick_r2 table completed_valid t=0.3s
[    127s] main 30b c250 ic_m3 known_null_dick table completed_valid t=0.2s
[    127s] main 30b c250 ic_m3 planted_sub table completed_valid t=0.3s
[    130s] main 30b c251 ic_m3 subgroup table completed_valid t=0.2s
[    130s] main 30b c251 ic_m3 dickson table completed_valid t=0.3s
[    130s] main 30b c251 ic_m3 small_x table completed_valid t=0.2s
[    130s] main 30b c251 ic_m3 random_sub_r0 table completed_valid t=0.2s
[    130s] main 30b c251 ic_m3 random_sub_r1 table completed_valid t=0.2s
[    130s] main 30b c251 ic_m3 random_sub_r2 table completed_valid t=0.2s
[    130s] main 30b c251 ic_m3 known_null_sub table completed_valid t=0.2s
[    130s] main 30b c251 ic_m3 random_dick_r0 table completed_valid t=0.3s
[    130s] main 30b c251 ic_m3 random_dick_r1 table completed_valid t=0.2s
[    130s] main 30b c251 ic_m3 random_dick_r2 table completed_valid t=0.2s
[    130s] main 30b c251 ic_m3 known_null_dick table completed_valid t=0.2s
[    130s] main 30b c251 ic_m3 planted_sub table completed_valid t=0.2s
[    133s] main 30b c252 ic_m3 subgroup table completed_valid t=0.2s
[    133s] main 30b c252 ic_m3 dickson table completed_valid t=0.2s
[    133s] main 30b c252 ic_m3 small_x table completed_valid t=0.2s
[    133s] main 30b c252 ic_m3 random_sub_r0 table completed_valid t=0.3s
[    133s] main 30b c252 ic_m3 random_sub_r1 table completed_valid t=0.2s
[    133s] main 30b c252 ic_m3 random_sub_r2 table completed_valid t=0.2s
[    133s] main 30b c252 ic_m3 known_null_sub table completed_valid t=0.2s
[    133s] main 30b c252 ic_m3 random_dick_r0 table completed_valid t=0.2s
[    133s] main 30b c252 ic_m3 random_dick_r1 table completed_valid t=0.2s
[    133s] main 30b c252 ic_m3 random_dick_r2 table completed_valid t=0.2s
[    133s] main 30b c252 ic_m3 known_null_dick table completed_valid t=0.2s
[    133s] main 30b c252 ic_m3 planted_sub table completed_valid t=0.2s
[    135s] main 30b c253 ic_m3 subgroup table completed_valid t=0.2s
[    135s] main 30b c253 ic_m3 dickson table completed_valid t=0.2s
[    135s] main 30b c253 ic_m3 small_x table completed_valid t=0.2s
[    135s] main 30b c253 ic_m3 random_sub_r0 table completed_valid t=0.2s
[    135s] main 30b c253 ic_m3 random_sub_r1 table completed_valid t=0.2s
[    135s] main 30b c253 ic_m3 random_sub_r2 table completed_valid t=0.2s
[    135s] main 30b c253 ic_m3 known_null_sub table completed_valid t=0.2s
[    135s] main 30b c253 ic_m3 random_dick_r0 table completed_valid t=0.2s
[    135s] main 30b c253 ic_m3 random_dick_r1 table completed_valid t=0.2s
[    135s] main 30b c253 ic_m3 random_dick_r2 table completed_valid t=0.2s
[    135s] main 30b c253 ic_m3 known_null_dick table completed_valid t=0.2s
[    135s] main 30b c253 ic_m3 planted_sub table completed_valid t=0.2s
[    138s] main 30b c254 ic_m3 subgroup table completed_valid t=0.3s
[    138s] main 30b c254 ic_m3 dickson table completed_valid t=0.2s
[    138s] main 30b c254 ic_m3 small_x table completed_valid t=0.2s
[    138s] main 30b c254 ic_m3 random_sub_r0 table completed_valid t=0.2s
[    138s] main 30b c254 ic_m3 random_sub_r1 table completed_valid t=0.2s
[    138s] main 30b c254 ic_m3 random_sub_r2 table completed_valid t=0.2s
[    138s] main 30b c254 ic_m3 known_null_sub table completed_valid t=0.2s
[    138s] main 30b c254 ic_m3 random_dick_r0 table completed_valid t=0.2s
[    138s] main 30b c254 ic_m3 random_dick_r1 table completed_valid t=0.2s
[    138s] main 30b c254 ic_m3 random_dick_r2 table completed_valid t=0.2s
[    138s] main 30b c254 ic_m3 known_null_dick table completed_valid t=0.2s
[    138s] main 30b c254 ic_m3 planted_sub table completed_valid t=0.2s
[    142s] main 30b c255 ic_m3 subgroup table completed_valid t=0.3s
[    142s] main 30b c255 ic_m3 dickson table completed_valid t=0.3s
[    142s] main 30b c255 ic_m3 small_x table completed_valid t=0.2s
[    142s] main 30b c255 ic_m3 random_sub_r0 table completed_valid t=0.2s
[    142s] main 30b c255 ic_m3 random_sub_r1 table completed_valid t=0.2s
[    142s] main 30b c255 ic_m3 random_sub_r2 table completed_valid t=0.3s
[    142s] main 30b c255 ic_m3 known_null_sub table completed_valid t=0.3s
[    142s] main 30b c255 ic_m3 random_dick_r0 table completed_valid t=0.3s
[    142s] main 30b c255 ic_m3 random_dick_r1 table completed_valid t=0.3s
[    142s] main 30b c255 ic_m3 random_dick_r2 table completed_valid t=0.3s
[    142s] main 30b c255 ic_m3 known_null_dick table completed_valid t=0.3s
[    142s] main 30b c255 ic_m3 planted_sub table completed_valid t=0.3s
[    145s] main 30b c256 ic_m3 subgroup table completed_valid t=0.2s
[    145s] main 30b c256 ic_m3 dickson table completed_valid t=0.2s
[    145s] main 30b c256 ic_m3 small_x table completed_valid t=0.2s
[    145s] main 30b c256 ic_m3 random_sub_r0 table completed_valid t=0.2s
[    145s] main 30b c256 ic_m3 random_sub_r1 table completed_valid t=0.2s
[    145s] main 30b c256 ic_m3 random_sub_r2 table completed_valid t=0.2s
[    145s] main 30b c256 ic_m3 known_null_sub table completed_valid t=0.2s
[    145s] main 30b c256 ic_m3 random_dick_r0 table completed_valid t=0.2s
[    145s] main 30b c256 ic_m3 random_dick_r1 table completed_valid t=0.3s
[    145s] main 30b c256 ic_m3 random_dick_r2 table completed_valid t=0.2s
[    145s] main 30b c256 ic_m3 known_null_dick table completed_valid t=0.2s
[    145s] main 30b c256 ic_m3 planted_sub table completed_valid t=0.2s
[    148s] main 30b c257 ic_m3 subgroup table completed_valid t=0.2s
[    148s] main 30b c257 ic_m3 dickson table completed_valid t=0.2s
[    148s] main 30b c257 ic_m3 small_x table completed_valid t=0.3s
[    148s] main 30b c257 ic_m3 random_sub_r0 table completed_valid t=0.3s
[    148s] main 30b c257 ic_m3 random_sub_r1 table completed_valid t=0.2s
[    148s] main 30b c257 ic_m3 random_sub_r2 table completed_valid t=0.2s
[    148s] main 30b c257 ic_m3 known_null_sub table completed_valid t=0.2s
[    148s] main 30b c257 ic_m3 random_dick_r0 table completed_valid t=0.2s
[    148s] main 30b c257 ic_m3 random_dick_r1 table completed_valid t=0.2s
[    148s] main 30b c257 ic_m3 random_dick_r2 table completed_valid t=0.2s
[    148s] main 30b c257 ic_m3 known_null_dick table completed_valid t=0.2s
[    148s] main 30b c257 ic_m3 planted_sub table completed_valid t=0.2s
[    151s] main 30b c258 ic_m3 subgroup table completed_valid t=0.2s
[    151s] main 30b c258 ic_m3 dickson table completed_valid t=0.3s
[    151s] main 30b c258 ic_m3 small_x table completed_valid t=0.2s
[    151s] main 30b c258 ic_m3 random_sub_r0 table completed_valid t=0.2s
[    151s] main 30b c258 ic_m3 random_sub_r1 table completed_valid t=0.2s
[    151s] main 30b c258 ic_m3 random_sub_r2 table completed_valid t=0.2s
[    151s] main 30b c258 ic_m3 known_null_sub table completed_valid t=0.2s
[    151s] main 30b c258 ic_m3 random_dick_r0 table completed_valid t=0.2s
[    151s] main 30b c258 ic_m3 random_dick_r1 table completed_valid t=0.2s
[    151s] main 30b c258 ic_m3 random_dick_r2 table completed_valid t=0.2s
[    151s] main 30b c258 ic_m3 known_null_dick table completed_valid t=0.2s
[    151s] main 30b c258 ic_m3 planted_sub table completed_valid t=0.2s
[    154s] main 30b c259 ic_m3 subgroup table completed_valid t=0.3s
[    154s] main 30b c259 ic_m3 dickson table completed_valid t=0.3s
[    154s] main 30b c259 ic_m3 small_x table completed_valid t=0.2s
[    154s] main 30b c259 ic_m3 random_sub_r0 table completed_valid t=0.3s
[    154s] main 30b c259 ic_m3 random_sub_r1 table completed_valid t=0.3s
[    154s] main 30b c259 ic_m3 random_sub_r2 table completed_valid t=0.3s
[    154s] main 30b c259 ic_m3 known_null_sub table completed_valid t=0.3s
[    154s] main 30b c259 ic_m3 random_dick_r0 table completed_valid t=0.3s
[    154s] main 30b c259 ic_m3 random_dick_r1 table completed_valid t=0.2s
[    154s] main 30b c259 ic_m3 random_dick_r2 table completed_valid t=0.2s
[    154s] main 30b c259 ic_m3 known_null_dick table completed_valid t=0.2s
[    154s] main 30b c259 ic_m3 planted_sub table completed_valid t=0.2s
[    157s] main 30b c260 ic_m3 subgroup table completed_valid t=0.2s
[    157s] main 30b c260 ic_m3 dickson table completed_valid t=0.2s
[    157s] main 30b c260 ic_m3 small_x table completed_valid t=0.2s
[    157s] main 30b c260 ic_m3 random_sub_r0 table completed_valid t=0.2s
[    157s] main 30b c260 ic_m3 random_sub_r1 table completed_valid t=0.2s
[    157s] main 30b c260 ic_m3 random_sub_r2 table completed_valid t=0.2s
[    157s] main 30b c260 ic_m3 known_null_sub table completed_valid t=0.2s
[    157s] main 30b c260 ic_m3 random_dick_r0 table completed_valid t=0.2s
[    157s] main 30b c260 ic_m3 random_dick_r1 table completed_valid t=0.2s
[    157s] main 30b c260 ic_m3 random_dick_r2 table completed_valid t=0.2s
[    157s] main 30b c260 ic_m3 known_null_dick table completed_valid t=0.2s
[    157s] main 30b c260 ic_m3 planted_sub table completed_valid t=0.2s
[    159s] main 30b c261 ic_m3 subgroup table completed_valid t=0.2s
[    159s] main 30b c261 ic_m3 dickson table completed_valid t=0.3s
[    159s] main 30b c261 ic_m3 small_x table completed_valid t=0.2s
[    159s] main 30b c261 ic_m3 random_sub_r0 table completed_valid t=0.2s
[    159s] main 30b c261 ic_m3 random_sub_r1 table completed_valid t=0.2s
[    159s] main 30b c261 ic_m3 random_sub_r2 table completed_valid t=0.2s
[    159s] main 30b c261 ic_m3 known_null_sub table completed_valid t=0.2s
[    159s] main 30b c261 ic_m3 random_dick_r0 table completed_valid t=0.2s
[    159s] main 30b c261 ic_m3 random_dick_r1 table completed_valid t=0.2s
[    159s] main 30b c261 ic_m3 random_dick_r2 table completed_valid t=0.2s
[    159s] main 30b c261 ic_m3 known_null_dick table completed_valid t=0.2s
[    159s] main 30b c261 ic_m3 planted_sub table completed_valid t=0.2s
[    162s] main 30b c262 ic_m3 subgroup table completed_valid t=0.2s
[    162s] main 30b c262 ic_m3 dickson table completed_valid t=0.2s
[    162s] main 30b c262 ic_m3 small_x table completed_valid t=0.2s
[    162s] main 30b c262 ic_m3 random_sub_r0 table completed_valid t=0.2s
[    162s] main 30b c262 ic_m3 random_sub_r1 table completed_valid t=0.2s
[    162s] main 30b c262 ic_m3 random_sub_r2 table completed_valid t=0.2s
[    162s] main 30b c262 ic_m3 known_null_sub table completed_valid t=0.2s
[    162s] main 30b c262 ic_m3 random_dick_r0 table completed_valid t=0.2s
[    162s] main 30b c262 ic_m3 random_dick_r1 table completed_valid t=0.2s
[    162s] main 30b c262 ic_m3 random_dick_r2 table completed_valid t=0.2s
[    162s] main 30b c262 ic_m3 known_null_dick table completed_valid t=0.2s
[    162s] main 30b c262 ic_m3 planted_sub table completed_valid t=0.2s
[    164s] main 30b c263 ic_m3 subgroup table completed_valid t=0.2s
[    164s] main 30b c263 ic_m3 dickson table completed_valid t=0.2s
[    164s] main 30b c263 ic_m3 small_x table completed_valid t=0.2s
[    164s] main 30b c263 ic_m3 random_sub_r0 table completed_valid t=0.2s
[    164s] main 30b c263 ic_m3 random_sub_r1 table completed_valid t=0.2s
[    164s] main 30b c263 ic_m3 random_sub_r2 table completed_valid t=0.2s
[    164s] main 30b c263 ic_m3 known_null_sub table completed_valid t=0.2s
[    164s] main 30b c263 ic_m3 random_dick_r0 table completed_valid t=0.2s
[    164s] main 30b c263 ic_m3 random_dick_r1 table completed_valid t=0.2s
[    164s] main 30b c263 ic_m3 random_dick_r2 table completed_valid t=0.2s
[    164s] main 30b c263 ic_m3 known_null_dick table completed_valid t=0.2s
[    164s] main 30b c263 ic_m3 planted_sub table completed_valid t=0.2s
[    167s] main 30b c264 ic_m3 subgroup table completed_valid t=0.2s
[    167s] main 30b c264 ic_m3 dickson table completed_valid t=0.2s
[    167s] main 30b c264 ic_m3 small_x table completed_valid t=0.2s
[    167s] main 30b c264 ic_m3 random_sub_r0 table completed_valid t=0.2s
[    167s] main 30b c264 ic_m3 random_sub_r1 table completed_valid t=0.2s
[    167s] main 30b c264 ic_m3 random_sub_r2 table completed_valid t=0.2s
[    167s] main 30b c264 ic_m3 known_null_sub table completed_valid t=0.2s
[    167s] main 30b c264 ic_m3 random_dick_r0 table completed_valid t=0.2s
[    167s] main 30b c264 ic_m3 random_dick_r1 table completed_valid t=0.2s
[    167s] main 30b c264 ic_m3 random_dick_r2 table completed_valid t=0.2s
[    167s] main 30b c264 ic_m3 known_null_dick table completed_valid t=0.2s
[    167s] main 30b c264 ic_m3 planted_sub table completed_valid t=0.2s
[    170s] main 30b c265 ic_m3 subgroup table completed_valid t=0.2s
[    170s] main 30b c265 ic_m3 dickson table completed_valid t=0.2s
[    170s] main 30b c265 ic_m3 small_x table completed_valid t=0.2s
[    170s] main 30b c265 ic_m3 random_sub_r0 table completed_valid t=0.2s
[    170s] main 30b c265 ic_m3 random_sub_r1 table completed_valid t=0.2s
[    170s] main 30b c265 ic_m3 random_sub_r2 table completed_valid t=0.2s
[    170s] main 30b c265 ic_m3 known_null_sub table completed_valid t=0.2s
[    170s] main 30b c265 ic_m3 random_dick_r0 table completed_valid t=0.3s
[    170s] main 30b c265 ic_m3 random_dick_r1 table completed_valid t=0.2s
[    170s] main 30b c265 ic_m3 random_dick_r2 table completed_valid t=0.2s
[    170s] main 30b c265 ic_m3 known_null_dick table completed_valid t=0.2s
[    170s] main 30b c265 ic_m3 planted_sub table completed_valid t=0.2s
[    173s] main 30b c266 ic_m3 subgroup table completed_valid t=0.3s
[    173s] main 30b c266 ic_m3 dickson table completed_valid t=0.3s
[    173s] main 30b c266 ic_m3 small_x table completed_valid t=0.3s
[    173s] main 30b c266 ic_m3 random_sub_r0 table completed_valid t=0.2s
[    173s] main 30b c266 ic_m3 random_sub_r1 table completed_valid t=0.2s
[    173s] main 30b c266 ic_m3 random_sub_r2 table completed_valid t=0.2s
[    173s] main 30b c266 ic_m3 known_null_sub table completed_valid t=0.2s
[    173s] main 30b c266 ic_m3 random_dick_r0 table completed_valid t=0.2s
[    173s] main 30b c266 ic_m3 random_dick_r1 table completed_valid t=0.2s
[    173s] main 30b c266 ic_m3 random_dick_r2 table completed_valid t=0.2s
[    173s] main 30b c266 ic_m3 known_null_dick table completed_valid t=0.2s
[    173s] main 30b c266 ic_m3 planted_sub table completed_valid t=0.3s
[    176s] main 30b c267 ic_m3 subgroup table completed_valid t=0.2s
[    176s] main 30b c267 ic_m3 dickson table completed_valid t=0.3s
[    176s] main 30b c267 ic_m3 small_x table completed_valid t=0.3s
[    176s] main 30b c267 ic_m3 random_sub_r0 table completed_valid t=0.2s
[    176s] main 30b c267 ic_m3 random_sub_r1 table completed_valid t=0.2s
[    176s] main 30b c267 ic_m3 random_sub_r2 table completed_valid t=0.2s
[    176s] main 30b c267 ic_m3 known_null_sub table completed_valid t=0.4s
[    176s] main 30b c267 ic_m3 random_dick_r0 table completed_valid t=0.3s
[    176s] main 30b c267 ic_m3 random_dick_r1 table completed_valid t=0.3s
[    176s] main 30b c267 ic_m3 random_dick_r2 table completed_valid t=0.3s
[    176s] main 30b c267 ic_m3 known_null_dick table completed_valid t=0.2s
[    176s] main 30b c267 ic_m3 planted_sub table completed_valid t=0.2s
[    178s] main 30b c268 ic_m3 subgroup table completed_valid t=0.2s
[    178s] main 30b c268 ic_m3 dickson table completed_valid t=0.1s
[    178s] main 30b c268 ic_m3 small_x table completed_valid t=0.1s
[    178s] main 30b c268 ic_m3 random_sub_r0 table completed_valid t=0.1s
[    178s] main 30b c268 ic_m3 random_sub_r1 table completed_valid t=0.1s
[    178s] main 30b c268 ic_m3 random_sub_r2 table completed_valid t=0.1s
[    178s] main 30b c268 ic_m3 known_null_sub table completed_valid t=0.1s
[    178s] main 30b c268 ic_m3 random_dick_r0 table completed_valid t=0.1s
[    178s] main 30b c268 ic_m3 random_dick_r1 table completed_valid t=0.2s
[    178s] main 30b c268 ic_m3 random_dick_r2 table completed_valid t=0.1s
[    178s] main 30b c268 ic_m3 known_null_dick table completed_valid t=0.1s
[    178s] main 30b c268 ic_m3 planted_sub table completed_valid t=0.2s
[    181s] main 30b c269 ic_m3 subgroup table completed_valid t=0.2s
[    181s] main 30b c269 ic_m3 dickson table completed_valid t=0.2s
[    181s] main 30b c269 ic_m3 small_x table completed_valid t=0.2s
[    181s] main 30b c269 ic_m3 random_sub_r0 table completed_valid t=0.2s
[    181s] main 30b c269 ic_m3 random_sub_r1 table completed_valid t=0.2s
[    181s] main 30b c269 ic_m3 random_sub_r2 table completed_valid t=0.2s
[    181s] main 30b c269 ic_m3 known_null_sub table completed_valid t=0.2s
[    181s] main 30b c269 ic_m3 random_dick_r0 table completed_valid t=0.2s
[    181s] main 30b c269 ic_m3 random_dick_r1 table completed_valid t=0.2s
[    181s] main 30b c269 ic_m3 random_dick_r2 table completed_valid t=0.2s
[    181s] main 30b c269 ic_m3 known_null_dick table completed_valid t=0.2s
[    181s] main 30b c269 ic_m3 planted_sub table completed_valid t=0.2s
[    183s] main 30b c270 ic_m3 subgroup table completed_valid t=0.2s
[    183s] main 30b c270 ic_m3 dickson table completed_valid t=0.2s
[    183s] main 30b c270 ic_m3 small_x table completed_valid t=0.2s
[    183s] main 30b c270 ic_m3 random_sub_r0 table completed_valid t=0.2s
[    183s] main 30b c270 ic_m3 random_sub_r1 table completed_valid t=0.2s
[    183s] main 30b c270 ic_m3 random_sub_r2 table completed_valid t=0.2s
[    183s] main 30b c270 ic_m3 known_null_sub table completed_valid t=0.2s
[    183s] main 30b c270 ic_m3 random_dick_r0 table completed_valid t=0.2s
[    183s] main 30b c270 ic_m3 random_dick_r1 table completed_valid t=0.2s
[    183s] main 30b c270 ic_m3 random_dick_r2 table completed_valid t=0.2s
[    183s] main 30b c270 ic_m3 known_null_dick table completed_valid t=0.2s
[    183s] main 30b c270 ic_m3 planted_sub table completed_valid t=0.3s
[    186s] main 30b c271 ic_m3 subgroup table completed_valid t=0.2s
[    186s] main 30b c271 ic_m3 dickson table completed_valid t=0.2s
[    186s] main 30b c271 ic_m3 small_x table completed_valid t=0.2s
[    186s] main 30b c271 ic_m3 random_sub_r0 table completed_valid t=0.2s
[    186s] main 30b c271 ic_m3 random_sub_r1 table completed_valid t=0.2s
[    186s] main 30b c271 ic_m3 random_sub_r2 table completed_valid t=0.2s
[    186s] main 30b c271 ic_m3 known_null_sub table completed_valid t=0.2s
[    186s] main 30b c271 ic_m3 random_dick_r0 table completed_valid t=0.2s
[    186s] main 30b c271 ic_m3 random_dick_r1 table completed_valid t=0.3s
[    186s] main 30b c271 ic_m3 random_dick_r2 table completed_valid t=0.3s
[    186s] main 30b c271 ic_m3 known_null_dick table completed_valid t=0.2s
[    186s] main 30b c271 ic_m3 planted_sub table completed_valid t=0.2s
[    190s] main 30b c272 ic_m3 subgroup table completed_valid t=0.3s
[    190s] main 30b c272 ic_m3 dickson table completed_valid t=0.3s
[    190s] main 30b c272 ic_m3 small_x table completed_valid t=0.2s
[    190s] main 30b c272 ic_m3 random_sub_r0 table completed_valid t=0.2s
[    190s] main 30b c272 ic_m3 random_sub_r1 table completed_valid t=0.2s
[    190s] main 30b c272 ic_m3 random_sub_r2 table completed_valid t=0.2s
[    190s] main 30b c272 ic_m3 known_null_sub table completed_valid t=0.4s
[    190s] main 30b c272 ic_m3 random_dick_r0 table completed_valid t=0.2s
[    190s] main 30b c272 ic_m3 random_dick_r1 table completed_valid t=0.2s
[    190s] main 30b c272 ic_m3 random_dick_r2 table completed_valid t=0.2s
[    190s] main 30b c272 ic_m3 known_null_dick table completed_valid t=0.2s
[    190s] main 30b c272 ic_m3 planted_sub table completed_valid t=0.3s
[    193s] main 30b c273 ic_m3 subgroup table completed_valid t=0.3s
[    193s] main 30b c273 ic_m3 dickson table completed_valid t=0.3s
[    193s] main 30b c273 ic_m3 small_x table completed_valid t=0.2s
[    193s] main 30b c273 ic_m3 random_sub_r0 table completed_valid t=0.3s
[    193s] main 30b c273 ic_m3 random_sub_r1 table completed_valid t=0.3s
[    193s] main 30b c273 ic_m3 random_sub_r2 table completed_valid t=0.3s
[    193s] main 30b c273 ic_m3 known_null_sub table completed_valid t=0.3s
[    193s] main 30b c273 ic_m3 random_dick_r0 table completed_valid t=0.3s
[    193s] main 30b c273 ic_m3 random_dick_r1 table completed_valid t=0.2s
[    193s] main 30b c273 ic_m3 random_dick_r2 table completed_valid t=0.2s
[    193s] main 30b c273 ic_m3 known_null_dick table completed_valid t=0.2s
[    193s] main 30b c273 ic_m3 planted_sub table completed_valid t=0.3s
[    196s] main 30b c274 ic_m3 subgroup table completed_valid t=0.2s
[    196s] main 30b c274 ic_m3 dickson table completed_valid t=0.2s
[    196s] main 30b c274 ic_m3 small_x table completed_valid t=0.2s
[    196s] main 30b c274 ic_m3 random_sub_r0 table completed_valid t=0.2s
[    196s] main 30b c274 ic_m3 random_sub_r1 table completed_valid t=0.2s
[    196s] main 30b c274 ic_m3 random_sub_r2 table completed_valid t=0.2s
[    196s] main 30b c274 ic_m3 known_null_sub table completed_valid t=0.2s
[    196s] main 30b c274 ic_m3 random_dick_r0 table completed_valid t=0.2s
[    196s] main 30b c274 ic_m3 random_dick_r1 table completed_valid t=0.2s
[    196s] main 30b c274 ic_m3 random_dick_r2 table completed_valid t=0.2s
[    196s] main 30b c274 ic_m3 known_null_dick table completed_valid t=0.2s
[    196s] main 30b c274 ic_m3 planted_sub table completed_valid t=0.2s
[    200s] main 30b c275 ic_m3 subgroup table completed_valid t=0.3s
[    200s] main 30b c275 ic_m3 dickson table completed_valid t=0.3s
[    200s] main 30b c275 ic_m3 small_x table completed_valid t=0.2s
[    200s] main 30b c275 ic_m3 random_sub_r0 table completed_valid t=0.3s
[    200s] main 30b c275 ic_m3 random_sub_r1 table completed_valid t=0.3s
[    200s] main 30b c275 ic_m3 random_sub_r2 table completed_valid t=0.3s
[    200s] main 30b c275 ic_m3 known_null_sub table completed_valid t=0.5s
[    200s] main 30b c275 ic_m3 random_dick_r0 table completed_valid t=0.3s
[    200s] main 30b c275 ic_m3 random_dick_r1 table completed_valid t=0.3s
[    200s] main 30b c275 ic_m3 random_dick_r2 table completed_valid t=0.3s
[    200s] main 30b c275 ic_m3 known_null_dick table completed_valid t=0.3s
[    200s] main 30b c275 ic_m3 planted_sub table completed_valid t=0.3s
[    203s] main 30b c276 ic_m3 subgroup table completed_valid t=0.2s
[    203s] main 30b c276 ic_m3 dickson table completed_valid t=0.2s
[    203s] main 30b c276 ic_m3 small_x table completed_valid t=0.2s
[    203s] main 30b c276 ic_m3 random_sub_r0 table completed_valid t=0.2s
[    203s] main 30b c276 ic_m3 random_sub_r1 table completed_valid t=0.2s
[    203s] main 30b c276 ic_m3 random_sub_r2 table completed_valid t=0.2s
[    203s] main 30b c276 ic_m3 known_null_sub table completed_valid t=0.2s
[    203s] main 30b c276 ic_m3 random_dick_r0 table completed_valid t=0.2s
[    203s] main 30b c276 ic_m3 random_dick_r1 table completed_valid t=0.2s
[    203s] main 30b c276 ic_m3 random_dick_r2 table completed_valid t=0.2s
[    203s] main 30b c276 ic_m3 known_null_dick table completed_valid t=0.2s
[    203s] main 30b c276 ic_m3 planted_sub table completed_valid t=0.2s
[    205s] main 30b c277 ic_m3 subgroup table completed_valid t=0.2s
[    205s] main 30b c277 ic_m3 dickson table completed_valid t=0.2s
[    205s] main 30b c277 ic_m3 small_x table completed_valid t=0.2s
[    205s] main 30b c277 ic_m3 random_sub_r0 table completed_valid t=0.2s
[    205s] main 30b c277 ic_m3 random_sub_r1 table completed_valid t=0.2s
[    205s] main 30b c277 ic_m3 random_sub_r2 table completed_valid t=0.2s
[    205s] main 30b c277 ic_m3 known_null_sub table completed_valid t=0.2s
[    205s] main 30b c277 ic_m3 random_dick_r0 table completed_valid t=0.2s
[    205s] main 30b c277 ic_m3 random_dick_r1 table completed_valid t=0.3s
[    205s] main 30b c277 ic_m3 random_dick_r2 table completed_valid t=0.2s
[    205s] main 30b c277 ic_m3 known_null_dick table completed_valid t=0.3s
[    205s] main 30b c277 ic_m3 planted_sub table completed_valid t=0.3s
[    209s] main 30b c278 ic_m3 subgroup table completed_valid t=0.3s
[    209s] main 30b c278 ic_m3 dickson table completed_valid t=0.3s
[    209s] main 30b c278 ic_m3 small_x table completed_valid t=0.2s
[    209s] main 30b c278 ic_m3 random_sub_r0 table completed_valid t=0.3s
[    209s] main 30b c278 ic_m3 random_sub_r1 table completed_valid t=0.2s
[    209s] main 30b c278 ic_m3 random_sub_r2 table completed_valid t=0.2s
[    209s] main 30b c278 ic_m3 known_null_sub table completed_valid t=0.3s
[    209s] main 30b c278 ic_m3 random_dick_r0 table completed_valid t=0.2s
[    209s] main 30b c278 ic_m3 random_dick_r1 table completed_valid t=0.2s
[    209s] main 30b c278 ic_m3 random_dick_r2 table completed_valid t=0.2s
[    209s] main 30b c278 ic_m3 known_null_dick table completed_valid t=0.3s
[    209s] main 30b c278 ic_m3 planted_sub table completed_valid t=0.2s
[    212s] main 30b c279 ic_m3 subgroup table completed_valid t=0.3s
[    212s] main 30b c279 ic_m3 dickson table completed_valid t=0.2s
[    212s] main 30b c279 ic_m3 small_x table completed_valid t=0.2s
[    212s] main 30b c279 ic_m3 random_sub_r0 table completed_valid t=0.2s
[    212s] main 30b c279 ic_m3 random_sub_r1 table completed_valid t=0.3s
[    212s] main 30b c279 ic_m3 random_sub_r2 table completed_valid t=0.3s
[    212s] main 30b c279 ic_m3 known_null_sub table completed_valid t=0.3s
[    212s] main 30b c279 ic_m3 random_dick_r0 table completed_valid t=0.3s
[    212s] main 30b c279 ic_m3 random_dick_r1 table completed_valid t=0.3s
[    212s] main 30b c279 ic_m3 random_dick_r2 table completed_valid t=0.3s
[    212s] main 30b c279 ic_m3 known_null_dick table completed_valid t=0.3s
[    212s] main 30b c279 ic_m3 planted_sub table completed_valid t=0.2s
[    215s] main 30b c280 ic_m3 subgroup table completed_valid t=0.2s
[    215s] main 30b c280 ic_m3 dickson table completed_valid t=0.2s
[    215s] main 30b c280 ic_m3 small_x table completed_valid t=0.2s
[    215s] main 30b c280 ic_m3 random_sub_r0 table completed_valid t=0.2s
[    215s] main 30b c280 ic_m3 random_sub_r1 table completed_valid t=0.3s
[    215s] main 30b c280 ic_m3 random_sub_r2 table completed_valid t=0.2s
[    215s] main 30b c280 ic_m3 known_null_sub table completed_valid t=0.2s
[    215s] main 30b c280 ic_m3 random_dick_r0 table completed_valid t=0.2s
[    215s] main 30b c280 ic_m3 random_dick_r1 table completed_valid t=0.2s
[    215s] main 30b c280 ic_m3 random_dick_r2 table completed_valid t=0.2s
[    215s] main 30b c280 ic_m3 known_null_dick table completed_valid t=0.2s
[    215s] main 30b c280 ic_m3 planted_sub table completed_valid t=0.3s
[    218s] main 30b c281 ic_m3 subgroup table completed_valid t=0.2s
[    218s] main 30b c281 ic_m3 dickson table completed_valid t=0.3s
[    218s] main 30b c281 ic_m3 small_x table completed_valid t=0.2s
[    218s] main 30b c281 ic_m3 random_sub_r0 table completed_valid t=0.2s
[    218s] main 30b c281 ic_m3 random_sub_r1 table completed_valid t=0.2s
[    218s] main 30b c281 ic_m3 random_sub_r2 table completed_valid t=0.2s
[    218s] main 30b c281 ic_m3 known_null_sub table completed_valid t=0.2s
[    218s] main 30b c281 ic_m3 random_dick_r0 table completed_valid t=0.2s
[    218s] main 30b c281 ic_m3 random_dick_r1 table completed_valid t=0.2s
[    218s] main 30b c281 ic_m3 random_dick_r2 table completed_valid t=0.2s
[    218s] main 30b c281 ic_m3 known_null_dick table completed_valid t=0.2s
[    218s] main 30b c281 ic_m3 planted_sub table completed_valid t=0.3s
[    222s] main 30b c282 ic_m3 subgroup table completed_valid t=0.3s
[    222s] main 30b c282 ic_m3 dickson table completed_valid t=0.3s
[    222s] main 30b c282 ic_m3 small_x table completed_valid t=0.4s
[    222s] main 30b c282 ic_m3 random_sub_r0 table completed_valid t=0.3s
[    222s] main 30b c282 ic_m3 random_sub_r1 table completed_valid t=0.2s
[    222s] main 30b c282 ic_m3 random_sub_r2 table completed_valid t=0.3s
[    222s] main 30b c282 ic_m3 known_null_sub table completed_valid t=0.3s
[    222s] main 30b c282 ic_m3 random_dick_r0 table completed_valid t=0.3s
[    222s] main 30b c282 ic_m3 random_dick_r1 table completed_valid t=0.3s
[    222s] main 30b c282 ic_m3 random_dick_r2 table completed_valid t=0.3s
[    222s] main 30b c282 ic_m3 known_null_dick table completed_valid t=0.3s
[    222s] main 30b c282 ic_m3 planted_sub table completed_valid t=0.3s
[    226s] main 30b c283 ic_m3 subgroup table completed_valid t=0.3s
[    226s] main 30b c283 ic_m3 dickson table completed_valid t=0.2s
[    226s] main 30b c283 ic_m3 small_x table completed_valid t=0.3s
[    226s] main 30b c283 ic_m3 random_sub_r0 table completed_valid t=0.3s
[    226s] main 30b c283 ic_m3 random_sub_r1 table completed_valid t=0.3s
[    226s] main 30b c283 ic_m3 random_sub_r2 table completed_valid t=0.2s
[    226s] main 30b c283 ic_m3 known_null_sub table completed_valid t=0.3s
[    226s] main 30b c283 ic_m3 random_dick_r0 table completed_valid t=0.3s
[    226s] main 30b c283 ic_m3 random_dick_r1 table completed_valid t=0.3s
[    226s] main 30b c283 ic_m3 random_dick_r2 table completed_valid t=0.3s
[    226s] main 30b c283 ic_m3 known_null_dick table completed_valid t=0.2s
[    226s] main 30b c283 ic_m3 planted_sub table completed_valid t=0.3s
[    229s] main 30b c284 ic_m3 subgroup table completed_valid t=0.2s
[    229s] main 30b c284 ic_m3 dickson table completed_valid t=0.3s
[    229s] main 30b c284 ic_m3 small_x table completed_valid t=0.2s
[    229s] main 30b c284 ic_m3 random_sub_r0 table completed_valid t=0.2s
[    229s] main 30b c284 ic_m3 random_sub_r1 table completed_valid t=0.2s
[    229s] main 30b c284 ic_m3 random_sub_r2 table completed_valid t=0.2s
[    229s] main 30b c284 ic_m3 known_null_sub table completed_valid t=0.3s
[    229s] main 30b c284 ic_m3 random_dick_r0 table completed_valid t=0.3s
[    229s] main 30b c284 ic_m3 random_dick_r1 table completed_valid t=0.3s
[    229s] main 30b c284 ic_m3 random_dick_r2 table completed_valid t=0.4s
[    229s] main 30b c284 ic_m3 known_null_dick table completed_valid t=0.2s
[    229s] main 30b c284 ic_m3 planted_sub table completed_valid t=0.2s
[    232s] main 30b c285 ic_m3 subgroup table completed_valid t=0.2s
[    232s] main 30b c285 ic_m3 dickson table completed_valid t=0.2s
[    232s] main 30b c285 ic_m3 small_x table completed_valid t=0.2s
[    232s] main 30b c285 ic_m3 random_sub_r0 table completed_valid t=0.2s
[    232s] main 30b c285 ic_m3 random_sub_r1 table completed_valid t=0.2s
[    232s] main 30b c285 ic_m3 random_sub_r2 table completed_valid t=0.2s
[    232s] main 30b c285 ic_m3 known_null_sub table completed_valid t=0.2s
[    232s] main 30b c285 ic_m3 random_dick_r0 table completed_valid t=0.2s
[    232s] main 30b c285 ic_m3 random_dick_r1 table completed_valid t=0.2s
[    232s] main 30b c285 ic_m3 random_dick_r2 table completed_valid t=0.2s
[    232s] main 30b c285 ic_m3 known_null_dick table completed_valid t=0.2s
[    232s] main 30b c285 ic_m3 planted_sub table completed_valid t=0.2s
[    235s] main 30b c286 ic_m3 subgroup table completed_valid t=0.2s
[    235s] main 30b c286 ic_m3 dickson table completed_valid t=0.2s
[    235s] main 30b c286 ic_m3 small_x table completed_valid t=0.2s
[    235s] main 30b c286 ic_m3 random_sub_r0 table completed_valid t=0.3s
[    235s] main 30b c286 ic_m3 random_sub_r1 table completed_valid t=0.2s
[    235s] main 30b c286 ic_m3 random_sub_r2 table completed_valid t=0.2s
[    235s] main 30b c286 ic_m3 known_null_sub table completed_valid t=0.3s
[    235s] main 30b c286 ic_m3 random_dick_r0 table completed_valid t=0.3s
[    235s] main 30b c286 ic_m3 random_dick_r1 table completed_valid t=0.3s
[    235s] main 30b c286 ic_m3 random_dick_r2 table completed_valid t=0.3s
[    235s] main 30b c286 ic_m3 known_null_dick table completed_valid t=0.5s
[    235s] main 30b c286 ic_m3 planted_sub table completed_valid t=0.3s
[    239s] main 30b c287 ic_m3 subgroup table completed_valid t=0.3s
[    239s] main 30b c287 ic_m3 dickson table completed_valid t=0.3s
[    239s] main 30b c287 ic_m3 small_x table completed_valid t=0.2s
[    239s] main 30b c287 ic_m3 random_sub_r0 table completed_valid t=0.3s
[    239s] main 30b c287 ic_m3 random_sub_r1 table completed_valid t=0.3s
[    239s] main 30b c287 ic_m3 random_sub_r2 table completed_valid t=0.3s
[    239s] main 30b c287 ic_m3 known_null_sub table completed_valid t=0.3s
[    239s] main 30b c287 ic_m3 random_dick_r0 table completed_valid t=0.2s
[    239s] main 30b c287 ic_m3 random_dick_r1 table completed_valid t=0.3s
[    239s] main 30b c287 ic_m3 random_dick_r2 table completed_valid t=0.3s
[    239s] main 30b c287 ic_m3 known_null_dick table completed_valid t=0.2s
[    239s] main 30b c287 ic_m3 planted_sub table completed_valid t=0.3s
[    243s] main 30b c288 ic_m3 subgroup table completed_valid t=0.2s
[    243s] main 30b c288 ic_m3 dickson table completed_valid t=0.2s
[    243s] main 30b c288 ic_m3 small_x table completed_valid t=0.2s
[    243s] main 30b c288 ic_m3 random_sub_r0 table completed_valid t=0.2s
[    243s] main 30b c288 ic_m3 random_sub_r1 table completed_valid t=0.2s
[    243s] main 30b c288 ic_m3 random_sub_r2 table completed_valid t=0.3s
[    243s] main 30b c288 ic_m3 known_null_sub table completed_valid t=0.3s
[    243s] main 30b c288 ic_m3 random_dick_r0 table completed_valid t=0.3s
[    243s] main 30b c288 ic_m3 random_dick_r1 table completed_valid t=0.2s
[    243s] main 30b c288 ic_m3 random_dick_r2 table completed_valid t=0.3s
[    243s] main 30b c288 ic_m3 known_null_dick table completed_valid t=0.3s
[    243s] main 30b c288 ic_m3 planted_sub table completed_valid t=0.2s
[    246s] main 30b c289 ic_m3 subgroup table completed_valid t=0.2s
[    246s] main 30b c289 ic_m3 dickson table completed_valid t=0.2s
[    246s] main 30b c289 ic_m3 small_x table completed_valid t=0.2s
[    246s] main 30b c289 ic_m3 random_sub_r0 table completed_valid t=0.2s
[    246s] main 30b c289 ic_m3 random_sub_r1 table completed_valid t=0.2s
[    246s] main 30b c289 ic_m3 random_sub_r2 table completed_valid t=0.2s
[    246s] main 30b c289 ic_m3 known_null_sub table completed_valid t=0.2s
[    246s] main 30b c289 ic_m3 random_dick_r0 table completed_valid t=0.2s
[    246s] main 30b c289 ic_m3 random_dick_r1 table completed_valid t=0.3s
[    246s] main 30b c289 ic_m3 random_dick_r2 table completed_valid t=0.2s
[    246s] main 30b c289 ic_m3 known_null_dick table completed_valid t=0.2s
[    246s] main 30b c289 ic_m3 planted_sub table completed_valid t=0.2s
[    248s] main 30b c290 ic_m3 subgroup table completed_valid t=0.1s
[    248s] main 30b c290 ic_m3 dickson table completed_valid t=0.2s
[    248s] main 30b c290 ic_m3 small_x table completed_valid t=0.2s
[    248s] main 30b c290 ic_m3 random_sub_r0 table completed_valid t=0.1s
[    248s] main 30b c290 ic_m3 random_sub_r1 table completed_valid t=0.1s
[    248s] main 30b c290 ic_m3 random_sub_r2 table completed_valid t=0.1s
[    248s] main 30b c290 ic_m3 known_null_sub table completed_valid t=0.1s
[    248s] main 30b c290 ic_m3 random_dick_r0 table completed_valid t=0.2s
[    248s] main 30b c290 ic_m3 random_dick_r1 table completed_valid t=0.2s
[    248s] main 30b c290 ic_m3 random_dick_r2 table completed_valid t=0.2s
[    248s] main 30b c290 ic_m3 known_null_dick table completed_valid t=0.2s
[    248s] main 30b c290 ic_m3 planted_sub table completed_valid t=0.2s
[    251s] main 30b c291 ic_m3 subgroup table completed_valid t=0.2s
[    251s] main 30b c291 ic_m3 dickson table completed_valid t=0.2s
[    251s] main 30b c291 ic_m3 small_x table completed_valid t=0.2s
[    251s] main 30b c291 ic_m3 random_sub_r0 table completed_valid t=0.2s
[    251s] main 30b c291 ic_m3 random_sub_r1 table completed_valid t=0.2s
[    251s] main 30b c291 ic_m3 random_sub_r2 table completed_valid t=0.2s
[    251s] main 30b c291 ic_m3 known_null_sub table completed_valid t=0.2s
[    251s] main 30b c291 ic_m3 random_dick_r0 table completed_valid t=0.3s
[    251s] main 30b c291 ic_m3 random_dick_r1 table completed_valid t=0.2s
[    251s] main 30b c291 ic_m3 random_dick_r2 table completed_valid t=0.2s
[    251s] main 30b c291 ic_m3 known_null_dick table completed_valid t=0.3s
[    251s] main 30b c291 ic_m3 planted_sub table completed_valid t=0.2s
[    254s] main 30b c292 ic_m3 subgroup table completed_valid t=0.3s
[    254s] main 30b c292 ic_m3 dickson table completed_valid t=0.3s
[    254s] main 30b c292 ic_m3 small_x table completed_valid t=0.3s
[    254s] main 30b c292 ic_m3 random_sub_r0 table completed_valid t=0.2s
[    254s] main 30b c292 ic_m3 random_sub_r1 table completed_valid t=0.2s
[    254s] main 30b c292 ic_m3 random_sub_r2 table completed_valid t=0.2s
[    254s] main 30b c292 ic_m3 known_null_sub table completed_valid t=0.2s
[    254s] main 30b c292 ic_m3 random_dick_r0 table completed_valid t=0.2s
[    254s] main 30b c292 ic_m3 random_dick_r1 table completed_valid t=0.2s
[    254s] main 30b c292 ic_m3 random_dick_r2 table completed_valid t=0.3s
[    254s] main 30b c292 ic_m3 known_null_dick table completed_valid t=0.2s
[    254s] main 30b c292 ic_m3 planted_sub table completed_valid t=0.2s
[    257s] main 30b c293 ic_m3 subgroup table completed_valid t=0.2s
[    257s] main 30b c293 ic_m3 dickson table completed_valid t=0.3s
[    257s] main 30b c293 ic_m3 small_x table completed_valid t=0.1s
[    257s] main 30b c293 ic_m3 random_sub_r0 table completed_valid t=0.3s
[    257s] main 30b c293 ic_m3 random_sub_r1 table completed_valid t=0.3s
[    257s] main 30b c293 ic_m3 random_sub_r2 table completed_valid t=0.2s
[    257s] main 30b c293 ic_m3 known_null_sub table completed_valid t=0.3s
[    257s] main 30b c293 ic_m3 random_dick_r0 table completed_valid t=0.2s
[    257s] main 30b c293 ic_m3 random_dick_r1 table completed_valid t=0.1s
[    257s] main 30b c293 ic_m3 random_dick_r2 table completed_valid t=0.2s
[    257s] main 30b c293 ic_m3 known_null_dick table completed_valid t=0.2s
[    257s] main 30b c293 ic_m3 planted_sub table completed_valid t=0.1s
[    260s] main 30b c294 ic_m3 subgroup table completed_valid t=0.3s
[    260s] main 30b c294 ic_m3 dickson table completed_valid t=0.4s
[    260s] main 30b c294 ic_m3 small_x table completed_valid t=0.2s
[    260s] main 30b c294 ic_m3 random_sub_r0 table completed_valid t=0.2s
[    260s] main 30b c294 ic_m3 random_sub_r1 table completed_valid t=0.3s
[    260s] main 30b c294 ic_m3 random_sub_r2 table completed_valid t=0.2s
[    260s] main 30b c294 ic_m3 known_null_sub table completed_valid t=0.2s
[    260s] main 30b c294 ic_m3 random_dick_r0 table completed_valid t=0.2s
[    260s] main 30b c294 ic_m3 random_dick_r1 table completed_valid t=0.2s
[    260s] main 30b c294 ic_m3 random_dick_r2 table completed_valid t=0.3s
[    260s] main 30b c294 ic_m3 known_null_dick table completed_valid t=0.3s
[    260s] main 30b c294 ic_m3 planted_sub table completed_valid t=0.3s
[    264s] main 30b c295 ic_m3 subgroup table completed_valid t=0.4s
[    264s] main 30b c295 ic_m3 dickson table completed_valid t=0.2s
[    264s] main 30b c295 ic_m3 small_x table completed_valid t=0.3s
[    264s] main 30b c295 ic_m3 random_sub_r0 table completed_valid t=0.3s
[    264s] main 30b c295 ic_m3 random_sub_r1 table completed_valid t=0.3s
[    264s] main 30b c295 ic_m3 random_sub_r2 table completed_valid t=0.3s
[    264s] main 30b c295 ic_m3 known_null_sub table completed_valid t=0.3s
[    264s] main 30b c295 ic_m3 random_dick_r0 table completed_valid t=0.3s
[    264s] main 30b c295 ic_m3 random_dick_r1 table completed_valid t=0.2s
[    264s] main 30b c295 ic_m3 random_dick_r2 table completed_valid t=0.3s
[    264s] main 30b c295 ic_m3 known_null_dick table completed_valid t=0.3s
[    264s] main 30b c295 ic_m3 planted_sub table completed_valid t=0.3s
[    268s] main 30b c296 ic_m3 subgroup table completed_valid t=0.3s
[    268s] main 30b c296 ic_m3 dickson table completed_valid t=0.3s
[    268s] main 30b c296 ic_m3 small_x table completed_valid t=0.2s
[    268s] main 30b c296 ic_m3 random_sub_r0 table completed_valid t=0.3s
[    268s] main 30b c296 ic_m3 random_sub_r1 table completed_valid t=0.4s
[    268s] main 30b c296 ic_m3 random_sub_r2 table completed_valid t=0.4s
[    268s] main 30b c296 ic_m3 known_null_sub table completed_valid t=0.3s
[    268s] main 30b c296 ic_m3 random_dick_r0 table completed_valid t=0.2s
[    268s] main 30b c296 ic_m3 random_dick_r1 table completed_valid t=0.2s
[    268s] main 30b c296 ic_m3 random_dick_r2 table completed_valid t=0.3s
[    268s] main 30b c296 ic_m3 known_null_dick table completed_valid t=0.3s
[    268s] main 30b c296 ic_m3 planted_sub table completed_valid t=0.3s
[    271s] main 30b c297 ic_m3 subgroup table completed_valid t=0.2s
[    271s] main 30b c297 ic_m3 dickson table completed_valid t=0.3s
[    271s] main 30b c297 ic_m3 small_x table completed_valid t=0.2s
[    271s] main 30b c297 ic_m3 random_sub_r0 table completed_valid t=0.2s
[    271s] main 30b c297 ic_m3 random_sub_r1 table completed_valid t=0.2s
[    271s] main 30b c297 ic_m3 random_sub_r2 table completed_valid t=0.2s
[    271s] main 30b c297 ic_m3 known_null_sub table completed_valid t=0.2s
[    271s] main 30b c297 ic_m3 random_dick_r0 table completed_valid t=0.2s
[    271s] main 30b c297 ic_m3 random_dick_r1 table completed_valid t=0.2s
[    271s] main 30b c297 ic_m3 random_dick_r2 table completed_valid t=0.2s
[    271s] main 30b c297 ic_m3 known_null_dick table completed_valid t=0.2s
[    271s] main 30b c297 ic_m3 planted_sub table completed_valid t=0.2s
[    274s] main 30b c298 ic_m3 subgroup table completed_valid t=0.2s
[    274s] main 30b c298 ic_m3 dickson table completed_valid t=0.3s
[    274s] main 30b c298 ic_m3 small_x table completed_valid t=0.2s
[    274s] main 30b c298 ic_m3 random_sub_r0 table completed_valid t=0.3s
[    274s] main 30b c298 ic_m3 random_sub_r1 table completed_valid t=0.2s
[    274s] main 30b c298 ic_m3 random_sub_r2 table completed_valid t=0.2s
[    274s] main 30b c298 ic_m3 known_null_sub table completed_valid t=0.2s
[    274s] main 30b c298 ic_m3 random_dick_r0 table completed_valid t=0.2s
[    274s] main 30b c298 ic_m3 random_dick_r1 table completed_valid t=0.2s
[    274s] main 30b c298 ic_m3 random_dick_r2 table completed_valid t=0.2s
[    274s] main 30b c298 ic_m3 known_null_dick table completed_valid t=0.2s
[    274s] main 30b c298 ic_m3 planted_sub table completed_valid t=0.2s
[    277s] main 30b c299 ic_m3 subgroup table completed_valid t=0.2s
[    277s] main 30b c299 ic_m3 dickson table completed_valid t=0.2s
[    277s] main 30b c299 ic_m3 small_x table completed_valid t=0.2s
[    277s] main 30b c299 ic_m3 random_sub_r0 table completed_valid t=0.2s
[    277s] main 30b c299 ic_m3 random_sub_r1 table completed_valid t=0.2s
[    277s] main 30b c299 ic_m3 random_sub_r2 table completed_valid t=0.3s
[    277s] main 30b c299 ic_m3 known_null_sub table completed_valid t=0.2s
[    277s] main 30b c299 ic_m3 random_dick_r0 table completed_valid t=0.2s
[    277s] main 30b c299 ic_m3 random_dick_r1 table completed_valid t=0.2s
[    277s] main 30b c299 ic_m3 random_dick_r2 table completed_valid t=0.2s
[    277s] main 30b c299 ic_m3 known_null_dick table completed_valid t=0.2s
[    277s] main 30b c299 ic_m3 planted_sub table completed_valid t=0.2s
[    281s] main 30b c300 ic_m3 subgroup table completed_valid t=0.4s
[    281s] main 30b c300 ic_m3 dickson table completed_valid t=0.3s
[    281s] main 30b c300 ic_m3 small_x table completed_valid t=0.3s
[    281s] main 30b c300 ic_m3 random_sub_r0 table completed_valid t=0.3s
[    281s] main 30b c300 ic_m3 random_sub_r1 table completed_valid t=0.3s
[    281s] main 30b c300 ic_m3 random_sub_r2 table completed_valid t=0.4s
[    281s] main 30b c300 ic_m3 known_null_sub table completed_valid t=0.3s
[    281s] main 30b c300 ic_m3 random_dick_r0 table completed_valid t=0.3s
[    281s] main 30b c300 ic_m3 random_dick_r1 table completed_valid t=0.3s
[    281s] main 30b c300 ic_m3 random_dick_r2 table completed_valid t=0.3s
[    281s] main 30b c300 ic_m3 known_null_dick table completed_valid t=0.3s
[    281s] main 30b c300 ic_m3 planted_sub table completed_valid t=0.4s
[    283s] main 30b c301 ic_m3 subgroup table completed_valid t=0.2s
[    283s] main 30b c301 ic_m3 dickson table completed_valid t=0.2s
[    283s] main 30b c301 ic_m3 small_x table completed_valid t=0.2s
[    283s] main 30b c301 ic_m3 random_sub_r0 table completed_valid t=0.2s
[    283s] main 30b c301 ic_m3 random_sub_r1 table completed_valid t=0.2s
[    283s] main 30b c301 ic_m3 random_sub_r2 table completed_valid t=0.2s
[    283s] main 30b c301 ic_m3 known_null_sub table completed_valid t=0.2s
[    283s] main 30b c301 ic_m3 random_dick_r0 table completed_valid t=0.2s
[    283s] main 30b c301 ic_m3 random_dick_r1 table completed_valid t=0.2s
[    283s] main 30b c301 ic_m3 random_dick_r2 table completed_valid t=0.2s
[    283s] main 30b c301 ic_m3 known_null_dick table completed_valid t=0.2s
[    283s] main 30b c301 ic_m3 planted_sub table completed_valid t=0.2s
[    286s] main 30b c302 ic_m3 subgroup table completed_valid t=0.2s
[    286s] main 30b c302 ic_m3 dickson table completed_valid t=0.2s
[    286s] main 30b c302 ic_m3 small_x table completed_valid t=0.2s
[    286s] main 30b c302 ic_m3 random_sub_r0 table completed_valid t=0.2s
[    286s] main 30b c302 ic_m3 random_sub_r1 table completed_valid t=0.2s
[    286s] main 30b c302 ic_m3 random_sub_r2 table completed_valid t=0.2s
[    286s] main 30b c302 ic_m3 known_null_sub table completed_valid t=0.2s
[    286s] main 30b c302 ic_m3 random_dick_r0 table completed_valid t=0.2s
[    286s] main 30b c302 ic_m3 random_dick_r1 table completed_valid t=0.2s
[    286s] main 30b c302 ic_m3 random_dick_r2 table completed_valid t=0.2s
[    286s] main 30b c302 ic_m3 known_null_dick table completed_valid t=0.3s
[    286s] main 30b c302 ic_m3 planted_sub table completed_valid t=0.2s
[    289s] main 30b c303 ic_m3 subgroup table completed_valid t=0.2s
[    289s] main 30b c303 ic_m3 dickson table completed_valid t=0.3s
[    289s] main 30b c303 ic_m3 small_x table completed_valid t=0.3s
[    289s] main 30b c303 ic_m3 random_sub_r0 table completed_valid t=0.2s
[    289s] main 30b c303 ic_m3 random_sub_r1 table completed_valid t=0.2s
[    289s] main 30b c303 ic_m3 random_sub_r2 table completed_valid t=0.3s
[    289s] main 30b c303 ic_m3 known_null_sub table completed_valid t=0.3s
[    289s] main 30b c303 ic_m3 random_dick_r0 table completed_valid t=0.2s
[    289s] main 30b c303 ic_m3 random_dick_r1 table completed_valid t=0.3s
[    289s] main 30b c303 ic_m3 random_dick_r2 table completed_valid t=0.2s
[    289s] main 30b c303 ic_m3 known_null_dick table completed_valid t=0.2s
[    289s] main 30b c303 ic_m3 planted_sub table completed_valid t=0.2s
[    294s] main 30b c304 ic_m3 subgroup table completed_valid t=0.4s
[    294s] main 30b c304 ic_m3 dickson table completed_valid t=0.3s
[    294s] main 30b c304 ic_m3 small_x table completed_valid t=0.3s
[    294s] main 30b c304 ic_m3 random_sub_r0 table completed_valid t=0.4s
[    294s] main 30b c304 ic_m3 random_sub_r1 table completed_valid t=0.3s
[    294s] main 30b c304 ic_m3 random_sub_r2 table completed_valid t=0.3s
[    294s] main 30b c304 ic_m3 known_null_sub table completed_valid t=0.3s
[    294s] main 30b c304 ic_m3 random_dick_r0 table completed_valid t=0.3s
[    294s] main 30b c304 ic_m3 random_dick_r1 table completed_valid t=0.3s
[    294s] main 30b c304 ic_m3 random_dick_r2 table completed_valid t=0.3s
[    294s] main 30b c304 ic_m3 known_null_dick table completed_valid t=0.4s
[    294s] main 30b c304 ic_m3 planted_sub table completed_valid t=0.4s
[    297s] main 30b c305 ic_m3 subgroup table completed_valid t=0.3s
[    297s] main 30b c305 ic_m3 dickson table completed_valid t=0.3s
[    297s] main 30b c305 ic_m3 small_x table completed_valid t=0.3s
[    297s] main 30b c305 ic_m3 random_sub_r0 table completed_valid t=0.3s
[    297s] main 30b c305 ic_m3 random_sub_r1 table completed_valid t=0.3s
[    297s] main 30b c305 ic_m3 random_sub_r2 table completed_valid t=0.2s
[    297s] main 30b c305 ic_m3 known_null_sub table completed_valid t=0.3s
[    297s] main 30b c305 ic_m3 random_dick_r0 table completed_valid t=0.3s
[    297s] main 30b c305 ic_m3 random_dick_r1 table completed_valid t=0.3s
[    297s] main 30b c305 ic_m3 random_dick_r2 table completed_valid t=0.3s
[    297s] main 30b c305 ic_m3 known_null_dick table completed_valid t=0.2s
[    297s] main 30b c305 ic_m3 planted_sub table completed_valid t=0.2s
[    301s] main 30b c306 ic_m3 subgroup table completed_valid t=0.2s
[    301s] main 30b c306 ic_m3 dickson table completed_valid t=0.2s
[    301s] main 30b c306 ic_m3 small_x table completed_valid t=0.2s
[    301s] main 30b c306 ic_m3 random_sub_r0 table completed_valid t=0.3s
[    301s] main 30b c306 ic_m3 random_sub_r1 table completed_valid t=0.3s
[    301s] main 30b c306 ic_m3 random_sub_r2 table completed_valid t=0.3s
[    301s] main 30b c306 ic_m3 known_null_sub table completed_valid t=0.3s
[    301s] main 30b c306 ic_m3 random_dick_r0 table completed_valid t=0.2s
[    301s] main 30b c306 ic_m3 random_dick_r1 table completed_valid t=0.4s
[    301s] main 30b c306 ic_m3 random_dick_r2 table completed_valid t=0.3s
[    301s] main 30b c306 ic_m3 known_null_dick table completed_valid t=0.2s
[    301s] main 30b c306 ic_m3 planted_sub table completed_valid t=0.3s
[    303s] main 30b c307 ic_m3 subgroup table completed_valid t=0.2s
[    303s] main 30b c307 ic_m3 dickson table completed_valid t=0.2s
[    303s] main 30b c307 ic_m3 small_x table completed_valid t=0.2s
[    303s] main 30b c307 ic_m3 random_sub_r0 table completed_valid t=0.2s
[    303s] main 30b c307 ic_m3 random_sub_r1 table completed_valid t=0.2s
[    303s] main 30b c307 ic_m3 random_sub_r2 table completed_valid t=0.2s
[    303s] main 30b c307 ic_m3 known_null_sub table completed_valid t=0.2s
[    303s] main 30b c307 ic_m3 random_dick_r0 table completed_valid t=0.2s
[    303s] main 30b c307 ic_m3 random_dick_r1 table completed_valid t=0.2s
[    303s] main 30b c307 ic_m3 random_dick_r2 table completed_valid t=0.2s
[    303s] main 30b c307 ic_m3 known_null_dick table completed_valid t=0.2s
[    303s] main 30b c307 ic_m3 planted_sub table completed_valid t=0.2s
[    306s] main 30b c308 ic_m3 subgroup table completed_valid t=0.2s
[    306s] main 30b c308 ic_m3 dickson table completed_valid t=0.2s
[    306s] main 30b c308 ic_m3 small_x table completed_valid t=0.2s
[    306s] main 30b c308 ic_m3 random_sub_r0 table completed_valid t=0.2s
[    306s] main 30b c308 ic_m3 random_sub_r1 table completed_valid t=0.2s
[    306s] main 30b c308 ic_m3 random_sub_r2 table completed_valid t=0.2s
[    306s] main 30b c308 ic_m3 known_null_sub table completed_valid t=0.3s
[    306s] main 30b c308 ic_m3 random_dick_r0 table completed_valid t=0.2s
[    306s] main 30b c308 ic_m3 random_dick_r1 table completed_valid t=0.2s
[    306s] main 30b c308 ic_m3 random_dick_r2 table completed_valid t=0.2s
[    306s] main 30b c308 ic_m3 known_null_dick table completed_valid t=0.2s
[    306s] main 30b c308 ic_m3 planted_sub table completed_valid t=0.3s
[    309s] main 30b c309 ic_m3 subgroup table completed_valid t=0.3s
[    309s] main 30b c309 ic_m3 dickson table completed_valid t=0.2s
[    309s] main 30b c309 ic_m3 small_x table completed_valid t=0.2s
[    309s] main 30b c309 ic_m3 random_sub_r0 table completed_valid t=0.2s
[    309s] main 30b c309 ic_m3 random_sub_r1 table completed_valid t=0.3s
[    309s] main 30b c309 ic_m3 random_sub_r2 table completed_valid t=0.2s
[    309s] main 30b c309 ic_m3 known_null_sub table completed_valid t=0.3s
[    309s] main 30b c309 ic_m3 random_dick_r0 table completed_valid t=0.2s
[    309s] main 30b c309 ic_m3 random_dick_r1 table completed_valid t=0.2s
[    309s] main 30b c309 ic_m3 random_dick_r2 table completed_valid t=0.2s
[    309s] main 30b c309 ic_m3 known_null_dick table completed_valid t=0.2s
[    309s] main 30b c309 ic_m3 planted_sub table completed_valid t=0.2s
