[cell] arm=negctl p=1009 seed=20260728 targets=1200
[check] p prime: True
[curve] a=292 b=219 n=1013 j=47 rejected=3 (0.00s)
[curve] naive order cross-check: 1013 agrees=True
[fb] L = round(q^(1/5)) = 4
[fb] |V| = 4
[fwd] |F| = 11 (0.00s) cross=None
[screen] certified_successes=544 failures=656 cert_failures=0 (0.1s)
[measure] idx=2 success support=52 deg_u=512 ops=367238 hits=2 (0.0s)
[measure] idx=3 success support=53 deg_u=512 ops=367195 hits=1 (0.0s)
[measure] idx=6 success support=68 deg_u=512 ops=367141 hits=3 (0.0s)
[measure] idx=9 success support=57 deg_u=512 ops=367012 hits=1 (0.0s)
[measure] idx=10 success support=38 deg_u=512 ops=367035 hits=1 (0.0s)
[measure] idx=17 success support=46 deg_u=512 ops=367173 hits=2 (0.0s)
[measure] idx=21 success support=80 deg_u=512 ops=367143 hits=1 (0.0s)
[measure] idx=27 success support=63 deg_u=512 ops=367063 hits=2 (0.0s)
[measure] idx=29 success support=17 deg_u=512 ops=367056 hits=1 (0.0s)
[measure] idx=31 success support=126 deg_u=512 ops=367170 hits=2 (0.0s)
[measure] idx=0 failure support=32 deg_u=512 ops=366951 hits=0 (0.0s)
[measure] idx=1 failure support=18 deg_u=512 ops=367106 hits=0 (0.0s)
[measure] idx=4 failure support=90 deg_u=511 ops=367141 hits=0 (0.0s)
[measure] idx=5 failure support=48 deg_u=512 ops=367203 hits=0 (0.0s)
[measure] idx=7 failure support=45 deg_u=512 ops=367022 hits=0 (0.0s)
[measure] idx=8 failure support=93 deg_u=512 ops=367176 hits=0 (0.0s)
[measure] idx=11 failure support=63 deg_u=512 ops=367066 hits=0 (0.0s)
[measure] idx=12 failure support=46 deg_u=512 ops=367087 hits=0 (0.0s)
[measure] idx=13 failure support=25 deg_u=512 ops=367051 hits=0 (0.0s)
[measure] idx=14 failure support=96 deg_u=512 ops=367031 hits=0 (0.0s)
[done] wrote experiments/EXP-RT1476-001/runs/RUN-RT1476-negctl-p1009-s20260728
