[      1s] main 32b c710 ic_m4 subgroup table completed_valid t=0.1s
[      1s] main 32b c710 ic_m4 dickson table completed_valid t=0.0s
[      1s] main 32b c710 ic_m4 small_x table completed_valid t=0.0s
[      1s] main 32b c710 ic_m4 random_sub_r0 table completed_valid t=0.1s
[      1s] main 32b c710 ic_m4 random_sub_r1 table completed_valid t=0.0s
[      1s] main 32b c710 ic_m4 random_sub_r2 table completed_valid t=0.0s
[      1s] main 32b c710 ic_m4 known_null_sub table completed_valid t=0.0s
[      1s] main 32b c710 ic_m4 random_dick_r0 table completed_valid t=0.0s
[      1s] main 32b c710 ic_m4 random_dick_r1 table completed_valid t=0.0s
[      1s] main 32b c710 ic_m4 random_dick_r2 table completed_valid t=0.0s
[      1s] main 32b c710 ic_m4 known_null_dick table completed_valid t=0.0s
[      1s] main 32b c711 ic_m4 subgroup table completed_valid t=0.0s
[      1s] main 32b c711 ic_m4 dickson table completed_valid t=0.1s
[      1s] main 32b c711 ic_m4 small_x table completed_valid t=0.0s
[      1s] main 32b c711 ic_m4 random_sub_r0 table completed_valid t=0.0s
[      1s] main 32b c711 ic_m4 random_sub_r1 table completed_valid t=0.0s
[      1s] main 32b c711 ic_m4 random_sub_r2 table completed_valid t=0.0s
[      1s] main 32b c711 ic_m4 known_null_sub table completed_valid t=0.0s
[      1s] main 32b c711 ic_m4 random_dick_r0 table completed_valid t=0.0s
[      1s] main 32b c711 ic_m4 random_dick_r1 table completed_valid t=0.0s
[      1s] main 32b c711 ic_m4 random_dick_r2 table completed_valid t=0.0s
[      1s] main 32b c711 ic_m4 known_null_dick table completed_valid t=0.0s
[      2s] main 32b c712 ic_m4 subgroup table completed_valid t=0.0s
[      2s] main 32b c712 ic_m4 dickson table completed_valid t=0.0s
[      2s] main 32b c712 ic_m4 small_x table completed_valid t=0.0s
[      2s] main 32b c712 ic_m4 random_sub_r0 table completed_valid t=0.0s
[      2s] main 32b c712 ic_m4 random_sub_r1 table completed_valid t=0.1s
[      2s] main 32b c712 ic_m4 random_sub_r2 table completed_valid t=0.0s
[      2s] main 32b c712 ic_m4 known_null_sub table completed_valid t=0.0s
[      2s] main 32b c712 ic_m4 random_dick_r0 table completed_valid t=0.0s
[      2s] main 32b c712 ic_m4 random_dick_r1 table completed_valid t=0.0s
[      2s] main 32b c712 ic_m4 random_dick_r2 table completed_valid t=0.0s
[      2s] main 32b c712 ic_m4 known_null_dick table completed_valid t=0.0s
[      2s] main 32b c713 ic_m4 subgroup table completed_valid t=0.0s
[      2s] main 32b c713 ic_m4 dickson table completed_valid t=0.0s
[      2s] main 32b c713 ic_m4 small_x table completed_valid t=0.0s
[      2s] main 32b c713 ic_m4 random_sub_r0 table completed_valid t=0.0s
[      2s] main 32b c713 ic_m4 random_sub_r1 table completed_valid t=0.0s
[      2s] main 32b c713 ic_m4 random_sub_r2 table completed_valid t=0.0s
[      2s] main 32b c713 ic_m4 known_null_sub table completed_valid t=0.0s
[      2s] main 32b c713 ic_m4 random_dick_r0 table completed_valid t=0.0s
[      2s] main 32b c713 ic_m4 random_dick_r1 table completed_valid t=0.0s
[      2s] main 32b c713 ic_m4 random_dick_r2 table completed_valid t=0.0s
[      2s] main 32b c713 ic_m4 known_null_dick table completed_valid t=0.0s
[      3s] main 32b c714 ic_m4 subgroup table completed_valid t=0.0s
[      3s] main 32b c714 ic_m4 dickson table completed_valid t=0.0s
[      3s] main 32b c714 ic_m4 small_x table completed_valid t=0.0s
[      3s] main 32b c714 ic_m4 random_sub_r0 table completed_valid t=0.0s
[      3s] main 32b c714 ic_m4 random_sub_r1 table completed_valid t=0.0s
[      3s] main 32b c714 ic_m4 random_sub_r2 table completed_valid t=0.0s
[      3s] main 32b c714 ic_m4 known_null_sub table completed_valid t=0.0s
[      3s] main 32b c714 ic_m4 random_dick_r0 table completed_valid t=0.0s
[      3s] main 32b c714 ic_m4 random_dick_r1 table completed_valid t=0.0s
[      3s] main 32b c714 ic_m4 random_dick_r2 table completed_valid t=0.0s
[      3s] main 32b c714 ic_m4 known_null_dick table completed_valid t=0.0s
[      4s] main 32b c715 ic_m4 subgroup table completed_valid t=0.0s
[      4s] main 32b c715 ic_m4 dickson table completed_valid t=0.0s
[      4s] main 32b c715 ic_m4 small_x table completed_valid t=0.0s
[      4s] main 32b c715 ic_m4 random_sub_r0 table completed_valid t=0.0s
[      4s] main 32b c715 ic_m4 random_sub_r1 table completed_valid t=0.0s
[      4s] main 32b c715 ic_m4 random_sub_r2 table completed_valid t=0.0s
[      4s] main 32b c715 ic_m4 known_null_sub table completed_valid t=0.0s
[      4s] main 32b c715 ic_m4 random_dick_r0 table completed_valid t=0.0s
[      4s] main 32b c715 ic_m4 random_dick_r1 table completed_valid t=0.0s
[      4s] main 32b c715 ic_m4 random_dick_r2 table completed_valid t=0.0s
[      4s] main 32b c715 ic_m4 known_null_dick table completed_valid t=0.0s
[      4s] main 32b c716 ic_m4 subgroup table completed_valid t=0.0s
[      4s] main 32b c716 ic_m4 dickson table completed_valid t=0.0s
[      4s] main 32b c716 ic_m4 small_x table completed_valid t=0.0s
[      4s] main 32b c716 ic_m4 random_sub_r0 table completed_valid t=0.0s
[      4s] main 32b c716 ic_m4 random_sub_r1 table completed_valid t=0.0s
[      4s] main 32b c716 ic_m4 random_sub_r2 table completed_valid t=0.0s
[      4s] main 32b c716 ic_m4 known_null_sub table completed_valid t=0.0s
[      4s] main 32b c716 ic_m4 random_dick_r0 table completed_valid t=0.0s
[      4s] main 32b c716 ic_m4 random_dick_r1 table completed_valid t=0.0s
[      4s] main 32b c716 ic_m4 random_dick_r2 table completed_valid t=0.0s
[      4s] main 32b c716 ic_m4 known_null_dick table completed_valid t=0.0s
[      5s] main 32b c717 ic_m4 subgroup table completed_valid t=0.0s
[      5s] main 32b c717 ic_m4 dickson table completed_valid t=0.0s
[      5s] main 32b c717 ic_m4 small_x table completed_valid t=0.0s
[      5s] main 32b c717 ic_m4 random_sub_r0 table completed_valid t=0.0s
[      5s] main 32b c717 ic_m4 random_sub_r1 table completed_valid t=0.0s
[      5s] main 32b c717 ic_m4 random_sub_r2 table completed_valid t=0.0s
[      5s] main 32b c717 ic_m4 known_null_sub table completed_valid t=0.0s
[      5s] main 32b c717 ic_m4 random_dick_r0 table completed_valid t=0.0s
[      5s] main 32b c717 ic_m4 random_dick_r1 table completed_valid t=0.0s
[      5s] main 32b c717 ic_m4 random_dick_r2 table completed_valid t=0.0s
[      5s] main 32b c717 ic_m4 known_null_dick table completed_valid t=0.0s
[      5s] main 32b c718 ic_m4 subgroup table completed_valid t=0.0s
[      5s] main 32b c718 ic_m4 dickson table completed_valid t=0.0s
[      5s] main 32b c718 ic_m4 small_x table completed_valid t=0.0s
[      5s] main 32b c718 ic_m4 random_sub_r0 table completed_valid t=0.0s
[      5s] main 32b c718 ic_m4 random_sub_r1 table completed_valid t=0.0s
[      5s] main 32b c718 ic_m4 random_sub_r2 table completed_valid t=0.0s
[      5s] main 32b c718 ic_m4 known_null_sub table completed_valid t=0.0s
[      5s] main 32b c718 ic_m4 random_dick_r0 table completed_valid t=0.0s
[      5s] main 32b c718 ic_m4 random_dick_r1 table completed_valid t=0.0s
[      5s] main 32b c718 ic_m4 random_dick_r2 table completed_valid t=0.0s
[      5s] main 32b c718 ic_m4 known_null_dick table completed_valid t=0.0s
[      6s] main 32b c719 ic_m4 subgroup table completed_valid t=0.0s
[      6s] main 32b c719 ic_m4 dickson table completed_valid t=0.0s
[      6s] main 32b c719 ic_m4 small_x table completed_valid t=0.0s
[      6s] main 32b c719 ic_m4 random_sub_r0 table completed_valid t=0.0s
[      6s] main 32b c719 ic_m4 random_sub_r1 table completed_valid t=0.0s
[      6s] main 32b c719 ic_m4 random_sub_r2 table completed_valid t=0.0s
[      6s] main 32b c719 ic_m4 known_null_sub table completed_valid t=0.0s
[      6s] main 32b c719 ic_m4 random_dick_r0 table completed_valid t=0.0s
[      6s] main 32b c719 ic_m4 random_dick_r1 table completed_valid t=0.0s
[      6s] main 32b c719 ic_m4 random_dick_r2 table completed_valid t=0.0s
[      6s] main 32b c719 ic_m4 known_null_dick table completed_valid t=0.0s
[      7s] main 32b c720 ic_m4 subgroup table completed_valid t=0.0s
[      7s] main 32b c720 ic_m4 dickson table completed_valid t=0.0s
[      7s] main 32b c720 ic_m4 small_x table completed_valid t=0.0s
[      7s] main 32b c720 ic_m4 random_sub_r0 table completed_valid t=0.0s
[      7s] main 32b c720 ic_m4 random_sub_r1 table completed_valid t=0.1s
[      7s] main 32b c720 ic_m4 random_sub_r2 table completed_valid t=0.1s
[      7s] main 32b c720 ic_m4 known_null_sub table completed_valid t=0.1s
[      7s] main 32b c720 ic_m4 random_dick_r0 table completed_valid t=0.0s
[      7s] main 32b c720 ic_m4 random_dick_r1 table completed_valid t=0.1s
[      7s] main 32b c720 ic_m4 random_dick_r2 table completed_valid t=0.0s
[      7s] main 32b c720 ic_m4 known_null_dick table completed_valid t=0.0s
[      7s] main 32b c721 ic_m4 subgroup table completed_valid t=0.0s
[      7s] main 32b c721 ic_m4 dickson table completed_valid t=0.0s
[      7s] main 32b c721 ic_m4 small_x table completed_valid t=0.0s
[      7s] main 32b c721 ic_m4 random_sub_r0 table completed_valid t=0.0s
[      7s] main 32b c721 ic_m4 random_sub_r1 table completed_valid t=0.0s
[      7s] main 32b c721 ic_m4 random_sub_r2 table completed_valid t=0.0s
[      7s] main 32b c721 ic_m4 known_null_sub table completed_valid t=0.0s
[      7s] main 32b c721 ic_m4 random_dick_r0 table completed_valid t=0.0s
[      7s] main 32b c721 ic_m4 random_dick_r1 table completed_valid t=0.0s
[      7s] main 32b c721 ic_m4 random_dick_r2 table completed_valid t=0.0s
[      7s] main 32b c721 ic_m4 known_null_dick table completed_valid t=0.0s
[      8s] main 32b c722 ic_m4 subgroup table completed_valid t=0.0s
[      8s] main 32b c722 ic_m4 dickson table completed_valid t=0.1s
[      8s] main 32b c722 ic_m4 small_x table completed_valid t=0.1s
[      8s] main 32b c722 ic_m4 random_sub_r0 table completed_valid t=0.1s
[      8s] main 32b c722 ic_m4 random_sub_r1 table completed_valid t=0.0s
[      8s] main 32b c722 ic_m4 random_sub_r2 table completed_valid t=0.0s
[      8s] main 32b c722 ic_m4 known_null_sub table completed_valid t=0.0s
[      8s] main 32b c722 ic_m4 random_dick_r0 table completed_valid t=0.1s
[      8s] main 32b c722 ic_m4 random_dick_r1 table completed_valid t=0.1s
[      8s] main 32b c722 ic_m4 random_dick_r2 table completed_valid t=0.1s
[      8s] main 32b c722 ic_m4 known_null_dick table completed_valid t=0.1s
[      9s] main 32b c723 ic_m4 subgroup table completed_valid t=0.0s
[      9s] main 32b c723 ic_m4 dickson table completed_valid t=0.0s
[      9s] main 32b c723 ic_m4 small_x table completed_valid t=0.0s
[      9s] main 32b c723 ic_m4 random_sub_r0 table completed_valid t=0.0s
[      9s] main 32b c723 ic_m4 random_sub_r1 table completed_valid t=0.0s
[      9s] main 32b c723 ic_m4 random_sub_r2 table completed_valid t=0.0s
[      9s] main 32b c723 ic_m4 known_null_sub table completed_valid t=0.0s
[      9s] main 32b c723 ic_m4 random_dick_r0 table completed_valid t=0.0s
[      9s] main 32b c723 ic_m4 random_dick_r1 table completed_valid t=0.0s
[      9s] main 32b c723 ic_m4 random_dick_r2 table completed_valid t=0.0s
[      9s] main 32b c723 ic_m4 known_null_dick table completed_valid t=0.0s
[      9s] main 32b c724 ic_m4 subgroup table completed_valid t=0.0s
[      9s] main 32b c724 ic_m4 dickson table completed_valid t=0.0s
[      9s] main 32b c724 ic_m4 small_x table completed_valid t=0.0s
[      9s] main 32b c724 ic_m4 random_sub_r0 table completed_valid t=0.0s
[      9s] main 32b c724 ic_m4 random_sub_r1 table completed_valid t=0.0s
[      9s] main 32b c724 ic_m4 random_sub_r2 table completed_valid t=0.0s
[      9s] main 32b c724 ic_m4 known_null_sub table completed_valid t=0.0s
[      9s] main 32b c724 ic_m4 random_dick_r0 table completed_valid t=0.0s
[      9s] main 32b c724 ic_m4 random_dick_r1 table completed_valid t=0.0s
[      9s] main 32b c724 ic_m4 random_dick_r2 table completed_valid t=0.0s
[      9s] main 32b c724 ic_m4 known_null_dick table completed_valid t=0.0s
[     10s] main 32b c725 ic_m4 subgroup table completed_valid t=0.0s
[     10s] main 32b c725 ic_m4 dickson table completed_valid t=0.0s
[     10s] main 32b c725 ic_m4 small_x table completed_valid t=0.0s
[     10s] main 32b c725 ic_m4 random_sub_r0 table completed_valid t=0.0s
[     10s] main 32b c725 ic_m4 random_sub_r1 table completed_valid t=0.0s
[     10s] main 32b c725 ic_m4 random_sub_r2 table completed_valid t=0.0s
[     10s] main 32b c725 ic_m4 known_null_sub table completed_valid t=0.0s
[     10s] main 32b c725 ic_m4 random_dick_r0 table completed_valid t=0.0s
[     10s] main 32b c725 ic_m4 random_dick_r1 table completed_valid t=0.0s
[     10s] main 32b c725 ic_m4 random_dick_r2 table completed_valid t=0.0s
[     10s] main 32b c725 ic_m4 known_null_dick table completed_valid t=0.1s
[     10s] main 32b c726 ic_m4 subgroup table completed_valid t=0.1s
[     10s] main 32b c726 ic_m4 dickson table completed_valid t=0.0s
[     10s] main 32b c726 ic_m4 small_x table completed_valid t=0.0s
[     10s] main 32b c726 ic_m4 random_sub_r0 table completed_valid t=0.0s
[     10s] main 32b c726 ic_m4 random_sub_r1 table completed_valid t=0.1s
[     10s] main 32b c726 ic_m4 random_sub_r2 table completed_valid t=0.0s
[     10s] main 32b c726 ic_m4 known_null_sub table completed_valid t=0.1s
[     10s] main 32b c726 ic_m4 random_dick_r0 table completed_valid t=0.1s
[     10s] main 32b c726 ic_m4 random_dick_r1 table completed_valid t=0.0s
[     10s] main 32b c726 ic_m4 random_dick_r2 table completed_valid t=0.0s
[     10s] main 32b c726 ic_m4 known_null_dick table completed_valid t=0.0s
[     11s] main 32b c727 ic_m4 subgroup table completed_valid t=0.0s
[     11s] main 32b c727 ic_m4 dickson table completed_valid t=0.0s
[     11s] main 32b c727 ic_m4 small_x table completed_valid t=0.0s
[     11s] main 32b c727 ic_m4 random_sub_r0 table completed_valid t=0.0s
[     11s] main 32b c727 ic_m4 random_sub_r1 table completed_valid t=0.0s
[     11s] main 32b c727 ic_m4 random_sub_r2 table completed_valid t=0.0s
[     11s] main 32b c727 ic_m4 known_null_sub table completed_valid t=0.0s
[     11s] main 32b c727 ic_m4 random_dick_r0 table completed_valid t=0.0s
[     11s] main 32b c727 ic_m4 random_dick_r1 table completed_valid t=0.0s
[     11s] main 32b c727 ic_m4 random_dick_r2 table completed_valid t=0.0s
[     11s] main 32b c727 ic_m4 known_null_dick table completed_valid t=0.0s
[     12s] main 32b c728 ic_m4 subgroup table completed_valid t=0.0s
[     12s] main 32b c728 ic_m4 dickson table completed_valid t=0.0s
[     12s] main 32b c728 ic_m4 small_x table completed_valid t=0.0s
[     12s] main 32b c728 ic_m4 random_sub_r0 table completed_valid t=0.0s
[     12s] main 32b c728 ic_m4 random_sub_r1 table completed_valid t=0.0s
[     12s] main 32b c728 ic_m4 random_sub_r2 table completed_valid t=0.0s
[     12s] main 32b c728 ic_m4 known_null_sub table completed_valid t=0.0s
[     12s] main 32b c728 ic_m4 random_dick_r0 table completed_valid t=0.0s
[     12s] main 32b c728 ic_m4 random_dick_r1 table completed_valid t=0.0s
[     12s] main 32b c728 ic_m4 random_dick_r2 table completed_valid t=0.0s
[     12s] main 32b c728 ic_m4 known_null_dick table completed_valid t=0.0s
[     12s] main 32b c729 ic_m4 subgroup table completed_valid t=0.0s
[     12s] main 32b c729 ic_m4 dickson table completed_valid t=0.0s
[     12s] main 32b c729 ic_m4 small_x table completed_valid t=0.0s
[     12s] main 32b c729 ic_m4 random_sub_r0 table completed_valid t=0.0s
[     12s] main 32b c729 ic_m4 random_sub_r1 table completed_valid t=0.0s
[     12s] main 32b c729 ic_m4 random_sub_r2 table completed_valid t=0.0s
[     12s] main 32b c729 ic_m4 known_null_sub table completed_valid t=0.0s
[     12s] main 32b c729 ic_m4 random_dick_r0 table completed_valid t=0.0s
[     12s] main 32b c729 ic_m4 random_dick_r1 table completed_valid t=0.0s
[     12s] main 32b c729 ic_m4 random_dick_r2 table completed_valid t=0.1s
[     12s] main 32b c729 ic_m4 known_null_dick table completed_valid t=0.1s
[     13s] main 32b c730 ic_m4 subgroup table completed_valid t=0.0s
[     13s] main 32b c730 ic_m4 dickson table completed_valid t=0.0s
[     13s] main 32b c730 ic_m4 small_x table completed_valid t=0.0s
[     13s] main 32b c730 ic_m4 random_sub_r0 table completed_valid t=0.0s
[     13s] main 32b c730 ic_m4 random_sub_r1 table completed_valid t=0.0s
[     13s] main 32b c730 ic_m4 random_sub_r2 table completed_valid t=0.0s
[     13s] main 32b c730 ic_m4 known_null_sub table completed_valid t=0.0s
[     13s] main 32b c730 ic_m4 random_dick_r0 table completed_valid t=0.0s
[     13s] main 32b c730 ic_m4 random_dick_r1 table completed_valid t=0.0s
[     13s] main 32b c730 ic_m4 random_dick_r2 table completed_valid t=0.0s
[     13s] main 32b c730 ic_m4 known_null_dick table completed_valid t=0.0s
[     13s] main 32b c731 ic_m4 subgroup table completed_valid t=0.0s
[     13s] main 32b c731 ic_m4 dickson table completed_valid t=0.0s
[     13s] main 32b c731 ic_m4 small_x table completed_valid t=0.0s
[     13s] main 32b c731 ic_m4 random_sub_r0 table completed_valid t=0.0s
[     13s] main 32b c731 ic_m4 random_sub_r1 table completed_valid t=0.0s
[     13s] main 32b c731 ic_m4 random_sub_r2 table completed_valid t=0.0s
[     13s] main 32b c731 ic_m4 known_null_sub table completed_valid t=0.0s
[     13s] main 32b c731 ic_m4 random_dick_r0 table completed_valid t=0.0s
[     13s] main 32b c731 ic_m4 random_dick_r1 table completed_valid t=0.1s
[     13s] main 32b c731 ic_m4 random_dick_r2 table completed_valid t=0.1s
[     13s] main 32b c731 ic_m4 known_null_dick table completed_valid t=0.0s
[     14s] main 32b c732 ic_m4 subgroup table completed_valid t=0.0s
[     14s] main 32b c732 ic_m4 dickson table completed_valid t=0.0s
[     14s] main 32b c732 ic_m4 small_x table completed_valid t=0.0s
[     14s] main 32b c732 ic_m4 random_sub_r0 table completed_valid t=0.0s
[     14s] main 32b c732 ic_m4 random_sub_r1 table completed_valid t=0.0s
[     14s] main 32b c732 ic_m4 random_sub_r2 table completed_valid t=0.0s
[     14s] main 32b c732 ic_m4 known_null_sub table completed_valid t=0.0s
[     14s] main 32b c732 ic_m4 random_dick_r0 table completed_valid t=0.0s
[     14s] main 32b c732 ic_m4 random_dick_r1 table completed_valid t=0.0s
[     14s] main 32b c732 ic_m4 random_dick_r2 table completed_valid t=0.0s
[     14s] main 32b c732 ic_m4 known_null_dick table completed_valid t=0.0s
[     15s] main 32b c733 ic_m4 subgroup table completed_valid t=0.0s
[     15s] main 32b c733 ic_m4 dickson table completed_valid t=0.0s
[     15s] main 32b c733 ic_m4 small_x table completed_valid t=0.0s
[     15s] main 32b c733 ic_m4 random_sub_r0 table completed_valid t=0.0s
[     15s] main 32b c733 ic_m4 random_sub_r1 table completed_valid t=0.0s
[     15s] main 32b c733 ic_m4 random_sub_r2 table completed_valid t=0.0s
[     15s] main 32b c733 ic_m4 known_null_sub table completed_valid t=0.1s
[     15s] main 32b c733 ic_m4 random_dick_r0 table completed_valid t=0.0s
[     15s] main 32b c733 ic_m4 random_dick_r1 table completed_valid t=0.0s
[     15s] main 32b c733 ic_m4 random_dick_r2 table completed_valid t=0.0s
[     15s] main 32b c733 ic_m4 known_null_dick table completed_valid t=0.0s
[     15s] main 32b c734 ic_m4 subgroup table completed_valid t=0.0s
[     15s] main 32b c734 ic_m4 dickson table completed_valid t=0.0s
[     15s] main 32b c734 ic_m4 small_x table completed_valid t=0.0s
[     15s] main 32b c734 ic_m4 random_sub_r0 table completed_valid t=0.1s
[     15s] main 32b c734 ic_m4 random_sub_r1 table completed_valid t=0.0s
[     15s] main 32b c734 ic_m4 random_sub_r2 table completed_valid t=0.0s
[     15s] main 32b c734 ic_m4 known_null_sub table completed_valid t=0.0s
[     15s] main 32b c734 ic_m4 random_dick_r0 table completed_valid t=0.0s
[     15s] main 32b c734 ic_m4 random_dick_r1 table completed_valid t=0.0s
[     15s] main 32b c734 ic_m4 random_dick_r2 table completed_valid t=0.0s
[     15s] main 32b c734 ic_m4 known_null_dick table completed_valid t=0.0s
[     16s] main 32b c735 ic_m4 subgroup table completed_valid t=0.1s
[     16s] main 32b c735 ic_m4 dickson table completed_valid t=0.1s
[     16s] main 32b c735 ic_m4 small_x table completed_valid t=0.0s
[     16s] main 32b c735 ic_m4 random_sub_r0 table completed_valid t=0.0s
[     16s] main 32b c735 ic_m4 random_sub_r1 table completed_valid t=0.0s
[     16s] main 32b c735 ic_m4 random_sub_r2 table completed_valid t=0.0s
[     16s] main 32b c735 ic_m4 known_null_sub table completed_valid t=0.1s
[     16s] main 32b c735 ic_m4 random_dick_r0 table completed_valid t=0.1s
[     16s] main 32b c735 ic_m4 random_dick_r1 table completed_valid t=0.0s
[     16s] main 32b c735 ic_m4 random_dick_r2 table completed_valid t=0.0s
[     16s] main 32b c735 ic_m4 known_null_dick table completed_valid t=0.0s
[     16s] main 32b c736 ic_m4 subgroup table completed_valid t=0.0s
[     16s] main 32b c736 ic_m4 dickson table completed_valid t=0.0s
[     16s] main 32b c736 ic_m4 small_x table completed_valid t=0.0s
[     16s] main 32b c736 ic_m4 random_sub_r0 table completed_valid t=0.0s
[     16s] main 32b c736 ic_m4 random_sub_r1 table completed_valid t=0.0s
[     16s] main 32b c736 ic_m4 random_sub_r2 table completed_valid t=0.0s
[     16s] main 32b c736 ic_m4 known_null_sub table completed_valid t=0.0s
[     16s] main 32b c736 ic_m4 random_dick_r0 table completed_valid t=0.0s
[     16s] main 32b c736 ic_m4 random_dick_r1 table completed_valid t=0.1s
[     16s] main 32b c736 ic_m4 random_dick_r2 table completed_valid t=0.0s
[     16s] main 32b c736 ic_m4 known_null_dick table completed_valid t=0.0s
[     17s] main 32b c737 ic_m4 subgroup table completed_valid t=0.0s
[     17s] main 32b c737 ic_m4 dickson table completed_valid t=0.0s
[     17s] main 32b c737 ic_m4 small_x table completed_valid t=0.0s
[     17s] main 32b c737 ic_m4 random_sub_r0 table completed_valid t=0.0s
[     17s] main 32b c737 ic_m4 random_sub_r1 table completed_valid t=0.0s
[     17s] main 32b c737 ic_m4 random_sub_r2 table completed_valid t=0.0s
[     17s] main 32b c737 ic_m4 known_null_sub table completed_valid t=0.0s
[     17s] main 32b c737 ic_m4 random_dick_r0 table completed_valid t=0.0s
[     17s] main 32b c737 ic_m4 random_dick_r1 table completed_valid t=0.0s
[     17s] main 32b c737 ic_m4 random_dick_r2 table completed_valid t=0.0s
[     17s] main 32b c737 ic_m4 known_null_dick table completed_valid t=0.0s
[     18s] main 32b c738 ic_m4 subgroup table completed_valid t=0.0s
[     18s] main 32b c738 ic_m4 dickson table completed_valid t=0.1s
[     18s] main 32b c738 ic_m4 small_x table completed_valid t=0.1s
[     18s] main 32b c738 ic_m4 random_sub_r0 table completed_valid t=0.1s
[     18s] main 32b c738 ic_m4 random_sub_r1 table completed_valid t=0.1s
[     18s] main 32b c738 ic_m4 random_sub_r2 table completed_valid t=0.1s
[     18s] main 32b c738 ic_m4 known_null_sub table completed_valid t=0.1s
[     18s] main 32b c738 ic_m4 random_dick_r0 table completed_valid t=0.1s
[     18s] main 32b c738 ic_m4 random_dick_r1 table completed_valid t=0.1s
[     18s] main 32b c738 ic_m4 random_dick_r2 table completed_valid t=0.1s
[     18s] main 32b c738 ic_m4 known_null_dick table completed_valid t=0.1s
[     19s] main 32b c739 ic_m4 subgroup table completed_valid t=0.1s
[     19s] main 32b c739 ic_m4 dickson table completed_valid t=0.1s
[     19s] main 32b c739 ic_m4 small_x table completed_valid t=0.1s
[     19s] main 32b c739 ic_m4 random_sub_r0 table completed_valid t=0.1s
[     19s] main 32b c739 ic_m4 random_sub_r1 table completed_valid t=0.1s
[     19s] main 32b c739 ic_m4 random_sub_r2 table completed_valid t=0.1s
[     19s] main 32b c739 ic_m4 known_null_sub table completed_valid t=0.0s
[     19s] main 32b c739 ic_m4 random_dick_r0 table completed_valid t=0.0s
[     19s] main 32b c739 ic_m4 random_dick_r1 table completed_valid t=0.0s
[     19s] main 32b c739 ic_m4 random_dick_r2 table completed_valid t=0.0s
[     19s] main 32b c739 ic_m4 known_null_dick table completed_valid t=0.0s
[     20s] main 32b c740 ic_m4 subgroup table completed_valid t=0.0s
[     20s] main 32b c740 ic_m4 dickson table completed_valid t=0.0s
[     20s] main 32b c740 ic_m4 small_x table completed_valid t=0.0s
[     20s] main 32b c740 ic_m4 random_sub_r0 table completed_valid t=0.0s
[     20s] main 32b c740 ic_m4 random_sub_r1 table completed_valid t=0.0s
[     20s] main 32b c740 ic_m4 random_sub_r2 table completed_valid t=0.0s
[     20s] main 32b c740 ic_m4 known_null_sub table completed_valid t=0.1s
[     20s] main 32b c740 ic_m4 random_dick_r0 table completed_valid t=0.1s
[     20s] main 32b c740 ic_m4 random_dick_r1 table completed_valid t=0.1s
[     20s] main 32b c740 ic_m4 random_dick_r2 table completed_valid t=0.1s
[     20s] main 32b c740 ic_m4 known_null_dick table completed_valid t=0.0s
[     20s] main 32b c741 ic_m4 subgroup table completed_valid t=0.0s
[     20s] main 32b c741 ic_m4 dickson table completed_valid t=0.0s
[     20s] main 32b c741 ic_m4 small_x table completed_valid t=0.0s
[     20s] main 32b c741 ic_m4 random_sub_r0 table completed_valid t=0.0s
[     20s] main 32b c741 ic_m4 random_sub_r1 table completed_valid t=0.0s
[     20s] main 32b c741 ic_m4 random_sub_r2 table completed_valid t=0.0s
[     20s] main 32b c741 ic_m4 known_null_sub table completed_valid t=0.0s
[     20s] main 32b c741 ic_m4 random_dick_r0 table completed_valid t=0.0s
[     20s] main 32b c741 ic_m4 random_dick_r1 table completed_valid t=0.0s
[     20s] main 32b c741 ic_m4 random_dick_r2 table completed_valid t=0.0s
[     20s] main 32b c741 ic_m4 known_null_dick table completed_valid t=0.0s
[     21s] main 32b c742 ic_m4 subgroup table completed_valid t=0.0s
[     21s] main 32b c742 ic_m4 dickson table completed_valid t=0.0s
[     21s] main 32b c742 ic_m4 small_x table completed_valid t=0.0s
[     21s] main 32b c742 ic_m4 random_sub_r0 table completed_valid t=0.0s
[     21s] main 32b c742 ic_m4 random_sub_r1 table completed_valid t=0.1s
[     21s] main 32b c742 ic_m4 random_sub_r2 table completed_valid t=0.1s
[     21s] main 32b c742 ic_m4 known_null_sub table completed_valid t=0.0s
[     21s] main 32b c742 ic_m4 random_dick_r0 table completed_valid t=0.0s
[     21s] main 32b c742 ic_m4 random_dick_r1 table completed_valid t=0.0s
[     21s] main 32b c742 ic_m4 random_dick_r2 table completed_valid t=0.0s
[     21s] main 32b c742 ic_m4 known_null_dick table completed_valid t=0.0s
[     22s] main 32b c743 ic_m4 subgroup table completed_valid t=0.0s
[     22s] main 32b c743 ic_m4 dickson table completed_valid t=0.0s
[     22s] main 32b c743 ic_m4 small_x table completed_valid t=0.1s
[     22s] main 32b c743 ic_m4 random_sub_r0 table completed_valid t=0.1s
[     22s] main 32b c743 ic_m4 random_sub_r1 table completed_valid t=0.0s
[     22s] main 32b c743 ic_m4 random_sub_r2 table completed_valid t=0.0s
[     22s] main 32b c743 ic_m4 known_null_sub table completed_valid t=0.0s
[     22s] main 32b c743 ic_m4 random_dick_r0 table completed_valid t=0.0s
[     22s] main 32b c743 ic_m4 random_dick_r1 table completed_valid t=0.0s
[     22s] main 32b c743 ic_m4 random_dick_r2 table completed_valid t=0.0s
[     22s] main 32b c743 ic_m4 known_null_dick table completed_valid t=0.0s
[     23s] main 32b c744 ic_m4 subgroup table completed_valid t=0.0s
[     23s] main 32b c744 ic_m4 dickson table completed_valid t=0.1s
[     23s] main 32b c744 ic_m4 small_x table completed_valid t=0.0s
[     23s] main 32b c744 ic_m4 random_sub_r0 table completed_valid t=0.1s
[     23s] main 32b c744 ic_m4 random_sub_r1 table completed_valid t=0.0s
[     23s] main 32b c744 ic_m4 random_sub_r2 table completed_valid t=0.0s
[     23s] main 32b c744 ic_m4 known_null_sub table completed_valid t=0.0s
[     23s] main 32b c744 ic_m4 random_dick_r0 table completed_valid t=0.1s
[     23s] main 32b c744 ic_m4 random_dick_r1 table completed_valid t=0.0s
[     23s] main 32b c744 ic_m4 random_dick_r2 table completed_valid t=0.1s
[     23s] main 32b c744 ic_m4 known_null_dick table completed_valid t=0.1s
[     23s] main 32b c745 ic_m4 subgroup table completed_valid t=0.0s
[     23s] main 32b c745 ic_m4 dickson table completed_valid t=0.0s
[     23s] main 32b c745 ic_m4 small_x table completed_valid t=0.0s
[     23s] main 32b c745 ic_m4 random_sub_r0 table completed_valid t=0.0s
[     23s] main 32b c745 ic_m4 random_sub_r1 table completed_valid t=0.0s
[     23s] main 32b c745 ic_m4 random_sub_r2 table completed_valid t=0.0s
[     23s] main 32b c745 ic_m4 known_null_sub table completed_valid t=0.0s
[     23s] main 32b c745 ic_m4 random_dick_r0 table completed_valid t=0.0s
[     23s] main 32b c745 ic_m4 random_dick_r1 table completed_valid t=0.0s
[     23s] main 32b c745 ic_m4 random_dick_r2 table completed_valid t=0.0s
[     23s] main 32b c745 ic_m4 known_null_dick table completed_valid t=0.0s
[     24s] main 32b c746 ic_m4 subgroup table completed_valid t=0.1s
[     24s] main 32b c746 ic_m4 dickson table completed_valid t=0.0s
[     24s] main 32b c746 ic_m4 small_x table completed_valid t=0.0s
[     24s] main 32b c746 ic_m4 random_sub_r0 table completed_valid t=0.0s
[     24s] main 32b c746 ic_m4 random_sub_r1 table completed_valid t=0.0s
[     24s] main 32b c746 ic_m4 random_sub_r2 table completed_valid t=0.0s
[     24s] main 32b c746 ic_m4 known_null_sub table completed_valid t=0.0s
[     24s] main 32b c746 ic_m4 random_dick_r0 table completed_valid t=0.0s
[     24s] main 32b c746 ic_m4 random_dick_r1 table completed_valid t=0.0s
[     24s] main 32b c746 ic_m4 random_dick_r2 table completed_valid t=0.0s
[     24s] main 32b c746 ic_m4 known_null_dick table completed_valid t=0.0s
[     25s] main 32b c747 ic_m4 subgroup table completed_valid t=0.1s
[     25s] main 32b c747 ic_m4 dickson table completed_valid t=0.0s
[     25s] main 32b c747 ic_m4 small_x table completed_valid t=0.1s
[     25s] main 32b c747 ic_m4 random_sub_r0 table completed_valid t=0.1s
[     25s] main 32b c747 ic_m4 random_sub_r1 table completed_valid t=0.1s
[     25s] main 32b c747 ic_m4 random_sub_r2 table completed_valid t=0.1s
[     25s] main 32b c747 ic_m4 known_null_sub table completed_valid t=0.1s
[     25s] main 32b c747 ic_m4 random_dick_r0 table completed_valid t=0.1s
[     25s] main 32b c747 ic_m4 random_dick_r1 table completed_valid t=0.0s
[     25s] main 32b c747 ic_m4 random_dick_r2 table completed_valid t=0.0s
[     25s] main 32b c747 ic_m4 known_null_dick table completed_valid t=0.0s
[     25s] main 32b c748 ic_m4 subgroup table completed_valid t=0.0s
[     25s] main 32b c748 ic_m4 dickson table completed_valid t=0.0s
[     25s] main 32b c748 ic_m4 small_x table completed_valid t=0.0s
[     25s] main 32b c748 ic_m4 random_sub_r0 table completed_valid t=0.0s
[     25s] main 32b c748 ic_m4 random_sub_r1 table completed_valid t=0.0s
[     25s] main 32b c748 ic_m4 random_sub_r2 table completed_valid t=0.0s
[     25s] main 32b c748 ic_m4 known_null_sub table completed_valid t=0.0s
[     25s] main 32b c748 ic_m4 random_dick_r0 table completed_valid t=0.1s
[     25s] main 32b c748 ic_m4 random_dick_r1 table completed_valid t=0.0s
[     25s] main 32b c748 ic_m4 random_dick_r2 table completed_valid t=0.0s
[     25s] main 32b c748 ic_m4 known_null_dick table completed_valid t=0.0s
[     26s] main 32b c749 ic_m4 subgroup table completed_valid t=0.0s
[     26s] main 32b c749 ic_m4 dickson table completed_valid t=0.0s
[     26s] main 32b c749 ic_m4 small_x table completed_valid t=0.0s
[     26s] main 32b c749 ic_m4 random_sub_r0 table completed_valid t=0.0s
[     26s] main 32b c749 ic_m4 random_sub_r1 table completed_valid t=0.1s
[     26s] main 32b c749 ic_m4 random_sub_r2 table completed_valid t=0.1s
[     26s] main 32b c749 ic_m4 known_null_sub table completed_valid t=0.1s
[     26s] main 32b c749 ic_m4 random_dick_r0 table completed_valid t=0.1s
[     26s] main 32b c749 ic_m4 random_dick_r1 table completed_valid t=0.1s
[     26s] main 32b c749 ic_m4 random_dick_r2 table completed_valid t=0.0s
[     26s] main 32b c749 ic_m4 known_null_dick table completed_valid t=0.0s
[     27s] main 32b c750 ic_m4 subgroup table completed_valid t=0.0s
[     27s] main 32b c750 ic_m4 dickson table completed_valid t=0.0s
[     27s] main 32b c750 ic_m4 small_x table completed_valid t=0.1s
[     27s] main 32b c750 ic_m4 random_sub_r0 table completed_valid t=0.1s
[     27s] main 32b c750 ic_m4 random_sub_r1 table completed_valid t=0.0s
[     27s] main 32b c750 ic_m4 random_sub_r2 table completed_valid t=0.0s
[     27s] main 32b c750 ic_m4 known_null_sub table completed_valid t=0.0s
[     27s] main 32b c750 ic_m4 random_dick_r0 table completed_valid t=0.0s
[     27s] main 32b c750 ic_m4 random_dick_r1 table completed_valid t=0.0s
[     27s] main 32b c750 ic_m4 random_dick_r2 table completed_valid t=0.0s
[     27s] main 32b c750 ic_m4 known_null_dick table completed_valid t=0.0s
[     27s] main 32b c751 ic_m4 subgroup table completed_valid t=0.0s
[     27s] main 32b c751 ic_m4 dickson table completed_valid t=0.0s
[     27s] main 32b c751 ic_m4 small_x table completed_valid t=0.0s
[     27s] main 32b c751 ic_m4 random_sub_r0 table completed_valid t=0.0s
[     27s] main 32b c751 ic_m4 random_sub_r1 table completed_valid t=0.0s
[     27s] main 32b c751 ic_m4 random_sub_r2 table completed_valid t=0.1s
[     27s] main 32b c751 ic_m4 known_null_sub table completed_valid t=0.0s
[     27s] main 32b c751 ic_m4 random_dick_r0 table completed_valid t=0.1s
[     27s] main 32b c751 ic_m4 random_dick_r1 table completed_valid t=0.0s
[     27s] main 32b c751 ic_m4 random_dick_r2 table completed_valid t=0.0s
[     27s] main 32b c751 ic_m4 known_null_dick table completed_valid t=0.0s
[     28s] main 32b c752 ic_m4 subgroup table completed_valid t=0.1s
[     28s] main 32b c752 ic_m4 dickson table completed_valid t=0.0s
[     28s] main 32b c752 ic_m4 small_x table completed_valid t=0.0s
[     28s] main 32b c752 ic_m4 random_sub_r0 table completed_valid t=0.0s
[     28s] main 32b c752 ic_m4 random_sub_r1 table completed_valid t=0.0s
[     28s] main 32b c752 ic_m4 random_sub_r2 table completed_valid t=0.0s
[     28s] main 32b c752 ic_m4 known_null_sub table completed_valid t=0.0s
[     28s] main 32b c752 ic_m4 random_dick_r0 table completed_valid t=0.0s
[     28s] main 32b c752 ic_m4 random_dick_r1 table completed_valid t=0.0s
[     28s] main 32b c752 ic_m4 random_dick_r2 table completed_valid t=0.0s
[     28s] main 32b c752 ic_m4 known_null_dick table completed_valid t=0.0s
[     28s] main 32b c753 ic_m4 subgroup table completed_valid t=0.0s
[     28s] main 32b c753 ic_m4 dickson table completed_valid t=0.0s
[     28s] main 32b c753 ic_m4 small_x table completed_valid t=0.0s
[     28s] main 32b c753 ic_m4 random_sub_r0 table completed_valid t=0.0s
[     28s] main 32b c753 ic_m4 random_sub_r1 table completed_valid t=0.0s
[     28s] main 32b c753 ic_m4 random_sub_r2 table completed_valid t=0.0s
[     28s] main 32b c753 ic_m4 known_null_sub table completed_valid t=0.0s
[     28s] main 32b c753 ic_m4 random_dick_r0 table completed_valid t=0.0s
[     28s] main 32b c753 ic_m4 random_dick_r1 table completed_valid t=0.0s
[     28s] main 32b c753 ic_m4 random_dick_r2 table completed_valid t=0.0s
[     28s] main 32b c753 ic_m4 known_null_dick table completed_valid t=0.0s
[     29s] main 32b c754 ic_m4 subgroup table completed_valid t=0.0s
[     29s] main 32b c754 ic_m4 dickson table completed_valid t=0.0s
[     29s] main 32b c754 ic_m4 small_x table completed_valid t=0.0s
[     29s] main 32b c754 ic_m4 random_sub_r0 table completed_valid t=0.1s
[     29s] main 32b c754 ic_m4 random_sub_r1 table completed_valid t=0.1s
[     29s] main 32b c754 ic_m4 random_sub_r2 table completed_valid t=0.0s
[     29s] main 32b c754 ic_m4 known_null_sub table completed_valid t=0.0s
[     29s] main 32b c754 ic_m4 random_dick_r0 table completed_valid t=0.0s
[     29s] main 32b c754 ic_m4 random_dick_r1 table completed_valid t=0.0s
[     29s] main 32b c754 ic_m4 random_dick_r2 table completed_valid t=0.0s
[     29s] main 32b c754 ic_m4 known_null_dick table completed_valid t=0.0s
[     30s] main 32b c755 ic_m4 subgroup table completed_valid t=0.0s
[     30s] main 32b c755 ic_m4 dickson table completed_valid t=0.0s
[     30s] main 32b c755 ic_m4 small_x table completed_valid t=0.0s
[     30s] main 32b c755 ic_m4 random_sub_r0 table completed_valid t=0.0s
[     30s] main 32b c755 ic_m4 random_sub_r1 table completed_valid t=0.0s
[     30s] main 32b c755 ic_m4 random_sub_r2 table completed_valid t=0.0s
[     30s] main 32b c755 ic_m4 known_null_sub table completed_valid t=0.0s
[     30s] main 32b c755 ic_m4 random_dick_r0 table completed_valid t=0.0s
[     30s] main 32b c755 ic_m4 random_dick_r1 table completed_valid t=0.0s
[     30s] main 32b c755 ic_m4 random_dick_r2 table completed_valid t=0.0s
[     30s] main 32b c755 ic_m4 known_null_dick table completed_valid t=0.0s
[     30s] main 32b c756 ic_m4 subgroup table completed_valid t=0.1s
[     30s] main 32b c756 ic_m4 dickson table completed_valid t=0.0s
[     30s] main 32b c756 ic_m4 small_x table completed_valid t=0.0s
[     30s] main 32b c756 ic_m4 random_sub_r0 table completed_valid t=0.0s
[     30s] main 32b c756 ic_m4 random_sub_r1 table completed_valid t=0.0s
[     30s] main 32b c756 ic_m4 random_sub_r2 table completed_valid t=0.0s
[     30s] main 32b c756 ic_m4 known_null_sub table completed_valid t=0.0s
[     30s] main 32b c756 ic_m4 random_dick_r0 table completed_valid t=0.0s
[     30s] main 32b c756 ic_m4 random_dick_r1 table completed_valid t=0.0s
[     30s] main 32b c756 ic_m4 random_dick_r2 table completed_valid t=0.0s
[     30s] main 32b c756 ic_m4 known_null_dick table completed_valid t=0.0s
[     31s] main 32b c757 ic_m4 subgroup table completed_valid t=0.0s
[     31s] main 32b c757 ic_m4 dickson table completed_valid t=0.0s
[     31s] main 32b c757 ic_m4 small_x table completed_valid t=0.0s
[     31s] main 32b c757 ic_m4 random_sub_r0 table completed_valid t=0.0s
[     31s] main 32b c757 ic_m4 random_sub_r1 table completed_valid t=0.0s
[     31s] main 32b c757 ic_m4 random_sub_r2 table completed_valid t=0.0s
[     31s] main 32b c757 ic_m4 known_null_sub table completed_valid t=0.0s
[     31s] main 32b c757 ic_m4 random_dick_r0 table completed_valid t=0.0s
[     31s] main 32b c757 ic_m4 random_dick_r1 table completed_valid t=0.0s
[     31s] main 32b c757 ic_m4 random_dick_r2 table completed_valid t=0.0s
[     31s] main 32b c757 ic_m4 known_null_dick table completed_valid t=0.0s
[     32s] main 32b c758 ic_m4 subgroup table completed_valid t=0.0s
[     32s] main 32b c758 ic_m4 dickson table completed_valid t=0.0s
[     32s] main 32b c758 ic_m4 small_x table completed_valid t=0.0s
[     32s] main 32b c758 ic_m4 random_sub_r0 table completed_valid t=0.0s
[     32s] main 32b c758 ic_m4 random_sub_r1 table completed_valid t=0.0s
[     32s] main 32b c758 ic_m4 random_sub_r2 table completed_valid t=0.0s
[     32s] main 32b c758 ic_m4 known_null_sub table completed_valid t=0.0s
[     32s] main 32b c758 ic_m4 random_dick_r0 table completed_valid t=0.0s
[     32s] main 32b c758 ic_m4 random_dick_r1 table completed_valid t=0.0s
[     32s] main 32b c758 ic_m4 random_dick_r2 table completed_valid t=0.0s
[     32s] main 32b c758 ic_m4 known_null_dick table completed_valid t=0.0s
[     32s] main 32b c759 ic_m4 subgroup table completed_valid t=0.0s
[     32s] main 32b c759 ic_m4 dickson table completed_valid t=0.0s
[     32s] main 32b c759 ic_m4 small_x table completed_valid t=0.0s
[     32s] main 32b c759 ic_m4 random_sub_r0 table completed_valid t=0.0s
[     32s] main 32b c759 ic_m4 random_sub_r1 table completed_valid t=0.0s
[     32s] main 32b c759 ic_m4 random_sub_r2 table completed_valid t=0.0s
[     32s] main 32b c759 ic_m4 known_null_sub table completed_valid t=0.0s
[     32s] main 32b c759 ic_m4 random_dick_r0 table completed_valid t=0.0s
[     32s] main 32b c759 ic_m4 random_dick_r1 table completed_valid t=0.0s
[     32s] main 32b c759 ic_m4 random_dick_r2 table completed_valid t=0.0s
[     32s] main 32b c759 ic_m4 known_null_dick table completed_valid t=0.0s
[     33s] main 32b c760 ic_m4 subgroup table completed_valid t=0.0s
[     33s] main 32b c760 ic_m4 dickson table completed_valid t=0.0s
[     33s] main 32b c760 ic_m4 small_x table completed_valid t=0.0s
[     33s] main 32b c760 ic_m4 random_sub_r0 table completed_valid t=0.0s
[     33s] main 32b c760 ic_m4 random_sub_r1 table completed_valid t=0.0s
[     33s] main 32b c760 ic_m4 random_sub_r2 table completed_valid t=0.0s
[     33s] main 32b c760 ic_m4 known_null_sub table completed_valid t=0.1s
[     33s] main 32b c760 ic_m4 random_dick_r0 table completed_valid t=0.0s
[     33s] main 32b c760 ic_m4 random_dick_r1 table completed_valid t=0.0s
[     33s] main 32b c760 ic_m4 random_dick_r2 table completed_valid t=0.0s
[     33s] main 32b c760 ic_m4 known_null_dick table completed_valid t=0.0s
[     34s] main 32b c761 ic_m4 subgroup table completed_valid t=0.0s
[     34s] main 32b c761 ic_m4 dickson table completed_valid t=0.0s
[     34s] main 32b c761 ic_m4 small_x table completed_valid t=0.0s
[     34s] main 32b c761 ic_m4 random_sub_r0 table completed_valid t=0.0s
[     34s] main 32b c761 ic_m4 random_sub_r1 table completed_valid t=0.0s
[     34s] main 32b c761 ic_m4 random_sub_r2 table completed_valid t=0.0s
[     34s] main 32b c761 ic_m4 known_null_sub table completed_valid t=0.0s
[     34s] main 32b c761 ic_m4 random_dick_r0 table completed_valid t=0.0s
[     34s] main 32b c761 ic_m4 random_dick_r1 table completed_valid t=0.0s
[     34s] main 32b c761 ic_m4 random_dick_r2 table completed_valid t=0.0s
[     34s] main 32b c761 ic_m4 known_null_dick table completed_valid t=0.0s
[     34s] main 32b c762 ic_m4 subgroup table completed_valid t=0.0s
[     34s] main 32b c762 ic_m4 dickson table completed_valid t=0.0s
[     34s] main 32b c762 ic_m4 small_x table completed_valid t=0.0s
[     34s] main 32b c762 ic_m4 random_sub_r0 table completed_valid t=0.0s
[     34s] main 32b c762 ic_m4 random_sub_r1 table completed_valid t=0.0s
[     34s] main 32b c762 ic_m4 random_sub_r2 table completed_valid t=0.0s
[     34s] main 32b c762 ic_m4 known_null_sub table completed_valid t=0.0s
[     34s] main 32b c762 ic_m4 random_dick_r0 table completed_valid t=0.0s
[     34s] main 32b c762 ic_m4 random_dick_r1 table completed_valid t=0.0s
[     34s] main 32b c762 ic_m4 random_dick_r2 table completed_valid t=0.0s
[     34s] main 32b c762 ic_m4 known_null_dick table completed_valid t=0.0s
[     35s] main 32b c763 ic_m4 subgroup table completed_valid t=0.0s
[     35s] main 32b c763 ic_m4 dickson table completed_valid t=0.0s
[     35s] main 32b c763 ic_m4 small_x table completed_valid t=0.0s
[     35s] main 32b c763 ic_m4 random_sub_r0 table completed_valid t=0.1s
[     35s] main 32b c763 ic_m4 random_sub_r1 table completed_valid t=0.1s
[     35s] main 32b c763 ic_m4 random_sub_r2 table completed_valid t=0.0s
[     35s] main 32b c763 ic_m4 known_null_sub table completed_valid t=0.0s
[     35s] main 32b c763 ic_m4 random_dick_r0 table completed_valid t=0.0s
[     35s] main 32b c763 ic_m4 random_dick_r1 table completed_valid t=0.0s
[     35s] main 32b c763 ic_m4 random_dick_r2 table completed_valid t=0.1s
[     35s] main 32b c763 ic_m4 known_null_dick table completed_valid t=0.0s
[     36s] main 32b c764 ic_m4 subgroup table completed_valid t=0.0s
[     36s] main 32b c764 ic_m4 dickson table completed_valid t=0.0s
[     36s] main 32b c764 ic_m4 small_x table completed_valid t=0.0s
[     36s] main 32b c764 ic_m4 random_sub_r0 table completed_valid t=0.0s
[     36s] main 32b c764 ic_m4 random_sub_r1 table completed_valid t=0.1s
[     36s] main 32b c764 ic_m4 random_sub_r2 table completed_valid t=0.0s
[     36s] main 32b c764 ic_m4 known_null_sub table completed_valid t=0.0s
[     36s] main 32b c764 ic_m4 random_dick_r0 table completed_valid t=0.0s
[     36s] main 32b c764 ic_m4 random_dick_r1 table completed_valid t=0.0s
[     36s] main 32b c764 ic_m4 random_dick_r2 table completed_valid t=0.1s
[     36s] main 32b c764 ic_m4 known_null_dick table completed_valid t=0.0s
[     37s] main 32b c765 ic_m4 subgroup table completed_valid t=0.0s
[     37s] main 32b c765 ic_m4 dickson table completed_valid t=0.0s
[     37s] main 32b c765 ic_m4 small_x table completed_valid t=0.0s
[     37s] main 32b c765 ic_m4 random_sub_r0 table completed_valid t=0.0s
[     37s] main 32b c765 ic_m4 random_sub_r1 table completed_valid t=0.0s
[     37s] main 32b c765 ic_m4 random_sub_r2 table completed_valid t=0.0s
[     37s] main 32b c765 ic_m4 known_null_sub table completed_valid t=0.0s
[     37s] main 32b c765 ic_m4 random_dick_r0 table completed_valid t=0.0s
[     37s] main 32b c765 ic_m4 random_dick_r1 table completed_valid t=0.0s
[     37s] main 32b c765 ic_m4 random_dick_r2 table completed_valid t=0.0s
[     37s] main 32b c765 ic_m4 known_null_dick table completed_valid t=0.0s
[     37s] main 32b c766 ic_m4 subgroup table completed_valid t=0.0s
[     37s] main 32b c766 ic_m4 dickson table completed_valid t=0.1s
[     37s] main 32b c766 ic_m4 small_x table completed_valid t=0.0s
[     37s] main 32b c766 ic_m4 random_sub_r0 table completed_valid t=0.0s
[     37s] main 32b c766 ic_m4 random_sub_r1 table completed_valid t=0.1s
[     37s] main 32b c766 ic_m4 random_sub_r2 table completed_valid t=0.0s
[     37s] main 32b c766 ic_m4 known_null_sub table completed_valid t=0.1s
[     37s] main 32b c766 ic_m4 random_dick_r0 table completed_valid t=0.1s
[     37s] main 32b c766 ic_m4 random_dick_r1 table completed_valid t=0.0s
[     37s] main 32b c766 ic_m4 random_dick_r2 table completed_valid t=0.0s
[     37s] main 32b c766 ic_m4 known_null_dick table completed_valid t=0.0s
[     38s] main 32b c767 ic_m4 subgroup table completed_valid t=0.0s
[     38s] main 32b c767 ic_m4 dickson table completed_valid t=0.0s
[     38s] main 32b c767 ic_m4 small_x table completed_valid t=0.0s
[     38s] main 32b c767 ic_m4 random_sub_r0 table completed_valid t=0.0s
[     38s] main 32b c767 ic_m4 random_sub_r1 table completed_valid t=0.0s
[     38s] main 32b c767 ic_m4 random_sub_r2 table completed_valid t=0.0s
[     38s] main 32b c767 ic_m4 known_null_sub table completed_valid t=0.0s
[     38s] main 32b c767 ic_m4 random_dick_r0 table completed_valid t=0.0s
[     38s] main 32b c767 ic_m4 random_dick_r1 table completed_valid t=0.0s
[     38s] main 32b c767 ic_m4 random_dick_r2 table completed_valid t=0.0s
[     38s] main 32b c767 ic_m4 known_null_dick table completed_valid t=0.0s
[     39s] main 32b c768 ic_m4 subgroup table completed_valid t=0.0s
[     39s] main 32b c768 ic_m4 dickson table completed_valid t=0.0s
[     39s] main 32b c768 ic_m4 small_x table completed_valid t=0.1s
[     39s] main 32b c768 ic_m4 random_sub_r0 table completed_valid t=0.1s
[     39s] main 32b c768 ic_m4 random_sub_r1 table completed_valid t=0.0s
[     39s] main 32b c768 ic_m4 random_sub_r2 table completed_valid t=0.1s
[     39s] main 32b c768 ic_m4 known_null_sub table completed_valid t=0.1s
[     39s] main 32b c768 ic_m4 random_dick_r0 table completed_valid t=0.0s
[     39s] main 32b c768 ic_m4 random_dick_r1 table completed_valid t=0.1s
[     39s] main 32b c768 ic_m4 random_dick_r2 table completed_valid t=0.0s
[     39s] main 32b c768 ic_m4 known_null_dick table completed_valid t=0.0s
[     39s] main 32b c769 ic_m4 subgroup table completed_valid t=0.0s
[     39s] main 32b c769 ic_m4 dickson table completed_valid t=0.0s
[     39s] main 32b c769 ic_m4 small_x table completed_valid t=0.0s
[     39s] main 32b c769 ic_m4 random_sub_r0 table completed_valid t=0.0s
[     39s] main 32b c769 ic_m4 random_sub_r1 table completed_valid t=0.0s
[     39s] main 32b c769 ic_m4 random_sub_r2 table completed_valid t=0.0s
[     39s] main 32b c769 ic_m4 known_null_sub table completed_valid t=0.0s
[     39s] main 32b c769 ic_m4 random_dick_r0 table completed_valid t=0.0s
[     39s] main 32b c769 ic_m4 random_dick_r1 table completed_valid t=0.0s
[     39s] main 32b c769 ic_m4 random_dick_r2 table completed_valid t=0.0s
[     39s] main 32b c769 ic_m4 known_null_dick table completed_valid t=0.0s
[     40s] main 32b c770 ic_m4 subgroup table completed_valid t=0.0s
[     40s] main 32b c770 ic_m4 dickson table completed_valid t=0.0s
[     40s] main 32b c770 ic_m4 small_x table completed_valid t=0.0s
[     40s] main 32b c770 ic_m4 random_sub_r0 table completed_valid t=0.0s
[     40s] main 32b c770 ic_m4 random_sub_r1 table completed_valid t=0.0s
[     40s] main 32b c770 ic_m4 random_sub_r2 table completed_valid t=0.1s
[     40s] main 32b c770 ic_m4 known_null_sub table completed_valid t=0.0s
[     40s] main 32b c770 ic_m4 random_dick_r0 table completed_valid t=0.0s
[     40s] main 32b c770 ic_m4 random_dick_r1 table completed_valid t=0.1s
[     40s] main 32b c770 ic_m4 random_dick_r2 table completed_valid t=0.1s
[     40s] main 32b c770 ic_m4 known_null_dick table completed_valid t=0.0s
[     41s] main 32b c771 ic_m4 subgroup table completed_valid t=0.0s
[     41s] main 32b c771 ic_m4 dickson table completed_valid t=0.0s
[     41s] main 32b c771 ic_m4 small_x table completed_valid t=0.0s
[     41s] main 32b c771 ic_m4 random_sub_r0 table completed_valid t=0.0s
[     41s] main 32b c771 ic_m4 random_sub_r1 table completed_valid t=0.0s
[     41s] main 32b c771 ic_m4 random_sub_r2 table completed_valid t=0.0s
[     41s] main 32b c771 ic_m4 known_null_sub table completed_valid t=0.0s
[     41s] main 32b c771 ic_m4 random_dick_r0 table completed_valid t=0.0s
[     41s] main 32b c771 ic_m4 random_dick_r1 table completed_valid t=0.0s
[     41s] main 32b c771 ic_m4 random_dick_r2 table completed_valid t=0.0s
[     41s] main 32b c771 ic_m4 known_null_dick table completed_valid t=0.0s
[     41s] main 32b c772 ic_m4 subgroup table completed_valid t=0.0s
[     41s] main 32b c772 ic_m4 dickson table completed_valid t=0.0s
[     41s] main 32b c772 ic_m4 small_x table completed_valid t=0.1s
[     41s] main 32b c772 ic_m4 random_sub_r0 table completed_valid t=0.1s
[     41s] main 32b c772 ic_m4 random_sub_r1 table completed_valid t=0.0s
[     41s] main 32b c772 ic_m4 random_sub_r2 table completed_valid t=0.0s
[     41s] main 32b c772 ic_m4 known_null_sub table completed_valid t=0.0s
[     41s] main 32b c772 ic_m4 random_dick_r0 table completed_valid t=0.0s
[     41s] main 32b c772 ic_m4 random_dick_r1 table completed_valid t=0.0s
[     41s] main 32b c772 ic_m4 random_dick_r2 table completed_valid t=0.0s
[     41s] main 32b c772 ic_m4 known_null_dick table completed_valid t=0.0s
[     42s] main 32b c773 ic_m4 subgroup table completed_valid t=0.1s
[     42s] main 32b c773 ic_m4 dickson table completed_valid t=0.0s
[     42s] main 32b c773 ic_m4 small_x table completed_valid t=0.0s
[     42s] main 32b c773 ic_m4 random_sub_r0 table completed_valid t=0.0s
[     42s] main 32b c773 ic_m4 random_sub_r1 table completed_valid t=0.0s
[     42s] main 32b c773 ic_m4 random_sub_r2 table completed_valid t=0.0s
[     42s] main 32b c773 ic_m4 known_null_sub table completed_valid t=0.0s
[     42s] main 32b c773 ic_m4 random_dick_r0 table completed_valid t=0.0s
[     42s] main 32b c773 ic_m4 random_dick_r1 table completed_valid t=0.0s
[     42s] main 32b c773 ic_m4 random_dick_r2 table completed_valid t=0.1s
[     42s] main 32b c773 ic_m4 known_null_dick table completed_valid t=0.1s
[     43s] main 32b c774 ic_m4 subgroup table completed_valid t=0.0s
[     43s] main 32b c774 ic_m4 dickson table completed_valid t=0.0s
[     43s] main 32b c774 ic_m4 small_x table completed_valid t=0.0s
[     43s] main 32b c774 ic_m4 random_sub_r0 table completed_valid t=0.0s
[     43s] main 32b c774 ic_m4 random_sub_r1 table completed_valid t=0.0s
[     43s] main 32b c774 ic_m4 random_sub_r2 table completed_valid t=0.0s
[     43s] main 32b c774 ic_m4 known_null_sub table completed_valid t=0.0s
[     43s] main 32b c774 ic_m4 random_dick_r0 table completed_valid t=0.0s
[     43s] main 32b c774 ic_m4 random_dick_r1 table completed_valid t=0.0s
[     43s] main 32b c774 ic_m4 random_dick_r2 table completed_valid t=0.0s
[     43s] main 32b c774 ic_m4 known_null_dick table completed_valid t=0.0s
[     43s] main 32b c775 ic_m4 subgroup table completed_valid t=0.0s
[     43s] main 32b c775 ic_m4 dickson table completed_valid t=0.0s
[     43s] main 32b c775 ic_m4 small_x table completed_valid t=0.0s
[     43s] main 32b c775 ic_m4 random_sub_r0 table completed_valid t=0.0s
[     43s] main 32b c775 ic_m4 random_sub_r1 table completed_valid t=0.0s
[     43s] main 32b c775 ic_m4 random_sub_r2 table completed_valid t=0.0s
[     43s] main 32b c775 ic_m4 known_null_sub table completed_valid t=0.0s
[     43s] main 32b c775 ic_m4 random_dick_r0 table completed_valid t=0.0s
[     43s] main 32b c775 ic_m4 random_dick_r1 table completed_valid t=0.0s
[     43s] main 32b c775 ic_m4 random_dick_r2 table completed_valid t=0.0s
[     43s] main 32b c775 ic_m4 known_null_dick table completed_valid t=0.0s
[     44s] main 32b c776 ic_m4 subgroup table completed_valid t=0.0s
[     44s] main 32b c776 ic_m4 dickson table completed_valid t=0.0s
[     44s] main 32b c776 ic_m4 small_x table completed_valid t=0.0s
[     44s] main 32b c776 ic_m4 random_sub_r0 table completed_valid t=0.0s
[     44s] main 32b c776 ic_m4 random_sub_r1 table completed_valid t=0.0s
[     44s] main 32b c776 ic_m4 random_sub_r2 table completed_valid t=0.0s
[     44s] main 32b c776 ic_m4 known_null_sub table completed_valid t=0.0s
[     44s] main 32b c776 ic_m4 random_dick_r0 table completed_valid t=0.0s
[     44s] main 32b c776 ic_m4 random_dick_r1 table completed_valid t=0.0s
[     44s] main 32b c776 ic_m4 random_dick_r2 table completed_valid t=0.0s
[     44s] main 32b c776 ic_m4 known_null_dick table completed_valid t=0.0s
[     44s] main 32b c777 ic_m4 subgroup table completed_valid t=0.0s
[     44s] main 32b c777 ic_m4 dickson table completed_valid t=0.0s
[     44s] main 32b c777 ic_m4 small_x table completed_valid t=0.0s
[     44s] main 32b c777 ic_m4 random_sub_r0 table completed_valid t=0.0s
[     44s] main 32b c777 ic_m4 random_sub_r1 table completed_valid t=0.0s
[     44s] main 32b c777 ic_m4 random_sub_r2 table completed_valid t=0.0s
[     44s] main 32b c777 ic_m4 known_null_sub table completed_valid t=0.0s
[     44s] main 32b c777 ic_m4 random_dick_r0 table completed_valid t=0.0s
[     44s] main 32b c777 ic_m4 random_dick_r1 table completed_valid t=0.0s
[     44s] main 32b c777 ic_m4 random_dick_r2 table completed_valid t=0.0s
[     44s] main 32b c777 ic_m4 known_null_dick table completed_valid t=0.1s
[     45s] main 32b c778 ic_m4 subgroup table completed_valid t=0.0s
[     45s] main 32b c778 ic_m4 dickson table completed_valid t=0.0s
[     45s] main 32b c778 ic_m4 small_x table completed_valid t=0.0s
[     45s] main 32b c778 ic_m4 random_sub_r0 table completed_valid t=0.0s
[     45s] main 32b c778 ic_m4 random_sub_r1 table completed_valid t=0.0s
[     45s] main 32b c778 ic_m4 random_sub_r2 table completed_valid t=0.0s
[     45s] main 32b c778 ic_m4 known_null_sub table completed_valid t=0.0s
[     45s] main 32b c778 ic_m4 random_dick_r0 table completed_valid t=0.0s
[     45s] main 32b c778 ic_m4 random_dick_r1 table completed_valid t=0.0s
[     45s] main 32b c778 ic_m4 random_dick_r2 table completed_valid t=0.0s
[     45s] main 32b c778 ic_m4 known_null_dick table completed_valid t=0.0s
[     45s] main 32b c779 ic_m4 subgroup table completed_valid t=0.0s
[     45s] main 32b c779 ic_m4 dickson table completed_valid t=0.0s
[     45s] main 32b c779 ic_m4 small_x table completed_valid t=0.0s
[     45s] main 32b c779 ic_m4 random_sub_r0 table completed_valid t=0.0s
[     45s] main 32b c779 ic_m4 random_sub_r1 table completed_valid t=0.0s
[     45s] main 32b c779 ic_m4 random_sub_r2 table completed_valid t=0.0s
[     45s] main 32b c779 ic_m4 known_null_sub table completed_valid t=0.0s
[     45s] main 32b c779 ic_m4 random_dick_r0 table completed_valid t=0.0s
[     45s] main 32b c779 ic_m4 random_dick_r1 table completed_valid t=0.0s
[     45s] main 32b c779 ic_m4 random_dick_r2 table completed_valid t=0.0s
[     45s] main 32b c779 ic_m4 known_null_dick table completed_valid t=0.0s
[     46s] main 32b c780 ic_m4 subgroup table completed_valid t=0.0s
[     46s] main 32b c780 ic_m4 dickson table completed_valid t=0.0s
[     46s] main 32b c780 ic_m4 small_x table completed_valid t=0.0s
[     46s] main 32b c780 ic_m4 random_sub_r0 table completed_valid t=0.0s
[     46s] main 32b c780 ic_m4 random_sub_r1 table completed_valid t=0.0s
[     46s] main 32b c780 ic_m4 random_sub_r2 table completed_valid t=0.0s
[     46s] main 32b c780 ic_m4 known_null_sub table completed_valid t=0.0s
[     46s] main 32b c780 ic_m4 random_dick_r0 table completed_valid t=0.0s
[     46s] main 32b c780 ic_m4 random_dick_r1 table completed_valid t=0.0s
[     46s] main 32b c780 ic_m4 random_dick_r2 table completed_valid t=0.0s
[     46s] main 32b c780 ic_m4 known_null_dick table completed_valid t=0.0s
[     47s] main 32b c781 ic_m4 subgroup table completed_valid t=0.0s
[     47s] main 32b c781 ic_m4 dickson table completed_valid t=0.0s
[     47s] main 32b c781 ic_m4 small_x table completed_valid t=0.0s
[     47s] main 32b c781 ic_m4 random_sub_r0 table completed_valid t=0.0s
[     47s] main 32b c781 ic_m4 random_sub_r1 table completed_valid t=0.0s
[     47s] main 32b c781 ic_m4 random_sub_r2 table completed_valid t=0.0s
[     47s] main 32b c781 ic_m4 known_null_sub table completed_valid t=0.0s
[     47s] main 32b c781 ic_m4 random_dick_r0 table completed_valid t=0.0s
[     47s] main 32b c781 ic_m4 random_dick_r1 table completed_valid t=0.0s
[     47s] main 32b c781 ic_m4 random_dick_r2 table completed_valid t=0.1s
[     47s] main 32b c781 ic_m4 known_null_dick table completed_valid t=0.1s
[     47s] main 32b c782 ic_m4 subgroup table completed_valid t=0.1s
[     47s] main 32b c782 ic_m4 dickson table completed_valid t=0.0s
[     47s] main 32b c782 ic_m4 small_x table completed_valid t=0.0s
[     47s] main 32b c782 ic_m4 random_sub_r0 table completed_valid t=0.0s
[     47s] main 32b c782 ic_m4 random_sub_r1 table completed_valid t=0.0s
[     47s] main 32b c782 ic_m4 random_sub_r2 table completed_valid t=0.0s
[     47s] main 32b c782 ic_m4 known_null_sub table completed_valid t=0.0s
[     47s] main 32b c782 ic_m4 random_dick_r0 table completed_valid t=0.0s
[     47s] main 32b c782 ic_m4 random_dick_r1 table completed_valid t=0.0s
[     47s] main 32b c782 ic_m4 random_dick_r2 table completed_valid t=0.0s
[     47s] main 32b c782 ic_m4 known_null_dick table completed_valid t=0.0s
[     48s] main 32b c783 ic_m4 subgroup table completed_valid t=0.1s
[     48s] main 32b c783 ic_m4 dickson table completed_valid t=0.1s
[     48s] main 32b c783 ic_m4 small_x table completed_valid t=0.0s
[     48s] main 32b c783 ic_m4 random_sub_r0 table completed_valid t=0.0s
[     48s] main 32b c783 ic_m4 random_sub_r1 table completed_valid t=0.0s
[     48s] main 32b c783 ic_m4 random_sub_r2 table completed_valid t=0.1s
[     48s] main 32b c783 ic_m4 known_null_sub table completed_valid t=0.0s
[     48s] main 32b c783 ic_m4 random_dick_r0 table completed_valid t=0.0s
[     48s] main 32b c783 ic_m4 random_dick_r1 table completed_valid t=0.0s
[     48s] main 32b c783 ic_m4 random_dick_r2 table completed_valid t=0.0s
[     48s] main 32b c783 ic_m4 known_null_dick table completed_valid t=0.0s
[     49s] main 32b c784 ic_m4 subgroup table completed_valid t=0.1s
[     49s] main 32b c784 ic_m4 dickson table completed_valid t=0.0s
[     49s] main 32b c784 ic_m4 small_x table completed_valid t=0.0s
[     49s] main 32b c784 ic_m4 random_sub_r0 table completed_valid t=0.0s
[     49s] main 32b c784 ic_m4 random_sub_r1 table completed_valid t=0.1s
[     49s] main 32b c784 ic_m4 random_sub_r2 table completed_valid t=0.1s
[     49s] main 32b c784 ic_m4 known_null_sub table completed_valid t=0.0s
[     49s] main 32b c784 ic_m4 random_dick_r0 table completed_valid t=0.1s
[     49s] main 32b c784 ic_m4 random_dick_r1 table completed_valid t=0.0s
[     49s] main 32b c784 ic_m4 random_dick_r2 table completed_valid t=0.0s
[     49s] main 32b c784 ic_m4 known_null_dick table completed_valid t=0.0s
[     49s] main 32b c785 ic_m4 subgroup table completed_valid t=0.0s
[     49s] main 32b c785 ic_m4 dickson table completed_valid t=0.0s
[     49s] main 32b c785 ic_m4 small_x table completed_valid t=0.0s
[     49s] main 32b c785 ic_m4 random_sub_r0 table completed_valid t=0.0s
[     49s] main 32b c785 ic_m4 random_sub_r1 table completed_valid t=0.0s
[     49s] main 32b c785 ic_m4 random_sub_r2 table completed_valid t=0.0s
[     49s] main 32b c785 ic_m4 known_null_sub table completed_valid t=0.0s
[     49s] main 32b c785 ic_m4 random_dick_r0 table completed_valid t=0.0s
[     49s] main 32b c785 ic_m4 random_dick_r1 table completed_valid t=0.0s
[     49s] main 32b c785 ic_m4 random_dick_r2 table completed_valid t=0.0s
[     49s] main 32b c785 ic_m4 known_null_dick table completed_valid t=0.0s
[     50s] main 32b c786 ic_m4 subgroup table completed_valid t=0.0s
[     50s] main 32b c786 ic_m4 dickson table completed_valid t=0.0s
[     50s] main 32b c786 ic_m4 small_x table completed_valid t=0.0s
[     50s] main 32b c786 ic_m4 random_sub_r0 table completed_valid t=0.0s
[     50s] main 32b c786 ic_m4 random_sub_r1 table completed_valid t=0.0s
[     50s] main 32b c786 ic_m4 random_sub_r2 table completed_valid t=0.0s
[     50s] main 32b c786 ic_m4 known_null_sub table completed_valid t=0.0s
[     50s] main 32b c786 ic_m4 random_dick_r0 table completed_valid t=0.0s
[     50s] main 32b c786 ic_m4 random_dick_r1 table completed_valid t=0.0s
[     50s] main 32b c786 ic_m4 random_dick_r2 table completed_valid t=0.0s
[     50s] main 32b c786 ic_m4 known_null_dick table completed_valid t=0.0s
[     51s] main 32b c787 ic_m4 subgroup table completed_valid t=0.0s
[     51s] main 32b c787 ic_m4 dickson table completed_valid t=0.0s
[     51s] main 32b c787 ic_m4 small_x table completed_valid t=0.0s
[     51s] main 32b c787 ic_m4 random_sub_r0 table completed_valid t=0.0s
[     51s] main 32b c787 ic_m4 random_sub_r1 table completed_valid t=0.0s
[     51s] main 32b c787 ic_m4 random_sub_r2 table completed_valid t=0.0s
[     51s] main 32b c787 ic_m4 known_null_sub table completed_valid t=0.0s
[     51s] main 32b c787 ic_m4 random_dick_r0 table completed_valid t=0.0s
[     51s] main 32b c787 ic_m4 random_dick_r1 table completed_valid t=0.0s
[     51s] main 32b c787 ic_m4 random_dick_r2 table completed_valid t=0.0s
[     51s] main 32b c787 ic_m4 known_null_dick table completed_valid t=0.0s
[     51s] main 32b c788 ic_m4 subgroup table completed_valid t=0.0s
[     51s] main 32b c788 ic_m4 dickson table completed_valid t=0.0s
[     51s] main 32b c788 ic_m4 small_x table completed_valid t=0.1s
[     51s] main 32b c788 ic_m4 random_sub_r0 table completed_valid t=0.1s
[     51s] main 32b c788 ic_m4 random_sub_r1 table completed_valid t=0.1s
[     51s] main 32b c788 ic_m4 random_sub_r2 table completed_valid t=0.0s
[     51s] main 32b c788 ic_m4 known_null_sub table completed_valid t=0.0s
[     51s] main 32b c788 ic_m4 random_dick_r0 table completed_valid t=0.0s
[     51s] main 32b c788 ic_m4 random_dick_r1 table completed_valid t=0.0s
[     51s] main 32b c788 ic_m4 random_dick_r2 table completed_valid t=0.0s
[     51s] main 32b c788 ic_m4 known_null_dick table completed_valid t=0.0s
[     52s] main 32b c789 ic_m4 subgroup table completed_valid t=0.0s
[     52s] main 32b c789 ic_m4 dickson table completed_valid t=0.1s
[     52s] main 32b c789 ic_m4 small_x table completed_valid t=0.1s
[     52s] main 32b c789 ic_m4 random_sub_r0 table completed_valid t=0.0s
[     52s] main 32b c789 ic_m4 random_sub_r1 table completed_valid t=0.0s
[     52s] main 32b c789 ic_m4 random_sub_r2 table completed_valid t=0.0s
[     52s] main 32b c789 ic_m4 known_null_sub table completed_valid t=0.1s
[     52s] main 32b c789 ic_m4 random_dick_r0 table completed_valid t=0.0s
[     52s] main 32b c789 ic_m4 random_dick_r1 table completed_valid t=0.0s
[     52s] main 32b c789 ic_m4 random_dick_r2 table completed_valid t=0.0s
[     52s] main 32b c789 ic_m4 known_null_dick table completed_valid t=0.0s
[     53s] main 32b c790 ic_m4 subgroup table completed_valid t=0.0s
[     53s] main 32b c790 ic_m4 dickson table completed_valid t=0.0s
[     53s] main 32b c790 ic_m4 small_x table completed_valid t=0.0s
[     53s] main 32b c790 ic_m4 random_sub_r0 table completed_valid t=0.0s
[     53s] main 32b c790 ic_m4 random_sub_r1 table completed_valid t=0.0s
[     53s] main 32b c790 ic_m4 random_sub_r2 table completed_valid t=0.0s
[     53s] main 32b c790 ic_m4 known_null_sub table completed_valid t=0.0s
[     53s] main 32b c790 ic_m4 random_dick_r0 table completed_valid t=0.0s
[     53s] main 32b c790 ic_m4 random_dick_r1 table completed_valid t=0.0s
[     53s] main 32b c790 ic_m4 random_dick_r2 table completed_valid t=0.0s
[     53s] main 32b c790 ic_m4 known_null_dick table completed_valid t=0.0s
[     53s] main 32b c791 ic_m4 subgroup table completed_valid t=0.0s
[     53s] main 32b c791 ic_m4 dickson table completed_valid t=0.0s
[     53s] main 32b c791 ic_m4 small_x table completed_valid t=0.0s
[     53s] main 32b c791 ic_m4 random_sub_r0 table completed_valid t=0.0s
[     53s] main 32b c791 ic_m4 random_sub_r1 table completed_valid t=0.0s
[     53s] main 32b c791 ic_m4 random_sub_r2 table completed_valid t=0.0s
[     53s] main 32b c791 ic_m4 known_null_sub table completed_valid t=0.0s
[     53s] main 32b c791 ic_m4 random_dick_r0 table completed_valid t=0.0s
[     53s] main 32b c791 ic_m4 random_dick_r1 table completed_valid t=0.0s
[     53s] main 32b c791 ic_m4 random_dick_r2 table completed_valid t=0.0s
[     53s] main 32b c791 ic_m4 known_null_dick table completed_valid t=0.0s
[     54s] main 32b c792 ic_m4 subgroup table completed_valid t=0.0s
[     54s] main 32b c792 ic_m4 dickson table completed_valid t=0.0s
[     54s] main 32b c792 ic_m4 small_x table completed_valid t=0.0s
[     54s] main 32b c792 ic_m4 random_sub_r0 table completed_valid t=0.0s
[     54s] main 32b c792 ic_m4 random_sub_r1 table completed_valid t=0.0s
[     54s] main 32b c792 ic_m4 random_sub_r2 table completed_valid t=0.0s
[     54s] main 32b c792 ic_m4 known_null_sub table completed_valid t=0.0s
[     54s] main 32b c792 ic_m4 random_dick_r0 table completed_valid t=0.0s
[     54s] main 32b c792 ic_m4 random_dick_r1 table completed_valid t=0.0s
[     54s] main 32b c792 ic_m4 random_dick_r2 table completed_valid t=0.0s
[     54s] main 32b c792 ic_m4 known_null_dick table completed_valid t=0.0s
[     54s] main 32b c793 ic_m4 subgroup table completed_valid t=0.0s
[     54s] main 32b c793 ic_m4 dickson table completed_valid t=0.1s
[     54s] main 32b c793 ic_m4 small_x table completed_valid t=0.0s
[     54s] main 32b c793 ic_m4 random_sub_r0 table completed_valid t=0.0s
[     54s] main 32b c793 ic_m4 random_sub_r1 table completed_valid t=0.0s
[     54s] main 32b c793 ic_m4 random_sub_r2 table completed_valid t=0.0s
[     54s] main 32b c793 ic_m4 known_null_sub table completed_valid t=0.0s
[     54s] main 32b c793 ic_m4 random_dick_r0 table completed_valid t=0.0s
[     54s] main 32b c793 ic_m4 random_dick_r1 table completed_valid t=0.0s
[     54s] main 32b c793 ic_m4 random_dick_r2 table completed_valid t=0.0s
[     54s] main 32b c793 ic_m4 known_null_dick table completed_valid t=0.0s
[     55s] main 32b c794 ic_m4 subgroup table completed_valid t=0.0s
[     55s] main 32b c794 ic_m4 dickson table completed_valid t=0.0s
[     55s] main 32b c794 ic_m4 small_x table completed_valid t=0.0s
[     55s] main 32b c794 ic_m4 random_sub_r0 table completed_valid t=0.0s
[     55s] main 32b c794 ic_m4 random_sub_r1 table completed_valid t=0.0s
[     55s] main 32b c794 ic_m4 random_sub_r2 table completed_valid t=0.1s
[     55s] main 32b c794 ic_m4 known_null_sub table completed_valid t=0.0s
[     55s] main 32b c794 ic_m4 random_dick_r0 table completed_valid t=0.0s
[     55s] main 32b c794 ic_m4 random_dick_r1 table completed_valid t=0.0s
[     55s] main 32b c794 ic_m4 random_dick_r2 table completed_valid t=0.0s
[     55s] main 32b c794 ic_m4 known_null_dick table completed_valid t=0.0s
[     56s] main 32b c795 ic_m4 subgroup table completed_valid t=0.0s
[     56s] main 32b c795 ic_m4 dickson table completed_valid t=0.0s
[     56s] main 32b c795 ic_m4 small_x table completed_valid t=0.0s
[     56s] main 32b c795 ic_m4 random_sub_r0 table completed_valid t=0.1s
[     56s] main 32b c795 ic_m4 random_sub_r1 table completed_valid t=0.0s
[     56s] main 32b c795 ic_m4 random_sub_r2 table completed_valid t=0.1s
[     56s] main 32b c795 ic_m4 known_null_sub table completed_valid t=0.0s
[     56s] main 32b c795 ic_m4 random_dick_r0 table completed_valid t=0.0s
[     56s] main 32b c795 ic_m4 random_dick_r1 table completed_valid t=0.1s
[     56s] main 32b c795 ic_m4 random_dick_r2 table completed_valid t=0.1s
[     56s] main 32b c795 ic_m4 known_null_dick table completed_valid t=0.1s
[     56s] main 32b c796 ic_m4 subgroup table completed_valid t=0.0s
[     56s] main 32b c796 ic_m4 dickson table completed_valid t=0.0s
[     56s] main 32b c796 ic_m4 small_x table completed_valid t=0.0s
[     56s] main 32b c796 ic_m4 random_sub_r0 table completed_valid t=0.0s
[     56s] main 32b c796 ic_m4 random_sub_r1 table completed_valid t=0.0s
[     56s] main 32b c796 ic_m4 random_sub_r2 table completed_valid t=0.0s
[     56s] main 32b c796 ic_m4 known_null_sub table completed_valid t=0.0s
[     56s] main 32b c796 ic_m4 random_dick_r0 table completed_valid t=0.0s
[     56s] main 32b c796 ic_m4 random_dick_r1 table completed_valid t=0.0s
[     56s] main 32b c796 ic_m4 random_dick_r2 table completed_valid t=0.0s
[     56s] main 32b c796 ic_m4 known_null_dick table completed_valid t=0.0s
[     57s] main 32b c797 ic_m4 subgroup table completed_valid t=0.0s
[     57s] main 32b c797 ic_m4 dickson table completed_valid t=0.0s
[     57s] main 32b c797 ic_m4 small_x table completed_valid t=0.0s
[     57s] main 32b c797 ic_m4 random_sub_r0 table completed_valid t=0.0s
[     57s] main 32b c797 ic_m4 random_sub_r1 table completed_valid t=0.1s
[     57s] main 32b c797 ic_m4 random_sub_r2 table completed_valid t=0.1s
[     57s] main 32b c797 ic_m4 known_null_sub table completed_valid t=0.0s
[     57s] main 32b c797 ic_m4 random_dick_r0 table completed_valid t=0.0s
[     57s] main 32b c797 ic_m4 random_dick_r1 table completed_valid t=0.0s
[     57s] main 32b c797 ic_m4 random_dick_r2 table completed_valid t=0.0s
[     57s] main 32b c797 ic_m4 known_null_dick table completed_valid t=0.0s
[     57s] main 32b c798 ic_m4 subgroup table completed_valid t=0.0s
[     57s] main 32b c798 ic_m4 dickson table completed_valid t=0.0s
[     57s] main 32b c798 ic_m4 small_x table completed_valid t=0.0s
[     57s] main 32b c798 ic_m4 random_sub_r0 table completed_valid t=0.0s
[     57s] main 32b c798 ic_m4 random_sub_r1 table completed_valid t=0.0s
[     57s] main 32b c798 ic_m4 random_sub_r2 table completed_valid t=0.0s
[     57s] main 32b c798 ic_m4 known_null_sub table completed_valid t=0.0s
[     57s] main 32b c798 ic_m4 random_dick_r0 table completed_valid t=0.0s
[     57s] main 32b c798 ic_m4 random_dick_r1 table completed_valid t=0.0s
[     57s] main 32b c798 ic_m4 random_dick_r2 table completed_valid t=0.0s
[     57s] main 32b c798 ic_m4 known_null_dick table completed_valid t=0.0s
[     58s] main 32b c799 ic_m4 subgroup table completed_valid t=0.0s
[     58s] main 32b c799 ic_m4 dickson table completed_valid t=0.0s
[     58s] main 32b c799 ic_m4 small_x table completed_valid t=0.0s
[     58s] main 32b c799 ic_m4 random_sub_r0 table completed_valid t=0.0s
[     58s] main 32b c799 ic_m4 random_sub_r1 table completed_valid t=0.0s
[     58s] main 32b c799 ic_m4 random_sub_r2 table completed_valid t=0.0s
[     58s] main 32b c799 ic_m4 known_null_sub table completed_valid t=0.0s
[     58s] main 32b c799 ic_m4 random_dick_r0 table completed_valid t=0.0s
[     58s] main 32b c799 ic_m4 random_dick_r1 table completed_valid t=0.0s
[     58s] main 32b c799 ic_m4 random_dick_r2 table completed_valid t=0.0s
[     58s] main 32b c799 ic_m4 known_null_dick table completed_valid t=0.0s
[     59s] main 32b c800 ic_m4 subgroup table completed_valid t=0.0s
[     59s] main 32b c800 ic_m4 dickson table completed_valid t=0.0s
[     59s] main 32b c800 ic_m4 small_x table completed_valid t=0.0s
[     59s] main 32b c800 ic_m4 random_sub_r0 table completed_valid t=0.0s
[     59s] main 32b c800 ic_m4 random_sub_r1 table completed_valid t=0.0s
[     59s] main 32b c800 ic_m4 random_sub_r2 table completed_valid t=0.0s
[     59s] main 32b c800 ic_m4 known_null_sub table completed_valid t=0.0s
[     59s] main 32b c800 ic_m4 random_dick_r0 table completed_valid t=0.0s
[     59s] main 32b c800 ic_m4 random_dick_r1 table completed_valid t=0.0s
[     59s] main 32b c800 ic_m4 random_dick_r2 table completed_valid t=0.0s
[     59s] main 32b c800 ic_m4 known_null_dick table completed_valid t=0.0s
[     60s] main 32b c801 ic_m4 subgroup table completed_valid t=0.0s
[     60s] main 32b c801 ic_m4 dickson table completed_valid t=0.0s
[     60s] main 32b c801 ic_m4 small_x table completed_valid t=0.0s
[     60s] main 32b c801 ic_m4 random_sub_r0 table completed_valid t=0.0s
[     60s] main 32b c801 ic_m4 random_sub_r1 table completed_valid t=0.0s
[     60s] main 32b c801 ic_m4 random_sub_r2 table completed_valid t=0.0s
[     60s] main 32b c801 ic_m4 known_null_sub table completed_valid t=0.1s
[     60s] main 32b c801 ic_m4 random_dick_r0 table completed_valid t=0.1s
[     60s] main 32b c801 ic_m4 random_dick_r1 table completed_valid t=0.0s
[     60s] main 32b c801 ic_m4 random_dick_r2 table completed_valid t=0.0s
[     60s] main 32b c801 ic_m4 known_null_dick table completed_valid t=0.0s
[     61s] main 32b c802 ic_m4 subgroup table completed_valid t=0.0s
[     61s] main 32b c802 ic_m4 dickson table completed_valid t=0.0s
[     61s] main 32b c802 ic_m4 small_x table completed_valid t=0.0s
[     61s] main 32b c802 ic_m4 random_sub_r0 table completed_valid t=0.0s
[     61s] main 32b c802 ic_m4 random_sub_r1 table completed_valid t=0.0s
[     61s] main 32b c802 ic_m4 random_sub_r2 table completed_valid t=0.1s
[     61s] main 32b c802 ic_m4 known_null_sub table completed_valid t=0.0s
[     61s] main 32b c802 ic_m4 random_dick_r0 table completed_valid t=0.0s
[     61s] main 32b c802 ic_m4 random_dick_r1 table completed_valid t=0.1s
[     61s] main 32b c802 ic_m4 random_dick_r2 table completed_valid t=0.0s
[     61s] main 32b c802 ic_m4 known_null_dick table completed_valid t=0.0s
[     61s] main 32b c803 ic_m4 subgroup table completed_valid t=0.0s
[     61s] main 32b c803 ic_m4 dickson table completed_valid t=0.0s
[     61s] main 32b c803 ic_m4 small_x table completed_valid t=0.1s
[     61s] main 32b c803 ic_m4 random_sub_r0 table completed_valid t=0.1s
[     61s] main 32b c803 ic_m4 random_sub_r1 table completed_valid t=0.0s
[     61s] main 32b c803 ic_m4 random_sub_r2 table completed_valid t=0.0s
[     61s] main 32b c803 ic_m4 known_null_sub table completed_valid t=0.1s
[     61s] main 32b c803 ic_m4 random_dick_r0 table completed_valid t=0.1s
[     61s] main 32b c803 ic_m4 random_dick_r1 table completed_valid t=0.1s
[     61s] main 32b c803 ic_m4 random_dick_r2 table completed_valid t=0.1s
[     61s] main 32b c803 ic_m4 known_null_dick table completed_valid t=0.1s
[     62s] main 32b c804 ic_m4 subgroup table completed_valid t=0.0s
[     62s] main 32b c804 ic_m4 dickson table completed_valid t=0.0s
[     62s] main 32b c804 ic_m4 small_x table completed_valid t=0.0s
[     62s] main 32b c804 ic_m4 random_sub_r0 table completed_valid t=0.0s
[     62s] main 32b c804 ic_m4 random_sub_r1 table completed_valid t=0.0s
[     62s] main 32b c804 ic_m4 random_sub_r2 table completed_valid t=0.0s
[     62s] main 32b c804 ic_m4 known_null_sub table completed_valid t=0.0s
[     62s] main 32b c804 ic_m4 random_dick_r0 table completed_valid t=0.0s
[     62s] main 32b c804 ic_m4 random_dick_r1 table completed_valid t=0.0s
[     62s] main 32b c804 ic_m4 random_dick_r2 table completed_valid t=0.0s
[     62s] main 32b c804 ic_m4 known_null_dick table completed_valid t=0.1s
[     62s] main 32b c805 ic_m4 subgroup table completed_valid t=0.0s
[     62s] main 32b c805 ic_m4 dickson table completed_valid t=0.0s
[     62s] main 32b c805 ic_m4 small_x table completed_valid t=0.0s
[     62s] main 32b c805 ic_m4 random_sub_r0 table completed_valid t=0.0s
[     62s] main 32b c805 ic_m4 random_sub_r1 table completed_valid t=0.0s
[     62s] main 32b c805 ic_m4 random_sub_r2 table completed_valid t=0.0s
[     62s] main 32b c805 ic_m4 known_null_sub table completed_valid t=0.0s
[     62s] main 32b c805 ic_m4 random_dick_r0 table completed_valid t=0.0s
[     62s] main 32b c805 ic_m4 random_dick_r1 table completed_valid t=0.0s
[     62s] main 32b c805 ic_m4 random_dick_r2 table completed_valid t=0.0s
[     62s] main 32b c805 ic_m4 known_null_dick table completed_valid t=0.0s
[     63s] main 32b c806 ic_m4 subgroup table completed_valid t=0.0s
[     63s] main 32b c806 ic_m4 dickson table completed_valid t=0.0s
[     63s] main 32b c806 ic_m4 small_x table completed_valid t=0.0s
[     63s] main 32b c806 ic_m4 random_sub_r0 table completed_valid t=0.0s
[     63s] main 32b c806 ic_m4 random_sub_r1 table completed_valid t=0.0s
[     63s] main 32b c806 ic_m4 random_sub_r2 table completed_valid t=0.0s
[     63s] main 32b c806 ic_m4 known_null_sub table completed_valid t=0.0s
[     63s] main 32b c806 ic_m4 random_dick_r0 table completed_valid t=0.0s
[     63s] main 32b c806 ic_m4 random_dick_r1 table completed_valid t=0.0s
[     63s] main 32b c806 ic_m4 random_dick_r2 table completed_valid t=0.0s
[     63s] main 32b c806 ic_m4 known_null_dick table completed_valid t=0.0s
[     64s] main 32b c807 ic_m4 subgroup table completed_valid t=0.0s
[     64s] main 32b c807 ic_m4 dickson table completed_valid t=0.0s
[     64s] main 32b c807 ic_m4 small_x table completed_valid t=0.0s
[     64s] main 32b c807 ic_m4 random_sub_r0 table completed_valid t=0.0s
[     64s] main 32b c807 ic_m4 random_sub_r1 table completed_valid t=0.0s
[     64s] main 32b c807 ic_m4 random_sub_r2 table completed_valid t=0.0s
[     64s] main 32b c807 ic_m4 known_null_sub table completed_valid t=0.0s
[     64s] main 32b c807 ic_m4 random_dick_r0 table completed_valid t=0.0s
[     64s] main 32b c807 ic_m4 random_dick_r1 table completed_valid t=0.0s
[     64s] main 32b c807 ic_m4 random_dick_r2 table completed_valid t=0.0s
[     64s] main 32b c807 ic_m4 known_null_dick table completed_valid t=0.0s
[     64s] main 32b c808 ic_m4 subgroup table completed_valid t=0.0s
[     64s] main 32b c808 ic_m4 dickson table completed_valid t=0.0s
[     64s] main 32b c808 ic_m4 small_x table completed_valid t=0.0s
[     64s] main 32b c808 ic_m4 random_sub_r0 table completed_valid t=0.0s
[     64s] main 32b c808 ic_m4 random_sub_r1 table completed_valid t=0.0s
[     64s] main 32b c808 ic_m4 random_sub_r2 table completed_valid t=0.0s
[     64s] main 32b c808 ic_m4 known_null_sub table completed_valid t=0.0s
[     64s] main 32b c808 ic_m4 random_dick_r0 table completed_valid t=0.0s
[     64s] main 32b c808 ic_m4 random_dick_r1 table completed_valid t=0.0s
[     64s] main 32b c808 ic_m4 random_dick_r2 table completed_valid t=0.0s
[     64s] main 32b c808 ic_m4 known_null_dick table completed_valid t=0.0s
[     65s] main 32b c809 ic_m4 subgroup table completed_valid t=0.0s
[     65s] main 32b c809 ic_m4 dickson table completed_valid t=0.0s
[     65s] main 32b c809 ic_m4 small_x table completed_valid t=0.0s
[     65s] main 32b c809 ic_m4 random_sub_r0 table completed_valid t=0.0s
[     65s] main 32b c809 ic_m4 random_sub_r1 table completed_valid t=0.1s
[     65s] main 32b c809 ic_m4 random_sub_r2 table completed_valid t=0.1s
[     65s] main 32b c809 ic_m4 known_null_sub table completed_valid t=0.0s
[     65s] main 32b c809 ic_m4 random_dick_r0 table completed_valid t=0.1s
[     65s] main 32b c809 ic_m4 random_dick_r1 table completed_valid t=0.0s
[     65s] main 32b c809 ic_m4 random_dick_r2 table completed_valid t=0.0s
[     65s] main 32b c809 ic_m4 known_null_dick table completed_valid t=0.0s
