[2026-08-05T10:30:34Z] EXP-SSIQ-a85692 / RUN-SSIQ-a85692-b (v2 amendment of RUN-SSIQ-a85692-a, spec_version=2)
PHASE 0: C-CAL-GAP synthetic calibration (imported unchanged from EXP-SSIQ-58b642/implementation/calibration_synthetic.py)
  C-CAL-GAP overall_pass = True (0.059s)
PHASE 0 PASSED
Verifying sourced modular polynomials (PF-2, unchanged from v1): ell=23 REQUIRED via Velu-formula independent route, ell=3 additional sanity companion
  ell=23 required verification all_ok=True (0.134s)
Modular polynomial verification PASSED for ell=23 (required)
Building/reusing 12 graphs via Phi_2 BFS (build_isogeny_graph.py, unchanged, imported via v1's own route)
  p=2437   N=203   elapsed=0.40s
  p=3889   N=324   elapsed=0.67s
  p=5737   N=478   elapsed=1.03s
  p=7333   N=611   elapsed=1.22s
  p=8893   N=741   elapsed=1.70s
  p=10657  N=888   elapsed=1.95s
  p=12541  N=1045  elapsed=2.49s
  p=14389  N=1199  elapsed=2.90s
  p=16189  N=1349  elapsed=3.15s
  p=18049  N=1504  elapsed=3.35s
  p=19717  N=1643  elapsed=3.51s
  p=21601  N=1800  elapsed=4.54s
  non-F_p-rational vertex counts by prime: {2437: 194, 3889: 306, 5737: 460, 7333: 594, 8893: 718, 10657: 864, 12541: 1014, 14389: 1172, 16189: 1304, 18049: 1462, 19717: 1614, 21601: 1760} (sum=11462)
running correctness gates: C-CONNECTIVITY (floor(p/12) anchor), M-DEGSEQ, C-EDGELIST (UNCHANGED, reused from v1)
  C-CONNECTIVITY all pass: True
  M-DEGSEQ all pass: True
  C-EDGELIST (p=2437): pass=True
MANDATORY TWO-POINT FEASIBILITY SMOKE TEST (feasibility_smoke_test_v2): largest pre-registered prime p=21601 (as v1 required) AND smallest pre-registered prime p=2437 (NEW in v2)
  c_min (p=2437) = 1.3748s/vertex; c_max (p=21601) = 1.9454s/vertex (9.962s total)
Running C-SEARCH-BIAS (REQUIRED control, UNCHANGED from v1) at smallest pre-registered prime p=2437, >=20 sampled non-F_p-rational vertices
  corr(distance, degree) true-target=0.09610901099736084 random-target=0.030832644977609028 comparable=True (57.119s)
Running C-BOUND-CHECK (free delta_E=1 identity cross-check, UNCHANGED from v1)
Two-point smoke test is MONOTONIC (c_max >= c_min) -- proceeding to per_prime_cost_estimate_v2 and scope_reduction_fallback_v2
  p=2437   cost/vertex=1.3748s n_non_fp=194   est_full_coverage=   266.7s
  p=3889   cost/vertex=1.4180s n_non_fp=306   est_full_coverage=   433.9s
  p=5737   cost/vertex=1.4730s n_non_fp=460   est_full_coverage=   677.6s
  p=7333   cost/vertex=1.5206s n_non_fp=594   est_full_coverage=   903.2s
  p=8893   cost/vertex=1.5670s n_non_fp=718   est_full_coverage=  1125.1s
  p=10657  cost/vertex=1.6195s n_non_fp=864   est_full_coverage=  1399.3s
  p=12541  cost/vertex=1.6756s n_non_fp=1014  est_full_coverage=  1699.1s
  p=14389  cost/vertex=1.7307s n_non_fp=1172  est_full_coverage=  2028.4s
  p=16189  cost/vertex=1.7843s n_non_fp=1304  est_full_coverage=  2326.7s
  p=18049  cost/vertex=1.8397s n_non_fp=1462  est_full_coverage=  2689.6s
  p=19717  cost/vertex=1.8893s n_non_fp=1614  est_full_coverage=  3049.4s
  p=21601  cost/vertex=1.9454s n_non_fp=1760  est_full_coverage=  3424.0s
Applying scope_reduction_fallback_v2 (cumulative-ascending-prefix admission, T_reserved=3600.0s, GD-7's admission-side fix)
  p=2437   est_cost=   266.7s cumulative=    266.7s fits<=T_reserved=True
  p=3889   est_cost=   433.9s cumulative=    700.6s fits<=T_reserved=True
  p=5737   est_cost=   677.6s cumulative=   1378.2s fits<=T_reserved=True
  p=7333   est_cost=   903.2s cumulative=   2281.4s fits<=T_reserved=True
  p=8893   est_cost=  1125.1s cumulative=   3406.6s fits<=T_reserved=True
  p=10657  est_cost=  1399.3s cumulative=   4805.8s fits<=T_reserved=False
  p=12541  est_cost=  1699.1s cumulative=   5105.7s fits<=T_reserved=False
  p=14389  est_cost=  2028.4s cumulative=   5434.9s fits<=T_reserved=False
  p=16189  est_cost=  2326.7s cumulative=   5733.3s fits<=T_reserved=False
  p=18049  est_cost=  2689.6s cumulative=   6096.1s fits<=T_reserved=False
  p=19717  est_cost=  3049.4s cumulative=   6455.9s fits<=T_reserved=False
  p=21601  est_cost=  3424.0s cumulative=   6830.5s fits<=T_reserved=False
  confirmatory_prime_set = [2437, 3889, 5737, 7333, 8893] (n=5, cumulative_estimated=3406.6s)
Running REAL delta_E search on the 5 confirmatory prime(s), ASCENDING ORDER, against a SINGLE aggregate real-time counter (T_reserved=3600.0s, no per-prime cap -- real_execution_budget_v2)
