[2026-08-05T12:38:41Z] EXP-SSIQ-a85692 / RUN-SSIQ-a85692-b (v2 amendment of RUN-SSIQ-a85692-a, spec_version=2)
PHASE 0: C-CAL-GAP synthetic calibration (imported unchanged from EXP-SSIQ-58b642/implementation/calibration_synthetic.py)
  C-CAL-GAP overall_pass = True (0.064s)
PHASE 0 PASSED
Verifying sourced modular polynomials (PF-2, unchanged from v1): ell=23 REQUIRED via Velu-formula independent route, ell=3 additional sanity companion
  ell=23 required verification all_ok=True (0.170s)
Modular polynomial verification PASSED for ell=23 (required)
Building/reusing 12 graphs via Phi_2 BFS (build_isogeny_graph.py, unchanged, imported via v1's own route)
  p=2437   N=203   elapsed=0.42s
  p=3889   N=324   elapsed=0.68s
  p=5737   N=478   elapsed=1.00s
  p=7333   N=611   elapsed=1.25s
  p=8893   N=741   elapsed=1.90s
  p=10657  N=888   elapsed=2.09s
  p=12541  N=1045  elapsed=2.41s
  p=14389  N=1199  elapsed=2.99s
  p=16189  N=1349  elapsed=3.16s
  p=18049  N=1504  elapsed=3.50s
  p=19717  N=1643  elapsed=3.63s
  p=21601  N=1800  elapsed=4.60s
  non-F_p-rational vertex counts by prime: {2437: 194, 3889: 306, 5737: 460, 7333: 594, 8893: 718, 10657: 864, 12541: 1014, 14389: 1172, 16189: 1304, 18049: 1462, 19717: 1614, 21601: 1760} (sum=11462)
running correctness gates: C-CONNECTIVITY (floor(p/12) anchor), M-DEGSEQ, C-EDGELIST (UNCHANGED, reused from v1)
  C-CONNECTIVITY all pass: True
  M-DEGSEQ all pass: True
  C-EDGELIST (p=2437): pass=True
MANDATORY TWO-POINT FEASIBILITY SMOKE TEST (feasibility_smoke_test_v2): largest pre-registered prime p=21601 (as v1 required) AND smallest pre-registered prime p=2437 (NEW in v2)
  c_min (p=2437) = 1.4221s/vertex; c_max (p=21601) = 1.9500s/vertex (10.118s total)
Running C-SEARCH-BIAS (REQUIRED control, UNCHANGED from v1) at smallest pre-registered prime p=2437, >=20 sampled non-F_p-rational vertices
  corr(distance, degree) true-target=0.09610901099736084 random-target=0.030832644977609028 comparable=True (57.286s)
Running C-BOUND-CHECK (free delta_E=1 identity cross-check, UNCHANGED from v1)
Two-point smoke test is MONOTONIC (c_max >= c_min) -- proceeding to per_prime_cost_estimate_v2 and scope_reduction_fallback_v2
  p=2437   cost/vertex=1.4221s n_non_fp=194   est_full_coverage=   275.9s
  p=3889   cost/vertex=1.4621s n_non_fp=306   est_full_coverage=   447.4s
  p=5737   cost/vertex=1.5130s n_non_fp=460   est_full_coverage=   696.0s
  p=7333   cost/vertex=1.5570s n_non_fp=594   est_full_coverage=   924.9s
  p=8893   cost/vertex=1.6000s n_non_fp=718   est_full_coverage=  1148.8s
  p=10657  cost/vertex=1.6486s n_non_fp=864   est_full_coverage=  1424.4s
  p=12541  cost/vertex=1.7005s n_non_fp=1014  est_full_coverage=  1724.3s
  p=14389  cost/vertex=1.7514s n_non_fp=1172  est_full_coverage=  2052.6s
  p=16189  cost/vertex=1.8009s n_non_fp=1304  est_full_coverage=  2348.4s
  p=18049  cost/vertex=1.8522s n_non_fp=1462  est_full_coverage=  2707.9s
  p=19717  cost/vertex=1.8981s n_non_fp=1614  est_full_coverage=  3063.6s
  p=21601  cost/vertex=1.9500s n_non_fp=1760  est_full_coverage=  3432.0s
Applying scope_reduction_fallback_v2 (cumulative-ascending-prefix admission, T_reserved=3600.0s, GD-7's admission-side fix)
  p=2437   est_cost=   275.9s cumulative=    275.9s fits<=T_reserved=True
  p=3889   est_cost=   447.4s cumulative=    723.3s fits<=T_reserved=True
  p=5737   est_cost=   696.0s cumulative=   1419.3s fits<=T_reserved=True
  p=7333   est_cost=   924.9s cumulative=   2344.2s fits<=T_reserved=True
  p=8893   est_cost=  1148.8s cumulative=   3492.9s fits<=T_reserved=True
  p=10657  est_cost=  1424.4s cumulative=   4917.3s fits<=T_reserved=False
  p=12541  est_cost=  1724.3s cumulative=   5217.2s fits<=T_reserved=False
  p=14389  est_cost=  2052.6s cumulative=   5545.5s fits<=T_reserved=False
  p=16189  est_cost=  2348.4s cumulative=   5841.4s fits<=T_reserved=False
  p=18049  est_cost=  2707.9s cumulative=   6200.8s fits<=T_reserved=False
  p=19717  est_cost=  3063.6s cumulative=   6556.5s fits<=T_reserved=False
  p=21601  est_cost=  3432.0s cumulative=   6925.0s fits<=T_reserved=False
  confirmatory_prime_set = [2437, 3889, 5737, 7333, 8893] (n=5, cumulative_estimated=3492.9s)
Running REAL delta_E search on the 5 confirmatory prime(s), ASCENDING ORDER, against a SINGLE aggregate real-time counter (T_reserved=3600.0s, no per-prime cap -- real_execution_budget_v2)
  p=2437   M-COVERAGE(non-fp)=1.0000 attempted=194 resolved=194 wall=284.88s
  p=3889   M-COVERAGE(non-fp)=1.0000 attempted=306 resolved=306 wall=474.84s
  p=5737   M-COVERAGE(non-fp)=1.0000 attempted=460 resolved=460 wall=817.95s
  p=7333   M-COVERAGE(non-fp)=1.0000 attempted=594 resolved=594 wall=947.69s
  p=8893   M-COVERAGE(non-fp)=0.7716 attempted=555 resolved=554 wall=1074.70s
  aggregate spent=3600.07s remaining=0.00s (of T_reserved=3600.0s)
Phase -1 gate (pre-registered cumulative-prefix set ALONE, M-COVERAGE>=0.5 on >=4 primes): pass=True (n_primes_pass=5)
coverage_widening_note: iterative widening while REMAINING>0, one ascending prime at a time, drawing on the SAME T_reserved-rooted aggregate counter
Running C-NULL-LABEL (shuffled real-computed delta_E multiset) on the usable prime set (confirmatory-pass UNION extension-pass, n=5): [2437, 3889, 5737, 7333, 8893]
Running descent metrics (M-GAMMA-GREEDY, M-GAMMA-RANDOM, M-GAP) on the real computed delta_E labels, usable primes n=5
DECISION RULE -> CONTROL-FAILURE-VOID
  C-SEARCH-BIAS, C-NULL-LABEL, or C-CONNECTIVITY failed; signal is contaminated (see outcome_scope_label_glossary).
wrote experiments/EXP-SSIQ-a85692/runs/RUN-SSIQ-a85692-b/raw-result.json (3698.5s total)
DECISION CONTROL-FAILURE-VOID
EXITCODE=0
