==============================================================================
FROZEN PRE-REGISTERED PREDICTION
  path        : /home/user/crypto-autoresearcher/coordination/goals/GOAL-MLKEM-005/batches/BATCH-5a4656/tasks/TASK-20260806-b51ac8/prediction_frozen.json
  sha256      : a88e4224001a1e3195c7e2f757d13587bf92e768950bf44db8f83cc01b2a3222
  expected    : a88e4224001a1e3195c7e2f757d13587bf92e768950bf44db8f83cc01b2a3222
  frozen_at   : 2026-09-08T01:03:35Z (git 5df288f1723f)
  run started : 2026-09-08T01:09:33Z
  P3          : The t=0 (coordinate-aligned) arm's mean(ratio_2em10) clears the Haar (t=1) arm's mean(ratio_2em10) by >= 4 * SE-of-the-difference (unpaired formula, declared above), per cell.
  P4          : The Gaussian-error null of the null (t=0 projector, Gaussian error at matched variance) returns ratio_2em10 within its own 8-draw 95% CI of 1.000 (equivalently: within its own 8-draw sampling spread of the Beta-law prediction), in every cell.
  P5 falsifier predicted decay ratios: {'d100': 1.247219128924647, 'd140': 1.2110601416389968, 'note': 'This is the SPECIFIC prediction P5 checks: the measured coordinate-alignment departure (t=0 vs t=1 shift in ratio_2em10, or an equivalent departure-from-Beta measure at t=0) at beta=40 should be smaller than at beta=30 by ROUGHLY this factor (~1.21-1.25), at each d separately. beta/d is NOT held exactly fixed across these four cells (0.30, 0.40, 0.2143, 0.2857), so this is an approximate order-of-magnitude check, not an exact numerical match, and is reported as such.', 'pure_1_over_sqrt_beta_reference_ignoring_the_1_minus_beta_over_d_factor': 1.1547005383792515}
  FORCED      : E[R] = beta/d for EVERY projector arm.
==============================================================================
[stage A] 32 basis generations (unreduced/LLL/BKZ each) on 4 workers
  d100_b30_i0: LLL 0.524s BKZ 1.034s ||b0|| unred=14346.7 lll=423.8 bkz=317.3 gso_rel_err=8.58e-11
  d100_b30_i1: LLL 0.607s BKZ 1.104s ||b0|| unred=13723.4 lll=441.6 bkz=318.6 gso_rel_err=6.72e-10
  d100_b30_i2: LLL 0.98s BKZ 1.368s ||b0|| unred=13054.3 lll=459.0 bkz=312.8 gso_rel_err=1.05e-10
  d100_b30_i3: LLL 0.595s BKZ 1.465s ||b0|| unred=12513.7 lll=443.7 bkz=337.5 gso_rel_err=6.11e-11
  d100_b30_i4: LLL 1.027s BKZ 1.125s ||b0|| unred=13306.3 lll=383.8 bkz=271.5 gso_rel_err=2.44e-10
  d100_b30_i5: LLL 0.919s BKZ 1.656s ||b0|| unred=13597.3 lll=413.0 bkz=311.6 gso_rel_err=3.39e-11
  d100_b30_i6: LLL 0.902s BKZ 1.501s ||b0|| unred=14594.6 lll=387.6 bkz=307.4 gso_rel_err=7.50e-11
  d100_b30_i7: LLL 0.718s BKZ 1.009s ||b0|| unred=14956.5 lll=504.2 bkz=267.7 gso_rel_err=3.33e-11
  d100_b40_i0: LLL 0.812s BKZ 65.644s ||b0|| unred=12655.2 lll=421.7 bkz=277.1 gso_rel_err=6.03e-10
  d100_b40_i1: LLL 0.706s BKZ 59.054s ||b0|| unred=14214.1 lll=451.9 bkz=286.1 gso_rel_err=9.16e-11
  d100_b40_i2: LLL 0.724s BKZ 66.758s ||b0|| unred=13358.2 lll=428.3 bkz=250.3 gso_rel_err=1.96e-11
  d100_b40_i3: LLL 0.743s BKZ 57.393s ||b0|| unred=14677.7 lll=410.8 bkz=268.9 gso_rel_err=7.86e-11
  d100_b40_i4: LLL 0.529s BKZ 52.754s ||b0|| unred=13850.6 lll=409.1 bkz=265.4 gso_rel_err=5.26e-11
  d100_b40_i5: LLL 0.52s BKZ 63.369s ||b0|| unred=13343.6 lll=370.0 bkz=276.5 gso_rel_err=6.56e-11
  d100_b40_i6: LLL 0.752s BKZ 59.54s ||b0|| unred=14509.9 lll=462.8 bkz=265.0 gso_rel_err=1.95e-11
  d100_b40_i7: LLL 0.634s BKZ 62.942s ||b0|| unred=13008.1 lll=400.8 bkz=269.2 gso_rel_err=3.12e-11
  d140_b30_i0: LLL 1.507s BKZ 2.807s ||b0|| unred=16164.4 lll=1054.3 bkz=746.4 gso_rel_err=5.01e-07
  d140_b30_i1: LLL 1.741s BKZ 3.238s ||b0|| unred=16962.5 lll=1167.7 bkz=702.8 gso_rel_err=7.62e-07
  d140_b30_i2: LLL 1.884s BKZ 3.309s ||b0|| unred=16202.4 lll=1100.1 bkz=749.5 gso_rel_err=6.78e-08
  d140_b30_i3: LLL 1.675s BKZ 4.056s ||b0|| unred=16956.0 lll=1006.7 bkz=749.3 gso_rel_err=4.62e-08
  d140_b30_i4: LLL 1.494s BKZ 2.605s ||b0|| unred=17392.2 lll=1229.2 bkz=569.8 gso_rel_err=6.61e-08
  d140_b30_i5: LLL 2.177s BKZ 3.999s ||b0|| unred=16122.8 lll=1149.5 bkz=759.7 gso_rel_err=4.89e-08
  d140_b30_i6: LLL 2.549s BKZ 3.486s ||b0|| unred=16010.0 lll=1043.2 bkz=772.0 gso_rel_err=3.74e-07
  d140_b30_i7: LLL 2.369s BKZ 3.434s ||b0|| unred=16133.7 lll=1008.3 bkz=768.8 gso_rel_err=2.01e-07
  d140_b40_i0: LLL 1.726s BKZ 108.001s ||b0|| unred=14540.0 lll=1138.5 bkz=681.6 gso_rel_err=4.34e-07
  d140_b40_i1: LLL 2.513s BKZ 101.514s ||b0|| unred=16236.7 lll=767.3 bkz=621.1 gso_rel_err=2.77e-08
  d140_b40_i2: LLL 1.924s BKZ 95.754s ||b0|| unred=15691.0 lll=990.9 bkz=640.5 gso_rel_err=3.94e-07
  d140_b40_i3: LLL 2.025s BKZ 107.355s ||b0|| unred=16928.6 lll=1016.6 bkz=631.3 gso_rel_err=2.05e-08
  d140_b40_i4: LLL 1.703s BKZ 80.678s ||b0|| unred=17090.2 lll=1040.3 bkz=661.6 gso_rel_err=6.36e-08
  d140_b40_i5: LLL 1.956s BKZ 100.449s ||b0|| unred=15552.4 lll=931.2 bkz=611.5 gso_rel_err=3.67e-08
  d140_b40_i6: LLL 1.703s BKZ 75.848s ||b0|| unred=16163.7 lll=1165.7 bkz=632.7 gso_rel_err=5.75e-09
  d140_b40_i7: LLL 1.635s BKZ 89.272s ||b0|| unred=16256.0 lll=1333.2 bkz=642.8 gso_rel_err=2.77e-07
[stage A] 348.6s
[cell d100_b30] generating 1048576 CBD_eta2 errors (d=100)
[cell d100_b30] projections 21.1s; computing statistics
  [P4]  d100_b30 gaussian_null ratio=0.998833 dev=0.00117 PASS=True
  [P3]  d100_b30 t0=1.09717 haar=0.99865 shift=0.09852 SE=0.00211 MET=True
  [real]d100_b30 P1=True P2=True
[cell d100_b40] generating 1048576 CBD_eta2 errors (d=100)
[cell d100_b40] projections 20.1s; computing statistics
  [P4]  d100_b40 gaussian_null ratio=0.999917 dev=0.00008 PASS=True
  [P3]  d100_b40 t0=1.08615 haar=0.99898 shift=0.08717 SE=0.00127 MET=True
  [real]d100_b40 P1=True P2=True
[cell d140_b30] generating 1048576 CBD_eta2 errors (d=140)
[cell d140_b30] projections 22.7s; computing statistics
  [P4]  d140_b30 gaussian_null ratio=0.998421 dev=0.00158 PASS=True
  [P3]  d140_b30 t0=1.09250 haar=1.00076 shift=0.09174 SE=0.00160 MET=True
  [real]d140_b30 P1=True P2=True
[cell d140_b40] generating 1048576 CBD_eta2 errors (d=140)
[cell d140_b40] projections 24.8s; computing statistics
  [P4]  d140_b40 gaussian_null ratio=1.000208 dev=0.00021 PASS=True
  [P3]  d140_b40 t0=1.08369 haar=0.99984 shift=0.08385 SE=0.00143 MET=True
  [real]d140_b40 P1=True P2=True
[done] results.json  wall=572.3s peak_rss=2.425GB children=0.065GB
