[      1s] main 30b c10 ic_m5 subgroup table completed_valid t=0.1s
[      1s] main 30b c10 ic_m5 dickson table completed_valid t=0.1s
[      1s] main 30b c10 ic_m5 small_x table completed_valid t=0.1s
[      1s] main 30b c10 ic_m5 random_sub_r0 table completed_valid t=0.1s
[      1s] main 30b c10 ic_m5 random_sub_r1 table completed_valid t=0.1s
[      1s] main 30b c10 ic_m5 random_sub_r2 table completed_valid t=0.1s
[      1s] main 30b c10 ic_m5 known_null_sub table completed_valid t=0.1s
[      1s] main 30b c10 ic_m5 random_dick_r0 table completed_valid t=0.0s
[      1s] main 30b c10 ic_m5 random_dick_r1 table completed_valid t=0.0s
[      1s] main 30b c10 ic_m5 random_dick_r2 table completed_valid t=0.0s
[      1s] main 30b c10 ic_m5 known_null_dick table completed_valid t=0.0s
[      2s] main 30b c11 ic_m5 subgroup table completed_valid t=0.1s
[      2s] main 30b c11 ic_m5 dickson table completed_valid t=0.1s
[      2s] main 30b c11 ic_m5 small_x table completed_valid t=0.1s
[      2s] main 30b c11 ic_m5 random_sub_r0 table completed_valid t=0.1s
[      2s] main 30b c11 ic_m5 random_sub_r1 table completed_valid t=0.1s
[      2s] main 30b c11 ic_m5 random_sub_r2 table completed_valid t=0.1s
[      2s] main 30b c11 ic_m5 known_null_sub table completed_valid t=0.1s
[      2s] main 30b c11 ic_m5 random_dick_r0 table completed_valid t=0.1s
[      2s] main 30b c11 ic_m5 random_dick_r1 table completed_valid t=0.1s
[      2s] main 30b c11 ic_m5 random_dick_r2 table completed_valid t=0.1s
[      2s] main 30b c11 ic_m5 known_null_dick table completed_valid t=0.1s
[      3s] main 30b c12 ic_m5 subgroup table completed_valid t=0.1s
[      3s] main 30b c12 ic_m5 dickson table completed_valid t=0.1s
[      3s] main 30b c12 ic_m5 small_x table completed_valid t=0.1s
[      3s] main 30b c12 ic_m5 random_sub_r0 table completed_valid t=0.1s
[      3s] main 30b c12 ic_m5 random_sub_r1 table completed_valid t=0.1s
[      3s] main 30b c12 ic_m5 random_sub_r2 table completed_valid t=0.1s
[      3s] main 30b c12 ic_m5 known_null_sub table completed_valid t=0.1s
[      3s] main 30b c12 ic_m5 random_dick_r0 table completed_valid t=0.1s
[      3s] main 30b c12 ic_m5 random_dick_r1 table completed_valid t=0.1s
[      3s] main 30b c12 ic_m5 random_dick_r2 table completed_valid t=0.1s
[      3s] main 30b c12 ic_m5 known_null_dick table completed_valid t=0.0s
[      3s] main 30b c13 ic_m5 subgroup table completed_valid t=0.1s
[      3s] main 30b c13 ic_m5 dickson table completed_valid t=0.1s
[      3s] main 30b c13 ic_m5 small_x table completed_valid t=0.1s
[      3s] main 30b c13 ic_m5 random_sub_r0 table completed_valid t=0.1s
[      3s] main 30b c13 ic_m5 random_sub_r1 table completed_valid t=0.1s
[      3s] main 30b c13 ic_m5 random_sub_r2 table completed_valid t=0.1s
[      3s] main 30b c13 ic_m5 known_null_sub table completed_valid t=0.1s
[      3s] main 30b c13 ic_m5 random_dick_r0 table completed_valid t=0.1s
[      3s] main 30b c13 ic_m5 random_dick_r1 table completed_valid t=0.1s
[      3s] main 30b c13 ic_m5 random_dick_r2 table completed_valid t=0.1s
[      3s] main 30b c13 ic_m5 known_null_dick table completed_valid t=0.1s
[      4s] main 30b c14 ic_m5 subgroup table completed_valid t=0.1s
[      4s] main 30b c14 ic_m5 dickson table completed_valid t=0.1s
[      4s] main 30b c14 ic_m5 small_x table completed_valid t=0.1s
[      4s] main 30b c14 ic_m5 random_sub_r0 table completed_valid t=0.1s
[      4s] main 30b c14 ic_m5 random_sub_r1 table completed_valid t=0.1s
[      4s] main 30b c14 ic_m5 random_sub_r2 table completed_valid t=0.1s
[      4s] main 30b c14 ic_m5 known_null_sub table completed_valid t=0.1s
[      4s] main 30b c14 ic_m5 random_dick_r0 table completed_valid t=0.1s
[      4s] main 30b c14 ic_m5 random_dick_r1 table completed_valid t=0.1s
[      4s] main 30b c14 ic_m5 random_dick_r2 table completed_valid t=0.1s
[      4s] main 30b c14 ic_m5 known_null_dick table completed_valid t=0.1s
[      5s] main 30b c15 ic_m5 subgroup table completed_valid t=0.1s
[      5s] main 30b c15 ic_m5 dickson table completed_valid t=0.1s
[      5s] main 30b c15 ic_m5 small_x table completed_valid t=0.1s
[      5s] main 30b c15 ic_m5 random_sub_r0 table completed_valid t=0.1s
[      5s] main 30b c15 ic_m5 random_sub_r1 table completed_valid t=0.1s
[      5s] main 30b c15 ic_m5 random_sub_r2 table completed_valid t=0.1s
[      5s] main 30b c15 ic_m5 known_null_sub table completed_valid t=0.1s
[      5s] main 30b c15 ic_m5 random_dick_r0 table completed_valid t=0.0s
[      5s] main 30b c15 ic_m5 random_dick_r1 table completed_valid t=0.1s
[      5s] main 30b c15 ic_m5 random_dick_r2 table completed_valid t=0.1s
[      5s] main 30b c15 ic_m5 known_null_dick table completed_valid t=0.1s
[      6s] main 30b c16 ic_m5 subgroup table completed_valid t=0.1s
[      6s] main 30b c16 ic_m5 dickson table completed_valid t=0.1s
[      6s] main 30b c16 ic_m5 small_x table completed_valid t=0.1s
[      6s] main 30b c16 ic_m5 random_sub_r0 table completed_valid t=0.1s
[      6s] main 30b c16 ic_m5 random_sub_r1 table completed_valid t=0.1s
[      6s] main 30b c16 ic_m5 random_sub_r2 table completed_valid t=0.1s
[      6s] main 30b c16 ic_m5 known_null_sub table completed_valid t=0.1s
[      6s] main 30b c16 ic_m5 random_dick_r0 table completed_valid t=0.1s
[      6s] main 30b c16 ic_m5 random_dick_r1 table completed_valid t=0.1s
[      6s] main 30b c16 ic_m5 random_dick_r2 table completed_valid t=0.1s
[      6s] main 30b c16 ic_m5 known_null_dick table completed_valid t=0.1s
[      7s] main 30b c17 ic_m5 subgroup table completed_valid t=0.1s
[      7s] main 30b c17 ic_m5 dickson table completed_valid t=0.1s
[      7s] main 30b c17 ic_m5 small_x table completed_valid t=0.1s
[      7s] main 30b c17 ic_m5 random_sub_r0 table completed_valid t=0.1s
[      7s] main 30b c17 ic_m5 random_sub_r1 table completed_valid t=0.1s
[      7s] main 30b c17 ic_m5 random_sub_r2 table completed_valid t=0.0s
[      7s] main 30b c17 ic_m5 known_null_sub table completed_valid t=0.0s
[      7s] main 30b c17 ic_m5 random_dick_r0 table completed_valid t=0.1s
[      7s] main 30b c17 ic_m5 random_dick_r1 table completed_valid t=0.1s
[      7s] main 30b c17 ic_m5 random_dick_r2 table completed_valid t=0.1s
[      7s] main 30b c17 ic_m5 known_null_dick table completed_valid t=0.1s
[      9s] main 30b c18 ic_m5 subgroup table completed_valid t=0.2s
[      9s] main 30b c18 ic_m5 dickson table completed_valid t=0.1s
[      9s] main 30b c18 ic_m5 small_x table completed_valid t=0.2s
[      9s] main 30b c18 ic_m5 random_sub_r0 table completed_valid t=0.2s
[      9s] main 30b c18 ic_m5 random_sub_r1 table completed_valid t=0.2s
[      9s] main 30b c18 ic_m5 random_sub_r2 table completed_valid t=0.2s
[      9s] main 30b c18 ic_m5 known_null_sub table completed_valid t=0.2s
[      9s] main 30b c18 ic_m5 random_dick_r0 table completed_valid t=0.1s
[      9s] main 30b c18 ic_m5 random_dick_r1 table completed_valid t=0.1s
[      9s] main 30b c18 ic_m5 random_dick_r2 table completed_valid t=0.1s
[      9s] main 30b c18 ic_m5 known_null_dick table completed_valid t=0.1s
[      9s] main 30b c19 ic_m5 subgroup table completed_valid t=0.1s
[      9s] main 30b c19 ic_m5 dickson table completed_valid t=0.0s
[      9s] main 30b c19 ic_m5 small_x table completed_valid t=0.1s
[      9s] main 30b c19 ic_m5 random_sub_r0 table completed_valid t=0.1s
[      9s] main 30b c19 ic_m5 random_sub_r1 table completed_valid t=0.1s
[      9s] main 30b c19 ic_m5 random_sub_r2 table completed_valid t=0.1s
[      9s] main 30b c19 ic_m5 known_null_sub table completed_valid t=0.1s
[      9s] main 30b c19 ic_m5 random_dick_r0 table completed_valid t=0.0s
[      9s] main 30b c19 ic_m5 random_dick_r1 table completed_valid t=0.1s
[      9s] main 30b c19 ic_m5 random_dick_r2 table completed_valid t=0.1s
[      9s] main 30b c19 ic_m5 known_null_dick table completed_valid t=0.1s
[     11s] main 30b c20 ic_m5 subgroup table completed_valid t=0.1s
[     11s] main 30b c20 ic_m5 dickson table completed_valid t=0.1s
[     11s] main 30b c20 ic_m5 small_x table completed_valid t=0.1s
[     11s] main 30b c20 ic_m5 random_sub_r0 table completed_valid t=0.1s
[     11s] main 30b c20 ic_m5 random_sub_r1 table completed_valid t=0.1s
[     11s] main 30b c20 ic_m5 random_sub_r2 table completed_valid t=0.1s
[     11s] main 30b c20 ic_m5 known_null_sub table completed_valid t=0.1s
[     11s] main 30b c20 ic_m5 random_dick_r0 table completed_valid t=0.1s
[     11s] main 30b c20 ic_m5 random_dick_r1 table completed_valid t=0.1s
[     11s] main 30b c20 ic_m5 random_dick_r2 table completed_valid t=0.1s
[     11s] main 30b c20 ic_m5 known_null_dick table completed_valid t=0.1s
[     12s] main 30b c21 ic_m5 subgroup table completed_valid t=0.1s
[     12s] main 30b c21 ic_m5 dickson table completed_valid t=0.1s
[     12s] main 30b c21 ic_m5 small_x table completed_valid t=0.1s
[     12s] main 30b c21 ic_m5 random_sub_r0 table completed_valid t=0.1s
[     12s] main 30b c21 ic_m5 random_sub_r1 table completed_valid t=0.1s
[     12s] main 30b c21 ic_m5 random_sub_r2 table completed_valid t=0.1s
[     12s] main 30b c21 ic_m5 known_null_sub table completed_valid t=0.1s
[     12s] main 30b c21 ic_m5 random_dick_r0 table completed_valid t=0.1s
[     12s] main 30b c21 ic_m5 random_dick_r1 table completed_valid t=0.1s
[     12s] main 30b c21 ic_m5 random_dick_r2 table completed_valid t=0.1s
[     12s] main 30b c21 ic_m5 known_null_dick table completed_valid t=0.1s
[     13s] main 30b c22 ic_m5 subgroup table completed_valid t=0.1s
[     13s] main 30b c22 ic_m5 dickson table completed_valid t=0.1s
[     13s] main 30b c22 ic_m5 small_x table completed_valid t=0.1s
[     13s] main 30b c22 ic_m5 random_sub_r0 table completed_valid t=0.1s
[     13s] main 30b c22 ic_m5 random_sub_r1 table completed_valid t=0.1s
[     13s] main 30b c22 ic_m5 random_sub_r2 table completed_valid t=0.1s
[     13s] main 30b c22 ic_m5 known_null_sub table completed_valid t=0.1s
[     13s] main 30b c22 ic_m5 random_dick_r0 table completed_valid t=0.1s
[     13s] main 30b c22 ic_m5 random_dick_r1 table completed_valid t=0.1s
[     13s] main 30b c22 ic_m5 random_dick_r2 table completed_valid t=0.1s
[     13s] main 30b c22 ic_m5 known_null_dick table completed_valid t=0.1s
[     14s] main 30b c23 ic_m5 subgroup table completed_valid t=0.1s
[     14s] main 30b c23 ic_m5 dickson table completed_valid t=0.1s
[     14s] main 30b c23 ic_m5 small_x table completed_valid t=0.1s
[     14s] main 30b c23 ic_m5 random_sub_r0 table completed_valid t=0.1s
[     14s] main 30b c23 ic_m5 random_sub_r1 table completed_valid t=0.1s
[     14s] main 30b c23 ic_m5 random_sub_r2 table completed_valid t=0.1s
[     14s] main 30b c23 ic_m5 known_null_sub table completed_valid t=0.1s
[     14s] main 30b c23 ic_m5 random_dick_r0 table completed_valid t=0.1s
[     14s] main 30b c23 ic_m5 random_dick_r1 table completed_valid t=0.1s
[     14s] main 30b c23 ic_m5 random_dick_r2 table completed_valid t=0.2s
[     14s] main 30b c23 ic_m5 known_null_dick table completed_valid t=0.1s
[     15s] main 30b c24 ic_m5 subgroup table completed_valid t=0.1s
[     15s] main 30b c24 ic_m5 dickson table completed_valid t=0.1s
[     15s] main 30b c24 ic_m5 small_x table completed_valid t=0.1s
[     15s] main 30b c24 ic_m5 random_sub_r0 table completed_valid t=0.1s
[     15s] main 30b c24 ic_m5 random_sub_r1 table completed_valid t=0.1s
[     15s] main 30b c24 ic_m5 random_sub_r2 table completed_valid t=0.1s
[     15s] main 30b c24 ic_m5 known_null_sub table completed_valid t=0.1s
[     15s] main 30b c24 ic_m5 random_dick_r0 table completed_valid t=0.1s
[     15s] main 30b c24 ic_m5 random_dick_r1 table completed_valid t=0.1s
[     15s] main 30b c24 ic_m5 random_dick_r2 table completed_valid t=0.1s
[     15s] main 30b c24 ic_m5 known_null_dick table completed_valid t=0.1s
[     16s] main 30b c25 ic_m5 subgroup table completed_valid t=0.1s
[     16s] main 30b c25 ic_m5 dickson table completed_valid t=0.1s
[     16s] main 30b c25 ic_m5 small_x table completed_valid t=0.1s
[     16s] main 30b c25 ic_m5 random_sub_r0 table completed_valid t=0.1s
[     16s] main 30b c25 ic_m5 random_sub_r1 table completed_valid t=0.1s
[     16s] main 30b c25 ic_m5 random_sub_r2 table completed_valid t=0.1s
[     16s] main 30b c25 ic_m5 known_null_sub table completed_valid t=0.1s
[     16s] main 30b c25 ic_m5 random_dick_r0 table completed_valid t=0.1s
[     16s] main 30b c25 ic_m5 random_dick_r1 table completed_valid t=0.1s
[     16s] main 30b c25 ic_m5 random_dick_r2 table completed_valid t=0.1s
[     16s] main 30b c25 ic_m5 known_null_dick table completed_valid t=0.1s
[     17s] main 30b c26 ic_m5 subgroup table completed_valid t=0.1s
[     17s] main 30b c26 ic_m5 dickson table completed_valid t=0.1s
[     17s] main 30b c26 ic_m5 small_x table completed_valid t=0.1s
[     17s] main 30b c26 ic_m5 random_sub_r0 table completed_valid t=0.1s
[     17s] main 30b c26 ic_m5 random_sub_r1 table completed_valid t=0.1s
[     17s] main 30b c26 ic_m5 random_sub_r2 table completed_valid t=0.1s
[     17s] main 30b c26 ic_m5 known_null_sub table completed_valid t=0.1s
[     17s] main 30b c26 ic_m5 random_dick_r0 table completed_valid t=0.1s
[     17s] main 30b c26 ic_m5 random_dick_r1 table completed_valid t=0.1s
[     17s] main 30b c26 ic_m5 random_dick_r2 table completed_valid t=0.1s
[     17s] main 30b c26 ic_m5 known_null_dick table completed_valid t=0.1s
[     17s] main 30b c27 ic_m5 subgroup table completed_valid t=0.1s
[     17s] main 30b c27 ic_m5 dickson table completed_valid t=0.1s
[     17s] main 30b c27 ic_m5 small_x table completed_valid t=0.1s
[     17s] main 30b c27 ic_m5 random_sub_r0 table completed_valid t=0.1s
[     17s] main 30b c27 ic_m5 random_sub_r1 table completed_valid t=0.1s
[     17s] main 30b c27 ic_m5 random_sub_r2 table completed_valid t=0.1s
[     17s] main 30b c27 ic_m5 known_null_sub table completed_valid t=0.1s
[     17s] main 30b c27 ic_m5 random_dick_r0 table completed_valid t=0.1s
[     17s] main 30b c27 ic_m5 random_dick_r1 table completed_valid t=0.1s
[     17s] main 30b c27 ic_m5 random_dick_r2 table completed_valid t=0.1s
[     17s] main 30b c27 ic_m5 known_null_dick table completed_valid t=0.1s
[     19s] main 30b c28 ic_m5 subgroup table completed_valid t=0.1s
[     19s] main 30b c28 ic_m5 dickson table completed_valid t=0.1s
[     19s] main 30b c28 ic_m5 small_x table completed_valid t=0.1s
[     19s] main 30b c28 ic_m5 random_sub_r0 table completed_valid t=0.1s
[     19s] main 30b c28 ic_m5 random_sub_r1 table completed_valid t=0.1s
[     19s] main 30b c28 ic_m5 random_sub_r2 table completed_valid t=0.1s
[     19s] main 30b c28 ic_m5 known_null_sub table completed_valid t=0.1s
[     19s] main 30b c28 ic_m5 random_dick_r0 table completed_valid t=0.1s
[     19s] main 30b c28 ic_m5 random_dick_r1 table completed_valid t=0.1s
[     19s] main 30b c28 ic_m5 random_dick_r2 table completed_valid t=0.1s
[     19s] main 30b c28 ic_m5 known_null_dick table completed_valid t=0.1s
[     19s] main 30b c29 ic_m5 subgroup table completed_valid t=0.1s
[     19s] main 30b c29 ic_m5 dickson table completed_valid t=0.1s
[     19s] main 30b c29 ic_m5 small_x table completed_valid t=0.1s
[     19s] main 30b c29 ic_m5 random_sub_r0 table completed_valid t=0.1s
[     19s] main 30b c29 ic_m5 random_sub_r1 table completed_valid t=0.1s
[     19s] main 30b c29 ic_m5 random_sub_r2 table completed_valid t=0.1s
[     19s] main 30b c29 ic_m5 known_null_sub table completed_valid t=0.1s
[     19s] main 30b c29 ic_m5 random_dick_r0 table completed_valid t=0.1s
[     19s] main 30b c29 ic_m5 random_dick_r1 table completed_valid t=0.1s
[     19s] main 30b c29 ic_m5 random_dick_r2 table completed_valid t=0.1s
[     19s] main 30b c29 ic_m5 known_null_dick table completed_valid t=0.1s
[     21s] main 30b c30 ic_m5 subgroup table completed_valid t=0.1s
[     21s] main 30b c30 ic_m5 dickson table completed_valid t=0.1s
[     21s] main 30b c30 ic_m5 small_x table completed_valid t=0.1s
[     21s] main 30b c30 ic_m5 random_sub_r0 table completed_valid t=0.1s
[     21s] main 30b c30 ic_m5 random_sub_r1 table completed_valid t=0.1s
[     21s] main 30b c30 ic_m5 random_sub_r2 table completed_valid t=0.1s
[     21s] main 30b c30 ic_m5 known_null_sub table completed_valid t=0.1s
[     21s] main 30b c30 ic_m5 random_dick_r0 table completed_valid t=0.1s
[     21s] main 30b c30 ic_m5 random_dick_r1 table completed_valid t=0.1s
[     21s] main 30b c30 ic_m5 random_dick_r2 table completed_valid t=0.1s
[     21s] main 30b c30 ic_m5 known_null_dick table completed_valid t=0.1s
[     21s] main 30b c31 ic_m5 subgroup table completed_valid t=0.0s
[     21s] main 30b c31 ic_m5 dickson table completed_valid t=0.1s
[     21s] main 30b c31 ic_m5 small_x table completed_valid t=0.0s
[     21s] main 30b c31 ic_m5 random_sub_r0 table completed_valid t=0.0s
[     21s] main 30b c31 ic_m5 random_sub_r1 table completed_valid t=0.0s
[     21s] main 30b c31 ic_m5 random_sub_r2 table completed_valid t=0.0s
[     21s] main 30b c31 ic_m5 known_null_sub table completed_valid t=0.0s
[     21s] main 30b c31 ic_m5 random_dick_r0 table completed_valid t=0.1s
[     21s] main 30b c31 ic_m5 random_dick_r1 table completed_valid t=0.1s
[     21s] main 30b c31 ic_m5 random_dick_r2 table completed_valid t=0.1s
[     21s] main 30b c31 ic_m5 known_null_dick table completed_valid t=0.1s
[     22s] main 30b c32 ic_m5 subgroup table completed_valid t=0.1s
[     22s] main 30b c32 ic_m5 dickson table completed_valid t=0.0s
[     22s] main 30b c32 ic_m5 small_x table completed_valid t=0.0s
[     22s] main 30b c32 ic_m5 random_sub_r0 table completed_valid t=0.1s
[     22s] main 30b c32 ic_m5 random_sub_r1 table completed_valid t=0.1s
[     22s] main 30b c32 ic_m5 random_sub_r2 table completed_valid t=0.1s
[     22s] main 30b c32 ic_m5 known_null_sub table completed_valid t=0.1s
[     22s] main 30b c32 ic_m5 random_dick_r0 table completed_valid t=0.0s
[     22s] main 30b c32 ic_m5 random_dick_r1 table completed_valid t=0.0s
[     22s] main 30b c32 ic_m5 random_dick_r2 table completed_valid t=0.0s
[     22s] main 30b c32 ic_m5 known_null_dick table completed_valid t=0.0s
[     23s] main 30b c33 ic_m5 subgroup table completed_valid t=0.1s
[     23s] main 30b c33 ic_m5 dickson table completed_valid t=0.1s
[     23s] main 30b c33 ic_m5 small_x table completed_valid t=0.1s
[     23s] main 30b c33 ic_m5 random_sub_r0 table completed_valid t=0.1s
[     23s] main 30b c33 ic_m5 random_sub_r1 table completed_valid t=0.1s
[     23s] main 30b c33 ic_m5 random_sub_r2 table completed_valid t=0.1s
[     23s] main 30b c33 ic_m5 known_null_sub table completed_valid t=0.1s
[     23s] main 30b c33 ic_m5 random_dick_r0 table completed_valid t=0.1s
[     23s] main 30b c33 ic_m5 random_dick_r1 table completed_valid t=0.1s
[     23s] main 30b c33 ic_m5 random_dick_r2 table completed_valid t=0.1s
[     23s] main 30b c33 ic_m5 known_null_dick table completed_valid t=0.1s
[     24s] main 30b c34 ic_m5 subgroup table completed_valid t=0.1s
[     24s] main 30b c34 ic_m5 dickson table completed_valid t=0.2s
[     24s] main 30b c34 ic_m5 small_x table completed_valid t=0.1s
[     24s] main 30b c34 ic_m5 random_sub_r0 table completed_valid t=0.1s
[     24s] main 30b c34 ic_m5 random_sub_r1 table completed_valid t=0.1s
[     24s] main 30b c34 ic_m5 random_sub_r2 table completed_valid t=0.1s
[     24s] main 30b c34 ic_m5 known_null_sub table completed_valid t=0.1s
[     24s] main 30b c34 ic_m5 random_dick_r0 table completed_valid t=0.2s
[     24s] main 30b c34 ic_m5 random_dick_r1 table completed_valid t=0.2s
[     24s] main 30b c34 ic_m5 random_dick_r2 table completed_valid t=0.2s
[     24s] main 30b c34 ic_m5 known_null_dick table completed_valid t=0.2s
[     25s] main 30b c35 ic_m5 subgroup table completed_valid t=0.1s
[     25s] main 30b c35 ic_m5 dickson table completed_valid t=0.1s
[     25s] main 30b c35 ic_m5 small_x table completed_valid t=0.1s
[     25s] main 30b c35 ic_m5 random_sub_r0 table completed_valid t=0.1s
[     25s] main 30b c35 ic_m5 random_sub_r1 table completed_valid t=0.1s
[     25s] main 30b c35 ic_m5 random_sub_r2 table completed_valid t=0.1s
[     25s] main 30b c35 ic_m5 known_null_sub table completed_valid t=0.1s
[     25s] main 30b c35 ic_m5 random_dick_r0 table completed_valid t=0.1s
[     25s] main 30b c35 ic_m5 random_dick_r1 table completed_valid t=0.1s
[     25s] main 30b c35 ic_m5 random_dick_r2 table completed_valid t=0.1s
[     25s] main 30b c35 ic_m5 known_null_dick table completed_valid t=0.1s
[     26s] main 30b c36 ic_m5 subgroup table completed_valid t=0.1s
[     26s] main 30b c36 ic_m5 dickson table completed_valid t=0.1s
[     26s] main 30b c36 ic_m5 small_x table completed_valid t=0.1s
[     26s] main 30b c36 ic_m5 random_sub_r0 table completed_valid t=0.1s
[     26s] main 30b c36 ic_m5 random_sub_r1 table completed_valid t=0.1s
[     26s] main 30b c36 ic_m5 random_sub_r2 table completed_valid t=0.1s
[     26s] main 30b c36 ic_m5 known_null_sub table completed_valid t=0.1s
[     26s] main 30b c36 ic_m5 random_dick_r0 table completed_valid t=0.1s
[     26s] main 30b c36 ic_m5 random_dick_r1 table completed_valid t=0.1s
[     26s] main 30b c36 ic_m5 random_dick_r2 table completed_valid t=0.1s
[     26s] main 30b c36 ic_m5 known_null_dick table completed_valid t=0.1s
[     27s] main 30b c37 ic_m5 subgroup table completed_valid t=0.1s
[     27s] main 30b c37 ic_m5 dickson table completed_valid t=0.1s
[     27s] main 30b c37 ic_m5 small_x table completed_valid t=0.1s
[     27s] main 30b c37 ic_m5 random_sub_r0 table completed_valid t=0.1s
[     27s] main 30b c37 ic_m5 random_sub_r1 table completed_valid t=0.1s
[     27s] main 30b c37 ic_m5 random_sub_r2 table completed_valid t=0.1s
[     27s] main 30b c37 ic_m5 known_null_sub table completed_valid t=0.1s
[     27s] main 30b c37 ic_m5 random_dick_r0 table completed_valid t=0.1s
[     27s] main 30b c37 ic_m5 random_dick_r1 table completed_valid t=0.1s
[     27s] main 30b c37 ic_m5 random_dick_r2 table completed_valid t=0.1s
[     27s] main 30b c37 ic_m5 known_null_dick table completed_valid t=0.1s
[     28s] main 30b c38 ic_m5 subgroup table completed_valid t=0.1s
[     28s] main 30b c38 ic_m5 dickson table completed_valid t=0.1s
[     28s] main 30b c38 ic_m5 small_x table completed_valid t=0.1s
[     28s] main 30b c38 ic_m5 random_sub_r0 table completed_valid t=0.1s
[     28s] main 30b c38 ic_m5 random_sub_r1 table completed_valid t=0.1s
[     28s] main 30b c38 ic_m5 random_sub_r2 table completed_valid t=0.1s
[     28s] main 30b c38 ic_m5 known_null_sub table completed_valid t=0.1s
[     28s] main 30b c38 ic_m5 random_dick_r0 table completed_valid t=0.1s
[     28s] main 30b c38 ic_m5 random_dick_r1 table completed_valid t=0.1s
[     28s] main 30b c38 ic_m5 random_dick_r2 table completed_valid t=0.1s
[     28s] main 30b c38 ic_m5 known_null_dick table completed_valid t=0.1s
[     29s] main 30b c39 ic_m5 subgroup table completed_valid t=0.2s
[     29s] main 30b c39 ic_m5 dickson table completed_valid t=0.1s
[     29s] main 30b c39 ic_m5 small_x table completed_valid t=0.1s
[     29s] main 30b c39 ic_m5 random_sub_r0 table completed_valid t=0.1s
[     29s] main 30b c39 ic_m5 random_sub_r1 table completed_valid t=0.1s
[     29s] main 30b c39 ic_m5 random_sub_r2 table completed_valid t=0.1s
[     29s] main 30b c39 ic_m5 known_null_sub table completed_valid t=0.1s
[     29s] main 30b c39 ic_m5 random_dick_r0 table completed_valid t=0.1s
[     29s] main 30b c39 ic_m5 random_dick_r1 table completed_valid t=0.1s
[     29s] main 30b c39 ic_m5 random_dick_r2 table completed_valid t=0.1s
[     29s] main 30b c39 ic_m5 known_null_dick table completed_valid t=0.1s
[     30s] main 30b c40 ic_m5 subgroup table completed_valid t=0.1s
[     30s] main 30b c40 ic_m5 dickson table completed_valid t=0.1s
[     30s] main 30b c40 ic_m5 small_x table completed_valid t=0.1s
[     30s] main 30b c40 ic_m5 random_sub_r0 table completed_valid t=0.1s
[     30s] main 30b c40 ic_m5 random_sub_r1 table completed_valid t=0.1s
[     30s] main 30b c40 ic_m5 random_sub_r2 table completed_valid t=0.1s
[     30s] main 30b c40 ic_m5 known_null_sub table completed_valid t=0.1s
[     30s] main 30b c40 ic_m5 random_dick_r0 table completed_valid t=0.1s
[     30s] main 30b c40 ic_m5 random_dick_r1 table completed_valid t=0.0s
[     30s] main 30b c40 ic_m5 random_dick_r2 table completed_valid t=0.1s
[     30s] main 30b c40 ic_m5 known_null_dick table completed_valid t=0.1s
[     31s] main 30b c41 ic_m5 subgroup table completed_valid t=0.1s
[     31s] main 30b c41 ic_m5 dickson table completed_valid t=0.1s
[     31s] main 30b c41 ic_m5 small_x table completed_valid t=0.1s
[     31s] main 30b c41 ic_m5 random_sub_r0 table completed_valid t=0.1s
[     31s] main 30b c41 ic_m5 random_sub_r1 table completed_valid t=0.1s
[     31s] main 30b c41 ic_m5 random_sub_r2 table completed_valid t=0.1s
[     31s] main 30b c41 ic_m5 known_null_sub table completed_valid t=0.1s
[     31s] main 30b c41 ic_m5 random_dick_r0 table completed_valid t=0.1s
[     31s] main 30b c41 ic_m5 random_dick_r1 table completed_valid t=0.1s
[     31s] main 30b c41 ic_m5 random_dick_r2 table completed_valid t=0.1s
[     31s] main 30b c41 ic_m5 known_null_dick table completed_valid t=0.1s
[     33s] main 30b c42 ic_m5 subgroup table completed_valid t=0.1s
[     33s] main 30b c42 ic_m5 dickson table completed_valid t=0.1s
[     33s] main 30b c42 ic_m5 small_x table completed_valid t=0.1s
[     33s] main 30b c42 ic_m5 random_sub_r0 table completed_valid t=0.1s
[     33s] main 30b c42 ic_m5 random_sub_r1 table completed_valid t=0.1s
[     33s] main 30b c42 ic_m5 random_sub_r2 table completed_valid t=0.1s
[     33s] main 30b c42 ic_m5 known_null_sub table completed_valid t=0.1s
[     33s] main 30b c42 ic_m5 random_dick_r0 table completed_valid t=0.1s
[     33s] main 30b c42 ic_m5 random_dick_r1 table completed_valid t=0.1s
[     33s] main 30b c42 ic_m5 random_dick_r2 table completed_valid t=0.1s
[     33s] main 30b c42 ic_m5 known_null_dick table completed_valid t=0.1s
[     34s] main 30b c43 ic_m5 subgroup table completed_valid t=0.1s
[     34s] main 30b c43 ic_m5 dickson table completed_valid t=0.1s
[     34s] main 30b c43 ic_m5 small_x table completed_valid t=0.1s
[     34s] main 30b c43 ic_m5 random_sub_r0 table completed_valid t=0.1s
[     34s] main 30b c43 ic_m5 random_sub_r1 table completed_valid t=0.1s
[     34s] main 30b c43 ic_m5 random_sub_r2 table completed_valid t=0.1s
[     34s] main 30b c43 ic_m5 known_null_sub table completed_valid t=0.1s
[     34s] main 30b c43 ic_m5 random_dick_r0 table completed_valid t=0.1s
[     34s] main 30b c43 ic_m5 random_dick_r1 table completed_valid t=0.1s
[     34s] main 30b c43 ic_m5 random_dick_r2 table completed_valid t=0.1s
[     34s] main 30b c43 ic_m5 known_null_dick table completed_valid t=0.1s
[     35s] main 30b c44 ic_m5 subgroup table completed_valid t=0.1s
[     35s] main 30b c44 ic_m5 dickson table completed_valid t=0.1s
[     35s] main 30b c44 ic_m5 small_x table completed_valid t=0.1s
[     35s] main 30b c44 ic_m5 random_sub_r0 table completed_valid t=0.1s
[     35s] main 30b c44 ic_m5 random_sub_r1 table completed_valid t=0.1s
[     35s] main 30b c44 ic_m5 random_sub_r2 table completed_valid t=0.1s
[     35s] main 30b c44 ic_m5 known_null_sub table completed_valid t=0.1s
[     35s] main 30b c44 ic_m5 random_dick_r0 table completed_valid t=0.1s
[     35s] main 30b c44 ic_m5 random_dick_r1 table completed_valid t=0.1s
[     35s] main 30b c44 ic_m5 random_dick_r2 table completed_valid t=0.1s
[     35s] main 30b c44 ic_m5 known_null_dick table completed_valid t=0.1s
[     36s] main 30b c45 ic_m5 subgroup table completed_valid t=0.1s
[     36s] main 30b c45 ic_m5 dickson table completed_valid t=0.1s
[     36s] main 30b c45 ic_m5 small_x table completed_valid t=0.1s
[     36s] main 30b c45 ic_m5 random_sub_r0 table completed_valid t=0.1s
[     36s] main 30b c45 ic_m5 random_sub_r1 table completed_valid t=0.1s
[     36s] main 30b c45 ic_m5 random_sub_r2 table completed_valid t=0.1s
[     36s] main 30b c45 ic_m5 known_null_sub table completed_valid t=0.1s
[     36s] main 30b c45 ic_m5 random_dick_r0 table completed_valid t=0.1s
[     36s] main 30b c45 ic_m5 random_dick_r1 table completed_valid t=0.1s
[     36s] main 30b c45 ic_m5 random_dick_r2 table completed_valid t=0.1s
[     36s] main 30b c45 ic_m5 known_null_dick table completed_valid t=0.1s
[     37s] main 30b c46 ic_m5 subgroup table completed_valid t=0.0s
[     37s] main 30b c46 ic_m5 dickson table completed_valid t=0.1s
[     37s] main 30b c46 ic_m5 small_x table completed_valid t=0.0s
[     37s] main 30b c46 ic_m5 random_sub_r0 table completed_valid t=0.0s
[     37s] main 30b c46 ic_m5 random_sub_r1 table completed_valid t=0.0s
[     37s] main 30b c46 ic_m5 random_sub_r2 table completed_valid t=0.0s
[     37s] main 30b c46 ic_m5 known_null_sub table completed_valid t=0.1s
[     37s] main 30b c46 ic_m5 random_dick_r0 table completed_valid t=0.1s
[     37s] main 30b c46 ic_m5 random_dick_r1 table completed_valid t=0.1s
[     37s] main 30b c46 ic_m5 random_dick_r2 table completed_valid t=0.1s
[     37s] main 30b c46 ic_m5 known_null_dick table completed_valid t=0.1s
[     38s] main 30b c47 ic_m5 subgroup table completed_valid t=0.1s
[     38s] main 30b c47 ic_m5 dickson table completed_valid t=0.1s
[     38s] main 30b c47 ic_m5 small_x table completed_valid t=0.1s
[     38s] main 30b c47 ic_m5 random_sub_r0 table completed_valid t=0.1s
[     38s] main 30b c47 ic_m5 random_sub_r1 table completed_valid t=0.1s
[     38s] main 30b c47 ic_m5 random_sub_r2 table completed_valid t=0.1s
[     38s] main 30b c47 ic_m5 known_null_sub table completed_valid t=0.1s
[     38s] main 30b c47 ic_m5 random_dick_r0 table completed_valid t=0.1s
[     38s] main 30b c47 ic_m5 random_dick_r1 table completed_valid t=0.1s
[     38s] main 30b c47 ic_m5 random_dick_r2 table completed_valid t=0.1s
[     38s] main 30b c47 ic_m5 known_null_dick table completed_valid t=0.1s
[     38s] main 30b c48 ic_m5 subgroup table completed_valid t=0.1s
[     38s] main 30b c48 ic_m5 dickson table completed_valid t=0.1s
[     38s] main 30b c48 ic_m5 small_x table completed_valid t=0.1s
[     38s] main 30b c48 ic_m5 random_sub_r0 table completed_valid t=0.0s
[     38s] main 30b c48 ic_m5 random_sub_r1 table completed_valid t=0.0s
[     38s] main 30b c48 ic_m5 random_sub_r2 table completed_valid t=0.1s
[     38s] main 30b c48 ic_m5 known_null_sub table completed_valid t=0.1s
[     38s] main 30b c48 ic_m5 random_dick_r0 table completed_valid t=0.1s
[     38s] main 30b c48 ic_m5 random_dick_r1 table completed_valid t=0.1s
[     38s] main 30b c48 ic_m5 random_dick_r2 table completed_valid t=0.1s
[     38s] main 30b c48 ic_m5 known_null_dick table completed_valid t=0.1s
[     40s] main 30b c49 ic_m5 subgroup table completed_valid t=0.2s
[     40s] main 30b c49 ic_m5 dickson table completed_valid t=0.1s
[     40s] main 30b c49 ic_m5 small_x table completed_valid t=0.2s
[     40s] main 30b c49 ic_m5 random_sub_r0 table completed_valid t=0.2s
[     40s] main 30b c49 ic_m5 random_sub_r1 table completed_valid t=0.2s
[     40s] main 30b c49 ic_m5 random_sub_r2 table completed_valid t=0.3s
[     40s] main 30b c49 ic_m5 known_null_sub table completed_valid t=0.2s
[     40s] main 30b c49 ic_m5 random_dick_r0 table completed_valid t=0.1s
[     40s] main 30b c49 ic_m5 random_dick_r1 table completed_valid t=0.1s
[     40s] main 30b c49 ic_m5 random_dick_r2 table completed_valid t=0.1s
[     40s] main 30b c49 ic_m5 known_null_dick table completed_valid t=0.1s
[     41s] main 30b c50 ic_m5 subgroup table completed_valid t=0.1s
[     41s] main 30b c50 ic_m5 dickson table completed_valid t=0.1s
[     41s] main 30b c50 ic_m5 small_x table completed_valid t=0.1s
[     41s] main 30b c50 ic_m5 random_sub_r0 table completed_valid t=0.1s
[     41s] main 30b c50 ic_m5 random_sub_r1 table completed_valid t=0.1s
[     41s] main 30b c50 ic_m5 random_sub_r2 table completed_valid t=0.1s
[     41s] main 30b c50 ic_m5 known_null_sub table completed_valid t=0.1s
[     41s] main 30b c50 ic_m5 random_dick_r0 table completed_valid t=0.1s
[     41s] main 30b c50 ic_m5 random_dick_r1 table completed_valid t=0.1s
[     41s] main 30b c50 ic_m5 random_dick_r2 table completed_valid t=0.1s
[     41s] main 30b c50 ic_m5 known_null_dick table completed_valid t=0.1s
[     42s] main 30b c51 ic_m5 subgroup table completed_valid t=0.1s
[     42s] main 30b c51 ic_m5 dickson table completed_valid t=0.1s
[     42s] main 30b c51 ic_m5 small_x table completed_valid t=0.1s
[     42s] main 30b c51 ic_m5 random_sub_r0 table completed_valid t=0.1s
[     42s] main 30b c51 ic_m5 random_sub_r1 table completed_valid t=0.1s
[     42s] main 30b c51 ic_m5 random_sub_r2 table completed_valid t=0.1s
[     42s] main 30b c51 ic_m5 known_null_sub table completed_valid t=0.1s
[     42s] main 30b c51 ic_m5 random_dick_r0 table completed_valid t=0.1s
[     42s] main 30b c51 ic_m5 random_dick_r1 table completed_valid t=0.1s
[     42s] main 30b c51 ic_m5 random_dick_r2 table completed_valid t=0.1s
[     42s] main 30b c51 ic_m5 known_null_dick table completed_valid t=0.1s
[     43s] main 30b c52 ic_m5 subgroup table completed_valid t=0.1s
[     43s] main 30b c52 ic_m5 dickson table completed_valid t=0.1s
[     43s] main 30b c52 ic_m5 small_x table completed_valid t=0.1s
[     43s] main 30b c52 ic_m5 random_sub_r0 table completed_valid t=0.1s
[     43s] main 30b c52 ic_m5 random_sub_r1 table completed_valid t=0.1s
[     43s] main 30b c52 ic_m5 random_sub_r2 table completed_valid t=0.1s
[     43s] main 30b c52 ic_m5 known_null_sub table completed_valid t=0.1s
[     43s] main 30b c52 ic_m5 random_dick_r0 table completed_valid t=0.1s
[     43s] main 30b c52 ic_m5 random_dick_r1 table completed_valid t=0.2s
[     43s] main 30b c52 ic_m5 random_dick_r2 table completed_valid t=0.1s
[     43s] main 30b c52 ic_m5 known_null_dick table completed_valid t=0.2s
[     44s] main 30b c53 ic_m5 subgroup table completed_valid t=0.1s
[     44s] main 30b c53 ic_m5 dickson table completed_valid t=0.1s
[     44s] main 30b c53 ic_m5 small_x table completed_valid t=0.1s
[     44s] main 30b c53 ic_m5 random_sub_r0 table completed_valid t=0.1s
[     44s] main 30b c53 ic_m5 random_sub_r1 table completed_valid t=0.1s
[     44s] main 30b c53 ic_m5 random_sub_r2 table completed_valid t=0.1s
[     44s] main 30b c53 ic_m5 known_null_sub table completed_valid t=0.1s
[     44s] main 30b c53 ic_m5 random_dick_r0 table completed_valid t=0.1s
[     44s] main 30b c53 ic_m5 random_dick_r1 table completed_valid t=0.1s
[     44s] main 30b c53 ic_m5 random_dick_r2 table completed_valid t=0.1s
[     44s] main 30b c53 ic_m5 known_null_dick table completed_valid t=0.1s
[     45s] main 30b c54 ic_m5 subgroup table completed_valid t=0.1s
[     45s] main 30b c54 ic_m5 dickson table completed_valid t=0.1s
[     45s] main 30b c54 ic_m5 small_x table completed_valid t=0.1s
[     45s] main 30b c54 ic_m5 random_sub_r0 table completed_valid t=0.1s
[     45s] main 30b c54 ic_m5 random_sub_r1 table completed_valid t=0.1s
[     45s] main 30b c54 ic_m5 random_sub_r2 table completed_valid t=0.1s
[     45s] main 30b c54 ic_m5 known_null_sub table completed_valid t=0.1s
[     45s] main 30b c54 ic_m5 random_dick_r0 table completed_valid t=0.2s
[     45s] main 30b c54 ic_m5 random_dick_r1 table completed_valid t=0.1s
[     45s] main 30b c54 ic_m5 random_dick_r2 table completed_valid t=0.1s
[     45s] main 30b c54 ic_m5 known_null_dick table completed_valid t=0.1s
[     47s] main 30b c55 ic_m5 subgroup table completed_valid t=0.1s
[     47s] main 30b c55 ic_m5 dickson table completed_valid t=0.2s
[     47s] main 30b c55 ic_m5 small_x table completed_valid t=0.1s
[     47s] main 30b c55 ic_m5 random_sub_r0 table completed_valid t=0.1s
[     47s] main 30b c55 ic_m5 random_sub_r1 table completed_valid t=0.1s
[     47s] main 30b c55 ic_m5 random_sub_r2 table completed_valid t=0.1s
[     47s] main 30b c55 ic_m5 known_null_sub table completed_valid t=0.1s
[     47s] main 30b c55 ic_m5 random_dick_r0 table completed_valid t=0.2s
[     47s] main 30b c55 ic_m5 random_dick_r1 table completed_valid t=0.2s
[     47s] main 30b c55 ic_m5 random_dick_r2 table completed_valid t=0.2s
[     47s] main 30b c55 ic_m5 known_null_dick table completed_valid t=0.2s
[     48s] main 30b c56 ic_m5 subgroup table completed_valid t=0.1s
[     48s] main 30b c56 ic_m5 dickson table completed_valid t=0.1s
[     48s] main 30b c56 ic_m5 small_x table completed_valid t=0.1s
[     48s] main 30b c56 ic_m5 random_sub_r0 table completed_valid t=0.1s
[     48s] main 30b c56 ic_m5 random_sub_r1 table completed_valid t=0.1s
[     48s] main 30b c56 ic_m5 random_sub_r2 table completed_valid t=0.1s
[     48s] main 30b c56 ic_m5 known_null_sub table completed_valid t=0.1s
[     48s] main 30b c56 ic_m5 random_dick_r0 table completed_valid t=0.1s
[     48s] main 30b c56 ic_m5 random_dick_r1 table completed_valid t=0.1s
[     48s] main 30b c56 ic_m5 random_dick_r2 table completed_valid t=0.1s
[     48s] main 30b c56 ic_m5 known_null_dick table completed_valid t=0.1s
[     49s] main 30b c57 ic_m5 subgroup table completed_valid t=0.2s
[     49s] main 30b c57 ic_m5 dickson table completed_valid t=0.1s
[     49s] main 30b c57 ic_m5 small_x table completed_valid t=0.1s
[     49s] main 30b c57 ic_m5 random_sub_r0 table completed_valid t=0.2s
[     49s] main 30b c57 ic_m5 random_sub_r1 table completed_valid t=0.2s
[     49s] main 30b c57 ic_m5 random_sub_r2 table completed_valid t=0.2s
[     49s] main 30b c57 ic_m5 known_null_sub table completed_valid t=0.2s
[     49s] main 30b c57 ic_m5 random_dick_r0 table completed_valid t=0.1s
[     49s] main 30b c57 ic_m5 random_dick_r1 table completed_valid t=0.1s
[     49s] main 30b c57 ic_m5 random_dick_r2 table completed_valid t=0.1s
[     49s] main 30b c57 ic_m5 known_null_dick table completed_valid t=0.1s
[     51s] main 30b c58 ic_m5 subgroup table completed_valid t=0.1s
[     51s] main 30b c58 ic_m5 dickson table completed_valid t=0.1s
[     51s] main 30b c58 ic_m5 small_x table completed_valid t=0.1s
[     51s] main 30b c58 ic_m5 random_sub_r0 table completed_valid t=0.1s
[     51s] main 30b c58 ic_m5 random_sub_r1 table completed_valid t=0.1s
[     51s] main 30b c58 ic_m5 random_sub_r2 table completed_valid t=0.1s
[     51s] main 30b c58 ic_m5 known_null_sub table completed_valid t=0.1s
[     51s] main 30b c58 ic_m5 random_dick_r0 table completed_valid t=0.1s
[     51s] main 30b c58 ic_m5 random_dick_r1 table completed_valid t=0.1s
[     51s] main 30b c58 ic_m5 random_dick_r2 table completed_valid t=0.1s
[     51s] main 30b c58 ic_m5 known_null_dick table completed_valid t=0.1s
[     51s] main 30b c59 ic_m5 subgroup table completed_valid t=0.1s
[     51s] main 30b c59 ic_m5 dickson table completed_valid t=0.1s
[     51s] main 30b c59 ic_m5 small_x table completed_valid t=0.0s
[     51s] main 30b c59 ic_m5 random_sub_r0 table completed_valid t=0.1s
[     51s] main 30b c59 ic_m5 random_sub_r1 table completed_valid t=0.1s
[     51s] main 30b c59 ic_m5 random_sub_r2 table completed_valid t=0.1s
[     51s] main 30b c59 ic_m5 known_null_sub table completed_valid t=0.1s
[     51s] main 30b c59 ic_m5 random_dick_r0 table completed_valid t=0.1s
[     51s] main 30b c59 ic_m5 random_dick_r1 table completed_valid t=0.1s
[     51s] main 30b c59 ic_m5 random_dick_r2 table completed_valid t=0.1s
[     51s] main 30b c59 ic_m5 known_null_dick table completed_valid t=0.1s
[     52s] main 30b c60 ic_m5 subgroup table completed_valid t=0.1s
[     52s] main 30b c60 ic_m5 dickson table completed_valid t=0.1s
[     52s] main 30b c60 ic_m5 small_x table completed_valid t=0.1s
[     52s] main 30b c60 ic_m5 random_sub_r0 table completed_valid t=0.1s
[     52s] main 30b c60 ic_m5 random_sub_r1 table completed_valid t=0.1s
[     52s] main 30b c60 ic_m5 random_sub_r2 table completed_valid t=0.1s
[     52s] main 30b c60 ic_m5 known_null_sub table completed_valid t=0.1s
[     52s] main 30b c60 ic_m5 random_dick_r0 table completed_valid t=0.1s
[     52s] main 30b c60 ic_m5 random_dick_r1 table completed_valid t=0.1s
[     52s] main 30b c60 ic_m5 random_dick_r2 table completed_valid t=0.1s
[     52s] main 30b c60 ic_m5 known_null_dick table completed_valid t=0.1s
[     54s] main 30b c61 ic_m5 subgroup table completed_valid t=0.1s
[     54s] main 30b c61 ic_m5 dickson table completed_valid t=0.1s
[     54s] main 30b c61 ic_m5 small_x table completed_valid t=0.1s
[     54s] main 30b c61 ic_m5 random_sub_r0 table completed_valid t=0.1s
[     54s] main 30b c61 ic_m5 random_sub_r1 table completed_valid t=0.1s
[     54s] main 30b c61 ic_m5 random_sub_r2 table completed_valid t=0.1s
[     54s] main 30b c61 ic_m5 known_null_sub table completed_valid t=0.1s
[     54s] main 30b c61 ic_m5 random_dick_r0 table completed_valid t=0.1s
[     54s] main 30b c61 ic_m5 random_dick_r1 table completed_valid t=0.1s
[     54s] main 30b c61 ic_m5 random_dick_r2 table completed_valid t=0.1s
[     54s] main 30b c61 ic_m5 known_null_dick table completed_valid t=0.1s
[     54s] main 30b c62 ic_m5 subgroup table completed_valid t=0.0s
[     54s] main 30b c62 ic_m5 dickson table completed_valid t=0.1s
[     54s] main 30b c62 ic_m5 small_x table completed_valid t=0.0s
[     54s] main 30b c62 ic_m5 random_sub_r0 table completed_valid t=0.0s
[     54s] main 30b c62 ic_m5 random_sub_r1 table completed_valid t=0.0s
[     54s] main 30b c62 ic_m5 random_sub_r2 table completed_valid t=0.0s
[     54s] main 30b c62 ic_m5 known_null_sub table completed_valid t=0.0s
[     54s] main 30b c62 ic_m5 random_dick_r0 table completed_valid t=0.1s
[     54s] main 30b c62 ic_m5 random_dick_r1 table completed_valid t=0.1s
[     54s] main 30b c62 ic_m5 random_dick_r2 table completed_valid t=0.1s
[     54s] main 30b c62 ic_m5 known_null_dick table completed_valid t=0.1s
[     55s] main 30b c63 ic_m5 subgroup table completed_valid t=0.1s
[     55s] main 30b c63 ic_m5 dickson table completed_valid t=0.1s
[     55s] main 30b c63 ic_m5 small_x table completed_valid t=0.1s
[     55s] main 30b c63 ic_m5 random_sub_r0 table completed_valid t=0.1s
[     55s] main 30b c63 ic_m5 random_sub_r1 table completed_valid t=0.1s
[     55s] main 30b c63 ic_m5 random_sub_r2 table completed_valid t=0.1s
[     55s] main 30b c63 ic_m5 known_null_sub table completed_valid t=0.1s
[     55s] main 30b c63 ic_m5 random_dick_r0 table completed_valid t=0.1s
[     55s] main 30b c63 ic_m5 random_dick_r1 table completed_valid t=0.1s
[     55s] main 30b c63 ic_m5 random_dick_r2 table completed_valid t=0.1s
[     55s] main 30b c63 ic_m5 known_null_dick table completed_valid t=0.1s
[     57s] main 30b c64 ic_m5 subgroup table completed_valid t=0.1s
[     57s] main 30b c64 ic_m5 dickson table completed_valid t=0.2s
[     57s] main 30b c64 ic_m5 small_x table completed_valid t=0.1s
[     57s] main 30b c64 ic_m5 random_sub_r0 table completed_valid t=0.1s
[     57s] main 30b c64 ic_m5 random_sub_r1 table completed_valid t=0.1s
[     57s] main 30b c64 ic_m5 random_sub_r2 table completed_valid t=0.1s
[     57s] main 30b c64 ic_m5 known_null_sub table completed_valid t=0.1s
[     57s] main 30b c64 ic_m5 random_dick_r0 table completed_valid t=0.2s
[     57s] main 30b c64 ic_m5 random_dick_r1 table completed_valid t=0.2s
[     57s] main 30b c64 ic_m5 random_dick_r2 table completed_valid t=0.2s
[     57s] main 30b c64 ic_m5 known_null_dick table completed_valid t=0.2s
[     57s] main 30b c65 ic_m5 subgroup table completed_valid t=0.1s
[     57s] main 30b c65 ic_m5 dickson table completed_valid t=0.1s
[     57s] main 30b c65 ic_m5 small_x table completed_valid t=0.1s
[     57s] main 30b c65 ic_m5 random_sub_r0 table completed_valid t=0.1s
[     57s] main 30b c65 ic_m5 random_sub_r1 table completed_valid t=0.1s
[     57s] main 30b c65 ic_m5 random_sub_r2 table completed_valid t=0.1s
[     57s] main 30b c65 ic_m5 known_null_sub table completed_valid t=0.1s
[     57s] main 30b c65 ic_m5 random_dick_r0 table completed_valid t=0.1s
[     57s] main 30b c65 ic_m5 random_dick_r1 table completed_valid t=0.1s
[     57s] main 30b c65 ic_m5 random_dick_r2 table completed_valid t=0.1s
[     57s] main 30b c65 ic_m5 known_null_dick table completed_valid t=0.1s
[     59s] main 30b c66 ic_m5 subgroup table completed_valid t=0.1s
[     59s] main 30b c66 ic_m5 dickson table completed_valid t=0.1s
[     59s] main 30b c66 ic_m5 small_x table completed_valid t=0.1s
[     59s] main 30b c66 ic_m5 random_sub_r0 table completed_valid t=0.1s
[     59s] main 30b c66 ic_m5 random_sub_r1 table completed_valid t=0.1s
[     59s] main 30b c66 ic_m5 random_sub_r2 table completed_valid t=0.2s
[     59s] main 30b c66 ic_m5 known_null_sub table completed_valid t=0.2s
[     59s] main 30b c66 ic_m5 random_dick_r0 table completed_valid t=0.1s
[     59s] main 30b c66 ic_m5 random_dick_r1 table completed_valid t=0.1s
[     59s] main 30b c66 ic_m5 random_dick_r2 table completed_valid t=0.1s
[     59s] main 30b c66 ic_m5 known_null_dick table completed_valid t=0.1s
[     61s] main 30b c67 ic_m5 subgroup table completed_valid t=0.1s
[     61s] main 30b c67 ic_m5 dickson table completed_valid t=0.1s
[     61s] main 30b c67 ic_m5 small_x table completed_valid t=0.0s
[     61s] main 30b c67 ic_m5 random_sub_r0 table completed_valid t=0.0s
[     61s] main 30b c67 ic_m5 random_sub_r1 table completed_valid t=0.1s
[     61s] main 30b c67 ic_m5 random_sub_r2 table completed_valid t=0.1s
[     61s] main 30b c67 ic_m5 known_null_sub table completed_valid t=0.1s
[     61s] main 30b c67 ic_m5 random_dick_r0 table completed_valid t=0.1s
[     61s] main 30b c67 ic_m5 random_dick_r1 table completed_valid t=0.2s
[     61s] main 30b c67 ic_m5 random_dick_r2 table completed_valid t=0.1s
[     61s] main 30b c67 ic_m5 known_null_dick table completed_valid t=0.1s
[     61s] main 30b c68 ic_m5 subgroup table completed_valid t=0.0s
[     61s] main 30b c68 ic_m5 dickson table completed_valid t=0.1s
[     61s] main 30b c68 ic_m5 small_x table completed_valid t=0.0s
[     61s] main 30b c68 ic_m5 random_sub_r0 table completed_valid t=0.0s
[     61s] main 30b c68 ic_m5 random_sub_r1 table completed_valid t=0.0s
[     61s] main 30b c68 ic_m5 random_sub_r2 table completed_valid t=0.0s
[     61s] main 30b c68 ic_m5 known_null_sub table completed_valid t=0.0s
[     61s] main 30b c68 ic_m5 random_dick_r0 table completed_valid t=0.1s
[     61s] main 30b c68 ic_m5 random_dick_r1 table completed_valid t=0.1s
[     61s] main 30b c68 ic_m5 random_dick_r2 table completed_valid t=0.1s
[     61s] main 30b c68 ic_m5 known_null_dick table completed_valid t=0.1s
[     62s] main 30b c69 ic_m5 subgroup table completed_valid t=0.1s
[     62s] main 30b c69 ic_m5 dickson table completed_valid t=0.1s
[     62s] main 30b c69 ic_m5 small_x table completed_valid t=0.1s
[     62s] main 30b c69 ic_m5 random_sub_r0 table completed_valid t=0.1s
[     62s] main 30b c69 ic_m5 random_sub_r1 table completed_valid t=0.1s
[     62s] main 30b c69 ic_m5 random_sub_r2 table completed_valid t=0.1s
[     62s] main 30b c69 ic_m5 known_null_sub table completed_valid t=0.1s
[     62s] main 30b c69 ic_m5 random_dick_r0 table completed_valid t=0.1s
[     62s] main 30b c69 ic_m5 random_dick_r1 table completed_valid t=0.0s
[     62s] main 30b c69 ic_m5 random_dick_r2 table completed_valid t=0.1s
[     62s] main 30b c69 ic_m5 known_null_dick table completed_valid t=0.1s
[     63s] main 30b c70 ic_m5 subgroup table completed_valid t=0.1s
[     63s] main 30b c70 ic_m5 dickson table completed_valid t=0.1s
[     63s] main 30b c70 ic_m5 small_x table completed_valid t=0.1s
[     63s] main 30b c70 ic_m5 random_sub_r0 table completed_valid t=0.1s
[     63s] main 30b c70 ic_m5 random_sub_r1 table completed_valid t=0.1s
[     63s] main 30b c70 ic_m5 random_sub_r2 table completed_valid t=0.1s
[     63s] main 30b c70 ic_m5 known_null_sub table completed_valid t=0.1s
[     63s] main 30b c70 ic_m5 random_dick_r0 table completed_valid t=0.1s
[     63s] main 30b c70 ic_m5 random_dick_r1 table completed_valid t=0.1s
[     63s] main 30b c70 ic_m5 random_dick_r2 table completed_valid t=0.1s
[     63s] main 30b c70 ic_m5 known_null_dick table completed_valid t=0.1s
[     64s] main 30b c71 ic_m5 subgroup table completed_valid t=0.0s
[     64s] main 30b c71 ic_m5 dickson table completed_valid t=0.0s
[     64s] main 30b c71 ic_m5 small_x table completed_valid t=0.0s
[     64s] main 30b c71 ic_m5 random_sub_r0 table completed_valid t=0.0s
[     64s] main 30b c71 ic_m5 random_sub_r1 table completed_valid t=0.0s
[     64s] main 30b c71 ic_m5 random_sub_r2 table completed_valid t=0.0s
[     64s] main 30b c71 ic_m5 known_null_sub table completed_valid t=0.0s
[     64s] main 30b c71 ic_m5 random_dick_r0 table completed_valid t=0.1s
[     64s] main 30b c71 ic_m5 random_dick_r1 table completed_valid t=0.0s
[     64s] main 30b c71 ic_m5 random_dick_r2 table completed_valid t=0.0s
[     64s] main 30b c71 ic_m5 known_null_dick table completed_valid t=0.0s
[     65s] main 30b c72 ic_m5 subgroup table completed_valid t=0.1s
[     65s] main 30b c72 ic_m5 dickson table completed_valid t=0.1s
[     65s] main 30b c72 ic_m5 small_x table completed_valid t=0.1s
[     65s] main 30b c72 ic_m5 random_sub_r0 table completed_valid t=0.1s
[     65s] main 30b c72 ic_m5 random_sub_r1 table completed_valid t=0.1s
[     65s] main 30b c72 ic_m5 random_sub_r2 table completed_valid t=0.1s
[     65s] main 30b c72 ic_m5 known_null_sub table completed_valid t=0.1s
[     65s] main 30b c72 ic_m5 random_dick_r0 table completed_valid t=0.1s
[     65s] main 30b c72 ic_m5 random_dick_r1 table completed_valid t=0.1s
[     65s] main 30b c72 ic_m5 random_dick_r2 table completed_valid t=0.1s
[     65s] main 30b c72 ic_m5 known_null_dick table completed_valid t=0.1s
[     66s] main 30b c73 ic_m5 subgroup table completed_valid t=0.1s
[     66s] main 30b c73 ic_m5 dickson table completed_valid t=0.1s
[     66s] main 30b c73 ic_m5 small_x table completed_valid t=0.1s
[     66s] main 30b c73 ic_m5 random_sub_r0 table completed_valid t=0.1s
[     66s] main 30b c73 ic_m5 random_sub_r1 table completed_valid t=0.1s
[     66s] main 30b c73 ic_m5 random_sub_r2 table completed_valid t=0.1s
[     66s] main 30b c73 ic_m5 known_null_sub table completed_valid t=0.1s
[     66s] main 30b c73 ic_m5 random_dick_r0 table completed_valid t=0.1s
[     66s] main 30b c73 ic_m5 random_dick_r1 table completed_valid t=0.1s
[     66s] main 30b c73 ic_m5 random_dick_r2 table completed_valid t=0.2s
[     66s] main 30b c73 ic_m5 known_null_dick table completed_valid t=0.1s
[     67s] main 30b c74 ic_m5 subgroup table completed_valid t=0.1s
[     67s] main 30b c74 ic_m5 dickson table completed_valid t=0.1s
[     67s] main 30b c74 ic_m5 small_x table completed_valid t=0.1s
[     67s] main 30b c74 ic_m5 random_sub_r0 table completed_valid t=0.1s
[     67s] main 30b c74 ic_m5 random_sub_r1 table completed_valid t=0.1s
[     67s] main 30b c74 ic_m5 random_sub_r2 table completed_valid t=0.1s
[     67s] main 30b c74 ic_m5 known_null_sub table completed_valid t=0.1s
[     67s] main 30b c74 ic_m5 random_dick_r0 table completed_valid t=0.1s
[     67s] main 30b c74 ic_m5 random_dick_r1 table completed_valid t=0.1s
[     67s] main 30b c74 ic_m5 random_dick_r2 table completed_valid t=0.1s
[     67s] main 30b c74 ic_m5 known_null_dick table completed_valid t=0.1s
[     68s] main 30b c75 ic_m5 subgroup table completed_valid t=0.1s
[     68s] main 30b c75 ic_m5 dickson table completed_valid t=0.0s
[     68s] main 30b c75 ic_m5 small_x table completed_valid t=0.1s
[     68s] main 30b c75 ic_m5 random_sub_r0 table completed_valid t=0.1s
[     68s] main 30b c75 ic_m5 random_sub_r1 table completed_valid t=0.1s
[     68s] main 30b c75 ic_m5 random_sub_r2 table completed_valid t=0.1s
[     68s] main 30b c75 ic_m5 known_null_sub table completed_valid t=0.1s
[     68s] main 30b c75 ic_m5 random_dick_r0 table completed_valid t=0.1s
[     68s] main 30b c75 ic_m5 random_dick_r1 table completed_valid t=0.1s
[     68s] main 30b c75 ic_m5 random_dick_r2 table completed_valid t=0.0s
[     68s] main 30b c75 ic_m5 known_null_dick table completed_valid t=0.0s
[     69s] main 30b c76 ic_m5 subgroup table completed_valid t=0.1s
[     69s] main 30b c76 ic_m5 dickson table completed_valid t=0.1s
[     69s] main 30b c76 ic_m5 small_x table completed_valid t=0.1s
[     69s] main 30b c76 ic_m5 random_sub_r0 table completed_valid t=0.1s
[     69s] main 30b c76 ic_m5 random_sub_r1 table completed_valid t=0.1s
[     69s] main 30b c76 ic_m5 random_sub_r2 table completed_valid t=0.1s
[     69s] main 30b c76 ic_m5 known_null_sub table completed_valid t=0.1s
[     69s] main 30b c76 ic_m5 random_dick_r0 table completed_valid t=0.1s
[     69s] main 30b c76 ic_m5 random_dick_r1 table completed_valid t=0.1s
[     69s] main 30b c76 ic_m5 random_dick_r2 table completed_valid t=0.1s
[     69s] main 30b c76 ic_m5 known_null_dick table completed_valid t=0.1s
[     70s] main 30b c77 ic_m5 subgroup table completed_valid t=0.1s
[     70s] main 30b c77 ic_m5 dickson table completed_valid t=0.1s
[     70s] main 30b c77 ic_m5 small_x table completed_valid t=0.1s
[     70s] main 30b c77 ic_m5 random_sub_r0 table completed_valid t=0.1s
[     70s] main 30b c77 ic_m5 random_sub_r1 table completed_valid t=0.1s
[     70s] main 30b c77 ic_m5 random_sub_r2 table completed_valid t=0.1s
[     70s] main 30b c77 ic_m5 known_null_sub table completed_valid t=0.1s
[     70s] main 30b c77 ic_m5 random_dick_r0 table completed_valid t=0.1s
[     70s] main 30b c77 ic_m5 random_dick_r1 table completed_valid t=0.1s
[     70s] main 30b c77 ic_m5 random_dick_r2 table completed_valid t=0.1s
[     70s] main 30b c77 ic_m5 known_null_dick table completed_valid t=0.1s
[     71s] main 30b c78 ic_m5 subgroup table completed_valid t=0.1s
[     71s] main 30b c78 ic_m5 dickson table completed_valid t=0.1s
[     71s] main 30b c78 ic_m5 small_x table completed_valid t=0.1s
[     71s] main 30b c78 ic_m5 random_sub_r0 table completed_valid t=0.1s
[     71s] main 30b c78 ic_m5 random_sub_r1 table completed_valid t=0.1s
[     71s] main 30b c78 ic_m5 random_sub_r2 table completed_valid t=0.1s
[     71s] main 30b c78 ic_m5 known_null_sub table completed_valid t=0.1s
[     71s] main 30b c78 ic_m5 random_dick_r0 table completed_valid t=0.1s
[     71s] main 30b c78 ic_m5 random_dick_r1 table completed_valid t=0.1s
[     71s] main 30b c78 ic_m5 random_dick_r2 table completed_valid t=0.1s
[     71s] main 30b c78 ic_m5 known_null_dick table completed_valid t=0.1s
[     72s] main 30b c79 ic_m5 subgroup table completed_valid t=0.1s
[     72s] main 30b c79 ic_m5 dickson table completed_valid t=0.1s
[     72s] main 30b c79 ic_m5 small_x table completed_valid t=0.1s
[     72s] main 30b c79 ic_m5 random_sub_r0 table completed_valid t=0.1s
[     72s] main 30b c79 ic_m5 random_sub_r1 table completed_valid t=0.1s
[     72s] main 30b c79 ic_m5 random_sub_r2 table completed_valid t=0.1s
[     72s] main 30b c79 ic_m5 known_null_sub table completed_valid t=0.1s
[     72s] main 30b c79 ic_m5 random_dick_r0 table completed_valid t=0.1s
[     72s] main 30b c79 ic_m5 random_dick_r1 table completed_valid t=0.1s
[     72s] main 30b c79 ic_m5 random_dick_r2 table completed_valid t=0.1s
[     72s] main 30b c79 ic_m5 known_null_dick table completed_valid t=0.1s
[     73s] main 30b c80 ic_m5 subgroup table completed_valid t=0.1s
[     73s] main 30b c80 ic_m5 dickson table completed_valid t=0.1s
[     73s] main 30b c80 ic_m5 small_x table completed_valid t=0.1s
[     73s] main 30b c80 ic_m5 random_sub_r0 table completed_valid t=0.1s
[     73s] main 30b c80 ic_m5 random_sub_r1 table completed_valid t=0.1s
[     73s] main 30b c80 ic_m5 random_sub_r2 table completed_valid t=0.1s
[     73s] main 30b c80 ic_m5 known_null_sub table completed_valid t=0.1s
[     73s] main 30b c80 ic_m5 random_dick_r0 table completed_valid t=0.1s
[     73s] main 30b c80 ic_m5 random_dick_r1 table completed_valid t=0.1s
[     73s] main 30b c80 ic_m5 random_dick_r2 table completed_valid t=0.1s
[     73s] main 30b c80 ic_m5 known_null_dick table completed_valid t=0.1s
[     74s] main 30b c81 ic_m5 subgroup table completed_valid t=0.1s
[     74s] main 30b c81 ic_m5 dickson table completed_valid t=0.1s
[     74s] main 30b c81 ic_m5 small_x table completed_valid t=0.1s
[     74s] main 30b c81 ic_m5 random_sub_r0 table completed_valid t=0.1s
[     74s] main 30b c81 ic_m5 random_sub_r1 table completed_valid t=0.1s
[     74s] main 30b c81 ic_m5 random_sub_r2 table completed_valid t=0.1s
[     74s] main 30b c81 ic_m5 known_null_sub table completed_valid t=0.1s
[     74s] main 30b c81 ic_m5 random_dick_r0 table completed_valid t=0.1s
[     74s] main 30b c81 ic_m5 random_dick_r1 table completed_valid t=0.1s
[     74s] main 30b c81 ic_m5 random_dick_r2 table completed_valid t=0.1s
[     74s] main 30b c81 ic_m5 known_null_dick table completed_valid t=0.1s
[     75s] main 30b c82 ic_m5 subgroup table completed_valid t=0.1s
[     75s] main 30b c82 ic_m5 dickson table completed_valid t=0.1s
[     75s] main 30b c82 ic_m5 small_x table completed_valid t=0.1s
[     75s] main 30b c82 ic_m5 random_sub_r0 table completed_valid t=0.1s
[     75s] main 30b c82 ic_m5 random_sub_r1 table completed_valid t=0.1s
[     75s] main 30b c82 ic_m5 random_sub_r2 table completed_valid t=0.1s
[     75s] main 30b c82 ic_m5 known_null_sub table completed_valid t=0.1s
[     75s] main 30b c82 ic_m5 random_dick_r0 table completed_valid t=0.1s
[     75s] main 30b c82 ic_m5 random_dick_r1 table completed_valid t=0.1s
[     75s] main 30b c82 ic_m5 random_dick_r2 table completed_valid t=0.1s
[     75s] main 30b c82 ic_m5 known_null_dick table completed_valid t=0.1s
[     76s] main 30b c83 ic_m5 subgroup table completed_valid t=0.1s
[     76s] main 30b c83 ic_m5 dickson table completed_valid t=0.1s
[     76s] main 30b c83 ic_m5 small_x table completed_valid t=0.1s
[     76s] main 30b c83 ic_m5 random_sub_r0 table completed_valid t=0.1s
[     76s] main 30b c83 ic_m5 random_sub_r1 table completed_valid t=0.1s
[     76s] main 30b c83 ic_m5 random_sub_r2 table completed_valid t=0.1s
[     76s] main 30b c83 ic_m5 known_null_sub table completed_valid t=0.1s
[     76s] main 30b c83 ic_m5 random_dick_r0 table completed_valid t=0.1s
[     76s] main 30b c83 ic_m5 random_dick_r1 table completed_valid t=0.1s
[     76s] main 30b c83 ic_m5 random_dick_r2 table completed_valid t=0.1s
[     76s] main 30b c83 ic_m5 known_null_dick table completed_valid t=0.1s
[     77s] main 30b c84 ic_m5 subgroup table completed_valid t=0.1s
[     77s] main 30b c84 ic_m5 dickson table completed_valid t=0.1s
[     77s] main 30b c84 ic_m5 small_x table completed_valid t=0.1s
[     77s] main 30b c84 ic_m5 random_sub_r0 table completed_valid t=0.1s
[     77s] main 30b c84 ic_m5 random_sub_r1 table completed_valid t=0.1s
[     77s] main 30b c84 ic_m5 random_sub_r2 table completed_valid t=0.1s
[     77s] main 30b c84 ic_m5 known_null_sub table completed_valid t=0.1s
[     77s] main 30b c84 ic_m5 random_dick_r0 table completed_valid t=0.1s
[     77s] main 30b c84 ic_m5 random_dick_r1 table completed_valid t=0.1s
[     77s] main 30b c84 ic_m5 random_dick_r2 table completed_valid t=0.0s
[     77s] main 30b c84 ic_m5 known_null_dick table completed_valid t=0.1s
[     78s] main 30b c85 ic_m5 subgroup table completed_valid t=0.1s
[     78s] main 30b c85 ic_m5 dickson table completed_valid t=0.1s
[     78s] main 30b c85 ic_m5 small_x table completed_valid t=0.1s
[     78s] main 30b c85 ic_m5 random_sub_r0 table completed_valid t=0.1s
[     78s] main 30b c85 ic_m5 random_sub_r1 table completed_valid t=0.1s
[     78s] main 30b c85 ic_m5 random_sub_r2 table completed_valid t=0.1s
[     78s] main 30b c85 ic_m5 known_null_sub table completed_valid t=0.1s
[     78s] main 30b c85 ic_m5 random_dick_r0 table completed_valid t=0.1s
[     78s] main 30b c85 ic_m5 random_dick_r1 table completed_valid t=0.1s
[     78s] main 30b c85 ic_m5 random_dick_r2 table completed_valid t=0.1s
[     78s] main 30b c85 ic_m5 known_null_dick table completed_valid t=0.1s
[     79s] main 30b c86 ic_m5 subgroup table completed_valid t=0.1s
[     79s] main 30b c86 ic_m5 dickson table completed_valid t=0.1s
[     79s] main 30b c86 ic_m5 small_x table completed_valid t=0.1s
[     79s] main 30b c86 ic_m5 random_sub_r0 table completed_valid t=0.1s
[     79s] main 30b c86 ic_m5 random_sub_r1 table completed_valid t=0.1s
[     79s] main 30b c86 ic_m5 random_sub_r2 table completed_valid t=0.1s
[     79s] main 30b c86 ic_m5 known_null_sub table completed_valid t=0.1s
[     79s] main 30b c86 ic_m5 random_dick_r0 table completed_valid t=0.1s
[     79s] main 30b c86 ic_m5 random_dick_r1 table completed_valid t=0.1s
[     79s] main 30b c86 ic_m5 random_dick_r2 table completed_valid t=0.1s
[     79s] main 30b c86 ic_m5 known_null_dick table completed_valid t=0.1s
[     79s] main 30b c87 ic_m5 subgroup table completed_valid t=0.1s
[     79s] main 30b c87 ic_m5 dickson table completed_valid t=0.1s
[     79s] main 30b c87 ic_m5 small_x table completed_valid t=0.1s
[     79s] main 30b c87 ic_m5 random_sub_r0 table completed_valid t=0.1s
[     79s] main 30b c87 ic_m5 random_sub_r1 table completed_valid t=0.1s
[     79s] main 30b c87 ic_m5 random_sub_r2 table completed_valid t=0.1s
[     79s] main 30b c87 ic_m5 known_null_sub table completed_valid t=0.1s
[     79s] main 30b c87 ic_m5 random_dick_r0 table completed_valid t=0.1s
[     79s] main 30b c87 ic_m5 random_dick_r1 table completed_valid t=0.1s
[     79s] main 30b c87 ic_m5 random_dick_r2 table completed_valid t=0.1s
[     79s] main 30b c87 ic_m5 known_null_dick table completed_valid t=0.1s
[     80s] main 30b c88 ic_m5 subgroup table completed_valid t=0.1s
[     80s] main 30b c88 ic_m5 dickson table completed_valid t=0.1s
[     80s] main 30b c88 ic_m5 small_x table completed_valid t=0.1s
[     80s] main 30b c88 ic_m5 random_sub_r0 table completed_valid t=0.1s
[     80s] main 30b c88 ic_m5 random_sub_r1 table completed_valid t=0.1s
[     80s] main 30b c88 ic_m5 random_sub_r2 table completed_valid t=0.1s
[     80s] main 30b c88 ic_m5 known_null_sub table completed_valid t=0.1s
[     80s] main 30b c88 ic_m5 random_dick_r0 table completed_valid t=0.1s
[     80s] main 30b c88 ic_m5 random_dick_r1 table completed_valid t=0.1s
[     80s] main 30b c88 ic_m5 random_dick_r2 table completed_valid t=0.1s
[     80s] main 30b c88 ic_m5 known_null_dick table completed_valid t=0.1s
[     82s] main 30b c89 ic_m5 subgroup table completed_valid t=0.1s
[     82s] main 30b c89 ic_m5 dickson table completed_valid t=0.1s
[     82s] main 30b c89 ic_m5 small_x table completed_valid t=0.1s
[     82s] main 30b c89 ic_m5 random_sub_r0 table completed_valid t=0.1s
[     82s] main 30b c89 ic_m5 random_sub_r1 table completed_valid t=0.1s
[     82s] main 30b c89 ic_m5 random_sub_r2 table completed_valid t=0.1s
[     82s] main 30b c89 ic_m5 known_null_sub table completed_valid t=0.1s
[     82s] main 30b c89 ic_m5 random_dick_r0 table completed_valid t=0.1s
[     82s] main 30b c89 ic_m5 random_dick_r1 table completed_valid t=0.1s
[     82s] main 30b c89 ic_m5 random_dick_r2 table completed_valid t=0.1s
[     82s] main 30b c89 ic_m5 known_null_dick table completed_valid t=0.1s
[     82s] main 30b c90 ic_m5 subgroup table completed_valid t=0.1s
[     82s] main 30b c90 ic_m5 dickson table completed_valid t=0.0s
[     82s] main 30b c90 ic_m5 small_x table completed_valid t=0.1s
[     82s] main 30b c90 ic_m5 random_sub_r0 table completed_valid t=0.1s
[     82s] main 30b c90 ic_m5 random_sub_r1 table completed_valid t=0.1s
[     82s] main 30b c90 ic_m5 random_sub_r2 table completed_valid t=0.2s
[     82s] main 30b c90 ic_m5 known_null_sub table completed_valid t=0.1s
[     82s] main 30b c90 ic_m5 random_dick_r0 table completed_valid t=0.1s
[     82s] main 30b c90 ic_m5 random_dick_r1 table completed_valid t=0.1s
[     82s] main 30b c90 ic_m5 random_dick_r2 table completed_valid t=0.0s
[     82s] main 30b c90 ic_m5 known_null_dick table completed_valid t=0.0s
[     84s] main 30b c91 ic_m5 subgroup table completed_valid t=0.1s
[     84s] main 30b c91 ic_m5 dickson table completed_valid t=0.1s
[     84s] main 30b c91 ic_m5 small_x table completed_valid t=0.1s
[     84s] main 30b c91 ic_m5 random_sub_r0 table completed_valid t=0.1s
[     84s] main 30b c91 ic_m5 random_sub_r1 table completed_valid t=0.1s
[     84s] main 30b c91 ic_m5 random_sub_r2 table completed_valid t=0.1s
[     84s] main 30b c91 ic_m5 known_null_sub table completed_valid t=0.1s
[     84s] main 30b c91 ic_m5 random_dick_r0 table completed_valid t=0.1s
[     84s] main 30b c91 ic_m5 random_dick_r1 table completed_valid t=0.1s
[     84s] main 30b c91 ic_m5 random_dick_r2 table completed_valid t=0.1s
[     84s] main 30b c91 ic_m5 known_null_dick table completed_valid t=0.1s
[     85s] main 30b c92 ic_m5 subgroup table completed_valid t=0.1s
[     85s] main 30b c92 ic_m5 dickson table completed_valid t=0.1s
[     85s] main 30b c92 ic_m5 small_x table completed_valid t=0.1s
[     85s] main 30b c92 ic_m5 random_sub_r0 table completed_valid t=0.1s
[     85s] main 30b c92 ic_m5 random_sub_r1 table completed_valid t=0.1s
[     85s] main 30b c92 ic_m5 random_sub_r2 table completed_valid t=0.1s
[     85s] main 30b c92 ic_m5 known_null_sub table completed_valid t=0.1s
[     85s] main 30b c92 ic_m5 random_dick_r0 table completed_valid t=0.1s
[     85s] main 30b c92 ic_m5 random_dick_r1 table completed_valid t=0.1s
[     85s] main 30b c92 ic_m5 random_dick_r2 table completed_valid t=0.1s
[     85s] main 30b c92 ic_m5 known_null_dick table completed_valid t=0.1s
[     86s] main 30b c93 ic_m5 subgroup table completed_valid t=0.1s
[     86s] main 30b c93 ic_m5 dickson table completed_valid t=0.1s
[     86s] main 30b c93 ic_m5 small_x table completed_valid t=0.0s
[     86s] main 30b c93 ic_m5 random_sub_r0 table completed_valid t=0.0s
[     86s] main 30b c93 ic_m5 random_sub_r1 table completed_valid t=0.0s
[     86s] main 30b c93 ic_m5 random_sub_r2 table completed_valid t=0.0s
[     86s] main 30b c93 ic_m5 known_null_sub table completed_valid t=0.1s
[     86s] main 30b c93 ic_m5 random_dick_r0 table completed_valid t=0.1s
[     86s] main 30b c93 ic_m5 random_dick_r1 table completed_valid t=0.1s
[     86s] main 30b c93 ic_m5 random_dick_r2 table completed_valid t=0.1s
[     86s] main 30b c93 ic_m5 known_null_dick table completed_valid t=0.1s
[     86s] main 30b c94 ic_m5 subgroup table completed_valid t=0.1s
[     86s] main 30b c94 ic_m5 dickson table completed_valid t=0.1s
[     86s] main 30b c94 ic_m5 small_x table completed_valid t=0.1s
[     86s] main 30b c94 ic_m5 random_sub_r0 table completed_valid t=0.1s
[     86s] main 30b c94 ic_m5 random_sub_r1 table completed_valid t=0.1s
[     86s] main 30b c94 ic_m5 random_sub_r2 table completed_valid t=0.1s
[     86s] main 30b c94 ic_m5 known_null_sub table completed_valid t=0.1s
[     86s] main 30b c94 ic_m5 random_dick_r0 table completed_valid t=0.1s
[     86s] main 30b c94 ic_m5 random_dick_r1 table completed_valid t=0.1s
[     86s] main 30b c94 ic_m5 random_dick_r2 table completed_valid t=0.1s
[     86s] main 30b c94 ic_m5 known_null_dick table completed_valid t=0.1s
[     87s] main 30b c95 ic_m5 subgroup table completed_valid t=0.1s
[     87s] main 30b c95 ic_m5 dickson table completed_valid t=0.1s
[     87s] main 30b c95 ic_m5 small_x table completed_valid t=0.1s
[     87s] main 30b c95 ic_m5 random_sub_r0 table completed_valid t=0.1s
[     87s] main 30b c95 ic_m5 random_sub_r1 table completed_valid t=0.1s
[     87s] main 30b c95 ic_m5 random_sub_r2 table completed_valid t=0.1s
[     87s] main 30b c95 ic_m5 known_null_sub table completed_valid t=0.1s
[     87s] main 30b c95 ic_m5 random_dick_r0 table completed_valid t=0.1s
[     87s] main 30b c95 ic_m5 random_dick_r1 table completed_valid t=0.1s
[     87s] main 30b c95 ic_m5 random_dick_r2 table completed_valid t=0.1s
[     87s] main 30b c95 ic_m5 known_null_dick table completed_valid t=0.1s
[     89s] main 30b c96 ic_m5 subgroup table completed_valid t=0.2s
[     89s] main 30b c96 ic_m5 dickson table completed_valid t=0.1s
[     89s] main 30b c96 ic_m5 small_x table completed_valid t=0.2s
[     89s] main 30b c96 ic_m5 random_sub_r0 table completed_valid t=0.1s
[     89s] main 30b c96 ic_m5 random_sub_r1 table completed_valid t=0.1s
[     89s] main 30b c96 ic_m5 random_sub_r2 table completed_valid t=0.1s
[     89s] main 30b c96 ic_m5 known_null_sub table completed_valid t=0.1s
[     89s] main 30b c96 ic_m5 random_dick_r0 table completed_valid t=0.1s
[     89s] main 30b c96 ic_m5 random_dick_r1 table completed_valid t=0.1s
[     89s] main 30b c96 ic_m5 random_dick_r2 table completed_valid t=0.1s
[     89s] main 30b c96 ic_m5 known_null_dick table completed_valid t=0.1s
[     90s] main 30b c97 ic_m5 subgroup table completed_valid t=0.1s
[     90s] main 30b c97 ic_m5 dickson table completed_valid t=0.1s
[     90s] main 30b c97 ic_m5 small_x table completed_valid t=0.1s
[     90s] main 30b c97 ic_m5 random_sub_r0 table completed_valid t=0.1s
[     90s] main 30b c97 ic_m5 random_sub_r1 table completed_valid t=0.1s
[     90s] main 30b c97 ic_m5 random_sub_r2 table completed_valid t=0.1s
[     90s] main 30b c97 ic_m5 known_null_sub table completed_valid t=0.1s
[     90s] main 30b c97 ic_m5 random_dick_r0 table completed_valid t=0.1s
[     90s] main 30b c97 ic_m5 random_dick_r1 table completed_valid t=0.2s
[     90s] main 30b c97 ic_m5 random_dick_r2 table completed_valid t=0.1s
[     90s] main 30b c97 ic_m5 known_null_dick table completed_valid t=0.2s
[     91s] main 30b c98 ic_m5 subgroup table completed_valid t=0.1s
[     91s] main 30b c98 ic_m5 dickson table completed_valid t=0.1s
[     91s] main 30b c98 ic_m5 small_x table completed_valid t=0.1s
[     91s] main 30b c98 ic_m5 random_sub_r0 table completed_valid t=0.1s
[     91s] main 30b c98 ic_m5 random_sub_r1 table completed_valid t=0.1s
[     91s] main 30b c98 ic_m5 random_sub_r2 table completed_valid t=0.1s
[     91s] main 30b c98 ic_m5 known_null_sub table completed_valid t=0.1s
[     91s] main 30b c98 ic_m5 random_dick_r0 table completed_valid t=0.1s
[     91s] main 30b c98 ic_m5 random_dick_r1 table completed_valid t=0.1s
[     91s] main 30b c98 ic_m5 random_dick_r2 table completed_valid t=0.1s
[     91s] main 30b c98 ic_m5 known_null_dick table completed_valid t=0.1s
[     92s] main 30b c99 ic_m5 subgroup table completed_valid t=0.1s
[     92s] main 30b c99 ic_m5 dickson table completed_valid t=0.1s
[     92s] main 30b c99 ic_m5 small_x table completed_valid t=0.1s
[     92s] main 30b c99 ic_m5 random_sub_r0 table completed_valid t=0.1s
[     92s] main 30b c99 ic_m5 random_sub_r1 table completed_valid t=0.1s
[     92s] main 30b c99 ic_m5 random_sub_r2 table completed_valid t=0.1s
[     92s] main 30b c99 ic_m5 known_null_sub table completed_valid t=0.1s
[     92s] main 30b c99 ic_m5 random_dick_r0 table completed_valid t=0.1s
[     92s] main 30b c99 ic_m5 random_dick_r1 table completed_valid t=0.1s
[     92s] main 30b c99 ic_m5 random_dick_r2 table completed_valid t=0.1s
[     92s] main 30b c99 ic_m5 known_null_dick table completed_valid t=0.1s
[     94s] main 30b c100 ic_m5 subgroup table completed_valid t=0.1s
[     94s] main 30b c100 ic_m5 dickson table completed_valid t=0.1s
[     94s] main 30b c100 ic_m5 small_x table completed_valid t=0.1s
[     94s] main 30b c100 ic_m5 random_sub_r0 table completed_valid t=0.2s
[     94s] main 30b c100 ic_m5 random_sub_r1 table completed_valid t=0.1s
[     94s] main 30b c100 ic_m5 random_sub_r2 table completed_valid t=0.1s
[     94s] main 30b c100 ic_m5 known_null_sub table completed_valid t=0.1s
[     94s] main 30b c100 ic_m5 random_dick_r0 table completed_valid t=0.1s
[     94s] main 30b c100 ic_m5 random_dick_r1 table completed_valid t=0.1s
[     94s] main 30b c100 ic_m5 random_dick_r2 table completed_valid t=0.1s
[     94s] main 30b c100 ic_m5 known_null_dick table completed_valid t=0.1s
[     95s] main 30b c101 ic_m5 subgroup table completed_valid t=0.1s
[     95s] main 30b c101 ic_m5 dickson table completed_valid t=0.1s
[     95s] main 30b c101 ic_m5 small_x table completed_valid t=0.1s
[     95s] main 30b c101 ic_m5 random_sub_r0 table completed_valid t=0.1s
[     95s] main 30b c101 ic_m5 random_sub_r1 table completed_valid t=0.1s
[     95s] main 30b c101 ic_m5 random_sub_r2 table completed_valid t=0.1s
[     95s] main 30b c101 ic_m5 known_null_sub table completed_valid t=0.1s
[     95s] main 30b c101 ic_m5 random_dick_r0 table completed_valid t=0.1s
[     95s] main 30b c101 ic_m5 random_dick_r1 table completed_valid t=0.1s
[     95s] main 30b c101 ic_m5 random_dick_r2 table completed_valid t=0.1s
[     95s] main 30b c101 ic_m5 known_null_dick table completed_valid t=0.1s
[     97s] main 30b c102 ic_m5 subgroup table completed_valid t=0.1s
[     97s] main 30b c102 ic_m5 dickson table completed_valid t=0.1s
[     97s] main 30b c102 ic_m5 small_x table completed_valid t=0.1s
[     97s] main 30b c102 ic_m5 random_sub_r0 table completed_valid t=0.1s
[     97s] main 30b c102 ic_m5 random_sub_r1 table completed_valid t=0.1s
[     97s] main 30b c102 ic_m5 random_sub_r2 table completed_valid t=0.1s
[     97s] main 30b c102 ic_m5 known_null_sub table completed_valid t=0.1s
[     97s] main 30b c102 ic_m5 random_dick_r0 table completed_valid t=0.2s
[     97s] main 30b c102 ic_m5 random_dick_r1 table completed_valid t=0.1s
[     97s] main 30b c102 ic_m5 random_dick_r2 table completed_valid t=0.1s
[     97s] main 30b c102 ic_m5 known_null_dick table completed_valid t=0.2s
[     97s] main 30b c103 ic_m5 subgroup table completed_valid t=0.1s
[     97s] main 30b c103 ic_m5 dickson table completed_valid t=0.1s
[     97s] main 30b c103 ic_m5 small_x table completed_valid t=0.1s
[     97s] main 30b c103 ic_m5 random_sub_r0 table completed_valid t=0.1s
[     97s] main 30b c103 ic_m5 random_sub_r1 table completed_valid t=0.1s
[     97s] main 30b c103 ic_m5 random_sub_r2 table completed_valid t=0.1s
[     97s] main 30b c103 ic_m5 known_null_sub table completed_valid t=0.1s
[     97s] main 30b c103 ic_m5 random_dick_r0 table completed_valid t=0.1s
[     97s] main 30b c103 ic_m5 random_dick_r1 table completed_valid t=0.1s
[     97s] main 30b c103 ic_m5 random_dick_r2 table completed_valid t=0.1s
[     97s] main 30b c103 ic_m5 known_null_dick table completed_valid t=0.1s
[     98s] main 30b c104 ic_m5 subgroup table completed_valid t=0.1s
[     98s] main 30b c104 ic_m5 dickson table completed_valid t=0.1s
[     98s] main 30b c104 ic_m5 small_x table completed_valid t=0.1s
[     98s] main 30b c104 ic_m5 random_sub_r0 table completed_valid t=0.1s
[     98s] main 30b c104 ic_m5 random_sub_r1 table completed_valid t=0.1s
[     98s] main 30b c104 ic_m5 random_sub_r2 table completed_valid t=0.1s
[     98s] main 30b c104 ic_m5 known_null_sub table completed_valid t=0.1s
[     98s] main 30b c104 ic_m5 random_dick_r0 table completed_valid t=0.1s
[     98s] main 30b c104 ic_m5 random_dick_r1 table completed_valid t=0.1s
[     98s] main 30b c104 ic_m5 random_dick_r2 table completed_valid t=0.1s
[     98s] main 30b c104 ic_m5 known_null_dick table completed_valid t=0.1s
[    100s] main 30b c105 ic_m5 subgroup table completed_valid t=0.1s
[    100s] main 30b c105 ic_m5 dickson table completed_valid t=0.1s
[    100s] main 30b c105 ic_m5 small_x table completed_valid t=0.1s
[    100s] main 30b c105 ic_m5 random_sub_r0 table completed_valid t=0.1s
[    100s] main 30b c105 ic_m5 random_sub_r1 table completed_valid t=0.1s
[    100s] main 30b c105 ic_m5 random_sub_r2 table completed_valid t=0.1s
[    100s] main 30b c105 ic_m5 known_null_sub table completed_valid t=0.2s
[    100s] main 30b c105 ic_m5 random_dick_r0 table completed_valid t=0.1s
[    100s] main 30b c105 ic_m5 random_dick_r1 table completed_valid t=0.1s
[    100s] main 30b c105 ic_m5 random_dick_r2 table completed_valid t=0.1s
[    100s] main 30b c105 ic_m5 known_null_dick table completed_valid t=0.1s
[    101s] main 30b c106 ic_m5 subgroup table completed_valid t=0.1s
[    101s] main 30b c106 ic_m5 dickson table completed_valid t=0.2s
[    101s] main 30b c106 ic_m5 small_x table completed_valid t=0.1s
[    101s] main 30b c106 ic_m5 random_sub_r0 table completed_valid t=0.1s
[    101s] main 30b c106 ic_m5 random_sub_r1 table completed_valid t=0.1s
[    101s] main 30b c106 ic_m5 random_sub_r2 table completed_valid t=0.1s
[    101s] main 30b c106 ic_m5 known_null_sub table completed_valid t=0.1s
[    101s] main 30b c106 ic_m5 random_dick_r0 table completed_valid t=0.2s
[    101s] main 30b c106 ic_m5 random_dick_r1 table completed_valid t=0.2s
[    101s] main 30b c106 ic_m5 random_dick_r2 table completed_valid t=0.2s
[    101s] main 30b c106 ic_m5 known_null_dick table completed_valid t=0.2s
[    102s] main 30b c107 ic_m5 subgroup table completed_valid t=0.1s
[    102s] main 30b c107 ic_m5 dickson table completed_valid t=0.1s
[    102s] main 30b c107 ic_m5 small_x table completed_valid t=0.1s
[    102s] main 30b c107 ic_m5 random_sub_r0 table completed_valid t=0.1s
[    102s] main 30b c107 ic_m5 random_sub_r1 table completed_valid t=0.1s
[    102s] main 30b c107 ic_m5 random_sub_r2 table completed_valid t=0.1s
[    102s] main 30b c107 ic_m5 known_null_sub table completed_valid t=0.1s
[    102s] main 30b c107 ic_m5 random_dick_r0 table completed_valid t=0.1s
[    102s] main 30b c107 ic_m5 random_dick_r1 table completed_valid t=0.1s
[    102s] main 30b c107 ic_m5 random_dick_r2 table completed_valid t=0.1s
[    102s] main 30b c107 ic_m5 known_null_dick table completed_valid t=0.1s
[    103s] main 30b c108 ic_m5 subgroup table completed_valid t=0.1s
[    103s] main 30b c108 ic_m5 dickson table completed_valid t=0.1s
[    103s] main 30b c108 ic_m5 small_x table completed_valid t=0.1s
[    103s] main 30b c108 ic_m5 random_sub_r0 table completed_valid t=0.2s
[    103s] main 30b c108 ic_m5 random_sub_r1 table completed_valid t=0.1s
[    103s] main 30b c108 ic_m5 random_sub_r2 table completed_valid t=0.1s
[    103s] main 30b c108 ic_m5 known_null_sub table completed_valid t=0.1s
[    103s] main 30b c108 ic_m5 random_dick_r0 table completed_valid t=0.1s
[    103s] main 30b c108 ic_m5 random_dick_r1 table completed_valid t=0.1s
[    103s] main 30b c108 ic_m5 random_dick_r2 table completed_valid t=0.1s
[    103s] main 30b c108 ic_m5 known_null_dick table completed_valid t=0.1s
[    104s] main 30b c109 ic_m5 subgroup table completed_valid t=0.1s
[    104s] main 30b c109 ic_m5 dickson table completed_valid t=0.1s
[    104s] main 30b c109 ic_m5 small_x table completed_valid t=0.1s
[    104s] main 30b c109 ic_m5 random_sub_r0 table completed_valid t=0.1s
[    104s] main 30b c109 ic_m5 random_sub_r1 table completed_valid t=0.1s
[    104s] main 30b c109 ic_m5 random_sub_r2 table completed_valid t=0.1s
[    104s] main 30b c109 ic_m5 known_null_sub table completed_valid t=0.1s
[    104s] main 30b c109 ic_m5 random_dick_r0 table completed_valid t=0.1s
[    104s] main 30b c109 ic_m5 random_dick_r1 table completed_valid t=0.1s
[    104s] main 30b c109 ic_m5 random_dick_r2 table completed_valid t=0.1s
[    104s] main 30b c109 ic_m5 known_null_dick table completed_valid t=0.1s
