[     13s] main 30b c130 ic_m4 subgroup search completed_valid t=1.2s
[     13s] main 30b c130 ic_m4 dickson search completed_valid t=1.0s
[     13s] main 30b c130 ic_m4 small_x search completed_valid t=1.2s
[     13s] main 30b c130 ic_m4 random_sub_r0 search completed_valid t=1.0s
[     13s] main 30b c130 ic_m4 random_sub_r1 search completed_valid t=1.2s
[     13s] main 30b c130 ic_m4 random_sub_r2 search completed_valid t=1.4s
[     13s] main 30b c130 ic_m4 known_null_sub search completed_valid t=1.2s
[     13s] main 30b c130 ic_m4 random_dick_r0 search completed_valid t=1.1s
[     13s] main 30b c130 ic_m4 random_dick_r1 search completed_valid t=1.3s
[     13s] main 30b c130 ic_m4 random_dick_r2 search completed_valid t=1.2s
[     13s] main 30b c130 ic_m4 known_null_dick search completed_valid t=1.3s
[     27s] main 30b c131 ic_m4 subgroup search completed_valid t=1.4s
[     27s] main 30b c131 ic_m4 dickson search completed_valid t=1.6s
[     27s] main 30b c131 ic_m4 small_x search completed_valid t=1.5s
[     27s] main 30b c131 ic_m4 random_sub_r0 search completed_valid t=1.2s
[     27s] main 30b c131 ic_m4 random_sub_r1 search completed_valid t=1.3s
[     27s] main 30b c131 ic_m4 random_sub_r2 search completed_valid t=1.2s
[     27s] main 30b c131 ic_m4 known_null_sub search completed_valid t=1.2s
[     27s] main 30b c131 ic_m4 random_dick_r0 search completed_valid t=1.2s
[     27s] main 30b c131 ic_m4 random_dick_r1 search completed_valid t=1.2s
[     27s] main 30b c131 ic_m4 random_dick_r2 search completed_valid t=1.1s
[     27s] main 30b c131 ic_m4 known_null_dick search completed_valid t=1.2s
[     40s] main 30b c132 ic_m4 subgroup search completed_valid t=1.2s
[     40s] main 30b c132 ic_m4 dickson search completed_valid t=1.2s
[     40s] main 30b c132 ic_m4 small_x search completed_valid t=1.1s
[     40s] main 30b c132 ic_m4 random_sub_r0 search completed_valid t=1.5s
[     40s] main 30b c132 ic_m4 random_sub_r1 search completed_valid t=1.1s
[     40s] main 30b c132 ic_m4 random_sub_r2 search completed_valid t=1.2s
[     40s] main 30b c132 ic_m4 known_null_sub search completed_valid t=1.0s
[     40s] main 30b c132 ic_m4 random_dick_r0 search completed_valid t=1.0s
[     40s] main 30b c132 ic_m4 random_dick_r1 search completed_valid t=1.0s
[     40s] main 30b c132 ic_m4 random_dick_r2 search completed_valid t=1.1s
[     40s] main 30b c132 ic_m4 known_null_dick search completed_valid t=1.3s
[     51s] main 30b c133 ic_m4 subgroup search completed_valid t=0.8s
[     51s] main 30b c133 ic_m4 dickson search completed_valid t=1.0s
[     51s] main 30b c133 ic_m4 small_x search completed_valid t=0.8s
[     51s] main 30b c133 ic_m4 random_sub_r0 search completed_valid t=0.8s
[     51s] main 30b c133 ic_m4 random_sub_r1 search completed_valid t=1.1s
[     51s] main 30b c133 ic_m4 random_sub_r2 search completed_valid t=0.9s
[     51s] main 30b c133 ic_m4 known_null_sub search completed_valid t=1.1s
[     51s] main 30b c133 ic_m4 random_dick_r0 search completed_valid t=1.1s
[     51s] main 30b c133 ic_m4 random_dick_r1 search completed_valid t=0.9s
[     51s] main 30b c133 ic_m4 random_dick_r2 search completed_valid t=0.9s
[     51s] main 30b c133 ic_m4 known_null_dick search completed_valid t=1.0s
[     63s] main 30b c134 ic_m4 subgroup search completed_valid t=1.1s
[     63s] main 30b c134 ic_m4 dickson search completed_valid t=0.9s
[     63s] main 30b c134 ic_m4 small_x search completed_valid t=1.1s
[     63s] main 30b c134 ic_m4 random_sub_r0 search completed_valid t=1.0s
[     63s] main 30b c134 ic_m4 random_sub_r1 search completed_valid t=1.2s
[     63s] main 30b c134 ic_m4 random_sub_r2 search completed_valid t=1.2s
[     63s] main 30b c134 ic_m4 known_null_sub search completed_valid t=1.0s
[     63s] main 30b c134 ic_m4 random_dick_r0 search completed_valid t=1.0s
[     63s] main 30b c134 ic_m4 random_dick_r1 search completed_valid t=1.1s
[     63s] main 30b c134 ic_m4 random_dick_r2 search completed_valid t=1.2s
[     63s] main 30b c134 ic_m4 known_null_dick search completed_valid t=1.1s
[     75s] main 30b c135 ic_m4 subgroup search completed_valid t=1.1s
[     75s] main 30b c135 ic_m4 dickson search completed_valid t=1.0s
[     75s] main 30b c135 ic_m4 small_x search completed_valid t=1.1s
[     75s] main 30b c135 ic_m4 random_sub_r0 search completed_valid t=1.1s
[     75s] main 30b c135 ic_m4 random_sub_r1 search completed_valid t=1.0s
[     75s] main 30b c135 ic_m4 random_sub_r2 search completed_valid t=1.0s
[     75s] main 30b c135 ic_m4 known_null_sub search completed_valid t=1.0s
[     75s] main 30b c135 ic_m4 random_dick_r0 search completed_valid t=1.1s
[     75s] main 30b c135 ic_m4 random_dick_r1 search completed_valid t=1.1s
[     75s] main 30b c135 ic_m4 random_dick_r2 search completed_valid t=1.0s
[     75s] main 30b c135 ic_m4 known_null_dick search completed_valid t=1.1s
[     86s] main 30b c136 ic_m4 subgroup search completed_valid t=1.0s
[     86s] main 30b c136 ic_m4 dickson search completed_valid t=0.9s
[     86s] main 30b c136 ic_m4 small_x search completed_valid t=1.2s
[     86s] main 30b c136 ic_m4 random_sub_r0 search completed_valid t=0.9s
[     86s] main 30b c136 ic_m4 random_sub_r1 search completed_valid t=1.2s
[     86s] main 30b c136 ic_m4 random_sub_r2 search completed_valid t=0.9s
[     86s] main 30b c136 ic_m4 known_null_sub search completed_valid t=1.1s
[     86s] main 30b c136 ic_m4 random_dick_r0 search completed_valid t=1.1s
[     86s] main 30b c136 ic_m4 random_dick_r1 search completed_valid t=1.0s
[     86s] main 30b c136 ic_m4 random_dick_r2 search completed_valid t=1.0s
[     86s] main 30b c136 ic_m4 known_null_dick search completed_valid t=0.9s
[     97s] main 30b c137 ic_m4 subgroup search completed_valid t=1.0s
[     97s] main 30b c137 ic_m4 dickson search completed_valid t=0.9s
[     97s] main 30b c137 ic_m4 small_x search completed_valid t=0.8s
[     97s] main 30b c137 ic_m4 random_sub_r0 search completed_valid t=1.0s
[     97s] main 30b c137 ic_m4 random_sub_r1 search completed_valid t=1.0s
[     97s] main 30b c137 ic_m4 random_sub_r2 search completed_valid t=0.9s
[     97s] main 30b c137 ic_m4 known_null_sub search completed_valid t=1.1s
[     97s] main 30b c137 ic_m4 random_dick_r0 search completed_valid t=1.2s
[     97s] main 30b c137 ic_m4 random_dick_r1 search completed_valid t=1.0s
[     97s] main 30b c137 ic_m4 random_dick_r2 search completed_valid t=0.9s
[     97s] main 30b c137 ic_m4 known_null_dick search completed_valid t=0.9s
[    108s] main 30b c138 ic_m4 subgroup search completed_valid t=0.9s
[    108s] main 30b c138 ic_m4 dickson search completed_valid t=0.9s
[    108s] main 30b c138 ic_m4 small_x search completed_valid t=1.1s
[    108s] main 30b c138 ic_m4 random_sub_r0 search completed_valid t=1.0s
[    108s] main 30b c138 ic_m4 random_sub_r1 search completed_valid t=0.9s
[    108s] main 30b c138 ic_m4 random_sub_r2 search completed_valid t=1.2s
[    108s] main 30b c138 ic_m4 known_null_sub search completed_valid t=1.0s
[    108s] main 30b c138 ic_m4 random_dick_r0 search completed_valid t=1.1s
[    108s] main 30b c138 ic_m4 random_dick_r1 search completed_valid t=1.1s
[    108s] main 30b c138 ic_m4 random_dick_r2 search completed_valid t=0.8s
[    108s] main 30b c138 ic_m4 known_null_dick search completed_valid t=0.9s
[    121s] main 30b c139 ic_m4 subgroup search completed_valid t=1.1s
[    121s] main 30b c139 ic_m4 dickson search completed_valid t=1.2s
[    121s] main 30b c139 ic_m4 small_x search completed_valid t=1.2s
[    121s] main 30b c139 ic_m4 random_sub_r0 search completed_valid t=1.2s
[    121s] main 30b c139 ic_m4 random_sub_r1 search completed_valid t=1.3s
[    121s] main 30b c139 ic_m4 random_sub_r2 search completed_valid t=1.3s
[    121s] main 30b c139 ic_m4 known_null_sub search completed_valid t=1.0s
[    121s] main 30b c139 ic_m4 random_dick_r0 search completed_valid t=1.1s
[    121s] main 30b c139 ic_m4 random_dick_r1 search completed_valid t=1.1s
[    121s] main 30b c139 ic_m4 random_dick_r2 search completed_valid t=1.0s
[    121s] main 30b c139 ic_m4 known_null_dick search completed_valid t=1.2s
