
Legend for f4 information
--------------------------------------------------------
deg       current degree of pairs selected in this round
sel       number of pairs selected in this round
pairs     total number of pairs in pair list
mat       matrix dimensions (# rows x # columns)
density   density of the matrix
new data  # new elements for basis in this round
          # zero reductions during linear algebra
time(rd)  time of the current f4 round in seconds given
          for real and cpu time
--------------------------------------------------------

deg     sel   pairs        mat          density            new data         time(rd) in sec (real|cpu)
------------------------------------------------------------------------------------------------------
  2      16     256      19 x 160        43.65%       16 new       0 zero         0.00 | 0.00         
  2       2     433      31 x 170        13.62%        1 new       1 zero         0.00 | 0.00         
  3     208     451     961 x 2406        0.85%      190 new      18 zero         0.02 | 0.02         
  3     244    1385    1021 x 2138        2.79%      238 new       6 zero         0.08 | 0.08         
  4    4719    5102   23430 x 49100       0.33%     2189 new    2530 zero         9.49 | 9.49         
  4    6568   31873   68062 x 122911      0.22%     2518 new    4050 zero        33.04 | 32.96        
  4    5958   76204   70231 x 118443      0.46%     3107 new    3047 zero        73.96 | 73.92        
  3    3957   41334    9451 x 9316        1.30%       57 new    3948 zero         1.32 | 1.32         
  4   14350   30846   91773 x 98849       0.59%     3934 new   10859 zero       154.17 | 154.11       
  4   13339  109310   67720 x 69719       0.93%     3896 new    9445 zero       232.64 | 232.60       
  2      26  129232     130 x 236        15.89%        0 new      26 zero         0.08 | 0.08         
  3    1776  129206    7588 x 8657        1.78%      201 new    1594 zero        11.73 | 11.72        
  3    1040   89294    7414 x 8968        1.64%      214 new     826 zero         9.91 | 9.90         
  3     826   69427    6788 x 8256        2.00%      233 new     593 zero        10.07 | 10.07        
  3     430   51168    6139 x 7706        2.30%       59 new     371 zero         2.51 | 2.51         
  3     282   48209    5960 x 7594        2.39%       82 new     200 zero         3.13 | 3.13         
  4   33666   47534