
Legend for f4 information
--------------------------------------------------------
deg       current degree of pairs selected in this round
sel       number of pairs selected in this round
pairs     total number of pairs in pair list
mat       matrix dimensions (# rows x # columns)
density   density of the matrix
new data  # new elements for basis in this round
          # zero reductions during linear algebra
time(rd)  time of the current f4 round in seconds given
          for real and cpu time
--------------------------------------------------------

deg     sel   pairs        mat          density            new data         time(rd) in sec (real|cpu)
------------------------------------------------------------------------------------------------------
  2       8     214      12 x 39         50.43%        8 new       0 zero         0.00 | 0.00         
  2       2     270      17 x 45         13.99%        1 new       1 zero         0.00 | 0.00         
  3     111     280     352 x 1930        1.93%      100 new      11 zero         0.02 | 0.02         
  3     212     788     634 x 572         2.63%       79 new     133 zero         0.01 | 0.01         
  2      81     616     184 x 108         5.21%        0 new      81 zero         0.00 | 0.00         
  3     205     535     846 x 828         1.07%       12 new     201 zero         0.00 | 0.00         
  4     444     480    5160 x 17394       0.21%      444 new       0 zero         0.34 | 0.34         
  2       5    6596      46 x 110         6.46%        0 new       5 zero         0.00 | 0.00         
  3     111    6591     834 x 1194        1.69%       60 new      51 zero         0.11 | 0.11         
  3      17    8298     513 x 907         2.75%       17 new       0 zero         0.04 | 0.04         
  3      34    8504     622 x 982         3.10%       34 new       0 zero         0.05 | 0.05         
  3      68    8087     713 x 1005        3.23%       64 new       4 zero         0.09 | 0.09         
  3      67    9198     746 x 974         3.38%       59 new       8 zero         0.09 | 0.09         
  3     403    7259    1156 x 967         3.09%      189 new     214 zero         0.29 | 0.29         
  2      33    4525     191 x 183         7.09%        0 new      33 zero         0.00 | 0.00         
  3    1022    4492    4356 x 5106        0.33%       47 new     995 zero         0.10 | 0.10         
  4    2409    5153   40574 x 94622       0.05%     1363 new    1046 zero         5.63 | 5.63         
  2      14   19158      90 x 258         5.65%        1 new      13 zero         0.02 | 0.02         
  3     938   17332    6127 x 12796       0.33%      579 new     359 zero         2.83 | 2.83         
  2      55   13463     336 x 525         1.80%       18 new      37 zero         0.09 | 0.09         
  3    1388   12084   11277 x 14016       0.29%      599 new     797 zero         3.47 | 3.47         
  3    2523   14763    8536 x 7807        0.56%      340 new    2185 zero         2.23 | 2.23         
  3    1762   20783    9685 x 9443        0.47%      159 new    1603 zero         1.31 | 1.31         
  3     430   22957    9813 x 10807       0.43%      311 new     119 zero         2.54 | 2.54         
------------------------------------------------------------------------------------------------------
reduce final basis        1 x 1         100.00%        1 new       0 zero         0.00 | 0.00         
------------------------------------------------------------------------------------------------------

---------------- TIMINGS ---------------
overall(elapsed)       19.26 sec
overall(cpu)           19.26 sec
select                  0.29 sec   1.5%
symbolic prep.          1.63 sec   8.5%
update                 16.55 sec  85.9%
convert                 0.12 sec   0.6%
linear algebra          0.65 sec   3.4%
reduce gb               0.00 sec   0.0%
rht                     0.00 sec   0.0%
-----------------------------------------

---------- COMPUTATIONAL DATA -----------
size of basis                     1
#terms in basis                   1
#pairs reduced                12342
#GM criterion              10580640
#redundant elements            4603
#rows reduced                 24761
#zero reductions               7896
max. matrix data              40574 x 94622 (0.054%)
max. symbolic hash table size  2^17
max. basis hash table size     2^23
-----------------------------------------

Grobner basis has a single element
No solution
