
Legend for f4 information
--------------------------------------------------------
deg       current degree of pairs selected in this round
sel       number of pairs selected in this round
pairs     total number of pairs in pair list
mat       matrix dimensions (# rows x # columns)
density   density of the matrix
new data  # new elements for basis in this round
          # zero reductions during linear algebra
time(rd)  time of the current f4 round in seconds given
          for real and cpu time
--------------------------------------------------------

deg     sel   pairs        mat          density            new data         time(rd) in sec (real|cpu)
------------------------------------------------------------------------------------------------------
  2       8     478      12 x 39         51.28%        8 new       0 zero         0.00 | 0.00         
  2       2     534      13 x 32         16.35%        1 new       1 zero         0.00 | 0.00         
  3      88     544     264 x 312         3.46%       77 new      11 zero         0.01 | 0.01         
  3     212     740     634 x 572         2.57%       81 new     131 zero         0.01 | 0.01         
  2      88     571     193 x 108         4.55%        0 new      88 zero         0.00 | 0.00         
  3     153     483     792 x 756         0.99%       12 new     141 zero         0.00 | 0.00         
  4     420     456    4290 x 16048       0.19%      420 new       0 zero         0.32 | 0.32         
  2       3    6058      17 x 60         14.22%        0 new       3 zero         0.00 | 0.00         
  3     110    6055     475 x 667         3.07%       79 new      31 zero         0.10 | 0.09         
  3      15    8032     253 x 461         7.21%       15 new       0 zero         0.02 | 0.02         
  3      30    8046     308 x 486         7.34%       30 new       0 zero         0.04 | 0.04         
  3      90    7559     433 x 521         5.99%       87 new       3 zero         0.11 | 0.11         
  2      14    6836      44 x 55         18.84%       12 new       2 zero         0.02 | 0.02         
  2      16    3505     104 x 119         7.27%        4 new      12 zero         0.00 | 0.00         
  2      16    3472      87 x 81          7.71%        0 new      16 zero         0.00 | 0.00         
  3     356    3456    2998 x 3488        0.41%       50 new     315 zero         0.07 | 0.07         
  3      29    4200     349 x 533         1.87%       12 new      17 zero         0.02 | 0.02         
  4    1637    4436   36545 x 71935       0.05%     1011 new     626 zero         2.92 | 2.92         
  2       9    8927      28 x 105         9.73%        2 new       7 zero         0.01 | 0.01         
  2       2    7226       5 x 3          40.00%        0 new       2 zero         0.00 | 0.00         
  3     845    7224    4643 x 7729        0.42%      530 new     322 zero         1.60 | 1.60         
  2      96    3395     534 x 610         1.37%       22 new      74 zero         0.06 | 0.06         
  3    1477    3415    8414 x 7518        0.23%      232 new    1261 zero         0.68 | 0.68         
  3    1281    3789    5482 x 4427        0.31%      134 new    1153 zero         0.43 | 0.43         
------------------------------------------------------------------------------------------------------
reduce final basis        1 x 1         100.00%        1 new       0 zero         0.00 | 0.00         
------------------------------------------------------------------------------------------------------

---------------- TIMINGS ---------------
overall(elapsed)        6.42 sec
overall(cpu)            6.42 sec
select                  0.12 sec   1.9%
symbolic prep.          0.66 sec  10.3%
update                  5.31 sec  82.7%
convert                 0.06 sec   0.9%
linear algebra          0.26 sec   4.0%
reduce gb               0.00 sec   0.0%
rht                     0.00 sec   0.0%
-----------------------------------------

---------- COMPUTATIONAL DATA -----------
size of basis                     1
#terms in basis                   1
#pairs reduced                 6997
#GM criterion               4308400
#redundant elements            2938
#rows reduced                 14071
#zero reductions               4216
max. matrix data              36545 x 71935 (0.049%)
max. symbolic hash table size  2^17
max. basis hash table size     2^22
-----------------------------------------

Grobner basis has a single element
No solution
