
Legend for f4 information
--------------------------------------------------------
deg       current degree of pairs selected in this round
sel       number of pairs selected in this round
pairs     total number of pairs in pair list
mat       matrix dimensions (# rows x # columns)
density   density of the matrix
new data  # new elements for basis in this round
          # zero reductions during linear algebra
time(rd)  time of the current f4 round in seconds given
          for real and cpu time
--------------------------------------------------------

deg     sel   pairs        mat          density            new data         time(rd) in sec (real|cpu)
------------------------------------------------------------------------------------------------------
  2       7     483      12 x 39         48.29%        7 new       0 zero         0.00 | 0.00         
  2       2     534      14 x 36         15.08%        1 new       1 zero         0.00 | 0.00         
  3      79     535     264 x 312         3.40%       68 new      11 zero         0.01 | 0.01         
  2       7     561      56 x 102        12.50%        6 new       1 zero         0.00 | 0.00         
  2      14     552      77 x 101        10.22%       12 new       2 zero         0.00 | 0.00         
  2      14     555      77 x 84          9.62%       10 new       4 zero         0.00 | 0.00         
  2      15     562      74 x 70          8.38%        4 new      11 zero         0.00 | 0.00         
  3     240     570    1056 x 1089        0.91%       12 new     228 zero         0.00 | 0.00         
  4     468     504    5916 x 18626       0.15%      468 new       0 zero         0.27 | 0.27         
  2       7    7191      21 x 38          9.52%        0 new       7 zero         0.00 | 0.00         
  3     116    7184    1138 x 1666        1.11%       45 new      71 zero         0.05 | 0.05         
  3      19    8226     693 x 1273        1.95%       19 new       0 zero         0.03 | 0.03         
  3      37    8580     866 x 1408        1.94%       37 new       0 zero         0.06 | 0.06         
  3      75    8808     988 x 1454        2.21%       70 new       5 zero         0.09 | 0.09         
  3      57    9990     968 x 1382        2.74%       51 new       6 zero         0.07 | 0.07         
  3      76   10917    1047 x 1391        2.69%       76 new       0 zero         0.11 | 0.11         
  3     559    8204    1649 x 1385        2.64%      246 new     313 zero         0.37 | 0.37         
  3    1291   10438    3971 x 3635        0.70%       12 new    1284 zero         0.05 | 0.05         
  4    4054    7199   52535 x 109794      0.04%     1553 new    2501 zero         7.49 | 7.49         
  2      16   27251      44 x 168         5.98%        0 new      16 zero         0.01 | 0.01         
  3     993   27235    5548 x 8826        0.50%      547 new     446 zero         3.30 | 3.30         
  2      27   24247     159 x 337         3.33%       10 new      17 zero         0.08 | 0.08         
  3     664   23563    4362 x 7901        0.38%      171 new     501 zero         1.43 | 1.43         
  3     388   27878    2479 x 2665        0.97%       88 new     300 zero         0.68 | 0.68         
  4   16534   32260  163801 x 180181      0.06%     4528 new   12052 zero       101.80 | 101.79       
  3    6263   57626   18285 x 15423       0.72%     1441 new    4874 zero        44.00 | 44.00        
------------------------------------------------------------------------------------------------------
reduce final basis        1 x 1         100.00%        1 new       0 zero         0.01 | 0.01         
------------------------------------------------------------------------------------------------------

---------------- TIMINGS ---------------
overall(elapsed)      159.95 sec
overall(cpu)          159.94 sec
select                  1.66 sec   1.0%
symbolic prep.          6.98 sec   4.4%
update                135.85 sec  84.9%
convert                 0.83 sec   0.5%
linear algebra         14.59 sec   9.1%
reduce gb               0.00 sec   0.0%
rht                     0.00 sec   0.0%
-----------------------------------------

---------- COMPUTATIONAL DATA -----------
size of basis                     1
#terms in basis                   1
#pairs reduced                32022
#GM criterion              46051850
#redundant elements            9601
#rows reduced                 64267
#zero reductions              22651
max. matrix data             163801 x 180181 (0.057%)
max. symbolic hash table size  2^18
max. basis hash table size     2^24
-----------------------------------------

Grobner basis has a single element
No solution
