
Legend for f4 information
--------------------------------------------------------
deg       current degree of pairs selected in this round
sel       number of pairs selected in this round
pairs     total number of pairs in pair list
mat       matrix dimensions (# rows x # columns)
density   density of the matrix
new data  # new elements for basis in this round
          # zero reductions during linear algebra
time(rd)  time of the current f4 round in seconds given
          for real and cpu time
--------------------------------------------------------

deg     sel   pairs        mat          density            new data         time(rd) in sec (real|cpu)
------------------------------------------------------------------------------------------------------
  2       9     192      15 x 64         43.65%        9 new       0 zero         0.00 | 0.00         
  2       2     281      17 x 51         17.76%        1 new       1 zero         0.00 | 0.00         
  3     122     283     444 x 703         1.82%      108 new      14 zero         0.01 | 0.01         
  3     187     657     571 x 724         3.02%      177 new      10 zero         0.02 | 0.02         
  3    1452    1753    2599 x 1137        1.16%       14 new    1469 zero         0.01 | 0.01         
  2     132     354     299 x 174         4.74%        0 new     132 zero         0.00 | 0.00         
  3      63     222     365 x 409         1.62%       12 new      53 zero         0.00 | 0.00         
  4     273     273    3274 x 3224        0.26%       96 new     177 zero         0.02 | 0.02         
------------------------------------------------------------------------------------------------------
reduce final basis        1 x 1         100.00%        1 new       0 zero         0.00 | 0.00         
------------------------------------------------------------------------------------------------------

---------------- TIMINGS ---------------
overall(elapsed)        0.05 sec
overall(cpu)            0.05 sec
select                  0.00 sec   6.7%
symbolic prep.          0.00 sec   5.2%
update                  0.04 sec  69.8%
convert                 0.00 sec   2.5%
linear algebra          0.01 sec  14.3%
reduce gb               0.00 sec   0.0%
rht                     0.00 sec   0.0%
-----------------------------------------

---------- COMPUTATIONAL DATA -----------
size of basis                     1
#terms in basis                   1
#pairs reduced                 2240
#GM criterion                108271
#redundant elements             470
#rows reduced                  4547
#zero reductions               1856
max. matrix data               3274 x 3224 (0.259%)
max. symbolic hash table size  2^12
max. basis hash table size     2^16
-----------------------------------------

Grobner basis has a single element
No solution
