
Legend for f4 information
--------------------------------------------------------
deg       current degree of pairs selected in this round
sel       number of pairs selected in this round
pairs     total number of pairs in pair list
mat       matrix dimensions (# rows x # columns)
density   density of the matrix
new data  # new elements for basis in this round
          # zero reductions during linear algebra
time(rd)  time of the current f4 round in seconds given
          for real and cpu time
--------------------------------------------------------

deg     sel   pairs        mat          density            new data         time(rd) in sec (real|cpu)
------------------------------------------------------------------------------------------------------
 11       1       2       2 x 124        98.79%        1 new       0 zero         0.00 | 0.00         
 11       1       2       3 x 144        81.94%        1 new       0 zero         0.00 | 0.00         
 12       2       2       8 x 194        65.53%        2 new       1 zero         0.00 | 0.00         
 13       2       2      16 x 250        55.00%        2 new       0 zero         0.00 | 0.00         
 12       1       3      15 x 232        58.53%        1 new       0 zero         0.00 | 0.00         
 13       2       4      21 x 289        52.25%        2 new       0 zero         0.00 | 0.00         
 14       4       4      39 x 349        45.90%        3 new       1 zero         0.00 | 0.00         
 12       2       5      16 x 252        59.05%        2 new       0 zero         0.00 | 0.00         
 13       5       7      46 x 332        50.12%        4 new       1 zero         0.00 | 0.00         
 12       2       8      26 x 328        50.70%        2 new       0 zero         0.00 | 0.00         
 13       4      10      59 x 424        42.36%        3 new       1 zero         0.00 | 0.00         
 13       2      12      59 x 424        42.41%        2 new       0 zero         0.00 | 0.00         
 14      12      14     105 x 502        39.31%        7 new       5 zero         0.00 | 0.00         
 12       3      15      30 x 344        52.16%        3 new       0 zero         0.00 | 0.00         
 12       2      20      35 x 379        51.08%        2 new       0 zero         0.00 | 0.00         
 13      13      22      84 x 462        46.29%        9 new       4 zero         0.00 | 0.00         
 12       3      25      36 x 386        52.18%        3 new       0 zero         0.00 | 0.00         
 12       2      28      38 x 408        52.22%        2 new       0 zero         0.00 | 0.00         
 13      11      30      87 x 482        50.39%        8 new       4 zero         0.00 | 0.00         
 12       3      34      40 x 412        52.83%        3 new       0 zero         0.00 | 0.00         
 12       2      36      42 x 426        53.01%        2 new       0 zero         0.00 | 0.00         
 13       8      38     104 x 509        48.99%        6 new       2 zero         0.00 | 0.00         
 12       3      41      44 x 426        53.74%        3 new       0 zero         0.00 | 0.00         
 12       2      43      44 x 431        53.41%        2 new       0 zero         0.00 | 0.00         
 13       8      45     116 x 519        49.86%        6 new       2 zero         0.00 | 0.00         
 12       4      50      47 x 431        54.03%        4 new       0 zero         0.00 | 0.00         
 12       3      53      42 x 408        54.38%        3 new       0 zero         0.00 | 0.00         
 11       2      55      23 x 364        65.17%        2 new       0 zero         0.00 | 0.00         
 11       3      59      25 x 363        66.47%        2 new       1 zero         0.00 | 0.00         
 12      10      62      75 x 442        59.09%        4 new       6 zero         0.00 | 0.00         
 13      25      61     143 x 509        54.92%        7 new      18 zero         0.00 | 0.00         
 14      44      47     229 x 577        50.80%        8 new      36 zero         0.00 | 0.00         
 15      19      19     245 x 610        47.51%        0 new      19 zero         0.00 | 0.00         
------------------------------------------------------------------------------------------------------
reduce final basis       83 x 467        63.48%       72 new       0 zero         0.00 | 0.00         
------------------------------------------------------------------------------------------------------

---------------- TIMINGS ---------------
overall(elapsed)        0.02 sec
overall(cpu)            0.01 sec
select                  0.00 sec  16.5%
symbolic prep.          0.00 sec  29.2%
update                  0.00 sec   7.5%
convert                 0.00 sec  18.2%
linear algebra          0.00 sec  20.3%
reduce gb               0.00 sec   0.0%
-----------------------------------------

---------- COMPUTATIONAL DATA -----------
size of basis                    72
#terms in basis               23616
#pairs reduced                  210
#GM criterion                  6231
#redundant elements              42
#rows reduced                   496
#zero reductions                101
max. matrix data                245 x 610 (47.515%)
max. symbolic hash table size  2^11
max. basis hash table size     2^16
-----------------------------------------


Changing variable order for possibly more generic staircase:
x3, x2, x1

Legend for f4 information
--------------------------------------------------------
deg       current degree of pairs selected in this round
sel       number of pairs selected in this round
pairs     total number of pairs in pair list
mat       matrix dimensions (# rows x # columns)
density   density of the matrix
new data  # new elements for basis in this round
          # zero reductions during linear algebra
time(rd)  time of the current f4 round in seconds given
          for real and cpu time
--------------------------------------------------------

deg     sel   pairs        mat          density            new data         time(rd) in sec (real|cpu)
------------------------------------------------------------------------------------------------------
 11       1       2       2 x 124        98.79%        1 new       0 zero         0.00 | 0.00         
 11       1       2       3 x 144        81.94%        1 new       0 zero         0.00 | 0.00         
 12       2       2       8 x 194        65.53%        2 new       1 zero         0.00 | 0.00         
 13       2       2      16 x 250        55.00%        2 new       0 zero         0.00 | 0.00         
 12       1       3      15 x 232        58.53%        1 new       0 zero         0.00 | 0.00         
 13       2       4      21 x 289        52.25%        2 new       0 zero         0.00 | 0.00         
 14       4       4      39 x 349        45.90%        3 new       1 zero         0.00 | 0.00         
 12       2       5      16 x 252        59.05%        2 new       0 zero         0.00 | 0.00         
 13       5       7      46 x 332        50.12%        4 new       1 zero         0.00 | 0.00         
 12       2       8      26 x 328        50.70%        2 new       0 zero         0.00 | 0.00         
 13       4      10      59 x 424        42.36%        3 new       1 zero         0.00 | 0.00         
 13       2      12      59 x 424        42.41%        2 new       0 zero         0.00 | 0.00         
 14      12      14     105 x 502        39.31%        7 new       5 zero         0.00 | 0.00         
 12       3      15      30 x 344        52.16%        3 new       0 zero         0.00 | 0.00         
 12       2      20      35 x 379        51.08%        2 new       0 zero         0.00 | 0.00         
 13      13      22      84 x 462        46.29%        9 new       4 zero         0.00 | 0.00         
 12       3      25      36 x 386        52.18%        3 new       0 zero         0.00 | 0.00         
 12       2      28      38 x 408        52.22%        2 new       0 zero         0.00 | 0.00         
 13      11      30      87 x 482        50.39%        8 new       4 zero         0.00 | 0.00         
 12       3      34      40 x 412        52.83%        3 new       0 zero         0.00 | 0.00         
 12       2      36      42 x 426        53.01%        2 new       0 zero         0.00 | 0.00         
 13       8      38     104 x 509        48.99%        6 new       2 zero         0.00 | 0.00         
 12       3      41      44 x 426        53.74%        3 new       0 zero         0.00 | 0.00         
 12       2      43      44 x 431        53.41%        2 new       0 zero         0.00 | 0.00         
 13       8      45     116 x 519        49.86%        6 new       2 zero         0.00 | 0.00         
 12       4      50      47 x 431        54.03%        4 new       0 zero         0.00 | 0.00         
 12       3      53      42 x 408        54.38%        3 new       0 zero         0.00 | 0.00         
 11       2      55      23 x 364        65.17%        2 new       0 zero         0.00 | 0.00         
 11       3      59      25 x 363        66.47%        2 new       1 zero         0.00 | 0.00         
 12      10      62      75 x 442        59.09%        4 new       6 zero         0.00 | 0.00         
 13      25      61     143 x 509        54.92%        7 new      18 zero         0.00 | 0.00         
 14      44      47     229 x 577        50.80%        8 new      36 zero         0.00 | 0.00         
 15      19      19     245 x 610        47.51%        0 new      19 zero         0.00 | 0.00         
------------------------------------------------------------------------------------------------------
reduce final basis       83 x 467        63.48%       72 new       0 zero         0.00 | 0.00         
------------------------------------------------------------------------------------------------------

---------------- TIMINGS ---------------
overall(elapsed)        0.01 sec
overall(cpu)            0.01 sec
select                  0.00 sec  18.8%
symbolic prep.          0.00 sec  29.8%
update                  0.00 sec   8.9%
convert                 0.00 sec  10.2%
linear algebra          0.00 sec  23.4%
reduce gb               0.00 sec   0.0%
-----------------------------------------

---------- COMPUTATIONAL DATA -----------
size of basis                    72
#terms in basis               23616
#pairs reduced                  210
#GM criterion                  6231
#redundant elements              42
#rows reduced                   496
#zero reductions                101
max. matrix data                245 x 610 (47.515%)
max. symbolic hash table size  2^11
max. basis hash table size     2^16
-----------------------------------------


Changing variable order for possibly more generic staircase:
x1, x3, x2

Legend for f4 information
--------------------------------------------------------
deg       current degree of pairs selected in this round
sel       number of pairs selected in this round
pairs     total number of pairs in pair list
mat       matrix dimensions (# rows x # columns)
density   density of the matrix
new data  # new elements for basis in this round
          # zero reductions during linear algebra
time(rd)  time of the current f4 round in seconds given
          for real and cpu time
--------------------------------------------------------

deg     sel   pairs        mat          density            new data         time(rd) in sec (real|cpu)
------------------------------------------------------------------------------------------------------
 11       1       2       2 x 124        98.79%        1 new       0 zero         0.00 | 0.00         
 11       1       2       3 x 144        81.94%        1 new       0 zero         0.00 | 0.00         
 12       2       2       8 x 194        65.53%        2 new       1 zero         0.00 | 0.00         
 13       2       2      16 x 250        55.00%        2 new       0 zero         0.00 | 0.00         
 12       1       3      15 x 232        58.53%        1 new       0 zero         0.00 | 0.00         
 13       2       4      21 x 289        52.25%        2 new       0 zero         0.00 | 0.00         
 14       4       4      39 x 349        45.90%        3 new       1 zero         0.00 | 0.00         
 12       2       5      16 x 252        59.05%        2 new       0 zero         0.00 | 0.00         
 13       5       7      46 x 332        50.12%        4 new       1 zero         0.00 | 0.00         
 12       2       8      26 x 328        50.70%        2 new       0 zero         0.00 | 0.00         
 13       4      10      59 x 424        42.36%        3 new       1 zero         0.00 | 0.00         
 13       2      12      59 x 424        42.41%        2 new       0 zero         0.00 | 0.00         
 14      12      14     105 x 502        39.31%        7 new       5 zero         0.00 | 0.00         
 12       3      15      30 x 344        52.16%        3 new       0 zero         0.00 | 0.00         
 12       2      20      35 x 379        51.08%        2 new       0 zero         0.00 | 0.00         
 13      13      22      84 x 462        46.29%        9 new       4 zero         0.00 | 0.00         
 12       3      25      36 x 386        52.18%        3 new       0 zero         0.00 | 0.00         
 12       2      28      38 x 408        52.22%        2 new       0 zero         0.00 | 0.00         
 13      11      30      87 x 482        50.39%        8 new       4 zero         0.00 | 0.00         
 12       3      34      40 x 412        52.83%        3 new       0 zero         0.00 | 0.00         
 12       2      36      42 x 426        53.01%        2 new       0 zero         0.00 | 0.00         
 13       8      38     104 x 509        48.99%        6 new       2 zero         0.00 | 0.00         
 12       3      41      44 x 426        53.74%        3 new       0 zero         0.00 | 0.00         
 12       2      43      44 x 431        53.41%        2 new       0 zero         0.00 | 0.00         
 13       8      45     116 x 519        49.86%        6 new       2 zero         0.00 | 0.00         
 12       4      50      47 x 431        54.03%        4 new       0 zero         0.00 | 0.00         
 12       3      53      42 x 408        54.38%        3 new       0 zero         0.00 | 0.00         
 11       2      55      23 x 364        65.17%        2 new       0 zero         0.00 | 0.00         
 11       3      59      25 x 363        66.47%        2 new       1 zero         0.00 | 0.00         
 12      10      62      75 x 442        59.09%        4 new       6 zero         0.00 | 0.00         
 13      25      61     143 x 509        54.92%        7 new      18 zero         0.00 | 0.00         
 14      44      47     229 x 577        50.80%        8 new      36 zero         0.00 | 0.00         
 15      19      19     245 x 610        47.51%        0 new      19 zero         0.00 | 0.00         
------------------------------------------------------------------------------------------------------
reduce final basis       83 x 467        63.48%       72 new       0 zero         0.00 | 0.00         
------------------------------------------------------------------------------------------------------

---------------- TIMINGS ---------------
overall(elapsed)        0.01 sec
overall(cpu)            0.01 sec
select                  0.00 sec  18.8%
symbolic prep.          0.00 sec  31.0%
update                  0.00 sec   8.6%
convert                 0.00 sec  10.3%
linear algebra          0.00 sec  21.9%
reduce gb               0.00 sec   0.0%
-----------------------------------------

---------- COMPUTATIONAL DATA -----------
size of basis                    72
#terms in basis               23616
#pairs reduced                  210
#GM criterion                  6231
#redundant elements              42
#rows reduced                   496
#zero reductions                101
max. matrix data                245 x 610 (47.515%)
max. symbolic hash table size  2^11
max. basis hash table size     2^16
-----------------------------------------


Adding a linear form with an extra variable (lowest w.r.t. monomial order)
[coefficients of linear form are k^0 for k looping over variable index 1...n]

Legend for f4 information
--------------------------------------------------------
deg       current degree of pairs selected in this round
sel       number of pairs selected in this round
pairs     total number of pairs in pair list
mat       matrix dimensions (# rows x # columns)
density   density of the matrix
new data  # new elements for basis in this round
          # zero reductions during linear algebra
time(rd)  time of the current f4 round in seconds given
          for real and cpu time
--------------------------------------------------------

deg     sel   pairs        mat          density            new data         time(rd) in sec (real|cpu)
------------------------------------------------------------------------------------------------------
 11       2       3     337 x 555         0.85%        2 new       0 zero         0.00 | 0.00         
 11       1       2       3 x 231        83.26%        1 new       0 zero         0.00 | 0.00         
 12       1       2     359 x 656         1.27%        1 new       0 zero         0.00 | 0.00         
 13       1       2      22 x 397        55.93%        1 new       0 zero         0.00 | 0.00         
 12       1       2      17 x 367        58.68%        1 new       0 zero         0.00 | 0.00         
 14       2       2      49 x 520        47.50%        2 new       0 zero         0.00 | 0.00         
 13       3       3      50 x 485        50.22%        3 new       0 zero         0.00 | 0.00         
 12       1       5      17 x 380        61.18%        1 new       0 zero         0.00 | 0.00         
 13       3       5      52 x 510        49.96%        3 new       0 zero         0.00 | 0.00         
 13       1       8      25 x 437        56.65%        1 new       0 zero         0.00 | 0.00         
 14       5       9      94 x 601        46.06%        4 new       1 zero         0.00 | 0.00         
 12       2      12      17 x 382        65.46%        2 new       0 zero         0.00 | 0.00         
 12       1      14      14 x 378        67.01%        1 new       0 zero         0.00 | 0.00         
 13       7      15      66 x 512        53.38%        6 new       1 zero         0.00 | 0.00         
 12       2      19      18 x 388        68.49%        2 new       0 zero         0.00 | 0.00         
 12       2      20      17 x 394        67.02%        2 new       0 zero         0.00 | 0.00         
 13       7      22      75 x 507        56.44%        5 new       2 zero         0.00 | 0.00         
 12       2      25      19 x 388        68.98%        2 new       0 zero         0.00 | 0.00         
 12       2      26      19 x 389        69.04%        2 new       0 zero         0.00 | 0.00         
 13       6      27      77 x 495        57.87%        5 new       1 zero         0.00 | 0.00         
 12       2      31      21 x 383        69.96%        2 new       0 zero         0.00 | 0.00         
 12       2      32      21 x 382        69.92%        2 new       0 zero         0.00 | 0.00         
 13       7      33      87 x 488        58.77%        5 new       2 zero         0.00 | 0.00         
 12       3      35      23 x 372        71.56%        3 new       0 zero         0.00 | 0.00         
 12       1      36      15 x 339        83.78%        1 new       0 zero         0.00 | 0.00         
 11       2      38      22 x 363        72.68%        2 new       0 zero         0.00 | 0.00         
 11       2      42      18 x 343        78.59%        1 new       1 zero         0.00 | 0.00         
 12       6      43      86 x 455        61.01%        2 new       4 zero         0.00 | 0.00         
 13      11      40     155 x 529        55.21%        1 new      10 zero         0.00 | 0.00         
 14      23      31     268 x 629        47.60%        0 new      23 zero         0.00 | 0.00         
 15       8       8     350 x 726        41.15%        0 new       8 zero         0.00 | 0.00         
------------------------------------------------------------------------------------------------------
reduce final basis      115 x 493        57.71%       36 new       0 zero         0.00 | 0.00         
------------------------------------------------------------------------------------------------------

---------------- TIMINGS ---------------
overall(elapsed)        0.01 sec
overall(cpu)            0.01 sec
select                  0.00 sec  15.8%
symbolic prep.          0.01 sec  42.3%
update                  0.00 sec   4.4%
convert                 0.00 sec  12.2%
linear algebra          0.00 sec  17.0%
reduce gb               0.00 sec   0.0%
-----------------------------------------

---------- COMPUTATIONAL DATA -----------
size of basis                    36
#terms in basis               10427
#pairs reduced                  119
#GM criterion                  2296
#redundant elements              35
#rows reduced                   274
#zero reductions                 53
max. matrix data                350 x 726 (41.147%)
max. symbolic hash table size  2^11
max. basis hash table size     2^16
-----------------------------------------


Adding a linear form with an extra variable (lowest w.r.t. monomial order)
[coefficients of linear form are k^1 for k looping over variable index 1...n]

Legend for f4 information
--------------------------------------------------------
deg       current degree of pairs selected in this round
sel       number of pairs selected in this round
pairs     total number of pairs in pair list
mat       matrix dimensions (# rows x # columns)
density   density of the matrix
new data  # new elements for basis in this round
          # zero reductions during linear algebra
time(rd)  time of the current f4 round in seconds given
          for real and cpu time
--------------------------------------------------------

deg     sel   pairs        mat          density            new data         time(rd) in sec (real|cpu)
------------------------------------------------------------------------------------------------------
 11       2       3     337 x 555         0.85%        2 new       0 zero         0.00 | 0.00         
 11       1       2       3 x 235        85.96%        1 new       0 zero         0.00 | 0.00         
 12       2       2     359 x 656         1.29%        2 new       0 zero         0.00 | 0.00         
 13       2       2      18 x 393        64.04%        2 new       0 zero         0.00 | 0.00         
 12       1       2      17 x 367        62.01%        1 new       0 zero         0.00 | 0.00         
 13       2       2      21 x 413        63.92%        2 new       0 zero         0.00 | 0.00         
 14       2       2      45 x 516        54.57%        2 new       0 zero         0.00 | 0.00         
 12       2       3      16 x 367        67.78%        2 new       0 zero         0.00 | 0.00         
 13       5       5      49 x 483        57.23%        4 new       1 zero         0.00 | 0.00         
 12       2       7      25 x 417        64.55%        2 new       0 zero         0.00 | 0.00         
 13       4       8      46 x 504        59.84%        3 new       1 zero         0.00 | 0.00         
 13       2       8      44 x 500        61.35%        2 new       0 zero         0.00 | 0.00         
 14      10      10      81 x 592        55.81%        7 new       3 zero         0.00 | 0.00         
 12       3      16      27 x 413        68.68%        3 new       0 zero         0.00 | 0.00         
 12       3      20      30 x 428        68.89%        3 new       0 zero         0.00 | 0.00         
 13      14      21      64 x 510        65.66%       10 new       4 zero         0.00 | 0.00         
 12       3      26      35 x 427        72.33%        3 new       0 zero         0.00 | 0.00         
 12       3      30      37 x 436        71.57%        3 new       0 zero         0.00 | 0.00         
 13      21      30      80 x 513        67.38%       15 new       6 zero         0.00 | 0.00         
 12       3      38      41 x 435        73.27%        3 new       0 zero         0.00 | 0.00         
 12       3      40      43 x 440        72.77%        3 new       0 zero         0.00 | 0.00         
 13      18      40      89 x 509        71.71%       12 new       7 zero         0.00 | 0.00         
 12       3      46      46 x 438        74.02%        3 new       0 zero         0.00 | 0.00         
 12       3      48      48 x 440        74.24%        3 new       0 zero         0.00 | 0.00         
 13      18      48      96 x 502        73.54%       12 new       6 zero         0.00 | 0.00         
 12       6      56      54 x 439        76.21%        6 new       0 zero         0.00 | 0.00         
 12       3      59      55 x 437        78.26%        3 new       0 zero         0.00 | 0.00         
 11       3      61      23 x 364        81.14%        3 new       0 zero         0.00 | 0.00         
 11       3      67      25 x 363        81.26%        2 new       1 zero         0.00 | 0.00         
 12      12      70      68 x 433        78.79%        4 new       8 zero         0.00 | 0.00         
 13      33      62     129 x 491        74.82%       11 new      22 zero         0.00 | 0.00         
 14      51      51     242 x 585        64.21%       11 new      41 zero         0.00 | 0.00         
 15      22      22     174 x 536        69.99%        0 new      22 zero         0.00 | 0.00         
------------------------------------------------------------------------------------------------------
reduce final basis       77 x 461        79.56%       75 new       0 zero         0.00 | 0.00         
------------------------------------------------------------------------------------------------------

---------------- TIMINGS ---------------
overall(elapsed)        0.02 sec
overall(cpu)            0.02 sec
select                  0.00 sec  17.3%
symbolic prep.          0.01 sec  27.7%
update                  0.00 sec  10.1%
convert                 0.00 sec   8.7%
linear algebra          0.01 sec  29.4%
reduce gb               0.00 sec   0.0%
-----------------------------------------

---------- COMPUTATIONAL DATA -----------
size of basis                    75
#terms in basis               27182
#pairs reduced                  265
#GM criterion                 10761
#redundant elements              75
#rows reduced                   609
#zero reductions                122
max. matrix data                359 x 656 (1.293%)
max. symbolic hash table size  2^11
max. basis hash table size     2^16
-----------------------------------------

