==28596== Callgrind, a call-graph generating cache profiler
==28596== Copyright (C) 2002-2017, and GNU GPL'd, by Josef Weidendorfer et al.
==28596== Using Valgrind-3.22.0 and LibVEX; rerun with -h for copyright info
==28596== Command: /usr/bin/msolve -v 2 -t 1 -f /home/user/crypto-autoresearcher/experiments/EXP-GFPN-05ff43/runs/RUN-GFPN-ac4487/solver/fx_planted1_raw_x.ms -o /home/user/crypto-autoresearcher/experiments/EXP-GFPN-05ff43/runs/RUN-GFPN-ac4487/solver/fx_planted1_raw_x.cg.ms.out -P 1
==28596== 
==28596== For interactive control, run 'callgrind_control -h'.

--------------- INPUT DATA ---------------
#variables                       3
#equations                       3
#invalid equations               0
field characteristic          4111
homogeneous input?               0
signature-based computation      0
monomial order                 DRL
basis hash table resetting     OFF
linear algebra option            2
initial hash table size     131072 (2^17)
max pair selection             ALL
reduce gb                        1
#threads                         1
info level                       2
generate pbm files               0
------------------------------------------
Dimension of quotient: 384
Staircase is not generic
Multiplication by x1^4*x2^5*x3 gets outside the staircase
Time for rational param:          0.70 (elapsed) sec /  0.68 sec (cpu)


--------------- INPUT DATA ---------------
#variables                       3
#equations                       3
#invalid equations               0
field characteristic          4111
homogeneous input?               0
signature-based computation      0
monomial order                 DRL
basis hash table resetting     OFF
linear algebra option            2
initial hash table size     131072 (2^17)
max pair selection             ALL
reduce gb                        1
#threads                         1
info level                       2
generate pbm files               0
------------------------------------------
Dimension of quotient: 384
Staircase is not generic
Multiplication by x1^4*x2^5*x3 gets outside the staircase
Time for rational param:          0.57 (elapsed) sec /  0.57 sec (cpu)


--------------- INPUT DATA ---------------
#variables                       3
#equations                       3
#invalid equations               0
field characteristic          4111
homogeneous input?               0
signature-based computation      0
monomial order                 DRL
basis hash table resetting     OFF
linear algebra option            2
initial hash table size     131072 (2^17)
max pair selection             ALL
reduce gb                        1
#threads                         1
info level                       2
generate pbm files               0
------------------------------------------
Dimension of quotient: 384
Staircase is not generic
Multiplication by x1^4*x2^5*x3 gets outside the staircase
Time for rational param:          0.57 (elapsed) sec /  0.57 sec (cpu)


--------------- INPUT DATA ---------------
#variables                       4
#equations                       4
#invalid equations               0
field characteristic          4111
homogeneous input?               0
signature-based computation      0
monomial order                 DRL
basis hash table resetting     OFF
linear algebra option            2
initial hash table size     131072 (2^17)
max pair selection             ALL
reduce gb                        1
#threads                         1
info level                       2
generate pbm files               0
------------------------------------------
Dimension of quotient: 384
Staircase is not generic
Multiplication by x2^9*x3 gets outside the staircase
Time for rational param:          0.56 (elapsed) sec /  0.56 sec (cpu)


--------------- INPUT DATA ---------------
#variables                       4
#equations                       4
#invalid equations               0
field characteristic          4111
homogeneous input?               0
signature-based computation      0
monomial order                 DRL
basis hash table resetting     OFF
linear algebra option            2
initial hash table size     131072 (2^17)
max pair selection             ALL
reduce gb                        1
#threads                         1
info level                       2
generate pbm files               0
------------------------------------------
Dimension of quotient: 384
[384, 63], Non trivial / Trivial = 16.41%
Density of non-trivial part 97.67%
Time spent to generate sequence (elapsed): 0.07 sec (0.26 Gops/sec)
Time spent to compute eliminating polynomial (elapsed): 0.08 sec
Elimination polynomial has degree 384.
Time for rational param:          0.99 (elapsed) sec /  0.98 sec (cpu)

------------------------------------------------------------------------------------
msolve overall time           3.45 sec (elapsed) /  3.41 sec (cpu)
------------------------------------------------------------------------------------
==28596== 
==28596== Events    : Ir
==28596== Collected : 840935503
==28596== 
==28596== I   refs:      840,935,503
