==28584== Callgrind, a call-graph generating cache profiler
==28584== Copyright (C) 2002-2017, and GNU GPL'd, by Josef Weidendorfer et al.
==28584== Using Valgrind-3.22.0 and LibVEX; rerun with -h for copyright info
==28584== Command: /usr/bin/msolve -v 2 -t 1 -f /home/user/crypto-autoresearcher/experiments/EXP-GFPN-05ff43/runs/RUN-GFPN-ac4487/solver/fx_planted0_torsion_S3_rq.ms -o /home/user/crypto-autoresearcher/experiments/EXP-GFPN-05ff43/runs/RUN-GFPN-ac4487/solver/fx_planted0_torsion_S3_rq.cg.ms.out -P 1
==28584== 
==28584== For interactive control, run 'callgrind_control -h'.

--------------- INPUT DATA ---------------
#variables                       4
#equations                       4
#invalid equations               0
field characteristic          4111
homogeneous input?               0
signature-based computation      0
monomial order                 DRL
basis hash table resetting     OFF
linear algebra option            2
initial hash table size     131072 (2^17)
max pair selection             ALL
reduce gb                        1
#threads                         1
info level                       2
generate pbm files               0
------------------------------------------
Dimension of quotient: 16
[16, 6], Non trivial / Trivial = 37.50%
Density of non-trivial part 97.92%
Time spent to generate sequence (elapsed): 0.01 sec (0.00 Gops/sec)
Time spent to compute eliminating polynomial (elapsed): 0.04 sec
Elimination polynomial has degree 16.
Time for rational param:          0.18 (elapsed) sec /  0.17 sec (cpu)

------------------------------------------------------------------------------------
msolve overall time           0.21 sec (elapsed) /  0.20 sec (cpu)
------------------------------------------------------------------------------------
==28584== 
==28584== Events    : Ir
==28584== Collected : 3770865
==28584== 
==28584== I   refs:      3,770,865
