{
  "CTL_PO6_h2_md4": {
    "all_ok": true,
    "failures": [],
    "n": 10000
  },
  "CTL_PO6_h2_md5": {
    "all_ok": true,
    "failures": [],
    "n": 10000
  },
  "CTL_PO7_md5_t16_selfcheck": {
    "all_ok": true,
    "table": [
      {
        "expected": 3614090360,
        "got": 3614090360,
        "i": 1,
        "ok": true
      },
      {
        "expected": 3905402710,
        "got": 3905402710,
        "i": 2,
        "ok": true
      },
      {
        "expected": 606105819,
        "got": 606105819,
        "i": 3,
        "ok": true
      },
      {
        "expected": 3250441966,
        "got": 3250441966,
        "i": 4,
        "ok": true
      },
      {
        "expected": 4118548399,
        "got": 4118548399,
        "i": 5,
        "ok": true
      },
      {
        "expected": 1200080426,
        "got": 1200080426,
        "i": 6,
        "ok": true
      },
      {
        "expected": 2821735955,
        "got": 2821735955,
        "i": 7,
        "ok": true
      },
      {
        "expected": 4249261313,
        "got": 4249261313,
        "i": 8,
        "ok": true
      },
      {
        "expected": 1770035416,
        "got": 1770035416,
        "i": 9,
        "ok": true
      },
      {
        "expected": 2336552879,
        "got": 2336552879,
        "i": 10,
        "ok": true
      },
      {
        "expected": 4294925233,
        "got": 4294925233,
        "i": 11,
        "ok": true
      },
      {
        "expected": 2304563134,
        "got": 2304563134,
        "i": 12,
        "ok": true
      },
      {
        "expected": 1804603682,
        "got": 1804603682,
        "i": 13,
        "ok": true
      },
      {
        "expected": 4254626195,
        "got": 4254626195,
        "i": 14,
        "ok": true
      },
      {
        "expected": 2792965006,
        "got": 2792965006,
        "i": 15,
        "ok": true
      },
      {
        "expected": 1236535329,
        "got": 1236535329,
        "i": 16,
        "ok": true
      }
    ]
  },
  "CTL_PO7_rfc1320_vectors": {
    "all_ok": true,
    "vectors": [
      {
        "expected": "31d6cfe0d16ae931b73c59d7e0c089c0",
        "got": "31d6cfe0d16ae931b73c59d7e0c089c0",
        "message": "",
        "ok": true
      },
      {
        "expected": "bde52cb31de33e46245e05fbdbd6fb24",
        "got": "bde52cb31de33e46245e05fbdbd6fb24",
        "message": "a",
        "ok": true
      },
      {
        "expected": "a448017aaf21d8525fc10ae87aa6729d",
        "got": "a448017aaf21d8525fc10ae87aa6729d",
        "message": "abc",
        "ok": true
      },
      {
        "expected": "d9130a8164549fe818874806e1c7014b",
        "got": "d9130a8164549fe818874806e1c7014b",
        "message": "message digest",
        "ok": true
      },
      {
        "expected": "d79e1c308aa5bbcdeea8ed63df412da9",
        "got": "d79e1c308aa5bbcdeea8ed63df412da9",
        "message": "abcdefghijklmnopqrstuvwxyz",
        "ok": true
      },
      {
        "expected": "043f8582f241db351ce627e153e7f0e4",
        "got": "043f8582f241db351ce627e153e7f0e4",
        "message": "ABCDEFGHIJKLMNOPQRSTUVWXYZabcdefghijklmnopqrstuvwxyz0123456789",
        "ok": true
      },
      {
        "expected": "e33b4ddc9c38f2199c3e7b164fcc0536",
        "got": "e33b4ddc9c38f2199c3e7b164fcc0536",
        "message": "12345678901234567890123456789012345678901234567890123456789012345678901234567890",
        "ok": true
      }
    ]
  },
  "CTL_PO9_component_identity": {
    "md4_batch4_slice": {
      "S": 9,
      "all_ok": true,
      "component_step_1indexed": 9,
      "n_probes": 64,
      "p": 1,
      "primitive": "md4",
      "probes": [
        {
          "chain_value": 2560400484,
          "ok": true,
          "reference_value": 2560400484
        },
        {
          "chain_value": 1919843907,
          "ok": true,
          "reference_value": 1919843907
        },
        {
          "chain_value": 2284695358,
          "ok": true,
          "reference_value": 2284695358
        },
        {
          "chain_value": 4043713498,
          "ok": true,
          "reference_value": 4043713498
        },
        {
          "chain_value": 3335110071,
          "ok": true,
          "reference_value": 3335110071
        },
        {
          "chain_value": 2145225844,
          "ok": true,
          "reference_value": 2145225844
        },
        {
          "chain_value": 2195004587,
          "ok": true,
          "reference_value": 2195004587
        },
        {
          "chain_value": 534991945,
          "ok": true,
          "reference_value": 534991945
        },
        {
          "chain_value": 2401481891,
          "ok": true,
          "reference_value": 2401481891
        },
        {
          "chain_value": 989208789,
          "ok": true,
          "reference_value": 989208789
        },
        {
          "chain_value": 2318682298,
          "ok": true,
          "reference_value": 2318682298
        },
        {
          "chain_value": 3007819309,
          "ok": true,
          "reference_value": 3007819309
        },
        {
          "chain_value": 1322757642,
          "ok": true,
          "reference_value": 1322757642
        },
        {
          "chain_value": 2630316089,
          "ok": true,
          "reference_value": 2630316089
        },
        {
          "chain_value": 2158647984,
          "ok": true,
          "reference_value": 2158647984
        },
        {
          "chain_value": 2386893356,
          "ok": true,
          "reference_value": 2386893356
        },
        {
          "chain_value": 351273042,
          "ok": true,
          "reference_value": 351273042
        },
        {
          "chain_value": 2277825518,
          "ok": true,
          "reference_value": 2277825518
        },
        {
          "chain_value": 2526482235,
          "ok": true,
          "reference_value": 2526482235
        },
        {
          "chain_value": 4194184168,
          "ok": true,
          "reference_value": 4194184168
        },
        {
          "chain_value": 3935738140,
          "ok": true,
          "reference_value": 3935738140
        },
        {
          "chain_value": 3115398243,
          "ok": true,
          "reference_value": 3115398243
        },
        {
          "chain_value": 3876468965,
          "ok": true,
          "reference_value": 3876468965
        },
        {
          "chain_value": 2429435734,
          "ok": true,
          "reference_value": 2429435734
        },
        {
          "chain_value": 3180780865,
          "ok": true,
          "reference_value": 3180780865
        },
        {
          "chain_value": 3072459923,
          "ok": true,
          "reference_value": 3072459923
        },
        {
          "chain_value": 928145367,
          "ok": true,
          "reference_value": 928145367
        },
        {
          "chain_value": 3927162507,
          "ok": true,
          "reference_value": 3927162507
        },
        {
          "chain_value": 3690145222,
          "ok": true,
          "reference_value": 3690145222
        },
        {
          "chain_value": 2829796342,
          "ok": true,
          "reference_value": 2829796342
        },
        {
          "chain_value": 2989415032,
          "ok": true,
          "reference_value": 2989415032
        },
        {
          "chain_value": 4027987063,
          "ok": true,
          "reference_value": 4027987063
        },
        {
          "chain_value": 3061941208,
          "ok": true,
          "reference_value": 3061941208
        },
        {
          "chain_value": 87024217,
          "ok": true,
          "reference_value": 87024217
        },
        {
          "chain_value": 1502287173,
          "ok": true,
          "reference_value": 1502287173
        },
        {
          "chain_value": 3292205378,
          "ok": true,
          "reference_value": 3292205378
        },
        {
          "chain_value": 904431739,
          "ok": true,
          "reference_value": 904431739
        },
        {
          "chain_value": 4210994365,
          "ok": true,
          "reference_value": 4210994365
        },
        {
          "chain_value": 3071420533,
          "ok": true,
          "reference_value": 3071420533
        },
        {
          "chain_value": 3523039931,
          "ok": true,
          "reference_value": 3523039931
        },
        {
          "chain_value": 3898507851,
          "ok": true,
          "reference_value": 3898507851
        },
        {
          "chain_value": 3837563216,
          "ok": true,
          "reference_value": 3837563216
        },
        {
          "chain_value": 474389419,
          "ok": true,
          "reference_value": 474389419
        },
        {
          "chain_value": 382078719,
          "ok": true,
          "reference_value": 382078719
        },
        {
          "chain_value": 128352461,
          "ok": true,
          "reference_value": 128352461
        },
        {
          "chain_value": 1852216908,
          "ok": true,
          "reference_value": 1852216908
        },
        {
          "chain_value": 796190493,
          "ok": true,
          "reference_value": 796190493
        },
        {
          "chain_value": 3688741642,
          "ok": true,
          "reference_value": 3688741642
        },
        {
          "chain_value": 2745952702,
          "ok": true,
          "reference_value": 2745952702
        },
        {
          "chain_value": 3137903755,
          "ok": true,
          "reference_value": 3137903755
        },
        {
          "chain_value": 2812778246,
          "ok": true,
          "reference_value": 2812778246
        },
        {
          "chain_value": 2557689259,
          "ok": true,
          "reference_value": 2557689259
        },
        {
          "chain_value": 2689802517,
          "ok": true,
          "reference_value": 2689802517
        },
        {
          "chain_value": 1739218570,
          "ok": true,
          "reference_value": 1739218570
        },
        {
          "chain_value": 3000278647,
          "ok": true,
          "reference_value": 3000278647
        },
        {
          "chain_value": 2987743108,
          "ok": true,
          "reference_value": 2987743108
        },
        {
          "chain_value": 1366651461,
          "ok": true,
          "reference_value": 1366651461
        },
        {
          "chain_value": 2092064710,
          "ok": true,
          "reference_value": 2092064710
        },
        {
          "chain_value": 2322527958,
          "ok": true,
          "reference_value": 2322527958
        },
        {
          "chain_value": 3716697293,
          "ok": true,
          "reference_value": 3716697293
        },
        {
          "chain_value": 1880278404,
          "ok": true,
          "reference_value": 1880278404
        },
        {
          "chain_value": 1731242701,
          "ok": true,
          "reference_value": 1731242701
        },
        {
          "chain_value": 448658439,
          "ok": true,
          "reference_value": 448658439
        },
        {
          "chain_value": 1542482002,
          "ok": true,
          "reference_value": 1542482002
        }
      ]
    },
    "md4_r1_sep10": {
      "S": 8,
      "all_ok": true,
      "component_step_1indexed": 6,
      "n_probes": 64,
      "p": 3,
      "primitive": "md4",
      "probes": [
        {
          "chain_value": 3615379554,
          "ok": true,
          "reference_value": 3615379554
        },
        {
          "chain_value": 1240797289,
          "ok": true,
          "reference_value": 1240797289
        },
        {
          "chain_value": 2554321173,
          "ok": true,
          "reference_value": 2554321173
        },
        {
          "chain_value": 1719606316,
          "ok": true,
          "reference_value": 1719606316
        },
        {
          "chain_value": 3254317148,
          "ok": true,
          "reference_value": 3254317148
        },
        {
          "chain_value": 3156405248,
          "ok": true,
          "reference_value": 3156405248
        },
        {
          "chain_value": 1796153980,
          "ok": true,
          "reference_value": 1796153980
        },
        {
          "chain_value": 2912529838,
          "ok": true,
          "reference_value": 2912529838
        },
        {
          "chain_value": 1172304058,
          "ok": true,
          "reference_value": 1172304058
        },
        {
          "chain_value": 2215432363,
          "ok": true,
          "reference_value": 2215432363
        },
        {
          "chain_value": 2491553373,
          "ok": true,
          "reference_value": 2491553373
        },
        {
          "chain_value": 2324626314,
          "ok": true,
          "reference_value": 2324626314
        },
        {
          "chain_value": 4210394081,
          "ok": true,
          "reference_value": 4210394081
        },
        {
          "chain_value": 3143457214,
          "ok": true,
          "reference_value": 3143457214
        },
        {
          "chain_value": 2273667832,
          "ok": true,
          "reference_value": 2273667832
        },
        {
          "chain_value": 267007267,
          "ok": true,
          "reference_value": 267007267
        },
        {
          "chain_value": 888115329,
          "ok": true,
          "reference_value": 888115329
        },
        {
          "chain_value": 648831707,
          "ok": true,
          "reference_value": 648831707
        },
        {
          "chain_value": 686659172,
          "ok": true,
          "reference_value": 686659172
        },
        {
          "chain_value": 1284022097,
          "ok": true,
          "reference_value": 1284022097
        },
        {
          "chain_value": 4161685982,
          "ok": true,
          "reference_value": 4161685982
        },
        {
          "chain_value": 637992720,
          "ok": true,
          "reference_value": 637992720
        },
        {
          "chain_value": 3387450062,
          "ok": true,
          "reference_value": 3387450062
        },
        {
          "chain_value": 2926166007,
          "ok": true,
          "reference_value": 2926166007
        },
        {
          "chain_value": 838344821,
          "ok": true,
          "reference_value": 838344821
        },
        {
          "chain_value": 1972406338,
          "ok": true,
          "reference_value": 1972406338
        },
        {
          "chain_value": 872895087,
          "ok": true,
          "reference_value": 872895087
        },
        {
          "chain_value": 757120361,
          "ok": true,
          "reference_value": 757120361
        },
        {
          "chain_value": 4012247109,
          "ok": true,
          "reference_value": 4012247109
        },
        {
          "chain_value": 383963472,
          "ok": true,
          "reference_value": 383963472
        },
        {
          "chain_value": 3630759266,
          "ok": true,
          "reference_value": 3630759266
        },
        {
          "chain_value": 4048779168,
          "ok": true,
          "reference_value": 4048779168
        },
        {
          "chain_value": 507261497,
          "ok": true,
          "reference_value": 507261497
        },
        {
          "chain_value": 1990116025,
          "ok": true,
          "reference_value": 1990116025
        },
        {
          "chain_value": 1962079747,
          "ok": true,
          "reference_value": 1962079747
        },
        {
          "chain_value": 1631278156,
          "ok": true,
          "reference_value": 1631278156
        },
        {
          "chain_value": 3942429362,
          "ok": true,
          "reference_value": 3942429362
        },
        {
          "chain_value": 990957162,
          "ok": true,
          "reference_value": 990957162
        },
        {
          "chain_value": 214998039,
          "ok": true,
          "reference_value": 214998039
        },
        {
          "chain_value": 2756107435,
          "ok": true,
          "reference_value": 2756107435
        },
        {
          "chain_value": 2328080497,
          "ok": true,
          "reference_value": 2328080497
        },
        {
          "chain_value": 2576898680,
          "ok": true,
          "reference_value": 2576898680
        },
        {
          "chain_value": 2230953888,
          "ok": true,
          "reference_value": 2230953888
        },
        {
          "chain_value": 4130331882,
          "ok": true,
          "reference_value": 4130331882
        },
        {
          "chain_value": 1887403627,
          "ok": true,
          "reference_value": 1887403627
        },
        {
          "chain_value": 922068082,
          "ok": true,
          "reference_value": 922068082
        },
        {
          "chain_value": 2174694729,
          "ok": true,
          "reference_value": 2174694729
        },
        {
          "chain_value": 848169666,
          "ok": true,
          "reference_value": 848169666
        },
        {
          "chain_value": 1752595709,
          "ok": true,
          "reference_value": 1752595709
        },
        {
          "chain_value": 3481598040,
          "ok": true,
          "reference_value": 3481598040
        },
        {
          "chain_value": 3399528596,
          "ok": true,
          "reference_value": 3399528596
        },
        {
          "chain_value": 2585800511,
          "ok": true,
          "reference_value": 2585800511
        },
        {
          "chain_value": 472178478,
          "ok": true,
          "reference_value": 472178478
        },
        {
          "chain_value": 260690501,
          "ok": true,
          "reference_value": 260690501
        },
        {
          "chain_value": 2070263006,
          "ok": true,
          "reference_value": 2070263006
        },
        {
          "chain_value": 1927870425,
          "ok": true,
          "reference_value": 1927870425
        },
        {
          "chain_value": 2981298995,
          "ok": true,
          "reference_value": 2981298995
        },
        {
          "chain_value": 4031483816,
          "ok": true,
          "reference_value": 4031483816
        },
        {
          "chain_value": 3049655009,
          "ok": true,
          "reference_value": 3049655009
        },
        {
          "chain_value": 1786151799,
          "ok": true,
          "reference_value": 1786151799
        },
        {
          "chain_value": 1436598984,
          "ok": true,
          "reference_value": 1436598984
        },
        {
          "chain_value": 1357811934,
          "ok": true,
          "reference_value": 1357811934
        },
        {
          "chain_value": 2172295585,
          "ok": true,
          "reference_value": 2172295585
        },
        {
          "chain_value": 695568753,
          "ok": true,
          "reference_value": 695568753
        }
      ]
    },
    "md5_batch4_slice": {
      "S": 9,
      "all_ok": true,
      "component_step_1indexed": 9,
      "n_probes": 64,
      "p": 1,
      "primitive": "md5",
      "probes": [
        {
          "chain_value": 1607751078,
          "ok": true,
          "reference_value": 1607751078
        },
        {
          "chain_value": 2943623044,
          "ok": true,
          "reference_value": 2943623044
        },
        {
          "chain_value": 1297270591,
          "ok": true,
          "reference_value": 1297270591
        },
        {
          "chain_value": 855380978,
          "ok": true,
          "reference_value": 855380978
        },
        {
          "chain_value": 3820728561,
          "ok": true,
          "reference_value": 3820728561
        },
        {
          "chain_value": 3012490552,
          "ok": true,
          "reference_value": 3012490552
        },
        {
          "chain_value": 3189729809,
          "ok": true,
          "reference_value": 3189729809
        },
        {
          "chain_value": 3642906645,
          "ok": true,
          "reference_value": 3642906645
        },
        {
          "chain_value": 2489737530,
          "ok": true,
          "reference_value": 2489737530
        },
        {
          "chain_value": 3714186747,
          "ok": true,
          "reference_value": 3714186747
        },
        {
          "chain_value": 2729643636,
          "ok": true,
          "reference_value": 2729643636
        },
        {
          "chain_value": 1487603428,
          "ok": true,
          "reference_value": 1487603428
        },
        {
          "chain_value": 1528934504,
          "ok": true,
          "reference_value": 1528934504
        },
        {
          "chain_value": 2756815032,
          "ok": true,
          "reference_value": 2756815032
        },
        {
          "chain_value": 3819006579,
          "ok": true,
          "reference_value": 3819006579
        },
        {
          "chain_value": 2388573984,
          "ok": true,
          "reference_value": 2388573984
        },
        {
          "chain_value": 34195526,
          "ok": true,
          "reference_value": 34195526
        },
        {
          "chain_value": 1862863910,
          "ok": true,
          "reference_value": 1862863910
        },
        {
          "chain_value": 2641279608,
          "ok": true,
          "reference_value": 2641279608
        },
        {
          "chain_value": 4164288690,
          "ok": true,
          "reference_value": 4164288690
        },
        {
          "chain_value": 261873628,
          "ok": true,
          "reference_value": 261873628
        },
        {
          "chain_value": 3839265603,
          "ok": true,
          "reference_value": 3839265603
        },
        {
          "chain_value": 428689588,
          "ok": true,
          "reference_value": 428689588
        },
        {
          "chain_value": 1823623852,
          "ok": true,
          "reference_value": 1823623852
        },
        {
          "chain_value": 4181783405,
          "ok": true,
          "reference_value": 4181783405
        },
        {
          "chain_value": 1902372464,
          "ok": true,
          "reference_value": 1902372464
        },
        {
          "chain_value": 2204743572,
          "ok": true,
          "reference_value": 2204743572
        },
        {
          "chain_value": 2354172169,
          "ok": true,
          "reference_value": 2354172169
        },
        {
          "chain_value": 3272942097,
          "ok": true,
          "reference_value": 3272942097
        },
        {
          "chain_value": 1516546435,
          "ok": true,
          "reference_value": 1516546435
        },
        {
          "chain_value": 1581833948,
          "ok": true,
          "reference_value": 1581833948
        },
        {
          "chain_value": 3917613299,
          "ok": true,
          "reference_value": 3917613299
        },
        {
          "chain_value": 1124137927,
          "ok": true,
          "reference_value": 1124137927
        },
        {
          "chain_value": 2418833698,
          "ok": true,
          "reference_value": 2418833698
        },
        {
          "chain_value": 3166743133,
          "ok": true,
          "reference_value": 3166743133
        },
        {
          "chain_value": 1615555488,
          "ok": true,
          "reference_value": 1615555488
        },
        {
          "chain_value": 3675015444,
          "ok": true,
          "reference_value": 3675015444
        },
        {
          "chain_value": 4200448795,
          "ok": true,
          "reference_value": 4200448795
        },
        {
          "chain_value": 2088469960,
          "ok": true,
          "reference_value": 2088469960
        },
        {
          "chain_value": 2128365204,
          "ok": true,
          "reference_value": 2128365204
        },
        {
          "chain_value": 201749278,
          "ok": true,
          "reference_value": 201749278
        },
        {
          "chain_value": 2852294356,
          "ok": true,
          "reference_value": 2852294356
        },
        {
          "chain_value": 883997527,
          "ok": true,
          "reference_value": 883997527
        },
        {
          "chain_value": 3271982010,
          "ok": true,
          "reference_value": 3271982010
        },
        {
          "chain_value": 615386353,
          "ok": true,
          "reference_value": 615386353
        },
        {
          "chain_value": 2526669882,
          "ok": true,
          "reference_value": 2526669882
        },
        {
          "chain_value": 849910289,
          "ok": true,
          "reference_value": 849910289
        },
        {
          "chain_value": 3731225102,
          "ok": true,
          "reference_value": 3731225102
        },
        {
          "chain_value": 823088470,
          "ok": true,
          "reference_value": 823088470
        },
        {
          "chain_value": 3291187658,
          "ok": true,
          "reference_value": 3291187658
        },
        {
          "chain_value": 2084797214,
          "ok": true,
          "reference_value": 2084797214
        },
        {
          "chain_value": 4195222669,
          "ok": true,
          "reference_value": 4195222669
        },
        {
          "chain_value": 4209866019,
          "ok": true,
          "reference_value": 4209866019
        },
        {
          "chain_value": 1913678487,
          "ok": true,
          "reference_value": 1913678487
        },
        {
          "chain_value": 1415565996,
          "ok": true,
          "reference_value": 1415565996
        },
        {
          "chain_value": 2211939303,
          "ok": true,
          "reference_value": 2211939303
        },
        {
          "chain_value": 1832274659,
          "ok": true,
          "reference_value": 1832274659
        },
        {
          "chain_value": 749589643,
          "ok": true,
          "reference_value": 749589643
        },
        {
          "chain_value": 1385246243,
          "ok": true,
          "reference_value": 1385246243
        },
        {
          "chain_value": 1778528609,
          "ok": true,
          "reference_value": 1778528609
        },
        {
          "chain_value": 301005446,
          "ok": true,
          "reference_value": 301005446
        },
        {
          "chain_value": 2887333694,
          "ok": true,
          "reference_value": 2887333694
        },
        {
          "chain_value": 101038638,
          "ok": true,
          "reference_value": 101038638
        },
        {
          "chain_value": 3648741683,
          "ok": true,
          "reference_value": 3648741683
        }
      ]
    },
    "md5_r1_sep10": {
      "S": 8,
      "all_ok": true,
      "component_step_1indexed": 6,
      "n_probes": 64,
      "p": 3,
      "primitive": "md5",
      "probes": [
        {
          "chain_value": 3899728285,
          "ok": true,
          "reference_value": 3899728285
        },
        {
          "chain_value": 151329403,
          "ok": true,
          "reference_value": 151329403
        },
        {
          "chain_value": 1753362595,
          "ok": true,
          "reference_value": 1753362595
        },
        {
          "chain_value": 293308583,
          "ok": true,
          "reference_value": 293308583
        },
        {
          "chain_value": 2921519437,
          "ok": true,
          "reference_value": 2921519437
        },
        {
          "chain_value": 2848775219,
          "ok": true,
          "reference_value": 2848775219
        },
        {
          "chain_value": 951529253,
          "ok": true,
          "reference_value": 951529253
        },
        {
          "chain_value": 1289971331,
          "ok": true,
          "reference_value": 1289971331
        },
        {
          "chain_value": 2435280359,
          "ok": true,
          "reference_value": 2435280359
        },
        {
          "chain_value": 104902193,
          "ok": true,
          "reference_value": 104902193
        },
        {
          "chain_value": 1587457716,
          "ok": true,
          "reference_value": 1587457716
        },
        {
          "chain_value": 2454145564,
          "ok": true,
          "reference_value": 2454145564
        },
        {
          "chain_value": 3779030662,
          "ok": true,
          "reference_value": 3779030662
        },
        {
          "chain_value": 1384771895,
          "ok": true,
          "reference_value": 1384771895
        },
        {
          "chain_value": 3953283909,
          "ok": true,
          "reference_value": 3953283909
        },
        {
          "chain_value": 2762237819,
          "ok": true,
          "reference_value": 2762237819
        },
        {
          "chain_value": 3107322016,
          "ok": true,
          "reference_value": 3107322016
        },
        {
          "chain_value": 465581003,
          "ok": true,
          "reference_value": 465581003
        },
        {
          "chain_value": 2632384831,
          "ok": true,
          "reference_value": 2632384831
        },
        {
          "chain_value": 401823196,
          "ok": true,
          "reference_value": 401823196
        },
        {
          "chain_value": 915001384,
          "ok": true,
          "reference_value": 915001384
        },
        {
          "chain_value": 2564651849,
          "ok": true,
          "reference_value": 2564651849
        },
        {
          "chain_value": 3435571219,
          "ok": true,
          "reference_value": 3435571219
        },
        {
          "chain_value": 1403354703,
          "ok": true,
          "reference_value": 1403354703
        },
        {
          "chain_value": 471164991,
          "ok": true,
          "reference_value": 471164991
        },
        {
          "chain_value": 5277444,
          "ok": true,
          "reference_value": 5277444
        },
        {
          "chain_value": 3699723824,
          "ok": true,
          "reference_value": 3699723824
        },
        {
          "chain_value": 1685637334,
          "ok": true,
          "reference_value": 1685637334
        },
        {
          "chain_value": 3443914560,
          "ok": true,
          "reference_value": 3443914560
        },
        {
          "chain_value": 3862925389,
          "ok": true,
          "reference_value": 3862925389
        },
        {
          "chain_value": 2599956941,
          "ok": true,
          "reference_value": 2599956941
        },
        {
          "chain_value": 487120571,
          "ok": true,
          "reference_value": 487120571
        },
        {
          "chain_value": 1614912429,
          "ok": true,
          "reference_value": 1614912429
        },
        {
          "chain_value": 2779138703,
          "ok": true,
          "reference_value": 2779138703
        },
        {
          "chain_value": 3913976265,
          "ok": true,
          "reference_value": 3913976265
        },
        {
          "chain_value": 1461368947,
          "ok": true,
          "reference_value": 1461368947
        },
        {
          "chain_value": 3686294887,
          "ok": true,
          "reference_value": 3686294887
        },
        {
          "chain_value": 1091184733,
          "ok": true,
          "reference_value": 1091184733
        },
        {
          "chain_value": 1658007430,
          "ok": true,
          "reference_value": 1658007430
        },
        {
          "chain_value": 1429581697,
          "ok": true,
          "reference_value": 1429581697
        },
        {
          "chain_value": 458626896,
          "ok": true,
          "reference_value": 458626896
        },
        {
          "chain_value": 4039001522,
          "ok": true,
          "reference_value": 4039001522
        },
        {
          "chain_value": 3486888794,
          "ok": true,
          "reference_value": 3486888794
        },
        {
          "chain_value": 2232480485,
          "ok": true,
          "reference_value": 2232480485
        },
        {
          "chain_value": 306298440,
          "ok": true,
          "reference_value": 306298440
        },
        {
          "chain_value": 1776209560,
          "ok": true,
          "reference_value": 1776209560
        },
        {
          "chain_value": 790620303,
          "ok": true,
          "reference_value": 790620303
        },
        {
          "chain_value": 944232051,
          "ok": true,
          "reference_value": 944232051
        },
        {
          "chain_value": 2453598656,
          "ok": true,
          "reference_value": 2453598656
        },
        {
          "chain_value": 3223611377,
          "ok": true,
          "reference_value": 3223611377
        },
        {
          "chain_value": 407006434,
          "ok": true,
          "reference_value": 407006434
        },
        {
          "chain_value": 595340170,
          "ok": true,
          "reference_value": 595340170
        },
        {
          "chain_value": 1596331398,
          "ok": true,
          "reference_value": 1596331398
        },
        {
          "chain_value": 1809338843,
          "ok": true,
          "reference_value": 1809338843
        },
        {
          "chain_value": 1855967616,
          "ok": true,
          "reference_value": 1855967616
        },
        {
          "chain_value": 4088173379,
          "ok": true,
          "reference_value": 4088173379
        },
        {
          "chain_value": 1066717599,
          "ok": true,
          "reference_value": 1066717599
        },
        {
          "chain_value": 1412586178,
          "ok": true,
          "reference_value": 1412586178
        },
        {
          "chain_value": 4148403074,
          "ok": true,
          "reference_value": 4148403074
        },
        {
          "chain_value": 4159117890,
          "ok": true,
          "reference_value": 4159117890
        },
        {
          "chain_value": 72396715,
          "ok": true,
          "reference_value": 72396715
        },
        {
          "chain_value": 2857025119,
          "ok": true,
          "reference_value": 2857025119
        },
        {
          "chain_value": 2668054879,
          "ok": true,
          "reference_value": 2668054879
        },
        {
          "chain_value": 2708019752,
          "ok": true,
          "reference_value": 2708019752
        }
      ]
    }
  },
  "all_gates_passed": true,
  "input_pins": {
    "all_ok": true,
    "md4_rfc1320": {
      "expected": "f727b15e19ab8ac5036ab7921476e8d8644512190ade32a2e0a2fb9d8a2421c7",
      "got": "f727b15e19ab8ac5036ab7921476e8d8644512190ade32a2e0a2fb9d8a2421c7",
      "ok": true,
      "path": "coordination/goals/GOAL-MD5-001/batches/BATCH-af29f6/inputs/rfc1320-md4.txt"
    },
    "md5_rfc1321": {
      "expected": "284a79d148400d9cd2a423211d1103b5cef0fb9256a4cbe6d7ebe5197c3149dd",
      "got": "284a79d148400d9cd2a423211d1103b5cef0fb9256a4cbe6d7ebe5197c3149dd",
      "ok": true,
      "path": "coordination/goals/GOAL-MD5-001/batches/BATCH-1f30fe/inputs/rfc1321-md5.txt"
    }
  },
  "md5_computation_performed": [
    "F1 CTL-PO6 HEUR-H2 backward-inversion fixture in MD5 mode, seed 8975327, 10000 tuples",
    "F2 MD5 T[1..16] self-check against the RFC 1321 sec 3.4 sine definition",
    "CTL-PO9 component-identity assertion in MD5 mode (deterministic arithmetic identity, no search)"
  ],
  "phase_log": [
    {
      "finished_monotonic": 121330.425496,
      "phase": "buildcheck",
      "started_monotonic": 121330.39671
    }
  ]
}
