meter self-test: 52 passed in 2.28s (rc 0)
[s4-p65537] curve seed 4101: a=31111 b=32794 j=53884 window_x=[5, 7, 12, 15] rejections={'singular': 0, 'special_j': 0, 'window': 0}
[s4-p65537]   target 1: x=(15,5,12) u=6742 x_R=63629 cert=True vanish=True |Z|=6 SEM deficit[5, 6, 7, 8]=[0, 0, 0, 0] rows=[28, 186, 784, 2372] rank=[28, 186, 784, 2371] | 1.6s
[s4-p65537] curve seed 4102: a=40027 b=9479 j=8936 window_x=[0, 1, 2, 4, 7, 8, 9, 10, 11, 13, 14, 15] rejections={'singular': 0, 'special_j': 0, 'window': 0}
[s4-p65537]   target 1: x=(13,11,4) u=17203 x_R=12148 cert=True vanish=True |Z|=6 SEM deficit[5, 6, 7, 8]=[0, 0, 0, 0] rows=[28, 186, 784, 2372] rank=[28, 186, 784, 2371] | 3.2s
[s4-p65537] curve seed 4103: a=507 b=58648 j=56963 window_x=[0, 1, 2, 3, 7, 8, 11, 12, 15] rejections={'singular': 0, 'special_j': 0, 'window': 0}
[s4-p65537]   target 1: x=(7,3,0) u=31989 x_R=55752 cert=True vanish=True |Z|=6 SEM deficit[5, 6, 7, 8]=[0, 0, 0, 0] rows=[28, 186, 784, 2372] rank=[28, 186, 784, 2371] | 4.8s
[s4-p65537] curve seed 4104: a=9738 b=34644 j=45511 window_x=[1, 2, 3, 5, 6, 7, 8, 9, 11, 13] rejections={'singular': 0, 'special_j': 0, 'window': 0}
[s4-p65537]   target 1: x=(6,1,7) u=20558 x_R=14376 cert=True vanish=True |Z|=6 SEM deficit[5, 6, 7, 8]=[0, 0, 0, 0] rows=[28, 186, 784, 2372] rank=[28, 186, 784, 2371] | 6.4s
[s4-p65537] curve seed 4105: a=44905 b=14283 j=53725 window_x=[2, 7, 8, 10] rejections={'singular': 0, 'special_j': 0, 'window': 0}
[s4-p65537]   target 1: x=(7,10,2) u=42191 x_R=34105 cert=True vanish=True |Z|=6 SEM deficit[5, 6, 7, 8]=[0, 0, 0, 0] rows=[28, 186, 784, 2372] rank=[28, 186, 784, 2371] | 8.0s
[s4-p65537] curve seed 4106: a=19888 b=50162 j=24124 window_x=[2, 4, 8, 9, 10, 11, 14] rejections={'singular': 0, 'special_j': 0, 'window': 0}
[s4-p65537]   target 1: x=(14,2,4) u=56436 x_R=26906 cert=True vanish=True |Z|=6 SEM deficit[5, 6, 7, 8]=[0, 0, 0, 0] rows=[28, 186, 784, 2372] rank=[28, 186, 784, 2371] | 9.6s
[s4-p65537]   NULL-SUPPORT seed 7: degrees=[4, 4] |Z|=0 deficit=[0, 0, 0, 0] | 12.6s
[s4-p65537]   NULL-SUPPORT seed 11: degrees=[4, 4] |Z|=0 deficit=[0, 0, 0, 0] | 15.6s
[s4-p65537]   NULL-SUPPORT seed 13: degrees=[4, 4] |Z|=0 deficit=[0, 0, 0, 0] | 18.5s
[s4-p65537]   NULL-SUPPORT seed 17: degrees=[4, 4] |Z|=0 deficit=[0, 0, 0, 0] | 21.4s
[s4-p65537]   NULL-SUPPORT seed 19: degrees=[4, 4] |Z|=0 deficit=[0, 0, 0, 0] | 24.3s
[s4-p65537]   NULL-TOPOLOGY seed 7: degrees=[4, 4] |Z|=0 deficit=[0, 0, 0, 0] | 27.3s
[s4-p65537]   NULL-TOPOLOGY seed 11: degrees=[4, 4] |Z|=0 deficit=[0, 0, 0, 0] | 30.3s
[s4-p65537]   NULL-TOPOLOGY seed 13: degrees=[4, 4] |Z|=0 deficit=[0, 0, 0, 0] | 33.4s
[s4-p65537]   NULL-TOPOLOGY seed 17: degrees=[4, 4] |Z|=0 deficit=[0, 0, 0, 0] | 36.4s
[s4-p65537]   NULL-TOPOLOGY seed 19: degrees=[4, 4] |Z|=0 deficit=[0, 0, 0, 0] | 39.5s
[s4-p65537]   NON-CURVE cubic seed 51: t=31847 x=(0,5,9) u=26521 x_R=13089 cert=True vanish=True |Z|=6 deficit=[0, 0, 0, 0] | 41.0s
[s4-p65537]   NON-CURVE cubic seed 53: t=11745 x=(15,10,4) u=32708 x_R=30949 cert=True vanish=True |Z|=6 deficit=[0, 0, 0, 0] | 42.6s
[s4-p65537]   NON-CURVE cubic seed 59: t=48892 x=(0,2,4) u=33294 x_R=35361 cert=True vanish=True |Z|=6 deficit=[0, 0, 0, 0] | 44.1s
