[      0s] main 30b c6510 ic_m4 subgroup table completed_valid t=0.0s
[      0s] main 30b c6510 ic_m4 small_x table completed_valid t=0.0s
[      0s] main 30b c6510 ic_m4 random_sub_r0 table completed_valid t=0.0s
[      0s] main 30b c6510 ic_m4 random_sub_r1 table completed_valid t=0.0s
[      0s] main 30b c6510 ic_m4 random_sub_r2 table completed_valid t=0.0s
[      0s] main 30b c6510 ic_m4 known_null_sub table completed_valid t=0.0s
[      0s] main 30b c6510 ic_m4 planted_sub table completed_valid t=0.0s
[      0s] main 30b c6510 ic_m4 small_x_offset table completed_valid t=0.0s
[      0s] main 30b c6511 ic_m4 subgroup table completed_valid t=0.0s
[      0s] main 30b c6511 ic_m4 small_x table completed_valid t=0.0s
[      0s] main 30b c6511 ic_m4 random_sub_r0 table completed_valid t=0.0s
[      0s] main 30b c6511 ic_m4 random_sub_r1 table completed_valid t=0.0s
[      0s] main 30b c6511 ic_m4 random_sub_r2 table completed_valid t=0.0s
[      0s] main 30b c6511 ic_m4 known_null_sub table completed_valid t=0.0s
[      0s] main 30b c6511 ic_m4 planted_sub table completed_valid t=0.0s
[      0s] main 30b c6511 ic_m4 small_x_offset table completed_valid t=0.0s
[      1s] main 30b c6512 ic_m4 subgroup table completed_valid t=0.0s
[      1s] main 30b c6512 ic_m4 small_x table completed_valid t=0.0s
[      1s] main 30b c6512 ic_m4 random_sub_r0 table completed_valid t=0.0s
[      1s] main 30b c6512 ic_m4 random_sub_r1 table completed_valid t=0.0s
[      1s] main 30b c6512 ic_m4 random_sub_r2 table completed_valid t=0.0s
[      1s] main 30b c6512 ic_m4 known_null_sub table completed_valid t=0.0s
[      1s] main 30b c6512 ic_m4 planted_sub table completed_valid t=0.0s
[      1s] main 30b c6512 ic_m4 small_x_offset table completed_valid t=0.0s
[      1s] main 30b c6513 ic_m4 subgroup table completed_valid t=0.0s
[      1s] main 30b c6513 ic_m4 small_x table completed_valid t=0.0s
[      1s] main 30b c6513 ic_m4 random_sub_r0 table completed_valid t=0.0s
[      1s] main 30b c6513 ic_m4 random_sub_r1 table completed_valid t=0.0s
[      1s] main 30b c6513 ic_m4 random_sub_r2 table completed_valid t=0.0s
[      1s] main 30b c6513 ic_m4 known_null_sub table completed_valid t=0.0s
[      1s] main 30b c6513 ic_m4 planted_sub table completed_valid t=0.0s
[      1s] main 30b c6513 ic_m4 small_x_offset table completed_valid t=0.0s
[      1s] main 30b c6514 ic_m4 subgroup table completed_valid t=0.0s
[      1s] main 30b c6514 ic_m4 small_x table completed_valid t=0.0s
[      1s] main 30b c6514 ic_m4 random_sub_r0 table completed_valid t=0.0s
[      1s] main 30b c6514 ic_m4 random_sub_r1 table completed_valid t=0.0s
[      1s] main 30b c6514 ic_m4 random_sub_r2 table completed_valid t=0.0s
[      1s] main 30b c6514 ic_m4 known_null_sub table completed_valid t=0.0s
[      1s] main 30b c6514 ic_m4 planted_sub table completed_valid t=0.0s
[      1s] main 30b c6514 ic_m4 small_x_offset table completed_valid t=0.0s
[      1s] main 30b c6515 ic_m4 subgroup table completed_valid t=0.0s
[      1s] main 30b c6515 ic_m4 small_x table completed_valid t=0.0s
[      1s] main 30b c6515 ic_m4 random_sub_r0 table completed_valid t=0.0s
[      1s] main 30b c6515 ic_m4 random_sub_r1 table completed_valid t=0.0s
[      1s] main 30b c6515 ic_m4 random_sub_r2 table completed_valid t=0.0s
[      1s] main 30b c6515 ic_m4 known_null_sub table completed_valid t=0.0s
[      1s] main 30b c6515 ic_m4 planted_sub table completed_valid t=0.0s
[      1s] main 30b c6515 ic_m4 small_x_offset table completed_valid t=0.0s
[      1s] main 30b c6516 ic_m4 subgroup table completed_valid t=0.0s
[      1s] main 30b c6516 ic_m4 small_x table completed_valid t=0.0s
[      1s] main 30b c6516 ic_m4 random_sub_r0 table completed_valid t=0.0s
[      1s] main 30b c6516 ic_m4 random_sub_r1 table completed_valid t=0.0s
[      1s] main 30b c6516 ic_m4 random_sub_r2 table completed_valid t=0.0s
[      1s] main 30b c6516 ic_m4 known_null_sub table completed_valid t=0.0s
[      1s] main 30b c6516 ic_m4 planted_sub table completed_valid t=0.0s
[      1s] main 30b c6516 ic_m4 small_x_offset table completed_valid t=0.0s
[      2s] main 30b c6517 ic_m4 subgroup table completed_valid t=0.0s
[      2s] main 30b c6517 ic_m4 small_x table completed_valid t=0.0s
[      2s] main 30b c6517 ic_m4 random_sub_r0 table completed_valid t=0.0s
[      2s] main 30b c6517 ic_m4 random_sub_r1 table completed_valid t=0.0s
[      2s] main 30b c6517 ic_m4 random_sub_r2 table completed_valid t=0.0s
[      2s] main 30b c6517 ic_m4 known_null_sub table completed_valid t=0.0s
[      2s] main 30b c6517 ic_m4 planted_sub table completed_valid t=0.0s
[      2s] main 30b c6517 ic_m4 small_x_offset table completed_valid t=0.0s
[      2s] main 30b c6518 ic_m4 subgroup table completed_valid t=0.0s
[      2s] main 30b c6518 ic_m4 small_x table completed_valid t=0.0s
[      2s] main 30b c6518 ic_m4 random_sub_r0 table completed_valid t=0.0s
[      2s] main 30b c6518 ic_m4 random_sub_r1 table completed_valid t=0.0s
[      2s] main 30b c6518 ic_m4 random_sub_r2 table completed_valid t=0.0s
[      2s] main 30b c6518 ic_m4 known_null_sub table completed_valid t=0.0s
[      2s] main 30b c6518 ic_m4 planted_sub table completed_valid t=0.0s
[      2s] main 30b c6518 ic_m4 small_x_offset table completed_valid t=0.0s
[      2s] main 30b c6519 ic_m4 subgroup table completed_valid t=0.0s
[      2s] main 30b c6519 ic_m4 small_x table completed_valid t=0.0s
[      2s] main 30b c6519 ic_m4 random_sub_r0 table completed_valid t=0.0s
[      2s] main 30b c6519 ic_m4 random_sub_r1 table completed_valid t=0.0s
[      2s] main 30b c6519 ic_m4 random_sub_r2 table completed_valid t=0.0s
[      2s] main 30b c6519 ic_m4 known_null_sub table completed_valid t=0.0s
[      2s] main 30b c6519 ic_m4 planted_sub table completed_valid t=0.0s
[      2s] main 30b c6519 ic_m4 small_x_offset table completed_valid t=0.0s
[      2s] main 30b c6520 ic_m4 subgroup table completed_valid t=0.0s
[      2s] main 30b c6520 ic_m4 small_x table completed_valid t=0.0s
[      2s] main 30b c6520 ic_m4 random_sub_r0 table completed_valid t=0.0s
[      2s] main 30b c6520 ic_m4 random_sub_r1 table completed_valid t=0.0s
[      2s] main 30b c6520 ic_m4 random_sub_r2 table completed_valid t=0.0s
[      2s] main 30b c6520 ic_m4 known_null_sub table completed_valid t=0.0s
[      2s] main 30b c6520 ic_m4 planted_sub table completed_valid t=0.0s
[      2s] main 30b c6520 ic_m4 small_x_offset table completed_valid t=0.0s
[      2s] main 30b c6521 ic_m4 subgroup table completed_valid t=0.0s
[      2s] main 30b c6521 ic_m4 small_x table completed_valid t=0.0s
[      2s] main 30b c6521 ic_m4 random_sub_r0 table completed_valid t=0.0s
[      2s] main 30b c6521 ic_m4 random_sub_r1 table completed_valid t=0.0s
[      2s] main 30b c6521 ic_m4 random_sub_r2 table completed_valid t=0.0s
[      2s] main 30b c6521 ic_m4 known_null_sub table completed_valid t=0.0s
[      2s] main 30b c6521 ic_m4 planted_sub table completed_valid t=0.0s
[      2s] main 30b c6521 ic_m4 small_x_offset table completed_valid t=0.0s
[      3s] main 30b c6522 ic_m4 subgroup table completed_valid t=0.0s
[      3s] main 30b c6522 ic_m4 small_x table completed_valid t=0.0s
[      3s] main 30b c6522 ic_m4 random_sub_r0 table completed_valid t=0.0s
[      3s] main 30b c6522 ic_m4 random_sub_r1 table completed_valid t=0.0s
[      3s] main 30b c6522 ic_m4 random_sub_r2 table completed_valid t=0.0s
[      3s] main 30b c6522 ic_m4 known_null_sub table completed_valid t=0.0s
[      3s] main 30b c6522 ic_m4 planted_sub table completed_valid t=0.0s
[      3s] main 30b c6522 ic_m4 small_x_offset table completed_valid t=0.0s
[      3s] main 30b c6523 ic_m4 subgroup table completed_valid t=0.0s
[      3s] main 30b c6523 ic_m4 small_x table completed_valid t=0.0s
[      3s] main 30b c6523 ic_m4 random_sub_r0 table completed_valid t=0.0s
[      3s] main 30b c6523 ic_m4 random_sub_r1 table completed_valid t=0.0s
[      3s] main 30b c6523 ic_m4 random_sub_r2 table completed_valid t=0.0s
[      3s] main 30b c6523 ic_m4 known_null_sub table completed_valid t=0.0s
[      3s] main 30b c6523 ic_m4 planted_sub table completed_valid t=0.0s
[      3s] main 30b c6523 ic_m4 small_x_offset table completed_valid t=0.0s
[      3s] main 30b c6524 ic_m4 subgroup table completed_valid t=0.0s
[      3s] main 30b c6524 ic_m4 small_x table completed_valid t=0.0s
[      3s] main 30b c6524 ic_m4 random_sub_r0 table completed_valid t=0.0s
[      3s] main 30b c6524 ic_m4 random_sub_r1 table completed_valid t=0.0s
[      3s] main 30b c6524 ic_m4 random_sub_r2 table completed_valid t=0.0s
[      3s] main 30b c6524 ic_m4 known_null_sub table completed_valid t=0.0s
[      3s] main 30b c6524 ic_m4 planted_sub table completed_valid t=0.0s
[      3s] main 30b c6524 ic_m4 small_x_offset table completed_valid t=0.0s
[      3s] main 30b c6525 ic_m4 subgroup table completed_valid t=0.0s
[      3s] main 30b c6525 ic_m4 small_x table completed_valid t=0.0s
[      3s] main 30b c6525 ic_m4 random_sub_r0 table completed_valid t=0.0s
[      3s] main 30b c6525 ic_m4 random_sub_r1 table completed_valid t=0.0s
[      3s] main 30b c6525 ic_m4 random_sub_r2 table completed_valid t=0.0s
[      3s] main 30b c6525 ic_m4 known_null_sub table completed_valid t=0.0s
[      3s] main 30b c6525 ic_m4 planted_sub table completed_valid t=0.0s
[      3s] main 30b c6525 ic_m4 small_x_offset table completed_valid t=0.0s
[      4s] main 30b c6526 ic_m4 subgroup table completed_valid t=0.0s
[      4s] main 30b c6526 ic_m4 small_x table completed_valid t=0.0s
[      4s] main 30b c6526 ic_m4 random_sub_r0 table completed_valid t=0.0s
[      4s] main 30b c6526 ic_m4 random_sub_r1 table completed_valid t=0.0s
[      4s] main 30b c6526 ic_m4 random_sub_r2 table completed_valid t=0.0s
[      4s] main 30b c6526 ic_m4 known_null_sub table completed_valid t=0.0s
[      4s] main 30b c6526 ic_m4 planted_sub table completed_valid t=0.0s
[      4s] main 30b c6526 ic_m4 small_x_offset table completed_valid t=0.0s
[      4s] main 30b c6527 ic_m4 subgroup table completed_valid t=0.0s
[      4s] main 30b c6527 ic_m4 small_x table completed_valid t=0.0s
[      4s] main 30b c6527 ic_m4 random_sub_r0 table completed_valid t=0.0s
[      4s] main 30b c6527 ic_m4 random_sub_r1 table completed_valid t=0.0s
[      4s] main 30b c6527 ic_m4 random_sub_r2 table completed_valid t=0.0s
[      4s] main 30b c6527 ic_m4 known_null_sub table completed_valid t=0.0s
[      4s] main 30b c6527 ic_m4 planted_sub table completed_valid t=0.0s
[      4s] main 30b c6527 ic_m4 small_x_offset table completed_valid t=0.0s
[      4s] main 30b c6528 ic_m4 subgroup table completed_valid t=0.0s
[      4s] main 30b c6528 ic_m4 small_x table completed_valid t=0.0s
[      4s] main 30b c6528 ic_m4 random_sub_r0 table completed_valid t=0.0s
[      4s] main 30b c6528 ic_m4 random_sub_r1 table completed_valid t=0.0s
[      4s] main 30b c6528 ic_m4 random_sub_r2 table completed_valid t=0.0s
[      4s] main 30b c6528 ic_m4 known_null_sub table completed_valid t=0.0s
[      4s] main 30b c6528 ic_m4 planted_sub table completed_valid t=0.0s
[      4s] main 30b c6528 ic_m4 small_x_offset table completed_valid t=0.0s
[      4s] main 30b c6529 ic_m4 subgroup table completed_valid t=0.0s
[      4s] main 30b c6529 ic_m4 small_x table completed_valid t=0.0s
[      4s] main 30b c6529 ic_m4 random_sub_r0 table completed_valid t=0.0s
[      4s] main 30b c6529 ic_m4 random_sub_r1 table completed_valid t=0.0s
[      4s] main 30b c6529 ic_m4 random_sub_r2 table completed_valid t=0.0s
[      4s] main 30b c6529 ic_m4 known_null_sub table completed_valid t=0.0s
[      4s] main 30b c6529 ic_m4 planted_sub table completed_valid t=0.0s
[      4s] main 30b c6529 ic_m4 small_x_offset table completed_valid t=0.0s
[      5s] main 30b c6530 ic_m4 subgroup table completed_valid t=0.0s
[      5s] main 30b c6530 ic_m4 small_x table completed_valid t=0.0s
[      5s] main 30b c6530 ic_m4 random_sub_r0 table completed_valid t=0.0s
[      5s] main 30b c6530 ic_m4 random_sub_r1 table completed_valid t=0.0s
[      5s] main 30b c6530 ic_m4 random_sub_r2 table completed_valid t=0.0s
[      5s] main 30b c6530 ic_m4 known_null_sub table completed_valid t=0.0s
[      5s] main 30b c6530 ic_m4 planted_sub table completed_valid t=0.0s
[      5s] main 30b c6530 ic_m4 small_x_offset table completed_valid t=0.0s
[      5s] main 30b c6531 ic_m4 subgroup table completed_valid t=0.0s
[      5s] main 30b c6531 ic_m4 small_x table completed_valid t=0.0s
[      5s] main 30b c6531 ic_m4 random_sub_r0 table completed_valid t=0.0s
[      5s] main 30b c6531 ic_m4 random_sub_r1 table completed_valid t=0.0s
[      5s] main 30b c6531 ic_m4 random_sub_r2 table completed_valid t=0.0s
[      5s] main 30b c6531 ic_m4 known_null_sub table completed_valid t=0.0s
[      5s] main 30b c6531 ic_m4 planted_sub table completed_valid t=0.0s
[      5s] main 30b c6531 ic_m4 small_x_offset table completed_valid t=0.0s
[      5s] main 30b c6532 ic_m4 subgroup table completed_valid t=0.0s
[      5s] main 30b c6532 ic_m4 small_x table completed_valid t=0.0s
[      5s] main 30b c6532 ic_m4 random_sub_r0 table completed_valid t=0.0s
[      5s] main 30b c6532 ic_m4 random_sub_r1 table completed_valid t=0.0s
[      5s] main 30b c6532 ic_m4 random_sub_r2 table completed_valid t=0.0s
[      5s] main 30b c6532 ic_m4 known_null_sub table completed_valid t=0.0s
[      5s] main 30b c6532 ic_m4 planted_sub table completed_valid t=0.0s
[      5s] main 30b c6532 ic_m4 small_x_offset table completed_valid t=0.0s
[      5s] main 30b c6533 ic_m4 subgroup table completed_valid t=0.0s
[      5s] main 30b c6533 ic_m4 small_x table completed_valid t=0.0s
[      5s] main 30b c6533 ic_m4 random_sub_r0 table completed_valid t=0.0s
[      5s] main 30b c6533 ic_m4 random_sub_r1 table completed_valid t=0.0s
[      5s] main 30b c6533 ic_m4 random_sub_r2 table completed_valid t=0.0s
[      5s] main 30b c6533 ic_m4 known_null_sub table completed_valid t=0.0s
[      5s] main 30b c6533 ic_m4 planted_sub table completed_valid t=0.0s
[      5s] main 30b c6533 ic_m4 small_x_offset table completed_valid t=0.0s
[      5s] main 30b c6534 ic_m4 subgroup table completed_valid t=0.0s
[      5s] main 30b c6534 ic_m4 small_x table completed_valid t=0.0s
[      5s] main 30b c6534 ic_m4 random_sub_r0 table completed_valid t=0.0s
[      5s] main 30b c6534 ic_m4 random_sub_r1 table completed_valid t=0.0s
[      5s] main 30b c6534 ic_m4 random_sub_r2 table completed_valid t=0.0s
[      5s] main 30b c6534 ic_m4 known_null_sub table completed_valid t=0.0s
[      5s] main 30b c6534 ic_m4 planted_sub table completed_valid t=0.0s
[      5s] main 30b c6534 ic_m4 small_x_offset table completed_valid t=0.0s
[      5s] main 30b c6535 ic_m4 subgroup table completed_valid t=0.0s
[      5s] main 30b c6535 ic_m4 small_x table completed_valid t=0.0s
[      5s] main 30b c6535 ic_m4 random_sub_r0 table completed_valid t=0.0s
[      5s] main 30b c6535 ic_m4 random_sub_r1 table completed_valid t=0.0s
[      5s] main 30b c6535 ic_m4 random_sub_r2 table completed_valid t=0.0s
[      5s] main 30b c6535 ic_m4 known_null_sub table completed_valid t=0.0s
[      5s] main 30b c6535 ic_m4 planted_sub table completed_valid t=0.0s
[      5s] main 30b c6535 ic_m4 small_x_offset table completed_valid t=0.0s
[      6s] main 30b c6536 ic_m4 subgroup table completed_valid t=0.0s
[      6s] main 30b c6536 ic_m4 small_x table completed_valid t=0.0s
[      6s] main 30b c6536 ic_m4 random_sub_r0 table completed_valid t=0.0s
[      6s] main 30b c6536 ic_m4 random_sub_r1 table completed_valid t=0.0s
[      6s] main 30b c6536 ic_m4 random_sub_r2 table completed_valid t=0.0s
[      6s] main 30b c6536 ic_m4 known_null_sub table completed_valid t=0.0s
[      6s] main 30b c6536 ic_m4 planted_sub table completed_valid t=0.0s
[      6s] main 30b c6536 ic_m4 small_x_offset table completed_valid t=0.0s
[      6s] main 30b c6537 ic_m4 subgroup table completed_valid t=0.0s
[      6s] main 30b c6537 ic_m4 small_x table completed_valid t=0.0s
[      6s] main 30b c6537 ic_m4 random_sub_r0 table completed_valid t=0.0s
[      6s] main 30b c6537 ic_m4 random_sub_r1 table completed_valid t=0.0s
[      6s] main 30b c6537 ic_m4 random_sub_r2 table completed_valid t=0.0s
[      6s] main 30b c6537 ic_m4 known_null_sub table completed_valid t=0.0s
[      6s] main 30b c6537 ic_m4 planted_sub table completed_valid t=0.0s
[      6s] main 30b c6537 ic_m4 small_x_offset table completed_valid t=0.0s
[      6s] main 30b c6538 ic_m4 subgroup table completed_valid t=0.0s
[      6s] main 30b c6538 ic_m4 small_x table completed_valid t=0.0s
[      6s] main 30b c6538 ic_m4 random_sub_r0 table completed_valid t=0.0s
[      6s] main 30b c6538 ic_m4 random_sub_r1 table completed_valid t=0.0s
[      6s] main 30b c6538 ic_m4 random_sub_r2 table completed_valid t=0.0s
[      6s] main 30b c6538 ic_m4 known_null_sub table completed_valid t=0.0s
[      6s] main 30b c6538 ic_m4 planted_sub table completed_valid t=0.0s
[      6s] main 30b c6538 ic_m4 small_x_offset table completed_valid t=0.0s
[      7s] main 30b c6539 ic_m4 subgroup table completed_valid t=0.0s
[      7s] main 30b c6539 ic_m4 small_x table completed_valid t=0.0s
[      7s] main 30b c6539 ic_m4 random_sub_r0 table completed_valid t=0.0s
[      7s] main 30b c6539 ic_m4 random_sub_r1 table completed_valid t=0.0s
[      7s] main 30b c6539 ic_m4 random_sub_r2 table completed_valid t=0.0s
[      7s] main 30b c6539 ic_m4 known_null_sub table completed_valid t=0.0s
[      7s] main 30b c6539 ic_m4 planted_sub table completed_valid t=0.0s
[      7s] main 30b c6539 ic_m4 small_x_offset table completed_valid t=0.0s
[      7s] main 30b c6540 ic_m4 subgroup table completed_valid t=0.0s
[      7s] main 30b c6540 ic_m4 small_x table completed_valid t=0.0s
[      7s] main 30b c6540 ic_m4 random_sub_r0 table completed_valid t=0.0s
[      7s] main 30b c6540 ic_m4 random_sub_r1 table completed_valid t=0.0s
[      7s] main 30b c6540 ic_m4 random_sub_r2 table completed_valid t=0.0s
[      7s] main 30b c6540 ic_m4 known_null_sub table completed_valid t=0.0s
[      7s] main 30b c6540 ic_m4 planted_sub table completed_valid t=0.0s
[      7s] main 30b c6540 ic_m4 small_x_offset table completed_valid t=0.0s
[      7s] main 30b c6541 ic_m4 subgroup table completed_valid t=0.0s
[      7s] main 30b c6541 ic_m4 small_x table completed_valid t=0.0s
[      7s] main 30b c6541 ic_m4 random_sub_r0 table completed_valid t=0.0s
[      7s] main 30b c6541 ic_m4 random_sub_r1 table completed_valid t=0.0s
[      7s] main 30b c6541 ic_m4 random_sub_r2 table completed_valid t=0.0s
[      7s] main 30b c6541 ic_m4 known_null_sub table completed_valid t=0.0s
[      7s] main 30b c6541 ic_m4 planted_sub table completed_valid t=0.0s
[      7s] main 30b c6541 ic_m4 small_x_offset table completed_valid t=0.0s
[      7s] main 30b c6542 ic_m4 subgroup table completed_valid t=0.0s
[      7s] main 30b c6542 ic_m4 small_x table completed_valid t=0.0s
[      7s] main 30b c6542 ic_m4 random_sub_r0 table completed_valid t=0.0s
[      7s] main 30b c6542 ic_m4 random_sub_r1 table completed_valid t=0.0s
[      7s] main 30b c6542 ic_m4 random_sub_r2 table completed_valid t=0.0s
[      7s] main 30b c6542 ic_m4 known_null_sub table completed_valid t=0.0s
[      7s] main 30b c6542 ic_m4 planted_sub table completed_valid t=0.0s
[      7s] main 30b c6542 ic_m4 small_x_offset table completed_valid t=0.0s
[      8s] main 30b c6543 ic_m4 subgroup table completed_valid t=0.0s
[      8s] main 30b c6543 ic_m4 small_x table completed_valid t=0.0s
[      8s] main 30b c6543 ic_m4 random_sub_r0 table completed_valid t=0.0s
[      8s] main 30b c6543 ic_m4 random_sub_r1 table completed_valid t=0.0s
[      8s] main 30b c6543 ic_m4 random_sub_r2 table completed_valid t=0.0s
[      8s] main 30b c6543 ic_m4 known_null_sub table completed_valid t=0.0s
[      8s] main 30b c6543 ic_m4 planted_sub table completed_valid t=0.0s
[      8s] main 30b c6543 ic_m4 small_x_offset table completed_valid t=0.0s
[      8s] main 30b c6544 ic_m4 subgroup table completed_valid t=0.0s
[      8s] main 30b c6544 ic_m4 small_x table completed_valid t=0.0s
[      8s] main 30b c6544 ic_m4 random_sub_r0 table completed_valid t=0.0s
[      8s] main 30b c6544 ic_m4 random_sub_r1 table completed_valid t=0.0s
[      8s] main 30b c6544 ic_m4 random_sub_r2 table completed_valid t=0.0s
[      8s] main 30b c6544 ic_m4 known_null_sub table completed_valid t=0.0s
[      8s] main 30b c6544 ic_m4 planted_sub table completed_valid t=0.0s
[      8s] main 30b c6544 ic_m4 small_x_offset table completed_valid t=0.0s
[      8s] main 30b c6545 ic_m4 subgroup table completed_valid t=0.0s
[      8s] main 30b c6545 ic_m4 small_x table completed_valid t=0.0s
[      8s] main 30b c6545 ic_m4 random_sub_r0 table completed_valid t=0.0s
[      8s] main 30b c6545 ic_m4 random_sub_r1 table completed_valid t=0.0s
[      8s] main 30b c6545 ic_m4 random_sub_r2 table completed_valid t=0.0s
[      8s] main 30b c6545 ic_m4 known_null_sub table completed_valid t=0.0s
[      8s] main 30b c6545 ic_m4 planted_sub table completed_valid t=0.0s
[      8s] main 30b c6545 ic_m4 small_x_offset table completed_valid t=0.0s
[      8s] main 30b c6546 ic_m4 subgroup table completed_valid t=0.0s
[      8s] main 30b c6546 ic_m4 small_x table completed_valid t=0.0s
[      8s] main 30b c6546 ic_m4 random_sub_r0 table completed_valid t=0.0s
[      8s] main 30b c6546 ic_m4 random_sub_r1 table completed_valid t=0.0s
[      8s] main 30b c6546 ic_m4 random_sub_r2 table completed_valid t=0.0s
[      8s] main 30b c6546 ic_m4 known_null_sub table completed_valid t=0.0s
[      8s] main 30b c6546 ic_m4 planted_sub table completed_valid t=0.0s
[      8s] main 30b c6546 ic_m4 small_x_offset table completed_valid t=0.0s
[      9s] main 30b c6547 ic_m4 subgroup table completed_valid t=0.0s
[      9s] main 30b c6547 ic_m4 small_x table completed_valid t=0.0s
[      9s] main 30b c6547 ic_m4 random_sub_r0 table completed_valid t=0.0s
[      9s] main 30b c6547 ic_m4 random_sub_r1 table completed_valid t=0.0s
[      9s] main 30b c6547 ic_m4 random_sub_r2 table completed_valid t=0.0s
[      9s] main 30b c6547 ic_m4 known_null_sub table completed_valid t=0.0s
[      9s] main 30b c6547 ic_m4 planted_sub table completed_valid t=0.0s
[      9s] main 30b c6547 ic_m4 small_x_offset table completed_valid t=0.0s
[      9s] main 30b c6548 ic_m4 subgroup table completed_valid t=0.0s
[      9s] main 30b c6548 ic_m4 small_x table completed_valid t=0.0s
[      9s] main 30b c6548 ic_m4 random_sub_r0 table completed_valid t=0.0s
[      9s] main 30b c6548 ic_m4 random_sub_r1 table completed_valid t=0.0s
[      9s] main 30b c6548 ic_m4 random_sub_r2 table completed_valid t=0.0s
[      9s] main 30b c6548 ic_m4 known_null_sub table completed_valid t=0.0s
[      9s] main 30b c6548 ic_m4 planted_sub table completed_valid t=0.0s
[      9s] main 30b c6548 ic_m4 small_x_offset table completed_valid t=0.0s
[      9s] main 30b c6549 ic_m4 subgroup table completed_valid t=0.0s
[      9s] main 30b c6549 ic_m4 small_x table completed_valid t=0.0s
[      9s] main 30b c6549 ic_m4 random_sub_r0 table completed_valid t=0.0s
[      9s] main 30b c6549 ic_m4 random_sub_r1 table completed_valid t=0.0s
[      9s] main 30b c6549 ic_m4 random_sub_r2 table completed_valid t=0.0s
[      9s] main 30b c6549 ic_m4 known_null_sub table completed_valid t=0.0s
[      9s] main 30b c6549 ic_m4 planted_sub table completed_valid t=0.0s
[      9s] main 30b c6549 ic_m4 small_x_offset table completed_valid t=0.0s
[      9s] main 30b c6550 ic_m4 subgroup table completed_valid t=0.0s
[      9s] main 30b c6550 ic_m4 small_x table completed_valid t=0.0s
[      9s] main 30b c6550 ic_m4 random_sub_r0 table completed_valid t=0.0s
[      9s] main 30b c6550 ic_m4 random_sub_r1 table completed_valid t=0.0s
[      9s] main 30b c6550 ic_m4 random_sub_r2 table completed_valid t=0.0s
[      9s] main 30b c6550 ic_m4 known_null_sub table completed_valid t=0.0s
[      9s] main 30b c6550 ic_m4 planted_sub table completed_valid t=0.0s
[      9s] main 30b c6550 ic_m4 small_x_offset table completed_valid t=0.0s
[     10s] main 30b c6551 ic_m4 subgroup table completed_valid t=0.0s
[     10s] main 30b c6551 ic_m4 small_x table completed_valid t=0.0s
[     10s] main 30b c6551 ic_m4 random_sub_r0 table completed_valid t=0.0s
[     10s] main 30b c6551 ic_m4 random_sub_r1 table completed_valid t=0.0s
[     10s] main 30b c6551 ic_m4 random_sub_r2 table completed_valid t=0.0s
[     10s] main 30b c6551 ic_m4 known_null_sub table completed_valid t=0.0s
[     10s] main 30b c6551 ic_m4 planted_sub table completed_valid t=0.0s
[     10s] main 30b c6551 ic_m4 small_x_offset table completed_valid t=0.0s
[     10s] main 30b c6552 ic_m4 subgroup table completed_valid t=0.0s
[     10s] main 30b c6552 ic_m4 small_x table completed_valid t=0.0s
[     10s] main 30b c6552 ic_m4 random_sub_r0 table completed_valid t=0.0s
[     10s] main 30b c6552 ic_m4 random_sub_r1 table completed_valid t=0.0s
[     10s] main 30b c6552 ic_m4 random_sub_r2 table completed_valid t=0.0s
[     10s] main 30b c6552 ic_m4 known_null_sub table completed_valid t=0.0s
[     10s] main 30b c6552 ic_m4 planted_sub table completed_valid t=0.0s
[     10s] main 30b c6552 ic_m4 small_x_offset table completed_valid t=0.0s
[     10s] main 30b c6553 ic_m4 subgroup table completed_valid t=0.0s
[     10s] main 30b c6553 ic_m4 small_x table completed_valid t=0.0s
[     10s] main 30b c6553 ic_m4 random_sub_r0 table completed_valid t=0.0s
[     10s] main 30b c6553 ic_m4 random_sub_r1 table completed_valid t=0.0s
[     10s] main 30b c6553 ic_m4 random_sub_r2 table completed_valid t=0.0s
[     10s] main 30b c6553 ic_m4 known_null_sub table completed_valid t=0.0s
[     10s] main 30b c6553 ic_m4 planted_sub table completed_valid t=0.0s
[     10s] main 30b c6553 ic_m4 small_x_offset table completed_valid t=0.0s
[     10s] main 30b c6554 ic_m4 subgroup table completed_valid t=0.0s
[     10s] main 30b c6554 ic_m4 small_x table completed_valid t=0.0s
[     10s] main 30b c6554 ic_m4 random_sub_r0 table completed_valid t=0.0s
[     10s] main 30b c6554 ic_m4 random_sub_r1 table completed_valid t=0.0s
[     10s] main 30b c6554 ic_m4 random_sub_r2 table completed_valid t=0.0s
[     10s] main 30b c6554 ic_m4 known_null_sub table completed_valid t=0.0s
[     10s] main 30b c6554 ic_m4 planted_sub table completed_valid t=0.0s
[     10s] main 30b c6554 ic_m4 small_x_offset table completed_valid t=0.0s
[     11s] main 30b c6555 ic_m4 subgroup table completed_valid t=0.0s
[     11s] main 30b c6555 ic_m4 small_x table completed_valid t=0.0s
[     11s] main 30b c6555 ic_m4 random_sub_r0 table completed_valid t=0.0s
[     11s] main 30b c6555 ic_m4 random_sub_r1 table completed_valid t=0.0s
[     11s] main 30b c6555 ic_m4 random_sub_r2 table completed_valid t=0.0s
[     11s] main 30b c6555 ic_m4 known_null_sub table completed_valid t=0.0s
[     11s] main 30b c6555 ic_m4 planted_sub table completed_valid t=0.0s
[     11s] main 30b c6555 ic_m4 small_x_offset table completed_valid t=0.0s
[     11s] main 30b c6556 ic_m4 subgroup table completed_valid t=0.0s
[     11s] main 30b c6556 ic_m4 small_x table completed_valid t=0.0s
[     11s] main 30b c6556 ic_m4 random_sub_r0 table completed_valid t=0.0s
[     11s] main 30b c6556 ic_m4 random_sub_r1 table completed_valid t=0.0s
[     11s] main 30b c6556 ic_m4 random_sub_r2 table completed_valid t=0.0s
[     11s] main 30b c6556 ic_m4 known_null_sub table completed_valid t=0.0s
[     11s] main 30b c6556 ic_m4 planted_sub table completed_valid t=0.0s
[     11s] main 30b c6556 ic_m4 small_x_offset table completed_valid t=0.0s
[     11s] main 30b c6557 ic_m4 subgroup table completed_valid t=0.0s
[     11s] main 30b c6557 ic_m4 small_x table completed_valid t=0.0s
[     11s] main 30b c6557 ic_m4 random_sub_r0 table completed_valid t=0.0s
[     11s] main 30b c6557 ic_m4 random_sub_r1 table completed_valid t=0.0s
[     11s] main 30b c6557 ic_m4 random_sub_r2 table completed_valid t=0.0s
[     11s] main 30b c6557 ic_m4 known_null_sub table completed_valid t=0.0s
[     11s] main 30b c6557 ic_m4 planted_sub table completed_valid t=0.0s
[     11s] main 30b c6557 ic_m4 small_x_offset table completed_valid t=0.0s
[     11s] main 30b c6558 ic_m4 subgroup table completed_valid t=0.0s
[     11s] main 30b c6558 ic_m4 small_x table completed_valid t=0.0s
[     11s] main 30b c6558 ic_m4 random_sub_r0 table completed_valid t=0.0s
[     11s] main 30b c6558 ic_m4 random_sub_r1 table completed_valid t=0.0s
[     11s] main 30b c6558 ic_m4 random_sub_r2 table completed_valid t=0.0s
[     11s] main 30b c6558 ic_m4 known_null_sub table completed_valid t=0.0s
[     11s] main 30b c6558 ic_m4 planted_sub table completed_valid t=0.0s
[     11s] main 30b c6558 ic_m4 small_x_offset table completed_valid t=0.0s
[     12s] main 30b c6559 ic_m4 subgroup table completed_valid t=0.0s
[     12s] main 30b c6559 ic_m4 small_x table completed_valid t=0.0s
[     12s] main 30b c6559 ic_m4 random_sub_r0 table completed_valid t=0.0s
[     12s] main 30b c6559 ic_m4 random_sub_r1 table completed_valid t=0.0s
[     12s] main 30b c6559 ic_m4 random_sub_r2 table completed_valid t=0.0s
[     12s] main 30b c6559 ic_m4 known_null_sub table completed_valid t=0.0s
[     12s] main 30b c6559 ic_m4 planted_sub table completed_valid t=0.0s
[     12s] main 30b c6559 ic_m4 small_x_offset table completed_valid t=0.0s
[     12s] main 30b c6560 ic_m4 subgroup table completed_valid t=0.0s
[     12s] main 30b c6560 ic_m4 small_x table completed_valid t=0.0s
[     12s] main 30b c6560 ic_m4 random_sub_r0 table completed_valid t=0.0s
[     12s] main 30b c6560 ic_m4 random_sub_r1 table completed_valid t=0.0s
[     12s] main 30b c6560 ic_m4 random_sub_r2 table completed_valid t=0.0s
[     12s] main 30b c6560 ic_m4 known_null_sub table completed_valid t=0.0s
[     12s] main 30b c6560 ic_m4 planted_sub table completed_valid t=0.0s
[     12s] main 30b c6560 ic_m4 small_x_offset table completed_valid t=0.0s
[     12s] main 30b c6561 ic_m4 subgroup table completed_valid t=0.0s
[     12s] main 30b c6561 ic_m4 small_x table completed_valid t=0.0s
[     12s] main 30b c6561 ic_m4 random_sub_r0 table completed_valid t=0.0s
[     12s] main 30b c6561 ic_m4 random_sub_r1 table completed_valid t=0.0s
[     12s] main 30b c6561 ic_m4 random_sub_r2 table completed_valid t=0.0s
[     12s] main 30b c6561 ic_m4 known_null_sub table completed_valid t=0.0s
[     12s] main 30b c6561 ic_m4 planted_sub table completed_valid t=0.0s
[     12s] main 30b c6561 ic_m4 small_x_offset table completed_valid t=0.0s
[     12s] main 30b c6562 ic_m4 subgroup table completed_valid t=0.0s
[     12s] main 30b c6562 ic_m4 small_x table completed_valid t=0.0s
[     12s] main 30b c6562 ic_m4 random_sub_r0 table completed_valid t=0.0s
[     12s] main 30b c6562 ic_m4 random_sub_r1 table completed_valid t=0.0s
[     12s] main 30b c6562 ic_m4 random_sub_r2 table completed_valid t=0.0s
[     12s] main 30b c6562 ic_m4 known_null_sub table completed_valid t=0.0s
[     12s] main 30b c6562 ic_m4 planted_sub table completed_valid t=0.0s
[     12s] main 30b c6562 ic_m4 small_x_offset table completed_valid t=0.0s
[     12s] main 30b c6563 ic_m4 subgroup table completed_valid t=0.0s
[     12s] main 30b c6563 ic_m4 small_x table completed_valid t=0.0s
[     12s] main 30b c6563 ic_m4 random_sub_r0 table completed_valid t=0.0s
[     12s] main 30b c6563 ic_m4 random_sub_r1 table completed_valid t=0.0s
[     12s] main 30b c6563 ic_m4 random_sub_r2 table completed_valid t=0.0s
[     12s] main 30b c6563 ic_m4 known_null_sub table completed_valid t=0.0s
[     12s] main 30b c6563 ic_m4 planted_sub table completed_valid t=0.0s
[     12s] main 30b c6563 ic_m4 small_x_offset table completed_valid t=0.0s
[     13s] main 30b c6564 ic_m4 subgroup table completed_valid t=0.0s
[     13s] main 30b c6564 ic_m4 small_x table completed_valid t=0.0s
[     13s] main 30b c6564 ic_m4 random_sub_r0 table completed_valid t=0.0s
[     13s] main 30b c6564 ic_m4 random_sub_r1 table completed_valid t=0.0s
[     13s] main 30b c6564 ic_m4 random_sub_r2 table completed_valid t=0.0s
[     13s] main 30b c6564 ic_m4 known_null_sub table completed_valid t=0.0s
[     13s] main 30b c6564 ic_m4 planted_sub table completed_valid t=0.0s
[     13s] main 30b c6564 ic_m4 small_x_offset table completed_valid t=0.0s
[     13s] main 30b c6565 ic_m4 subgroup table completed_valid t=0.0s
[     13s] main 30b c6565 ic_m4 small_x table completed_valid t=0.0s
[     13s] main 30b c6565 ic_m4 random_sub_r0 table completed_valid t=0.0s
[     13s] main 30b c6565 ic_m4 random_sub_r1 table completed_valid t=0.0s
[     13s] main 30b c6565 ic_m4 random_sub_r2 table completed_valid t=0.0s
[     13s] main 30b c6565 ic_m4 known_null_sub table completed_valid t=0.0s
[     13s] main 30b c6565 ic_m4 planted_sub table completed_valid t=0.0s
[     13s] main 30b c6565 ic_m4 small_x_offset table completed_valid t=0.0s
[     13s] main 30b c6566 ic_m4 subgroup table completed_valid t=0.0s
[     13s] main 30b c6566 ic_m4 small_x table completed_valid t=0.0s
[     13s] main 30b c6566 ic_m4 random_sub_r0 table completed_valid t=0.0s
[     13s] main 30b c6566 ic_m4 random_sub_r1 table completed_valid t=0.0s
[     13s] main 30b c6566 ic_m4 random_sub_r2 table completed_valid t=0.0s
[     13s] main 30b c6566 ic_m4 known_null_sub table completed_valid t=0.0s
[     13s] main 30b c6566 ic_m4 planted_sub table completed_valid t=0.0s
[     13s] main 30b c6566 ic_m4 small_x_offset table completed_valid t=0.0s
[     13s] main 30b c6567 ic_m4 subgroup table completed_valid t=0.0s
[     13s] main 30b c6567 ic_m4 small_x table completed_valid t=0.0s
[     13s] main 30b c6567 ic_m4 random_sub_r0 table completed_valid t=0.0s
[     13s] main 30b c6567 ic_m4 random_sub_r1 table completed_valid t=0.0s
[     13s] main 30b c6567 ic_m4 random_sub_r2 table completed_valid t=0.0s
[     13s] main 30b c6567 ic_m4 known_null_sub table completed_valid t=0.0s
[     13s] main 30b c6567 ic_m4 planted_sub table completed_valid t=0.0s
[     13s] main 30b c6567 ic_m4 small_x_offset table completed_valid t=0.0s
[     13s] main 30b c6568 ic_m4 subgroup table completed_valid t=0.0s
[     13s] main 30b c6568 ic_m4 small_x table completed_valid t=0.0s
[     13s] main 30b c6568 ic_m4 random_sub_r0 table completed_valid t=0.0s
[     13s] main 30b c6568 ic_m4 random_sub_r1 table completed_valid t=0.0s
[     13s] main 30b c6568 ic_m4 random_sub_r2 table completed_valid t=0.0s
[     13s] main 30b c6568 ic_m4 known_null_sub table completed_valid t=0.0s
[     13s] main 30b c6568 ic_m4 planted_sub table completed_valid t=0.0s
[     13s] main 30b c6568 ic_m4 small_x_offset table completed_valid t=0.0s
[     14s] main 30b c6569 ic_m4 subgroup table completed_valid t=0.0s
[     14s] main 30b c6569 ic_m4 small_x table completed_valid t=0.0s
[     14s] main 30b c6569 ic_m4 random_sub_r0 table completed_valid t=0.0s
[     14s] main 30b c6569 ic_m4 random_sub_r1 table completed_valid t=0.0s
[     14s] main 30b c6569 ic_m4 random_sub_r2 table completed_valid t=0.0s
[     14s] main 30b c6569 ic_m4 known_null_sub table completed_valid t=0.0s
[     14s] main 30b c6569 ic_m4 planted_sub table completed_valid t=0.0s
[     14s] main 30b c6569 ic_m4 small_x_offset table completed_valid t=0.0s
[     14s] main 30b c6570 ic_m4 subgroup table completed_valid t=0.0s
[     14s] main 30b c6570 ic_m4 small_x table completed_valid t=0.0s
[     14s] main 30b c6570 ic_m4 random_sub_r0 table completed_valid t=0.0s
[     14s] main 30b c6570 ic_m4 random_sub_r1 table completed_valid t=0.0s
[     14s] main 30b c6570 ic_m4 random_sub_r2 table completed_valid t=0.0s
[     14s] main 30b c6570 ic_m4 known_null_sub table completed_valid t=0.0s
[     14s] main 30b c6570 ic_m4 planted_sub table completed_valid t=0.0s
[     14s] main 30b c6570 ic_m4 small_x_offset table completed_valid t=0.0s
[     14s] main 30b c6571 ic_m4 subgroup table completed_valid t=0.0s
[     14s] main 30b c6571 ic_m4 small_x table completed_valid t=0.0s
[     14s] main 30b c6571 ic_m4 random_sub_r0 table completed_valid t=0.0s
[     14s] main 30b c6571 ic_m4 random_sub_r1 table completed_valid t=0.0s
[     14s] main 30b c6571 ic_m4 random_sub_r2 table completed_valid t=0.0s
[     14s] main 30b c6571 ic_m4 known_null_sub table completed_valid t=0.0s
[     14s] main 30b c6571 ic_m4 planted_sub table completed_valid t=0.0s
[     14s] main 30b c6571 ic_m4 small_x_offset table completed_valid t=0.0s
[     14s] main 30b c6572 ic_m4 subgroup table completed_valid t=0.0s
[     14s] main 30b c6572 ic_m4 small_x table completed_valid t=0.0s
[     14s] main 30b c6572 ic_m4 random_sub_r0 table completed_valid t=0.0s
[     14s] main 30b c6572 ic_m4 random_sub_r1 table completed_valid t=0.0s
[     14s] main 30b c6572 ic_m4 random_sub_r2 table completed_valid t=0.0s
[     14s] main 30b c6572 ic_m4 known_null_sub table completed_valid t=0.0s
[     14s] main 30b c6572 ic_m4 planted_sub table completed_valid t=0.0s
[     14s] main 30b c6572 ic_m4 small_x_offset table completed_valid t=0.0s
[     15s] main 30b c6573 ic_m4 subgroup table completed_valid t=0.0s
[     15s] main 30b c6573 ic_m4 small_x table completed_valid t=0.0s
[     15s] main 30b c6573 ic_m4 random_sub_r0 table completed_valid t=0.0s
[     15s] main 30b c6573 ic_m4 random_sub_r1 table completed_valid t=0.0s
[     15s] main 30b c6573 ic_m4 random_sub_r2 table completed_valid t=0.0s
[     15s] main 30b c6573 ic_m4 known_null_sub table completed_valid t=0.0s
[     15s] main 30b c6573 ic_m4 planted_sub table completed_valid t=0.0s
[     15s] main 30b c6573 ic_m4 small_x_offset table completed_valid t=0.0s
[     15s] main 30b c6574 ic_m4 subgroup table completed_valid t=0.0s
[     15s] main 30b c6574 ic_m4 small_x table completed_valid t=0.0s
[     15s] main 30b c6574 ic_m4 random_sub_r0 table completed_valid t=0.0s
[     15s] main 30b c6574 ic_m4 random_sub_r1 table completed_valid t=0.0s
[     15s] main 30b c6574 ic_m4 random_sub_r2 table completed_valid t=0.0s
[     15s] main 30b c6574 ic_m4 known_null_sub table completed_valid t=0.0s
[     15s] main 30b c6574 ic_m4 planted_sub table completed_valid t=0.0s
[     15s] main 30b c6574 ic_m4 small_x_offset table completed_valid t=0.0s
[     15s] main 30b c6575 ic_m4 subgroup table completed_valid t=0.0s
[     15s] main 30b c6575 ic_m4 small_x table completed_valid t=0.0s
[     15s] main 30b c6575 ic_m4 random_sub_r0 table completed_valid t=0.0s
[     15s] main 30b c6575 ic_m4 random_sub_r1 table completed_valid t=0.0s
[     15s] main 30b c6575 ic_m4 random_sub_r2 table completed_valid t=0.0s
[     15s] main 30b c6575 ic_m4 known_null_sub table completed_valid t=0.0s
[     15s] main 30b c6575 ic_m4 planted_sub table completed_valid t=0.0s
[     15s] main 30b c6575 ic_m4 small_x_offset table completed_valid t=0.0s
[     15s] main 30b c6576 ic_m4 subgroup table completed_valid t=0.0s
[     15s] main 30b c6576 ic_m4 small_x table completed_valid t=0.0s
[     15s] main 30b c6576 ic_m4 random_sub_r0 table completed_valid t=0.0s
[     15s] main 30b c6576 ic_m4 random_sub_r1 table completed_valid t=0.0s
[     15s] main 30b c6576 ic_m4 random_sub_r2 table completed_valid t=0.0s
[     15s] main 30b c6576 ic_m4 known_null_sub table completed_valid t=0.0s
[     15s] main 30b c6576 ic_m4 planted_sub table completed_valid t=0.0s
[     15s] main 30b c6576 ic_m4 small_x_offset table completed_valid t=0.0s
[     16s] main 30b c6577 ic_m4 subgroup table completed_valid t=0.0s
[     16s] main 30b c6577 ic_m4 small_x table completed_valid t=0.0s
[     16s] main 30b c6577 ic_m4 random_sub_r0 table completed_valid t=0.0s
[     16s] main 30b c6577 ic_m4 random_sub_r1 table completed_valid t=0.0s
[     16s] main 30b c6577 ic_m4 random_sub_r2 table completed_valid t=0.0s
[     16s] main 30b c6577 ic_m4 known_null_sub table completed_valid t=0.0s
[     16s] main 30b c6577 ic_m4 planted_sub table completed_valid t=0.0s
[     16s] main 30b c6577 ic_m4 small_x_offset table completed_valid t=0.0s
[     16s] main 30b c6578 ic_m4 subgroup table completed_valid t=0.0s
[     16s] main 30b c6578 ic_m4 small_x table completed_valid t=0.0s
[     16s] main 30b c6578 ic_m4 random_sub_r0 table completed_valid t=0.0s
[     16s] main 30b c6578 ic_m4 random_sub_r1 table completed_valid t=0.0s
[     16s] main 30b c6578 ic_m4 random_sub_r2 table completed_valid t=0.0s
[     16s] main 30b c6578 ic_m4 known_null_sub table completed_valid t=0.0s
[     16s] main 30b c6578 ic_m4 planted_sub table completed_valid t=0.0s
[     16s] main 30b c6578 ic_m4 small_x_offset table completed_valid t=0.0s
[     16s] main 30b c6579 ic_m4 subgroup table completed_valid t=0.0s
[     16s] main 30b c6579 ic_m4 small_x table completed_valid t=0.0s
[     16s] main 30b c6579 ic_m4 random_sub_r0 table completed_valid t=0.0s
[     16s] main 30b c6579 ic_m4 random_sub_r1 table completed_valid t=0.0s
[     16s] main 30b c6579 ic_m4 random_sub_r2 table completed_valid t=0.0s
[     16s] main 30b c6579 ic_m4 known_null_sub table completed_valid t=0.0s
[     16s] main 30b c6579 ic_m4 planted_sub table completed_valid t=0.0s
[     16s] main 30b c6579 ic_m4 small_x_offset table completed_valid t=0.0s
[     17s] main 30b c6580 ic_m4 subgroup table completed_valid t=0.0s
[     17s] main 30b c6580 ic_m4 small_x table completed_valid t=0.0s
[     17s] main 30b c6580 ic_m4 random_sub_r0 table completed_valid t=0.0s
[     17s] main 30b c6580 ic_m4 random_sub_r1 table completed_valid t=0.0s
[     17s] main 30b c6580 ic_m4 random_sub_r2 table completed_valid t=0.0s
[     17s] main 30b c6580 ic_m4 known_null_sub table completed_valid t=0.0s
[     17s] main 30b c6580 ic_m4 planted_sub table completed_valid t=0.0s
[     17s] main 30b c6580 ic_m4 small_x_offset table completed_valid t=0.0s
[     17s] main 30b c6581 ic_m4 subgroup table completed_valid t=0.0s
[     17s] main 30b c6581 ic_m4 small_x table completed_valid t=0.0s
[     17s] main 30b c6581 ic_m4 random_sub_r0 table completed_valid t=0.0s
[     17s] main 30b c6581 ic_m4 random_sub_r1 table completed_valid t=0.0s
[     17s] main 30b c6581 ic_m4 random_sub_r2 table completed_valid t=0.0s
[     17s] main 30b c6581 ic_m4 known_null_sub table completed_valid t=0.0s
[     17s] main 30b c6581 ic_m4 planted_sub table completed_valid t=0.0s
[     17s] main 30b c6581 ic_m4 small_x_offset table completed_valid t=0.0s
[     17s] main 30b c6582 ic_m4 subgroup table completed_valid t=0.0s
[     17s] main 30b c6582 ic_m4 small_x table completed_valid t=0.0s
[     17s] main 30b c6582 ic_m4 random_sub_r0 table completed_valid t=0.0s
[     17s] main 30b c6582 ic_m4 random_sub_r1 table completed_valid t=0.0s
[     17s] main 30b c6582 ic_m4 random_sub_r2 table completed_valid t=0.0s
[     17s] main 30b c6582 ic_m4 known_null_sub table completed_valid t=0.0s
[     17s] main 30b c6582 ic_m4 planted_sub table completed_valid t=0.0s
[     17s] main 30b c6582 ic_m4 small_x_offset table completed_valid t=0.0s
[     17s] main 30b c6583 ic_m4 subgroup table completed_valid t=0.0s
[     17s] main 30b c6583 ic_m4 small_x table completed_valid t=0.0s
[     17s] main 30b c6583 ic_m4 random_sub_r0 table completed_valid t=0.0s
[     17s] main 30b c6583 ic_m4 random_sub_r1 table completed_valid t=0.0s
[     17s] main 30b c6583 ic_m4 random_sub_r2 table completed_valid t=0.0s
[     17s] main 30b c6583 ic_m4 known_null_sub table completed_valid t=0.0s
[     17s] main 30b c6583 ic_m4 planted_sub table completed_valid t=0.0s
[     17s] main 30b c6583 ic_m4 small_x_offset table completed_valid t=0.0s
[     17s] main 30b c6584 ic_m4 subgroup table completed_valid t=0.0s
[     17s] main 30b c6584 ic_m4 small_x table completed_valid t=0.0s
[     17s] main 30b c6584 ic_m4 random_sub_r0 table completed_valid t=0.0s
[     17s] main 30b c6584 ic_m4 random_sub_r1 table completed_valid t=0.0s
[     17s] main 30b c6584 ic_m4 random_sub_r2 table completed_valid t=0.0s
[     17s] main 30b c6584 ic_m4 known_null_sub table completed_valid t=0.0s
[     17s] main 30b c6584 ic_m4 planted_sub table completed_valid t=0.0s
[     17s] main 30b c6584 ic_m4 small_x_offset table completed_valid t=0.0s
[     18s] main 30b c6585 ic_m4 subgroup table completed_valid t=0.0s
[     18s] main 30b c6585 ic_m4 small_x table completed_valid t=0.0s
[     18s] main 30b c6585 ic_m4 random_sub_r0 table completed_valid t=0.0s
[     18s] main 30b c6585 ic_m4 random_sub_r1 table completed_valid t=0.0s
[     18s] main 30b c6585 ic_m4 random_sub_r2 table completed_valid t=0.0s
[     18s] main 30b c6585 ic_m4 known_null_sub table completed_valid t=0.0s
[     18s] main 30b c6585 ic_m4 planted_sub table completed_valid t=0.0s
[     18s] main 30b c6585 ic_m4 small_x_offset table completed_valid t=0.0s
[     18s] main 30b c6586 ic_m4 subgroup table completed_valid t=0.0s
[     18s] main 30b c6586 ic_m4 small_x table completed_valid t=0.0s
[     18s] main 30b c6586 ic_m4 random_sub_r0 table completed_valid t=0.0s
[     18s] main 30b c6586 ic_m4 random_sub_r1 table completed_valid t=0.0s
[     18s] main 30b c6586 ic_m4 random_sub_r2 table completed_valid t=0.0s
[     18s] main 30b c6586 ic_m4 known_null_sub table completed_valid t=0.0s
[     18s] main 30b c6586 ic_m4 planted_sub table completed_valid t=0.0s
[     18s] main 30b c6586 ic_m4 small_x_offset table completed_valid t=0.0s
[     18s] main 30b c6587 ic_m4 subgroup table completed_valid t=0.0s
[     18s] main 30b c6587 ic_m4 small_x table completed_valid t=0.0s
[     18s] main 30b c6587 ic_m4 random_sub_r0 table completed_valid t=0.0s
[     18s] main 30b c6587 ic_m4 random_sub_r1 table completed_valid t=0.0s
[     18s] main 30b c6587 ic_m4 random_sub_r2 table completed_valid t=0.0s
[     18s] main 30b c6587 ic_m4 known_null_sub table completed_valid t=0.0s
[     18s] main 30b c6587 ic_m4 planted_sub table completed_valid t=0.0s
[     18s] main 30b c6587 ic_m4 small_x_offset table completed_valid t=0.0s
[     19s] main 30b c6588 ic_m4 subgroup table completed_valid t=0.0s
[     19s] main 30b c6588 ic_m4 small_x table completed_valid t=0.0s
[     19s] main 30b c6588 ic_m4 random_sub_r0 table completed_valid t=0.0s
[     19s] main 30b c6588 ic_m4 random_sub_r1 table completed_valid t=0.0s
[     19s] main 30b c6588 ic_m4 random_sub_r2 table completed_valid t=0.0s
[     19s] main 30b c6588 ic_m4 known_null_sub table completed_valid t=0.0s
[     19s] main 30b c6588 ic_m4 planted_sub table completed_valid t=0.0s
[     19s] main 30b c6588 ic_m4 small_x_offset table completed_valid t=0.0s
[     19s] main 30b c6589 ic_m4 subgroup table completed_valid t=0.0s
[     19s] main 30b c6589 ic_m4 small_x table completed_valid t=0.0s
[     19s] main 30b c6589 ic_m4 random_sub_r0 table completed_valid t=0.0s
[     19s] main 30b c6589 ic_m4 random_sub_r1 table completed_valid t=0.0s
[     19s] main 30b c6589 ic_m4 random_sub_r2 table completed_valid t=0.0s
[     19s] main 30b c6589 ic_m4 known_null_sub table completed_valid t=0.0s
[     19s] main 30b c6589 ic_m4 planted_sub table completed_valid t=0.0s
[     19s] main 30b c6589 ic_m4 small_x_offset table completed_valid t=0.0s
[     19s] main 30b c6590 ic_m4 subgroup table completed_valid t=0.0s
[     19s] main 30b c6590 ic_m4 small_x table completed_valid t=0.0s
[     19s] main 30b c6590 ic_m4 random_sub_r0 table completed_valid t=0.0s
[     19s] main 30b c6590 ic_m4 random_sub_r1 table completed_valid t=0.0s
[     19s] main 30b c6590 ic_m4 random_sub_r2 table completed_valid t=0.0s
[     19s] main 30b c6590 ic_m4 known_null_sub table completed_valid t=0.0s
[     19s] main 30b c6590 ic_m4 planted_sub table completed_valid t=0.0s
[     19s] main 30b c6590 ic_m4 small_x_offset table completed_valid t=0.0s
[     19s] main 30b c6591 ic_m4 subgroup table completed_valid t=0.0s
[     19s] main 30b c6591 ic_m4 small_x table completed_valid t=0.0s
[     19s] main 30b c6591 ic_m4 random_sub_r0 table completed_valid t=0.0s
[     19s] main 30b c6591 ic_m4 random_sub_r1 table completed_valid t=0.0s
[     19s] main 30b c6591 ic_m4 random_sub_r2 table completed_valid t=0.0s
[     19s] main 30b c6591 ic_m4 known_null_sub table completed_valid t=0.0s
[     19s] main 30b c6591 ic_m4 planted_sub table completed_valid t=0.0s
[     19s] main 30b c6591 ic_m4 small_x_offset table completed_valid t=0.0s
[     19s] main 30b c6592 ic_m4 subgroup table completed_valid t=0.0s
[     19s] main 30b c6592 ic_m4 small_x table completed_valid t=0.0s
[     19s] main 30b c6592 ic_m4 random_sub_r0 table completed_valid t=0.0s
[     19s] main 30b c6592 ic_m4 random_sub_r1 table completed_valid t=0.0s
[     19s] main 30b c6592 ic_m4 random_sub_r2 table completed_valid t=0.0s
[     19s] main 30b c6592 ic_m4 known_null_sub table completed_valid t=0.0s
[     19s] main 30b c6592 ic_m4 planted_sub table completed_valid t=0.0s
[     19s] main 30b c6592 ic_m4 small_x_offset table completed_valid t=0.0s
[     20s] main 30b c6593 ic_m4 subgroup table completed_valid t=0.0s
[     20s] main 30b c6593 ic_m4 small_x table completed_valid t=0.0s
[     20s] main 30b c6593 ic_m4 random_sub_r0 table completed_valid t=0.0s
[     20s] main 30b c6593 ic_m4 random_sub_r1 table completed_valid t=0.0s
[     20s] main 30b c6593 ic_m4 random_sub_r2 table completed_valid t=0.0s
[     20s] main 30b c6593 ic_m4 known_null_sub table completed_valid t=0.0s
[     20s] main 30b c6593 ic_m4 planted_sub table completed_valid t=0.0s
[     20s] main 30b c6593 ic_m4 small_x_offset table completed_valid t=0.0s
[     20s] main 30b c6594 ic_m4 subgroup table completed_valid t=0.0s
[     20s] main 30b c6594 ic_m4 small_x table completed_valid t=0.0s
[     20s] main 30b c6594 ic_m4 random_sub_r0 table completed_valid t=0.0s
[     20s] main 30b c6594 ic_m4 random_sub_r1 table completed_valid t=0.0s
[     20s] main 30b c6594 ic_m4 random_sub_r2 table completed_valid t=0.0s
[     20s] main 30b c6594 ic_m4 known_null_sub table completed_valid t=0.0s
[     20s] main 30b c6594 ic_m4 planted_sub table completed_valid t=0.0s
[     20s] main 30b c6594 ic_m4 small_x_offset table completed_valid t=0.0s
[     20s] main 30b c6595 ic_m4 subgroup table completed_valid t=0.0s
[     20s] main 30b c6595 ic_m4 small_x table completed_valid t=0.0s
[     20s] main 30b c6595 ic_m4 random_sub_r0 table completed_valid t=0.0s
[     20s] main 30b c6595 ic_m4 random_sub_r1 table completed_valid t=0.0s
[     20s] main 30b c6595 ic_m4 random_sub_r2 table completed_valid t=0.0s
[     20s] main 30b c6595 ic_m4 known_null_sub table completed_valid t=0.0s
[     20s] main 30b c6595 ic_m4 planted_sub table completed_valid t=0.0s
[     20s] main 30b c6595 ic_m4 small_x_offset table completed_valid t=0.0s
[     20s] main 30b c6596 ic_m4 subgroup table completed_valid t=0.0s
[     20s] main 30b c6596 ic_m4 small_x table completed_valid t=0.0s
[     20s] main 30b c6596 ic_m4 random_sub_r0 table completed_valid t=0.0s
[     20s] main 30b c6596 ic_m4 random_sub_r1 table completed_valid t=0.0s
[     20s] main 30b c6596 ic_m4 random_sub_r2 table completed_valid t=0.0s
[     20s] main 30b c6596 ic_m4 known_null_sub table completed_valid t=0.0s
[     20s] main 30b c6596 ic_m4 planted_sub table completed_valid t=0.0s
[     20s] main 30b c6596 ic_m4 small_x_offset table completed_valid t=0.0s
[     20s] main 30b c6597 ic_m4 subgroup table completed_valid t=0.0s
[     20s] main 30b c6597 ic_m4 small_x table completed_valid t=0.0s
[     20s] main 30b c6597 ic_m4 random_sub_r0 table completed_valid t=0.0s
[     20s] main 30b c6597 ic_m4 random_sub_r1 table completed_valid t=0.0s
[     20s] main 30b c6597 ic_m4 random_sub_r2 table completed_valid t=0.0s
[     20s] main 30b c6597 ic_m4 known_null_sub table completed_valid t=0.0s
[     20s] main 30b c6597 ic_m4 planted_sub table completed_valid t=0.0s
[     20s] main 30b c6597 ic_m4 small_x_offset table completed_valid t=0.0s
[     21s] main 30b c6598 ic_m4 subgroup table completed_valid t=0.0s
[     21s] main 30b c6598 ic_m4 small_x table completed_valid t=0.0s
[     21s] main 30b c6598 ic_m4 random_sub_r0 table completed_valid t=0.0s
[     21s] main 30b c6598 ic_m4 random_sub_r1 table completed_valid t=0.0s
[     21s] main 30b c6598 ic_m4 random_sub_r2 table completed_valid t=0.0s
[     21s] main 30b c6598 ic_m4 known_null_sub table completed_valid t=0.0s
[     21s] main 30b c6598 ic_m4 planted_sub table completed_valid t=0.0s
[     21s] main 30b c6598 ic_m4 small_x_offset table completed_valid t=0.0s
[     21s] main 30b c6599 ic_m4 subgroup table completed_valid t=0.0s
[     21s] main 30b c6599 ic_m4 small_x table completed_valid t=0.0s
[     21s] main 30b c6599 ic_m4 random_sub_r0 table completed_valid t=0.0s
[     21s] main 30b c6599 ic_m4 random_sub_r1 table completed_valid t=0.0s
[     21s] main 30b c6599 ic_m4 random_sub_r2 table completed_valid t=0.0s
[     21s] main 30b c6599 ic_m4 known_null_sub table completed_valid t=0.0s
[     21s] main 30b c6599 ic_m4 planted_sub table completed_valid t=0.0s
[     21s] main 30b c6599 ic_m4 small_x_offset table completed_valid t=0.0s
[     21s] main 30b c6600 ic_m4 subgroup table completed_valid t=0.0s
[     21s] main 30b c6600 ic_m4 small_x table completed_valid t=0.0s
[     21s] main 30b c6600 ic_m4 random_sub_r0 table completed_valid t=0.0s
[     21s] main 30b c6600 ic_m4 random_sub_r1 table completed_valid t=0.0s
[     21s] main 30b c6600 ic_m4 random_sub_r2 table completed_valid t=0.0s
[     21s] main 30b c6600 ic_m4 known_null_sub table completed_valid t=0.0s
[     21s] main 30b c6600 ic_m4 planted_sub table completed_valid t=0.0s
[     21s] main 30b c6600 ic_m4 small_x_offset table completed_valid t=0.0s
[     21s] main 30b c6601 ic_m4 subgroup table completed_valid t=0.0s
[     21s] main 30b c6601 ic_m4 small_x table completed_valid t=0.0s
[     21s] main 30b c6601 ic_m4 random_sub_r0 table completed_valid t=0.0s
[     21s] main 30b c6601 ic_m4 random_sub_r1 table completed_valid t=0.0s
[     21s] main 30b c6601 ic_m4 random_sub_r2 table completed_valid t=0.0s
[     21s] main 30b c6601 ic_m4 known_null_sub table completed_valid t=0.0s
[     21s] main 30b c6601 ic_m4 planted_sub table completed_valid t=0.0s
[     21s] main 30b c6601 ic_m4 small_x_offset table completed_valid t=0.0s
[     21s] main 30b c6602 ic_m4 subgroup table completed_valid t=0.0s
[     21s] main 30b c6602 ic_m4 small_x table completed_valid t=0.0s
[     21s] main 30b c6602 ic_m4 random_sub_r0 table completed_valid t=0.0s
[     21s] main 30b c6602 ic_m4 random_sub_r1 table completed_valid t=0.0s
[     21s] main 30b c6602 ic_m4 random_sub_r2 table completed_valid t=0.0s
[     21s] main 30b c6602 ic_m4 known_null_sub table completed_valid t=0.0s
[     21s] main 30b c6602 ic_m4 planted_sub table completed_valid t=0.0s
[     21s] main 30b c6602 ic_m4 small_x_offset table completed_valid t=0.0s
[     22s] main 30b c6603 ic_m4 subgroup table completed_valid t=0.0s
[     22s] main 30b c6603 ic_m4 small_x table completed_valid t=0.0s
[     22s] main 30b c6603 ic_m4 random_sub_r0 table completed_valid t=0.0s
[     22s] main 30b c6603 ic_m4 random_sub_r1 table completed_valid t=0.0s
[     22s] main 30b c6603 ic_m4 random_sub_r2 table completed_valid t=0.0s
[     22s] main 30b c6603 ic_m4 known_null_sub table completed_valid t=0.0s
[     22s] main 30b c6603 ic_m4 planted_sub table completed_valid t=0.0s
[     22s] main 30b c6603 ic_m4 small_x_offset table completed_valid t=0.0s
[     22s] main 30b c6604 ic_m4 subgroup table completed_valid t=0.0s
[     22s] main 30b c6604 ic_m4 small_x table completed_valid t=0.0s
[     22s] main 30b c6604 ic_m4 random_sub_r0 table completed_valid t=0.0s
[     22s] main 30b c6604 ic_m4 random_sub_r1 table completed_valid t=0.0s
[     22s] main 30b c6604 ic_m4 random_sub_r2 table completed_valid t=0.0s
[     22s] main 30b c6604 ic_m4 known_null_sub table completed_valid t=0.0s
[     22s] main 30b c6604 ic_m4 planted_sub table completed_valid t=0.0s
[     22s] main 30b c6604 ic_m4 small_x_offset table completed_valid t=0.0s
[     22s] main 30b c6605 ic_m4 subgroup table completed_valid t=0.0s
[     22s] main 30b c6605 ic_m4 small_x table completed_valid t=0.0s
[     22s] main 30b c6605 ic_m4 random_sub_r0 table completed_valid t=0.0s
[     22s] main 30b c6605 ic_m4 random_sub_r1 table completed_valid t=0.0s
[     22s] main 30b c6605 ic_m4 random_sub_r2 table completed_valid t=0.0s
[     22s] main 30b c6605 ic_m4 known_null_sub table completed_valid t=0.0s
[     22s] main 30b c6605 ic_m4 planted_sub table completed_valid t=0.0s
[     22s] main 30b c6605 ic_m4 small_x_offset table completed_valid t=0.0s
[     22s] main 30b c6606 ic_m4 subgroup table completed_valid t=0.0s
[     22s] main 30b c6606 ic_m4 small_x table completed_valid t=0.0s
[     22s] main 30b c6606 ic_m4 random_sub_r0 table completed_valid t=0.0s
[     22s] main 30b c6606 ic_m4 random_sub_r1 table completed_valid t=0.0s
[     22s] main 30b c6606 ic_m4 random_sub_r2 table completed_valid t=0.0s
[     22s] main 30b c6606 ic_m4 known_null_sub table completed_valid t=0.0s
[     22s] main 30b c6606 ic_m4 planted_sub table completed_valid t=0.0s
[     22s] main 30b c6606 ic_m4 small_x_offset table completed_valid t=0.0s
[     23s] main 30b c6607 ic_m4 subgroup table completed_valid t=0.0s
[     23s] main 30b c6607 ic_m4 small_x table completed_valid t=0.0s
[     23s] main 30b c6607 ic_m4 random_sub_r0 table completed_valid t=0.0s
[     23s] main 30b c6607 ic_m4 random_sub_r1 table completed_valid t=0.0s
[     23s] main 30b c6607 ic_m4 random_sub_r2 table completed_valid t=0.0s
[     23s] main 30b c6607 ic_m4 known_null_sub table completed_valid t=0.0s
[     23s] main 30b c6607 ic_m4 planted_sub table completed_valid t=0.0s
[     23s] main 30b c6607 ic_m4 small_x_offset table completed_valid t=0.0s
[     23s] main 30b c6608 ic_m4 subgroup table completed_valid t=0.0s
[     23s] main 30b c6608 ic_m4 small_x table completed_valid t=0.0s
[     23s] main 30b c6608 ic_m4 random_sub_r0 table completed_valid t=0.0s
[     23s] main 30b c6608 ic_m4 random_sub_r1 table completed_valid t=0.0s
[     23s] main 30b c6608 ic_m4 random_sub_r2 table completed_valid t=0.0s
[     23s] main 30b c6608 ic_m4 known_null_sub table completed_valid t=0.0s
[     23s] main 30b c6608 ic_m4 planted_sub table completed_valid t=0.0s
[     23s] main 30b c6608 ic_m4 small_x_offset table completed_valid t=0.0s
[     23s] main 30b c6609 ic_m4 subgroup table completed_valid t=0.0s
[     23s] main 30b c6609 ic_m4 small_x table completed_valid t=0.0s
[     23s] main 30b c6609 ic_m4 random_sub_r0 table completed_valid t=0.0s
[     23s] main 30b c6609 ic_m4 random_sub_r1 table completed_valid t=0.0s
[     23s] main 30b c6609 ic_m4 random_sub_r2 table completed_valid t=0.0s
[     23s] main 30b c6609 ic_m4 known_null_sub table completed_valid t=0.0s
[     23s] main 30b c6609 ic_m4 planted_sub table completed_valid t=0.0s
[     23s] main 30b c6609 ic_m4 small_x_offset table completed_valid t=0.0s
