{
  "fixture_pass": true,
  "real_weight_pass": true,
  "known_false_omit_sylvester_pass": true,
  "reject_invalid_pass": true,
  "null_zero_pass": true,
  "REAL": {
    "id": "REAL",
    "W": {
      "3": 4,
      "4": 12,
      "5": 32,
      "6": 80
    },
    "closed_form": {
      "3": 4,
      "4": 12,
      "5": 32,
      "6": 80
    },
    "W_6_alt": 80
  },
  "KF": {
    "id": "KF",
    "omit_sylvester_term": true,
    "W_4": 16
  },
  "NULL": {
    "id": "NULL",
    "kind": "zero_sequence",
    "W": {
      "3": 0,
      "4": 0,
      "5": 0,
      "6": 0
    },
    "rejected_as_collapse": true
  }
}
