=== PHASE (a): BISECTION (isolated LLL step, d=512 beta=40) ===
{
  "seed_root": 715923,
  "bisection_d": 512,
  "bisection_beta": 40,
  "expected_seed_used": 2074339090,
  "lo_known_failing": 65,
  "hi_known_succeeding": 100,
  "bisection_budget_seconds": 3600,
  "bisection_wall_clock_seconds": 2662.763025999069,
  "endpoint_reproduction_ok": true,
  "invalidation_note": null,
  "trials": [
    {
      "mpfr_bits": 65,
      "subprocess_wall_clock_seconds": 371.29797768592834,
      "subprocess_timed_out": false,
      "subprocess_returncode": 0,
      "d": 512,
      "beta": 40,
      "level": "isolated_lll_step",
      "seed_used": 2074339090,
      "outer_lll_reduction_elapsed_seconds": 365.905061006546,
      "gso_float_type_used": "mpfr",
      "status": "ERROR",
      "error": "ReductionError: b'infinite loop in babai'",
      "traceback": "Traceback (most recent call last):\n  File \"/home/user/crypto-autoresearcher/coordination/goals/GOAL-MLKEM-005/batches/BATCH-279acb/tasks/TASK-20260815-6e4c02/stage0_d512_precision_bisection_and_reattempt.py\", line 141, in worker_bisect\n    lll_obj()\n  File \"src/fpylll/fplll/lll.pyx\", line 305, in fpylll.fplll.lll.LLLReduction.__call__\nfpylll.util.ReductionError: b'infinite loop in babai'\n"
    },
    {
      "mpfr_bits": 100,
      "subprocess_wall_clock_seconds": 372.26999855041504,
      "subprocess_timed_out": false,
      "subprocess_returncode": 0,
      "d": 512,
      "beta": 40,
      "level": "isolated_lll_step",
      "seed_used": 2074339090,
      "outer_lll_reduction_elapsed_seconds": 366.87495970726013,
      "gso_float_type_used": "mpfr",
      "inner_lll_obj_elapsed_seconds": 0.011375665664672852,
      "status": "COMPLETED"
    },
    {
      "mpfr_bits": 82,
      "subprocess_wall_clock_seconds": 372.280179977417,
      "subprocess_timed_out": false,
      "subprocess_returncode": 0,
      "d": 512,
      "beta": 40,
      "level": "isolated_lll_step",
      "seed_used": 2074339090,
      "outer_lll_reduction_elapsed_seconds": 366.9083912372589,
      "gso_float_type_used": "mpfr",
      "inner_lll_obj_elapsed_seconds": 0.010627031326293945,
      "status": "COMPLETED"
    },
    {
      "mpfr_bits": 73,
      "subprocess_wall_clock_seconds": 378.80224084854126,
      "subprocess_timed_out": false,
      "subprocess_returncode": 0,
      "d": 512,
      "beta": 40,
      "level": "isolated_lll_step",
      "seed_used": 2074339090,
      "outer_lll_reduction_elapsed_seconds": 373.30885219573975,
      "gso_float_type_used": "mpfr",
      "inner_lll_obj_elapsed_seconds": 0.17174148559570312,
      "status": "COMPLETED"
    },
    {
      "mpfr_bits": 69,
      "subprocess_wall_clock_seconds": 406.8898651599884,
      "subprocess_timed_out": false,
      "subprocess_returncode": 0,
      "d": 512,
      "beta": 40,
      "level": "isolated_lll_step",
      "seed_used": 2074339090,
      "outer_lll_reduction_elapsed_seconds": 401.21236658096313,
      "gso_float_type_used": "mpfr",
      "inner_lll_obj_elapsed_seconds": 0.21296405792236328,
      "status": "COMPLETED"
    },
    {
      "mpfr_bits": 67,
      "subprocess_wall_clock_seconds": 389.8992865085602,
      "subprocess_timed_out": false,
      "subprocess_returncode": 0,
      "d": 512,
      "beta": 40,
      "level": "isolated_lll_step",
      "seed_used": 2074339090,
      "outer_lll_reduction_elapsed_seconds": 384.4837143421173,
      "gso_float_type_used": "mpfr",
      "status": "ERROR",
      "error": "ReductionError: b'infinite loop in babai'",
      "traceback": "Traceback (most recent call last):\n  File \"/home/user/crypto-autoresearcher/coordination/goals/GOAL-MLKEM-005/batches/BATCH-279acb/tasks/TASK-20260815-6e4c02/stage0_d512_precision_bisection_and_reattempt.py\", line 141, in worker_bisect\n    lll_obj()\n  File \"src/fpylll/fplll/lll.pyx\", line 305, in fpylll.fplll.lll.LLLReduction.__call__\nfpylll.util.ReductionError: b'infinite loop in babai'\n"
    },
    {
      "mpfr_bits": 68,
      "subprocess_wall_clock_seconds": 371.31096482276917,
      "subprocess_timed_out": false,
      "subprocess_returncode": 0,
      "d": 512,
      "beta": 40,
      "level": "isolated_lll_step",
      "seed_used": 2074339090,
      "outer_lll_reduction_elapsed_seconds": 365.83944869041443,
      "gso_float_type_used": "mpfr",
      "status": "ERROR",
      "error": "ReductionError: b'infinite loop in babai'",
      "traceback": "Traceback (most recent call last):\n  File \"/home/user/crypto-autoresearcher/coordination/goals/GOAL-MLKEM-005/batches/BATCH-279acb/tasks/TASK-20260815-6e4c02/stage0_d512_precision_bisection_and_reattempt.py\", line 141, in worker_bisect\n    lll_obj()\n  File \"src/fpylll/fplll/lll.pyx\", line 305, in fpylll.fplll.lll.LLLReduction.__call__\nfpylll.util.ReductionError: b'infinite loop in babai'\n"
    }
  ],
  "determined_minimum_precision_bits": 69,
  "fallback_used": false,
  "fallback_precision_bits": null,
  "precision_used_for_reattempt": 69,
  "note": "Determined by 1-bit-resolution binary search between the known-failing (65 bits) and known-succeeding (100 bits) endpoints, both re-confirmed as trials before bisecting."
}
=== PHASE (b): d=512 MAIN-GRID REATTEMPT (precision=69 bits) ===
cell (d=512, beta=40): launching, cap=14400s, precision=69 bits
  -> ERROR (631.7s)
cell (d=512, beta=55): launching, cap=14400s, precision=69 bits
  -> ERROR (389.4s)
cell (d=512, beta=70): launching, cap=14400s, precision=69 bits
  -> ERROR (396.4s)
{
  "seed_root": 715923,
  "per_basis_feasibility_cap_v3_seconds": 14400,
  "overall_budget_seconds": 48000,
  "precision_used_bits": 69,
  "precision_source": "bisected_minimum",
  "construction": "GSO.Mat(A, float_type='mpfr'), NO flags=GSO.ROW_EXPO; FPLLL.set_precision(N) called BEFORE GSO.Mat construction; M.update_gso(); LLL.Reduction(M, flags=LLL.DEFAULT); BKZReduction(L)",
  "main_grid": [
    {
      "d": 512,
      "beta": 40,
      "mpfr_bits_used": 69,
      "cap_seconds": 14400,
      "subprocess_wall_clock_seconds": 631.7384552955627,
      "peak_rss_mb": 140.3359375,
      "subprocess_timed_out": false,
      "subprocess_returncode": 0,
      "mpfr_bits": 69,
      "construction": "corrected_mpfr_no_row_expo",
      "seed_used": 2074339090,
      "strategies_file_used": "/usr/share/libfplll8/strategies/default.json",
      "outer_lll_reduction_elapsed_seconds": 363.25054597854614,
      "gso_float_type_used": "mpfr",
      "status": "ERROR",
      "error": "ReductionError: b'infinite loop in babai'",
      "traceback": "Traceback (most recent call last):\n  File \"/home/user/crypto-autoresearcher/coordination/goals/GOAL-MLKEM-005/batches/BATCH-279acb/tasks/TASK-20260815-6e4c02/stage0_d512_precision_bisection_and_reattempt.py\", line 201, in worker_main_cell\n    bkz(par, tracer=True)\n  File \"/usr/local/lib/python3.11/dist-packages/fpylll/algorithms/bkz.py\", line 128, in __call__\n    clean = self.tour(params, min_row, max_row, tracer)\n            ^^^^^^^^^^^^^^^^^^^^^^^^^^^^^^^^^^^^^^^^^^^\n  File \"/usr/local/lib/python3.11/dist-packages/fpylll/algorithms/bkz.py\", line 162, in tour\n    clean &= self.svp_reduction(kappa, block_size, params, tracer)\n             ^^^^^^^^^^^^^^^^^^^^^^^^^^^^^^^^^^^^^^^^^^^^^^^^^^^^^\n  File \"/usr/local/lib/python3.11/dist-packages/fpylll/algorithms/bkz2.py\", line 105, in svp_reduction\n    self.svp_preprocessing(kappa, block_size, params, tracer=tracer)\n  File \"/usr/local/lib/python3.11/dist-packages/fpylll/algorithms/bkz2.py\", line 75, in svp_preprocessing\n    clean &= BKZBase.svp_preprocessing(self, kappa, block_size, params, tracer)\n             ^^^^^^^^^^^^^^^^^^^^^^^^^^^^^^^^^^^^^^^^^^^^^^^^^^^^^^^^^^^^^^^^^^\n  File \"/usr/local/lib/python3.11/dist-packages/fpylll/algorithms/bkz.py\", line 186, in svp_preprocessing\n    self.lll_obj(lll_start, lll_start, kappa + block_size)\n  File \"src/fpylll/fplll/lll.pyx\", line 305, in fpylll.fplll.lll.LLLReduction.__call__\nfpylll.util.ReductionError: b'infinite loop in babai'\n"
    },
    {
      "d": 512,
      "beta": 55,
      "mpfr_bits_used": 69,
      "cap_seconds": 14400,
      "subprocess_wall_clock_seconds": 389.3714919090271,
      "peak_rss_mb": 139.640625,
      "subprocess_timed_out": false,
      "subprocess_returncode": 0,
      "mpfr_bits": 69,
      "construction": "corrected_mpfr_no_row_expo",
      "seed_used": 452658293,
      "strategies_file_used": "/usr/share/libfplll8/strategies/default.json",
      "outer_lll_reduction_elapsed_seconds": 383.8173327445984,
      "gso_float_type_used": "mpfr",
      "status": "ERROR",
      "error": "ReductionError: b'infinite loop in babai'",
      "traceback": "Traceback (most recent call last):\n  File \"/home/user/crypto-autoresearcher/coordination/goals/GOAL-MLKEM-005/batches/BATCH-279acb/tasks/TASK-20260815-6e4c02/stage0_d512_precision_bisection_and_reattempt.py\", line 201, in worker_main_cell\n    bkz(par, tracer=True)\n  File \"/usr/local/lib/python3.11/dist-packages/fpylll/algorithms/bkz.py\", line 123, in __call__\n    self.lll_obj()\n  File \"src/fpylll/fplll/lll.pyx\", line 305, in fpylll.fplll.lll.LLLReduction.__call__\nfpylll.util.ReductionError: b'infinite loop in babai'\n"
    },
    {
      "d": 512,
      "beta": 70,
      "mpfr_bits_used": 69,
      "cap_seconds": 14400,
      "subprocess_wall_clock_seconds": 396.3516299724579,
      "peak_rss_mb": 139.6328125,
      "subprocess_timed_out": false,
      "subprocess_returncode": 0,
      "mpfr_bits": 69,
      "construction": "corrected_mpfr_no_row_expo",
      "seed_used": 915347894,
      "strategies_file_used": "/usr/share/libfplll8/strategies/default.json",
      "outer_lll_reduction_elapsed_seconds": 390.93063282966614,
      "gso_float_type_used": "mpfr",
      "status": "ERROR",
      "error": "ReductionError: b'infinite loop in babai'",
      "traceback": "Traceback (most recent call last):\n  File \"/home/user/crypto-autoresearcher/coordination/goals/GOAL-MLKEM-005/batches/BATCH-279acb/tasks/TASK-20260815-6e4c02/stage0_d512_precision_bisection_and_reattempt.py\", line 201, in worker_main_cell\n    bkz(par, tracer=True)\n  File \"/usr/local/lib/python3.11/dist-packages/fpylll/algorithms/bkz.py\", line 123, in __call__\n    self.lll_obj()\n  File \"src/fpylll/fplll/lll.pyx\", line 305, in fpylll.fplll.lll.LLLReduction.__call__\nfpylll.util.ReductionError: b'infinite loop in babai'\n"
    }
  ],
  "n_cells_completed": 0,
  "n_cells_not_computed_or_error": 3,
  "total_script_wall_clock_seconds": 4080.227349758148,
  "in_progress": false
}
