== euclid-inverter point addition ==
 E n=4   p=11           w=2   tof=17122        peak=111    0.01s
 E n=4   p=13           w=3   tof=17122        peak=111    0.01s
 E n=5   p=19           w=2   tof=25740        peak=137    0.02s
 E n=5   p=17           w=4   tof=25740        peak=137    0.02s
 E n=6   p=43           w=3   tof=36094        peak=163    0.03s
 E n=6   p=61           w=5   tof=36094        peak=163    0.03s
 E n=7   p=67           w=2   tof=48184        peak=189    0.05s
 E n=7   p=97           w=6   tof=48184        peak=189    0.04s
 E n=8   p=131          w=2   tof=62010        peak=215    0.05s
 E n=8   p=193          w=7   tof=62010        peak=215    0.05s
 E n=9   p=419          w=4   tof=77572        peak=241    0.06s
 E n=9   p=449          w=8   tof=77572        peak=241    0.06s
 E n=10  p=787          w=4   tof=94870        peak=267    0.06s
 E n=10  p=769          w=9   tof=94870        peak=267    0.06s
 E n=11  p=1811         w=5   tof=113904       peak=293    0.09s
 E n=11  p=2017         w=10  tof=113904       peak=293    0.10s
 E n=12  p=3907         w=6   tof=134674       peak=319    0.12s
 E n=12  p=4093         w=11  tof=134674       peak=319    0.10s
 E n=13  p=8069         w=8   tof=157180       peak=345    0.10s
 E n=13  p=7937         w=12  tof=157180       peak=345    0.10s
 E n=14  p=16139        w=8   tof=181422       peak=371    0.11s
 E n=14  p=16369        w=13  tof=181422       peak=371    0.11s
 E n=15  p=32579        w=9   tof=207400       peak=397    0.13s
 E n=15  p=32497        w=13  tof=207400       peak=397    0.14s
 E n=16  p=65287        w=10  tof=235114       peak=423    0.17s
 E n=16  p=65521        w=15  tof=235114       peak=423    0.16s
 E n=20  p=1048387      w=14  tof=363330       peak=527    0.24s
 E n=20  p=1048573      w=19  tof=363330       peak=527    0.26s
 E n=24  p=16777027     w=18  tof=519322       peak=631    0.38s
 E n=24  p=16776961     w=23  tof=519322       peak=631    0.32s
 E n=32  p=4294966667   w=26  tof=914634       peak=839    0.63s
 E n=32  p=4294966657   w=30  tof=914634       peak=839    0.60s
== fermat-inverter point addition (inherited baseline) ==
 F n=4   p=11           w=2   tof=13282        peak=49     0.01s
 F n=4   p=13           w=3   tof=16098        peak=53     0.01s
 F n=5   p=19           w=2   tof=24700        peak=65     0.02s
 F n=5   p=17           w=4   tof=29036        peak=70     0.03s
 F n=6   p=43           w=3   tof=47454        peak=89     0.04s
 F n=6   p=61           w=5   tof=59806        peak=101    0.05s
 F n=7   p=67           w=2   tof=63976        peak=103    0.05s
 F n=7   p=97           w=6   tof=97320        peak=131    0.08s
 F n=8   p=131          w=2   tof=93754        peak=125    0.07s
 F n=8   p=193          w=7   tof=147834       peak=165    0.11s
 F n=9   p=419          w=4   tof=158804       peak=167    0.13s
 F n=9   p=449          w=8   tof=213268       peak=203    0.18s
 F n=10  p=787          w=4   tof=211862       peak=195    0.20s
 F n=10  p=769          w=9   tof=295542       peak=245    0.23s
 F n=11  p=1811         w=5   tof=295696       peak=236    0.21s
 F n=11  p=2017         w=10  tof=396576       peak=291    0.30s
 F n=12  p=3907         w=6   tof=398610       peak=281    0.29s
 F n=12  p=4093         w=11  tof=518290       peak=341    0.45s
 F n=13  p=8069         w=8   tof=550540       peak=343    0.39s
 F n=13  p=7937         w=12  tof=662604       peak=395    0.46s
 F n=14  p=16139        w=8   tof=669358       peak=383    0.49s
 F n=14  p=16369        w=13  tof=831438       peak=453    0.64s
 F n=15  p=32579        w=9   tof=841032       peak=440    0.60s
 F n=15  p=32497        w=13  tof=989576       peak=500    0.75s
 F n=16  p=65287        w=10  tof=1039466      peak=501    0.81s
 F n=16  p=65521        w=15  tof=1250346      peak=581    0.94s
 F n=20  p=1048387      w=14  tof=2139202      peak=785    1.67s
 F n=20  p=1048573      w=19  tof=2466882      peak=885    2.00s
 F n=24  p=16777027     w=18  tof=3820698      peak=1133   2.92s
 F n=24  p=16776961     w=23  tof=4290778      peak=1253   3.22s
 F n=32  p=4294966667   w=26  tof=9420490      peak=2021   7.74s
 F n=32  p=4294966657   w=30  tof=10085834     peak=2149   8.13s
wrote /home/user/crypto-autoresearcher/coordination/goals/GOAL-QRE-001/batches/BATCH-d79a42/tasks/TASK-20260814-334157/baseline_comparison.json in 37.6s
