== euclid inverter ==
 n=4   p=11           w=2   toffoli=3776       peak=103    0.00s
 n=4   p=13           w=3   toffoli=3776       peak=103    0.00s
 n=5   p=19           w=2   toffoli=5680       peak=127    0.00s
 n=5   p=17           w=4   toffoli=5680       peak=127    0.00s
 n=6   p=43           w=3   toffoli=7968       peak=151    0.01s
 n=6   p=61           w=5   toffoli=7968       peak=151    0.01s
 n=7   p=67           w=2   toffoli=10640      peak=175    0.01s
 n=7   p=97           w=6   toffoli=10640      peak=175    0.01s
 n=8   p=131          w=2   toffoli=13696      peak=199    0.01s
 n=8   p=193          w=7   toffoli=13696      peak=199    0.01s
 n=9   p=419          w=4   toffoli=17136      peak=223    0.01s
 n=9   p=449          w=8   toffoli=17136      peak=223    0.01s
 n=10  p=787          w=4   toffoli=20960      peak=247    0.01s
 n=10  p=769          w=9   toffoli=20960      peak=247    0.01s
 n=11  p=1811         w=5   toffoli=25168      peak=271    0.02s
 n=11  p=2017         w=10  toffoli=25168      peak=271    0.02s
 n=12  p=3907         w=6   toffoli=29760      peak=295    0.02s
 n=12  p=4093         w=11  toffoli=29760      peak=295    0.02s
 n=13  p=8069         w=8   toffoli=34736      peak=319    0.03s
 n=13  p=7937         w=12  toffoli=34736      peak=319    0.02s
 n=14  p=16139        w=8   toffoli=40096      peak=343    0.03s
 n=14  p=16369        w=13  toffoli=40096      peak=343    0.03s
 n=16  p=65287        w=10  toffoli=51968      peak=391    0.04s
 n=16  p=65521        w=15  toffoli=51968      peak=391    0.04s
 n=18  p=261643       w=11  toffoli=65376      peak=439    0.04s
 n=18  p=261631       w=16  toffoli=65376      peak=439    0.05s
 n=20  p=1048387      w=14  toffoli=80320      peak=487    0.06s
 n=20  p=1048573      w=19  toffoli=80320      peak=487    0.06s
 n=22  p=4193803      w=15  toffoli=96800      peak=535    0.07s
 n=22  p=4194301      w=21  toffoli=96800      peak=535    0.07s
 n=24  p=16777027     w=18  toffoli=114816     peak=583    0.08s
 n=24  p=16776961     w=23  toffoli=114816     peak=583    0.08s
 n=28  p=268434979    w=21  toffoli=155456     peak=679    0.11s
 n=28  p=268434937    w=26  toffoli=155456     peak=679    0.11s
 n=32  p=4294966667   w=26  toffoli=202240     peak=775    0.16s
 n=32  p=4294966657   w=30  toffoli=202240     peak=775    0.17s
== fermat inverter (inherited, same instrument) ==
 n=4   p=11           w=2   toffoli=2816         peak=41       0.00s
 n=4   p=13           w=3   toffoli=3520         peak=45       0.00s
 n=5   p=19           w=2   toffoli=5420         peak=55       0.01s
 n=5   p=17           w=4   toffoli=6504         peak=60       0.01s
 n=6   p=43           w=3   toffoli=10808        peak=77       0.01s
 n=6   p=61           w=5   toffoli=13896        peak=89       0.01s
 n=7   p=67           w=2   toffoli=14588        peak=89       0.01s
 n=7   p=97           w=6   toffoli=22924        peak=117      0.02s
 n=8   p=131          w=2   toffoli=21632        peak=109      0.02s
 n=8   p=193          w=7   toffoli=35152        peak=149      0.03s
 n=9   p=419          w=4   toffoli=37444        peak=149      0.03s
 n=9   p=449          w=8   toffoli=51060        peak=185      0.04s
 n=10  p=787          w=4   toffoli=50208        peak=175      0.04s
 n=10  p=769          w=9   toffoli=71128        peak=225      0.06s
 n=11  p=1811         w=5   toffoli=70616        peak=214      0.06s
 n=11  p=2017         w=10  toffoli=95836        peak=269      0.08s
 n=12  p=3907         w=6   toffoli=95744        peak=257      0.08s
 n=12  p=4093         w=11  toffoli=125664       peak=317      0.11s
 n=13  p=8069         w=8   toffoli=133076       peak=317      0.11s
 n=13  p=7937         w=12  toffoli=161092       peak=369      0.13s
 n=14  p=16139        w=8   toffoli=162080       peak=355      0.14s
 n=14  p=16369        w=13  toffoli=202600       peak=425      0.18s
 n=16  p=65287        w=10  toffoli=253056       peak=469      0.23s
 n=16  p=65521        w=15  toffoli=305776       peak=549      0.28s
 n=18  p=261643       w=11  toffoli=359208       peak=581      0.31s
 n=18  p=261631       w=16  toffoli=425728       peak=671      0.39s
 n=20  p=1048387      w=14  toffoli=524288       peak=745      0.45s
 n=20  p=1048573      w=19  toffoli=606208       peak=845      0.57s
 n=22  p=4193803      w=15  toffoli=692440       peak=885      0.65s
 n=22  p=4194301      w=21  toffoli=811144       peak=1017     0.79s
 n=24  p=16777027     w=18  toffoli=940160       peak=1085     0.85s
 n=24  p=16776961     w=23  toffoli=1057680      peak=1205     0.95s
 n=28  p=268434979    w=21  toffoli=1499488      peak=1461     1.42s
 n=28  p=268434937    w=26  toffoli=1659008      peak=1601     1.55s
 n=32  p=4294966667   w=26  toffoli=2328704      peak=1957     2.20s
 n=32  p=4294966657   w=30  toffoli=2495040      peak=2085     2.38s
wrote /home/user/crypto-autoresearcher/coordination/goals/GOAL-QRE-001/batches/BATCH-d79a42/tasks/TASK-20260814-334157/inverter_counts.json in 15.63s
