== inverter, mutated ==
  inv n=4   p=11       tally_changed=False caught 9/10 (0.0s)
  inv n=4   p=13       tally_changed=False caught 11/12 (0.1s)
  inv n=5   p=19       tally_changed=False caught 18/18 (0.1s)
  inv n=5   p=17       tally_changed=False caught 16/16 (0.1s)
  inv n=6   p=43       tally_changed=False caught 41/42 (0.3s)
  inv n=6   p=61       tally_changed=False caught 59/60 (0.5s)
  inv n=7   p=67       tally_changed=False caught 66/66 (0.7s)
  inv n=7   p=97       tally_changed=False caught 96/96 (1.0s)
  inv n=8   p=131      tally_changed=False caught 129/130 (1.7s)
  inv n=8   p=193      tally_changed=False caught 192/192 (2.5s)
  inv n=9   p=419      tally_changed=False caught 417/418 (6.9s)
  inv n=9   p=449      tally_changed=False caught 446/448 (7.4s)
== point addition, mutated ==
  ec  n=4   p=11       tally_changed=False caught 4/6 (0.1s)
  ec  n=4   p=13       tally_changed=False caught 14/14 (0.3s)
  ec  n=5   p=19       tally_changed=False caught 15/15 (0.4s)
  ec  n=5   p=17       tally_changed=False caught 14/14 (0.4s)
  ec  n=6   p=43       tally_changed=False caught 48/50 (1.8s)
  ec  n=6   p=61       tally_changed=False caught 46/46 (1.6s)
  ec  n=7   p=67       tally_changed=False caught 74/76 (3.6s)
  ec  n=7   p=97       tally_changed=False caught 93/93 (4.0s)
wrote /home/user/crypto-autoresearcher/coordination/goals/GOAL-QRE-001/batches/BATCH-d79a42/tasks/TASK-20260814-334157/negative_control.json in 33.6s
