bits |   n    | L  | rho_ops(avg) | IC_decomp | IC_t(s) | IC_solved | rho_solved
----------------------------------------------------------------------------------------
  10 |   1201 | 11 |         44.0 |       935 |    0.20 |      True | True
  12 |   4021 | 16 |       3324.1 |      3547 |    0.30 |      True | True
  14 |  16453 | 25 |        153.4 |     14447 |    0.87 |      True | True
  16 |  65407 | 40 |        858.5 |     31346 |    2.76 |      True | True
  18 | 262543 | 64 |        558.8 |    132074 |   12.05 |     False | True

CONTROLS: IC recovered correct x at sizes [10, 12, 14, 16] ; rho solved at [10, 12, 14, 16, 18]

SCALING EXPONENTS (cost ~ n^alpha):
  IC   decomp-ops exponent  = 0.889   (dominant IC cost; + linalg ~ n^{2/3})
  rho  THEORY exponent      = 0.500   (sqrt(pi*n/2); textbook)
  rho  empirical exponent   = 0.259   (HIGH-VARIANCE at toy n; sanity only)

  IC_decomp / rho_theory ratio by size (bits: ratio):
     10:     21.5
     12:     44.6
     14:     89.9
     16:     97.8
     18:    205.7

  VERDICT: IC exponent 0.889 vs rho 0.5  =>  NO crossover; IC/rho gap GROWS as ~n^{0.39}

wrote round020_solvegate_result.json
exit 0
