[     38s] main 32b c40 ic_m5 subgroup search completed_valid t=3.6s
[     38s] main 32b c40 ic_m5 dickson search completed_valid t=3.4s
[     38s] main 32b c40 ic_m5 small_x search completed_valid t=3.2s
[     38s] main 32b c40 ic_m5 random_sub_r0 search completed_valid t=3.6s
[     38s] main 32b c40 ic_m5 random_sub_r1 search completed_valid t=3.6s
[     38s] main 32b c40 ic_m5 random_sub_r2 search completed_valid t=3.2s
[     38s] main 32b c40 ic_m5 known_null_sub search completed_valid t=3.3s
[     38s] main 32b c40 ic_m5 random_dick_r0 search completed_valid t=3.4s
[     38s] main 32b c40 ic_m5 random_dick_r1 search completed_valid t=3.2s
[     38s] main 32b c40 ic_m5 random_dick_r2 search completed_valid t=3.3s
[     38s] main 32b c40 ic_m5 known_null_dick search completed_valid t=3.5s
[     73s] main 32b c41 ic_m5 subgroup search completed_valid t=3.2s
[     73s] main 32b c41 ic_m5 dickson search completed_valid t=3.3s
[     73s] main 32b c41 ic_m5 small_x search completed_valid t=3.7s
[     73s] main 32b c41 ic_m5 random_sub_r0 search completed_valid t=3.3s
[     73s] main 32b c41 ic_m5 random_sub_r1 search completed_valid t=3.3s
[     73s] main 32b c41 ic_m5 random_sub_r2 search completed_valid t=3.0s
[     73s] main 32b c41 ic_m5 known_null_sub search completed_valid t=3.0s
[     73s] main 32b c41 ic_m5 random_dick_r0 search completed_valid t=3.3s
[     73s] main 32b c41 ic_m5 random_dick_r1 search completed_valid t=3.1s
[     73s] main 32b c41 ic_m5 random_dick_r2 search completed_valid t=3.2s
[     73s] main 32b c41 ic_m5 known_null_dick search completed_valid t=3.2s
