03:17:38 polynomial {'arm': 'S4', 'm': 4, 'p': 11, 'N_monomials': 495, 'support_nonzero_monomials': 495, 'sample_points': 1001, 'holdout_rows': 506, 'held_out_mismatches': 0, 'rank_ok': True, 'rref_rank': 495, 'deg_in_X': 8, 'construction': 'red-team harness: rref interpolation of gfpn5_core.S_poly_res over all multisets of F_11'}
03:17:38 truth gp: #E=160752 #FB=13 #S4=1288 #S2=84
ordG=80376 [0;31m[0;31m  ***   at top-level: ...[0;35m9,9,8,1];GY_=[9,4,7,7,1];[0;35mread("/home/user/cryp
[0;31m[0;31m  ***                                             ^---------------------
[0;31m  ***   in function read: ...[0;35my(S=mapget(S4,keys[t]),k=[0;35mellog(E,S,G));filewri
[0;31m[0;31m  ***                                                 ^---------------------
  ***   not a function in function call[0m
03:17:38 truth summary {'S4_points': 1288, 'S4_x_values': 644, 'S4_points_in_<G>': 0, 'S4_x_values_in_S2': 42, 'f_target_distribution': 0.0, 'f_global_S4_over_E': 0.008012341992634618}
03:17:40 witness check: nonvanishing 0 of 1288
03:17:42 target 0 D None wall 1.579 sols 0 rels 0 verified 0
03:17:44 target 1 D None wall 1.942 sols 0 rels 0 verified 0
03:17:46 target 2 D None wall 1.949 sols 0 rels 0 verified 0
03:17:47 target 3 D None wall 1.49 sols 0 rels 0 verified 0
03:17:49 target 4 D None wall 1.846 sols 0 rels 0 verified 0
03:17:51 target 5 D None wall 1.957 sols 0 rels 0 verified 0
03:17:53 target 6 D None wall 1.93 sols 0 rels 0 verified 0
03:17:55 target 7 D None wall 1.961 sols 0 rels 0 verified 0
03:17:57 target 8 D None wall 1.433 sols 0 rels 0 verified 0
03:17:59 target 9 D None wall 2.051 sols 0 rels 0 verified 0
03:18:01 target 10 D None wall 1.791 sols 0 rels 0 verified 0
03:18:03 target 11 D None wall 2.169 sols 0 rels 0 verified 0
03:18:06 target 12 D None wall 2.078 sols 0 rels 0 verified 0
03:18:07 target 13 D None wall 1.626 sols 0 rels 0 verified 0
03:18:11 target 14 D None wall 3.119 sols 0 rels 0 verified 0
03:18:12 target 15 D 1 wall 1.645 sols 1 rels 0 verified 0
03:18:14 target 16 D None wall 1.577 sols 0 rels 0 verified 0
03:18:16 target 17 D None wall 1.57 sols 0 rels 0 verified 0
03:18:17 target 18 D None wall 1.634 sols 0 rels 0 verified 0
03:18:20 target 19 D None wall 2.093 sols 0 rels 0 verified 0
03:18:22 target 20 D None wall 2.249 sols 0 rels 0 verified 0
03:18:24 target 21 D None wall 2.207 sols 0 rels 0 verified 0
03:18:27 target 22 D None wall 2.103 sols 0 rels 0 verified 0
03:18:29 target 23 D None wall 1.882 sols 0 rels 0 verified 0
03:18:31 target 24 D None wall 2.034 sols 0 rels 0 verified 0
03:18:33 target 25 D None wall 2.054 sols 0 rels 0 verified 0
03:18:35 target 26 D None wall 2.029 sols 0 rels 0 verified 0
03:18:37 target 27 D None wall 1.69 sols 0 rels 0 verified 0
03:18:39 target 28 D None wall 2.147 sols 0 rels 0 verified 0
03:18:41 target 29 D 1 wall 2.127 sols 1 rels 0 verified 0
03:18:44 target 30 D None wall 2.217 sols 0 rels 0 verified 0
03:18:45 target 31 D None wall 1.542 sols 0 rels 0 verified 0
