== m=163 a=1
  l'=45641 kron=1 ord(c)=40 k=20 kernel on TWIST over F_2^(163*20)  h(floor)=45640
  l'=82153 kron=1 ord(c)=126 k=63 kernel on TWIST over F_2^(163*63)  h(floor)=82152
  ord[l_11] by level [1, 45641, 82153, 3749545073]: 1 9128 10269 82152 
  ord[l_23] by level [1, 45641, 82153, 3749545073]: 1 22820 82152 100000 
  ord[l_29] by level [1, 45641, 82153, 3749545073]: 1 22820 41076 100000 
  ord[l_37] by level [1, 45641, 82153, 3749545073]: 1 45640 82152 100000 
  ord[l_43] by level [1, 45641, 82153, 3749545073]: 1 9128 1956 27384 
  ord[l_53] by level [1, 45641, 82153, 3749545073]: 1 45640 9128 45640 
  ord[l_67] by level [1, 45641, 82153, 3749545073]: 1 5705 82152 100000 
  ord[l_71] by level [1, 45641, 82153, 3749545073]: 1 45640 6846 100000 
  ord[l_79] by level [1, 45641, 82153, 3749545073]: 1 45640 41076 100000 
== m=109 a=1
  l'=3271 kron=1 ord(c)=10 k=5 kernel on TWIST over F_2^(109*5)  h(floor)=3270
  ord[l_11] by level [1, 3271]: 1 3270 
  ord[l_23] by level [1, 3271]: 1 545 
  ord[l_29] by level [1, 3271]: 1 1635 
  ord[l_37] by level [1, 3271]: 1 3270 
  ord[l_43] by level [1, 3271]: 1 545 
  ord[l_53] by level [1, 3271]: 1 545 
  ord[l_67] by level [1, 3271]: 1 3270 
  ord[l_71] by level [1, 3271]: 1 3270 
  ord[l_79] by level [1, 3271]: 1 3270 
== m=103 a=0
  l'=11329 kron=-1 ord(c)=944 k=472 kernel on TWIST over F_2^(103*472)  h(floor)=11330
  ord[l_11] by level [1, 11329]: 1 2266 
  ord[l_23] by level [1, 11329]: 1 1133 
  ord[l_29] by level [1, 11329]: 1 11330 
  ord[l_37] by level [1, 11329]: 1 5665 
  ord[l_43] by level [1, 11329]: 1 2266 
  ord[l_53] by level [1, 11329]: 1 5665 
  ord[l_67] by level [1, 11329]: 1 5665 
  ord[l_71] by level [1, 11329]: 1 5665 
  ord[l_79] by level [1, 11329]: 1 5665 
