[wave 0 done] rank=45 new_snaps=45 cand=45 t=0.0s elapsed=0.0s s_epoch=179447 LM by size: 0 1 44 0 0
  compact: s=143133 W=2237 rank=36314 elapsed=17.5s
[wave 1 done] rank=59603 new_snaps=8303 cand=63825 t=24.4s elapsed=24.4s s_epoch=143133 LM by size: 0 2 222 8124 51255
  compact: s=114491 W=1789 rank=64956 elapsed=47.3s
  [progress wave 2] rank=71963 cand=97280/582383 snap_pos=2114/8303 elapsed=61s
  [progress wave 2] rank=86989 cand=112640/582383 snap_pos=2448/8303 elapsed=123s
  compact: s=91456 W=1429 rank=87991 elapsed=128.5s
  [progress wave 2] rank=99761 cand=128000/582383 snap_pos=2782/8303 elapsed=187s
  compact: s=72761 W=1137 rank=106686 elapsed=231.4s
  [progress wave 2] rank=109239 cand=141312/582383 snap_pos=3071/8303 elapsed=248s
  [progress wave 2] rank=119945 cand=172032/582383 snap_pos=3707/8303 elapsed=311s
  compact: s=58092 W=908 rank=121355 elapsed=317.3s
  [progress wave 2] rank=129192 cand=223232/582383 snap_pos=4720/8303 elapsed=374s
  compact: s=45985 W=719 rank=133462 elapsed=395.0s
  compact: s=36680 W=574 rank=142767 elapsed=433.4s
  [progress wave 2] rank=142848 cand=302080/582383 snap_pos=4885/8303 elapsed=434s
  [progress wave 2] rank=145005 cand=489472/582383 snap_pos=7295/8303 elapsed=494s
  compact: s=29187 W=457 rank=150260 elapsed=512.4s
[wave 2 done] rank=152003 new_snaps=422 cand=582383 t=507.3s elapsed=531.7s s_epoch=29187 LM by size: 0 2 222 8546 143233
  compact: s=23235 W=364 rank=156212 elapsed=553.2s
  [progress wave 3] rank=157191 cand=12288/19412 snap_pos=267/422 elapsed=557s
  compact: s=18338 W=287 rank=161109 elapsed=570.5s
[wave 3 done] rank=161305 new_snaps=180 cand=19412 t=40.0s elapsed=571.8s s_epoch=18338 LM by size: 0 2 222 8726 152355
  compact: s=14224 W=223 rank=165223 elapsed=583.5s
[wave 4 done] rank=166705 new_snaps=0 cand=8280 t=16.4s elapsed=588.1s s_epoch=14224 LM by size: 0 2 222 8726 157755
[saturation verifier] rows with products=8950 products=673900 violations=0 t=91.4s
TIMED wall=679.66 maxrss_kb=1626608 rc=0
