[      0s] main 30b c3610 ic_m4 subgroup table completed_valid t=0.0s
[      0s] main 30b c3610 ic_m4 small_x table completed_valid t=0.0s
[      0s] main 30b c3610 ic_m4 random_sub_r0 table completed_valid t=0.0s
[      0s] main 30b c3610 ic_m4 random_sub_r1 table completed_valid t=0.0s
[      0s] main 30b c3610 ic_m4 random_sub_r2 table completed_valid t=0.0s
[      0s] main 30b c3610 ic_m4 known_null_sub table completed_valid t=0.0s
[      0s] main 30b c3610 ic_m4 planted_sub table completed_valid t=0.0s
[      0s] main 30b c3610 ic_m4 small_x_offset table completed_valid t=0.0s
[      0s] main 30b c3611 ic_m4 subgroup table completed_valid t=0.0s
[      0s] main 30b c3611 ic_m4 small_x table completed_valid t=0.0s
[      0s] main 30b c3611 ic_m4 random_sub_r0 table completed_valid t=0.0s
[      0s] main 30b c3611 ic_m4 random_sub_r1 table completed_valid t=0.0s
[      0s] main 30b c3611 ic_m4 random_sub_r2 table completed_valid t=0.0s
[      0s] main 30b c3611 ic_m4 known_null_sub table completed_valid t=0.0s
[      0s] main 30b c3611 ic_m4 planted_sub table completed_valid t=0.0s
[      0s] main 30b c3611 ic_m4 small_x_offset table completed_valid t=0.0s
[      1s] main 30b c3612 ic_m4 subgroup table completed_valid t=0.0s
[      1s] main 30b c3612 ic_m4 small_x table completed_valid t=0.0s
[      1s] main 30b c3612 ic_m4 random_sub_r0 table completed_valid t=0.0s
[      1s] main 30b c3612 ic_m4 random_sub_r1 table completed_valid t=0.0s
[      1s] main 30b c3612 ic_m4 random_sub_r2 table completed_valid t=0.0s
[      1s] main 30b c3612 ic_m4 known_null_sub table completed_valid t=0.0s
[      1s] main 30b c3612 ic_m4 planted_sub table completed_valid t=0.0s
[      1s] main 30b c3612 ic_m4 small_x_offset table completed_valid t=0.0s
[      1s] main 30b c3613 ic_m4 subgroup table completed_valid t=0.0s
[      1s] main 30b c3613 ic_m4 small_x table completed_valid t=0.0s
[      1s] main 30b c3613 ic_m4 random_sub_r0 table completed_valid t=0.0s
[      1s] main 30b c3613 ic_m4 random_sub_r1 table completed_valid t=0.0s
[      1s] main 30b c3613 ic_m4 random_sub_r2 table completed_valid t=0.0s
[      1s] main 30b c3613 ic_m4 known_null_sub table completed_valid t=0.0s
[      1s] main 30b c3613 ic_m4 planted_sub table completed_valid t=0.0s
[      1s] main 30b c3613 ic_m4 small_x_offset table completed_valid t=0.0s
[      1s] main 30b c3614 ic_m4 subgroup table completed_valid t=0.0s
[      1s] main 30b c3614 ic_m4 small_x table completed_valid t=0.0s
[      1s] main 30b c3614 ic_m4 random_sub_r0 table completed_valid t=0.0s
[      1s] main 30b c3614 ic_m4 random_sub_r1 table completed_valid t=0.0s
[      1s] main 30b c3614 ic_m4 random_sub_r2 table completed_valid t=0.0s
[      1s] main 30b c3614 ic_m4 known_null_sub table completed_valid t=0.0s
[      1s] main 30b c3614 ic_m4 planted_sub table completed_valid t=0.0s
[      1s] main 30b c3614 ic_m4 small_x_offset table completed_valid t=0.0s
[      1s] main 30b c3615 ic_m4 subgroup table completed_valid t=0.0s
[      1s] main 30b c3615 ic_m4 small_x table completed_valid t=0.0s
[      1s] main 30b c3615 ic_m4 random_sub_r0 table completed_valid t=0.0s
[      1s] main 30b c3615 ic_m4 random_sub_r1 table completed_valid t=0.0s
[      1s] main 30b c3615 ic_m4 random_sub_r2 table completed_valid t=0.0s
[      1s] main 30b c3615 ic_m4 known_null_sub table completed_valid t=0.0s
[      1s] main 30b c3615 ic_m4 planted_sub table completed_valid t=0.0s
[      1s] main 30b c3615 ic_m4 small_x_offset table completed_valid t=0.0s
[      1s] main 30b c3616 ic_m4 subgroup table completed_valid t=0.0s
[      1s] main 30b c3616 ic_m4 small_x table completed_valid t=0.0s
[      1s] main 30b c3616 ic_m4 random_sub_r0 table completed_valid t=0.0s
[      1s] main 30b c3616 ic_m4 random_sub_r1 table completed_valid t=0.0s
[      1s] main 30b c3616 ic_m4 random_sub_r2 table completed_valid t=0.0s
[      1s] main 30b c3616 ic_m4 known_null_sub table completed_valid t=0.0s
[      1s] main 30b c3616 ic_m4 planted_sub table completed_valid t=0.0s
[      1s] main 30b c3616 ic_m4 small_x_offset table completed_valid t=0.0s
[      2s] main 30b c3617 ic_m4 subgroup table completed_valid t=0.0s
[      2s] main 30b c3617 ic_m4 small_x table completed_valid t=0.0s
[      2s] main 30b c3617 ic_m4 random_sub_r0 table completed_valid t=0.0s
[      2s] main 30b c3617 ic_m4 random_sub_r1 table completed_valid t=0.0s
[      2s] main 30b c3617 ic_m4 random_sub_r2 table completed_valid t=0.0s
[      2s] main 30b c3617 ic_m4 known_null_sub table completed_valid t=0.0s
[      2s] main 30b c3617 ic_m4 planted_sub table completed_valid t=0.0s
[      2s] main 30b c3617 ic_m4 small_x_offset table completed_valid t=0.0s
[      2s] main 30b c3618 ic_m4 subgroup table completed_valid t=0.0s
[      2s] main 30b c3618 ic_m4 small_x table completed_valid t=0.0s
[      2s] main 30b c3618 ic_m4 random_sub_r0 table completed_valid t=0.0s
[      2s] main 30b c3618 ic_m4 random_sub_r1 table completed_valid t=0.0s
[      2s] main 30b c3618 ic_m4 random_sub_r2 table completed_valid t=0.0s
[      2s] main 30b c3618 ic_m4 known_null_sub table completed_valid t=0.0s
[      2s] main 30b c3618 ic_m4 planted_sub table completed_valid t=0.0s
[      2s] main 30b c3618 ic_m4 small_x_offset table completed_valid t=0.0s
[      2s] main 30b c3619 ic_m4 subgroup table completed_valid t=0.0s
[      2s] main 30b c3619 ic_m4 small_x table completed_valid t=0.0s
[      2s] main 30b c3619 ic_m4 random_sub_r0 table completed_valid t=0.0s
[      2s] main 30b c3619 ic_m4 random_sub_r1 table completed_valid t=0.0s
[      2s] main 30b c3619 ic_m4 random_sub_r2 table completed_valid t=0.0s
[      2s] main 30b c3619 ic_m4 known_null_sub table completed_valid t=0.0s
[      2s] main 30b c3619 ic_m4 planted_sub table completed_valid t=0.0s
[      2s] main 30b c3619 ic_m4 small_x_offset table completed_valid t=0.0s
[      2s] main 30b c3620 ic_m4 subgroup table completed_valid t=0.0s
[      2s] main 30b c3620 ic_m4 small_x table completed_valid t=0.0s
[      2s] main 30b c3620 ic_m4 random_sub_r0 table completed_valid t=0.0s
[      2s] main 30b c3620 ic_m4 random_sub_r1 table completed_valid t=0.0s
[      2s] main 30b c3620 ic_m4 random_sub_r2 table completed_valid t=0.0s
[      2s] main 30b c3620 ic_m4 known_null_sub table completed_valid t=0.0s
[      2s] main 30b c3620 ic_m4 planted_sub table completed_valid t=0.0s
[      2s] main 30b c3620 ic_m4 small_x_offset table completed_valid t=0.0s
[      3s] main 30b c3621 ic_m4 subgroup table completed_valid t=0.0s
[      3s] main 30b c3621 ic_m4 small_x table completed_valid t=0.0s
[      3s] main 30b c3621 ic_m4 random_sub_r0 table completed_valid t=0.0s
[      3s] main 30b c3621 ic_m4 random_sub_r1 table completed_valid t=0.0s
[      3s] main 30b c3621 ic_m4 random_sub_r2 table completed_valid t=0.0s
[      3s] main 30b c3621 ic_m4 known_null_sub table completed_valid t=0.0s
[      3s] main 30b c3621 ic_m4 planted_sub table completed_valid t=0.0s
[      3s] main 30b c3621 ic_m4 small_x_offset table completed_valid t=0.0s
[      3s] main 30b c3622 ic_m4 subgroup table completed_valid t=0.0s
[      3s] main 30b c3622 ic_m4 small_x table completed_valid t=0.0s
[      3s] main 30b c3622 ic_m4 random_sub_r0 table completed_valid t=0.0s
[      3s] main 30b c3622 ic_m4 random_sub_r1 table completed_valid t=0.0s
[      3s] main 30b c3622 ic_m4 random_sub_r2 table completed_valid t=0.0s
[      3s] main 30b c3622 ic_m4 known_null_sub table completed_valid t=0.0s
[      3s] main 30b c3622 ic_m4 planted_sub table completed_valid t=0.0s
[      3s] main 30b c3622 ic_m4 small_x_offset table completed_valid t=0.0s
[      3s] main 30b c3623 ic_m4 subgroup table completed_valid t=0.0s
[      3s] main 30b c3623 ic_m4 small_x table completed_valid t=0.0s
[      3s] main 30b c3623 ic_m4 random_sub_r0 table completed_valid t=0.0s
[      3s] main 30b c3623 ic_m4 random_sub_r1 table completed_valid t=0.0s
[      3s] main 30b c3623 ic_m4 random_sub_r2 table completed_valid t=0.0s
[      3s] main 30b c3623 ic_m4 known_null_sub table completed_valid t=0.0s
[      3s] main 30b c3623 ic_m4 planted_sub table completed_valid t=0.0s
[      3s] main 30b c3623 ic_m4 small_x_offset table completed_valid t=0.0s
[      4s] main 30b c3624 ic_m4 subgroup table completed_valid t=0.0s
[      4s] main 30b c3624 ic_m4 small_x table completed_valid t=0.0s
[      4s] main 30b c3624 ic_m4 random_sub_r0 table completed_valid t=0.0s
[      4s] main 30b c3624 ic_m4 random_sub_r1 table completed_valid t=0.0s
[      4s] main 30b c3624 ic_m4 random_sub_r2 table completed_valid t=0.0s
[      4s] main 30b c3624 ic_m4 known_null_sub table completed_valid t=0.0s
[      4s] main 30b c3624 ic_m4 planted_sub table completed_valid t=0.0s
[      4s] main 30b c3624 ic_m4 small_x_offset table completed_valid t=0.0s
[      4s] main 30b c3625 ic_m4 subgroup table completed_valid t=0.0s
[      4s] main 30b c3625 ic_m4 small_x table completed_valid t=0.0s
[      4s] main 30b c3625 ic_m4 random_sub_r0 table completed_valid t=0.0s
[      4s] main 30b c3625 ic_m4 random_sub_r1 table completed_valid t=0.0s
[      4s] main 30b c3625 ic_m4 random_sub_r2 table completed_valid t=0.0s
[      4s] main 30b c3625 ic_m4 known_null_sub table completed_valid t=0.0s
[      4s] main 30b c3625 ic_m4 planted_sub table completed_valid t=0.0s
[      4s] main 30b c3625 ic_m4 small_x_offset table completed_valid t=0.0s
[      4s] main 30b c3626 ic_m4 subgroup table completed_valid t=0.0s
[      4s] main 30b c3626 ic_m4 small_x table completed_valid t=0.0s
[      4s] main 30b c3626 ic_m4 random_sub_r0 table completed_valid t=0.0s
[      4s] main 30b c3626 ic_m4 random_sub_r1 table completed_valid t=0.0s
[      4s] main 30b c3626 ic_m4 random_sub_r2 table completed_valid t=0.0s
[      4s] main 30b c3626 ic_m4 known_null_sub table completed_valid t=0.0s
[      4s] main 30b c3626 ic_m4 planted_sub table completed_valid t=0.0s
[      4s] main 30b c3626 ic_m4 small_x_offset table completed_valid t=0.0s
[      4s] main 30b c3627 ic_m4 subgroup table completed_valid t=0.0s
[      4s] main 30b c3627 ic_m4 small_x table completed_valid t=0.0s
[      4s] main 30b c3627 ic_m4 random_sub_r0 table completed_valid t=0.0s
[      4s] main 30b c3627 ic_m4 random_sub_r1 table completed_valid t=0.0s
[      4s] main 30b c3627 ic_m4 random_sub_r2 table completed_valid t=0.0s
[      4s] main 30b c3627 ic_m4 known_null_sub table completed_valid t=0.0s
[      4s] main 30b c3627 ic_m4 planted_sub table completed_valid t=0.0s
[      4s] main 30b c3627 ic_m4 small_x_offset table completed_valid t=0.0s
[      5s] main 30b c3628 ic_m4 subgroup table completed_valid t=0.0s
[      5s] main 30b c3628 ic_m4 small_x table completed_valid t=0.0s
[      5s] main 30b c3628 ic_m4 random_sub_r0 table completed_valid t=0.0s
[      5s] main 30b c3628 ic_m4 random_sub_r1 table completed_valid t=0.0s
[      5s] main 30b c3628 ic_m4 random_sub_r2 table completed_valid t=0.0s
[      5s] main 30b c3628 ic_m4 known_null_sub table completed_valid t=0.0s
[      5s] main 30b c3628 ic_m4 planted_sub table completed_valid t=0.0s
[      5s] main 30b c3628 ic_m4 small_x_offset table completed_valid t=0.0s
[      5s] main 30b c3629 ic_m4 subgroup table completed_valid t=0.0s
[      5s] main 30b c3629 ic_m4 small_x table completed_valid t=0.0s
[      5s] main 30b c3629 ic_m4 random_sub_r0 table completed_valid t=0.0s
[      5s] main 30b c3629 ic_m4 random_sub_r1 table completed_valid t=0.0s
[      5s] main 30b c3629 ic_m4 random_sub_r2 table completed_valid t=0.0s
[      5s] main 30b c3629 ic_m4 known_null_sub table completed_valid t=0.0s
[      5s] main 30b c3629 ic_m4 planted_sub table completed_valid t=0.0s
[      5s] main 30b c3629 ic_m4 small_x_offset table completed_valid t=0.0s
[      5s] main 30b c3630 ic_m4 subgroup table completed_valid t=0.0s
[      5s] main 30b c3630 ic_m4 small_x table completed_valid t=0.0s
[      5s] main 30b c3630 ic_m4 random_sub_r0 table completed_valid t=0.0s
[      5s] main 30b c3630 ic_m4 random_sub_r1 table completed_valid t=0.0s
[      5s] main 30b c3630 ic_m4 random_sub_r2 table completed_valid t=0.0s
[      5s] main 30b c3630 ic_m4 known_null_sub table completed_valid t=0.0s
[      5s] main 30b c3630 ic_m4 planted_sub table completed_valid t=0.0s
[      5s] main 30b c3630 ic_m4 small_x_offset table completed_valid t=0.0s
[      5s] main 30b c3631 ic_m4 subgroup table completed_valid t=0.0s
[      5s] main 30b c3631 ic_m4 small_x table completed_valid t=0.0s
[      5s] main 30b c3631 ic_m4 random_sub_r0 table completed_valid t=0.0s
[      5s] main 30b c3631 ic_m4 random_sub_r1 table completed_valid t=0.0s
[      5s] main 30b c3631 ic_m4 random_sub_r2 table completed_valid t=0.0s
[      5s] main 30b c3631 ic_m4 known_null_sub table completed_valid t=0.0s
[      5s] main 30b c3631 ic_m4 planted_sub table completed_valid t=0.0s
[      5s] main 30b c3631 ic_m4 small_x_offset table completed_valid t=0.0s
[      5s] main 30b c3632 ic_m4 subgroup table completed_valid t=0.0s
[      5s] main 30b c3632 ic_m4 small_x table completed_valid t=0.0s
[      5s] main 30b c3632 ic_m4 random_sub_r0 table completed_valid t=0.0s
[      5s] main 30b c3632 ic_m4 random_sub_r1 table completed_valid t=0.0s
[      5s] main 30b c3632 ic_m4 random_sub_r2 table completed_valid t=0.0s
[      5s] main 30b c3632 ic_m4 known_null_sub table completed_valid t=0.0s
[      5s] main 30b c3632 ic_m4 planted_sub table completed_valid t=0.0s
[      5s] main 30b c3632 ic_m4 small_x_offset table completed_valid t=0.0s
[      6s] main 30b c3633 ic_m4 subgroup table completed_valid t=0.0s
[      6s] main 30b c3633 ic_m4 small_x table completed_valid t=0.0s
[      6s] main 30b c3633 ic_m4 random_sub_r0 table completed_valid t=0.0s
[      6s] main 30b c3633 ic_m4 random_sub_r1 table completed_valid t=0.0s
[      6s] main 30b c3633 ic_m4 random_sub_r2 table completed_valid t=0.0s
[      6s] main 30b c3633 ic_m4 known_null_sub table completed_valid t=0.0s
[      6s] main 30b c3633 ic_m4 planted_sub table completed_valid t=0.0s
[      6s] main 30b c3633 ic_m4 small_x_offset table completed_valid t=0.0s
[      6s] main 30b c3634 ic_m4 subgroup table completed_valid t=0.0s
[      6s] main 30b c3634 ic_m4 small_x table completed_valid t=0.0s
[      6s] main 30b c3634 ic_m4 random_sub_r0 table completed_valid t=0.0s
[      6s] main 30b c3634 ic_m4 random_sub_r1 table completed_valid t=0.0s
[      6s] main 30b c3634 ic_m4 random_sub_r2 table completed_valid t=0.0s
[      6s] main 30b c3634 ic_m4 known_null_sub table completed_valid t=0.0s
[      6s] main 30b c3634 ic_m4 planted_sub table completed_valid t=0.0s
[      6s] main 30b c3634 ic_m4 small_x_offset table completed_valid t=0.0s
[      6s] main 30b c3635 ic_m4 subgroup table completed_valid t=0.0s
[      6s] main 30b c3635 ic_m4 small_x table completed_valid t=0.0s
[      6s] main 30b c3635 ic_m4 random_sub_r0 table completed_valid t=0.0s
[      6s] main 30b c3635 ic_m4 random_sub_r1 table completed_valid t=0.0s
[      6s] main 30b c3635 ic_m4 random_sub_r2 table completed_valid t=0.0s
[      6s] main 30b c3635 ic_m4 known_null_sub table completed_valid t=0.0s
[      6s] main 30b c3635 ic_m4 planted_sub table completed_valid t=0.0s
[      6s] main 30b c3635 ic_m4 small_x_offset table completed_valid t=0.0s
[      6s] main 30b c3636 ic_m4 subgroup table completed_valid t=0.0s
[      6s] main 30b c3636 ic_m4 small_x table completed_valid t=0.0s
[      6s] main 30b c3636 ic_m4 random_sub_r0 table completed_valid t=0.0s
[      6s] main 30b c3636 ic_m4 random_sub_r1 table completed_valid t=0.0s
[      6s] main 30b c3636 ic_m4 random_sub_r2 table completed_valid t=0.0s
[      6s] main 30b c3636 ic_m4 known_null_sub table completed_valid t=0.0s
[      6s] main 30b c3636 ic_m4 planted_sub table completed_valid t=0.0s
[      6s] main 30b c3636 ic_m4 small_x_offset table completed_valid t=0.0s
[      7s] main 30b c3637 ic_m4 subgroup table completed_valid t=0.0s
[      7s] main 30b c3637 ic_m4 small_x table completed_valid t=0.0s
[      7s] main 30b c3637 ic_m4 random_sub_r0 table completed_valid t=0.0s
[      7s] main 30b c3637 ic_m4 random_sub_r1 table completed_valid t=0.0s
[      7s] main 30b c3637 ic_m4 random_sub_r2 table completed_valid t=0.0s
[      7s] main 30b c3637 ic_m4 known_null_sub table completed_valid t=0.0s
[      7s] main 30b c3637 ic_m4 planted_sub table completed_valid t=0.0s
[      7s] main 30b c3637 ic_m4 small_x_offset table completed_valid t=0.0s
[      7s] main 30b c3638 ic_m4 subgroup table completed_valid t=0.0s
[      7s] main 30b c3638 ic_m4 small_x table completed_valid t=0.0s
[      7s] main 30b c3638 ic_m4 random_sub_r0 table completed_valid t=0.0s
[      7s] main 30b c3638 ic_m4 random_sub_r1 table completed_valid t=0.0s
[      7s] main 30b c3638 ic_m4 random_sub_r2 table completed_valid t=0.0s
[      7s] main 30b c3638 ic_m4 known_null_sub table completed_valid t=0.0s
[      7s] main 30b c3638 ic_m4 planted_sub table completed_valid t=0.0s
[      7s] main 30b c3638 ic_m4 small_x_offset table completed_valid t=0.0s
[      7s] main 30b c3639 ic_m4 subgroup table completed_valid t=0.0s
[      7s] main 30b c3639 ic_m4 small_x table completed_valid t=0.0s
[      7s] main 30b c3639 ic_m4 random_sub_r0 table completed_valid t=0.0s
[      7s] main 30b c3639 ic_m4 random_sub_r1 table completed_valid t=0.0s
[      7s] main 30b c3639 ic_m4 random_sub_r2 table completed_valid t=0.0s
[      7s] main 30b c3639 ic_m4 known_null_sub table completed_valid t=0.0s
[      7s] main 30b c3639 ic_m4 planted_sub table completed_valid t=0.0s
[      7s] main 30b c3639 ic_m4 small_x_offset table completed_valid t=0.0s
[      7s] main 30b c3640 ic_m4 subgroup table completed_valid t=0.0s
[      7s] main 30b c3640 ic_m4 small_x table completed_valid t=0.0s
[      7s] main 30b c3640 ic_m4 random_sub_r0 table completed_valid t=0.0s
[      7s] main 30b c3640 ic_m4 random_sub_r1 table completed_valid t=0.0s
[      7s] main 30b c3640 ic_m4 random_sub_r2 table completed_valid t=0.0s
[      7s] main 30b c3640 ic_m4 known_null_sub table completed_valid t=0.0s
[      7s] main 30b c3640 ic_m4 planted_sub table completed_valid t=0.0s
[      7s] main 30b c3640 ic_m4 small_x_offset table completed_valid t=0.0s
[      8s] main 30b c3641 ic_m4 subgroup table completed_valid t=0.0s
[      8s] main 30b c3641 ic_m4 small_x table completed_valid t=0.0s
[      8s] main 30b c3641 ic_m4 random_sub_r0 table completed_valid t=0.0s
[      8s] main 30b c3641 ic_m4 random_sub_r1 table completed_valid t=0.0s
[      8s] main 30b c3641 ic_m4 random_sub_r2 table completed_valid t=0.0s
[      8s] main 30b c3641 ic_m4 known_null_sub table completed_valid t=0.0s
[      8s] main 30b c3641 ic_m4 planted_sub table completed_valid t=0.0s
[      8s] main 30b c3641 ic_m4 small_x_offset table completed_valid t=0.0s
[      8s] main 30b c3642 ic_m4 subgroup table completed_valid t=0.0s
[      8s] main 30b c3642 ic_m4 small_x table completed_valid t=0.0s
[      8s] main 30b c3642 ic_m4 random_sub_r0 table completed_valid t=0.0s
[      8s] main 30b c3642 ic_m4 random_sub_r1 table completed_valid t=0.0s
[      8s] main 30b c3642 ic_m4 random_sub_r2 table completed_valid t=0.0s
[      8s] main 30b c3642 ic_m4 known_null_sub table completed_valid t=0.0s
[      8s] main 30b c3642 ic_m4 planted_sub table completed_valid t=0.0s
[      8s] main 30b c3642 ic_m4 small_x_offset table completed_valid t=0.0s
[      8s] main 30b c3643 ic_m4 subgroup table completed_valid t=0.0s
[      8s] main 30b c3643 ic_m4 small_x table completed_valid t=0.0s
[      8s] main 30b c3643 ic_m4 random_sub_r0 table completed_valid t=0.0s
[      8s] main 30b c3643 ic_m4 random_sub_r1 table completed_valid t=0.0s
[      8s] main 30b c3643 ic_m4 random_sub_r2 table completed_valid t=0.0s
[      8s] main 30b c3643 ic_m4 known_null_sub table completed_valid t=0.0s
[      8s] main 30b c3643 ic_m4 planted_sub table completed_valid t=0.0s
[      8s] main 30b c3643 ic_m4 small_x_offset table completed_valid t=0.0s
[      8s] main 30b c3644 ic_m4 subgroup table completed_valid t=0.0s
[      8s] main 30b c3644 ic_m4 small_x table completed_valid t=0.0s
[      8s] main 30b c3644 ic_m4 random_sub_r0 table completed_valid t=0.0s
[      8s] main 30b c3644 ic_m4 random_sub_r1 table completed_valid t=0.0s
[      8s] main 30b c3644 ic_m4 random_sub_r2 table completed_valid t=0.0s
[      8s] main 30b c3644 ic_m4 known_null_sub table completed_valid t=0.0s
[      8s] main 30b c3644 ic_m4 planted_sub table completed_valid t=0.0s
[      8s] main 30b c3644 ic_m4 small_x_offset table completed_valid t=0.0s
[      9s] main 30b c3645 ic_m4 subgroup table completed_valid t=0.0s
[      9s] main 30b c3645 ic_m4 small_x table completed_valid t=0.0s
[      9s] main 30b c3645 ic_m4 random_sub_r0 table completed_valid t=0.0s
[      9s] main 30b c3645 ic_m4 random_sub_r1 table completed_valid t=0.0s
[      9s] main 30b c3645 ic_m4 random_sub_r2 table completed_valid t=0.0s
[      9s] main 30b c3645 ic_m4 known_null_sub table completed_valid t=0.0s
[      9s] main 30b c3645 ic_m4 planted_sub table completed_valid t=0.0s
[      9s] main 30b c3645 ic_m4 small_x_offset table completed_valid t=0.0s
[      9s] main 30b c3646 ic_m4 subgroup table completed_valid t=0.0s
[      9s] main 30b c3646 ic_m4 small_x table completed_valid t=0.0s
[      9s] main 30b c3646 ic_m4 random_sub_r0 table completed_valid t=0.0s
[      9s] main 30b c3646 ic_m4 random_sub_r1 table completed_valid t=0.0s
[      9s] main 30b c3646 ic_m4 random_sub_r2 table completed_valid t=0.0s
[      9s] main 30b c3646 ic_m4 known_null_sub table completed_valid t=0.0s
[      9s] main 30b c3646 ic_m4 planted_sub table completed_valid t=0.0s
[      9s] main 30b c3646 ic_m4 small_x_offset table completed_valid t=0.0s
[      9s] main 30b c3647 ic_m4 subgroup table completed_valid t=0.0s
[      9s] main 30b c3647 ic_m4 small_x table completed_valid t=0.0s
[      9s] main 30b c3647 ic_m4 random_sub_r0 table completed_valid t=0.0s
[      9s] main 30b c3647 ic_m4 random_sub_r1 table completed_valid t=0.0s
[      9s] main 30b c3647 ic_m4 random_sub_r2 table completed_valid t=0.0s
[      9s] main 30b c3647 ic_m4 known_null_sub table completed_valid t=0.0s
[      9s] main 30b c3647 ic_m4 planted_sub table completed_valid t=0.0s
[      9s] main 30b c3647 ic_m4 small_x_offset table completed_valid t=0.0s
[      9s] main 30b c3648 ic_m4 subgroup table completed_valid t=0.0s
[      9s] main 30b c3648 ic_m4 small_x table completed_valid t=0.0s
[      9s] main 30b c3648 ic_m4 random_sub_r0 table completed_valid t=0.0s
[      9s] main 30b c3648 ic_m4 random_sub_r1 table completed_valid t=0.0s
[      9s] main 30b c3648 ic_m4 random_sub_r2 table completed_valid t=0.0s
[      9s] main 30b c3648 ic_m4 known_null_sub table completed_valid t=0.0s
[      9s] main 30b c3648 ic_m4 planted_sub table completed_valid t=0.0s
[      9s] main 30b c3648 ic_m4 small_x_offset table completed_valid t=0.0s
[      9s] main 30b c3649 ic_m4 subgroup table completed_valid t=0.0s
[      9s] main 30b c3649 ic_m4 small_x table completed_valid t=0.0s
[      9s] main 30b c3649 ic_m4 random_sub_r0 table completed_valid t=0.0s
[      9s] main 30b c3649 ic_m4 random_sub_r1 table completed_valid t=0.0s
[      9s] main 30b c3649 ic_m4 random_sub_r2 table completed_valid t=0.0s
[      9s] main 30b c3649 ic_m4 known_null_sub table completed_valid t=0.0s
[      9s] main 30b c3649 ic_m4 planted_sub table completed_valid t=0.0s
[      9s] main 30b c3649 ic_m4 small_x_offset table completed_valid t=0.0s
[     10s] main 30b c3650 ic_m4 subgroup table completed_valid t=0.0s
[     10s] main 30b c3650 ic_m4 small_x table completed_valid t=0.0s
[     10s] main 30b c3650 ic_m4 random_sub_r0 table completed_valid t=0.0s
[     10s] main 30b c3650 ic_m4 random_sub_r1 table completed_valid t=0.0s
[     10s] main 30b c3650 ic_m4 random_sub_r2 table completed_valid t=0.0s
[     10s] main 30b c3650 ic_m4 known_null_sub table completed_valid t=0.0s
[     10s] main 30b c3650 ic_m4 planted_sub table completed_valid t=0.0s
[     10s] main 30b c3650 ic_m4 small_x_offset table completed_valid t=0.0s
[     10s] main 30b c3651 ic_m4 subgroup table completed_valid t=0.0s
[     10s] main 30b c3651 ic_m4 small_x table completed_valid t=0.0s
[     10s] main 30b c3651 ic_m4 random_sub_r0 table completed_valid t=0.0s
[     10s] main 30b c3651 ic_m4 random_sub_r1 table completed_valid t=0.0s
[     10s] main 30b c3651 ic_m4 random_sub_r2 table completed_valid t=0.0s
[     10s] main 30b c3651 ic_m4 known_null_sub table completed_valid t=0.0s
[     10s] main 30b c3651 ic_m4 planted_sub table completed_valid t=0.0s
[     10s] main 30b c3651 ic_m4 small_x_offset table completed_valid t=0.0s
[     10s] main 30b c3652 ic_m4 subgroup table completed_valid t=0.0s
[     10s] main 30b c3652 ic_m4 small_x table completed_valid t=0.0s
[     10s] main 30b c3652 ic_m4 random_sub_r0 table completed_valid t=0.0s
[     10s] main 30b c3652 ic_m4 random_sub_r1 table completed_valid t=0.0s
[     10s] main 30b c3652 ic_m4 random_sub_r2 table completed_valid t=0.0s
[     10s] main 30b c3652 ic_m4 known_null_sub table completed_valid t=0.0s
[     10s] main 30b c3652 ic_m4 planted_sub table completed_valid t=0.0s
[     10s] main 30b c3652 ic_m4 small_x_offset table completed_valid t=0.0s
[     11s] main 30b c3653 ic_m4 subgroup table completed_valid t=0.0s
[     11s] main 30b c3653 ic_m4 small_x table completed_valid t=0.0s
[     11s] main 30b c3653 ic_m4 random_sub_r0 table completed_valid t=0.0s
[     11s] main 30b c3653 ic_m4 random_sub_r1 table completed_valid t=0.0s
[     11s] main 30b c3653 ic_m4 random_sub_r2 table completed_valid t=0.0s
[     11s] main 30b c3653 ic_m4 known_null_sub table completed_valid t=0.0s
[     11s] main 30b c3653 ic_m4 planted_sub table completed_valid t=0.0s
[     11s] main 30b c3653 ic_m4 small_x_offset table completed_valid t=0.0s
[     11s] main 30b c3654 ic_m4 subgroup table completed_valid t=0.0s
[     11s] main 30b c3654 ic_m4 small_x table completed_valid t=0.0s
[     11s] main 30b c3654 ic_m4 random_sub_r0 table completed_valid t=0.0s
[     11s] main 30b c3654 ic_m4 random_sub_r1 table completed_valid t=0.0s
[     11s] main 30b c3654 ic_m4 random_sub_r2 table completed_valid t=0.0s
[     11s] main 30b c3654 ic_m4 known_null_sub table completed_valid t=0.0s
[     11s] main 30b c3654 ic_m4 planted_sub table completed_valid t=0.0s
[     11s] main 30b c3654 ic_m4 small_x_offset table completed_valid t=0.0s
[     11s] main 30b c3655 ic_m4 subgroup table completed_valid t=0.0s
[     11s] main 30b c3655 ic_m4 small_x table completed_valid t=0.0s
[     11s] main 30b c3655 ic_m4 random_sub_r0 table completed_valid t=0.0s
[     11s] main 30b c3655 ic_m4 random_sub_r1 table completed_valid t=0.0s
[     11s] main 30b c3655 ic_m4 random_sub_r2 table completed_valid t=0.0s
[     11s] main 30b c3655 ic_m4 known_null_sub table completed_valid t=0.0s
[     11s] main 30b c3655 ic_m4 planted_sub table completed_valid t=0.0s
[     11s] main 30b c3655 ic_m4 small_x_offset table completed_valid t=0.0s
[     11s] main 30b c3656 ic_m4 subgroup table completed_valid t=0.0s
[     11s] main 30b c3656 ic_m4 small_x table completed_valid t=0.0s
[     11s] main 30b c3656 ic_m4 random_sub_r0 table completed_valid t=0.0s
[     11s] main 30b c3656 ic_m4 random_sub_r1 table completed_valid t=0.0s
[     11s] main 30b c3656 ic_m4 random_sub_r2 table completed_valid t=0.0s
[     11s] main 30b c3656 ic_m4 known_null_sub table completed_valid t=0.0s
[     11s] main 30b c3656 ic_m4 planted_sub table completed_valid t=0.0s
[     11s] main 30b c3656 ic_m4 small_x_offset table completed_valid t=0.0s
[     12s] main 30b c3657 ic_m4 subgroup table completed_valid t=0.0s
[     12s] main 30b c3657 ic_m4 small_x table completed_valid t=0.0s
[     12s] main 30b c3657 ic_m4 random_sub_r0 table completed_valid t=0.0s
[     12s] main 30b c3657 ic_m4 random_sub_r1 table completed_valid t=0.0s
[     12s] main 30b c3657 ic_m4 random_sub_r2 table completed_valid t=0.0s
[     12s] main 30b c3657 ic_m4 known_null_sub table completed_valid t=0.0s
[     12s] main 30b c3657 ic_m4 planted_sub table completed_valid t=0.0s
[     12s] main 30b c3657 ic_m4 small_x_offset table completed_valid t=0.0s
[     12s] main 30b c3658 ic_m4 subgroup table completed_valid t=0.0s
[     12s] main 30b c3658 ic_m4 small_x table completed_valid t=0.0s
[     12s] main 30b c3658 ic_m4 random_sub_r0 table completed_valid t=0.0s
[     12s] main 30b c3658 ic_m4 random_sub_r1 table completed_valid t=0.0s
[     12s] main 30b c3658 ic_m4 random_sub_r2 table completed_valid t=0.0s
[     12s] main 30b c3658 ic_m4 known_null_sub table completed_valid t=0.0s
[     12s] main 30b c3658 ic_m4 planted_sub table completed_valid t=0.0s
[     12s] main 30b c3658 ic_m4 small_x_offset table completed_valid t=0.0s
[     12s] main 30b c3659 ic_m4 subgroup table completed_valid t=0.1s
[     12s] main 30b c3659 ic_m4 small_x table completed_valid t=0.0s
[     12s] main 30b c3659 ic_m4 random_sub_r0 table completed_valid t=0.0s
[     12s] main 30b c3659 ic_m4 random_sub_r1 table completed_valid t=0.0s
[     12s] main 30b c3659 ic_m4 random_sub_r2 table completed_valid t=0.0s
[     12s] main 30b c3659 ic_m4 known_null_sub table completed_valid t=0.0s
[     12s] main 30b c3659 ic_m4 planted_sub table completed_valid t=0.0s
[     12s] main 30b c3659 ic_m4 small_x_offset table completed_valid t=0.0s
[     13s] main 30b c3660 ic_m4 subgroup table completed_valid t=0.0s
[     13s] main 30b c3660 ic_m4 small_x table completed_valid t=0.0s
[     13s] main 30b c3660 ic_m4 random_sub_r0 table completed_valid t=0.0s
[     13s] main 30b c3660 ic_m4 random_sub_r1 table completed_valid t=0.0s
[     13s] main 30b c3660 ic_m4 random_sub_r2 table completed_valid t=0.0s
[     13s] main 30b c3660 ic_m4 known_null_sub table completed_valid t=0.0s
[     13s] main 30b c3660 ic_m4 planted_sub table completed_valid t=0.0s
[     13s] main 30b c3660 ic_m4 small_x_offset table completed_valid t=0.0s
[     13s] main 30b c3661 ic_m4 subgroup table completed_valid t=0.0s
[     13s] main 30b c3661 ic_m4 small_x table completed_valid t=0.0s
[     13s] main 30b c3661 ic_m4 random_sub_r0 table completed_valid t=0.0s
[     13s] main 30b c3661 ic_m4 random_sub_r1 table completed_valid t=0.0s
[     13s] main 30b c3661 ic_m4 random_sub_r2 table completed_valid t=0.0s
[     13s] main 30b c3661 ic_m4 known_null_sub table completed_valid t=0.0s
[     13s] main 30b c3661 ic_m4 planted_sub table completed_valid t=0.0s
[     13s] main 30b c3661 ic_m4 small_x_offset table completed_valid t=0.0s
[     13s] main 30b c3662 ic_m4 subgroup table completed_valid t=0.0s
[     13s] main 30b c3662 ic_m4 small_x table completed_valid t=0.0s
[     13s] main 30b c3662 ic_m4 random_sub_r0 table completed_valid t=0.0s
[     13s] main 30b c3662 ic_m4 random_sub_r1 table completed_valid t=0.0s
[     13s] main 30b c3662 ic_m4 random_sub_r2 table completed_valid t=0.0s
[     13s] main 30b c3662 ic_m4 known_null_sub table completed_valid t=0.0s
[     13s] main 30b c3662 ic_m4 planted_sub table completed_valid t=0.0s
[     13s] main 30b c3662 ic_m4 small_x_offset table completed_valid t=0.0s
[     13s] main 30b c3663 ic_m4 subgroup table completed_valid t=0.0s
[     13s] main 30b c3663 ic_m4 small_x table completed_valid t=0.0s
[     13s] main 30b c3663 ic_m4 random_sub_r0 table completed_valid t=0.0s
[     13s] main 30b c3663 ic_m4 random_sub_r1 table completed_valid t=0.0s
[     13s] main 30b c3663 ic_m4 random_sub_r2 table completed_valid t=0.0s
[     13s] main 30b c3663 ic_m4 known_null_sub table completed_valid t=0.0s
[     13s] main 30b c3663 ic_m4 planted_sub table completed_valid t=0.0s
[     13s] main 30b c3663 ic_m4 small_x_offset table completed_valid t=0.0s
[     13s] main 30b c3664 ic_m4 subgroup table completed_valid t=0.0s
[     13s] main 30b c3664 ic_m4 small_x table completed_valid t=0.0s
[     13s] main 30b c3664 ic_m4 random_sub_r0 table completed_valid t=0.0s
[     13s] main 30b c3664 ic_m4 random_sub_r1 table completed_valid t=0.0s
[     13s] main 30b c3664 ic_m4 random_sub_r2 table completed_valid t=0.0s
[     13s] main 30b c3664 ic_m4 known_null_sub table completed_valid t=0.0s
[     13s] main 30b c3664 ic_m4 planted_sub table completed_valid t=0.0s
[     13s] main 30b c3664 ic_m4 small_x_offset table completed_valid t=0.0s
[     14s] main 30b c3665 ic_m4 subgroup table completed_valid t=0.0s
[     14s] main 30b c3665 ic_m4 small_x table completed_valid t=0.0s
[     14s] main 30b c3665 ic_m4 random_sub_r0 table completed_valid t=0.0s
[     14s] main 30b c3665 ic_m4 random_sub_r1 table completed_valid t=0.0s
[     14s] main 30b c3665 ic_m4 random_sub_r2 table completed_valid t=0.0s
[     14s] main 30b c3665 ic_m4 known_null_sub table completed_valid t=0.0s
[     14s] main 30b c3665 ic_m4 planted_sub table completed_valid t=0.0s
[     14s] main 30b c3665 ic_m4 small_x_offset table completed_valid t=0.0s
[     14s] main 30b c3666 ic_m4 subgroup table completed_valid t=0.0s
[     14s] main 30b c3666 ic_m4 small_x table completed_valid t=0.0s
[     14s] main 30b c3666 ic_m4 random_sub_r0 table completed_valid t=0.0s
[     14s] main 30b c3666 ic_m4 random_sub_r1 table completed_valid t=0.0s
[     14s] main 30b c3666 ic_m4 random_sub_r2 table completed_valid t=0.0s
[     14s] main 30b c3666 ic_m4 known_null_sub table completed_valid t=0.0s
[     14s] main 30b c3666 ic_m4 planted_sub table completed_valid t=0.0s
[     14s] main 30b c3666 ic_m4 small_x_offset table completed_valid t=0.0s
[     14s] main 30b c3667 ic_m4 subgroup table completed_valid t=0.0s
[     14s] main 30b c3667 ic_m4 small_x table completed_valid t=0.0s
[     14s] main 30b c3667 ic_m4 random_sub_r0 table completed_valid t=0.0s
[     14s] main 30b c3667 ic_m4 random_sub_r1 table completed_valid t=0.0s
[     14s] main 30b c3667 ic_m4 random_sub_r2 table completed_valid t=0.0s
[     14s] main 30b c3667 ic_m4 known_null_sub table completed_valid t=0.0s
[     14s] main 30b c3667 ic_m4 planted_sub table completed_valid t=0.0s
[     14s] main 30b c3667 ic_m4 small_x_offset table completed_valid t=0.0s
[     14s] main 30b c3668 ic_m4 subgroup table completed_valid t=0.0s
[     14s] main 30b c3668 ic_m4 small_x table completed_valid t=0.0s
[     14s] main 30b c3668 ic_m4 random_sub_r0 table completed_valid t=0.0s
[     14s] main 30b c3668 ic_m4 random_sub_r1 table completed_valid t=0.0s
[     14s] main 30b c3668 ic_m4 random_sub_r2 table completed_valid t=0.0s
[     14s] main 30b c3668 ic_m4 known_null_sub table completed_valid t=0.0s
[     14s] main 30b c3668 ic_m4 planted_sub table completed_valid t=0.0s
[     14s] main 30b c3668 ic_m4 small_x_offset table completed_valid t=0.0s
[     15s] main 30b c3669 ic_m4 subgroup table completed_valid t=0.0s
[     15s] main 30b c3669 ic_m4 small_x table completed_valid t=0.0s
[     15s] main 30b c3669 ic_m4 random_sub_r0 table completed_valid t=0.0s
[     15s] main 30b c3669 ic_m4 random_sub_r1 table completed_valid t=0.0s
[     15s] main 30b c3669 ic_m4 random_sub_r2 table completed_valid t=0.0s
[     15s] main 30b c3669 ic_m4 known_null_sub table completed_valid t=0.0s
[     15s] main 30b c3669 ic_m4 planted_sub table completed_valid t=0.0s
[     15s] main 30b c3669 ic_m4 small_x_offset table completed_valid t=0.0s
[     15s] main 30b c3670 ic_m4 subgroup table completed_valid t=0.0s
[     15s] main 30b c3670 ic_m4 small_x table completed_valid t=0.0s
[     15s] main 30b c3670 ic_m4 random_sub_r0 table completed_valid t=0.0s
[     15s] main 30b c3670 ic_m4 random_sub_r1 table completed_valid t=0.0s
[     15s] main 30b c3670 ic_m4 random_sub_r2 table completed_valid t=0.0s
[     15s] main 30b c3670 ic_m4 known_null_sub table completed_valid t=0.0s
[     15s] main 30b c3670 ic_m4 planted_sub table completed_valid t=0.0s
[     15s] main 30b c3670 ic_m4 small_x_offset table completed_valid t=0.0s
[     15s] main 30b c3671 ic_m4 subgroup table completed_valid t=0.0s
[     15s] main 30b c3671 ic_m4 small_x table completed_valid t=0.0s
[     15s] main 30b c3671 ic_m4 random_sub_r0 table completed_valid t=0.0s
[     15s] main 30b c3671 ic_m4 random_sub_r1 table completed_valid t=0.0s
[     15s] main 30b c3671 ic_m4 random_sub_r2 table completed_valid t=0.0s
[     15s] main 30b c3671 ic_m4 known_null_sub table completed_valid t=0.0s
[     15s] main 30b c3671 ic_m4 planted_sub table completed_valid t=0.0s
[     15s] main 30b c3671 ic_m4 small_x_offset table completed_valid t=0.0s
[     15s] main 30b c3672 ic_m4 subgroup table completed_valid t=0.0s
[     15s] main 30b c3672 ic_m4 small_x table completed_valid t=0.0s
[     15s] main 30b c3672 ic_m4 random_sub_r0 table completed_valid t=0.0s
[     15s] main 30b c3672 ic_m4 random_sub_r1 table completed_valid t=0.0s
[     15s] main 30b c3672 ic_m4 random_sub_r2 table completed_valid t=0.0s
[     15s] main 30b c3672 ic_m4 known_null_sub table completed_valid t=0.0s
[     15s] main 30b c3672 ic_m4 planted_sub table completed_valid t=0.0s
[     15s] main 30b c3672 ic_m4 small_x_offset table completed_valid t=0.0s
[     16s] main 30b c3673 ic_m4 subgroup table completed_valid t=0.0s
[     16s] main 30b c3673 ic_m4 small_x table completed_valid t=0.0s
[     16s] main 30b c3673 ic_m4 random_sub_r0 table completed_valid t=0.0s
[     16s] main 30b c3673 ic_m4 random_sub_r1 table completed_valid t=0.0s
[     16s] main 30b c3673 ic_m4 random_sub_r2 table completed_valid t=0.0s
[     16s] main 30b c3673 ic_m4 known_null_sub table completed_valid t=0.0s
[     16s] main 30b c3673 ic_m4 planted_sub table completed_valid t=0.0s
[     16s] main 30b c3673 ic_m4 small_x_offset table completed_valid t=0.0s
[     16s] main 30b c3674 ic_m4 subgroup table completed_valid t=0.0s
[     16s] main 30b c3674 ic_m4 small_x table completed_valid t=0.0s
[     16s] main 30b c3674 ic_m4 random_sub_r0 table completed_valid t=0.0s
[     16s] main 30b c3674 ic_m4 random_sub_r1 table completed_valid t=0.0s
[     16s] main 30b c3674 ic_m4 random_sub_r2 table completed_valid t=0.0s
[     16s] main 30b c3674 ic_m4 known_null_sub table completed_valid t=0.0s
[     16s] main 30b c3674 ic_m4 planted_sub table completed_valid t=0.0s
[     16s] main 30b c3674 ic_m4 small_x_offset table completed_valid t=0.0s
[     16s] main 30b c3675 ic_m4 subgroup table completed_valid t=0.0s
[     16s] main 30b c3675 ic_m4 small_x table completed_valid t=0.0s
[     16s] main 30b c3675 ic_m4 random_sub_r0 table completed_valid t=0.0s
[     16s] main 30b c3675 ic_m4 random_sub_r1 table completed_valid t=0.0s
[     16s] main 30b c3675 ic_m4 random_sub_r2 table completed_valid t=0.0s
[     16s] main 30b c3675 ic_m4 known_null_sub table completed_valid t=0.0s
[     16s] main 30b c3675 ic_m4 planted_sub table completed_valid t=0.0s
[     16s] main 30b c3675 ic_m4 small_x_offset table completed_valid t=0.0s
[     16s] main 30b c3676 ic_m4 subgroup table completed_valid t=0.0s
[     16s] main 30b c3676 ic_m4 small_x table completed_valid t=0.0s
[     16s] main 30b c3676 ic_m4 random_sub_r0 table completed_valid t=0.0s
[     16s] main 30b c3676 ic_m4 random_sub_r1 table completed_valid t=0.0s
[     16s] main 30b c3676 ic_m4 random_sub_r2 table completed_valid t=0.0s
[     16s] main 30b c3676 ic_m4 known_null_sub table completed_valid t=0.0s
[     16s] main 30b c3676 ic_m4 planted_sub table completed_valid t=0.0s
[     16s] main 30b c3676 ic_m4 small_x_offset table completed_valid t=0.0s
[     17s] main 30b c3677 ic_m4 subgroup table completed_valid t=0.0s
[     17s] main 30b c3677 ic_m4 small_x table completed_valid t=0.0s
[     17s] main 30b c3677 ic_m4 random_sub_r0 table completed_valid t=0.0s
[     17s] main 30b c3677 ic_m4 random_sub_r1 table completed_valid t=0.0s
[     17s] main 30b c3677 ic_m4 random_sub_r2 table completed_valid t=0.0s
[     17s] main 30b c3677 ic_m4 known_null_sub table completed_valid t=0.0s
[     17s] main 30b c3677 ic_m4 planted_sub table completed_valid t=0.0s
[     17s] main 30b c3677 ic_m4 small_x_offset table completed_valid t=0.0s
[     17s] main 30b c3678 ic_m4 subgroup table completed_valid t=0.0s
[     17s] main 30b c3678 ic_m4 small_x table completed_valid t=0.0s
[     17s] main 30b c3678 ic_m4 random_sub_r0 table completed_valid t=0.0s
[     17s] main 30b c3678 ic_m4 random_sub_r1 table completed_valid t=0.0s
[     17s] main 30b c3678 ic_m4 random_sub_r2 table completed_valid t=0.0s
[     17s] main 30b c3678 ic_m4 known_null_sub table completed_valid t=0.0s
[     17s] main 30b c3678 ic_m4 planted_sub table completed_valid t=0.0s
[     17s] main 30b c3678 ic_m4 small_x_offset table completed_valid t=0.0s
[     17s] main 30b c3679 ic_m4 subgroup table completed_valid t=0.0s
[     17s] main 30b c3679 ic_m4 small_x table completed_valid t=0.0s
[     17s] main 30b c3679 ic_m4 random_sub_r0 table completed_valid t=0.0s
[     17s] main 30b c3679 ic_m4 random_sub_r1 table completed_valid t=0.0s
[     17s] main 30b c3679 ic_m4 random_sub_r2 table completed_valid t=0.0s
[     17s] main 30b c3679 ic_m4 known_null_sub table completed_valid t=0.0s
[     17s] main 30b c3679 ic_m4 planted_sub table completed_valid t=0.0s
[     17s] main 30b c3679 ic_m4 small_x_offset table completed_valid t=0.0s
[     17s] main 30b c3680 ic_m4 subgroup table completed_valid t=0.0s
[     17s] main 30b c3680 ic_m4 small_x table completed_valid t=0.0s
[     17s] main 30b c3680 ic_m4 random_sub_r0 table completed_valid t=0.0s
[     17s] main 30b c3680 ic_m4 random_sub_r1 table completed_valid t=0.0s
[     17s] main 30b c3680 ic_m4 random_sub_r2 table completed_valid t=0.0s
[     17s] main 30b c3680 ic_m4 known_null_sub table completed_valid t=0.0s
[     17s] main 30b c3680 ic_m4 planted_sub table completed_valid t=0.0s
[     17s] main 30b c3680 ic_m4 small_x_offset table completed_valid t=0.0s
[     18s] main 30b c3681 ic_m4 subgroup table completed_valid t=0.0s
[     18s] main 30b c3681 ic_m4 small_x table completed_valid t=0.0s
[     18s] main 30b c3681 ic_m4 random_sub_r0 table completed_valid t=0.0s
[     18s] main 30b c3681 ic_m4 random_sub_r1 table completed_valid t=0.0s
[     18s] main 30b c3681 ic_m4 random_sub_r2 table completed_valid t=0.0s
[     18s] main 30b c3681 ic_m4 known_null_sub table completed_valid t=0.0s
[     18s] main 30b c3681 ic_m4 planted_sub table completed_valid t=0.0s
[     18s] main 30b c3681 ic_m4 small_x_offset table completed_valid t=0.0s
[     18s] main 30b c3682 ic_m4 subgroup table completed_valid t=0.0s
[     18s] main 30b c3682 ic_m4 small_x table completed_valid t=0.0s
[     18s] main 30b c3682 ic_m4 random_sub_r0 table completed_valid t=0.0s
[     18s] main 30b c3682 ic_m4 random_sub_r1 table completed_valid t=0.0s
[     18s] main 30b c3682 ic_m4 random_sub_r2 table completed_valid t=0.0s
[     18s] main 30b c3682 ic_m4 known_null_sub table completed_valid t=0.0s
[     18s] main 30b c3682 ic_m4 planted_sub table completed_valid t=0.0s
[     18s] main 30b c3682 ic_m4 small_x_offset table completed_valid t=0.0s
[     18s] main 30b c3683 ic_m4 subgroup table completed_valid t=0.0s
[     18s] main 30b c3683 ic_m4 small_x table completed_valid t=0.0s
[     18s] main 30b c3683 ic_m4 random_sub_r0 table completed_valid t=0.0s
[     18s] main 30b c3683 ic_m4 random_sub_r1 table completed_valid t=0.0s
[     18s] main 30b c3683 ic_m4 random_sub_r2 table completed_valid t=0.0s
[     18s] main 30b c3683 ic_m4 known_null_sub table completed_valid t=0.0s
[     18s] main 30b c3683 ic_m4 planted_sub table completed_valid t=0.0s
[     18s] main 30b c3683 ic_m4 small_x_offset table completed_valid t=0.0s
[     18s] main 30b c3684 ic_m4 subgroup table completed_valid t=0.0s
[     18s] main 30b c3684 ic_m4 small_x table completed_valid t=0.0s
[     18s] main 30b c3684 ic_m4 random_sub_r0 table completed_valid t=0.0s
[     18s] main 30b c3684 ic_m4 random_sub_r1 table completed_valid t=0.0s
[     18s] main 30b c3684 ic_m4 random_sub_r2 table completed_valid t=0.0s
[     18s] main 30b c3684 ic_m4 known_null_sub table completed_valid t=0.0s
[     18s] main 30b c3684 ic_m4 planted_sub table completed_valid t=0.0s
[     18s] main 30b c3684 ic_m4 small_x_offset table completed_valid t=0.0s
[     19s] main 30b c3685 ic_m4 subgroup table completed_valid t=0.0s
[     19s] main 30b c3685 ic_m4 small_x table completed_valid t=0.0s
[     19s] main 30b c3685 ic_m4 random_sub_r0 table completed_valid t=0.0s
[     19s] main 30b c3685 ic_m4 random_sub_r1 table completed_valid t=0.0s
[     19s] main 30b c3685 ic_m4 random_sub_r2 table completed_valid t=0.0s
[     19s] main 30b c3685 ic_m4 known_null_sub table completed_valid t=0.0s
[     19s] main 30b c3685 ic_m4 planted_sub table completed_valid t=0.0s
[     19s] main 30b c3685 ic_m4 small_x_offset table completed_valid t=0.0s
[     19s] main 30b c3686 ic_m4 subgroup table completed_valid t=0.0s
[     19s] main 30b c3686 ic_m4 small_x table completed_valid t=0.0s
[     19s] main 30b c3686 ic_m4 random_sub_r0 table completed_valid t=0.0s
[     19s] main 30b c3686 ic_m4 random_sub_r1 table completed_valid t=0.0s
[     19s] main 30b c3686 ic_m4 random_sub_r2 table completed_valid t=0.0s
[     19s] main 30b c3686 ic_m4 known_null_sub table completed_valid t=0.0s
[     19s] main 30b c3686 ic_m4 planted_sub table completed_valid t=0.0s
[     19s] main 30b c3686 ic_m4 small_x_offset table completed_valid t=0.0s
[     19s] main 30b c3687 ic_m4 subgroup table completed_valid t=0.0s
[     19s] main 30b c3687 ic_m4 small_x table completed_valid t=0.0s
[     19s] main 30b c3687 ic_m4 random_sub_r0 table completed_valid t=0.0s
[     19s] main 30b c3687 ic_m4 random_sub_r1 table completed_valid t=0.0s
[     19s] main 30b c3687 ic_m4 random_sub_r2 table completed_valid t=0.0s
[     19s] main 30b c3687 ic_m4 known_null_sub table completed_valid t=0.0s
[     19s] main 30b c3687 ic_m4 planted_sub table completed_valid t=0.0s
[     19s] main 30b c3687 ic_m4 small_x_offset table completed_valid t=0.0s
[     19s] main 30b c3688 ic_m4 subgroup table completed_valid t=0.0s
[     19s] main 30b c3688 ic_m4 small_x table completed_valid t=0.0s
[     19s] main 30b c3688 ic_m4 random_sub_r0 table completed_valid t=0.0s
[     19s] main 30b c3688 ic_m4 random_sub_r1 table completed_valid t=0.0s
[     19s] main 30b c3688 ic_m4 random_sub_r2 table completed_valid t=0.0s
[     19s] main 30b c3688 ic_m4 known_null_sub table completed_valid t=0.0s
[     19s] main 30b c3688 ic_m4 planted_sub table completed_valid t=0.0s
[     19s] main 30b c3688 ic_m4 small_x_offset table completed_valid t=0.0s
[     20s] main 30b c3689 ic_m4 subgroup table completed_valid t=0.0s
[     20s] main 30b c3689 ic_m4 small_x table completed_valid t=0.0s
[     20s] main 30b c3689 ic_m4 random_sub_r0 table completed_valid t=0.0s
[     20s] main 30b c3689 ic_m4 random_sub_r1 table completed_valid t=0.0s
[     20s] main 30b c3689 ic_m4 random_sub_r2 table completed_valid t=0.0s
[     20s] main 30b c3689 ic_m4 known_null_sub table completed_valid t=0.0s
[     20s] main 30b c3689 ic_m4 planted_sub table completed_valid t=0.0s
[     20s] main 30b c3689 ic_m4 small_x_offset table completed_valid t=0.0s
[     20s] main 30b c3690 ic_m4 subgroup table completed_valid t=0.0s
[     20s] main 30b c3690 ic_m4 small_x table completed_valid t=0.0s
[     20s] main 30b c3690 ic_m4 random_sub_r0 table completed_valid t=0.0s
[     20s] main 30b c3690 ic_m4 random_sub_r1 table completed_valid t=0.0s
[     20s] main 30b c3690 ic_m4 random_sub_r2 table completed_valid t=0.0s
[     20s] main 30b c3690 ic_m4 known_null_sub table completed_valid t=0.0s
[     20s] main 30b c3690 ic_m4 planted_sub table completed_valid t=0.0s
[     20s] main 30b c3690 ic_m4 small_x_offset table completed_valid t=0.0s
[     20s] main 30b c3691 ic_m4 subgroup table completed_valid t=0.0s
[     20s] main 30b c3691 ic_m4 small_x table completed_valid t=0.0s
[     20s] main 30b c3691 ic_m4 random_sub_r0 table completed_valid t=0.0s
[     20s] main 30b c3691 ic_m4 random_sub_r1 table completed_valid t=0.0s
[     20s] main 30b c3691 ic_m4 random_sub_r2 table completed_valid t=0.0s
[     20s] main 30b c3691 ic_m4 known_null_sub table completed_valid t=0.0s
[     20s] main 30b c3691 ic_m4 planted_sub table completed_valid t=0.0s
[     20s] main 30b c3691 ic_m4 small_x_offset table completed_valid t=0.0s
[     20s] main 30b c3692 ic_m4 subgroup table completed_valid t=0.0s
[     20s] main 30b c3692 ic_m4 small_x table completed_valid t=0.0s
[     20s] main 30b c3692 ic_m4 random_sub_r0 table completed_valid t=0.0s
[     20s] main 30b c3692 ic_m4 random_sub_r1 table completed_valid t=0.0s
[     20s] main 30b c3692 ic_m4 random_sub_r2 table completed_valid t=0.0s
[     20s] main 30b c3692 ic_m4 known_null_sub table completed_valid t=0.0s
[     20s] main 30b c3692 ic_m4 planted_sub table completed_valid t=0.0s
[     20s] main 30b c3692 ic_m4 small_x_offset table completed_valid t=0.0s
[     20s] main 30b c3693 ic_m4 subgroup table completed_valid t=0.0s
[     20s] main 30b c3693 ic_m4 small_x table completed_valid t=0.0s
[     20s] main 30b c3693 ic_m4 random_sub_r0 table completed_valid t=0.0s
[     20s] main 30b c3693 ic_m4 random_sub_r1 table completed_valid t=0.0s
[     20s] main 30b c3693 ic_m4 random_sub_r2 table completed_valid t=0.0s
[     20s] main 30b c3693 ic_m4 known_null_sub table completed_valid t=0.0s
[     20s] main 30b c3693 ic_m4 planted_sub table completed_valid t=0.0s
[     20s] main 30b c3693 ic_m4 small_x_offset table completed_valid t=0.0s
[     21s] main 30b c3694 ic_m4 subgroup table completed_valid t=0.0s
[     21s] main 30b c3694 ic_m4 small_x table completed_valid t=0.0s
[     21s] main 30b c3694 ic_m4 random_sub_r0 table completed_valid t=0.0s
[     21s] main 30b c3694 ic_m4 random_sub_r1 table completed_valid t=0.0s
[     21s] main 30b c3694 ic_m4 random_sub_r2 table completed_valid t=0.0s
[     21s] main 30b c3694 ic_m4 known_null_sub table completed_valid t=0.0s
[     21s] main 30b c3694 ic_m4 planted_sub table completed_valid t=0.0s
[     21s] main 30b c3694 ic_m4 small_x_offset table completed_valid t=0.0s
[     21s] main 30b c3695 ic_m4 subgroup table completed_valid t=0.0s
[     21s] main 30b c3695 ic_m4 small_x table completed_valid t=0.0s
[     21s] main 30b c3695 ic_m4 random_sub_r0 table completed_valid t=0.0s
[     21s] main 30b c3695 ic_m4 random_sub_r1 table completed_valid t=0.0s
[     21s] main 30b c3695 ic_m4 random_sub_r2 table completed_valid t=0.0s
[     21s] main 30b c3695 ic_m4 known_null_sub table completed_valid t=0.0s
[     21s] main 30b c3695 ic_m4 planted_sub table completed_valid t=0.0s
[     21s] main 30b c3695 ic_m4 small_x_offset table completed_valid t=0.0s
[     21s] main 30b c3696 ic_m4 subgroup table completed_valid t=0.0s
[     21s] main 30b c3696 ic_m4 small_x table completed_valid t=0.0s
[     21s] main 30b c3696 ic_m4 random_sub_r0 table completed_valid t=0.0s
[     21s] main 30b c3696 ic_m4 random_sub_r1 table completed_valid t=0.0s
[     21s] main 30b c3696 ic_m4 random_sub_r2 table completed_valid t=0.0s
[     21s] main 30b c3696 ic_m4 known_null_sub table completed_valid t=0.0s
[     21s] main 30b c3696 ic_m4 planted_sub table completed_valid t=0.0s
[     21s] main 30b c3696 ic_m4 small_x_offset table completed_valid t=0.0s
[     21s] main 30b c3697 ic_m4 subgroup table completed_valid t=0.0s
[     21s] main 30b c3697 ic_m4 small_x table completed_valid t=0.0s
[     21s] main 30b c3697 ic_m4 random_sub_r0 table completed_valid t=0.0s
[     21s] main 30b c3697 ic_m4 random_sub_r1 table completed_valid t=0.0s
[     21s] main 30b c3697 ic_m4 random_sub_r2 table completed_valid t=0.0s
[     21s] main 30b c3697 ic_m4 known_null_sub table completed_valid t=0.0s
[     21s] main 30b c3697 ic_m4 planted_sub table completed_valid t=0.0s
[     21s] main 30b c3697 ic_m4 small_x_offset table completed_valid t=0.0s
[     21s] main 30b c3698 ic_m4 subgroup table completed_valid t=0.0s
[     21s] main 30b c3698 ic_m4 small_x table completed_valid t=0.0s
[     21s] main 30b c3698 ic_m4 random_sub_r0 table completed_valid t=0.0s
[     21s] main 30b c3698 ic_m4 random_sub_r1 table completed_valid t=0.0s
[     21s] main 30b c3698 ic_m4 random_sub_r2 table completed_valid t=0.0s
[     21s] main 30b c3698 ic_m4 known_null_sub table completed_valid t=0.0s
[     21s] main 30b c3698 ic_m4 planted_sub table completed_valid t=0.0s
[     21s] main 30b c3698 ic_m4 small_x_offset table completed_valid t=0.0s
[     22s] main 30b c3699 ic_m4 subgroup table completed_valid t=0.0s
[     22s] main 30b c3699 ic_m4 small_x table completed_valid t=0.0s
[     22s] main 30b c3699 ic_m4 random_sub_r0 table completed_valid t=0.0s
[     22s] main 30b c3699 ic_m4 random_sub_r1 table completed_valid t=0.0s
[     22s] main 30b c3699 ic_m4 random_sub_r2 table completed_valid t=0.0s
[     22s] main 30b c3699 ic_m4 known_null_sub table completed_valid t=0.0s
[     22s] main 30b c3699 ic_m4 planted_sub table completed_valid t=0.0s
[     22s] main 30b c3699 ic_m4 small_x_offset table completed_valid t=0.0s
[     22s] main 30b c3700 ic_m4 subgroup table completed_valid t=0.0s
[     22s] main 30b c3700 ic_m4 small_x table completed_valid t=0.0s
[     22s] main 30b c3700 ic_m4 random_sub_r0 table completed_valid t=0.0s
[     22s] main 30b c3700 ic_m4 random_sub_r1 table completed_valid t=0.0s
[     22s] main 30b c3700 ic_m4 random_sub_r2 table completed_valid t=0.0s
[     22s] main 30b c3700 ic_m4 known_null_sub table completed_valid t=0.0s
[     22s] main 30b c3700 ic_m4 planted_sub table completed_valid t=0.0s
[     22s] main 30b c3700 ic_m4 small_x_offset table completed_valid t=0.0s
[     22s] main 30b c3701 ic_m4 subgroup table completed_valid t=0.0s
[     22s] main 30b c3701 ic_m4 small_x table completed_valid t=0.0s
[     22s] main 30b c3701 ic_m4 random_sub_r0 table completed_valid t=0.0s
[     22s] main 30b c3701 ic_m4 random_sub_r1 table completed_valid t=0.0s
[     22s] main 30b c3701 ic_m4 random_sub_r2 table completed_valid t=0.0s
[     22s] main 30b c3701 ic_m4 known_null_sub table completed_valid t=0.0s
[     22s] main 30b c3701 ic_m4 planted_sub table completed_valid t=0.0s
[     22s] main 30b c3701 ic_m4 small_x_offset table completed_valid t=0.0s
[     22s] main 30b c3702 ic_m4 subgroup table completed_valid t=0.0s
[     22s] main 30b c3702 ic_m4 small_x table completed_valid t=0.0s
[     22s] main 30b c3702 ic_m4 random_sub_r0 table completed_valid t=0.0s
[     22s] main 30b c3702 ic_m4 random_sub_r1 table completed_valid t=0.0s
[     22s] main 30b c3702 ic_m4 random_sub_r2 table completed_valid t=0.0s
[     22s] main 30b c3702 ic_m4 known_null_sub table completed_valid t=0.0s
[     22s] main 30b c3702 ic_m4 planted_sub table completed_valid t=0.0s
[     22s] main 30b c3702 ic_m4 small_x_offset table completed_valid t=0.0s
[     23s] main 30b c3703 ic_m4 subgroup table completed_valid t=0.0s
[     23s] main 30b c3703 ic_m4 small_x table completed_valid t=0.0s
[     23s] main 30b c3703 ic_m4 random_sub_r0 table completed_valid t=0.0s
[     23s] main 30b c3703 ic_m4 random_sub_r1 table completed_valid t=0.0s
[     23s] main 30b c3703 ic_m4 random_sub_r2 table completed_valid t=0.0s
[     23s] main 30b c3703 ic_m4 known_null_sub table completed_valid t=0.0s
[     23s] main 30b c3703 ic_m4 planted_sub table completed_valid t=0.0s
[     23s] main 30b c3703 ic_m4 small_x_offset table completed_valid t=0.0s
[     23s] main 30b c3704 ic_m4 subgroup table completed_valid t=0.0s
[     23s] main 30b c3704 ic_m4 small_x table completed_valid t=0.0s
[     23s] main 30b c3704 ic_m4 random_sub_r0 table completed_valid t=0.0s
[     23s] main 30b c3704 ic_m4 random_sub_r1 table completed_valid t=0.0s
[     23s] main 30b c3704 ic_m4 random_sub_r2 table completed_valid t=0.0s
[     23s] main 30b c3704 ic_m4 known_null_sub table completed_valid t=0.0s
[     23s] main 30b c3704 ic_m4 planted_sub table completed_valid t=0.0s
[     23s] main 30b c3704 ic_m4 small_x_offset table completed_valid t=0.0s
[     23s] main 30b c3705 ic_m4 subgroup table completed_valid t=0.0s
[     23s] main 30b c3705 ic_m4 small_x table completed_valid t=0.0s
[     23s] main 30b c3705 ic_m4 random_sub_r0 table completed_valid t=0.0s
[     23s] main 30b c3705 ic_m4 random_sub_r1 table completed_valid t=0.0s
[     23s] main 30b c3705 ic_m4 random_sub_r2 table completed_valid t=0.0s
[     23s] main 30b c3705 ic_m4 known_null_sub table completed_valid t=0.0s
[     23s] main 30b c3705 ic_m4 planted_sub table completed_valid t=0.0s
[     23s] main 30b c3705 ic_m4 small_x_offset table completed_valid t=0.0s
[     23s] main 30b c3706 ic_m4 subgroup table completed_valid t=0.0s
[     23s] main 30b c3706 ic_m4 small_x table completed_valid t=0.0s
[     23s] main 30b c3706 ic_m4 random_sub_r0 table completed_valid t=0.0s
[     23s] main 30b c3706 ic_m4 random_sub_r1 table completed_valid t=0.0s
[     23s] main 30b c3706 ic_m4 random_sub_r2 table completed_valid t=0.0s
[     23s] main 30b c3706 ic_m4 known_null_sub table completed_valid t=0.0s
[     23s] main 30b c3706 ic_m4 planted_sub table completed_valid t=0.0s
[     23s] main 30b c3706 ic_m4 small_x_offset table completed_valid t=0.0s
[     24s] main 30b c3707 ic_m4 subgroup table completed_valid t=0.0s
[     24s] main 30b c3707 ic_m4 small_x table completed_valid t=0.0s
[     24s] main 30b c3707 ic_m4 random_sub_r0 table completed_valid t=0.0s
[     24s] main 30b c3707 ic_m4 random_sub_r1 table completed_valid t=0.0s
[     24s] main 30b c3707 ic_m4 random_sub_r2 table completed_valid t=0.0s
[     24s] main 30b c3707 ic_m4 known_null_sub table completed_valid t=0.0s
[     24s] main 30b c3707 ic_m4 planted_sub table completed_valid t=0.0s
[     24s] main 30b c3707 ic_m4 small_x_offset table completed_valid t=0.0s
[     24s] main 30b c3708 ic_m4 subgroup table completed_valid t=0.0s
[     24s] main 30b c3708 ic_m4 small_x table completed_valid t=0.0s
[     24s] main 30b c3708 ic_m4 random_sub_r0 table completed_valid t=0.0s
[     24s] main 30b c3708 ic_m4 random_sub_r1 table completed_valid t=0.0s
[     24s] main 30b c3708 ic_m4 random_sub_r2 table completed_valid t=0.0s
[     24s] main 30b c3708 ic_m4 known_null_sub table completed_valid t=0.0s
[     24s] main 30b c3708 ic_m4 planted_sub table completed_valid t=0.0s
[     24s] main 30b c3708 ic_m4 small_x_offset table completed_valid t=0.0s
[     24s] main 30b c3709 ic_m4 subgroup table completed_valid t=0.0s
[     24s] main 30b c3709 ic_m4 small_x table completed_valid t=0.0s
[     24s] main 30b c3709 ic_m4 random_sub_r0 table completed_valid t=0.0s
[     24s] main 30b c3709 ic_m4 random_sub_r1 table completed_valid t=0.0s
[     24s] main 30b c3709 ic_m4 random_sub_r2 table completed_valid t=0.0s
[     24s] main 30b c3709 ic_m4 known_null_sub table completed_valid t=0.0s
[     24s] main 30b c3709 ic_m4 planted_sub table completed_valid t=0.0s
[     24s] main 30b c3709 ic_m4 small_x_offset table completed_valid t=0.0s
