[    0.0s] step 1: C-IMMUT pre-execution hashes and instrument import
[    0.1s]   C-INSTR verdict=pass
[    0.1s] step 2: NC2b-G1-VAR retro-fit (zero new measurement)
[    0.1s]   NC2b-G1-VAR: {'PASS-WITH-POWER': 10}
[    0.1s] step 2b: Dickman grid (pure-Python port of the committed Laplace-inversion implementation)
[   84.7s]   Dickman port max |diff| = 3.197e-14 bits (pass)
[   84.7s] step 2c: L2-ANCHOR and the rest of L2-WEIGHT
[   87.0s]     L2 ladder B=50 w=3.4930 X=859865 exact n=30438 in 0.0s
[   93.8s]     L2 ladder B=50 w=4.0861 X=8754538 exact n=94622 in 0.1s
[  101.1s]     L2 ladder B=50 w=4.5750 X=59254321 exact n=224949 in 0.1s
[  108.3s]     L2 ladder B=50 w=4.7975 X=141494239 exact n=327667 in 0.2s
[  116.2s]     L2 ladder B=50 w=5.3978 X=1481662630 exact n=860317 in 0.7s
[  123.5s]     L2 ladder B=100 w=3.4930 X=9680895 exact n=265087 in 0.2s
[  131.4s]     L2 ladder B=100 w=4.0861 X=148690987 exact n=1134332 in 0.7s
[  141.9s]     L2 ladder B=100 w=4.5750 X=1412278199 exact n=3483291 in 2.8s
[  153.7s]     L2 ladder B=100 w=4.7975 X=3934755832 exact n=5688139 in 4.6s
[  178.9s]     L2 ladder B=100 w=5.3978 X=62468017989 exact n=20202907 in 17.7s
[  188.2s]     L2 ladder B=215 w=3.4930 X=140316579 exact n=3428585 in 2.3s
[  212.4s]     L2 ladder B=215 w=4.0861 X=3393716069 exact n=22050250 in 17.4s
[  302.2s]     L2 ladder B=215 w=4.5750 X=46861151289 exact n=94247973 in 82.8s
[  472.8s]     L2 ladder B=215 w=4.7975 X=154802380177 exact n=178616346 in 163.2s
[ 1326.7s]     L2 ladder B=215 w=5.3978 X=3891379985912 exact n=943758955 in 846.6s
[ 1385.9s]     L2 ladder B=500 w=3.4930 X=2675396682 exact n=59855038 in 52.0s
[ 1923.1s]     L2 ladder B=500 w=4.0861 X=106751887053 exact n=615110856 in 530.4s
[ 1930.1s]     L2 ladder B=500 w=4.5750 X=2226794579161 EXACT-NOT-FEASIBLE (predicted 2.502e+09)
[ 1937.2s]     L2 ladder B=500 w=4.7975 X=8875598571582 EXACT-NOT-FEASIBLE (predicted 5.487e+09)
[ 1944.4s]     L2 ladder B=500 w=5.3978 X=370320872251345 EXACT-NOT-FEASIBLE (predicted 4.277e+10)
[ 2536.3s]     L2 ladder B=1000 w=3.4930 X=30121267254 exact n=628546692 in 584.1s
[ 2543.3s]     L2 ladder B=1000 w=4.0861 X=1813121744208 EXACT-NOT-FEASIBLE (predicted 7.186e+09)
[ 2550.2s]     L2 ladder B=1000 w=4.5750 X=53073824347981 EXACT-NOT-FEASIBLE (predicted 5.964e+10)
[ 2557.5s]     L2 ladder B=1000 w=4.7975 X=246817916326396 EXACT-NOT-FEASIBLE (predicted 1.526e+11)
[ 2564.9s]     L2 ladder B=1000 w=5.3978 X=15613008280374436 EXACT-NOT-FEASIBLE (predicted 1.803e+12)
[ 2631.5s]   L2-ANCHOR verdict = pass
[ 2631.5s] step 3: NC2b-SLOPE (C-SYNTH, four truth arms)
[ 2633.3s]   C-SYNTH=pass  SL1=MET SL2=MET SL3=MET
[ 2633.3s] steps 4-7: C-BASE.1, j-pools, C-NULL, RG-CONTROL, NC2d-PROPER
[ 2633.3s]   launched prime worker p1 (2^20)
[ 2633.3s]   launched prime worker p2 (2^30)
[ 2633.3s]   launched prime worker p3 (2^40)
[ 2653.1s]     RG-CONTROL p=p1 ell=3 done
[ 2653.1s]     RG-CONTROL p=p1 ell=5 done
[ 2653.2s]     RG-CONTROL p=p1 ell=7 done
[ 2653.4s]     RG-CONTROL p=p1 ell=11 done
[ 2653.6s]     RG-CONTROL p=p1 ell=13 done
[ 2655.1s]     NC2d-NEW p=p1 ell=47 done
[ 2659.1s]     RG-CONTROL p=p2 ell=3 done
[ 2659.2s]     RG-CONTROL p=p2 ell=5 done
[ 2659.3s]     RG-CONTROL p=p2 ell=7 done
[ 2659.5s]     RG-CONTROL p=p2 ell=11 done
[ 2659.8s]     RG-CONTROL p=p2 ell=13 done
[ 2661.2s]     NC2d-NEW p=p1 ell=101 done
[ 2662.3s]     NC2d-NEW p=p2 ell=47 done
[ 2670.5s]     RG-CONTROL p=p3 ell=3 done
[ 2670.6s]     RG-CONTROL p=p3 ell=5 done
[ 2670.8s]     RG-CONTROL p=p3 ell=7 done
[ 2671.2s]     RG-CONTROL p=p3 ell=11 done
[ 2671.7s]     NC2d-NEW p=p2 ell=101 done
[ 2671.7s]     RG-CONTROL p=p3 ell=13 done
[ 2673.6s]     NC2d-NEW p=p1 ell=151 done
[ 2675.9s]     NC2d-NEW p=p3 ell=47 done
[ 2691.4s]     NC2d-NEW p=p2 ell=151 done
[ 2692.9s]     NC2d-NEW p=p3 ell=101 done
[ 2696.4s]     NC2d-NEW p=p1 ell=211 done
[ 2696.5s]   prime worker p1 exited rc=0
[ 2729.0s]     NC2d-NEW p=p2 ell=211 done
[ 2729.0s]   prime worker p2 exited rc=0
[ 2731.0s]     NC2d-NEW p=p3 ell=151 done
[ 2807.1s]     NC2d-NEW p=p3 ell=211 done
[ 2807.1s]   prime worker p3 exited rc=0
[ 2807.1s]   C-BASE.1 verdict=pass
[ 2807.1s] step 8: C-ALT.1, C-ALT.2, C-KARA
[ 2807.1s]   C-ALT.1=pass C-ALT.2=pass C-KARA=pass
[ 2807.1s] step 10: alpha fits, four-case designation, FC-4 disposition
[ 2809.4s]   FC-4 disposition: STANDS (alpha_primary's interval is not contained in the band; a residual trend of alpha_hat in ell is present)
[ 2809.6s]   C-IMMUT verdict=pass (24 files)
[ 2809.8s] wrote /home/user/crypto-autoresearcher/experiments/EXP-PEC-d7979c/runs/RUN-PEC-d7979c-a/raw-result.json (2530057 bytes)
