{
  "fixture_pass": true,
  "real_split_pass": true,
  "known_false_hom_pass": true,
  "reject_invalid_pass": true,
  "null_empty_pass": true,
  "REAL": {
    "id": "REAL",
    "n": 7,
    "feature": "parity",
    "action": "plus_one",
    "phi": [
      0,
      1,
      0,
      1,
      0,
      1,
      0
    ],
    "next_phi": [
      1,
      0,
      1,
      0,
      1,
      0,
      0
    ],
    "even_next": [
      1,
      1,
      1,
      0
    ],
    "odd_next": [
      0,
      0,
      0
    ],
    "must_phi": [
      0,
      1,
      0,
      1,
      0,
      1,
      0
    ],
    "must_next_phi": [
      1,
      0,
      1,
      0,
      1,
      0,
      0
    ],
    "must_even_next": [
      1,
      1,
      1,
      0
    ],
    "must_odd_next": [
      0,
      0,
      0
    ]
  },
  "KF": {
    "id": "KF",
    "n": 7,
    "claim": "phi_is_homomorphism",
    "witness": [
      3,
      4
    ],
    "phi_of_sum": 0,
    "sum_of_phi": 1,
    "homomorphism_holds": false,
    "rejected": true
  },
  "NULL": {
    "id": "NULL",
    "kind": "empty_x_list",
    "rejected": true
  }
}
