
Legend for f4 information
--------------------------------------------------------
deg       current degree of pairs selected in this round
sel       number of pairs selected in this round
pairs     total number of pairs in pair list
mat       matrix dimensions (# rows x # columns)
density   density of the matrix
new data  # new elements for basis in this round
          # zero reductions during linear algebra
time(rd)  time of the current f4 round in seconds given
          for real and cpu time
--------------------------------------------------------

deg     sel   pairs        mat          density            new data         time(rd) in sec (real|cpu)
------------------------------------------------------------------------------------------------------
  2       8     478      12 x 39         45.73%        8 new       0 zero         0.00 | 0.00         
  2       2     534      13 x 32         15.14%        1 new       1 zero         0.00 | 0.00         
  3      88     544     264 x 312         3.15%       77 new      11 zero         0.01 | 0.01         
  3     211     727     634 x 572         2.47%       80 new     131 zero         0.01 | 0.01         
  2      88     558     193 x 108         4.33%        0 new      88 zero         0.00 | 0.00         
  3     140     470     776 x 753         1.00%       12 new     128 zero         0.00 | 0.00         
  4     420     456    4366 x 16124       0.19%      420 new       0 zero         0.30 | 0.30         
  2       3    6062      16 x 57         14.47%        0 new       3 zero         0.00 | 0.00         
  3     109    6059     507 x 699         2.62%       78 new      31 zero         0.10 | 0.10         
  3      15    7910     230 x 438         7.71%       15 new       0 zero         0.02 | 0.02         
  3      30    7950     369 x 547         5.52%       30 new       0 zero         0.04 | 0.04         
  3     105    7499     489 x 562         5.18%      102 new       3 zero         0.14 | 0.14         
  2      14    6633      48 x 55         18.37%       11 new       3 zero         0.01 | 0.01         
  2      29    3540     148 x 135         5.24%        2 new      27 zero         0.00 | 0.00         
  2       4    3509      58 x 63          7.99%        0 new       4 zero         0.00 | 0.00         
  3     371    3505    3203 x 3664        0.39%       49 new     330 zero         0.07 | 0.07         
  3      24    4194     287 x 476         2.05%       12 new      12 zero         0.02 | 0.02         
  4    1638    4436   35832 x 71188       0.05%      978 new     660 zero         2.97 | 2.97         
  2       9    8664      28 x 108         9.33%        2 new       7 zero         0.01 | 0.01         
  2       2    6958       5 x 3          40.00%        0 new       2 zero         0.00 | 0.00         
  3     842    6956    4650 x 7743        0.42%      528 new     315 zero         1.76 | 1.74         
  2      95    3127     517 x 585         1.44%       22 new      73 zero         0.07 | 0.07         
  3    1473    3205    8319 x 7429        0.24%      234 new    1255 zero         0.76 | 0.76         
  3    1280    3715    4776 x 3722        0.37%      133 new    1152 zero         0.46 | 0.46         
------------------------------------------------------------------------------------------------------
reduce final basis        1 x 1         100.00%        1 new       0 zero         0.00 | 0.00         
------------------------------------------------------------------------------------------------------

---------------- TIMINGS ---------------
overall(elapsed)        6.77 sec
overall(cpu)            6.76 sec
select                  0.13 sec   1.9%
symbolic prep.          0.67 sec   9.9%
update                  5.64 sec  83.4%
convert                 0.06 sec   0.9%
linear algebra          0.26 sec   3.8%
reduce gb               0.00 sec   0.0%
rht                     0.00 sec   0.0%
-----------------------------------------

---------- COMPUTATIONAL DATA -----------
size of basis                     1
#terms in basis                   1
#pairs reduced                 7000
#GM criterion               4235327
#redundant elements            2913
#rows reduced                 14061
#zero reductions               4236
max. matrix data              35832 x 71188 (0.051%)
max. symbolic hash table size  2^17
max. basis hash table size     2^22
-----------------------------------------

Grobner basis has a single element
No solution
