[    0.0s] NC2b-SLOPE (EXP-P13-NC2b) starting
[    0.0s] Step 1: verify raw-result.json SHA-256
[    0.0s]   SHA-256 match: True (expected=13f8f3fa55dc2dfe observed=13f8f3fa55dc2dfe)
[    0.0s] Step 2: read null series: 47 ell values (2..211)
[    0.0s]   ell_measured count: 47
[    0.0s] Step 2: refit null OLS over W-MID (ell >= 11)
[    0.0s]   gamma_null_refit = -0.003547422 (expected -0.013241522)
[    0.0s]   log2(A_null_refit) = 12.284968689 (expected 12.333420744)
[    0.0s]   REF_null_used = 12.2849687 (nominal 12.2595000, diff=0.025469)
[    0.0s]   ANOMALY: UNEXPECTED OBSERVATION: gamma_null_refit=-0.003547422 differs from DEC-20260802-48c72c expected value -0.013241522 by 0.009694. DIAGNOSIS: the committed nc2b null_fit in RUN-PEC-49c773-a used the EXP-...
[    0.0s] Step 3: form synthetic series S_s(ell) for s in [0.4, 0.8]
[    0.0s]   s=0.4 sample S_s(ell): {11: '13527.53', 47: '22738.84', 101: '31060.02', 211: '41801.14'}
[    0.0s]   s=0.8 sample S_s(ell): {11: '35300.08', 47: '106073.63', 101: '196757.04', 211: '355550.37'}
[    0.0s] Step 4: apply estimator
[    0.0s]   s=0.4 W-ALL: gamma_s_hat=0.403269 (SE=0.003010) log2(A_s_hat)=12.239434
[    0.0s]     s=0.4 W-ALL field=NIST_I_256: est=17.9659 pred=17.9650 err=0.0009 PASS
[    0.0s]     s=0.4 W-ALL field=NIST_III_384: est=19.4176 pred=19.4050 err=0.0127 PASS
[    0.0s]     s=0.4 W-ALL field=NIST_V_512: est=20.6678 pred=20.6450 err=0.0228 PASS
[    0.0s]     s=0.4 W-ALL field=log2p_576: est=21.2323 pred=21.2050 err=0.0274 PASS
[    0.0s]     s=0.4 W-ALL field=log2p_768: est=22.7648 pred=22.7250 err=0.0398 PASS
[    0.0s]   s=0.4 W-MID: gamma_s_hat=0.396453 (SE=0.003459) log2(A_s_hat)=12.284969
[    0.0s]     s=0.4 W-MID field=NIST_I_256: est=17.9146 pred=17.9650 err=0.0504 PASS
[    0.0s]     s=0.4 W-MID field=NIST_III_384: est=19.3418 pred=19.4050 err=0.0631 PASS
[    0.0s]     s=0.4 W-MID field=NIST_V_512: est=20.5708 pred=20.6450 err=0.0741 PASS
[    0.0s]     s=0.4 W-MID field=log2p_576: est=21.1259 pred=21.2050 err=0.0791 PASS
[    0.0s]     s=0.4 W-MID field=log2p_768: est=22.6324 pred=22.7250 err=0.0926 PASS
[    0.0s]   s=0.8 W-ALL: gamma_s_hat=0.803269 (SE=0.003010) log2(A_s_hat)=12.239434
[    0.0s]     s=0.8 W-ALL field=NIST_I_256: est=23.6459 pred=23.6450 err=0.0009 PASS
[    0.0s]     s=0.8 W-ALL field=NIST_III_384: est=26.5376 pred=26.5250 err=0.0127 PASS
[    0.0s]     s=0.8 W-ALL field=NIST_V_512: est=29.0278 pred=29.0050 err=0.0228 PASS
[    0.0s]     s=0.8 W-ALL field=log2p_576: est=30.1523 pred=30.1250 err=0.0274 PASS
[    0.0s]     s=0.8 W-ALL field=log2p_768: est=33.2048 pred=33.1650 err=0.0398 PASS
[    0.0s]   s=0.8 W-MID: gamma_s_hat=0.796453 (SE=0.003459) log2(A_s_hat)=12.284969
[    0.0s]     s=0.8 W-MID field=NIST_I_256: est=23.5946 pred=23.6450 err=0.0504 PASS
[    0.0s]     s=0.8 W-MID field=NIST_III_384: est=26.4618 pred=26.5250 err=0.0631 PASS
[    0.0s]     s=0.8 W-MID field=NIST_V_512: est=28.9308 pred=29.0050 err=0.0741 PASS
[    0.0s]     s=0.8 W-MID field=log2p_576: est=30.0459 pred=30.1250 err=0.0791 PASS
[    0.0s]     s=0.8 W-MID field=log2p_768: est=33.0724 pred=33.1650 err=0.0926 PASS
[    0.0s] Step 5: evaluate NC2b-SLOPE-G1 gate (W-MID)
[    0.0s]   s=0.4 W-MID: all_pass=True worst_error=0.0926
[    0.0s]   s=0.8 W-MID: all_pass=True worst_error=0.0926
[    0.0s] NC2b-SLOPE-G1 gate verdict: PASS
[    0.0s] wrote experiments/EXP-P13-NC2b/runs/RUN-P13-NC2b-a/raw-result.json
[    0.0s] DONE in 0.010s
