[     11s] main 30b c50 ic_m4 subgroup search completed_valid t=1.1s
[     11s] main 30b c50 ic_m4 dickson search completed_valid t=1.0s
[     11s] main 30b c50 ic_m4 small_x search completed_valid t=1.1s
[     11s] main 30b c50 ic_m4 random_sub_r0 search completed_valid t=1.2s
[     11s] main 30b c50 ic_m4 random_sub_r1 search completed_valid t=1.0s
[     11s] main 30b c50 ic_m4 random_sub_r2 search completed_valid t=1.1s
[     11s] main 30b c50 ic_m4 known_null_sub search completed_valid t=1.0s
[     11s] main 30b c50 ic_m4 random_dick_r0 search completed_valid t=0.9s
[     11s] main 30b c50 ic_m4 random_dick_r1 search completed_valid t=1.0s
[     11s] main 30b c50 ic_m4 random_dick_r2 search completed_valid t=1.0s
[     11s] main 30b c50 ic_m4 known_null_dick search completed_valid t=1.0s
[     24s] main 30b c51 ic_m4 subgroup search completed_valid t=1.4s
[     24s] main 30b c51 ic_m4 dickson search completed_valid t=1.1s
[     24s] main 30b c51 ic_m4 small_x search completed_valid t=0.9s
[     24s] main 30b c51 ic_m4 random_sub_r0 search completed_valid t=1.3s
[     24s] main 30b c51 ic_m4 random_sub_r1 search completed_valid t=1.0s
[     24s] main 30b c51 ic_m4 random_sub_r2 search completed_valid t=1.0s
[     24s] main 30b c51 ic_m4 known_null_sub search completed_valid t=0.9s
[     24s] main 30b c51 ic_m4 random_dick_r0 search completed_valid t=1.2s
[     24s] main 30b c51 ic_m4 random_dick_r1 search completed_valid t=1.1s
[     24s] main 30b c51 ic_m4 random_dick_r2 search completed_valid t=0.9s
[     24s] main 30b c51 ic_m4 known_null_dick search completed_valid t=1.1s
[     34s] main 30b c52 ic_m4 subgroup search completed_valid t=0.9s
[     34s] main 30b c52 ic_m4 dickson search completed_valid t=1.0s
[     34s] main 30b c52 ic_m4 small_x search completed_valid t=1.0s
[     34s] main 30b c52 ic_m4 random_sub_r0 search completed_valid t=0.9s
[     34s] main 30b c52 ic_m4 random_sub_r1 search completed_valid t=1.0s
[     34s] main 30b c52 ic_m4 random_sub_r2 search completed_valid t=0.8s
[     34s] main 30b c52 ic_m4 known_null_sub search completed_valid t=1.0s
[     34s] main 30b c52 ic_m4 random_dick_r0 search completed_valid t=1.1s
[     34s] main 30b c52 ic_m4 random_dick_r1 search completed_valid t=0.9s
[     34s] main 30b c52 ic_m4 random_dick_r2 search completed_valid t=0.9s
[     34s] main 30b c52 ic_m4 known_null_dick search completed_valid t=1.0s
[     46s] main 30b c53 ic_m4 subgroup search completed_valid t=1.0s
[     46s] main 30b c53 ic_m4 dickson search completed_valid t=1.0s
[     46s] main 30b c53 ic_m4 small_x search completed_valid t=1.0s
[     46s] main 30b c53 ic_m4 random_sub_r0 search completed_valid t=0.9s
[     46s] main 30b c53 ic_m4 random_sub_r1 search completed_valid t=1.1s
[     46s] main 30b c53 ic_m4 random_sub_r2 search completed_valid t=1.0s
[     46s] main 30b c53 ic_m4 known_null_sub search completed_valid t=1.2s
[     46s] main 30b c53 ic_m4 random_dick_r0 search completed_valid t=0.9s
[     46s] main 30b c53 ic_m4 random_dick_r1 search completed_valid t=1.2s
[     46s] main 30b c53 ic_m4 random_dick_r2 search completed_valid t=1.1s
[     46s] main 30b c53 ic_m4 known_null_dick search completed_valid t=1.2s
[     59s] main 30b c54 ic_m4 subgroup search completed_valid t=1.1s
[     59s] main 30b c54 ic_m4 dickson search completed_valid t=1.1s
[     59s] main 30b c54 ic_m4 small_x search completed_valid t=1.1s
[     59s] main 30b c54 ic_m4 random_sub_r0 search completed_valid t=1.3s
[     59s] main 30b c54 ic_m4 random_sub_r1 search completed_valid t=1.0s
[     59s] main 30b c54 ic_m4 random_sub_r2 search completed_valid t=1.2s
[     59s] main 30b c54 ic_m4 known_null_sub search completed_valid t=1.2s
[     59s] main 30b c54 ic_m4 random_dick_r0 search completed_valid t=1.1s
[     59s] main 30b c54 ic_m4 random_dick_r1 search completed_valid t=1.2s
[     59s] main 30b c54 ic_m4 random_dick_r2 search completed_valid t=1.2s
[     59s] main 30b c54 ic_m4 known_null_dick search completed_valid t=1.3s
[     71s] main 30b c55 ic_m4 subgroup search completed_valid t=1.1s
[     71s] main 30b c55 ic_m4 dickson search completed_valid t=1.1s
[     71s] main 30b c55 ic_m4 small_x search completed_valid t=1.2s
[     71s] main 30b c55 ic_m4 random_sub_r0 search completed_valid t=1.1s
[     71s] main 30b c55 ic_m4 random_sub_r1 search completed_valid t=1.2s
[     71s] main 30b c55 ic_m4 random_sub_r2 search completed_valid t=1.2s
[     71s] main 30b c55 ic_m4 known_null_sub search completed_valid t=1.1s
[     71s] main 30b c55 ic_m4 random_dick_r0 search completed_valid t=1.4s
[     71s] main 30b c55 ic_m4 random_dick_r1 search completed_valid t=1.3s
[     71s] main 30b c55 ic_m4 random_dick_r2 search completed_valid t=1.1s
[     71s] main 30b c55 ic_m4 known_null_dick search completed_valid t=0.9s
[     85s] main 30b c56 ic_m4 subgroup search completed_valid t=1.4s
[     85s] main 30b c56 ic_m4 dickson search completed_valid t=1.2s
[     85s] main 30b c56 ic_m4 small_x search completed_valid t=1.4s
[     85s] main 30b c56 ic_m4 random_sub_r0 search completed_valid t=1.2s
[     85s] main 30b c56 ic_m4 random_sub_r1 search completed_valid t=1.2s
[     85s] main 30b c56 ic_m4 random_sub_r2 search completed_valid t=1.1s
[     85s] main 30b c56 ic_m4 known_null_sub search completed_valid t=1.1s
[     85s] main 30b c56 ic_m4 random_dick_r0 search completed_valid t=1.1s
[     85s] main 30b c56 ic_m4 random_dick_r1 search completed_valid t=1.3s
[     85s] main 30b c56 ic_m4 random_dick_r2 search completed_valid t=1.4s
[     85s] main 30b c56 ic_m4 known_null_dick search completed_valid t=1.2s
[     98s] main 30b c57 ic_m4 subgroup search completed_valid t=1.1s
[     98s] main 30b c57 ic_m4 dickson search completed_valid t=0.9s
[     98s] main 30b c57 ic_m4 small_x search completed_valid t=1.0s
[     98s] main 30b c57 ic_m4 random_sub_r0 search completed_valid t=1.0s
[     98s] main 30b c57 ic_m4 random_sub_r1 search completed_valid t=1.4s
[     98s] main 30b c57 ic_m4 random_sub_r2 search completed_valid t=1.1s
[     98s] main 30b c57 ic_m4 known_null_sub search completed_valid t=1.2s
[     98s] main 30b c57 ic_m4 random_dick_r0 search completed_valid t=1.2s
[     98s] main 30b c57 ic_m4 random_dick_r1 search completed_valid t=1.0s
[     98s] main 30b c57 ic_m4 random_dick_r2 search completed_valid t=1.1s
[     98s] main 30b c57 ic_m4 known_null_dick search completed_valid t=1.2s
[    111s] main 30b c58 ic_m4 subgroup search completed_valid t=1.1s
[    111s] main 30b c58 ic_m4 dickson search completed_valid t=1.1s
[    111s] main 30b c58 ic_m4 small_x search completed_valid t=1.2s
[    111s] main 30b c58 ic_m4 random_sub_r0 search completed_valid t=1.2s
[    111s] main 30b c58 ic_m4 random_sub_r1 search completed_valid t=1.6s
[    111s] main 30b c58 ic_m4 random_sub_r2 search completed_valid t=1.0s
[    111s] main 30b c58 ic_m4 known_null_sub search completed_valid t=1.0s
[    111s] main 30b c58 ic_m4 random_dick_r0 search completed_valid t=1.2s
[    111s] main 30b c58 ic_m4 random_dick_r1 search completed_valid t=1.0s
[    111s] main 30b c58 ic_m4 random_dick_r2 search completed_valid t=1.1s
[    111s] main 30b c58 ic_m4 known_null_dick search completed_valid t=1.2s
[    124s] main 30b c59 ic_m4 subgroup search completed_valid t=1.3s
[    124s] main 30b c59 ic_m4 dickson search completed_valid t=1.1s
[    124s] main 30b c59 ic_m4 small_x search completed_valid t=1.3s
[    124s] main 30b c59 ic_m4 random_sub_r0 search completed_valid t=1.2s
[    124s] main 30b c59 ic_m4 random_sub_r1 search completed_valid t=1.2s
[    124s] main 30b c59 ic_m4 random_sub_r2 search completed_valid t=1.2s
[    124s] main 30b c59 ic_m4 known_null_sub search completed_valid t=1.2s
[    124s] main 30b c59 ic_m4 random_dick_r0 search completed_valid t=1.2s
[    124s] main 30b c59 ic_m4 random_dick_r1 search completed_valid t=1.1s
[    124s] main 30b c59 ic_m4 random_dick_r2 search completed_valid t=1.1s
[    124s] main 30b c59 ic_m4 known_null_dick search completed_valid t=1.1s
