[      0s] main 30b c3510 ic_m4 subgroup table completed_valid t=0.1s
[      0s] main 30b c3510 ic_m4 small_x table completed_valid t=0.0s
[      0s] main 30b c3510 ic_m4 random_sub_r0 table completed_valid t=0.0s
[      0s] main 30b c3510 ic_m4 random_sub_r1 table completed_valid t=0.0s
[      0s] main 30b c3510 ic_m4 random_sub_r2 table completed_valid t=0.0s
[      0s] main 30b c3510 ic_m4 known_null_sub table completed_valid t=0.0s
[      0s] main 30b c3510 ic_m4 planted_sub table completed_valid t=0.0s
[      0s] main 30b c3510 ic_m4 small_x_offset table completed_valid t=0.0s
[      1s] main 30b c3511 ic_m4 subgroup table completed_valid t=0.0s
[      1s] main 30b c3511 ic_m4 small_x table completed_valid t=0.0s
[      1s] main 30b c3511 ic_m4 random_sub_r0 table completed_valid t=0.0s
[      1s] main 30b c3511 ic_m4 random_sub_r1 table completed_valid t=0.0s
[      1s] main 30b c3511 ic_m4 random_sub_r2 table completed_valid t=0.0s
[      1s] main 30b c3511 ic_m4 known_null_sub table completed_valid t=0.0s
[      1s] main 30b c3511 ic_m4 planted_sub table completed_valid t=0.0s
[      1s] main 30b c3511 ic_m4 small_x_offset table completed_valid t=0.0s
[      1s] main 30b c3512 ic_m4 subgroup table completed_valid t=0.0s
[      1s] main 30b c3512 ic_m4 small_x table completed_valid t=0.0s
[      1s] main 30b c3512 ic_m4 random_sub_r0 table completed_valid t=0.0s
[      1s] main 30b c3512 ic_m4 random_sub_r1 table completed_valid t=0.0s
[      1s] main 30b c3512 ic_m4 random_sub_r2 table completed_valid t=0.0s
[      1s] main 30b c3512 ic_m4 known_null_sub table completed_valid t=0.0s
[      1s] main 30b c3512 ic_m4 planted_sub table completed_valid t=0.0s
[      1s] main 30b c3512 ic_m4 small_x_offset table completed_valid t=0.0s
[      1s] main 30b c3513 ic_m4 subgroup table completed_valid t=0.0s
[      1s] main 30b c3513 ic_m4 small_x table completed_valid t=0.0s
[      1s] main 30b c3513 ic_m4 random_sub_r0 table completed_valid t=0.0s
[      1s] main 30b c3513 ic_m4 random_sub_r1 table completed_valid t=0.0s
[      1s] main 30b c3513 ic_m4 random_sub_r2 table completed_valid t=0.0s
[      1s] main 30b c3513 ic_m4 known_null_sub table completed_valid t=0.0s
[      1s] main 30b c3513 ic_m4 planted_sub table completed_valid t=0.0s
[      1s] main 30b c3513 ic_m4 small_x_offset table completed_valid t=0.0s
[      1s] main 30b c3514 ic_m4 subgroup table completed_valid t=0.0s
[      1s] main 30b c3514 ic_m4 small_x table completed_valid t=0.0s
[      1s] main 30b c3514 ic_m4 random_sub_r0 table completed_valid t=0.0s
[      1s] main 30b c3514 ic_m4 random_sub_r1 table completed_valid t=0.0s
[      1s] main 30b c3514 ic_m4 random_sub_r2 table completed_valid t=0.0s
[      1s] main 30b c3514 ic_m4 known_null_sub table completed_valid t=0.0s
[      1s] main 30b c3514 ic_m4 planted_sub table completed_valid t=0.0s
[      1s] main 30b c3514 ic_m4 small_x_offset table completed_valid t=0.0s
[      2s] main 30b c3515 ic_m4 subgroup table completed_valid t=0.0s
[      2s] main 30b c3515 ic_m4 small_x table completed_valid t=0.0s
[      2s] main 30b c3515 ic_m4 random_sub_r0 table completed_valid t=0.0s
[      2s] main 30b c3515 ic_m4 random_sub_r1 table completed_valid t=0.0s
[      2s] main 30b c3515 ic_m4 random_sub_r2 table completed_valid t=0.0s
[      2s] main 30b c3515 ic_m4 known_null_sub table completed_valid t=0.0s
[      2s] main 30b c3515 ic_m4 planted_sub table completed_valid t=0.0s
[      2s] main 30b c3515 ic_m4 small_x_offset table completed_valid t=0.0s
[      2s] main 30b c3516 ic_m4 subgroup table completed_valid t=0.0s
[      2s] main 30b c3516 ic_m4 small_x table completed_valid t=0.0s
[      2s] main 30b c3516 ic_m4 random_sub_r0 table completed_valid t=0.0s
[      2s] main 30b c3516 ic_m4 random_sub_r1 table completed_valid t=0.0s
[      2s] main 30b c3516 ic_m4 random_sub_r2 table completed_valid t=0.0s
[      2s] main 30b c3516 ic_m4 known_null_sub table completed_valid t=0.0s
[      2s] main 30b c3516 ic_m4 planted_sub table completed_valid t=0.0s
[      2s] main 30b c3516 ic_m4 small_x_offset table completed_valid t=0.0s
[      2s] main 30b c3517 ic_m4 subgroup table completed_valid t=0.0s
[      2s] main 30b c3517 ic_m4 small_x table completed_valid t=0.0s
[      2s] main 30b c3517 ic_m4 random_sub_r0 table completed_valid t=0.0s
[      2s] main 30b c3517 ic_m4 random_sub_r1 table completed_valid t=0.0s
[      2s] main 30b c3517 ic_m4 random_sub_r2 table completed_valid t=0.0s
[      2s] main 30b c3517 ic_m4 known_null_sub table completed_valid t=0.0s
[      2s] main 30b c3517 ic_m4 planted_sub table completed_valid t=0.0s
[      2s] main 30b c3517 ic_m4 small_x_offset table completed_valid t=0.0s
[      2s] main 30b c3518 ic_m4 subgroup table completed_valid t=0.0s
[      2s] main 30b c3518 ic_m4 small_x table completed_valid t=0.0s
[      2s] main 30b c3518 ic_m4 random_sub_r0 table completed_valid t=0.0s
[      2s] main 30b c3518 ic_m4 random_sub_r1 table completed_valid t=0.0s
[      2s] main 30b c3518 ic_m4 random_sub_r2 table completed_valid t=0.0s
[      2s] main 30b c3518 ic_m4 known_null_sub table completed_valid t=0.0s
[      2s] main 30b c3518 ic_m4 planted_sub table completed_valid t=0.0s
[      2s] main 30b c3518 ic_m4 small_x_offset table completed_valid t=0.0s
[      3s] main 30b c3519 ic_m4 subgroup table completed_valid t=0.0s
[      3s] main 30b c3519 ic_m4 small_x table completed_valid t=0.0s
[      3s] main 30b c3519 ic_m4 random_sub_r0 table completed_valid t=0.0s
[      3s] main 30b c3519 ic_m4 random_sub_r1 table completed_valid t=0.0s
[      3s] main 30b c3519 ic_m4 random_sub_r2 table completed_valid t=0.0s
[      3s] main 30b c3519 ic_m4 known_null_sub table completed_valid t=0.0s
[      3s] main 30b c3519 ic_m4 planted_sub table completed_valid t=0.0s
[      3s] main 30b c3519 ic_m4 small_x_offset table completed_valid t=0.0s
[      3s] main 30b c3520 ic_m4 subgroup table completed_valid t=0.0s
[      3s] main 30b c3520 ic_m4 small_x table completed_valid t=0.0s
[      3s] main 30b c3520 ic_m4 random_sub_r0 table completed_valid t=0.0s
[      3s] main 30b c3520 ic_m4 random_sub_r1 table completed_valid t=0.0s
[      3s] main 30b c3520 ic_m4 random_sub_r2 table completed_valid t=0.0s
[      3s] main 30b c3520 ic_m4 known_null_sub table completed_valid t=0.0s
[      3s] main 30b c3520 ic_m4 planted_sub table completed_valid t=0.0s
[      3s] main 30b c3520 ic_m4 small_x_offset table completed_valid t=0.0s
[      3s] main 30b c3521 ic_m4 subgroup table completed_valid t=0.0s
[      3s] main 30b c3521 ic_m4 small_x table completed_valid t=0.0s
[      3s] main 30b c3521 ic_m4 random_sub_r0 table completed_valid t=0.0s
[      3s] main 30b c3521 ic_m4 random_sub_r1 table completed_valid t=0.0s
[      3s] main 30b c3521 ic_m4 random_sub_r2 table completed_valid t=0.0s
[      3s] main 30b c3521 ic_m4 known_null_sub table completed_valid t=0.0s
[      3s] main 30b c3521 ic_m4 planted_sub table completed_valid t=0.0s
[      3s] main 30b c3521 ic_m4 small_x_offset table completed_valid t=0.0s
[      4s] main 30b c3522 ic_m4 subgroup table completed_valid t=0.0s
[      4s] main 30b c3522 ic_m4 small_x table completed_valid t=0.0s
[      4s] main 30b c3522 ic_m4 random_sub_r0 table completed_valid t=0.0s
[      4s] main 30b c3522 ic_m4 random_sub_r1 table completed_valid t=0.0s
[      4s] main 30b c3522 ic_m4 random_sub_r2 table completed_valid t=0.0s
[      4s] main 30b c3522 ic_m4 known_null_sub table completed_valid t=0.0s
[      4s] main 30b c3522 ic_m4 planted_sub table completed_valid t=0.0s
[      4s] main 30b c3522 ic_m4 small_x_offset table completed_valid t=0.0s
[      4s] main 30b c3523 ic_m4 subgroup table completed_valid t=0.0s
[      4s] main 30b c3523 ic_m4 small_x table completed_valid t=0.0s
[      4s] main 30b c3523 ic_m4 random_sub_r0 table completed_valid t=0.0s
[      4s] main 30b c3523 ic_m4 random_sub_r1 table completed_valid t=0.0s
[      4s] main 30b c3523 ic_m4 random_sub_r2 table completed_valid t=0.0s
[      4s] main 30b c3523 ic_m4 known_null_sub table completed_valid t=0.0s
[      4s] main 30b c3523 ic_m4 planted_sub table completed_valid t=0.0s
[      4s] main 30b c3523 ic_m4 small_x_offset table completed_valid t=0.0s
[      4s] main 30b c3524 ic_m4 subgroup table completed_valid t=0.0s
[      4s] main 30b c3524 ic_m4 small_x table completed_valid t=0.0s
[      4s] main 30b c3524 ic_m4 random_sub_r0 table completed_valid t=0.0s
[      4s] main 30b c3524 ic_m4 random_sub_r1 table completed_valid t=0.0s
[      4s] main 30b c3524 ic_m4 random_sub_r2 table completed_valid t=0.0s
[      4s] main 30b c3524 ic_m4 known_null_sub table completed_valid t=0.0s
[      4s] main 30b c3524 ic_m4 planted_sub table completed_valid t=0.0s
[      4s] main 30b c3524 ic_m4 small_x_offset table completed_valid t=0.0s
[      5s] main 30b c3525 ic_m4 subgroup table completed_valid t=0.0s
[      5s] main 30b c3525 ic_m4 small_x table completed_valid t=0.0s
[      5s] main 30b c3525 ic_m4 random_sub_r0 table completed_valid t=0.0s
[      5s] main 30b c3525 ic_m4 random_sub_r1 table completed_valid t=0.0s
[      5s] main 30b c3525 ic_m4 random_sub_r2 table completed_valid t=0.0s
[      5s] main 30b c3525 ic_m4 known_null_sub table completed_valid t=0.0s
[      5s] main 30b c3525 ic_m4 planted_sub table completed_valid t=0.0s
[      5s] main 30b c3525 ic_m4 small_x_offset table completed_valid t=0.0s
[      5s] main 30b c3526 ic_m4 subgroup table completed_valid t=0.0s
[      5s] main 30b c3526 ic_m4 small_x table completed_valid t=0.0s
[      5s] main 30b c3526 ic_m4 random_sub_r0 table completed_valid t=0.0s
[      5s] main 30b c3526 ic_m4 random_sub_r1 table completed_valid t=0.0s
[      5s] main 30b c3526 ic_m4 random_sub_r2 table completed_valid t=0.0s
[      5s] main 30b c3526 ic_m4 known_null_sub table completed_valid t=0.0s
[      5s] main 30b c3526 ic_m4 planted_sub table completed_valid t=0.0s
[      5s] main 30b c3526 ic_m4 small_x_offset table completed_valid t=0.0s
[      5s] main 30b c3527 ic_m4 subgroup table completed_valid t=0.0s
[      5s] main 30b c3527 ic_m4 small_x table completed_valid t=0.0s
[      5s] main 30b c3527 ic_m4 random_sub_r0 table completed_valid t=0.0s
[      5s] main 30b c3527 ic_m4 random_sub_r1 table completed_valid t=0.0s
[      5s] main 30b c3527 ic_m4 random_sub_r2 table completed_valid t=0.0s
[      5s] main 30b c3527 ic_m4 known_null_sub table completed_valid t=0.0s
[      5s] main 30b c3527 ic_m4 planted_sub table completed_valid t=0.0s
[      5s] main 30b c3527 ic_m4 small_x_offset table completed_valid t=0.0s
[      6s] main 30b c3528 ic_m4 subgroup table completed_valid t=0.0s
[      6s] main 30b c3528 ic_m4 small_x table completed_valid t=0.0s
[      6s] main 30b c3528 ic_m4 random_sub_r0 table completed_valid t=0.0s
[      6s] main 30b c3528 ic_m4 random_sub_r1 table completed_valid t=0.0s
[      6s] main 30b c3528 ic_m4 random_sub_r2 table completed_valid t=0.0s
[      6s] main 30b c3528 ic_m4 known_null_sub table completed_valid t=0.0s
[      6s] main 30b c3528 ic_m4 planted_sub table completed_valid t=0.0s
[      6s] main 30b c3528 ic_m4 small_x_offset table completed_valid t=0.0s
[      6s] main 30b c3529 ic_m4 subgroup table completed_valid t=0.0s
[      6s] main 30b c3529 ic_m4 small_x table completed_valid t=0.0s
[      6s] main 30b c3529 ic_m4 random_sub_r0 table completed_valid t=0.0s
[      6s] main 30b c3529 ic_m4 random_sub_r1 table completed_valid t=0.0s
[      6s] main 30b c3529 ic_m4 random_sub_r2 table completed_valid t=0.0s
[      6s] main 30b c3529 ic_m4 known_null_sub table completed_valid t=0.0s
[      6s] main 30b c3529 ic_m4 planted_sub table completed_valid t=0.0s
[      6s] main 30b c3529 ic_m4 small_x_offset table completed_valid t=0.0s
[      6s] main 30b c3530 ic_m4 subgroup table completed_valid t=0.0s
[      6s] main 30b c3530 ic_m4 small_x table completed_valid t=0.0s
[      6s] main 30b c3530 ic_m4 random_sub_r0 table completed_valid t=0.0s
[      6s] main 30b c3530 ic_m4 random_sub_r1 table completed_valid t=0.0s
[      6s] main 30b c3530 ic_m4 random_sub_r2 table completed_valid t=0.0s
[      6s] main 30b c3530 ic_m4 known_null_sub table completed_valid t=0.0s
[      6s] main 30b c3530 ic_m4 planted_sub table completed_valid t=0.0s
[      6s] main 30b c3530 ic_m4 small_x_offset table completed_valid t=0.0s
[      7s] main 30b c3531 ic_m4 subgroup table completed_valid t=0.0s
[      7s] main 30b c3531 ic_m4 small_x table completed_valid t=0.0s
[      7s] main 30b c3531 ic_m4 random_sub_r0 table completed_valid t=0.0s
[      7s] main 30b c3531 ic_m4 random_sub_r1 table completed_valid t=0.0s
[      7s] main 30b c3531 ic_m4 random_sub_r2 table completed_valid t=0.0s
[      7s] main 30b c3531 ic_m4 known_null_sub table completed_valid t=0.0s
[      7s] main 30b c3531 ic_m4 planted_sub table completed_valid t=0.0s
[      7s] main 30b c3531 ic_m4 small_x_offset table completed_valid t=0.0s
[      7s] main 30b c3532 ic_m4 subgroup table completed_valid t=0.0s
[      7s] main 30b c3532 ic_m4 small_x table completed_valid t=0.0s
[      7s] main 30b c3532 ic_m4 random_sub_r0 table completed_valid t=0.0s
[      7s] main 30b c3532 ic_m4 random_sub_r1 table completed_valid t=0.0s
[      7s] main 30b c3532 ic_m4 random_sub_r2 table completed_valid t=0.0s
[      7s] main 30b c3532 ic_m4 known_null_sub table completed_valid t=0.0s
[      7s] main 30b c3532 ic_m4 planted_sub table completed_valid t=0.0s
[      7s] main 30b c3532 ic_m4 small_x_offset table completed_valid t=0.0s
[      7s] main 30b c3533 ic_m4 subgroup table completed_valid t=0.0s
[      7s] main 30b c3533 ic_m4 small_x table completed_valid t=0.0s
[      7s] main 30b c3533 ic_m4 random_sub_r0 table completed_valid t=0.0s
[      7s] main 30b c3533 ic_m4 random_sub_r1 table completed_valid t=0.0s
[      7s] main 30b c3533 ic_m4 random_sub_r2 table completed_valid t=0.0s
[      7s] main 30b c3533 ic_m4 known_null_sub table completed_valid t=0.0s
[      7s] main 30b c3533 ic_m4 planted_sub table completed_valid t=0.0s
[      7s] main 30b c3533 ic_m4 small_x_offset table completed_valid t=0.0s
[      8s] main 30b c3534 ic_m4 subgroup table completed_valid t=0.0s
[      8s] main 30b c3534 ic_m4 small_x table completed_valid t=0.0s
[      8s] main 30b c3534 ic_m4 random_sub_r0 table completed_valid t=0.0s
[      8s] main 30b c3534 ic_m4 random_sub_r1 table completed_valid t=0.0s
[      8s] main 30b c3534 ic_m4 random_sub_r2 table completed_valid t=0.0s
[      8s] main 30b c3534 ic_m4 known_null_sub table completed_valid t=0.0s
[      8s] main 30b c3534 ic_m4 planted_sub table completed_valid t=0.0s
[      8s] main 30b c3534 ic_m4 small_x_offset table completed_valid t=0.0s
[      8s] main 30b c3535 ic_m4 subgroup table completed_valid t=0.0s
[      8s] main 30b c3535 ic_m4 small_x table completed_valid t=0.0s
[      8s] main 30b c3535 ic_m4 random_sub_r0 table completed_valid t=0.0s
[      8s] main 30b c3535 ic_m4 random_sub_r1 table completed_valid t=0.0s
[      8s] main 30b c3535 ic_m4 random_sub_r2 table completed_valid t=0.0s
[      8s] main 30b c3535 ic_m4 known_null_sub table completed_valid t=0.0s
[      8s] main 30b c3535 ic_m4 planted_sub table completed_valid t=0.0s
[      8s] main 30b c3535 ic_m4 small_x_offset table completed_valid t=0.0s
[      8s] main 30b c3536 ic_m4 subgroup table completed_valid t=0.0s
[      8s] main 30b c3536 ic_m4 small_x table completed_valid t=0.0s
[      8s] main 30b c3536 ic_m4 random_sub_r0 table completed_valid t=0.0s
[      8s] main 30b c3536 ic_m4 random_sub_r1 table completed_valid t=0.0s
[      8s] main 30b c3536 ic_m4 random_sub_r2 table completed_valid t=0.0s
[      8s] main 30b c3536 ic_m4 known_null_sub table completed_valid t=0.0s
[      8s] main 30b c3536 ic_m4 planted_sub table completed_valid t=0.0s
[      8s] main 30b c3536 ic_m4 small_x_offset table completed_valid t=0.0s
[      9s] main 30b c3537 ic_m4 subgroup table completed_valid t=0.0s
[      9s] main 30b c3537 ic_m4 small_x table completed_valid t=0.0s
[      9s] main 30b c3537 ic_m4 random_sub_r0 table completed_valid t=0.0s
[      9s] main 30b c3537 ic_m4 random_sub_r1 table completed_valid t=0.0s
[      9s] main 30b c3537 ic_m4 random_sub_r2 table completed_valid t=0.0s
[      9s] main 30b c3537 ic_m4 known_null_sub table completed_valid t=0.0s
[      9s] main 30b c3537 ic_m4 planted_sub table completed_valid t=0.0s
[      9s] main 30b c3537 ic_m4 small_x_offset table completed_valid t=0.0s
[      9s] main 30b c3538 ic_m4 subgroup table completed_valid t=0.0s
[      9s] main 30b c3538 ic_m4 small_x table completed_valid t=0.0s
[      9s] main 30b c3538 ic_m4 random_sub_r0 table completed_valid t=0.0s
[      9s] main 30b c3538 ic_m4 random_sub_r1 table completed_valid t=0.0s
[      9s] main 30b c3538 ic_m4 random_sub_r2 table completed_valid t=0.0s
[      9s] main 30b c3538 ic_m4 known_null_sub table completed_valid t=0.0s
[      9s] main 30b c3538 ic_m4 planted_sub table completed_valid t=0.0s
[      9s] main 30b c3538 ic_m4 small_x_offset table completed_valid t=0.0s
[      9s] main 30b c3539 ic_m4 subgroup table completed_valid t=0.0s
[      9s] main 30b c3539 ic_m4 small_x table completed_valid t=0.0s
[      9s] main 30b c3539 ic_m4 random_sub_r0 table completed_valid t=0.0s
[      9s] main 30b c3539 ic_m4 random_sub_r1 table completed_valid t=0.0s
[      9s] main 30b c3539 ic_m4 random_sub_r2 table completed_valid t=0.0s
[      9s] main 30b c3539 ic_m4 known_null_sub table completed_valid t=0.0s
[      9s] main 30b c3539 ic_m4 planted_sub table completed_valid t=0.0s
[      9s] main 30b c3539 ic_m4 small_x_offset table completed_valid t=0.0s
[      9s] main 30b c3540 ic_m4 subgroup table completed_valid t=0.0s
[      9s] main 30b c3540 ic_m4 small_x table completed_valid t=0.0s
[      9s] main 30b c3540 ic_m4 random_sub_r0 table completed_valid t=0.0s
[      9s] main 30b c3540 ic_m4 random_sub_r1 table completed_valid t=0.0s
[      9s] main 30b c3540 ic_m4 random_sub_r2 table completed_valid t=0.0s
[      9s] main 30b c3540 ic_m4 known_null_sub table completed_valid t=0.0s
[      9s] main 30b c3540 ic_m4 planted_sub table completed_valid t=0.0s
[      9s] main 30b c3540 ic_m4 small_x_offset table completed_valid t=0.0s
[     10s] main 30b c3541 ic_m4 subgroup table completed_valid t=0.0s
[     10s] main 30b c3541 ic_m4 small_x table completed_valid t=0.0s
[     10s] main 30b c3541 ic_m4 random_sub_r0 table completed_valid t=0.0s
[     10s] main 30b c3541 ic_m4 random_sub_r1 table completed_valid t=0.0s
[     10s] main 30b c3541 ic_m4 random_sub_r2 table completed_valid t=0.0s
[     10s] main 30b c3541 ic_m4 known_null_sub table completed_valid t=0.0s
[     10s] main 30b c3541 ic_m4 planted_sub table completed_valid t=0.0s
[     10s] main 30b c3541 ic_m4 small_x_offset table completed_valid t=0.0s
[     10s] main 30b c3542 ic_m4 subgroup table completed_valid t=0.0s
[     10s] main 30b c3542 ic_m4 small_x table completed_valid t=0.0s
[     10s] main 30b c3542 ic_m4 random_sub_r0 table completed_valid t=0.0s
[     10s] main 30b c3542 ic_m4 random_sub_r1 table completed_valid t=0.0s
[     10s] main 30b c3542 ic_m4 random_sub_r2 table completed_valid t=0.0s
[     10s] main 30b c3542 ic_m4 known_null_sub table completed_valid t=0.0s
[     10s] main 30b c3542 ic_m4 planted_sub table completed_valid t=0.0s
[     10s] main 30b c3542 ic_m4 small_x_offset table completed_valid t=0.0s
[     10s] main 30b c3543 ic_m4 subgroup table completed_valid t=0.0s
[     10s] main 30b c3543 ic_m4 small_x table completed_valid t=0.0s
[     10s] main 30b c3543 ic_m4 random_sub_r0 table completed_valid t=0.0s
[     10s] main 30b c3543 ic_m4 random_sub_r1 table completed_valid t=0.0s
[     10s] main 30b c3543 ic_m4 random_sub_r2 table completed_valid t=0.0s
[     10s] main 30b c3543 ic_m4 known_null_sub table completed_valid t=0.0s
[     10s] main 30b c3543 ic_m4 planted_sub table completed_valid t=0.0s
[     10s] main 30b c3543 ic_m4 small_x_offset table completed_valid t=0.0s
[     10s] main 30b c3544 ic_m4 subgroup table completed_valid t=0.0s
[     10s] main 30b c3544 ic_m4 small_x table completed_valid t=0.0s
[     10s] main 30b c3544 ic_m4 random_sub_r0 table completed_valid t=0.0s
[     10s] main 30b c3544 ic_m4 random_sub_r1 table completed_valid t=0.0s
[     10s] main 30b c3544 ic_m4 random_sub_r2 table completed_valid t=0.0s
[     10s] main 30b c3544 ic_m4 known_null_sub table completed_valid t=0.0s
[     10s] main 30b c3544 ic_m4 planted_sub table completed_valid t=0.0s
[     10s] main 30b c3544 ic_m4 small_x_offset table completed_valid t=0.0s
[     10s] main 30b c3545 ic_m4 subgroup table completed_valid t=0.0s
[     10s] main 30b c3545 ic_m4 small_x table completed_valid t=0.0s
[     10s] main 30b c3545 ic_m4 random_sub_r0 table completed_valid t=0.0s
[     10s] main 30b c3545 ic_m4 random_sub_r1 table completed_valid t=0.0s
[     10s] main 30b c3545 ic_m4 random_sub_r2 table completed_valid t=0.0s
[     10s] main 30b c3545 ic_m4 known_null_sub table completed_valid t=0.0s
[     10s] main 30b c3545 ic_m4 planted_sub table completed_valid t=0.0s
[     10s] main 30b c3545 ic_m4 small_x_offset table completed_valid t=0.0s
[     11s] main 30b c3546 ic_m4 subgroup table completed_valid t=0.0s
[     11s] main 30b c3546 ic_m4 small_x table completed_valid t=0.0s
[     11s] main 30b c3546 ic_m4 random_sub_r0 table completed_valid t=0.0s
[     11s] main 30b c3546 ic_m4 random_sub_r1 table completed_valid t=0.0s
[     11s] main 30b c3546 ic_m4 random_sub_r2 table completed_valid t=0.0s
[     11s] main 30b c3546 ic_m4 known_null_sub table completed_valid t=0.0s
[     11s] main 30b c3546 ic_m4 planted_sub table completed_valid t=0.0s
[     11s] main 30b c3546 ic_m4 small_x_offset table completed_valid t=0.0s
[     11s] main 30b c3547 ic_m4 subgroup table completed_valid t=0.0s
[     11s] main 30b c3547 ic_m4 small_x table completed_valid t=0.0s
[     11s] main 30b c3547 ic_m4 random_sub_r0 table completed_valid t=0.0s
[     11s] main 30b c3547 ic_m4 random_sub_r1 table completed_valid t=0.0s
[     11s] main 30b c3547 ic_m4 random_sub_r2 table completed_valid t=0.0s
[     11s] main 30b c3547 ic_m4 known_null_sub table completed_valid t=0.0s
[     11s] main 30b c3547 ic_m4 planted_sub table completed_valid t=0.0s
[     11s] main 30b c3547 ic_m4 small_x_offset table completed_valid t=0.0s
[     11s] main 30b c3548 ic_m4 subgroup table completed_valid t=0.0s
[     11s] main 30b c3548 ic_m4 small_x table completed_valid t=0.0s
[     11s] main 30b c3548 ic_m4 random_sub_r0 table completed_valid t=0.0s
[     11s] main 30b c3548 ic_m4 random_sub_r1 table completed_valid t=0.0s
[     11s] main 30b c3548 ic_m4 random_sub_r2 table completed_valid t=0.0s
[     11s] main 30b c3548 ic_m4 known_null_sub table completed_valid t=0.0s
[     11s] main 30b c3548 ic_m4 planted_sub table completed_valid t=0.0s
[     11s] main 30b c3548 ic_m4 small_x_offset table completed_valid t=0.0s
[     11s] main 30b c3549 ic_m4 subgroup table completed_valid t=0.0s
[     11s] main 30b c3549 ic_m4 small_x table completed_valid t=0.0s
[     11s] main 30b c3549 ic_m4 random_sub_r0 table completed_valid t=0.0s
[     11s] main 30b c3549 ic_m4 random_sub_r1 table completed_valid t=0.0s
[     11s] main 30b c3549 ic_m4 random_sub_r2 table completed_valid t=0.0s
[     11s] main 30b c3549 ic_m4 known_null_sub table completed_valid t=0.0s
[     11s] main 30b c3549 ic_m4 planted_sub table completed_valid t=0.0s
[     11s] main 30b c3549 ic_m4 small_x_offset table completed_valid t=0.0s
[     12s] main 30b c3550 ic_m4 subgroup table completed_valid t=0.0s
[     12s] main 30b c3550 ic_m4 small_x table completed_valid t=0.0s
[     12s] main 30b c3550 ic_m4 random_sub_r0 table completed_valid t=0.0s
[     12s] main 30b c3550 ic_m4 random_sub_r1 table completed_valid t=0.0s
[     12s] main 30b c3550 ic_m4 random_sub_r2 table completed_valid t=0.0s
[     12s] main 30b c3550 ic_m4 known_null_sub table completed_valid t=0.0s
[     12s] main 30b c3550 ic_m4 planted_sub table completed_valid t=0.0s
[     12s] main 30b c3550 ic_m4 small_x_offset table completed_valid t=0.0s
[     12s] main 30b c3551 ic_m4 subgroup table completed_valid t=0.0s
[     12s] main 30b c3551 ic_m4 small_x table completed_valid t=0.0s
[     12s] main 30b c3551 ic_m4 random_sub_r0 table completed_valid t=0.0s
[     12s] main 30b c3551 ic_m4 random_sub_r1 table completed_valid t=0.0s
[     12s] main 30b c3551 ic_m4 random_sub_r2 table completed_valid t=0.0s
[     12s] main 30b c3551 ic_m4 known_null_sub table completed_valid t=0.0s
[     12s] main 30b c3551 ic_m4 planted_sub table completed_valid t=0.0s
[     12s] main 30b c3551 ic_m4 small_x_offset table completed_valid t=0.0s
[     12s] main 30b c3552 ic_m4 subgroup table completed_valid t=0.0s
[     12s] main 30b c3552 ic_m4 small_x table completed_valid t=0.0s
[     12s] main 30b c3552 ic_m4 random_sub_r0 table completed_valid t=0.0s
[     12s] main 30b c3552 ic_m4 random_sub_r1 table completed_valid t=0.0s
[     12s] main 30b c3552 ic_m4 random_sub_r2 table completed_valid t=0.0s
[     12s] main 30b c3552 ic_m4 known_null_sub table completed_valid t=0.0s
[     12s] main 30b c3552 ic_m4 planted_sub table completed_valid t=0.0s
[     12s] main 30b c3552 ic_m4 small_x_offset table completed_valid t=0.0s
[     13s] main 30b c3553 ic_m4 subgroup table completed_valid t=0.0s
[     13s] main 30b c3553 ic_m4 small_x table completed_valid t=0.0s
[     13s] main 30b c3553 ic_m4 random_sub_r0 table completed_valid t=0.0s
[     13s] main 30b c3553 ic_m4 random_sub_r1 table completed_valid t=0.0s
[     13s] main 30b c3553 ic_m4 random_sub_r2 table completed_valid t=0.0s
[     13s] main 30b c3553 ic_m4 known_null_sub table completed_valid t=0.0s
[     13s] main 30b c3553 ic_m4 planted_sub table completed_valid t=0.0s
[     13s] main 30b c3553 ic_m4 small_x_offset table completed_valid t=0.0s
[     13s] main 30b c3554 ic_m4 subgroup table completed_valid t=0.0s
[     13s] main 30b c3554 ic_m4 small_x table completed_valid t=0.0s
[     13s] main 30b c3554 ic_m4 random_sub_r0 table completed_valid t=0.0s
[     13s] main 30b c3554 ic_m4 random_sub_r1 table completed_valid t=0.0s
[     13s] main 30b c3554 ic_m4 random_sub_r2 table completed_valid t=0.0s
[     13s] main 30b c3554 ic_m4 known_null_sub table completed_valid t=0.0s
[     13s] main 30b c3554 ic_m4 planted_sub table completed_valid t=0.0s
[     13s] main 30b c3554 ic_m4 small_x_offset table completed_valid t=0.0s
[     13s] main 30b c3555 ic_m4 subgroup table completed_valid t=0.0s
[     13s] main 30b c3555 ic_m4 small_x table completed_valid t=0.0s
[     13s] main 30b c3555 ic_m4 random_sub_r0 table completed_valid t=0.0s
[     13s] main 30b c3555 ic_m4 random_sub_r1 table completed_valid t=0.0s
[     13s] main 30b c3555 ic_m4 random_sub_r2 table completed_valid t=0.0s
[     13s] main 30b c3555 ic_m4 known_null_sub table completed_valid t=0.0s
[     13s] main 30b c3555 ic_m4 planted_sub table completed_valid t=0.0s
[     13s] main 30b c3555 ic_m4 small_x_offset table completed_valid t=0.0s
[     13s] main 30b c3556 ic_m4 subgroup table completed_valid t=0.0s
[     13s] main 30b c3556 ic_m4 small_x table completed_valid t=0.0s
[     13s] main 30b c3556 ic_m4 random_sub_r0 table completed_valid t=0.0s
[     13s] main 30b c3556 ic_m4 random_sub_r1 table completed_valid t=0.0s
[     13s] main 30b c3556 ic_m4 random_sub_r2 table completed_valid t=0.0s
[     13s] main 30b c3556 ic_m4 known_null_sub table completed_valid t=0.0s
[     13s] main 30b c3556 ic_m4 planted_sub table completed_valid t=0.0s
[     13s] main 30b c3556 ic_m4 small_x_offset table completed_valid t=0.0s
[     14s] main 30b c3557 ic_m4 subgroup table completed_valid t=0.0s
[     14s] main 30b c3557 ic_m4 small_x table completed_valid t=0.0s
[     14s] main 30b c3557 ic_m4 random_sub_r0 table completed_valid t=0.0s
[     14s] main 30b c3557 ic_m4 random_sub_r1 table completed_valid t=0.0s
[     14s] main 30b c3557 ic_m4 random_sub_r2 table completed_valid t=0.0s
[     14s] main 30b c3557 ic_m4 known_null_sub table completed_valid t=0.0s
[     14s] main 30b c3557 ic_m4 planted_sub table completed_valid t=0.0s
[     14s] main 30b c3557 ic_m4 small_x_offset table completed_valid t=0.0s
[     14s] main 30b c3558 ic_m4 subgroup table completed_valid t=0.0s
[     14s] main 30b c3558 ic_m4 small_x table completed_valid t=0.0s
[     14s] main 30b c3558 ic_m4 random_sub_r0 table completed_valid t=0.0s
[     14s] main 30b c3558 ic_m4 random_sub_r1 table completed_valid t=0.0s
[     14s] main 30b c3558 ic_m4 random_sub_r2 table completed_valid t=0.0s
[     14s] main 30b c3558 ic_m4 known_null_sub table completed_valid t=0.0s
[     14s] main 30b c3558 ic_m4 planted_sub table completed_valid t=0.0s
[     14s] main 30b c3558 ic_m4 small_x_offset table completed_valid t=0.0s
[     14s] main 30b c3559 ic_m4 subgroup table completed_valid t=0.0s
[     14s] main 30b c3559 ic_m4 small_x table completed_valid t=0.0s
[     14s] main 30b c3559 ic_m4 random_sub_r0 table completed_valid t=0.0s
[     14s] main 30b c3559 ic_m4 random_sub_r1 table completed_valid t=0.0s
[     14s] main 30b c3559 ic_m4 random_sub_r2 table completed_valid t=0.0s
[     14s] main 30b c3559 ic_m4 known_null_sub table completed_valid t=0.0s
[     14s] main 30b c3559 ic_m4 planted_sub table completed_valid t=0.0s
[     14s] main 30b c3559 ic_m4 small_x_offset table completed_valid t=0.0s
[     14s] main 30b c3560 ic_m4 subgroup table completed_valid t=0.0s
[     14s] main 30b c3560 ic_m4 small_x table completed_valid t=0.0s
[     14s] main 30b c3560 ic_m4 random_sub_r0 table completed_valid t=0.0s
[     14s] main 30b c3560 ic_m4 random_sub_r1 table completed_valid t=0.0s
[     14s] main 30b c3560 ic_m4 random_sub_r2 table completed_valid t=0.0s
[     14s] main 30b c3560 ic_m4 known_null_sub table completed_valid t=0.0s
[     14s] main 30b c3560 ic_m4 planted_sub table completed_valid t=0.0s
[     14s] main 30b c3560 ic_m4 small_x_offset table completed_valid t=0.0s
[     14s] main 30b c3561 ic_m4 subgroup table completed_valid t=0.0s
[     14s] main 30b c3561 ic_m4 small_x table completed_valid t=0.0s
[     14s] main 30b c3561 ic_m4 random_sub_r0 table completed_valid t=0.0s
[     14s] main 30b c3561 ic_m4 random_sub_r1 table completed_valid t=0.0s
[     14s] main 30b c3561 ic_m4 random_sub_r2 table completed_valid t=0.0s
[     14s] main 30b c3561 ic_m4 known_null_sub table completed_valid t=0.0s
[     14s] main 30b c3561 ic_m4 planted_sub table completed_valid t=0.0s
[     14s] main 30b c3561 ic_m4 small_x_offset table completed_valid t=0.0s
[     15s] main 30b c3562 ic_m4 subgroup table completed_valid t=0.0s
[     15s] main 30b c3562 ic_m4 small_x table completed_valid t=0.0s
[     15s] main 30b c3562 ic_m4 random_sub_r0 table completed_valid t=0.0s
[     15s] main 30b c3562 ic_m4 random_sub_r1 table completed_valid t=0.0s
[     15s] main 30b c3562 ic_m4 random_sub_r2 table completed_valid t=0.0s
[     15s] main 30b c3562 ic_m4 known_null_sub table completed_valid t=0.0s
[     15s] main 30b c3562 ic_m4 planted_sub table completed_valid t=0.0s
[     15s] main 30b c3562 ic_m4 small_x_offset table completed_valid t=0.0s
[     15s] main 30b c3563 ic_m4 subgroup table completed_valid t=0.0s
[     15s] main 30b c3563 ic_m4 small_x table completed_valid t=0.0s
[     15s] main 30b c3563 ic_m4 random_sub_r0 table completed_valid t=0.0s
[     15s] main 30b c3563 ic_m4 random_sub_r1 table completed_valid t=0.0s
[     15s] main 30b c3563 ic_m4 random_sub_r2 table completed_valid t=0.0s
[     15s] main 30b c3563 ic_m4 known_null_sub table completed_valid t=0.0s
[     15s] main 30b c3563 ic_m4 planted_sub table completed_valid t=0.0s
[     15s] main 30b c3563 ic_m4 small_x_offset table completed_valid t=0.0s
[     15s] main 30b c3564 ic_m4 subgroup table completed_valid t=0.0s
[     15s] main 30b c3564 ic_m4 small_x table completed_valid t=0.0s
[     15s] main 30b c3564 ic_m4 random_sub_r0 table completed_valid t=0.0s
[     15s] main 30b c3564 ic_m4 random_sub_r1 table completed_valid t=0.0s
[     15s] main 30b c3564 ic_m4 random_sub_r2 table completed_valid t=0.0s
[     15s] main 30b c3564 ic_m4 known_null_sub table completed_valid t=0.0s
[     15s] main 30b c3564 ic_m4 planted_sub table completed_valid t=0.0s
[     15s] main 30b c3564 ic_m4 small_x_offset table completed_valid t=0.0s
[     15s] main 30b c3565 ic_m4 subgroup table completed_valid t=0.0s
[     15s] main 30b c3565 ic_m4 small_x table completed_valid t=0.0s
[     15s] main 30b c3565 ic_m4 random_sub_r0 table completed_valid t=0.0s
[     15s] main 30b c3565 ic_m4 random_sub_r1 table completed_valid t=0.0s
[     15s] main 30b c3565 ic_m4 random_sub_r2 table completed_valid t=0.0s
[     15s] main 30b c3565 ic_m4 known_null_sub table completed_valid t=0.0s
[     15s] main 30b c3565 ic_m4 planted_sub table completed_valid t=0.0s
[     15s] main 30b c3565 ic_m4 small_x_offset table completed_valid t=0.0s
[     16s] main 30b c3566 ic_m4 subgroup table completed_valid t=0.0s
[     16s] main 30b c3566 ic_m4 small_x table completed_valid t=0.0s
[     16s] main 30b c3566 ic_m4 random_sub_r0 table completed_valid t=0.0s
[     16s] main 30b c3566 ic_m4 random_sub_r1 table completed_valid t=0.0s
[     16s] main 30b c3566 ic_m4 random_sub_r2 table completed_valid t=0.0s
[     16s] main 30b c3566 ic_m4 known_null_sub table completed_valid t=0.0s
[     16s] main 30b c3566 ic_m4 planted_sub table completed_valid t=0.0s
[     16s] main 30b c3566 ic_m4 small_x_offset table completed_valid t=0.0s
[     16s] main 30b c3567 ic_m4 subgroup table completed_valid t=0.0s
[     16s] main 30b c3567 ic_m4 small_x table completed_valid t=0.0s
[     16s] main 30b c3567 ic_m4 random_sub_r0 table completed_valid t=0.0s
[     16s] main 30b c3567 ic_m4 random_sub_r1 table completed_valid t=0.0s
[     16s] main 30b c3567 ic_m4 random_sub_r2 table completed_valid t=0.0s
[     16s] main 30b c3567 ic_m4 known_null_sub table completed_valid t=0.0s
[     16s] main 30b c3567 ic_m4 planted_sub table completed_valid t=0.0s
[     16s] main 30b c3567 ic_m4 small_x_offset table completed_valid t=0.0s
[     16s] main 30b c3568 ic_m4 subgroup table completed_valid t=0.0s
[     16s] main 30b c3568 ic_m4 small_x table completed_valid t=0.0s
[     16s] main 30b c3568 ic_m4 random_sub_r0 table completed_valid t=0.0s
[     16s] main 30b c3568 ic_m4 random_sub_r1 table completed_valid t=0.0s
[     16s] main 30b c3568 ic_m4 random_sub_r2 table completed_valid t=0.0s
[     16s] main 30b c3568 ic_m4 known_null_sub table completed_valid t=0.0s
[     16s] main 30b c3568 ic_m4 planted_sub table completed_valid t=0.0s
[     16s] main 30b c3568 ic_m4 small_x_offset table completed_valid t=0.0s
[     16s] main 30b c3569 ic_m4 subgroup table completed_valid t=0.0s
[     16s] main 30b c3569 ic_m4 small_x table completed_valid t=0.0s
[     16s] main 30b c3569 ic_m4 random_sub_r0 table completed_valid t=0.0s
[     16s] main 30b c3569 ic_m4 random_sub_r1 table completed_valid t=0.0s
[     16s] main 30b c3569 ic_m4 random_sub_r2 table completed_valid t=0.0s
[     16s] main 30b c3569 ic_m4 known_null_sub table completed_valid t=0.0s
[     16s] main 30b c3569 ic_m4 planted_sub table completed_valid t=0.0s
[     16s] main 30b c3569 ic_m4 small_x_offset table completed_valid t=0.0s
[     17s] main 30b c3570 ic_m4 subgroup table completed_valid t=0.0s
[     17s] main 30b c3570 ic_m4 small_x table completed_valid t=0.0s
[     17s] main 30b c3570 ic_m4 random_sub_r0 table completed_valid t=0.0s
[     17s] main 30b c3570 ic_m4 random_sub_r1 table completed_valid t=0.0s
[     17s] main 30b c3570 ic_m4 random_sub_r2 table completed_valid t=0.0s
[     17s] main 30b c3570 ic_m4 known_null_sub table completed_valid t=0.0s
[     17s] main 30b c3570 ic_m4 planted_sub table completed_valid t=0.0s
[     17s] main 30b c3570 ic_m4 small_x_offset table completed_valid t=0.0s
[     17s] main 30b c3571 ic_m4 subgroup table completed_valid t=0.0s
[     17s] main 30b c3571 ic_m4 small_x table completed_valid t=0.0s
[     17s] main 30b c3571 ic_m4 random_sub_r0 table completed_valid t=0.0s
[     17s] main 30b c3571 ic_m4 random_sub_r1 table completed_valid t=0.0s
[     17s] main 30b c3571 ic_m4 random_sub_r2 table completed_valid t=0.0s
[     17s] main 30b c3571 ic_m4 known_null_sub table completed_valid t=0.0s
[     17s] main 30b c3571 ic_m4 planted_sub table completed_valid t=0.0s
[     17s] main 30b c3571 ic_m4 small_x_offset table completed_valid t=0.0s
[     17s] main 30b c3572 ic_m4 subgroup table completed_valid t=0.0s
[     17s] main 30b c3572 ic_m4 small_x table completed_valid t=0.0s
[     17s] main 30b c3572 ic_m4 random_sub_r0 table completed_valid t=0.0s
[     17s] main 30b c3572 ic_m4 random_sub_r1 table completed_valid t=0.0s
[     17s] main 30b c3572 ic_m4 random_sub_r2 table completed_valid t=0.0s
[     17s] main 30b c3572 ic_m4 known_null_sub table completed_valid t=0.0s
[     17s] main 30b c3572 ic_m4 planted_sub table completed_valid t=0.0s
[     17s] main 30b c3572 ic_m4 small_x_offset table completed_valid t=0.0s
[     17s] main 30b c3573 ic_m4 subgroup table completed_valid t=0.0s
[     17s] main 30b c3573 ic_m4 small_x table completed_valid t=0.0s
[     17s] main 30b c3573 ic_m4 random_sub_r0 table completed_valid t=0.0s
[     17s] main 30b c3573 ic_m4 random_sub_r1 table completed_valid t=0.0s
[     17s] main 30b c3573 ic_m4 random_sub_r2 table completed_valid t=0.0s
[     17s] main 30b c3573 ic_m4 known_null_sub table completed_valid t=0.0s
[     17s] main 30b c3573 ic_m4 planted_sub table completed_valid t=0.0s
[     17s] main 30b c3573 ic_m4 small_x_offset table completed_valid t=0.0s
[     18s] main 30b c3574 ic_m4 subgroup table completed_valid t=0.0s
[     18s] main 30b c3574 ic_m4 small_x table completed_valid t=0.0s
[     18s] main 30b c3574 ic_m4 random_sub_r0 table completed_valid t=0.0s
[     18s] main 30b c3574 ic_m4 random_sub_r1 table completed_valid t=0.0s
[     18s] main 30b c3574 ic_m4 random_sub_r2 table completed_valid t=0.0s
[     18s] main 30b c3574 ic_m4 known_null_sub table completed_valid t=0.0s
[     18s] main 30b c3574 ic_m4 planted_sub table completed_valid t=0.0s
[     18s] main 30b c3574 ic_m4 small_x_offset table completed_valid t=0.0s
[     18s] main 30b c3575 ic_m4 subgroup table completed_valid t=0.0s
[     18s] main 30b c3575 ic_m4 small_x table completed_valid t=0.0s
[     18s] main 30b c3575 ic_m4 random_sub_r0 table completed_valid t=0.0s
[     18s] main 30b c3575 ic_m4 random_sub_r1 table completed_valid t=0.0s
[     18s] main 30b c3575 ic_m4 random_sub_r2 table completed_valid t=0.0s
[     18s] main 30b c3575 ic_m4 known_null_sub table completed_valid t=0.0s
[     18s] main 30b c3575 ic_m4 planted_sub table completed_valid t=0.0s
[     18s] main 30b c3575 ic_m4 small_x_offset table completed_valid t=0.0s
[     18s] main 30b c3576 ic_m4 subgroup table completed_valid t=0.0s
[     18s] main 30b c3576 ic_m4 small_x table completed_valid t=0.0s
[     18s] main 30b c3576 ic_m4 random_sub_r0 table completed_valid t=0.0s
[     18s] main 30b c3576 ic_m4 random_sub_r1 table completed_valid t=0.0s
[     18s] main 30b c3576 ic_m4 random_sub_r2 table completed_valid t=0.0s
[     18s] main 30b c3576 ic_m4 known_null_sub table completed_valid t=0.0s
[     18s] main 30b c3576 ic_m4 planted_sub table completed_valid t=0.0s
[     18s] main 30b c3576 ic_m4 small_x_offset table completed_valid t=0.0s
[     18s] main 30b c3577 ic_m4 subgroup table completed_valid t=0.0s
[     18s] main 30b c3577 ic_m4 small_x table completed_valid t=0.0s
[     18s] main 30b c3577 ic_m4 random_sub_r0 table completed_valid t=0.0s
[     18s] main 30b c3577 ic_m4 random_sub_r1 table completed_valid t=0.0s
[     18s] main 30b c3577 ic_m4 random_sub_r2 table completed_valid t=0.0s
[     18s] main 30b c3577 ic_m4 known_null_sub table completed_valid t=0.0s
[     18s] main 30b c3577 ic_m4 planted_sub table completed_valid t=0.0s
[     18s] main 30b c3577 ic_m4 small_x_offset table completed_valid t=0.0s
[     18s] main 30b c3578 ic_m4 subgroup table completed_valid t=0.0s
[     18s] main 30b c3578 ic_m4 small_x table completed_valid t=0.0s
[     18s] main 30b c3578 ic_m4 random_sub_r0 table completed_valid t=0.0s
[     18s] main 30b c3578 ic_m4 random_sub_r1 table completed_valid t=0.0s
[     18s] main 30b c3578 ic_m4 random_sub_r2 table completed_valid t=0.0s
[     18s] main 30b c3578 ic_m4 known_null_sub table completed_valid t=0.0s
[     18s] main 30b c3578 ic_m4 planted_sub table completed_valid t=0.0s
[     18s] main 30b c3578 ic_m4 small_x_offset table completed_valid t=0.0s
[     19s] main 30b c3579 ic_m4 subgroup table completed_valid t=0.0s
[     19s] main 30b c3579 ic_m4 small_x table completed_valid t=0.0s
[     19s] main 30b c3579 ic_m4 random_sub_r0 table completed_valid t=0.0s
[     19s] main 30b c3579 ic_m4 random_sub_r1 table completed_valid t=0.0s
[     19s] main 30b c3579 ic_m4 random_sub_r2 table completed_valid t=0.1s
[     19s] main 30b c3579 ic_m4 known_null_sub table completed_valid t=0.0s
[     19s] main 30b c3579 ic_m4 planted_sub table completed_valid t=0.0s
[     19s] main 30b c3579 ic_m4 small_x_offset table completed_valid t=0.0s
[     19s] main 30b c3580 ic_m4 subgroup table completed_valid t=0.0s
[     19s] main 30b c3580 ic_m4 small_x table completed_valid t=0.0s
[     19s] main 30b c3580 ic_m4 random_sub_r0 table completed_valid t=0.0s
[     19s] main 30b c3580 ic_m4 random_sub_r1 table completed_valid t=0.0s
[     19s] main 30b c3580 ic_m4 random_sub_r2 table completed_valid t=0.0s
[     19s] main 30b c3580 ic_m4 known_null_sub table completed_valid t=0.0s
[     19s] main 30b c3580 ic_m4 planted_sub table completed_valid t=0.0s
[     19s] main 30b c3580 ic_m4 small_x_offset table completed_valid t=0.0s
[     19s] main 30b c3581 ic_m4 subgroup table completed_valid t=0.0s
[     19s] main 30b c3581 ic_m4 small_x table completed_valid t=0.0s
[     19s] main 30b c3581 ic_m4 random_sub_r0 table completed_valid t=0.0s
[     19s] main 30b c3581 ic_m4 random_sub_r1 table completed_valid t=0.0s
[     19s] main 30b c3581 ic_m4 random_sub_r2 table completed_valid t=0.0s
[     19s] main 30b c3581 ic_m4 known_null_sub table completed_valid t=0.0s
[     19s] main 30b c3581 ic_m4 planted_sub table completed_valid t=0.0s
[     19s] main 30b c3581 ic_m4 small_x_offset table completed_valid t=0.0s
[     19s] main 30b c3582 ic_m4 subgroup table completed_valid t=0.0s
[     19s] main 30b c3582 ic_m4 small_x table completed_valid t=0.0s
[     19s] main 30b c3582 ic_m4 random_sub_r0 table completed_valid t=0.0s
[     19s] main 30b c3582 ic_m4 random_sub_r1 table completed_valid t=0.0s
[     19s] main 30b c3582 ic_m4 random_sub_r2 table completed_valid t=0.0s
[     19s] main 30b c3582 ic_m4 known_null_sub table completed_valid t=0.0s
[     19s] main 30b c3582 ic_m4 planted_sub table completed_valid t=0.0s
[     19s] main 30b c3582 ic_m4 small_x_offset table completed_valid t=0.0s
[     20s] main 30b c3583 ic_m4 subgroup table completed_valid t=0.0s
[     20s] main 30b c3583 ic_m4 small_x table completed_valid t=0.0s
[     20s] main 30b c3583 ic_m4 random_sub_r0 table completed_valid t=0.0s
[     20s] main 30b c3583 ic_m4 random_sub_r1 table completed_valid t=0.0s
[     20s] main 30b c3583 ic_m4 random_sub_r2 table completed_valid t=0.0s
[     20s] main 30b c3583 ic_m4 known_null_sub table completed_valid t=0.0s
[     20s] main 30b c3583 ic_m4 planted_sub table completed_valid t=0.0s
[     20s] main 30b c3583 ic_m4 small_x_offset table completed_valid t=0.0s
[     20s] main 30b c3584 ic_m4 subgroup table completed_valid t=0.0s
[     20s] main 30b c3584 ic_m4 small_x table completed_valid t=0.0s
[     20s] main 30b c3584 ic_m4 random_sub_r0 table completed_valid t=0.0s
[     20s] main 30b c3584 ic_m4 random_sub_r1 table completed_valid t=0.0s
[     20s] main 30b c3584 ic_m4 random_sub_r2 table completed_valid t=0.0s
[     20s] main 30b c3584 ic_m4 known_null_sub table completed_valid t=0.0s
[     20s] main 30b c3584 ic_m4 planted_sub table completed_valid t=0.0s
[     20s] main 30b c3584 ic_m4 small_x_offset table completed_valid t=0.0s
[     20s] main 30b c3585 ic_m4 subgroup table completed_valid t=0.0s
[     20s] main 30b c3585 ic_m4 small_x table completed_valid t=0.0s
[     20s] main 30b c3585 ic_m4 random_sub_r0 table completed_valid t=0.0s
[     20s] main 30b c3585 ic_m4 random_sub_r1 table completed_valid t=0.0s
[     20s] main 30b c3585 ic_m4 random_sub_r2 table completed_valid t=0.0s
[     20s] main 30b c3585 ic_m4 known_null_sub table completed_valid t=0.0s
[     20s] main 30b c3585 ic_m4 planted_sub table completed_valid t=0.0s
[     20s] main 30b c3585 ic_m4 small_x_offset table completed_valid t=0.0s
[     21s] main 30b c3586 ic_m4 subgroup table completed_valid t=0.0s
[     21s] main 30b c3586 ic_m4 small_x table completed_valid t=0.0s
[     21s] main 30b c3586 ic_m4 random_sub_r0 table completed_valid t=0.0s
[     21s] main 30b c3586 ic_m4 random_sub_r1 table completed_valid t=0.0s
[     21s] main 30b c3586 ic_m4 random_sub_r2 table completed_valid t=0.0s
[     21s] main 30b c3586 ic_m4 known_null_sub table completed_valid t=0.0s
[     21s] main 30b c3586 ic_m4 planted_sub table completed_valid t=0.0s
[     21s] main 30b c3586 ic_m4 small_x_offset table completed_valid t=0.0s
[     21s] main 30b c3587 ic_m4 subgroup table completed_valid t=0.0s
[     21s] main 30b c3587 ic_m4 small_x table completed_valid t=0.0s
[     21s] main 30b c3587 ic_m4 random_sub_r0 table completed_valid t=0.0s
[     21s] main 30b c3587 ic_m4 random_sub_r1 table completed_valid t=0.0s
[     21s] main 30b c3587 ic_m4 random_sub_r2 table completed_valid t=0.0s
[     21s] main 30b c3587 ic_m4 known_null_sub table completed_valid t=0.0s
[     21s] main 30b c3587 ic_m4 planted_sub table completed_valid t=0.0s
[     21s] main 30b c3587 ic_m4 small_x_offset table completed_valid t=0.0s
[     21s] main 30b c3588 ic_m4 subgroup table completed_valid t=0.0s
[     21s] main 30b c3588 ic_m4 small_x table completed_valid t=0.0s
[     21s] main 30b c3588 ic_m4 random_sub_r0 table completed_valid t=0.0s
[     21s] main 30b c3588 ic_m4 random_sub_r1 table completed_valid t=0.0s
[     21s] main 30b c3588 ic_m4 random_sub_r2 table completed_valid t=0.0s
[     21s] main 30b c3588 ic_m4 known_null_sub table completed_valid t=0.0s
[     21s] main 30b c3588 ic_m4 planted_sub table completed_valid t=0.0s
[     21s] main 30b c3588 ic_m4 small_x_offset table completed_valid t=0.0s
[     21s] main 30b c3589 ic_m4 subgroup table completed_valid t=0.0s
[     21s] main 30b c3589 ic_m4 small_x table completed_valid t=0.0s
[     21s] main 30b c3589 ic_m4 random_sub_r0 table completed_valid t=0.0s
[     21s] main 30b c3589 ic_m4 random_sub_r1 table completed_valid t=0.0s
[     21s] main 30b c3589 ic_m4 random_sub_r2 table completed_valid t=0.0s
[     21s] main 30b c3589 ic_m4 known_null_sub table completed_valid t=0.0s
[     21s] main 30b c3589 ic_m4 planted_sub table completed_valid t=0.0s
[     21s] main 30b c3589 ic_m4 small_x_offset table completed_valid t=0.0s
[     22s] main 30b c3590 ic_m4 subgroup table completed_valid t=0.0s
[     22s] main 30b c3590 ic_m4 small_x table completed_valid t=0.0s
[     22s] main 30b c3590 ic_m4 random_sub_r0 table completed_valid t=0.0s
[     22s] main 30b c3590 ic_m4 random_sub_r1 table completed_valid t=0.0s
[     22s] main 30b c3590 ic_m4 random_sub_r2 table completed_valid t=0.0s
[     22s] main 30b c3590 ic_m4 known_null_sub table completed_valid t=0.0s
[     22s] main 30b c3590 ic_m4 planted_sub table completed_valid t=0.0s
[     22s] main 30b c3590 ic_m4 small_x_offset table completed_valid t=0.0s
[     22s] main 30b c3591 ic_m4 subgroup table completed_valid t=0.0s
[     22s] main 30b c3591 ic_m4 small_x table completed_valid t=0.0s
[     22s] main 30b c3591 ic_m4 random_sub_r0 table completed_valid t=0.0s
[     22s] main 30b c3591 ic_m4 random_sub_r1 table completed_valid t=0.0s
[     22s] main 30b c3591 ic_m4 random_sub_r2 table completed_valid t=0.0s
[     22s] main 30b c3591 ic_m4 known_null_sub table completed_valid t=0.0s
[     22s] main 30b c3591 ic_m4 planted_sub table completed_valid t=0.0s
[     22s] main 30b c3591 ic_m4 small_x_offset table completed_valid t=0.0s
[     22s] main 30b c3592 ic_m4 subgroup table completed_valid t=0.0s
[     22s] main 30b c3592 ic_m4 small_x table completed_valid t=0.0s
[     22s] main 30b c3592 ic_m4 random_sub_r0 table completed_valid t=0.0s
[     22s] main 30b c3592 ic_m4 random_sub_r1 table completed_valid t=0.0s
[     22s] main 30b c3592 ic_m4 random_sub_r2 table completed_valid t=0.0s
[     22s] main 30b c3592 ic_m4 known_null_sub table completed_valid t=0.0s
[     22s] main 30b c3592 ic_m4 planted_sub table completed_valid t=0.0s
[     22s] main 30b c3592 ic_m4 small_x_offset table completed_valid t=0.0s
[     22s] main 30b c3593 ic_m4 subgroup table completed_valid t=0.0s
[     22s] main 30b c3593 ic_m4 small_x table completed_valid t=0.0s
[     22s] main 30b c3593 ic_m4 random_sub_r0 table completed_valid t=0.0s
[     22s] main 30b c3593 ic_m4 random_sub_r1 table completed_valid t=0.0s
[     22s] main 30b c3593 ic_m4 random_sub_r2 table completed_valid t=0.0s
[     22s] main 30b c3593 ic_m4 known_null_sub table completed_valid t=0.0s
[     22s] main 30b c3593 ic_m4 planted_sub table completed_valid t=0.0s
[     22s] main 30b c3593 ic_m4 small_x_offset table completed_valid t=0.0s
[     22s] main 30b c3594 ic_m4 subgroup table completed_valid t=0.0s
[     22s] main 30b c3594 ic_m4 small_x table completed_valid t=0.0s
[     22s] main 30b c3594 ic_m4 random_sub_r0 table completed_valid t=0.0s
[     22s] main 30b c3594 ic_m4 random_sub_r1 table completed_valid t=0.0s
[     22s] main 30b c3594 ic_m4 random_sub_r2 table completed_valid t=0.0s
[     22s] main 30b c3594 ic_m4 known_null_sub table completed_valid t=0.0s
[     22s] main 30b c3594 ic_m4 planted_sub table completed_valid t=0.0s
[     22s] main 30b c3594 ic_m4 small_x_offset table completed_valid t=0.0s
[     23s] main 30b c3595 ic_m4 subgroup table completed_valid t=0.0s
[     23s] main 30b c3595 ic_m4 small_x table completed_valid t=0.0s
[     23s] main 30b c3595 ic_m4 random_sub_r0 table completed_valid t=0.0s
[     23s] main 30b c3595 ic_m4 random_sub_r1 table completed_valid t=0.0s
[     23s] main 30b c3595 ic_m4 random_sub_r2 table completed_valid t=0.0s
[     23s] main 30b c3595 ic_m4 known_null_sub table completed_valid t=0.0s
[     23s] main 30b c3595 ic_m4 planted_sub table completed_valid t=0.0s
[     23s] main 30b c3595 ic_m4 small_x_offset table completed_valid t=0.0s
[     23s] main 30b c3596 ic_m4 subgroup table completed_valid t=0.0s
[     23s] main 30b c3596 ic_m4 small_x table completed_valid t=0.0s
[     23s] main 30b c3596 ic_m4 random_sub_r0 table completed_valid t=0.0s
[     23s] main 30b c3596 ic_m4 random_sub_r1 table completed_valid t=0.0s
[     23s] main 30b c3596 ic_m4 random_sub_r2 table completed_valid t=0.0s
[     23s] main 30b c3596 ic_m4 known_null_sub table completed_valid t=0.0s
[     23s] main 30b c3596 ic_m4 planted_sub table completed_valid t=0.0s
[     23s] main 30b c3596 ic_m4 small_x_offset table completed_valid t=0.0s
[     23s] main 30b c3597 ic_m4 subgroup table completed_valid t=0.0s
[     23s] main 30b c3597 ic_m4 small_x table completed_valid t=0.0s
[     23s] main 30b c3597 ic_m4 random_sub_r0 table completed_valid t=0.0s
[     23s] main 30b c3597 ic_m4 random_sub_r1 table completed_valid t=0.0s
[     23s] main 30b c3597 ic_m4 random_sub_r2 table completed_valid t=0.0s
[     23s] main 30b c3597 ic_m4 known_null_sub table completed_valid t=0.0s
[     23s] main 30b c3597 ic_m4 planted_sub table completed_valid t=0.0s
[     23s] main 30b c3597 ic_m4 small_x_offset table completed_valid t=0.0s
[     23s] main 30b c3598 ic_m4 subgroup table completed_valid t=0.0s
[     23s] main 30b c3598 ic_m4 small_x table completed_valid t=0.0s
[     23s] main 30b c3598 ic_m4 random_sub_r0 table completed_valid t=0.0s
[     23s] main 30b c3598 ic_m4 random_sub_r1 table completed_valid t=0.0s
[     23s] main 30b c3598 ic_m4 random_sub_r2 table completed_valid t=0.0s
[     23s] main 30b c3598 ic_m4 known_null_sub table completed_valid t=0.0s
[     23s] main 30b c3598 ic_m4 planted_sub table completed_valid t=0.0s
[     23s] main 30b c3598 ic_m4 small_x_offset table completed_valid t=0.0s
[     24s] main 30b c3599 ic_m4 subgroup table completed_valid t=0.0s
[     24s] main 30b c3599 ic_m4 small_x table completed_valid t=0.0s
[     24s] main 30b c3599 ic_m4 random_sub_r0 table completed_valid t=0.0s
[     24s] main 30b c3599 ic_m4 random_sub_r1 table completed_valid t=0.0s
[     24s] main 30b c3599 ic_m4 random_sub_r2 table completed_valid t=0.0s
[     24s] main 30b c3599 ic_m4 known_null_sub table completed_valid t=0.0s
[     24s] main 30b c3599 ic_m4 planted_sub table completed_valid t=0.0s
[     24s] main 30b c3599 ic_m4 small_x_offset table completed_valid t=0.0s
[     24s] main 30b c3600 ic_m4 subgroup table completed_valid t=0.0s
[     24s] main 30b c3600 ic_m4 small_x table completed_valid t=0.0s
[     24s] main 30b c3600 ic_m4 random_sub_r0 table completed_valid t=0.0s
[     24s] main 30b c3600 ic_m4 random_sub_r1 table completed_valid t=0.0s
[     24s] main 30b c3600 ic_m4 random_sub_r2 table completed_valid t=0.0s
[     24s] main 30b c3600 ic_m4 known_null_sub table completed_valid t=0.0s
[     24s] main 30b c3600 ic_m4 planted_sub table completed_valid t=0.0s
[     24s] main 30b c3600 ic_m4 small_x_offset table completed_valid t=0.0s
[     24s] main 30b c3601 ic_m4 subgroup table completed_valid t=0.0s
[     24s] main 30b c3601 ic_m4 small_x table completed_valid t=0.0s
[     24s] main 30b c3601 ic_m4 random_sub_r0 table completed_valid t=0.0s
[     24s] main 30b c3601 ic_m4 random_sub_r1 table completed_valid t=0.0s
[     24s] main 30b c3601 ic_m4 random_sub_r2 table completed_valid t=0.0s
[     24s] main 30b c3601 ic_m4 known_null_sub table completed_valid t=0.0s
[     24s] main 30b c3601 ic_m4 planted_sub table completed_valid t=0.0s
[     24s] main 30b c3601 ic_m4 small_x_offset table completed_valid t=0.0s
[     25s] main 30b c3602 ic_m4 subgroup table completed_valid t=0.0s
[     25s] main 30b c3602 ic_m4 small_x table completed_valid t=0.0s
[     25s] main 30b c3602 ic_m4 random_sub_r0 table completed_valid t=0.0s
[     25s] main 30b c3602 ic_m4 random_sub_r1 table completed_valid t=0.0s
[     25s] main 30b c3602 ic_m4 random_sub_r2 table completed_valid t=0.0s
[     25s] main 30b c3602 ic_m4 known_null_sub table completed_valid t=0.0s
[     25s] main 30b c3602 ic_m4 planted_sub table completed_valid t=0.0s
[     25s] main 30b c3602 ic_m4 small_x_offset table completed_valid t=0.0s
[     25s] main 30b c3603 ic_m4 subgroup table completed_valid t=0.0s
[     25s] main 30b c3603 ic_m4 small_x table completed_valid t=0.0s
[     25s] main 30b c3603 ic_m4 random_sub_r0 table completed_valid t=0.0s
[     25s] main 30b c3603 ic_m4 random_sub_r1 table completed_valid t=0.0s
[     25s] main 30b c3603 ic_m4 random_sub_r2 table completed_valid t=0.1s
[     25s] main 30b c3603 ic_m4 known_null_sub table completed_valid t=0.0s
[     25s] main 30b c3603 ic_m4 planted_sub table completed_valid t=0.0s
[     25s] main 30b c3603 ic_m4 small_x_offset table completed_valid t=0.0s
[     25s] main 30b c3604 ic_m4 subgroup table completed_valid t=0.0s
[     25s] main 30b c3604 ic_m4 small_x table completed_valid t=0.0s
[     25s] main 30b c3604 ic_m4 random_sub_r0 table completed_valid t=0.0s
[     25s] main 30b c3604 ic_m4 random_sub_r1 table completed_valid t=0.0s
[     25s] main 30b c3604 ic_m4 random_sub_r2 table completed_valid t=0.0s
[     25s] main 30b c3604 ic_m4 known_null_sub table completed_valid t=0.0s
[     25s] main 30b c3604 ic_m4 planted_sub table completed_valid t=0.0s
[     25s] main 30b c3604 ic_m4 small_x_offset table completed_valid t=0.0s
[     25s] main 30b c3605 ic_m4 subgroup table completed_valid t=0.0s
[     25s] main 30b c3605 ic_m4 small_x table completed_valid t=0.0s
[     25s] main 30b c3605 ic_m4 random_sub_r0 table completed_valid t=0.0s
[     25s] main 30b c3605 ic_m4 random_sub_r1 table completed_valid t=0.0s
[     25s] main 30b c3605 ic_m4 random_sub_r2 table completed_valid t=0.0s
[     25s] main 30b c3605 ic_m4 known_null_sub table completed_valid t=0.0s
[     25s] main 30b c3605 ic_m4 planted_sub table completed_valid t=0.0s
[     25s] main 30b c3605 ic_m4 small_x_offset table completed_valid t=0.0s
[     26s] main 30b c3606 ic_m4 subgroup table completed_valid t=0.0s
[     26s] main 30b c3606 ic_m4 small_x table completed_valid t=0.0s
[     26s] main 30b c3606 ic_m4 random_sub_r0 table completed_valid t=0.0s
[     26s] main 30b c3606 ic_m4 random_sub_r1 table completed_valid t=0.0s
[     26s] main 30b c3606 ic_m4 random_sub_r2 table completed_valid t=0.0s
[     26s] main 30b c3606 ic_m4 known_null_sub table completed_valid t=0.0s
[     26s] main 30b c3606 ic_m4 planted_sub table completed_valid t=0.0s
[     26s] main 30b c3606 ic_m4 small_x_offset table completed_valid t=0.0s
[     26s] main 30b c3607 ic_m4 subgroup table completed_valid t=0.0s
[     26s] main 30b c3607 ic_m4 small_x table completed_valid t=0.0s
[     26s] main 30b c3607 ic_m4 random_sub_r0 table completed_valid t=0.0s
[     26s] main 30b c3607 ic_m4 random_sub_r1 table completed_valid t=0.0s
[     26s] main 30b c3607 ic_m4 random_sub_r2 table completed_valid t=0.0s
[     26s] main 30b c3607 ic_m4 known_null_sub table completed_valid t=0.0s
[     26s] main 30b c3607 ic_m4 planted_sub table completed_valid t=0.0s
[     26s] main 30b c3607 ic_m4 small_x_offset table completed_valid t=0.0s
[     26s] main 30b c3608 ic_m4 subgroup table completed_valid t=0.0s
[     26s] main 30b c3608 ic_m4 small_x table completed_valid t=0.0s
[     26s] main 30b c3608 ic_m4 random_sub_r0 table completed_valid t=0.0s
[     26s] main 30b c3608 ic_m4 random_sub_r1 table completed_valid t=0.0s
[     26s] main 30b c3608 ic_m4 random_sub_r2 table completed_valid t=0.0s
[     26s] main 30b c3608 ic_m4 known_null_sub table completed_valid t=0.0s
[     26s] main 30b c3608 ic_m4 planted_sub table completed_valid t=0.0s
[     26s] main 30b c3608 ic_m4 small_x_offset table completed_valid t=0.0s
[     26s] main 30b c3609 ic_m4 subgroup table completed_valid t=0.0s
[     26s] main 30b c3609 ic_m4 small_x table completed_valid t=0.0s
[     26s] main 30b c3609 ic_m4 random_sub_r0 table completed_valid t=0.0s
[     26s] main 30b c3609 ic_m4 random_sub_r1 table completed_valid t=0.0s
[     26s] main 30b c3609 ic_m4 random_sub_r2 table completed_valid t=0.0s
[     26s] main 30b c3609 ic_m4 known_null_sub table completed_valid t=0.0s
[     26s] main 30b c3609 ic_m4 planted_sub table completed_valid t=0.0s
[     26s] main 30b c3609 ic_m4 small_x_offset table completed_valid t=0.0s
