[      0s] main 30b c4510 ic_m4 subgroup table completed_valid t=0.0s
[      0s] main 30b c4510 ic_m4 small_x table completed_valid t=0.0s
[      0s] main 30b c4510 ic_m4 random_sub_r0 table completed_valid t=0.0s
[      0s] main 30b c4510 ic_m4 random_sub_r1 table completed_valid t=0.0s
[      0s] main 30b c4510 ic_m4 random_sub_r2 table completed_valid t=0.0s
[      0s] main 30b c4510 ic_m4 known_null_sub table completed_valid t=0.0s
[      0s] main 30b c4510 ic_m4 planted_sub table completed_valid t=0.0s
[      0s] main 30b c4510 ic_m4 small_x_offset table completed_valid t=0.0s
[      1s] main 30b c4511 ic_m4 subgroup table completed_valid t=0.0s
[      1s] main 30b c4511 ic_m4 small_x table completed_valid t=0.0s
[      1s] main 30b c4511 ic_m4 random_sub_r0 table completed_valid t=0.0s
[      1s] main 30b c4511 ic_m4 random_sub_r1 table completed_valid t=0.0s
[      1s] main 30b c4511 ic_m4 random_sub_r2 table completed_valid t=0.0s
[      1s] main 30b c4511 ic_m4 known_null_sub table completed_valid t=0.0s
[      1s] main 30b c4511 ic_m4 planted_sub table completed_valid t=0.0s
[      1s] main 30b c4511 ic_m4 small_x_offset table completed_valid t=0.0s
[      1s] main 30b c4512 ic_m4 subgroup table completed_valid t=0.0s
[      1s] main 30b c4512 ic_m4 small_x table completed_valid t=0.0s
[      1s] main 30b c4512 ic_m4 random_sub_r0 table completed_valid t=0.0s
[      1s] main 30b c4512 ic_m4 random_sub_r1 table completed_valid t=0.0s
[      1s] main 30b c4512 ic_m4 random_sub_r2 table completed_valid t=0.0s
[      1s] main 30b c4512 ic_m4 known_null_sub table completed_valid t=0.0s
[      1s] main 30b c4512 ic_m4 planted_sub table completed_valid t=0.0s
[      1s] main 30b c4512 ic_m4 small_x_offset table completed_valid t=0.0s
[      1s] main 30b c4513 ic_m4 subgroup table completed_valid t=0.0s
[      1s] main 30b c4513 ic_m4 small_x table completed_valid t=0.0s
[      1s] main 30b c4513 ic_m4 random_sub_r0 table completed_valid t=0.0s
[      1s] main 30b c4513 ic_m4 random_sub_r1 table completed_valid t=0.0s
[      1s] main 30b c4513 ic_m4 random_sub_r2 table completed_valid t=0.0s
[      1s] main 30b c4513 ic_m4 known_null_sub table completed_valid t=0.0s
[      1s] main 30b c4513 ic_m4 planted_sub table completed_valid t=0.0s
[      1s] main 30b c4513 ic_m4 small_x_offset table completed_valid t=0.0s
[      1s] main 30b c4514 ic_m4 subgroup table completed_valid t=0.0s
[      1s] main 30b c4514 ic_m4 small_x table completed_valid t=0.0s
[      1s] main 30b c4514 ic_m4 random_sub_r0 table completed_valid t=0.0s
[      1s] main 30b c4514 ic_m4 random_sub_r1 table completed_valid t=0.0s
[      1s] main 30b c4514 ic_m4 random_sub_r2 table completed_valid t=0.0s
[      1s] main 30b c4514 ic_m4 known_null_sub table completed_valid t=0.0s
[      1s] main 30b c4514 ic_m4 planted_sub table completed_valid t=0.0s
[      1s] main 30b c4514 ic_m4 small_x_offset table completed_valid t=0.0s
[      1s] main 30b c4515 ic_m4 subgroup table completed_valid t=0.0s
[      1s] main 30b c4515 ic_m4 small_x table completed_valid t=0.0s
[      1s] main 30b c4515 ic_m4 random_sub_r0 table completed_valid t=0.0s
[      1s] main 30b c4515 ic_m4 random_sub_r1 table completed_valid t=0.0s
[      1s] main 30b c4515 ic_m4 random_sub_r2 table completed_valid t=0.0s
[      1s] main 30b c4515 ic_m4 known_null_sub table completed_valid t=0.0s
[      1s] main 30b c4515 ic_m4 planted_sub table completed_valid t=0.0s
[      1s] main 30b c4515 ic_m4 small_x_offset table completed_valid t=0.0s
[      2s] main 30b c4516 ic_m4 subgroup table completed_valid t=0.0s
[      2s] main 30b c4516 ic_m4 small_x table completed_valid t=0.0s
[      2s] main 30b c4516 ic_m4 random_sub_r0 table completed_valid t=0.0s
[      2s] main 30b c4516 ic_m4 random_sub_r1 table completed_valid t=0.0s
[      2s] main 30b c4516 ic_m4 random_sub_r2 table completed_valid t=0.0s
[      2s] main 30b c4516 ic_m4 known_null_sub table completed_valid t=0.0s
[      2s] main 30b c4516 ic_m4 planted_sub table completed_valid t=0.0s
[      2s] main 30b c4516 ic_m4 small_x_offset table completed_valid t=0.0s
[      2s] main 30b c4517 ic_m4 subgroup table completed_valid t=0.0s
[      2s] main 30b c4517 ic_m4 small_x table completed_valid t=0.0s
[      2s] main 30b c4517 ic_m4 random_sub_r0 table completed_valid t=0.0s
[      2s] main 30b c4517 ic_m4 random_sub_r1 table completed_valid t=0.0s
[      2s] main 30b c4517 ic_m4 random_sub_r2 table completed_valid t=0.0s
[      2s] main 30b c4517 ic_m4 known_null_sub table completed_valid t=0.0s
[      2s] main 30b c4517 ic_m4 planted_sub table completed_valid t=0.0s
[      2s] main 30b c4517 ic_m4 small_x_offset table completed_valid t=0.0s
[      2s] main 30b c4518 ic_m4 subgroup table completed_valid t=0.0s
[      2s] main 30b c4518 ic_m4 small_x table completed_valid t=0.0s
[      2s] main 30b c4518 ic_m4 random_sub_r0 table completed_valid t=0.0s
[      2s] main 30b c4518 ic_m4 random_sub_r1 table completed_valid t=0.0s
[      2s] main 30b c4518 ic_m4 random_sub_r2 table completed_valid t=0.0s
[      2s] main 30b c4518 ic_m4 known_null_sub table completed_valid t=0.0s
[      2s] main 30b c4518 ic_m4 planted_sub table completed_valid t=0.0s
[      2s] main 30b c4518 ic_m4 small_x_offset table completed_valid t=0.0s
[      2s] main 30b c4519 ic_m4 subgroup table completed_valid t=0.0s
[      2s] main 30b c4519 ic_m4 small_x table completed_valid t=0.0s
[      2s] main 30b c4519 ic_m4 random_sub_r0 table completed_valid t=0.0s
[      2s] main 30b c4519 ic_m4 random_sub_r1 table completed_valid t=0.0s
[      2s] main 30b c4519 ic_m4 random_sub_r2 table completed_valid t=0.0s
[      2s] main 30b c4519 ic_m4 known_null_sub table completed_valid t=0.0s
[      2s] main 30b c4519 ic_m4 planted_sub table completed_valid t=0.0s
[      2s] main 30b c4519 ic_m4 small_x_offset table completed_valid t=0.0s
[      2s] main 30b c4520 ic_m4 subgroup table completed_valid t=0.0s
[      2s] main 30b c4520 ic_m4 small_x table completed_valid t=0.0s
[      2s] main 30b c4520 ic_m4 random_sub_r0 table completed_valid t=0.0s
[      2s] main 30b c4520 ic_m4 random_sub_r1 table completed_valid t=0.0s
[      2s] main 30b c4520 ic_m4 random_sub_r2 table completed_valid t=0.0s
[      2s] main 30b c4520 ic_m4 known_null_sub table completed_valid t=0.0s
[      2s] main 30b c4520 ic_m4 planted_sub table completed_valid t=0.0s
[      2s] main 30b c4520 ic_m4 small_x_offset table completed_valid t=0.0s
[      3s] main 30b c4521 ic_m4 subgroup table completed_valid t=0.0s
[      3s] main 30b c4521 ic_m4 small_x table completed_valid t=0.0s
[      3s] main 30b c4521 ic_m4 random_sub_r0 table completed_valid t=0.0s
[      3s] main 30b c4521 ic_m4 random_sub_r1 table completed_valid t=0.0s
[      3s] main 30b c4521 ic_m4 random_sub_r2 table completed_valid t=0.0s
[      3s] main 30b c4521 ic_m4 known_null_sub table completed_valid t=0.0s
[      3s] main 30b c4521 ic_m4 planted_sub table completed_valid t=0.0s
[      3s] main 30b c4521 ic_m4 small_x_offset table completed_valid t=0.0s
[      3s] main 30b c4522 ic_m4 subgroup table completed_valid t=0.0s
[      3s] main 30b c4522 ic_m4 small_x table completed_valid t=0.0s
[      3s] main 30b c4522 ic_m4 random_sub_r0 table completed_valid t=0.0s
[      3s] main 30b c4522 ic_m4 random_sub_r1 table completed_valid t=0.0s
[      3s] main 30b c4522 ic_m4 random_sub_r2 table completed_valid t=0.0s
[      3s] main 30b c4522 ic_m4 known_null_sub table completed_valid t=0.0s
[      3s] main 30b c4522 ic_m4 planted_sub table completed_valid t=0.0s
[      3s] main 30b c4522 ic_m4 small_x_offset table completed_valid t=0.0s
[      3s] main 30b c4523 ic_m4 subgroup table completed_valid t=0.0s
[      3s] main 30b c4523 ic_m4 small_x table completed_valid t=0.0s
[      3s] main 30b c4523 ic_m4 random_sub_r0 table completed_valid t=0.0s
[      3s] main 30b c4523 ic_m4 random_sub_r1 table completed_valid t=0.0s
[      3s] main 30b c4523 ic_m4 random_sub_r2 table completed_valid t=0.0s
[      3s] main 30b c4523 ic_m4 known_null_sub table completed_valid t=0.0s
[      3s] main 30b c4523 ic_m4 planted_sub table completed_valid t=0.0s
[      3s] main 30b c4523 ic_m4 small_x_offset table completed_valid t=0.0s
[      3s] main 30b c4524 ic_m4 subgroup table completed_valid t=0.0s
[      3s] main 30b c4524 ic_m4 small_x table completed_valid t=0.0s
[      3s] main 30b c4524 ic_m4 random_sub_r0 table completed_valid t=0.0s
[      3s] main 30b c4524 ic_m4 random_sub_r1 table completed_valid t=0.0s
[      3s] main 30b c4524 ic_m4 random_sub_r2 table completed_valid t=0.0s
[      3s] main 30b c4524 ic_m4 known_null_sub table completed_valid t=0.0s
[      3s] main 30b c4524 ic_m4 planted_sub table completed_valid t=0.0s
[      3s] main 30b c4524 ic_m4 small_x_offset table completed_valid t=0.0s
[      4s] main 30b c4525 ic_m4 subgroup table completed_valid t=0.0s
[      4s] main 30b c4525 ic_m4 small_x table completed_valid t=0.0s
[      4s] main 30b c4525 ic_m4 random_sub_r0 table completed_valid t=0.0s
[      4s] main 30b c4525 ic_m4 random_sub_r1 table completed_valid t=0.0s
[      4s] main 30b c4525 ic_m4 random_sub_r2 table completed_valid t=0.0s
[      4s] main 30b c4525 ic_m4 known_null_sub table completed_valid t=0.0s
[      4s] main 30b c4525 ic_m4 planted_sub table completed_valid t=0.0s
[      4s] main 30b c4525 ic_m4 small_x_offset table completed_valid t=0.0s
[      4s] main 30b c4526 ic_m4 subgroup table completed_valid t=0.0s
[      4s] main 30b c4526 ic_m4 small_x table completed_valid t=0.0s
[      4s] main 30b c4526 ic_m4 random_sub_r0 table completed_valid t=0.0s
[      4s] main 30b c4526 ic_m4 random_sub_r1 table completed_valid t=0.0s
[      4s] main 30b c4526 ic_m4 random_sub_r2 table completed_valid t=0.0s
[      4s] main 30b c4526 ic_m4 known_null_sub table completed_valid t=0.0s
[      4s] main 30b c4526 ic_m4 planted_sub table completed_valid t=0.0s
[      4s] main 30b c4526 ic_m4 small_x_offset table completed_valid t=0.0s
[      4s] main 30b c4527 ic_m4 subgroup table completed_valid t=0.0s
[      4s] main 30b c4527 ic_m4 small_x table completed_valid t=0.0s
[      4s] main 30b c4527 ic_m4 random_sub_r0 table completed_valid t=0.0s
[      4s] main 30b c4527 ic_m4 random_sub_r1 table completed_valid t=0.0s
[      4s] main 30b c4527 ic_m4 random_sub_r2 table completed_valid t=0.0s
[      4s] main 30b c4527 ic_m4 known_null_sub table completed_valid t=0.0s
[      4s] main 30b c4527 ic_m4 planted_sub table completed_valid t=0.0s
[      4s] main 30b c4527 ic_m4 small_x_offset table completed_valid t=0.0s
[      4s] main 30b c4528 ic_m4 subgroup table completed_valid t=0.0s
[      4s] main 30b c4528 ic_m4 small_x table completed_valid t=0.0s
[      4s] main 30b c4528 ic_m4 random_sub_r0 table completed_valid t=0.0s
[      4s] main 30b c4528 ic_m4 random_sub_r1 table completed_valid t=0.0s
[      4s] main 30b c4528 ic_m4 random_sub_r2 table completed_valid t=0.0s
[      4s] main 30b c4528 ic_m4 known_null_sub table completed_valid t=0.0s
[      4s] main 30b c4528 ic_m4 planted_sub table completed_valid t=0.0s
[      4s] main 30b c4528 ic_m4 small_x_offset table completed_valid t=0.0s
[      4s] main 30b c4529 ic_m4 subgroup table completed_valid t=0.0s
[      4s] main 30b c4529 ic_m4 small_x table completed_valid t=0.0s
[      4s] main 30b c4529 ic_m4 random_sub_r0 table completed_valid t=0.0s
[      4s] main 30b c4529 ic_m4 random_sub_r1 table completed_valid t=0.0s
[      4s] main 30b c4529 ic_m4 random_sub_r2 table completed_valid t=0.0s
[      4s] main 30b c4529 ic_m4 known_null_sub table completed_valid t=0.0s
[      4s] main 30b c4529 ic_m4 planted_sub table completed_valid t=0.0s
[      4s] main 30b c4529 ic_m4 small_x_offset table completed_valid t=0.0s
[      5s] main 30b c4530 ic_m4 subgroup table completed_valid t=0.0s
[      5s] main 30b c4530 ic_m4 small_x table completed_valid t=0.0s
[      5s] main 30b c4530 ic_m4 random_sub_r0 table completed_valid t=0.0s
[      5s] main 30b c4530 ic_m4 random_sub_r1 table completed_valid t=0.0s
[      5s] main 30b c4530 ic_m4 random_sub_r2 table completed_valid t=0.0s
[      5s] main 30b c4530 ic_m4 known_null_sub table completed_valid t=0.0s
[      5s] main 30b c4530 ic_m4 planted_sub table completed_valid t=0.0s
[      5s] main 30b c4530 ic_m4 small_x_offset table completed_valid t=0.0s
[      5s] main 30b c4531 ic_m4 subgroup table completed_valid t=0.0s
[      5s] main 30b c4531 ic_m4 small_x table completed_valid t=0.0s
[      5s] main 30b c4531 ic_m4 random_sub_r0 table completed_valid t=0.0s
[      5s] main 30b c4531 ic_m4 random_sub_r1 table completed_valid t=0.0s
[      5s] main 30b c4531 ic_m4 random_sub_r2 table completed_valid t=0.0s
[      5s] main 30b c4531 ic_m4 known_null_sub table completed_valid t=0.0s
[      5s] main 30b c4531 ic_m4 planted_sub table completed_valid t=0.0s
[      5s] main 30b c4531 ic_m4 small_x_offset table completed_valid t=0.0s
[      5s] main 30b c4532 ic_m4 subgroup table completed_valid t=0.0s
[      5s] main 30b c4532 ic_m4 small_x table completed_valid t=0.0s
[      5s] main 30b c4532 ic_m4 random_sub_r0 table completed_valid t=0.0s
[      5s] main 30b c4532 ic_m4 random_sub_r1 table completed_valid t=0.0s
[      5s] main 30b c4532 ic_m4 random_sub_r2 table completed_valid t=0.0s
[      5s] main 30b c4532 ic_m4 known_null_sub table completed_valid t=0.0s
[      5s] main 30b c4532 ic_m4 planted_sub table completed_valid t=0.0s
[      5s] main 30b c4532 ic_m4 small_x_offset table completed_valid t=0.0s
[      5s] main 30b c4533 ic_m4 subgroup table completed_valid t=0.0s
[      5s] main 30b c4533 ic_m4 small_x table completed_valid t=0.0s
[      5s] main 30b c4533 ic_m4 random_sub_r0 table completed_valid t=0.0s
[      5s] main 30b c4533 ic_m4 random_sub_r1 table completed_valid t=0.0s
[      5s] main 30b c4533 ic_m4 random_sub_r2 table completed_valid t=0.0s
[      5s] main 30b c4533 ic_m4 known_null_sub table completed_valid t=0.0s
[      5s] main 30b c4533 ic_m4 planted_sub table completed_valid t=0.0s
[      5s] main 30b c4533 ic_m4 small_x_offset table completed_valid t=0.0s
[      6s] main 30b c4534 ic_m4 subgroup table completed_valid t=0.0s
[      6s] main 30b c4534 ic_m4 small_x table completed_valid t=0.0s
[      6s] main 30b c4534 ic_m4 random_sub_r0 table completed_valid t=0.0s
[      6s] main 30b c4534 ic_m4 random_sub_r1 table completed_valid t=0.0s
[      6s] main 30b c4534 ic_m4 random_sub_r2 table completed_valid t=0.0s
[      6s] main 30b c4534 ic_m4 known_null_sub table completed_valid t=0.0s
[      6s] main 30b c4534 ic_m4 planted_sub table completed_valid t=0.0s
[      6s] main 30b c4534 ic_m4 small_x_offset table completed_valid t=0.0s
[      6s] main 30b c4535 ic_m4 subgroup table completed_valid t=0.0s
[      6s] main 30b c4535 ic_m4 small_x table completed_valid t=0.0s
[      6s] main 30b c4535 ic_m4 random_sub_r0 table completed_valid t=0.0s
[      6s] main 30b c4535 ic_m4 random_sub_r1 table completed_valid t=0.0s
[      6s] main 30b c4535 ic_m4 random_sub_r2 table completed_valid t=0.0s
[      6s] main 30b c4535 ic_m4 known_null_sub table completed_valid t=0.0s
[      6s] main 30b c4535 ic_m4 planted_sub table completed_valid t=0.0s
[      6s] main 30b c4535 ic_m4 small_x_offset table completed_valid t=0.0s
[      6s] main 30b c4536 ic_m4 subgroup table completed_valid t=0.0s
[      6s] main 30b c4536 ic_m4 small_x table completed_valid t=0.0s
[      6s] main 30b c4536 ic_m4 random_sub_r0 table completed_valid t=0.0s
[      6s] main 30b c4536 ic_m4 random_sub_r1 table completed_valid t=0.0s
[      6s] main 30b c4536 ic_m4 random_sub_r2 table completed_valid t=0.0s
[      6s] main 30b c4536 ic_m4 known_null_sub table completed_valid t=0.0s
[      6s] main 30b c4536 ic_m4 planted_sub table completed_valid t=0.0s
[      6s] main 30b c4536 ic_m4 small_x_offset table completed_valid t=0.0s
[      6s] main 30b c4537 ic_m4 subgroup table completed_valid t=0.0s
[      6s] main 30b c4537 ic_m4 small_x table completed_valid t=0.0s
[      6s] main 30b c4537 ic_m4 random_sub_r0 table completed_valid t=0.0s
[      6s] main 30b c4537 ic_m4 random_sub_r1 table completed_valid t=0.0s
[      6s] main 30b c4537 ic_m4 random_sub_r2 table completed_valid t=0.0s
[      6s] main 30b c4537 ic_m4 known_null_sub table completed_valid t=0.0s
[      6s] main 30b c4537 ic_m4 planted_sub table completed_valid t=0.0s
[      6s] main 30b c4537 ic_m4 small_x_offset table completed_valid t=0.0s
[      6s] main 30b c4538 ic_m4 subgroup table completed_valid t=0.0s
[      6s] main 30b c4538 ic_m4 small_x table completed_valid t=0.0s
[      6s] main 30b c4538 ic_m4 random_sub_r0 table completed_valid t=0.0s
[      6s] main 30b c4538 ic_m4 random_sub_r1 table completed_valid t=0.0s
[      6s] main 30b c4538 ic_m4 random_sub_r2 table completed_valid t=0.0s
[      6s] main 30b c4538 ic_m4 known_null_sub table completed_valid t=0.0s
[      6s] main 30b c4538 ic_m4 planted_sub table completed_valid t=0.0s
[      6s] main 30b c4538 ic_m4 small_x_offset table completed_valid t=0.0s
[      7s] main 30b c4539 ic_m4 subgroup table completed_valid t=0.0s
[      7s] main 30b c4539 ic_m4 small_x table completed_valid t=0.0s
[      7s] main 30b c4539 ic_m4 random_sub_r0 table completed_valid t=0.0s
[      7s] main 30b c4539 ic_m4 random_sub_r1 table completed_valid t=0.0s
[      7s] main 30b c4539 ic_m4 random_sub_r2 table completed_valid t=0.0s
[      7s] main 30b c4539 ic_m4 known_null_sub table completed_valid t=0.0s
[      7s] main 30b c4539 ic_m4 planted_sub table completed_valid t=0.0s
[      7s] main 30b c4539 ic_m4 small_x_offset table completed_valid t=0.0s
[      7s] main 30b c4540 ic_m4 subgroup table completed_valid t=0.0s
[      7s] main 30b c4540 ic_m4 small_x table completed_valid t=0.0s
[      7s] main 30b c4540 ic_m4 random_sub_r0 table completed_valid t=0.0s
[      7s] main 30b c4540 ic_m4 random_sub_r1 table completed_valid t=0.0s
[      7s] main 30b c4540 ic_m4 random_sub_r2 table completed_valid t=0.0s
[      7s] main 30b c4540 ic_m4 known_null_sub table completed_valid t=0.0s
[      7s] main 30b c4540 ic_m4 planted_sub table completed_valid t=0.0s
[      7s] main 30b c4540 ic_m4 small_x_offset table completed_valid t=0.0s
[      7s] main 30b c4541 ic_m4 subgroup table completed_valid t=0.0s
[      7s] main 30b c4541 ic_m4 small_x table completed_valid t=0.0s
[      7s] main 30b c4541 ic_m4 random_sub_r0 table completed_valid t=0.0s
[      7s] main 30b c4541 ic_m4 random_sub_r1 table completed_valid t=0.0s
[      7s] main 30b c4541 ic_m4 random_sub_r2 table completed_valid t=0.0s
[      7s] main 30b c4541 ic_m4 known_null_sub table completed_valid t=0.0s
[      7s] main 30b c4541 ic_m4 planted_sub table completed_valid t=0.0s
[      7s] main 30b c4541 ic_m4 small_x_offset table completed_valid t=0.0s
[      7s] main 30b c4542 ic_m4 subgroup table completed_valid t=0.0s
[      7s] main 30b c4542 ic_m4 small_x table completed_valid t=0.0s
[      7s] main 30b c4542 ic_m4 random_sub_r0 table completed_valid t=0.0s
[      7s] main 30b c4542 ic_m4 random_sub_r1 table completed_valid t=0.0s
[      7s] main 30b c4542 ic_m4 random_sub_r2 table completed_valid t=0.0s
[      7s] main 30b c4542 ic_m4 known_null_sub table completed_valid t=0.0s
[      7s] main 30b c4542 ic_m4 planted_sub table completed_valid t=0.0s
[      7s] main 30b c4542 ic_m4 small_x_offset table completed_valid t=0.0s
[      8s] main 30b c4543 ic_m4 subgroup table completed_valid t=0.0s
[      8s] main 30b c4543 ic_m4 small_x table completed_valid t=0.0s
[      8s] main 30b c4543 ic_m4 random_sub_r0 table completed_valid t=0.0s
[      8s] main 30b c4543 ic_m4 random_sub_r1 table completed_valid t=0.0s
[      8s] main 30b c4543 ic_m4 random_sub_r2 table completed_valid t=0.0s
[      8s] main 30b c4543 ic_m4 known_null_sub table completed_valid t=0.0s
[      8s] main 30b c4543 ic_m4 planted_sub table completed_valid t=0.0s
[      8s] main 30b c4543 ic_m4 small_x_offset table completed_valid t=0.0s
[      8s] main 30b c4544 ic_m4 subgroup table completed_valid t=0.0s
[      8s] main 30b c4544 ic_m4 small_x table completed_valid t=0.0s
[      8s] main 30b c4544 ic_m4 random_sub_r0 table completed_valid t=0.0s
[      8s] main 30b c4544 ic_m4 random_sub_r1 table completed_valid t=0.0s
[      8s] main 30b c4544 ic_m4 random_sub_r2 table completed_valid t=0.1s
[      8s] main 30b c4544 ic_m4 known_null_sub table completed_valid t=0.0s
[      8s] main 30b c4544 ic_m4 planted_sub table completed_valid t=0.0s
[      8s] main 30b c4544 ic_m4 small_x_offset table completed_valid t=0.0s
[      8s] main 30b c4545 ic_m4 subgroup table completed_valid t=0.0s
[      8s] main 30b c4545 ic_m4 small_x table completed_valid t=0.0s
[      8s] main 30b c4545 ic_m4 random_sub_r0 table completed_valid t=0.0s
[      8s] main 30b c4545 ic_m4 random_sub_r1 table completed_valid t=0.0s
[      8s] main 30b c4545 ic_m4 random_sub_r2 table completed_valid t=0.0s
[      8s] main 30b c4545 ic_m4 known_null_sub table completed_valid t=0.0s
[      8s] main 30b c4545 ic_m4 planted_sub table completed_valid t=0.0s
[      8s] main 30b c4545 ic_m4 small_x_offset table completed_valid t=0.0s
[      9s] main 30b c4546 ic_m4 subgroup table completed_valid t=0.0s
[      9s] main 30b c4546 ic_m4 small_x table completed_valid t=0.0s
[      9s] main 30b c4546 ic_m4 random_sub_r0 table completed_valid t=0.0s
[      9s] main 30b c4546 ic_m4 random_sub_r1 table completed_valid t=0.0s
[      9s] main 30b c4546 ic_m4 random_sub_r2 table completed_valid t=0.0s
[      9s] main 30b c4546 ic_m4 known_null_sub table completed_valid t=0.0s
[      9s] main 30b c4546 ic_m4 planted_sub table completed_valid t=0.0s
[      9s] main 30b c4546 ic_m4 small_x_offset table completed_valid t=0.0s
[      9s] main 30b c4547 ic_m4 subgroup table completed_valid t=0.0s
[      9s] main 30b c4547 ic_m4 small_x table completed_valid t=0.0s
[      9s] main 30b c4547 ic_m4 random_sub_r0 table completed_valid t=0.0s
[      9s] main 30b c4547 ic_m4 random_sub_r1 table completed_valid t=0.0s
[      9s] main 30b c4547 ic_m4 random_sub_r2 table completed_valid t=0.0s
[      9s] main 30b c4547 ic_m4 known_null_sub table completed_valid t=0.0s
[      9s] main 30b c4547 ic_m4 planted_sub table completed_valid t=0.0s
[      9s] main 30b c4547 ic_m4 small_x_offset table completed_valid t=0.0s
[      9s] main 30b c4548 ic_m4 subgroup table completed_valid t=0.0s
[      9s] main 30b c4548 ic_m4 small_x table completed_valid t=0.0s
[      9s] main 30b c4548 ic_m4 random_sub_r0 table completed_valid t=0.0s
[      9s] main 30b c4548 ic_m4 random_sub_r1 table completed_valid t=0.0s
[      9s] main 30b c4548 ic_m4 random_sub_r2 table completed_valid t=0.0s
[      9s] main 30b c4548 ic_m4 known_null_sub table completed_valid t=0.0s
[      9s] main 30b c4548 ic_m4 planted_sub table completed_valid t=0.0s
[      9s] main 30b c4548 ic_m4 small_x_offset table completed_valid t=0.0s
[      9s] main 30b c4549 ic_m4 subgroup table completed_valid t=0.0s
[      9s] main 30b c4549 ic_m4 small_x table completed_valid t=0.0s
[      9s] main 30b c4549 ic_m4 random_sub_r0 table completed_valid t=0.0s
[      9s] main 30b c4549 ic_m4 random_sub_r1 table completed_valid t=0.0s
[      9s] main 30b c4549 ic_m4 random_sub_r2 table completed_valid t=0.0s
[      9s] main 30b c4549 ic_m4 known_null_sub table completed_valid t=0.0s
[      9s] main 30b c4549 ic_m4 planted_sub table completed_valid t=0.0s
[      9s] main 30b c4549 ic_m4 small_x_offset table completed_valid t=0.0s
[     10s] main 30b c4550 ic_m4 subgroup table completed_valid t=0.0s
[     10s] main 30b c4550 ic_m4 small_x table completed_valid t=0.0s
[     10s] main 30b c4550 ic_m4 random_sub_r0 table completed_valid t=0.0s
[     10s] main 30b c4550 ic_m4 random_sub_r1 table completed_valid t=0.0s
[     10s] main 30b c4550 ic_m4 random_sub_r2 table completed_valid t=0.0s
[     10s] main 30b c4550 ic_m4 known_null_sub table completed_valid t=0.0s
[     10s] main 30b c4550 ic_m4 planted_sub table completed_valid t=0.0s
[     10s] main 30b c4550 ic_m4 small_x_offset table completed_valid t=0.0s
[     10s] main 30b c4551 ic_m4 subgroup table completed_valid t=0.0s
[     10s] main 30b c4551 ic_m4 small_x table completed_valid t=0.0s
[     10s] main 30b c4551 ic_m4 random_sub_r0 table completed_valid t=0.0s
[     10s] main 30b c4551 ic_m4 random_sub_r1 table completed_valid t=0.0s
[     10s] main 30b c4551 ic_m4 random_sub_r2 table completed_valid t=0.0s
[     10s] main 30b c4551 ic_m4 known_null_sub table completed_valid t=0.0s
[     10s] main 30b c4551 ic_m4 planted_sub table completed_valid t=0.0s
[     10s] main 30b c4551 ic_m4 small_x_offset table completed_valid t=0.0s
[     10s] main 30b c4552 ic_m4 subgroup table completed_valid t=0.0s
[     10s] main 30b c4552 ic_m4 small_x table completed_valid t=0.0s
[     10s] main 30b c4552 ic_m4 random_sub_r0 table completed_valid t=0.0s
[     10s] main 30b c4552 ic_m4 random_sub_r1 table completed_valid t=0.0s
[     10s] main 30b c4552 ic_m4 random_sub_r2 table completed_valid t=0.0s
[     10s] main 30b c4552 ic_m4 known_null_sub table completed_valid t=0.0s
[     10s] main 30b c4552 ic_m4 planted_sub table completed_valid t=0.0s
[     10s] main 30b c4552 ic_m4 small_x_offset table completed_valid t=0.0s
[     10s] main 30b c4553 ic_m4 subgroup table completed_valid t=0.0s
[     10s] main 30b c4553 ic_m4 small_x table completed_valid t=0.0s
[     10s] main 30b c4553 ic_m4 random_sub_r0 table completed_valid t=0.0s
[     10s] main 30b c4553 ic_m4 random_sub_r1 table completed_valid t=0.0s
[     10s] main 30b c4553 ic_m4 random_sub_r2 table completed_valid t=0.0s
[     10s] main 30b c4553 ic_m4 known_null_sub table completed_valid t=0.0s
[     10s] main 30b c4553 ic_m4 planted_sub table completed_valid t=0.0s
[     10s] main 30b c4553 ic_m4 small_x_offset table completed_valid t=0.0s
[     10s] main 30b c4554 ic_m4 subgroup table completed_valid t=0.0s
[     10s] main 30b c4554 ic_m4 small_x table completed_valid t=0.0s
[     10s] main 30b c4554 ic_m4 random_sub_r0 table completed_valid t=0.0s
[     10s] main 30b c4554 ic_m4 random_sub_r1 table completed_valid t=0.0s
[     10s] main 30b c4554 ic_m4 random_sub_r2 table completed_valid t=0.0s
[     10s] main 30b c4554 ic_m4 known_null_sub table completed_valid t=0.0s
[     10s] main 30b c4554 ic_m4 planted_sub table completed_valid t=0.0s
[     10s] main 30b c4554 ic_m4 small_x_offset table completed_valid t=0.0s
[     11s] main 30b c4555 ic_m4 subgroup table completed_valid t=0.0s
[     11s] main 30b c4555 ic_m4 small_x table completed_valid t=0.0s
[     11s] main 30b c4555 ic_m4 random_sub_r0 table completed_valid t=0.0s
[     11s] main 30b c4555 ic_m4 random_sub_r1 table completed_valid t=0.0s
[     11s] main 30b c4555 ic_m4 random_sub_r2 table completed_valid t=0.0s
[     11s] main 30b c4555 ic_m4 known_null_sub table completed_valid t=0.0s
[     11s] main 30b c4555 ic_m4 planted_sub table completed_valid t=0.0s
[     11s] main 30b c4555 ic_m4 small_x_offset table completed_valid t=0.0s
[     11s] main 30b c4556 ic_m4 subgroup table completed_valid t=0.0s
[     11s] main 30b c4556 ic_m4 small_x table completed_valid t=0.0s
[     11s] main 30b c4556 ic_m4 random_sub_r0 table completed_valid t=0.0s
[     11s] main 30b c4556 ic_m4 random_sub_r1 table completed_valid t=0.0s
[     11s] main 30b c4556 ic_m4 random_sub_r2 table completed_valid t=0.0s
[     11s] main 30b c4556 ic_m4 known_null_sub table completed_valid t=0.0s
[     11s] main 30b c4556 ic_m4 planted_sub table completed_valid t=0.0s
[     11s] main 30b c4556 ic_m4 small_x_offset table completed_valid t=0.0s
[     11s] main 30b c4557 ic_m4 subgroup table completed_valid t=0.0s
[     11s] main 30b c4557 ic_m4 small_x table completed_valid t=0.0s
[     11s] main 30b c4557 ic_m4 random_sub_r0 table completed_valid t=0.1s
[     11s] main 30b c4557 ic_m4 random_sub_r1 table completed_valid t=0.0s
[     11s] main 30b c4557 ic_m4 random_sub_r2 table completed_valid t=0.0s
[     11s] main 30b c4557 ic_m4 known_null_sub table completed_valid t=0.0s
[     11s] main 30b c4557 ic_m4 planted_sub table completed_valid t=0.0s
[     11s] main 30b c4557 ic_m4 small_x_offset table completed_valid t=0.0s
[     12s] main 30b c4558 ic_m4 subgroup table completed_valid t=0.0s
[     12s] main 30b c4558 ic_m4 small_x table completed_valid t=0.0s
[     12s] main 30b c4558 ic_m4 random_sub_r0 table completed_valid t=0.0s
[     12s] main 30b c4558 ic_m4 random_sub_r1 table completed_valid t=0.0s
[     12s] main 30b c4558 ic_m4 random_sub_r2 table completed_valid t=0.0s
[     12s] main 30b c4558 ic_m4 known_null_sub table completed_valid t=0.0s
[     12s] main 30b c4558 ic_m4 planted_sub table completed_valid t=0.0s
[     12s] main 30b c4558 ic_m4 small_x_offset table completed_valid t=0.0s
[     12s] main 30b c4559 ic_m4 subgroup table completed_valid t=0.0s
[     12s] main 30b c4559 ic_m4 small_x table completed_valid t=0.0s
[     12s] main 30b c4559 ic_m4 random_sub_r0 table completed_valid t=0.0s
[     12s] main 30b c4559 ic_m4 random_sub_r1 table completed_valid t=0.0s
[     12s] main 30b c4559 ic_m4 random_sub_r2 table completed_valid t=0.0s
[     12s] main 30b c4559 ic_m4 known_null_sub table completed_valid t=0.0s
[     12s] main 30b c4559 ic_m4 planted_sub table completed_valid t=0.0s
[     12s] main 30b c4559 ic_m4 small_x_offset table completed_valid t=0.0s
[     12s] main 30b c4560 ic_m4 subgroup table completed_valid t=0.0s
[     12s] main 30b c4560 ic_m4 small_x table completed_valid t=0.0s
[     12s] main 30b c4560 ic_m4 random_sub_r0 table completed_valid t=0.0s
[     12s] main 30b c4560 ic_m4 random_sub_r1 table completed_valid t=0.0s
[     12s] main 30b c4560 ic_m4 random_sub_r2 table completed_valid t=0.0s
[     12s] main 30b c4560 ic_m4 known_null_sub table completed_valid t=0.0s
[     12s] main 30b c4560 ic_m4 planted_sub table completed_valid t=0.0s
[     12s] main 30b c4560 ic_m4 small_x_offset table completed_valid t=0.0s
[     12s] main 30b c4561 ic_m4 subgroup table completed_valid t=0.0s
[     12s] main 30b c4561 ic_m4 small_x table completed_valid t=0.0s
[     12s] main 30b c4561 ic_m4 random_sub_r0 table completed_valid t=0.0s
[     12s] main 30b c4561 ic_m4 random_sub_r1 table completed_valid t=0.0s
[     12s] main 30b c4561 ic_m4 random_sub_r2 table completed_valid t=0.0s
[     12s] main 30b c4561 ic_m4 known_null_sub table completed_valid t=0.0s
[     12s] main 30b c4561 ic_m4 planted_sub table completed_valid t=0.0s
[     12s] main 30b c4561 ic_m4 small_x_offset table completed_valid t=0.0s
[     13s] main 30b c4562 ic_m4 subgroup table completed_valid t=0.0s
[     13s] main 30b c4562 ic_m4 small_x table completed_valid t=0.0s
[     13s] main 30b c4562 ic_m4 random_sub_r0 table completed_valid t=0.0s
[     13s] main 30b c4562 ic_m4 random_sub_r1 table completed_valid t=0.0s
[     13s] main 30b c4562 ic_m4 random_sub_r2 table completed_valid t=0.0s
[     13s] main 30b c4562 ic_m4 known_null_sub table completed_valid t=0.0s
[     13s] main 30b c4562 ic_m4 planted_sub table completed_valid t=0.0s
[     13s] main 30b c4562 ic_m4 small_x_offset table completed_valid t=0.0s
[     13s] main 30b c4563 ic_m4 subgroup table completed_valid t=0.0s
[     13s] main 30b c4563 ic_m4 small_x table completed_valid t=0.0s
[     13s] main 30b c4563 ic_m4 random_sub_r0 table completed_valid t=0.0s
[     13s] main 30b c4563 ic_m4 random_sub_r1 table completed_valid t=0.0s
[     13s] main 30b c4563 ic_m4 random_sub_r2 table completed_valid t=0.0s
[     13s] main 30b c4563 ic_m4 known_null_sub table completed_valid t=0.0s
[     13s] main 30b c4563 ic_m4 planted_sub table completed_valid t=0.0s
[     13s] main 30b c4563 ic_m4 small_x_offset table completed_valid t=0.0s
[     13s] main 30b c4564 ic_m4 subgroup table completed_valid t=0.0s
[     13s] main 30b c4564 ic_m4 small_x table completed_valid t=0.0s
[     13s] main 30b c4564 ic_m4 random_sub_r0 table completed_valid t=0.0s
[     13s] main 30b c4564 ic_m4 random_sub_r1 table completed_valid t=0.0s
[     13s] main 30b c4564 ic_m4 random_sub_r2 table completed_valid t=0.0s
[     13s] main 30b c4564 ic_m4 known_null_sub table completed_valid t=0.0s
[     13s] main 30b c4564 ic_m4 planted_sub table completed_valid t=0.0s
[     13s] main 30b c4564 ic_m4 small_x_offset table completed_valid t=0.0s
[     13s] main 30b c4565 ic_m4 subgroup table completed_valid t=0.0s
[     13s] main 30b c4565 ic_m4 small_x table completed_valid t=0.0s
[     13s] main 30b c4565 ic_m4 random_sub_r0 table completed_valid t=0.0s
[     13s] main 30b c4565 ic_m4 random_sub_r1 table completed_valid t=0.0s
[     13s] main 30b c4565 ic_m4 random_sub_r2 table completed_valid t=0.0s
[     13s] main 30b c4565 ic_m4 known_null_sub table completed_valid t=0.0s
[     13s] main 30b c4565 ic_m4 planted_sub table completed_valid t=0.0s
[     13s] main 30b c4565 ic_m4 small_x_offset table completed_valid t=0.0s
[     14s] main 30b c4566 ic_m4 subgroup table completed_valid t=0.0s
[     14s] main 30b c4566 ic_m4 small_x table completed_valid t=0.0s
[     14s] main 30b c4566 ic_m4 random_sub_r0 table completed_valid t=0.0s
[     14s] main 30b c4566 ic_m4 random_sub_r1 table completed_valid t=0.0s
[     14s] main 30b c4566 ic_m4 random_sub_r2 table completed_valid t=0.0s
[     14s] main 30b c4566 ic_m4 known_null_sub table completed_valid t=0.0s
[     14s] main 30b c4566 ic_m4 planted_sub table completed_valid t=0.0s
[     14s] main 30b c4566 ic_m4 small_x_offset table completed_valid t=0.0s
[     14s] main 30b c4567 ic_m4 subgroup table completed_valid t=0.0s
[     14s] main 30b c4567 ic_m4 small_x table completed_valid t=0.0s
[     14s] main 30b c4567 ic_m4 random_sub_r0 table completed_valid t=0.0s
[     14s] main 30b c4567 ic_m4 random_sub_r1 table completed_valid t=0.0s
[     14s] main 30b c4567 ic_m4 random_sub_r2 table completed_valid t=0.0s
[     14s] main 30b c4567 ic_m4 known_null_sub table completed_valid t=0.0s
[     14s] main 30b c4567 ic_m4 planted_sub table completed_valid t=0.0s
[     14s] main 30b c4567 ic_m4 small_x_offset table completed_valid t=0.0s
[     14s] main 30b c4568 ic_m4 subgroup table completed_valid t=0.0s
[     14s] main 30b c4568 ic_m4 small_x table completed_valid t=0.0s
[     14s] main 30b c4568 ic_m4 random_sub_r0 table completed_valid t=0.0s
[     14s] main 30b c4568 ic_m4 random_sub_r1 table completed_valid t=0.0s
[     14s] main 30b c4568 ic_m4 random_sub_r2 table completed_valid t=0.0s
[     14s] main 30b c4568 ic_m4 known_null_sub table completed_valid t=0.0s
[     14s] main 30b c4568 ic_m4 planted_sub table completed_valid t=0.0s
[     14s] main 30b c4568 ic_m4 small_x_offset table completed_valid t=0.0s
[     14s] main 30b c4569 ic_m4 subgroup table completed_valid t=0.0s
[     14s] main 30b c4569 ic_m4 small_x table completed_valid t=0.0s
[     14s] main 30b c4569 ic_m4 random_sub_r0 table completed_valid t=0.0s
[     14s] main 30b c4569 ic_m4 random_sub_r1 table completed_valid t=0.0s
[     14s] main 30b c4569 ic_m4 random_sub_r2 table completed_valid t=0.0s
[     14s] main 30b c4569 ic_m4 known_null_sub table completed_valid t=0.0s
[     14s] main 30b c4569 ic_m4 planted_sub table completed_valid t=0.0s
[     14s] main 30b c4569 ic_m4 small_x_offset table completed_valid t=0.0s
[     15s] main 30b c4570 ic_m4 subgroup table completed_valid t=0.0s
[     15s] main 30b c4570 ic_m4 small_x table completed_valid t=0.0s
[     15s] main 30b c4570 ic_m4 random_sub_r0 table completed_valid t=0.0s
[     15s] main 30b c4570 ic_m4 random_sub_r1 table completed_valid t=0.0s
[     15s] main 30b c4570 ic_m4 random_sub_r2 table completed_valid t=0.0s
[     15s] main 30b c4570 ic_m4 known_null_sub table completed_valid t=0.0s
[     15s] main 30b c4570 ic_m4 planted_sub table completed_valid t=0.0s
[     15s] main 30b c4570 ic_m4 small_x_offset table completed_valid t=0.0s
[     15s] main 30b c4571 ic_m4 subgroup table completed_valid t=0.0s
[     15s] main 30b c4571 ic_m4 small_x table completed_valid t=0.0s
[     15s] main 30b c4571 ic_m4 random_sub_r0 table completed_valid t=0.0s
[     15s] main 30b c4571 ic_m4 random_sub_r1 table completed_valid t=0.0s
[     15s] main 30b c4571 ic_m4 random_sub_r2 table completed_valid t=0.0s
[     15s] main 30b c4571 ic_m4 known_null_sub table completed_valid t=0.0s
[     15s] main 30b c4571 ic_m4 planted_sub table completed_valid t=0.0s
[     15s] main 30b c4571 ic_m4 small_x_offset table completed_valid t=0.0s
[     15s] main 30b c4572 ic_m4 subgroup table completed_valid t=0.0s
[     15s] main 30b c4572 ic_m4 small_x table completed_valid t=0.0s
[     15s] main 30b c4572 ic_m4 random_sub_r0 table completed_valid t=0.0s
[     15s] main 30b c4572 ic_m4 random_sub_r1 table completed_valid t=0.0s
[     15s] main 30b c4572 ic_m4 random_sub_r2 table completed_valid t=0.0s
[     15s] main 30b c4572 ic_m4 known_null_sub table completed_valid t=0.0s
[     15s] main 30b c4572 ic_m4 planted_sub table completed_valid t=0.0s
[     15s] main 30b c4572 ic_m4 small_x_offset table completed_valid t=0.0s
[     15s] main 30b c4573 ic_m4 subgroup table completed_valid t=0.0s
[     15s] main 30b c4573 ic_m4 small_x table completed_valid t=0.0s
[     15s] main 30b c4573 ic_m4 random_sub_r0 table completed_valid t=0.0s
[     15s] main 30b c4573 ic_m4 random_sub_r1 table completed_valid t=0.0s
[     15s] main 30b c4573 ic_m4 random_sub_r2 table completed_valid t=0.0s
[     15s] main 30b c4573 ic_m4 known_null_sub table completed_valid t=0.0s
[     15s] main 30b c4573 ic_m4 planted_sub table completed_valid t=0.0s
[     15s] main 30b c4573 ic_m4 small_x_offset table completed_valid t=0.0s
[     15s] main 30b c4574 ic_m4 subgroup table completed_valid t=0.0s
[     15s] main 30b c4574 ic_m4 small_x table completed_valid t=0.0s
[     15s] main 30b c4574 ic_m4 random_sub_r0 table completed_valid t=0.0s
[     15s] main 30b c4574 ic_m4 random_sub_r1 table completed_valid t=0.0s
[     15s] main 30b c4574 ic_m4 random_sub_r2 table completed_valid t=0.0s
[     15s] main 30b c4574 ic_m4 known_null_sub table completed_valid t=0.0s
[     15s] main 30b c4574 ic_m4 planted_sub table completed_valid t=0.0s
[     15s] main 30b c4574 ic_m4 small_x_offset table completed_valid t=0.0s
[     16s] main 30b c4575 ic_m4 subgroup table completed_valid t=0.0s
[     16s] main 30b c4575 ic_m4 small_x table completed_valid t=0.0s
[     16s] main 30b c4575 ic_m4 random_sub_r0 table completed_valid t=0.0s
[     16s] main 30b c4575 ic_m4 random_sub_r1 table completed_valid t=0.0s
[     16s] main 30b c4575 ic_m4 random_sub_r2 table completed_valid t=0.0s
[     16s] main 30b c4575 ic_m4 known_null_sub table completed_valid t=0.0s
[     16s] main 30b c4575 ic_m4 planted_sub table completed_valid t=0.0s
[     16s] main 30b c4575 ic_m4 small_x_offset table completed_valid t=0.0s
[     16s] main 30b c4576 ic_m4 subgroup table completed_valid t=0.0s
[     16s] main 30b c4576 ic_m4 small_x table completed_valid t=0.0s
[     16s] main 30b c4576 ic_m4 random_sub_r0 table completed_valid t=0.0s
[     16s] main 30b c4576 ic_m4 random_sub_r1 table completed_valid t=0.0s
[     16s] main 30b c4576 ic_m4 random_sub_r2 table completed_valid t=0.0s
[     16s] main 30b c4576 ic_m4 known_null_sub table completed_valid t=0.0s
[     16s] main 30b c4576 ic_m4 planted_sub table completed_valid t=0.0s
[     16s] main 30b c4576 ic_m4 small_x_offset table completed_valid t=0.0s
[     16s] main 30b c4577 ic_m4 subgroup table completed_valid t=0.0s
[     16s] main 30b c4577 ic_m4 small_x table completed_valid t=0.0s
[     16s] main 30b c4577 ic_m4 random_sub_r0 table completed_valid t=0.0s
[     16s] main 30b c4577 ic_m4 random_sub_r1 table completed_valid t=0.0s
[     16s] main 30b c4577 ic_m4 random_sub_r2 table completed_valid t=0.0s
[     16s] main 30b c4577 ic_m4 known_null_sub table completed_valid t=0.0s
[     16s] main 30b c4577 ic_m4 planted_sub table completed_valid t=0.0s
[     16s] main 30b c4577 ic_m4 small_x_offset table completed_valid t=0.0s
[     16s] main 30b c4578 ic_m4 subgroup table completed_valid t=0.0s
[     16s] main 30b c4578 ic_m4 small_x table completed_valid t=0.0s
[     16s] main 30b c4578 ic_m4 random_sub_r0 table completed_valid t=0.0s
[     16s] main 30b c4578 ic_m4 random_sub_r1 table completed_valid t=0.0s
[     16s] main 30b c4578 ic_m4 random_sub_r2 table completed_valid t=0.0s
[     16s] main 30b c4578 ic_m4 known_null_sub table completed_valid t=0.0s
[     16s] main 30b c4578 ic_m4 planted_sub table completed_valid t=0.0s
[     16s] main 30b c4578 ic_m4 small_x_offset table completed_valid t=0.0s
[     16s] main 30b c4579 ic_m4 subgroup table completed_valid t=0.0s
[     16s] main 30b c4579 ic_m4 small_x table completed_valid t=0.0s
[     16s] main 30b c4579 ic_m4 random_sub_r0 table completed_valid t=0.0s
[     16s] main 30b c4579 ic_m4 random_sub_r1 table completed_valid t=0.0s
[     16s] main 30b c4579 ic_m4 random_sub_r2 table completed_valid t=0.0s
[     16s] main 30b c4579 ic_m4 known_null_sub table completed_valid t=0.0s
[     16s] main 30b c4579 ic_m4 planted_sub table completed_valid t=0.0s
[     16s] main 30b c4579 ic_m4 small_x_offset table completed_valid t=0.0s
[     17s] main 30b c4580 ic_m4 subgroup table completed_valid t=0.0s
[     17s] main 30b c4580 ic_m4 small_x table completed_valid t=0.0s
[     17s] main 30b c4580 ic_m4 random_sub_r0 table completed_valid t=0.0s
[     17s] main 30b c4580 ic_m4 random_sub_r1 table completed_valid t=0.0s
[     17s] main 30b c4580 ic_m4 random_sub_r2 table completed_valid t=0.0s
[     17s] main 30b c4580 ic_m4 known_null_sub table completed_valid t=0.0s
[     17s] main 30b c4580 ic_m4 planted_sub table completed_valid t=0.0s
[     17s] main 30b c4580 ic_m4 small_x_offset table completed_valid t=0.0s
[     17s] main 30b c4581 ic_m4 subgroup table completed_valid t=0.0s
[     17s] main 30b c4581 ic_m4 small_x table completed_valid t=0.0s
[     17s] main 30b c4581 ic_m4 random_sub_r0 table completed_valid t=0.0s
[     17s] main 30b c4581 ic_m4 random_sub_r1 table completed_valid t=0.0s
[     17s] main 30b c4581 ic_m4 random_sub_r2 table completed_valid t=0.0s
[     17s] main 30b c4581 ic_m4 known_null_sub table completed_valid t=0.0s
[     17s] main 30b c4581 ic_m4 planted_sub table completed_valid t=0.0s
[     17s] main 30b c4581 ic_m4 small_x_offset table completed_valid t=0.0s
[     17s] main 30b c4582 ic_m4 subgroup table completed_valid t=0.0s
[     17s] main 30b c4582 ic_m4 small_x table completed_valid t=0.0s
[     17s] main 30b c4582 ic_m4 random_sub_r0 table completed_valid t=0.0s
[     17s] main 30b c4582 ic_m4 random_sub_r1 table completed_valid t=0.0s
[     17s] main 30b c4582 ic_m4 random_sub_r2 table completed_valid t=0.0s
[     17s] main 30b c4582 ic_m4 known_null_sub table completed_valid t=0.0s
[     17s] main 30b c4582 ic_m4 planted_sub table completed_valid t=0.0s
[     17s] main 30b c4582 ic_m4 small_x_offset table completed_valid t=0.0s
[     17s] main 30b c4583 ic_m4 subgroup table completed_valid t=0.0s
[     17s] main 30b c4583 ic_m4 small_x table completed_valid t=0.0s
[     17s] main 30b c4583 ic_m4 random_sub_r0 table completed_valid t=0.0s
[     17s] main 30b c4583 ic_m4 random_sub_r1 table completed_valid t=0.0s
[     17s] main 30b c4583 ic_m4 random_sub_r2 table completed_valid t=0.0s
[     17s] main 30b c4583 ic_m4 known_null_sub table completed_valid t=0.0s
[     17s] main 30b c4583 ic_m4 planted_sub table completed_valid t=0.0s
[     17s] main 30b c4583 ic_m4 small_x_offset table completed_valid t=0.0s
[     18s] main 30b c4584 ic_m4 subgroup table completed_valid t=0.0s
[     18s] main 30b c4584 ic_m4 small_x table completed_valid t=0.0s
[     18s] main 30b c4584 ic_m4 random_sub_r0 table completed_valid t=0.0s
[     18s] main 30b c4584 ic_m4 random_sub_r1 table completed_valid t=0.0s
[     18s] main 30b c4584 ic_m4 random_sub_r2 table completed_valid t=0.0s
[     18s] main 30b c4584 ic_m4 known_null_sub table completed_valid t=0.0s
[     18s] main 30b c4584 ic_m4 planted_sub table completed_valid t=0.0s
[     18s] main 30b c4584 ic_m4 small_x_offset table completed_valid t=0.0s
[     18s] main 30b c4585 ic_m4 subgroup table completed_valid t=0.0s
[     18s] main 30b c4585 ic_m4 small_x table completed_valid t=0.0s
[     18s] main 30b c4585 ic_m4 random_sub_r0 table completed_valid t=0.0s
[     18s] main 30b c4585 ic_m4 random_sub_r1 table completed_valid t=0.0s
[     18s] main 30b c4585 ic_m4 random_sub_r2 table completed_valid t=0.0s
[     18s] main 30b c4585 ic_m4 known_null_sub table completed_valid t=0.0s
[     18s] main 30b c4585 ic_m4 planted_sub table completed_valid t=0.0s
[     18s] main 30b c4585 ic_m4 small_x_offset table completed_valid t=0.0s
[     18s] main 30b c4586 ic_m4 subgroup table completed_valid t=0.0s
[     18s] main 30b c4586 ic_m4 small_x table completed_valid t=0.0s
[     18s] main 30b c4586 ic_m4 random_sub_r0 table completed_valid t=0.0s
[     18s] main 30b c4586 ic_m4 random_sub_r1 table completed_valid t=0.0s
[     18s] main 30b c4586 ic_m4 random_sub_r2 table completed_valid t=0.0s
[     18s] main 30b c4586 ic_m4 known_null_sub table completed_valid t=0.0s
[     18s] main 30b c4586 ic_m4 planted_sub table completed_valid t=0.0s
[     18s] main 30b c4586 ic_m4 small_x_offset table completed_valid t=0.0s
[     18s] main 30b c4587 ic_m4 subgroup table completed_valid t=0.0s
[     18s] main 30b c4587 ic_m4 small_x table completed_valid t=0.0s
[     18s] main 30b c4587 ic_m4 random_sub_r0 table completed_valid t=0.0s
[     18s] main 30b c4587 ic_m4 random_sub_r1 table completed_valid t=0.0s
[     18s] main 30b c4587 ic_m4 random_sub_r2 table completed_valid t=0.0s
[     18s] main 30b c4587 ic_m4 known_null_sub table completed_valid t=0.0s
[     18s] main 30b c4587 ic_m4 planted_sub table completed_valid t=0.0s
[     18s] main 30b c4587 ic_m4 small_x_offset table completed_valid t=0.0s
[     18s] main 30b c4588 ic_m4 subgroup table completed_valid t=0.0s
[     18s] main 30b c4588 ic_m4 small_x table completed_valid t=0.0s
[     18s] main 30b c4588 ic_m4 random_sub_r0 table completed_valid t=0.0s
[     18s] main 30b c4588 ic_m4 random_sub_r1 table completed_valid t=0.0s
[     18s] main 30b c4588 ic_m4 random_sub_r2 table completed_valid t=0.0s
[     18s] main 30b c4588 ic_m4 known_null_sub table completed_valid t=0.0s
[     18s] main 30b c4588 ic_m4 planted_sub table completed_valid t=0.0s
[     18s] main 30b c4588 ic_m4 small_x_offset table completed_valid t=0.0s
[     19s] main 30b c4589 ic_m4 subgroup table completed_valid t=0.0s
[     19s] main 30b c4589 ic_m4 small_x table completed_valid t=0.0s
[     19s] main 30b c4589 ic_m4 random_sub_r0 table completed_valid t=0.0s
[     19s] main 30b c4589 ic_m4 random_sub_r1 table completed_valid t=0.0s
[     19s] main 30b c4589 ic_m4 random_sub_r2 table completed_valid t=0.0s
[     19s] main 30b c4589 ic_m4 known_null_sub table completed_valid t=0.0s
[     19s] main 30b c4589 ic_m4 planted_sub table completed_valid t=0.0s
[     19s] main 30b c4589 ic_m4 small_x_offset table completed_valid t=0.0s
[     19s] main 30b c4590 ic_m4 subgroup table completed_valid t=0.0s
[     19s] main 30b c4590 ic_m4 small_x table completed_valid t=0.0s
[     19s] main 30b c4590 ic_m4 random_sub_r0 table completed_valid t=0.0s
[     19s] main 30b c4590 ic_m4 random_sub_r1 table completed_valid t=0.0s
[     19s] main 30b c4590 ic_m4 random_sub_r2 table completed_valid t=0.0s
[     19s] main 30b c4590 ic_m4 known_null_sub table completed_valid t=0.0s
[     19s] main 30b c4590 ic_m4 planted_sub table completed_valid t=0.0s
[     19s] main 30b c4590 ic_m4 small_x_offset table completed_valid t=0.0s
[     19s] main 30b c4591 ic_m4 subgroup table completed_valid t=0.0s
[     19s] main 30b c4591 ic_m4 small_x table completed_valid t=0.0s
[     19s] main 30b c4591 ic_m4 random_sub_r0 table completed_valid t=0.0s
[     19s] main 30b c4591 ic_m4 random_sub_r1 table completed_valid t=0.0s
[     19s] main 30b c4591 ic_m4 random_sub_r2 table completed_valid t=0.0s
[     19s] main 30b c4591 ic_m4 known_null_sub table completed_valid t=0.0s
[     19s] main 30b c4591 ic_m4 planted_sub table completed_valid t=0.0s
[     19s] main 30b c4591 ic_m4 small_x_offset table completed_valid t=0.0s
[     19s] main 30b c4592 ic_m4 subgroup table completed_valid t=0.0s
[     19s] main 30b c4592 ic_m4 small_x table completed_valid t=0.0s
[     19s] main 30b c4592 ic_m4 random_sub_r0 table completed_valid t=0.0s
[     19s] main 30b c4592 ic_m4 random_sub_r1 table completed_valid t=0.0s
[     19s] main 30b c4592 ic_m4 random_sub_r2 table completed_valid t=0.0s
[     19s] main 30b c4592 ic_m4 known_null_sub table completed_valid t=0.0s
[     19s] main 30b c4592 ic_m4 planted_sub table completed_valid t=0.0s
[     19s] main 30b c4592 ic_m4 small_x_offset table completed_valid t=0.0s
[     20s] main 30b c4593 ic_m4 subgroup table completed_valid t=0.0s
[     20s] main 30b c4593 ic_m4 small_x table completed_valid t=0.0s
[     20s] main 30b c4593 ic_m4 random_sub_r0 table completed_valid t=0.0s
[     20s] main 30b c4593 ic_m4 random_sub_r1 table completed_valid t=0.0s
[     20s] main 30b c4593 ic_m4 random_sub_r2 table completed_valid t=0.0s
[     20s] main 30b c4593 ic_m4 known_null_sub table completed_valid t=0.0s
[     20s] main 30b c4593 ic_m4 planted_sub table completed_valid t=0.0s
[     20s] main 30b c4593 ic_m4 small_x_offset table completed_valid t=0.0s
[     20s] main 30b c4594 ic_m4 subgroup table completed_valid t=0.0s
[     20s] main 30b c4594 ic_m4 small_x table completed_valid t=0.0s
[     20s] main 30b c4594 ic_m4 random_sub_r0 table completed_valid t=0.0s
[     20s] main 30b c4594 ic_m4 random_sub_r1 table completed_valid t=0.0s
[     20s] main 30b c4594 ic_m4 random_sub_r2 table completed_valid t=0.0s
[     20s] main 30b c4594 ic_m4 known_null_sub table completed_valid t=0.0s
[     20s] main 30b c4594 ic_m4 planted_sub table completed_valid t=0.0s
[     20s] main 30b c4594 ic_m4 small_x_offset table completed_valid t=0.0s
[     20s] main 30b c4595 ic_m4 subgroup table completed_valid t=0.0s
[     20s] main 30b c4595 ic_m4 small_x table completed_valid t=0.0s
[     20s] main 30b c4595 ic_m4 random_sub_r0 table completed_valid t=0.0s
[     20s] main 30b c4595 ic_m4 random_sub_r1 table completed_valid t=0.0s
[     20s] main 30b c4595 ic_m4 random_sub_r2 table completed_valid t=0.0s
[     20s] main 30b c4595 ic_m4 known_null_sub table completed_valid t=0.0s
[     20s] main 30b c4595 ic_m4 planted_sub table completed_valid t=0.0s
[     20s] main 30b c4595 ic_m4 small_x_offset table completed_valid t=0.0s
[     20s] main 30b c4596 ic_m4 subgroup table completed_valid t=0.0s
[     20s] main 30b c4596 ic_m4 small_x table completed_valid t=0.0s
[     20s] main 30b c4596 ic_m4 random_sub_r0 table completed_valid t=0.0s
[     20s] main 30b c4596 ic_m4 random_sub_r1 table completed_valid t=0.0s
[     20s] main 30b c4596 ic_m4 random_sub_r2 table completed_valid t=0.0s
[     20s] main 30b c4596 ic_m4 known_null_sub table completed_valid t=0.0s
[     20s] main 30b c4596 ic_m4 planted_sub table completed_valid t=0.0s
[     20s] main 30b c4596 ic_m4 small_x_offset table completed_valid t=0.0s
[     21s] main 30b c4597 ic_m4 subgroup table completed_valid t=0.0s
[     21s] main 30b c4597 ic_m4 small_x table completed_valid t=0.0s
[     21s] main 30b c4597 ic_m4 random_sub_r0 table completed_valid t=0.0s
[     21s] main 30b c4597 ic_m4 random_sub_r1 table completed_valid t=0.0s
[     21s] main 30b c4597 ic_m4 random_sub_r2 table completed_valid t=0.0s
[     21s] main 30b c4597 ic_m4 known_null_sub table completed_valid t=0.0s
[     21s] main 30b c4597 ic_m4 planted_sub table completed_valid t=0.0s
[     21s] main 30b c4597 ic_m4 small_x_offset table completed_valid t=0.0s
[     21s] main 30b c4598 ic_m4 subgroup table completed_valid t=0.0s
[     21s] main 30b c4598 ic_m4 small_x table completed_valid t=0.0s
[     21s] main 30b c4598 ic_m4 random_sub_r0 table completed_valid t=0.0s
[     21s] main 30b c4598 ic_m4 random_sub_r1 table completed_valid t=0.0s
[     21s] main 30b c4598 ic_m4 random_sub_r2 table completed_valid t=0.0s
[     21s] main 30b c4598 ic_m4 known_null_sub table completed_valid t=0.0s
[     21s] main 30b c4598 ic_m4 planted_sub table completed_valid t=0.0s
[     21s] main 30b c4598 ic_m4 small_x_offset table completed_valid t=0.0s
[     21s] main 30b c4599 ic_m4 subgroup table completed_valid t=0.0s
[     21s] main 30b c4599 ic_m4 small_x table completed_valid t=0.0s
[     21s] main 30b c4599 ic_m4 random_sub_r0 table completed_valid t=0.0s
[     21s] main 30b c4599 ic_m4 random_sub_r1 table completed_valid t=0.0s
[     21s] main 30b c4599 ic_m4 random_sub_r2 table completed_valid t=0.0s
[     21s] main 30b c4599 ic_m4 known_null_sub table completed_valid t=0.0s
[     21s] main 30b c4599 ic_m4 planted_sub table completed_valid t=0.0s
[     21s] main 30b c4599 ic_m4 small_x_offset table completed_valid t=0.0s
[     21s] main 30b c4600 ic_m4 subgroup table completed_valid t=0.0s
[     21s] main 30b c4600 ic_m4 small_x table completed_valid t=0.0s
[     21s] main 30b c4600 ic_m4 random_sub_r0 table completed_valid t=0.0s
[     21s] main 30b c4600 ic_m4 random_sub_r1 table completed_valid t=0.0s
[     21s] main 30b c4600 ic_m4 random_sub_r2 table completed_valid t=0.0s
[     21s] main 30b c4600 ic_m4 known_null_sub table completed_valid t=0.0s
[     21s] main 30b c4600 ic_m4 planted_sub table completed_valid t=0.0s
[     21s] main 30b c4600 ic_m4 small_x_offset table completed_valid t=0.0s
[     22s] main 30b c4601 ic_m4 subgroup table completed_valid t=0.0s
[     22s] main 30b c4601 ic_m4 small_x table completed_valid t=0.0s
[     22s] main 30b c4601 ic_m4 random_sub_r0 table completed_valid t=0.0s
[     22s] main 30b c4601 ic_m4 random_sub_r1 table completed_valid t=0.0s
[     22s] main 30b c4601 ic_m4 random_sub_r2 table completed_valid t=0.0s
[     22s] main 30b c4601 ic_m4 known_null_sub table completed_valid t=0.0s
[     22s] main 30b c4601 ic_m4 planted_sub table completed_valid t=0.0s
[     22s] main 30b c4601 ic_m4 small_x_offset table completed_valid t=0.0s
[     22s] main 30b c4602 ic_m4 subgroup table completed_valid t=0.0s
[     22s] main 30b c4602 ic_m4 small_x table completed_valid t=0.0s
[     22s] main 30b c4602 ic_m4 random_sub_r0 table completed_valid t=0.0s
[     22s] main 30b c4602 ic_m4 random_sub_r1 table completed_valid t=0.0s
[     22s] main 30b c4602 ic_m4 random_sub_r2 table completed_valid t=0.0s
[     22s] main 30b c4602 ic_m4 known_null_sub table completed_valid t=0.0s
[     22s] main 30b c4602 ic_m4 planted_sub table completed_valid t=0.0s
[     22s] main 30b c4602 ic_m4 small_x_offset table completed_valid t=0.0s
[     22s] main 30b c4603 ic_m4 subgroup table completed_valid t=0.0s
[     22s] main 30b c4603 ic_m4 small_x table completed_valid t=0.0s
[     22s] main 30b c4603 ic_m4 random_sub_r0 table completed_valid t=0.0s
[     22s] main 30b c4603 ic_m4 random_sub_r1 table completed_valid t=0.0s
[     22s] main 30b c4603 ic_m4 random_sub_r2 table completed_valid t=0.0s
[     22s] main 30b c4603 ic_m4 known_null_sub table completed_valid t=0.0s
[     22s] main 30b c4603 ic_m4 planted_sub table completed_valid t=0.0s
[     22s] main 30b c4603 ic_m4 small_x_offset table completed_valid t=0.0s
[     22s] main 30b c4604 ic_m4 subgroup table completed_valid t=0.0s
[     22s] main 30b c4604 ic_m4 small_x table completed_valid t=0.0s
[     22s] main 30b c4604 ic_m4 random_sub_r0 table completed_valid t=0.0s
[     22s] main 30b c4604 ic_m4 random_sub_r1 table completed_valid t=0.0s
[     22s] main 30b c4604 ic_m4 random_sub_r2 table completed_valid t=0.0s
[     22s] main 30b c4604 ic_m4 known_null_sub table completed_valid t=0.0s
[     22s] main 30b c4604 ic_m4 planted_sub table completed_valid t=0.0s
[     22s] main 30b c4604 ic_m4 small_x_offset table completed_valid t=0.0s
[     22s] main 30b c4605 ic_m4 subgroup table completed_valid t=0.0s
[     22s] main 30b c4605 ic_m4 small_x table completed_valid t=0.0s
[     22s] main 30b c4605 ic_m4 random_sub_r0 table completed_valid t=0.0s
[     22s] main 30b c4605 ic_m4 random_sub_r1 table completed_valid t=0.0s
[     22s] main 30b c4605 ic_m4 random_sub_r2 table completed_valid t=0.0s
[     22s] main 30b c4605 ic_m4 known_null_sub table completed_valid t=0.0s
[     22s] main 30b c4605 ic_m4 planted_sub table completed_valid t=0.0s
[     22s] main 30b c4605 ic_m4 small_x_offset table completed_valid t=0.0s
[     23s] main 30b c4606 ic_m4 subgroup table completed_valid t=0.0s
[     23s] main 30b c4606 ic_m4 small_x table completed_valid t=0.0s
[     23s] main 30b c4606 ic_m4 random_sub_r0 table completed_valid t=0.0s
[     23s] main 30b c4606 ic_m4 random_sub_r1 table completed_valid t=0.0s
[     23s] main 30b c4606 ic_m4 random_sub_r2 table completed_valid t=0.0s
[     23s] main 30b c4606 ic_m4 known_null_sub table completed_valid t=0.0s
[     23s] main 30b c4606 ic_m4 planted_sub table completed_valid t=0.0s
[     23s] main 30b c4606 ic_m4 small_x_offset table completed_valid t=0.0s
[     23s] main 30b c4607 ic_m4 subgroup table completed_valid t=0.0s
[     23s] main 30b c4607 ic_m4 small_x table completed_valid t=0.0s
[     23s] main 30b c4607 ic_m4 random_sub_r0 table completed_valid t=0.0s
[     23s] main 30b c4607 ic_m4 random_sub_r1 table completed_valid t=0.0s
[     23s] main 30b c4607 ic_m4 random_sub_r2 table completed_valid t=0.0s
[     23s] main 30b c4607 ic_m4 known_null_sub table completed_valid t=0.0s
[     23s] main 30b c4607 ic_m4 planted_sub table completed_valid t=0.0s
[     23s] main 30b c4607 ic_m4 small_x_offset table completed_valid t=0.0s
[     23s] main 30b c4608 ic_m4 subgroup table completed_valid t=0.0s
[     23s] main 30b c4608 ic_m4 small_x table completed_valid t=0.0s
[     23s] main 30b c4608 ic_m4 random_sub_r0 table completed_valid t=0.0s
[     23s] main 30b c4608 ic_m4 random_sub_r1 table completed_valid t=0.0s
[     23s] main 30b c4608 ic_m4 random_sub_r2 table completed_valid t=0.0s
[     23s] main 30b c4608 ic_m4 known_null_sub table completed_valid t=0.0s
[     23s] main 30b c4608 ic_m4 planted_sub table completed_valid t=0.0s
[     23s] main 30b c4608 ic_m4 small_x_offset table completed_valid t=0.0s
[     23s] main 30b c4609 ic_m4 subgroup table completed_valid t=0.0s
[     23s] main 30b c4609 ic_m4 small_x table completed_valid t=0.0s
[     23s] main 30b c4609 ic_m4 random_sub_r0 table completed_valid t=0.0s
[     23s] main 30b c4609 ic_m4 random_sub_r1 table completed_valid t=0.0s
[     23s] main 30b c4609 ic_m4 random_sub_r2 table completed_valid t=0.0s
[     23s] main 30b c4609 ic_m4 known_null_sub table completed_valid t=0.0s
[     23s] main 30b c4609 ic_m4 planted_sub table completed_valid t=0.0s
[     23s] main 30b c4609 ic_m4 small_x_offset table completed_valid t=0.0s
