[      1s] main 30b c710 ic_m4 subgroup table completed_valid t=0.1s
[      1s] main 30b c710 ic_m4 dickson table completed_valid t=0.0s
[      1s] main 30b c710 ic_m4 small_x table completed_valid t=0.0s
[      1s] main 30b c710 ic_m4 random_sub_r0 table completed_valid t=0.0s
[      1s] main 30b c710 ic_m4 random_sub_r1 table completed_valid t=0.0s
[      1s] main 30b c710 ic_m4 random_sub_r2 table completed_valid t=0.0s
[      1s] main 30b c710 ic_m4 known_null_sub table completed_valid t=0.0s
[      1s] main 30b c710 ic_m4 random_dick_r0 table completed_valid t=0.1s
[      1s] main 30b c710 ic_m4 random_dick_r1 table completed_valid t=0.0s
[      1s] main 30b c710 ic_m4 random_dick_r2 table completed_valid t=0.0s
[      1s] main 30b c710 ic_m4 known_null_dick table completed_valid t=0.0s
[      1s] main 30b c711 ic_m4 subgroup table completed_valid t=0.0s
[      1s] main 30b c711 ic_m4 dickson table completed_valid t=0.0s
[      1s] main 30b c711 ic_m4 small_x table completed_valid t=0.0s
[      1s] main 30b c711 ic_m4 random_sub_r0 table completed_valid t=0.0s
[      1s] main 30b c711 ic_m4 random_sub_r1 table completed_valid t=0.0s
[      1s] main 30b c711 ic_m4 random_sub_r2 table completed_valid t=0.0s
[      1s] main 30b c711 ic_m4 known_null_sub table completed_valid t=0.0s
[      1s] main 30b c711 ic_m4 random_dick_r0 table completed_valid t=0.0s
[      1s] main 30b c711 ic_m4 random_dick_r1 table completed_valid t=0.0s
[      1s] main 30b c711 ic_m4 random_dick_r2 table completed_valid t=0.0s
[      1s] main 30b c711 ic_m4 known_null_dick table completed_valid t=0.0s
[      2s] main 30b c712 ic_m4 subgroup table completed_valid t=0.0s
[      2s] main 30b c712 ic_m4 dickson table completed_valid t=0.0s
[      2s] main 30b c712 ic_m4 small_x table completed_valid t=0.0s
[      2s] main 30b c712 ic_m4 random_sub_r0 table completed_valid t=0.0s
[      2s] main 30b c712 ic_m4 random_sub_r1 table completed_valid t=0.0s
[      2s] main 30b c712 ic_m4 random_sub_r2 table completed_valid t=0.0s
[      2s] main 30b c712 ic_m4 known_null_sub table completed_valid t=0.0s
[      2s] main 30b c712 ic_m4 random_dick_r0 table completed_valid t=0.0s
[      2s] main 30b c712 ic_m4 random_dick_r1 table completed_valid t=0.1s
[      2s] main 30b c712 ic_m4 random_dick_r2 table completed_valid t=0.1s
[      2s] main 30b c712 ic_m4 known_null_dick table completed_valid t=0.0s
[      2s] main 30b c713 ic_m4 subgroup table completed_valid t=0.0s
[      2s] main 30b c713 ic_m4 dickson table completed_valid t=0.0s
[      2s] main 30b c713 ic_m4 small_x table completed_valid t=0.0s
[      2s] main 30b c713 ic_m4 random_sub_r0 table completed_valid t=0.0s
[      2s] main 30b c713 ic_m4 random_sub_r1 table completed_valid t=0.0s
[      2s] main 30b c713 ic_m4 random_sub_r2 table completed_valid t=0.0s
[      2s] main 30b c713 ic_m4 known_null_sub table completed_valid t=0.0s
[      2s] main 30b c713 ic_m4 random_dick_r0 table completed_valid t=0.0s
[      2s] main 30b c713 ic_m4 random_dick_r1 table completed_valid t=0.0s
[      2s] main 30b c713 ic_m4 random_dick_r2 table completed_valid t=0.0s
[      2s] main 30b c713 ic_m4 known_null_dick table completed_valid t=0.0s
[      2s] main 30b c714 ic_m4 subgroup table completed_valid t=0.0s
[      2s] main 30b c714 ic_m4 dickson table completed_valid t=0.0s
[      2s] main 30b c714 ic_m4 small_x table completed_valid t=0.0s
[      2s] main 30b c714 ic_m4 random_sub_r0 table completed_valid t=0.0s
[      2s] main 30b c714 ic_m4 random_sub_r1 table completed_valid t=0.0s
[      2s] main 30b c714 ic_m4 random_sub_r2 table completed_valid t=0.0s
[      2s] main 30b c714 ic_m4 known_null_sub table completed_valid t=0.0s
[      2s] main 30b c714 ic_m4 random_dick_r0 table completed_valid t=0.0s
[      2s] main 30b c714 ic_m4 random_dick_r1 table completed_valid t=0.0s
[      2s] main 30b c714 ic_m4 random_dick_r2 table completed_valid t=0.0s
[      2s] main 30b c714 ic_m4 known_null_dick table completed_valid t=0.0s
[      3s] main 30b c715 ic_m4 subgroup table completed_valid t=0.0s
[      3s] main 30b c715 ic_m4 dickson table completed_valid t=0.0s
[      3s] main 30b c715 ic_m4 small_x table completed_valid t=0.0s
[      3s] main 30b c715 ic_m4 random_sub_r0 table completed_valid t=0.0s
[      3s] main 30b c715 ic_m4 random_sub_r1 table completed_valid t=0.0s
[      3s] main 30b c715 ic_m4 random_sub_r2 table completed_valid t=0.0s
[      3s] main 30b c715 ic_m4 known_null_sub table completed_valid t=0.0s
[      3s] main 30b c715 ic_m4 random_dick_r0 table completed_valid t=0.0s
[      3s] main 30b c715 ic_m4 random_dick_r1 table completed_valid t=0.0s
[      3s] main 30b c715 ic_m4 random_dick_r2 table completed_valid t=0.0s
[      3s] main 30b c715 ic_m4 known_null_dick table completed_valid t=0.0s
[      3s] main 30b c716 ic_m4 subgroup table completed_valid t=0.0s
[      3s] main 30b c716 ic_m4 dickson table completed_valid t=0.0s
[      3s] main 30b c716 ic_m4 small_x table completed_valid t=0.0s
[      3s] main 30b c716 ic_m4 random_sub_r0 table completed_valid t=0.0s
[      3s] main 30b c716 ic_m4 random_sub_r1 table completed_valid t=0.0s
[      3s] main 30b c716 ic_m4 random_sub_r2 table completed_valid t=0.0s
[      3s] main 30b c716 ic_m4 known_null_sub table completed_valid t=0.0s
[      3s] main 30b c716 ic_m4 random_dick_r0 table completed_valid t=0.0s
[      3s] main 30b c716 ic_m4 random_dick_r1 table completed_valid t=0.0s
[      3s] main 30b c716 ic_m4 random_dick_r2 table completed_valid t=0.0s
[      3s] main 30b c716 ic_m4 known_null_dick table completed_valid t=0.0s
[      3s] main 30b c717 ic_m4 subgroup table completed_valid t=0.0s
[      3s] main 30b c717 ic_m4 dickson table completed_valid t=0.0s
[      3s] main 30b c717 ic_m4 small_x table completed_valid t=0.0s
[      3s] main 30b c717 ic_m4 random_sub_r0 table completed_valid t=0.0s
[      3s] main 30b c717 ic_m4 random_sub_r1 table completed_valid t=0.0s
[      3s] main 30b c717 ic_m4 random_sub_r2 table completed_valid t=0.0s
[      3s] main 30b c717 ic_m4 known_null_sub table completed_valid t=0.0s
[      3s] main 30b c717 ic_m4 random_dick_r0 table completed_valid t=0.0s
[      3s] main 30b c717 ic_m4 random_dick_r1 table completed_valid t=0.0s
[      3s] main 30b c717 ic_m4 random_dick_r2 table completed_valid t=0.0s
[      3s] main 30b c717 ic_m4 known_null_dick table completed_valid t=0.0s
[      4s] main 30b c718 ic_m4 subgroup table completed_valid t=0.0s
[      4s] main 30b c718 ic_m4 dickson table completed_valid t=0.0s
[      4s] main 30b c718 ic_m4 small_x table completed_valid t=0.0s
[      4s] main 30b c718 ic_m4 random_sub_r0 table completed_valid t=0.0s
[      4s] main 30b c718 ic_m4 random_sub_r1 table completed_valid t=0.0s
[      4s] main 30b c718 ic_m4 random_sub_r2 table completed_valid t=0.0s
[      4s] main 30b c718 ic_m4 known_null_sub table completed_valid t=0.0s
[      4s] main 30b c718 ic_m4 random_dick_r0 table completed_valid t=0.0s
[      4s] main 30b c718 ic_m4 random_dick_r1 table completed_valid t=0.0s
[      4s] main 30b c718 ic_m4 random_dick_r2 table completed_valid t=0.0s
[      4s] main 30b c718 ic_m4 known_null_dick table completed_valid t=0.0s
[      4s] main 30b c719 ic_m4 subgroup table completed_valid t=0.0s
[      4s] main 30b c719 ic_m4 dickson table completed_valid t=0.0s
[      4s] main 30b c719 ic_m4 small_x table completed_valid t=0.0s
[      4s] main 30b c719 ic_m4 random_sub_r0 table completed_valid t=0.0s
[      4s] main 30b c719 ic_m4 random_sub_r1 table completed_valid t=0.0s
[      4s] main 30b c719 ic_m4 random_sub_r2 table completed_valid t=0.0s
[      4s] main 30b c719 ic_m4 known_null_sub table completed_valid t=0.0s
[      4s] main 30b c719 ic_m4 random_dick_r0 table completed_valid t=0.0s
[      4s] main 30b c719 ic_m4 random_dick_r1 table completed_valid t=0.0s
[      4s] main 30b c719 ic_m4 random_dick_r2 table completed_valid t=0.0s
[      4s] main 30b c719 ic_m4 known_null_dick table completed_valid t=0.0s
[      5s] main 30b c720 ic_m4 subgroup table completed_valid t=0.0s
[      5s] main 30b c720 ic_m4 dickson table completed_valid t=0.0s
[      5s] main 30b c720 ic_m4 small_x table completed_valid t=0.0s
[      5s] main 30b c720 ic_m4 random_sub_r0 table completed_valid t=0.0s
[      5s] main 30b c720 ic_m4 random_sub_r1 table completed_valid t=0.0s
[      5s] main 30b c720 ic_m4 random_sub_r2 table completed_valid t=0.0s
[      5s] main 30b c720 ic_m4 known_null_sub table completed_valid t=0.0s
[      5s] main 30b c720 ic_m4 random_dick_r0 table completed_valid t=0.0s
[      5s] main 30b c720 ic_m4 random_dick_r1 table completed_valid t=0.0s
[      5s] main 30b c720 ic_m4 random_dick_r2 table completed_valid t=0.0s
[      5s] main 30b c720 ic_m4 known_null_dick table completed_valid t=0.0s
[      5s] main 30b c721 ic_m4 subgroup table completed_valid t=0.0s
[      5s] main 30b c721 ic_m4 dickson table completed_valid t=0.0s
[      5s] main 30b c721 ic_m4 small_x table completed_valid t=0.0s
[      5s] main 30b c721 ic_m4 random_sub_r0 table completed_valid t=0.0s
[      5s] main 30b c721 ic_m4 random_sub_r1 table completed_valid t=0.0s
[      5s] main 30b c721 ic_m4 random_sub_r2 table completed_valid t=0.0s
[      5s] main 30b c721 ic_m4 known_null_sub table completed_valid t=0.0s
[      5s] main 30b c721 ic_m4 random_dick_r0 table completed_valid t=0.0s
[      5s] main 30b c721 ic_m4 random_dick_r1 table completed_valid t=0.0s
[      5s] main 30b c721 ic_m4 random_dick_r2 table completed_valid t=0.0s
[      5s] main 30b c721 ic_m4 known_null_dick table completed_valid t=0.0s
[      5s] main 30b c722 ic_m4 subgroup table completed_valid t=0.0s
[      5s] main 30b c722 ic_m4 dickson table completed_valid t=0.0s
[      5s] main 30b c722 ic_m4 small_x table completed_valid t=0.0s
[      5s] main 30b c722 ic_m4 random_sub_r0 table completed_valid t=0.0s
[      5s] main 30b c722 ic_m4 random_sub_r1 table completed_valid t=0.0s
[      5s] main 30b c722 ic_m4 random_sub_r2 table completed_valid t=0.0s
[      5s] main 30b c722 ic_m4 known_null_sub table completed_valid t=0.0s
[      5s] main 30b c722 ic_m4 random_dick_r0 table completed_valid t=0.0s
[      5s] main 30b c722 ic_m4 random_dick_r1 table completed_valid t=0.0s
[      5s] main 30b c722 ic_m4 random_dick_r2 table completed_valid t=0.0s
[      5s] main 30b c722 ic_m4 known_null_dick table completed_valid t=0.0s
[      6s] main 30b c723 ic_m4 subgroup table completed_valid t=0.0s
[      6s] main 30b c723 ic_m4 dickson table completed_valid t=0.0s
[      6s] main 30b c723 ic_m4 small_x table completed_valid t=0.0s
[      6s] main 30b c723 ic_m4 random_sub_r0 table completed_valid t=0.0s
[      6s] main 30b c723 ic_m4 random_sub_r1 table completed_valid t=0.0s
[      6s] main 30b c723 ic_m4 random_sub_r2 table completed_valid t=0.0s
[      6s] main 30b c723 ic_m4 known_null_sub table completed_valid t=0.0s
[      6s] main 30b c723 ic_m4 random_dick_r0 table completed_valid t=0.0s
[      6s] main 30b c723 ic_m4 random_dick_r1 table completed_valid t=0.0s
[      6s] main 30b c723 ic_m4 random_dick_r2 table completed_valid t=0.0s
[      6s] main 30b c723 ic_m4 known_null_dick table completed_valid t=0.0s
[      6s] main 30b c724 ic_m4 subgroup table completed_valid t=0.0s
[      6s] main 30b c724 ic_m4 dickson table completed_valid t=0.0s
[      6s] main 30b c724 ic_m4 small_x table completed_valid t=0.0s
[      6s] main 30b c724 ic_m4 random_sub_r0 table completed_valid t=0.0s
[      6s] main 30b c724 ic_m4 random_sub_r1 table completed_valid t=0.0s
[      6s] main 30b c724 ic_m4 random_sub_r2 table completed_valid t=0.0s
[      6s] main 30b c724 ic_m4 known_null_sub table completed_valid t=0.0s
[      6s] main 30b c724 ic_m4 random_dick_r0 table completed_valid t=0.0s
[      6s] main 30b c724 ic_m4 random_dick_r1 table completed_valid t=0.0s
[      6s] main 30b c724 ic_m4 random_dick_r2 table completed_valid t=0.0s
[      6s] main 30b c724 ic_m4 known_null_dick table completed_valid t=0.0s
[      7s] main 30b c725 ic_m4 subgroup table completed_valid t=0.0s
[      7s] main 30b c725 ic_m4 dickson table completed_valid t=0.0s
[      7s] main 30b c725 ic_m4 small_x table completed_valid t=0.0s
[      7s] main 30b c725 ic_m4 random_sub_r0 table completed_valid t=0.0s
[      7s] main 30b c725 ic_m4 random_sub_r1 table completed_valid t=0.0s
[      7s] main 30b c725 ic_m4 random_sub_r2 table completed_valid t=0.0s
[      7s] main 30b c725 ic_m4 known_null_sub table completed_valid t=0.0s
[      7s] main 30b c725 ic_m4 random_dick_r0 table completed_valid t=0.0s
[      7s] main 30b c725 ic_m4 random_dick_r1 table completed_valid t=0.0s
[      7s] main 30b c725 ic_m4 random_dick_r2 table completed_valid t=0.0s
[      7s] main 30b c725 ic_m4 known_null_dick table completed_valid t=0.0s
[      7s] main 30b c726 ic_m4 subgroup table completed_valid t=0.0s
[      7s] main 30b c726 ic_m4 dickson table completed_valid t=0.0s
[      7s] main 30b c726 ic_m4 small_x table completed_valid t=0.0s
[      7s] main 30b c726 ic_m4 random_sub_r0 table completed_valid t=0.0s
[      7s] main 30b c726 ic_m4 random_sub_r1 table completed_valid t=0.0s
[      7s] main 30b c726 ic_m4 random_sub_r2 table completed_valid t=0.0s
[      7s] main 30b c726 ic_m4 known_null_sub table completed_valid t=0.0s
[      7s] main 30b c726 ic_m4 random_dick_r0 table completed_valid t=0.0s
[      7s] main 30b c726 ic_m4 random_dick_r1 table completed_valid t=0.0s
[      7s] main 30b c726 ic_m4 random_dick_r2 table completed_valid t=0.0s
[      7s] main 30b c726 ic_m4 known_null_dick table completed_valid t=0.0s
[      7s] main 30b c727 ic_m4 subgroup table completed_valid t=0.0s
[      7s] main 30b c727 ic_m4 dickson table completed_valid t=0.0s
[      7s] main 30b c727 ic_m4 small_x table completed_valid t=0.0s
[      7s] main 30b c727 ic_m4 random_sub_r0 table completed_valid t=0.0s
[      7s] main 30b c727 ic_m4 random_sub_r1 table completed_valid t=0.0s
[      7s] main 30b c727 ic_m4 random_sub_r2 table completed_valid t=0.0s
[      7s] main 30b c727 ic_m4 known_null_sub table completed_valid t=0.0s
[      7s] main 30b c727 ic_m4 random_dick_r0 table completed_valid t=0.0s
[      7s] main 30b c727 ic_m4 random_dick_r1 table completed_valid t=0.0s
[      7s] main 30b c727 ic_m4 random_dick_r2 table completed_valid t=0.0s
[      7s] main 30b c727 ic_m4 known_null_dick table completed_valid t=0.0s
[      8s] main 30b c728 ic_m4 subgroup table completed_valid t=0.0s
[      8s] main 30b c728 ic_m4 dickson table completed_valid t=0.0s
[      8s] main 30b c728 ic_m4 small_x table completed_valid t=0.0s
[      8s] main 30b c728 ic_m4 random_sub_r0 table completed_valid t=0.0s
[      8s] main 30b c728 ic_m4 random_sub_r1 table completed_valid t=0.0s
[      8s] main 30b c728 ic_m4 random_sub_r2 table completed_valid t=0.0s
[      8s] main 30b c728 ic_m4 known_null_sub table completed_valid t=0.1s
[      8s] main 30b c728 ic_m4 random_dick_r0 table completed_valid t=0.0s
[      8s] main 30b c728 ic_m4 random_dick_r1 table completed_valid t=0.0s
[      8s] main 30b c728 ic_m4 random_dick_r2 table completed_valid t=0.0s
[      8s] main 30b c728 ic_m4 known_null_dick table completed_valid t=0.0s
[      8s] main 30b c729 ic_m4 subgroup table completed_valid t=0.0s
[      8s] main 30b c729 ic_m4 dickson table completed_valid t=0.0s
[      8s] main 30b c729 ic_m4 small_x table completed_valid t=0.0s
[      8s] main 30b c729 ic_m4 random_sub_r0 table completed_valid t=0.0s
[      8s] main 30b c729 ic_m4 random_sub_r1 table completed_valid t=0.0s
[      8s] main 30b c729 ic_m4 random_sub_r2 table completed_valid t=0.0s
[      8s] main 30b c729 ic_m4 known_null_sub table completed_valid t=0.0s
[      8s] main 30b c729 ic_m4 random_dick_r0 table completed_valid t=0.0s
[      8s] main 30b c729 ic_m4 random_dick_r1 table completed_valid t=0.0s
[      8s] main 30b c729 ic_m4 random_dick_r2 table completed_valid t=0.0s
[      8s] main 30b c729 ic_m4 known_null_dick table completed_valid t=0.0s
[      8s] main 30b c730 ic_m4 subgroup table completed_valid t=0.0s
[      8s] main 30b c730 ic_m4 dickson table completed_valid t=0.0s
[      8s] main 30b c730 ic_m4 small_x table completed_valid t=0.0s
[      8s] main 30b c730 ic_m4 random_sub_r0 table completed_valid t=0.0s
[      8s] main 30b c730 ic_m4 random_sub_r1 table completed_valid t=0.0s
[      8s] main 30b c730 ic_m4 random_sub_r2 table completed_valid t=0.0s
[      8s] main 30b c730 ic_m4 known_null_sub table completed_valid t=0.0s
[      8s] main 30b c730 ic_m4 random_dick_r0 table completed_valid t=0.0s
[      8s] main 30b c730 ic_m4 random_dick_r1 table completed_valid t=0.0s
[      8s] main 30b c730 ic_m4 random_dick_r2 table completed_valid t=0.0s
[      8s] main 30b c730 ic_m4 known_null_dick table completed_valid t=0.0s
[      9s] main 30b c731 ic_m4 subgroup table completed_valid t=0.0s
[      9s] main 30b c731 ic_m4 dickson table completed_valid t=0.0s
[      9s] main 30b c731 ic_m4 small_x table completed_valid t=0.0s
[      9s] main 30b c731 ic_m4 random_sub_r0 table completed_valid t=0.0s
[      9s] main 30b c731 ic_m4 random_sub_r1 table completed_valid t=0.0s
[      9s] main 30b c731 ic_m4 random_sub_r2 table completed_valid t=0.0s
[      9s] main 30b c731 ic_m4 known_null_sub table completed_valid t=0.0s
[      9s] main 30b c731 ic_m4 random_dick_r0 table completed_valid t=0.0s
[      9s] main 30b c731 ic_m4 random_dick_r1 table completed_valid t=0.0s
[      9s] main 30b c731 ic_m4 random_dick_r2 table completed_valid t=0.0s
[      9s] main 30b c731 ic_m4 known_null_dick table completed_valid t=0.0s
[      9s] main 30b c732 ic_m4 subgroup table completed_valid t=0.0s
[      9s] main 30b c732 ic_m4 dickson table completed_valid t=0.0s
[      9s] main 30b c732 ic_m4 small_x table completed_valid t=0.0s
[      9s] main 30b c732 ic_m4 random_sub_r0 table completed_valid t=0.0s
[      9s] main 30b c732 ic_m4 random_sub_r1 table completed_valid t=0.0s
[      9s] main 30b c732 ic_m4 random_sub_r2 table completed_valid t=0.0s
[      9s] main 30b c732 ic_m4 known_null_sub table completed_valid t=0.0s
[      9s] main 30b c732 ic_m4 random_dick_r0 table completed_valid t=0.0s
[      9s] main 30b c732 ic_m4 random_dick_r1 table completed_valid t=0.0s
[      9s] main 30b c732 ic_m4 random_dick_r2 table completed_valid t=0.0s
[      9s] main 30b c732 ic_m4 known_null_dick table completed_valid t=0.0s
[     10s] main 30b c733 ic_m4 subgroup table completed_valid t=0.0s
[     10s] main 30b c733 ic_m4 dickson table completed_valid t=0.0s
[     10s] main 30b c733 ic_m4 small_x table completed_valid t=0.0s
[     10s] main 30b c733 ic_m4 random_sub_r0 table completed_valid t=0.0s
[     10s] main 30b c733 ic_m4 random_sub_r1 table completed_valid t=0.0s
[     10s] main 30b c733 ic_m4 random_sub_r2 table completed_valid t=0.0s
[     10s] main 30b c733 ic_m4 known_null_sub table completed_valid t=0.0s
[     10s] main 30b c733 ic_m4 random_dick_r0 table completed_valid t=0.0s
[     10s] main 30b c733 ic_m4 random_dick_r1 table completed_valid t=0.0s
[     10s] main 30b c733 ic_m4 random_dick_r2 table completed_valid t=0.0s
[     10s] main 30b c733 ic_m4 known_null_dick table completed_valid t=0.0s
[     10s] main 30b c734 ic_m4 subgroup table completed_valid t=0.0s
[     10s] main 30b c734 ic_m4 dickson table completed_valid t=0.0s
[     10s] main 30b c734 ic_m4 small_x table completed_valid t=0.0s
[     10s] main 30b c734 ic_m4 random_sub_r0 table completed_valid t=0.0s
[     10s] main 30b c734 ic_m4 random_sub_r1 table completed_valid t=0.0s
[     10s] main 30b c734 ic_m4 random_sub_r2 table completed_valid t=0.0s
[     10s] main 30b c734 ic_m4 known_null_sub table completed_valid t=0.0s
[     10s] main 30b c734 ic_m4 random_dick_r0 table completed_valid t=0.0s
[     10s] main 30b c734 ic_m4 random_dick_r1 table completed_valid t=0.0s
[     10s] main 30b c734 ic_m4 random_dick_r2 table completed_valid t=0.0s
[     10s] main 30b c734 ic_m4 known_null_dick table completed_valid t=0.0s
[     10s] main 30b c735 ic_m4 subgroup table completed_valid t=0.0s
[     10s] main 30b c735 ic_m4 dickson table completed_valid t=0.0s
[     10s] main 30b c735 ic_m4 small_x table completed_valid t=0.0s
[     10s] main 30b c735 ic_m4 random_sub_r0 table completed_valid t=0.0s
[     10s] main 30b c735 ic_m4 random_sub_r1 table completed_valid t=0.0s
[     10s] main 30b c735 ic_m4 random_sub_r2 table completed_valid t=0.0s
[     10s] main 30b c735 ic_m4 known_null_sub table completed_valid t=0.0s
[     10s] main 30b c735 ic_m4 random_dick_r0 table completed_valid t=0.0s
[     10s] main 30b c735 ic_m4 random_dick_r1 table completed_valid t=0.0s
[     10s] main 30b c735 ic_m4 random_dick_r2 table completed_valid t=0.0s
[     10s] main 30b c735 ic_m4 known_null_dick table completed_valid t=0.0s
[     11s] main 30b c736 ic_m4 subgroup table completed_valid t=0.0s
[     11s] main 30b c736 ic_m4 dickson table completed_valid t=0.0s
[     11s] main 30b c736 ic_m4 small_x table completed_valid t=0.0s
[     11s] main 30b c736 ic_m4 random_sub_r0 table completed_valid t=0.0s
[     11s] main 30b c736 ic_m4 random_sub_r1 table completed_valid t=0.0s
[     11s] main 30b c736 ic_m4 random_sub_r2 table completed_valid t=0.0s
[     11s] main 30b c736 ic_m4 known_null_sub table completed_valid t=0.0s
[     11s] main 30b c736 ic_m4 random_dick_r0 table completed_valid t=0.0s
[     11s] main 30b c736 ic_m4 random_dick_r1 table completed_valid t=0.0s
[     11s] main 30b c736 ic_m4 random_dick_r2 table completed_valid t=0.0s
[     11s] main 30b c736 ic_m4 known_null_dick table completed_valid t=0.0s
[     11s] main 30b c737 ic_m4 subgroup table completed_valid t=0.0s
[     11s] main 30b c737 ic_m4 dickson table completed_valid t=0.0s
[     11s] main 30b c737 ic_m4 small_x table completed_valid t=0.0s
[     11s] main 30b c737 ic_m4 random_sub_r0 table completed_valid t=0.0s
[     11s] main 30b c737 ic_m4 random_sub_r1 table completed_valid t=0.0s
[     11s] main 30b c737 ic_m4 random_sub_r2 table completed_valid t=0.0s
[     11s] main 30b c737 ic_m4 known_null_sub table completed_valid t=0.0s
[     11s] main 30b c737 ic_m4 random_dick_r0 table completed_valid t=0.0s
[     11s] main 30b c737 ic_m4 random_dick_r1 table completed_valid t=0.0s
[     11s] main 30b c737 ic_m4 random_dick_r2 table completed_valid t=0.0s
[     11s] main 30b c737 ic_m4 known_null_dick table completed_valid t=0.0s
[     11s] main 30b c738 ic_m4 subgroup table completed_valid t=0.0s
[     11s] main 30b c738 ic_m4 dickson table completed_valid t=0.0s
[     11s] main 30b c738 ic_m4 small_x table completed_valid t=0.0s
[     11s] main 30b c738 ic_m4 random_sub_r0 table completed_valid t=0.0s
[     11s] main 30b c738 ic_m4 random_sub_r1 table completed_valid t=0.0s
[     11s] main 30b c738 ic_m4 random_sub_r2 table completed_valid t=0.0s
[     11s] main 30b c738 ic_m4 known_null_sub table completed_valid t=0.0s
[     11s] main 30b c738 ic_m4 random_dick_r0 table completed_valid t=0.0s
[     11s] main 30b c738 ic_m4 random_dick_r1 table completed_valid t=0.0s
[     11s] main 30b c738 ic_m4 random_dick_r2 table completed_valid t=0.0s
[     11s] main 30b c738 ic_m4 known_null_dick table completed_valid t=0.0s
[     12s] main 30b c739 ic_m4 subgroup table completed_valid t=0.0s
[     12s] main 30b c739 ic_m4 dickson table completed_valid t=0.0s
[     12s] main 30b c739 ic_m4 small_x table completed_valid t=0.0s
[     12s] main 30b c739 ic_m4 random_sub_r0 table completed_valid t=0.0s
[     12s] main 30b c739 ic_m4 random_sub_r1 table completed_valid t=0.0s
[     12s] main 30b c739 ic_m4 random_sub_r2 table completed_valid t=0.0s
[     12s] main 30b c739 ic_m4 known_null_sub table completed_valid t=0.0s
[     12s] main 30b c739 ic_m4 random_dick_r0 table completed_valid t=0.0s
[     12s] main 30b c739 ic_m4 random_dick_r1 table completed_valid t=0.0s
[     12s] main 30b c739 ic_m4 random_dick_r2 table completed_valid t=0.0s
[     12s] main 30b c739 ic_m4 known_null_dick table completed_valid t=0.0s
[     12s] main 30b c740 ic_m4 subgroup table completed_valid t=0.0s
[     12s] main 30b c740 ic_m4 dickson table completed_valid t=0.0s
[     12s] main 30b c740 ic_m4 small_x table completed_valid t=0.0s
[     12s] main 30b c740 ic_m4 random_sub_r0 table completed_valid t=0.0s
[     12s] main 30b c740 ic_m4 random_sub_r1 table completed_valid t=0.0s
[     12s] main 30b c740 ic_m4 random_sub_r2 table completed_valid t=0.0s
[     12s] main 30b c740 ic_m4 known_null_sub table completed_valid t=0.0s
[     12s] main 30b c740 ic_m4 random_dick_r0 table completed_valid t=0.0s
[     12s] main 30b c740 ic_m4 random_dick_r1 table completed_valid t=0.0s
[     12s] main 30b c740 ic_m4 random_dick_r2 table completed_valid t=0.0s
[     12s] main 30b c740 ic_m4 known_null_dick table completed_valid t=0.0s
[     13s] main 30b c741 ic_m4 subgroup table completed_valid t=0.0s
[     13s] main 30b c741 ic_m4 dickson table completed_valid t=0.0s
[     13s] main 30b c741 ic_m4 small_x table completed_valid t=0.0s
[     13s] main 30b c741 ic_m4 random_sub_r0 table completed_valid t=0.0s
[     13s] main 30b c741 ic_m4 random_sub_r1 table completed_valid t=0.0s
[     13s] main 30b c741 ic_m4 random_sub_r2 table completed_valid t=0.0s
[     13s] main 30b c741 ic_m4 known_null_sub table completed_valid t=0.0s
[     13s] main 30b c741 ic_m4 random_dick_r0 table completed_valid t=0.0s
[     13s] main 30b c741 ic_m4 random_dick_r1 table completed_valid t=0.0s
[     13s] main 30b c741 ic_m4 random_dick_r2 table completed_valid t=0.0s
[     13s] main 30b c741 ic_m4 known_null_dick table completed_valid t=0.0s
[     13s] main 30b c742 ic_m4 subgroup table completed_valid t=0.0s
[     13s] main 30b c742 ic_m4 dickson table completed_valid t=0.0s
[     13s] main 30b c742 ic_m4 small_x table completed_valid t=0.0s
[     13s] main 30b c742 ic_m4 random_sub_r0 table completed_valid t=0.0s
[     13s] main 30b c742 ic_m4 random_sub_r1 table completed_valid t=0.0s
[     13s] main 30b c742 ic_m4 random_sub_r2 table completed_valid t=0.0s
[     13s] main 30b c742 ic_m4 known_null_sub table completed_valid t=0.0s
[     13s] main 30b c742 ic_m4 random_dick_r0 table completed_valid t=0.0s
[     13s] main 30b c742 ic_m4 random_dick_r1 table completed_valid t=0.0s
[     13s] main 30b c742 ic_m4 random_dick_r2 table completed_valid t=0.0s
[     13s] main 30b c742 ic_m4 known_null_dick table completed_valid t=0.0s
[     13s] main 30b c743 ic_m4 subgroup table completed_valid t=0.0s
[     13s] main 30b c743 ic_m4 dickson table completed_valid t=0.0s
[     13s] main 30b c743 ic_m4 small_x table completed_valid t=0.0s
[     13s] main 30b c743 ic_m4 random_sub_r0 table completed_valid t=0.0s
[     13s] main 30b c743 ic_m4 random_sub_r1 table completed_valid t=0.0s
[     13s] main 30b c743 ic_m4 random_sub_r2 table completed_valid t=0.0s
[     13s] main 30b c743 ic_m4 known_null_sub table completed_valid t=0.0s
[     13s] main 30b c743 ic_m4 random_dick_r0 table completed_valid t=0.0s
[     13s] main 30b c743 ic_m4 random_dick_r1 table completed_valid t=0.0s
[     13s] main 30b c743 ic_m4 random_dick_r2 table completed_valid t=0.0s
[     13s] main 30b c743 ic_m4 known_null_dick table completed_valid t=0.0s
[     14s] main 30b c744 ic_m4 subgroup table completed_valid t=0.0s
[     14s] main 30b c744 ic_m4 dickson table completed_valid t=0.0s
[     14s] main 30b c744 ic_m4 small_x table completed_valid t=0.0s
[     14s] main 30b c744 ic_m4 random_sub_r0 table completed_valid t=0.0s
[     14s] main 30b c744 ic_m4 random_sub_r1 table completed_valid t=0.0s
[     14s] main 30b c744 ic_m4 random_sub_r2 table completed_valid t=0.0s
[     14s] main 30b c744 ic_m4 known_null_sub table completed_valid t=0.0s
[     14s] main 30b c744 ic_m4 random_dick_r0 table completed_valid t=0.0s
[     14s] main 30b c744 ic_m4 random_dick_r1 table completed_valid t=0.0s
[     14s] main 30b c744 ic_m4 random_dick_r2 table completed_valid t=0.0s
[     14s] main 30b c744 ic_m4 known_null_dick table completed_valid t=0.0s
[     14s] main 30b c745 ic_m4 subgroup table completed_valid t=0.0s
[     14s] main 30b c745 ic_m4 dickson table completed_valid t=0.0s
[     14s] main 30b c745 ic_m4 small_x table completed_valid t=0.0s
[     14s] main 30b c745 ic_m4 random_sub_r0 table completed_valid t=0.0s
[     14s] main 30b c745 ic_m4 random_sub_r1 table completed_valid t=0.0s
[     14s] main 30b c745 ic_m4 random_sub_r2 table completed_valid t=0.0s
[     14s] main 30b c745 ic_m4 known_null_sub table completed_valid t=0.0s
[     14s] main 30b c745 ic_m4 random_dick_r0 table completed_valid t=0.0s
[     14s] main 30b c745 ic_m4 random_dick_r1 table completed_valid t=0.0s
[     14s] main 30b c745 ic_m4 random_dick_r2 table completed_valid t=0.0s
[     14s] main 30b c745 ic_m4 known_null_dick table completed_valid t=0.0s
[     14s] main 30b c746 ic_m4 subgroup table completed_valid t=0.0s
[     14s] main 30b c746 ic_m4 dickson table completed_valid t=0.0s
[     14s] main 30b c746 ic_m4 small_x table completed_valid t=0.0s
[     14s] main 30b c746 ic_m4 random_sub_r0 table completed_valid t=0.0s
[     14s] main 30b c746 ic_m4 random_sub_r1 table completed_valid t=0.0s
[     14s] main 30b c746 ic_m4 random_sub_r2 table completed_valid t=0.0s
[     14s] main 30b c746 ic_m4 known_null_sub table completed_valid t=0.0s
[     14s] main 30b c746 ic_m4 random_dick_r0 table completed_valid t=0.0s
[     14s] main 30b c746 ic_m4 random_dick_r1 table completed_valid t=0.0s
[     14s] main 30b c746 ic_m4 random_dick_r2 table completed_valid t=0.0s
[     14s] main 30b c746 ic_m4 known_null_dick table completed_valid t=0.0s
[     15s] main 30b c747 ic_m4 subgroup table completed_valid t=0.0s
[     15s] main 30b c747 ic_m4 dickson table completed_valid t=0.0s
[     15s] main 30b c747 ic_m4 small_x table completed_valid t=0.0s
[     15s] main 30b c747 ic_m4 random_sub_r0 table completed_valid t=0.0s
[     15s] main 30b c747 ic_m4 random_sub_r1 table completed_valid t=0.0s
[     15s] main 30b c747 ic_m4 random_sub_r2 table completed_valid t=0.0s
[     15s] main 30b c747 ic_m4 known_null_sub table completed_valid t=0.0s
[     15s] main 30b c747 ic_m4 random_dick_r0 table completed_valid t=0.0s
[     15s] main 30b c747 ic_m4 random_dick_r1 table completed_valid t=0.0s
[     15s] main 30b c747 ic_m4 random_dick_r2 table completed_valid t=0.0s
[     15s] main 30b c747 ic_m4 known_null_dick table completed_valid t=0.0s
[     15s] main 30b c748 ic_m4 subgroup table completed_valid t=0.0s
[     15s] main 30b c748 ic_m4 dickson table completed_valid t=0.0s
[     15s] main 30b c748 ic_m4 small_x table completed_valid t=0.0s
[     15s] main 30b c748 ic_m4 random_sub_r0 table completed_valid t=0.0s
[     15s] main 30b c748 ic_m4 random_sub_r1 table completed_valid t=0.0s
[     15s] main 30b c748 ic_m4 random_sub_r2 table completed_valid t=0.0s
[     15s] main 30b c748 ic_m4 known_null_sub table completed_valid t=0.0s
[     15s] main 30b c748 ic_m4 random_dick_r0 table completed_valid t=0.0s
[     15s] main 30b c748 ic_m4 random_dick_r1 table completed_valid t=0.0s
[     15s] main 30b c748 ic_m4 random_dick_r2 table completed_valid t=0.0s
[     15s] main 30b c748 ic_m4 known_null_dick table completed_valid t=0.1s
[     16s] main 30b c749 ic_m4 subgroup table completed_valid t=0.0s
[     16s] main 30b c749 ic_m4 dickson table completed_valid t=0.0s
[     16s] main 30b c749 ic_m4 small_x table completed_valid t=0.0s
[     16s] main 30b c749 ic_m4 random_sub_r0 table completed_valid t=0.0s
[     16s] main 30b c749 ic_m4 random_sub_r1 table completed_valid t=0.0s
[     16s] main 30b c749 ic_m4 random_sub_r2 table completed_valid t=0.0s
[     16s] main 30b c749 ic_m4 known_null_sub table completed_valid t=0.0s
[     16s] main 30b c749 ic_m4 random_dick_r0 table completed_valid t=0.0s
[     16s] main 30b c749 ic_m4 random_dick_r1 table completed_valid t=0.0s
[     16s] main 30b c749 ic_m4 random_dick_r2 table completed_valid t=0.0s
[     16s] main 30b c749 ic_m4 known_null_dick table completed_valid t=0.0s
[     16s] main 30b c750 ic_m4 subgroup table completed_valid t=0.0s
[     16s] main 30b c750 ic_m4 dickson table completed_valid t=0.0s
[     16s] main 30b c750 ic_m4 small_x table completed_valid t=0.0s
[     16s] main 30b c750 ic_m4 random_sub_r0 table completed_valid t=0.0s
[     16s] main 30b c750 ic_m4 random_sub_r1 table completed_valid t=0.0s
[     16s] main 30b c750 ic_m4 random_sub_r2 table completed_valid t=0.0s
[     16s] main 30b c750 ic_m4 known_null_sub table completed_valid t=0.0s
[     16s] main 30b c750 ic_m4 random_dick_r0 table completed_valid t=0.0s
[     16s] main 30b c750 ic_m4 random_dick_r1 table completed_valid t=0.0s
[     16s] main 30b c750 ic_m4 random_dick_r2 table completed_valid t=0.0s
[     16s] main 30b c750 ic_m4 known_null_dick table completed_valid t=0.0s
[     16s] main 30b c751 ic_m4 subgroup table completed_valid t=0.0s
[     16s] main 30b c751 ic_m4 dickson table completed_valid t=0.0s
[     16s] main 30b c751 ic_m4 small_x table completed_valid t=0.0s
[     16s] main 30b c751 ic_m4 random_sub_r0 table completed_valid t=0.0s
[     16s] main 30b c751 ic_m4 random_sub_r1 table completed_valid t=0.0s
[     16s] main 30b c751 ic_m4 random_sub_r2 table completed_valid t=0.0s
[     16s] main 30b c751 ic_m4 known_null_sub table completed_valid t=0.0s
[     16s] main 30b c751 ic_m4 random_dick_r0 table completed_valid t=0.0s
[     16s] main 30b c751 ic_m4 random_dick_r1 table completed_valid t=0.0s
[     16s] main 30b c751 ic_m4 random_dick_r2 table completed_valid t=0.0s
[     16s] main 30b c751 ic_m4 known_null_dick table completed_valid t=0.0s
[     17s] main 30b c752 ic_m4 subgroup table completed_valid t=0.0s
[     17s] main 30b c752 ic_m4 dickson table completed_valid t=0.0s
[     17s] main 30b c752 ic_m4 small_x table completed_valid t=0.0s
[     17s] main 30b c752 ic_m4 random_sub_r0 table completed_valid t=0.0s
[     17s] main 30b c752 ic_m4 random_sub_r1 table completed_valid t=0.0s
[     17s] main 30b c752 ic_m4 random_sub_r2 table completed_valid t=0.0s
[     17s] main 30b c752 ic_m4 known_null_sub table completed_valid t=0.0s
[     17s] main 30b c752 ic_m4 random_dick_r0 table completed_valid t=0.0s
[     17s] main 30b c752 ic_m4 random_dick_r1 table completed_valid t=0.0s
[     17s] main 30b c752 ic_m4 random_dick_r2 table completed_valid t=0.0s
[     17s] main 30b c752 ic_m4 known_null_dick table completed_valid t=0.0s
[     17s] main 30b c753 ic_m4 subgroup table completed_valid t=0.0s
[     17s] main 30b c753 ic_m4 dickson table completed_valid t=0.0s
[     17s] main 30b c753 ic_m4 small_x table completed_valid t=0.0s
[     17s] main 30b c753 ic_m4 random_sub_r0 table completed_valid t=0.0s
[     17s] main 30b c753 ic_m4 random_sub_r1 table completed_valid t=0.0s
[     17s] main 30b c753 ic_m4 random_sub_r2 table completed_valid t=0.0s
[     17s] main 30b c753 ic_m4 known_null_sub table completed_valid t=0.1s
[     17s] main 30b c753 ic_m4 random_dick_r0 table completed_valid t=0.0s
[     17s] main 30b c753 ic_m4 random_dick_r1 table completed_valid t=0.0s
[     17s] main 30b c753 ic_m4 random_dick_r2 table completed_valid t=0.1s
[     17s] main 30b c753 ic_m4 known_null_dick table completed_valid t=0.0s
[     18s] main 30b c754 ic_m4 subgroup table completed_valid t=0.0s
[     18s] main 30b c754 ic_m4 dickson table completed_valid t=0.0s
[     18s] main 30b c754 ic_m4 small_x table completed_valid t=0.0s
[     18s] main 30b c754 ic_m4 random_sub_r0 table completed_valid t=0.0s
[     18s] main 30b c754 ic_m4 random_sub_r1 table completed_valid t=0.0s
[     18s] main 30b c754 ic_m4 random_sub_r2 table completed_valid t=0.0s
[     18s] main 30b c754 ic_m4 known_null_sub table completed_valid t=0.0s
[     18s] main 30b c754 ic_m4 random_dick_r0 table completed_valid t=0.0s
[     18s] main 30b c754 ic_m4 random_dick_r1 table completed_valid t=0.0s
[     18s] main 30b c754 ic_m4 random_dick_r2 table completed_valid t=0.0s
[     18s] main 30b c754 ic_m4 known_null_dick table completed_valid t=0.0s
[     18s] main 30b c755 ic_m4 subgroup table completed_valid t=0.0s
[     18s] main 30b c755 ic_m4 dickson table completed_valid t=0.0s
[     18s] main 30b c755 ic_m4 small_x table completed_valid t=0.0s
[     18s] main 30b c755 ic_m4 random_sub_r0 table completed_valid t=0.0s
[     18s] main 30b c755 ic_m4 random_sub_r1 table completed_valid t=0.0s
[     18s] main 30b c755 ic_m4 random_sub_r2 table completed_valid t=0.0s
[     18s] main 30b c755 ic_m4 known_null_sub table completed_valid t=0.0s
[     18s] main 30b c755 ic_m4 random_dick_r0 table completed_valid t=0.0s
[     18s] main 30b c755 ic_m4 random_dick_r1 table completed_valid t=0.0s
[     18s] main 30b c755 ic_m4 random_dick_r2 table completed_valid t=0.0s
[     18s] main 30b c755 ic_m4 known_null_dick table completed_valid t=0.0s
[     18s] main 30b c756 ic_m4 subgroup table completed_valid t=0.0s
[     18s] main 30b c756 ic_m4 dickson table completed_valid t=0.0s
[     18s] main 30b c756 ic_m4 small_x table completed_valid t=0.0s
[     18s] main 30b c756 ic_m4 random_sub_r0 table completed_valid t=0.0s
[     18s] main 30b c756 ic_m4 random_sub_r1 table completed_valid t=0.0s
[     18s] main 30b c756 ic_m4 random_sub_r2 table completed_valid t=0.0s
[     18s] main 30b c756 ic_m4 known_null_sub table completed_valid t=0.0s
[     18s] main 30b c756 ic_m4 random_dick_r0 table completed_valid t=0.0s
[     18s] main 30b c756 ic_m4 random_dick_r1 table completed_valid t=0.0s
[     18s] main 30b c756 ic_m4 random_dick_r2 table completed_valid t=0.0s
[     18s] main 30b c756 ic_m4 known_null_dick table completed_valid t=0.0s
[     19s] main 30b c757 ic_m4 subgroup table completed_valid t=0.0s
[     19s] main 30b c757 ic_m4 dickson table completed_valid t=0.0s
[     19s] main 30b c757 ic_m4 small_x table completed_valid t=0.0s
[     19s] main 30b c757 ic_m4 random_sub_r0 table completed_valid t=0.0s
[     19s] main 30b c757 ic_m4 random_sub_r1 table completed_valid t=0.0s
[     19s] main 30b c757 ic_m4 random_sub_r2 table completed_valid t=0.0s
[     19s] main 30b c757 ic_m4 known_null_sub table completed_valid t=0.0s
[     19s] main 30b c757 ic_m4 random_dick_r0 table completed_valid t=0.0s
[     19s] main 30b c757 ic_m4 random_dick_r1 table completed_valid t=0.0s
[     19s] main 30b c757 ic_m4 random_dick_r2 table completed_valid t=0.0s
[     19s] main 30b c757 ic_m4 known_null_dick table completed_valid t=0.0s
[     19s] main 30b c758 ic_m4 subgroup table completed_valid t=0.0s
[     19s] main 30b c758 ic_m4 dickson table completed_valid t=0.0s
[     19s] main 30b c758 ic_m4 small_x table completed_valid t=0.0s
[     19s] main 30b c758 ic_m4 random_sub_r0 table completed_valid t=0.0s
[     19s] main 30b c758 ic_m4 random_sub_r1 table completed_valid t=0.0s
[     19s] main 30b c758 ic_m4 random_sub_r2 table completed_valid t=0.0s
[     19s] main 30b c758 ic_m4 known_null_sub table completed_valid t=0.0s
[     19s] main 30b c758 ic_m4 random_dick_r0 table completed_valid t=0.0s
[     19s] main 30b c758 ic_m4 random_dick_r1 table completed_valid t=0.0s
[     19s] main 30b c758 ic_m4 random_dick_r2 table completed_valid t=0.0s
[     19s] main 30b c758 ic_m4 known_null_dick table completed_valid t=0.0s
[     19s] main 30b c759 ic_m4 subgroup table completed_valid t=0.0s
[     19s] main 30b c759 ic_m4 dickson table completed_valid t=0.0s
[     19s] main 30b c759 ic_m4 small_x table completed_valid t=0.0s
[     19s] main 30b c759 ic_m4 random_sub_r0 table completed_valid t=0.0s
[     19s] main 30b c759 ic_m4 random_sub_r1 table completed_valid t=0.0s
[     19s] main 30b c759 ic_m4 random_sub_r2 table completed_valid t=0.0s
[     19s] main 30b c759 ic_m4 known_null_sub table completed_valid t=0.0s
[     19s] main 30b c759 ic_m4 random_dick_r0 table completed_valid t=0.0s
[     19s] main 30b c759 ic_m4 random_dick_r1 table completed_valid t=0.0s
[     19s] main 30b c759 ic_m4 random_dick_r2 table completed_valid t=0.0s
[     19s] main 30b c759 ic_m4 known_null_dick table completed_valid t=0.0s
[     20s] main 30b c760 ic_m4 subgroup table completed_valid t=0.1s
[     20s] main 30b c760 ic_m4 dickson table completed_valid t=0.0s
[     20s] main 30b c760 ic_m4 small_x table completed_valid t=0.0s
[     20s] main 30b c760 ic_m4 random_sub_r0 table completed_valid t=0.1s
[     20s] main 30b c760 ic_m4 random_sub_r1 table completed_valid t=0.1s
[     20s] main 30b c760 ic_m4 random_sub_r2 table completed_valid t=0.1s
[     20s] main 30b c760 ic_m4 known_null_sub table completed_valid t=0.1s
[     20s] main 30b c760 ic_m4 random_dick_r0 table completed_valid t=0.0s
[     20s] main 30b c760 ic_m4 random_dick_r1 table completed_valid t=0.0s
[     20s] main 30b c760 ic_m4 random_dick_r2 table completed_valid t=0.0s
[     20s] main 30b c760 ic_m4 known_null_dick table completed_valid t=0.0s
[     20s] main 30b c761 ic_m4 subgroup table completed_valid t=0.0s
[     20s] main 30b c761 ic_m4 dickson table completed_valid t=0.0s
[     20s] main 30b c761 ic_m4 small_x table completed_valid t=0.0s
[     20s] main 30b c761 ic_m4 random_sub_r0 table completed_valid t=0.0s
[     20s] main 30b c761 ic_m4 random_sub_r1 table completed_valid t=0.0s
[     20s] main 30b c761 ic_m4 random_sub_r2 table completed_valid t=0.0s
[     20s] main 30b c761 ic_m4 known_null_sub table completed_valid t=0.0s
[     20s] main 30b c761 ic_m4 random_dick_r0 table completed_valid t=0.0s
[     20s] main 30b c761 ic_m4 random_dick_r1 table completed_valid t=0.0s
[     20s] main 30b c761 ic_m4 random_dick_r2 table completed_valid t=0.0s
[     20s] main 30b c761 ic_m4 known_null_dick table completed_valid t=0.0s
[     21s] main 30b c762 ic_m4 subgroup table completed_valid t=0.0s
[     21s] main 30b c762 ic_m4 dickson table completed_valid t=0.0s
[     21s] main 30b c762 ic_m4 small_x table completed_valid t=0.0s
[     21s] main 30b c762 ic_m4 random_sub_r0 table completed_valid t=0.0s
[     21s] main 30b c762 ic_m4 random_sub_r1 table completed_valid t=0.0s
[     21s] main 30b c762 ic_m4 random_sub_r2 table completed_valid t=0.0s
[     21s] main 30b c762 ic_m4 known_null_sub table completed_valid t=0.0s
[     21s] main 30b c762 ic_m4 random_dick_r0 table completed_valid t=0.0s
[     21s] main 30b c762 ic_m4 random_dick_r1 table completed_valid t=0.0s
[     21s] main 30b c762 ic_m4 random_dick_r2 table completed_valid t=0.0s
[     21s] main 30b c762 ic_m4 known_null_dick table completed_valid t=0.0s
[     21s] main 30b c763 ic_m4 subgroup table completed_valid t=0.0s
[     21s] main 30b c763 ic_m4 dickson table completed_valid t=0.0s
[     21s] main 30b c763 ic_m4 small_x table completed_valid t=0.0s
[     21s] main 30b c763 ic_m4 random_sub_r0 table completed_valid t=0.0s
[     21s] main 30b c763 ic_m4 random_sub_r1 table completed_valid t=0.0s
[     21s] main 30b c763 ic_m4 random_sub_r2 table completed_valid t=0.0s
[     21s] main 30b c763 ic_m4 known_null_sub table completed_valid t=0.0s
[     21s] main 30b c763 ic_m4 random_dick_r0 table completed_valid t=0.0s
[     21s] main 30b c763 ic_m4 random_dick_r1 table completed_valid t=0.0s
[     21s] main 30b c763 ic_m4 random_dick_r2 table completed_valid t=0.0s
[     21s] main 30b c763 ic_m4 known_null_dick table completed_valid t=0.0s
[     22s] main 30b c764 ic_m4 subgroup table completed_valid t=0.0s
[     22s] main 30b c764 ic_m4 dickson table completed_valid t=0.0s
[     22s] main 30b c764 ic_m4 small_x table completed_valid t=0.0s
[     22s] main 30b c764 ic_m4 random_sub_r0 table completed_valid t=0.0s
[     22s] main 30b c764 ic_m4 random_sub_r1 table completed_valid t=0.0s
[     22s] main 30b c764 ic_m4 random_sub_r2 table completed_valid t=0.0s
[     22s] main 30b c764 ic_m4 known_null_sub table completed_valid t=0.0s
[     22s] main 30b c764 ic_m4 random_dick_r0 table completed_valid t=0.0s
[     22s] main 30b c764 ic_m4 random_dick_r1 table completed_valid t=0.0s
[     22s] main 30b c764 ic_m4 random_dick_r2 table completed_valid t=0.0s
[     22s] main 30b c764 ic_m4 known_null_dick table completed_valid t=0.0s
[     22s] main 30b c765 ic_m4 subgroup table completed_valid t=0.0s
[     22s] main 30b c765 ic_m4 dickson table completed_valid t=0.0s
[     22s] main 30b c765 ic_m4 small_x table completed_valid t=0.0s
[     22s] main 30b c765 ic_m4 random_sub_r0 table completed_valid t=0.0s
[     22s] main 30b c765 ic_m4 random_sub_r1 table completed_valid t=0.0s
[     22s] main 30b c765 ic_m4 random_sub_r2 table completed_valid t=0.0s
[     22s] main 30b c765 ic_m4 known_null_sub table completed_valid t=0.0s
[     22s] main 30b c765 ic_m4 random_dick_r0 table completed_valid t=0.0s
[     22s] main 30b c765 ic_m4 random_dick_r1 table completed_valid t=0.0s
[     22s] main 30b c765 ic_m4 random_dick_r2 table completed_valid t=0.0s
[     22s] main 30b c765 ic_m4 known_null_dick table completed_valid t=0.0s
[     22s] main 30b c766 ic_m4 subgroup table completed_valid t=0.0s
[     22s] main 30b c766 ic_m4 dickson table completed_valid t=0.0s
[     22s] main 30b c766 ic_m4 small_x table completed_valid t=0.0s
[     22s] main 30b c766 ic_m4 random_sub_r0 table completed_valid t=0.0s
[     22s] main 30b c766 ic_m4 random_sub_r1 table completed_valid t=0.0s
[     22s] main 30b c766 ic_m4 random_sub_r2 table completed_valid t=0.0s
[     22s] main 30b c766 ic_m4 known_null_sub table completed_valid t=0.0s
[     22s] main 30b c766 ic_m4 random_dick_r0 table completed_valid t=0.0s
[     22s] main 30b c766 ic_m4 random_dick_r1 table completed_valid t=0.0s
[     22s] main 30b c766 ic_m4 random_dick_r2 table completed_valid t=0.0s
[     22s] main 30b c766 ic_m4 known_null_dick table completed_valid t=0.0s
[     22s] main 30b c767 ic_m4 subgroup table completed_valid t=0.0s
[     22s] main 30b c767 ic_m4 dickson table completed_valid t=0.0s
[     22s] main 30b c767 ic_m4 small_x table completed_valid t=0.0s
[     22s] main 30b c767 ic_m4 random_sub_r0 table completed_valid t=0.0s
[     22s] main 30b c767 ic_m4 random_sub_r1 table completed_valid t=0.0s
[     22s] main 30b c767 ic_m4 random_sub_r2 table completed_valid t=0.0s
[     22s] main 30b c767 ic_m4 known_null_sub table completed_valid t=0.0s
[     22s] main 30b c767 ic_m4 random_dick_r0 table completed_valid t=0.0s
[     22s] main 30b c767 ic_m4 random_dick_r1 table completed_valid t=0.0s
[     22s] main 30b c767 ic_m4 random_dick_r2 table completed_valid t=0.0s
[     22s] main 30b c767 ic_m4 known_null_dick table completed_valid t=0.0s
[     23s] main 30b c768 ic_m4 subgroup table completed_valid t=0.0s
[     23s] main 30b c768 ic_m4 dickson table completed_valid t=0.0s
[     23s] main 30b c768 ic_m4 small_x table completed_valid t=0.0s
[     23s] main 30b c768 ic_m4 random_sub_r0 table completed_valid t=0.0s
[     23s] main 30b c768 ic_m4 random_sub_r1 table completed_valid t=0.0s
[     23s] main 30b c768 ic_m4 random_sub_r2 table completed_valid t=0.0s
[     23s] main 30b c768 ic_m4 known_null_sub table completed_valid t=0.0s
[     23s] main 30b c768 ic_m4 random_dick_r0 table completed_valid t=0.0s
[     23s] main 30b c768 ic_m4 random_dick_r1 table completed_valid t=0.0s
[     23s] main 30b c768 ic_m4 random_dick_r2 table completed_valid t=0.0s
[     23s] main 30b c768 ic_m4 known_null_dick table completed_valid t=0.0s
[     23s] main 30b c769 ic_m4 subgroup table completed_valid t=0.0s
[     23s] main 30b c769 ic_m4 dickson table completed_valid t=0.0s
[     23s] main 30b c769 ic_m4 small_x table completed_valid t=0.0s
[     23s] main 30b c769 ic_m4 random_sub_r0 table completed_valid t=0.0s
[     23s] main 30b c769 ic_m4 random_sub_r1 table completed_valid t=0.0s
[     23s] main 30b c769 ic_m4 random_sub_r2 table completed_valid t=0.0s
[     23s] main 30b c769 ic_m4 known_null_sub table completed_valid t=0.0s
[     23s] main 30b c769 ic_m4 random_dick_r0 table completed_valid t=0.0s
[     23s] main 30b c769 ic_m4 random_dick_r1 table completed_valid t=0.0s
[     23s] main 30b c769 ic_m4 random_dick_r2 table completed_valid t=0.0s
[     23s] main 30b c769 ic_m4 known_null_dick table completed_valid t=0.0s
[     24s] main 30b c770 ic_m4 subgroup table completed_valid t=0.0s
[     24s] main 30b c770 ic_m4 dickson table completed_valid t=0.0s
[     24s] main 30b c770 ic_m4 small_x table completed_valid t=0.0s
[     24s] main 30b c770 ic_m4 random_sub_r0 table completed_valid t=0.0s
[     24s] main 30b c770 ic_m4 random_sub_r1 table completed_valid t=0.0s
[     24s] main 30b c770 ic_m4 random_sub_r2 table completed_valid t=0.0s
[     24s] main 30b c770 ic_m4 known_null_sub table completed_valid t=0.0s
[     24s] main 30b c770 ic_m4 random_dick_r0 table completed_valid t=0.0s
[     24s] main 30b c770 ic_m4 random_dick_r1 table completed_valid t=0.0s
[     24s] main 30b c770 ic_m4 random_dick_r2 table completed_valid t=0.0s
[     24s] main 30b c770 ic_m4 known_null_dick table completed_valid t=0.0s
[     24s] main 30b c771 ic_m4 subgroup table completed_valid t=0.0s
[     24s] main 30b c771 ic_m4 dickson table completed_valid t=0.0s
[     24s] main 30b c771 ic_m4 small_x table completed_valid t=0.0s
[     24s] main 30b c771 ic_m4 random_sub_r0 table completed_valid t=0.0s
[     24s] main 30b c771 ic_m4 random_sub_r1 table completed_valid t=0.0s
[     24s] main 30b c771 ic_m4 random_sub_r2 table completed_valid t=0.0s
[     24s] main 30b c771 ic_m4 known_null_sub table completed_valid t=0.0s
[     24s] main 30b c771 ic_m4 random_dick_r0 table completed_valid t=0.0s
[     24s] main 30b c771 ic_m4 random_dick_r1 table completed_valid t=0.0s
[     24s] main 30b c771 ic_m4 random_dick_r2 table completed_valid t=0.0s
[     24s] main 30b c771 ic_m4 known_null_dick table completed_valid t=0.0s
[     24s] main 30b c772 ic_m4 subgroup table completed_valid t=0.0s
[     24s] main 30b c772 ic_m4 dickson table completed_valid t=0.0s
[     24s] main 30b c772 ic_m4 small_x table completed_valid t=0.0s
[     24s] main 30b c772 ic_m4 random_sub_r0 table completed_valid t=0.0s
[     24s] main 30b c772 ic_m4 random_sub_r1 table completed_valid t=0.0s
[     24s] main 30b c772 ic_m4 random_sub_r2 table completed_valid t=0.0s
[     24s] main 30b c772 ic_m4 known_null_sub table completed_valid t=0.0s
[     24s] main 30b c772 ic_m4 random_dick_r0 table completed_valid t=0.0s
[     24s] main 30b c772 ic_m4 random_dick_r1 table completed_valid t=0.0s
[     24s] main 30b c772 ic_m4 random_dick_r2 table completed_valid t=0.0s
[     24s] main 30b c772 ic_m4 known_null_dick table completed_valid t=0.0s
[     25s] main 30b c773 ic_m4 subgroup table completed_valid t=0.0s
[     25s] main 30b c773 ic_m4 dickson table completed_valid t=0.0s
[     25s] main 30b c773 ic_m4 small_x table completed_valid t=0.0s
[     25s] main 30b c773 ic_m4 random_sub_r0 table completed_valid t=0.0s
[     25s] main 30b c773 ic_m4 random_sub_r1 table completed_valid t=0.0s
[     25s] main 30b c773 ic_m4 random_sub_r2 table completed_valid t=0.0s
[     25s] main 30b c773 ic_m4 known_null_sub table completed_valid t=0.0s
[     25s] main 30b c773 ic_m4 random_dick_r0 table completed_valid t=0.0s
[     25s] main 30b c773 ic_m4 random_dick_r1 table completed_valid t=0.0s
[     25s] main 30b c773 ic_m4 random_dick_r2 table completed_valid t=0.0s
[     25s] main 30b c773 ic_m4 known_null_dick table completed_valid t=0.0s
[     25s] main 30b c774 ic_m4 subgroup table completed_valid t=0.0s
[     25s] main 30b c774 ic_m4 dickson table completed_valid t=0.0s
[     25s] main 30b c774 ic_m4 small_x table completed_valid t=0.0s
[     25s] main 30b c774 ic_m4 random_sub_r0 table completed_valid t=0.0s
[     25s] main 30b c774 ic_m4 random_sub_r1 table completed_valid t=0.0s
[     25s] main 30b c774 ic_m4 random_sub_r2 table completed_valid t=0.0s
[     25s] main 30b c774 ic_m4 known_null_sub table completed_valid t=0.0s
[     25s] main 30b c774 ic_m4 random_dick_r0 table completed_valid t=0.0s
[     25s] main 30b c774 ic_m4 random_dick_r1 table completed_valid t=0.0s
[     25s] main 30b c774 ic_m4 random_dick_r2 table completed_valid t=0.0s
[     25s] main 30b c774 ic_m4 known_null_dick table completed_valid t=0.0s
[     26s] main 30b c775 ic_m4 subgroup table completed_valid t=0.0s
[     26s] main 30b c775 ic_m4 dickson table completed_valid t=0.0s
[     26s] main 30b c775 ic_m4 small_x table completed_valid t=0.0s
[     26s] main 30b c775 ic_m4 random_sub_r0 table completed_valid t=0.0s
[     26s] main 30b c775 ic_m4 random_sub_r1 table completed_valid t=0.0s
[     26s] main 30b c775 ic_m4 random_sub_r2 table completed_valid t=0.0s
[     26s] main 30b c775 ic_m4 known_null_sub table completed_valid t=0.0s
[     26s] main 30b c775 ic_m4 random_dick_r0 table completed_valid t=0.0s
[     26s] main 30b c775 ic_m4 random_dick_r1 table completed_valid t=0.0s
[     26s] main 30b c775 ic_m4 random_dick_r2 table completed_valid t=0.0s
[     26s] main 30b c775 ic_m4 known_null_dick table completed_valid t=0.0s
[     26s] main 30b c776 ic_m4 subgroup table completed_valid t=0.0s
[     26s] main 30b c776 ic_m4 dickson table completed_valid t=0.0s
[     26s] main 30b c776 ic_m4 small_x table completed_valid t=0.0s
[     26s] main 30b c776 ic_m4 random_sub_r0 table completed_valid t=0.0s
[     26s] main 30b c776 ic_m4 random_sub_r1 table completed_valid t=0.0s
[     26s] main 30b c776 ic_m4 random_sub_r2 table completed_valid t=0.0s
[     26s] main 30b c776 ic_m4 known_null_sub table completed_valid t=0.0s
[     26s] main 30b c776 ic_m4 random_dick_r0 table completed_valid t=0.0s
[     26s] main 30b c776 ic_m4 random_dick_r1 table completed_valid t=0.0s
[     26s] main 30b c776 ic_m4 random_dick_r2 table completed_valid t=0.0s
[     26s] main 30b c776 ic_m4 known_null_dick table completed_valid t=0.0s
[     26s] main 30b c777 ic_m4 subgroup table completed_valid t=0.0s
[     26s] main 30b c777 ic_m4 dickson table completed_valid t=0.0s
[     26s] main 30b c777 ic_m4 small_x table completed_valid t=0.0s
[     26s] main 30b c777 ic_m4 random_sub_r0 table completed_valid t=0.0s
[     26s] main 30b c777 ic_m4 random_sub_r1 table completed_valid t=0.0s
[     26s] main 30b c777 ic_m4 random_sub_r2 table completed_valid t=0.0s
[     26s] main 30b c777 ic_m4 known_null_sub table completed_valid t=0.0s
[     26s] main 30b c777 ic_m4 random_dick_r0 table completed_valid t=0.0s
[     26s] main 30b c777 ic_m4 random_dick_r1 table completed_valid t=0.0s
[     26s] main 30b c777 ic_m4 random_dick_r2 table completed_valid t=0.0s
[     26s] main 30b c777 ic_m4 known_null_dick table completed_valid t=0.0s
[     27s] main 30b c778 ic_m4 subgroup table completed_valid t=0.0s
[     27s] main 30b c778 ic_m4 dickson table completed_valid t=0.0s
[     27s] main 30b c778 ic_m4 small_x table completed_valid t=0.0s
[     27s] main 30b c778 ic_m4 random_sub_r0 table completed_valid t=0.0s
[     27s] main 30b c778 ic_m4 random_sub_r1 table completed_valid t=0.0s
[     27s] main 30b c778 ic_m4 random_sub_r2 table completed_valid t=0.0s
[     27s] main 30b c778 ic_m4 known_null_sub table completed_valid t=0.0s
[     27s] main 30b c778 ic_m4 random_dick_r0 table completed_valid t=0.0s
[     27s] main 30b c778 ic_m4 random_dick_r1 table completed_valid t=0.0s
[     27s] main 30b c778 ic_m4 random_dick_r2 table completed_valid t=0.0s
[     27s] main 30b c778 ic_m4 known_null_dick table completed_valid t=0.0s
[     27s] main 30b c779 ic_m4 subgroup table completed_valid t=0.0s
[     27s] main 30b c779 ic_m4 dickson table completed_valid t=0.0s
[     27s] main 30b c779 ic_m4 small_x table completed_valid t=0.0s
[     27s] main 30b c779 ic_m4 random_sub_r0 table completed_valid t=0.0s
[     27s] main 30b c779 ic_m4 random_sub_r1 table completed_valid t=0.0s
[     27s] main 30b c779 ic_m4 random_sub_r2 table completed_valid t=0.0s
[     27s] main 30b c779 ic_m4 known_null_sub table completed_valid t=0.0s
[     27s] main 30b c779 ic_m4 random_dick_r0 table completed_valid t=0.0s
[     27s] main 30b c779 ic_m4 random_dick_r1 table completed_valid t=0.0s
[     27s] main 30b c779 ic_m4 random_dick_r2 table completed_valid t=0.0s
[     27s] main 30b c779 ic_m4 known_null_dick table completed_valid t=0.0s
[     27s] main 30b c780 ic_m4 subgroup table completed_valid t=0.0s
[     27s] main 30b c780 ic_m4 dickson table completed_valid t=0.0s
[     27s] main 30b c780 ic_m4 small_x table completed_valid t=0.0s
[     27s] main 30b c780 ic_m4 random_sub_r0 table completed_valid t=0.0s
[     27s] main 30b c780 ic_m4 random_sub_r1 table completed_valid t=0.0s
[     27s] main 30b c780 ic_m4 random_sub_r2 table completed_valid t=0.0s
[     27s] main 30b c780 ic_m4 known_null_sub table completed_valid t=0.0s
[     27s] main 30b c780 ic_m4 random_dick_r0 table completed_valid t=0.0s
[     27s] main 30b c780 ic_m4 random_dick_r1 table completed_valid t=0.0s
[     27s] main 30b c780 ic_m4 random_dick_r2 table completed_valid t=0.0s
[     27s] main 30b c780 ic_m4 known_null_dick table completed_valid t=0.0s
[     28s] main 30b c781 ic_m4 subgroup table completed_valid t=0.0s
[     28s] main 30b c781 ic_m4 dickson table completed_valid t=0.0s
[     28s] main 30b c781 ic_m4 small_x table completed_valid t=0.0s
[     28s] main 30b c781 ic_m4 random_sub_r0 table completed_valid t=0.0s
[     28s] main 30b c781 ic_m4 random_sub_r1 table completed_valid t=0.0s
[     28s] main 30b c781 ic_m4 random_sub_r2 table completed_valid t=0.0s
[     28s] main 30b c781 ic_m4 known_null_sub table completed_valid t=0.0s
[     28s] main 30b c781 ic_m4 random_dick_r0 table completed_valid t=0.0s
[     28s] main 30b c781 ic_m4 random_dick_r1 table completed_valid t=0.0s
[     28s] main 30b c781 ic_m4 random_dick_r2 table completed_valid t=0.0s
[     28s] main 30b c781 ic_m4 known_null_dick table completed_valid t=0.0s
[     28s] main 30b c782 ic_m4 subgroup table completed_valid t=0.0s
[     28s] main 30b c782 ic_m4 dickson table completed_valid t=0.0s
[     28s] main 30b c782 ic_m4 small_x table completed_valid t=0.0s
[     28s] main 30b c782 ic_m4 random_sub_r0 table completed_valid t=0.0s
[     28s] main 30b c782 ic_m4 random_sub_r1 table completed_valid t=0.0s
[     28s] main 30b c782 ic_m4 random_sub_r2 table completed_valid t=0.0s
[     28s] main 30b c782 ic_m4 known_null_sub table completed_valid t=0.0s
[     28s] main 30b c782 ic_m4 random_dick_r0 table completed_valid t=0.0s
[     28s] main 30b c782 ic_m4 random_dick_r1 table completed_valid t=0.0s
[     28s] main 30b c782 ic_m4 random_dick_r2 table completed_valid t=0.0s
[     28s] main 30b c782 ic_m4 known_null_dick table completed_valid t=0.0s
[     28s] main 30b c783 ic_m4 subgroup table completed_valid t=0.0s
[     28s] main 30b c783 ic_m4 dickson table completed_valid t=0.0s
[     28s] main 30b c783 ic_m4 small_x table completed_valid t=0.0s
[     28s] main 30b c783 ic_m4 random_sub_r0 table completed_valid t=0.0s
[     28s] main 30b c783 ic_m4 random_sub_r1 table completed_valid t=0.0s
[     28s] main 30b c783 ic_m4 random_sub_r2 table completed_valid t=0.0s
[     28s] main 30b c783 ic_m4 known_null_sub table completed_valid t=0.0s
[     28s] main 30b c783 ic_m4 random_dick_r0 table completed_valid t=0.0s
[     28s] main 30b c783 ic_m4 random_dick_r1 table completed_valid t=0.0s
[     28s] main 30b c783 ic_m4 random_dick_r2 table completed_valid t=0.0s
[     28s] main 30b c783 ic_m4 known_null_dick table completed_valid t=0.0s
[     29s] main 30b c784 ic_m4 subgroup table completed_valid t=0.0s
[     29s] main 30b c784 ic_m4 dickson table completed_valid t=0.0s
[     29s] main 30b c784 ic_m4 small_x table completed_valid t=0.0s
[     29s] main 30b c784 ic_m4 random_sub_r0 table completed_valid t=0.0s
[     29s] main 30b c784 ic_m4 random_sub_r1 table completed_valid t=0.0s
[     29s] main 30b c784 ic_m4 random_sub_r2 table completed_valid t=0.0s
[     29s] main 30b c784 ic_m4 known_null_sub table completed_valid t=0.0s
[     29s] main 30b c784 ic_m4 random_dick_r0 table completed_valid t=0.0s
[     29s] main 30b c784 ic_m4 random_dick_r1 table completed_valid t=0.0s
[     29s] main 30b c784 ic_m4 random_dick_r2 table completed_valid t=0.0s
[     29s] main 30b c784 ic_m4 known_null_dick table completed_valid t=0.0s
[     29s] main 30b c785 ic_m4 subgroup table completed_valid t=0.0s
[     29s] main 30b c785 ic_m4 dickson table completed_valid t=0.0s
[     29s] main 30b c785 ic_m4 small_x table completed_valid t=0.0s
[     29s] main 30b c785 ic_m4 random_sub_r0 table completed_valid t=0.0s
[     29s] main 30b c785 ic_m4 random_sub_r1 table completed_valid t=0.0s
[     29s] main 30b c785 ic_m4 random_sub_r2 table completed_valid t=0.0s
[     29s] main 30b c785 ic_m4 known_null_sub table completed_valid t=0.0s
[     29s] main 30b c785 ic_m4 random_dick_r0 table completed_valid t=0.0s
[     29s] main 30b c785 ic_m4 random_dick_r1 table completed_valid t=0.0s
[     29s] main 30b c785 ic_m4 random_dick_r2 table completed_valid t=0.0s
[     29s] main 30b c785 ic_m4 known_null_dick table completed_valid t=0.0s
[     29s] main 30b c786 ic_m4 subgroup table completed_valid t=0.0s
[     29s] main 30b c786 ic_m4 dickson table completed_valid t=0.0s
[     29s] main 30b c786 ic_m4 small_x table completed_valid t=0.0s
[     29s] main 30b c786 ic_m4 random_sub_r0 table completed_valid t=0.0s
[     29s] main 30b c786 ic_m4 random_sub_r1 table completed_valid t=0.0s
[     29s] main 30b c786 ic_m4 random_sub_r2 table completed_valid t=0.0s
[     29s] main 30b c786 ic_m4 known_null_sub table completed_valid t=0.0s
[     29s] main 30b c786 ic_m4 random_dick_r0 table completed_valid t=0.0s
[     29s] main 30b c786 ic_m4 random_dick_r1 table completed_valid t=0.0s
[     29s] main 30b c786 ic_m4 random_dick_r2 table completed_valid t=0.0s
[     29s] main 30b c786 ic_m4 known_null_dick table completed_valid t=0.0s
[     30s] main 30b c787 ic_m4 subgroup table completed_valid t=0.0s
[     30s] main 30b c787 ic_m4 dickson table completed_valid t=0.0s
[     30s] main 30b c787 ic_m4 small_x table completed_valid t=0.0s
[     30s] main 30b c787 ic_m4 random_sub_r0 table completed_valid t=0.0s
[     30s] main 30b c787 ic_m4 random_sub_r1 table completed_valid t=0.0s
[     30s] main 30b c787 ic_m4 random_sub_r2 table completed_valid t=0.0s
[     30s] main 30b c787 ic_m4 known_null_sub table completed_valid t=0.0s
[     30s] main 30b c787 ic_m4 random_dick_r0 table completed_valid t=0.0s
[     30s] main 30b c787 ic_m4 random_dick_r1 table completed_valid t=0.0s
[     30s] main 30b c787 ic_m4 random_dick_r2 table completed_valid t=0.0s
[     30s] main 30b c787 ic_m4 known_null_dick table completed_valid t=0.0s
[     30s] main 30b c788 ic_m4 subgroup table completed_valid t=0.0s
[     30s] main 30b c788 ic_m4 dickson table completed_valid t=0.0s
[     30s] main 30b c788 ic_m4 small_x table completed_valid t=0.0s
[     30s] main 30b c788 ic_m4 random_sub_r0 table completed_valid t=0.0s
[     30s] main 30b c788 ic_m4 random_sub_r1 table completed_valid t=0.0s
[     30s] main 30b c788 ic_m4 random_sub_r2 table completed_valid t=0.0s
[     30s] main 30b c788 ic_m4 known_null_sub table completed_valid t=0.0s
[     30s] main 30b c788 ic_m4 random_dick_r0 table completed_valid t=0.0s
[     30s] main 30b c788 ic_m4 random_dick_r1 table completed_valid t=0.0s
[     30s] main 30b c788 ic_m4 random_dick_r2 table completed_valid t=0.0s
[     30s] main 30b c788 ic_m4 known_null_dick table completed_valid t=0.0s
[     30s] main 30b c789 ic_m4 subgroup table completed_valid t=0.0s
[     30s] main 30b c789 ic_m4 dickson table completed_valid t=0.0s
[     30s] main 30b c789 ic_m4 small_x table completed_valid t=0.0s
[     30s] main 30b c789 ic_m4 random_sub_r0 table completed_valid t=0.0s
[     30s] main 30b c789 ic_m4 random_sub_r1 table completed_valid t=0.0s
[     30s] main 30b c789 ic_m4 random_sub_r2 table completed_valid t=0.0s
[     30s] main 30b c789 ic_m4 known_null_sub table completed_valid t=0.0s
[     30s] main 30b c789 ic_m4 random_dick_r0 table completed_valid t=0.0s
[     30s] main 30b c789 ic_m4 random_dick_r1 table completed_valid t=0.0s
[     30s] main 30b c789 ic_m4 random_dick_r2 table completed_valid t=0.0s
[     30s] main 30b c789 ic_m4 known_null_dick table completed_valid t=0.0s
[     31s] main 30b c790 ic_m4 subgroup table completed_valid t=0.0s
[     31s] main 30b c790 ic_m4 dickson table completed_valid t=0.0s
[     31s] main 30b c790 ic_m4 small_x table completed_valid t=0.0s
[     31s] main 30b c790 ic_m4 random_sub_r0 table completed_valid t=0.0s
[     31s] main 30b c790 ic_m4 random_sub_r1 table completed_valid t=0.0s
[     31s] main 30b c790 ic_m4 random_sub_r2 table completed_valid t=0.0s
[     31s] main 30b c790 ic_m4 known_null_sub table completed_valid t=0.0s
[     31s] main 30b c790 ic_m4 random_dick_r0 table completed_valid t=0.0s
[     31s] main 30b c790 ic_m4 random_dick_r1 table completed_valid t=0.0s
[     31s] main 30b c790 ic_m4 random_dick_r2 table completed_valid t=0.0s
[     31s] main 30b c790 ic_m4 known_null_dick table completed_valid t=0.0s
[     31s] main 30b c791 ic_m4 subgroup table completed_valid t=0.0s
[     31s] main 30b c791 ic_m4 dickson table completed_valid t=0.0s
[     31s] main 30b c791 ic_m4 small_x table completed_valid t=0.0s
[     31s] main 30b c791 ic_m4 random_sub_r0 table completed_valid t=0.0s
[     31s] main 30b c791 ic_m4 random_sub_r1 table completed_valid t=0.0s
[     31s] main 30b c791 ic_m4 random_sub_r2 table completed_valid t=0.0s
[     31s] main 30b c791 ic_m4 known_null_sub table completed_valid t=0.0s
[     31s] main 30b c791 ic_m4 random_dick_r0 table completed_valid t=0.0s
[     31s] main 30b c791 ic_m4 random_dick_r1 table completed_valid t=0.0s
[     31s] main 30b c791 ic_m4 random_dick_r2 table completed_valid t=0.0s
[     31s] main 30b c791 ic_m4 known_null_dick table completed_valid t=0.0s
[     31s] main 30b c792 ic_m4 subgroup table completed_valid t=0.0s
[     31s] main 30b c792 ic_m4 dickson table completed_valid t=0.0s
[     31s] main 30b c792 ic_m4 small_x table completed_valid t=0.0s
[     31s] main 30b c792 ic_m4 random_sub_r0 table completed_valid t=0.0s
[     31s] main 30b c792 ic_m4 random_sub_r1 table completed_valid t=0.0s
[     31s] main 30b c792 ic_m4 random_sub_r2 table completed_valid t=0.0s
[     31s] main 30b c792 ic_m4 known_null_sub table completed_valid t=0.0s
[     31s] main 30b c792 ic_m4 random_dick_r0 table completed_valid t=0.0s
[     31s] main 30b c792 ic_m4 random_dick_r1 table completed_valid t=0.0s
[     31s] main 30b c792 ic_m4 random_dick_r2 table completed_valid t=0.0s
[     31s] main 30b c792 ic_m4 known_null_dick table completed_valid t=0.0s
[     32s] main 30b c793 ic_m4 subgroup table completed_valid t=0.0s
[     32s] main 30b c793 ic_m4 dickson table completed_valid t=0.0s
[     32s] main 30b c793 ic_m4 small_x table completed_valid t=0.0s
[     32s] main 30b c793 ic_m4 random_sub_r0 table completed_valid t=0.0s
[     32s] main 30b c793 ic_m4 random_sub_r1 table completed_valid t=0.0s
[     32s] main 30b c793 ic_m4 random_sub_r2 table completed_valid t=0.0s
[     32s] main 30b c793 ic_m4 known_null_sub table completed_valid t=0.0s
[     32s] main 30b c793 ic_m4 random_dick_r0 table completed_valid t=0.0s
[     32s] main 30b c793 ic_m4 random_dick_r1 table completed_valid t=0.0s
[     32s] main 30b c793 ic_m4 random_dick_r2 table completed_valid t=0.0s
[     32s] main 30b c793 ic_m4 known_null_dick table completed_valid t=0.0s
[     32s] main 30b c794 ic_m4 subgroup table completed_valid t=0.0s
[     32s] main 30b c794 ic_m4 dickson table completed_valid t=0.0s
[     32s] main 30b c794 ic_m4 small_x table completed_valid t=0.0s
[     32s] main 30b c794 ic_m4 random_sub_r0 table completed_valid t=0.0s
[     32s] main 30b c794 ic_m4 random_sub_r1 table completed_valid t=0.0s
[     32s] main 30b c794 ic_m4 random_sub_r2 table completed_valid t=0.0s
[     32s] main 30b c794 ic_m4 known_null_sub table completed_valid t=0.0s
[     32s] main 30b c794 ic_m4 random_dick_r0 table completed_valid t=0.0s
[     32s] main 30b c794 ic_m4 random_dick_r1 table completed_valid t=0.0s
[     32s] main 30b c794 ic_m4 random_dick_r2 table completed_valid t=0.0s
[     32s] main 30b c794 ic_m4 known_null_dick table completed_valid t=0.0s
[     32s] main 30b c795 ic_m4 subgroup table completed_valid t=0.0s
[     32s] main 30b c795 ic_m4 dickson table completed_valid t=0.0s
[     32s] main 30b c795 ic_m4 small_x table completed_valid t=0.0s
[     32s] main 30b c795 ic_m4 random_sub_r0 table completed_valid t=0.0s
[     32s] main 30b c795 ic_m4 random_sub_r1 table completed_valid t=0.0s
[     32s] main 30b c795 ic_m4 random_sub_r2 table completed_valid t=0.0s
[     32s] main 30b c795 ic_m4 known_null_sub table completed_valid t=0.0s
[     32s] main 30b c795 ic_m4 random_dick_r0 table completed_valid t=0.0s
[     32s] main 30b c795 ic_m4 random_dick_r1 table completed_valid t=0.0s
[     32s] main 30b c795 ic_m4 random_dick_r2 table completed_valid t=0.0s
[     32s] main 30b c795 ic_m4 known_null_dick table completed_valid t=0.0s
[     33s] main 30b c796 ic_m4 subgroup table completed_valid t=0.0s
[     33s] main 30b c796 ic_m4 dickson table completed_valid t=0.0s
[     33s] main 30b c796 ic_m4 small_x table completed_valid t=0.0s
[     33s] main 30b c796 ic_m4 random_sub_r0 table completed_valid t=0.0s
[     33s] main 30b c796 ic_m4 random_sub_r1 table completed_valid t=0.0s
[     33s] main 30b c796 ic_m4 random_sub_r2 table completed_valid t=0.0s
[     33s] main 30b c796 ic_m4 known_null_sub table completed_valid t=0.0s
[     33s] main 30b c796 ic_m4 random_dick_r0 table completed_valid t=0.0s
[     33s] main 30b c796 ic_m4 random_dick_r1 table completed_valid t=0.0s
[     33s] main 30b c796 ic_m4 random_dick_r2 table completed_valid t=0.0s
[     33s] main 30b c796 ic_m4 known_null_dick table completed_valid t=0.0s
[     33s] main 30b c797 ic_m4 subgroup table completed_valid t=0.0s
[     33s] main 30b c797 ic_m4 dickson table completed_valid t=0.0s
[     33s] main 30b c797 ic_m4 small_x table completed_valid t=0.0s
[     33s] main 30b c797 ic_m4 random_sub_r0 table completed_valid t=0.0s
[     33s] main 30b c797 ic_m4 random_sub_r1 table completed_valid t=0.0s
[     33s] main 30b c797 ic_m4 random_sub_r2 table completed_valid t=0.0s
[     33s] main 30b c797 ic_m4 known_null_sub table completed_valid t=0.0s
[     33s] main 30b c797 ic_m4 random_dick_r0 table completed_valid t=0.0s
[     33s] main 30b c797 ic_m4 random_dick_r1 table completed_valid t=0.0s
[     33s] main 30b c797 ic_m4 random_dick_r2 table completed_valid t=0.0s
[     33s] main 30b c797 ic_m4 known_null_dick table completed_valid t=0.0s
[     33s] main 30b c798 ic_m4 subgroup table completed_valid t=0.0s
[     33s] main 30b c798 ic_m4 dickson table completed_valid t=0.0s
[     33s] main 30b c798 ic_m4 small_x table completed_valid t=0.0s
[     33s] main 30b c798 ic_m4 random_sub_r0 table completed_valid t=0.0s
[     33s] main 30b c798 ic_m4 random_sub_r1 table completed_valid t=0.0s
[     33s] main 30b c798 ic_m4 random_sub_r2 table completed_valid t=0.0s
[     33s] main 30b c798 ic_m4 known_null_sub table completed_valid t=0.0s
[     33s] main 30b c798 ic_m4 random_dick_r0 table completed_valid t=0.0s
[     33s] main 30b c798 ic_m4 random_dick_r1 table completed_valid t=0.0s
[     33s] main 30b c798 ic_m4 random_dick_r2 table completed_valid t=0.0s
[     33s] main 30b c798 ic_m4 known_null_dick table completed_valid t=0.0s
[     34s] main 30b c799 ic_m4 subgroup table completed_valid t=0.0s
[     34s] main 30b c799 ic_m4 dickson table completed_valid t=0.0s
[     34s] main 30b c799 ic_m4 small_x table completed_valid t=0.0s
[     34s] main 30b c799 ic_m4 random_sub_r0 table completed_valid t=0.0s
[     34s] main 30b c799 ic_m4 random_sub_r1 table completed_valid t=0.0s
[     34s] main 30b c799 ic_m4 random_sub_r2 table completed_valid t=0.0s
[     34s] main 30b c799 ic_m4 known_null_sub table completed_valid t=0.0s
[     34s] main 30b c799 ic_m4 random_dick_r0 table completed_valid t=0.0s
[     34s] main 30b c799 ic_m4 random_dick_r1 table completed_valid t=0.0s
[     34s] main 30b c799 ic_m4 random_dick_r2 table completed_valid t=0.0s
[     34s] main 30b c799 ic_m4 known_null_dick table completed_valid t=0.0s
[     34s] main 30b c800 ic_m4 subgroup table completed_valid t=0.0s
[     34s] main 30b c800 ic_m4 dickson table completed_valid t=0.0s
[     34s] main 30b c800 ic_m4 small_x table completed_valid t=0.0s
[     34s] main 30b c800 ic_m4 random_sub_r0 table completed_valid t=0.0s
[     34s] main 30b c800 ic_m4 random_sub_r1 table completed_valid t=0.0s
[     34s] main 30b c800 ic_m4 random_sub_r2 table completed_valid t=0.0s
[     34s] main 30b c800 ic_m4 known_null_sub table completed_valid t=0.0s
[     34s] main 30b c800 ic_m4 random_dick_r0 table completed_valid t=0.0s
[     34s] main 30b c800 ic_m4 random_dick_r1 table completed_valid t=0.0s
[     34s] main 30b c800 ic_m4 random_dick_r2 table completed_valid t=0.0s
[     34s] main 30b c800 ic_m4 known_null_dick table completed_valid t=0.0s
[     34s] main 30b c801 ic_m4 subgroup table completed_valid t=0.0s
[     34s] main 30b c801 ic_m4 dickson table completed_valid t=0.0s
[     34s] main 30b c801 ic_m4 small_x table completed_valid t=0.0s
[     34s] main 30b c801 ic_m4 random_sub_r0 table completed_valid t=0.0s
[     34s] main 30b c801 ic_m4 random_sub_r1 table completed_valid t=0.0s
[     34s] main 30b c801 ic_m4 random_sub_r2 table completed_valid t=0.0s
[     34s] main 30b c801 ic_m4 known_null_sub table completed_valid t=0.0s
[     34s] main 30b c801 ic_m4 random_dick_r0 table completed_valid t=0.0s
[     34s] main 30b c801 ic_m4 random_dick_r1 table completed_valid t=0.0s
[     34s] main 30b c801 ic_m4 random_dick_r2 table completed_valid t=0.0s
[     34s] main 30b c801 ic_m4 known_null_dick table completed_valid t=0.0s
[     35s] main 30b c802 ic_m4 subgroup table completed_valid t=0.0s
[     35s] main 30b c802 ic_m4 dickson table completed_valid t=0.0s
[     35s] main 30b c802 ic_m4 small_x table completed_valid t=0.0s
[     35s] main 30b c802 ic_m4 random_sub_r0 table completed_valid t=0.0s
[     35s] main 30b c802 ic_m4 random_sub_r1 table completed_valid t=0.0s
[     35s] main 30b c802 ic_m4 random_sub_r2 table completed_valid t=0.0s
[     35s] main 30b c802 ic_m4 known_null_sub table completed_valid t=0.0s
[     35s] main 30b c802 ic_m4 random_dick_r0 table completed_valid t=0.0s
[     35s] main 30b c802 ic_m4 random_dick_r1 table completed_valid t=0.0s
[     35s] main 30b c802 ic_m4 random_dick_r2 table completed_valid t=0.0s
[     35s] main 30b c802 ic_m4 known_null_dick table completed_valid t=0.0s
[     35s] main 30b c803 ic_m4 subgroup table completed_valid t=0.0s
[     35s] main 30b c803 ic_m4 dickson table completed_valid t=0.0s
[     35s] main 30b c803 ic_m4 small_x table completed_valid t=0.0s
[     35s] main 30b c803 ic_m4 random_sub_r0 table completed_valid t=0.0s
[     35s] main 30b c803 ic_m4 random_sub_r1 table completed_valid t=0.0s
[     35s] main 30b c803 ic_m4 random_sub_r2 table completed_valid t=0.0s
[     35s] main 30b c803 ic_m4 known_null_sub table completed_valid t=0.0s
[     35s] main 30b c803 ic_m4 random_dick_r0 table completed_valid t=0.0s
[     35s] main 30b c803 ic_m4 random_dick_r1 table completed_valid t=0.0s
[     35s] main 30b c803 ic_m4 random_dick_r2 table completed_valid t=0.0s
[     35s] main 30b c803 ic_m4 known_null_dick table completed_valid t=0.0s
[     35s] main 30b c804 ic_m4 subgroup table completed_valid t=0.0s
[     35s] main 30b c804 ic_m4 dickson table completed_valid t=0.0s
[     35s] main 30b c804 ic_m4 small_x table completed_valid t=0.0s
[     35s] main 30b c804 ic_m4 random_sub_r0 table completed_valid t=0.0s
[     35s] main 30b c804 ic_m4 random_sub_r1 table completed_valid t=0.0s
[     35s] main 30b c804 ic_m4 random_sub_r2 table completed_valid t=0.0s
[     35s] main 30b c804 ic_m4 known_null_sub table completed_valid t=0.0s
[     35s] main 30b c804 ic_m4 random_dick_r0 table completed_valid t=0.0s
[     35s] main 30b c804 ic_m4 random_dick_r1 table completed_valid t=0.0s
[     35s] main 30b c804 ic_m4 random_dick_r2 table completed_valid t=0.0s
[     35s] main 30b c804 ic_m4 known_null_dick table completed_valid t=0.0s
[     36s] main 30b c805 ic_m4 subgroup table completed_valid t=0.0s
[     36s] main 30b c805 ic_m4 dickson table completed_valid t=0.0s
[     36s] main 30b c805 ic_m4 small_x table completed_valid t=0.0s
[     36s] main 30b c805 ic_m4 random_sub_r0 table completed_valid t=0.0s
[     36s] main 30b c805 ic_m4 random_sub_r1 table completed_valid t=0.0s
[     36s] main 30b c805 ic_m4 random_sub_r2 table completed_valid t=0.0s
[     36s] main 30b c805 ic_m4 known_null_sub table completed_valid t=0.0s
[     36s] main 30b c805 ic_m4 random_dick_r0 table completed_valid t=0.0s
[     36s] main 30b c805 ic_m4 random_dick_r1 table completed_valid t=0.0s
[     36s] main 30b c805 ic_m4 random_dick_r2 table completed_valid t=0.0s
[     36s] main 30b c805 ic_m4 known_null_dick table completed_valid t=0.0s
[     36s] main 30b c806 ic_m4 subgroup table completed_valid t=0.0s
[     36s] main 30b c806 ic_m4 dickson table completed_valid t=0.0s
[     36s] main 30b c806 ic_m4 small_x table completed_valid t=0.0s
[     36s] main 30b c806 ic_m4 random_sub_r0 table completed_valid t=0.0s
[     36s] main 30b c806 ic_m4 random_sub_r1 table completed_valid t=0.0s
[     36s] main 30b c806 ic_m4 random_sub_r2 table completed_valid t=0.0s
[     36s] main 30b c806 ic_m4 known_null_sub table completed_valid t=0.0s
[     36s] main 30b c806 ic_m4 random_dick_r0 table completed_valid t=0.0s
[     36s] main 30b c806 ic_m4 random_dick_r1 table completed_valid t=0.0s
[     36s] main 30b c806 ic_m4 random_dick_r2 table completed_valid t=0.0s
[     36s] main 30b c806 ic_m4 known_null_dick table completed_valid t=0.0s
[     36s] main 30b c807 ic_m4 subgroup table completed_valid t=0.0s
[     36s] main 30b c807 ic_m4 dickson table completed_valid t=0.0s
[     36s] main 30b c807 ic_m4 small_x table completed_valid t=0.0s
[     36s] main 30b c807 ic_m4 random_sub_r0 table completed_valid t=0.0s
[     36s] main 30b c807 ic_m4 random_sub_r1 table completed_valid t=0.0s
[     36s] main 30b c807 ic_m4 random_sub_r2 table completed_valid t=0.0s
[     36s] main 30b c807 ic_m4 known_null_sub table completed_valid t=0.0s
[     36s] main 30b c807 ic_m4 random_dick_r0 table completed_valid t=0.0s
[     36s] main 30b c807 ic_m4 random_dick_r1 table completed_valid t=0.0s
[     36s] main 30b c807 ic_m4 random_dick_r2 table completed_valid t=0.0s
[     36s] main 30b c807 ic_m4 known_null_dick table completed_valid t=0.0s
[     37s] main 30b c808 ic_m4 subgroup table completed_valid t=0.0s
[     37s] main 30b c808 ic_m4 dickson table completed_valid t=0.0s
[     37s] main 30b c808 ic_m4 small_x table completed_valid t=0.0s
[     37s] main 30b c808 ic_m4 random_sub_r0 table completed_valid t=0.0s
[     37s] main 30b c808 ic_m4 random_sub_r1 table completed_valid t=0.0s
[     37s] main 30b c808 ic_m4 random_sub_r2 table completed_valid t=0.0s
[     37s] main 30b c808 ic_m4 known_null_sub table completed_valid t=0.0s
[     37s] main 30b c808 ic_m4 random_dick_r0 table completed_valid t=0.0s
[     37s] main 30b c808 ic_m4 random_dick_r1 table completed_valid t=0.0s
[     37s] main 30b c808 ic_m4 random_dick_r2 table completed_valid t=0.0s
[     37s] main 30b c808 ic_m4 known_null_dick table completed_valid t=0.0s
[     37s] main 30b c809 ic_m4 subgroup table completed_valid t=0.0s
[     37s] main 30b c809 ic_m4 dickson table completed_valid t=0.0s
[     37s] main 30b c809 ic_m4 small_x table completed_valid t=0.0s
[     37s] main 30b c809 ic_m4 random_sub_r0 table completed_valid t=0.0s
[     37s] main 30b c809 ic_m4 random_sub_r1 table completed_valid t=0.0s
[     37s] main 30b c809 ic_m4 random_sub_r2 table completed_valid t=0.0s
[     37s] main 30b c809 ic_m4 known_null_sub table completed_valid t=0.0s
[     37s] main 30b c809 ic_m4 random_dick_r0 table completed_valid t=0.0s
[     37s] main 30b c809 ic_m4 random_dick_r1 table completed_valid t=0.0s
[     37s] main 30b c809 ic_m4 random_dick_r2 table completed_valid t=0.0s
[     37s] main 30b c809 ic_m4 known_null_dick table completed_valid t=0.0s
