c BreakID not compiled in, disabling
c CryptoMiniSat version 5.11.15
c CMS Copyright (C) 2009-2020 Authors of CryptoMiniSat, see AUTHORS file
c CMS SHA revision 
c Using VMTF code by Armin Biere from CaDiCaL
c Using Yalsat by Armin Biere, see Balint et al. Improving implementation of SLS solvers [...], SAT'14
c Using WalkSAT by Henry Kautz, see Kautz and Selman Pushing the envelope: planning, propositional logic, and stochastic search, AAAI'96,
c CMS is MIT licensed
c Using code from 'When Boolean Satisfiability Meets Gauss-E. in a Simplex Way'
c       by C.-S. Han and J.-H. Roland Jiang in CAV 2012. Fixes by M. Soos
c Using CCAnr from 'CCAnr: A Conf. Checking Based Local Search Solver [...]'
c       by Shaowei Cai, Chuan Luo, and Kaile Su, SAT 2015
c CMS compilation env CMAKE_CXX_COMPILER = /usr/bin/c++ | COMPILE_DEFINES =  -DRDB0_ONLY_FEATURES -DBOOST_TEST_DYN_LINK -DUSE_ZLIB -DYALSAT_FPU | STATICCOMPILE = OFF | ONLY_SIMPLE = OFF | Boost_FOUND = TRUE | STATS = OFF | SQLITE3_FOUND =  | ZLIB_FOUND = TRUE | VALGRIND_FOUND =  | ENABLE_TESTING = OFF | SLOW_DEBUG = OFF | ENABLE_ASSERTIONS = ON | PYTHON_EXECUTABLE =  | PYTHON_LIBRARY =  | PYTHON_INCLUDE_DIRS =  | MY_TARGETS =  | LARGEMEM = OFF | LIMITMEM = OFF | BREAKID_LIBRARIES =  | BREAKID-VER = . | BOSPHORUS_LIBRARIES =  | BOSPH-VER = . | compilation date time = Mar 31 2024 17:57:30
c CMS compiled with gcc version 13.2.0
c Executed with command line: cryptominisat5 --verb 1 /workspace/inputs/TRIMOSKA-ECICB-2024/upstream/benchmarks/Xn15l5-18-U.dimacs
c Reading file '/workspace/inputs/TRIMOSKA-ECICB-2024/upstream/benchmarks/Xn15l5-18-U.dimacs'
c -- header says num vars:            502
c -- header says num clauses:        1547
c -- clauses added: 1505
c -- xor clauses added: 42
c -- vars added 502
c Parsing time: 0.00 s
c [find&init matx] performing matrix init
c [gauss] XOR-encoding clauses are not detached, so no need to reattach them.
c [xor-rem-unconnected] left with 40 xors from 40 non-empty xors T: 0.00
c [xor-together] xored together: 0 orig xors: 40 new xors: 40 T: 0.00
c [xor-rem-unconnected] left with 40 xors from 40 non-empty xors T: 0.00
c [xor-clean-equiv] removed equivalent xors: 0 left with: 40
c [matrix] unused xors from cleaning: 0
c [matrix] Good   matrix  0     40 x  500  density:0.1171  xorlen avg: 58.55
c [matrix] Using 1 matrices recovered from 0 xors T: 0.00 T-out: N
c [branch] adjusting to: vsid (from: vsid) var_decay:0.95 descr: VSIDS
c rst  geom  stb   vs     1   113    1603  9508  1049    3.96    3.76     1    24    84     4   82.08   79.25
c rst  geom  stb   vs     2   237    1603  9508  1049    3.96    3.76     6    37   190     4   60.31   59.32
c  res  pol bran  nres  conf freevar  IrrL  IrrB l/longC  l/allC RedL0 RedL1 RedL2  RedB l/longC  l/allC
c rst  geom  stb   vs     3   372    1603  9508  1049    3.96    3.76     6    37   325     4   51.37   50.84
c rst  geom  stb   vs     4   520    1603  9508  1049    3.96    3.76     7    42   467     4   50.02   49.65
c rst  geom  stb   vs     5   682    1603  9508  1049    3.96    3.76     7    42   629     4   47.40   47.14
c rst  geom  stb   vs     6   860    1603  9508  1049    3.96    3.76     7    42   806     5   46.40   46.14
c rst  geom  stb   vs     7  1054    1603  9508  1049    3.96    3.76     7    43   999     5   43.51   43.32
c rst  geom  stb   vs     8  1268    1603  9508  1049    3.96    3.76     7    43  1211     7   40.71   40.50
c rst  geom  stb   vs     9  1503    1603  9508  1049    3.96    3.76     7    43  1446     7   38.38   38.21
c rst  geom  stb   vs    10  1760    1603  9508  1049    3.96    3.76     7    43  1703     7   37.07   36.93
c rst  geom  stb   vs    11  2043    1603  9508  1049    3.96    3.76     7    43  1986     7   35.20   35.09
c rst  geom  stb   vs    12  2353    1603  9508  1049    3.96    3.76     7    44  2293     9   35.38   35.25
c rst  geom  stb   vs    13  2693    1603  9508  1049    3.96    3.76     7    45  2632     9   34.43   34.32
c rst  geom  stb   vs    14  3067    1603  9508  1049    3.96    3.76     7    45  3006     9   33.28   33.19
c rst  geom  stb   vs    15  3478    1603  9508  1049    3.96    3.76     7    45  3417     9   31.74   31.66
c rst  geom  stb   vs    16  3929    1603  9508  1049    3.96    3.76     7    45  3868     9   31.48   31.41
c rst  geom  stb   vs    17  4424    1603  9508  1049    3.96    3.76    10    46  4359     9   31.38   31.32
c rst  geom  stb   vs    18  4968    1603  9508  1049    3.96    3.76    11    51  4896    10   32.72   32.65
c rst  geom  stb   vs    19  5565    1603  9508  1049    3.96    3.76    11    51  5493    10   32.32   32.27
c [branch] adjusting to: vmtf (from: vsid) var_decay:0.95 descr: VMTF
c [distill-long-red0] cls tried: 11/11 T: 0.00 T-out: N T-r: 100.00%
c [distill-long-red1] cls tried: 51/51 T: 0.00 T-out: N T-r: 94.41%
c rst  luby ibes  vmt    20  5667    1603  9508  1049    3.96    3.76    22    75  5556    14   32.52   32.44
c rst  luby ibes  vmt    21  5769    1603  9508  1049    3.96    3.76    22    75  5658    14   32.44   32.37
c rst  luby ibes  vmt    22  5971    1603  9508  1049    3.96    3.76    22    75  5860    14   31.89   31.82
c rst  luby ibes  vmt    23  6072    1603  9508  1049    3.96    3.76    23    77  5958    14   31.60   31.53
c rst  luby ibes  vmt    24  6174    1603  9508  1049    3.96    3.76    23    77  6060    14   31.40   31.34
c rst  luby ibes  vmt    25  6376    1603  9508  1049    3.96    3.76    23    77  6262    14   30.92   30.86
c rst  luby ibes  vmt    26  6778    1603  9508  1049    3.96    3.76    23    77  6664    14   29.90   29.84
c rst  luby ibes  vmt    27  6880    1603  9508  1049    3.96    3.76    23    77  6766    14   29.88   29.82
c rst  luby ibes  vmt    28  6982    1603  9508  1049    3.96    3.76    23    77  6868    14   29.74   29.68
c rst  luby ibes  vmt    29  7183    1603  9508  1049    3.96    3.76    24    77  7068    14   29.42   29.36
c rst  luby ibes  vmt    30  7285    1603  9508  1049    3.96    3.76    24    77  7170    14   29.41   29.35
c rst  luby ibes  vmt    31  7387    1603  9508  1049    3.96    3.76    24    77  7272    14   29.23   29.18
c rst  luby ibes  vmt    32  7589    1603  9508  1049    3.96    3.76    24    77  7474    14   28.85   28.80
c rst  luby ibes  vmt    33  7990    1603  9508  1049    3.96    3.76    24    77  7875    14   28.35   28.30
c rst  luby ibes  vmt    34  8791    1603  9508  1049    3.96    3.76    24    77  8676    14   28.23   28.19
c rst  luby ibes  vmt    35  8892    1603  9508  1049    3.96    3.76    24    77  8777    14   28.23   28.19
c rst  luby ibes  vmt    36  8994    1603  9508  1049    3.96    3.76    24    77  8879    14   28.14   28.10
c rst  luby ibes  vmt    37  9196    1603  9508  1049    3.96    3.76    24    77  9081    14   27.89   27.85
c rst  luby ibes  vmt    38  9297    1603  9508  1049    3.96    3.76    24    77  9182    14   27.75   27.71
c rst  luby ibes  vmt    39  9399    1603  9508  1049    3.96    3.76    24    77  9284    14   27.58   27.55
c rst  luby ibes  vmt    40  9601    1603  9508  1049    3.96    3.76    24    77  9486    14   27.30   27.26
c rst  luby ibes  vmt    41 10002    1603  9508  1049    3.96    3.76    65    36  9887    14   26.86   26.82
c rst  luby ibes  vmt    42 10103    1603  9508  1049    3.96    3.76    65    36  9988    14   26.75   26.71
c rst  luby ibes  vmt    43 10205    1603  9508  1049    3.96    3.76    65    36 10090    14   26.73   26.70
c rst  luby ibes  vmt    44 10407    1603  9508  1049    3.96    3.76    65    36 10292    14   26.56   26.53
c rst  luby ibes  vmt    45 10509    1603  9508  1049    3.96    3.76    65    36 10394    14   26.44   26.41
c rst  luby ibes  vmt    46 10611    1603  9508  1049    3.96    3.76    65    36 10496    14   26.34   26.30
c rst  luby ibes  vmt    47 10812    1603  9508  1049    3.96    3.76    65    36 10697    14   26.20   26.17
c rst  luby  svd  vmt    48 11214    1603  9508  1049    3.96    3.76    65    36 11099    14   27.02   26.99
c rst  luby  svd  vmt    49 12016    1603  9508  1049    3.96    3.76    71    40 11890    15   27.71   27.68
c [branch] adjusting to: vsid (from: vmtf) var_decay:0.95 descr: VSIDS
c [distill-bin] useful: 4/1049/1049 lits-rem: 0 cl-rem: 4 0-depth-assigns: 0 T: 0.00 T-out: N
c rst  geom  svd   vs    50 12128    1603  9508  1045    3.96    3.76    71    40 12002    15   27.80   27.77
c rst  geom  svd   vs    51 12250    1603  9508  1045    3.96    3.76    74    45 12116    15   27.83   27.79
c rst  geom  svd   vs    52 12384    1603  9508  1045    3.96    3.76    74    45 12250    15   27.98   27.94
c rst  geom  svd   vs    53 12532    1603  9508  1045    3.96    3.76    74    45 12398    15   28.07   28.04
c rst  geom  svd   vs    54 12694    1603  9508  1045    3.96    3.76    75    45 12559    15   28.02   27.99
c rst  geom  svd   vs    55 12872    1603  9508  1045    3.96    3.76    75    45 12737    15   27.98   27.95
c rst  geom  svd   vs    56 13067    1603  9508  1045    3.96    3.76    75    45 12932    15   27.89   27.86
c rst  geom  svd   vs    57 13281    1603  9508  1045    3.96    3.76    75    45 13145    16   27.97   27.94
c rst  geom  svd   vs    58 13515    1603  9508  1045    3.96    3.76    76    45 13378    16   27.92   27.89
c rst  geom  svd   vs    59 13772    1603  9508  1045    3.96    3.76    76    45 13635    16   27.92   27.89
c rst  geom  svd   vs    60 14055    1603  9508  1045    3.96    3.76    76    46 13917    16   27.90   27.87
c rst  geom  svd   vs    61 14366    1603  9508  1045    3.96    3.76    76    46 14228    16   27.99   27.96
c rst  geom  svd   vs    62 14707    1603  9508  1045    3.96    3.76    77    46 14568    16   28.10   28.07
c rst  geom  svd   vs    63 15081    1603  9508  1045    3.96    3.76    77    69 14919    16   27.84   27.81
c rst  geom  svd   vs    64 15491    1603  9508  1045    3.96    3.76    77    69 15329    16   27.59   27.57
c rst  geom  svd   vs    65 15941    1603  9508  1045    3.96    3.76    77    69 15779    16   27.36   27.34
c rst  geom  svd   vs    66 16435    1603  9508  1045    3.96    3.76    77    69 16273    16   27.01   26.98
c rst  geom best   vs    67 16979    1603  9508  1045    3.96    3.76    83    69 16806    21   27.67   27.64
c rst  geom best   vs    68 17577    1603  9508  1045    3.96    3.76    83    70 17403    21   27.92   27.89
c rst  geom best   vs    69 18233    1603  9508  1045    3.96    3.76    87    74 18048    24   27.92   27.89
c [branch] adjusting to: vmtf (from: vsid) var_decay:0.95 descr: VMTF
c rst  luby best  vmt    70 18335    1603  9508  1045    3.96    3.76    87    74 18150    24   27.95   27.91
c rst  luby best  vmt    71 18436    1603  9508  1045    3.96    3.76    87    74 18251    24   27.99   27.95
c rst  luby best  vmt    72 18637    1603  9508  1045    3.96    3.76    89    84 18440    24   28.06   28.03
c rst  luby best  vmt    73 18739    1603  9508  1045    3.96    3.76    89    84 18542    24   28.07   28.03
c rst  luby best  vmt    74 18841    1603  9508  1045    3.96    3.76    89    84 18644    24   28.09   28.06
c rst  luby best  vmt    75 19042    1603  9508  1045    3.96    3.76    89    84 18845    24   28.15   28.11
c rst  luby best  vmt    76 19443    1603  9508  1045    3.96    3.76    89    88 19242    24   28.27   28.24
c rst  luby best  vmt    77 19544    1603  9508  1045    3.96    3.76    90    92 19336    26   28.32   28.29
c rst  luby best  vmt    78 19645    1603  9508  1045    3.96    3.76    92    94 19433    26   28.45   28.42
c rst  luby best  vmt    79 19847    1603  9508  1045    3.96    3.76   100    99 19622    26   28.65   28.62
c rst  luby best  vmt    80 19949    1603  9508  1045    3.96    3.76   100   108 19715    26   28.72   28.69
c rst  luby best  vmt    81   20K    1603  9508  1045    3.96    3.76   129    83 19813    26   28.77   28.74
c [full-probe]  bin_only: 1 set: 0 repl: 0 T: 0.00 T-out: N T-r: 99.89%
c rst  luby best  vmt    82   20K    1603  9508  1045    3.96    3.76   136    89   20K    38   28.98   28.93
c rst  luby best  vmt    83   20K    1603  9508  1045    3.96    3.76   138    96   20K    38   29.18   29.13
c [distill-long-red0] cls tried: 100/100 T: 0.00 T-out: N T-r: 99.87%
c [distill-long-red1] cls tried: 73/73 T: 0.01 T-out: N T-r: 2.05%
c rst  luby best  vmt    84   21K    1603  9508  1045    3.96    3.76   139   111   21K    41   29.61   29.55
c rst  luby best  vmt    85   21K    1603  9508  1045    3.96    3.76   139   111   21K    41   29.62   29.56
c rst  luby best  vmt    86   21K    1603  9508  1045    3.96    3.76   140   112   21K    41   29.68   29.62
c rst  luby  stb  vmt    87   21K    1603  9508  1045    3.96    3.76   144   117   21K    41   29.73   29.68
c rst  luby  stb  vmt    88   21K    1603  9508  1045    3.96    3.76   145   120   21K    41   29.78   29.73
c rst  luby  stb  vmt    89   22K    1603  9508  1045    3.96    3.76   145   122   21K    41   29.85   29.80
c rst  luby  stb  vmt    90   22K    1603  9508  1045    3.96    3.76   146   125   21K    41   29.96   29.91
c rst  luby  stb  vmt    91   22K    1603  9508  1045    3.96    3.76   151   134   22K    42   30.15   30.10
c rst  luby  stb  vmt    92   22K    1603  9508  1045    3.96    3.76   152   134   22K    43   30.19   30.14
c rst  luby  stb  vmt    93   22K    1603  9508  1045    3.96    3.76   152   136   22K    43   30.39   30.34
c rst  luby  stb  vmt    94   23K    1603  9508  1045    3.96    3.76   154   145   22K    43   30.56   30.51
c rst  luby  stb  vmt    95   23K    1603  9508  1045    3.96    3.76   160   147   22K    45   30.72   30.66
c rst  luby  stb  vmt    96   23K    1603  9508  1045    3.96    3.76   161   147   22K    45   30.77   30.71
c rst  luby  stb  vmt    97   23K    1603  9508  1045    3.96    3.76   177   155   23K    49   31.04   30.98
c rst  luby  stb  vmt    98   23K    1603  9508  1045    3.96    3.76   179   161   23K    50   31.51   31.44
c rst  luby  stb  vmt    99   24K    1603  9508  1045    3.96    3.76   184   197   24K    50   32.77   32.71
c rst  luby  stb  vmt   100   26K    1603  9508  1045    3.96    3.76   212   233   25K    52   33.44   33.38
c [branch] adjusting to: vsid (from: vmtf) var_decay:0.95 descr: VSIDS
c [distill] watch-based irred--  cl tried      916 cl-sh     0 cl-rem    4 lit-rem      0 T: 0.00 T-out: N
c [distill] watch-based   red--  cl tried      424 cl-sh     8 cl-rem    0 lit-rem     14 T: 0.00 T-out: N
c rst  geom  stb   vs   101   26K    1603  9504  1049    3.96    3.76   211   233   26K    49   33.42   33.36
c rst  geom  stb   vs   102   26K    1603  9504  1049    3.96    3.76   212   233   26K    49   33.42   33.36
c rst  geom  stb   vs   103   26K    1603  9504  1049    3.96    3.76   212   233   26K    49   33.40   33.34
c rst  geom  stb   vs   104   26K    1603  9504  1049    3.96    3.76   212   233   26K    50   33.43   33.37
c rst  geom  stb   vs   105   26K    1603  9504  1049    3.96    3.76   212   233   26K    50   33.40   33.35
c rst  geom ibes   vs   106   27K    1603  9504  1049    3.96    3.76   212   233   26K    50   33.33   33.27
c rst  geom ibes   vs   107   27K    1603  9504  1049    3.96    3.76   212   233   26K    50   33.19   33.13
c rst  geom ibes   vs   108   27K    1603  9504  1049    3.96    3.76   212   233   27K    50   33.03   32.98
c rst  geom ibes   vs   109   27K    1603  9504  1049    3.96    3.76   212   234   27K    50   32.88   32.82
c rst  geom ibes   vs   110   28K    1603  9504  1049    3.96    3.76   212   234   27K    50   32.72   32.67
c rst  geom ibes   vs   111   28K    1603  9504  1049    3.96    3.76   212   235   27K    50   32.59   32.54
c rst  geom ibes   vs   112   28K    1603  9504  1049    3.96    3.76   212   235   28K    50   32.45   32.39
c rst  geom ibes   vs   113   28K    1603  9504  1049    3.96    3.76   212   235   28K    50   32.22   32.17
c rst  geom ibes   vs   114   29K    1603  9504  1049    3.96    3.76   212   235   28K    50   31.96   31.91
c rst  geom ibes   vs   115   29K    1603  9504  1049    3.96    3.76   212   235   29K    51   31.78   31.73
c rst  geom ibes   vs   116   30K    1603  9504  1049    3.96    3.76   316   693   26K    51   31.38   31.32
c rst  geom ibes   vs   117   30K    1603  9504  1049    3.96    3.76   316   693   26K    51   31.14   31.08
c rst  geom ibes   vs   118   31K    1603  9504  1049    3.96    3.76   316   693   27K    51   30.92   30.87
c rst  geom ibes   vs   119   31K    1603  9504  1049    3.96    3.76   316   693   28K    51   30.71   30.66
c rst  geom ibes   vs   120   32K    1603  9504  1049    3.96    3.76   316   693   28K    51   30.48   30.44
c [distill-bin] useful: 0/1049/1049 lits-rem: 0 cl-rem: 0 0-depth-assigns: 0 T: 0.01 T-out: N
c rst  geom  svd   vs   121   33K    1603  9504  1049    3.96    3.76   316   693   29K    51   30.22   30.17
c rst  geom  svd   vs   122   34K    1603  9504  1049    3.96    3.76   316   693   30K    51   29.96   29.92
c [branch] adjusting to: vmtf (from: vsid) var_decay:0.95 descr: VMTF
c rst  luby  svd  vmt   123   34K    1603  9504  1049    3.96    3.76   317   695   30K    51   30.02   29.97
c rst  luby  svd  vmt   124   34K    1603  9504  1049    3.96    3.76   319   700   30K    51   30.09   30.05
c rst  luby  svd  vmt   125   34K    1603  9504  1049    3.96    3.76   324   709   30K    51   30.22   30.17
c rst  luby  svd  vmt   126   34K    1603  9504  1049    3.96    3.76   324   711   30K    51   30.23   30.19
c rst  luby  svd  vmt   127   34K    1603  9504  1049    3.96    3.76   326   712   30K    51   30.27   30.22
c rst  luby  svd  vmt   128   34K    1603  9504  1049    3.96    3.76   328   727   31K    51   30.29   30.24
c rst  luby  svd  vmt   129   35K    1603  9504  1049    3.96    3.76   328   744   31K    53   30.22   30.17
c rst  luby  svd  vmt   130   35K    1603  9504  1049    3.96    3.76   328   748   31K    53   30.22   30.18
c rst  luby  svd  vmt   131   35K    1603  9504  1049    3.96    3.76   328   751   31K    53   30.23   30.18
c rst  luby  svd  vmt   132   35K    1603  9504  1049    3.96    3.76   329   761   31K    53   30.26   30.22
c rst  luby  svd  vmt   133   35K    1603  9504  1049    3.96    3.76   330   764   31K    53   30.35   30.31
c [distill-long-red0] cls tried: 185/185 T: 0.01 T-out: N T-r: 99.66%
c [distill-long-red1] cls tried: 32/684 T: 0.01 T-out: Y T-r: -3.96%
c rst  luby  svd  vmt   134   35K    1603  9504  1049    3.96    3.76   330   771   32K    54   30.32   30.27
c rst  luby  svd  vmt   135   36K    1603  9504  1049    3.96    3.76   332   786   32K    54   30.38   30.34
c rst  luby  svd  vmt   136   36K    1603  9504  1049    3.96    3.76   334   810   32K    55   30.45   30.40
c rst  luby  svd  vmt   137   37K    1603  9504  1049    3.96    3.76   338   954   33K    55   30.33   30.29
c rst  luby  svd  vmt   138   37K    1603  9504  1049    3.96    3.76   338   960   33K    55   30.35   30.30
c rst  luby  svd  vmt   139   37K    1603  9504  1049    3.96    3.76   338   961   33K    55   30.39   30.35
c rst  luby  svd  vmt   140   37K    1603  9504  1049    3.96    3.76   339   966   33K    55   30.60   30.55
c rst  luby  svd  vmt   141   37K    1603  9504  1049    3.96    3.76   339   970   33K    57   30.63   30.58
c rst  luby  svd  vmt   142   37K    1603  9504  1049    3.96    3.76   341   973   33K    57   30.70   30.65
c rst  luby  svd  vmt   143   38K    1603  9504  1049    3.96    3.76   347   980   34K    57   30.76   30.71
c rst  geom best  vmt   144   38K    1603  9504  1049    3.96    3.76   348   982   34K    57   30.76   30.72
c rst  geom best  vmt   145   38K    1603  9504  1049    3.96    3.76   349   987   34K    57   30.78   30.73
c rst  geom best  vmt   146   38K    1603  9504  1049    3.96    3.76   349   987   34K    57   30.78   30.74
c rst  geom best  vmt   147   38K    1603  9504  1049    3.96    3.76   351   994   34K    57   30.74   30.70
c rst  geom best  vmt   148   38K    1603  9504  1049    3.96    3.76   351  1018   34K    57   30.74   30.70
c rst  geom best  vmt   149   38K    1603  9504  1049    3.96    3.76   352  1019   34K    57   30.75   30.71
c rst  geom best  vmt   150   39K    1603  9504  1049    3.96    3.76   352  1029   35K    57   30.72   30.68
c rst  geom best  vmt   151   39K    1603  9504  1049    3.96    3.76   352  1030   35K    57   30.73   30.69
c rst  geom best  vmt   152   39K    1603  9504  1049    3.96    3.76   353  1057   35K    57   30.68   30.64
c rst  geom best  vmt   153   39K    1603  9504  1049    3.96    3.76   354  1068   35K    57   30.68   30.64
c rst  geom best  vmt   154   40K    1603  9504  1049    3.96    3.76   515   932   36K    57   30.64   30.60
c [full-probe]  bin_only: 0 set: 0 repl: 0 T: 0.00 T-out: N T-r: 97.94%
c [impl-str] lit bin: 0 set-var: 0 T: 0.00 T-out: N T-r: 99.96% w-visit: 3206
c [impl-sub] bin: 32 T: 0.00 T-out: N w-visit: 3206
c rst  geom best  vmt   155   40K    1603  9504  1049    3.96    3.76   517   962   36K    41   30.63   30.60
c rst  geom best  vmt   156   40K    1603  9504  1049    3.96    3.76   520   974   36K    41   30.60   30.57
c rst  geom best  vmt   157   41K    1603  9504  1049    3.96    3.76   521   978   37K    41   30.67   30.64
c rst  geom best  vmt   158   41K    1603  9504  1049    3.96    3.76   524  1003   37K    42   30.69   30.66
c rst  geom best  vmt   159   41K    1603  9504  1049    3.96    3.76   528  1084   37K    42   30.61   30.58
c rst  geom best  vmt   160   42K    1603  9504  1049    3.96    3.76   531  1092   38K    43   30.61   30.58
c [branch] adjusting to: vsid (from: vmtf) var_decay:0.95 descr: VSIDS
c rst  geom best   vs   161   42K    1603  9504  1049    3.96    3.76   531  1092   38K    43   30.61   30.57
c rst  geom best   vs   162   42K    1603  9504  1049    3.96    3.76   531  1093   38K    43   30.57   30.54
c rst  geom best   vs   163   42K    1603  9504  1049    3.96    3.76   531  1093   38K    43   30.55   30.52
c rst  geom best   vs   164   42K    1603  9504  1049    3.96    3.76   531  1093   38K    43   30.51   30.48
c rst  geom best   vs   165   43K    1603  9504  1049    3.96    3.76   531  1093   39K    43   30.48   30.45
c rst  geom best   vs   166   43K    1603  9504  1049    3.96    3.76   532  1095   39K    43   30.44   30.41
c rst  geom best   vs   167   43K    1603  9504  1049    3.96    3.76   532  1095   39K    43   30.40   30.37
c rst  geom  stb   vs   168   43K    1603  9504  1049    3.96    3.76   532  1095   39K    43   30.34   30.31
c rst  geom  stb   vs   169   43K    1603  9504  1049    3.96    3.76   532  1095   39K    43   30.29   30.26
c rst  geom  stb   vs   170   44K    1603  9504  1049    3.96    3.76   533  1096   40K    43   30.27   30.24
c [ccnr] tries: 0 steps: 262143 best found: 7
c [ccnr] tries: 0 steps: 524287 best found: 7
c [ccnr] tries: 0 steps: 786431 best found: 7
c [ccnr] saving best assignment phase to stable_polar
c [ccnr] bumping based on clause weights
c [ccnr] Bumped vars: 101 bump type: 6
c [ccnr] time: 0.35
c rst  geom  stb   vs   171   44K    1603  9504  1049    3.96    3.76   533  1096   40K    43   30.24   30.22
c rst  geom  stb   vs   172   44K    1603  9504  1049    3.96    3.76   533  1096   40K    43   30.19   30.16
c rst  geom  stb   vs   173   45K    1603  9504  1049    3.96    3.76   619  2288   31K    43   31.34   31.30
c rst  geom  stb   vs   174   45K    1603  9504  1049    3.96    3.76   619  2288   31K    43   31.31   31.28
c rst  geom  stb   vs   175   45K    1603  9504  1049    3.96    3.76   619  2288   32K    43   31.20   31.16
c rst  geom  stb   vs   176   46K    1603  9504  1049    3.96    3.76   620  2288   32K    43   31.10   31.07
c rst  geom  stb   vs   177   46K    1603  9504  1049    3.96    3.76   620  2288   33K    43   30.98   30.95
c rst  geom  stb   vs   178   47K    1603  9504  1049    3.96    3.76   620  2289   33K    43   30.88   30.84
c rst  geom  stb   vs   179   48K    1603  9504  1049    3.96    3.76   620  2289   34K    43   30.79   30.76
c rst  geom  stb   vs   180   48K    1603  9504  1049    3.96    3.76   620  2289   35K    43   30.70   30.67
c rst  geom  stb   vs   181   49K    1603  9504  1049    3.96    3.76   620  2289   35K    43   30.57   30.54
c rst  geom ibes   vs   182   50K    1603  9504  1049    3.96    3.76   672  2237   36K    43   30.34   30.31
c [gauss] XOR-encoding clauses are not detached, so no need to reattach them.
c [g 0] truth-find prop checks  : 677K
c [g 0] -> of which prop        : 37.96 %
c [g 0] -> of which confl       :  4.10 %
c [g 0] elim called             : 116K
c [g 0] ---> which lead to prop : 11.36 %
c [g 0] ---> which lead to confl:  0.94 %
c [g 0] size: 40    x 500  
c [scc] new: 8 BP 0M T: 0.00
c [vrep] vars 8 lits 27303 rem-bin-cls 40 rem-long-cls 3 BP 0M T: 0.02
c [scc] new: 0 BP 0M T: 0.00
c [vrep] vars 0 lits 0 rem-bin-cls 0 rem-long-cls 0 BP 0M T: 0.00
c [intree] Set 0 vars hyper-added: 462 trans-irred: 0 trans-red: 6 T: 0.01 T-out: N T-r: -0.88%
c [find&init matx] performing matrix init
c [gauss] XOR-encoding clauses are not detached, so no need to reattach them.
c [xor-rem-unconnected] left with 40 xors from 40 non-empty xors T: 0.00
c [xor-together] xored together: 0 orig xors: 40 new xors: 40 T: 0.00
c [xor-rem-unconnected] left with 40 xors from 40 non-empty xors T: 0.00
c [xor-clean-equiv] removed equivalent xors: 0 left with: 40
c [matrix] unused xors from cleaning: 0
c [matrix] Good   matrix 0 40      x494    density:0.1159  xorlen avg: 57.25
c [matrix] Using 1 matrices recovered from 0 xors T: 0.00 T-out: N
c rst  geom ibes vs   183   51  K 1595     9503  1036 3.96    3.76      670  2237   37K   488 29.98   29.64  
c [distill-long-red0] cls tried: 337/337 T: 0.04 T-out: N T-r: 98.30%
c [distill-long-red1] cls tried: 23/2131 T: 0.01 T-out: Y T-r: -11.68%
c rst  geom ibes vs   184   52  K 1595     9503  1036 3.96    3.76      667  2237   38K   491 29.55   29.23  
c [distill] watch-based irred--  cl tried 910      cl-sh 0     cl-rem 0    lit-rem 0      T: 0.00 T-out: N
c [distill] watch-based red  --  cl tried 1331     cl-sh 55    cl-rem 3    lit-rem 85     T: 0.00 T-out: N
c rst  geom ibes vs   185   53  K 1595     9503  1036 3.96    3.76      664  2237   39K   491 29.19   28.88  
c [branch] adjusting to: vmtf (from: vsid) var_decay:0.95 descr: VMTF
c [distill-bin] useful: 2/1036/1036 lits-rem: 0 cl-rem: 2 0-depth-assigns: 0 T: 0.01 T-out: N
c rst  luby ibes vmt  186   53  K 1595     9503  1034 3.96    3.76      665  2252   39K   491 29.18   28.86  
c rst  luby ibes vmt  187   53  K 1595     9503  1034 3.96    3.76      665  2257   39K   491 29.21   28.90  
c rst  luby ibes vmt  188   53  K 1595     9503  1034 3.96    3.76      665  2272   39K   491 29.23   28.92  
c rst  luby ibes vmt  189   53  K 1595     9503  1034 3.96    3.76      665  2276   39K   491 29.22   28.92  
c rst  luby ibes vmt  190   53  K 1595     9503  1034 3.96    3.76      666  2279   40K   491 29.21   28.90  
c rst  luby ibes vmt  191   53  K 1595     9503  1034 3.96    3.76      673  2297   40K   491 29.20   28.89  
c rst  luby ibes vmt  192   54  K 1595     9503  1034 3.96    3.76      675  2333   40K   491 29.17   28.87  
c rst  luby ibes vmt  193   54  K 1595     9503  1034 3.96    3.76      677  2339   40K   491 29.15   28.85  
c rst  luby ibes vmt  194   54  K 1595     9503  1034 3.96    3.76      678  2359   40K   491 29.15   28.85  
c rst  luby ibes vmt  195   54  K 1595     9503  1034 3.96    3.76      678  2377   40K   491 29.14   28.84  
c rst  luby ibes vmt  196   54  K 1595     9503  1034 3.96    3.76      678  2386   41K   491 29.13   28.83  
c rst  luby ibes vmt  197   54  K 1595     9503  1034 3.96    3.76      680  2389   41K   491 29.12   28.82  
c rst  luby ibes vmt  198   55  K 1595     9503  1034 3.96    3.76      680  2420   41K   491 29.08   28.79  
c rst  luby svd  vmt  199   55  K 1595     9503  1034 3.96    3.76      682  2495   41K   491 29.14   28.85  
c rst  luby svd  vmt  200   56  K 1595     9503  1034 3.96    3.76      684  2515   42K   491 29.19   28.90  
c recursive minimization cost OK: 181Kcost/(% lits removed)
c [gauss] XOR-encoding clauses are not detached, so no need to reattach them.
c [g 0] truth-find prop checks  : 94K
c [g 0] -> of which prop        : 35.83 %
c [g 0] -> of which confl       :  3.86 %
c [g 0] elim called             : 16667
c [g 0] ---> which lead to prop :  1.64 %
c [g 0] ---> which lead to confl:  0.14 %
c [g 0] size: 40    x 494  
c --> Executing strategy token: scc-vrepl
c [scc] new: 0 BP 0M T: 0.00
c --> Executing strategy token: sub-impl
c [impl-sub] bin: 3 T: 0.00 T-out: N w-visit: 3206
c --> Executing strategy token: breakid
c --> Executing OCC strategy token(s): 'occ-backw-sub-str,occ-clean-implicit,occ-bve,occ-bva,occ-ternary-res,occ-xor,'
c [occ] mem usage for occur 0      MB
c [occ] Linked in IRRED BIN by default: 1034
c [occ] Linked in RED   BIN by default: 488
c [occ] mem usage for occur 0      MB
c Mem for watch alloc      : 3           MB (21.03     %)
c Mem for watch array      : 0           MB (0.54      %)
c --> Executing OCC strategy token: occ-backw-sub-str
c [occ-backw-sub-str-long-w-bins] subs: 0 str: 3 tried: 1522 0-depth ass: 0 T: 0.00 T-out: N T-r: 99.57%
c [occ-backw-sub-long-w-long] rem cl: 81 tried: 54969/54969 (100.0%) T: 0.01 T-out: N T-r: 97.23%
c [occ-backw-sub-str-long-w-long] sub: 0 str: 6 tried: 164907/54969 (300.0)  T: 0.03 T-out: N T-r: 90.95%
c --> Executing OCC strategy token: occ-clean-implicit
c --> Executing OCC strategy token: occ-bve
c [occ-empty-res] Empty resolvent elimed: 0 T: 0.00 T-out: N
c [occ-bve] iter v-elim 10
c cl_inc_rate=1.0, var_dec_rate=1.0 (grow=0)
c Reduced to 1585 vars, 10533 cls (grow=0)
c [occ-bve] iter v-elim 179
c cl_inc_rate=1.1, var_dec_rate=1.1 (grow=8)
c Reduced to 1406 vars, 11275 cls (grow=8)
c x n vars       : 1406
c #try to eliminate:  3366
c #var-elim        :   189
c #T-o: N
c #T-r: 99.99%
c #T  : 0.03
c [occur] 0.02 is overhead
c [occur] link-in T: 0.02 cleanup T: 0.00
c --> Executing OCC strategy token: occ-bva
c --> Executing OCC strategy token: occ-ternary-res
c [occ-ternary-res] Ternary res-tri: 24 res-bin: 0 sub: 1 str: 0 T: 0.00 T-out: N T-r: 99.56%
c --> Executing OCC strategy token: occ-xor
c [occ-xor] sort occur list T: 0.00
c [xor-clean-equiv] removed equivalent xors: 0 left with: 1032
c [occ-xor] found   1032 avg sz 4.0 min sz  4 max sz  5 T: 0.00 T-out: N T-r: 99.98%
c --> Executing strategy token: card-find
c --> Executing strategy token: cl-consolidate
c [mem] consolidate  old-sz: 7209K new-sz: 3179K new bits offs: 19 T: 0.00
c --> Executing strategy token: scc-vrepl
c [scc] new: 0 BP 0M T: 0.00
c --> Executing strategy token: renumber
c --> Executing strategy token: bosphorus
c --> Executing strategy token: louvain-comms
c [consolidate] mini T: 0.00
c global_timeout_multiplier: 3.3000
c [branch] rebuilding order heap for all branchings. Current branching: vmtf
c [find&init matx] performing matrix init
c [gauss] XOR-encoding clauses are not detached, so no need to reattach them.
c [xor-rem-unconnected] left with 1032 xors from 1032 non-empty xors T: 0.00
c [xor-together] xored together: 991 orig xors: 1032 new xors: 41 T: 0.00
c [xor-rem-unconnected] left with 41 xors from 41 non-empty xors T: 0.00
c [xor-clean-equiv] removed equivalent xors: 0 left with: 41
c [matrix] unused xors from cleaning: 0
c [matrix] Good   matrix  0     41 x  320  density:0.1643  xorlen avg: 52.59
c [matrix] Using 1 matrices recovered from 0 xors T: 0.00 T-out: N
c rst  luby  svd  vmt   201   56K    1406 10701   574    4.12    4.01   151   473   22K    86   21.95   21.88
c rst  luby  svd  vmt   202   56K    1406 10701   574    4.12    4.01   151   473   23K    86   21.92   21.85
c rst  luby  svd  vmt   203   56K    1406 10701   574    4.12    4.01   152   476   23K    86   21.88   21.81
c rst  luby  svd  vmt   204   56K    1406 10701   574    4.12    4.01   152   478   23K    86   21.81   21.74
c rst  luby  svd  vmt   205   56K    1406 10701   574    4.12    4.01   152   480   23K    86   21.79   21.72
c rst  luby  svd  vmt   206   56K    1406 10701   574    4.12    4.01   152   482   23K    86   21.77   21.70
c [g  <0] Disabling GJ-elim in this round.  Usefulness was: 19.0257%  over 49512 calls
c rst  luby  svd  vmt   207   57K    1406 10701   574    4.12    4.01   154   486   23K    86   21.70   21.63
c rst  luby  svd  vmt   208   57K    1406 10701   574    4.12    4.01   157   505   24K    86   21.58   21.51
c rst  luby  svd  vmt   209   57K    1406 10701   574    4.12    4.01   158   512   24K    86   21.68   21.61
c rst  luby  svd  vmt   210   57K    1406 10701   574    4.12    4.01   159   528   24K    86   21.69   21.63
c rst  luby  svd  vmt   211   57K    1406 10701   574    4.12    4.01   160   531   24K    86   21.72   21.65
c rst  luby  svd  vmt   212   58K    1406 10701   574    4.12    4.01   160   533   24K    86   21.70   21.63
c rst  luby  svd  vmt   213   58K    1406 10701   574    4.12    4.01   161   540   24K    86   21.69   21.62
c rst  luby  svd  vmt   214   58K    1406 10701   574    4.12    4.01   162   545   24K    86   21.64   21.57
c rst  luby  svd  vmt   215   58K    1406 10701   574    4.12    4.01   163   556   25K    86   21.60   21.54
c rst  luby  svd  vmt   216   59K    1406 10701   574    4.12    4.01   166   602   26K    86   21.49   21.43
c rst  luby  svd  vmt   217   61K    1406 10701   574    4.12    4.01   304   971   22K    86   20.13   20.07
c [full-probe]  bin_only: 1 set: 0 repl: 0 T: 0.00 T-out: N T-r: 99.82%
c rst  geom best  vmt   218   61K    1406 10701   574    4.12    4.01   304   977   22K    86   20.10   20.03
c rst  geom best  vmt   219   61K    1406 10701   574    4.12    4.01   304   981   22K    86   20.10   20.03
c rst  geom best  vmt   220   61K    1406 10701   574    4.12    4.01   305   984   22K    86   20.07   20.01
c rst  geom best  vmt   221   61K    1406 10701   574    4.12    4.01   305   984   23K    86   20.03   19.97
c rst  geom best  vmt   222   61K    1406 10701   574    4.12    4.01   306   988   23K    86   19.99   19.93
c rst  geom best  vmt   223   61K    1406 10701   574    4.12    4.01   307   998   23K    86   19.99   19.93
c rst  geom best  vmt   224   62K    1406 10701   574    4.12    4.01   307  1008   23K    86   19.99   19.93
c rst  geom best  vmt   225   62K    1406 10701   574    4.12    4.01   308  1017   23K    86   19.99   19.93
c rst  geom best  vmt   226   62K    1406 10701   574    4.12    4.01   309  1028   23K    86   19.94   19.88
c rst  geom best  vmt   227   62K    1406 10701   574    4.12    4.01   310  1041   24K    86   19.87   19.81
c rst  geom best  vmt   228   63K    1406 10701   574    4.12    4.01   312  1061   24K    86   19.82   19.76
c [branch] adjusting to: vsid (from: vmtf) var_decay:0.95 descr: VSIDS
c rst  geom best   vs   229   63K    1406 10701   574    4.12    4.01   316  1076   24K    86   19.86   19.80
c rst  geom best   vs   230   63K    1406 10701   574    4.12    4.01   319  1101   24K    86   19.85   19.80
c rst  geom best   vs   231   63K    1406 10701   574    4.12    4.01   320  1115   24K    86   19.94   19.88
c rst  geom best   vs   232   63K    1406 10701   574    4.12    4.01   325  1127   24K    86   19.96   19.90
c rst  geom best   vs   233   63K    1406 10701   574    4.12    4.01   325  1135   25K    86   19.98   19.93
c rst  geom best   vs   234   64K    1406 10701   574    4.12    4.01   338  1147   25K    86   19.98   19.92
c rst  geom best   vs   235   64K    1406 10701   574    4.12    4.01   341  1169   25K    86   19.99   19.93
c rst  geom best   vs   236   64K    1406 10701   574    4.12    4.01   343  1180   25K    86   20.01   19.96
c rst  geom best   vs   237   64K    1406 10701   574    4.12    4.01   346  1188   25K    86   20.03   19.97
c rst  geom best   vs   238   64K    1406 10701   574    4.12    4.01   354  1199   26K    86   20.02   19.97
c rst  geom best   vs   239   65K    1406 10701   574    4.12    4.01   358  1208   26K    86   20.16   20.10
c rst  geom best   vs   240   65K    1406 10701   574    4.12    4.01   364  1239   26K    86   20.14   20.08
c rst  geom best   vs   241   65K    1406 10701   574    4.12    4.01   364  1249   26K    86   20.14   20.09
c rst  geom best   vs   242   66K    1406 10701   574    4.12    4.01   370  1256   27K    86   20.13   20.07
c [distill-long-red0] cls tried: 233/233 T: 0.01 T-out: N T-r: 99.43%
c [distill-long-red1] cls tried: 50/1208 T: 0.01 T-out: Y T-r: -2.13%
c rst  geom best   vs   243   66K    1406 10701   574    4.12    4.01   372  1263   27K    86   20.10   20.05
c rst  geom best   vs   244   67K    1406 10701   574    4.12    4.01   379  1272   28K    86   20.06   20.01
c rst  geom  stb   vs   245   67K    1406 10701   574    4.12    4.01   380  1297   28K    86   20.37   20.32
c rst  geom  stb   vs   246   68K    1406 10701   574    4.12    4.01   392  1342   29K    86   20.46   20.41
c rst  geom  stb   vs   247   68K    1406 10701   574    4.12    4.01   400  1383   29K    86   20.56   20.51
c rst  geom  stb   vs   248   69K    1406 10701   574    4.12    4.01   405  1394   30K    86   20.60   20.55
c rst  geom  stb   vs   249   70K    1406 10701   574    4.12    4.01   725  1100   30K    86   20.67   20.63
c rst  geom  stb   vs   250   70K    1406 10701   574    4.12    4.01   729  1136   31K    86   20.72   20.67
c rst  geom  stb   vs   251   71K    1406 10701   574    4.12    4.01   734  1149   32K    86   20.82   20.78
c rst  geom  stb   vs   252   72K    1406 10701   574    4.12    4.01   734  1171   33K    86   20.91   20.87
c rst  geom  stb   vs   253   73K    1406 10701   574    4.12    4.01   742  1199   34K    86   20.98   20.94
c [distill-bin] useful: 0/574/574 lits-rem: 0 cl-rem: 0 0-depth-assigns: 0 T: 0.00 T-out: N
c rst  geom ibes   vs   254   74K    1406 10701   574    4.12    4.01   746  1237   35K    86   21.07   21.02
c [branch] adjusting to: vmtf (from: vsid) var_decay:0.95 descr: VMTF
c rst  luby ibes  vmt   255   75K    1406 10701   574    4.12    4.01   839  2254   29K    86   20.30   20.25
c rst  luby ibes  vmt   256   75K    1406 10701   574    4.12    4.01   839  2256   29K    86   20.29   20.24
c rst  luby ibes  vmt   257   75K    1406 10701   574    4.12    4.01   839  2259   29K    86   20.29   20.24
c rst  luby ibes  vmt   258   75K    1406 10701   574    4.12    4.01   839  2264   29K    86   20.27   20.22
c rst  luby ibes  vmt   259   75K    1406 10701   574    4.12    4.01   840  2268   29K    86   20.36   20.31
c rst  luby ibes  vmt   260   75K    1406 10701   574    4.12    4.01   841  2359   29K    86   20.32   20.27
c rst  luby ibes  vmt   261   76K    1406 10701   574    4.12    4.01   841  2383   30K    86   20.29   20.24
c rst  luby ibes  vmt   262   76K    1406 10701   574    4.12    4.01   843  2386   30K    86   20.27   20.23
c rst  luby ibes  vmt   263   76K    1406 10701   574    4.12    4.01   843  2388   30K    86   20.26   20.21
c rst  luby ibes  vmt   264   76K    1406 10701   574    4.12    4.01   843  2397   30K    86   20.22   20.17
c rst  luby ibes  vmt   265   76K    1406 10701   574    4.12    4.01   843  2403   30K    86   20.21   20.16
c rst  luby ibes  vmt   266   76K    1406 10701   574    4.12    4.01   843  2407   30K    86   20.21   20.16
c rst  luby ibes  vmt   267   76K    1406 10701   574    4.12    4.01   843  2415   30K    86   20.18   20.13
c rst  luby ibes  vmt   268   77K    1406 10701   574    4.12    4.01   844  2457   31K    86   20.13   20.09
c [distill] watch-based irred--  cl tried     4625 cl-sh   105 cl-rem  105 lit-rem    110 T: 0.00 T-out: N
c [distill] watch-based   red--  cl tried     1688 cl-sh   185 cl-rem    0 lit-rem    335 T: 0.00 T-out: N
c rst  luby ibes  vmt   269   78K    1406 10596   580    4.11    4.00   847  2555   32K    80   19.97   19.93
c rst  luby ibes  vmt   270   78K    1406 10596   580    4.11    4.00   847  2560   32K    80   19.95   19.91
c rst  luby ibes  vmt   271   78K    1406 10596   580    4.11    4.00   847  2562   32K    80   19.94   19.90
c rst  luby ibes  vmt   272   78K    1406 10596   580    4.11    4.00   848  2570   32K    80   19.92   19.88
c rst  luby ibes  vmt   273   78K    1406 10596   580    4.11    4.00   848  2573   32K    80   19.93   19.89
c rst  luby ibes  vmt   274   78K    1406 10596   580    4.11    4.00   848  2578   32K    80   19.91   19.87
c rst  luby ibes  vmt   275   78K    1406 10596   580    4.11    4.00   849  2590   32K    80   19.91   19.87
c rst  luby ibes  vmt   276   79K    1406 10596   580    4.11    4.00   850  2609   33K    80   19.89   19.85
c rst  luby ibes  vmt   277   79K    1406 10596   580    4.11    4.00   850  2610   33K    80   19.86   19.82
c rst  luby ibes  vmt   278   79K    1406 10596   580    4.11    4.00   850  2614   33K    80   19.85   19.81
c rst  luby  svd  vmt   279   79K    1406 10596   580    4.11    4.00   851  2619   33K    80   19.81   19.77
c rst  luby  svd  vmt   280   79K    1406 10596   580    4.11    4.00   851  2622   33K    80   19.79   19.76
c rst  luby  svd  vmt   281   79K    1406 10596   580    4.11    4.00   851  2626   33K    80   19.79   19.75
c rst  luby  svd  vmt   282   80K    1406 10596   580    4.11    4.00  1319  2148   33K    80   19.77   19.73
c rst  luby  svd  vmt   283   80K    1406 10596   580    4.11    4.00  1320  2171   34K    80   19.72   19.69
c rst  luby  svd  vmt   284   81K    1406 10596   580    4.11    4.00  1322  2195   35K    80   19.76   19.72
c [distill-long-red0] cls tried: 958/958 T: 0.06 T-out: N T-r: 97.23%
c [distill-long-red1] cls tried: 36/2125 T: 0.01 T-out: Y T-r: -5.75%
c [full-probe]  bin_only: 0 set: 0 repl: 0 T: 0.01 T-out: N T-r: 97.24%
c rst  luby  svd  vmt   285   82K    1406 10596   580    4.11    4.00  1325  2253   36K    80   19.58   19.54
c rst  luby  svd  vmt   286   83K    1406 10596   580    4.11    4.00  1325  2253   36K    80   19.57   19.53
c rst  luby  svd  vmt   287   83K    1406 10596   580    4.11    4.00  1325  2258   36K    80   19.55   19.52
c rst  luby  svd  vmt   288   83K    1406 10596   580    4.11    4.00  1326  2267   37K    80   19.56   19.52
c rst  luby  svd  vmt   289   83K    1406 10596   580    4.11    4.00  1326  2268   37K    80   19.54   19.51
c rst  luby  svd  vmt   290   83K    1406 10596   580    4.11    4.00  1326  2277   37K    80   19.52   19.49
c rst  luby  svd  vmt   291   83K    1406 10596   580    4.11    4.00  1327  2296   37K    80   19.51   19.48
c rst  luby  svd  vmt   292   84K    1406 10596   580    4.11    4.00  1327  2331   37K    80   19.50   19.46
c rst  luby  svd  vmt   293   84K    1406 10596   580    4.11    4.00  1327  2336   37K    80   19.49   19.46
c rst  luby  svd  vmt   294   84K    1406 10596   580    4.11    4.00  1327  2338   38K    80   19.49   19.45
c rst  luby  svd  vmt   295   84K    1406 10596   580    4.11    4.00  1327  2339   38K    80   19.46   19.42
c rst  luby  svd  vmt   296   84K    1406 10596   580    4.11    4.00  1327  2341   38K    80   19.44   19.41
c rst  luby  svd  vmt   297   84K    1406 10596   580    4.11    4.00  1327  2346   38K    80   19.44   19.40
c rst  luby  svd  vmt   298   85K    1406 10596   580    4.11    4.00  1327  2353   38K    80   19.43   19.40
c rst  luby  svd  vmt   299   85K    1406 10596   580    4.11    4.00  1328  2374   39K    80   19.41   19.37
c rst  luby  svd  vmt   300   86K    1406 10596   580    4.11    4.00  1331  2437   39K    80   19.34   19.31
c rst  geom best  vmt   301   86K    1406 10596   580    4.11    4.00  1331  2442   39K    80   19.35   19.32
c rst  geom best  vmt   302   86K    1406 10596   580    4.11    4.00  1331  2447   39K    80   19.34   19.31
c rst  geom best  vmt   303   86K    1406 10596   580    4.11    4.00  1331  2453   40K    80   19.33   19.30
c rst  geom best  vmt   304   86K    1406 10596   580    4.11    4.00  1331  2455   40K    80   19.32   19.28
c rst  geom best  vmt   305   86K    1406 10596   580    4.11    4.00  1331  2464   40K    80   19.31   19.27
c rst  geom best  vmt   306   87K    1406 10596   580    4.11    4.00  1331  2467   40K    80   19.29   19.26
c rst  geom best  vmt   307   87K    1406 10596   580    4.11    4.00  1331  2481   40K    80   19.27   19.24
c rst  geom best  vmt   308   87K    1406 10596   580    4.11    4.00  1331  2493   40K    80   19.25   19.22
c rst  geom best  vmt   309   87K    1406 10596   580    4.11    4.00  1333  2518   41K    80   19.22   19.19
c [branch] adjusting to: vsid (from: vmtf) var_decay:0.95 descr: VSIDS
c rst  geom best   vs   310   87K    1406 10596   580    4.11    4.00  1337  2545   41K    80   19.22   19.19
c rst  geom best   vs   311   87K    1406 10596   580    4.11    4.00  1337  2549   41K    80   19.20   19.17
c rst  geom best   vs   312   88K    1406 10596   580    4.11    4.00  1337  2558   41K    80   19.19   19.16
c rst  geom best   vs   313   88K    1406 10596   580    4.11    4.00  1337  2561   41K    80   19.16   19.13
c [ccnr] tries: 0 steps: 262143 best found: 7
c [ccnr] tries: 0 steps: 524287 best found: 7
c [ccnr] tries: 0 steps: 786431 best found: 7
c [ccnr] saving best assignment phase to stable_polar
c [ccnr] bumping based on var unsat frequency: conflict_ct
c [ccnr] Bumped vars: 1603 bump type: 6
c [ccnr] time: 0.33
c rst  geom best   vs   314   88K    1406 10596   580    4.11    4.00  1337  2571   41K    80   19.13   19.10
c rst  geom best   vs   315   88K    1406 10596   580    4.11    4.00  1338  2577   41K    80   19.13   19.10
c rst  geom best   vs   316   88K    1406 10596   580    4.11    4.00  1338  2596   42K    80   19.11   19.08
c rst  geom best   vs   317   88K    1406 10596   580    4.11    4.00  1338  2635   42K    80   19.08   19.05
c rst  geom best   vs   318   89K    1406 10596   580    4.11    4.00  1338  2676   42K    80   19.06   19.03
c rst  geom best   vs   319   89K    1406 10596   580    4.11    4.00  1338  2699   42K    80   19.03   19.00
c rst  geom best   vs   320   89K    1406 10596   580    4.11    4.00  1338  2711   43K    80   19.00   18.97
c rst  geom best   vs   321   90K    1406 10596   580    4.11    4.00  1994  4688   31K    80   18.45   18.41
c rst  geom best   vs   322   90K    1406 10596   580    4.11    4.00  1995  4730   31K    80   18.40   18.36
c rst  geom best   vs   323   90K    1406 10596   580    4.11    4.00  1995  4765   31K    80   18.36   18.32
c rst  geom best   vs   324   91K    1406 10596   580    4.11    4.00  1995  4820   32K    80   18.29   18.26
c rst  geom best   vs   325   91K    1406 10596   580    4.11    4.00  1995  4906   32K    80   18.22   18.18
c rst  geom best   vs   326   92K    1406 10596   580    4.11    4.00  1996  5058   32K    80   18.14   18.11
c rst  geom  stb   vs   327   92K    1406 10596   580    4.11    4.00  1996  5141   33K    80   18.05   18.01
c rst  geom  stb   vs   328   93K    1406 10596   580    4.11    4.00  1996  5242   33K    80   17.97   17.94
c rst  geom  stb   vs   329   93K    1406 10596   580    4.11    4.00  2008  5493   34K    81   17.86   17.83
c [distill-bin] useful: 0/580/580 lits-rem: 0 cl-rem: 0 0-depth-assigns: 0 T: 0.00 T-out: N
c rst  geom  stb   vs   330   94K    1406 10596   580    4.11    4.00  2017  5661   34K    82   17.76   17.73
c rst  geom  stb   vs   331   95K    1406 10596   580    4.11    4.00  2020  5856   35K    82   17.62   17.59
c rst  geom  stb   vs   332   96K    1406 10596   580    4.11    4.00  2023  6187   35K    82   17.45   17.42
c rst  geom  stb   vs   333   97K    1406 10596   580    4.11    4.00  2039  6640   36K    83   17.29   17.26
c [distill-long-red0] cls tried: 712/712 T: 0.06 T-out: N T-r: 96.58%
c [distill-long-red1] cls tried: 40/6542 T: 0.01 T-out: Y T-r: -5.72%
c rst  geom  stb   vs   334   98K    1405 10596   580    4.11    4.00  2005  7151   36K   164   17.13   17.08
c rst  geom ibes   vs   335   99K     303  5385  1381    3.73    3.38   523   136    37    56    8.52    8.03
c ------- FINAL TOTAL SEARCH STATS ---------
c UIP search time          : 7.87        (98.70     % time)
c All times are for this thread only except if explicitly specified
c restarts                 : 335         (296.24    confls per restart)
c blocked restarts         : 0           (0.00      per normal restart)
c time                     : 7.87        
c decisions                : 108160      (0.00      % random)
c propagations             : 30M         (3812K     props/s)
c decisions/conflicts      : 1.09        
c conflicts                : 99240       
c LEARNT stats
c units learnt             : 10          (0.01      % of conflicts)
c bins learnt              : 91          (0.09      % of conflicts)
c long learnt              : 100099      (100.87    % of conflicts)
c red which0               : 562         (0.57      % of confl)
c SEAMLESS HYPERBIN&TRANS-RED stats
c advProp called           : 0           
c hyper-bin add bin        : 0           (0.00      bin/call)
c trans-red rem irred bin  : 0           (0.00      bin/call)
c trans-red rem red bin    : 0           (0.00      bin/call)
c CONFL LITS stats
c orig                     : 11983509    (120.75    lit/confl)
c recurs-min effective     : 93314       (94.03     % attempt successful)
c recurs-min lits          : 9596341     (80.08     % less overall)
c permDiff call%           : 6.08        (0.00      % attempt successful)
c permDiff lits-rem        : 0           (0.00      less lits/cl on attempts)
c further-min call%        : 0.14        (29.37     % attempt successful)
c bintri-min lits          : 101         (0.00      % less overall)
c final avg                : 24.05       
c all-threads sum CPU time : 7.87         s
c PROP stats
c Mbogo-props              : 89.60       (11.38     / sec)
c MHyper-props             : 0.02        (0.00      / sec)
c Mprops                   : 30.01       (3.81      / sec)
c -------- OccSimplifier STATS ----------
c time                     : 0.06        (0.00      % var-elim)
c called                   : 1           (0.06      s per call)
c 0-depth assigns          : 0           (0.00      % vars)
c -------- OccSimplifier STATS END ----------
c -------- SubsumeStrengthen STATS ----------
c cl-subs                  : 81           Clauses
c cl-str rem lit           : 9            Lits
c cl-sub T                 : 0.01         s
c cl-str T                 : 0.03         s
c -------- SubsumeStrengthen STATS END ----------
c ----- SCC STATS --------
c time                     : 0.00        (0.00      per call)
c called                   : 4           (2.00      new found per call)
c found                    : 8           (50.00     % of all found)
c bogoprops                : 105356      % of all found
c ----- SCC STATS END --------
c --------- VAR REPLACE STATS ----------
c time                     : 0.02        (0.01      per call)
c trees' crown             : 8           (0.50      % of vars)
c 0-depth assigns          : 0           (0.00      % vars)
c lits replaced            : 27303       
c bin cls removed          : 40          
c long cls removed         : 3           
c long lits removed        : 2220        
c bogoprops                : 537896      
c --------- VAR REPLACE STATS END ----------
c vrep replace time        : 0.02        (0.20      % time)
c vrep tree roots          : 4           
c vrep trees' crown        : 8           (2.00      leafs/tree)
c -------- DISTILL-BIN STATS --------
c time                     : 0.03        (0.01      per call)
c timed out                : 0           (0.00      % of calls)
c distill/checked/potential: 0          /4288/4288
c lits-rem                 : 0           
c 0-depth-assigns          : 0           (0.00      % of vars)
c -------- DISTILL STATS END --------
c -------- STRENGTHEN STATS --------
c --> watch-based on irred cls
c time                     : 0.00        (0.00      s/call)
c shrinked/tried/total     : 105        /6451/59315
c subsumed/tried/total     : 109        /6451/59315
c lits-rem                 : 110         (0.41      % of lits tried)
c called                   : 6           (0.00      % ran out of time)
c --> watch-based on red cls
c time                     : 0.00        (0.00      s/call)
c shrinked/tried/total     : 248        /3443/3443
c subsumed/tried/total     : 3          /3443/3443
c lits-rem                 : 434         (1.78      % of lits tried)
c called                   : 6           (0.00      % ran out of time)
c -------- STRENGTHEN STATS END --------
c -------- IMPLICIT SUB  STATS --------
c time                     : 0.00        (0.00      per call)
c timed out                : 0           (0.00      % of calls)
c rem bins                 : 35          
c -------- IMPLICIT SUB STATS END --------
c Mem used                 : 24          MB
c Mem for longclauses      : 6           MB (26.69     %)
c Mem for watch alloc      : 5           MB (22.18     %)
c Mem for watch array      : 0           MB (0.30      %)
c Mem for assings&vardata  : 0           MB (0.20      %)
c Mem for search&solve     : 0           MB (0.53      %)
c Mem for renumberer       : 0           MB (0.07      %)
c Mem for occsimplifier    : 0           MB (1.49      %)
c Mem for varReplacer&SCC  : 0           MB (0.14      %)
c Mem for impl subsume     : 0           MB (0.00      %)
c Mem for 3 distills       : 0           MB (0.00      %)
c Accounted for mem (rss)  : 51.61       %
c Accounted for mem (vm)   : 38.20       %
c restarts                 : 335         (296.24    confls per restart)
c blocked restarts         : 0           (0.00      per normal restart)
c time                     : 7.87        
c decisions                : 108160      (0.00      % random)
c propagations             : 30M         (3812K     props/s)
c decisions/conflicts      : 1.09        
c conflicts                : 99240       
c conf lits non-minim      : 11983509    (120.75    lit/confl)
c conf lits final          : 24.05       
c red which0               : 562         (0.57      % of confl)
c props/decision           : 0.00        
c props/conflict           : 0.00        
c 0-depth assigns          : 1103        (68.81     % vars)
c 0-depth assigns by CNF   : 0           (0.00      % vars)
c reduceDB time            : 0.01        (0.10      % time)
c OccSimplifier time       : 0.06        (0.76      % time)
c [occur] 0.02 is overhead
c [occur] link-in T: 0.02 cleanup T: 0.00
c [occ-substr] long subBySub: 81 subByStr: 0 lits-rem-str: 9 T: 0.03
c SCC time                 : 0.00        (0.00      % time)
c [scc] new: 8 BP 0M  T: 0.00
c vrep replace time        : 0.02        (0.20      % time)
c vrep tree roots          : 4           
c vrep trees' crown        : 8           (2.00      leafs/tree)
c distill long time        : 0.24        (2.96      % time)
c distill bin time         : 0.03        (0.35      % time)
c strength cache-irred time: 0.00        (0.00      % time)
c strength cache-red time  : 0.00        (0.05      % time)
c avg cls in red 0         : 601.06      
c avg cls in red 1         : 1520.62     
c avg cls in red 2         : 27630.48    
c Conflicts in UIP         : 99240       (12444.41  confl/time_this_thread)
c Max Memory (rss) used    : 25140 kB    
c Total time (this thread) : 7.97        
s UNSATISFIABLE
c [g 0] truth-find prop checks  : 36K
c [g 0] -> of which prop        : 19.06 %
c [g 0] -> of which confl       :  1.42 %
c [g 0] elim called             : 7225
c [g 0] ---> which lead to prop : 26.75 %
c [g 0] ---> which lead to confl:  0.91 %
c [g 0] size: 41    x 320  
