c BreakID not compiled in, disabling
c CryptoMiniSat version 5.11.15
c CMS Copyright (C) 2009-2020 Authors of CryptoMiniSat, see AUTHORS file
c CMS SHA revision 
c Using VMTF code by Armin Biere from CaDiCaL
c Using Yalsat by Armin Biere, see Balint et al. Improving implementation of SLS solvers [...], SAT'14
c Using WalkSAT by Henry Kautz, see Kautz and Selman Pushing the envelope: planning, propositional logic, and stochastic search, AAAI'96,
c CMS is MIT licensed
c Using code from 'When Boolean Satisfiability Meets Gauss-E. in a Simplex Way'
c       by C.-S. Han and J.-H. Roland Jiang in CAV 2012. Fixes by M. Soos
c Using CCAnr from 'CCAnr: A Conf. Checking Based Local Search Solver [...]'
c       by Shaowei Cai, Chuan Luo, and Kaile Su, SAT 2015
c CMS compilation env CMAKE_CXX_COMPILER = /usr/bin/c++ | COMPILE_DEFINES =  -DRDB0_ONLY_FEATURES -DBOOST_TEST_DYN_LINK -DUSE_ZLIB -DYALSAT_FPU | STATICCOMPILE = OFF | ONLY_SIMPLE = OFF | Boost_FOUND = TRUE | STATS = OFF | SQLITE3_FOUND =  | ZLIB_FOUND = TRUE | VALGRIND_FOUND =  | ENABLE_TESTING = OFF | SLOW_DEBUG = OFF | ENABLE_ASSERTIONS = ON | PYTHON_EXECUTABLE =  | PYTHON_LIBRARY =  | PYTHON_INCLUDE_DIRS =  | MY_TARGETS =  | LARGEMEM = OFF | LIMITMEM = OFF | BREAKID_LIBRARIES =  | BREAKID-VER = . | BOSPHORUS_LIBRARIES =  | BOSPH-VER = . | compilation date time = Mar 31 2024 17:57:30
c CMS compiled with gcc version 13.2.0
c Executed with command line: cryptominisat5 --verb 1 /workspace/inputs/TRIMOSKA-ECICB-2024/upstream/benchmarks/Xn19l6-5-S.dimacs
c Reading file '/workspace/inputs/TRIMOSKA-ECICB-2024/upstream/benchmarks/Xn19l6-5-S.dimacs'
c -- header says num vars:            767
c -- header says num clauses:        2416
c -- clauses added: 2364
c -- xor clauses added: 52
c -- vars added 767
c Parsing time: 0.00 s
c [find&init matx] performing matrix init
c [gauss] XOR-encoding clauses are not detached, so no need to reattach them.
c [xor-rem-unconnected] left with 50 xors from 50 non-empty xors T: 0.00
c [xor-together] xored together: 0 orig xors: 50 new xors: 50 T: 0.00
c [xor-rem-unconnected] left with 50 xors from 50 non-empty xors T: 0.00
c [xor-clean-equiv] removed equivalent xors: 0 left with: 50
c [matrix] unused xors from cleaning: 0
c [matrix] Good   matrix  0     50 x  765  density:0.1230  xorlen avg: 94.10
c [matrix] Using 1 matrices recovered from 0 xors T: 0.00 T-out: N
c [branch] adjusting to: vsid (from: vsid) var_decay:0.95 descr: VSIDS
c rst  geom  stb   vs     1   113    3028 19136  1652    3.97    3.81     1    25    79     8  135.90  126.42
c rst  geom  stb   vs     2   237    3028 19136  1652    3.97    3.81     4    38   186     9  103.89  100.02
c  res  pol bran  nres  conf freevar  IrrL  IrrB l/longC  l/allC RedL0 RedL1 RedL2  RedB l/longC  l/allC
c rst  geom  stb   vs     3   371    3028 19136  1652    3.97    3.81     6    42   314     9   86.17   84.13
c rst  geom  stb   vs     4   519    3028 19136  1652    3.97    3.81     6    42   462     9   76.48   75.19
c rst  geom  stb   vs     5   681    3028 19136  1652    3.97    3.81     6    42   624     9   75.77   74.79
c rst  geom  stb   vs     6   858    3028 19136  1652    3.97    3.81     6    42   801     9   74.93   74.17
c rst  geom  stb   vs     7  1052    3028 19136  1652    3.97    3.81     6    42   995     9   69.71   69.13
c rst  geom  stb   vs     8  1266    3028 19136  1652    3.97    3.81     6    42  1209     9   67.13   66.67
c rst  geom  stb   vs     9  1500    3028 19136  1652    3.97    3.81     6    42  1443     9   69.38   68.98
c rst  geom  stb   vs    10  1757    3028 19136  1652    3.97    3.81     6    42  1699    10   67.59   67.21
c rst  geom  stb   vs    11  2041    3028 19136  1652    3.97    3.81     6    42  1983    10   65.99   65.68
c rst  geom  stb   vs    12  2351    3028 19136  1652    3.97    3.81     6    42  2293    10   65.86   65.59
c rst  geom  stb   vs    13  2692    3028 19136  1652    3.97    3.81     6    42  2634    10   64.75   64.52
c rst  geom  stb   vs    14  3066    3028 19136  1652    3.97    3.81     6    43  3007    10   67.23   67.02
c rst  geom  stb   vs    15  3477    3028 19136  1652    3.97    3.81     6    43  3418    10   64.96   64.78
c rst  geom  stb   vs    16  3928    3028 19136  1652    3.97    3.81     6    43  3869    10   64.94   64.78
c rst  geom  stb   vs    17  4423    3028 19136  1652    3.97    3.81     6    43  4364    10   62.90   62.76
c rst  geom  stb   vs    18  4966    3028 19136  1652    3.97    3.81     6    43  4907    10   61.44   61.32
c rst  geom  stb   vs    19  5563    3028 19136  1652    3.97    3.81     6    43  5504    10   60.96   60.85
c [branch] adjusting to: vmtf (from: vsid) var_decay:0.95 descr: VMTF
c [distill-long-red0] cls tried: 6/6 T: 0.00 T-out: N T-r: 100.00%
c [distill-long-red1] cls tried: 43/43 T: 0.00 T-out: N T-r: 97.34%
c rst  luby ibes  vmt    20  5665    3028 19136  1652    3.97    3.81    19    63  5571    12   60.58   60.45
c rst  luby ibes  vmt    21  5767    3028 19136  1652    3.97    3.81    20    68  5667    12   60.13   60.01
c rst  luby ibes  vmt    22  5969    3028 19136  1652    3.97    3.81    20    68  5869    12   60.00   59.88
c rst  luby ibes  vmt    23  6071    3028 19136  1652    3.97    3.81    20    68  5971    12   59.30   59.18
c rst  luby ibes  vmt    24  6173    3028 19136  1652    3.97    3.81    20    68  6073    12   58.61   58.50
c rst  luby ibes  vmt    25  6375    3028 19136  1652    3.97    3.81    20    68  6275    12   57.36   57.25
c rst  luby ibes  vmt    26  6777    3028 19136  1652    3.97    3.81    20    68  6677    12   55.07   54.97
c rst  luby ibes  vmt    27  6879    3028 19136  1652    3.97    3.81    20    68  6779    12   54.51   54.42
c rst  luby ibes  vmt    28  6981    3028 19136  1652    3.97    3.81    20    68  6881    12   53.98   53.89
c rst  luby ibes  vmt    29  7183    3028 19136  1652    3.97    3.81    20    68  7083    12   52.96   52.87
c rst  luby ibes  vmt    30  7285    3028 19136  1652    3.97    3.81    20    68  7185    12   52.46   52.37
c rst  luby ibes  vmt    31  7387    3028 19136  1652    3.97    3.81    20    68  7287    12   51.96   51.88
c rst  luby ibes  vmt    32  7589    3028 19136  1652    3.97    3.81    20    68  7489    12   51.06   50.98
c rst  luby ibes  vmt    33  7991    3028 19136  1652    3.97    3.81    20    68  7891    12   49.35   49.28
c rst  luby ibes  vmt    34  8793    3028 19136  1652    3.97    3.81    20    68  8693    12   46.40   46.34
c rst  luby ibes  vmt    35  8895    3028 19136  1652    3.97    3.81    20    68  8795    12   46.06   46.00
c rst  luby ibes  vmt    36  8997    3028 19136  1652    3.97    3.81    20    68  8897    12   45.74   45.68
c rst  luby ibes  vmt    37  9199    3028 19136  1652    3.97    3.81    20    68  9099    12   45.15   45.09
c rst  luby ibes  vmt    38  9301    3028 19136  1652    3.97    3.81    20    68  9201    12   44.86   44.80
c rst  luby ibes  vmt    39  9403    3028 19136  1652    3.97    3.81    20    68  9303    12   44.57   44.51
c rst  luby ibes  vmt    40  9605    3028 19136  1652    3.97    3.81    20    68  9505    12   44.01   43.95
c rst  luby ibes  vmt    41 10007    3028 19136  1652    3.97    3.81    55    33  9907    12   42.95   42.90
c rst  luby ibes  vmt    42 10109    3028 19136  1652    3.97    3.81    55    33 10009    12   42.69   42.64
c rst  luby ibes  vmt    43 10211    3028 19136  1652    3.97    3.81    55    33 10111    12   42.43   42.38
c rst  luby ibes  vmt    44 10413    3028 19136  1652    3.97    3.81    55    33 10313    12   41.96   41.91
c rst  luby ibes  vmt    45 10515    3028 19136  1652    3.97    3.81    55    33 10415    12   41.72   41.67
c rst  luby ibes  vmt    46 10617    3028 19136  1652    3.97    3.81    55    33 10517    12   41.49   41.44
c rst  luby ibes  vmt    47 10819    3028 19136  1652    3.97    3.81    55    33 10719    12   41.03   40.98
c rst  luby  svd  vmt    48 11220    3028 19136  1652    3.97    3.81    55    35 11114    16   42.83   42.77
c rst  luby  svd  vmt    49 12022    3028 19136  1652    3.97    3.81    56    41 11908    17   46.02   45.96
c [branch] adjusting to: vsid (from: vmtf) var_decay:0.95 descr: VSIDS
c [distill-bin] useful: 4/1652/1652 lits-rem: 0 cl-rem: 4 0-depth-assigns: 0 T: 0.00 T-out: N
c rst  geom  svd   vs    50 12135    3028 19136  1648    3.97    3.81    56    41 12021    17   46.18   46.12
c rst  geom  svd   vs    51 12257    3028 19136  1648    3.97    3.81    56    41 12142    18   46.31   46.25
c rst  geom  svd   vs    52 12391    3028 19136  1648    3.97    3.81    56    41 12276    18   46.29   46.22
c rst  geom  svd   vs    53 12540    3028 19136  1648    3.97    3.81    56    41 12425    18   46.22   46.15
c rst  geom  svd   vs    54 12702    3028 19136  1648    3.97    3.81    56    41 12587    18   46.13   46.07
c rst  geom  svd   vs    55 12880    3028 19136  1648    3.97    3.81    56    41 12765    18   45.98   45.92
c rst  geom  svd   vs    56 13075    3028 19136  1648    3.97    3.81    59    41 12957    18   45.87   45.81
c rst  geom  svd   vs    57 13289    3028 19136  1648    3.97    3.81    59    41 13171    18   45.89   45.83
c rst  geom  svd   vs    58 13524    3028 19136  1648    3.97    3.81    59    41 13406    18   45.85   45.79
c rst  geom  svd   vs    59 13782    3028 19136  1648    3.97    3.81    59    41 13664    18   45.75   45.70
c rst  geom  svd   vs    60 14065    3028 19136  1648    3.97    3.81    60    41 13946    18   45.74   45.69
c rst  geom  svd   vs    61 14376    3028 19136  1648    3.97    3.81    60    41 14257    18   45.81   45.75
c rst  geom  svd   vs    62 14716    3028 19136  1648    3.97    3.81    60    41 14597    18   45.59   45.54
c rst  geom  svd   vs    63 15090    3028 19136  1648    3.97    3.81    62    61 13393    18   42.31   42.25
c rst  geom  svd   vs    64 15500    3028 19136  1648    3.97    3.81    62    61 13803    18   41.70   41.65
c rst  geom  svd   vs    65 15950    3028 19136  1648    3.97    3.81    62    61 14253    18   41.08   41.03
c rst  geom  svd   vs    66 16445    3028 19136  1648    3.97    3.81    62    61 14748    18   40.99   40.94
c rst  geom best   vs    67 16989    3028 19136  1648    3.97    3.81    62    61 15292    18   41.72   41.67
c rst  geom best   vs    68 17586    3028 19136  1648    3.97    3.81    62    62 15888    18   42.14   42.09
c rst  geom best   vs    69 18243    3028 19136  1648    3.97    3.81    62    62 16545    18   42.92   42.88
c [branch] adjusting to: vmtf (from: vsid) var_decay:0.95 descr: VMTF
c rst  luby best  vmt    70 18345    3028 19136  1648    3.97    3.81    62    62 16647    18   42.98   42.93
c rst  luby best  vmt    71 18446    3028 19136  1648    3.97    3.81    62    62 16748    18   43.01   42.97
c rst  luby best  vmt    72 18647    3028 19136  1648    3.97    3.81    62    62 16949    18   43.13   43.09
c rst  luby best  vmt    73 18748    3028 19136  1648    3.97    3.81    62    62 17050    18   43.12   43.08
c rst  luby best  vmt    74 18850    3028 19136  1648    3.97    3.81    62    62 17152    18   43.13   43.09
c rst  luby best  vmt    75 19052    3028 19136  1648    3.97    3.81    62    62 17353    19   43.15   43.11
c rst  luby best  vmt    76 19454    3028 19136  1648    3.97    3.81    62    62 17755    19   43.17   43.12
c rst  luby best  vmt    77 19555    3028 19136  1648    3.97    3.81    62    62 17856    19   43.16   43.12
c rst  luby best  vmt    78 19656    3028 19136  1648    3.97    3.81    62    62 17957    19   43.15   43.10
c rst  luby best  vmt    79 19858    3028 19136  1648    3.97    3.81    62    62 18159    19   43.07   43.03
c rst  luby best  vmt    80 19960    3028 19136  1648    3.97    3.81    62    62 18261    19   43.05   43.01
c rst  luby best  vmt    81   20K    3028 19136  1648    3.97    3.81    69    55 18363    19   43.07   43.03
c [full-probe]  bin_only: 1 set: 0 repl: 0 T: 0.00 T-out: N T-r: 99.85%
c rst  luby best  vmt    82   20K    3028 19136  1648    3.97    3.81    69    55 18564    23   43.05   43.00
c rst  luby best  vmt    83   20K    3028 19136  1648    3.97    3.81    69    55 18965    23   43.13   43.08
c [distill-long-red0] cls tried: 32/32 T: 0.00 T-out: N T-r: 99.96%
c [distill-long-red1] cls tried: 43/43 T: 0.00 T-out: N T-r: 55.21%
c rst  luby best  vmt    84   21K    3028 19136  1648    3.97    3.81    69    55 19767    23   42.73   42.69
c rst  luby best  vmt    85   21K    3028 19136  1648    3.97    3.81    69    55 19869    23   42.76   42.71
c rst  luby best  vmt    86   21K    3028 19136  1648    3.97    3.81    69    55 19971    23   42.88   42.83
c rst  luby  stb  vmt    87   21K    3028 19136  1648    3.97    3.81    69    55   20K    23   43.32   43.27
c rst  luby  stb  vmt    88   21K    3028 19136  1648    3.97    3.81    69    55   20K    23   43.35   43.30
c rst  luby  stb  vmt    89   22K    3028 19136  1648    3.97    3.81    69    55   20K    23   43.31   43.26
c rst  luby  stb  vmt    90   22K    3028 19136  1648    3.97    3.81    69    55   20K    23   43.27   43.23
c rst  luby  stb  vmt    91   22K    3028 19136  1648    3.97    3.81    69    55   20K    23   43.14   43.10
c rst  luby  stb  vmt    92   22K    3028 19136  1648    3.97    3.81    69    55   21K    23   43.11   43.07
c rst  luby  stb  vmt    93   22K    3028 19136  1648    3.97    3.81    69    55   21K    23   43.06   43.02
c rst  luby  stb  vmt    94   23K    3028 19136  1648    3.97    3.81    69    55   21K    23   43.09   43.05
c rst  luby  stb  vmt    95   23K    3028 19136  1648    3.97    3.81    69    55   21K    23   43.05   43.01
c rst  luby  stb  vmt    96   23K    3028 19136  1648    3.97    3.81    69    55   21K    23   42.98   42.94
c rst  luby  stb  vmt    97   23K    3028 19136  1648    3.97    3.81    69    55   21K    23   42.93   42.89
c rst  luby  stb  vmt    98   23K    3028 19136  1648    3.97    3.81    69    55   22K    23   42.85   42.81
c rst  luby  stb  vmt    99   24K    3028 19136  1648    3.97    3.81    69    55   22K    23   42.87   42.83
c rst  luby  stb  vmt   100   26K    3028 19136  1648    3.97    3.81    69    55   24K    23   42.81   42.77
c [branch] adjusting to: vsid (from: vmtf) var_decay:0.95 descr: VSIDS
c [distill] watch-based irred--  cl tried     1429 cl-sh     0 cl-rem    3 lit-rem      0 T: 0.00 T-out: N
c [distill] watch-based   red--  cl tried      138 cl-sh     2 cl-rem    0 lit-rem      6 T: 0.00 T-out: N
c rst  geom  stb   vs   101   26K    3028 19133  1651    3.97    3.81    69    55   24K    20   42.78   42.74
c rst  geom  stb   vs   102   26K    3028 19133  1651    3.97    3.81    69    55   24K    21   42.73   42.70
c rst  geom  stb   vs   103   26K    3028 19133  1651    3.97    3.81    69    55   24K    21   42.64   42.61
c rst  geom  stb   vs   104   26K    3028 19133  1651    3.97    3.81    69    55   25K    21   42.56   42.53
c rst  geom  stb   vs   105   26K    3028 19133  1651    3.97    3.81    69    55   25K    21   42.48   42.45
c rst  geom ibes   vs   106   27K    3028 19133  1651    3.97    3.81    69    55   25K    21   42.39   42.35
c rst  geom ibes   vs   107   27K    3028 19133  1651    3.97    3.81    69    55   25K    21   42.21   42.18
c rst  geom ibes   vs   108   27K    3028 19133  1651    3.97    3.81    69    55   25K    21   42.04   42.01
c rst  geom ibes   vs   109   27K    3028 19133  1651    3.97    3.81    69    55   26K    21   41.83   41.80
c rst  geom ibes   vs   110   28K    3028 19133  1651    3.97    3.81    69    55   26K    21   41.67   41.64
c rst  geom ibes   vs   111   28K    3028 19133  1651    3.97    3.81    69    55   26K    21   41.44   41.41
c rst  geom ibes   vs   112   28K    3028 19133  1651    3.97    3.81    69    55   26K    21   41.17   41.14
c rst  geom ibes   vs   113   28K    3028 19133  1651    3.97    3.81    69    55   27K    21   40.87   40.84
c rst  geom ibes   vs   114   29K    3028 19133  1651    3.97    3.81    69    55   27K    21   40.56   40.53
c rst  geom ibes   vs   115   29K    3028 19133  1651    3.97    3.81    69    55   28K    21   40.53   40.50
c rst  geom ibes   vs   116   30K    3028 19133  1651    3.97    3.81    69    57   22K    21   39.23   39.19
c rst  geom ibes   vs   117   30K    3028 19133  1651    3.97    3.81    69    57   22K    21   39.00   38.97
c rst  geom ibes   vs   118   31K    3028 19133  1651    3.97    3.81    69    57   23K    21   38.57   38.54
c rst  geom ibes   vs   119   31K    3028 19133  1651    3.97    3.81    69    57   23K    21   38.10   38.07
c rst  geom ibes   vs   120   32K    3028 19133  1651    3.97    3.81    69    57   24K    21   37.98   37.94
c [distill-bin] useful: 0/1651/1651 lits-rem: 0 cl-rem: 0 0-depth-assigns: 0 T: 0.01 T-out: N
c rst  geom  svd   vs   121   33K    3028 19133  1651    3.97    3.81    69    57   25K    21   37.92   37.89
c rst  geom  svd   vs   122   34K    3028 19133  1651    3.97    3.81    69    57   25K    21   38.02   38.00
c [branch] adjusting to: vmtf (from: vsid) var_decay:0.95 descr: VMTF
c rst  luby  svd  vmt   123   34K    3028 19133  1651    3.97    3.81    69    57   26K    21   38.00   37.98
c rst  luby  svd  vmt   124   34K    3028 19133  1651    3.97    3.81    69    57   26K    21   37.99   37.96
c rst  luby  svd  vmt   125   34K    3028 19133  1651    3.97    3.81    69    57   26K    21   37.94   37.91
c rst  luby  svd  vmt   126   34K    3028 19133  1651    3.97    3.81    69    57   26K    21   37.91   37.88
c rst  luby  svd  vmt   127   34K    3028 19133  1651    3.97    3.81    69    57   26K    21   37.88   37.85
c rst  luby  svd  vmt   128   34K    3028 19133  1651    3.97    3.81    69    57   26K    21   37.77   37.74
c rst  luby  svd  vmt   129   35K    3028 19133  1651    3.97    3.81    69    57   27K    21   37.55   37.53
c rst  luby  svd  vmt   130   35K    3028 19133  1651    3.97    3.81    69    57   27K    21   37.50   37.47
c rst  luby  svd  vmt   131   35K    3028 19133  1651    3.97    3.81    69    57   27K    21   37.44   37.41
c rst  luby  svd  vmt   132   35K    3028 19133  1651    3.97    3.81    69    57   27K    21   37.34   37.31
c rst  luby  svd  vmt   133   35K    3028 19133  1651    3.97    3.81    69    57   27K    21   37.29   37.26
c [distill-long-red0] cls tried: 2/2 T: 0.00 T-out: N T-r: 100.00%
c [distill-long-red1] cls tried: 2/2 T: 0.00 T-out: N T-r: 97.29%
c rst  luby  svd  vmt   134   35K    3028 19133  1651    3.97    3.81    69    57   27K    21   37.24   37.21
c rst  luby  svd  vmt   135   36K    3028 19133  1651    3.97    3.81    69    57   27K    21   37.14   37.12
c rst  luby  svd  vmt   136   36K    3028 19133  1651    3.97    3.81    69    57   28K    21   36.94   36.91
c rst  luby  svd  vmt   137   37K    3028 19133  1651    3.97    3.81    69    57   29K    21   36.57   36.54
c rst  luby  svd  vmt   138   37K    3028 19133  1651    3.97    3.81    69    57   29K    21   36.53   36.51
c rst  luby  svd  vmt   139   37K    3028 19133  1651    3.97    3.81    69    57   29K    21   36.49   36.47
c rst  luby  svd  vmt   140   37K    3028 19133  1651    3.97    3.81    69    57   29K    21   36.42   36.39
c rst  luby  svd  vmt   141   37K    3028 19133  1651    3.97    3.81    69    57   29K    21   36.38   36.35
c rst  luby  svd  vmt   142   37K    3028 19133  1651    3.97    3.81    69    57   29K    21   36.34   36.32
c rst  luby  svd  vmt   143   38K    3028 19133  1651    3.97    3.81    69    57   29K    21   36.26   36.24
c rst  geom best  vmt   144   38K    3028 19133  1651    3.97    3.81    69    57   30K    21   36.21   36.19
c rst  geom best  vmt   145   38K    3028 19133  1651    3.97    3.81    69    57   30K    21   36.16   36.14
c rst  geom best  vmt   146   38K    3028 19133  1651    3.97    3.81    69    57   30K    21   36.13   36.11
c rst  geom best  vmt   147   38K    3028 19133  1651    3.97    3.81    69    57   30K    21   36.08   36.05
c rst  geom best  vmt   148   38K    3028 19133  1651    3.97    3.81    69    57   30K    21   36.00   35.98
c rst  geom best  vmt   149   38K    3028 19133  1651    3.97    3.81    69    57   30K    21   35.91   35.89
c rst  geom best  vmt   150   39K    3028 19133  1651    3.97    3.81    69    57   31K    21   35.81   35.79
c rst  geom best  vmt   151   39K    3028 19133  1651    3.97    3.81    69    57   31K    21   35.69   35.67
c rst  geom best  vmt   152   39K    3028 19133  1651    3.97    3.81    69    57   31K    21   35.59   35.57
c rst  geom best  vmt   153   39K    3028 19133  1651    3.97    3.81    69    57   31K    21   35.58   35.55
c rst  geom best  vmt   154   40K    3028 19133  1651    3.97    3.81    69    57   32K    21   35.53   35.50
c [full-probe]  bin_only: 0 set: 0 repl: 0 T: 0.00 T-out: N T-r: 98.18%
c [impl-str] lit bin: 0 set-var: 0 T: 0.00 T-out: N T-r: 99.95% w-visit: 6056
c [impl-sub] bin: 15 T: 0.00 T-out: N w-visit: 6056
c rst  geom best  vmt   155   40K    3028 19133  1651    3.97    3.81    69    57   32K    12   35.40   35.39
c rst  geom best  vmt   156   40K    3028 19133  1651    3.97    3.81    69    57   32K    12   35.36   35.35
c rst  geom best  vmt   157   41K    3028 19133  1651    3.97    3.81    69    57   33K    12   35.28   35.27
c rst  geom best  vmt   158   41K    3028 19133  1651    3.97    3.81    69    57   33K    12   35.28   35.27
c rst  geom best  vmt   159   41K    3028 19133  1651    3.97    3.81    69    57   33K    12   35.26   35.25
c rst  geom best  vmt   160   42K    3028 19133  1651    3.97    3.81    69    57   34K    12   35.08   35.07
c [branch] adjusting to: vsid (from: vmtf) var_decay:0.95 descr: VSIDS
c rst  geom best   vs   161   42K    3028 19133  1651    3.97    3.81    69    57   34K    12   35.04   35.03
c rst  geom best   vs   162   42K    3028 19133  1651    3.97    3.81    69    57   34K    12   34.98   34.97
c rst  geom best   vs   163   42K    3028 19133  1651    3.97    3.81    69    57   34K    12   34.92   34.91
c rst  geom best   vs   164   43K    3028 19133  1651    3.97    3.81    69    57   34K    12   34.86   34.85
c rst  geom best   vs   165   43K    3028 19133  1651    3.97    3.81    69    57   35K    12   34.81   34.80
c rst  geom best   vs   166   43K    3028 19133  1651    3.97    3.81    69    57   35K    12   34.75   34.73
c rst  geom best   vs   167   43K    3028 19133  1651    3.97    3.81    69    57   35K    12   34.66   34.65
c rst  geom  stb   vs   168   43K    3028 19133  1651    3.97    3.81    69    57   35K    12   34.65   34.64
c rst  geom  stb   vs   169   43K    3028 19133  1651    3.97    3.81    69    57   35K    12   34.62   34.61
c rst  geom  stb   vs   170   44K    3028 19133  1651    3.97    3.81    69    57   36K    12   34.55   34.54
c [ccnr] tries: 0 steps: 262143 best found: 16
c [ccnr] tries: 0 steps: 524287 best found: 14
c [ccnr] tries: 0 steps: 786431 best found: 14
c [ccnr] saving best assignment phase to stable_polar
c [ccnr] bumping based on clause weights
c [ccnr] Bumped vars: 102 bump type: 6
c [ccnr] time: 0.39
c rst  geom  stb   vs   171   44K    3028 19133  1651    3.97    3.81    69    57   36K    12   34.59   34.58
c rst  geom  stb   vs   172   44K    3028 19133  1651    3.97    3.81    69    57   36K    12   34.54   34.53
c rst  geom  stb   vs   173   45K    3028 19133  1651    3.97    3.81    69    57   30K    12   32.98   32.97
c rst  geom  stb   vs   174   45K    3028 19133  1651    3.97    3.81    69    57   30K    12   32.96   32.95
c rst  geom  stb   vs   175   45K    3028 19133  1651    3.97    3.81    69    57   31K    12   33.03   33.02
c rst  geom  stb   vs   176   46K    3028 19133  1651    3.97    3.81    69    57   31K    12   32.96   32.95
c rst  geom  stb   vs   177   46K    3028 19133  1651    3.97    3.81    69    57   32K    12   32.95   32.94
c rst  geom  stb   vs   178   47K    3028 19133  1651    3.97    3.81    69    57   32K    12   32.94   32.92
c rst  geom  stb   vs   179   48K    3028 19133  1651    3.97    3.81    69    57   33K    12   32.73   32.72
c rst  geom  stb   vs   180   48K    3028 19133  1651    3.97    3.81    69    57   33K    12   32.54   32.53
c rst  geom  stb   vs   181   49K    3028 19133  1651    3.97    3.81    69    57   34K    12   32.32   32.31
c rst  geom ibes   vs   182   50K    3028 19133  1651    3.97    3.81    69    57   35K    12   32.28   32.27
c [gauss] XOR-encoding clauses are not detached, so no need to reattach them.
c [g 0] truth-find prop checks  : 450K
c [g 0] -> of which prop        : 61.20 %
c [g 0] -> of which confl       :  4.96 %
c [g 0] elim called             : 44K
c [g 0] ---> which lead to prop : 30.60 %
c [g 0] ---> which lead to confl:  1.85 %
c [g 0] size: 50    x 765  
c [scc] new: 5 BP 0M T: 0.00
c [vrep] vars 5 lits 16100 rem-bin-cls 26 rem-long-cls 0 BP 0M T: 0.01
c [scc] new: 0 BP 0M T: 0.00
c [vrep] vars 0 lits 0 rem-bin-cls 0 rem-long-cls 0 BP 0M T: 0.00
c [intree] Set 0 vars hyper-added: 743 trans-irred: 0 trans-red: 4 T: 0.00 T-out: N T-r: -0.57%
c [find&init matx] performing matrix init
c [gauss] XOR-encoding clauses are not detached, so no need to reattach them.
c [xor-rem-unconnected] left with 50 xors from 50 non-empty xors T: 0.00
c [xor-together] xored together: 0 orig xors: 50 new xors: 50 T: 0.00
c [xor-rem-unconnected] left with 50 xors from 50 non-empty xors T: 0.00
c [xor-clean-equiv] removed equivalent xors: 0 left with: 50
c [matrix] unused xors from cleaning: 0
c [matrix] Good   matrix 0 50      x762    density:0.1227  xorlen avg: 93.50
c [matrix] Using 1 matrices recovered from 0 xors T: 0.00 T-out: N
c rst  geom ibes vs   183   51  K 3023    19133  1641 3.97    3.81       69    57   36K   745 31.90   31.29  
c [distill-long-red0] cls tried: 0/0 T: 0.00 T-out: N T-r: 100.00%
c [distill-long-red1] cls tried: 0/0 T: 0.00 T-out: N T-r: 100.00%
c rst  geom ibes vs   184   52  K 3023    19133  1641 3.97    3.81       69    57   37K   745 31.55   30.97  
c [distill] watch-based irred--  cl tried 1425     cl-sh 0     cl-rem 1    lit-rem 0      T: 0.00 T-out: N
c [distill] watch-based red  --  cl tried 138      cl-sh 1     cl-rem 0    lit-rem 1      T: 0.00 T-out: N
c rst  geom ibes vs   185   53  K 3023    19132  1642 3.97    3.81       69    57   38K   744 31.34   30.78  
c [branch] adjusting to: vmtf (from: vsid) var_decay:0.95 descr: VMTF
c [distill-bin] useful: 0/1524/1642 lits-rem: 0 cl-rem: 0 0-depth-assigns: 0 T: 0.01 T-out: Y
c rst  luby ibes vmt  186   53  K 3023    19132  1642 3.97    3.81       69    57   38K   744 31.47   30.91  
c rst  luby ibes vmt  187   53  K 3023    19132  1642 3.97    3.81       69    57   38K   744 31.44   30.88  
c rst  luby ibes vmt  188   53  K 3023    19132  1642 3.97    3.81       69    57   38K   744 31.37   30.82  
c rst  luby ibes vmt  189   53  K 3023    19132  1642 3.97    3.81       69    57   38K   744 31.34   30.79  
c rst  luby ibes vmt  190   53  K 3023    19132  1642 3.97    3.81       69    57   38K   744 31.31   30.76  
c rst  luby ibes vmt  191   53  K 3023    19132  1642 3.97    3.81       69    57   39K   744 31.24   30.70  
c rst  luby ibes vmt  192   54  K 3023    19132  1642 3.97    3.81       69    57   39K   744 31.11   30.58  
c rst  luby ibes vmt  193   54  K 3023    19132  1642 3.97    3.81       69    57   39K   744 31.08   30.54  
c rst  luby ibes vmt  194   54  K 3023    19132  1642 3.97    3.81       69    57   39K   744 31.05   30.52  
c rst  luby ibes vmt  195   54  K 3023    19132  1642 3.97    3.81       69    57   39K   744 31.01   30.48  
c rst  luby ibes vmt  196   54  K 3023    19132  1642 3.97    3.81       69    57   39K   744 30.98   30.45  
c rst  luby ibes vmt  197   54  K 3023    19132  1642 3.97    3.81       69    57   40K   744 30.94   30.42  
c rst  luby ibes vmt  198   55  K 3023    19132  1642 3.97    3.81       69    57   40K   744 30.88   30.36  
c rst  luby svd  vmt  199   55  K 3023    19132  1642 3.97    3.81       69    57   40K   744 30.90   30.38  
c rst  luby svd  vmt  200   56  K 3023    19132  1642 3.97    3.81       69    57   41K   744 30.92   30.41  
c recursive minimization cost OK: 249Kcost/(% lits removed)
c [gauss] XOR-encoding clauses are not detached, so no need to reattach them.
c [g 0] truth-find prop checks  : 37K
c [g 0] -> of which prop        : 76.56 %
c [g 0] -> of which confl       :  7.76 %
c [g 0] elim called             : 765
c [g 0] ---> which lead to prop : 12.68 %
c [g 0] ---> which lead to confl:  0.65 %
c [g 0] size: 50    x 762  
c --> Executing strategy token: scc-vrepl
c [scc] new: 1 BP 0M T: 0.00
c --> Executing strategy token: sub-impl
c [impl-sub] bin: 0 T: 0.00 T-out: N w-visit: 6056
c --> Executing strategy token: breakid
c --> Executing OCC strategy token(s): 'occ-backw-sub-str,occ-clean-implicit,occ-bve,occ-bva,occ-ternary-res,occ-xor,'
c [occ] mem usage for occur 1      MB
c [occ] Linked in IRRED BIN by default: 1642
c [occ] Linked in RED   BIN by default: 744
c [occ] mem usage for occur 0      MB
c Mem for watch alloc      : 4           MB (20.24     %)
c Mem for watch array      : 0           MB (0.89      %)
c --> Executing OCC strategy token: occ-backw-sub-str
c [occ-backw-sub-str-long-w-bins] subs: 0 str: 0 tried: 2386 0-depth ass: 0 T: 0.00 T-out: N T-r: 99.46%
c [occ-backw-sub-long-w-long] rem cl: 22 tried: 60365/60365 (100.0%) T: 0.00 T-out: N T-r: 96.02%
c [occ-backw-sub-str-long-w-long] sub: 0 str: 0 tried: 181095/60365 (300.0)  T: 0.04 T-out: N T-r: 88.36%
c --> Executing OCC strategy token: occ-clean-implicit
c --> Executing OCC strategy token: occ-bve
c [occ-empty-res] Empty resolvent elimed: 0 T: 0.00 T-out: N
c [occ-bve] iter v-elim 10
c cl_inc_rate=1.0, var_dec_rate=1.0 (grow=0)
c Reduced to 3013 vars, 20767 cls (grow=0)
c [occ-bve] iter v-elim 289
c cl_inc_rate=1.1, var_dec_rate=1.1 (grow=8)
c Reduced to 2724 vars, 22039 cls (grow=8)
c x n vars       : 2724
c #try to eliminate:  6304
c #var-elim        :   299
c #T-o: N
c #T-r: 99.99%
c #T  : 0.05
c [occur] 0.02 is overhead
c [occur] link-in T: 0.02 cleanup T: 0.00
c --> Executing OCC strategy token: occ-bva
c --> Executing OCC strategy token: occ-ternary-res
c [occ-ternary-res] Ternary res-tri: 56 res-bin: 0 sub: 0 str: 0 T: 0.00 T-out: N T-r: 99.36%
c --> Executing OCC strategy token: occ-xor
c [occ-xor] sort occur list T: 0.00
c [xor-clean-equiv] removed equivalent xors: 0 left with: 2148
c [occ-xor] found   2148 avg sz 4.0 min sz  4 max sz  5 T: 0.00 T-out: N T-r: 99.97%
c --> Executing strategy token: card-find
c --> Executing strategy token: cl-consolidate
c [mem] consolidate  old-sz: 8676K new-sz: 6727K new bits offs: 20 T: 0.00
c --> Executing strategy token: scc-vrepl
c [scc] new: 0 BP 0M T: 0.00
c --> Executing strategy token: renumber
c --> Executing strategy token: bosphorus
c --> Executing strategy token: louvain-comms
c [consolidate] mini T: 0.00
c global_timeout_multiplier: 3.3000
c [branch] rebuilding order heap for all branchings. Current branching: vmtf
c [find&init matx] performing matrix init
c [gauss] XOR-encoding clauses are not detached, so no need to reattach them.
c [xor-rem-unconnected] left with 2148 xors from 2148 non-empty xors T: 0.00
c [xor-together] xored together: 2100 orig xors: 2148 new xors: 48 T: 0.00
c [xor-rem-unconnected] left with 48 xors from 48 non-empty xors T: 0.00
c [xor-clean-equiv] removed equivalent xors: 0 left with: 48
c [matrix] unused xors from cleaning: 0
c [matrix] Good   matrix  0     48 x  464  density:0.1976  xorlen avg: 91.67
c [matrix] Using 1 matrices recovered from 0 xors T: 0.00 T-out: N
c rst  luby  svd  vmt   201   56K    2724   21K   878    4.10    4.01    38   105   38K    80   30.59   30.53
c rst  luby  svd  vmt   202   56K    2724   21K   878    4.10    4.01    38   105   38K    80   30.57   30.51
c rst  luby  svd  vmt   203   56K    2724   21K   878    4.10    4.01    38   105   38K    80   30.57   30.51
c rst  luby  svd  vmt   204   56K    2724   21K   878    4.10    4.01    38   105   39K    80   30.55   30.49
c rst  luby  svd  vmt   205   56K    2724   21K   878    4.10    4.01    38   105   39K    80   30.53   30.48
c rst  luby  svd  vmt   206   56K    2724   21K   878    4.10    4.01    38   105   39K    80   30.54   30.48
c rst  luby  svd  vmt   207   57K    2724   21K   878    4.10    4.01    38   105   39K    80   30.55   30.49
c rst  luby  svd  vmt   208   57K    2724   21K   878    4.10    4.01    38   105   39K    80   30.50   30.45
c rst  luby  svd  vmt   209   57K    2724   21K   878    4.10    4.01    38   105   40K    80   30.52   30.46
c rst  luby  svd  vmt   210   57K    2724   21K   878    4.10    4.01    38   105   40K    80   30.53   30.47
c rst  luby  svd  vmt   211   57K    2724   21K   878    4.10    4.01    38   105   40K    80   30.60   30.54
c rst  luby  svd  vmt   212   58K    2724   21K   878    4.10    4.01    38   105   40K    80   30.59   30.53
c rst  luby  svd  vmt   213   58K    2724   21K   878    4.10    4.01    38   105   40K    80   30.60   30.54
c rst  luby  svd  vmt   214   58K    2724   21K   878    4.10    4.01    38   105   40K    80   30.65   30.59
c rst  luby  svd  vmt   215   58K    2724   21K   878    4.10    4.01    38   105   41K    80   30.72   30.66
c rst  luby  svd  vmt   216   59K    2724   21K   878    4.10    4.01    38   105   41K    80   30.82   30.77
c rst  luby  svd  vmt   217   61K    2724   21K   878    4.10    4.01    40   103   32K    80   27.66   27.59
c [full-probe]  bin_only: 1 set: 0 repl: 0 T: 0.00 T-out: N T-r: 99.73%
c rst  geom best  vmt   218   61K    2724   21K   878    4.10    4.01    40   103   32K    80   27.67   27.60
c rst  geom best  vmt   219   61K    2724   21K   878    4.10    4.01    40   103   32K    80   27.70   27.63
c rst  geom best  vmt   220   61K    2724   21K   878    4.10    4.01    40   103   32K    80   27.76   27.70
c rst  geom best  vmt   221   61K    2724   21K   878    4.10    4.01    40   103   32K    80   27.80   27.73
c rst  geom best  vmt   222   61K    2724   21K   878    4.10    4.01    40   103   32K    80   27.80   27.74
c rst  geom best  vmt   223   62K    2724   21K   878    4.10    4.01    40   103   32K    80   27.82   27.76
c rst  geom best  vmt   224   62K    2724   21K   878    4.10    4.01    40   103   33K    80   27.81   27.75
c rst  geom best  vmt   225   62K    2724   21K   878    4.10    4.01    40   103   33K    80   27.81   27.75
c rst  geom best  vmt   226   62K    2724   21K   878    4.10    4.01    40   103   33K    80   27.92   27.86
c rst  geom best  vmt   227   62K    2724   21K   878    4.10    4.01    40   103   33K    80   27.92   27.86
c [branch] adjusting to: vsid (from: vmtf) var_decay:0.95 descr: VSIDS
c rst  geom best   vs   228   63K    2724   21K   878    4.10    4.01    40   103   34K    80   27.91   27.85
c rst  geom best   vs   229   63K    2724   21K   878    4.10    4.01    40   103   34K    80   27.93   27.87
c rst  geom best   vs   230   63K    2724   21K   878    4.10    4.01    40   103   34K    80   27.91   27.85
c rst  geom best   vs   231   63K    2724   21K   878    4.10    4.01    40   103   34K    80   27.87   27.81
c rst  geom best   vs   232   63K    2724   21K   878    4.10    4.01    40   103   34K    80   27.84   27.78
c rst  geom best   vs   233   63K    2724   21K   878    4.10    4.01    40   103   34K    80   27.80   27.74
c rst  geom best   vs   234   63K    2724   21K   878    4.10    4.01    40   103   34K    80   27.75   27.69
c rst  geom best   vs   235   64K    2724   21K   878    4.10    4.01    40   103   35K    80   27.73   27.67
c rst  geom best   vs   236   64K    2724   21K   878    4.10    4.01    40   103   35K    80   27.71   27.65
c rst  geom best   vs   237   64K    2724   21K   878    4.10    4.01    40   103   35K    80   27.70   27.64
c rst  geom best   vs   238   64K    2724   21K   878    4.10    4.01    40   103   35K    80   27.65   27.60
c rst  geom best   vs   239   65K    2724   21K   878    4.10    4.01    40   103   36K    80   27.59   27.54
c rst  geom best   vs   240   65K    2724   21K   878    4.10    4.01    40   103   36K    80   27.52   27.46
c rst  geom best   vs   241   65K    2724   21K   878    4.10    4.01    40   103   36K    80   27.41   27.36
c rst  geom best   vs   242   66K    2724   21K   878    4.10    4.01    40   103   37K    80   27.29   27.24
c [distill-long-red0] cls tried: 0/0 T: 0.00 T-out: N T-r: 100.00%
c [distill-long-red1] cls tried: 0/0 T: 0.00 T-out: N T-r: 100.00%
c rst  geom best   vs   243   66K    2724   21K   878    4.10    4.01    40   103   37K    80   27.32   27.26
c rst  geom  stb   vs   244   67K    2724   21K   878    4.10    4.01    40   103   38K    80   27.40   27.35
c rst  geom  stb   vs   245   67K    2724   21K   878    4.10    4.01    40   103   38K    80   27.45   27.40
c rst  geom  stb   vs   246   68K    2724   21K   878    4.10    4.01    40   103   39K    80   27.37   27.32
c rst  geom  stb   vs   247   69K    2724   21K   878    4.10    4.01    40   103   40K    80   27.28   27.23
c rst  geom  stb   vs   248   69K    2724   21K   878    4.10    4.01    40   103   40K    80   27.36   27.31
c rst  geom  stb   vs   249   70K    2724   21K   878    4.10    4.01    40   103   41K    80   27.30   27.26
c rst  geom  stb   vs   250   71K    2724   21K   878    4.10    4.01    40   103   42K    80   27.23   27.18
c rst  geom  stb   vs   251   72K    2724   21K   878    4.10    4.01    40   103   43K    80   27.28   27.23
c rst  geom  stb   vs   252   73K    2724   21K   878    4.10    4.01    40   103   44K    80   27.27   27.23
c [distill-bin] useful: 0/878/878 lits-rem: 0 cl-rem: 0 0-depth-assigns: 0 T: 0.00 T-out: N
c rst  geom ibes   vs   253   74K    2724   21K   878    4.10    4.01    40   103   45K    80   27.12   27.07
c [branch] adjusting to: vmtf (from: vsid) var_decay:0.95 descr: VMTF
c rst  luby ibes  vmt   254   74K    2724   21K   878    4.10    4.01    40   103   45K    80   27.11   27.06
c rst  luby ibes  vmt   255   74K    2724   21K   878    4.10    4.01    40   103   45K    80   27.13   27.09
c rst  luby ibes  vmt   256   75K    2724   21K   878    4.10    4.01    40   103   34K    80   27.25   27.19
c rst  luby ibes  vmt   257   75K    2724   21K   878    4.10    4.01    40   103   35K    80   27.22   27.16
c rst  luby ibes  vmt   258   75K    2724   21K   878    4.10    4.01    40   103   35K    80   27.19   27.14
c rst  luby ibes  vmt   259   75K    2724   21K   878    4.10    4.01    40   103   35K    80   27.15   27.09
c rst  luby ibes  vmt   260   75K    2724   21K   878    4.10    4.01    40   103   35K    80   27.12   27.06
c rst  luby ibes  vmt   261   76K    2724   21K   878    4.10    4.01    40   103   35K    80   27.10   27.04
c rst  luby ibes  vmt   262   76K    2724   21K   878    4.10    4.01    40   103   35K    80   27.08   27.02
c rst  luby ibes  vmt   263   76K    2724   21K   878    4.10    4.01    40   103   36K    80   27.06   27.00
c rst  luby ibes  vmt   264   76K    2724   21K   878    4.10    4.01    40   103   36K    80   27.07   27.01
c rst  luby ibes  vmt   265   76K    2724   21K   878    4.10    4.01    40   103   36K    80   27.07   27.02
c rst  luby ibes  vmt   266   76K    2724   21K   878    4.10    4.01    40   103   36K    80   27.06   27.00
c rst  luby ibes  vmt   267   77K    2724   21K   878    4.10    4.01    40   103   36K    80   27.18   27.13
c [distill] watch-based irred--  cl tried     7674 cl-sh   139 cl-rem  152 lit-rem    145 T: 0.00 T-out: N
c [distill] watch-based   red--  cl tried       80 cl-sh     0 cl-rem    0 lit-rem      0 T: 0.00 T-out: N
c rst  luby ibes  vmt   268   77K    2724   21K   888    4.09    4.01    40   103   37K    70   27.00   26.95
c rst  luby ibes  vmt   269   78K    2724   21K   888    4.09    4.01    40   103   37K    70   26.98   26.93
c rst  luby ibes  vmt   270   78K    2724   21K   888    4.09    4.01    40   103   37K    70   26.96   26.91
c rst  luby ibes  vmt   271   78K    2724   21K   888    4.09    4.01    40   103   38K    70   26.92   26.88
c rst  luby ibes  vmt   272   78K    2724   21K   888    4.09    4.01    40   103   38K    70   26.90   26.85
c rst  luby ibes  vmt   273   78K    2724   21K   888    4.09    4.01    40   103   38K    70   26.88   26.84
c rst  luby ibes  vmt   274   78K    2724   21K   888    4.09    4.01    40   103   38K    70   26.85   26.80
c rst  luby ibes  vmt   275   79K    2724   21K   888    4.09    4.01    40   103   38K    70   26.78   26.74
c rst  luby ibes  vmt   276   79K    2724   21K   888    4.09    4.01    40   103   39K    70   26.77   26.73
c rst  luby ibes  vmt   277   79K    2724   21K   888    4.09    4.01    40   103   39K    70   26.76   26.71
c rst  luby  svd  vmt   278   79K    2724   21K   888    4.09    4.01    40   103   39K    70   26.79   26.75
c rst  luby  svd  vmt   279   79K    2724   21K   888    4.09    4.01    40   103   39K    70   26.79   26.75
c rst  luby  svd  vmt   280   79K    2724   21K   888    4.09    4.01    40   103   39K    70   26.79   26.74
c rst  luby  svd  vmt   281   79K    2724   21K   888    4.09    4.01    40   103   39K    70   26.78   26.74
c rst  luby  svd  vmt   282   80K    2724   21K   888    4.09    4.01    40    59   40K    70   26.76   26.72
c rst  luby  svd  vmt   283   81K    2724   21K   888    4.09    4.01    40    59   41K    70   26.85   26.80
c rst  luby  svd  vmt   284   82K    2724   21K   888    4.09    4.01    40    59   42K    70   26.80   26.76
c [distill-long-red0] cls tried: 0/0 T: 0.00 T-out: N T-r: 100.00%
c [distill-long-red1] cls tried: 0/0 T: 0.00 T-out: N T-r: 100.00%
c [full-probe]  bin_only: 0 set: 0 repl: 0 T: 0.00 T-out: N T-r: 98.01%
c rst  luby  svd  vmt   285   82K    2724   21K   888    4.09    4.01    40    59   42K    70   26.81   26.77
c rst  luby  svd  vmt   286   82K    2724   21K   888    4.09    4.01    40    59   42K    70   26.82   26.78
c rst  luby  svd  vmt   287   83K    2724   21K   888    4.09    4.01    40    59   43K    70   26.83   26.79
c rst  luby  svd  vmt   288   83K    2724   21K   888    4.09    4.01    40    59   43K    70   26.84   26.80
c rst  luby  svd  vmt   289   83K    2724   21K   888    4.09    4.01    40    59   43K    70   26.84   26.80
c rst  luby  svd  vmt   290   83K    2724   21K   888    4.09    4.01    40    59   43K    70   26.85   26.81
c rst  luby  svd  vmt   291   83K    2724   21K   888    4.09    4.01    40    59   43K    70   26.85   26.81
c rst  luby  svd  vmt   292   84K    2724   21K   888    4.09    4.01    40    59   43K    70   26.86   26.82
c rst  luby  svd  vmt   293   84K    2724   21K   888    4.09    4.01    40    59   44K    70   26.88   26.84
c rst  luby  svd  vmt   294   84K    2724   21K   888    4.09    4.01    40    59   44K    70   26.95   26.91
c rst  luby  svd  vmt   295   84K    2724   21K   888    4.09    4.01    40    59   44K    70   26.95   26.91
c rst  luby  svd  vmt   296   84K    2724   21K   888    4.09    4.01    40    59   44K    70   26.97   26.93
c rst  luby  svd  vmt   297   84K    2724   21K   888    4.09    4.01    40    59   44K    70   27.05   27.01
c rst  luby  svd  vmt   298   85K    2724   21K   888    4.09    4.01    40    59   45K    70   27.14   27.10
c rst  luby  svd  vmt   299   85K    2724   21K   888    4.09    4.01    40    59   45K    70   27.10   27.06
c rst  geom best  vmt   300   86K    2724   21K   888    4.09    4.01    40    59   45K    70   27.09   27.06
c rst  geom best  vmt   301   86K    2724   21K   888    4.09    4.01    40    59   46K    70   27.09   27.05
c rst  geom best  vmt   302   86K    2724   21K   888    4.09    4.01    40    59   46K    70   27.07   27.03
c rst  geom best  vmt   303   86K    2724   21K   888    4.09    4.01    40    59   46K    70   27.04   27.01
c rst  geom best  vmt   304   86K    2724   21K   888    4.09    4.01    40    59   46K    70   27.02   26.98
c rst  geom best  vmt   305   86K    2724   21K   888    4.09    4.01    40    59   46K    70   26.99   26.95
c rst  geom best  vmt   306   87K    2724   21K   888    4.09    4.01    40    59   46K    70   26.95   26.91
c rst  geom best  vmt   307   87K    2724   21K   888    4.09    4.01    40    59   47K    70   26.91   26.87
c rst  geom best  vmt   308   87K    2724   21K   888    4.09    4.01    40    59   47K    70   26.87   26.83
c rst  geom best  vmt   309   87K    2724   21K   888    4.09    4.01    40    59   47K    70   26.82   26.79
c [branch] adjusting to: vsid (from: vmtf) var_decay:0.95 descr: VSIDS
c rst  geom best   vs   310   87K    2724   21K   888    4.09    4.01    40    59   47K    70   26.84   26.80
c rst  geom best   vs   311   87K    2724   21K   888    4.09    4.01    40    59   47K    70   26.83   26.79
c rst  geom best   vs   312   88K    2724   21K   888    4.09    4.01    40    59   47K    70   26.82   26.78
c rst  geom best   vs   313   88K    2724   21K   888    4.09    4.01    40    59   48K    70   26.81   26.78
c [ccnr] tries: 0 steps: 262143 best found: 16
c [ccnr] tries: 0 steps: 524287 best found: 11
c [ccnr] saving best assignment phase to stable_polar
c [ccnr] bumping based on var unsat frequency: conflict_ct
c [ccnr] Bumped vars: 3028 bump type: 6
c [ccnr] time: 0.39
c rst  geom best   vs   314   88K    2724   21K   888    4.09    4.01    40    59   48K    70   26.82   26.79
c rst  geom best   vs   315   88K    2724   21K   888    4.09    4.01    40    59   48K    70   26.83   26.80
c rst  geom best   vs   316   88K    2724   21K   888    4.09    4.01    40    59   48K    70   26.81   26.77
c rst  geom best   vs   317   88K    2724   21K   888    4.09    4.01    40    59   48K    70   26.78   26.74
c rst  geom best   vs   318   89K    2724   21K   888    4.09    4.01    40    59   49K    70   26.75   26.72
c rst  geom best   vs   319   89K    2724   21K   888    4.09    4.01    40    59   49K    70   26.72   26.69
c rst  geom best   vs   320   89K    2724   21K   888    4.09    4.01    40    59   49K    70   26.69   26.65
c rst  geom best   vs   321   90K    2724   21K   888    4.09    4.01    41    58   36K    70   27.07   27.02
c rst  geom best   vs   322   90K    2724   21K   888    4.09    4.01    41    58   36K    70   27.03   26.99
c rst  geom best   vs   323   90K    2724   21K   888    4.09    4.01    41    58   36K    70   27.02   26.97
c rst  geom best   vs   324   91K    2724   21K   888    4.09    4.01    41    58   37K    70   26.95   26.91
c rst  geom best   vs   325   91K    2724   21K   888    4.09    4.01    41    58   37K    70   27.00   26.95
c rst  geom best   vs   326   92K    2724   21K   888    4.09    4.01    41    58   38K    70   27.05   27.00
c rst  geom  stb   vs   327   92K    2724   21K   888    4.09    4.01    41    58   38K    70   27.07   27.02
c rst  geom  stb   vs   328   93K    2724   21K   888    4.09    4.01    41    58   39K    70   27.27   27.22
c rst  geom  stb   vs   329   93K    2724   21K   888    4.09    4.01    41    58   40K    70   27.35   27.30
c [distill-bin] useful: 0/888/888 lits-rem: 0 cl-rem: 0 0-depth-assigns: 0 T: 0.00 T-out: N
c rst  geom  stb   vs   330   94K    2724   21K   888    4.09    4.01    41    58   40K    70   27.34   27.29
c rst  geom  stb   vs   331   95K    2724   21K   888    4.09    4.01    41    58   41K    70   27.27   27.23
c rst  geom  stb   vs   332   96K    2724   21K   888    4.09    4.01    41    58   42K    70   27.34   27.30
c rst  geom  stb   vs   333   97K    2724   21K   888    4.09    4.01    41    58   43K    70   27.34   27.30
c rst  geom  stb   vs   334   98K    2724   21K   888    4.09    4.01    41    58   44K    70   27.48   27.44
c [distill-long-red0] cls tried: 0/0 T: 0.00 T-out: N T-r: 100.00%
c [distill-long-red1] cls tried: 0/0 T: 0.00 T-out: N T-r: 100.00%
c rst  geom ibes   vs   335   99K    2724   21K   888    4.09    4.01    41    58   45K    70   27.73   27.69
c rst  geom ibes   vs   336  100K    2724   21K   888    4.09    4.01    41    58   46K    70   27.68   27.64
c [impl-str] lit bin: 0 set-var: 0 T: 0.00 T-out: N T-r: 99.95% w-visit: 6056
c [impl-sub] bin: 0 T: 0.00 T-out: N w-visit: 6056
c rst  geom ibes   vs   337  102K    2724   21K   888    4.09    4.01    41    58   48K    70   27.62   27.59
c [branch] adjusting to: vmtf (from: vsid) var_decay:0.95 descr: VMTF
c [distill] watch-based irred--  cl tried     7522 cl-sh     0 cl-rem    0 lit-rem      0 T: 0.00 T-out: N
c [distill] watch-based   red--  cl tried       82 cl-sh     0 cl-rem    0 lit-rem      0 T: 0.00 T-out: N
c rst  luby ibes  vmt   338  102K    2724   21K   888    4.09    4.01    45   106   48K   100   27.94   27.89
c rst  luby ibes  vmt   339  102K    2724   21K   888    4.09    4.01    45   106   48K   100   27.96   27.91
c rst  luby ibes  vmt   340  102K    2724   21K   888    4.09    4.01    45   106   48K   100   27.96   27.90
c rst  luby ibes  vmt   341  102K    2724   21K   888    4.09    4.01    46   108   48K   100   27.94   27.88
c [full-probe]  bin_only: 1 set: 0 repl: 0 T: 0.00 T-out: N T-r: 99.78%
c rst  luby ibes  vmt   342  102K    2724   21K   888    4.09    4.01    46   108   48K   100   27.92   27.87
c rst  luby ibes  vmt   343  103K    2724   21K   888    4.09    4.01    46   108   49K   100   27.89   27.83
c rst  luby ibes  vmt   344  103K    2724   21K   888    4.09    4.01    46   108   49K   100   27.82   27.77
c rst  luby ibes  vmt   345  103K    2724   21K   888    4.09    4.01    46   108   49K   100   27.81   27.76
c rst  luby ibes  vmt   346  103K    2724   21K   888    4.09    4.01    46   108   49K   100   27.82   27.77
c rst  luby ibes  vmt   347  103K    2724   21K   888    4.09    4.01    46   108   49K   100   27.79   27.74
c rst  luby ibes  vmt   348  103K    2724   21K   888    4.09    4.01    46   108   50K   100   27.77   27.72
c rst  luby ibes  vmt   349  104K    2724   21K   888    4.09    4.01    46   108   50K   100   27.75   27.70
c rst  luby ibes  vmt   350  104K    2724   21K   888    4.09    4.01    46   108   50K   100   27.74   27.69
c rst  luby ibes  vmt   351  104K    2724   21K   888    4.09    4.01    46   108   50K   100   27.65   27.60
c rst  luby  svd  vmt   352  105K    2724   21K   888    4.09    4.01    47   110   37K   100   26.57   26.50
c rst  luby  svd  vmt   353  105K    2724   21K   888    4.09    4.01    47   110   37K   100   26.59   26.53
c rst  luby  svd  vmt   354  105K    2724   21K   888    4.09    4.01    47   110   37K   100   26.58   26.51
c rst  luby  svd  vmt   355  105K    2724   21K   888    4.09    4.01    47   110   38K   100   26.57   26.51
c rst  luby  svd  vmt   356  105K    2724   21K   888    4.09    4.01    47   110   38K   100   26.56   26.50
c rst  luby  svd  vmt   357  106K    2724   21K   888    4.09    4.01    47   110   38K   100   26.55   26.49
c rst  luby  svd  vmt   358  106K    2724   21K   888    4.09    4.01    47   110   38K   100   26.53   26.47
c rst  luby  svd  vmt   359  106K    2724   21K   888    4.09    4.01    47   110   38K   100   26.50   26.43
c rst  luby  svd  vmt   360  106K    2724   21K   888    4.09    4.01    47   110   39K   100   26.49   26.43
c rst  luby  svd  vmt   361  106K    2724   21K   888    4.09    4.01    47   110   39K   100   26.48   26.42
c rst  luby  svd  vmt   362  107K    2724   21K   888    4.09    4.01    47   110   39K   100   26.47   26.41
c rst  luby  svd  vmt   363  107K    2724   21K   888    4.09    4.01    47   110   39K   100   26.47   26.40
c rst  luby  svd  vmt   364  107K    2724   21K   888    4.09    4.01    47   110   39K   100   26.46   26.40
c rst  luby  svd  vmt   365  107K    2724   21K   888    4.09    4.01    47   110   39K   100   26.47   26.41
c rst  luby  svd  vmt   366  107K    2724   21K   888    4.09    4.01    47   110   40K   100   26.53   26.47
c rst  luby  svd  vmt   367  108K    2724   21K   888    4.09    4.01    47   110   40K   100   26.56   26.50
c rst  luby  svd  vmt   368  110K    2724   21K   888    4.09    4.01    66    91   42K   100   26.74   26.68
c rst  luby  svd  vmt   369  110K    2724   21K   888    4.09    4.01    66    91   42K   100   26.76   26.70
c rst  luby  svd  vmt   370  110K    2724   21K   888    4.09    4.01    66    91   42K   100   26.79   26.74
c rst  luby  svd  vmt   371  110K    2724   21K   888    4.09    4.01    66    91   42K   100   26.87   26.81
c rst  luby  svd  vmt   372  110K    2724   21K   888    4.09    4.01    66    91   43K   100   26.90   26.84
c rst  geom best  vmt   373  110K    2724   21K   888    4.09    4.01    66    91   43K   100   26.89   26.83
c rst  geom best  vmt   374  111K    2724   21K   888    4.09    4.01    66    91   43K   100   26.92   26.86
c rst  geom best  vmt   375  111K    2724   21K   888    4.09    4.01    66    91   43K   100   26.91   26.85
c rst  geom best  vmt   376  111K    2724   21K   888    4.09    4.01    66    91   43K   100   26.89   26.83
c rst  geom best  vmt   377  111K    2724   21K   888    4.09    4.01    66    91   43K   100   26.88   26.83
c rst  geom best  vmt   378  111K    2724   21K   888    4.09    4.01    66    91   43K   100   26.87   26.82
c rst  geom best  vmt   379  111K    2724   21K   888    4.09    4.01    66    91   44K   100   26.93   26.88
c rst  geom best  vmt   380  112K    2724   21K   888    4.09    4.01    66    91   44K   100   26.94   26.89
c rst  geom best  vmt   381  112K    2724   21K   888    4.09    4.01    66    91   44K   100   26.91   26.86
c rst  geom best  vmt   382  112K    2724   21K   888    4.09    4.01    66    91   44K   100   26.88   26.82
c rst  geom best  vmt   383  112K    2724   21K   888    4.09    4.01    66    91   45K   100   26.85   26.80
c rst  geom best  vmt   384  113K    2724   21K   888    4.09    4.01    66    91   45K   100   26.84   26.79
c rst  geom best  vmt   385  113K    2724   21K   888    4.09    4.01    66    91   45K   100   26.87   26.81
c [distill-long-red0] cls tried: 24/24 T: 0.00 T-out: N T-r: 99.97%
c [distill-long-red1] cls tried: 32/32 T: 0.00 T-out: N T-r: 72.05%
c rst  geom best  vmt   386  113K    2724   21K   888    4.09    4.01    67    91   46K   100   27.03   26.97
c rst  geom best  vmt   387  114K    2724   21K   888    4.09    4.01    67    91   46K   100   27.05   26.99
c [distill-bin] useful: 0/888/888 lits-rem: 0 cl-rem: 0 0-depth-assigns: 0 T: 0.00 T-out: N
c rst  geom best  vmt   388  114K    2724   21K   888    4.09    4.01    67    91   46K   100   27.05   27.00
c rst  geom best  vmt   389  115K    2724   21K   888    4.09    4.01    67    91   47K   100   26.98   26.92
c [gauss] XOR-encoding clauses are not detached, so no need to reattach them.
c [g 0] truth-find prop checks  : 1056K
c [g 0] -> of which prop        : 77.60 %
c [g 0] -> of which confl       :  2.82 %
c [g 0] elim called             : 22K
c [g 0] ---> which lead to prop : 75.05 %
c [g 0] ---> which lead to confl:  1.83 %
c [g 0] size: 48    x 464  
c [scc] new: 0 BP 0M T: 0.00
c [vrep] vars 0 lits 0 rem-bin-cls 0 rem-long-cls 0 BP 0M T: 0.00
c [intree] Set 0 vars hyper-added: 1 trans-irred: 0 trans-red: 0 T: 0.00 T-out: N T-r: -0.96%
c [find&init matx] performing matrix init
c [gauss] XOR-encoding clauses are not detached, so no need to reattach them.
c [xor-rem-unconnected] left with 2148 xors from 2148 non-empty xors T: 0.00
c [xor-together] xored together: 2100 orig xors: 2148 new xors: 48 T: 0.00
c [xor-rem-unconnected] left with 48 xors from 48 non-empty xors T: 0.00
c [xor-clean-equiv] removed equivalent xors: 0 left with: 48
c [matrix] unused xors from cleaning: 0
c [matrix] Good   matrix 0 48      x464    density:0.1976  xorlen avg: 91.67
c [matrix] Using 1 matrices recovered from 0 xors T: 0.00 T-out: N
c rst  geom best vmt  390   115 K 2724      21K   888 4.09    4.01       67    91   48K   101 27.12   27.07  
c rst  geom best vmt  391   116 K 2724      21K   888 4.09    4.01       67    91   48K   101 27.14   27.09  
c rst  geom best vmt  392   117 K 2724      21K   888 4.09    4.01       67    91   49K   101 27.10   27.05  
c rst  geom stb  vmt  393   117 K 2724      21K   888 4.09    4.01       67    91   50K   101 27.08   27.03  
c [branch] adjusting to: vsid (from: vmtf) var_decay:0.95 descr: VSIDS
c rst  geom stb  vs   394   117 K 2724      21K   888 4.09    4.01       67    91   50K   101 27.07   27.02  
c rst  geom stb  vs   395   117 K 2724      21K   888 4.09    4.01       67    91   50K   101 27.07   27.02  
c rst  geom stb  vs   396   118 K 2724      21K   888 4.09    4.01       67    91   50K   101 27.07   27.02  
c rst  geom stb  vs   397   118 K 2724      21K   888 4.09    4.01       67    91   50K   101 27.12   27.07  
c rst  geom stb  vs   398   118 K 2724      21K   888 4.09    4.01       67    91   50K   101 27.16   27.11  
c rst  geom stb  vs   399   118 K 2724      21K   888 4.09    4.01       67    91   50K   101 27.17   27.12  
c rst  geom stb  vs   400   118 K 2724      21K   888 4.09    4.01       67    91   51K   101 27.18   27.13  
c rst  geom stb  vs   401   119 K 2724      21K   888 4.09    4.01       67    91   51K   101 27.16   27.11  
c rst  geom stb  vs   402   119 K 2724      21K   888 4.09    4.01       67    91   51K   101 27.23   27.18  
c rst  geom stb  vs   403   119 K 2724      21K   888 4.09    4.01       67    91   51K   101 27.27   27.22  
c rst  geom stb  vs   404   119 K 2724      21K   888 4.09    4.01       67    91   52K   101 27.30   27.25  
c rst  geom stb  vs   405   120 K 2724      21K   888 4.09    4.01       67    91   37K   101 28.29   28.22  
c rst  geom stb  vs   406   120 K 2724      21K   888 4.09    4.01       67    91   37K   101 28.26   28.19  
c rst  geom stb  vs   407   120 K 2724      21K   888 4.09    4.01       67    91   38K   101 28.30   28.23  
c rst  geom stb  vs   408   121 K 2724      21K   888 4.09    4.01       67    91   38K   101 28.29   28.22  
c rst  geom stb  vs   409   121 K 2724      21K   888 4.09    4.01       67    91   39K   101 28.31   28.25  
c rst  geom stb  vs   410   122 K 2724      21K   888 4.09    4.01       67    91   39K   101 28.32   28.26  
c rst  geom stb  vs   411   122 K 2724      21K   888 4.09    4.01       67    91   40K   101 28.32   28.25  
c rst  geom stb  vs   412   123 K 2724      21K   888 4.09    4.01       67    91   40K   101 28.30   28.24  
c [full-probe]  bin_only: 0 set: 0 repl: 0 T: 0.00 T-out: N T-r: 98.07%
c rst  geom ibes vs   413   123 K 2724      21K   888 4.09    4.01       67    91   41K   103 28.23   28.17  
c rst  geom ibes vs   414   124 K 2724      21K   888 4.09    4.01       67    91   42K   103 28.21   28.15  
c rst  geom ibes vs   415   125 K 2724      21K   888 4.09    4.01       67    91   42K   103 28.06   28.00  
c rst  geom ibes vs   416   126 K 2724      21K   888 4.09    4.01       67    91   43K   103 27.96   27.90  
c rst  geom ibes vs   417   127 K 2724      21K   888 4.09    4.01       67    91   44K   103 27.82   27.76  
c [distill] watch-based irred--  cl tried 7522     cl-sh 0     cl-rem 0    lit-rem 0      T: 0.00 T-out: N
c [distill] watch-based red  --  cl tried 134      cl-sh 0     cl-rem 0    lit-rem 0      T: 0.00 T-out: N
c rst  geom ibes vs   418   128 K 2724      21K   888 4.09    4.01       67    91   45K   103 27.73   27.67  
c rst  geom ibes vs   419   129 K 2724      21K   888 4.09    4.01       67    91   47K   103 27.63   27.58  
c [distill-long-red0] cls tried: 1/1 T: 0.00 T-out: N T-r: 100.00%
c [distill-long-red1] cls tried: 0/0 T: 0.00 T-out: N T-r: 100.00%
c rst  geom ibes vs   420   130 K 2724      21K   888 4.09    4.01       67    91   48K   103 27.63   27.57  
c rst  geom svd  vs   421   132 K 2724      21K   888 4.09    4.01       67    91   49K   103 27.97   27.92  
c rst  geom svd  vs   422   133 K 2724      21K   888 4.09    4.01       67    91   51K   103 28.08   28.03  
c [ccnr] tries: 0 steps: 262143 best found: 13
c [ccnr] tries: 0 steps: 524287 best found: 9
c [ccnr] saving best assignment phase to stable_polar
c [ccnr] bumping based on var unsat frequency: conflict_ct
c [ccnr] Bumped vars: 3028 bump type: 6
c [ccnr] time: 0.36
c rst  geom svd  vs   423   134 K 2724      21K   888 4.09    4.01       67    91   51K   103 28.13   28.08  
c recursive minimization cost OK: 351Kcost/(% lits removed)
c [gauss] XOR-encoding clauses are not detached, so no need to reattach them.
c [g 0] truth-find prop checks  : 349K
c [g 0] -> of which prop        : 73.71 %
c [g 0] -> of which confl       :  2.72 %
c [g 0] elim called             : 9854
c [g 0] ---> which lead to prop : 63.04 %
c [g 0] ---> which lead to confl:  1.37 %
c [g 0] size: 48    x 464  
c --> Executing strategy token: scc-vrepl
c [scc] new: 1 BP 0M T: 0.00
c --> Executing strategy token: sub-impl
c [impl-sub] bin: 32 T: 0.00 T-out: N w-visit: 6056
c --> Executing strategy token: breakid
c --> Executing OCC strategy token(s): 'occ-backw-sub-str,occ-clean-implicit,occ-bve,occ-bva,occ-ternary-res,occ-xor,'
c [occ] mem usage for occur 1      MB
c [occ] Linked in IRRED BIN by default: 888
c [occ] Linked in RED   BIN by default: 71
c [occ] mem usage for occur 0      MB
c Mem for watch alloc      : 8           MB (22.53     %)
c Mem for watch array      : 0           MB (0.37      %)
c --> Executing OCC strategy token: occ-backw-sub-str
c [occ-backw-sub-str-long-w-bins] subs: 0 str: 0 tried: 4825 0-depth ass: 0 T: 0.00 T-out: N T-r: 99.69%
c [occ-backw-sub-long-w-long] rem cl: 606 tried: 73047/73047 (100.0%) T: 0.01 T-out: N T-r: 95.78%
c [occ-backw-sub-str-long-w-long] sub: 3 str: 158 tried: 219141/73047 (300.0)  T: 0.05 T-out: N T-r: 87.64%
c --> Executing OCC strategy token: occ-clean-implicit
c --> Executing OCC strategy token: occ-bve
c [occ-empty-res] Empty resolvent elimed: 0 T: 0.00 T-out: N
c [occ-bve] iter v-elim 0
c cl_inc_rate=1.0, var_dec_rate=1.0 (grow=0)
c Reduced to 2724 vars, 21336 cls (grow=0)
c [occ-bve] iter v-elim 7
c cl_inc_rate=1.0, var_dec_rate=1.0 (grow=8)
c Reduced to 2717 vars, 21313 cls (grow=8)
c [occ-bve] iter v-elim 1086
c cl_inc_rate=1.8, var_dec_rate=1.7 (grow=16)
c Reduced to 1631 vars, 38498 cls (grow=16)
c x n vars       : 1631
c #try to eliminate:  9737
c #var-elim        :  1093
c #T-o: N
c #T-r: 99.80%
c #T  : 0.21
c [occur] 0.02 is overhead
c [occur] link-in T: 0.02 cleanup T: 0.00
c --> Executing OCC strategy token: occ-bva
c --> Executing OCC strategy token: occ-ternary-res
c [occ-ternary-res] Ternary res-tri: 0 res-bin: 0 sub: 0 str: 0 T: 0.00 T-out: N T-r: 99.55%
c --> Executing OCC strategy token: occ-xor
c [occ-xor] sort occur list T: 0.00
c [xor-clean-equiv] removed equivalent xors: 0 left with: 1090
c [occ-xor] found   1090 avg sz 5.9 min sz  4 max sz  6 T: 0.01 T-out: N T-r: 99.97%
c --> Executing strategy token: card-find
c --> Executing strategy token: cl-consolidate
c Not consolidating memory.
c --> Executing strategy token: scc-vrepl
c [scc] new: 1 BP 0M T: 0.00
c [vrep] vars 1 lits 4038 rem-bin-cls 4 rem-long-cls 0 BP 0M T: 0.00
c --> Executing strategy token: renumber
c [gauss] XOR-encoding clauses are not detached, so no need to reattach them.
c [renumber] T: 0.00
c --> Executing strategy token: bosphorus
c --> Executing strategy token: louvain-comms
c [consolidate] mini T: 0.00
c global_timeout_multiplier: 3.6300
c [branch] rebuilding order heap for all branchings. Current branching: vsid
c [find&init matx] performing matrix init
c [gauss] XOR-encoding clauses are not detached, so no need to reattach them.
c [xor-rem-unconnected] left with 1090 xors from 1090 non-empty xors T: 0.00
c [xor-together] xored together: 1042 orig xors: 1090 new xors: 48 T: 0.00
c [xor-rem-unconnected] left with 48 xors from 48 non-empty xors T: 0.00
c [xor-clean-equiv] removed equivalent xors: 0 left with: 48
c [matrix] unused xors from cleaning: 0
c [matrix] Good   matrix  0     48 x  462  density:0.1984  xorlen avg: 91.67
c [matrix] Using 1 matrices recovered from 0 xors T: 0.00 T-out: N
c [distill-bin] useful: 2/792/792 lits-rem: 0 cl-rem: 2 0-depth-assigns: 0 T: 0.01 T-out: N
c rst  geom  svd   vs   424  135K    1630   37K   790    5.86    5.78    12    55   32K    66   26.72   26.67
c [branch] adjusting to: vmtf (from: vsid) var_decay:0.95 descr: VMTF
c rst  luby  svd  vmt   425  135K    1630   37K   790    5.86    5.78    21    81   32K    66   26.66   26.61
c rst  luby  svd  vmt   426  135K    1630   37K   790    5.86    5.78    22    90   32K    66   26.67   26.62
c rst  luby  svd  vmt   427  135K    1630   37K   790    5.86    5.78    22    90   32K    66   26.89   26.84
c rst  luby  svd  vmt   428  135K    1630   37K   790    5.86    5.78    22    90   32K    66   26.94   26.89
c rst  luby  svd  vmt   429  136K    1630   37K   790    5.86    5.78    22    90   32K    66   26.95   26.90
c rst  luby  svd  vmt   430  136K    1630   37K   790    5.86    5.78    22    90   32K    66   27.02   26.97
c rst  luby  svd  vmt   431  136K    1630   37K   790    5.86    5.78    22    90   33K    66   27.19   27.14
c rst  luby  svd  vmt   432  136K    1630   37K   790    5.86    5.78    22    90   33K    66   27.23   27.18
c rst  luby  svd  vmt   433  136K    1630   37K   790    5.86    5.78    22    90   33K    66   27.24   27.19
c rst  luby  svd  vmt   434  137K    1630   37K   790    5.86    5.78    22    90   33K    66   27.29   27.24
c rst  luby  svd  vmt   435  137K    1630   37K   790    5.86    5.78    22    91   33K    66   27.29   27.24
c rst  geom best  vmt   436  137K    1630   37K   790    5.86    5.78    22    91   33K    66   27.28   27.23
c rst  geom best  vmt   437  137K    1630   37K   790    5.86    5.78    22    91   34K    66   27.35   27.30
c rst  geom best  vmt   438  137K    1630   37K   790    5.86    5.78    22    91   34K    66   27.53   27.48
c rst  geom best  vmt   439  137K    1630   37K   790    5.86    5.78    22    93   34K    67   27.54   27.49
c rst  geom best  vmt   440  137K    1630   37K   790    5.86    5.78    25    93   34K    67   27.56   27.51
c rst  geom best  vmt   441  138K    1630   37K   790    5.86    5.78    25    96   34K    67   27.53   27.48
c rst  geom best  vmt   442  138K    1630   37K   790    5.86    5.78    26    96   34K    67   27.56   27.51
c rst  geom best  vmt   443  138K    1630   37K   790    5.86    5.78    26    96   35K    67   27.67   27.62
c rst  geom best  vmt   444  138K    1630   37K   790    5.86    5.78    26    96   35K    67   27.67   27.62
c rst  geom best  vmt   445  138K    1630   37K   790    5.86    5.78    26    96   35K    67   27.69   27.65
c rst  geom best  vmt   446  139K    1630   37K   790    5.86    5.78    26    96   35K    67   27.67   27.63
c rst  geom best  vmt   447  139K    1630   37K   790    5.86    5.78    26    96   36K    67   27.65   27.61
c rst  geom best  vmt   448  139K    1630   37K   790    5.86    5.78    26    96   36K    67   27.68   27.64
c rst  geom best  vmt   449  140K    1630   37K   790    5.86    5.78    40    82   36K    67   27.67   27.62
c rst  geom best  vmt   450  140K    1630   37K   790    5.86    5.78    40    82   37K    67   27.67   27.63
c rst  geom best  vmt   451  141K    1630   37K   790    5.86    5.78    41    90   37K    67   27.62   27.58
c rst  geom best  vmt   452  141K    1630   37K   790    5.86    5.78    41    90   38K    67   27.53   27.49
c rst  geom best  vmt   453  142K    1630   37K   790    5.86    5.78    41    90   38K    67   27.49   27.45
c rst  geom best  vmt   454  142K    1630   37K   790    5.86    5.78    41    90   39K    67   27.57   27.52
c rst  geom best  vmt   455  143K    1630   37K   790    5.86    5.78    41    90   40K    67   27.64   27.60
c [full-probe]  bin_only: 1 set: 1 repl: 0 T: 0.00 T-out: N T-r: 99.65%
c rst  geom best  vmt   456  144K    1629   37K   790    5.86    5.78    41    90   40K    67   27.66   27.62
c rst  geom  stb  vmt   457  144K    1629   37K   790    5.86    5.78    41    90   41K    67   27.67   27.63
c [distill-long-red0] cls tried: 29/29 T: 0.00 T-out: N T-r: 99.95%
c [distill-long-red1] cls tried: 37/37 T: 0.00 T-out: N T-r: 69.53%
c rst  geom  stb  vmt   458  145K    1629   37K   790    5.86    5.78    41    90   42K    67   27.67   27.63
c rst  geom  stb  vmt   459  146K    1629   37K   790    5.86    5.78    41    90   43K    67   27.60   27.56
c rst  geom  stb  vmt   460  147K    1629   37K   790    5.86    5.78    41    90   44K    67   27.71   27.67
c rst  geom  stb  vmt   461  148K    1629   37K   790    5.86    5.78    42    91   45K    67   27.68   27.64
c rst  geom  stb  vmt   462  150K    1629   37K   790    5.86    5.78    48   102   35K    67   27.89   27.84
c rst  geom  stb  vmt   463  151K    1629   37K   790    5.86    5.78    48   102   36K    67   28.14   28.09
c rst  geom ibes  vmt   464  153K    1629   37K   790    5.86    5.78    48   102   38K    67   27.82   27.77
c [distill] watch-based irred--  cl tried     7060 cl-sh     0 cl-rem    0 lit-rem      0 T: 0.00 T-out: N
c [distill] watch-based   red--  cl tried       95 cl-sh     3 cl-rem    1 lit-rem      3 T: 0.00 T-out: N
c rst  geom ibes  vmt   465  154K    1629   37K   789    5.86    5.78    47   102   39K    67   27.47   27.43
c [branch] adjusting to: vsid (from: vmtf) var_decay:0.95 descr: VSIDS
c [distill-bin] useful: 1/789/789 lits-rem: 0 cl-rem: 1 0-depth-assigns: 0 T: 0.01 T-out: N
c rst  geom ibes   vs   466  154K    1629   37K   788    5.86    5.78    47   102   39K    67   27.47   27.43
c rst  geom ibes   vs   467  155K    1629   37K   788    5.86    5.78    47   102   39K    67   27.47   27.43
c rst  geom ibes   vs   468  155K    1629   37K   788    5.86    5.78    47   102   39K    67   27.44   27.39
c rst  geom ibes   vs   469  155K    1629   37K   788    5.86    5.78    47   102   39K    67   27.44   27.40
c rst  geom ibes   vs   470  155K    1629   37K   788    5.86    5.78    47   102   39K    67   27.46   27.42
c rst  geom ibes   vs   471  155K    1629   37K   788    5.86    5.78    47   102   40K    67   27.43   27.39
c rst  geom ibes   vs   472  155K    1629   37K   788    5.86    5.78    47   102   40K    67   27.39   27.35
c rst  geom ibes   vs   473  156K    1629   37K   788    5.86    5.78    47   102   40K    67   27.34   27.30
c rst  geom ibes   vs   474  156K    1629   37K   788    5.86    5.78    47   102   40K    67   27.30   27.26
c rst  geom ibes   vs   475  156K    1629   37K   788    5.86    5.78    47   102   41K    67   27.26   27.22
c rst  geom ibes   vs   476  156K    1629   37K   788    5.86    5.78    48   102   41K    67   27.22   27.18
c rst  geom ibes   vs   477  157K    1629   37K   788    5.86    5.78    48   102   41K    67   27.17   27.13
c rst  geom ibes   vs   478  157K    1629   37K   788    5.86    5.78    48   102   41K    67   27.08   27.04
c rst  geom ibes   vs   479  157K    1629   37K   788    5.86    5.78    48   102   42K    67   27.07   27.03
c rst  geom ibes   vs   480  158K    1629   37K   788    5.86    5.78    48   102   42K    67   26.96   26.93
c rst  geom  svd   vs   481  158K    1629   37K   788    5.86    5.78    48   102   43K    67   27.00   26.96
c rst  geom  svd   vs   482  159K    1629   37K   788    5.86    5.78    49   103   43K    67   27.18   27.14
c rst  geom  svd   vs   483  159K    1629   37K   788    5.86    5.78    49   105   44K    67   27.31   27.27
c rst  geom  svd   vs   484  160K    1629   37K   788    5.86    5.78    52   100   44K    67   27.50   27.47
c [distill-long-red0] cls tried: 6/6 T: 0.00 T-out: N T-r: 99.99%
c [distill-long-red1] cls tried: 19/19 T: 0.00 T-out: N T-r: 92.86%
c rst  geom  svd   vs   485  161K    1629   37K   788    5.86    5.78    52   109   45K    67   27.59   27.55
c [impl-str] lit bin: 0 set-var: 0 T: 0.00 T-out: N T-r: 99.95% w-visit: 3260
c [impl-sub] bin: 0 T: 0.00 T-out: N w-visit: 3260
c rst  geom  svd   vs   486  161K    1629   37K   788    5.86    5.78    52   109   46K    67   27.63   27.60
c rst  geom  svd   vs   487  162K    1629   37K   788    5.86    5.78    52   109   47K    67   27.64   27.60
c rst  geom  svd   vs   488  163K    1629   37K   788    5.86    5.78    52   109   47K    67   27.70   27.66
c [full-probe]  bin_only: 0 set: 0 repl: 0 T: 0.00 T-out: N T-r: 97.45%
c rst  geom  svd   vs   489  164K    1629   37K   788    5.86    5.78    52   109   48K    67   27.66   27.62
c rst  geom  svd   vs   490  165K    1629   37K   788    5.86    5.78    52   109   35K    67   27.89   27.84
c rst  geom best   vs   491  166K    1629   37K   788    5.86    5.78    52   109   37K    67   27.75   27.71
c rst  geom best   vs   492  167K    1629   37K   788    5.86    5.78    52   109   38K    67   27.75   27.70
c rst  geom best   vs   493  169K    1629   37K   788    5.86    5.78    52   109   39K    67   27.67   27.63
c rst  geom best   vs   494  170K    1629   37K   788    5.86    5.78    60   102   41K    67   27.39   27.35
c rst  geom best   vs   495  172K    1629   37K   788    5.86    5.78    60   102   43K    67   27.38   27.34
c rst  geom  stb   vs   496  174K    1629   37K   788    5.86    5.78    60   102   44K    67   27.50   27.46
c rst  geom  stb   vs   497  176K    1629   37K   788    5.86    5.78    60   102   46K    67   27.42   27.38
c [branch] adjusting to: vmtf (from: vsid) var_decay:0.95 descr: VMTF
c [distill-long-red0] cls tried: 6/6 T: 0.00 T-out: N T-r: 99.99%
c [distill-long-red1] cls tried: 4/4 T: 0.00 T-out: N T-r: 99.32%
c [distill-bin] useful: 0/788/788 lits-rem: 0 cl-rem: 0 0-depth-assigns: 0 T: 0.01 T-out: N
c rst  luby  stb  vmt   498  176K    1629   37K   788    5.86    5.78    60   102   47K    67   27.41   27.37
c rst  luby  stb  vmt   499  176K    1629   37K   788    5.86    5.78    60   102   47K    67   27.42   27.39
c rst  luby  stb  vmt   500  176K    1629   37K   788    5.86    5.78    60   102   47K    67   27.40   27.36
c rst  luby  stb  vmt   501  176K    1629   37K   788    5.86    5.78    60   102   47K    67   27.39   27.35
c rst  luby  stb  vmt   502  177K    1629   37K   788    5.86    5.78    60   102   47K    67   27.40   27.37
c rst  luby  stb  vmt   503  177K    1629   37K   788    5.86    5.78    60   102   47K    67   27.42   27.38
c rst  luby  stb  vmt   504  177K    1629   37K   788    5.86    5.78    60   102   48K    67   27.49   27.45
c rst  luby  stb  vmt   505  177K    1629   37K   788    5.86    5.78    61   102   48K    67   27.51   27.47
c [ccnr] saving best assignment phase to stable_polar
c [ccnr] bumping based on clause weights
c [ccnr] Bumped vars: 104 bump type: 6
c [ccnr] time: 0.29
c rst  luby  stb  vmt   506  177K    1629   37K   788    5.86    5.78    61   107   48K    67   27.52   27.48
c rst  luby  stb  vmt   507  178K    1629   37K   788    5.86    5.78    61   113   48K    67   27.50   27.46
c rst  luby  stb  vmt   508  178K    1629   37K   788    5.86    5.78    62   118   48K    67   27.49   27.45
c [distill] watch-based irred--  cl tried     7060 cl-sh     0 cl-rem    0 lit-rem      0 T: 0.00 T-out: N
c [distill] watch-based   red--  cl tried      124 cl-sh     0 cl-rem    0 lit-rem      0 T: 0.00 T-out: N
c rst  luby  stb  vmt   509  178K    1629   37K   788    5.86    5.78    62   119   48K    67   27.48   27.45
c rst  luby  stb  vmt   510  178K    1629   37K   788    5.86    5.78    62   121   48K    67   27.45   27.42
c rst  luby  stb  vmt   511  178K    1629   37K   788    5.86    5.78    62   121   49K    67   27.34   27.31
c rst  luby  stb  vmt   512  179K    1629   37K   788    5.86    5.78    62   130   50K    67   27.16   27.13
c rst  luby ibes  vmt   513  179K    1629   37K   788    5.86    5.78    63   132   50K    67   27.14   27.11
c rst  luby ibes  vmt   514  179K    1629   37K   788    5.86    5.78    63   132   50K    67   27.12   27.08
c rst  luby ibes  vmt   515  180K    1629   37K   788    5.86    5.78    79   142   37K    67   26.41   26.36
c rst  luby ibes  vmt   516  180K    1629   37K   788    5.86    5.78    79   145   37K    67   26.38   26.34
c rst  luby ibes  vmt   517  180K    1629   37K   788    5.86    5.78    79   147   37K    67   26.35   26.30
c [gauss] XOR-encoding clauses are not detached, so no need to reattach them.
c [g 0] truth-find prop checks  : 959K
c [g 0] -> of which prop        : 65.60 %
c [g 0] -> of which confl       :  2.19 %
c [g 0] elim called             : 55K
c [g 0] ---> which lead to prop : 52.31 %
c [g 0] ---> which lead to confl:  1.87 %
c [g 0] size: 48    x 462  
c [scc] new: 0 BP 0M T: 0.00
c [vrep] vars 0 lits 0 rem-bin-cls 0 rem-long-cls 0 BP 0M T: 0.00
c [intree] Set 0 vars hyper-added: 5 trans-irred: 0 trans-red: 0 T: 0.00 T-out: N T-r: -1.10%
c [find&init matx] performing matrix init
c [gauss] XOR-encoding clauses are not detached, so no need to reattach them.
c [xor-rem-unconnected] left with 1090 xors from 1090 non-empty xors T: 0.00
c [xor-together] xored together: 1042 orig xors: 1090 new xors: 48 T: 0.00
c [xor-rem-unconnected] left with 48 xors from 48 non-empty xors T: 0.00
c [xor-clean-equiv] removed equivalent xors: 0 left with: 48
c [matrix] unused xors from cleaning: 0
c [matrix] Good   matrix 0 48      x461    density:0.1984  xorlen avg: 91.48
c [matrix] Using 1 matrices recovered from 0 xors T: 0.00 T-out: N
c rst  luby ibes vmt  518   180 K 1629      37K   788 5.86    5.78       79   150   37K    72 26.33   26.29  
c rst  luby ibes vmt  519   180 K 1629      37K   788 5.86    5.78       79   150   37K    72 26.19   26.15  
c rst  luby ibes vmt  520   180 K 1629      37K   788 5.86    5.78       79   150   38K    72 26.16   26.12  
c rst  luby ibes vmt  521   181 K 1629      37K   788 5.86    5.78       79   150   38K    72 26.13   26.08  
c rst  luby ibes vmt  522   181 K 1629      37K   788 5.86    5.78       79   150   38K    72 26.06   26.01  
c [g  <0] Disabling GJ-elim in this round.  Usefulness was: 18.6383%  over 76053 calls
c rst  luby ibes vmt  523   181 K 1629      37K   788 5.86    5.78       79   150   38K    72 26.02   25.98  
c rst  luby ibes vmt  524   181 K 1629      37K   788 5.86    5.78       79   150   38K    72 25.99   25.94  
c rst  luby ibes vmt  525   181 K 1629      37K   788 5.86    5.78       79   150   38K    72 25.92   25.87  
c rst  luby ibes vmt  526   182 K 1629      37K   788 5.86    5.78       79   150   39K    72 25.78   25.73  
c rst  luby ibes vmt  527   182 K 1629      37K   788 5.86    5.78       79   150   39K    72 25.50   25.45  
c rst  luby ibes vmt  528   184 K 1629      37K   788 5.86    5.78       79   150   41K    72 24.95   24.91  
c [full-probe]  bin_only: 1 set: 0 repl: 0 T: 0.00 T-out: N T-r: 99.82%
c rst  luby ibes vmt  529   184 K 1629      37K   788 5.86    5.78       79   151   41K    72 24.92   24.88  
c rst  luby ibes vmt  530   184 K 1629      37K   788 5.86    5.78       79   151   41K    72 24.89   24.85  
c rst  luby ibes vmt  531   184 K 1629      37K   788 5.86    5.78       79   151   41K    72 24.82   24.78  
c rst  luby ibes vmt  532   185 K 1629      37K   788 5.86    5.78       79   151   42K    72 24.79   24.76  
c rst  luby ibes vmt  533   185 K 1629      37K   788 5.86    5.78       79   151   42K    72 24.77   24.73  
c rst  luby ibes vmt  534   185 K 1629      37K   788 5.86    5.78       79   153   42K    72 24.71   24.67  
c rst  luby ibes vmt  535   185 K 1629      37K   788 5.86    5.78       79   154   42K    72 24.60   24.56  
c rst  luby ibes vmt  536   185 K 1629      37K   788 5.86    5.78       79   154   42K    72 24.57   24.54  
c rst  luby ibes vmt  537   185 K 1629      37K   788 5.86    5.78       79   154   42K    72 24.55   24.51  
c rst  luby ibes vmt  538   186 K 1629      37K   788 5.86    5.78       79   156   43K    72 24.50   24.47  
c rst  luby ibes vmt  539   186 K 1629      37K   788 5.86    5.78       79   156   43K    72 24.48   24.44  
c rst  luby ibes vmt  540   186 K 1629      37K   788 5.86    5.78       79   156   43K    72 24.45   24.41  
c rst  luby ibes vmt  541   186 K 1629      37K   788 5.86    5.78       79   156   43K    72 24.40   24.36  
c rst  luby svd  vmt  542   186 K 1629      37K   788 5.86    5.78       79   156   43K    72 24.30   24.26  
c rst  luby svd  vmt  543   187 K 1629      37K   788 5.86    5.78       79   156   44K    72 24.10   24.06  
c rst  luby svd  vmt  544   187 K 1629      37K   788 5.86    5.78       81   156   44K    72 24.10   24.06  
c rst  luby svd  vmt  545   187 K 1629      37K   788 5.86    5.78       81   160   44K    72 24.08   24.05  
c rst  luby svd  vmt  546   188 K 1629      37K   788 5.86    5.78       81   160   45K    72 24.05   24.01  
c rst  luby svd  vmt  547   188 K 1629      37K   788 5.86    5.78       82   166   45K    72 24.08   24.04  
c rst  luby svd  vmt  548   188 K 1629      37K   788 5.86    5.78       84   168   45K    72 24.14   24.11  
c rst  luby svd  vmt  549   188 K 1629      37K   788 5.86    5.78       86   182   45K    72 24.22   24.18  
c rst  luby svd  vmt  550   188 K 1629      37K   788 5.86    5.78       86   183   45K    72 24.18   24.14  
c rst  luby svd  vmt  551   189 K 1629      37K   788 5.86    5.78       86   186   46K    72 24.16   24.13  
c rst  luby svd  vmt  552   189 K 1629      37K   788 5.86    5.78       86   186   46K    72 24.14   24.10  
c rst  luby svd  vmt  553   189 K 1629      37K   788 5.86    5.78       86   186   46K    72 24.12   24.09  
c rst  luby svd  vmt  554   189 K 1629      37K   788 5.86    5.78       86   187   46K    72 24.11   24.08  
c rst  luby svd  vmt  555   189 K 1629      37K   788 5.86    5.78       86   187   46K    72 24.11   24.07  
c rst  luby svd  vmt  556   189 K 1629      37K   788 5.86    5.78       86   189   46K    72 24.07   24.04  
c rst  luby svd  vmt  557   190 K 1629      37K   788 5.86    5.78      128   160   47K    72 24.22   24.19  
c rst  luby svd  vmt  558   190 K 1629      37K   788 5.86    5.78      128   173   47K    72 24.15   24.12  
c rst  luby svd  vmt  559   191 K 1629      37K   788 5.86    5.78      128   180   48K    72 24.16   24.13  
c ------- FINAL TOTAL SEARCH STATS ---------
c UIP search time          : 11.96       (96.23     % time)
c All times are for this thread only except if explicitly specified
c restarts                 : 559         (342.16    confls per restart)
c blocked restarts         : 0           (0.00      per normal restart)
c time                     : 11.96       
c decisions                : 210582      (0.00      % random)
c propagations             : 15546K      (1299K     props/s)
c decisions/conflicts      : 1.10        
c conflicts                : 191269      
c LEARNT stats
c units learnt             : 0           (0.00      % of conflicts)
c bins learnt              : 51          (0.03      % of conflicts)
c long learnt              : 191218      (99.97     % of conflicts)
c red which0               : 61          (0.03      % of confl)
c SEAMLESS HYPERBIN&TRANS-RED stats
c advProp called           : 0           
c hyper-bin add bin        : 0           (0.00      bin/call)
c trans-red rem irred bin  : 0           (0.00      bin/call)
c trans-red rem red bin    : 0           (0.00      bin/call)
c CONFL LITS stats
c orig                     : 45353334    (237.12    lit/confl)
c recurs-min effective     : 190234      (99.46     % attempt successful)
c recurs-min lits          : 39781715    (87.72     % less overall)
c permDiff call%           : 0.21        (0.00      % attempt successful)
c permDiff lits-rem        : 0           (0.00      less lits/cl on attempts)
c further-min call%        : 0.00        (20.00     % attempt successful)
c bintri-min lits          : 1           (0.00      % less overall)
c final avg                : 29.13       
c all-threads sum CPU time : 11.96        s
c PROP stats
c Mbogo-props              : 25.97       (2.17      / sec)
c MHyper-props             : 0.04        (0.00      / sec)
c Mprops                   : 15.55       (1.30      / sec)
c -------- OccSimplifier STATS ----------
c time                     : 0.21        (0.00      % var-elim)
c called                   : 2           (0.10      s per call)
c 0-depth assigns          : 0           (0.00      % vars)
c -------- OccSimplifier STATS END ----------
c -------- SubsumeStrengthen STATS ----------
c cl-subs                  : 688          Clauses
c cl-str rem lit           : 186          Lits
c cl-sub T                 : 0.02         s
c cl-str T                 : 0.13         s
c -------- SubsumeStrengthen STATS END ----------
c ----- SCC STATS --------
c time                     : 0.00        (0.00      per call)
c called                   : 8           (1.00      new found per call)
c found                    : 8           (50.00     % of all found)
c bogoprops                : 301748      % of all found
c ----- SCC STATS END --------
c --------- VAR REPLACE STATS ----------
c time                     : 0.03        (0.01      per call)
c trees' crown             : 6           (0.20      % of vars)
c 0-depth assigns          : 0           (0.00      % vars)
c lits replaced            : 20138       
c bin cls removed          : 30          
c long cls removed         : 0           
c long lits removed        : 410         
c bogoprops                : 1243341     
c --------- VAR REPLACE STATS END ----------
c vrep replace time        : 0.03        (0.23      % time)
c vrep tree roots          : 3           
c vrep trees' crown        : 6           (2.00      leafs/tree)
c -------- DISTILL-BIN STATS --------
c time                     : 0.06        (0.01      per call)
c timed out                : 1           (11.11     % of calls)
c distill/checked/potential: 0          /9850/9968
c lits-rem                 : 0           
c 0-depth-assigns          : 0           (0.00      % of vars)
c -------- DISTILL STATS END --------
c -------- STRENGTHEN STATS --------
c --> watch-based on irred cls
c time                     : 0.01        (0.00      s/call)
c shrinked/tried/total     : 139        /39692/352984
c subsumed/tried/total     : 156        /39692/352984
c lits-rem                 : 145         (0.08      % of lits tried)
c called                   : 14          (0.00      % ran out of time)
c --> watch-based on red cls
c time                     : 0.00        (0.00      s/call)
c shrinked/tried/total     : 6          /791/791
c subsumed/tried/total     : 1          /791/791
c lits-rem                 : 10          (0.27      % of lits tried)
c called                   : 14          (0.00      % ran out of time)
c -------- STRENGTHEN STATS END --------
c -------- IMPLICIT SUB  STATS --------
c time                     : 0.00        (0.00      per call)
c timed out                : 0           (0.00      % of calls)
c rem bins                 : 47          
c -------- IMPLICIT SUB STATS END --------
c Mem used                 : 41          MB
c Mem for longclauses      : 10          MB (24.85     %)
c Mem for watch alloc      : 11          MB (26.89     %)
c Mem for watch array      : 0           MB (0.18      %)
c Mem for assings&vardata  : 0           MB (0.17      %)
c Mem for search&solve     : 0           MB (0.46      %)
c Mem for renumberer       : 0           MB (0.06      %)
c Mem for occsimplifier    : 0           MB (1.82      %)
c Mem for varReplacer&SCC  : 0           MB (0.15      %)
c Mem for impl subsume     : 0           MB (0.00      %)
c Mem for 3 distills       : 0           MB (0.00      %)
c Accounted for mem (rss)  : 54.59       %
c Accounted for mem (vm)   : 48.43       %
c restarts                 : 559         (342.16    confls per restart)
c blocked restarts         : 0           (0.00      per normal restart)
c time                     : 11.96       
c decisions                : 210582      (0.00      % random)
c propagations             : 15546K      (1299K     props/s)
c decisions/conflicts      : 1.10        
c conflicts                : 191269      
c conf lits non-minim      : 45353334    (237.12    lit/confl)
c conf lits final          : 29.13       
c red which0               : 61          (0.03      % of confl)
c props/decision           : 0.00        
c props/conflict           : 0.00        
c 0-depth assigns          : 1           (0.06      % vars)
c 0-depth assigns by CNF   : 0           (0.00      % vars)
c reduceDB time            : 0.03        (0.23      % time)
c OccSimplifier time       : 0.21        (1.69      % time)
c [occur] 0.05 is overhead
c [occur] link-in T: 0.04 cleanup T: 0.01
c [occ-substr] long subBySub: 650 subByStr: 38 lits-rem-str: 186 T: 0.15
c SCC time                 : 0.00        (0.00      % time)
c [scc] new: 8 BP 0M  T: 0.00
c vrep replace time        : 0.03        (0.23      % time)
c vrep tree roots          : 3           
c vrep trees' crown        : 6           (2.00      leafs/tree)
c distill long time        : 0.02        (0.13      % time)
c distill bin time         : 0.06        (0.45      % time)
c strength cache-irred time: 0.01        (0.06      % time)
c strength cache-red time  : 0.00        (0.00      % time)
c avg cls in red 0         : 53.03       
c avg cls in red 1         : 84.93       
c avg cls in red 2         : 36450.61    
c Conflicts in UIP         : 191269      (15386.31  confl/time_this_thread)
c Max Memory (rss) used    : 43044 kB    
c Total time (this thread) : 12.43       
s SATISFIABLE
v 1 -2 -3 4 5 -6 -7 -8 -9 -10 11 -12 13 14 -15 16 17 -18 -19 -20 -21 -22 23 -24 
v -25 -26 -27 -28 -29 -30 -31 -32 -33 -34 -35 -36 -37 -38 -39 -40 41 -42 -43 
v -44 -45 -46 47 -48 -49 -50 -51 -52 -53 -54 55 56 -57 58 59 -60 -61 -62 -63 
v -64 -65 -66 -67 -68 -69 -70 -71 -72 73 74 -75 76 77 -78 79 80 -81 82 83 -84 
v -85 -86 -87 -88 -89 -90 -91 -92 -93 -94 -95 -96 -97 -98 -99 -100 -101 -102 
v -103 -104 -105 -106 -107 -108 -109 -110 -111 -112 -113 -114 115 116 -117 118 
v 119 -120 -121 -122 -123 -124 -125 -126 -127 -128 -129 -130 -131 -132 -133 
v -134 -135 -136 -137 -138 -139 -140 -141 -142 -143 -144 -145 -146 -147 -148 
v -149 -150 151 152 -153 154 155 -156 -157 -158 -159 -160 -161 -162 -163 -164 
v -165 -166 -167 -168 -169 -170 -171 -172 -173 -174 -175 -176 -177 -178 -179 
v -180 -181 -182 -183 -184 -185 -186 -187 -188 -189 -190 -191 -192 -193 -194 
v -195 -196 -197 -198 -199 -200 -201 -202 -203 -204 -205 -206 -207 -208 -209 
v -210 -211 -212 -213 -214 -215 -216 -217 -218 -219 -220 -221 -222 -223 -224 
v -225 -226 -227 -228 -229 -230 -231 -232 -233 -234 -235 -236 -237 -238 -239 
v -240 -241 -242 -243 -244 -245 -246 -247 -248 -249 -250 -251 -252 -253 -254 
v -255 -256 -257 -258 259 260 -261 262 263 -264 -265 -266 -267 -268 -269 -270 
v -271 -272 -273 -274 -275 -276 -277 -278 -279 -280 -281 -282 -283 -284 -285 
v -286 -287 -288 -289 -290 -291 -292 -293 -294 295 296 -297 298 299 -300 -301 
v -302 -303 -304 -305 -306 -307 -308 -309 -310 -311 -312 -313 -314 -315 -316 
v -317 -318 -319 -320 -321 -322 -323 -324 -325 -326 -327 -328 -329 -330 -331 
v -332 -333 -334 -335 -336 -337 -338 -339 -340 -341 -342 -343 344 -345 -346 347 
v -348 349 350 -351 -352 353 -354 355 -356 357 -358 -359 -360 -361 -362 -363 
v 364 365 -366 -367 368 369 370 -371 372 -373 -374 -375 -376 -377 -378 -379 
v -380 -381 -382 -383 -384 -385 -386 -387 -388 -389 -390 -391 -392 -393 -394 
v -395 396 397 -398 -399 400 401 402 -403 404 -405 -406 -407 -408 -409 -410 
v -411 -412 -413 -414 -415 -416 -417 -418 -419 -420 -421 -422 -423 -424 -425 
v -426 -427 -428 -429 -430 -431 -432 -433 -434 -435 -436 -437 -438 -439 -440 
v -441 -442 -443 444 445 -446 -447 448 449 450 -451 452 -453 -454 -455 -456 
v -457 -458 -459 -460 -461 -462 -463 -464 -465 -466 -467 -468 -469 -470 -471 
v -472 -473 -474 -475 476 477 -478 -479 480 481 482 -483 484 -485 -486 -487 
v -488 -489 -490 -491 492 493 -494 -495 496 497 498 -499 500 -501 -502 -503 
v -504 -505 -506 -507 -508 -509 -510 -511 -512 -513 -514 -515 -516 -517 -518 
v -519 -520 -521 -522 -523 -524 -525 -526 -527 -528 -529 -530 -531 -532 -533 
v -534 -535 -536 -537 -538 -539 540 541 -542 -543 544 545 546 -547 548 -549 
v -550 -551 -552 -553 -554 -555 -556 -557 -558 -559 -560 -561 -562 -563 -564 
v -565 -566 -567 -568 -569 -570 -571 572 573 -574 -575 576 577 578 -579 580 
v -581 -582 -583 -584 -585 -586 -587 -588 -589 -590 -591 -592 -593 -594 -595 
v -596 -597 -598 -599 -600 -601 -602 -603 604 605 -606 -607 608 609 610 -611 
v 612 -613 -614 -615 -616 -617 -618 -619 -620 -621 -622 -623 -624 -625 -626 
v -627 -628 -629 -630 -631 -632 -633 -634 -635 -636 -637 -638 -639 -640 -641 
v -642 -643 -644 -645 -646 -647 -648 -649 -650 -651 -652 -653 -654 -655 -656 
v -657 -658 -659 -660 -661 -662 -663 -664 -665 -666 -667 -668 -669 -670 -671 
v -672 -673 -674 -675 -676 -677 -678 -679 -680 -681 -682 -683 -684 -685 -686 
v -687 -688 -689 -690 -691 -692 -693 -694 -695 -696 -697 -698 -699 -700 -701 
v 702 -703 -704 705 706 707 -708 709 -710 -711 -712 -713 -714 715 716 717 -718 
v 719 -720 -721 -722 -723 -724 -725 -726 -727 -728 -729 -730 -731 -732 -733 
v -734 -735 -736 -737 -738 -739 740 741 -742 743 -744 -745 -746 747 -748 749 
v -750 -751 -752 -753 754 -755 -756 -757 -758 -759 -760 -761 -762 -763 -764 
v -765 -766 -767 0
c [g 0] truth-find prop checks  : 57K
c [g 0] -> of which prop        : 17.79 %
c [g 0] -> of which confl       :  1.06 %
c [g 0] elim called             : 12427
c [g 0] ---> which lead to prop : 25.47 %
c [g 0] ---> which lead to confl:  1.95 %
c [g 0] size: 48    x 461  
