c BreakID not compiled in, disabling
c CryptoMiniSat version 5.11.15
c CMS Copyright (C) 2009-2020 Authors of CryptoMiniSat, see AUTHORS file
c CMS SHA revision 
c Using VMTF code by Armin Biere from CaDiCaL
c Using Yalsat by Armin Biere, see Balint et al. Improving implementation of SLS solvers [...], SAT'14
c Using WalkSAT by Henry Kautz, see Kautz and Selman Pushing the envelope: planning, propositional logic, and stochastic search, AAAI'96,
c CMS is MIT licensed
c Using code from 'When Boolean Satisfiability Meets Gauss-E. in a Simplex Way'
c       by C.-S. Han and J.-H. Roland Jiang in CAV 2012. Fixes by M. Soos
c Using CCAnr from 'CCAnr: A Conf. Checking Based Local Search Solver [...]'
c       by Shaowei Cai, Chuan Luo, and Kaile Su, SAT 2015
c CMS compilation env CMAKE_CXX_COMPILER = /usr/bin/c++ | COMPILE_DEFINES =  -DRDB0_ONLY_FEATURES -DBOOST_TEST_DYN_LINK -DUSE_ZLIB -DYALSAT_FPU | STATICCOMPILE = OFF | ONLY_SIMPLE = OFF | Boost_FOUND = TRUE | STATS = OFF | SQLITE3_FOUND =  | ZLIB_FOUND = TRUE | VALGRIND_FOUND =  | ENABLE_TESTING = OFF | SLOW_DEBUG = OFF | ENABLE_ASSERTIONS = ON | PYTHON_EXECUTABLE =  | PYTHON_LIBRARY =  | PYTHON_INCLUDE_DIRS =  | MY_TARGETS =  | LARGEMEM = OFF | LIMITMEM = OFF | BREAKID_LIBRARIES =  | BREAKID-VER = . | BOSPHORUS_LIBRARIES =  | BOSPH-VER = . | compilation date time = Mar 31 2024 17:57:30
c CMS compiled with gcc version 13.2.0
c Executed with command line: cryptominisat5 --verb 1 /workspace/inputs/TRIMOSKA-ECICB-2024/upstream/benchmarks/Xn15l5-11-U.dimacs
c Reading file '/workspace/inputs/TRIMOSKA-ECICB-2024/upstream/benchmarks/Xn15l5-11-U.dimacs'
c -- header says num vars:            502
c -- header says num clauses:        1547
c -- clauses added: 1505
c -- xor clauses added: 42
c -- vars added 502
c Parsing time: 0.00 s
c [find&init matx] performing matrix init
c [gauss] XOR-encoding clauses are not detached, so no need to reattach them.
c [xor-rem-unconnected] left with 40 xors from 40 non-empty xors T: 0.00
c [xor-together] xored together: 0 orig xors: 40 new xors: 40 T: 0.00
c [xor-rem-unconnected] left with 40 xors from 40 non-empty xors T: 0.00
c [xor-clean-equiv] removed equivalent xors: 0 left with: 40
c [matrix] unused xors from cleaning: 0
c [matrix] Good   matrix  0     40 x  500  density:0.1071  xorlen avg: 53.58
c [matrix] Using 1 matrices recovered from 0 xors T: 0.00 T-out: N
c [branch] adjusting to: vsid (from: vsid) var_decay:0.95 descr: VSIDS
c rst  geom  stb   vs     1   113    1501  8712  1049    3.95    3.74     1    29    78     5   86.47   82.73
c rst  geom  stb   vs     2   236    1501  8712  1049    3.95    3.74     6    37   188     5   65.88   64.53
c  res  pol bran  nres  conf freevar  IrrL  IrrB l/longC  l/allC RedL0 RedL1 RedL2  RedB l/longC  l/allC
c rst  geom  stb   vs     3   371    1501  8712  1049    3.95    3.74    11    41   313     6   53.20   52.37
c rst  geom  stb   vs     4   519    1501  8712  1049    3.95    3.74    11    43   458     7   50.98   50.32
c rst  geom  stb   vs     5   681    1501  8712  1049    3.95    3.74    11    44   619     7   49.02   48.54
c rst  geom  stb   vs     6   858    1501  8712  1049    3.95    3.74    11    44   796     7   51.30   50.90
c rst  geom  stb   vs     7  1052    1501  8712  1049    3.95    3.74    12    46   986     8   48.39   48.03
c rst  geom  stb   vs     8  1265    1501  8712  1049    3.95    3.74    12    46  1199     8   46.40   46.11
c rst  geom  stb   vs     9  1499    1501  8712  1049    3.95    3.74    12    46  1433     8   46.72   46.48
c rst  geom  stb   vs    10  1756    1501  8712  1049    3.95    3.74    12    46  1689     9   44.37   44.16
c rst  geom  stb   vs    11  2039    1501  8712  1049    3.95    3.74    12    46  1972     9   42.68   42.50
c rst  geom  stb   vs    12  2349    1501  8712  1049    3.95    3.74    12    46  2282     9   42.50   42.35
c rst  geom  stb   vs    13  2690    1501  8712  1049    3.95    3.74    12    46  2623     9   43.10   42.96
c rst  geom  stb   vs    14  3063    1501  8712  1049    3.95    3.74    18    47  2989     9   42.60   42.48
c rst  geom  stb   vs    15  3474    1501  8712  1049    3.95    3.74    19    47  3399     9   41.64   41.54
c rst  geom  stb   vs    16  3924    1501  8712  1049    3.95    3.74    19    47  3848    10   41.50   41.39
c rst  geom  stb   vs    17  4418    1501  8712  1049    3.95    3.74    20    48  4340    10   39.81   39.72
c rst  geom  stb   vs    18  4961    1501  8712  1049    3.95    3.74    20    58  4872    11   39.38   39.29
c rst  geom  stb   vs    19  5558    1501  8712  1049    3.95    3.74    22    58  5467    11   40.09   40.02
c [branch] adjusting to: vmtf (from: vsid) var_decay:0.95 descr: VMTF
c [distill-long-red0] cls tried: 22/22 T: 0.00 T-out: N T-r: 100.00%
c [distill-long-red1] cls tried: 58/58 T: 0.00 T-out: N T-r: 94.79%
c rst  luby ibes  vmt    20  5659    1501  8712  1049    3.95    3.74    30    70  5545    14   39.97   39.87
c rst  luby ibes  vmt    21  5760    1501  8712  1049    3.95    3.74    30    70  5646    14   39.72   39.63
c rst  luby ibes  vmt    22  5962    1501  8712  1049    3.95    3.74    32    72  5844    14   39.32   39.23
c rst  luby ibes  vmt    23  6064    1501  8712  1049    3.95    3.74    32    72  5946    14   39.03   38.94
c rst  luby ibes  vmt    24  6166    1501  8712  1049    3.95    3.74    32    72  6048    14   38.67   38.59
c rst  luby ibes  vmt    25  6368    1501  8712  1049    3.95    3.74    32    72  6250    14   38.11   38.03
c rst  luby ibes  vmt    26  6769    1501  8712  1049    3.95    3.74    35    73  6647    14   37.08   37.00
c rst  luby ibes  vmt    27  6871    1501  8712  1049    3.95    3.74    35    73  6749    14   36.99   36.92
c rst  luby ibes  vmt    28  6972    1501  8712  1049    3.95    3.74    35    73  6849    15   36.80   36.72
c rst  luby ibes  vmt    29  7173    1501  8712  1049    3.95    3.74    35    73  7050    15   36.74   36.66
c rst  luby ibes  vmt    30  7274    1501  8712  1049    3.95    3.74    35    73  7151    15   36.71   36.63
c rst  luby ibes  vmt    31  7375    1501  8712  1049    3.95    3.74    35    73  7252    15   36.71   36.64
c rst  luby ibes  vmt    32  7577    1501  8712  1049    3.95    3.74    35    73  7454    15   36.63   36.56
c rst  luby ibes  vmt    33  7978    1501  8712  1049    3.95    3.74    35    73  7855    15   36.18   36.11
c rst  luby ibes  vmt    34  8780    1501  8712  1049    3.95    3.74    35    73  8657    15   35.07   35.01
c rst  luby ibes  vmt    35  8882    1501  8712  1049    3.95    3.74    35    73  8759    15   34.98   34.93
c rst  luby ibes  vmt    36  8983    1501  8712  1049    3.95    3.74    35    73  8859    16   34.93   34.87
c rst  luby ibes  vmt    37  9185    1501  8712  1049    3.95    3.74    35    73  9061    16   34.86   34.80
c rst  luby ibes  vmt    38  9287    1501  8712  1049    3.95    3.74    35    73  9163    16   34.86   34.80
c rst  luby ibes  vmt    39  9388    1501  8712  1049    3.95    3.74    35    73  9264    16   34.79   34.73
c rst  luby ibes  vmt    40  9590    1501  8712  1049    3.95    3.74    36    73  9465    16   34.81   34.75
c rst  luby ibes  vmt    41  9992    1501  8712  1049    3.95    3.74    36    73  9867    16   34.33   34.28
c rst  luby ibes  vmt    42 10094    1501  8712  1049    3.95    3.74    79    30  9969    16   34.23   34.18
c rst  luby ibes  vmt    43 10196    1501  8712  1049    3.95    3.74    79    30 10071    16   34.22   34.17
c rst  luby ibes  vmt    44 10398    1501  8712  1049    3.95    3.74    80    30 10272    16   34.15   34.10
c rst  luby ibes  vmt    45 10499    1501  8712  1049    3.95    3.74    80    30 10373    16   34.04   34.00
c rst  luby ibes  vmt    46 10601    1501  8712  1049    3.95    3.74    80    30 10475    16   34.00   33.95
c rst  luby ibes  vmt    47 10802    1501  8712  1049    3.95    3.74    80    30 10676    16   33.84   33.79
c rst  luby  svd  vmt    48 11204    1501  8712  1049    3.95    3.74    81    31 11076    16   34.39   34.34
c rst  luby  svd  vmt    49 12005    1501  8712  1049    3.95    3.74    81    31 11877    16   34.21   34.17
c [branch] adjusting to: vsid (from: vmtf) var_decay:0.95 descr: VSIDS
c [distill-bin] useful: 4/1049/1049 lits-rem: 0 cl-rem: 4 0-depth-assigns: 0 T: 0.00 T-out: N
c rst  geom  svd   vs    50 12117    1501  8712  1045    3.95    3.75    81    31 11989    16   34.10   34.06
c rst  geom  svd   vs    51 12240    1501  8712  1045    3.95    3.75    81    31 12112    16   34.07   34.02
c rst  geom  svd   vs    52 12375    1501  8712  1045    3.95    3.75    81    31 12247    16   34.03   33.99
c rst  geom  svd   vs    53 12522    1501  8712  1045    3.95    3.75    81    31 12394    16   33.94   33.90
c rst  geom  svd   vs    54 12683    1501  8712  1045    3.95    3.75    81    31 12555    16   33.90   33.86
c rst  geom  svd   vs    55 12860    1501  8712  1045    3.95    3.75    81    31 12732    16   33.84   33.80
c rst  geom  svd   vs    56 13054    1501  8712  1045    3.95    3.75    81    31 12926    16   33.68   33.64
c rst  geom  svd   vs    57 13267    1501  8712  1045    3.95    3.75    81    31 13139    16   33.60   33.56
c rst  geom  svd   vs    58 13502    1501  8712  1045    3.95    3.75    81    31 13374    16   33.47   33.44
c rst  geom  svd   vs    59 13760    1501  8712  1045    3.95    3.75    81    31 13632    16   33.21   33.17
c rst  geom  svd   vs    60 14042    1501  8712  1045    3.95    3.75    81    31 13914    16   32.94   32.90
c rst  geom  svd   vs    61 14353    1501  8712  1045    3.95    3.75    81    31 14225    16   32.62   32.59
c rst  geom  svd   vs    62 14694    1501  8712  1045    3.95    3.75    81    31 14566    16   32.61   32.58
c rst  geom  svd   vs    63 15067    1501  8712  1045    3.95    3.75    81    45 14925    16   32.51   32.47
c rst  geom  svd   vs    64 15477    1501  8712  1045    3.95    3.75    81    45 15335    16   32.36   32.33
c rst  geom  svd   vs    65 15927    1501  8712  1045    3.95    3.75    81    45 15785    16   32.11   32.08
c rst  geom  svd   vs    66 16421    1501  8712  1045    3.95    3.75    81    45 16279    16   31.89   31.86
c rst  geom best   vs    67 16964    1501  8712  1045    3.95    3.75    82    45 16819    18   32.51   32.48
c rst  geom best   vs    68 17562    1501  8712  1045    3.95    3.75    82    45 17417    18   32.95   32.91
c rst  geom best   vs    69 18219    1501  8712  1045    3.95    3.75    84    48 18068    19   32.73   32.69
c [branch] adjusting to: vmtf (from: vsid) var_decay:0.95 descr: VMTF
c rst  luby best  vmt    70 18321    1501  8712  1045    3.95    3.75    84    48 18170    19   32.75   32.72
c rst  luby best  vmt    71 18422    1501  8712  1045    3.95    3.75    84    48 18271    19   32.69   32.66
c rst  luby best  vmt    72 18624    1501  8712  1045    3.95    3.75    84    48 18473    19   32.72   32.69
c rst  luby best  vmt    73 18726    1501  8712  1045    3.95    3.75    84    48 18575    19   32.66   32.63
c rst  luby best  vmt    74 18829    1501  8712  1045    3.95    3.75    84    48 18678    19   32.58   32.55
c rst  luby best  vmt    75 19030    1501  8712  1045    3.95    3.75    84    48 18879    19   32.52   32.49
c rst  luby best  vmt    76 19431    1501  8712  1045    3.95    3.75    84    48 19280    19   32.22   32.19
c rst  luby best  vmt    77 19532    1501  8712  1045    3.95    3.75    84    48 19381    19   32.19   32.16
c rst  luby best  vmt    78 19633    1501  8712  1045    3.95    3.75    84    48 19482    19   32.19   32.16
c rst  luby best  vmt    79 19835    1501  8712  1045    3.95    3.75    84    48 19684    19   32.10   32.08
c rst  luby best  vmt    80 19937    1501  8712  1045    3.95    3.75    87    64 19767    19   32.07   32.04
c rst  luby best  vmt    81   20K    1501  8712  1045    3.95    3.75    98    56 19865    19   32.24   32.22
c [full-probe]  bin_only: 1 set: 0 repl: 0 T: 0.00 T-out: N T-r: 99.89%
c rst  luby best  vmt    82   20K    1501  8712  1045    3.95    3.75   100    57   20K    29   32.27   32.23
c rst  luby best  vmt    83   20K    1501  8712  1045    3.95    3.75   103    75   20K    29   32.51   32.47
c [distill-long-red0] cls tried: 42/42 T: 0.00 T-out: N T-r: 99.97%
c [distill-long-red1] cls tried: 56/56 T: 0.00 T-out: N T-r: 30.24%
c rst  luby best  vmt    84   21K    1501  8712  1045    3.95    3.75   110   114   21K    31   32.72   32.67
c rst  luby best  vmt    85   21K    1501  8712  1045    3.95    3.75   110   127   21K    31   32.70   32.65
c rst  luby best  vmt    86   21K    1501  8712  1045    3.95    3.75   110   150   21K    31   32.67   32.62
c rst  luby  stb  vmt    87   21K    1501  8712  1045    3.95    3.75   114   154   21K    31   32.78   32.74
c rst  luby  stb  vmt    88   21K    1501  8712  1045    3.95    3.75   115   155   21K    31   32.85   32.80
c rst  luby  stb  vmt    89   22K    1501  8712  1045    3.95    3.75   118   169   21K    31   32.87   32.83
c rst  luby  stb  vmt    90   22K    1501  8712  1045    3.95    3.75   123   180   21K    32   32.97   32.93
c rst  luby  stb  vmt    91   22K    1501  8712  1045    3.95    3.75   127   184   22K    33   33.26   33.21
c rst  luby  stb  vmt    92   22K    1501  8712  1045    3.95    3.75   129   189   22K    33   33.40   33.36
c rst  luby  stb  vmt    93   22K    1501  8712  1045    3.95    3.75   130   203   22K    33   33.41   33.37
c rst  luby  stb  vmt    94   23K    1501  8712  1045    3.95    3.75   132   217   22K    34   33.41   33.36
c rst  luby  stb  vmt    95   23K    1501  8712  1045    3.95    3.75   132   218   22K    35   33.45   33.40
c rst  luby  stb  vmt    96   23K    1501  8712  1045    3.95    3.75   132   219   22K    35   33.51   33.47
c rst  luby  stb  vmt    97   23K    1501  8712  1045    3.95    3.75   134   224   23K    36   33.58   33.53
c rst  luby  stb  vmt    98   23K    1501  8712  1045    3.95    3.75   136   226   23K    37   33.58   33.53
c rst  luby  stb  vmt    99   24K    1501  8712  1045    3.95    3.75   155   255   24K    37   33.88   33.83
c rst  luby  stb  vmt   100   26K    1501  8712  1045    3.95    3.75   172   347   25K    38   34.43   34.38
c [branch] adjusting to: vsid (from: vmtf) var_decay:0.95 descr: VSIDS
c [distill] watch-based irred--  cl tried      915 cl-sh     0 cl-rem    5 lit-rem      0 T: 0.00 T-out: N
c [distill] watch-based   red--  cl tried      340 cl-sh     6 cl-rem    4 lit-rem     10 T: 0.00 T-out: N
c rst  geom  stb   vs   101   26K    1501  8707  1050    3.96    3.74   168   347   25K    33   34.42   34.38
c rst  geom  stb   vs   102   26K    1501  8707  1050    3.96    3.74   168   347   26K    33   34.39   34.35
c rst  geom  stb   vs   103   26K    1501  8707  1050    3.96    3.74   168   347   26K    33   34.36   34.32
c rst  geom  stb   vs   104   26K    1501  8707  1050    3.96    3.74   168   349   26K    33   34.34   34.30
c rst  geom  stb   vs   105   26K    1501  8707  1050    3.96    3.74   168   349   26K    33   34.31   34.27
c rst  geom ibes   vs   106   27K    1501  8707  1050    3.96    3.74   168   349   26K    33   34.25   34.22
c rst  geom ibes   vs   107   27K    1501  8707  1050    3.96    3.74   168   349   26K    33   34.23   34.20
c rst  geom ibes   vs   108   27K    1501  8707  1050    3.96    3.74   168   349   27K    33   34.16   34.12
c rst  geom ibes   vs   109   27K    1501  8707  1050    3.96    3.74   169   349   27K    33   34.09   34.05
c rst  geom ibes   vs   110   28K    1501  8707  1050    3.96    3.74   169   349   27K    33   34.04   34.00
c rst  geom ibes   vs   111   28K    1501  8707  1050    3.96    3.74   169   349   27K    33   33.95   33.91
c rst  geom ibes   vs   112   28K    1501  8707  1050    3.96    3.74   170   349   28K    33   33.83   33.79
c rst  geom ibes   vs   113   28K    1501  8707  1050    3.96    3.74   170   349   28K    33   33.68   33.64
c rst  geom ibes   vs   114   29K    1501  8707  1050    3.96    3.74   170   349   28K    33   33.58   33.55
c rst  geom ibes   vs   115   29K    1501  8707  1050    3.96    3.74   170   349   29K    33   33.64   33.60
c rst  geom ibes   vs   116   30K    1501  8707  1050    3.96    3.74   341   795   26K    33   32.47   32.44
c rst  geom ibes   vs   117   30K    1501  8707  1050    3.96    3.74   347   796   26K    34   32.60   32.56
c rst  geom ibes   vs   118   31K    1501  8707  1050    3.96    3.74   347   796   27K    34   32.46   32.42
c rst  geom ibes   vs   119   31K    1501  8707  1050    3.96    3.74   347   797   27K    34   32.05   32.02
c rst  geom ibes   vs   120   32K    1501  8707  1050    3.96    3.74   348   800   28K    34   31.66   31.62
c [distill-bin] useful: 0/1050/1050 lits-rem: 0 cl-rem: 0 0-depth-assigns: 0 T: 0.00 T-out: N
c rst  geom  svd   vs   121   33K    1501  8707  1050    3.96    3.74   348   801   29K    34   31.63   31.60
c rst  geom  svd   vs   122   33K    1501  8707  1050    3.96    3.74   348   801   30K    34   31.42   31.39
c [branch] adjusting to: vmtf (from: vsid) var_decay:0.95 descr: VMTF
c rst  luby  svd  vmt   123   34K    1501  8707  1050    3.96    3.74   350   802   30K    34   31.53   31.49
c rst  luby  svd  vmt   124   34K    1501  8707  1050    3.96    3.74   350   804   30K    34   31.52   31.49
c rst  luby  svd  vmt   125   34K    1501  8707  1050    3.96    3.74   353   813   30K    34   31.57   31.54
c rst  luby  svd  vmt   126   34K    1501  8707  1050    3.96    3.74   353   818   30K    34   31.59   31.56
c rst  luby  svd  vmt   127   34K    1501  8707  1050    3.96    3.74   353   824   30K    34   31.60   31.57
c rst  luby  svd  vmt   128   34K    1501  8707  1050    3.96    3.74   358   835   30K    34   31.69   31.66
c rst  luby  svd  vmt   129   35K    1501  8707  1050    3.96    3.74   359   849   31K    34   31.88   31.85
c rst  luby  svd  vmt   130   35K    1501  8707  1050    3.96    3.74   360   849   31K    34   31.93   31.90
c rst  luby  svd  vmt   131   35K    1501  8707  1050    3.96    3.74   360   850   31K    34   31.93   31.90
c rst  luby  svd  vmt   132   35K    1501  8707  1050    3.96    3.74   361   857   31K    34   31.92   31.89
c rst  luby  svd  vmt   133   35K    1501  8707  1050    3.96    3.74   362   859   31K    34   31.91   31.88
c [distill-long-red0] cls tried: 249/249 T: 0.01 T-out: N T-r: 99.42%
c [distill-long-red1] cls tried: 33/801 T: 0.01 T-out: Y T-r: -1.52%
c rst  luby  svd  vmt   134   35K    1501  8707  1050    3.96    3.74   361   863   31K    35   31.87   31.84
c rst  luby  svd  vmt   135   36K    1501  8707  1050    3.96    3.74   361   868   32K    36   31.93   31.90
c rst  luby  svd  vmt   136   36K    1501  8707  1050    3.96    3.74   365   879   32K    36   31.97   31.94
c rst  luby  svd  vmt   137   37K    1501  8707  1050    3.96    3.74   369   904   33K    37   32.07   32.04
c rst  luby  svd  vmt   138   37K    1501  8707  1050    3.96    3.74   370   913   33K    37   32.09   32.06
c rst  luby  svd  vmt   139   37K    1501  8707  1050    3.96    3.74   370   919   33K    37   32.09   32.06
c rst  luby  svd  vmt   140   37K    1501  8707  1050    3.96    3.74   370   923   33K    37   32.16   32.12
c rst  luby  svd  vmt   141   37K    1501  8707  1050    3.96    3.74   371   930   33K    37   32.17   32.14
c rst  luby  svd  vmt   142   37K    1501  8707  1050    3.96    3.74   372   936   33K    37   32.21   32.18
c rst  luby  svd  vmt   143   38K    1501  8707  1050    3.96    3.74   374   941   33K    37   32.22   32.19
c rst  geom best  vmt   144   38K    1501  8707  1050    3.96    3.74   375   942   34K    37   32.26   32.23
c rst  geom best  vmt   145   38K    1501  8707  1050    3.96    3.74   375   942   34K    37   32.29   32.26
c rst  geom best  vmt   146   38K    1501  8707  1050    3.96    3.74   375   948   34K    37   32.28   32.24
c rst  geom best  vmt   147   38K    1501  8707  1050    3.96    3.74   375   949   34K    37   32.29   32.26
c rst  geom best  vmt   148   38K    1501  8707  1050    3.96    3.74   375   952   34K    37   32.41   32.38
c rst  geom best  vmt   149   38K    1501  8707  1050    3.96    3.74   378   957   34K    37   32.45   32.42
c rst  geom best  vmt   150   39K    1501  8707  1050    3.96    3.74   378   963   35K    37   32.45   32.42
c rst  geom best  vmt   151   39K    1501  8707  1050    3.96    3.74   381   972   35K    37   32.48   32.45
c rst  geom best  vmt   152   39K    1501  8707  1050    3.96    3.74   383   977   35K    37   32.54   32.51
c rst  geom best  vmt   153   39K    1501  8707  1050    3.96    3.74   384   979   35K    37   32.54   32.51
c rst  geom best  vmt   154   40K    1501  8707  1050    3.96    3.74   524   855   36K    37   32.61   32.57
c [full-probe]  bin_only: 0 set: 0 repl: 0 T: 0.00 T-out: N T-r: 97.70%
c [impl-str] lit bin: 0 set-var: 0 T: 0.00 T-out: N T-r: 99.96% w-visit: 3002
c [impl-sub] bin: 15 T: 0.00 T-out: N w-visit: 3002
c rst  geom best  vmt   155   40K    1501  8707  1050    3.96    3.74   528   878   36K    32   32.66   32.63
c rst  geom best  vmt   156   40K    1501  8707  1050    3.96    3.74   530   887   36K    33   32.73   32.70
c rst  geom best  vmt   157   41K    1501  8707  1050    3.96    3.74   532   925   36K    33   32.74   32.72
c rst  geom best  vmt   158   41K    1501  8707  1050    3.96    3.74   537   977   37K    33   32.71   32.68
c rst  geom best  vmt   159   41K    1501  8707  1050    3.96    3.74   539   980   37K    33   32.85   32.82
c rst  geom best  vmt   160   42K    1501  8707  1050    3.96    3.74   542   986   38K    33   32.89   32.87
c [branch] adjusting to: vsid (from: vmtf) var_decay:0.95 descr: VSIDS
c rst  geom best   vs   161   42K    1501  8707  1050    3.96    3.74   542   988   38K    33   32.87   32.85
c rst  geom best   vs   162   42K    1501  8707  1050    3.96    3.74   543   991   38K    33   32.83   32.81
c rst  geom best   vs   163   42K    1501  8707  1050    3.96    3.74   543   991   38K    33   32.79   32.77
c rst  geom best   vs   164   42K    1501  8707  1050    3.96    3.74   543   991   38K    33   32.76   32.73
c rst  geom best   vs   165   43K    1501  8707  1050    3.96    3.74   543   991   38K    33   32.74   32.72
c rst  geom best   vs   166   43K    1501  8707  1050    3.96    3.74   543   991   39K    33   32.71   32.68
c rst  geom best   vs   167   43K    1501  8707  1050    3.96    3.74   543   991   39K    33   32.67   32.64
c rst  geom  stb   vs   168   43K    1501  8707  1050    3.96    3.74   543   991   39K    33   32.64   32.61
c rst  geom  stb   vs   169   43K    1501  8707  1050    3.96    3.74   543   991   39K    33   32.62   32.60
c rst  geom  stb   vs   170   44K    1501  8707  1050    3.96    3.74   543   992   40K    33   32.60   32.58
c [ccnr] tries: 0 steps: 262143 best found: 9
c [ccnr] tries: 0 steps: 524287 best found: 9
c [ccnr] tries: 0 steps: 786431 best found: 9
c [ccnr] saving best assignment phase to stable_polar
c [ccnr] bumping based on clause weights
c [ccnr] Bumped vars: 102 bump type: 6
c [ccnr] time: 0.34
c rst  geom  stb   vs   171   44K    1501  8707  1050    3.96    3.74   543   992   40K    33   32.56   32.53
c rst  geom  stb   vs   172   44K    1501  8707  1050    3.96    3.74   543   992   40K    33   32.52   32.50
c rst  geom  stb   vs   173   45K    1501  8707  1050    3.96    3.74   656  2010   32K    33   32.63   32.60
c rst  geom  stb   vs   174   45K    1501  8707  1050    3.96    3.74   656  2010   32K    33   32.55   32.53
c rst  geom  stb   vs   175   45K    1501  8707  1050    3.96    3.74   656  2010   32K    33   32.43   32.40
c rst  geom  stb   vs   176   46K    1501  8707  1050    3.96    3.74   656  2010   33K    33   32.27   32.24
c rst  geom  stb   vs   177   46K    1501  8707  1050    3.96    3.74   656  2010   33K    33   32.13   32.10
c rst  geom  stb   vs   178   47K    1501  8707  1050    3.96    3.74   658  2018   34K    33   31.99   31.96
c rst  geom  stb   vs   179   48K    1501  8707  1050    3.96    3.74   658  2019   34K    33   31.77   31.75
c rst  geom  stb   vs   180   48K    1501  8707  1050    3.96    3.74   658  2020   35K    33   31.53   31.51
c rst  geom  stb   vs   181   49K    1501  8707  1050    3.96    3.74   658  2020   36K    33   31.37   31.35
c rst  geom ibes   vs   182   50K    1501  8707  1050    3.96    3.74   721  1957   37K    33   31.21   31.19
c [gauss] XOR-encoding clauses are not detached, so no need to reattach them.
c [g 0] truth-find prop checks  : 705K
c [g 0] -> of which prop        : 37.60 %
c [g 0] -> of which confl       :  3.90 %
c [g 0] elim called             : 119K
c [g 0] ---> which lead to prop : 12.83 %
c [g 0] ---> which lead to confl:  0.90 %
c [g 0] size: 40    x 500  
c [scc] new: 8 BP 0M T: 0.00
c [vrep] vars 8 lits 21355 rem-bin-cls 40 rem-long-cls 0 BP 0M T: 0.01
c [scc] new: 0 BP 0M T: 0.00
c [vrep] vars 0 lits 0 rem-bin-cls 0 rem-long-cls 0 BP 0M T: 0.00
c [intree] Set 0 vars hyper-added: 473 trans-irred: 0 trans-red: 7 T: 0.00 T-out: N T-r: -1.06%
c [find&init matx] performing matrix init
c [gauss] XOR-encoding clauses are not detached, so no need to reattach them.
c [xor-rem-unconnected] left with 40 xors from 40 non-empty xors T: 0.00
c [xor-together] xored together: 0 orig xors: 40 new xors: 40 T: 0.00
c [xor-rem-unconnected] left with 40 xors from 40 non-empty xors T: 0.00
c [xor-clean-equiv] removed equivalent xors: 0 left with: 40
c [matrix] unused xors from cleaning: 0
c [matrix] Good   matrix 0 40      x494    density:0.1066  xorlen avg: 52.67
c [matrix] Using 1 matrices recovered from 0 xors T: 0.00 T-out: N
c rst  geom ibes vs   183   51  K 1493     8707  1036 3.96    3.75      722  1958   37K   490 30.86   30.51  
c [distill-long-red0] cls tried: 356/356 T: 0.04 T-out: N T-r: 98.44%
c [distill-long-red1] cls tried: 23/1872 T: 0.01 T-out: Y T-r: -8.47%
c rst  geom ibes vs   184   52  K 1493     8707  1036 3.96    3.75      723  1959   38K   492 30.62   30.28  
c [distill] watch-based irred--  cl tried 910      cl-sh 1     cl-rem 0    lit-rem 1      T: 0.00 T-out: N
c [distill] watch-based red  --  cl tried 1443     cl-sh 65    cl-rem 3    lit-rem 103    T: 0.00 T-out: N
c rst  geom ibes vs   185   53  K 1493     8706  1037 3.96    3.75      720  1959   39K   492 30.50   30.18  
c [branch] adjusting to: vmtf (from: vsid) var_decay:0.95 descr: VMTF
c [distill-bin] useful: 2/1037/1037 lits-rem: 0 cl-rem: 2 0-depth-assigns: 0 T: 0.01 T-out: N
c rst  luby ibes vmt  186   53  K 1493     8706  1035 3.96    3.75      722  1973   40K   492 30.51   30.19  
c rst  luby ibes vmt  187   53  K 1493     8706  1035 3.96    3.75      722  1987   40K   492 30.50   30.18  
c rst  luby ibes vmt  188   53  K 1493     8706  1035 3.96    3.75      722  1992   40K   492 30.55   30.23  
c rst  luby ibes vmt  189   53  K 1493     8706  1035 3.96    3.75      722  1992   40K   492 30.60   30.28  
c rst  luby ibes vmt  190   53  K 1493     8706  1035 3.96    3.75      723  1993   40K   492 30.61   30.29  
c rst  luby ibes vmt  191   53  K 1493     8706  1035 3.96    3.75      723  2045   40K   492 30.58   30.26  
c rst  luby ibes vmt  192   54  K 1493     8706  1035 3.96    3.75      723  2050   41K   492 30.72   30.40  
c rst  luby ibes vmt  193   54  K 1493     8706  1035 3.96    3.75      724  2051   41K   492 30.71   30.39  
c rst  luby ibes vmt  194   54  K 1493     8706  1035 3.96    3.75      724  2055   41K   492 30.73   30.41  
c rst  luby ibes vmt  195   54  K 1493     8706  1035 3.96    3.75      724  2059   41K   492 30.73   30.41  
c rst  luby ibes vmt  196   54  K 1493     8706  1035 3.96    3.75      724  2062   41K   492 30.74   30.42  
c rst  luby ibes vmt  197   54  K 1493     8706  1035 3.96    3.75      724  2062   41K   492 30.72   30.41  
c rst  luby ibes vmt  198   55  K 1493     8706  1035 3.96    3.75      725  2063   41K   492 30.71   30.40  
c rst  luby svd  vmt  199   55  K 1493     8706  1035 3.96    3.75      727  2069   42K   492 30.86   30.55  
c rst  luby svd  vmt  200   56  K 1493     8706  1035 3.96    3.75      727  2122   42K   492 30.84   30.53  
c recursive minimization cost OK: 174Kcost/(% lits removed)
c [gauss] XOR-encoding clauses are not detached, so no need to reattach them.
c [g 0] truth-find prop checks  : 101K
c [g 0] -> of which prop        : 34.76 %
c [g 0] -> of which confl       :  3.39 %
c [g 0] elim called             : 17990
c [g 0] ---> which lead to prop :  4.06 %
c [g 0] ---> which lead to confl:  0.36 %
c [g 0] size: 40    x 494  
c --> Executing strategy token: scc-vrepl
c [scc] new: 2 BP 0M T: 0.00
c [vrep] vars 2 lits 9572 rem-bin-cls 8 rem-long-cls 178 BP 0M T: 0.01
c --> Executing strategy token: sub-impl
c [impl-sub] bin: 7 T: 0.00 T-out: N w-visit: 3002
c --> Executing strategy token: breakid
c --> Executing OCC strategy token(s): 'occ-backw-sub-str,occ-clean-implicit,occ-bve,occ-bva,occ-ternary-res,occ-xor,'
c [occ] mem usage for occur 0      MB
c [occ] Linked in IRRED BIN by default: 1032
c [occ] Linked in RED   BIN by default: 484
c [occ] mem usage for occur 0      MB
c Mem for watch alloc      : 3           MB (20.24     %)
c Mem for watch array      : 0           MB (0.53      %)
c --> Executing OCC strategy token: occ-backw-sub-str
c [occ-backw-sub-str-long-w-bins] subs: 0 str: 2 tried: 1516 0-depth ass: 0 T: 0.00 T-out: N T-r: 99.59%
c [occ-backw-sub-long-w-long] rem cl: 83 tried: 54220/54220 (100.0%) T: 0.01 T-out: N T-r: 97.21%
c [occ-backw-sub-str-long-w-long] sub: 0 str: 4 tried: 162660/54220 (300.0)  T: 0.03 T-out: N T-r: 91.03%
c --> Executing OCC strategy token: occ-clean-implicit
c --> Executing OCC strategy token: occ-bve
c [occ-empty-res] Empty resolvent elimed: 0 T: 0.00 T-out: N
c [occ-bve] iter v-elim 10
c cl_inc_rate=1.0, var_dec_rate=1.0 (grow=0)
c Reduced to 1481 vars, 9734 cls (grow=0)
c [occ-bve] iter v-elim 172
c cl_inc_rate=1.1, var_dec_rate=1.1 (grow=8)
c Reduced to 1309 vars, 10446 cls (grow=8)
c x n vars       : 1309
c #try to eliminate:  3137
c #var-elim        :   182
c #T-o: N
c #T-r: 99.99%
c #T  : 0.03
c [occur] 0.02 is overhead
c [occur] link-in T: 0.02 cleanup T: 0.00
c --> Executing OCC strategy token: occ-bva
c --> Executing OCC strategy token: occ-ternary-res
c [occ-ternary-res] Ternary res-tri: 24 res-bin: 0 sub: 1 str: 0 T: 0.00 T-out: N T-r: 99.56%
c --> Executing OCC strategy token: occ-xor
c [occ-xor] sort occur list T: 0.00
c [xor-clean-equiv] removed equivalent xors: 0 left with: 940
c [occ-xor] found    940 avg sz 4.0 min sz  4 max sz  5 T: 0.00 T-out: N T-r: 99.99%
c --> Executing strategy token: card-find
c --> Executing strategy token: cl-consolidate
c [mem] consolidate  old-sz: 7509K new-sz: 4079K new bits offs: 19 T: 0.00
c --> Executing strategy token: scc-vrepl
c [scc] new: 0 BP 0M T: 0.00
c --> Executing strategy token: renumber
c --> Executing strategy token: bosphorus
c --> Executing strategy token: louvain-comms
c [consolidate] mini T: 0.00
c global_timeout_multiplier: 3.3000
c [branch] rebuilding order heap for all branchings. Current branching: vmtf
c [find&init matx] performing matrix init
c [gauss] XOR-encoding clauses are not detached, so no need to reattach them.
c [xor-rem-unconnected] left with 940 xors from 940 non-empty xors T: 0.00
c [xor-together] xored together: 906 orig xors: 940 new xors: 34 T: 0.00
c [xor-rem-unconnected] left with 34 xors from 34 non-empty xors T: 0.00
c [xor-clean-equiv] removed equivalent xors: 0 left with: 34
c [matrix] unused xors from cleaning: 0
c [matrix] Good   matrix  0     34 x  308  density:0.1865  xorlen avg: 57.44
c [matrix] Using 1 matrices recovered from 0 xors T: 0.00 T-out: N
c rst  luby  svd  vmt   201   56K    1309  9870   576    4.12    4.00   215   544   28K    88   24.87   24.80
c rst  luby  svd  vmt   202   56K    1309  9870   576    4.12    4.00   215   545   28K    88   24.84   24.77
c rst  luby  svd  vmt   203   56K    1309  9870   576    4.12    4.00   215   547   28K    88   24.83   24.76
c rst  luby  svd  vmt   204   56K    1309  9870   576    4.12    4.00   215   550   28K    88   24.80   24.73
c rst  luby  svd  vmt   205   56K    1309  9870   576    4.12    4.00   216   552   28K    88   24.79   24.72
c rst  luby  svd  vmt   206   56K    1309  9870   576    4.12    4.00   216   554   28K    88   24.76   24.69
c [g  <0] Disabling GJ-elim in this round.  Usefulness was: 14.6604%  over 37250 calls
c rst  luby  svd  vmt   207   57K    1309  9870   576    4.12    4.00   218   555   28K    88   24.71   24.64
c rst  luby  svd  vmt   208   57K    1309  9870   576    4.12    4.00   218   567   29K    88   24.59   24.52
c rst  luby  svd  vmt   209   57K    1309  9870   576    4.12    4.00   218   569   29K    88   24.56   24.49
c rst  luby  svd  vmt   210   57K    1309  9870   576    4.12    4.00   218   572   29K    88   24.54   24.48
c rst  luby  svd  vmt   211   57K    1309  9870   576    4.12    4.00   219   580   29K    88   24.51   24.45
c rst  luby  svd  vmt   212   58K    1309  9870   576    4.12    4.00   219   587   29K    88   24.51   24.44
c rst  luby  svd  vmt   213   58K    1309  9870   576    4.12    4.00   219   590   29K    88   24.49   24.43
c rst  luby  svd  vmt   214   58K    1309  9870   576    4.12    4.00   219   597   29K    88   24.45   24.39
c rst  luby  svd  vmt   215   58K    1309  9870   576    4.12    4.00   220   610   30K    88   24.37   24.31
c rst  luby  svd  vmt   216   59K    1309  9870   576    4.12    4.00   222   642   31K    88   24.24   24.18
c rst  luby  svd  vmt   217   61K    1309  9870   576    4.12    4.00   352   906   26K    88   24.08   24.01
c [full-probe]  bin_only: 1 set: 0 repl: 0 T: 0.00 T-out: N T-r: 99.88%
c rst  geom best  vmt   218   61K    1309  9870   576    4.12    4.00   354   922   26K    88   24.16   24.09
c rst  geom best  vmt   219   61K    1309  9870   576    4.12    4.00   357   929   26K    88   24.19   24.12
c rst  geom best  vmt   220   61K    1309  9870   576    4.12    4.00   357   930   27K    88   24.24   24.17
c rst  geom best  vmt   221   61K    1309  9870   576    4.12    4.00   358   941   27K    88   24.23   24.16
c rst  geom best  vmt   222   61K    1309  9870   576    4.12    4.00   359   955   27K    88   24.23   24.16
c rst  geom best  vmt   223   61K    1309  9870   576    4.12    4.00   359   967   27K    88   24.26   24.19
c rst  geom best  vmt   224   62K    1309  9870   576    4.12    4.00   359   977   27K    88   24.31   24.24
c rst  geom best  vmt   225   62K    1309  9870   576    4.12    4.00   360   997   27K    88   24.38   24.31
c rst  geom best  vmt   226   62K    1309  9870   576    4.12    4.00   369  1031   28K    88   24.39   24.32
c rst  geom best  vmt   227   62K    1309  9870   576    4.12    4.00   372  1047   28K    88   24.56   24.49
c rst  geom best  vmt   228   63K    1309  9870   576    4.12    4.00   376  1077   28K    88   24.59   24.53
c [branch] adjusting to: vsid (from: vmtf) var_decay:0.95 descr: VSIDS
c rst  geom best   vs   229   63K    1309  9870   576    4.12    4.00   377  1081   28K    88   24.62   24.56
c rst  geom best   vs   230   63K    1309  9870   576    4.12    4.00   377  1085   28K    88   24.70   24.64
c rst  geom best   vs   231   63K    1309  9870   576    4.12    4.00   378  1086   28K    88   24.70   24.63
c rst  geom best   vs   232   63K    1309  9870   576    4.12    4.00   379  1090   29K    88   24.72   24.66
c rst  geom best   vs   233   63K    1309  9870   576    4.12    4.00   380  1100   29K    88   24.69   24.62
c rst  geom best   vs   234   64K    1309  9870   576    4.12    4.00   382  1109   29K    88   24.70   24.64
c rst  geom best   vs   235   64K    1309  9870   576    4.12    4.00   384  1119   29K    88   24.73   24.67
c rst  geom best   vs   236   64K    1309  9870   576    4.12    4.00   384  1125   29K    88   24.80   24.73
c rst  geom best   vs   237   64K    1309  9870   576    4.12    4.00   387  1133   29K    88   24.86   24.79
c rst  geom best   vs   238   64K    1309  9870   576    4.12    4.00   387  1143   30K    88   24.84   24.77
c rst  geom best   vs   239   65K    1309  9870   576    4.12    4.00   389  1151   30K    88   24.90   24.84
c rst  geom best   vs   240   65K    1309  9870   576    4.12    4.00   389  1159   30K    88   24.98   24.91
c rst  geom best   vs   241   65K    1309  9870   576    4.12    4.00   392  1173   31K    88   24.97   24.91
c rst  geom best   vs   242   66K    1309  9870   576    4.12    4.00   400  1194   31K    88   25.01   24.95
c [distill-long-red0] cls tried: 236/236 T: 0.02 T-out: N T-r: 99.31%
c [distill-long-red1] cls tried: 65/1149 T: 0.01 T-out: Y T-r: -1.42%
c rst  geom best   vs   243   66K    1309  9870   576    4.12    4.00   403  1205   31K    88   24.91   24.85
c rst  geom best   vs   244   67K    1309  9870   576    4.12    4.00   407  1223   32K    88   24.94   24.88
c rst  geom  stb   vs   245   67K    1309  9870   576    4.12    4.00   413  1239   32K    88   25.04   24.98
c rst  geom  stb   vs   246   68K    1309  9870   576    4.12    4.00   418  1263   33K    88   25.03   24.97
c rst  geom  stb   vs   247   68K    1309  9870   576    4.12    4.00   427  1303   33K    88   25.04   24.98
c rst  geom  stb   vs   248   69K    1309  9870   576    4.12    4.00   434  1311   34K    88   24.96   24.91
c rst  geom  stb   vs   249   70K    1309  9870   576    4.12    4.00   751  1014   35K    88   24.96   24.91
c rst  geom  stb   vs   250   70K    1309  9870   576    4.12    4.00   757  1041   35K    88   24.91   24.86
c rst  geom  stb   vs   251   71K    1309  9870   576    4.12    4.00   762  1087   36K    88   24.83   24.77
c rst  geom  stb   vs   252   72K    1309  9870   576    4.12    4.00   763  1105   37K    88   24.78   24.73
c rst  geom  stb   vs   253   73K    1309  9870   576    4.12    4.00   779  1158   38K    88   24.74   24.69
c [distill-bin] useful: 1/576/576 lits-rem: 0 cl-rem: 1 0-depth-assigns: 0 T: 0.00 T-out: N
c rst  geom ibes   vs   254   74K    1309  9870   575    4.12    4.00   781  1210   39K    88   25.05   25.00
c [branch] adjusting to: vmtf (from: vsid) var_decay:0.95 descr: VMTF
c rst  luby ibes  vmt   255   75K    1309  9870   575    4.12    4.00   826  1604   31K    88   24.31   24.26
c rst  luby ibes  vmt   256   75K    1309  9870   575    4.12    4.00   826  1609   31K    88   24.31   24.26
c rst  luby ibes  vmt   257   75K    1309  9870   575    4.12    4.00   829  1628   31K    88   24.32   24.26
c rst  luby ibes  vmt   258   75K    1309  9870   575    4.12    4.00   832  1631   31K    88   24.35   24.30
c rst  luby ibes  vmt   259   75K    1309  9870   575    4.12    4.00   834  1637   31K    88   24.36   24.30
c rst  luby ibes  vmt   260   75K    1309  9870   575    4.12    4.00   835  1641   31K    88   24.35   24.29
c rst  luby ibes  vmt   261   76K    1309  9870   575    4.12    4.00   839  1673   32K    88   24.58   24.52
c rst  luby ibes  vmt   262   76K    1309  9870   575    4.12    4.00   839  1679   32K    88   24.58   24.53
c rst  luby ibes  vmt   263   76K    1309  9870   575    4.12    4.00   839  1683   32K    88   24.61   24.55
c rst  luby ibes  vmt   264   76K    1309  9870   575    4.12    4.00   839  1689   32K    88   24.64   24.59
c rst  luby ibes  vmt   265   76K    1309  9870   575    4.12    4.00   840  1698   32K    88   24.64   24.58
c rst  luby ibes  vmt   266   76K    1309  9870   575    4.12    4.00   840  1699   32K    88   24.67   24.61
c rst  luby ibes  vmt   267   76K    1309  9870   575    4.12    4.00   841  1710   33K    88   24.64   24.59
c rst  luby ibes  vmt   268   77K    1309  9870   575    4.12    4.00   842  1719   33K    88   24.67   24.62
c [distill] watch-based irred--  cl tried     4517 cl-sh   101 cl-rem  103 lit-rem    106 T: 0.00 T-out: N
c [distill] watch-based   red--  cl tried     1684 cl-sh   156 cl-rem    0 lit-rem    278 T: 0.00 T-out: N
c rst  luby ibes  vmt   269   78K    1309  9767   581    4.10    3.99   845  1748   34K    82   24.83   24.78
c rst  luby ibes  vmt   270   78K    1309  9767   581    4.10    3.99   849  1750   34K    82   24.83   24.78
c rst  luby ibes  vmt   271   78K    1309  9767   581    4.10    3.99   850  1755   34K    82   24.85   24.80
c rst  luby ibes  vmt   272   78K    1309  9767   581    4.10    3.99   853  1762   34K    82   24.87   24.82
c rst  luby ibes  vmt   273   78K    1309  9767   581    4.10    3.99   855  1767   34K    82   24.88   24.83
c rst  luby ibes  vmt   274   78K    1309  9767   581    4.10    3.99   857  1776   34K    82   24.88   24.83
c rst  luby ibes  vmt   275   78K    1309  9767   581    4.10    3.99   860  1780   34K    82   24.93   24.89
c rst  luby ibes  vmt   276   79K    1309  9767   581    4.10    3.99   862  1794   35K    82   24.93   24.88
c rst  luby ibes  vmt   277   79K    1309  9767   581    4.10    3.99   862  1797   35K    82   24.94   24.89
c rst  luby ibes  vmt   278   79K    1309  9767   581    4.10    3.99   863  1804   35K    82   24.95   24.90
c rst  luby  svd  vmt   279   79K    1309  9767   581    4.10    3.99   864  1811   35K    82   24.97   24.92
c rst  luby  svd  vmt   280   79K    1309  9767   581    4.10    3.99   864  1822   35K    82   24.98   24.94
c rst  luby  svd  vmt   281   79K    1309  9767   581    4.10    3.99   864  1831   35K    82   24.98   24.94
c rst  luby  svd  vmt   282   80K    1309  9767   581    4.10    3.99  1172  1531   36K    82   24.99   24.94
c rst  luby  svd  vmt   283   80K    1309  9767   581    4.10    3.99  1177  1562   36K    82   25.01   24.96
c rst  luby  svd  vmt   284   81K    1309  9767   581    4.10    3.99  1183  1594   37K    82   25.10   25.06
c [distill-long-red0] cls tried: 812/812 T: 0.03 T-out: N T-r: 98.49%
c [distill-long-red1] cls tried: 61/1495 T: 0.01 T-out: Y T-r: -5.31%
c [full-probe]  bin_only: 0 set: 1 repl: 0 T: 0.00 T-out: N T-r: 98.05%
c rst  luby  svd  vmt   285   82K    1308  9767   581    4.10    3.99  1187  1658   38K    84   24.99   24.94
c rst  luby  svd  vmt   286   83K    1308  9767   581    4.10    3.99  1187  1671   38K    84   24.99   24.94
c rst  luby  svd  vmt   287   83K    1308  9767   581    4.10    3.99  1187  1687   38K    84   24.98   24.94
c rst  luby  svd  vmt   288   83K    1308  9767   581    4.10    3.99  1188  1696   39K    84   24.98   24.93
c rst  luby  svd  vmt   289   83K    1308  9767   581    4.10    3.99  1188  1700   39K    84   24.97   24.92
c rst  luby  svd  vmt   290   83K    1308  9767   581    4.10    3.99  1188  1704   39K    84   24.97   24.92
c rst  luby  svd  vmt   291   83K    1308  9767   581    4.10    3.99  1189  1714   39K    84   24.96   24.92
c rst  luby  svd  vmt   292   84K    1308  9767   581    4.10    3.99  1190  1726   39K    84   24.96   24.92
c rst  luby  svd  vmt   293   84K    1308  9767   581    4.10    3.99  1190  1729   40K    84   24.97   24.92
c rst  luby  svd  vmt   294   84K    1308  9767   581    4.10    3.99  1190  1734   40K    84   24.99   24.94
c rst  luby  svd  vmt   295   84K    1308  9767   581    4.10    3.99  1190  1742   40K    84   24.98   24.94
c rst  luby  svd  vmt   296   84K    1308  9767   581    4.10    3.99  1190  1748   40K    84   24.97   24.93
c rst  luby  svd  vmt   297   84K    1308  9767   581    4.10    3.99  1190  1752   40K    84   24.97   24.93
c rst  luby  svd  vmt   298   85K    1308  9767   581    4.10    3.99  1192  1757   40K    84   24.98   24.94
c rst  luby  svd  vmt   299   85K    1308  9767   581    4.10    3.99  1194  1775   41K    84   24.99   24.94
c rst  luby  svd  vmt   300   86K    1308  9767   581    4.10    3.99  1195  1827   41K    84   25.10   25.05
c rst  geom best  vmt   301   86K    1308  9767   581    4.10    3.99  1195  1835   41K    84   25.09   25.05
c rst  geom best  vmt   302   86K    1308  9767   581    4.10    3.99  1195  1839   42K    84   25.10   25.05
c rst  geom best  vmt   303   86K    1308  9767   581    4.10    3.99  1197  1841   42K    84   25.08   25.04
c rst  geom best  vmt   304   86K    1308  9767   581    4.10    3.99  1199  1851   42K    84   25.08   25.04
c rst  geom best  vmt   305   86K    1308  9767   581    4.10    3.99  1200  1861   42K    84   25.13   25.08
c rst  geom best  vmt   306   87K    1308  9767   581    4.10    3.99  1200  1869   42K    84   25.13   25.09
c rst  geom best  vmt   307   87K    1308  9767   581    4.10    3.99  1200  1878   42K    84   25.14   25.10
c rst  geom best  vmt   308   87K    1308  9767   581    4.10    3.99  1204  1890   43K    84   25.15   25.11
c rst  geom best  vmt   309   87K    1308  9767   581    4.10    3.99  1204  1899   43K    84   25.16   25.11
c [branch] adjusting to: vsid (from: vmtf) var_decay:0.95 descr: VSIDS
c rst  geom best   vs   310   87K    1308  9767   581    4.10    3.99  1204  1901   43K    84   25.15   25.11
c rst  geom best   vs   311   87K    1308  9767   581    4.10    3.99  1204  1905   43K    84   25.16   25.12
c rst  geom best   vs   312   88K    1308  9767   581    4.10    3.99  1207  1910   43K    84   25.17   25.13
c rst  geom best   vs   313   88K    1308  9767   581    4.10    3.99  1207  1917   43K    84   25.18   25.14
c [ccnr] tries: 0 steps: 262143 best found: 9
c [ccnr] tries: 0 steps: 524287 best found: 9
c [ccnr] tries: 0 steps: 786431 best found: 9
c [ccnr] saving best assignment phase to stable_polar
c [ccnr] bumping based on var unsat frequency: conflict_ct
c [ccnr] Bumped vars: 1501 bump type: 6
c [ccnr] time: 0.33
c rst  geom best   vs   314   88K    1308  9767   581    4.10    3.99  1208  1919   43K    84   25.16   25.12
c rst  geom best   vs   315   88K    1308  9767   581    4.10    3.99  1209  1920   44K    84   25.16   25.12
c rst  geom best   vs   316   88K    1308  9767   581    4.10    3.99  1209  1924   44K    84   25.14   25.10
c rst  geom best   vs   317   88K    1308  9767   581    4.10    3.99  1209  1928   44K    84   25.13   25.09
c rst  geom best   vs   318   89K    1308  9767   581    4.10    3.99  1211  1933   44K    84   25.15   25.11
c rst  geom best   vs   319   89K    1308  9767   581    4.10    3.99  1212  1934   44K    84   25.18   25.14
c rst  geom best   vs   320   89K    1308  9767   581    4.10    3.99  1213  1936   45K    84   25.17   25.13
c rst  geom best   vs   321   90K    1308  9767   581    4.10    3.99  1569  2345   33K    84   26.21   26.15
c rst  geom best   vs   322   90K    1308  9767   581    4.10    3.99  1569  2350   33K    84   26.22   26.17
c rst  geom best   vs   323   90K    1308  9767   581    4.10    3.99  1572  2355   34K    84   26.24   26.19
c rst  geom best   vs   324   91K    1308  9767   581    4.10    3.99  1572  2357   34K    84   26.19   26.14
c rst  geom best   vs   325   91K    1308  9767   581    4.10    3.99  1572  2365   35K    84   26.11   26.05
c rst  geom best   vs   326   92K    1308  9767   581    4.10    3.99  1574  2375   35K    84   26.05   25.99
c rst  geom  stb   vs   327   92K    1308  9767   581    4.10    3.99  1575  2385   36K    84   26.11   26.06
c rst  geom  stb   vs   328   93K    1308  9767   581    4.10    3.99  1575  2393   36K    84   26.17   26.12
c rst  geom  stb   vs   329   93K    1308  9767   581    4.10    3.99  1576  2410   37K    84   26.14   26.09
c [distill-bin] useful: 0/581/581 lits-rem: 0 cl-rem: 0 0-depth-assigns: 0 T: 0.00 T-out: N
c rst  geom  stb   vs   330   94K    1308  9767   579    4.10    3.99  1576  2414   37K    84   26.11   26.07
c rst  geom  stb   vs   331   95K    1308  9767   579    4.10    3.99  1582  2423   38K    84   26.07   26.02
c rst  geom  stb   vs   332   96K    1308  9767   579    4.10    3.99  1583  2433   39K    84   26.04   25.99
c rst  geom  stb   vs   333   97K    1308  9767   579    4.10    3.99  1586  2446   40K    84   26.05   26.00
c [distill-long-red0] cls tried: 402/402 T: 0.02 T-out: N T-r: 98.92%
c [distill-long-red1] cls tried: 36/2285 T: 0.01 T-out: Y T-r: -6.06%
c rst  geom  stb   vs   334   98K    1308  9767   579    4.10    3.99  1591  2471   41K    84   26.04   25.99
c rst  geom ibes   vs   335   99K    1308  9767   579    4.10    3.99  1595  2488   42K    84   25.99   25.95
c rst  geom ibes   vs   336  100K    1308  9767   579    4.10    3.99  1810  2230   44K    84   25.98   25.94
c [impl-str] lit bin: 0 set-var: 0 T: 0.00 T-out: N T-r: 99.96% w-visit: 3002
c [impl-sub] bin: 1 T: 0.00 T-out: N w-visit: 3002
c rst  geom ibes   vs   337  102K    1308  9767   579    4.10    3.99  1814  2265   45K    83   25.92   25.88
c [branch] adjusting to: vmtf (from: vsid) var_decay:0.95 descr: VMTF
c [full-probe]  bin_only: 1 set: 0 repl: 0 T: 0.00 T-out: N T-r: 99.73%
c rst  luby ibes  vmt   338  102K    1308  9767   579    4.10    3.99  1823  2274   45K    87   25.92   25.88
c rst  luby ibes  vmt   339  102K    1308  9767   579    4.10    3.99  1825  2276   45K    87   25.93   25.89
c [distill] watch-based irred--  cl tried     4411 cl-sh     0 cl-rem    1 lit-rem      0 T: 0.00 T-out: N
c [distill] watch-based   red--  cl tried     3647 cl-sh   121 cl-rem    3 lit-rem    172 T: 0.00 T-out: N
c rst  luby ibes  vmt   340  102K    1308  9749   581    4.10    3.99  1822  2277   45K    84   25.91   25.87
c rst  luby ibes  vmt   341  102K    1308  9749   581    4.10    3.99  1822  2282   45K    84   25.90   25.86
c rst  luby ibes  vmt   342  102K    1308  9749   581    4.10    3.99  1823  2284   45K    84   25.91   25.87
c rst  luby ibes  vmt   343  102K    1308  9749   581    4.10    3.99  1823  2296   46K    84   25.91   25.87
c rst  luby ibes  vmt   344  103K    1308  9749   581    4.10    3.99  1823  2305   46K    84   25.92   25.88
c rst  luby ibes  vmt   345  103K    1308  9749   581    4.10    3.99  1823  2306   46K    84   25.93   25.89
c rst  luby ibes  vmt   346  103K    1308  9749   581    4.10    3.99  1823  2310   46K    84   25.92   25.88
c rst  luby ibes  vmt   347  103K    1308  9749   581    4.10    3.99  1823  2315   46K    84   25.90   25.86
c rst  luby ibes  vmt   348  103K    1308  9749   581    4.10    3.99  1823  2315   47K    84   25.89   25.85
c rst  luby ibes  vmt   349  103K    1308  9749   581    4.10    3.99  1823  2316   47K    84   25.88   25.84
c rst  luby ibes  vmt   350  104K    1308  9749   581    4.10    3.99  1823  2324   47K    84   25.91   25.87
c rst  luby ibes  vmt   351  104K    1308  9749   581    4.10    3.99  1823  2331   47K    84   25.92   25.89
c rst  luby  svd  vmt   352  105K    1308  9749   581    4.10    3.99  1880  2981   36K    84   25.15   25.11
c rst  luby  svd  vmt   353  105K    1308  9749   581    4.10    3.99  1881  2983   36K    84   25.13   25.08
c rst  luby  svd  vmt   354  105K    1308  9749   581    4.10    3.99  1881  2983   36K    84   25.11   25.06
c rst  luby  svd  vmt   355  105K    1308  9749   581    4.10    3.99  1881  2986   36K    84   25.06   25.02
c rst  luby  svd  vmt   356  105K    1308  9749   581    4.10    3.99  1881  2988   36K    84   25.05   25.00
c rst  luby  svd  vmt   357  106K    1308  9749   581    4.10    3.99  1881  2996   36K    84   25.04   24.99
c rst  luby  svd  vmt   358  106K    1308  9749   581    4.10    3.99  1881  2998   36K    84   25.00   24.95
c rst  luby  svd  vmt   359  106K    1308  9749   581    4.10    3.99  1883  3015   37K    84   24.93   24.88
c rst  luby  svd  vmt   360  106K    1308  9749   581    4.10    3.99  1883  3017   37K    84   24.90   24.86
c rst  luby  svd  vmt   361  106K    1308  9749   581    4.10    3.99  1883  3020   37K    84   24.87   24.83
c rst  luby  svd  vmt   362  107K    1308  9749   581    4.10    3.99  1883  3029   37K    84   24.84   24.80
c rst  luby  svd  vmt   363  107K    1308  9749   581    4.10    3.99  1884  3030   37K    84   24.82   24.78
c rst  luby  svd  vmt   364  107K    1308  9749   581    4.10    3.99  1885  3031   37K    84   24.80   24.76
c rst  luby  svd  vmt   365  107K    1308  9749   581    4.10    3.99  1886  3036   37K    84   24.76   24.72
c rst  luby  svd  vmt   366  107K    1308  9749   581    4.10    3.99  1886  3052   38K    84   24.69   24.64
c rst  luby  svd  vmt   367  108K    1308  9749   581    4.10    3.99  1886  3079   39K    84   24.49   24.44
c rst  luby  svd  vmt   368  110K    1308  9749   581    4.10    3.99  2784  2215   40K    84   24.10   24.06
c rst  luby  svd  vmt   369  110K    1308  9749   581    4.10    3.99  2785  2218   40K    84   24.08   24.04
c rst  luby  svd  vmt   370  110K    1308  9749   581    4.10    3.99  2785  2221   40K    84   24.07   24.03
c rst  luby  svd  vmt   371  110K    1308  9749   581    4.10    3.99  2785  2225   41K    84   24.03   23.99
c rst  luby  svd  vmt   372  110K    1308  9749   581    4.10    3.99  2785  2228   41K    84   24.02   23.98
c rst  geom best  vmt   373  110K    1308  9749   581    4.10    3.99  2785  2228   41K    84   24.00   23.96
c rst  geom best  vmt   374  110K    1308  9749   581    4.10    3.99  2785  2232   41K    84   23.97   23.93
c rst  geom best  vmt   375  111K    1308  9749   581    4.10    3.99  2785  2232   41K    84   23.94   23.90
c rst  geom best  vmt   376  111K    1308  9749   581    4.10    3.99  2785  2235   41K    84   23.91   23.87
c rst  geom best  vmt   377  111K    1308  9749   581    4.10    3.99  2785  2242   41K    84   23.88   23.84
c rst  geom best  vmt   378  111K    1308  9749   581    4.10    3.99  2786  2247   42K    84   23.85   23.81
c rst  geom best  vmt   379  111K    1308  9749   581    4.10    3.99  2787  2261   42K    84   23.81   23.77
c rst  geom best  vmt   380  111K    1308  9749   581    4.10    3.99  2787  2269   42K    84   23.77   23.73
c rst  geom best  vmt   381  112K    1308  9749   581    4.10    3.99  2787  2274   42K    84   23.71   23.67
c rst  geom best  vmt   382  112K    1308  9749   581    4.10    3.99  2788  2285   42K    84   23.65   23.61
c [distill-long-red0] cls tried: 1264/1264 T: 0.11 T-out: N T-r: 94.85%
c [distill-long-red1] cls tried: 29/2145 T: 0.01 T-out: Y T-r: -11.27%
c rst  geom best  vmt   383  112K    1308  9749   581    4.10    3.99  2789  2301   43K    85   23.58   23.55
c rst  geom best  vmt   384  113K    1308  9749   581    4.10    3.99  2789  2315   43K    85   23.51   23.47
c rst  geom best  vmt   385  113K    1308  9749   581    4.10    3.99  2790  2330   43K    85   23.43   23.40
c rst  geom best  vmt   386  113K    1308  9749   581    4.10    3.99  2790  2369   44K    85   23.36   23.33
c rst  geom best  vmt   387  114K    1308  9749   581    4.10    3.99  2791  2388   44K    85   23.27   23.23
c [distill-bin] useful: 1/581/581 lits-rem: 0 cl-rem: 0 0-depth-assigns: 1 T: 0.00 T-out: N
c rst  geom best  vmt   388  114K    1307  9749   579    4.10    3.99  2792  2430   44K    85   23.20   23.16
c rst  geom best  vmt   389  115K    1307  9749   579    4.10    3.99  2792  2446   45K    85   23.08   23.05
c rst  geom best  vmt   390  115K    1307  9749   579    4.10    3.99  2792  2468   45K    85   22.97   22.93
c [gauss] XOR-encoding clauses are not detached, so no need to reattach them.
c [g 0] truth-find prop checks  : 26K
c [g 0] -> of which prop        : 11.77 %
c [g 0] -> of which confl       :  1.29 %
c [g 0] elim called             : 6891
c [g 0] ---> which lead to prop : 27.82 %
c [g 0] ---> which lead to confl:  1.51 %
c [g 0] size: 34    x 308  
c [scc] new: 1 BP 0M T: 0.00
c [vrep] vars 1 lits 2824 rem-bin-cls 6 rem-long-cls 8 BP 0M T: 0.01
c [scc] new: 0 BP 0M T: 0.00
c [vrep] vars 0 lits 0 rem-bin-cls 0 rem-long-cls 0 BP 0M T: 0.00
c [intree] Set 0 vars hyper-added: 23 trans-irred: 0 trans-red: 1 T: 0.01 T-out: N T-r: -4.24%
c [find&init matx] performing matrix init
c [gauss] XOR-encoding clauses are not detached, so no need to reattach them.
c [xor-rem-unconnected] left with 940 xors from 940 non-empty xors T: 0.00
c [xor-together] xored together: 905 orig xors: 940 new xors: 35 T: 0.00
c [xor-rem-unconnected] left with 35 xors from 35 non-empty xors T: 0.00
c [xor-clean-equiv] removed equivalent xors: 0 left with: 35
c [matrix] unused xors from cleaning: 0
c [matrix] Good   matrix 0 35      x306    density:0.1815  xorlen avg: 55.54
c [matrix] Using 1 matrices recovered from 0 xors T: 0.00 T-out: N
c rst  geom best vmt  391   116 K 1306     9721   579 4.10    3.98     2791  2570   45K   102 22.52   22.48  
c [g  <0] Disabling GJ-elim in this round.  Usefulness was: 11.8002%  over 50838 calls
c rst  geom best vmt  392   116 K 1306     9721   579 4.10    3.98     2792  2670   46K   102 22.39   22.35  
c rst  geom stb  vmt  393   117 K 1306     9721   579 4.10    3.98     2793  2707   46K   102 22.28   22.24  
c [branch] adjusting to: vsid (from: vmtf) var_decay:0.95 descr: VSIDS
c rst  geom stb  vs   394   117 K 1306     9721   579 4.10    3.98     2793  2707   46K   102 22.30   22.26  
c rst  geom stb  vs   395   117 K 1306     9721   579 4.10    3.98     2793  2708   46K   102 22.31   22.27  
c rst  geom stb  vs   396   118 K 1306     9721   579 4.10    3.98     2793  2708   47K   102 22.32   22.28  
c rst  geom stb  vs   397   118 K 1306     9721   579 4.10    3.98     2793  2709   47K   102 22.32   22.28  
c rst  geom stb  vs   398   118 K 1306     9721   579 4.10    3.98     2793  2711   47K   102 22.31   22.27  
c rst  geom stb  vs   399   118 K 1306     9721   579 4.10    3.98     2793  2711   47K   102 22.31   22.27  
c rst  geom stb  vs   400   118 K 1306     9721   579 4.10    3.98     2794  2717   47K   102 22.33   22.29  
c rst  geom stb  vs   401   118 K 1306     9721   579 4.10    3.98     2794  2717   47K   102 22.37   22.33  
c rst  geom stb  vs   402   119 K 1306     9721   579 4.10    3.98     2794  2732   48K   102 22.37   22.33  
c rst  geom stb  vs   403   119 K 1306     9721   579 4.10    3.98     2794  2741   48K   102 22.37   22.33  
c rst  geom stb  vs   404   119 K 1306     9721   579 4.10    3.98     2794  2747   48K   102 22.39   22.35  
c rst  geom stb  vs   405   120 K 1306     9721   579 4.10    3.98     3503  3999   34K   102 20.34   20.30  
c rst  geom stb  vs   406   120 K 1306     9721   579 4.10    3.98     3503  4004   34K   102 20.45   20.41  
c rst  geom stb  vs   407   120 K 1306     9721   579 4.10    3.98     3503  4005   34K   102 20.48   20.43  
c rst  geom stb  vs   408   121 K 1306     9721   579 4.10    3.98     3504  4011   35K   102 20.57   20.52  
c rst  geom stb  vs   409   121 K 1306     9721   579 4.10    3.98     3506  4015   35K   102 20.60   20.56  
c rst  geom stb  vs   410   122 K 1306     9721   579 4.10    3.98     3506  4024   36K   102 20.67   20.63  
c rst  geom stb  vs   411   122 K 1306     9721   579 4.10    3.98     3506  4027   36K   102 20.69   20.64  
c [full-probe]  bin_only: 0 set: 0 repl: 0 T: 0.01 T-out: N T-r: 96.59%
c rst  geom stb  vs   412   123 K 1306     9721   579 4.10    3.98     3511  4040   37K   104 20.87   20.83  
c rst  geom ibes vs   413   123 K 1306     9721   579 4.10    3.98     3512  4047   37K   104 20.93   20.88  
c rst  geom ibes vs   414   124 K 1306     9721   579 4.10    3.98     3512  4058   38K   104 20.98   20.93  
c rst  geom ibes vs   415   125 K 1306     9721   579 4.10    3.98     3512  4064   39K   104 20.97   20.93  
c rst  geom ibes vs   416   126 K 1306     9721   579 4.10    3.98     3514  4078   40K   104 21.00   20.96  
c rst  geom ibes vs   417   127 K 1306     9721   579 4.10    3.98     3514  4112   41K   104 21.08   21.04  
c rst  geom ibes vs   418   128 K 1306     9721   579 4.10    3.98     3516  4126   42K   104 21.24   21.20  
c [distill-long-red0] cls tried: 711/711 T: 0.10 T-out: N T-r: 95.46%
c [distill-long-red1] cls tried: 25/3963 T: 0.01 T-out: Y T-r: -12.30%
c [distill] watch-based irred--  cl tried 4410     cl-sh 0     cl-rem 0    lit-rem 0      T: 0.00 T-out: N
c [distill] watch-based red  --  cl tried 7031     cl-sh 81    cl-rem 1    lit-rem 118    T: 0.01 T-out: N
c rst  geom ibes vs   419   129 K 1306     9721   579 4.10    3.98     3517  4152   43K   104 21.19   21.15  
c rst  geom ibes vs   420   130 K 1306     9721   579 4.10    3.98     3633  3963   44K   104 21.26   21.22  
c rst  geom svd  vs   421   132 K 1306     9721   579 4.10    3.98     3634  3984   46K   104 21.30   21.27  
c rst  geom svd  vs   422   133 K 1306     9721   579 4.10    3.98     3636  3998   47K   104 21.27   21.23  
c [ccnr] tries: 0 steps: 262143 best found: 4
c [ccnr] tries: 0 steps: 524287 best found: 4
c [ccnr] tries: 0 steps: 786431 best found: 4
c [ccnr] saving best assignment phase to stable_polar
c [ccnr] bumping based on var unsat frequency: conflict_ct
c [ccnr] Bumped vars: 1501 bump type: 6
c [ccnr] time: 0.34
c rst  geom svd  vs   423   134 K 1306     9721   579 4.10    3.98     3636  4003   48K   104 21.29   21.25  
c recursive minimization cost OK: 248Kcost/(% lits removed)
c [gauss] XOR-encoding clauses are not detached, so no need to reattach them.
c [g 0] truth-find prop checks  : 36K
c [g 0] -> of which prop        :  7.32 %
c [g 0] -> of which confl       :  1.11 %
c [g 0] elim called             : 10413
c [g 0] ---> which lead to prop : 26.34 %
c [g 0] ---> which lead to confl:  1.72 %
c [g 0] size: 35    x 306  
c --> Executing strategy token: scc-vrepl
c [scc] new: 1 BP 0M T: 0.00
c [vrep] vars 1 lits 694 rem-bin-cls 6 rem-long-cls 7 BP 0M T: 0.00
c --> Executing strategy token: sub-impl
c [impl-sub] bin: 3 T: 0.00 T-out: N w-visit: 3002
c --> Executing strategy token: breakid
c --> Executing OCC strategy token(s): 'occ-backw-sub-str,occ-clean-implicit,occ-bve,occ-bva,occ-ternary-res,occ-xor,'
c [occ] mem usage for occur 0      MB
c [occ] Linked in IRRED BIN by default: 577
c [occ] Linked in RED   BIN by default: 99
c [occ] mem usage for occur 0      MB
c Mem for watch alloc      : 6           MB (21.45     %)
c Mem for watch array      : 0           MB (0.24      %)
c --> Executing OCC strategy token: occ-backw-sub-str
c [occ-backw-sub-str-long-w-bins] subs: 0 str: 40 tried: 3188 0-depth ass: 0 T: 0.00 T-out: N T-r: 99.62%
c [occ-backw-sub-long-w-long] rem cl: 778 tried: 65779/65779 (100.0%) T: 0.01 T-out: N T-r: 91.53%
c [occ-backw-sub-str-long-w-long] sub: 6 str: 117 tried: 197337/65779 (300.0)  T: 0.06 T-out: N T-r: 83.52%
c --> Executing OCC strategy token: occ-clean-implicit
c --> Executing OCC strategy token: occ-bve
c [occ-empty-res] Empty resolvent elimed: 0 T: 0.00 T-out: N
c [occ-bve] iter v-elim 1
c cl_inc_rate=1.0, var_dec_rate=1.0 (grow=0)
c Reduced to 1304 vars, 9997 cls (grow=0)
c [occ-bve] iter v-elim 17
c cl_inc_rate=1.0, var_dec_rate=1.0 (grow=8)
c Reduced to 1287 vars, 10023 cls (grow=8)
c x n vars       : 1287
c #try to eliminate:  2671
c #var-elim        :    18
c #T-o: N
c #T-r: 99.99%
c #T  : 0.04
c [occur] 0.02 is overhead
c [occur] link-in T: 0.02 cleanup T: 0.00
c --> Executing OCC strategy token: occ-bva
c --> Executing OCC strategy token: occ-ternary-res
c [occ-ternary-res] Ternary res-tri: 0 res-bin: 0 sub: 0 str: 0 T: 0.00 T-out: N T-r: 99.70%
c --> Executing OCC strategy token: occ-xor
c [occ-xor] sort occur list T: 0.00
c [xor-clean-equiv] removed equivalent xors: 0 left with: 922
c [occ-xor] found    922 avg sz 4.0 min sz  4 max sz  5 T: 0.00 T-out: N T-r: 99.99%
c --> Executing strategy token: card-find
c --> Executing strategy token: cl-consolidate
c Not consolidating memory.
c --> Executing strategy token: scc-vrepl
c [scc] new: 0 BP 0M T: 0.00
c --> Executing strategy token: renumber
c --> Executing strategy token: bosphorus
c --> Executing strategy token: louvain-comms
c [consolidate] mini T: 0.00
c global_timeout_multiplier: 3.6300
c [branch] rebuilding order heap for all branchings. Current branching: vsid
c [find&init matx] performing matrix init
c [gauss] XOR-encoding clauses are not detached, so no need to reattach them.
c [xor-rem-unconnected] left with 922 xors from 922 non-empty xors T: 0.00
c [xor-together] xored together: 883 orig xors: 922 new xors: 39 T: 0.00
c [xor-rem-unconnected] left with 39 xors from 39 non-empty xors T: 0.00
c [xor-clean-equiv] removed equivalent xors: 0 left with: 39
c [matrix] unused xors from cleaning: 0
c [matrix] Good   matrix  0     39 x  315  density:0.1577  xorlen avg: 49.67
c [matrix] Using 1 matrices recovered from 0 xors T: 0.00 T-out: N
c [distill-bin] useful: 0/559/559 lits-rem: 0 cl-rem: 0 0-depth-assigns: 0 T: 0.00 T-out: N
c rst  geom  svd   vs   424  135K    1287  9464   559    4.12    4.01  3097  4542   35K    96   19.82   19.78
c [branch] adjusting to: vmtf (from: vsid) var_decay:0.95 descr: VMTF
c rst  luby  svd  vmt   425  135K    1287  9464   559    4.12    4.01  3103  4555   35K    96   19.84   19.80
c rst  luby  svd  vmt   426  135K    1287  9464   559    4.12    4.01  3104  4555   35K    96   19.87   19.83
c rst  luby  svd  vmt   427  135K    1287  9464   559    4.12    4.01  3104  4555   36K    96   19.91   19.87
c rst  luby  svd  vmt   428  135K    1287  9464   559    4.12    4.01  3104  4555   36K    96   19.91   19.88
c rst  luby  svd  vmt   429  135K    1287  9464   559    4.12    4.01  3104  4555   36K    96   19.92   19.88
c rst  luby  svd  vmt   430  136K    1287  9464   559    4.12    4.01  3104  4555   36K    96   19.94   19.90
c rst  luby  svd  vmt   431  136K    1287  9464   559    4.12    4.01  3113  4675   36K    96   19.88   19.84
c rst  luby  svd  vmt   432  136K    1287  9464   559    4.12    4.01  3113  4686   36K    96   19.86   19.83
c rst  luby  svd  vmt   433  136K    1287  9464   559    4.12    4.01  3114  4690   36K    96   19.85   19.81
c rst  luby  svd  vmt   434  136K    1287  9464   559    4.12    4.01  3114  4693   37K    96   19.83   19.79
c rst  luby  svd  vmt   435  137K    1287  9464   559    4.12    4.01  3114  4695   37K    96   19.81   19.78
c rst  luby  svd  vmt   436  137K    1287  9464   559    4.12    4.01  3115  4698   37K    96   19.80   19.76
c rst  geom best  vmt   437  137K    1287  9464   559    4.12    4.01  3115  4700   37K    96   19.79   19.75
c rst  geom best  vmt   438  137K    1287  9464   559    4.12    4.01  3115  4712   37K    96   19.78   19.74
c rst  geom best  vmt   439  137K    1287  9464   559    4.12    4.01  3115  4714   37K    96   19.77   19.73
c rst  geom best  vmt   440  137K    1287  9464   559    4.12    4.01  3116  4722   37K    96   19.75   19.71
c rst  geom best  vmt   441  137K    1287  9464   559    4.12    4.01  3117  4726   37K    96   19.73   19.70
c rst  geom best  vmt   442  138K    1287  9464   559    4.12    4.01  3117  4730   38K    96   19.71   19.68
c rst  geom best  vmt   443  138K    1287  9464   559    4.12    4.01  3117  4734   38K    96   19.68   19.64
c rst  geom best  vmt   444  138K    1287  9464   559    4.12    4.01  3117  4743   38K    96   19.65   19.61
c rst  geom best  vmt   445  138K    1287  9464   559    4.12    4.01  3119  4758   38K    96   19.62   19.59
c rst  geom best  vmt   446  138K    1287  9464   559    4.12    4.01  3119  4770   38K    96   19.59   19.56
c rst  geom best  vmt   447  139K    1287  9464   559    4.12    4.01  3119  4790   39K    96   19.55   19.52
c rst  geom best  vmt   448  139K    1287  9464   559    4.12    4.01  3119  4802   39K    96   19.50   19.46
c rst  geom best  vmt   449  139K    1287  9464   559    4.12    4.01  3120  4834   39K    96   19.46   19.43
c rst  geom best  vmt   450  140K    1287  9464   559    4.12    4.01  3342  4635   40K    96   19.41   19.37
c rst  geom best  vmt   451  140K    1287  9464   559    4.12    4.01  3342  4655   40K    96   19.34   19.30
c rst  geom best  vmt   452  141K    1287  9464   559    4.12    4.01  3347  4882   40K    96   19.28   19.24
c rst  geom best  vmt   453  141K    1287  9464   559    4.12    4.01  3348  4937   41K    96   19.21   19.17
c rst  geom best  vmt   454  142K    1287  9464   559    4.12    4.01  3350  5054   41K    96   19.13   19.10
c [g  <0] Disabling GJ-elim in this round.  Usefulness was: 19.1219%  over 323190 calls
c rst  geom best  vmt   455  142K    1287  9464   559    4.12    4.01  3352  5220   42K    96   19.05   19.02
c [full-probe]  bin_only: 1 set: 0 repl: 0 T: 0.00 T-out: N T-r: 99.66%
c rst  geom best  vmt   456  143K    1287  9464   559    4.12    4.01  3353  5345   42K    96   18.96   18.93
c [distill-long-red0] cls tried: 483/483 T: 0.07 T-out: N T-r: 96.98%
c [distill-long-red1] cls tried: 21/5201 T: 0.01 T-out: Y T-r: -10.47%
c rst  geom best  vmt   457  144K    1287  9464   559    4.12    4.01  3354  5544   43K    96   18.87   18.84
c rst  geom  stb  vmt   458  144K    1287  9464   559    4.12    4.01  3356  5600   43K    96   18.77   18.74
c rst  geom  stb  vmt   459  145K    1287  9464   559    4.12    4.01  3359  5779   44K    96   18.66   18.63
c rst  geom  stb  vmt   460  146K    1287  9464   559    4.12    4.01  3364  5992   45K    96   18.57   18.54
c rst  geom  stb  vmt   461  147K    1287  9464   559    4.12    4.01  3368  6407   46K    96   18.42   18.39
c rst  geom  stb  vmt   462  148K    1287  9464   559    4.12    4.01  3383  6878   46K    97   18.29   18.26
c rst  geom  stb  vmt   463  150K    1287  9464   559    4.12    4.01  4860  9794   29K   100   16.93   16.90
c rst  geom  stb  vmt   464  151K    1282  9464   559    4.12    4.01  4955 10724   30K   120   16.69   16.65
c rst  geom ibes  vmt   465  152K     122  5725  1148    3.75    3.46  1906   461  1188    87   11.52   11.29
c ------- FINAL TOTAL SEARCH STATS ---------
c UIP search time          : 12.41       (98.01     % time)
c All times are for this thread only except if explicitly specified
c restarts                 : 465         (327.97    confls per restart)
c blocked restarts         : 0           (0.00      per normal restart)
c time                     : 12.41       
c decisions                : 165540      (0.00      % random)
c propagations             : 16498K      (1328K     props/s)
c decisions/conflicts      : 1.09        
c conflicts                : 152508      
c LEARNT stats
c units learnt             : 9           (0.01      % of conflicts)
c bins learnt              : 80          (0.05      % of conflicts)
c long learnt              : 153132      (100.41    % of conflicts)
c red which0               : 788         (0.52      % of confl)
c SEAMLESS HYPERBIN&TRANS-RED stats
c advProp called           : 0           
c hyper-bin add bin        : 0           (0.00      bin/call)
c trans-red rem irred bin  : 0           (0.00      bin/call)
c trans-red rem red bin    : 0           (0.00      bin/call)
c CONFL LITS stats
c orig                     : 17076224    (111.97    lit/confl)
c recurs-min effective     : 143189      (93.89     % attempt successful)
c recurs-min lits          : 13177223    (77.17     % less overall)
c permDiff call%           : 5.82        (0.00      % attempt successful)
c permDiff lits-rem        : 0           (0.00      less lits/cl on attempts)
c further-min call%        : 0.09        (28.57     % attempt successful)
c bintri-min lits          : 97          (0.00      % less overall)
c final avg                : 25.57       
c all-threads sum CPU time : 12.41        s
c PROP stats
c Mbogo-props              : 100.84      (8.12      / sec)
c MHyper-props             : 0.03        (0.00      / sec)
c Mprops                   : 16.50       (1.33      / sec)
c -------- OccSimplifier STATS ----------
c time                     : 0.19        (0.00      % var-elim)
c called                   : 2           (0.09      s per call)
c 0-depth assigns          : 0           (0.00      % vars)
c -------- OccSimplifier STATS END ----------
c -------- SubsumeStrengthen STATS ----------
c cl-subs                  : 950          Clauses
c cl-str rem lit           : 169          Lits
c cl-sub T                 : 0.02         s
c cl-str T                 : 0.12         s
c -------- SubsumeStrengthen STATS END ----------
c ----- SCC STATS --------
c time                     : 0.00        (0.00      per call)
c called                   : 8           (1.50      new found per call)
c found                    : 12          (50.00     % of all found)
c bogoprops                : 239417      % of all found
c ----- SCC STATS END --------
c --------- VAR REPLACE STATS ----------
c time                     : 0.04        (0.01      per call)
c trees' crown             : 12          (0.80      % of vars)
c 0-depth assigns          : 0           (0.00      % vars)
c lits replaced            : 34445       
c bin cls removed          : 60          
c long cls removed         : 193         
c long lits removed        : 4168        
c bogoprops                : 1352445     
c --------- VAR REPLACE STATS END ----------
c vrep replace time        : 0.04        (0.32      % time)
c vrep tree roots          : 6           
c vrep trees' crown        : 12          (2.00      leafs/tree)
c -------- DISTILL-BIN STATS --------
c time                     : 0.03        (0.00      per call)
c timed out                : 0           (0.00      % of calls)
c distill/checked/potential: 1          /5433/5433
c lits-rem                 : 0           
c 0-depth-assigns          : 1           (0.07      % of vars)
c -------- DISTILL STATS END --------
c -------- STRENGTHEN STATS --------
c --> watch-based on irred cls
c time                     : 0.00        (0.00      s/call)
c shrinked/tried/total     : 102        /15163/93411
c subsumed/tried/total     : 109        /15163/93411
c lits-rem                 : 107         (0.16      % of lits tried)
c called                   : 10          (0.00      % ran out of time)
c --> watch-based on red cls
c time                     : 0.02        (0.00      s/call)
c shrinked/tried/total     : 429        /14145/14145
c subsumed/tried/total     : 11         /14145/14145
c lits-rem                 : 681         (0.69      % of lits tried)
c called                   : 10          (0.00      % ran out of time)
c -------- STRENGTHEN STATS END --------
c -------- IMPLICIT SUB  STATS --------
c time                     : 0.01        (0.00      per call)
c timed out                : 0           (0.00      % of calls)
c rem bins                 : 26          
c -------- IMPLICIT SUB STATS END --------
c Mem used                 : 28          MB
c Mem for longclauses      : 0           MB (3.22      %)
c Mem for watch alloc      : 7           MB (26.09     %)
c Mem for watch array      : 0           MB (0.24      %)
c Mem for assings&vardata  : 0           MB (0.17      %)
c Mem for search&solve     : 0           MB (0.44      %)
c Mem for renumberer       : 0           MB (0.06      %)
c Mem for occsimplifier    : 0           MB (2.18      %)
c Mem for varReplacer&SCC  : 0           MB (0.12      %)
c Mem for impl subsume     : 0           MB (0.00      %)
c Mem for 3 distills       : 0           MB (0.00      %)
c Accounted for mem (rss)  : 32.51       %
c Accounted for mem (vm)   : 28.72       %
c restarts                 : 465         (327.97    confls per restart)
c blocked restarts         : 0           (0.00      per normal restart)
c time                     : 12.41       
c decisions                : 165540      (0.00      % random)
c propagations             : 16498K      (1328K     props/s)
c decisions/conflicts      : 1.09        
c conflicts                : 152508      
c conf lits non-minim      : 17076224    (111.97    lit/confl)
c conf lits final          : 25.57       
c red which0               : 788         (0.52      % of confl)
c props/decision           : 0.00        
c props/conflict           : 0.00        
c 0-depth assigns          : 1167        (77.75     % vars)
c 0-depth assigns by CNF   : 0           (0.00      % vars)
c reduceDB time            : 0.03        (0.25      % time)
c OccSimplifier time       : 0.19        (1.47      % time)
c [occur] 0.04 is overhead
c [occur] link-in T: 0.03 cleanup T: 0.01
c [occ-substr] long subBySub: 944 subByStr: 6 lits-rem-str: 169 T: 0.14
c SCC time                 : 0.00        (0.00      % time)
c [scc] new: 12 BP 0M  T: 0.00
c vrep replace time        : 0.04        (0.32      % time)
c vrep tree roots          : 6           
c vrep trees' crown        : 12          (2.00      leafs/tree)
c distill long time        : 0.48        (3.82      % time)
c distill bin time         : 0.03        (0.25      % time)
c strength cache-irred time: 0.00        (0.03      % time)
c strength cache-red time  : 0.02        (0.13      % time)
c avg cls in red 0         : 1428.06     
c avg cls in red 1         : 2147.35     
c avg cls in red 2         : 33548.53    
c Conflicts in UIP         : 152508      (12040.14  confl/time_this_thread)
c Max Memory (rss) used    : 29648 kB    
c Total time (this thread) : 12.67       
s UNSATISFIABLE
c [g 0] truth-find prop checks  : 239K
c [g 0] -> of which prop        : 17.61 %
c [g 0] -> of which confl       :  1.29 %
c [g 0] elim called             : 46K
c [g 0] ---> which lead to prop : 34.45 %
c [g 0] ---> which lead to confl:  1.20 %
c [g 0] size: 39    x 315  
