c BreakID not compiled in, disabling
c CryptoMiniSat version 5.11.15
c CMS Copyright (C) 2009-2020 Authors of CryptoMiniSat, see AUTHORS file
c CMS SHA revision 
c Using VMTF code by Armin Biere from CaDiCaL
c Using Yalsat by Armin Biere, see Balint et al. Improving implementation of SLS solvers [...], SAT'14
c Using WalkSAT by Henry Kautz, see Kautz and Selman Pushing the envelope: planning, propositional logic, and stochastic search, AAAI'96,
c CMS is MIT licensed
c Using code from 'When Boolean Satisfiability Meets Gauss-E. in a Simplex Way'
c       by C.-S. Han and J.-H. Roland Jiang in CAV 2012. Fixes by M. Soos
c Using CCAnr from 'CCAnr: A Conf. Checking Based Local Search Solver [...]'
c       by Shaowei Cai, Chuan Luo, and Kaile Su, SAT 2015
c CMS compilation env CMAKE_CXX_COMPILER = /usr/bin/c++ | COMPILE_DEFINES =  -DRDB0_ONLY_FEATURES -DBOOST_TEST_DYN_LINK -DUSE_ZLIB -DYALSAT_FPU | STATICCOMPILE = OFF | ONLY_SIMPLE = OFF | Boost_FOUND = TRUE | STATS = OFF | SQLITE3_FOUND =  | ZLIB_FOUND = TRUE | VALGRIND_FOUND =  | ENABLE_TESTING = OFF | SLOW_DEBUG = OFF | ENABLE_ASSERTIONS = ON | PYTHON_EXECUTABLE =  | PYTHON_LIBRARY =  | PYTHON_INCLUDE_DIRS =  | MY_TARGETS =  | LARGEMEM = OFF | LIMITMEM = OFF | BREAKID_LIBRARIES =  | BREAKID-VER = . | BOSPHORUS_LIBRARIES =  | BOSPH-VER = . | compilation date time = Mar 31 2024 17:57:30
c CMS compiled with gcc version 13.2.0
c Executed with command line: cryptominisat5 --verb 1 /workspace/experiments/EXP-ICPERF-66fd51/runs/RUN-ICPERF-305ca3/pure_cnf/n15l5-4-S.dimacs
c Reading file '/workspace/experiments/EXP-ICPERF-66fd51/runs/RUN-ICPERF-305ca3/pure_cnf/n15l5-4-S.dimacs'
c -- header says num vars:           2944
c -- header says num clauses:       11437
c -- clauses added: 11437
c -- xor clauses added: 0
c -- vars added 2944
c Parsing time: 0.00 s
c [branch] adjusting to: vsid (from: vsid) var_decay:0.95 descr: VSIDS
c rst  geom  stb   vs     1   112    2944 10388  1049    3.01    2.92    10     6    93     3  110.58  107.67
c rst  geom  stb   vs     2   235    2944 10388  1049    3.01    2.92    13     9   210     3   88.47   87.37
c  res  pol bran  nres  conf freevar  IrrL  IrrB l/longC  l/allC RedL0 RedL1 RedL2  RedB l/longC  l/allC
c rst  geom  stb   vs     3   370    2944 10388  1049    3.01    2.92    13     9   344     4   72.06   71.31
c rst  geom  stb   vs     4   518    2944 10388  1049    3.01    2.92    13    13   488     4   68.39   67.88
c rst  geom  stb   vs     5   679    2944 10388  1049    3.01    2.92    13    13   648     5   75.77   75.23
c rst  geom  stb   vs     6   856    2944 10388  1049    3.01    2.92    15    14   820     7   76.92   76.31
c rst  geom  stb   vs     7  1050    2944 10388  1049    3.01    2.92    16    19  1008     7   74.51   74.03
c rst  geom  stb   vs     8  1264    2944 10388  1049    3.01    2.92    24    20  1213     7   75.17   74.77
c rst  geom  stb   vs     9  1499    2944 10388  1049    3.01    2.92    31    26  1435     7   75.40   75.05
c rst  geom  stb   vs    10  1756    2944 10388  1049    3.01    2.92    32    27  1688     9   73.84   73.47
c rst  geom  stb   vs    11  2038    2944 10388  1049    3.01    2.92    32    29  1968     9   70.95   70.65
c rst  geom  stb   vs    12  2349    2944 10388  1049    3.01    2.92    38    35  2267     9   70.17   69.91
c rst  geom  stb   vs    13  2689    2944 10388  1049    3.01    2.92    44    45  2590    10   71.32   71.07
c rst  geom  stb   vs    14  3062    2944 10388  1049    3.01    2.92    46    53  2953    10   70.02   69.80
c rst  geom  stb   vs    15  3472    2944 10388  1049    3.01    2.92    47    56  3359    10   68.00   67.81
c rst  geom  stb   vs    16  3923    2944 10388  1049    3.01    2.92    56    68  3789    10   68.42   68.25
c rst  geom  stb   vs    17  4417    2944 10388  1049    3.01    2.92    62    75  4270    10   67.40   67.25
c rst  geom  stb   vs    18  4961    2944 10388  1049    3.01    2.92    62    81  4808    10   66.00   65.87
c rst  geom  stb   vs    19  5559    2944 10388  1049    3.01    2.92    64    90  5395    10   67.08   66.96
c [branch] adjusting to: vmtf (from: vsid) var_decay:0.95 descr: VMTF
c [distill-long-red0] cls tried: 64/64 T: 0.00 T-out: N T-r: 99.99%
c [distill-long-red1] cls tried: 90/90 T: 0.00 T-out: N T-r: 89.84%
c rst  luby ibes  vmt    20  5660    2944 10388  1049    3.01    2.92    75   107  5466    12   67.03   66.89
c rst  luby ibes  vmt    21  5761    2944 10388  1049    3.01    2.92    84   130  5535    12   66.20   66.06
c rst  luby ibes  vmt    22  5963    2944 10388  1049    3.01    2.92    84   135  5732    12   65.21   65.08
c rst  luby ibes  vmt    23  6064    2944 10388  1049    3.01    2.92    87   143  5822    12   64.50   64.38
c rst  luby ibes  vmt    24  6165    2944 10388  1049    3.01    2.92    94   158  5901    12   63.78   63.66
c rst  luby ibes  vmt    25  6366    2944 10388  1049    3.01    2.92    95   159  6100    12   63.03   62.91
c rst  luby ibes  vmt    26  6767    2944 10388  1049    3.01    2.92   104   185  6466    12   60.65   60.55
c rst  luby ibes  vmt    27  6868    2944 10388  1049    3.01    2.92   106   194  6556    12   60.02   59.92
c rst  luby ibes  vmt    28  6970    2944 10388  1049    3.01    2.92   109   197  6652    12   59.46   59.36
c rst  luby ibes  vmt    29  7173    2944 10388  1049    3.01    2.92   110   204  6847    12   58.55   58.46
c rst  luby ibes  vmt    30  7274    2944 10388  1049    3.01    2.92   113   215  6934    12   58.35   58.26
c rst  luby ibes  vmt    31  7376    2944 10388  1049    3.01    2.92   117   231  7016    12   58.02   57.93
c rst  luby ibes  vmt    32  7578    2944 10388  1049    3.01    2.92   124   255  7187    12   57.31   57.22
c rst  luby ibes  vmt    33  7979    2944 10388  1049    3.01    2.92   131   265  7571    12   57.07   56.98
c rst  luby ibes  vmt    34  8781    2944 10388  1049    3.01    2.92   138   318  8313    12   56.30   56.22
c rst  luby ibes  vmt    35  8882    2944 10388  1049    3.01    2.92   140   322  8407    13   56.14   56.06
c rst  luby ibes  vmt    36  8983    2944 10388  1049    3.01    2.92   141   326  8503    13   55.74   55.66
c rst  luby ibes  vmt    37  9185    2944 10388  1049    3.01    2.92   143   337  8692    13   55.05   54.97
c rst  luby ibes  vmt    38  9286    2944 10388  1049    3.01    2.92   146   340  8787    13   54.73   54.65
c rst  luby ibes  vmt    39  9387    2944 10388  1049    3.01    2.92   150   346  8878    13   54.41   54.34
c rst  luby ibes  vmt    40  9589    2944 10388  1049    3.01    2.92   154   363  9059    13   53.86   53.79
c rst  luby ibes  vmt    41  9991    2944 10388  1049    3.01    2.92   159   379  9440    13   52.48   52.41
c rst  luby ibes  vmt    42 10092    2944 10388  1049    3.01    2.92   403   142  9534    13   52.19   52.13
c rst  luby ibes  vmt    43 10193    2944 10388  1049    3.01    2.92   405   154  9621    13   51.88   51.82
c rst  luby ibes  vmt    44 10394    2944 10388  1049    3.01    2.92   408   174  9799    13   51.44   51.38
c rst  luby ibes  vmt    45 10495    2944 10388  1049    3.01    2.92   408   179  9895    13   51.21   51.14
c rst  luby ibes  vmt    46 10597    2944 10388  1049    3.01    2.92   409   187  9988    13   51.00   50.94
c rst  luby ibes  vmt    47 10799    2944 10388  1049    3.01    2.92   409   203 10174    13   50.68   50.62
c rst  luby  svd  vmt    48 11201    2944 10388  1049    3.01    2.92   416   214 10558    13   50.42   50.36
c rst  luby  svd  vmt    49 12002    2944 10388  1049    3.01    2.92   425   272 11292    13   49.35   49.30
c [branch] adjusting to: vsid (from: vmtf) var_decay:0.95 descr: VSIDS
c [distill-bin] useful: 4/1049/1049 lits-rem: 0 cl-rem: 4 0-depth-assigns: 0 T: 0.00 T-out: N
c rst  geom  svd   vs    50 12113    2944 10388  1045    3.01    2.92   425   272 11403    13   49.43   49.38
c rst  geom  svd   vs    51 12235    2944 10388  1045    3.01    2.92   425   274 11523    13   49.39   49.34
c rst  geom  svd   vs    52 12370    2944 10388  1045    3.01    2.92   428   283 11645    14   49.32   49.26
c rst  geom  svd   vs    53 12518    2944 10388  1045    3.01    2.92   431   291 11782    14   49.26   49.21
c rst  geom  svd   vs    54 12679    2944 10388  1045    3.01    2.92   433   300 11932    14   49.13   49.08
c rst  geom  svd   vs    55 12856    2944 10388  1045    3.01    2.92   436   307 12099    14   48.90   48.85
c rst  geom  svd   vs    56 13051    2944 10388  1045    3.01    2.92   442   328 12267    14   48.59   48.54
c rst  geom  svd   vs    57 13265    2944 10388  1045    3.01    2.92   454   346 12451    14   48.23   48.18
c rst  geom  svd   vs    58 13500    2944 10388  1045    3.01    2.92   461   364 12661    14   47.79   47.74
c rst  geom  svd   vs    59 13758    2944 10388  1045    3.01    2.92   461   369 12914    14   47.34   47.29
c rst  geom  svd   vs    60 14040    2944 10388  1045    3.01    2.92   464   377 13185    14   46.87   46.83
c rst  geom  svd   vs    61 14350    2944 10388  1045    3.01    2.92   470   379 13487    14   46.48   46.43
c rst  geom  svd   vs    62 14690    2944 10388  1045    3.01    2.92   472   387 13817    14   45.93   45.89
c rst  geom  svd   vs    63 15063    2944 10388  1045    3.01    2.92   503   667 13878    15   45.46   45.42
c rst  geom  svd   vs    64 15473    2944 10388  1045    3.01    2.92   507   672 14279    15   44.86   44.82
c rst  geom  svd   vs    65 15923    2944 10388  1045    3.01    2.92   514   689 14705    15   44.11   44.07
c rst  geom  svd   vs    66 16418    2944 10388  1045    3.01    2.92   516   696 15191    15   43.34   43.30
c rst  geom best   vs    67 16961    2944 10388  1045    3.01    2.92   519   704 15723    15   43.36   43.32
c rst  geom best   vs    68 17558    2944 10388  1045    3.01    2.92   525   711 16306    16   43.44   43.41
c rst  geom best   vs    69 18215    2944 10388  1045    3.01    2.92   530   721 16948    16   43.35   43.31
c [branch] adjusting to: vmtf (from: vsid) var_decay:0.95 descr: VMTF
c rst  luby best  vmt    70 18316    2944 10388  1045    3.01    2.92   530   724 17046    16   43.35   43.32
c rst  luby best  vmt    71 18418    2944 10388  1045    3.01    2.92   534   730 17138    16   43.31   43.28
c rst  luby best  vmt    72 18620    2944 10388  1045    3.01    2.92   540   746 17317    17   43.38   43.34
c rst  luby best  vmt    73 18722    2944 10388  1045    3.01    2.92   542   751 17412    17   43.35   43.32
c rst  luby best  vmt    74 18823    2944 10388  1045    3.01    2.92   543   761 17502    17   43.33   43.29
c rst  luby best  vmt    75 19024    2944 10388  1045    3.01    2.92   546   780 17681    17   43.33   43.29
c rst  luby best  vmt    76 19427    2944 10388  1045    3.01    2.92   553   797 18060    17   43.38   43.35
c rst  luby best  vmt    77 19529    2944 10388  1045    3.01    2.92   553   806 18153    17   43.37   43.33
c rst  luby best  vmt    78 19630    2944 10388  1045    3.01    2.92   557   815 18241    17   43.33   43.30
c rst  luby best  vmt    79 19831    2944 10388  1045    3.01    2.92   561   827 18426    17   43.28   43.25
c rst  luby best  vmt    80 19933    2944 10388  1045    3.01    2.92   562   834 18520    17   43.25   43.22
c rst  luby best  vmt    81   20K    2944 10388  1045    3.01    2.92   871   532 18614    17   43.23   43.20
c [full-probe]  bin_only: 1 set: 0 repl: 0 T: 0.00 T-out: N T-r: 99.84%
c rst  luby best  vmt    82   20K    2944 10388  1045    3.01    2.92   872   549 18798    17   43.23   43.20
c rst  luby best  vmt    83   20K    2944 10388  1045    3.01    2.92   890   599 19136    18   43.37   43.33
c [distill-long-red0] cls tried: 756/756 T: 0.01 T-out: N T-r: 99.28%
c [distill-long-red1] cls tried: 78/579 T: 0.01 T-out: Y T-r: -1.07%
c rst  luby best  vmt    84   21K    2944 10388  1045    3.01    2.92   906   720 19835    25   43.52   43.47
c rst  luby best  vmt    85   21K    2944 10388  1045    3.01    2.92   907   728 19927    25   43.46   43.42
c rst  luby best  vmt    86   21K    2944 10388  1045    3.01    2.92   908   747   20K    25   43.42   43.37
c rst  luby  stb  vmt    87   21K    2944 10388  1045    3.01    2.92   912   768   20K    25   43.48   43.43
c rst  luby  stb  vmt    88   21K    2944 10388  1045    3.01    2.92   913   774   20K    25   43.46   43.42
c rst  luby  stb  vmt    89   22K    2944 10388  1045    3.01    2.92   916   781   20K    26   43.43   43.38
c rst  luby  stb  vmt    90   22K    2944 10388  1045    3.01    2.92   922   795   20K    27   43.27   43.22
c rst  luby  stb  vmt    91   22K    2944 10388  1045    3.01    2.92   933   850   20K    31   43.10   43.05
c rst  luby  stb  vmt    92   22K    2944 10388  1045    3.01    2.92   936   864   20K    31   43.06   43.00
c rst  luby  stb  vmt    93   22K    2944 10388  1045    3.01    2.92   936   873   21K    31   43.05   42.99
c rst  luby  stb  vmt    94   23K    2944 10388  1045    3.01    2.92   938   910   21K    32   43.04   42.98
c rst  luby  stb  vmt    95   23K    2944 10388  1045    3.01    2.92   942   941   21K    32   42.95   42.89
c rst  luby  stb  vmt    96   23K    2944 10388  1045    3.01    2.92   943   943   21K    32   42.92   42.87
c rst  luby  stb  vmt    97   23K    2944 10388  1045    3.01    2.92   944   960   21K    32   42.80   42.75
c rst  luby  stb  vmt    98   23K    2944 10388  1045    3.01    2.92   951   989   21K    33   42.72   42.66
c rst  luby  stb  vmt    99   24K    2944 10388  1045    3.01    2.92   954  1031   22K    33   42.30   42.25
c rst  luby  stb  vmt   100   26K    2944 10388  1045    3.01    2.92   973  1178   24K    34   41.57   41.52
c [branch] adjusting to: vsid (from: vmtf) var_decay:0.95 descr: VSIDS
c [distill] watch-based irred--  cl tried    20772 cl-sh     1 cl-rem    4 lit-rem      1 T: 0.00 T-out: N
c [distill] watch-based   red--  cl tried     1945 cl-sh    68 cl-rem    3 lit-rem    101 T: 0.00 T-out: N
c rst  geom  stb   vs   101   26K    2944 10383  1050    3.01    2.92   970  1190   24K    31   41.49   41.44
c rst  geom  stb   vs   102   26K    2944 10383  1050    3.01    2.92   973  1198   24K    31   41.41   41.36
c rst  geom  stb   vs   103   26K    2944 10383  1050    3.01    2.92   974  1198   24K    31   41.31   41.27
c rst  geom  stb   vs   104   26K    2944 10383  1050    3.01    2.92   974  1201   24K    31   41.23   41.19
c rst  geom  stb   vs   105   26K    2944 10383  1050    3.01    2.92   975  1207   24K    31   41.10   41.06
c rst  geom ibes   vs   106   27K    2944 10383  1050    3.01    2.92   976  1212   25K    31   40.96   40.92
c rst  geom ibes   vs   107   27K    2944 10383  1050    3.01    2.92   978  1219   25K    31   40.84   40.79
c rst  geom ibes   vs   108   27K    2944 10383  1050    3.01    2.92   978  1219   25K    31   40.67   40.62
c rst  geom ibes   vs   109   27K    2944 10383  1050    3.01    2.92   978  1220   25K    31   40.49   40.45
c rst  geom ibes   vs   110   28K    2944 10383  1050    3.01    2.92   979  1225   25K    31   40.34   40.30
c rst  geom ibes   vs   111   28K    2944 10383  1050    3.01    2.92   984  1231   26K    31   40.12   40.08
c rst  geom ibes   vs   112   28K    2944 10383  1050    3.01    2.92   985  1234   26K    31   39.87   39.83
c rst  geom ibes   vs   113   28K    2944 10383  1050    3.01    2.92   985  1238   26K    31   39.64   39.60
c rst  geom ibes   vs   114   29K    2944 10383  1050    3.01    2.92   985  1241   27K    31   39.44   39.40
c rst  geom ibes   vs   115   29K    2944 10383  1050    3.01    2.92   985  1243   27K    31   39.17   39.14
c rst  geom ibes   vs   116   30K    2944 10383  1050    3.01    2.92  1781  1451   24K    31   35.39   35.35
c rst  geom ibes   vs   117   30K    2944 10383  1050    3.01    2.92  1782  1460   24K    31   35.20   35.16
c rst  geom ibes   vs   118   31K    2944 10383  1050    3.01    2.92  1784  1467   25K    31   34.90   34.86
c rst  geom ibes   vs   119   31K    2944 10383  1050    3.01    2.92  1785  1478   25K    31   34.62   34.59
c rst  geom ibes   vs   120   32K    2944 10383  1050    3.01    2.92  1785  1487   26K    31   34.33   34.30
c [distill-bin] useful: 0/1050/1050 lits-rem: 0 cl-rem: 0 0-depth-assigns: 0 T: 0.00 T-out: N
c rst  geom  svd   vs   121   33K    2944 10383  1050    3.01    2.92  1789  1499   27K    31   34.03   34.00
c rst  geom  svd   vs   122   33K    2944 10383  1050    3.01    2.92  1794  1524   27K    31   33.71   33.68
c [branch] adjusting to: vmtf (from: vsid) var_decay:0.95 descr: VMTF
c rst  luby  svd  vmt   123   34K    2944 10383  1050    3.01    2.92  1796  1530   28K    31   33.71   33.68
c rst  luby  svd  vmt   124   34K    2944 10383  1050    3.01    2.92  1796  1540   28K    31   33.73   33.70
c rst  luby  svd  vmt   125   34K    2944 10383  1050    3.01    2.92  1797  1556   28K    31   33.77   33.74
c rst  luby  svd  vmt   126   34K    2944 10383  1050    3.01    2.92  1798  1565   28K    31   33.76   33.73
c rst  luby  svd  vmt   127   34K    2944 10383  1050    3.01    2.92  1798  1568   28K    31   33.83   33.80
c rst  luby  svd  vmt   128   34K    2944 10383  1050    3.01    2.92  1800  1583   28K    32   33.80   33.77
c rst  luby  svd  vmt   129   35K    2944 10383  1050    3.01    2.92  1801  1619   29K    32   33.65   33.62
c rst  luby  svd  vmt   130   35K    2944 10383  1050    3.01    2.92  1802  1634   29K    33   33.69   33.66
c rst  luby  svd  vmt   131   35K    2944 10383  1050    3.01    2.92  1804  1642   29K    34   33.67   33.64
c rst  luby  svd  vmt   132   35K    2944 10383  1050    3.01    2.92  1805  1655   29K    35   33.66   33.63
c rst  luby  svd  vmt   133   35K    2944 10383  1050    3.01    2.92  1807  1678   29K    35   33.61   33.58
c [distill-long-red0] cls tried: 943/943 T: 0.04 T-out: N T-r: 97.95%
c [distill-long-red1] cls tried: 28/1615 T: 0.01 T-out: Y T-r: -11.28%
c rst  luby  svd  vmt   134   35K    2944 10383  1050    3.01    2.92  1804  1687   29K    38   33.52   33.49
c rst  luby  svd  vmt   135   36K    2944 10383  1050    3.01    2.92  1810  1723   29K    38   33.47   33.43
c rst  luby  svd  vmt   136   36K    2944 10383  1050    3.01    2.92  1815  1748   30K    38   33.45   33.41
c rst  luby  svd  vmt   137   37K    2944 10383  1050    3.01    2.92  1824  1814   30K    39   33.45   33.42
c rst  luby  svd  vmt   138   37K    2944 10383  1050    3.01    2.92  1824  1818   30K    39   33.48   33.44
c rst  luby  svd  vmt   139   37K    2944 10383  1050    3.01    2.92  1828  1841   31K    39   33.43   33.40
c rst  luby  svd  vmt   140   37K    2944 10383  1050    3.01    2.92  1829  1855   31K    39   33.45   33.41
c rst  luby  svd  vmt   141   37K    2944 10383  1050    3.01    2.92  1829  1860   31K    40   33.43   33.39
c rst  luby  svd  vmt   142   37K    2944 10383  1050    3.01    2.92  1831  1871   31K    40   33.43   33.40
c rst  luby  svd  vmt   143   38K    2944 10383  1050    3.01    2.92  1831  1878   31K    40   33.47   33.43
c rst  geom best  vmt   144   38K    2944 10383  1050    3.01    2.92  1831  1893   31K    40   33.49   33.46
c rst  geom best  vmt   145   38K    2944 10383  1050    3.01    2.92  1831  1900   31K    40   33.50   33.46
c rst  geom best  vmt   146   38K    2944 10383  1050    3.01    2.92  1832  1903   31K    40   33.48   33.45
c rst  geom best  vmt   147   38K    2944 10383  1050    3.01    2.92  1833  1911   32K    40   33.45   33.41
c rst  geom best  vmt   148   38K    2944 10383  1050    3.01    2.92  1833  1925   32K    40   33.45   33.41
c rst  geom best  vmt   149   38K    2944 10383  1050    3.01    2.92  1834  1931   32K    40   33.45   33.41
c rst  geom best  vmt   150   39K    2944 10383  1050    3.01    2.92  1834  1940   32K    40   33.40   33.36
c rst  geom best  vmt   151   39K    2944 10383  1050    3.01    2.92  1834  1949   32K    40   33.36   33.33
c rst  geom best  vmt   152   39K    2944 10383  1050    3.01    2.92  1836  1982   33K    40   33.31   33.28
c rst  geom best  vmt   153   39K    2944 10383  1050    3.01    2.92  1836  1994   33K    40   33.33   33.30
c rst  geom best  vmt   154   40K    2944 10383  1050    3.01    2.92  2428  1436   33K    40   33.23   33.20
c [full-probe]  bin_only: 0 set: 0 repl: 0 T: 0.00 T-out: N T-r: 96.55%
c [impl-str] lit bin: 0 set-var: 0 T: 0.00 T-out: N T-r: 99.96% w-visit: 5888
c [impl-sub] bin: 11 T: 0.00 T-out: N w-visit: 5888
c rst  geom best  vmt   155   40K    2944 10383  1050    3.01    2.92  2429  1458   33K    38   33.21   33.17
c rst  geom best  vmt   156   40K    2944 10383  1050    3.01    2.92  2429  1471   34K    38   33.15   33.12
c rst  geom best  vmt   157   41K    2944 10383  1050    3.01    2.92  2430  1500   34K    38   33.11   33.08
c rst  geom best  vmt   158   41K    2944 10383  1050    3.01    2.92  2431  1508   34K    38   33.09   33.06
c ------- FINAL TOTAL SEARCH STATS ---------
c UIP search time          : 4.33        (99.86     % time)
c All times are for this thread only except if explicitly specified
c restarts                 : 158         (260.47    confls per restart)
c blocked restarts         : 0           (0.00      per normal restart)
c time                     : 4.33        
c decisions                : 47582       (0.00      % random)
c propagations             : 38M         (8781K     props/s)
c decisions/conflicts      : 1.16        
c conflicts                : 41154       
c LEARNT stats
c units learnt             : 0           (0.00      % of conflicts)
c bins learnt              : 38          (0.09      % of conflicts)
c long learnt              : 41386       (100.56    % of conflicts)
c red which0               : 479         (1.16      % of confl)
c SEAMLESS HYPERBIN&TRANS-RED stats
c advProp called           : 0           
c hyper-bin add bin        : 0           (0.00      bin/call)
c trans-red rem irred bin  : 0           (0.00      bin/call)
c trans-red rem red bin    : 0           (0.00      bin/call)
c CONFL LITS stats
c orig                     : 4250616     (103.29    lit/confl)
c recurs-min effective     : 35950       (87.35     % attempt successful)
c recurs-min lits          : 2767510     (65.11     % less overall)
c permDiff call%           : 6.34        (0.00      % attempt successful)
c permDiff lits-rem        : 0           (0.00      less lits/cl on attempts)
c further-min call%        : 0.08        (41.18     % attempt successful)
c bintri-min lits          : 32          (0.00      % less overall)
c final avg                : 36.04       
c all-threads sum CPU time : 4.33         s
c PROP stats
c Mbogo-props              : 32.08       (7.40      / sec)
c MHyper-props             : 0.00        (0.00      / sec)
c Mprops                   : 38.07       (8.78      / sec)
c -------- OccSimplifier STATS ----------
c time                     : 0.00        (0.00      % var-elim)
c called                   : 0           (0.00      s per call)
c 0-depth assigns          : 0           (0.00      % vars)
c -------- OccSimplifier STATS END ----------
c -------- SubsumeStrengthen STATS ----------
c cl-subs                  : 0            Clauses
c cl-str rem lit           : 0            Lits
c cl-sub T                 : 0.00         s
c cl-str T                 : 0.00         s
c -------- SubsumeStrengthen STATS END ----------
c ----- SCC STATS --------
c time                     : 0.00        (0.00      per call)
c called                   : 0           (0.00      new found per call)
c found                    : 0           (0.00      % of all found)
c bogoprops                : 0           % of all found
c ----- SCC STATS END --------
c --------- VAR REPLACE STATS ----------
c time                     : 0.00        (0.00      per call)
c trees' crown             : 0           (0.00      % of vars)
c 0-depth assigns          : 0           (0.00      % vars)
c lits replaced            : 0           
c bin cls removed          : 0           
c long cls removed         : 0           
c long lits removed        : 0           
c bogoprops                : 0           
c --------- VAR REPLACE STATS END ----------
c vrep replace time        : 0.00        (0.00      % time)
c vrep tree roots          : 0           
c vrep trees' crown        : 0           (0.00      leafs/tree)
c -------- DISTILL-BIN STATS --------
c time                     : 0.01        (0.00      per call)
c timed out                : 0           (0.00      % of calls)
c distill/checked/potential: 0          /2099/2099
c lits-rem                 : 0           
c 0-depth-assigns          : 0           (0.00      % of vars)
c -------- DISTILL STATS END --------
c -------- STRENGTHEN STATS --------
c --> watch-based on irred cls
c time                     : 0.00        (0.00      s/call)
c shrinked/tried/total     : 1          /20772/20772
c subsumed/tried/total     : 4          /20772/20772
c lits-rem                 : 1           (0.00      % of lits tried)
c called                   : 2           (0.00      % ran out of time)
c --> watch-based on red cls
c time                     : 0.00        (0.00      s/call)
c shrinked/tried/total     : 68         /1945/1945
c subsumed/tried/total     : 3          /1945/1945
c lits-rem                 : 101         (1.05      % of lits tried)
c called                   : 2           (0.00      % ran out of time)
c -------- STRENGTHEN STATS END --------
c -------- IMPLICIT SUB  STATS --------
c time                     : 0.00        (0.00      per call)
c timed out                : 0           (0.00      % of calls)
c rem bins                 : 11          
c -------- IMPLICIT SUB STATS END --------
c Mem used                 : 16          MB
c Mem for longclauses      : 10          MB (64.65     %)
c Mem for watch alloc      : 3           MB (19.75     %)
c Mem for watch array      : 0           MB (1.11      %)
c Mem for assings&vardata  : 0           MB (0.41      %)
c Mem for search&solve     : 0           MB (1.01      %)
c Mem for renumberer       : 0           MB (0.20      %)
c Mem for occsimplifier    : 0           MB (0.00      %)
c Mem for varReplacer&SCC  : 0           MB (0.07      %)
c Mem for impl subsume     : 0           MB (0.00      %)
c Mem for 3 distills       : 0           MB (0.01      %)
c Accounted for mem (rss)  : 87.20       %
c Accounted for mem (vm)   : 63.34       %
c restarts                 : 158         (260.47    confls per restart)
c blocked restarts         : 0           (0.00      per normal restart)
c time                     : 4.33        
c decisions                : 47582       (0.00      % random)
c propagations             : 38M         (8781K     props/s)
c decisions/conflicts      : 1.16        
c conflicts                : 41154       
c conf lits non-minim      : 4250616     (103.29    lit/confl)
c conf lits final          : 36.04       
c red which0               : 479         (1.16      % of confl)
c props/decision           : 0.00        
c props/conflict           : 0.00        
c 0-depth assigns          : 0           (0.00      % vars)
c 0-depth assigns by CNF   : 0           (0.00      % vars)
c reduceDB time            : 0.00        (0.00      % time)
c OccSimplifier time       : 0.00        (0.00      % time)
c [occur] 0.00 is overhead
c [occur] link-in T: 0.00 cleanup T: 0.00
c [occ-substr] long subBySub: 0 subByStr: 0 lits-rem-str: 0 T: 0.00
c SCC time                 : 0.00        (0.00      % time)
c [scc] new: 0 BP 0M  T: 0.00
c vrep replace time        : 0.00        (0.00      % time)
c vrep tree roots          : 0           
c vrep trees' crown        : 0           (0.00      leafs/tree)
c distill long time        : 0.07        (1.66      % time)
c distill bin time         : 0.01        (0.18      % time)
c strength cache-irred time: 0.00        (0.09      % time)
c strength cache-red time  : 0.00        (0.00      % time)
c avg cls in red 0         : 873.47      
c avg cls in red 1         : 847.68      
c avg cls in red 2         : 18134.27    
c Conflicts in UIP         : 41154       (9481.22   confl/time_this_thread)
c Max Memory (rss) used    : 17428 kB    
c Total time (this thread) : 4.34        
s SATISFIABLE
v 1 2 -3 4 -5 6 -7 -8 9 -10 -11 12 -13 -14 15 16 -17 -18 19 -20 21 -22 -23 24 -25 
v -26 -27 -28 -29 -30 31 -32 -33 34 -35 -36 -37 -38 -39 -40 -41 42 -43 -44 45 
v -46 47 -48 -49 50 -51 -52 -53 -54 -55 -56 57 -58 -59 60 -61 -62 -63 -64 -65 
v -66 67 -68 -69 70 -71 -72 -73 -74 -75 -76 -77 -78 -79 -80 -81 82 -83 -84 85 
v -86 -87 -88 -89 -90 -91 92 -93 -94 95 -96 -97 -98 -99 -100 -101 -102 -103 -104 
v -105 -106 107 -108 -109 110 -111 -112 -113 -114 -115 -116 117 -118 -119 120 
v -121 -122 -123 -124 -125 -126 -127 -128 -129 -130 -131 132 -133 -134 135 -136 
v -137 -138 -139 -140 -141 -142 -143 -144 -145 -146 -147 -148 -149 -150 -151 
v -152 -153 -154 -155 -156 -157 -158 -159 -160 -161 -162 -163 -164 -165 -166 
v 167 -168 -169 170 -171 -172 -173 -174 -175 -176 -177 -178 -179 -180 -181 182 
v -183 -184 185 -186 -187 -188 -189 -190 -191 -192 -193 -194 -195 -196 -197 
v -198 -199 -200 -201 -202 -203 -204 -205 -206 -207 -208 -209 -210 -211 -212 
v -213 -214 -215 -216 -217 -218 -219 220 221 222 223 -224 225 226 227 -228 -229 
v -230 231 232 -233 234 -235 -236 237 238 -239 240 -241 -242 -243 -244 -245 
v -246 -247 -248 -249 -250 -251 -252 -253 -254 -255 -256 -257 -258 -259 -260 
v -261 -262 -263 -264 -265 -266 -267 -268 -269 -270 -271 -272 -273 -274 -275 
v -276 -277 -278 -279 -280 -281 -282 -283 -284 -285 -286 -287 -288 -289 -290 
v -291 -292 -293 -294 -295 296 297 -298 299 -300 -301 302 303 -304 305 -306 
v -307 -308 309 310 -311 312 -313 -314 315 316 -317 318 -319 -320 -321 322 323 
v -324 325 -326 -327 328 329 -330 331 -332 -333 -334 335 336 -337 338 -339 -340 
v 341 342 -343 344 -345 -346 -347 -348 -349 -350 -351 -352 -353 -354 -355 -356 
v -357 -358 -359 -360 361 362 -363 364 -365 -366 367 368 -369 370 -371 -372 
v -373 374 375 -376 377 -378 -379 380 381 -382 383 -384 -385 -386 387 388 -389 
v 390 -391 -392 393 394 -395 396 -397 -398 -399 -400 -401 -402 -403 -404 -405 
v -406 -407 -408 -409 -410 -411 -412 -413 -414 -415 -416 -417 -418 -419 -420 
v -421 -422 -423 -424 -425 -426 -427 -428 -429 -430 -431 -432 -433 -434 -435 
v -436 437 -438 439 -440 -441 442 443 -444 445 -446 -447 -448 449 -450 -451 452 
v 453 -454 455 -456 -457 -458 -459 -460 -461 -462 -463 -464 -465 -466 -467 -468 
v 469 470 -471 472 -473 -474 -475 -476 -477 -478 -479 -480 -481 -482 -483 -484 
v -485 -486 -487 488 -489 490 -491 -492 -493 494 -495 -496 -497 -498 -499 -500 
v -501 -502 503 504 -505 506 507 -508 509 -510 511 512 513 514 515 516 -517 
v -518 -519 520 521 522 -523 -524 -525 -526 -527 -528 -529 530 -531 -532 -533 
v -534 535 536 537 -538 -539 540 541 542 543 544 545 546 -547 -548 -549 -550 
v -551 -552 553 -554 -555 -556 -557 -558 -559 -560 -561 562 563 -564 -565 566 
v 567 568 -569 -570 -571 -572 -573 -574 -575 -576 -577 -578 -579 -580 581 582 
v 583 584 585 586 587 588 589 -590 -591 -592 -593 -594 595 596 597 -598 -599 
v -600 -601 -602 -603 -604 -605 -606 -607 -608 -609 -610 -611 -612 -613 -614 
v -615 -616 -617 -618 -619 -620 -621 -622 -623 -624 -625 -626 -627 -628 -629 
v -630 -631 -632 633 634 635 -636 -637 -638 -639 640 -641 -642 -643 -644 -645 
v -646 -647 -648 -649 -650 -651 -652 -653 -654 -655 -656 -657 -658 -659 -660 
v 661 -662 -663 -664 -665 666 -667 -668 669 -670 -671 672 673 -674 -675 -676 
v 677 678 679 680 681 682 683 684 685 686 687 688 689 690 691 692 693 694 695 
v 696 697 698 699 700 701 702 703 704 705 -706 -707 708 -709 -710 -711 712 713 
v 714 715 -716 717 718 719 -720 -721 722 723 -724 725 726 727 -728 729 730 731 
v -732 -733 734 735 736 737 738 739 740 741 742 743 744 745 746 -747 748 749 
v 750 -751 752 753 -754 -755 -756 -757 758 759 -760 -761 -762 763 -764 -765 766 
v 767 -768 769 770 -771 -772 -773 774 -775 -776 -777 -778 -779 -780 -781 -782 
v -783 -784 -785 -786 -787 -788 -789 -790 -791 -792 -793 -794 -795 -796 -797 
v 798 799 800 801 -802 -803 -804 805 -806 -807 -808 -809 -810 -811 -812 -813 
v -814 815 816 817 818 819 820 821 822 823 824 825 826 -827 -828 -829 -830 -831 
v -832 -833 -834 -835 -836 837 -838 -839 -840 841 -842 -843 844 845 846 847 
v -848 -849 -850 -851 -852 -853 -854 -855 -856 -857 -858 -859 -860 -861 -862 
v -863 -864 -865 -866 -867 -868 -869 -870 -871 -872 -873 -874 -875 -876 877 878 
v 879 -880 -881 882 883 -884 -885 886 887 -888 889 890 -891 892 -893 -894 -895 
v -896 -897 -898 -899 900 901 -902 903 904 -905 -906 -907 -908 -909 -910 -911 
v -912 -913 -914 -915 -916 -917 -918 -919 -920 -921 922 -923 -924 925 926 927 
v -928 -929 930 931 932 -933 934 935 -936 -937 938 -939 -940 941 942 943 -944 
v 945 946 947 948 949 950 951 952 953 954 955 956 957 958 959 960 961 962 963 
v 964 965 966 967 968 969 970 971 972 -973 -974 975 -976 -977 -978 -979 980 981 
v 982 983 984 985 986 987 988 989 -990 -991 992 993 994 995 -996 -997 -998 999 
v -1000 -1001 1002 -1003 -1004 -1005 1006 -1007 1008 -1009 -1010 -1011 -1012 
v -1013 -1014 -1015 -1016 -1017 -1018 -1019 -1020 -1021 -1022 -1023 -1024 -1025 
v -1026 -1027 -1028 -1029 -1030 -1031 -1032 -1033 -1034 1035 1036 1037 -1038 
v -1039 -1040 -1041 -1042 1043 1044 -1045 -1046 1047 -1048 1049 -1050 -1051 
v 1052 -1053 -1054 -1055 1056 -1057 -1058 -1059 -1060 -1061 -1062 -1063 -1064 
v -1065 -1066 1067 -1068 -1069 -1070 -1071 -1072 -1073 1074 1075 -1076 -1077 
v -1078 -1079 -1080 -1081 -1082 -1083 -1084 -1085 -1086 -1087 -1088 -1089 -1090 
v -1091 -1092 -1093 -1094 -1095 1096 1097 1098 -1099 -1100 -1101 -1102 1103 
v -1104 1105 1106 1107 1108 1109 1110 1111 1112 1113 -1114 -1115 -1116 -1117 
v -1118 -1119 -1120 -1121 -1122 1123 1124 -1125 -1126 -1127 1128 1129 -1130 
v 1131 1132 -1133 -1134 1135 1136 1137 1138 1139 1140 1141 1142 1143 1144 1145 
v 1146 1147 1148 1149 1150 1151 1152 1153 1154 1155 1156 1157 1158 1159 1160 
v 1161 1162 1163 -1164 1165 -1166 -1167 1168 1169 1170 1171 -1172 1173 1174 
v -1175 -1176 1177 1178 -1179 -1180 -1181 1182 -1183 -1184 -1185 -1186 1187 
v 1188 1189 1190 -1191 1192 1193 1194 1195 1196 1197 -1198 1199 1200 1201 1202 
v -1203 1204 1205 -1206 1207 1208 1209 1210 1211 1212 1213 1214 1215 1216 1217 
v 1218 1219 1220 1221 1222 1223 1224 -1225 1226 -1227 -1228 1229 1230 1231 1232 
v 1233 1234 1235 1236 -1237 -1238 -1239 -1240 -1241 -1242 -1243 -1244 -1245 
v -1246 -1247 1248 1249 1250 -1251 -1252 -1253 -1254 1255 1256 -1257 1258 -1259 
v -1260 1261 1262 1263 1264 1265 1266 1267 1268 1269 1270 1271 1272 1273 1274 
v 1275 1276 1277 1278 1279 1280 1281 1282 1283 1284 1285 1286 1287 1288 -1289 
v 1290 -1291 -1292 -1293 1294 -1295 -1296 1297 1298 1299 1300 1301 1302 1303 
v -1304 1305 1306 -1307 -1308 -1309 -1310 -1311 -1312 -1313 -1314 -1315 -1316 
v -1317 -1318 -1319 -1320 1321 1322 -1323 -1324 -1325 1326 1327 -1328 -1329 
v 1330 -1331 -1332 1333 -1334 1335 -1336 -1337 -1338 1339 -1340 -1341 -1342 
v -1343 -1344 -1345 -1346 -1347 -1348 -1349 -1350 -1351 -1352 -1353 -1354 -1355 
v -1356 -1357 -1358 -1359 -1360 -1361 -1362 -1363 -1364 -1365 -1366 -1367 -1368 
v -1369 1370 1371 1372 -1373 -1374 -1375 1376 -1377 1378 1379 1380 1381 1382 
v -1383 -1384 -1385 -1386 -1387 -1388 -1389 1390 1391 1392 -1393 -1394 -1395 
v 1396 -1397 1398 -1399 1400 1401 -1402 -1403 -1404 1405 1406 -1407 -1408 -1409 
v -1410 -1411 -1412 -1413 -1414 -1415 -1416 -1417 -1418 -1419 -1420 -1421 -1422 
v -1423 -1424 -1425 -1426 -1427 -1428 -1429 -1430 -1431 -1432 -1433 -1434 -1435 
v -1436 -1437 1438 -1439 1440 1441 -1442 -1443 -1444 -1445 1446 1447 -1448 
v -1449 -1450 1451 -1452 -1453 1454 1455 -1456 1457 1458 -1459 -1460 -1461 1462 
v -1463 -1464 -1465 1466 -1467 -1468 1469 1470 1471 1472 1473 1474 1475 1476 
v 1477 1478 1479 1480 1481 -1482 1483 1484 -1485 -1486 -1487 -1488 -1489 1490 
v -1491 -1492 -1493 -1494 -1495 -1496 -1497 -1498 -1499 -1500 -1501 -1502 -1503 
v -1504 -1505 -1506 -1507 -1508 -1509 1510 1511 1512 -1513 -1514 -1515 1516 
v 1517 -1518 1519 1520 1521 1522 1523 1524 1525 -1526 -1527 1528 1529 1530 1531 
v 1532 1533 1534 -1535 -1536 1537 -1538 -1539 -1540 -1541 1542 -1543 1544 -1545 
v -1546 -1547 -1548 -1549 -1550 -1551 -1552 -1553 -1554 -1555 -1556 -1557 -1558 
v -1559 -1560 -1561 -1562 -1563 -1564 -1565 -1566 -1567 -1568 -1569 -1570 -1571 
v -1572 -1573 -1574 -1575 -1576 -1577 -1578 -1579 1580 -1581 -1582 -1583 1584 
v 1585 1586 -1587 -1588 1589 1590 1591 -1592 1593 1594 -1595 -1596 1597 -1598 
v -1599 1600 1601 1602 -1603 1604 1605 1606 1607 -1608 1609 1610 -1611 -1612 
v -1613 1614 -1615 -1616 -1617 -1618 -1619 -1620 -1621 -1622 -1623 -1624 1625 
v -1626 -1627 -1628 -1629 -1630 1631 -1632 1633 1634 -1635 -1636 1637 1638 1639 
v 1640 1641 1642 1643 1644 1645 1646 1647 1648 1649 1650 1651 1652 1653 1654 
v 1655 1656 1657 1658 1659 -1660 -1661 -1662 -1663 -1664 1665 -1666 -1667 1668 
v 1669 1670 1671 1672 1673 1674 1675 1676 1677 1678 1679 -1680 -1681 -1682 
v -1683 -1684 -1685 -1686 -1687 -1688 1689 1690 -1691 -1692 -1693 -1694 -1695 
v -1696 1697 1698 1699 -1700 -1701 -1702 1703 -1704 1705 1706 1707 1708 1709 
v 1710 1711 1712 1713 1714 1715 1716 1717 1718 1719 1720 1721 1722 1723 1724 
v 1725 1726 1727 1728 1729 1730 1731 1732 1733 1734 1735 -1736 -1737 -1738 1739 
v 1740 -1741 1742 1743 1744 -1745 1746 1747 -1748 -1749 -1750 -1751 1752 1753 
v -1754 -1755 -1756 1757 -1758 -1759 1760 1761 -1762 1763 1764 -1765 -1766 
v -1767 1768 -1769 -1770 -1771 -1772 -1773 -1774 -1775 -1776 -1777 -1778 -1779 
v -1780 1781 -1782 -1783 1784 -1785 1786 1787 -1788 1789 1790 -1791 -1792 -1793 
v -1794 -1795 -1796 -1797 -1798 -1799 -1800 -1801 -1802 -1803 -1804 -1805 -1806 
v -1807 -1808 -1809 -1810 -1811 1812 1813 -1814 -1815 -1816 1817 1818 1819 1820 
v -1821 -1822 -1823 -1824 -1825 -1826 -1827 1828 1829 1830 -1831 -1832 -1833 
v -1834 -1835 1836 1837 -1838 -1839 -1840 -1841 -1842 -1843 1844 1845 1846 1847 
v 1848 1849 1850 1851 1852 1853 1854 1855 1856 1857 1858 1859 1860 1861 1862 
v 1863 1864 1865 1866 1867 1868 1869 1870 1871 1872 1873 1874 1875 1876 1877 
v 1878 -1879 -1880 1881 -1882 -1883 -1884 -1885 -1886 -1887 1888 -1889 -1890 
v 1891 1892 1893 -1894 -1895 1896 1897 1898 -1899 1900 1901 -1902 -1903 1904 
v -1905 -1906 1907 1908 1909 -1910 1911 1912 1913 1914 1915 1916 1917 1918 1919 
v 1920 1921 1922 1923 -1924 1925 1926 -1927 -1928 1929 1930 1931 -1932 1933 
v 1934 1935 1936 1937 -1938 1939 -1940 -1941 -1942 -1943 -1944 -1945 -1946 
v -1947 -1948 -1949 -1950 -1951 -1952 -1953 -1954 -1955 -1956 1957 -1958 -1959 
v -1960 -1961 1962 1963 1964 -1965 -1966 -1967 -1968 -1969 -1970 -1971 1972 
v 1973 1974 1975 1976 1977 1978 1979 1980 1981 1982 1983 1984 1985 1986 -1987 
v -1988 -1989 -1990 1991 -1992 1993 1994 1995 -1996 -1997 1998 -1999 -2000 
v -2001 -2002 -2003 -2004 -2005 -2006 -2007 -2008 -2009 -2010 -2011 -2012 -2013 
v -2014 -2015 -2016 -2017 -2018 -2019 -2020 -2021 -2022 -2023 -2024 -2025 -2026 
v 2027 2028 2029 2030 2031 2032 2033 2034 -2035 2036 2037 -2038 2039 2040 -2041 
v -2042 -2043 2044 -2045 -2046 -2047 2048 -2049 -2050 2051 2052 2053 2054 -2055 
v -2056 2057 2058 2059 -2060 2061 2062 -2063 -2064 -2065 -2066 -2067 -2068 
v -2069 -2070 -2071 -2072 -2073 -2074 2075 -2076 -2077 2078 2079 2080 2081 2082 
v 2083 -2084 2085 2086 -2087 2088 -2089 -2090 2091 -2092 -2093 2094 2095 2096 
v 2097 2098 2099 2100 2101 2102 2103 2104 2105 2106 2107 2108 2109 2110 2111 
v -2112 -2113 -2114 2115 -2116 -2117 -2118 2119 2120 2121 2122 2123 2124 2125 
v 2126 2127 2128 2129 2130 -2131 2132 -2133 -2134 -2135 -2136 -2137 -2138 -2139 
v -2140 -2141 -2142 -2143 2144 2145 2146 -2147 -2148 -2149 -2150 2151 2152 
v -2153 2154 2155 2156 2157 2158 2159 2160 2161 2162 2163 2164 2165 2166 2167 
v 2168 2169 2170 2171 2172 2173 2174 2175 2176 2177 2178 2179 2180 2181 2182 
v 2183 2184 2185 2186 -2187 -2188 2189 2190 2191 -2192 -2193 2194 2195 2196 
v -2197 2198 2199 -2200 2201 2202 -2203 -2204 -2205 -2206 -2207 -2208 -2209 
v 2210 -2211 -2212 2213 2214 2215 -2216 -2217 2218 2219 2220 -2221 2222 2223 
v -2224 -2225 -2226 -2227 -2228 -2229 -2230 -2231 -2232 -2233 -2234 -2235 -2236 
v 2237 -2238 -2239 2240 2241 2242 -2243 2244 2245 -2246 2247 2248 -2249 -2250 
v 2251 2252 2253 -2254 2255 2256 2257 2258 2259 2260 2261 2262 2263 2264 2265 
v 2266 2267 2268 2269 2270 2271 2272 2273 2274 -2275 -2276 -2277 2278 2279 2280 
v -2281 -2282 2283 -2284 -2285 -2286 -2287 -2288 2289 2290 2291 2292 2293 -2294 
v -2295 -2296 -2297 -2298 -2299 -2300 2301 2302 -2303 2304 2305 2306 2307 -2308 
v -2309 -2310 2311 -2312 -2313 -2314 -2315 -2316 -2317 -2318 -2319 -2320 -2321 
v -2322 -2323 -2324 -2325 -2326 -2327 -2328 -2329 -2330 -2331 -2332 -2333 -2334 
v -2335 -2336 -2337 -2338 -2339 2340 -2341 -2342 -2343 -2344 -2345 2346 -2347 
v -2348 -2349 2350 2351 -2352 -2353 -2354 -2355 2356 -2357 -2358 2359 -2360 
v -2361 2362 2363 2364 -2365 2366 2367 2368 -2369 2370 2371 -2372 -2373 -2374 
v -2375 -2376 -2377 -2378 -2379 -2380 -2381 -2382 -2383 -2384 -2385 2386 -2387 
v -2388 2389 2390 2391 -2392 2393 2394 2395 -2396 2397 2398 -2399 -2400 -2401 
v -2402 -2403 -2404 2405 -2406 -2407 2408 -2409 2410 2411 2412 2413 2414 2415 
v 2416 2417 2418 2419 2420 2421 2422 2423 2424 2425 2426 -2427 2428 2429 -2430 
v -2431 -2432 -2433 -2434 -2435 2436 -2437 -2438 -2439 -2440 -2441 -2442 -2443 
v 2444 -2445 -2446 -2447 -2448 -2449 -2450 -2451 -2452 -2453 -2454 2455 2456 
v -2457 -2458 -2459 -2460 -2461 -2462 -2463 -2464 -2465 2466 2467 -2468 -2469 
v 2470 2471 2472 2473 2474 2475 2476 2477 2478 2479 2480 2481 2482 2483 2484 
v 2485 2486 2487 2488 2489 2490 2491 2492 2493 2494 2495 2496 2497 2498 2499 
v -2500 -2501 2502 2503 2504 -2505 2506 2507 2508 -2509 -2510 2511 -2512 -2513 
v 2514 2515 2516 2517 -2518 2519 2520 -2521 2522 2523 -2524 -2525 -2526 -2527 
v -2528 -2529 -2530 2531 -2532 -2533 2534 2535 2536 2537 2538 2539 2540 2541 
v 2542 2543 2544 2545 2546 -2547 2548 2549 -2550 -2551 -2552 2553 -2554 -2555 
v -2556 -2557 2558 -2559 -2560 2561 2562 2563 -2564 2565 2566 -2567 2568 2569 
v -2570 -2571 2572 2573 2574 2575 2576 2577 2578 2579 2580 2581 2582 2583 2584 
v 2585 2586 2587 2588 2589 -2590 -2591 2592 2593 2594 2595 -2596 -2597 -2598 
v 2599 -2600 -2601 -2602 -2603 -2604 -2605 2606 -2607 -2608 2609 2610 2611 2612 
v 2613 2614 2615 2616 2617 2618 2619 2620 2621 -2622 2623 2624 -2625 -2626 
v -2627 -2628 -2629 -2630 -2631 2632 2633 2634 -2635 2636 2637 -2638 -2639 
v -2640 2641 -2642 -2643 -2644 -2645 -2646 -2647 -2648 -2649 -2650 -2651 -2652 
v -2653 -2654 -2655 -2656 -2657 -2658 -2659 -2660 -2661 -2662 -2663 -2664 -2665 
v -2666 -2667 -2668 -2669 -2670 2671 -2672 -2673 2674 2675 -2676 -2677 -2678 
v 2679 2680 -2681 -2682 2683 -2684 -2685 -2686 2687 -2688 -2689 -2690 2691 2692 
v -2693 -2694 -2695 -2696 2697 -2698 -2699 2700 -2701 -2702 2703 2704 2705 2706 
v 2707 2708 2709 2710 2711 2712 2713 2714 2715 2716 -2717 -2718 2719 2720 2721 
v -2722 2723 2724 -2725 -2726 2727 -2728 -2729 2730 2731 2732 -2733 2734 2735 
v 2736 -2737 2738 2739 -2740 -2741 -2742 -2743 -2744 -2745 -2746 -2747 -2748 
v -2749 -2750 -2751 -2752 -2753 -2754 -2755 -2756 -2757 -2758 -2759 -2760 -2761 
v -2762 2763 2764 -2765 -2766 2767 -2768 -2769 -2770 2771 2772 2773 2774 2775 
v 2776 2777 -2778 -2779 -2780 -2781 -2782 -2783 -2784 -2785 -2786 -2787 -2788 
v 2789 -2790 2791 2792 2793 -2794 -2795 -2796 -2797 -2798 -2799 -2800 -2801 
v -2802 -2803 -2804 -2805 -2806 -2807 -2808 -2809 -2810 -2811 -2812 -2813 -2814 
v -2815 -2816 -2817 -2818 -2819 2820 2821 -2822 -2823 2824 -2825 -2826 -2827 
v 2828 -2829 2830 2831 2832 2833 2834 2835 2836 -2837 -2838 2839 -2840 -2841 
v 2842 2843 2844 2845 -2846 2847 2848 -2849 2850 2851 -2852 -2853 -2854 -2855 
v -2856 -2857 -2858 -2859 -2860 -2861 -2862 -2863 -2864 2865 2866 -2867 -2868 
v -2869 2870 -2871 -2872 2873 2874 -2875 2876 2877 -2878 -2879 -2880 2881 -2882 
v -2883 -2884 -2885 2886 -2887 -2888 2889 2890 2891 -2892 2893 2894 2895 2896 
v 2897 2898 2899 2900 2901 2902 2903 2904 2905 2906 2907 2908 2909 2910 2911 
v -2912 -2913 2914 2915 2916 2917 2918 -2919 2920 -2921 -2922 -2923 -2924 -2925 
v -2926 -2927 -2928 2929 2930 2931 2932 2933 2934 2935 2936 -2937 -2938 2939 
v 2940 2941 -2942 -2943 -2944 0
