c BreakID not compiled in, disabling
c CryptoMiniSat version 5.11.15
c CMS Copyright (C) 2009-2020 Authors of CryptoMiniSat, see AUTHORS file
c CMS SHA revision 
c Using VMTF code by Armin Biere from CaDiCaL
c Using Yalsat by Armin Biere, see Balint et al. Improving implementation of SLS solvers [...], SAT'14
c Using WalkSAT by Henry Kautz, see Kautz and Selman Pushing the envelope: planning, propositional logic, and stochastic search, AAAI'96,
c CMS is MIT licensed
c Using code from 'When Boolean Satisfiability Meets Gauss-E. in a Simplex Way'
c       by C.-S. Han and J.-H. Roland Jiang in CAV 2012. Fixes by M. Soos
c Using CCAnr from 'CCAnr: A Conf. Checking Based Local Search Solver [...]'
c       by Shaowei Cai, Chuan Luo, and Kaile Su, SAT 2015
c CMS compilation env CMAKE_CXX_COMPILER = /usr/bin/c++ | COMPILE_DEFINES =  -DRDB0_ONLY_FEATURES -DBOOST_TEST_DYN_LINK -DUSE_ZLIB -DYALSAT_FPU | STATICCOMPILE = OFF | ONLY_SIMPLE = OFF | Boost_FOUND = TRUE | STATS = OFF | SQLITE3_FOUND =  | ZLIB_FOUND = TRUE | VALGRIND_FOUND =  | ENABLE_TESTING = OFF | SLOW_DEBUG = OFF | ENABLE_ASSERTIONS = ON | PYTHON_EXECUTABLE =  | PYTHON_LIBRARY =  | PYTHON_INCLUDE_DIRS =  | MY_TARGETS =  | LARGEMEM = OFF | LIMITMEM = OFF | BREAKID_LIBRARIES =  | BREAKID-VER = . | BOSPHORUS_LIBRARIES =  | BOSPH-VER = . | compilation date time = Mar 31 2024 17:57:30
c CMS compiled with gcc version 13.2.0
c Executed with command line: cryptominisat5 --verb 1 /workspace/experiments/EXP-ICPERF-66fd51/runs/RUN-ICPERF-305ca3/pure_cnf/n15l5-15-U.dimacs
c Reading file '/workspace/experiments/EXP-ICPERF-66fd51/runs/RUN-ICPERF-305ca3/pure_cnf/n15l5-15-U.dimacs'
c -- header says num vars:           2826
c -- header says num clauses:       10965
c -- clauses added: 10965
c -- xor clauses added: 0
c -- vars added 2826
c Parsing time: 0.00 s
c [branch] adjusting to: vsid (from: vsid) var_decay:0.95 descr: VSIDS
c rst  geom  stb   vs     1   114    2826  9916  1049    3.01    2.92     8    10    93     3   79.55   77.51
c rst  geom  stb   vs     2   236    2826  9916  1049    3.01    2.92     8    12   212     4   60.15   59.16
c  res  pol bran  nres  conf freevar  IrrL  IrrB l/longC  l/allC RedL0 RedL1 RedL2  RedB l/longC  l/allC
c rst  geom  stb   vs     3   371    2826  9916  1049    3.01    2.92     9    12   343     7   58.29   57.23
c rst  geom  stb   vs     4   518    2826  9916  1049    3.01    2.92     9    13   489     7   59.82   59.04
c rst  geom  stb   vs     5   679    2826  9916  1049    3.01    2.92    10    14   648     7   61.09   60.48
c rst  geom  stb   vs     6   856    2826  9916  1049    3.01    2.92    10    15   824     7   60.41   59.93
c rst  geom  stb   vs     7  1050    2826  9916  1049    3.01    2.92    14    16  1013     7   58.76   58.38
c rst  geom  stb   vs     8  1263    2826  9916  1049    3.01    2.92    17    17  1222     7   60.20   59.88
c rst  geom  stb   vs     9  1497    2826  9916  1049    3.01    2.92    17    22  1451     7   59.63   59.36
c rst  geom  stb   vs    10  1754    2826  9916  1049    3.01    2.92    18    23  1706     7   57.02   56.80
c rst  geom  stb   vs    11  2037    2826  9916  1049    3.01    2.92    24    26  1980     7   61.00   60.80
c rst  geom  stb   vs    12  2347    2826  9916  1049    3.01    2.92    25    30  2285     7   61.74   61.56
c rst  geom  stb   vs    13  2688    2826  9916  1049    3.01    2.92    34    34  2613     7   61.32   61.16
c rst  geom  stb   vs    14  3061    2826  9916  1049    3.01    2.92    35    35  2984     7   59.74   59.61
c rst  geom  stb   vs    15  3472    2826  9916  1049    3.01    2.92    45    44  3375     8   59.40   59.27
c rst  geom  stb   vs    16  3923    2826  9916  1049    3.01    2.92    46    51  3818     8   59.46   59.34
c rst  geom  stb   vs    17  4419    2826  9916  1049    3.01    2.92    58    59  4294     8   59.60   59.50
c rst  geom  stb   vs    18  4962    2826  9916  1049    3.01    2.92    64    71  4819     8   59.64   59.55
c rst  geom  stb   vs    19  5560    2826  9916  1049    3.01    2.92    69    83  5400     8   59.58   59.50
c [branch] adjusting to: vmtf (from: vsid) var_decay:0.95 descr: VMTF
c [distill-long-red0] cls tried: 69/69 T: 0.00 T-out: N T-r: 99.99%
c [distill-long-red1] cls tried: 83/83 T: 0.00 T-out: N T-r: 90.62%
c rst  luby ibes  vmt    20  5663    2826  9916  1049    3.01    2.92    69    93  5492     9   59.10   59.01
c rst  luby ibes  vmt    21  5765    2826  9916  1049    3.01    2.92    74   106  5576     9   58.89   58.80
c rst  luby ibes  vmt    22  5966    2826  9916  1049    3.01    2.92    81   132  5744     9   57.50   57.41
c rst  luby ibes  vmt    23  6067    2826  9916  1049    3.01    2.92    83   136  5839     9   56.92   56.84
c rst  luby ibes  vmt    24  6168    2826  9916  1049    3.01    2.92    87   140  5932     9   56.29   56.21
c rst  luby ibes  vmt    25  6370    2826  9916  1049    3.01    2.92    92   147  6122     9   55.25   55.18
c rst  luby ibes  vmt    26  6772    2826  9916  1049    3.01    2.92   102   160  6501     9   53.51   53.44
c rst  luby ibes  vmt    27  6873    2826  9916  1049    3.01    2.92   109   168  6587     9   53.02   52.95
c rst  luby ibes  vmt    28  6975    2826  9916  1049    3.01    2.92   112   168  6686     9   52.56   52.50
c rst  luby ibes  vmt    29  7177    2826  9916  1049    3.01    2.92   117   174  6877     9   51.81   51.74
c rst  luby ibes  vmt    30  7278    2826  9916  1049    3.01    2.92   123   177  6969     9   51.37   51.31
c rst  luby ibes  vmt    31  7379    2826  9916  1049    3.01    2.92   127   180  7063     9   50.92   50.86
c rst  luby ibes  vmt    32  7580    2826  9916  1049    3.01    2.92   133   188  7250     9   50.17   50.11
c rst  luby ibes  vmt    33  7981    2826  9916  1049    3.01    2.92   141   193  7638     9   48.61   48.55
c rst  luby ibes  vmt    34  8782    2826  9916  1049    3.01    2.92   163   228  8382     9   45.97   45.93
c rst  luby ibes  vmt    35  8883    2826  9916  1049    3.01    2.92   164   230  8480     9   45.76   45.72
c rst  luby ibes  vmt    36  8984    2826  9916  1049    3.01    2.92   168   242  8565     9   45.50   45.45
c rst  luby ibes  vmt    37  9186    2826  9916  1049    3.01    2.92   171   246  8760     9   45.05   45.01
c rst  luby ibes  vmt    38  9288    2826  9916  1049    3.01    2.92   173   248  8858     9   44.80   44.75
c rst  luby ibes  vmt    39  9389    2826  9916  1049    3.01    2.92   174   250  8956     9   44.59   44.55
c rst  luby ibes  vmt    40  9591    2826  9916  1049    3.01    2.92   177   255  9150     9   44.07   44.03
c rst  luby ibes  vmt    41  9993    2826  9916  1049    3.01    2.92   181   257  9546     9   43.47   43.43
c rst  luby ibes  vmt    42 10096    2826  9916  1049    3.01    2.92   356    90  9641     9   43.26   43.22
c rst  luby ibes  vmt    43 10197    2826  9916  1049    3.01    2.92   357    90  9741     9   43.07   43.03
c rst  luby ibes  vmt    44 10398    2826  9916  1049    3.01    2.92   358    98  9933     9   42.64   42.61
c rst  luby ibes  vmt    45 10500    2826  9916  1049    3.01    2.92   360   106 10025     9   42.48   42.44
c rst  luby ibes  vmt    46 10603    2826  9916  1049    3.01    2.92   364   110 10120     9   42.26   42.23
c rst  luby ibes  vmt    47 10804    2826  9916  1049    3.01    2.92   366   111 10318     9   41.91   41.87
c rst  luby  svd  vmt    48 11206    2826  9916  1049    3.01    2.92   369   114 10714     9   41.64   41.60
c rst  luby  svd  vmt    49 12008    2826  9916  1049    3.01    2.92   376   145 11478     9   41.52   41.49
c [branch] adjusting to: vsid (from: vmtf) var_decay:0.95 descr: VSIDS
c [distill-bin] useful: 4/1049/1049 lits-rem: 0 cl-rem: 4 0-depth-assigns: 0 T: 0.00 T-out: N
c rst  geom  svd   vs    50 12120    2826  9916  1045    3.01    2.92   376   147 11588     9   41.58   41.55
c rst  geom  svd   vs    51 12242    2826  9916  1045    3.01    2.92   380   157 11696     9   41.54   41.51
c rst  geom  svd   vs    52 12376    2826  9916  1045    3.01    2.92   381   166 11820     9   41.36   41.33
c rst  geom  svd   vs    53 12524    2826  9916  1045    3.01    2.92   386   177 11952     9   41.22   41.19
c rst  geom  svd   vs    54 12686    2826  9916  1045    3.01    2.92   390   183 12104     9   41.03   41.00
c rst  geom  svd   vs    55 12863    2826  9916  1045    3.01    2.92   394   187 12272    10   40.81   40.78
c rst  geom  svd   vs    56 13058    2826  9916  1045    3.01    2.92   399   193 12456    10   40.55   40.52
c rst  geom  svd   vs    57 13272    2826  9916  1045    3.01    2.92   405   195 12662    10   40.21   40.18
c rst  geom  svd   vs    58 13506    2826  9916  1045    3.01    2.92   405   195 12896    10   39.85   39.83
c rst  geom  svd   vs    59 13764    2826  9916  1045    3.01    2.92   407   199 13148    10   39.49   39.46
c rst  geom  svd   vs    60 14046    2826  9916  1045    3.01    2.92   408   203 13425    10   39.11   39.09
c rst  geom  svd   vs    61 14357    2826  9916  1045    3.01    2.92   414   213 13720    10   38.72   38.69
c rst  geom  svd   vs    62 14697    2826  9916  1045    3.01    2.92   417   215 14055    10   38.28   38.25
c rst  geom  svd   vs    63 15070    2826  9916  1045    3.01    2.92   468   711 13881    10   37.82   37.79
c rst  geom  svd   vs    64 15481    2826  9916  1045    3.01    2.92   470   711 14290    10   37.30   37.28
c rst  geom  svd   vs    65 15931    2826  9916  1045    3.01    2.92   474   715 14732    10   36.98   36.95
c rst  geom  svd   vs    66 16426    2826  9916  1045    3.01    2.92   486   726 15204    10   36.36   36.34
c rst  geom best   vs    67 16969    2826  9916  1045    3.01    2.92   486   749 15724    10   36.64   36.62
c rst  geom best   vs    68 17567    2826  9916  1045    3.01    2.92   488   764 16304    11   37.04   37.02
c rst  geom best   vs    69 18225    2826  9916  1045    3.01    2.92   497   804 16913    11   37.29   37.27
c [branch] adjusting to: vmtf (from: vsid) var_decay:0.95 descr: VMTF
c rst  luby best  vmt    70 18326    2826  9916  1045    3.01    2.92   498   807 17010    11   37.27   37.25
c rst  luby best  vmt    71 18428    2826  9916  1045    3.01    2.92   500   811 17106    11   37.27   37.25
c rst  luby best  vmt    72 18629    2826  9916  1045    3.01    2.92   503   827 17288    11   37.28   37.26
c rst  luby best  vmt    73 18731    2826  9916  1045    3.01    2.92   503   839 17378    11   37.31   37.29
c rst  luby best  vmt    74 18832    2826  9916  1045    3.01    2.92   504   845 17472    11   37.32   37.30
c rst  luby best  vmt    75 19034    2826  9916  1045    3.01    2.92   505   858 17660    11   37.36   37.34
c rst  luby best  vmt    76 19435    2826  9916  1045    3.01    2.92   518   897 18009    11   37.19   37.17
c rst  luby best  vmt    77 19536    2826  9916  1045    3.01    2.92   520   910 18095    11   37.17   37.15
c rst  luby best  vmt    78 19638    2826  9916  1045    3.01    2.92   520   912 18195    11   37.18   37.16
c rst  luby best  vmt    79 19839    2826  9916  1045    3.01    2.92   523   938 18367    11   37.13   37.11
c rst  luby best  vmt    80 19940    2826  9916  1045    3.01    2.92   525   941 18463    11   37.11   37.09
c rst  luby best  vmt    81   20K    2826  9916  1045    3.01    2.92   723   746 18561    11   37.18   37.16
c [full-probe]  bin_only: 1 set: 0 repl: 0 T: 0.00 T-out: N T-r: 99.78%
c rst  luby best  vmt    82   20K    2826  9916  1045    3.01    2.92   726   765 18742    17   37.17   37.14
c rst  luby best  vmt    83   20K    2826  9916  1045    3.01    2.92   730   781 19124    17   37.15   37.12
c [distill-long-red0] cls tried: 592/592 T: 0.01 T-out: N T-r: 99.39%
c [distill-long-red1] cls tried: 74/767 T: 0.01 T-out: Y T-r: -3.12%
c rst  luby best  vmt    84   21K    2826  9916  1045    3.01    2.92   737   836 19862    18   37.26   37.23
c rst  luby best  vmt    85   21K    2826  9916  1045    3.01    2.92   737   839 19961    18   37.24   37.21
c rst  luby best  vmt    86   21K    2826  9916  1045    3.01    2.92   740   844   20K    18   37.24   37.21
c rst  luby  stb  vmt    87   21K    2826  9916  1045    3.01    2.92   741   846   20K    18   37.20   37.17
c rst  luby  stb  vmt    88   21K    2826  9916  1045    3.01    2.92   741   848   20K    18   37.22   37.20
c rst  luby  stb  vmt    89   22K    2826  9916  1045    3.01    2.92   743   856   20K    18   37.18   37.15
c rst  luby  stb  vmt    90   22K    2826  9916  1045    3.01    2.92   743   861   20K    18   37.11   37.08
c rst  luby  stb  vmt    91   22K    2826  9916  1045    3.01    2.92   745   882   21K    18   37.07   37.04
c rst  luby  stb  vmt    92   22K    2826  9916  1045    3.01    2.92   748   884   21K    18   37.05   37.02
c rst  luby  stb  vmt    93   22K    2826  9916  1045    3.01    2.92   750   889   21K    18   37.09   37.06
c rst  luby  stb  vmt    94   23K    2826  9916  1045    3.01    2.92   757   904   21K    18   37.05   37.02
c rst  luby  stb  vmt    95   23K    2826  9916  1045    3.01    2.92   758   909   21K    18   37.09   37.07
c rst  luby  stb  vmt    96   23K    2826  9916  1045    3.01    2.92   759   915   21K    18   37.11   37.08
c rst  luby  stb  vmt    97   23K    2826  9916  1045    3.01    2.92   759   923   21K    18   37.08   37.06
c rst  luby  stb  vmt    98   23K    2826  9916  1045    3.01    2.92   763   959   22K    18   37.13   37.10
c rst  luby  stb  vmt    99   24K    2826  9916  1045    3.01    2.92   775  1032   22K    18   36.78   36.76
c rst  luby  stb  vmt   100   26K    2826  9916  1045    3.01    2.92   806  1099   24K    18   36.21   36.19
c [branch] adjusting to: vsid (from: vmtf) var_decay:0.95 descr: VSIDS
c [distill] watch-based irred--  cl tried    19828 cl-sh     0 cl-rem    4 lit-rem      0 T: 0.00 T-out: N
c [distill] watch-based   red--  cl tried     1612 cl-sh    74 cl-rem    0 lit-rem     96 T: 0.00 T-out: N
c rst  geom  stb   vs   101   26K    2826  9912  1049    3.01    2.92   806  1100   24K    14   36.22   36.20
c rst  geom  stb   vs   102   26K    2826  9912  1049    3.01    2.92   806  1108   24K    14   36.18   36.16
c rst  geom  stb   vs   103   26K    2826  9912  1049    3.01    2.92   807  1117   24K    14   36.14   36.12
c rst  geom  stb   vs   104   26K    2826  9912  1049    3.01    2.92   809  1122   24K    14   36.08   36.06
c rst  geom  stb   vs   105   26K    2826  9912  1049    3.01    2.92   809  1124   25K    14   36.05   36.03
c rst  geom ibes   vs   106   27K    2826  9912  1049    3.01    2.92   810  1128   25K    14   36.01   36.00
c rst  geom ibes   vs   107   27K    2826  9912  1049    3.01    2.92   810  1130   25K    14   35.91   35.90
c rst  geom ibes   vs   108   27K    2826  9912  1049    3.01    2.92   810  1135   25K    14   35.85   35.84
c rst  geom ibes   vs   109   27K    2826  9912  1049    3.01    2.92   810  1135   25K    14   35.71   35.69
c rst  geom ibes   vs   110   28K    2826  9912  1049    3.01    2.92   810  1135   26K    14   35.63   35.61
c rst  geom ibes   vs   111   28K    2826  9912  1049    3.01    2.92   811  1136   26K    14   35.48   35.47
c rst  geom ibes   vs   112   28K    2826  9912  1049    3.01    2.92   813  1138   26K    14   35.36   35.34
c rst  geom ibes   vs   113   28K    2826  9912  1049    3.01    2.92   814  1139   26K    14   35.21   35.19
c rst  geom ibes   vs   114   29K    2826  9912  1049    3.01    2.92   817  1141   27K    14   35.03   35.02
c rst  geom ibes   vs   115   29K    2826  9912  1049    3.01    2.92   817  1141   27K    14   34.82   34.80
c rst  geom ibes   vs   116   30K    2826  9912  1049    3.01    2.92  1148  1494   24K    14   31.79   31.77
c rst  geom ibes   vs   117   30K    2826  9912  1049    3.01    2.92  1150  1497   25K    14   31.61   31.60
c rst  geom ibes   vs   118   31K    2826  9912  1049    3.01    2.92  1151  1510   25K    14   31.38   31.37
c rst  geom ibes   vs   119   31K    2826  9912  1049    3.01    2.92  1155  1525   26K    14   31.16   31.14
c rst  geom ibes   vs   120   32K    2826  9912  1049    3.01    2.92  1158  1533   27K    14   30.93   30.92
c [distill-bin] useful: 0/1049/1049 lits-rem: 0 cl-rem: 0 0-depth-assigns: 0 T: 0.00 T-out: N
c rst  geom  svd   vs   121   33K    2826  9912  1049    3.01    2.92  1160  1545   27K    14   30.95   30.93
c rst  geom  svd   vs   122   34K    2826  9912  1049    3.01    2.92  1164  1551   28K    14   30.67   30.66
c [branch] adjusting to: vmtf (from: vsid) var_decay:0.95 descr: VMTF
c rst  luby  svd  vmt   123   34K    2826  9912  1049    3.01    2.92  1164  1553   28K    14   30.67   30.65
c rst  luby  svd  vmt   124   34K    2826  9912  1049    3.01    2.92  1165  1557   28K    14   30.65   30.64
c rst  luby  svd  vmt   125   34K    2826  9912  1049    3.01    2.92  1166  1561   28K    14   30.60   30.59
c rst  luby  svd  vmt   126   34K    2826  9912  1049    3.01    2.92  1167  1563   28K    14   30.59   30.57
c rst  luby  svd  vmt   127   34K    2826  9912  1049    3.01    2.92  1167  1565   29K    14   30.57   30.55
c rst  luby  svd  vmt   128   34K    2826  9912  1049    3.01    2.92  1167  1568   29K    14   30.55   30.54
c rst  luby  svd  vmt   129   35K    2826  9912  1049    3.01    2.92  1171  1578   29K    14   30.44   30.43
c rst  luby  svd  vmt   130   35K    2826  9912  1049    3.01    2.92  1172  1582   29K    14   30.42   30.40
c rst  luby  svd  vmt   131   35K    2826  9912  1049    3.01    2.92  1173  1588   29K    14   30.40   30.39
c rst  luby  svd  vmt   132   35K    2826  9912  1049    3.01    2.92  1175  1589   30K    14   30.34   30.33
c rst  luby  svd  vmt   133   35K    2826  9912  1049    3.01    2.92  1176  1590   30K    14   30.32   30.31
c [distill-long-red0] cls tried: 497/497 T: 0.02 T-out: N T-r: 98.90%
c [distill-long-red1] cls tried: 47/1510 T: 0.01 T-out: Y T-r: -2.41%
c rst  luby  svd  vmt   134   35K    2826  9912  1049    3.01    2.92  1176  1591   30K    14   30.29   30.27
c rst  luby  svd  vmt   135   36K    2826  9912  1049    3.01    2.92  1178  1596   30K    14   30.22   30.20
c rst  luby  svd  vmt   136   36K    2826  9912  1049    3.01    2.92  1180  1607   30K    14   30.09   30.08
c rst  luby  svd  vmt   137   37K    2826  9912  1049    3.01    2.92  1189  1620   31K    14   29.82   29.81
c rst  luby  svd  vmt   138   37K    2826  9912  1049    3.01    2.92  1189  1623   31K    14   29.81   29.80
c rst  luby  svd  vmt   139   37K    2826  9912  1049    3.01    2.92  1189  1625   31K    14   29.79   29.78
c rst  luby  svd  vmt   140   37K    2826  9912  1049    3.01    2.92  1190  1628   32K    14   29.77   29.76
c rst  luby  svd  vmt   141   37K    2826  9912  1049    3.01    2.92  1190  1632   32K    14   29.74   29.73
c rst  luby  svd  vmt   142   37K    2826  9912  1049    3.01    2.92  1192  1634   32K    14   29.72   29.71
c rst  luby  svd  vmt   143   38K    2826  9912  1049    3.01    2.92  1193  1638   32K    14   29.73   29.71
c rst  geom best  vmt   144   38K    2826  9912  1049    3.01    2.92  1193  1638   32K    14   29.73   29.72
c rst  geom best  vmt   145   38K    2826  9912  1049    3.01    2.92  1194  1639   32K    14   29.72   29.71
c rst  geom best  vmt   146   38K    2826  9912  1049    3.01    2.92  1196  1645   32K    14   29.70   29.69
c rst  geom best  vmt   147   38K    2826  9912  1049    3.01    2.92  1196  1651   32K    14   29.67   29.66
c rst  geom best  vmt   148   38K    2826  9912  1049    3.01    2.92  1197  1653   33K    14   29.64   29.63
c rst  geom best  vmt   149   38K    2826  9912  1049    3.01    2.92  1199  1670   33K    14   29.60   29.59
c rst  geom best  vmt   150   39K    2826  9912  1049    3.01    2.92  1200  1682   33K    14   29.56   29.55
c rst  geom best  vmt   151   39K    2826  9912  1049    3.01    2.92  1201  1697   33K    14   29.52   29.51
c rst  geom best  vmt   152   39K    2826  9912  1049    3.01    2.92  1201  1698   33K    14   29.49   29.48
c rst  geom best  vmt   153   39K    2826  9912  1049    3.01    2.92  1201  1701   34K    14   29.45   29.44
c rst  geom best  vmt   154   40K    2826  9912  1049    3.01    2.92  1371  1536   34K    14   29.39   29.38
c [full-probe]  bin_only: 0 set: 0 repl: 0 T: 0.00 T-out: N T-r: 95.33%
c [impl-str] lit bin: 0 set-var: 0 T: 0.00 T-out: N T-r: 99.96% w-visit: 5652
c [impl-sub] bin: 5 T: 0.00 T-out: N w-visit: 5652
c rst  geom best  vmt   155   40K    2826  9912  1049    3.01    2.92  1371  1542   34K    15   29.34   29.32
c rst  geom best  vmt   156   40K    2826  9912  1049    3.01    2.92  1371  1552   35K    15   29.28   29.27
c rst  geom best  vmt   157   41K    2826  9912  1049    3.01    2.92  1371  1556   35K    15   29.18   29.17
c rst  geom best  vmt   158   41K    2826  9912  1049    3.01    2.92  1371  1562   35K    15   29.10   29.09
c rst  geom best  vmt   159   41K    2826  9912  1049    3.01    2.92  1373  1566   36K    15   29.03   29.02
c rst  geom best  vmt   160   42K    2826  9912  1049    3.01    2.92  1375  1571   36K    15   28.96   28.95
c [branch] adjusting to: vsid (from: vmtf) var_decay:0.95 descr: VSIDS
c rst  geom best   vs   161   42K    2826  9912  1049    3.01    2.92  1376  1572   36K    15   28.95   28.94
c rst  geom best   vs   162   42K    2826  9912  1049    3.01    2.92  1377  1575   36K    15   28.93   28.92
c rst  geom best   vs   163   42K    2826  9912  1049    3.01    2.92  1379  1575   37K    15   28.92   28.91
c rst  geom best   vs   164   42K    2826  9912  1049    3.01    2.92  1380  1576   37K    15   28.88   28.87
c rst  geom best   vs   165   43K    2826  9912  1049    3.01    2.92  1382  1576   37K    15   28.87   28.86
c rst  geom best   vs   166   43K    2826  9912  1049    3.01    2.92  1382  1577   37K    15   28.84   28.83
c rst  geom best   vs   167   43K    2826  9912  1049    3.01    2.92  1382  1578   37K    15   28.83   28.82
c rst  geom  stb   vs   168   43K    2826  9912  1049    3.01    2.92  1382  1585   37K    15   28.83   28.82
c rst  geom  stb   vs   169   43K    2826  9912  1049    3.01    2.92  1382  1589   38K    15   28.82   28.81
c rst  geom  stb   vs   170   44K    2826  9912  1049    3.01    2.92  1383  1596   38K    15   28.82   28.81
c [ccnr] tries: 0 steps: 262143 best found: 10
c [ccnr] tries: 0 steps: 524287 best found: 9
c [ccnr] tries: 0 steps: 786431 best found: 9
c [ccnr] tries: 1 steps: 262143 best found: 9
c [ccnr] tries: 1 steps: 524287 best found: 9
c [ccnr] saving best assignment phase to stable_polar
c [ccnr] bumping based on clause weights
c [ccnr] Bumped vars: 102 bump type: 6
c [ccnr] time: 0.41
c rst  geom  stb   vs   171   44K    2826  9912  1049    3.01    2.92  1383  1600   38K    15   28.95   28.94
c rst  geom  stb   vs   172   44K    2826  9912  1049    3.01    2.92  1383  1606   39K    15   28.91   28.90
c rst  geom  stb   vs   173   45K    2826  9912  1049    3.01    2.92  1400  2627   31K    16   26.54   26.53
c rst  geom  stb   vs   174   45K    2826  9912  1049    3.01    2.92  1401  2631   31K    16   26.56   26.55
c rst  geom  stb   vs   175   45K    2826  9912  1049    3.01    2.92  1401  2635   31K    16   26.58   26.57
c rst  geom  stb   vs   176   46K    2826  9912  1049    3.01    2.92  1402  2638   32K    16   26.54   26.53
c rst  geom  stb   vs   177   46K    2826  9912  1049    3.01    2.92  1402  2645   32K    16   26.53   26.52
c rst  geom  stb   vs   178   47K    2826  9912  1049    3.01    2.92  1402  2648   33K    16   26.57   26.55
c rst  geom  stb   vs   179   48K    2826  9912  1049    3.01    2.92  1405  2651   33K    16   26.52   26.51
c rst  geom  stb   vs   180   48K    2826  9912  1049    3.01    2.92  1407  2658   34K    16   26.50   26.49
c rst  geom  stb   vs   181   49K    2826  9912  1049    3.01    2.92  1409  2663   35K    16   26.55   26.54
c rst  geom ibes   vs   182   50K    2826  9912  1049    3.01    2.92  1545  2538   36K    16   26.54   26.53
c [gauss] XOR-encoding clauses are not detached, so no need to reattach them.
c [scc] new: 6 BP 0M T: 0.00
c [vrep] vars 6 lits 40668 rem-bin-cls 32 rem-long-cls 0 BP 0M T: 0.02
c [scc] new: 0 BP 0M T: 0.00
c [vrep] vars 0 lits 0 rem-bin-cls 0 rem-long-cls 0 BP 0M T: 0.00
c [intree] Set 0 vars hyper-added: 497 trans-irred: 0 trans-red: 9 T: 0.01 T-out: N T-r: -1.13%
c [find&init matx] performing matrix init
c [gauss] XOR-encoding clauses are not detached, so no need to reattach them.
c [matrix] unused xors from cleaning: 0
c rst  geom ibes   vs   183   51K    2820  9912  1037    3.01    2.92  1548  2551   36K   496   26.43   26.14
c [distill-long-red0] cls tried: 362/362 T: 0.02 T-out: N T-r: 98.73%
c [distill-long-red1] cls tried: 39/2434 T: 0.01 T-out: Y T-r: -3.62%
c rst  geom ibes   vs   184   52K    2820  9912  1037    3.01    2.92  1549  2558   37K   496   26.31   26.03
c [distill] watch-based irred--  cl tried    19822 cl-sh     1 cl-rem    2 lit-rem      1 T: 0.00 T-out: N
c [distill] watch-based   red--  cl tried     3098 cl-sh    56 cl-rem    0 lit-rem     94 T: 0.01 T-out: N
c rst  geom ibes   vs   185   53K    2820  9909  1040    3.01    2.92  1549  2564   38K   494   26.20   25.93
c [branch] adjusting to: vmtf (from: vsid) var_decay:0.95 descr: VMTF
c [distill-bin] useful: 0/1040/1040 lits-rem: 0 cl-rem: 0 0-depth-assigns: 0 T: 0.00 T-out: N
c rst  luby ibes  vmt   186   53K    2820  9909  1040    3.01    2.92  1554  2587   39K   494   26.26   25.98
c rst  luby ibes  vmt   187   53K    2820  9909  1040    3.01    2.92  1561  2597   39K   494   26.32   26.05
c rst  luby ibes  vmt   188   53K    2820  9909  1040    3.01    2.92  1576  2636   39K   494   26.34   26.07
c rst  luby ibes  vmt   189   53K    2820  9909  1040    3.01    2.92  1577  2652   39K   494   26.42   26.15
c rst  luby ibes  vmt   190   53K    2820  9909  1040    3.01    2.92  1578  2663   39K   494   26.41   26.14
c rst  luby ibes  vmt   191   53K    2820  9909  1040    3.01    2.92  1583  2703   39K   494   26.50   26.22
c rst  luby ibes  vmt   192   54K    2820  9909  1040    3.01    2.92  1589  2752   40K   494   26.63   26.36
c rst  luby ibes  vmt   193   54K    2820  9909  1040    3.01    2.92  1592  2766   40K   494   26.71   26.44
c rst  luby ibes  vmt   194   54K    2820  9909  1040    3.01    2.92  1595  2810   40K   494   26.68   26.41
c rst  luby ibes  vmt   195   54K    2820  9909  1040    3.01    2.92  1600  2824   40K   494   26.82   26.55
c rst  luby ibes  vmt   196   54K    2820  9909  1040    3.01    2.92  1604  2855   40K   494   26.83   26.56
c rst  luby ibes  vmt   197   54K    2820  9909  1040    3.01    2.92  1605  2872   40K   494   26.87   26.60
c rst  luby ibes  vmt   198   55K    2820  9909  1040    3.01    2.92  1608  2891   40K   494   26.97   26.70
c rst  luby  svd  vmt   199   55K    2820  9909  1040    3.01    2.92  1612  2910   41K   494   27.06   26.79
c rst  luby  svd  vmt   200   56K    2820  9909  1040    3.01    2.92  1621  2952   41K   495   27.11   26.85
c recursive minimization cost OK: 317Kcost/(% lits removed)
c [gauss] XOR-encoding clauses are not detached, so no need to reattach them.
c --> Executing strategy token: scc-vrepl
c [scc] new: 1 BP 0M T: 0.00
c --> Executing strategy token: sub-impl
c [impl-sub] bin: 0 T: 0.00 T-out: N w-visit: 5652
c --> Executing strategy token: breakid
c --> Executing OCC strategy token(s): 'occ-backw-sub-str,occ-clean-implicit,occ-bve,occ-bva,occ-ternary-res,occ-xor,'
c [occ] mem usage for occur      0 MB
c [occ] Linked in IRRED BIN by default: 1040
c [occ] Linked in RED   BIN by default: 495
c [occ] mem usage for occur      0 MB
c Mem for watch alloc      : 4           MB (24.52     %)
c Mem for watch array      : 0           MB (1.06      %)
c --> Executing OCC strategy token: occ-backw-sub-str
c [occ-backw-sub-str-long-w-bins] subs: 0 str: 18 tried: 1536 0-depth ass: 0 T: 0.00 T-out: N T-r: 99.70%
c [occ-backw-sub-long-w-long] rem cl: 136 tried: 56087/56087 (100.0%) T: 0.00 T-out: N T-r: 97.87%
c [occ-backw-sub-str-long-w-long] sub: 0 str: 2 tried: 168261/56087 (300.0)  T: 0.03 T-out: N T-r: 92.29%
c --> Executing OCC strategy token: occ-clean-implicit
c --> Executing OCC strategy token: occ-bve
c [occ-empty-res] Empty resolvent elimed: 0 T: 0.00 T-out: N
c [occ-bve] iter v-elim 1263
c cl_inc_rate=1.0, var_dec_rate=1.8 (grow=0)
c Reduced to 1557 vars, 10845 cls (grow=0)
c [occ-bve] iter v-elim 75
c cl_inc_rate=1.0, var_dec_rate=1.1 (grow=8)
c Reduced to 1482 vars, 11140 cls (grow=8)
c x n vars       : 1482
c #try to eliminate:  6132
c #var-elim        :  1338
c #T-o: N
c #T-r: 99.99%
c #T  : 0.04
c [occur] 0.02 is overhead
c [occur] link-in T: 0.02 cleanup T: 0.00
c --> Executing OCC strategy token: occ-bva
c --> Executing OCC strategy token: occ-ternary-res
c [occ-ternary-res] Ternary res-tri: 148 res-bin: 0 sub: 11 str: 0 T: 0.00 T-out: N T-r: 99.40%
c --> Executing OCC strategy token: occ-xor
c [occ-xor] sort occur list T: 0.00
c [xor-clean-equiv] removed equivalent xors: 0 left with: 1071
c [occ-xor] found   1071 avg sz 4.0 min sz  4 max sz  5 T: 0.00 T-out: N T-r: 99.98%
c --> Executing strategy token: card-find
c --> Executing strategy token: cl-consolidate
c [mem] consolidate  old-sz: 7229K new-sz: 2273K new bits offs: 19 T: 0.00
c --> Executing strategy token: scc-vrepl
c [scc] new: 1 BP 0M T: 0.00
c [vrep] vars 1 lits 314 rem-bin-cls 4 rem-long-cls 0 BP 0M T: 0.00
c --> Executing strategy token: renumber
c [gauss] XOR-encoding clauses are not detached, so no need to reattach them.
c [renumber] T: 0.00
c --> Executing strategy token: bosphorus
c --> Executing strategy token: louvain-comms
c [consolidate] mini T: 0.00
c global_timeout_multiplier: 3.3000
c [branch] rebuilding order heap for all branchings. Current branching: vmtf
c [find&init matx] performing matrix init
c [gauss] XOR-encoding clauses are not detached, so no need to reattach them.
c [xor-rem-unconnected] left with 1071 xors from 1071 non-empty xors T: 0.00
c [xor-together] xored together: 1034 orig xors: 1071 new xors: 37 T: 0.00
c [xor-rem-unconnected] left with 37 xors from 37 non-empty xors T: 0.00
c [xor-clean-equiv] removed equivalent xors: 0 left with: 37
c [matrix] unused xors from cleaning: 0
c [matrix] Good   matrix  0     37 x  317  density:0.1922  xorlen avg: 60.92
c [matrix] Using 1 matrices recovered from 0 xors T: 0.00 T-out: N
c rst  luby  svd  vmt   201   56K    1481 10602   538    4.02    3.92   598   765 16306    54   19.10   19.05
c rst  luby  svd  vmt   202   56K    1481 10602   538    4.02    3.92   598   776 16396    54   19.09   19.03
c rst  luby  svd  vmt   203   56K    1481 10602   538    4.02    3.92   598   777 16497    54   19.09   19.03
c rst  luby  svd  vmt   204   56K    1481 10602   538    4.02    3.92   599   783 16691    54   19.07   19.02
c rst  luby  svd  vmt   205   56K    1481 10602   538    4.02    3.92   599   786 16790    54   19.08   19.03
c rst  luby  svd  vmt   206   56K    1481 10602   538    4.02    3.92   600   793 16885    54   19.11   19.06
c rst  luby  svd  vmt   207   57K    1481 10602   538    4.02    3.92   600   793 17087    54   19.05   19.00
c rst  luby  svd  vmt   208   57K    1481 10602   538    4.02    3.92   603   816 17465    54   19.06   19.01
c rst  luby  svd  vmt   209   57K    1481 10602   538    4.02    3.92   604   818 17566    54   19.06   19.01
c rst  luby  svd  vmt   210   57K    1481 10602   538    4.02    3.92   604   822 17663    54   19.05   19.00
c rst  luby  svd  vmt   211   57K    1481 10602   538    4.02    3.92   608   833 17850    54   19.07   19.03
c rst  luby  svd  vmt   212   58K    1481 10602   538    4.02    3.92   610   837 17946    54   19.05   19.01
c rst  luby  svd  vmt   213   58K    1481 10602   538    4.02    3.92   611   841 18042    54   19.04   19.00
c rst  luby  svd  vmt   214   58K    1481 10602   538    4.02    3.92   611   843 18241    54   19.03   18.98
c rst  luby  svd  vmt   215   58K    1481 10602   538    4.02    3.92   612   859 18640    54   19.18   19.13
c [g  <0] Disabling GJ-elim in this round.  Usefulness was: 19.9208%  over 129874 calls
c rst  luby  svd  vmt   216   59K    1481 10602   538    4.02    3.92   619   948 19351    54   19.04   19.00
c rst  luby  svd  vmt   217   61K    1481 10602   538    4.02    3.92   827  1164 17039    54   17.34   17.29
c [full-probe]  bin_only: 1 set: 0 repl: 0 T: 0.00 T-out: N T-r: 99.78%
c rst  geom best  vmt   218   61K    1481 10602   538    4.02    3.92   827  1165 17149    54   17.34   17.30
c rst  geom best  vmt   219   61K    1481 10602   538    4.02    3.92   827  1171 17266    54   17.35   17.31
c rst  geom best  vmt   220   61K    1481 10602   538    4.02    3.92   827  1172 17400    54   17.34   17.30
c rst  geom best  vmt   221   61K    1481 10602   538    4.02    3.92   827  1187 17532    54   17.36   17.32
c rst  geom best  vmt   222   61K    1481 10602   538    4.02    3.92   827  1196 17684    54   17.35   17.30
c rst  geom best  vmt   223   61K    1481 10602   538    4.02    3.92   827  1201 17857    54   17.35   17.31
c rst  geom best  vmt   224   62K    1481 10602   538    4.02    3.92   828  1210 18042    54   17.36   17.32
c rst  geom best  vmt   225   62K    1481 10602   538    4.02    3.92   828  1226 18245    54   17.33   17.29
c rst  geom best  vmt   226   62K    1481 10602   538    4.02    3.92   829  1232 18474    54   17.32   17.28
c rst  geom best  vmt   227   62K    1481 10602   538    4.02    3.92   830  1245 18718    54   17.35   17.31
c rst  geom best  vmt   228   63K    1481 10602   538    4.02    3.92   831  1256 18992    54   17.35   17.31
c [branch] adjusting to: vsid (from: vmtf) var_decay:0.95 descr: VSIDS
c rst  geom best   vs   229   63K    1481 10602   538    4.02    3.92   833  1259 19099    54   17.45   17.41
c rst  geom best   vs   230   63K    1481 10602   538    4.02    3.92   836  1264 19213    54   17.49   17.46
c rst  geom best   vs   231   63K    1481 10602   538    4.02    3.92   839  1269 19338    55   17.51   17.47
c rst  geom best   vs   232   63K    1481 10602   538    4.02    3.92   841  1283 19470    55   17.59   17.55
c rst  geom best   vs   233   63K    1481 10602   538    4.02    3.92   841  1286 19628    55   17.67   17.63
c rst  geom best   vs   234   64K    1481 10602   538    4.02    3.92   841  1294 19797    55   17.74   17.70
c rst  geom best   vs   235   64K    1481 10602   538    4.02    3.92   844  1306 19976    55   17.76   17.72
c rst  geom best   vs   236   64K    1481 10602   538    4.02    3.92   847  1317   20K    55   17.82   17.78
c rst  geom best   vs   237   64K    1481 10602   538    4.02    3.92   850  1325   20K    55   17.86   17.83
c rst  geom best   vs   238   64K    1481 10602   538    4.02    3.92   854  1335   20K    55   17.87   17.83
c rst  geom best   vs   239   65K    1481 10602   538    4.02    3.92   856  1337   20K    55   18.02   17.98
c rst  geom best   vs   240   65K    1481 10602   538    4.02    3.92   856  1348   21K    55   18.11   18.08
c rst  geom best   vs   241   65K    1481 10602   538    4.02    3.92   859  1356   21K    55   18.24   18.20
c rst  geom best   vs   242   66K    1481 10602   538    4.02    3.92   861  1359   21K    55   18.34   18.30
c [distill-long-red0] cls tried: 490/490 T: 0.02 T-out: N T-r: 99.44%
c [distill-long-red1] cls tried: 107/1199 T: 0.02 T-out: Y T-r: -0.65%
c rst  geom best   vs   243   66K    1481 10602   538    4.02    3.92   863  1375   22K    57   18.34   18.31
c rst  geom best   vs   244   67K    1481 10602   538    4.02    3.92   868  1389   22K    57   18.39   18.35
c rst  geom  stb   vs   245   67K    1481 10602   538    4.02    3.92   872  1417   23K    57   18.60   18.56
c rst  geom  stb   vs   246   68K    1481 10602   538    4.02    3.92   875  1437   23K    57   18.67   18.63
c rst  geom  stb   vs   247   68K    1481 10602   538    4.02    3.92   880  1447   24K    57   18.81   18.77
c rst  geom  stb   vs   248   69K    1481 10602   538    4.02    3.92   882  1452   24K    57   19.11   19.07
c rst  geom  stb   vs   249   70K    1481 10602   538    4.02    3.92  1189  1164   25K    57   19.28   19.24
c rst  geom  stb   vs   250   70K    1481 10602   538    4.02    3.92  1191  1180   26K    57   19.38   19.35
c rst  geom  stb   vs   251   71K    1481 10602   538    4.02    3.92  1202  1198   27K    57   19.61   19.57
c rst  geom  stb   vs   252   72K    1481 10602   538    4.02    3.92  1207  1217   28K    57   19.86   19.82
c rst  geom  stb   vs   253   73K    1481 10602   538    4.02    3.92  1211  1239   29K    57   19.95   19.91
c [distill-bin] useful: 2/538/538 lits-rem: 0 cl-rem: 2 0-depth-assigns: 0 T: 0.00 T-out: N
c rst  geom ibes   vs   254   74K    1481 10602   536    4.02    3.92  1215  1265   30K    57   20.25   20.22
c [branch] adjusting to: vmtf (from: vsid) var_decay:0.95 descr: VMTF
c rst  luby ibes  vmt   255   75K    1481 10602   536    4.02    3.92  1277  1979   27K    57   20.23   20.20
c rst  luby ibes  vmt   256   75K    1481 10602   536    4.02    3.92  1277  1985   27K    57   20.22   20.19
c rst  luby ibes  vmt   257   75K    1481 10602   536    4.02    3.92  1278  1997   27K    57   20.18   20.14
c rst  luby ibes  vmt   258   75K    1481 10602   536    4.02    3.92  1278  1998   27K    57   20.15   20.12
c rst  luby ibes  vmt   259   75K    1481 10602   536    4.02    3.92  1279  2003   27K    57   20.15   20.11
c rst  luby ibes  vmt   260   75K    1481 10602   536    4.02    3.92  1279  2008   27K    57   20.10   20.07
c rst  luby ibes  vmt   261   76K    1481 10602   536    4.02    3.92  1279  2016   28K    57   20.03   20.00
c rst  luby ibes  vmt   262   76K    1481 10602   536    4.02    3.92  1279  2018   28K    57   20.05   20.02
c rst  luby ibes  vmt   263   76K    1481 10602   536    4.02    3.92  1280  2025   28K    57   20.04   20.01
c rst  luby ibes  vmt   264   76K    1481 10602   536    4.02    3.92  1287  2074   28K    57   20.02   19.98
c rst  luby ibes  vmt   265   76K    1481 10602   536    4.02    3.92  1287  2074   28K    57   20.02   19.99
c rst  luby ibes  vmt   266   76K    1481 10602   536    4.02    3.92  1287  2081   28K    57   20.00   19.96
c rst  luby ibes  vmt   267   76K    1481 10602   536    4.02    3.92  1287  2085   29K    57   19.96   19.92
c rst  luby ibes  vmt   268   77K    1481 10602   536    4.02    3.92  1290  2098   29K    57   19.86   19.83
c [distill] watch-based irred--  cl tried     3459 cl-sh     0 cl-rem    1 lit-rem      0 T: 0.00 T-out: N
c [distill] watch-based   red--  cl tried     2577 cl-sh   129 cl-rem    3 lit-rem    207 T: 0.00 T-out: N
c rst  luby ibes  vmt   269   78K    1481 10601   537    4.02    3.92  1288  2131   30K    56   19.74   19.71
c rst  luby ibes  vmt   270   78K    1481 10601   537    4.02    3.92  1288  2133   30K    56   19.72   19.69
c rst  luby ibes  vmt   271   78K    1481 10601   537    4.02    3.92  1289  2138   30K    56   19.73   19.70
c rst  luby ibes  vmt   272   78K    1481 10601   537    4.02    3.92  1289  2147   30K    56   19.70   19.67
c rst  luby ibes  vmt   273   78K    1481 10601   537    4.02    3.92  1289  2150   30K    56   19.68   19.65
c rst  luby ibes  vmt   274   78K    1481 10601   537    4.02    3.92  1289  2155   30K    56   19.66   19.63
c rst  luby ibes  vmt   275   78K    1481 10601   537    4.02    3.92  1291  2174   30K    56   19.65   19.62
c rst  luby ibes  vmt   276   79K    1481 10601   537    4.02    3.92  1292  2205   31K    56   19.56   19.53
c rst  luby ibes  vmt   277   79K    1481 10601   537    4.02    3.92  1292  2214   31K    56   19.54   19.51
c rst  luby ibes  vmt   278   79K    1481 10601   537    4.02    3.92  1292  2225   31K    56   19.57   19.54
c rst  luby  svd  vmt   279   79K    1481 10601   537    4.02    3.92  1293  2228   31K    56   19.53   19.50
c rst  luby  svd  vmt   280   79K    1481 10601   537    4.02    3.92  1293  2228   31K    56   19.51   19.49
c rst  luby  svd  vmt   281   79K    1481 10601   537    4.02    3.92  1293  2231   31K    56   19.51   19.48
c rst  luby  svd  vmt   282   80K    1481 10601   537    4.02    3.92  1832  1692   32K    56   19.51   19.48
c rst  luby  svd  vmt   283   80K    1481 10601   537    4.02    3.92  1834  1702   32K    56   19.47   19.44
c rst  luby  svd  vmt   284   81K    1481 10601   537    4.02    3.92  1835  1775   33K    56   19.38   19.36
c [distill-long-red0] cls tried: 970/970 T: 0.06 T-out: N T-r: 96.91%
c [distill-long-red1] cls tried: 31/1534 T: 0.01 T-out: Y T-r: -3.99%
c [full-probe]  bin_only: 0 set: 1 repl: 0 T: 0.01 T-out: N T-r: 96.40%
c rst  luby  svd  vmt   285   82K    1480 10601   537    4.02    3.92  1838  1928   34K    60   19.11   19.08
c rst  luby  svd  vmt   286   83K    1480 10601   537    4.02    3.92  1838  1933   34K    60   19.09   19.06
c rst  luby  svd  vmt   287   83K    1480 10601   537    4.02    3.92  1838  1935   34K    60   19.09   19.07
c rst  luby  svd  vmt   288   83K    1480 10601   537    4.02    3.92  1839  1941   35K    60   19.07   19.04
c rst  luby  svd  vmt   289   83K    1480 10601   537    4.02    3.92  1839  1942   35K    60   19.06   19.03
c rst  luby  svd  vmt   290   83K    1480 10601   537    4.02    3.92  1840  1942   35K    60   19.06   19.03
c rst  luby  svd  vmt   291   83K    1480 10601   537    4.02    3.92  1840  1947   35K    60   19.05   19.02
c rst  luby  svd  vmt   292   84K    1480 10601   537    4.02    3.92  1840  1960   35K    60   19.02   18.99
c rst  luby  svd  vmt   293   84K    1480 10601   537    4.02    3.92  1841  1960   35K    60   19.00   18.98
c rst  luby  svd  vmt   294   84K    1480 10601   537    4.02    3.92  1841  1960   36K    60   18.99   18.97
c rst  luby  svd  vmt   295   84K    1480 10601   537    4.02    3.92  1841  1970   36K    60   18.97   18.94
c rst  luby  svd  vmt   296   84K    1480 10601   537    4.02    3.92  1841  1971   36K    60   18.97   18.94
c rst  luby  svd  vmt   297   84K    1480 10601   537    4.02    3.92  1841  1974   36K    60   18.97   18.94
c rst  luby  svd  vmt   298   85K    1480 10601   537    4.02    3.92  1841  1984   36K    60   18.95   18.93
c rst  luby  svd  vmt   299   85K    1480 10601   537    4.02    3.92  1841  2007   37K    60   18.94   18.91
c rst  luby  svd  vmt   300   86K    1480 10601   537    4.02    3.92  1844  2057   37K    60   18.84   18.82
c rst  geom best  vmt   301   86K    1480 10601   537    4.02    3.92  1844  2059   37K    60   18.82   18.80
c rst  geom best  vmt   302   86K    1480 10601   537    4.02    3.92  1844  2062   38K    60   18.82   18.79
c rst  geom best  vmt   303   86K    1480 10601   537    4.02    3.92  1844  2064   38K    60   18.81   18.78
c rst  geom best  vmt   304   86K    1480 10601   537    4.02    3.92  1844  2073   38K    60   18.80   18.77
c rst  geom best  vmt   305   86K    1480 10601   537    4.02    3.92  1844  2079   38K    60   18.79   18.77
c rst  geom best  vmt   306   87K    1480 10601   537    4.02    3.92  1844  2094   38K    60   18.77   18.75
c rst  geom best  vmt   307   87K    1480 10601   537    4.02    3.92  1844  2100   38K    60   18.77   18.74
c rst  geom best  vmt   308   87K    1480 10601   537    4.02    3.92  1844  2108   39K    60   18.75   18.73
c rst  geom best  vmt   309   87K    1480 10601   537    4.02    3.92  1844  2116   39K    60   18.72   18.70
c [branch] adjusting to: vsid (from: vmtf) var_decay:0.95 descr: VSIDS
c rst  geom best   vs   310   87K    1480 10601   537    4.02    3.92  1845  2118   39K    60   18.74   18.72
c rst  geom best   vs   311   87K    1480 10601   537    4.02    3.92  1846  2120   39K    60   18.78   18.76
c rst  geom best   vs   312   88K    1480 10601   537    4.02    3.92  1848  2122   39K    60   18.79   18.77
c rst  geom best   vs   313   88K    1480 10601   537    4.02    3.92  1848  2125   39K    60   18.81   18.79
c [ccnr] tries: 0 steps: 262143 best found: 6
c [ccnr] tries: 0 steps: 524287 best found: 6
c [ccnr] tries: 0 steps: 786431 best found: 6
c [ccnr] saving best assignment phase to stable_polar
c [ccnr] bumping based on var unsat frequency: conflict_ct
c [ccnr] Bumped vars: 1481 bump type: 6
c [ccnr] time: 0.34
c rst  geom best   vs   314   88K    1480 10601   537    4.02    3.92  1848  2127   39K    60   18.83   18.81
c rst  geom best   vs   315   88K    1480 10601   537    4.02    3.92  1849  2129   40K    60   18.87   18.85
c rst  geom best   vs   316   88K    1480 10601   537    4.02    3.92  1849  2130   40K    60   18.88   18.86
c rst  geom best   vs   317   88K    1480 10601   537    4.02    3.92  1850  2142   40K    60   18.89   18.86
c rst  geom best   vs   318   89K    1480 10601   537    4.02    3.92  1852  2149   40K    60   18.91   18.88
c rst  geom best   vs   319   89K    1480 10601   537    4.02    3.92  1854  2150   40K    60   18.92   18.90
c rst  geom best   vs   320   89K    1480 10601   537    4.02    3.92  1854  2153   41K    60   18.92   18.90
c rst  geom best   vs   321   90K    1480 10601   537    4.02    3.92  2496  3574   31K    60   19.09   19.06
c rst  geom best   vs   322   90K    1480 10601   537    4.02    3.92  2496  3579   31K    60   19.11   19.09
c rst  geom best   vs   323   90K    1480 10601   537    4.02    3.92  2498  3600   31K    60   19.12   19.09
c rst  geom best   vs   324   91K    1480 10601   537    4.02    3.92  2498  3606   32K    60   19.15   19.13
c rst  geom best   vs   325   91K    1480 10601   537    4.02    3.92  2498  3613   32K    60   19.15   19.13
c rst  geom best   vs   326   92K    1480 10601   537    4.02    3.92  2500  3639   33K    60   19.21   19.19
c rst  geom  stb   vs   327   92K    1480 10601   537    4.02    3.92  2502  3658   33K    60   19.30   19.27
c rst  geom  stb   vs   328   93K    1480 10601   537    4.02    3.92  2507  3676   34K    60   19.44   19.41
c rst  geom  stb   vs   329   93K    1480 10601   537    4.02    3.92  2508  3698   34K    60   19.56   19.53
c [distill-bin] useful: 0/537/537 lits-rem: 0 cl-rem: 0 0-depth-assigns: 0 T: 0.00 T-out: N
c rst  geom  stb   vs   330   94K    1480 10601   535    4.02    3.92  2511  3715   35K    60   19.60   19.58
c rst  geom  stb   vs   331   95K    1480 10601   535    4.02    3.92  2512  3733   36K    61   19.74   19.72
c rst  geom  stb   vs   332   96K    1480 10601   535    4.02    3.92  2516  3752   37K    61   20.02   19.99
c rst  geom  stb   vs   333   97K    1480 10601   535    4.02    3.92  2519  3783   38K    61   20.09   20.06
c [distill-long-red0] cls tried: 674/674 T: 0.08 T-out: N T-r: 96.15%
c [distill-long-red1] cls tried: 26/3519 T: 0.01 T-out: Y T-r: -5.57%
c rst  geom  stb   vs   334   98K    1479 10601   535    4.02    3.92  2520  3806   39K    61   20.24   20.21
c rst  geom ibes   vs   335   99K    1479 10601   535    4.02    3.92  2538  3932   40K    61   20.24   20.21
c rst  geom ibes   vs   336  100K    1479 10601   535    4.02    3.92  2860  3879   41K    61   20.10   20.07
c [impl-str] lit bin: 0 set-var: 0 T: 0.00 T-out: N T-r: 99.96% w-visit: 2962
c [impl-sub] bin: 6 T: 0.00 T-out: N w-visit: 2962
c rst  geom ibes   vs   337  102K    1479 10601   535    4.02    3.92  2861  4008   42K    55   19.95   19.93
c [branch] adjusting to: vmtf (from: vsid) var_decay:0.95 descr: VMTF
c [full-probe]  bin_only: 1 set: 0 repl: 0 T: 0.01 T-out: N T-r: 99.62%
c rst  luby ibes  vmt   338  102K    1479 10601   535    4.02    3.92  2866  4029   42K    59   19.96   19.93
c rst  luby ibes  vmt   339  102K    1479 10601   535    4.02    3.92  2866  4038   42K    59   19.96   19.94
c [distill] watch-based irred--  cl tried     3455 cl-sh     0 cl-rem    1 lit-rem      0 T: 0.00 T-out: N
c [distill] watch-based   red--  cl tried     5657 cl-sh   119 cl-rem    5 lit-rem    190 T: 0.01 T-out: Y
c rst  luby ibes  vmt   340  102K    1479 10523   535    4.01    3.92  2863  4054   42K    58   19.95   19.93
c rst  luby ibes  vmt   341  102K    1479 10523   535    4.01    3.92  2863  4055   43K    58   19.96   19.94
c rst  luby ibes  vmt   342  102K    1479 10523   535    4.01    3.92  2863  4055   43K    58   19.97   19.95
c rst  luby ibes  vmt   343  102K    1479 10523   535    4.01    3.92  2864  4066   43K    58   19.97   19.95
c rst  luby ibes  vmt   344  103K    1479 10523   535    4.01    3.92  2866  4083   43K    58   20.01   19.99
c rst  luby ibes  vmt   345  103K    1479 10523   535    4.01    3.92  2868  4083   43K    58   20.02   20.00
c rst  luby ibes  vmt   346  103K    1479 10523   535    4.01    3.92  2868  4089   43K    58   20.03   20.01
c rst  luby ibes  vmt   347  103K    1479 10523   535    4.01    3.92  2869  4101   44K    58   20.04   20.02
c rst  luby ibes  vmt   348  103K    1479 10523   535    4.01    3.92  2871  4102   44K    58   20.05   20.03
c rst  luby ibes  vmt   349  103K    1479 10523   535    4.01    3.92  2872  4102   44K    58   20.07   20.04
c rst  luby ibes  vmt   350  104K    1479 10523   535    4.01    3.92  2872  4105   44K    58   20.08   20.06
c rst  luby ibes  vmt   351  104K    1479 10523   535    4.01    3.92  2875  4125   44K    58   20.11   20.09
c rst  luby  svd  vmt   352  105K    1479 10523   535    4.01    3.92  3099  5541   33K    58   19.87   19.85
c rst  luby  svd  vmt   353  105K    1479 10523   535    4.01    3.92  3100  5545   33K    58   19.88   19.85
c rst  luby  svd  vmt   354  105K    1479 10523   535    4.01    3.92  3100  5546   33K    58   19.88   19.85
c rst  luby  svd  vmt   355  105K    1479 10523   535    4.01    3.92  3100  5551   33K    58   19.88   19.86
c rst  luby  svd  vmt   356  105K    1479 10523   535    4.01    3.92  3100  5553   33K    58   19.90   19.87
c rst  luby  svd  vmt   357  105K    1479 10523   535    4.01    3.92  3100  5557   33K    58   19.91   19.88
c rst  luby  svd  vmt   358  106K    1479 10523   535    4.01    3.92  3101  5561   33K    58   19.91   19.89
c rst  luby  svd  vmt   359  106K    1479 10523   535    4.01    3.92  3103  5566   34K    58   19.92   19.90
c rst  luby  svd  vmt   360  106K    1479 10523   535    4.01    3.92  3103  5566   34K    58   19.92   19.90
c rst  luby  svd  vmt   361  106K    1479 10523   535    4.01    3.92  3103  5568   34K    58   19.93   19.90
c rst  luby  svd  vmt   362  106K    1479 10523   535    4.01    3.92  3103  5570   34K    58   19.93   19.90
c rst  luby  svd  vmt   363  107K    1479 10523   535    4.01    3.92  3103  5570   34K    58   19.93   19.90
c rst  luby  svd  vmt   364  107K    1479 10523   535    4.01    3.92  3103  5570   34K    58   19.93   19.91
c rst  luby  svd  vmt   365  107K    1479 10523   535    4.01    3.92  3104  5583   35K    58   19.93   19.91
c rst  luby  svd  vmt   366  107K    1479 10523   535    4.01    3.92  3105  5596   35K    58   19.97   19.94
c rst  luby  svd  vmt   367  108K    1479 10523   535    4.01    3.92  3107  5614   36K    58   20.04   20.02
c rst  luby  svd  vmt   368  110K    1479 10523   535    4.01    3.92  3385  5383   37K    58   20.15   20.13
c rst  luby  svd  vmt   369  110K    1479 10523   535    4.01    3.92  3385  5385   37K    58   20.16   20.14
c rst  luby  svd  vmt   370  110K    1479 10523   535    4.01    3.92  3385  5385   38K    58   20.17   20.15
c rst  luby  svd  vmt   371  110K    1479 10523   535    4.01    3.92  3387  5388   38K    58   20.17   20.14
c rst  luby  svd  vmt   372  110K    1479 10523   535    4.01    3.92  3387  5391   38K    58   20.17   20.15
c rst  geom best  vmt   373  110K    1479 10523   535    4.01    3.92  3387  5391   38K    58   20.19   20.16
c rst  geom best  vmt   374  110K    1479 10523   535    4.01    3.92  3388  5393   38K    58   20.19   20.17
c rst  geom best  vmt   375  111K    1479 10523   535    4.01    3.92  3388  5399   38K    58   20.20   20.18
c rst  geom best  vmt   376  111K    1479 10523   535    4.01    3.92  3388  5402   38K    58   20.21   20.19
c rst  geom best  vmt   377  111K    1479 10523   535    4.01    3.92  3388  5405   39K    58   20.23   20.21
c rst  geom best  vmt   378  111K    1479 10523   535    4.01    3.92  3388  5410   39K    58   20.26   20.24
c rst  geom best  vmt   379  111K    1479 10523   535    4.01    3.92  3388  5412   39K    58   20.26   20.24
c rst  geom best  vmt   380  111K    1479 10523   535    4.01    3.92  3388  5418   39K    58   20.28   20.26
c rst  geom best  vmt   381  112K    1479 10523   535    4.01    3.92  3389  5419   39K    58   20.30   20.27
c rst  geom best  vmt   382  112K    1479 10523   535    4.01    3.92  3390  5427   40K    58   20.32   20.29
c [distill-long-red0] cls tried: 933/933 T: 0.11 T-out: N T-r: 94.95%
c [distill-long-red1] cls tried: 27/5143 T: 0.01 T-out: Y T-r: -5.33%
c rst  geom best  vmt   383  112K    1479 10523   535    4.01    3.92  3390  5434   40K    59   20.29   20.27
c rst  geom best  vmt   384  113K    1479 10523   535    4.01    3.92  3391  5439   40K    59   20.32   20.29
c rst  geom best  vmt   385  113K    1479 10523   535    4.01    3.92  3391  5444   40K    59   20.33   20.31
c rst  geom best  vmt   386  113K    1479 10523   535    4.01    3.92  3391  5451   41K    59   20.35   20.33
c rst  geom best  vmt   387  114K    1479 10523   535    4.01    3.92  3393  5458   41K    59   20.38   20.36
c [distill-bin] useful: 0/535/535 lits-rem: 0 cl-rem: 0 0-depth-assigns: 0 T: 0.00 T-out: N
c rst  geom best  vmt   388  114K    1479 10523   535    4.01    3.92  3394  5466   42K    59   20.41   20.39
c rst  geom best  vmt   389  115K    1479 10523   535    4.01    3.92  3395  5478   42K    59   20.46   20.44
c rst  geom best  vmt   390  115K    1479 10523   535    4.01    3.92  3396  5510   43K    59   20.49   20.47
c [gauss] XOR-encoding clauses are not detached, so no need to reattach them.
c [g 0] truth-find prop checks  : 94K
c [g 0] -> of which prop        : 19.80 %
c [g 0] -> of which confl       :  1.40 %
c [g 0] elim called             : 18556
c [g 0] ---> which lead to prop : 30.37 %
c [g 0] ---> which lead to confl:  1.11 %
c [g 0] size: 37    x 317  
c [scc] new: 2 BP 0M T: 0.00
c [vrep] vars 2 lits 25173 rem-bin-cls 12 rem-long-cls 0 BP 0M T: 0.02
c [scc] new: 0 BP 0M T: 0.00
c [vrep] vars 0 lits 0 rem-bin-cls 0 rem-long-cls 0 BP 0M T: 0.00
c [intree] Set 0 vars hyper-added: 27 trans-irred: 0 trans-red: 1 T: 0.00 T-out: N T-r: -5.85%
c [find&init matx] performing matrix init
c [gauss] XOR-encoding clauses are not detached, so no need to reattach them.
c [xor-rem-unconnected] left with 1071 xors from 1071 non-empty xors T: 0.00
c [xor-together] xored together: 1033 orig xors: 1071 new xors: 38 T: 0.00
c [xor-rem-unconnected] left with 38 xors from 38 non-empty xors T: 0.00
c [xor-clean-equiv] removed equivalent xors: 0 left with: 38
c [matrix] unused xors from cleaning: 0
c [matrix] Good   matrix 0 38      x314    density:0.1875  xorlen avg: 58.87
c [matrix] Using 1 matrices recovered from 0 xors T: 0.00 T-out: N
c rst  geom best vmt  391   116 K 1477    10523   533 4.01    3.92     3396  5512   43K    79 20.61   20.59  
c rst  geom best vmt  392   116 K 1477    10523   533 4.01    3.92     3398  5516   44K    79 20.66   20.64  
c rst  geom stb  vmt  393   117 K 1477    10523   533 4.01    3.92     3398  5520   45K    79 20.71   20.69  
c [branch] adjusting to: vsid (from: vmtf) var_decay:0.95 descr: VSIDS
c rst  geom stb  vs   394   117 K 1477    10523   533 4.01    3.92     3398  5522   45K    79 20.71   20.68  
c rst  geom stb  vs   395   117 K 1477    10523   533 4.01    3.92     3398  5524   45K    79 20.69   20.67  
c rst  geom stb  vs   396   118 K 1477    10523   533 4.01    3.92     3399  5528   45K    79 20.68   20.65  
c rst  geom stb  vs   397   118 K 1477    10523   533 4.01    3.92     3399  5530   45K    79 20.66   20.63  
c rst  geom stb  vs   398   118 K 1477    10523   533 4.01    3.92     3399  5531   45K    79 20.64   20.61  
c rst  geom stb  vs   399   118 K 1477    10523   533 4.01    3.92     3399  5535   45K    79 20.62   20.60  
c rst  geom stb  vs   400   118 K 1477    10523   533 4.01    3.92     3399  5537   46K    79 20.59   20.56  
c rst  geom stb  vs   401   118 K 1477    10523   533 4.01    3.92     3399  5543   46K    79 20.55   20.53  
c rst  geom stb  vs   402   119 K 1477    10523   533 4.01    3.92     3399  5544   46K    79 20.52   20.49  
c rst  geom stb  vs   403   119 K 1477    10523   533 4.01    3.92     3402  5560   46K    79 20.47   20.44  
c rst  geom stb  vs   404   119 K 1477    10523   533 4.01    3.92     3402  5578   47K    79 20.42   20.39  
c rst  geom stb  vs   405   119 K 1477    10523   533 4.01    3.92     3402  5606   47K    79 20.37   20.34  
c rst  geom stb  vs   406   120 K 1477    10523   533 4.01    3.92     3663  6555   34K    79 19.68   19.65  
c rst  geom stb  vs   407   120 K 1477    10523   533 4.01    3.92     3663  6596   35K    79 19.60   19.57  
c rst  geom stb  vs   408   121 K 1477    10523   533 4.01    3.92     3663  6653   35K    79 19.52   19.49  
c rst  geom stb  vs   409   121 K 1477    10523   533 4.01    3.92     3664  6718   36K    79 19.45   19.42  
c rst  geom stb  vs   410   122 K 1477    10523   533 4.01    3.92     3664  6783   36K    79 19.37   19.34  
c rst  geom stb  vs   411   122 K 1477    10523   533 4.01    3.92     3667  6958   36K    79 19.26   19.23  
c [full-probe]  bin_only: 0 set: 0 repl: 0 T: 0.01 T-out: N T-r: 96.25%
c rst  geom stb  vs   412   123 K 1477    10523   533 4.01    3.92     3668  7024   37K    79 19.14   19.11  
c rst  geom ibes vs   413   123 K 1477    10523   533 4.01    3.92     3672  7306   37K    79 19.01   18.98  
c rst  geom ibes vs   414   124 K 1477    10523   533 4.01    3.92     3695  7733   38K    81 18.86   18.83  
c rst  geom ibes vs   415   125 K 1477    10523   533 4.01    3.92     3696  7845   38K    81 18.73   18.71  
c rst  geom ibes vs   416   126 K 1477    10523   533 4.01    3.92     3698  8061   39K    81 18.62   18.59  
c rst  geom ibes vs   417   127 K 1477    10523   533 4.01    3.92     3709  8468   39K    82 18.45   18.43  
c rst  geom ibes vs   418   128 K 1477    10523   533 4.01    3.92     3731  9083   40K    84 18.25   18.23  
c [distill-long-red0] cls tried: 342/342 T: 0.04 T-out: N T-r: 98.23%
c [distill-long-red1] cls tried: 38/8772 T: 0.01 T-out: Y T-r: -5.85%
c [distill] watch-based irred--  cl tried 3436     cl-sh 92    cl-rem 20   lit-rem 92     T: 0.00 T-out: N
c [distill] watch-based red  --  cl tried 6159     cl-sh 230   cl-rem 206  lit-rem 268    T: 0.01 T-out: Y
c rst  geom ibes vs   419   129 K 1413    10498   543 4.00    3.91     3524  9766   40K   186 18.07   18.02  
c rst  geom ibes vs   420   130 K 928      6946  1124 3.78    3.53     1601   928  7145   171 16.13   15.89  
c ------- FINAL TOTAL SEARCH STATS ---------
c UIP search time          : 12.32       (99.07     % time)
c All times are for this thread only except if explicitly specified
c restarts                 : 420         (309.81    confls per restart)
c blocked restarts         : 0           (0.00      per normal restart)
c time                     : 12.32       
c decisions                : 144921      (0.00      % random)
c propagations             : 8679K       (704K      props/s)
c decisions/conflicts      : 1.11        
c conflicts                : 130120      
c LEARNT stats
c units learnt             : 12          (0.01      % of conflicts)
c bins learnt              : 78          (0.06      % of conflicts)
c long learnt              : 130523      (100.31    % of conflicts)
c red which0               : 1069        (0.82      % of confl)
c SEAMLESS HYPERBIN&TRANS-RED stats
c advProp called           : 0           
c hyper-bin add bin        : 0           (0.00      bin/call)
c trans-red rem irred bin  : 0           (0.00      bin/call)
c trans-red rem red bin    : 0           (0.00      bin/call)
c CONFL LITS stats
c orig                     : 11245134    (86.42     lit/confl)
c recurs-min effective     : 115068      (88.43     % attempt successful)
c recurs-min lits          : 8072212     (71.78     % less overall)
c permDiff call%           : 6.87        (0.00      % attempt successful)
c permDiff lits-rem        : 0           (0.00      less lits/cl on attempts)
c further-min call%        : 0.09        (22.61     % attempt successful)
c bintri-min lits          : 47          (0.00      % less overall)
c final avg                : 24.38       
c all-threads sum CPU time : 12.32        s
c PROP stats
c Mbogo-props              : 48.12       (3.91      / sec)
c MHyper-props             : 0.02        (0.00      / sec)
c Mprops                   : 8.68        (0.70      / sec)
c -------- OccSimplifier STATS ----------
c time                     : 0.06        (0.00      % var-elim)
c called                   : 1           (0.06      s per call)
c 0-depth assigns          : 0           (0.00      % vars)
c -------- OccSimplifier STATS END ----------
c -------- SubsumeStrengthen STATS ----------
c cl-subs                  : 182          Clauses
c cl-str rem lit           : 73           Lits
c cl-sub T                 : 0.00         s
c cl-str T                 : 0.03         s
c -------- SubsumeStrengthen STATS END ----------
c ----- SCC STATS --------
c time                     : 0.00        (0.00      per call)
c called                   : 6           (1.67      new found per call)
c found                    : 10          (50.00     % of all found)
c bogoprops                : 174389      % of all found
c ----- SCC STATS END --------
c --------- VAR REPLACE STATS ----------
c time                     : 0.04        (0.01      per call)
c trees' crown             : 9           (0.32      % of vars)
c 0-depth assigns          : 0           (0.00      % vars)
c lits replaced            : 66155       
c bin cls removed          : 48          
c long cls removed         : 0           
c long lits removed        : 1847        
c bogoprops                : 1461453     
c --------- VAR REPLACE STATS END ----------
c vrep replace time        : 0.04        (0.29      % time)
c vrep tree roots          : 5           
c vrep trees' crown        : 9           (1.80      leafs/tree)
c -------- DISTILL-BIN STATS --------
c time                     : 0.02        (0.00      per call)
c timed out                : 0           (0.00      % of calls)
c distill/checked/potential: 0          /4748/4748
c lits-rem                 : 0           
c 0-depth-assigns          : 0           (0.00      % of vars)
c -------- DISTILL STATS END --------
c -------- STRENGTHEN STATS --------
c --> watch-based on irred cls
c time                     : 0.01        (0.00      s/call)
c shrinked/tried/total     : 93         /50000/102928
c subsumed/tried/total     : 28         /50000/102928
c lits-rem                 : 93          (0.06      % of lits tried)
c called                   : 10          (0.00      % ran out of time)
c --> watch-based on red cls
c time                     : 0.03        (0.00      s/call)
c shrinked/tried/total     : 608        /19103/20117
c subsumed/tried/total     : 214        /19103/20117
c lits-rem                 : 855         (0.67      % of lits tried)
c called                   : 10          (10140.00  % ran out of time)
c -------- STRENGTHEN STATS END --------
c -------- IMPLICIT SUB  STATS --------
c time                     : 0.01        (0.00      per call)
c timed out                : 0           (0.00      % of calls)
c rem bins                 : 11          
c -------- IMPLICIT SUB STATS END --------
c Mem used                 : 17          MB
c Mem for longclauses      : 1           MB (9.25      %)
c Mem for watch alloc      : 6           MB (35.95     %)
c Mem for watch array      : 0           MB (0.39      %)
c Mem for assings&vardata  : 0           MB (0.39      %)
c Mem for search&solve     : 0           MB (0.85      %)
c Mem for renumberer       : 0           MB (0.18      %)
c Mem for occsimplifier    : 0           MB (1.82      %)
c Mem for varReplacer&SCC  : 0           MB (0.34      %)
c Mem for impl subsume     : 0           MB (0.00      %)
c Mem for 3 distills       : 0           MB (0.01      %)
c Accounted for mem (rss)  : 49.17       %
c Accounted for mem (vm)   : 41.60       %
c restarts                 : 420         (309.81    confls per restart)
c blocked restarts         : 0           (0.00      per normal restart)
c time                     : 12.32       
c decisions                : 144921      (0.00      % random)
c propagations             : 8679K       (704K      props/s)
c decisions/conflicts      : 1.11        
c conflicts                : 130120      
c conf lits non-minim      : 11245134    (86.42     lit/confl)
c conf lits final          : 24.38       
c red which0               : 1069        (0.82      % of confl)
c props/decision           : 0.00        
c props/conflict           : 0.00        
c 0-depth assigns          : 551         (37.20     % vars)
c 0-depth assigns by CNF   : 0           (0.00      % vars)
c reduceDB time            : 0.01        (0.10      % time)
c OccSimplifier time       : 0.06        (0.46      % time)
c [occur] 0.02 is overhead
c [occur] link-in T: 0.02 cleanup T: 0.00
c [occ-substr] long subBySub: 136 subByStr: 46 lits-rem-str: 73 T: 0.03
c SCC time                 : 0.00        (0.00      % time)
c [scc] new: 10 BP 0M  T: 0.00
c vrep replace time        : 0.04        (0.29      % time)
c vrep tree roots          : 5           
c vrep trees' crown        : 9           (1.80      leafs/tree)
c distill long time        : 0.45        (3.60      % time)
c distill bin time         : 0.02        (0.19      % time)
c strength cache-irred time: 0.01        (0.06      % time)
c strength cache-red time  : 0.03        (0.26      % time)
c avg cls in red 0         : 1657.00     
c avg cls in red 1         : 2618.34     
c avg cls in red 2         : 29173.43    
c Conflicts in UIP         : 130120      (10467.74  confl/time_this_thread)
c Max Memory (rss) used    : 30328 kB    
c Total time (this thread) : 12.43       
s UNSATISFIABLE
c [g 0] truth-find prop checks  : 553K
c [g 0] -> of which prop        : 20.80 %
c [g 0] -> of which confl       :  1.18 %
c [g 0] elim called             : 121K
c [g 0] ---> which lead to prop : 26.61 %
c [g 0] ---> which lead to confl:  1.20 %
c [g 0] size: 38    x 314  
