c BreakID not compiled in, disabling
c CryptoMiniSat version 5.11.15
c CMS Copyright (C) 2009-2020 Authors of CryptoMiniSat, see AUTHORS file
c CMS SHA revision 
c Using VMTF code by Armin Biere from CaDiCaL
c Using Yalsat by Armin Biere, see Balint et al. Improving implementation of SLS solvers [...], SAT'14
c Using WalkSAT by Henry Kautz, see Kautz and Selman Pushing the envelope: planning, propositional logic, and stochastic search, AAAI'96,
c CMS is MIT licensed
c Using code from 'When Boolean Satisfiability Meets Gauss-E. in a Simplex Way'
c       by C.-S. Han and J.-H. Roland Jiang in CAV 2012. Fixes by M. Soos
c Using CCAnr from 'CCAnr: A Conf. Checking Based Local Search Solver [...]'
c       by Shaowei Cai, Chuan Luo, and Kaile Su, SAT 2015
c CMS compilation env CMAKE_CXX_COMPILER = /usr/bin/c++ | COMPILE_DEFINES =  -DRDB0_ONLY_FEATURES -DBOOST_TEST_DYN_LINK -DUSE_ZLIB -DYALSAT_FPU | STATICCOMPILE = OFF | ONLY_SIMPLE = OFF | Boost_FOUND = TRUE | STATS = OFF | SQLITE3_FOUND =  | ZLIB_FOUND = TRUE | VALGRIND_FOUND =  | ENABLE_TESTING = OFF | SLOW_DEBUG = OFF | ENABLE_ASSERTIONS = ON | PYTHON_EXECUTABLE =  | PYTHON_LIBRARY =  | PYTHON_INCLUDE_DIRS =  | MY_TARGETS =  | LARGEMEM = OFF | LIMITMEM = OFF | BREAKID_LIBRARIES =  | BREAKID-VER = . | BOSPHORUS_LIBRARIES =  | BOSPH-VER = . | compilation date time = Mar 31 2024 17:57:30
c CMS compiled with gcc version 13.2.0
c Executed with command line: cryptominisat5 --verb 1 /workspace/experiments/EXP-ICPERF-66fd51/runs/RUN-ICPERF-305ca3/pure_cnf/n15l5-11-U.dimacs
c Reading file '/workspace/experiments/EXP-ICPERF-66fd51/runs/RUN-ICPERF-305ca3/pure_cnf/n15l5-11-U.dimacs'
c -- header says num vars:           2525
c -- header says num clauses:        9761
c -- clauses added: 9761
c -- xor clauses added: 0
c -- vars added 2525
c Parsing time: 0.00 s
c [branch] adjusting to: vsid (from: vsid) var_decay:0.95 descr: VSIDS
c rst  geom  stb   vs     1   111    2525  8712  1049    3.01    2.91     2    10    97     2   84.39   82.90
c rst  geom  stb   vs     2   233    2525  8712  1049    3.01    2.91     2    14   214     3   75.72   74.77
c  res  pol bran  nres  conf freevar  IrrL  IrrB l/longC  l/allC RedL0 RedL1 RedL2  RedB l/longC  l/allC
c rst  geom  stb   vs     3   368    2525  8712  1049    3.01    2.91     3    15   347     3   64.80   64.29
c rst  geom  stb   vs     4   516    2525  8712  1049    3.01    2.91     5    16   492     3   58.25   57.92
c rst  geom  stb   vs     5   678    2525  8712  1049    3.01    2.91     7    19   649     3   58.15   57.90
c rst  geom  stb   vs     6   855    2525  8712  1049    3.01    2.91     8    21   823     3   55.88   55.69
c rst  geom  stb   vs     7  1050    2525  8712  1049    3.01    2.91    10    23  1014     3   53.02   52.87
c rst  geom  stb   vs     8  1263    2525  8712  1049    3.01    2.91    11    26  1222     4   53.50   53.33
c rst  geom  stb   vs     9  1497    2525  8712  1049    3.01    2.91    15    37  1437     8   51.81   51.55
c rst  geom  stb   vs    10  1755    2525  8712  1049    3.01    2.91    17    38  1691     9   50.73   50.48
c rst  geom  stb   vs    11  2037    2525  8712  1049    3.01    2.91    24    52  1952     9   49.83   49.61
c rst  geom  stb   vs    12  2348    2525  8712  1049    3.01    2.91    31    62  2246     9   50.18   49.99
c rst  geom  stb   vs    13  2689    2525  8712  1049    3.01    2.91    40    70  2570     9   49.30   49.14
c rst  geom  stb   vs    14  3063    2525  8712  1049    3.01    2.91    42    74  2938     9   49.16   49.02
c rst  geom  stb   vs    15  3474    2525  8712  1049    3.01    2.91    54    90  3321     9   48.82   48.70
c rst  geom  stb   vs    16  3925    2525  8712  1049    3.01    2.91    64   101  3751     9   48.60   48.49
c rst  geom  stb   vs    17  4420    2525  8712  1049    3.01    2.91    65   101  4245     9   48.58   48.48
c rst  geom  stb   vs    18  4964    2525  8712  1049    3.01    2.91    73   116  4766     9   49.75   49.67
c rst  geom  stb   vs    19  5563    2525  8712  1049    3.01    2.91    78   123  5352    10   48.92   48.83
c [branch] adjusting to: vmtf (from: vsid) var_decay:0.95 descr: VMTF
c [distill-long-red0] cls tried: 78/78 T: 0.00 T-out: N T-r: 99.99%
c [distill-long-red1] cls tried: 123/123 T: 0.00 T-out: N T-r: 90.39%
c rst  luby ibes  vmt    20  5664    2525  8712  1049    3.01    2.91    82   131  5440    11   49.44   49.34
c rst  luby ibes  vmt    21  5766    2525  8712  1049    3.01    2.91    86   139  5530    11   49.24   49.15
c rst  luby ibes  vmt    22  5967    2525  8712  1049    3.01    2.91    95   147  5714    11   48.75   48.67
c rst  luby ibes  vmt    23  6069    2525  8712  1049    3.01    2.91    96   151  5811    11   48.70   48.62
c rst  luby ibes  vmt    24  6171    2525  8712  1049    3.01    2.91    96   154  5910    11   48.57   48.49
c rst  luby ibes  vmt    25  6373    2525  8712  1049    3.01    2.91    99   160  6103    11   48.19   48.11
c rst  luby ibes  vmt    26  6774    2525  8712  1049    3.01    2.91   111   174  6478    11   47.21   47.14
c rst  luby ibes  vmt    27  6876    2525  8712  1049    3.01    2.91   113   181  6571    11   47.01   46.93
c rst  luby ibes  vmt    28  6978    2525  8712  1049    3.01    2.91   115   183  6669    11   46.81   46.74
c rst  luby ibes  vmt    29  7179    2525  8712  1049    3.01    2.91   118   187  6863    11   46.48   46.41
c rst  luby ibes  vmt    30  7280    2525  8712  1049    3.01    2.91   122   200  6947    11   46.16   46.09
c rst  luby ibes  vmt    31  7382    2525  8712  1049    3.01    2.91   125   221  7025    11   45.93   45.86
c rst  luby ibes  vmt    32  7583    2525  8712  1049    3.01    2.91   126   240  7206    11   45.91   45.85
c rst  luby ibes  vmt    33  7985    2525  8712  1049    3.01    2.91   134   286  7554    11   45.48   45.42
c rst  luby ibes  vmt    34  8786    2525  8712  1049    3.01    2.91   149   351  8275    11   43.83   43.78
c rst  luby ibes  vmt    35  8887    2525  8712  1049    3.01    2.91   153   359  8364    11   43.80   43.75
c rst  luby ibes  vmt    36  8988    2525  8712  1049    3.01    2.91   155   370  8452    11   43.63   43.58
c rst  luby ibes  vmt    37  9190    2525  8712  1049    3.01    2.91   157   378  8644    11   43.29   43.24
c rst  luby ibes  vmt    38  9292    2525  8712  1049    3.01    2.91   159   390  8732    11   43.15   43.10
c rst  luby ibes  vmt    39  9393    2525  8712  1049    3.01    2.91   159   392  8831    11   43.05   43.00
c rst  luby ibes  vmt    40  9595    2525  8712  1049    3.01    2.91   162   400  9022    11   42.66   42.61
c rst  luby ibes  vmt    41  9997    2525  8712  1049    3.01    2.91   181   437  9366    13   42.00   41.95
c rst  luby ibes  vmt    42 10098    2525  8712  1049    3.01    2.91   477   152  9456    13   41.85   41.80
c rst  luby ibes  vmt    43 10199    2525  8712  1049    3.01    2.91   477   159  9550    13   41.81   41.76
c rst  luby ibes  vmt    44 10400    2525  8712  1049    3.01    2.91   481   172  9734    13   41.60   41.55
c rst  luby ibes  vmt    45 10502    2525  8712  1049    3.01    2.91   482   181  9826    13   41.46   41.41
c rst  luby ibes  vmt    46 10603    2525  8712  1049    3.01    2.91   482   186  9922    13   41.32   41.27
c rst  luby ibes  vmt    47 10804    2525  8712  1049    3.01    2.91   486   202 10103    13   41.09   41.04
c rst  luby  svd  vmt    48 11205    2525  8712  1049    3.01    2.91   495   220 10476    14   41.41   41.36
c rst  luby  svd  vmt    49 12006    2525  8712  1049    3.01    2.91   515   283 11194    14   41.33   41.28
c [branch] adjusting to: vsid (from: vmtf) var_decay:0.95 descr: VSIDS
c [distill-bin] useful: 4/1049/1049 lits-rem: 0 cl-rem: 4 0-depth-assigns: 0 T: 0.00 T-out: N
c rst  geom  svd   vs    50 12118    2525  8712  1045    3.01    2.91   516   288 11300    14   41.34   41.29
c rst  geom  svd   vs    51 12240    2525  8712  1045    3.01    2.91   519   290 11417    14   41.41   41.37
c rst  geom  svd   vs    52 12375    2525  8712  1045    3.01    2.91   522   301 11538    14   41.34   41.29
c rst  geom  svd   vs    53 12522    2525  8712  1045    3.01    2.91   523   309 11676    14   41.31   41.26
c rst  geom  svd   vs    54 12684    2525  8712  1045    3.01    2.91   524   324 11822    14   41.08   41.03
c rst  geom  svd   vs    55 12863    2525  8712  1045    3.01    2.91   524   335 11990    14   40.85   40.80
c rst  geom  svd   vs    56 13057    2525  8712  1045    3.01    2.91   528   346 12169    14   40.66   40.62
c rst  geom  svd   vs    57 13270    2525  8712  1045    3.01    2.91   530   346 12380    14   40.39   40.35
c rst  geom  svd   vs    58 13504    2525  8712  1045    3.01    2.91   535   359 12596    14   40.03   39.99
c rst  geom  svd   vs    59 13761    2525  8712  1045    3.01    2.91   539   366 12842    14   39.63   39.60
c rst  geom  svd   vs    60 14043    2525  8712  1045    3.01    2.91   543   377 13109    14   39.23   39.19
c rst  geom  svd   vs    61 14353    2525  8712  1045    3.01    2.91   555   392 13392    14   38.77   38.74
c rst  geom  svd   vs    62 14694    2525  8712  1045    3.01    2.91   559   404 13717    14   38.32   38.29
c rst  geom  svd   vs    63 15068    2525  8712  1045    3.01    2.91   585   749 13720    14   37.82   37.79
c rst  geom  svd   vs    64 15479    2525  8712  1045    3.01    2.91   589   758 14118    14   37.27   37.23
c rst  geom  svd   vs    65 15929    2525  8712  1045    3.01    2.91   592   759 14564    14   36.76   36.73
c rst  geom  svd   vs    66 16423    2525  8712  1045    3.01    2.91   593   765 15051    14   36.21   36.18
c rst  geom best   vs    67 16966    2525  8712  1045    3.01    2.91   598   776 15578    14   36.17   36.14
c rst  geom best   vs    68 17564    2525  8712  1045    3.01    2.91   603   793 16154    14   36.25   36.23
c rst  geom best   vs    69 18220    2525  8712  1045    3.01    2.91   609   816 16781    14   36.17   36.14
c [branch] adjusting to: vmtf (from: vsid) var_decay:0.95 descr: VMTF
c rst  luby best  vmt    70 18322    2525  8712  1045    3.01    2.91   609   826 16873    14   36.17   36.15
c rst  luby best  vmt    71 18425    2525  8712  1045    3.01    2.91   612   832 16967    14   36.18   36.15
c rst  luby best  vmt    72 18627    2525  8712  1045    3.01    2.91   615   837 17161    14   36.15   36.13
c rst  luby best  vmt    73 18729    2525  8712  1045    3.01    2.91   619   841 17255    14   36.16   36.13
c rst  luby best  vmt    74 18830    2525  8712  1045    3.01    2.91   621   842 17353    14   36.16   36.13
c rst  luby best  vmt    75 19031    2525  8712  1045    3.01    2.91   623   842 17552    14   36.10   36.07
c rst  luby best  vmt    76 19432    2525  8712  1045    3.01    2.91   624   856 17938    14   36.19   36.16
c rst  luby best  vmt    77 19534    2525  8712  1045    3.01    2.91   626   859 18035    14   36.19   36.17
c rst  luby best  vmt    78 19635    2525  8712  1045    3.01    2.91   627   863 18131    14   36.20   36.18
c rst  luby best  vmt    79 19836    2525  8712  1045    3.01    2.91   633   872 18317    14   36.20   36.17
c rst  luby best  vmt    80 19937    2525  8712  1045    3.01    2.91   638   879 18406    14   36.22   36.19
c rst  luby best  vmt    81   20K    2525  8712  1045    3.01    2.91   944   585 18496    14   36.22   36.19
c [full-probe]  bin_only: 1 set: 0 repl: 0 T: 0.00 T-out: N T-r: 99.78%
c rst  luby best  vmt    82   20K    2525  8712  1045    3.01    2.91   949   591 18686    25   36.22   36.18
c rst  luby best  vmt    83   20K    2525  8712  1045    3.01    2.91   956   606 19065    25   36.30   36.26
c [distill-long-red0] cls tried: 772/772 T: 0.01 T-out: N T-r: 99.17%
c [distill-long-red1] cls tried: 78/589 T: 0.01 T-out: Y T-r: -1.50%
c rst  luby best  vmt    84   21K    2525  8712  1045    3.01    2.91   972   652 19803    27   36.16   36.12
c rst  luby best  vmt    85   21K    2525  8712  1045    3.01    2.91   974   661 19894    27   36.17   36.13
c rst  luby best  vmt    86   21K    2525  8712  1045    3.01    2.91   975   661 19995    27   36.15   36.11
c rst  luby  stb  vmt    87   21K    2525  8712  1045    3.01    2.91   975   665   20K    27   36.14   36.10
c rst  luby  stb  vmt    88   21K    2525  8712  1045    3.01    2.91   977   667   20K    27   36.17   36.13
c rst  luby  stb  vmt    89   22K    2525  8712  1045    3.01    2.91   979   675   20K    27   36.15   36.11
c rst  luby  stb  vmt    90   22K    2525  8712  1045    3.01    2.91   979   685   20K    27   36.14   36.10
c rst  luby  stb  vmt    91   22K    2525  8712  1045    3.01    2.91   982   703   20K    27   36.09   36.05
c rst  luby  stb  vmt    92   22K    2525  8712  1045    3.01    2.91   985   717   21K    27   36.04   36.00
c rst  luby  stb  vmt    93   22K    2525  8712  1045    3.01    2.91   989   725   21K    27   35.99   35.95
c rst  luby  stb  vmt    94   23K    2525  8712  1045    3.01    2.91   992   740   21K    27   36.01   35.97
c rst  luby  stb  vmt    95   23K    2525  8712  1045    3.01    2.91   995   743   21K    27   35.97   35.93
c rst  luby  stb  vmt    96   23K    2525  8712  1045    3.01    2.91   996   745   21K    27   35.98   35.94
c rst  luby  stb  vmt    97   23K    2525  8712  1045    3.01    2.91   998   758   21K    27   35.91   35.87
c rst  luby  stb  vmt    98   23K    2525  8712  1045    3.01    2.91  1010   774   22K    27   35.73   35.69
c rst  luby  stb  vmt    99   24K    2525  8712  1045    3.01    2.91  1022   814   22K    27   35.41   35.37
c rst  luby  stb  vmt   100   26K    2525  8712  1045    3.01    2.91  1032   865   24K    27   34.95   34.91
c [branch] adjusting to: vsid (from: vmtf) var_decay:0.95 descr: VSIDS
c [distill] watch-based irred--  cl tried    17421 cl-sh     0 cl-rem    3 lit-rem      0 T: 0.00 T-out: N
c [distill] watch-based   red--  cl tried     2064 cl-sh    71 cl-rem    0 lit-rem     96 T: 0.00 T-out: N
c rst  geom  stb   vs   101   26K    2525  8709  1048    3.01    2.91  1032   865   24K    24   34.93   34.90
c rst  geom  stb   vs   102   26K    2525  8709  1048    3.01    2.91  1032   869   24K    24   34.90   34.87
c rst  geom  stb   vs   103   26K    2525  8709  1048    3.01    2.91  1032   871   24K    24   34.87   34.84
c rst  geom  stb   vs   104   26K    2525  8709  1048    3.01    2.91  1032   875   24K    24   34.81   34.78
c rst  geom  stb   vs   105   26K    2525  8709  1048    3.01    2.91  1033   881   25K    24   34.76   34.73
c rst  geom ibes   vs   106   27K    2525  8709  1048    3.01    2.91  1035   893   25K    24   34.78   34.75
c rst  geom ibes   vs   107   27K    2525  8709  1048    3.01    2.91  1035   898   25K    24   34.73   34.70
c rst  geom ibes   vs   108   27K    2525  8709  1048    3.01    2.91  1035   906   25K    24   34.76   34.73
c rst  geom ibes   vs   109   27K    2525  8709  1048    3.01    2.91  1039   915   25K    24   34.65   34.62
c rst  geom ibes   vs   110   28K    2525  8709  1048    3.01    2.91  1041   927   26K    24   34.67   34.64
c rst  geom ibes   vs   111   28K    2525  8709  1048    3.01    2.91  1044   938   26K    24   34.63   34.61
c rst  geom ibes   vs   112   28K    2525  8709  1048    3.01    2.91  1046   941   26K    24   34.58   34.56
c rst  geom ibes   vs   113   28K    2525  8709  1048    3.01    2.91  1046   959   26K    24   34.62   34.59
c rst  geom ibes   vs   114   29K    2525  8709  1048    3.01    2.91  1049   971   27K    24   34.67   34.64
c rst  geom ibes   vs   115   29K    2525  8709  1048    3.01    2.91  1051   975   27K    24   34.67   34.64
c rst  geom ibes   vs   116   30K    2525  8709  1048    3.01    2.91  1410  1049   25K    24   33.36   33.34
c rst  geom ibes   vs   117   30K    2525  8709  1048    3.01    2.91  1415  1058   26K    24   33.36   33.33
c rst  geom ibes   vs   118   31K    2525  8709  1048    3.01    2.91  1417  1068   26K    26   33.40   33.37
c rst  geom ibes   vs   119   31K    2525  8709  1048    3.01    2.91  1419  1072   27K    26   33.34   33.31
c rst  geom ibes   vs   120   32K    2525  8709  1048    3.01    2.91  1426  1081   28K    26   33.35   33.33
c [distill-bin] useful: 0/1048/1048 lits-rem: 0 cl-rem: 0 0-depth-assigns: 0 T: 0.00 T-out: N
c rst  geom  svd   vs   121   33K    2525  8709  1048    3.01    2.91  1428  1097   28K    26   33.16   33.13
c rst  geom  svd   vs   122   33K    2525  8709  1048    3.01    2.91  1428  1100   29K    26   32.93   32.90
c [branch] adjusting to: vmtf (from: vsid) var_decay:0.95 descr: VMTF
c rst  luby  svd  vmt   123   34K    2525  8709  1048    3.01    2.91  1430  1102   29K    26   32.92   32.89
c rst  luby  svd  vmt   124   34K    2525  8709  1048    3.01    2.91  1436  1113   29K    26   32.90   32.87
c rst  luby  svd  vmt   125   34K    2525  8709  1048    3.01    2.91  1436  1121   30K    26   32.87   32.85
c rst  luby  svd  vmt   126   34K    2525  8709  1048    3.01    2.91  1437  1127   30K    26   32.86   32.83
c rst  luby  svd  vmt   127   34K    2525  8709  1048    3.01    2.91  1437  1128   30K    26   32.82   32.79
c rst  luby  svd  vmt   128   34K    2525  8709  1048    3.01    2.91  1441  1137   30K    26   32.76   32.74
c rst  luby  svd  vmt   129   35K    2525  8709  1048    3.01    2.91  1449  1163   30K    26   32.73   32.70
c rst  luby  svd  vmt   130   35K    2525  8709  1048    3.01    2.91  1453  1173   30K    26   32.69   32.67
c rst  luby  svd  vmt   131   35K    2525  8709  1048    3.01    2.91  1453  1180   30K    26   32.67   32.65
c rst  luby  svd  vmt   132   35K    2525  8709  1048    3.01    2.91  1453  1197   31K    26   32.61   32.59
c rst  luby  svd  vmt   133   35K    2525  8709  1048    3.01    2.91  1454  1200   31K    26   32.58   32.56
c [distill-long-red0] cls tried: 556/556 T: 0.02 T-out: N T-r: 98.79%
c [distill-long-red1] cls tried: 46/1109 T: 0.01 T-out: Y T-r: -2.84%
c rst  luby  svd  vmt   134   35K    2525  8709  1048    3.01    2.91  1455  1203   31K    26   32.54   32.52
c rst  luby  svd  vmt   135   36K    2525  8709  1048    3.01    2.91  1456  1209   31K    26   32.46   32.44
c rst  luby  svd  vmt   136   36K    2525  8709  1048    3.01    2.91  1460  1222   31K    26   32.36   32.33
c rst  luby  svd  vmt   137   37K    2525  8709  1048    3.01    2.91  1479  1287   32K    26   32.22   32.20
c rst  luby  svd  vmt   138   37K    2525  8709  1048    3.01    2.91  1480  1294   32K    26   32.20   32.18
c rst  luby  svd  vmt   139   37K    2525  8709  1048    3.01    2.91  1482  1294   32K    26   32.18   32.16
c rst  luby  svd  vmt   140   37K    2525  8709  1048    3.01    2.91  1482  1297   33K    26   32.15   32.12
c rst  luby  svd  vmt   141   37K    2525  8709  1048    3.01    2.91  1483  1301   33K    26   32.11   32.09
c rst  luby  svd  vmt   142   37K    2525  8709  1048    3.01    2.91  1483  1301   33K    26   32.08   32.05
c rst  luby  svd  vmt   143   38K    2525  8709  1048    3.01    2.91  1483  1309   33K    26   32.02   32.00
c rst  geom best  vmt   144   38K    2525  8709  1048    3.01    2.91  1483  1310   33K    26   32.07   32.05
c rst  geom best  vmt   145   38K    2525  8709  1048    3.01    2.91  1485  1315   33K    26   32.03   32.01
c rst  geom best  vmt   146   38K    2525  8709  1048    3.01    2.91  1491  1326   33K    26   32.01   31.99
c rst  geom best  vmt   147   38K    2525  8709  1048    3.01    2.91  1493  1334   33K    26   32.04   32.02
c rst  geom best  vmt   148   38K    2525  8709  1048    3.01    2.91  1495  1349   34K    26   32.04   32.02
c rst  geom best  vmt   149   38K    2525  8709  1048    3.01    2.91  1495  1357   34K    26   32.11   32.09
c rst  geom best  vmt   150   39K    2525  8709  1048    3.01    2.91  1499  1378   34K    26   32.06   32.04
c rst  geom best  vmt   151   39K    2525  8709  1048    3.01    2.91  1502  1387   34K    26   32.03   32.01
c rst  geom best  vmt   152   39K    2525  8709  1048    3.01    2.91  1504  1401   34K    26   32.00   31.98
c rst  geom best  vmt   153   39K    2525  8709  1048    3.01    2.91  1507  1405   35K    26   31.95   31.93
c rst  geom best  vmt   154   40K    2525  8709  1048    3.01    2.91  1838  1086   35K    26   31.86   31.84
c [full-probe]  bin_only: 0 set: 0 repl: 0 T: 0.01 T-out: N T-r: 96.31%
c [impl-str] lit bin: 0 set-var: 0 T: 0.00 T-out: N T-r: 99.96% w-visit: 5050
c [impl-sub] bin: 12 T: 0.00 T-out: N w-visit: 5050
c rst  geom best  vmt   155   40K    2525  8709  1048    3.01    2.91  1842  1101   35K    14   31.81   31.80
c rst  geom best  vmt   156   40K    2525  8709  1048    3.01    2.91  1843  1122   35K    14   31.75   31.74
c rst  geom best  vmt   157   41K    2525  8709  1048    3.01    2.91  1849  1135   36K    14   31.66   31.65
c rst  geom best  vmt   158   41K    2525  8709  1048    3.01    2.91  1852  1148   36K    14   31.64   31.63
c rst  geom best  vmt   159   41K    2525  8709  1048    3.01    2.91  1856  1162   37K    14   31.60   31.59
c rst  geom best  vmt   160   42K    2525  8709  1048    3.01    2.91  1859  1181   37K    14   31.58   31.57
c [branch] adjusting to: vsid (from: vmtf) var_decay:0.95 descr: VSIDS
c rst  geom best   vs   161   42K    2525  8709  1048    3.01    2.91  1859  1185   37K    14   31.57   31.56
c rst  geom best   vs   162   42K    2525  8709  1048    3.01    2.91  1859  1185   37K    14   31.54   31.53
c rst  geom best   vs   163   42K    2525  8709  1048    3.01    2.91  1859  1187   37K    14   31.52   31.51
c rst  geom best   vs   164   42K    2525  8709  1048    3.01    2.91  1860  1187   38K    14   31.49   31.48
c rst  geom best   vs   165   43K    2525  8709  1048    3.01    2.91  1863  1196   38K    14   31.47   31.46
c rst  geom best   vs   166   43K    2525  8709  1048    3.01    2.91  1864  1199   38K    14   31.42   31.41
c rst  geom best   vs   167   43K    2525  8709  1048    3.01    2.91  1864  1204   38K    14   31.36   31.35
c rst  geom  stb   vs   168   43K    2525  8709  1048    3.01    2.91  1864  1210   38K    14   31.39   31.38
c rst  geom  stb   vs   169   43K    2525  8709  1048    3.01    2.91  1864  1214   39K    14   31.34   31.33
c rst  geom  stb   vs   170   44K    2525  8709  1048    3.01    2.91  1864  1217   39K    14   31.30   31.29
c [ccnr] tries: 0 steps: 262143 best found: 6
c [ccnr] tries: 0 steps: 524287 best found: 6
c [ccnr] tries: 0 steps: 786431 best found: 6
c [ccnr] tries: 1 steps: 262143 best found: 3
c [ccnr] tries: 1 steps: 524287 best found: 3
c [ccnr] saving best assignment phase to stable_polar
c [ccnr] bumping based on clause weights
c [ccnr] Bumped vars: 102 bump type: 6
c [ccnr] time: 0.42
c rst  geom  stb   vs   171   44K    2525  8709  1048    3.01    2.91  1865  1225   39K    14   31.30   31.29
c rst  geom  stb   vs   172   44K    2525  8709  1048    3.01    2.91  1868  1229   39K    14   31.28   31.27
c rst  geom  stb   vs   173   45K    2525  8709  1048    3.01    2.91  1903  1754   31K    14   28.44   28.43
c rst  geom  stb   vs   174   45K    2525  8709  1048    3.01    2.91  1905  1759   31K    14   28.38   28.37
c rst  geom  stb   vs   175   45K    2525  8709  1048    3.01    2.91  1905  1761   32K    14   28.32   28.31
c rst  geom  stb   vs   176   46K    2525  8709  1048    3.01    2.91  1906  1763   32K    14   28.28   28.27
c rst  geom  stb   vs   177   46K    2525  8709  1048    3.01    2.91  1906  1767   33K    14   28.23   28.22
c rst  geom  stb   vs   178   47K    2525  8709  1048    3.01    2.91  1906  1769   33K    14   28.18   28.17
c rst  geom  stb   vs   179   48K    2525  8709  1048    3.01    2.91  1907  1773   34K    14   28.10   28.09
c rst  geom  stb   vs   180   48K    2525  8709  1048    3.01    2.91  1908  1779   35K    14   28.02   28.01
c rst  geom  stb   vs   181   49K    2525  8709  1048    3.01    2.91  1912  1789   35K    14   27.93   27.92
c rst  geom ibes   vs   182   50K    2525  8709  1048    3.01    2.91  2091  1633   36K    14   28.03   28.03
c [gauss] XOR-encoding clauses are not detached, so no need to reattach them.
c [scc] new: 5 BP 0M T: 0.00
c [vrep] vars 5 lits 54734 rem-bin-cls 22 rem-long-cls 0 BP 0M T: 0.02
c [scc] new: 0 BP 0M T: 0.00
c [vrep] vars 0 lits 0 rem-bin-cls 0 rem-long-cls 0 BP 0M T: 0.00
c [intree] Set 0 vars hyper-added: 547 trans-irred: 0 trans-red: 15 T: 0.01 T-out: N T-r: -1.26%
c [find&init matx] performing matrix init
c [gauss] XOR-encoding clauses are not detached, so no need to reattach them.
c [matrix] unused xors from cleaning: 0
c rst  geom ibes   vs   183   51K    2520  8709  1038    3.01    2.91  2094  1648   37K   544   28.07   27.73
c [distill-long-red0] cls tried: 629/629 T: 0.04 T-out: N T-r: 97.59%
c [distill-long-red1] cls tried: 39/1522 T: 0.00 T-out: Y T-r: -2.04%
c rst  geom ibes   vs   184   52K    2520  8709  1038    3.01    2.91  2096  1655   38K   544   27.98   27.64
c [distill] watch-based irred--  cl tried    17416 cl-sh     0 cl-rem    2 lit-rem      0 T: 0.01 T-out: N
c [distill] watch-based   red--  cl tried     4192 cl-sh    57 cl-rem    0 lit-rem     87 T: 0.00 T-out: N
c rst  geom ibes   vs   185   53K    2520  8707  1040    3.01    2.91  2098  1678   39K   542   27.90   27.58
c [branch] adjusting to: vmtf (from: vsid) var_decay:0.95 descr: VMTF
c [distill-bin] useful: 0/1040/1040 lits-rem: 0 cl-rem: 0 0-depth-assigns: 0 T: 0.01 T-out: N
c rst  luby ibes  vmt   186   53K    2520  8707  1040    3.01    2.91  2101  1698   39K   542   27.91   27.59
c rst  luby ibes  vmt   187   53K    2520  8707  1040    3.01    2.91  2104  1707   39K   542   28.01   27.69
c rst  luby ibes  vmt   188   53K    2520  8707  1040    3.01    2.91  2107  1717   39K   542   28.18   27.86
c rst  luby ibes  vmt   189   53K    2520  8707  1040    3.01    2.91  2112  1737   39K   542   28.17   27.85
c rst  luby ibes  vmt   190   53K    2520  8707  1040    3.01    2.91  2114  1753   39K   542   28.18   27.86
c rst  luby ibes  vmt   191   53K    2520  8707  1040    3.01    2.91  2120  1793   40K   542   28.17   27.85
c rst  luby ibes  vmt   192   54K    2520  8707  1040    3.01    2.91  2125  1827   40K   542   28.35   28.03
c rst  luby ibes  vmt   193   54K    2520  8707  1040    3.01    2.91  2125  1831   40K   542   28.35   28.03
c rst  luby ibes  vmt   194   54K    2520  8707  1040    3.01    2.91  2127  1841   40K   542   28.36   28.05
c rst  luby ibes  vmt   195   54K    2520  8707  1040    3.01    2.91  2129  1859   40K   542   28.34   28.02
c rst  luby ibes  vmt   196   54K    2520  8707  1040    3.01    2.91  2131  1865   40K   542   28.40   28.09
c rst  luby ibes  vmt   197   54K    2520  8707  1040    3.01    2.91  2131  1873   41K   542   28.43   28.12
c rst  luby ibes  vmt   198   55K    2520  8707  1040    3.01    2.91  2133  1892   41K   543   28.45   28.14
c rst  luby  svd  vmt   199   55K    2520  8707  1040    3.01    2.91  2140  1931   41K   543   28.55   28.24
c rst  luby  svd  vmt   200   56K    2520  8707  1040    3.01    2.91  2154  2004   42K   543   28.58   28.27
c recursive minimization cost OK: 223Kcost/(% lits removed)
c [gauss] XOR-encoding clauses are not detached, so no need to reattach them.
c --> Executing strategy token: scc-vrepl
c [scc] new: 6 BP 0M T: 0.00
c [vrep] vars 5 lits 12452 rem-bin-cls 21 rem-long-cls 16 BP 0M T: 0.01
c --> Executing strategy token: sub-impl
c [impl-sub] bin: 4 T: 0.00 T-out: N w-visit: 5050
c --> Executing strategy token: breakid
c --> Executing OCC strategy token(s): 'occ-backw-sub-str,occ-clean-implicit,occ-bve,occ-bva,occ-ternary-res,occ-xor,'
c [occ] mem usage for occur      0 MB
c [occ] Linked in IRRED BIN by default: 1033
c [occ] Linked in RED   BIN by default: 537
c [occ] mem usage for occur      0 MB
c Mem for watch alloc      : 4           MB (23.50     %)
c Mem for watch array      : 0           MB (0.71      %)
c --> Executing OCC strategy token: occ-backw-sub-str
c [occ-backw-sub-str-long-w-bins] subs: 3 str: 19 tried: 1570 0-depth ass: 0 T: 0.00 T-out: N T-r: 99.70%
c [occ-backw-sub-long-w-long] rem cl: 196 tried: 54879/54879 (100.0%) T: 0.00 T-out: N T-r: 98.00%
c [occ-backw-sub-str-long-w-long] sub: 2 str: 5 tried: 164637/54879 (300.0)  T: 0.03 T-out: N T-r: 92.56%
c --> Executing OCC strategy token: occ-clean-implicit
c --> Executing OCC strategy token: occ-bve
c [occ-empty-res] Empty resolvent elimed: 0 T: 0.00 T-out: N
c [occ-bve] iter v-elim 1118
c cl_inc_rate=1.0, var_dec_rate=1.8 (grow=0)
c Reduced to 1397 vars, 9627 cls (grow=0)
c [occ-bve] iter v-elim 64
c cl_inc_rate=1.0, var_dec_rate=1.0 (grow=8)
c Reduced to 1333 vars, 9874 cls (grow=8)
c x n vars       : 1333
c #try to eliminate:  5472
c #var-elim        :  1182
c #T-o: N
c #T-r: 99.99%
c #T  : 0.04
c [occur] 0.01 is overhead
c [occur] link-in T: 0.01 cleanup T: 0.00
c --> Executing OCC strategy token: occ-bva
c --> Executing OCC strategy token: occ-ternary-res
c [occ-ternary-res] Ternary res-tri: 148 res-bin: 0 sub: 11 str: 0 T: 0.00 T-out: N T-r: 99.41%
c --> Executing OCC strategy token: occ-xor
c [occ-xor] sort occur list T: 0.00
c [xor-clean-equiv] removed equivalent xors: 0 left with: 915
c [occ-xor] found    915 avg sz 4.0 min sz  4 max sz  5 T: 0.00 T-out: N T-r: 99.99%
c --> Executing strategy token: card-find
c --> Executing strategy token: cl-consolidate
c [mem] consolidate  old-sz: 7403K new-sz: 1757K new bits offs: 18 T: 0.00
c --> Executing strategy token: scc-vrepl
c [scc] new: 0 BP 0M T: 0.00
c --> Executing strategy token: renumber
c [gauss] XOR-encoding clauses are not detached, so no need to reattach them.
c [renumber] T: 0.00
c --> Executing strategy token: bosphorus
c --> Executing strategy token: louvain-comms
c [consolidate] mini T: 0.00
c global_timeout_multiplier: 3.3000
c [branch] rebuilding order heap for all branchings. Current branching: vmtf
c [find&init matx] performing matrix init
c [gauss] XOR-encoding clauses are not detached, so no need to reattach them.
c [xor-rem-unconnected] left with 915 xors from 915 non-empty xors T: 0.00
c [xor-together] xored together: 871 orig xors: 915 new xors: 44 T: 0.00
c [xor-rem-unconnected] left with 44 xors from 44 non-empty xors T: 0.00
c [xor-clean-equiv] removed equivalent xors: 0 left with: 44
c [matrix] unused xors from cleaning: 0
c [matrix] Good   matrix  0     44 x  332  density:0.1331  xorlen avg: 44.18
c [matrix] Using 1 matrices recovered from 0 xors T: 0.00 T-out: N
c rst  luby  svd  vmt   201   56K    1333  9338   536    4.00    3.89   591   470 11812    82   19.68   19.57
c rst  luby  svd  vmt   202   56K    1333  9338   536    4.00    3.89   592   471 11911    82   19.64   19.53
c rst  luby  svd  vmt   203   56K    1333  9338   536    4.00    3.89   592   471 12013    82   19.59   19.48
c rst  luby  svd  vmt   204   56K    1333  9338   536    4.00    3.89   594   479 12205    82   19.52   19.41
c rst  luby  svd  vmt   205   56K    1333  9338   536    4.00    3.89   594   483 12303    82   19.50   19.39
c rst  luby  svd  vmt   206   56K    1333  9338   536    4.00    3.89   595   486 12401    82   19.49   19.38
c [g  <0] Disabling GJ-elim in this round.  Usefulness was: 19.3269%  over 45165 calls
c rst  luby  svd  vmt   207   57K    1333  9338   536    4.00    3.89   595   489 12600    82   19.44   19.34
c rst  luby  svd  vmt   208   57K    1333  9338   536    4.00    3.89   595   491 12999    82   19.28   19.18
c rst  luby  svd  vmt   209   57K    1333  9338   536    4.00    3.89   595   501 13091    82   19.26   19.16
c rst  luby  svd  vmt   210   57K    1333  9338   536    4.00    3.89   595   501 13192    82   19.24   19.14
c rst  luby  svd  vmt   211   57K    1333  9338   536    4.00    3.89   595   504 13391    82   19.21   19.11
c rst  luby  svd  vmt   212   58K    1333  9338   536    4.00    3.89   595   504 13493    82   19.21   19.11
c rst  luby  svd  vmt   213   58K    1333  9338   536    4.00    3.89   595   508 13591    82   19.28   19.18
c rst  luby  svd  vmt   214   58K    1333  9338   536    4.00    3.89   595   519 13781    82   19.31   19.22
c rst  luby  svd  vmt   215   58K    1333  9338   536    4.00    3.89   597   537 14166    82   19.26   19.17
c rst  luby  svd  vmt   216   59K    1333  9338   536    4.00    3.89   600   576 14944    82   19.30   19.21
c rst  luby  svd  vmt   217   61K    1333  9338   536    4.00    3.89   825   773 13499    82   19.18   19.09
c [full-probe]  bin_only: 1 set: 1 repl: 0 T: 0.00 T-out: N T-r: 99.84%
c rst  geom best  vmt   218   61K    1332  9338   536    4.00    3.89   825   780 13604    82   19.16   19.06
c rst  geom best  vmt   219   61K    1332  9338   536    4.00    3.89   825   782 13725    82   19.16   19.07
c rst  geom best  vmt   220   61K    1332  9338   536    4.00    3.89   825   786 13856    82   19.15   19.06
c rst  geom best  vmt   221   61K    1332  9338   536    4.00    3.89   828   796 13990    82   19.15   19.06
c rst  geom best  vmt   222   61K    1332  9338   536    4.00    3.89   831   804 14141    82   19.13   19.04
c rst  geom best  vmt   223   61K    1332  9338   536    4.00    3.89   832   809 14312    82   19.11   19.02
c rst  geom best  vmt   224   62K    1332  9338   536    4.00    3.89   832   814 14503    82   19.07   18.99
c rst  geom best  vmt   225   62K    1332  9338   536    4.00    3.89   832   834 14705    82   19.04   18.95
c rst  geom best  vmt   226   62K    1332  9338   536    4.00    3.89   833   836 14938    82   18.99   18.91
c rst  geom best  vmt   227   62K    1332  9338   536    4.00    3.89   833   847 15185    82   18.91   18.83
c rst  geom best  vmt   228   63K    1332  9338   536    4.00    3.89   833   858 15457    82   18.85   18.77
c [branch] adjusting to: vsid (from: vmtf) var_decay:0.95 descr: VSIDS
c rst  geom best   vs   229   63K    1332  9338   536    4.00    3.89   835   871 15554    82   18.92   18.84
c rst  geom best   vs   230   63K    1332  9338   536    4.00    3.89   840   876 15666    82   18.94   18.86
c rst  geom best   vs   231   63K    1332  9338   536    4.00    3.89   842   880 15795    82   19.01   18.93
c rst  geom best   vs   232   63K    1332  9338   536    4.00    3.89   844   886 15935    82   19.10   19.02
c rst  geom best   vs   233   63K    1332  9338   536    4.00    3.89   844   890 16092    82   19.23   19.15
c rst  geom best   vs   234   64K    1332  9338   536    4.00    3.89   844   908 16251    82   19.34   19.26
c rst  geom best   vs   235   64K    1332  9338   536    4.00    3.89   848   923 16427    82   19.44   19.36
c rst  geom best   vs   236   64K    1332  9338   536    4.00    3.89   853   943 16616    82   19.52   19.44
c rst  geom best   vs   237   64K    1332  9338   536    4.00    3.89   854   960 16832    82   19.63   19.55
c rst  geom best   vs   238   64K    1332  9338   536    4.00    3.89   860   969 17074    82   19.70   19.62
c rst  geom best   vs   239   65K    1332  9338   536    4.00    3.89   866   989 17331    82   19.70   19.63
c rst  geom best   vs   240   65K    1332  9338   536    4.00    3.89   869  1000 17627    82   19.84   19.76
c rst  geom best   vs   241   65K    1332  9338   536    4.00    3.89   872  1016 17949    82   19.92   19.85
c rst  geom best   vs   242   66K    1332  9338   536    4.00    3.89   879  1031 18302    82   20.00   19.93
c [distill-long-red0] cls tried: 458/458 T: 0.02 T-out: N T-r: 99.57%
c [distill-long-red1] cls tried: 108/861 T: 0.02 T-out: Y T-r: -1.37%
c rst  geom best   vs   243   66K    1332  9338   536    4.00    3.89   884  1039 18700    82   20.09   20.02
c rst  geom best   vs   244   67K    1332  9338   536    4.00    3.89   888  1061 19124    82   20.16   20.09
c rst  geom  stb   vs   245   67K    1332  9338   536    4.00    3.89   894  1089 19585    82   20.20   20.13
c rst  geom  stb   vs   246   68K    1332  9338   536    4.00    3.89   898  1109   20K    82   20.25   20.18
c rst  geom  stb   vs   247   68K    1332  9338   536    4.00    3.89   903  1123   20K    82   20.31   20.25
c rst  geom  stb   vs   248   69K    1332  9338   536    4.00    3.89   905  1136   21K    82   20.41   20.35
c rst  geom  stb   vs   249   70K    1332  9338   536    4.00    3.89  1178   875   22K    82   20.41   20.34
c rst  geom  stb   vs   250   70K    1332  9338   536    4.00    3.89  1180   881   22K    82   20.55   20.49
c rst  geom  stb   vs   251   71K    1332  9338   536    4.00    3.89  1187   902   23K    82   20.74   20.68
c rst  geom  stb   vs   252   72K    1332  9338   536    4.00    3.89  1190   931   24K    82   20.75   20.69
c rst  geom  stb   vs   253   73K    1332  9338   536    4.00    3.89  1191   957   25K    82   20.67   20.61
c [distill-bin] useful: 3/536/536 lits-rem: 0 cl-rem: 3 0-depth-assigns: 0 T: 0.00 T-out: N
c rst  geom ibes   vs   254   74K    1332  9338   531    4.00    3.89  1194   988   26K    82   21.19   21.14
c [branch] adjusting to: vmtf (from: vsid) var_decay:0.95 descr: VMTF
c rst  luby ibes  vmt   255   75K    1332  9338   531    4.00    3.89  1233  1603   25K    82   21.08   21.02
c rst  luby ibes  vmt   256   75K    1332  9338   531    4.00    3.89  1233  1604   25K    82   21.07   21.02
c rst  luby ibes  vmt   257   75K    1332  9338   531    4.00    3.89  1233  1612   25K    82   21.03   20.98
c rst  luby ibes  vmt   258   75K    1332  9338   531    4.00    3.89  1235  1618   26K    82   21.02   20.97
c rst  luby ibes  vmt   259   75K    1332  9338   531    4.00    3.89  1235  1620   26K    82   21.00   20.95
c rst  luby ibes  vmt   260   75K    1332  9338   531    4.00    3.89  1238  1631   26K    82   21.00   20.94
c rst  luby ibes  vmt   261   76K    1332  9338   531    4.00    3.89  1240  1640   26K    82   20.89   20.84
c rst  luby ibes  vmt   262   76K    1332  9338   531    4.00    3.89  1240  1646   26K    82   20.89   20.84
c rst  luby ibes  vmt   263   76K    1332  9338   531    4.00    3.89  1245  1653   26K    82   20.87   20.81
c rst  luby ibes  vmt   264   76K    1332  9338   531    4.00    3.89  1246  1657   27K    82   20.83   20.78
c rst  luby ibes  vmt   265   76K    1332  9338   531    4.00    3.89  1246  1659   27K    82   20.82   20.77
c rst  luby ibes  vmt   266   76K    1332  9338   531    4.00    3.89  1246  1661   27K    82   20.79   20.74
c rst  luby ibes  vmt   267   76K    1332  9338   531    4.00    3.89  1246  1663   27K    82   20.76   20.71
c rst  luby ibes  vmt   268   77K    1332  9338   531    4.00    3.89  1247  1679   27K    82   20.69   20.64
c [distill] watch-based irred--  cl tried     3620 cl-sh     0 cl-rem    0 lit-rem      0 T: 0.00 T-out: N
c [distill] watch-based   red--  cl tried     2494 cl-sh   116 cl-rem    0 lit-rem    184 T: 0.00 T-out: N
c rst  luby ibes  vmt   269   78K    1332  9322   531    4.00    3.89  1247  1725   28K    80   20.49   20.45
c rst  luby ibes  vmt   270   78K    1332  9322   531    4.00    3.89  1248  1733   28K    80   20.49   20.44
c rst  luby ibes  vmt   271   78K    1332  9322   531    4.00    3.89  1248  1735   28K    80   20.47   20.42
c rst  luby ibes  vmt   272   78K    1332  9322   531    4.00    3.89  1248  1747   29K    80   20.43   20.38
c rst  luby ibes  vmt   273   78K    1332  9322   531    4.00    3.89  1248  1756   29K    80   20.41   20.36
c rst  luby ibes  vmt   274   78K    1332  9322   531    4.00    3.89  1249  1760   29K    80   20.39   20.34
c rst  luby ibes  vmt   275   78K    1332  9322   531    4.00    3.89  1249  1772   29K    80   20.34   20.30
c rst  luby ibes  vmt   276   79K    1332  9322   531    4.00    3.89  1249  1791   29K    80   20.25   20.21
c rst  luby ibes  vmt   277   79K    1332  9322   531    4.00    3.89  1250  1796   29K    80   20.24   20.20
c rst  luby ibes  vmt   278   79K    1332  9322   531    4.00    3.89  1250  1800   30K    80   20.23   20.18
c rst  luby  svd  vmt   279   79K    1332  9322   531    4.00    3.89  1250  1805   30K    80   20.20   20.16
c rst  luby  svd  vmt   280   79K    1332  9322   531    4.00    3.89  1251  1809   30K    80   20.20   20.16
c rst  luby  svd  vmt   281   79K    1332  9322   531    4.00    3.89  1251  1809   30K    80   20.19   20.15
c rst  luby  svd  vmt   282   80K    1332  9322   531    4.00    3.89  1704  1356   30K    80   20.14   20.10
c rst  luby  svd  vmt   283   80K    1332  9322   531    4.00    3.89  1704  1370   31K    80   20.09   20.05
c rst  luby  svd  vmt   284   81K    1332  9322   531    4.00    3.89  1709  1409   31K    80   19.96   19.91
c [distill-long-red0] cls tried: 828/828 T: 0.05 T-out: N T-r: 97.55%
c [distill-long-red1] cls tried: 28/1169 T: 0.01 T-out: Y T-r: -6.87%
c [full-probe]  bin_only: 0 set: 1 repl: 0 T: 0.00 T-out: N T-r: 96.97%
c rst  luby  svd  vmt   285   82K    1331  9322   531    4.00    3.89  1714  1527   33K    81   19.75   19.71
c rst  luby  svd  vmt   286   83K    1331  9322   531    4.00    3.89  1714  1529   33K    81   19.75   19.71
c rst  luby  svd  vmt   287   83K    1331  9322   531    4.00    3.89  1715  1533   33K    81   19.74   19.70
c rst  luby  svd  vmt   288   83K    1331  9322   531    4.00    3.89  1715  1537   33K    81   19.72   19.68
c rst  luby  svd  vmt   289   83K    1331  9322   531    4.00    3.89  1715  1538   33K    81   19.71   19.67
c rst  luby  svd  vmt   290   83K    1331  9322   531    4.00    3.89  1715  1538   33K    81   19.72   19.69
c rst  luby  svd  vmt   291   83K    1331  9322   531    4.00    3.89  1715  1545   34K    81   19.71   19.67
c rst  luby  svd  vmt   292   84K    1331  9322   531    4.00    3.89  1721  1607   34K    81   19.77   19.73
c rst  luby  svd  vmt   293   84K    1331  9322   531    4.00    3.89  1722  1614   34K    81   19.78   19.74
c rst  luby  svd  vmt   294   84K    1331  9322   531    4.00    3.89  1722  1614   34K    81   19.77   19.73
c rst  luby  svd  vmt   295   84K    1331  9322   531    4.00    3.89  1724  1628   34K    81   19.74   19.70
c rst  luby  svd  vmt   296   84K    1331  9322   531    4.00    3.89  1724  1628   34K    81   19.78   19.74
c rst  luby  svd  vmt   297   84K    1331  9322   531    4.00    3.89  1724  1636   34K    81   19.84   19.80
c rst  luby  svd  vmt   298   85K    1331  9322   531    4.00    3.89  1725  1647   35K    81   19.91   19.87
c rst  luby  svd  vmt   299   85K    1331  9322   531    4.00    3.89  1726  1664   35K    81   20.01   19.98
c rst  luby  svd  vmt   300   86K    1331  9322   531    4.00    3.89  1727  1675   36K    81   20.18   20.15
c rst  geom best  vmt   301   86K    1331  9322   531    4.00    3.89  1727  1676   36K    81   20.25   20.21
c rst  geom best  vmt   302   86K    1331  9322   531    4.00    3.89  1727  1685   36K    81   20.26   20.23
c rst  geom best  vmt   303   86K    1331  9322   531    4.00    3.89  1728  1692   36K    81   20.30   20.26
c rst  geom best  vmt   304   86K    1331  9322   531    4.00    3.89  1728  1705   36K    81   20.33   20.29
c rst  geom best  vmt   305   86K    1331  9322   531    4.00    3.89  1729  1715   36K    81   20.35   20.32
c rst  geom best  vmt   306   87K    1331  9322   531    4.00    3.89  1729  1731   37K    81   20.41   20.38
c rst  geom best  vmt   307   87K    1331  9322   531    4.00    3.89  1730  1739   37K    81   20.45   20.41
c rst  geom best  vmt   308   87K    1331  9322   531    4.00    3.89  1730  1759   37K    81   20.46   20.42
c rst  geom best  vmt   309   87K    1331  9322   531    4.00    3.89  1730  1768   37K    81   20.56   20.52
c [branch] adjusting to: vsid (from: vmtf) var_decay:0.95 descr: VSIDS
c rst  geom best   vs   310   87K    1331  9322   531    4.00    3.89  1730  1770   37K    81   20.55   20.52
c rst  geom best   vs   311   87K    1331  9322   531    4.00    3.89  1731  1775   37K    81   20.58   20.54
c rst  geom best   vs   312   88K    1331  9322   531    4.00    3.89  1731  1777   38K    81   20.60   20.56
c rst  geom best   vs   313   88K    1331  9322   531    4.00    3.89  1733  1781   38K    81   20.66   20.63
c [ccnr] tries: 0 steps: 262143 best found: 7
c [ccnr] tries: 0 steps: 524287 best found: 7
c [ccnr] tries: 0 steps: 786431 best found: 7
c [ccnr] saving best assignment phase to stable_polar
c [ccnr] bumping based on var unsat frequency: conflict_ct
c [ccnr] Bumped vars: 1333 bump type: 6
c [ccnr] time: 0.34
c rst  geom best   vs   314   88K    1331  9322   531    4.00    3.89  1734  1786   38K    81   20.68   20.65
c rst  geom best   vs   315   88K    1331  9322   531    4.00    3.89  1738  1790   38K    81   20.73   20.70
c rst  geom best   vs   316   88K    1331  9322   531    4.00    3.89  1738  1797   38K    81   20.75   20.71
c rst  geom best   vs   317   88K    1331  9322   531    4.00    3.89  1738  1797   38K    81   20.79   20.75
c rst  geom best   vs   318   89K    1331  9322   531    4.00    3.89  1738  1804   39K    81   20.80   20.77
c rst  geom best   vs   319   89K    1331  9322   531    4.00    3.89  1739  1808   39K    81   20.87   20.84
c rst  geom best   vs   320   89K    1331  9322   531    4.00    3.89  1739  1814   39K    81   20.93   20.90
c rst  geom best   vs   321   90K    1331  9322   531    4.00    3.89  2309  2888   30K    81   20.90   20.86
c rst  geom best   vs   322   90K    1331  9322   531    4.00    3.89  2312  2900   31K    81   20.99   20.95
c rst  geom best   vs   323   90K    1331  9322   531    4.00    3.89  2316  2912   31K    81   21.00   20.96
c rst  geom best   vs   324   91K    1331  9322   531    4.00    3.89  2317  2931   31K    82   21.09   21.04
c rst  geom best   vs   325   91K    1331  9322   531    4.00    3.89  2319  2942   32K    82   21.15   21.11
c rst  geom best   vs   326   92K    1331  9322   531    4.00    3.89  2320  2947   32K    82   21.23   21.19
c rst  geom  stb   vs   327   92K    1331  9322   531    4.00    3.89  2324  2957   33K    82   21.49   21.45
c rst  geom  stb   vs   328   93K    1331  9322   531    4.00    3.89  2325  2977   33K    82   21.87   21.83
c rst  geom  stb   vs   329   93K    1331  9322   531    4.00    3.89  2325  2990   34K    82   22.03   21.99
c [distill-bin] useful: 0/531/531 lits-rem: 0 cl-rem: 0 0-depth-assigns: 0 T: 0.00 T-out: N
c rst  geom  stb   vs   330   94K    1331  9322   529    4.00    3.89  2325  3004   35K    82   22.28   22.23
c rst  geom  stb   vs   331   95K    1331  9322   529    4.00    3.89  2325  3008   35K    82   22.54   22.50
c rst  geom  stb   vs   332   96K    1331  9322   529    4.00    3.89  2327  3032   36K    82   22.65   22.61
c rst  geom  stb   vs   333   97K    1331  9322   529    4.00    3.89  2330  3055   37K    82   22.77   22.73
c [distill-long-red0] cls tried: 620/620 T: 0.06 T-out: N T-r: 97.07%
c [distill-long-red1] cls tried: 23/2792 T: 0.01 T-out: Y T-r: -7.37%
c rst  geom  stb   vs   334   98K    1331  9322   529    4.00    3.89  2332  3070   38K    82   22.98   22.94
c rst  geom ibes   vs   335   99K    1331  9322   529    4.00    3.89  2333  3097   39K    82   23.18   23.14
c rst  geom ibes   vs   336  100K    1331  9322   529    4.00    3.89  2500  3086   41K    82   23.07   23.03
c [impl-str] lit bin: 0 set-var: 0 T: 0.00 T-out: N T-r: 99.96% w-visit: 2666
c [impl-sub] bin: 2 T: 0.00 T-out: N w-visit: 2666
c rst  geom ibes   vs   337  102K    1331  9322   529    4.00    3.89  2502  3246   42K    80   22.74   22.70
c [branch] adjusting to: vmtf (from: vsid) var_decay:0.95 descr: VMTF
c [full-probe]  bin_only: 1 set: 0 repl: 0 T: 0.00 T-out: N T-r: 99.71%
c rst  luby ibes  vmt   338  102K    1331  9322   529    4.00    3.89  2510  3273   42K    84   22.73   22.69
c rst  luby ibes  vmt   339  102K    1331  9322   529    4.00    3.89  2510  3275   42K    84   22.77   22.73
c rst  luby ibes  vmt   340  102K    1331  9322   529    4.00    3.89  2512  3289   42K    84   22.78   22.74
c [distill] watch-based irred--  cl tried     3597 cl-sh     0 cl-rem    1 lit-rem      0 T: 0.00 T-out: N
c [distill] watch-based   red--  cl tried     5018 cl-sh   102 cl-rem    6 lit-rem    145 T: 0.01 T-out: N
c rst  luby ibes  vmt   341  102K    1331  9298   531    4.00    3.89  2507  3292   42K    82   22.76   22.73
c rst  luby ibes  vmt   342  102K    1331  9298   531    4.00    3.89  2508  3293   42K    82   22.77   22.74
c rst  luby ibes  vmt   343  102K    1331  9298   531    4.00    3.89  2508  3302   42K    82   22.80   22.76
c rst  luby ibes  vmt   344  103K    1331  9298   531    4.00    3.89  2509  3310   43K    82   22.88   22.84
c rst  luby ibes  vmt   345  103K    1331  9298   531    4.00    3.89  2512  3326   43K    82   22.88   22.84
c rst  luby ibes  vmt   346  103K    1331  9298   531    4.00    3.89  2513  3332   43K    82   22.89   22.85
c rst  luby ibes  vmt   347  103K    1331  9298   531    4.00    3.89  2513  3340   43K    82   22.91   22.87
c rst  luby ibes  vmt   348  103K    1331  9298   531    4.00    3.89  2514  3340   43K    82   22.91   22.87
c rst  luby ibes  vmt   349  103K    1331  9298   531    4.00    3.89  2514  3342   43K    82   22.92   22.88
c rst  luby ibes  vmt   350  104K    1331  9298   531    4.00    3.89  2514  3347   44K    82   22.91   22.88
c rst  luby ibes  vmt   351  104K    1331  9298   531    4.00    3.89  2514  3357   44K    82   22.96   22.93
c rst  luby  svd  vmt   352  105K    1331  9298   531    4.00    3.89  2700  4321   33K    82   23.37   23.33
c rst  luby  svd  vmt   353  105K    1331  9298   531    4.00    3.89  2700  4321   33K    82   23.39   23.35
c rst  luby  svd  vmt   354  105K    1331  9298   531    4.00    3.89  2701  4327   33K    82   23.39   23.35
c rst  luby  svd  vmt   355  105K    1331  9298   531    4.00    3.89  2701  4335   33K    82   23.41   23.37
c rst  luby  svd  vmt   356  105K    1331  9298   531    4.00    3.89  2701  4339   34K    82   23.43   23.38
c rst  luby  svd  vmt   357  105K    1331  9298   531    4.00    3.89  2701  4347   34K    82   23.43   23.39
c rst  luby  svd  vmt   358  106K    1331  9298   531    4.00    3.89  2702  4368   34K    82   23.45   23.41
c rst  luby  svd  vmt   359  106K    1331  9298   531    4.00    3.89  2705  4399   34K    82   23.43   23.39
c rst  luby  svd  vmt   360  106K    1331  9298   531    4.00    3.89  2705  4404   34K    82   23.42   23.37
c rst  luby  svd  vmt   361  106K    1331  9298   531    4.00    3.89  2706  4408   34K    82   23.40   23.36
c rst  luby  svd  vmt   362  106K    1331  9298   531    4.00    3.89  2706  4417   35K    82   23.40   23.36
c rst  luby  svd  vmt   363  107K    1331  9298   531    4.00    3.89  2708  4419   35K    82   23.41   23.37
c rst  luby  svd  vmt   364  107K    1331  9298   531    4.00    3.89  2711  4430   35K    82   23.41   23.36
c rst  luby  svd  vmt   365  107K    1331  9298   531    4.00    3.89  2714  4452   35K    82   23.41   23.37
c rst  luby  svd  vmt   366  107K    1331  9298   531    4.00    3.89  2714  4455   35K    82   23.39   23.35
c rst  luby  svd  vmt   367  108K    1331  9298   531    4.00    3.89  2714  4475   36K    82   23.30   23.26
c rst  luby  svd  vmt   368  110K    1331  9298   531    4.00    3.89  3216  4017   38K    82   23.04   23.01
c rst  luby  svd  vmt   369  110K    1331  9298   531    4.00    3.89  3216  4022   38K    82   23.04   23.00
c rst  luby  svd  vmt   370  110K    1331  9298   531    4.00    3.89  3216  4026   38K    82   23.02   22.99
c rst  luby  svd  vmt   371  110K    1331  9298   531    4.00    3.89  3216  4035   38K    82   23.02   22.98
c rst  luby  svd  vmt   372  110K    1331  9298   531    4.00    3.89  3225  4042   38K    82   23.01   22.98
c rst  geom best  vmt   373  110K    1331  9298   531    4.00    3.89  3225  4045   38K    82   23.03   22.99
c rst  geom best  vmt   374  110K    1331  9298   531    4.00    3.89  3225  4045   38K    82   23.03   22.99
c rst  geom best  vmt   375  111K    1331  9298   531    4.00    3.89  3225  4050   39K    82   23.04   23.00
c rst  geom best  vmt   376  111K    1331  9298   531    4.00    3.89  3226  4056   39K    82   23.04   23.00
c rst  geom best  vmt   377  111K    1331  9298   531    4.00    3.89  3226  4060   39K    82   23.06   23.03
c rst  geom best  vmt   378  111K    1331  9298   531    4.00    3.89  3226  4066   39K    82   23.09   23.05
c rst  geom best  vmt   379  111K    1331  9298   531    4.00    3.89  3226  4070   39K    82   23.12   23.08
c rst  geom best  vmt   380  111K    1331  9298   531    4.00    3.89  3226  4075   39K    82   23.11   23.07
c rst  geom best  vmt   381  112K    1331  9298   531    4.00    3.89  3226  4080   40K    82   23.15   23.11
c rst  geom best  vmt   382  112K    1331  9298   531    4.00    3.89  3227  4082   40K    82   23.16   23.12
c [distill-long-red0] cls tried: 970/970 T: 0.10 T-out: N T-r: 95.81%
c [distill-long-red1] cls tried: 23/3805 T: 0.01 T-out: Y T-r: -7.64%
c rst  geom best  vmt   383  112K    1331  9298   531    4.00    3.89  3227  4089   40K    82   23.17   23.13
c rst  geom best  vmt   384  113K    1331  9298   531    4.00    3.89  3228  4093   40K    82   23.19   23.15
c rst  geom best  vmt   385  113K    1331  9298   531    4.00    3.89  3229  4106   41K    82   23.23   23.20
c rst  geom best  vmt   386  113K    1331  9298   531    4.00    3.89  3233  4129   41K    82   23.29   23.26
c rst  geom best  vmt   387  114K    1331  9298   531    4.00    3.89  3235  4142   42K    82   23.34   23.30
c [distill-bin] useful: 0/531/531 lits-rem: 0 cl-rem: 0 0-depth-assigns: 0 T: 0.01 T-out: N
c rst  geom best  vmt   388  114K    1331  9298   531    4.00    3.89  3235  4149   42K    82   23.38   23.34
c rst  geom best  vmt   389  115K    1331  9298   531    4.00    3.89  3238  4164   42K    82   23.42   23.38
c rst  geom best  vmt   390  115K    1331  9298   531    4.00    3.89  3240  4179   43K    82   23.43   23.39
c [gauss] XOR-encoding clauses are not detached, so no need to reattach them.
c [g 0] truth-find prop checks  : 33K
c [g 0] -> of which prop        : 21.00 %
c [g 0] -> of which confl       :  1.69 %
c [g 0] elim called             : 4259
c [g 0] ---> which lead to prop : 24.18 %
c [g 0] ---> which lead to confl:  0.68 %
c [g 0] size: 44    x 332  
c [scc] new: 1 BP 0M T: 0.00
c [vrep] vars 1 lits 16513 rem-bin-cls 6 rem-long-cls 0 BP 0M T: 0.01
c [scc] new: 0 BP 0M T: 0.00
c [vrep] vars 0 lits 0 rem-bin-cls 0 rem-long-cls 0 BP 0M T: 0.00
c [intree] Set 0 vars hyper-added: 21 trans-irred: 0 trans-red: 0 T: 0.00 T-out: N T-r: -4.78%
c [find&init matx] performing matrix init
c [gauss] XOR-encoding clauses are not detached, so no need to reattach them.
c [xor-rem-unconnected] left with 915 xors from 915 non-empty xors T: 0.00
c [xor-together] xored together: 869 orig xors: 915 new xors: 46 T: 0.00
c [xor-rem-unconnected] left with 46 xors from 46 non-empty xors T: 0.00
c [xor-clean-equiv] removed equivalent xors: 0 left with: 46
c [matrix] unused xors from cleaning: 0
c [matrix] Good   matrix 0 46      x331    density:0.1275  xorlen avg: 42.20
c [matrix] Using 1 matrices recovered from 0 xors T: 0.00 T-out: N
c rst  geom best vmt  391   116 K 1330     9298   529 4.00    3.89     3241  4192   44K   101 23.53   23.48  
c rst  geom best vmt  392   116 K 1330     9298   529 4.00    3.89     3242  4198   44K   101 23.51   23.46  
c rst  geom stb  vmt  393   117 K 1330     9298   529 4.00    3.89     3243  4202   45K   101 23.63   23.59  
c [branch] adjusting to: vsid (from: vmtf) var_decay:0.95 descr: VSIDS
c rst  geom stb  vs   394   117 K 1330     9298   529 4.00    3.89     3243  4202   45K   101 23.61   23.57  
c rst  geom stb  vs   395   117 K 1330     9298   529 4.00    3.89     3243  4203   45K   101 23.59   23.55  
c rst  geom stb  vs   396   118 K 1330     9298   529 4.00    3.89     3244  4210   45K   101 23.57   23.53  
c rst  geom stb  vs   397   118 K 1330     9298   529 4.00    3.89     3244  4213   45K   101 23.54   23.50  
c rst  geom stb  vs   398   118 K 1330     9298   529 4.00    3.89     3244  4214   46K   101 23.51   23.47  
c rst  geom stb  vs   399   118 K 1330     9298   529 4.00    3.89     3244  4218   46K   101 23.48   23.44  
c rst  geom stb  vs   400   118 K 1330     9298   529 4.00    3.89     3244  4219   46K   101 23.44   23.40  
c rst  geom stb  vs   401   118 K 1330     9298   529 4.00    3.89     3245  4222   46K   101 23.40   23.36  
c rst  geom stb  vs   402   119 K 1330     9298   529 4.00    3.89     3245  4226   46K   101 23.34   23.30  
c rst  geom stb  vs   403   119 K 1330     9298   529 4.00    3.89     3245  4233   47K   101 23.30   23.27  
c rst  geom stb  vs   404   119 K 1330     9298   529 4.00    3.89     3245  4257   47K   101 23.25   23.21  
c rst  geom stb  vs   405   119 K 1330     9298   529 4.00    3.89     3246  4269   47K   101 23.18   23.15  
c rst  geom stb  vs   406   120 K 1330     9298   529 4.00    3.89     3563  4802   35K   101 23.72   23.67  
c rst  geom stb  vs   407   120 K 1330     9298   529 4.00    3.89     3565  4818   35K   101 23.62   23.57  
c rst  geom stb  vs   408   121 K 1330     9298   529 4.00    3.89     3565  4837   36K   101 23.54   23.49  
c rst  geom stb  vs   409   121 K 1330     9298   529 4.00    3.89     3566  4874   36K   101 23.45   23.40  
c rst  geom stb  vs   410   122 K 1330     9298   529 4.00    3.89     3566  4894   36K   101 23.33   23.28  
c rst  geom stb  vs   411   122 K 1330     9298   529 4.00    3.89     3567  4964   37K   101 23.19   23.15  
c [full-probe]  bin_only: 0 set: 0 repl: 0 T: 0.00 T-out: N T-r: 96.91%
c rst  geom stb  vs   412   123 K 1330     9298   529 4.00    3.89     3567  5024   38K   103 23.05   23.00  
c rst  geom ibes vs   413   123 K 1330     9298   529 4.00    3.89     3567  5099   38K   103 22.90   22.85  
c rst  geom ibes vs   414   124 K 1330     9298   529 4.00    3.89     3568  5203   39K   103 22.71   22.67  
c [g  <0] Disabling GJ-elim in this round.  Usefulness was: 19.7961%  over 523693 calls
c rst  geom ibes vs   415   125 K 1330     9298   529 4.00    3.89     3569  5332   39K   103 22.54   22.50  
c rst  geom ibes vs   416   126 K 1330     9298   529 4.00    3.89     3572  5470   40K   103 22.39   22.35  
c rst  geom ibes vs   417   127 K 1330     9298   529 4.00    3.89     3577  5778   41K   103 22.17   22.13  
c rst  geom ibes vs   418   128 K 1330     9298   529 4.00    3.89     3579  6111   42K   103 21.91   21.87  
c [distill-long-red0] cls tried: 351/351 T: 0.03 T-out: N T-r: 98.38%
c [distill-long-red1] cls tried: 24/5812 T: 0.01 T-out: Y T-r: -11.52%
c [distill] watch-based irred--  cl tried 3596     cl-sh 0     cl-rem 0    lit-rem 0      T: 0.00 T-out: N
c [distill] watch-based red  --  cl tried 7136     cl-sh 66    cl-rem 0    lit-rem 105    T: 0.01 T-out: Y
c rst  geom ibes vs   419   129 K 1330     9298   529 4.00    3.89     3591  6682   42K   104 21.65   21.61  
c rst  geom ibes vs   420   130 K 1330     9298   529 4.00    3.89     4670  6156   43K   105 21.35   21.31  
c rst  geom svd  vs   421   132 K 1330     9298   529 4.00    3.89     4677  6513   44K   105 21.10   21.06  
c rst  geom svd  vs   422   133 K 1330     9298   529 4.00    3.89     4701  7115   45K   108 20.79   20.76  
c [ccnr] tries: 0 steps: 262143 best found: 8
c [ccnr] tries: 0 steps: 524287 best found: 8
c [ccnr] tries: 0 steps: 786431 best found: 8
c [ccnr] saving best assignment phase to stable_polar
c [ccnr] bumping based on var unsat frequency: conflict_ct
c [ccnr] Bumped vars: 1333 bump type: 6
c [ccnr] time: 0.35
c rst  geom svd  vs   423   134 K 1330     9298   529 4.00    3.89     4705  7372   45K   108 20.64   20.61  
c recursive minimization cost OK: 222Kcost/(% lits removed)
c [gauss] XOR-encoding clauses are not detached, so no need to reattach them.
c [g 0] truth-find prop checks  : 383K
c [g 0] -> of which prop        : 20.99 %
c [g 0] -> of which confl       :  1.42 %
c [g 0] elim called             : 55K
c [g 0] ---> which lead to prop : 31.65 %
c [g 0] ---> which lead to confl:  0.59 %
c [g 0] size: 46    x 331  
c --> Executing strategy token: scc-vrepl
c [scc] new: 1 BP 0M T: 0.00
c [vrep] vars 1 lits 1664 rem-bin-cls 6 rem-long-cls 206 BP 0M T: 0.01
c --> Executing strategy token: sub-impl
c [impl-sub] bin: 5 T: 0.00 T-out: N w-visit: 2666
c --> Executing strategy token: breakid
c --> Executing OCC strategy token(s): 'occ-backw-sub-str,occ-clean-implicit,occ-bve,occ-bva,occ-ternary-res,occ-xor,'
c [occ] mem usage for occur 0      MB
c [occ] Linked in IRRED BIN by default: 528
c [occ] Linked in RED   BIN by default: 100
c [occ] mem usage for occur 0      MB
c Mem for watch alloc      : 5           MB (20.70     %)
c Mem for watch array      : 0           MB (0.21      %)
c --> Executing OCC strategy token: occ-backw-sub-str
c [occ-backw-sub-str-long-w-bins] subs: 480 str: 790 tried: 3938 0-depth ass: 0 T: 0.00 T-out: N T-r: 99.53%
c [occ-backw-sub-long-w-long] rem cl: 547 tried: 66988/66988 (100.0%) T: 0.01 T-out: N T-r: 86.47%
c [occ-backw-sub-str-long-w-long] sub: 20 str: 265 tried: 200964/66988 (300.0)  T: 0.07 T-out: N T-r: 75.79%
c [occ-backw-sub-str-w-added-long]  sub: 0 str: 0 0-depth ass: 0 T: 0.00 T-out: N T-r: 100.00%
c --> Executing OCC strategy token: occ-clean-implicit
c --> Executing OCC strategy token: occ-bve
c [occ-empty-res] Empty resolvent elimed: 0 T: 0.00 T-out: N
c [occ-bve] iter v-elim 1
c cl_inc_rate=1.0, var_dec_rate=1.0 (grow=0)
c Reduced to 1328 vars, 9786 cls (grow=0)
c [occ-bve] iter v-elim 13
c cl_inc_rate=1.0, var_dec_rate=1.0 (grow=8)
c Reduced to 1315 vars, 9831 cls (grow=8)
c x n vars       : 1315
c #try to eliminate:  2714
c #var-elim        :    14
c #T-o: N
c #T-r: 100.00%
c #T  : 0.04
c [occur] 0.02 is overhead
c [occur] link-in T: 0.02 cleanup T: 0.00
c --> Executing OCC strategy token: occ-bva
c --> Executing OCC strategy token: occ-ternary-res
c [occ-ternary-res] Ternary res-tri: 6 res-bin: 0 sub: 2 str: 0 T: 0.00 T-out: N T-r: 99.76%
c --> Executing OCC strategy token: occ-xor
c [occ-xor] sort occur list T: 0.00
c [xor-clean-equiv] removed equivalent xors: 0 left with: 911
c [occ-xor] found    911 avg sz 4.0 min sz  4 max sz  5 T: 0.00 T-out: N T-r: 99.99%
c --> Executing strategy token: card-find
c --> Executing strategy token: cl-consolidate
c Not consolidating memory.
c --> Executing strategy token: scc-vrepl
c [scc] new: 0 BP 0M T: 0.00
c --> Executing strategy token: renumber
c --> Executing strategy token: bosphorus
c --> Executing strategy token: louvain-comms
c [consolidate] mini T: 0.00
c global_timeout_multiplier: 3.6300
c [branch] rebuilding order heap for all branchings. Current branching: vsid
c [find&init matx] performing matrix init
c [gauss] XOR-encoding clauses are not detached, so no need to reattach them.
c [xor-rem-unconnected] left with 911 xors from 911 non-empty xors T: 0.00
c [xor-together] xored together: 874 orig xors: 911 new xors: 37 T: 0.00
c [xor-rem-unconnected] left with 37 xors from 37 non-empty xors T: 0.00
c [xor-clean-equiv] removed equivalent xors: 0 left with: 37
c [matrix] unused xors from cleaning: 0
c [matrix] Good   matrix  0     37 x  311  density:0.1677  xorlen avg: 52.16
c [matrix] Using 1 matrices recovered from 0 xors T: 0.00 T-out: N
c [distill-bin] useful: 1/536/536 lits-rem: 0 cl-rem: 0 0-depth-assigns: 1 T: 0.01 T-out: N
c rst  geom  svd   vs   424  135K    1313  9295   535    4.02    3.91  4491 10917   25K   107   16.56   16.52
c [branch] adjusting to: vmtf (from: vsid) var_decay:0.95 descr: VMTF
c [g  <0] Disabling GJ-elim in this round.  Usefulness was: 17.9622%  over 48435 calls
c rst  luby  svd  vmt   425  135K    1313  9295   535    4.02    3.91  4493 10946   25K   109   16.57   16.53
c rst  luby  svd  vmt   426  135K    1313  9295   535    4.02    3.91  4501 11013   25K   110   16.55   16.51
c rst  luby  svd  vmt   427  135K    1313  9295   535    4.02    3.91  4502 11075   25K   110   16.52   16.48
c rst  luby  svd  vmt   428  135K    1313  9295   535    4.02    3.91  4502 11100   25K   110   16.51   16.47
c rst  luby  svd  vmt   429  135K    1313  9295   535    4.02    3.91  4508 11157   25K   110   16.50   16.46
c rst  luby  svd  vmt   430  136K    1313  9295   535    4.02    3.91  4509 11217   26K   110   16.47   16.43
c rst  luby  svd  vmt   431  136K     135  5495  1198    3.79    3.47  1681   368   132    74    8.00    7.80
c ------- FINAL TOTAL SEARCH STATS ---------
c UIP search time          : 14.00       (97.99     % time)
c All times are for this thread only except if explicitly specified
c restarts                 : 431         (316.55    confls per restart)
c blocked restarts         : 0           (0.00      per normal restart)
c time                     : 14.00       
c decisions                : 149237      (0.00      % random)
c propagations             : 15059K      (1075K     props/s)
c decisions/conflicts      : 1.09        
c conflicts                : 136432      
c LEARNT stats
c units learnt             : 7           (0.01      % of conflicts)
c bins learnt              : 53          (0.04      % of conflicts)
c long learnt              : 136766      (100.24    % of conflicts)
c red which0               : 1079        (0.79      % of confl)
c SEAMLESS HYPERBIN&TRANS-RED stats
c advProp called           : 0           
c hyper-bin add bin        : 0           (0.00      bin/call)
c trans-red rem irred bin  : 0           (0.00      bin/call)
c trans-red rem red bin    : 0           (0.00      bin/call)
c CONFL LITS stats
c orig                     : 11593606    (84.98     lit/confl)
c recurs-min effective     : 124021      (90.90     % attempt successful)
c recurs-min lits          : 8136752     (70.18     % less overall)
c permDiff call%           : 7.46        (0.00      % attempt successful)
c permDiff lits-rem        : 0           (0.00      less lits/cl on attempts)
c further-min call%        : 0.10        (17.56     % attempt successful)
c bintri-min lits          : 68          (0.00      % less overall)
c final avg                : 25.34       
c all-threads sum CPU time : 14.00        s
c PROP stats
c Mbogo-props              : 58.36       (4.17      / sec)
c MHyper-props             : 0.03        (0.00      / sec)
c Mprops                   : 15.06       (1.08      / sec)
c -------- OccSimplifier STATS ----------
c time                     : 0.20        (0.00      % var-elim)
c called                   : 2           (0.10      s per call)
c 0-depth assigns          : 0           (0.00      % vars)
c -------- OccSimplifier STATS END ----------
c -------- SubsumeStrengthen STATS ----------
c cl-subs                  : 1577         Clauses
c cl-str rem lit           : 1285         Lits
c cl-sub T                 : 0.02         s
c cl-str T                 : 0.13         s
c -------- SubsumeStrengthen STATS END ----------
c ----- SCC STATS --------
c time                     : 0.01        (0.00      per call)
c called                   : 8           (1.62      new found per call)
c found                    : 13          (54.17     % of all found)
c bogoprops                : 235725      % of all found
c ----- SCC STATS END --------
c --------- VAR REPLACE STATS ----------
c time                     : 0.05        (0.01      per call)
c trees' crown             : 12          (0.48      % of vars)
c 0-depth assigns          : 0           (0.00      % vars)
c lits replaced            : 85363       
c bin cls removed          : 55          
c long cls removed         : 222         
c long lits removed        : 2589        
c bogoprops                : 1815761     
c --------- VAR REPLACE STATS END ----------
c vrep replace time        : 0.05        (0.36      % time)
c vrep tree roots          : 6           
c vrep trees' crown        : 12          (2.00      leafs/tree)
c -------- DISTILL-BIN STATS --------
c time                     : 0.04        (0.01      per call)
c timed out                : 0           (0.00      % of calls)
c distill/checked/potential: 1          /5271/5271
c lits-rem                 : 0           
c 0-depth-assigns          : 1           (0.04      % of vars)
c -------- DISTILL STATS END --------
c -------- STRENGTHEN STATS --------
c --> watch-based on irred cls
c time                     : 0.02        (0.00      s/call)
c shrinked/tried/total     : 0          /45650/90674
c subsumed/tried/total     : 6          /45650/90674
c lits-rem                 : 0           (0.00      % of lits tried)
c called                   : 10          (0.00      % ran out of time)
c --> watch-based on red cls
c time                     : 0.02        (0.00      s/call)
c shrinked/tried/total     : 412        /20904/20926
c subsumed/tried/total     : 6          /20904/20926
c lits-rem                 : 617         (0.45      % of lits tried)
c called                   : 10          (220.00    % ran out of time)
c -------- STRENGTHEN STATS END --------
c -------- IMPLICIT SUB  STATS --------
c time                     : 0.00        (0.00      per call)
c timed out                : 0           (0.00      % of calls)
c rem bins                 : 23          
c -------- IMPLICIT SUB STATS END --------
c Mem used                 : 28          MB
c Mem for longclauses      : 6           MB (22.85     %)
c Mem for watch alloc      : 6           MB (22.79     %)
c Mem for watch array      : 0           MB (0.21      %)
c Mem for assings&vardata  : 0           MB (0.21      %)
c Mem for search&solve     : 0           MB (0.51      %)
c Mem for renumberer       : 0           MB (0.10      %)
c Mem for occsimplifier    : 0           MB (3.36      %)
c Mem for varReplacer&SCC  : 0           MB (0.18      %)
c Mem for impl subsume     : 0           MB (0.00      %)
c Mem for 3 distills       : 0           MB (0.00      %)
c Accounted for mem (rss)  : 50.21       %
c Accounted for mem (vm)   : 41.91       %
c restarts                 : 431         (316.55    confls per restart)
c blocked restarts         : 0           (0.00      per normal restart)
c time                     : 14.00       
c decisions                : 149237      (0.00      % random)
c propagations             : 15059K      (1075K     props/s)
c decisions/conflicts      : 1.09        
c conflicts                : 136432      
c conf lits non-minim      : 11593606    (84.98     lit/confl)
c conf lits final          : 25.34       
c red which0               : 1079        (0.79      % of confl)
c props/decision           : 0.00        
c props/conflict           : 0.00        
c 0-depth assigns          : 1182        (88.67     % vars)
c 0-depth assigns by CNF   : 0           (0.00      % vars)
c reduceDB time            : 0.02        (0.11      % time)
c OccSimplifier time       : 0.20        (1.39      % time)
c [occur] 0.04 is overhead
c [occur] link-in T: 0.03 cleanup T: 0.01
c [occ-substr] long subBySub: 939 subByStr: 638 lits-rem-str: 1285 T: 0.15
c SCC time                 : 0.01        (0.06      % time)
c [scc] new: 13 BP 0M  T: 0.01
c vrep replace time        : 0.05        (0.36      % time)
c vrep tree roots          : 6           
c vrep trees' crown        : 12          (2.00      leafs/tree)
c distill long time        : 0.40        (2.83      % time)
c distill bin time         : 0.04        (0.25      % time)
c strength cache-irred time: 0.02        (0.14      % time)
c strength cache-red time  : 0.02        (0.14      % time)
c avg cls in red 0         : 1831.92     
c avg cls in red 1         : 2257.21     
c avg cls in red 2         : 29178.18    
c Conflicts in UIP         : 136432      (9546.33   confl/time_this_thread)
c Max Memory (rss) used    : 29784 kB    
c Total time (this thread) : 14.29       
s UNSATISFIABLE
c [g 0] truth-find prop checks  : 34K
c [g 0] -> of which prop        : 15.90 %
c [g 0] -> of which confl       :  1.29 %
c [g 0] elim called             : 7719
c [g 0] ---> which lead to prop : 34.24 %
c [g 0] ---> which lead to confl:  1.02 %
c [g 0] size: 37    x 311  
