{
  "relation_count": 31,
  "n_attempts": 250,
  "pool_size_N": 96,
  "yield_rate": 0.124,
  "expected_count_modeled": 8.795773142351036,
  "expected_per_target_modeled": 0.03518309256940415,
  "certificate_pass_count": 31,
  "certificate_fail_count": 0,
  "certificate_pass_rate": 1.0,
  "hits_sample": [
    {
      "attempt": 12,
      "R": [
        125676,
        109595
      ],
      "P": [
        88216,
        35045
      ],
      "Q": [
        98616,
        119952
      ]
    },
    {
      "attempt": 17,
      "R": [
        42826,
        63211
      ],
      "P": [
        29552,
        14884
      ],
      "Q": [
        14714,
        17249
      ]
    },
    {
      "attempt": 19,
      "R": [
        9636,
        22380
      ],
      "P": [
        117208,
        42375
      ],
      "Q": [
        56230,
        55487
      ]
    },
    {
      "attempt": 20,
      "R": [
        85034,
        32264
      ],
      "P": [
        83132,
        69173
      ],
      "Q": [
        71364,
        40928
      ]
    },
    {
      "attempt": 27,
      "R": [
        122402,
        103188
      ],
      "P": [
        107602,
        77413
      ],
      "Q": [
        71364,
        40928
      ]
    }
  ]
}