[0] building F0 and the six per-candidate fibre families ...
[1] R3-OUT-4: the per-candidate fibre guard (obligation (d))
    ASSERTING AND PRINTING, per candidate, per fibre family and per
    lattice, WHICH DECLARED ARGUMENTS WERE VERIFIED CONSTANT across
    the basis index i = 0..7.
    X_null                 F0|fib_s2|PIN-DET        L1    const=d,k,beta,q,abs(det B)  vary=-  nuisance_ok=True
    X_null                 F0|fib_s2|PIN-DET        L2    const=d,k,beta,q,abs(det B)  vary=-  nuisance_ok=True
    X_null                 F0|fib_s2|PIN-DET        L4    const=d,k,beta,q,abs(det B)  vary=-  nuisance_ok=True
    X_null                 F0|fib_s2|PIN-DET        L5    const=d,k,beta,q,abs(det B)  vary=-  nuisance_ok=True
    X_null                 F0|fib_s2|PIN-DET        L7    const=d,k,beta,q,abs(det B)  vary=-  nuisance_ok=True
    X_null                 F0|fib_s2|PIN-DET        L8    const=d,k,beta,q,abs(det B)  vary=-  nuisance_ok=True
    X_null                 F0|fib_s2|PIN-DET        L9    const=d,k,beta,q,abs(det B)  vary=-  nuisance_ok=True
    X_null                 F0|fib_s2|PIN-DET        L10   const=d,k,beta,q,abs(det B)  vary=-  nuisance_ok=True
    X_null                 F0|fib_s2|PIN-DET        L11   const=d,k,beta,q,abs(det B)  vary=-  nuisance_ok=True
    X_null                 F0|fib_s2|PIN-DET        L12   const=d,k,beta,q,abs(det B)  vary=-  nuisance_ok=True
    X_null                 F0|fib_s3|PIN-DET        L1    const=d,k,beta,q,abs(det B)  vary=-  nuisance_ok=True
    X_null                 F0|fib_s3|PIN-DET        L2    const=d,k,beta,q,abs(det B)  vary=-  nuisance_ok=True
    X_null                 F0|fib_s3|PIN-DET        L4    const=d,k,beta,q,abs(det B)  vary=-  nuisance_ok=True
    X_null                 F0|fib_s3|PIN-DET        L5    const=d,k,beta,q,abs(det B)  vary=-  nuisance_ok=True
    X_null                 F0|fib_s3|PIN-DET        L7    const=d,k,beta,q,abs(det B)  vary=-  nuisance_ok=True
    X_null                 F0|fib_s3|PIN-DET        L8    const=d,k,beta,q,abs(det B)  vary=-  nuisance_ok=True
    X_null                 F0|fib_s3|PIN-DET        L9    const=d,k,beta,q,abs(det B)  vary=-  nuisance_ok=True
    X_null                 F0|fib_s3|PIN-DET        L10   const=d,k,beta,q,abs(det B)  vary=-  nuisance_ok=True
    X_null                 F0|fib_s3|PIN-DET        L11   const=d,k,beta,q,abs(det B)  vary=-  nuisance_ok=True
    X_null                 F0|fib_s3|PIN-DET        L12   const=d,k,beta,q,abs(det B)  vary=-  nuisance_ok=True
    X_null                 F0|fib_s4|PIN-DET        L1    const=d,k,beta,q,abs(det B)  vary=-  nuisance_ok=True
    X_null                 F0|fib_s4|PIN-DET        L2    const=d,k,beta,q,abs(det B)  vary=-  nuisance_ok=True
    X_null                 F0|fib_s4|PIN-DET        L4    const=d,k,beta,q,abs(det B)  vary=-  nuisance_ok=True
    X_null                 F0|fib_s4|PIN-DET        L5    const=d,k,beta,q,abs(det B)  vary=-  nuisance_ok=True
    X_null                 F0|fib_s4|PIN-DET        L7    const=d,k,beta,q,abs(det B)  vary=-  nuisance_ok=True
    X_null                 F0|fib_s4|PIN-DET        L8    const=d,k,beta,q,abs(det B)  vary=-  nuisance_ok=True
    X_null                 F0|fib_s4|PIN-DET        L9    const=d,k,beta,q,abs(det B)  vary=-  nuisance_ok=True
    X_null                 F0|fib_s4|PIN-DET        L10   const=d,k,beta,q,abs(det B)  vary=-  nuisance_ok=True
    X_null                 F0|fib_s4|PIN-DET        L11   const=d,k,beta,q,abs(det B)  vary=-  nuisance_ok=True
    X_null                 F0|fib_s4|PIN-DET        L12   const=d,k,beta,q,abs(det B)  vary=-  nuisance_ok=True
    rdet                   F0|fib_s2|PIN-DET        L1    const=d,abs(det B)  vary=-  nuisance_ok=True
    rdet                   F0|fib_s2|PIN-DET        L2    const=d,abs(det B)  vary=-  nuisance_ok=True
    rdet                   F0|fib_s2|PIN-DET        L4    const=d,abs(det B)  vary=-  nuisance_ok=True
    rdet                   F0|fib_s2|PIN-DET        L5    const=d,abs(det B)  vary=-  nuisance_ok=True
    rdet                   F0|fib_s2|PIN-DET        L7    const=d,abs(det B)  vary=-  nuisance_ok=True
    rdet                   F0|fib_s2|PIN-DET        L8    const=d,abs(det B)  vary=-  nuisance_ok=True
    rdet                   F0|fib_s2|PIN-DET        L9    const=d,abs(det B)  vary=-  nuisance_ok=True
    rdet                   F0|fib_s2|PIN-DET        L10   const=d,abs(det B)  vary=-  nuisance_ok=True
    rdet                   F0|fib_s2|PIN-DET        L11   const=d,abs(det B)  vary=-  nuisance_ok=True
    rdet                   F0|fib_s2|PIN-DET        L12   const=d,abs(det B)  vary=-  nuisance_ok=True
    rdet                   F0|fib_s3|PIN-DET        L1    const=d,abs(det B)  vary=-  nuisance_ok=True
    rdet                   F0|fib_s3|PIN-DET        L2    const=d,abs(det B)  vary=-  nuisance_ok=True
    rdet                   F0|fib_s3|PIN-DET        L4    const=d,abs(det B)  vary=-  nuisance_ok=True
    rdet                   F0|fib_s3|PIN-DET        L5    const=d,abs(det B)  vary=-  nuisance_ok=True
    rdet                   F0|fib_s3|PIN-DET        L7    const=d,abs(det B)  vary=-  nuisance_ok=True
    rdet                   F0|fib_s3|PIN-DET        L8    const=d,abs(det B)  vary=-  nuisance_ok=True
    rdet                   F0|fib_s3|PIN-DET        L9    const=d,abs(det B)  vary=-  nuisance_ok=True
    rdet                   F0|fib_s3|PIN-DET        L10   const=d,abs(det B)  vary=-  nuisance_ok=True
    rdet                   F0|fib_s3|PIN-DET        L11   const=d,abs(det B)  vary=-  nuisance_ok=True
    rdet                   F0|fib_s3|PIN-DET        L12   const=d,abs(det B)  vary=-  nuisance_ok=True
    rdet                   F0|fib_s4|PIN-DET        L1    const=d,abs(det B)  vary=-  nuisance_ok=True
    rdet                   F0|fib_s4|PIN-DET        L2    const=d,abs(det B)  vary=-  nuisance_ok=True
    rdet                   F0|fib_s4|PIN-DET        L4    const=d,abs(det B)  vary=-  nuisance_ok=True
    rdet                   F0|fib_s4|PIN-DET        L5    const=d,abs(det B)  vary=-  nuisance_ok=True
    rdet                   F0|fib_s4|PIN-DET        L7    const=d,abs(det B)  vary=-  nuisance_ok=True
    rdet                   F0|fib_s4|PIN-DET        L8    const=d,abs(det B)  vary=-  nuisance_ok=True
    rdet                   F0|fib_s4|PIN-DET        L9    const=d,abs(det B)  vary=-  nuisance_ok=True
    rdet                   F0|fib_s4|PIN-DET        L10   const=d,abs(det B)  vary=-  nuisance_ok=True
    rdet                   F0|fib_s4|PIN-DET        L11   const=d,abs(det B)  vary=-  nuisance_ok=True
    rdet                   F0|fib_s4|PIN-DET        L12   const=d,abs(det B)  vary=-  nuisance_ok=True
    X_parfree              F0|fib_s2|PIN-DET        L1    const=d,k,abs(det B)  vary=-  nuisance_ok=True
    X_parfree              F0|fib_s2|PIN-DET        L2    const=d,k,abs(det B)  vary=-  nuisance_ok=True
    X_parfree              F0|fib_s2|PIN-DET        L4    const=d,k,abs(det B)  vary=-  nuisance_ok=True
    X_parfree              F0|fib_s2|PIN-DET        L5    const=d,k,abs(det B)  vary=-  nuisance_ok=True
    X_parfree              F0|fib_s2|PIN-DET        L7    const=d,k,abs(det B)  vary=-  nuisance_ok=True
    X_parfree              F0|fib_s2|PIN-DET        L8    const=d,k,abs(det B)  vary=-  nuisance_ok=True
    X_parfree              F0|fib_s2|PIN-DET        L9    const=d,k,abs(det B)  vary=-  nuisance_ok=True
    X_parfree              F0|fib_s2|PIN-DET        L10   const=d,k,abs(det B)  vary=-  nuisance_ok=True
    X_parfree              F0|fib_s2|PIN-DET        L11   const=d,k,abs(det B)  vary=-  nuisance_ok=True
    X_parfree              F0|fib_s2|PIN-DET        L12   const=d,k,abs(det B)  vary=-  nuisance_ok=True
    X_parfree              F0|fib_s3|PIN-DET        L1    const=d,k,abs(det B)  vary=-  nuisance_ok=True
    X_parfree              F0|fib_s3|PIN-DET        L2    const=d,k,abs(det B)  vary=-  nuisance_ok=True
    X_parfree              F0|fib_s3|PIN-DET        L4    const=d,k,abs(det B)  vary=-  nuisance_ok=True
    X_parfree              F0|fib_s3|PIN-DET        L5    const=d,k,abs(det B)  vary=-  nuisance_ok=True
    X_parfree              F0|fib_s3|PIN-DET        L7    const=d,k,abs(det B)  vary=-  nuisance_ok=True
    X_parfree              F0|fib_s3|PIN-DET        L8    const=d,k,abs(det B)  vary=-  nuisance_ok=True
    X_parfree              F0|fib_s3|PIN-DET        L9    const=d,k,abs(det B)  vary=-  nuisance_ok=True
    X_parfree              F0|fib_s3|PIN-DET        L10   const=d,k,abs(det B)  vary=-  nuisance_ok=True
    X_parfree              F0|fib_s3|PIN-DET        L11   const=d,k,abs(det B)  vary=-  nuisance_ok=True
    X_parfree              F0|fib_s3|PIN-DET        L12   const=d,k,abs(det B)  vary=-  nuisance_ok=True
    X_parfree              F0|fib_s4|PIN-DET        L1    const=d,k,abs(det B)  vary=-  nuisance_ok=True
    X_parfree              F0|fib_s4|PIN-DET        L2    const=d,k,abs(det B)  vary=-  nuisance_ok=True
    X_parfree              F0|fib_s4|PIN-DET        L4    const=d,k,abs(det B)  vary=-  nuisance_ok=True
    X_parfree              F0|fib_s4|PIN-DET        L5    const=d,k,abs(det B)  vary=-  nuisance_ok=True
    X_parfree              F0|fib_s4|PIN-DET        L7    const=d,k,abs(det B)  vary=-  nuisance_ok=True
    X_parfree              F0|fib_s4|PIN-DET        L8    const=d,k,abs(det B)  vary=-  nuisance_ok=True
    X_parfree              F0|fib_s4|PIN-DET        L9    const=d,k,abs(det B)  vary=-  nuisance_ok=True
    X_parfree              F0|fib_s4|PIN-DET        L10   const=d,k,abs(det B)  vary=-  nuisance_ok=True
    X_parfree              F0|fib_s4|PIN-DET        L11   const=d,k,abs(det B)  vary=-  nuisance_ok=True
    X_parfree              F0|fib_s4|PIN-DET        L12   const=d,k,abs(det B)  vary=-  nuisance_ok=True
    V_evade                F0|fib_s2|PIN-DET+PIN-A00 L1    const=d,k,beta,q,abs(det B),A[0,0]  vary=-  nuisance_ok=True
    V_evade                F0|fib_s2|PIN-DET+PIN-A00 L2    const=d,k,beta,q,abs(det B),A[0,0]  vary=-  nuisance_ok=True
    V_evade                F0|fib_s2|PIN-DET+PIN-A00 L4    const=d,k,beta,q,abs(det B),A[0,0]  vary=-  nuisance_ok=True
    V_evade                F0|fib_s2|PIN-DET+PIN-A00 L5    const=d,k,beta,q,abs(det B),A[0,0]  vary=-  nuisance_ok=True
    V_evade                F0|fib_s2|PIN-DET+PIN-A00 L7    const=d,k,beta,q,abs(det B),A[0,0]  vary=-  nuisance_ok=True
    V_evade                F0|fib_s2|PIN-DET+PIN-A00 L8    const=d,k,beta,q,abs(det B),A[0,0]  vary=-  nuisance_ok=True
    V_evade                F0|fib_s2|PIN-DET+PIN-A00 L9    const=d,k,beta,q,abs(det B),A[0,0]  vary=-  nuisance_ok=True
    V_evade                F0|fib_s2|PIN-DET+PIN-A00 L10   const=d,k,beta,q,abs(det B),A[0,0]  vary=-  nuisance_ok=True
    V_evade                F0|fib_s2|PIN-DET+PIN-A00 L11   const=d,k,beta,q,abs(det B),A[0,0]  vary=-  nuisance_ok=True
    V_evade                F0|fib_s2|PIN-DET+PIN-A00 L12   const=d,k,beta,q,abs(det B),A[0,0]  vary=-  nuisance_ok=True
    V_evade                F0|fib_s3|PIN-DET+PIN-A00 L1    const=d,k,beta,q,abs(det B),A[0,0]  vary=-  nuisance_ok=True
    V_evade                F0|fib_s3|PIN-DET+PIN-A00 L2    const=d,k,beta,q,abs(det B),A[0,0]  vary=-  nuisance_ok=True
    V_evade                F0|fib_s3|PIN-DET+PIN-A00 L4    const=d,k,beta,q,abs(det B),A[0,0]  vary=-  nuisance_ok=True
    V_evade                F0|fib_s3|PIN-DET+PIN-A00 L5    const=d,k,beta,q,abs(det B),A[0,0]  vary=-  nuisance_ok=True
    V_evade                F0|fib_s3|PIN-DET+PIN-A00 L7    const=d,k,beta,q,abs(det B),A[0,0]  vary=-  nuisance_ok=True
    V_evade                F0|fib_s3|PIN-DET+PIN-A00 L8    const=d,k,beta,q,abs(det B),A[0,0]  vary=-  nuisance_ok=True
    V_evade                F0|fib_s3|PIN-DET+PIN-A00 L9    const=d,k,beta,q,abs(det B),A[0,0]  vary=-  nuisance_ok=True
    V_evade                F0|fib_s3|PIN-DET+PIN-A00 L10   const=d,k,beta,q,abs(det B),A[0,0]  vary=-  nuisance_ok=True
    V_evade                F0|fib_s3|PIN-DET+PIN-A00 L11   const=d,k,beta,q,abs(det B),A[0,0]  vary=-  nuisance_ok=True
    V_evade                F0|fib_s3|PIN-DET+PIN-A00 L12   const=d,k,beta,q,abs(det B),A[0,0]  vary=-  nuisance_ok=True
    V_evade                F0|fib_s4|PIN-DET+PIN-A00 L1    const=d,k,beta,q,abs(det B),A[0,0]  vary=-  nuisance_ok=True
    V_evade                F0|fib_s4|PIN-DET+PIN-A00 L2    const=d,k,beta,q,abs(det B),A[0,0]  vary=-  nuisance_ok=True
    V_evade                F0|fib_s4|PIN-DET+PIN-A00 L4    const=d,k,beta,q,abs(det B),A[0,0]  vary=-  nuisance_ok=True
    V_evade                F0|fib_s4|PIN-DET+PIN-A00 L5    const=d,k,beta,q,abs(det B),A[0,0]  vary=-  nuisance_ok=True
    V_evade                F0|fib_s4|PIN-DET+PIN-A00 L7    const=d,k,beta,q,abs(det B),A[0,0]  vary=-  nuisance_ok=True
    V_evade                F0|fib_s4|PIN-DET+PIN-A00 L8    const=d,k,beta,q,abs(det B),A[0,0]  vary=-  nuisance_ok=True
    V_evade                F0|fib_s4|PIN-DET+PIN-A00 L9    const=d,k,beta,q,abs(det B),A[0,0]  vary=-  nuisance_ok=True
    V_evade                F0|fib_s4|PIN-DET+PIN-A00 L10   const=d,k,beta,q,abs(det B),A[0,0]  vary=-  nuisance_ok=True
    V_evade                F0|fib_s4|PIN-DET+PIN-A00 L11   const=d,k,beta,q,abs(det B),A[0,0]  vary=-  nuisance_ok=True
    V_evade                F0|fib_s4|PIN-DET+PIN-A00 L12   const=d,k,beta,q,abs(det B),A[0,0]  vary=-  nuisance_ok=True
    X_lambda[lambda=0.0]   F0|fib_s2|PIN-DET+PIN-A00 L1    const=d,k,beta,q,abs(det B),A[0,0],lambda  vary=-  nuisance_ok=True
    X_lambda[lambda=0.0]   F0|fib_s2|PIN-DET+PIN-A00 L2    const=d,k,beta,q,abs(det B),A[0,0],lambda  vary=-  nuisance_ok=True
    X_lambda[lambda=0.0]   F0|fib_s2|PIN-DET+PIN-A00 L4    const=d,k,beta,q,abs(det B),A[0,0],lambda  vary=-  nuisance_ok=True
    X_lambda[lambda=0.0]   F0|fib_s2|PIN-DET+PIN-A00 L5    const=d,k,beta,q,abs(det B),A[0,0],lambda  vary=-  nuisance_ok=True
    X_lambda[lambda=0.0]   F0|fib_s2|PIN-DET+PIN-A00 L7    const=d,k,beta,q,abs(det B),A[0,0],lambda  vary=-  nuisance_ok=True
    X_lambda[lambda=0.0]   F0|fib_s2|PIN-DET+PIN-A00 L8    const=d,k,beta,q,abs(det B),A[0,0],lambda  vary=-  nuisance_ok=True
    X_lambda[lambda=0.0]   F0|fib_s2|PIN-DET+PIN-A00 L9    const=d,k,beta,q,abs(det B),A[0,0],lambda  vary=-  nuisance_ok=True
    X_lambda[lambda=0.0]   F0|fib_s2|PIN-DET+PIN-A00 L10   const=d,k,beta,q,abs(det B),A[0,0],lambda  vary=-  nuisance_ok=True
    X_lambda[lambda=0.0]   F0|fib_s2|PIN-DET+PIN-A00 L11   const=d,k,beta,q,abs(det B),A[0,0],lambda  vary=-  nuisance_ok=True
    X_lambda[lambda=0.0]   F0|fib_s2|PIN-DET+PIN-A00 L12   const=d,k,beta,q,abs(det B),A[0,0],lambda  vary=-  nuisance_ok=True
    X_lambda[lambda=0.0]   F0|fib_s3|PIN-DET+PIN-A00 L1    const=d,k,beta,q,abs(det B),A[0,0],lambda  vary=-  nuisance_ok=True
    X_lambda[lambda=0.0]   F0|fib_s3|PIN-DET+PIN-A00 L2    const=d,k,beta,q,abs(det B),A[0,0],lambda  vary=-  nuisance_ok=True
    X_lambda[lambda=0.0]   F0|fib_s3|PIN-DET+PIN-A00 L4    const=d,k,beta,q,abs(det B),A[0,0],lambda  vary=-  nuisance_ok=True
    X_lambda[lambda=0.0]   F0|fib_s3|PIN-DET+PIN-A00 L5    const=d,k,beta,q,abs(det B),A[0,0],lambda  vary=-  nuisance_ok=True
    X_lambda[lambda=0.0]   F0|fib_s3|PIN-DET+PIN-A00 L7    const=d,k,beta,q,abs(det B),A[0,0],lambda  vary=-  nuisance_ok=True
    X_lambda[lambda=0.0]   F0|fib_s3|PIN-DET+PIN-A00 L8    const=d,k,beta,q,abs(det B),A[0,0],lambda  vary=-  nuisance_ok=True
    X_lambda[lambda=0.0]   F0|fib_s3|PIN-DET+PIN-A00 L9    const=d,k,beta,q,abs(det B),A[0,0],lambda  vary=-  nuisance_ok=True
    X_lambda[lambda=0.0]   F0|fib_s3|PIN-DET+PIN-A00 L10   const=d,k,beta,q,abs(det B),A[0,0],lambda  vary=-  nuisance_ok=True
    X_lambda[lambda=0.0]   F0|fib_s3|PIN-DET+PIN-A00 L11   const=d,k,beta,q,abs(det B),A[0,0],lambda  vary=-  nuisance_ok=True
    X_lambda[lambda=0.0]   F0|fib_s3|PIN-DET+PIN-A00 L12   const=d,k,beta,q,abs(det B),A[0,0],lambda  vary=-  nuisance_ok=True
    X_lambda[lambda=0.0]   F0|fib_s4|PIN-DET+PIN-A00 L1    const=d,k,beta,q,abs(det B),A[0,0],lambda  vary=-  nuisance_ok=True
    X_lambda[lambda=0.0]   F0|fib_s4|PIN-DET+PIN-A00 L2    const=d,k,beta,q,abs(det B),A[0,0],lambda  vary=-  nuisance_ok=True
    X_lambda[lambda=0.0]   F0|fib_s4|PIN-DET+PIN-A00 L4    const=d,k,beta,q,abs(det B),A[0,0],lambda  vary=-  nuisance_ok=True
    X_lambda[lambda=0.0]   F0|fib_s4|PIN-DET+PIN-A00 L5    const=d,k,beta,q,abs(det B),A[0,0],lambda  vary=-  nuisance_ok=True
    X_lambda[lambda=0.0]   F0|fib_s4|PIN-DET+PIN-A00 L7    const=d,k,beta,q,abs(det B),A[0,0],lambda  vary=-  nuisance_ok=True
    X_lambda[lambda=0.0]   F0|fib_s4|PIN-DET+PIN-A00 L8    const=d,k,beta,q,abs(det B),A[0,0],lambda  vary=-  nuisance_ok=True
    X_lambda[lambda=0.0]   F0|fib_s4|PIN-DET+PIN-A00 L9    const=d,k,beta,q,abs(det B),A[0,0],lambda  vary=-  nuisance_ok=True
    X_lambda[lambda=0.0]   F0|fib_s4|PIN-DET+PIN-A00 L10   const=d,k,beta,q,abs(det B),A[0,0],lambda  vary=-  nuisance_ok=True
    X_lambda[lambda=0.0]   F0|fib_s4|PIN-DET+PIN-A00 L11   const=d,k,beta,q,abs(det B),A[0,0],lambda  vary=-  nuisance_ok=True
    X_lambda[lambda=0.0]   F0|fib_s4|PIN-DET+PIN-A00 L12   const=d,k,beta,q,abs(det B),A[0,0],lambda  vary=-  nuisance_ok=True
    X_lambda[lambda=1e-12] F0|fib_s2|PIN-DET+PIN-A00 L1    const=d,k,beta,q,abs(det B),A[0,0],lambda  vary=-  nuisance_ok=True
    X_lambda[lambda=1e-12] F0|fib_s2|PIN-DET+PIN-A00 L2    const=d,k,beta,q,abs(det B),A[0,0],lambda  vary=-  nuisance_ok=True
    X_lambda[lambda=1e-12] F0|fib_s2|PIN-DET+PIN-A00 L4    const=d,k,beta,q,abs(det B),A[0,0],lambda  vary=-  nuisance_ok=True
    X_lambda[lambda=1e-12] F0|fib_s2|PIN-DET+PIN-A00 L5    const=d,k,beta,q,abs(det B),A[0,0],lambda  vary=-  nuisance_ok=True
    X_lambda[lambda=1e-12] F0|fib_s2|PIN-DET+PIN-A00 L7    const=d,k,beta,q,abs(det B),A[0,0],lambda  vary=-  nuisance_ok=True
    X_lambda[lambda=1e-12] F0|fib_s2|PIN-DET+PIN-A00 L8    const=d,k,beta,q,abs(det B),A[0,0],lambda  vary=-  nuisance_ok=True
    X_lambda[lambda=1e-12] F0|fib_s2|PIN-DET+PIN-A00 L9    const=d,k,beta,q,abs(det B),A[0,0],lambda  vary=-  nuisance_ok=True
    X_lambda[lambda=1e-12] F0|fib_s2|PIN-DET+PIN-A00 L10   const=d,k,beta,q,abs(det B),A[0,0],lambda  vary=-  nuisance_ok=True
    X_lambda[lambda=1e-12] F0|fib_s2|PIN-DET+PIN-A00 L11   const=d,k,beta,q,abs(det B),A[0,0],lambda  vary=-  nuisance_ok=True
    X_lambda[lambda=1e-12] F0|fib_s2|PIN-DET+PIN-A00 L12   const=d,k,beta,q,abs(det B),A[0,0],lambda  vary=-  nuisance_ok=True
    X_lambda[lambda=1e-12] F0|fib_s3|PIN-DET+PIN-A00 L1    const=d,k,beta,q,abs(det B),A[0,0],lambda  vary=-  nuisance_ok=True
    X_lambda[lambda=1e-12] F0|fib_s3|PIN-DET+PIN-A00 L2    const=d,k,beta,q,abs(det B),A[0,0],lambda  vary=-  nuisance_ok=True
    X_lambda[lambda=1e-12] F0|fib_s3|PIN-DET+PIN-A00 L4    const=d,k,beta,q,abs(det B),A[0,0],lambda  vary=-  nuisance_ok=True
    X_lambda[lambda=1e-12] F0|fib_s3|PIN-DET+PIN-A00 L5    const=d,k,beta,q,abs(det B),A[0,0],lambda  vary=-  nuisance_ok=True
    X_lambda[lambda=1e-12] F0|fib_s3|PIN-DET+PIN-A00 L7    const=d,k,beta,q,abs(det B),A[0,0],lambda  vary=-  nuisance_ok=True
    X_lambda[lambda=1e-12] F0|fib_s3|PIN-DET+PIN-A00 L8    const=d,k,beta,q,abs(det B),A[0,0],lambda  vary=-  nuisance_ok=True
    X_lambda[lambda=1e-12] F0|fib_s3|PIN-DET+PIN-A00 L9    const=d,k,beta,q,abs(det B),A[0,0],lambda  vary=-  nuisance_ok=True
    X_lambda[lambda=1e-12] F0|fib_s3|PIN-DET+PIN-A00 L10   const=d,k,beta,q,abs(det B),A[0,0],lambda  vary=-  nuisance_ok=True
    X_lambda[lambda=1e-12] F0|fib_s3|PIN-DET+PIN-A00 L11   const=d,k,beta,q,abs(det B),A[0,0],lambda  vary=-  nuisance_ok=True
    X_lambda[lambda=1e-12] F0|fib_s3|PIN-DET+PIN-A00 L12   const=d,k,beta,q,abs(det B),A[0,0],lambda  vary=-  nuisance_ok=True
    X_lambda[lambda=1e-12] F0|fib_s4|PIN-DET+PIN-A00 L1    const=d,k,beta,q,abs(det B),A[0,0],lambda  vary=-  nuisance_ok=True
    X_lambda[lambda=1e-12] F0|fib_s4|PIN-DET+PIN-A00 L2    const=d,k,beta,q,abs(det B),A[0,0],lambda  vary=-  nuisance_ok=True
    X_lambda[lambda=1e-12] F0|fib_s4|PIN-DET+PIN-A00 L4    const=d,k,beta,q,abs(det B),A[0,0],lambda  vary=-  nuisance_ok=True
    X_lambda[lambda=1e-12] F0|fib_s4|PIN-DET+PIN-A00 L5    const=d,k,beta,q,abs(det B),A[0,0],lambda  vary=-  nuisance_ok=True
    X_lambda[lambda=1e-12] F0|fib_s4|PIN-DET+PIN-A00 L7    const=d,k,beta,q,abs(det B),A[0,0],lambda  vary=-  nuisance_ok=True
    X_lambda[lambda=1e-12] F0|fib_s4|PIN-DET+PIN-A00 L8    const=d,k,beta,q,abs(det B),A[0,0],lambda  vary=-  nuisance_ok=True
    X_lambda[lambda=1e-12] F0|fib_s4|PIN-DET+PIN-A00 L9    const=d,k,beta,q,abs(det B),A[0,0],lambda  vary=-  nuisance_ok=True
    X_lambda[lambda=1e-12] F0|fib_s4|PIN-DET+PIN-A00 L10   const=d,k,beta,q,abs(det B),A[0,0],lambda  vary=-  nuisance_ok=True
    X_lambda[lambda=1e-12] F0|fib_s4|PIN-DET+PIN-A00 L11   const=d,k,beta,q,abs(det B),A[0,0],lambda  vary=-  nuisance_ok=True
    X_lambda[lambda=1e-12] F0|fib_s4|PIN-DET+PIN-A00 L12   const=d,k,beta,q,abs(det B),A[0,0],lambda  vary=-  nuisance_ok=True
    X_lambda[lambda=1e-10] F0|fib_s2|PIN-DET+PIN-A00 L1    const=d,k,beta,q,abs(det B),A[0,0],lambda  vary=-  nuisance_ok=True
    X_lambda[lambda=1e-10] F0|fib_s2|PIN-DET+PIN-A00 L2    const=d,k,beta,q,abs(det B),A[0,0],lambda  vary=-  nuisance_ok=True
    X_lambda[lambda=1e-10] F0|fib_s2|PIN-DET+PIN-A00 L4    const=d,k,beta,q,abs(det B),A[0,0],lambda  vary=-  nuisance_ok=True
    X_lambda[lambda=1e-10] F0|fib_s2|PIN-DET+PIN-A00 L5    const=d,k,beta,q,abs(det B),A[0,0],lambda  vary=-  nuisance_ok=True
    X_lambda[lambda=1e-10] F0|fib_s2|PIN-DET+PIN-A00 L7    const=d,k,beta,q,abs(det B),A[0,0],lambda  vary=-  nuisance_ok=True
    X_lambda[lambda=1e-10] F0|fib_s2|PIN-DET+PIN-A00 L8    const=d,k,beta,q,abs(det B),A[0,0],lambda  vary=-  nuisance_ok=True
    X_lambda[lambda=1e-10] F0|fib_s2|PIN-DET+PIN-A00 L9    const=d,k,beta,q,abs(det B),A[0,0],lambda  vary=-  nuisance_ok=True
    X_lambda[lambda=1e-10] F0|fib_s2|PIN-DET+PIN-A00 L10   const=d,k,beta,q,abs(det B),A[0,0],lambda  vary=-  nuisance_ok=True
    X_lambda[lambda=1e-10] F0|fib_s2|PIN-DET+PIN-A00 L11   const=d,k,beta,q,abs(det B),A[0,0],lambda  vary=-  nuisance_ok=True
    X_lambda[lambda=1e-10] F0|fib_s2|PIN-DET+PIN-A00 L12   const=d,k,beta,q,abs(det B),A[0,0],lambda  vary=-  nuisance_ok=True
    X_lambda[lambda=1e-10] F0|fib_s3|PIN-DET+PIN-A00 L1    const=d,k,beta,q,abs(det B),A[0,0],lambda  vary=-  nuisance_ok=True
    X_lambda[lambda=1e-10] F0|fib_s3|PIN-DET+PIN-A00 L2    const=d,k,beta,q,abs(det B),A[0,0],lambda  vary=-  nuisance_ok=True
    X_lambda[lambda=1e-10] F0|fib_s3|PIN-DET+PIN-A00 L4    const=d,k,beta,q,abs(det B),A[0,0],lambda  vary=-  nuisance_ok=True
    X_lambda[lambda=1e-10] F0|fib_s3|PIN-DET+PIN-A00 L5    const=d,k,beta,q,abs(det B),A[0,0],lambda  vary=-  nuisance_ok=True
    X_lambda[lambda=1e-10] F0|fib_s3|PIN-DET+PIN-A00 L7    const=d,k,beta,q,abs(det B),A[0,0],lambda  vary=-  nuisance_ok=True
    X_lambda[lambda=1e-10] F0|fib_s3|PIN-DET+PIN-A00 L8    const=d,k,beta,q,abs(det B),A[0,0],lambda  vary=-  nuisance_ok=True
    X_lambda[lambda=1e-10] F0|fib_s3|PIN-DET+PIN-A00 L9    const=d,k,beta,q,abs(det B),A[0,0],lambda  vary=-  nuisance_ok=True
    X_lambda[lambda=1e-10] F0|fib_s3|PIN-DET+PIN-A00 L10   const=d,k,beta,q,abs(det B),A[0,0],lambda  vary=-  nuisance_ok=True
    X_lambda[lambda=1e-10] F0|fib_s3|PIN-DET+PIN-A00 L11   const=d,k,beta,q,abs(det B),A[0,0],lambda  vary=-  nuisance_ok=True
    X_lambda[lambda=1e-10] F0|fib_s3|PIN-DET+PIN-A00 L12   const=d,k,beta,q,abs(det B),A[0,0],lambda  vary=-  nuisance_ok=True
    X_lambda[lambda=1e-10] F0|fib_s4|PIN-DET+PIN-A00 L1    const=d,k,beta,q,abs(det B),A[0,0],lambda  vary=-  nuisance_ok=True
    X_lambda[lambda=1e-10] F0|fib_s4|PIN-DET+PIN-A00 L2    const=d,k,beta,q,abs(det B),A[0,0],lambda  vary=-  nuisance_ok=True
    X_lambda[lambda=1e-10] F0|fib_s4|PIN-DET+PIN-A00 L4    const=d,k,beta,q,abs(det B),A[0,0],lambda  vary=-  nuisance_ok=True
    X_lambda[lambda=1e-10] F0|fib_s4|PIN-DET+PIN-A00 L5    const=d,k,beta,q,abs(det B),A[0,0],lambda  vary=-  nuisance_ok=True
    X_lambda[lambda=1e-10] F0|fib_s4|PIN-DET+PIN-A00 L7    const=d,k,beta,q,abs(det B),A[0,0],lambda  vary=-  nuisance_ok=True
    X_lambda[lambda=1e-10] F0|fib_s4|PIN-DET+PIN-A00 L8    const=d,k,beta,q,abs(det B),A[0,0],lambda  vary=-  nuisance_ok=True
    X_lambda[lambda=1e-10] F0|fib_s4|PIN-DET+PIN-A00 L9    const=d,k,beta,q,abs(det B),A[0,0],lambda  vary=-  nuisance_ok=True
    X_lambda[lambda=1e-10] F0|fib_s4|PIN-DET+PIN-A00 L10   const=d,k,beta,q,abs(det B),A[0,0],lambda  vary=-  nuisance_ok=True
    X_lambda[lambda=1e-10] F0|fib_s4|PIN-DET+PIN-A00 L11   const=d,k,beta,q,abs(det B),A[0,0],lambda  vary=-  nuisance_ok=True
    X_lambda[lambda=1e-10] F0|fib_s4|PIN-DET+PIN-A00 L12   const=d,k,beta,q,abs(det B),A[0,0],lambda  vary=-  nuisance_ok=True
    X_lambda[lambda=1e-09] F0|fib_s2|PIN-DET+PIN-A00 L1    const=d,k,beta,q,abs(det B),A[0,0],lambda  vary=-  nuisance_ok=True
    X_lambda[lambda=1e-09] F0|fib_s2|PIN-DET+PIN-A00 L2    const=d,k,beta,q,abs(det B),A[0,0],lambda  vary=-  nuisance_ok=True
    X_lambda[lambda=1e-09] F0|fib_s2|PIN-DET+PIN-A00 L4    const=d,k,beta,q,abs(det B),A[0,0],lambda  vary=-  nuisance_ok=True
    X_lambda[lambda=1e-09] F0|fib_s2|PIN-DET+PIN-A00 L5    const=d,k,beta,q,abs(det B),A[0,0],lambda  vary=-  nuisance_ok=True
    X_lambda[lambda=1e-09] F0|fib_s2|PIN-DET+PIN-A00 L7    const=d,k,beta,q,abs(det B),A[0,0],lambda  vary=-  nuisance_ok=True
    X_lambda[lambda=1e-09] F0|fib_s2|PIN-DET+PIN-A00 L8    const=d,k,beta,q,abs(det B),A[0,0],lambda  vary=-  nuisance_ok=True
    X_lambda[lambda=1e-09] F0|fib_s2|PIN-DET+PIN-A00 L9    const=d,k,beta,q,abs(det B),A[0,0],lambda  vary=-  nuisance_ok=True
    X_lambda[lambda=1e-09] F0|fib_s2|PIN-DET+PIN-A00 L10   const=d,k,beta,q,abs(det B),A[0,0],lambda  vary=-  nuisance_ok=True
    X_lambda[lambda=1e-09] F0|fib_s2|PIN-DET+PIN-A00 L11   const=d,k,beta,q,abs(det B),A[0,0],lambda  vary=-  nuisance_ok=True
    X_lambda[lambda=1e-09] F0|fib_s2|PIN-DET+PIN-A00 L12   const=d,k,beta,q,abs(det B),A[0,0],lambda  vary=-  nuisance_ok=True
    X_lambda[lambda=1e-09] F0|fib_s3|PIN-DET+PIN-A00 L1    const=d,k,beta,q,abs(det B),A[0,0],lambda  vary=-  nuisance_ok=True
    X_lambda[lambda=1e-09] F0|fib_s3|PIN-DET+PIN-A00 L2    const=d,k,beta,q,abs(det B),A[0,0],lambda  vary=-  nuisance_ok=True
    X_lambda[lambda=1e-09] F0|fib_s3|PIN-DET+PIN-A00 L4    const=d,k,beta,q,abs(det B),A[0,0],lambda  vary=-  nuisance_ok=True
    X_lambda[lambda=1e-09] F0|fib_s3|PIN-DET+PIN-A00 L5    const=d,k,beta,q,abs(det B),A[0,0],lambda  vary=-  nuisance_ok=True
    X_lambda[lambda=1e-09] F0|fib_s3|PIN-DET+PIN-A00 L7    const=d,k,beta,q,abs(det B),A[0,0],lambda  vary=-  nuisance_ok=True
    X_lambda[lambda=1e-09] F0|fib_s3|PIN-DET+PIN-A00 L8    const=d,k,beta,q,abs(det B),A[0,0],lambda  vary=-  nuisance_ok=True
    X_lambda[lambda=1e-09] F0|fib_s3|PIN-DET+PIN-A00 L9    const=d,k,beta,q,abs(det B),A[0,0],lambda  vary=-  nuisance_ok=True
    X_lambda[lambda=1e-09] F0|fib_s3|PIN-DET+PIN-A00 L10   const=d,k,beta,q,abs(det B),A[0,0],lambda  vary=-  nuisance_ok=True
    X_lambda[lambda=1e-09] F0|fib_s3|PIN-DET+PIN-A00 L11   const=d,k,beta,q,abs(det B),A[0,0],lambda  vary=-  nuisance_ok=True
    X_lambda[lambda=1e-09] F0|fib_s3|PIN-DET+PIN-A00 L12   const=d,k,beta,q,abs(det B),A[0,0],lambda  vary=-  nuisance_ok=True
    X_lambda[lambda=1e-09] F0|fib_s4|PIN-DET+PIN-A00 L1    const=d,k,beta,q,abs(det B),A[0,0],lambda  vary=-  nuisance_ok=True
    X_lambda[lambda=1e-09] F0|fib_s4|PIN-DET+PIN-A00 L2    const=d,k,beta,q,abs(det B),A[0,0],lambda  vary=-  nuisance_ok=True
    X_lambda[lambda=1e-09] F0|fib_s4|PIN-DET+PIN-A00 L4    const=d,k,beta,q,abs(det B),A[0,0],lambda  vary=-  nuisance_ok=True
    X_lambda[lambda=1e-09] F0|fib_s4|PIN-DET+PIN-A00 L5    const=d,k,beta,q,abs(det B),A[0,0],lambda  vary=-  nuisance_ok=True
    X_lambda[lambda=1e-09] F0|fib_s4|PIN-DET+PIN-A00 L7    const=d,k,beta,q,abs(det B),A[0,0],lambda  vary=-  nuisance_ok=True
    X_lambda[lambda=1e-09] F0|fib_s4|PIN-DET+PIN-A00 L8    const=d,k,beta,q,abs(det B),A[0,0],lambda  vary=-  nuisance_ok=True
    X_lambda[lambda=1e-09] F0|fib_s4|PIN-DET+PIN-A00 L9    const=d,k,beta,q,abs(det B),A[0,0],lambda  vary=-  nuisance_ok=True
    X_lambda[lambda=1e-09] F0|fib_s4|PIN-DET+PIN-A00 L10   const=d,k,beta,q,abs(det B),A[0,0],lambda  vary=-  nuisance_ok=True
    X_lambda[lambda=1e-09] F0|fib_s4|PIN-DET+PIN-A00 L11   const=d,k,beta,q,abs(det B),A[0,0],lambda  vary=-  nuisance_ok=True
    X_lambda[lambda=1e-09] F0|fib_s4|PIN-DET+PIN-A00 L12   const=d,k,beta,q,abs(det B),A[0,0],lambda  vary=-  nuisance_ok=True
    X_lambda[lambda=1e-08] F0|fib_s2|PIN-DET+PIN-A00 L1    const=d,k,beta,q,abs(det B),A[0,0],lambda  vary=-  nuisance_ok=True
    X_lambda[lambda=1e-08] F0|fib_s2|PIN-DET+PIN-A00 L2    const=d,k,beta,q,abs(det B),A[0,0],lambda  vary=-  nuisance_ok=True
    X_lambda[lambda=1e-08] F0|fib_s2|PIN-DET+PIN-A00 L4    const=d,k,beta,q,abs(det B),A[0,0],lambda  vary=-  nuisance_ok=True
    X_lambda[lambda=1e-08] F0|fib_s2|PIN-DET+PIN-A00 L5    const=d,k,beta,q,abs(det B),A[0,0],lambda  vary=-  nuisance_ok=True
    X_lambda[lambda=1e-08] F0|fib_s2|PIN-DET+PIN-A00 L7    const=d,k,beta,q,abs(det B),A[0,0],lambda  vary=-  nuisance_ok=True
    X_lambda[lambda=1e-08] F0|fib_s2|PIN-DET+PIN-A00 L8    const=d,k,beta,q,abs(det B),A[0,0],lambda  vary=-  nuisance_ok=True
    X_lambda[lambda=1e-08] F0|fib_s2|PIN-DET+PIN-A00 L9    const=d,k,beta,q,abs(det B),A[0,0],lambda  vary=-  nuisance_ok=True
    X_lambda[lambda=1e-08] F0|fib_s2|PIN-DET+PIN-A00 L10   const=d,k,beta,q,abs(det B),A[0,0],lambda  vary=-  nuisance_ok=True
    X_lambda[lambda=1e-08] F0|fib_s2|PIN-DET+PIN-A00 L11   const=d,k,beta,q,abs(det B),A[0,0],lambda  vary=-  nuisance_ok=True
    X_lambda[lambda=1e-08] F0|fib_s2|PIN-DET+PIN-A00 L12   const=d,k,beta,q,abs(det B),A[0,0],lambda  vary=-  nuisance_ok=True
    X_lambda[lambda=1e-08] F0|fib_s3|PIN-DET+PIN-A00 L1    const=d,k,beta,q,abs(det B),A[0,0],lambda  vary=-  nuisance_ok=True
    X_lambda[lambda=1e-08] F0|fib_s3|PIN-DET+PIN-A00 L2    const=d,k,beta,q,abs(det B),A[0,0],lambda  vary=-  nuisance_ok=True
    X_lambda[lambda=1e-08] F0|fib_s3|PIN-DET+PIN-A00 L4    const=d,k,beta,q,abs(det B),A[0,0],lambda  vary=-  nuisance_ok=True
    X_lambda[lambda=1e-08] F0|fib_s3|PIN-DET+PIN-A00 L5    const=d,k,beta,q,abs(det B),A[0,0],lambda  vary=-  nuisance_ok=True
    X_lambda[lambda=1e-08] F0|fib_s3|PIN-DET+PIN-A00 L7    const=d,k,beta,q,abs(det B),A[0,0],lambda  vary=-  nuisance_ok=True
    X_lambda[lambda=1e-08] F0|fib_s3|PIN-DET+PIN-A00 L8    const=d,k,beta,q,abs(det B),A[0,0],lambda  vary=-  nuisance_ok=True
    X_lambda[lambda=1e-08] F0|fib_s3|PIN-DET+PIN-A00 L9    const=d,k,beta,q,abs(det B),A[0,0],lambda  vary=-  nuisance_ok=True
    X_lambda[lambda=1e-08] F0|fib_s3|PIN-DET+PIN-A00 L10   const=d,k,beta,q,abs(det B),A[0,0],lambda  vary=-  nuisance_ok=True
    X_lambda[lambda=1e-08] F0|fib_s3|PIN-DET+PIN-A00 L11   const=d,k,beta,q,abs(det B),A[0,0],lambda  vary=-  nuisance_ok=True
    X_lambda[lambda=1e-08] F0|fib_s3|PIN-DET+PIN-A00 L12   const=d,k,beta,q,abs(det B),A[0,0],lambda  vary=-  nuisance_ok=True
    X_lambda[lambda=1e-08] F0|fib_s4|PIN-DET+PIN-A00 L1    const=d,k,beta,q,abs(det B),A[0,0],lambda  vary=-  nuisance_ok=True
    X_lambda[lambda=1e-08] F0|fib_s4|PIN-DET+PIN-A00 L2    const=d,k,beta,q,abs(det B),A[0,0],lambda  vary=-  nuisance_ok=True
    X_lambda[lambda=1e-08] F0|fib_s4|PIN-DET+PIN-A00 L4    const=d,k,beta,q,abs(det B),A[0,0],lambda  vary=-  nuisance_ok=True
    X_lambda[lambda=1e-08] F0|fib_s4|PIN-DET+PIN-A00 L5    const=d,k,beta,q,abs(det B),A[0,0],lambda  vary=-  nuisance_ok=True
    X_lambda[lambda=1e-08] F0|fib_s4|PIN-DET+PIN-A00 L7    const=d,k,beta,q,abs(det B),A[0,0],lambda  vary=-  nuisance_ok=True
    X_lambda[lambda=1e-08] F0|fib_s4|PIN-DET+PIN-A00 L8    const=d,k,beta,q,abs(det B),A[0,0],lambda  vary=-  nuisance_ok=True
    X_lambda[lambda=1e-08] F0|fib_s4|PIN-DET+PIN-A00 L9    const=d,k,beta,q,abs(det B),A[0,0],lambda  vary=-  nuisance_ok=True
    X_lambda[lambda=1e-08] F0|fib_s4|PIN-DET+PIN-A00 L10   const=d,k,beta,q,abs(det B),A[0,0],lambda  vary=-  nuisance_ok=True
    X_lambda[lambda=1e-08] F0|fib_s4|PIN-DET+PIN-A00 L11   const=d,k,beta,q,abs(det B),A[0,0],lambda  vary=-  nuisance_ok=True
    X_lambda[lambda=1e-08] F0|fib_s4|PIN-DET+PIN-A00 L12   const=d,k,beta,q,abs(det B),A[0,0],lambda  vary=-  nuisance_ok=True
    X_lambda[lambda=1e-06] F0|fib_s2|PIN-DET+PIN-A00 L1    const=d,k,beta,q,abs(det B),A[0,0],lambda  vary=-  nuisance_ok=True
    X_lambda[lambda=1e-06] F0|fib_s2|PIN-DET+PIN-A00 L2    const=d,k,beta,q,abs(det B),A[0,0],lambda  vary=-  nuisance_ok=True
    X_lambda[lambda=1e-06] F0|fib_s2|PIN-DET+PIN-A00 L4    const=d,k,beta,q,abs(det B),A[0,0],lambda  vary=-  nuisance_ok=True
    X_lambda[lambda=1e-06] F0|fib_s2|PIN-DET+PIN-A00 L5    const=d,k,beta,q,abs(det B),A[0,0],lambda  vary=-  nuisance_ok=True
    X_lambda[lambda=1e-06] F0|fib_s2|PIN-DET+PIN-A00 L7    const=d,k,beta,q,abs(det B),A[0,0],lambda  vary=-  nuisance_ok=True
    X_lambda[lambda=1e-06] F0|fib_s2|PIN-DET+PIN-A00 L8    const=d,k,beta,q,abs(det B),A[0,0],lambda  vary=-  nuisance_ok=True
    X_lambda[lambda=1e-06] F0|fib_s2|PIN-DET+PIN-A00 L9    const=d,k,beta,q,abs(det B),A[0,0],lambda  vary=-  nuisance_ok=True
    X_lambda[lambda=1e-06] F0|fib_s2|PIN-DET+PIN-A00 L10   const=d,k,beta,q,abs(det B),A[0,0],lambda  vary=-  nuisance_ok=True
    X_lambda[lambda=1e-06] F0|fib_s2|PIN-DET+PIN-A00 L11   const=d,k,beta,q,abs(det B),A[0,0],lambda  vary=-  nuisance_ok=True
    X_lambda[lambda=1e-06] F0|fib_s2|PIN-DET+PIN-A00 L12   const=d,k,beta,q,abs(det B),A[0,0],lambda  vary=-  nuisance_ok=True
    X_lambda[lambda=1e-06] F0|fib_s3|PIN-DET+PIN-A00 L1    const=d,k,beta,q,abs(det B),A[0,0],lambda  vary=-  nuisance_ok=True
    X_lambda[lambda=1e-06] F0|fib_s3|PIN-DET+PIN-A00 L2    const=d,k,beta,q,abs(det B),A[0,0],lambda  vary=-  nuisance_ok=True
    X_lambda[lambda=1e-06] F0|fib_s3|PIN-DET+PIN-A00 L4    const=d,k,beta,q,abs(det B),A[0,0],lambda  vary=-  nuisance_ok=True
    X_lambda[lambda=1e-06] F0|fib_s3|PIN-DET+PIN-A00 L5    const=d,k,beta,q,abs(det B),A[0,0],lambda  vary=-  nuisance_ok=True
    X_lambda[lambda=1e-06] F0|fib_s3|PIN-DET+PIN-A00 L7    const=d,k,beta,q,abs(det B),A[0,0],lambda  vary=-  nuisance_ok=True
    X_lambda[lambda=1e-06] F0|fib_s3|PIN-DET+PIN-A00 L8    const=d,k,beta,q,abs(det B),A[0,0],lambda  vary=-  nuisance_ok=True
    X_lambda[lambda=1e-06] F0|fib_s3|PIN-DET+PIN-A00 L9    const=d,k,beta,q,abs(det B),A[0,0],lambda  vary=-  nuisance_ok=True
    X_lambda[lambda=1e-06] F0|fib_s3|PIN-DET+PIN-A00 L10   const=d,k,beta,q,abs(det B),A[0,0],lambda  vary=-  nuisance_ok=True
    X_lambda[lambda=1e-06] F0|fib_s3|PIN-DET+PIN-A00 L11   const=d,k,beta,q,abs(det B),A[0,0],lambda  vary=-  nuisance_ok=True
    X_lambda[lambda=1e-06] F0|fib_s3|PIN-DET+PIN-A00 L12   const=d,k,beta,q,abs(det B),A[0,0],lambda  vary=-  nuisance_ok=True
    X_lambda[lambda=1e-06] F0|fib_s4|PIN-DET+PIN-A00 L1    const=d,k,beta,q,abs(det B),A[0,0],lambda  vary=-  nuisance_ok=True
    X_lambda[lambda=1e-06] F0|fib_s4|PIN-DET+PIN-A00 L2    const=d,k,beta,q,abs(det B),A[0,0],lambda  vary=-  nuisance_ok=True
    X_lambda[lambda=1e-06] F0|fib_s4|PIN-DET+PIN-A00 L4    const=d,k,beta,q,abs(det B),A[0,0],lambda  vary=-  nuisance_ok=True
    X_lambda[lambda=1e-06] F0|fib_s4|PIN-DET+PIN-A00 L5    const=d,k,beta,q,abs(det B),A[0,0],lambda  vary=-  nuisance_ok=True
    X_lambda[lambda=1e-06] F0|fib_s4|PIN-DET+PIN-A00 L7    const=d,k,beta,q,abs(det B),A[0,0],lambda  vary=-  nuisance_ok=True
    X_lambda[lambda=1e-06] F0|fib_s4|PIN-DET+PIN-A00 L8    const=d,k,beta,q,abs(det B),A[0,0],lambda  vary=-  nuisance_ok=True
    X_lambda[lambda=1e-06] F0|fib_s4|PIN-DET+PIN-A00 L9    const=d,k,beta,q,abs(det B),A[0,0],lambda  vary=-  nuisance_ok=True
    X_lambda[lambda=1e-06] F0|fib_s4|PIN-DET+PIN-A00 L10   const=d,k,beta,q,abs(det B),A[0,0],lambda  vary=-  nuisance_ok=True
    X_lambda[lambda=1e-06] F0|fib_s4|PIN-DET+PIN-A00 L11   const=d,k,beta,q,abs(det B),A[0,0],lambda  vary=-  nuisance_ok=True
    X_lambda[lambda=1e-06] F0|fib_s4|PIN-DET+PIN-A00 L12   const=d,k,beta,q,abs(det B),A[0,0],lambda  vary=-  nuisance_ok=True
    X_lambda[lambda=0.0001] F0|fib_s2|PIN-DET+PIN-A00 L1    const=d,k,beta,q,abs(det B),A[0,0],lambda  vary=-  nuisance_ok=True
    X_lambda[lambda=0.0001] F0|fib_s2|PIN-DET+PIN-A00 L2    const=d,k,beta,q,abs(det B),A[0,0],lambda  vary=-  nuisance_ok=True
    X_lambda[lambda=0.0001] F0|fib_s2|PIN-DET+PIN-A00 L4    const=d,k,beta,q,abs(det B),A[0,0],lambda  vary=-  nuisance_ok=True
    X_lambda[lambda=0.0001] F0|fib_s2|PIN-DET+PIN-A00 L5    const=d,k,beta,q,abs(det B),A[0,0],lambda  vary=-  nuisance_ok=True
    X_lambda[lambda=0.0001] F0|fib_s2|PIN-DET+PIN-A00 L7    const=d,k,beta,q,abs(det B),A[0,0],lambda  vary=-  nuisance_ok=True
    X_lambda[lambda=0.0001] F0|fib_s2|PIN-DET+PIN-A00 L8    const=d,k,beta,q,abs(det B),A[0,0],lambda  vary=-  nuisance_ok=True
    X_lambda[lambda=0.0001] F0|fib_s2|PIN-DET+PIN-A00 L9    const=d,k,beta,q,abs(det B),A[0,0],lambda  vary=-  nuisance_ok=True
    X_lambda[lambda=0.0001] F0|fib_s2|PIN-DET+PIN-A00 L10   const=d,k,beta,q,abs(det B),A[0,0],lambda  vary=-  nuisance_ok=True
    X_lambda[lambda=0.0001] F0|fib_s2|PIN-DET+PIN-A00 L11   const=d,k,beta,q,abs(det B),A[0,0],lambda  vary=-  nuisance_ok=True
    X_lambda[lambda=0.0001] F0|fib_s2|PIN-DET+PIN-A00 L12   const=d,k,beta,q,abs(det B),A[0,0],lambda  vary=-  nuisance_ok=True
    X_lambda[lambda=0.0001] F0|fib_s3|PIN-DET+PIN-A00 L1    const=d,k,beta,q,abs(det B),A[0,0],lambda  vary=-  nuisance_ok=True
    X_lambda[lambda=0.0001] F0|fib_s3|PIN-DET+PIN-A00 L2    const=d,k,beta,q,abs(det B),A[0,0],lambda  vary=-  nuisance_ok=True
    X_lambda[lambda=0.0001] F0|fib_s3|PIN-DET+PIN-A00 L4    const=d,k,beta,q,abs(det B),A[0,0],lambda  vary=-  nuisance_ok=True
    X_lambda[lambda=0.0001] F0|fib_s3|PIN-DET+PIN-A00 L5    const=d,k,beta,q,abs(det B),A[0,0],lambda  vary=-  nuisance_ok=True
    X_lambda[lambda=0.0001] F0|fib_s3|PIN-DET+PIN-A00 L7    const=d,k,beta,q,abs(det B),A[0,0],lambda  vary=-  nuisance_ok=True
    X_lambda[lambda=0.0001] F0|fib_s3|PIN-DET+PIN-A00 L8    const=d,k,beta,q,abs(det B),A[0,0],lambda  vary=-  nuisance_ok=True
    X_lambda[lambda=0.0001] F0|fib_s3|PIN-DET+PIN-A00 L9    const=d,k,beta,q,abs(det B),A[0,0],lambda  vary=-  nuisance_ok=True
    X_lambda[lambda=0.0001] F0|fib_s3|PIN-DET+PIN-A00 L10   const=d,k,beta,q,abs(det B),A[0,0],lambda  vary=-  nuisance_ok=True
    X_lambda[lambda=0.0001] F0|fib_s3|PIN-DET+PIN-A00 L11   const=d,k,beta,q,abs(det B),A[0,0],lambda  vary=-  nuisance_ok=True
    X_lambda[lambda=0.0001] F0|fib_s3|PIN-DET+PIN-A00 L12   const=d,k,beta,q,abs(det B),A[0,0],lambda  vary=-  nuisance_ok=True
    X_lambda[lambda=0.0001] F0|fib_s4|PIN-DET+PIN-A00 L1    const=d,k,beta,q,abs(det B),A[0,0],lambda  vary=-  nuisance_ok=True
    X_lambda[lambda=0.0001] F0|fib_s4|PIN-DET+PIN-A00 L2    const=d,k,beta,q,abs(det B),A[0,0],lambda  vary=-  nuisance_ok=True
    X_lambda[lambda=0.0001] F0|fib_s4|PIN-DET+PIN-A00 L4    const=d,k,beta,q,abs(det B),A[0,0],lambda  vary=-  nuisance_ok=True
    X_lambda[lambda=0.0001] F0|fib_s4|PIN-DET+PIN-A00 L5    const=d,k,beta,q,abs(det B),A[0,0],lambda  vary=-  nuisance_ok=True
    X_lambda[lambda=0.0001] F0|fib_s4|PIN-DET+PIN-A00 L7    const=d,k,beta,q,abs(det B),A[0,0],lambda  vary=-  nuisance_ok=True
    X_lambda[lambda=0.0001] F0|fib_s4|PIN-DET+PIN-A00 L8    const=d,k,beta,q,abs(det B),A[0,0],lambda  vary=-  nuisance_ok=True
    X_lambda[lambda=0.0001] F0|fib_s4|PIN-DET+PIN-A00 L9    const=d,k,beta,q,abs(det B),A[0,0],lambda  vary=-  nuisance_ok=True
    X_lambda[lambda=0.0001] F0|fib_s4|PIN-DET+PIN-A00 L10   const=d,k,beta,q,abs(det B),A[0,0],lambda  vary=-  nuisance_ok=True
    X_lambda[lambda=0.0001] F0|fib_s4|PIN-DET+PIN-A00 L11   const=d,k,beta,q,abs(det B),A[0,0],lambda  vary=-  nuisance_ok=True
    X_lambda[lambda=0.0001] F0|fib_s4|PIN-DET+PIN-A00 L12   const=d,k,beta,q,abs(det B),A[0,0],lambda  vary=-  nuisance_ok=True
    X_lambda[lambda=0.01]  F0|fib_s2|PIN-DET+PIN-A00 L1    const=d,k,beta,q,abs(det B),A[0,0],lambda  vary=-  nuisance_ok=True
    X_lambda[lambda=0.01]  F0|fib_s2|PIN-DET+PIN-A00 L2    const=d,k,beta,q,abs(det B),A[0,0],lambda  vary=-  nuisance_ok=True
    X_lambda[lambda=0.01]  F0|fib_s2|PIN-DET+PIN-A00 L4    const=d,k,beta,q,abs(det B),A[0,0],lambda  vary=-  nuisance_ok=True
    X_lambda[lambda=0.01]  F0|fib_s2|PIN-DET+PIN-A00 L5    const=d,k,beta,q,abs(det B),A[0,0],lambda  vary=-  nuisance_ok=True
    X_lambda[lambda=0.01]  F0|fib_s2|PIN-DET+PIN-A00 L7    const=d,k,beta,q,abs(det B),A[0,0],lambda  vary=-  nuisance_ok=True
    X_lambda[lambda=0.01]  F0|fib_s2|PIN-DET+PIN-A00 L8    const=d,k,beta,q,abs(det B),A[0,0],lambda  vary=-  nuisance_ok=True
    X_lambda[lambda=0.01]  F0|fib_s2|PIN-DET+PIN-A00 L9    const=d,k,beta,q,abs(det B),A[0,0],lambda  vary=-  nuisance_ok=True
    X_lambda[lambda=0.01]  F0|fib_s2|PIN-DET+PIN-A00 L10   const=d,k,beta,q,abs(det B),A[0,0],lambda  vary=-  nuisance_ok=True
    X_lambda[lambda=0.01]  F0|fib_s2|PIN-DET+PIN-A00 L11   const=d,k,beta,q,abs(det B),A[0,0],lambda  vary=-  nuisance_ok=True
    X_lambda[lambda=0.01]  F0|fib_s2|PIN-DET+PIN-A00 L12   const=d,k,beta,q,abs(det B),A[0,0],lambda  vary=-  nuisance_ok=True
    X_lambda[lambda=0.01]  F0|fib_s3|PIN-DET+PIN-A00 L1    const=d,k,beta,q,abs(det B),A[0,0],lambda  vary=-  nuisance_ok=True
    X_lambda[lambda=0.01]  F0|fib_s3|PIN-DET+PIN-A00 L2    const=d,k,beta,q,abs(det B),A[0,0],lambda  vary=-  nuisance_ok=True
    X_lambda[lambda=0.01]  F0|fib_s3|PIN-DET+PIN-A00 L4    const=d,k,beta,q,abs(det B),A[0,0],lambda  vary=-  nuisance_ok=True
    X_lambda[lambda=0.01]  F0|fib_s3|PIN-DET+PIN-A00 L5    const=d,k,beta,q,abs(det B),A[0,0],lambda  vary=-  nuisance_ok=True
    X_lambda[lambda=0.01]  F0|fib_s3|PIN-DET+PIN-A00 L7    const=d,k,beta,q,abs(det B),A[0,0],lambda  vary=-  nuisance_ok=True
    X_lambda[lambda=0.01]  F0|fib_s3|PIN-DET+PIN-A00 L8    const=d,k,beta,q,abs(det B),A[0,0],lambda  vary=-  nuisance_ok=True
    X_lambda[lambda=0.01]  F0|fib_s3|PIN-DET+PIN-A00 L9    const=d,k,beta,q,abs(det B),A[0,0],lambda  vary=-  nuisance_ok=True
    X_lambda[lambda=0.01]  F0|fib_s3|PIN-DET+PIN-A00 L10   const=d,k,beta,q,abs(det B),A[0,0],lambda  vary=-  nuisance_ok=True
    X_lambda[lambda=0.01]  F0|fib_s3|PIN-DET+PIN-A00 L11   const=d,k,beta,q,abs(det B),A[0,0],lambda  vary=-  nuisance_ok=True
    X_lambda[lambda=0.01]  F0|fib_s3|PIN-DET+PIN-A00 L12   const=d,k,beta,q,abs(det B),A[0,0],lambda  vary=-  nuisance_ok=True
    X_lambda[lambda=0.01]  F0|fib_s4|PIN-DET+PIN-A00 L1    const=d,k,beta,q,abs(det B),A[0,0],lambda  vary=-  nuisance_ok=True
    X_lambda[lambda=0.01]  F0|fib_s4|PIN-DET+PIN-A00 L2    const=d,k,beta,q,abs(det B),A[0,0],lambda  vary=-  nuisance_ok=True
    X_lambda[lambda=0.01]  F0|fib_s4|PIN-DET+PIN-A00 L4    const=d,k,beta,q,abs(det B),A[0,0],lambda  vary=-  nuisance_ok=True
    X_lambda[lambda=0.01]  F0|fib_s4|PIN-DET+PIN-A00 L5    const=d,k,beta,q,abs(det B),A[0,0],lambda  vary=-  nuisance_ok=True
    X_lambda[lambda=0.01]  F0|fib_s4|PIN-DET+PIN-A00 L7    const=d,k,beta,q,abs(det B),A[0,0],lambda  vary=-  nuisance_ok=True
    X_lambda[lambda=0.01]  F0|fib_s4|PIN-DET+PIN-A00 L8    const=d,k,beta,q,abs(det B),A[0,0],lambda  vary=-  nuisance_ok=True
    X_lambda[lambda=0.01]  F0|fib_s4|PIN-DET+PIN-A00 L9    const=d,k,beta,q,abs(det B),A[0,0],lambda  vary=-  nuisance_ok=True
    X_lambda[lambda=0.01]  F0|fib_s4|PIN-DET+PIN-A00 L10   const=d,k,beta,q,abs(det B),A[0,0],lambda  vary=-  nuisance_ok=True
    X_lambda[lambda=0.01]  F0|fib_s4|PIN-DET+PIN-A00 L11   const=d,k,beta,q,abs(det B),A[0,0],lambda  vary=-  nuisance_ok=True
    X_lambda[lambda=0.01]  F0|fib_s4|PIN-DET+PIN-A00 L12   const=d,k,beta,q,abs(det B),A[0,0],lambda  vary=-  nuisance_ok=True
    X_lambda[lambda=0.1]   F0|fib_s2|PIN-DET+PIN-A00 L1    const=d,k,beta,q,abs(det B),A[0,0],lambda  vary=-  nuisance_ok=True
    X_lambda[lambda=0.1]   F0|fib_s2|PIN-DET+PIN-A00 L2    const=d,k,beta,q,abs(det B),A[0,0],lambda  vary=-  nuisance_ok=True
    X_lambda[lambda=0.1]   F0|fib_s2|PIN-DET+PIN-A00 L4    const=d,k,beta,q,abs(det B),A[0,0],lambda  vary=-  nuisance_ok=True
    X_lambda[lambda=0.1]   F0|fib_s2|PIN-DET+PIN-A00 L5    const=d,k,beta,q,abs(det B),A[0,0],lambda  vary=-  nuisance_ok=True
    X_lambda[lambda=0.1]   F0|fib_s2|PIN-DET+PIN-A00 L7    const=d,k,beta,q,abs(det B),A[0,0],lambda  vary=-  nuisance_ok=True
    X_lambda[lambda=0.1]   F0|fib_s2|PIN-DET+PIN-A00 L8    const=d,k,beta,q,abs(det B),A[0,0],lambda  vary=-  nuisance_ok=True
    X_lambda[lambda=0.1]   F0|fib_s2|PIN-DET+PIN-A00 L9    const=d,k,beta,q,abs(det B),A[0,0],lambda  vary=-  nuisance_ok=True
    X_lambda[lambda=0.1]   F0|fib_s2|PIN-DET+PIN-A00 L10   const=d,k,beta,q,abs(det B),A[0,0],lambda  vary=-  nuisance_ok=True
    X_lambda[lambda=0.1]   F0|fib_s2|PIN-DET+PIN-A00 L11   const=d,k,beta,q,abs(det B),A[0,0],lambda  vary=-  nuisance_ok=True
    X_lambda[lambda=0.1]   F0|fib_s2|PIN-DET+PIN-A00 L12   const=d,k,beta,q,abs(det B),A[0,0],lambda  vary=-  nuisance_ok=True
    X_lambda[lambda=0.1]   F0|fib_s3|PIN-DET+PIN-A00 L1    const=d,k,beta,q,abs(det B),A[0,0],lambda  vary=-  nuisance_ok=True
    X_lambda[lambda=0.1]   F0|fib_s3|PIN-DET+PIN-A00 L2    const=d,k,beta,q,abs(det B),A[0,0],lambda  vary=-  nuisance_ok=True
    X_lambda[lambda=0.1]   F0|fib_s3|PIN-DET+PIN-A00 L4    const=d,k,beta,q,abs(det B),A[0,0],lambda  vary=-  nuisance_ok=True
    X_lambda[lambda=0.1]   F0|fib_s3|PIN-DET+PIN-A00 L5    const=d,k,beta,q,abs(det B),A[0,0],lambda  vary=-  nuisance_ok=True
    X_lambda[lambda=0.1]   F0|fib_s3|PIN-DET+PIN-A00 L7    const=d,k,beta,q,abs(det B),A[0,0],lambda  vary=-  nuisance_ok=True
    X_lambda[lambda=0.1]   F0|fib_s3|PIN-DET+PIN-A00 L8    const=d,k,beta,q,abs(det B),A[0,0],lambda  vary=-  nuisance_ok=True
    X_lambda[lambda=0.1]   F0|fib_s3|PIN-DET+PIN-A00 L9    const=d,k,beta,q,abs(det B),A[0,0],lambda  vary=-  nuisance_ok=True
    X_lambda[lambda=0.1]   F0|fib_s3|PIN-DET+PIN-A00 L10   const=d,k,beta,q,abs(det B),A[0,0],lambda  vary=-  nuisance_ok=True
    X_lambda[lambda=0.1]   F0|fib_s3|PIN-DET+PIN-A00 L11   const=d,k,beta,q,abs(det B),A[0,0],lambda  vary=-  nuisance_ok=True
    X_lambda[lambda=0.1]   F0|fib_s3|PIN-DET+PIN-A00 L12   const=d,k,beta,q,abs(det B),A[0,0],lambda  vary=-  nuisance_ok=True
    X_lambda[lambda=0.1]   F0|fib_s4|PIN-DET+PIN-A00 L1    const=d,k,beta,q,abs(det B),A[0,0],lambda  vary=-  nuisance_ok=True
    X_lambda[lambda=0.1]   F0|fib_s4|PIN-DET+PIN-A00 L2    const=d,k,beta,q,abs(det B),A[0,0],lambda  vary=-  nuisance_ok=True
    X_lambda[lambda=0.1]   F0|fib_s4|PIN-DET+PIN-A00 L4    const=d,k,beta,q,abs(det B),A[0,0],lambda  vary=-  nuisance_ok=True
    X_lambda[lambda=0.1]   F0|fib_s4|PIN-DET+PIN-A00 L5    const=d,k,beta,q,abs(det B),A[0,0],lambda  vary=-  nuisance_ok=True
    X_lambda[lambda=0.1]   F0|fib_s4|PIN-DET+PIN-A00 L7    const=d,k,beta,q,abs(det B),A[0,0],lambda  vary=-  nuisance_ok=True
    X_lambda[lambda=0.1]   F0|fib_s4|PIN-DET+PIN-A00 L8    const=d,k,beta,q,abs(det B),A[0,0],lambda  vary=-  nuisance_ok=True
    X_lambda[lambda=0.1]   F0|fib_s4|PIN-DET+PIN-A00 L9    const=d,k,beta,q,abs(det B),A[0,0],lambda  vary=-  nuisance_ok=True
    X_lambda[lambda=0.1]   F0|fib_s4|PIN-DET+PIN-A00 L10   const=d,k,beta,q,abs(det B),A[0,0],lambda  vary=-  nuisance_ok=True
    X_lambda[lambda=0.1]   F0|fib_s4|PIN-DET+PIN-A00 L11   const=d,k,beta,q,abs(det B),A[0,0],lambda  vary=-  nuisance_ok=True
    X_lambda[lambda=0.1]   F0|fib_s4|PIN-DET+PIN-A00 L12   const=d,k,beta,q,abs(det B),A[0,0],lambda  vary=-  nuisance_ok=True
    X_lambda[lambda=1.0]   F0|fib_s2|PIN-DET+PIN-A00 L1    const=d,k,beta,q,abs(det B),A[0,0],lambda  vary=-  nuisance_ok=True
    X_lambda[lambda=1.0]   F0|fib_s2|PIN-DET+PIN-A00 L2    const=d,k,beta,q,abs(det B),A[0,0],lambda  vary=-  nuisance_ok=True
    X_lambda[lambda=1.0]   F0|fib_s2|PIN-DET+PIN-A00 L4    const=d,k,beta,q,abs(det B),A[0,0],lambda  vary=-  nuisance_ok=True
    X_lambda[lambda=1.0]   F0|fib_s2|PIN-DET+PIN-A00 L5    const=d,k,beta,q,abs(det B),A[0,0],lambda  vary=-  nuisance_ok=True
    X_lambda[lambda=1.0]   F0|fib_s2|PIN-DET+PIN-A00 L7    const=d,k,beta,q,abs(det B),A[0,0],lambda  vary=-  nuisance_ok=True
    X_lambda[lambda=1.0]   F0|fib_s2|PIN-DET+PIN-A00 L8    const=d,k,beta,q,abs(det B),A[0,0],lambda  vary=-  nuisance_ok=True
    X_lambda[lambda=1.0]   F0|fib_s2|PIN-DET+PIN-A00 L9    const=d,k,beta,q,abs(det B),A[0,0],lambda  vary=-  nuisance_ok=True
    X_lambda[lambda=1.0]   F0|fib_s2|PIN-DET+PIN-A00 L10   const=d,k,beta,q,abs(det B),A[0,0],lambda  vary=-  nuisance_ok=True
    X_lambda[lambda=1.0]   F0|fib_s2|PIN-DET+PIN-A00 L11   const=d,k,beta,q,abs(det B),A[0,0],lambda  vary=-  nuisance_ok=True
    X_lambda[lambda=1.0]   F0|fib_s2|PIN-DET+PIN-A00 L12   const=d,k,beta,q,abs(det B),A[0,0],lambda  vary=-  nuisance_ok=True
    X_lambda[lambda=1.0]   F0|fib_s3|PIN-DET+PIN-A00 L1    const=d,k,beta,q,abs(det B),A[0,0],lambda  vary=-  nuisance_ok=True
    X_lambda[lambda=1.0]   F0|fib_s3|PIN-DET+PIN-A00 L2    const=d,k,beta,q,abs(det B),A[0,0],lambda  vary=-  nuisance_ok=True
    X_lambda[lambda=1.0]   F0|fib_s3|PIN-DET+PIN-A00 L4    const=d,k,beta,q,abs(det B),A[0,0],lambda  vary=-  nuisance_ok=True
    X_lambda[lambda=1.0]   F0|fib_s3|PIN-DET+PIN-A00 L5    const=d,k,beta,q,abs(det B),A[0,0],lambda  vary=-  nuisance_ok=True
    X_lambda[lambda=1.0]   F0|fib_s3|PIN-DET+PIN-A00 L7    const=d,k,beta,q,abs(det B),A[0,0],lambda  vary=-  nuisance_ok=True
    X_lambda[lambda=1.0]   F0|fib_s3|PIN-DET+PIN-A00 L8    const=d,k,beta,q,abs(det B),A[0,0],lambda  vary=-  nuisance_ok=True
    X_lambda[lambda=1.0]   F0|fib_s3|PIN-DET+PIN-A00 L9    const=d,k,beta,q,abs(det B),A[0,0],lambda  vary=-  nuisance_ok=True
    X_lambda[lambda=1.0]   F0|fib_s3|PIN-DET+PIN-A00 L10   const=d,k,beta,q,abs(det B),A[0,0],lambda  vary=-  nuisance_ok=True
    X_lambda[lambda=1.0]   F0|fib_s3|PIN-DET+PIN-A00 L11   const=d,k,beta,q,abs(det B),A[0,0],lambda  vary=-  nuisance_ok=True
    X_lambda[lambda=1.0]   F0|fib_s3|PIN-DET+PIN-A00 L12   const=d,k,beta,q,abs(det B),A[0,0],lambda  vary=-  nuisance_ok=True
    X_lambda[lambda=1.0]   F0|fib_s4|PIN-DET+PIN-A00 L1    const=d,k,beta,q,abs(det B),A[0,0],lambda  vary=-  nuisance_ok=True
    X_lambda[lambda=1.0]   F0|fib_s4|PIN-DET+PIN-A00 L2    const=d,k,beta,q,abs(det B),A[0,0],lambda  vary=-  nuisance_ok=True
    X_lambda[lambda=1.0]   F0|fib_s4|PIN-DET+PIN-A00 L4    const=d,k,beta,q,abs(det B),A[0,0],lambda  vary=-  nuisance_ok=True
    X_lambda[lambda=1.0]   F0|fib_s4|PIN-DET+PIN-A00 L5    const=d,k,beta,q,abs(det B),A[0,0],lambda  vary=-  nuisance_ok=True
    X_lambda[lambda=1.0]   F0|fib_s4|PIN-DET+PIN-A00 L7    const=d,k,beta,q,abs(det B),A[0,0],lambda  vary=-  nuisance_ok=True
    X_lambda[lambda=1.0]   F0|fib_s4|PIN-DET+PIN-A00 L8    const=d,k,beta,q,abs(det B),A[0,0],lambda  vary=-  nuisance_ok=True
    X_lambda[lambda=1.0]   F0|fib_s4|PIN-DET+PIN-A00 L9    const=d,k,beta,q,abs(det B),A[0,0],lambda  vary=-  nuisance_ok=True
    X_lambda[lambda=1.0]   F0|fib_s4|PIN-DET+PIN-A00 L10   const=d,k,beta,q,abs(det B),A[0,0],lambda  vary=-  nuisance_ok=True
    X_lambda[lambda=1.0]   F0|fib_s4|PIN-DET+PIN-A00 L11   const=d,k,beta,q,abs(det B),A[0,0],lambda  vary=-  nuisance_ok=True
    X_lambda[lambda=1.0]   F0|fib_s4|PIN-DET+PIN-A00 L12   const=d,k,beta,q,abs(det B),A[0,0],lambda  vary=-  nuisance_ok=True
    X_gso_k                F0|fib_s2|PIN-DET        L1    const=d,k,q,abs(det B)  vary=raw GSO profile  nuisance_ok=True
    X_gso_k                F0|fib_s2|PIN-DET        L2    const=d,k,q,abs(det B)  vary=raw GSO profile  nuisance_ok=True
    X_gso_k                F0|fib_s2|PIN-DET        L4    const=d,k,q,abs(det B)  vary=raw GSO profile  nuisance_ok=True
    X_gso_k                F0|fib_s2|PIN-DET        L5    const=d,k,q,abs(det B)  vary=raw GSO profile  nuisance_ok=True
    X_gso_k                F0|fib_s2|PIN-DET        L7    const=d,k,q,abs(det B)  vary=raw GSO profile  nuisance_ok=True
    X_gso_k                F0|fib_s2|PIN-DET        L8    const=d,k,q,abs(det B)  vary=raw GSO profile  nuisance_ok=True
    X_gso_k                F0|fib_s2|PIN-DET        L9    const=d,k,q,abs(det B)  vary=raw GSO profile  nuisance_ok=True
    X_gso_k                F0|fib_s2|PIN-DET        L10   const=d,k,q,abs(det B)  vary=raw GSO profile  nuisance_ok=True
    X_gso_k                F0|fib_s2|PIN-DET        L11   const=d,k,q,abs(det B)  vary=raw GSO profile  nuisance_ok=True
    X_gso_k                F0|fib_s2|PIN-DET        L12   const=d,k,q,abs(det B)  vary=raw GSO profile  nuisance_ok=True
    X_gso_k                F0|fib_s3|PIN-DET        L1    const=d,k,q,abs(det B)  vary=raw GSO profile  nuisance_ok=True
    X_gso_k                F0|fib_s3|PIN-DET        L2    const=d,k,q,abs(det B)  vary=raw GSO profile  nuisance_ok=True
    X_gso_k                F0|fib_s3|PIN-DET        L4    const=d,k,q,abs(det B)  vary=raw GSO profile  nuisance_ok=True
    X_gso_k                F0|fib_s3|PIN-DET        L5    const=d,k,q,abs(det B)  vary=raw GSO profile  nuisance_ok=True
    X_gso_k                F0|fib_s3|PIN-DET        L7    const=d,k,q,abs(det B)  vary=raw GSO profile  nuisance_ok=True
    X_gso_k                F0|fib_s3|PIN-DET        L8    const=d,k,q,abs(det B)  vary=raw GSO profile  nuisance_ok=True
    X_gso_k                F0|fib_s3|PIN-DET        L9    const=d,k,q,abs(det B)  vary=raw GSO profile  nuisance_ok=True
    X_gso_k                F0|fib_s3|PIN-DET        L10   const=d,k,q,abs(det B)  vary=raw GSO profile  nuisance_ok=True
    X_gso_k                F0|fib_s3|PIN-DET        L11   const=d,k,q,abs(det B)  vary=raw GSO profile  nuisance_ok=True
    X_gso_k                F0|fib_s3|PIN-DET        L12   const=d,k,q,abs(det B)  vary=raw GSO profile  nuisance_ok=True
    X_gso_k                F0|fib_s4|PIN-DET        L1    const=d,k,q,abs(det B)  vary=raw GSO profile  nuisance_ok=True
    X_gso_k                F0|fib_s4|PIN-DET        L2    const=d,k,q,abs(det B)  vary=raw GSO profile  nuisance_ok=True
    X_gso_k                F0|fib_s4|PIN-DET        L4    const=d,k,q,abs(det B)  vary=raw GSO profile  nuisance_ok=True
    X_gso_k                F0|fib_s4|PIN-DET        L5    const=d,k,q,abs(det B)  vary=raw GSO profile  nuisance_ok=True
    X_gso_k                F0|fib_s4|PIN-DET        L7    const=d,k,q,abs(det B)  vary=raw GSO profile  nuisance_ok=True
    X_gso_k                F0|fib_s4|PIN-DET        L8    const=d,k,q,abs(det B)  vary=raw GSO profile  nuisance_ok=True
    X_gso_k                F0|fib_s4|PIN-DET        L9    const=d,k,q,abs(det B)  vary=raw GSO profile  nuisance_ok=True
    X_gso_k                F0|fib_s4|PIN-DET        L10   const=d,k,q,abs(det B)  vary=raw GSO profile  nuisance_ok=True
    X_gso_k                F0|fib_s4|PIN-DET        L11   const=d,k,q,abs(det B)  vary=raw GSO profile  nuisance_ok=True
    X_gso_k                F0|fib_s4|PIN-DET        L12   const=d,k,q,abs(det B)  vary=raw GSO profile  nuisance_ok=True
    X_hash[c=1e-09]        F0|fib_s2|PIN-DET        L1    const=d,k,beta,q,abs(det B)  vary=every entry of A  nuisance_ok=True
    X_hash[c=1e-09]        F0|fib_s2|PIN-DET        L2    const=d,k,beta,q,abs(det B)  vary=every entry of A  nuisance_ok=True
    X_hash[c=1e-09]        F0|fib_s2|PIN-DET        L4    const=d,k,beta,q,abs(det B)  vary=every entry of A  nuisance_ok=True
    X_hash[c=1e-09]        F0|fib_s2|PIN-DET        L5    const=d,k,beta,q,abs(det B)  vary=every entry of A  nuisance_ok=True
    X_hash[c=1e-09]        F0|fib_s2|PIN-DET        L7    const=d,k,beta,q,abs(det B)  vary=every entry of A  nuisance_ok=True
    X_hash[c=1e-09]        F0|fib_s2|PIN-DET        L8    const=d,k,beta,q,abs(det B)  vary=every entry of A  nuisance_ok=True
    X_hash[c=1e-09]        F0|fib_s2|PIN-DET        L9    const=d,k,beta,q,abs(det B)  vary=every entry of A  nuisance_ok=True
    X_hash[c=1e-09]        F0|fib_s2|PIN-DET        L10   const=d,k,beta,q,abs(det B)  vary=every entry of A  nuisance_ok=True
    X_hash[c=1e-09]        F0|fib_s2|PIN-DET        L11   const=d,k,beta,q,abs(det B)  vary=every entry of A  nuisance_ok=True
    X_hash[c=1e-09]        F0|fib_s2|PIN-DET        L12   const=d,k,beta,q,abs(det B)  vary=every entry of A  nuisance_ok=True
    X_hash[c=1e-09]        F0|fib_s3|PIN-DET        L1    const=d,k,beta,q,abs(det B)  vary=every entry of A  nuisance_ok=True
    X_hash[c=1e-09]        F0|fib_s3|PIN-DET        L2    const=d,k,beta,q,abs(det B)  vary=every entry of A  nuisance_ok=True
    X_hash[c=1e-09]        F0|fib_s3|PIN-DET        L4    const=d,k,beta,q,abs(det B)  vary=every entry of A  nuisance_ok=True
    X_hash[c=1e-09]        F0|fib_s3|PIN-DET        L5    const=d,k,beta,q,abs(det B)  vary=every entry of A  nuisance_ok=True
    X_hash[c=1e-09]        F0|fib_s3|PIN-DET        L7    const=d,k,beta,q,abs(det B)  vary=every entry of A  nuisance_ok=True
    X_hash[c=1e-09]        F0|fib_s3|PIN-DET        L8    const=d,k,beta,q,abs(det B)  vary=every entry of A  nuisance_ok=True
    X_hash[c=1e-09]        F0|fib_s3|PIN-DET        L9    const=d,k,beta,q,abs(det B)  vary=every entry of A  nuisance_ok=True
    X_hash[c=1e-09]        F0|fib_s3|PIN-DET        L10   const=d,k,beta,q,abs(det B)  vary=every entry of A  nuisance_ok=True
    X_hash[c=1e-09]        F0|fib_s3|PIN-DET        L11   const=d,k,beta,q,abs(det B)  vary=every entry of A  nuisance_ok=True
    X_hash[c=1e-09]        F0|fib_s3|PIN-DET        L12   const=d,k,beta,q,abs(det B)  vary=every entry of A  nuisance_ok=True
    X_hash[c=1e-09]        F0|fib_s4|PIN-DET        L1    const=d,k,beta,q,abs(det B)  vary=every entry of A  nuisance_ok=True
    X_hash[c=1e-09]        F0|fib_s4|PIN-DET        L2    const=d,k,beta,q,abs(det B)  vary=every entry of A  nuisance_ok=True
    X_hash[c=1e-09]        F0|fib_s4|PIN-DET        L4    const=d,k,beta,q,abs(det B)  vary=every entry of A  nuisance_ok=True
    X_hash[c=1e-09]        F0|fib_s4|PIN-DET        L5    const=d,k,beta,q,abs(det B)  vary=every entry of A  nuisance_ok=True
    X_hash[c=1e-09]        F0|fib_s4|PIN-DET        L7    const=d,k,beta,q,abs(det B)  vary=every entry of A  nuisance_ok=True
    X_hash[c=1e-09]        F0|fib_s4|PIN-DET        L8    const=d,k,beta,q,abs(det B)  vary=every entry of A  nuisance_ok=True
    X_hash[c=1e-09]        F0|fib_s4|PIN-DET        L9    const=d,k,beta,q,abs(det B)  vary=every entry of A  nuisance_ok=True
    X_hash[c=1e-09]        F0|fib_s4|PIN-DET        L10   const=d,k,beta,q,abs(det B)  vary=every entry of A  nuisance_ok=True
    X_hash[c=1e-09]        F0|fib_s4|PIN-DET        L11   const=d,k,beta,q,abs(det B)  vary=every entry of A  nuisance_ok=True
    X_hash[c=1e-09]        F0|fib_s4|PIN-DET        L12   const=d,k,beta,q,abs(det B)  vary=every entry of A  nuisance_ok=True
    X_hash[c=0.001]        F0|fib_s2|PIN-DET        L1    const=d,k,beta,q,abs(det B)  vary=every entry of A  nuisance_ok=True
    X_hash[c=0.001]        F0|fib_s2|PIN-DET        L2    const=d,k,beta,q,abs(det B)  vary=every entry of A  nuisance_ok=True
    X_hash[c=0.001]        F0|fib_s2|PIN-DET        L4    const=d,k,beta,q,abs(det B)  vary=every entry of A  nuisance_ok=True
    X_hash[c=0.001]        F0|fib_s2|PIN-DET        L5    const=d,k,beta,q,abs(det B)  vary=every entry of A  nuisance_ok=True
    X_hash[c=0.001]        F0|fib_s2|PIN-DET        L7    const=d,k,beta,q,abs(det B)  vary=every entry of A  nuisance_ok=True
    X_hash[c=0.001]        F0|fib_s2|PIN-DET        L8    const=d,k,beta,q,abs(det B)  vary=every entry of A  nuisance_ok=True
    X_hash[c=0.001]        F0|fib_s2|PIN-DET        L9    const=d,k,beta,q,abs(det B)  vary=every entry of A  nuisance_ok=True
    X_hash[c=0.001]        F0|fib_s2|PIN-DET        L10   const=d,k,beta,q,abs(det B)  vary=every entry of A  nuisance_ok=True
    X_hash[c=0.001]        F0|fib_s2|PIN-DET        L11   const=d,k,beta,q,abs(det B)  vary=every entry of A  nuisance_ok=True
    X_hash[c=0.001]        F0|fib_s2|PIN-DET        L12   const=d,k,beta,q,abs(det B)  vary=every entry of A  nuisance_ok=True
    X_hash[c=0.001]        F0|fib_s3|PIN-DET        L1    const=d,k,beta,q,abs(det B)  vary=every entry of A  nuisance_ok=True
    X_hash[c=0.001]        F0|fib_s3|PIN-DET        L2    const=d,k,beta,q,abs(det B)  vary=every entry of A  nuisance_ok=True
    X_hash[c=0.001]        F0|fib_s3|PIN-DET        L4    const=d,k,beta,q,abs(det B)  vary=every entry of A  nuisance_ok=True
    X_hash[c=0.001]        F0|fib_s3|PIN-DET        L5    const=d,k,beta,q,abs(det B)  vary=every entry of A  nuisance_ok=True
    X_hash[c=0.001]        F0|fib_s3|PIN-DET        L7    const=d,k,beta,q,abs(det B)  vary=every entry of A  nuisance_ok=True
    X_hash[c=0.001]        F0|fib_s3|PIN-DET        L8    const=d,k,beta,q,abs(det B)  vary=every entry of A  nuisance_ok=True
    X_hash[c=0.001]        F0|fib_s3|PIN-DET        L9    const=d,k,beta,q,abs(det B)  vary=every entry of A  nuisance_ok=True
    X_hash[c=0.001]        F0|fib_s3|PIN-DET        L10   const=d,k,beta,q,abs(det B)  vary=every entry of A  nuisance_ok=True
    X_hash[c=0.001]        F0|fib_s3|PIN-DET        L11   const=d,k,beta,q,abs(det B)  vary=every entry of A  nuisance_ok=True
    X_hash[c=0.001]        F0|fib_s3|PIN-DET        L12   const=d,k,beta,q,abs(det B)  vary=every entry of A  nuisance_ok=True
    X_hash[c=0.001]        F0|fib_s4|PIN-DET        L1    const=d,k,beta,q,abs(det B)  vary=every entry of A  nuisance_ok=True
    X_hash[c=0.001]        F0|fib_s4|PIN-DET        L2    const=d,k,beta,q,abs(det B)  vary=every entry of A  nuisance_ok=True
    X_hash[c=0.001]        F0|fib_s4|PIN-DET        L4    const=d,k,beta,q,abs(det B)  vary=every entry of A  nuisance_ok=True
    X_hash[c=0.001]        F0|fib_s4|PIN-DET        L5    const=d,k,beta,q,abs(det B)  vary=every entry of A  nuisance_ok=True
    X_hash[c=0.001]        F0|fib_s4|PIN-DET        L7    const=d,k,beta,q,abs(det B)  vary=every entry of A  nuisance_ok=True
    X_hash[c=0.001]        F0|fib_s4|PIN-DET        L8    const=d,k,beta,q,abs(det B)  vary=every entry of A  nuisance_ok=True
    X_hash[c=0.001]        F0|fib_s4|PIN-DET        L9    const=d,k,beta,q,abs(det B)  vary=every entry of A  nuisance_ok=True
    X_hash[c=0.001]        F0|fib_s4|PIN-DET        L10   const=d,k,beta,q,abs(det B)  vary=every entry of A  nuisance_ok=True
    X_hash[c=0.001]        F0|fib_s4|PIN-DET        L11   const=d,k,beta,q,abs(det B)  vary=every entry of A  nuisance_ok=True
    X_hash[c=0.001]        F0|fib_s4|PIN-DET        L12   const=d,k,beta,q,abs(det B)  vary=every entry of A  nuisance_ok=True
    X_hash[c=0.01]         F0|fib_s2|PIN-DET        L1    const=d,k,beta,q,abs(det B)  vary=every entry of A  nuisance_ok=True
    X_hash[c=0.01]         F0|fib_s2|PIN-DET        L2    const=d,k,beta,q,abs(det B)  vary=every entry of A  nuisance_ok=True
    X_hash[c=0.01]         F0|fib_s2|PIN-DET        L4    const=d,k,beta,q,abs(det B)  vary=every entry of A  nuisance_ok=True
    X_hash[c=0.01]         F0|fib_s2|PIN-DET        L5    const=d,k,beta,q,abs(det B)  vary=every entry of A  nuisance_ok=True
    X_hash[c=0.01]         F0|fib_s2|PIN-DET        L7    const=d,k,beta,q,abs(det B)  vary=every entry of A  nuisance_ok=True
    X_hash[c=0.01]         F0|fib_s2|PIN-DET        L8    const=d,k,beta,q,abs(det B)  vary=every entry of A  nuisance_ok=True
    X_hash[c=0.01]         F0|fib_s2|PIN-DET        L9    const=d,k,beta,q,abs(det B)  vary=every entry of A  nuisance_ok=True
    X_hash[c=0.01]         F0|fib_s2|PIN-DET        L10   const=d,k,beta,q,abs(det B)  vary=every entry of A  nuisance_ok=True
    X_hash[c=0.01]         F0|fib_s2|PIN-DET        L11   const=d,k,beta,q,abs(det B)  vary=every entry of A  nuisance_ok=True
    X_hash[c=0.01]         F0|fib_s2|PIN-DET        L12   const=d,k,beta,q,abs(det B)  vary=every entry of A  nuisance_ok=True
    X_hash[c=0.01]         F0|fib_s3|PIN-DET        L1    const=d,k,beta,q,abs(det B)  vary=every entry of A  nuisance_ok=True
    X_hash[c=0.01]         F0|fib_s3|PIN-DET        L2    const=d,k,beta,q,abs(det B)  vary=every entry of A  nuisance_ok=True
    X_hash[c=0.01]         F0|fib_s3|PIN-DET        L4    const=d,k,beta,q,abs(det B)  vary=every entry of A  nuisance_ok=True
    X_hash[c=0.01]         F0|fib_s3|PIN-DET        L5    const=d,k,beta,q,abs(det B)  vary=every entry of A  nuisance_ok=True
    X_hash[c=0.01]         F0|fib_s3|PIN-DET        L7    const=d,k,beta,q,abs(det B)  vary=every entry of A  nuisance_ok=True
    X_hash[c=0.01]         F0|fib_s3|PIN-DET        L8    const=d,k,beta,q,abs(det B)  vary=every entry of A  nuisance_ok=True
    X_hash[c=0.01]         F0|fib_s3|PIN-DET        L9    const=d,k,beta,q,abs(det B)  vary=every entry of A  nuisance_ok=True
    X_hash[c=0.01]         F0|fib_s3|PIN-DET        L10   const=d,k,beta,q,abs(det B)  vary=every entry of A  nuisance_ok=True
    X_hash[c=0.01]         F0|fib_s3|PIN-DET        L11   const=d,k,beta,q,abs(det B)  vary=every entry of A  nuisance_ok=True
    X_hash[c=0.01]         F0|fib_s3|PIN-DET        L12   const=d,k,beta,q,abs(det B)  vary=every entry of A  nuisance_ok=True
    X_hash[c=0.01]         F0|fib_s4|PIN-DET        L1    const=d,k,beta,q,abs(det B)  vary=every entry of A  nuisance_ok=True
    X_hash[c=0.01]         F0|fib_s4|PIN-DET        L2    const=d,k,beta,q,abs(det B)  vary=every entry of A  nuisance_ok=True
    X_hash[c=0.01]         F0|fib_s4|PIN-DET        L4    const=d,k,beta,q,abs(det B)  vary=every entry of A  nuisance_ok=True
    X_hash[c=0.01]         F0|fib_s4|PIN-DET        L5    const=d,k,beta,q,abs(det B)  vary=every entry of A  nuisance_ok=True
    X_hash[c=0.01]         F0|fib_s4|PIN-DET        L7    const=d,k,beta,q,abs(det B)  vary=every entry of A  nuisance_ok=True
    X_hash[c=0.01]         F0|fib_s4|PIN-DET        L8    const=d,k,beta,q,abs(det B)  vary=every entry of A  nuisance_ok=True
    X_hash[c=0.01]         F0|fib_s4|PIN-DET        L9    const=d,k,beta,q,abs(det B)  vary=every entry of A  nuisance_ok=True
    X_hash[c=0.01]         F0|fib_s4|PIN-DET        L10   const=d,k,beta,q,abs(det B)  vary=every entry of A  nuisance_ok=True
    X_hash[c=0.01]         F0|fib_s4|PIN-DET        L11   const=d,k,beta,q,abs(det B)  vary=every entry of A  nuisance_ok=True
    X_hash[c=0.01]         F0|fib_s4|PIN-DET        L12   const=d,k,beta,q,abs(det B)  vary=every entry of A  nuisance_ok=True
    X_hash[c=0.1]          F0|fib_s2|PIN-DET        L1    const=d,k,beta,q,abs(det B)  vary=every entry of A  nuisance_ok=True
    X_hash[c=0.1]          F0|fib_s2|PIN-DET        L2    const=d,k,beta,q,abs(det B)  vary=every entry of A  nuisance_ok=True
    X_hash[c=0.1]          F0|fib_s2|PIN-DET        L4    const=d,k,beta,q,abs(det B)  vary=every entry of A  nuisance_ok=True
    X_hash[c=0.1]          F0|fib_s2|PIN-DET        L5    const=d,k,beta,q,abs(det B)  vary=every entry of A  nuisance_ok=True
    X_hash[c=0.1]          F0|fib_s2|PIN-DET        L7    const=d,k,beta,q,abs(det B)  vary=every entry of A  nuisance_ok=True
    X_hash[c=0.1]          F0|fib_s2|PIN-DET        L8    const=d,k,beta,q,abs(det B)  vary=every entry of A  nuisance_ok=True
    X_hash[c=0.1]          F0|fib_s2|PIN-DET        L9    const=d,k,beta,q,abs(det B)  vary=every entry of A  nuisance_ok=True
    X_hash[c=0.1]          F0|fib_s2|PIN-DET        L10   const=d,k,beta,q,abs(det B)  vary=every entry of A  nuisance_ok=True
    X_hash[c=0.1]          F0|fib_s2|PIN-DET        L11   const=d,k,beta,q,abs(det B)  vary=every entry of A  nuisance_ok=True
    X_hash[c=0.1]          F0|fib_s2|PIN-DET        L12   const=d,k,beta,q,abs(det B)  vary=every entry of A  nuisance_ok=True
    X_hash[c=0.1]          F0|fib_s3|PIN-DET        L1    const=d,k,beta,q,abs(det B)  vary=every entry of A  nuisance_ok=True
    X_hash[c=0.1]          F0|fib_s3|PIN-DET        L2    const=d,k,beta,q,abs(det B)  vary=every entry of A  nuisance_ok=True
    X_hash[c=0.1]          F0|fib_s3|PIN-DET        L4    const=d,k,beta,q,abs(det B)  vary=every entry of A  nuisance_ok=True
    X_hash[c=0.1]          F0|fib_s3|PIN-DET        L5    const=d,k,beta,q,abs(det B)  vary=every entry of A  nuisance_ok=True
    X_hash[c=0.1]          F0|fib_s3|PIN-DET        L7    const=d,k,beta,q,abs(det B)  vary=every entry of A  nuisance_ok=True
    X_hash[c=0.1]          F0|fib_s3|PIN-DET        L8    const=d,k,beta,q,abs(det B)  vary=every entry of A  nuisance_ok=True
    X_hash[c=0.1]          F0|fib_s3|PIN-DET        L9    const=d,k,beta,q,abs(det B)  vary=every entry of A  nuisance_ok=True
    X_hash[c=0.1]          F0|fib_s3|PIN-DET        L10   const=d,k,beta,q,abs(det B)  vary=every entry of A  nuisance_ok=True
    X_hash[c=0.1]          F0|fib_s3|PIN-DET        L11   const=d,k,beta,q,abs(det B)  vary=every entry of A  nuisance_ok=True
    X_hash[c=0.1]          F0|fib_s3|PIN-DET        L12   const=d,k,beta,q,abs(det B)  vary=every entry of A  nuisance_ok=True
    X_hash[c=0.1]          F0|fib_s4|PIN-DET        L1    const=d,k,beta,q,abs(det B)  vary=every entry of A  nuisance_ok=True
    X_hash[c=0.1]          F0|fib_s4|PIN-DET        L2    const=d,k,beta,q,abs(det B)  vary=every entry of A  nuisance_ok=True
    X_hash[c=0.1]          F0|fib_s4|PIN-DET        L4    const=d,k,beta,q,abs(det B)  vary=every entry of A  nuisance_ok=True
    X_hash[c=0.1]          F0|fib_s4|PIN-DET        L5    const=d,k,beta,q,abs(det B)  vary=every entry of A  nuisance_ok=True
    X_hash[c=0.1]          F0|fib_s4|PIN-DET        L7    const=d,k,beta,q,abs(det B)  vary=every entry of A  nuisance_ok=True
    X_hash[c=0.1]          F0|fib_s4|PIN-DET        L8    const=d,k,beta,q,abs(det B)  vary=every entry of A  nuisance_ok=True
    X_hash[c=0.1]          F0|fib_s4|PIN-DET        L9    const=d,k,beta,q,abs(det B)  vary=every entry of A  nuisance_ok=True
    X_hash[c=0.1]          F0|fib_s4|PIN-DET        L10   const=d,k,beta,q,abs(det B)  vary=every entry of A  nuisance_ok=True
    X_hash[c=0.1]          F0|fib_s4|PIN-DET        L11   const=d,k,beta,q,abs(det B)  vary=every entry of A  nuisance_ok=True
    X_hash[c=0.1]          F0|fib_s4|PIN-DET        L12   const=d,k,beta,q,abs(det B)  vary=every entry of A  nuisance_ok=True
    R3-OUT-V fires: False
[2] evaluating the declared routes at binary32 and binary64 ...
[3] R3-OUT-1: exact-route certification (A-1.1) ...
    R7_exact_gram F0                       L1   d=100 k= 30  0.13s  ok
    R7_exact_gram F0                       L2   d=100 k= 70  1.10s  ok
    R7_exact_gram F0                       L4   d=140 k= 40  0.27s  ok
    R7_exact_gram F0                       L5   d=140 k=100  3.23s  ok
    R7_exact_gram F0                       L7   d= 20 k=  6  0.00s  ok
    R7_exact_gram F0                       L8   d= 20 k= 14  0.02s  ok
    R7_exact_gram F0                       L9   d= 30 k=  9  0.01s  ok
    R7_exact_gram F0                       L10  d= 30 k= 21  0.05s  ok
    R7_exact_gram F0                       L11  d= 40 k= 12  0.02s  ok
    R7_exact_gram F0                       L12  d= 40 k= 28  0.09s  ok
    R7_exact_gram F0|fib_s2|PIN-DET        L1   d=100 k= 30  0.13s  ok
    R7_exact_gram F0|fib_s2|PIN-DET        L2   d=100 k= 70  1.09s  ok
    R7_exact_gram F0|fib_s2|PIN-DET        L4   d=140 k= 40  0.29s  ok
    R7_exact_gram F0|fib_s2|PIN-DET        L5   d=140 k=100  3.19s  ok
    R7_exact_gram F0|fib_s2|PIN-DET        L7   d= 20 k=  6  0.00s  ok
    R7_exact_gram F0|fib_s2|PIN-DET        L8   d= 20 k= 14  0.02s  ok
    R7_exact_gram F0|fib_s2|PIN-DET        L9   d= 30 k=  9  0.01s  ok
    R7_exact_gram F0|fib_s2|PIN-DET        L10  d= 30 k= 21  0.05s  ok
    R7_exact_gram F0|fib_s2|PIN-DET        L11  d= 40 k= 12  0.02s  ok
    R7_exact_gram F0|fib_s2|PIN-DET        L12  d= 40 k= 28  0.09s  ok
    R7_exact_gram F0|fib_s3|PIN-DET        L1   d=100 k= 30  0.13s  ok
    R7_exact_gram F0|fib_s3|PIN-DET        L2   d=100 k= 70  1.08s  ok
    R7_exact_gram F0|fib_s3|PIN-DET        L4   d=140 k= 40  0.27s  ok
    R7_exact_gram F0|fib_s3|PIN-DET        L5   d=140 k=100  3.22s  ok
    R7_exact_gram F0|fib_s3|PIN-DET        L7   d= 20 k=  6  0.00s  ok
    R7_exact_gram F0|fib_s3|PIN-DET        L8   d= 20 k= 14  0.02s  ok
    R7_exact_gram F0|fib_s3|PIN-DET        L9   d= 30 k=  9  0.01s  ok
    R7_exact_gram F0|fib_s3|PIN-DET        L10  d= 30 k= 21  0.05s  ok
    R7_exact_gram F0|fib_s3|PIN-DET        L11  d= 40 k= 12  0.02s  ok
    R7_exact_gram F0|fib_s3|PIN-DET        L12  d= 40 k= 28  0.09s  ok
    R7_exact_gram F0|fib_s4|PIN-DET        L1   d=100 k= 30  0.13s  ok
    R7_exact_gram F0|fib_s4|PIN-DET        L2   d=100 k= 70  1.06s  ok
    R7_exact_gram F0|fib_s4|PIN-DET        L4   d=140 k= 40  0.27s  ok
    R7_exact_gram F0|fib_s4|PIN-DET        L5   d=140 k=100  3.23s  ok
    R7_exact_gram F0|fib_s4|PIN-DET        L7   d= 20 k=  6  0.00s  ok
    R7_exact_gram F0|fib_s4|PIN-DET        L8   d= 20 k= 14  0.02s  ok
    R7_exact_gram F0|fib_s4|PIN-DET        L9   d= 30 k=  9  0.01s  ok
    R7_exact_gram F0|fib_s4|PIN-DET        L10  d= 30 k= 21  0.05s  ok
    R7_exact_gram F0|fib_s4|PIN-DET        L11  d= 40 k= 12  0.02s  ok
    R7_exact_gram F0|fib_s4|PIN-DET        L12  d= 40 k= 28  0.10s  ok
[4] R3-OUT-8: P-GRAM (CONSISTENCY CHECK, applied as frozen) ...
    P-GRAM holds: False (max dev RQ 1.421e-13, RG 3.002e-09 over 800 comparisons)
[5] R3-OUT-2: the two-precision table and the falsifiers ...
[6] R3-OUT-5: P-SEP, the K-intervals (SOLVED, not gridded) ...
[7] R3-OUT-6: X_hash at every declared amplitude, all three draws
[8] R3-OUT-3: obligation (b), F0's refusal half under V6 / V7 / VX
==============================================================================
A-1 DIAGNOSTIC -- BATCH-6b6e78 -- TOY
==============================================================================
R3-OUT-V (guard P-G2) fires        : False
R3-OUT-8 P-GRAM holds              : False
    max abs dev vs RQ float64      : 1.421e-13
    max abs dev vs RG float64      : 3.002e-09
R7_exact_gram AVAILABLE            : False
FC-1   fired: True   n = 1
FC-2a  fired: True   n = 153
FC-2b  fired: False  n = 0
FC-3a  fired: True   n = 868
FC-3b  fired: True   n = 354
precision_degenerate cells         : 4788 (strict reading FALSIFIED at 4788)
cells whose committed VAR-F verdict changes with precision: 1416 of 12426 covered
obligation (b) [binary64_FROZEN_READING]: V6{R0..R5} = FAIL, V7{R0..R5,R6_exact} = FAIL, VX{R6_exact} = PASS
obligation (b) [binary32_DIAGNOSTIC_not_a_frozen_reading]: V6{R0..R5} = FAIL, V7{R0..R5,R6_exact} = FAIL, VX{R6_exact} = PASS
P-SEP joint intersection           : {"K_min": 26079110.763150338, "K_max": 0.0, "EMPTY": true}
TERMINATION BRANCH                 : T-A1-FALSIFIED-PARTIAL

wrote coordination/goals/GOAL-MLKEM-005/batches/BATCH-6b6e78/reviews/TASK-20260813-59c321/probes/repro_results_a1.json in 26.50 s
