enumerated 1 admissible (exhaustive, 1 tested) + 296 (sampled) in 14.9s
measured 292 families in 6.2s (refused 0, failures 0, budget hit False)
MESTRE-0,1,7,8,9,11                      env=  29.7728 flat a=  39.431 b=  7.15 steep b= 25.77 d=2 ST<=11
MESTRE-0,1,2,3,4,5                       env=  30.3228 flat a=  32.582 b= 15.02 steep b= 21.05 d=2 ST<=9
MESTRE-0,1,7,8,14,15                     env=  50.8199 flat a=  75.796 b= -5.12 steep b= 22.27 d=2 ST<=9
MESTRE-0,13,38,52,77,90                  env=  50.8843 flat a=  83.760 b=  3.62 steep b= 21.08 d=2 ST<=9
MESTRE-0,1,8,21,28,29                    env=  58.2548 flat a= 131.294 b=-19.98 steep b= 22.11 d=2 ST<=9
MESTRE-0,1,26,27,35,37                   env=  58.6306 flat a=  70.031 b=  2.23 steep b= 23.76 d=2 ST<=13
MESTRE-0,4,11,21,28,32                   env=  59.8010 flat a= 108.072 b=  0.89 steep b= 24.13 d=2 ST<=9
MESTRE-0,2,13,27,38,40                   env=  63.7610 flat a=  89.329 b=  2.90 steep b= 25.18 d=2 ST<=9
MESTRE-0,2,4,15,17,19                    env=  64.9237 flat a=  67.599 b= 15.61 steep b= 21.79 d=2 ST<=9
MESTRE-0,3,11,13,21,24                   env=  64.9696 flat a=  81.616 b=  5.04 steep b= 26.38 d=2 ST<=9
MESTRE-0,17,26,40,49,66                  env=  65.8526 flat a=  86.434 b=  3.53 steep b= 22.54 d=2 ST<=9
MESTRE-0,6,12,14,15,23                   env=  68.9982 flat a=  65.814 b=  7.54 steep b= 24.00 d=2 ST<=13
MESTRE-0,11,17,40,46,57                  env=  69.6709 flat a=  88.779 b= -0.22 steep b= 20.47 d=2 ST<=9
MESTRE-0,12,15,23,26,38                  env=  71.9889 flat a= 101.128 b=  5.84 steep b= 26.00 d=2 ST<=9
MESTRE-0,2,3,9,10,12                     env=  73.1637 flat a=  85.860 b= -2.43 steep b= 25.77 d=2 ST<=9
MESTRE-0,2,8,15,21,23                    env=  73.9313 flat a=  96.568 b= -2.37 steep b= 22.85 d=2 ST<=9
MESTRE-0,6,11,14,19,25                   env=  75.6320 flat a=  82.127 b=  5.38 steep b= 21.45 d=2 ST<=9
MESTRE-0,6,7,31,32,38                    env=  76.1745 flat a=  91.764 b=  1.70 steep b= 20.09 d=2 ST<=9
MESTRE-0,5,10,33,38,43                   env=  76.8003 flat a= 100.989 b=  8.93 steep b= 14.66 d=2 ST<=9
MESTRE-0,5,19,25,39,44                   env=  77.7194 flat a=  98.962 b=  0.90 steep b= 19.59 d=2 ST<=9
MESTRE-0,5,6,36,37,42                    env=  78.5145 flat a= 100.059 b= -1.33 steep b= 25.99 d=2 ST<=9
MESTRE-0,11,22,46,57,68                  env=  79.1689 flat a= 109.440 b= -1.39 steep b= 22.77 d=2 ST<=9
MESTRE-0,8,13,47,52,60                   env=  79.5704 flat a= 123.282 b= -2.38 steep b= 23.77 d=2 ST<=9
MESTRE-PUBLISHED-A                       env=  79.6238 flat a=  94.717 b=  3.42 steep b= 22.45 d=2 ST<=15
MESTRE-0,3,7,29,33,36                    env=  80.2456 flat a=  97.488 b= -6.98 steep b= 24.88 d=2 ST<=9
MESTRE-0,3,4,26,27,30                    env=  80.3621 flat a= 102.207 b= -2.65 steep b= 26.14 d=2 ST<=9
MESTRE-0,13,44,54,85,98                  env=  81.1099 flat a= 103.969 b=  1.55 steep b= 22.70 d=2 ST<=9
MESTRE-0,8,16,43,51,59                   env=  82.3830 flat a= 112.255 b= -3.90 steep b= 20.29 d=2 ST<=9
MESTRE-0,23,46,48,71,94                  env=  83.1344 flat a= 119.174 b=  3.87 steep b= 23.69 d=2 ST<=9
MESTRE-0,8,28,65,85,93                   env=  83.7740 flat a= 143.761 b= -2.28 steep b= 16.47 d=2 ST<=9
