{
 "word_map_ranks_at_anchor": {
  "record_census_object_T_zero": [
   32,
   32,
   32,
   32
  ],
  "one_sided_perturbation_T_keep": [
   32,
   32,
   32,
   32
  ],
  "archived_object_identity_DM": [
   32,
   0,
   0,
   0
  ],
  "required_by_F1": [
   32,
   0,
   0,
   0
  ]
 },
 "empirical_keyed_identities": {
  "trials": 1000,
  "q0_xor_q1_equals_p0_xor_p1": 1000,
  "q0_xor_p0_equals_T_keep_d": 1000,
  "q0_xor_p0_equals_record_T_zero_d": 0
 },
 "identity_law_pass": true,
 "T_zero_support_histogram_2000_random_d": [
  0,
  0,
  0,
  0,
  2000
 ]
}
