{
 "admission_readings_C7": {
  "host_kind": "macos",
  "vm_loadavg_raw": "{ 52.55 32.03 23.02 }",
  "load_15min": 23.02,
  "system_volume_free_gib": 21.606243133544922,
  "repo_volume_free_gib": 6.074043273925781,
  "read_at": "2026-09-29T20:27:08.843576+00:00"
 },
 "admitted_by_precondition": false,
 "reasons": [
  "15-min load 23.02 > 14.0",
  "repo volume free 6.1 GiB < 20.0"
 ]
}
[2026-09-29T20:27:14.675206+00:00] cell b13-s900:primary ...
[2026-09-29T20:27:14.791077+00:00] cell b13-s900:null_randfb ...
[2026-09-29T20:27:14.859770+00:00] cell b13-s900:stage_cost_m6 ...
[2026-09-29T20:27:14.991848+00:00] cell b13-s900:stage_cost_m8 ...
[2026-09-29T20:27:15.722532+00:00] cell b13-s900:rho ...
