[     26s] main 30b c30 ic_m3 subgroup search completed_valid t=2.2s
[     26s] main 30b c30 ic_m3 dickson search completed_valid t=2.3s
[     26s] main 30b c30 ic_m3 small_x search completed_valid t=2.0s
[     26s] main 30b c30 ic_m3 random_sub_r0 search completed_valid t=2.5s
[     26s] main 30b c30 ic_m3 random_sub_r1 search completed_valid t=2.5s
[     26s] main 30b c30 ic_m3 random_sub_r2 search completed_valid t=2.0s
[     26s] main 30b c30 ic_m3 known_null_sub search completed_valid t=2.1s
[     26s] main 30b c30 ic_m3 random_dick_r0 search completed_valid t=2.2s
[     26s] main 30b c30 ic_m3 random_dick_r1 search completed_valid t=2.8s
[     26s] main 30b c30 ic_m3 random_dick_r2 search completed_valid t=2.5s
[     26s] main 30b c30 ic_m3 known_null_dick search completed_valid t=2.3s
[     42s] main 30b c31 ic_m3 subgroup search completed_valid t=1.4s
[     42s] main 30b c31 ic_m3 dickson search completed_valid t=1.3s
[     42s] main 30b c31 ic_m3 small_x search completed_valid t=1.4s
[     42s] main 30b c31 ic_m3 random_sub_r0 search completed_valid t=1.5s
[     42s] main 30b c31 ic_m3 random_sub_r1 search completed_valid t=1.5s
[     42s] main 30b c31 ic_m3 random_sub_r2 search completed_valid t=1.5s
[     42s] main 30b c31 ic_m3 known_null_sub search completed_valid t=1.5s
[     42s] main 30b c31 ic_m3 random_dick_r0 search completed_valid t=1.4s
[     42s] main 30b c31 ic_m3 random_dick_r1 search completed_valid t=1.3s
[     42s] main 30b c31 ic_m3 random_dick_r2 search completed_valid t=1.4s
[     42s] main 30b c31 ic_m3 known_null_dick search completed_valid t=1.4s
[     58s] main 30b c32 ic_m3 subgroup search completed_valid t=1.3s
[     58s] main 30b c32 ic_m3 dickson search completed_valid t=1.5s
[     58s] main 30b c32 ic_m3 small_x search completed_valid t=1.5s
[     58s] main 30b c32 ic_m3 random_sub_r0 search completed_valid t=1.4s
[     58s] main 30b c32 ic_m3 random_sub_r1 search completed_valid t=1.4s
[     58s] main 30b c32 ic_m3 random_sub_r2 search completed_valid t=1.5s
[     58s] main 30b c32 ic_m3 known_null_sub search completed_valid t=1.4s
[     58s] main 30b c32 ic_m3 random_dick_r0 search completed_valid t=1.5s
[     58s] main 30b c32 ic_m3 random_dick_r1 search completed_valid t=1.6s
[     58s] main 30b c32 ic_m3 random_dick_r2 search completed_valid t=1.5s
[     58s] main 30b c32 ic_m3 known_null_dick search completed_valid t=1.3s
[     78s] main 30b c33 ic_m3 subgroup search completed_valid t=1.6s
[     78s] main 30b c33 ic_m3 dickson search completed_valid t=1.7s
[     78s] main 30b c33 ic_m3 small_x search completed_valid t=1.8s
[     78s] main 30b c33 ic_m3 random_sub_r0 search completed_valid t=1.9s
[     78s] main 30b c33 ic_m3 random_sub_r1 search completed_valid t=1.8s
[     78s] main 30b c33 ic_m3 random_sub_r2 search completed_valid t=1.8s
[     78s] main 30b c33 ic_m3 known_null_sub search completed_valid t=2.1s
[     78s] main 30b c33 ic_m3 random_dick_r0 search completed_valid t=1.7s
[     78s] main 30b c33 ic_m3 random_dick_r1 search completed_valid t=1.8s
[     78s] main 30b c33 ic_m3 random_dick_r2 search completed_valid t=2.1s
[     78s] main 30b c33 ic_m3 known_null_dick search completed_valid t=1.8s
[     98s] main 30b c34 ic_m3 subgroup search completed_valid t=1.8s
[     98s] main 30b c34 ic_m3 dickson search completed_valid t=2.0s
[     98s] main 30b c34 ic_m3 small_x search completed_valid t=1.7s
[     98s] main 30b c34 ic_m3 random_sub_r0 search completed_valid t=1.7s
[     98s] main 30b c34 ic_m3 random_sub_r1 search completed_valid t=1.8s
[     98s] main 30b c34 ic_m3 random_sub_r2 search completed_valid t=1.5s
[     98s] main 30b c34 ic_m3 known_null_sub search completed_valid t=1.9s
[     98s] main 30b c34 ic_m3 random_dick_r0 search completed_valid t=1.7s
[     98s] main 30b c34 ic_m3 random_dick_r1 search completed_valid t=2.0s
[     98s] main 30b c34 ic_m3 random_dick_r2 search completed_valid t=1.9s
[     98s] main 30b c34 ic_m3 known_null_dick search completed_valid t=1.6s
[    119s] main 30b c35 ic_m3 subgroup search completed_valid t=2.1s
[    119s] main 30b c35 ic_m3 dickson search completed_valid t=1.9s
[    119s] main 30b c35 ic_m3 small_x search completed_valid t=1.8s
[    119s] main 30b c35 ic_m3 random_sub_r0 search completed_valid t=1.8s
[    119s] main 30b c35 ic_m3 random_sub_r1 search completed_valid t=1.8s
[    119s] main 30b c35 ic_m3 random_sub_r2 search completed_valid t=1.6s
[    119s] main 30b c35 ic_m3 known_null_sub search completed_valid t=2.0s
[    119s] main 30b c35 ic_m3 random_dick_r0 search completed_valid t=1.8s
[    119s] main 30b c35 ic_m3 random_dick_r1 search completed_valid t=1.9s
[    119s] main 30b c35 ic_m3 random_dick_r2 search completed_valid t=1.7s
[    119s] main 30b c35 ic_m3 known_null_dick search completed_valid t=1.7s
[    135s] main 30b c36 ic_m3 subgroup search completed_valid t=1.4s
[    135s] main 30b c36 ic_m3 dickson search completed_valid t=1.4s
[    135s] main 30b c36 ic_m3 small_x search completed_valid t=1.8s
[    135s] main 30b c36 ic_m3 random_sub_r0 search completed_valid t=1.6s
[    135s] main 30b c36 ic_m3 random_sub_r1 search completed_valid t=1.4s
[    135s] main 30b c36 ic_m3 random_sub_r2 search completed_valid t=1.3s
[    135s] main 30b c36 ic_m3 known_null_sub search completed_valid t=1.5s
[    135s] main 30b c36 ic_m3 random_dick_r0 search completed_valid t=1.5s
[    135s] main 30b c36 ic_m3 random_dick_r1 search completed_valid t=1.5s
[    135s] main 30b c36 ic_m3 random_dick_r2 search completed_valid t=1.5s
[    135s] main 30b c36 ic_m3 known_null_dick search completed_valid t=1.4s
[    152s] main 30b c37 ic_m3 subgroup search completed_valid t=1.5s
[    152s] main 30b c37 ic_m3 dickson search completed_valid t=1.5s
[    152s] main 30b c37 ic_m3 small_x search completed_valid t=1.5s
[    152s] main 30b c37 ic_m3 random_sub_r0 search completed_valid t=1.4s
[    152s] main 30b c37 ic_m3 random_sub_r1 search completed_valid t=1.4s
[    152s] main 30b c37 ic_m3 random_sub_r2 search completed_valid t=1.5s
[    152s] main 30b c37 ic_m3 known_null_sub search completed_valid t=1.6s
[    152s] main 30b c37 ic_m3 random_dick_r0 search completed_valid t=1.4s
[    152s] main 30b c37 ic_m3 random_dick_r1 search completed_valid t=1.5s
[    152s] main 30b c37 ic_m3 random_dick_r2 search completed_valid t=1.6s
[    152s] main 30b c37 ic_m3 known_null_dick search completed_valid t=1.5s
[    169s] main 30b c38 ic_m3 subgroup search completed_valid t=1.5s
[    169s] main 30b c38 ic_m3 dickson search completed_valid t=1.8s
[    169s] main 30b c38 ic_m3 small_x search completed_valid t=1.4s
[    169s] main 30b c38 ic_m3 random_sub_r0 search completed_valid t=1.4s
[    169s] main 30b c38 ic_m3 random_sub_r1 search completed_valid t=1.4s
[    169s] main 30b c38 ic_m3 random_sub_r2 search completed_valid t=1.4s
[    169s] main 30b c38 ic_m3 known_null_sub search completed_valid t=1.7s
[    169s] main 30b c38 ic_m3 random_dick_r0 search completed_valid t=1.4s
[    169s] main 30b c38 ic_m3 random_dick_r1 search completed_valid t=1.8s
[    169s] main 30b c38 ic_m3 random_dick_r2 search completed_valid t=1.8s
[    169s] main 30b c38 ic_m3 known_null_dick search completed_valid t=1.7s
[    190s] main 30b c39 ic_m3 subgroup search completed_valid t=1.9s
[    190s] main 30b c39 ic_m3 dickson search completed_valid t=1.8s
[    190s] main 30b c39 ic_m3 small_x search completed_valid t=2.0s
[    190s] main 30b c39 ic_m3 random_sub_r0 search completed_valid t=1.7s
[    190s] main 30b c39 ic_m3 random_sub_r1 search completed_valid t=1.7s
[    190s] main 30b c39 ic_m3 random_sub_r2 search completed_valid t=1.9s
[    190s] main 30b c39 ic_m3 known_null_sub search completed_valid t=2.0s
[    190s] main 30b c39 ic_m3 random_dick_r0 search completed_valid t=2.2s
[    190s] main 30b c39 ic_m3 random_dick_r1 search completed_valid t=1.8s
[    190s] main 30b c39 ic_m3 random_dick_r2 search completed_valid t=1.7s
[    190s] main 30b c39 ic_m3 known_null_dick search completed_valid t=1.6s
