N=2^20 murmur3_fmix64 key1: topT/N=0.40636157989501953 cost=1.8365 scaledP=1.2423 hit=0.2910 P=10177 walks=159 (0.74s)
N=2^20 murmur3_fmix64 key2: topT/N=0.3700084686279297 cost=1.7517 scaledP=0.9811 hit=0.2510 P=8037 walks=149 (0.51s)
N=2^20 murmur3_fmix64 key3: topT/N=0.3798646926879883 cost=1.6716 scaledP=1.4781 hit=0.2945 P=12109 walks=171 (0.47s)
N=2^20 murmur3_fmix64 key4: topT/N=0.3536243438720703 cost=1.6921 scaledP=1.0461 hit=0.2528 P=8570 walks=151 (0.43s)
N=2^20 murmur3_fmix64 key5: topT/N=0.3753013610839844 cost=1.7095 scaledP=1.1461 hit=0.2960 P=9389 walks=152 (0.45s)
N=2^20 murmur3_fmix64 key6: topT/N=0.39526939392089844 cost=1.6960 scaledP=1.4960 hit=0.3106 P=12255 walks=163 (0.46s)
N=2^20 murmur3_fmix64 key7: topT/N=0.3796844482421875 cost=1.8918 scaledP=1.3834 hit=0.2777 P=11333 walks=169 (0.46s)
N=2^20 murmur3_fmix64 key8: topT/N=0.3742513656616211 cost=1.6043 scaledP=1.3176 hit=0.3002 P=10794 walks=167 (0.44s)
N=2^20 splitmix64 key1: topT/N=0.37932872772216797 cost=1.6140 scaledP=1.3359 hit=0.2925 P=10944 walks=174 (0.27s)
N=2^20 splitmix64 key2: topT/N=0.37371826171875 cost=1.7651 scaledP=1.3124 hit=0.3002 P=10751 walks=167 (0.29s)
N=2^20 splitmix64 key3: topT/N=0.38681602478027344 cost=2.0286 scaledP=1.3070 hit=0.2944 P=10707 walks=164 (0.3s)
N=2^20 splitmix64 key4: topT/N=0.3555450439453125 cost=1.8642 scaledP=1.2117 hit=0.2559 P=9926 walks=158 (0.29s)
N=2^20 splitmix64 key5: topT/N=0.41429615020751953 cost=1.6272 scaledP=1.6913 hit=0.3311 P=13855 walks=180 (0.28s)
cell N=2^20 done; elapsed 5.4s
N=2^24 murmur3_fmix64 key1: topT/N=0.40132689476013184 cost=1.6464 scaledP=1.2380 hit=0.3019 P=81132 walks=643 (17.22s)
N=2^24 murmur3_fmix64 key2: topT/N=0.38119328022003174 cost=1.6745 scaledP=1.2009 hit=0.2887 P=78702 walks=633 (15.11s)
N=2^24 murmur3_fmix64 key3: topT/N=0.38680994510650635 cost=1.6890 scaledP=1.2446 hit=0.2927 P=81568 walks=624 (15.38s)
N=2^24 murmur3_fmix64 key4: topT/N=0.387633740901947 cost=1.6026 scaledP=1.1746 hit=0.3041 P=76980 walks=626 (15.11s)
N=2^24 murmur3_fmix64 key5: topT/N=0.37933987379074097 cost=1.7556 scaledP=1.1732 hit=0.2838 P=76889 walks=627 (14.83s)
N=2^24 murmur3_fmix64 key6: topT/N=0.40076935291290283 cost=1.6685 scaledP=1.2292 hit=0.3140 P=80555 walks=640 (14.45s)
N=2^24 murmur3_fmix64 key7: topT/N=0.391960084438324 cost=1.6970 scaledP=1.0912 hit=0.2939 P=71512 walks=633 (15.16s)
N=2^24 murmur3_fmix64 key8: topT/N=0.37712424993515015 cost=1.7267 scaledP=1.2910 hit=0.2805 P=84609 walks=650 (15.35s)
N=2^24 splitmix64 key1: topT/N=0.3848578929901123 cost=1.7334 scaledP=1.2204 hit=0.2890 P=79983 walks=655 (13.07s)
N=2^24 splitmix64 key2: topT/N=0.39446377754211426 cost=1.6868 scaledP=1.2411 hit=0.2975 P=81334 walks=634 (11.77s)
N=2^24 splitmix64 key3: topT/N=0.3850795030593872 cost=1.7641 scaledP=1.1585 hit=0.2848 P=75921 walks=625 (12.78s)
N=2^24 splitmix64 key4: topT/N=0.3849015235900879 cost=1.7711 scaledP=1.0880 hit=0.2778 P=71301 walks=612 (13.04s)
N=2^24 splitmix64 key5: topT/N=0.38567280769348145 cost=1.7099 scaledP=1.2281 hit=0.2941 P=80487 walks=638 (13.39s)
cell N=2^24 done; elapsed 192.0s
peak_rss_kb 1578940
wrote /home/user/crypto-autoresearcher/coordination/goals/GOAL-ECDLP-bbc21f/batches/BATCH-289698/tasks/TASK-20260906-7ec3ea/src/../logs/j2_rederive_output.json
