{
 "total": 19850,
 "my_pass": 19850,
 "failures": [],
 "per_run": {
  "34": {
   "certificates": 6626,
   "my_pass": 6626,
   "reported_passed": 6626,
   "reported_solved": 6626,
   "raw_solved_non_rho_arms": 6626,
   "raw_solved_incl_rho": 6629,
   "per_arm_certs": {
    "STATIC(T)": 1513,
    "STATIC(T/2)": 1223,
    "RESEL-L(T)": 1615,
    "RESEL-L(T/2)": 1292,
    "NULL-A(T/2)": 983,
    "RHO": 0
   },
   "per_arm_solved": {
    "STATIC(T)": 1513,
    "STATIC(T/2)": 1223,
    "RESEL-L(T)": 1615,
    "RESEL-L(T/2)": 1292,
    "NULL-A(T/2)": 983,
    "RHO": 3
   }
  },
  "35": {
   "certificates": 6912,
   "my_pass": 6912,
   "reported_passed": 6912,
   "reported_solved": 6912,
   "raw_solved_non_rho_arms": 6912,
   "raw_solved_incl_rho": 6925,
   "per_arm_certs": {
    "STATIC(T)": 1537,
    "STATIC(T/2)": 1328,
    "RESEL-L(T)": 1663,
    "RESEL-L(T/2)": 1375,
    "NULL-A(T/2)": 1009,
    "RHO": 0
   },
   "per_arm_solved": {
    "STATIC(T)": 1537,
    "STATIC(T/2)": 1328,
    "RESEL-L(T)": 1663,
    "RESEL-L(T/2)": 1375,
    "NULL-A(T/2)": 1009,
    "RHO": 13
   }
  },
  "36": {
   "certificates": 6312,
   "my_pass": 6312,
   "reported_passed": 6312,
   "reported_solved": 6312,
   "raw_solved_non_rho_arms": 6312,
   "raw_solved_incl_rho": 6320,
   "per_arm_certs": {
    "STATIC(T)": 1406,
    "STATIC(T/2)": 1158,
    "RESEL-L(T)": 1576,
    "RESEL-L(T/2)": 1299,
    "NULL-A(T/2)": 873,
    "RHO": 0
   },
   "per_arm_solved": {
    "STATIC(T)": 1406,
    "STATIC(T/2)": 1158,
    "RESEL-L(T)": 1576,
    "RESEL-L(T/2)": 1299,
    "NULL-A(T/2)": 873,
    "RHO": 8
   }
  }
 },
 "seconds": 1.3
}
{
 "RUN-ECDLP-869870-021-curve-s1": {
  "curve": "TOY-P24-a6ee37f9",
  "header_cert": {
   "kind": "discrete_log",
   "verified": true,
   "verifier": "independent-recompute (verify_certificate.py)",
   "emitted": 134626,
   "passed": 134626,
   "failed": 0
  },
  "cells": {
   "a=0.25/r_walk=16": {
    "certificates": 31646,
    "checked": 12000,
    "my_pass": 12000,
    "my_fail": 0,
    "M_online": 40000,
    "online_group_ops": 4736771,
    "restart_scalar_mults": 80000,
    "real_walk_matches_exact_map": true
   },
   "a=0.5/r_walk=16": {
    "certificates": 35419,
    "checked": 12000,
    "my_pass": 12000,
    "my_fail": 0,
    "M_online": 40000,
    "online_group_ops": 6799727,
    "restart_scalar_mults": 80000,
    "real_walk_matches_exact_map": true
   },
   "a=0.25/r_walk=32": {
    "certificates": 31912,
    "checked": 12000,
    "my_pass": 12000,
    "my_fail": 0,
    "M_online": 40000,
    "online_group_ops": 5310357,
    "restart_scalar_mults": 80000,
    "real_walk_matches_exact_map": true
   },
   "a=0.5/r_walk=32": {
    "certificates": 35649,
    "checked": 12000,
    "my_pass": 12000,
    "my_fail": 0,
    "M_online": 40000,
    "online_group_ops": 7365031,
    "restart_scalar_mults": 80000,
    "real_walk_matches_exact_map": true
   }
  }
 },
 "RUN-ECDLP-869870-022-curve-s2": {
  "curve": "TOY-P24-a6ee37f9",
  "header_cert": {
   "kind": "discrete_log",
   "verified": true,
   "verifier": "independent-recompute (verify_certificate.py)",
   "emitted": 134705,
   "passed": 134705,
   "failed": 0
  },
  "cells": {
   "a=0.25/r_walk=16": {
    "certificates": 31486,
    "checked": 12000,
    "my_pass": 12000,
    "my_fail": 0,
    "M_online": 40000,
    "online_group_ops": 5228617,
    "restart_scalar_mults": 80000,
    "real_walk_matches_exact_map": true
   },
   "a=0.5/r_walk=16": {
    "certificates": 35137,
    "checked": 12000,
    "my_pass": 12000,
    "my_fail": 0,
    "M_online": 40000,
    "online_group_ops": 7060320,
    "restart_scalar_mults": 80000,
    "real_walk_matches_exact_map": true
   },
   "a=0.25/r_walk=32": {
    "certificates": 32186,
    "checked": 12000,
    "my_pass": 12000,
    "my_fail": 0,
    "M_online": 40000,
    "online_group_ops": 5204092,
    "restart_scalar_mults": 80000,
    "real_walk_matches_exact_map": true
   },
   "a=0.5/r_walk=32": {
    "certificates": 35896,
    "checked": 12000,
    "my_pass": 12000,
    "my_fail": 0,
    "M_online": 40000,
    "online_group_ops": 7156888,
    "restart_scalar_mults": 80000,
    "real_walk_matches_exact_map": true
   }
  }
 },
 "RUN-ECDLP-869870-023-curve-s3": {
  "curve": "TOY-P24-a6ee37f9",
  "header_cert": {
   "kind": "discrete_log",
   "verified": true,
   "verifier": "independent-recompute (verify_certificate.py)",
   "emitted": 134697,
   "passed": 134697,
   "failed": 0
  },
  "cells": {
   "a=0.25/r_walk=16": {
    "certificates": 31994,
    "checked": 12000,
    "my_pass": 12000,
    "my_fail": 0,
    "M_online": 40000,
    "online_group_ops": 5190801,
    "restart_scalar_mults": 80000,
    "real_walk_matches_exact_map": true
   },
   "a=0.5/r_walk=16": {
    "certificates": 35636,
    "checked": 12000,
    "my_pass": 12000,
    "my_fail": 0,
    "M_online": 40000,
    "online_group_ops": 7383171,
    "restart_scalar_mults": 80000,
    "real_walk_matches_exact_map": true
   },
   "a=0.25/r_walk=32": {
    "certificates": 31662,
    "checked": 12000,
    "my_pass": 12000,
    "my_fail": 0,
    "M_online": 40000,
    "online_group_ops": 5253960,
    "restart_scalar_mults": 80000,
    "real_walk_matches_exact_map": true
   },
   "a=0.5/r_walk=32": {
    "certificates": 35405,
    "checked": 12000,
    "my_pass": 12000,
    "my_fail": 0,
    "M_online": 40000,
    "online_group_ops": 7763335,
    "restart_scalar_mults": 80000,
    "real_walk_matches_exact_map": true
   }
  }
 }
}
