certified 51 families in 128.7s (budget hit False)
MESTRE-0,2,33,35,37,43               candidate            ST<=15 env=  81.538 maxcert=11  h@r>=11=87.212 h@r>=12=-
MESTRE-0,4,17,18,26,31               candidate            ST<=13 env=  50.450 maxcert=10  h@r>=11=- h@r>=12=-
MESTRE-0,9,22,26,28,41               candidate            ST<=13 env=  52.714 maxcert=10  h@r>=11=- h@r>=12=-
MESTRE-0,2,22,25,27,32               candidate            ST<=13 env=  54.793 maxcert=10  h@r>=11=- h@r>=12=-
MESTRE-0,8,23,25,33,43               candidate            ST<=13 env=  56.064 maxcert=10  h@r>=11=- h@r>=12=-
MESTRE-0,1,26,27,35,37               candidate            ST<=13 env=  58.631 maxcert=10  h@r>=11=- h@r>=12=-
MESTRE-0,2,8,9,11,14                 candidate            ST<=13 env=  60.423 maxcert=10  h@r>=11=- h@r>=12=-
MESTRE-0,1,9,22,28,30                candidate            ST<=13 env=  63.760 maxcert=10  h@r>=11=- h@r>=12=-
MESTRE-0,4,29,37,42,50               candidate            ST<=13 env=  65.594 maxcert=10  h@r>=11=- h@r>=12=-
MESTRE-0,1,46,50,51,56               candidate            ST<=13 env=  67.671 maxcert=10  h@r>=11=- h@r>=12=-
MESTRE-0,6,12,14,15,23               candidate            ST<=13 env=  68.998 maxcert=10  h@r>=11=- h@r>=12=-
MESTRE-0,20,40,45,52,77              candidate            ST<=13 env=  69.283 maxcert=10  h@r>=11=- h@r>=12=-
MESTRE-0,4,30,35,43,50               candidate            ST<=13 env=  71.121 maxcert=10  h@r>=11=- h@r>=12=-
MESTRE-0,1,32,33,34,38               candidate            ST<=15 env=  72.168 maxcert=10  h@r>=11=- h@r>=12=-
MESTRE-0,3,11,38,40,46               candidate            ST<=13 env=  72.356 maxcert=10  h@r>=11=- h@r>=12=-
MESTRE-0,1,17,34,48,50               candidate            ST<=13 env=  75.200 maxcert=10  h@r>=11=- h@r>=12=-
MESTRE-PUBLISHED-A                   candidate            ST<=15 env=  79.624 maxcert=10  h@r>=11=- h@r>=12=-
MESTRE-0,1,27,28,31,34               candidate            ST<=15 env=  79.624 maxcert=10  h@r>=11=- h@r>=12=-
MESTRE-0,4,30,31,39,46               candidate            ST<=13 env=  80.101 maxcert=10  h@r>=11=- h@r>=12=-
MESTRE-0,13,22,25,27,43              candidate            ST<=13 env=  80.433 maxcert=10  h@r>=11=- h@r>=12=-
MESTRE-0,11,27,36,38,54              candidate            ST<=15 env=  84.908 maxcert=10  h@r>=11=- h@r>=12=-
MESTRE-0,1,14,36,41,46               candidate            ST<=13 env=  86.587 maxcert=10  h@r>=11=- h@r>=12=-
MESTRE-0,9,29,32,41,53               candidate            ST<=13 env=  87.328 maxcert=10  h@r>=11=- h@r>=12=-
MESTRE-0,5,16,18,22,29               candidate            ST<=13 env=  51.070 maxcert= 9  h@r>=11=- h@r>=12=-
MESTRE-0,6,17,20,22,31               candidate            ST<=13 env=  52.189 maxcert= 9  h@r>=11=- h@r>=12=-
MESTRE-0,5,35,37,40,51               candidate            ST<=13 env=  53.033 maxcert= 9  h@r>=11=- h@r>=12=-
MESTRE-0,1,29,32,33,37               candidate            ST<=13 env=  60.769 maxcert= 9  h@r>=11=- h@r>=12=-
MESTRE-0,2,22,35,43,48               candidate            ST<=13 env=  68.062 maxcert= 9  h@r>=11=- h@r>=12=-
MESTRE-0,4,11,42,43,50               candidate            ST<=13 env=  71.591 maxcert= 9  h@r>=11=- h@r>=12=-
MESTRE-0,1,16,18,19,22               candidate            ST<=13 env=  71.843 maxcert= 9  h@r>=11=- h@r>=12=-
MESTRE-0,3,25,31,40,45               candidate            ST<=13 env=  74.233 maxcert= 9  h@r>=11=- h@r>=12=-
MESTRE-0,1,13,24,27,31               candidate            ST<=13 env=  77.791 maxcert= 9  h@r>=11=- h@r>=12=-
MESTRE-0,4,31,38,47,54               candidate            ST<=13 env=  80.441 maxcert= 9  h@r>=11=- h@r>=12=-
MESTRE-0,2,18,21,29,32               candidate            ST<=13 env=  82.054 maxcert= 9  h@r>=11=- h@r>=12=-
MESTRE-0,7,27,34,45,54               candidate            ST<=15 env=  84.843 maxcert= 9  h@r>=11=- h@r>=12=-
MESTRE-0,2,11,35,36,42               candidate            ST<=13 env=  85.081 maxcert= 9  h@r>=11=- h@r>=12=-
MESTRE-0,2,23,39,46,52               candidate            ST<=13 env=  90.553 maxcert= 9  h@r>=11=- h@r>=12=-
MESTRE-0,2,26,33,49,52               candidate            ST<=13 env=  91.530 maxcert= 9  h@r>=11=- h@r>=12=-
MESTRE-0,2,15,44,47,54               candidate            ST<=13 env=  92.027 maxcert= 9  h@r>=11=- h@r>=12=-
MESTRE-0,1,7,8,9,11                  low_ceiling_control  ST<=11 env=  29.773 maxcert= 8  h@r>=11=- h@r>=12=-
MESTRE-0,1,2,3,4,5                   low_ceiling_control  ST<= 9 env=  30.323 maxcert= 6  h@r>=11=- h@r>=12=-
MESTRE-0,1,2,13,14,15                low_ceiling_control  ST<= 9 env=  38.353 maxcert= 6  h@r>=11=- h@r>=12=-
MESTRE-0,1,2,10,11,12                low_ceiling_control  ST<= 9 env=  38.520 maxcert= 6  h@r>=11=- h@r>=12=-
MESTRE-0,5,10,16,21,26               low_ceiling_control  ST<= 9 env=  38.622 maxcert= 6  h@r>=11=- h@r>=12=-
MESTRE-0,1,2,6,7,8                   low_ceiling_control  ST<= 9 env=  40.188 maxcert= 6  h@r>=11=- h@r>=12=-
MESTRE-0,3,4,6,7,10                  low_ceiling_control  ST<= 9 env=  40.355 maxcert= 6  h@r>=11=- h@r>=12=-
MESTRE-0,1,6,17,20,22                low_ceiling_control  ST<= 7 env=  41.926 maxcert= 6  h@r>=11=- h@r>=12=-
MESTRE-0,1,2,8,9,10                  low_ceiling_control  ST<= 7 env=  38.353 maxcert= 5  h@r>=11=- h@r>=12=-
MESTRE-0,1,2,5,6,7                   low_ceiling_control  ST<= 5 env=  25.430 maxcert= 4  h@r>=11=- h@r>=12=-
MESTRE-0,1,5,11,15,16                low_ceiling_control  ST<= 5 env=  35.991 maxcert= 4  h@r>=11=- h@r>=12=-
MESTRE-0,1,4,11,14,15                low_ceiling_control  ST<= 5 env=  39.252 maxcert= 4  h@r>=11=- h@r>=12=-
