[      1s] main 32b c110 ic_m4 subgroup table completed_valid t=0.0s
[      1s] main 32b c110 ic_m4 dickson table completed_valid t=0.0s
[      1s] main 32b c110 ic_m4 small_x table completed_valid t=0.0s
[      1s] main 32b c110 ic_m4 random_sub_r0 table completed_valid t=0.0s
[      1s] main 32b c110 ic_m4 random_sub_r1 table completed_valid t=0.0s
[      1s] main 32b c110 ic_m4 random_sub_r2 table completed_valid t=0.0s
[      1s] main 32b c110 ic_m4 known_null_sub table completed_valid t=0.0s
[      1s] main 32b c110 ic_m4 random_dick_r0 table completed_valid t=0.0s
[      1s] main 32b c110 ic_m4 random_dick_r1 table completed_valid t=0.0s
[      1s] main 32b c110 ic_m4 random_dick_r2 table completed_valid t=0.0s
[      1s] main 32b c110 ic_m4 known_null_dick table completed_valid t=0.0s
[      1s] main 32b c111 ic_m4 subgroup table completed_valid t=0.1s
[      1s] main 32b c111 ic_m4 dickson table completed_valid t=0.0s
[      1s] main 32b c111 ic_m4 small_x table completed_valid t=0.0s
[      1s] main 32b c111 ic_m4 random_sub_r0 table completed_valid t=0.0s
[      1s] main 32b c111 ic_m4 random_sub_r1 table completed_valid t=0.1s
[      1s] main 32b c111 ic_m4 random_sub_r2 table completed_valid t=0.1s
[      1s] main 32b c111 ic_m4 known_null_sub table completed_valid t=0.0s
[      1s] main 32b c111 ic_m4 random_dick_r0 table completed_valid t=0.0s
[      1s] main 32b c111 ic_m4 random_dick_r1 table completed_valid t=0.0s
[      1s] main 32b c111 ic_m4 random_dick_r2 table completed_valid t=0.0s
[      1s] main 32b c111 ic_m4 known_null_dick table completed_valid t=0.0s
[      2s] main 32b c112 ic_m4 subgroup table completed_valid t=0.0s
[      2s] main 32b c112 ic_m4 dickson table completed_valid t=0.0s
[      2s] main 32b c112 ic_m4 small_x table completed_valid t=0.0s
[      2s] main 32b c112 ic_m4 random_sub_r0 table completed_valid t=0.0s
[      2s] main 32b c112 ic_m4 random_sub_r1 table completed_valid t=0.0s
[      2s] main 32b c112 ic_m4 random_sub_r2 table completed_valid t=0.0s
[      2s] main 32b c112 ic_m4 known_null_sub table completed_valid t=0.0s
[      2s] main 32b c112 ic_m4 random_dick_r0 table completed_valid t=0.0s
[      2s] main 32b c112 ic_m4 random_dick_r1 table completed_valid t=0.0s
[      2s] main 32b c112 ic_m4 random_dick_r2 table completed_valid t=0.0s
[      2s] main 32b c112 ic_m4 known_null_dick table completed_valid t=0.0s
[      3s] main 32b c113 ic_m4 subgroup table completed_valid t=0.0s
[      3s] main 32b c113 ic_m4 dickson table completed_valid t=0.0s
[      3s] main 32b c113 ic_m4 small_x table completed_valid t=0.1s
[      3s] main 32b c113 ic_m4 random_sub_r0 table completed_valid t=0.1s
[      3s] main 32b c113 ic_m4 random_sub_r1 table completed_valid t=0.1s
[      3s] main 32b c113 ic_m4 random_sub_r2 table completed_valid t=0.1s
[      3s] main 32b c113 ic_m4 known_null_sub table completed_valid t=0.0s
[      3s] main 32b c113 ic_m4 random_dick_r0 table completed_valid t=0.1s
[      3s] main 32b c113 ic_m4 random_dick_r1 table completed_valid t=0.1s
[      3s] main 32b c113 ic_m4 random_dick_r2 table completed_valid t=0.0s
[      3s] main 32b c113 ic_m4 known_null_dick table completed_valid t=0.0s
[      3s] main 32b c114 ic_m4 subgroup table completed_valid t=0.0s
[      3s] main 32b c114 ic_m4 dickson table completed_valid t=0.1s
[      3s] main 32b c114 ic_m4 small_x table completed_valid t=0.0s
[      3s] main 32b c114 ic_m4 random_sub_r0 table completed_valid t=0.0s
[      3s] main 32b c114 ic_m4 random_sub_r1 table completed_valid t=0.0s
[      3s] main 32b c114 ic_m4 random_sub_r2 table completed_valid t=0.0s
[      3s] main 32b c114 ic_m4 known_null_sub table completed_valid t=0.0s
[      3s] main 32b c114 ic_m4 random_dick_r0 table completed_valid t=0.0s
[      3s] main 32b c114 ic_m4 random_dick_r1 table completed_valid t=0.0s
[      3s] main 32b c114 ic_m4 random_dick_r2 table completed_valid t=0.0s
[      3s] main 32b c114 ic_m4 known_null_dick table completed_valid t=0.1s
[      4s] main 32b c115 ic_m4 subgroup table completed_valid t=0.0s
[      4s] main 32b c115 ic_m4 dickson table completed_valid t=0.0s
[      4s] main 32b c115 ic_m4 small_x table completed_valid t=0.0s
[      4s] main 32b c115 ic_m4 random_sub_r0 table completed_valid t=0.0s
[      4s] main 32b c115 ic_m4 random_sub_r1 table completed_valid t=0.0s
[      4s] main 32b c115 ic_m4 random_sub_r2 table completed_valid t=0.1s
[      4s] main 32b c115 ic_m4 known_null_sub table completed_valid t=0.1s
[      4s] main 32b c115 ic_m4 random_dick_r0 table completed_valid t=0.0s
[      4s] main 32b c115 ic_m4 random_dick_r1 table completed_valid t=0.0s
[      4s] main 32b c115 ic_m4 random_dick_r2 table completed_valid t=0.1s
[      4s] main 32b c115 ic_m4 known_null_dick table completed_valid t=0.0s
[      5s] main 32b c116 ic_m4 subgroup table completed_valid t=0.0s
[      5s] main 32b c116 ic_m4 dickson table completed_valid t=0.0s
[      5s] main 32b c116 ic_m4 small_x table completed_valid t=0.1s
[      5s] main 32b c116 ic_m4 random_sub_r0 table completed_valid t=0.1s
[      5s] main 32b c116 ic_m4 random_sub_r1 table completed_valid t=0.1s
[      5s] main 32b c116 ic_m4 random_sub_r2 table completed_valid t=0.0s
[      5s] main 32b c116 ic_m4 known_null_sub table completed_valid t=0.0s
[      5s] main 32b c116 ic_m4 random_dick_r0 table completed_valid t=0.0s
[      5s] main 32b c116 ic_m4 random_dick_r1 table completed_valid t=0.0s
[      5s] main 32b c116 ic_m4 random_dick_r2 table completed_valid t=0.0s
[      5s] main 32b c116 ic_m4 known_null_dick table completed_valid t=0.0s
[      5s] main 32b c117 ic_m4 subgroup table completed_valid t=0.0s
[      5s] main 32b c117 ic_m4 dickson table completed_valid t=0.0s
[      5s] main 32b c117 ic_m4 small_x table completed_valid t=0.0s
[      5s] main 32b c117 ic_m4 random_sub_r0 table completed_valid t=0.0s
[      5s] main 32b c117 ic_m4 random_sub_r1 table completed_valid t=0.0s
[      5s] main 32b c117 ic_m4 random_sub_r2 table completed_valid t=0.0s
[      5s] main 32b c117 ic_m4 known_null_sub table completed_valid t=0.0s
[      5s] main 32b c117 ic_m4 random_dick_r0 table completed_valid t=0.0s
[      5s] main 32b c117 ic_m4 random_dick_r1 table completed_valid t=0.0s
[      5s] main 32b c117 ic_m4 random_dick_r2 table completed_valid t=0.0s
[      5s] main 32b c117 ic_m4 known_null_dick table completed_valid t=0.0s
[      6s] main 32b c118 ic_m4 subgroup table completed_valid t=0.1s
[      6s] main 32b c118 ic_m4 dickson table completed_valid t=0.1s
[      6s] main 32b c118 ic_m4 small_x table completed_valid t=0.0s
[      6s] main 32b c118 ic_m4 random_sub_r0 table completed_valid t=0.0s
[      6s] main 32b c118 ic_m4 random_sub_r1 table completed_valid t=0.0s
[      6s] main 32b c118 ic_m4 random_sub_r2 table completed_valid t=0.0s
[      6s] main 32b c118 ic_m4 known_null_sub table completed_valid t=0.0s
[      6s] main 32b c118 ic_m4 random_dick_r0 table completed_valid t=0.0s
[      6s] main 32b c118 ic_m4 random_dick_r1 table completed_valid t=0.0s
[      6s] main 32b c118 ic_m4 random_dick_r2 table completed_valid t=0.0s
[      6s] main 32b c118 ic_m4 known_null_dick table completed_valid t=0.0s
[      7s] main 32b c119 ic_m4 subgroup table completed_valid t=0.0s
[      7s] main 32b c119 ic_m4 dickson table completed_valid t=0.0s
[      7s] main 32b c119 ic_m4 small_x table completed_valid t=0.0s
[      7s] main 32b c119 ic_m4 random_sub_r0 table completed_valid t=0.0s
[      7s] main 32b c119 ic_m4 random_sub_r1 table completed_valid t=0.0s
[      7s] main 32b c119 ic_m4 random_sub_r2 table completed_valid t=0.0s
[      7s] main 32b c119 ic_m4 known_null_sub table completed_valid t=0.0s
[      7s] main 32b c119 ic_m4 random_dick_r0 table completed_valid t=0.0s
[      7s] main 32b c119 ic_m4 random_dick_r1 table completed_valid t=0.0s
[      7s] main 32b c119 ic_m4 random_dick_r2 table completed_valid t=0.0s
[      7s] main 32b c119 ic_m4 known_null_dick table completed_valid t=0.0s
[      8s] main 32b c120 ic_m4 subgroup table completed_valid t=0.0s
[      8s] main 32b c120 ic_m4 dickson table completed_valid t=0.0s
[      8s] main 32b c120 ic_m4 small_x table completed_valid t=0.0s
[      8s] main 32b c120 ic_m4 random_sub_r0 table completed_valid t=0.0s
[      8s] main 32b c120 ic_m4 random_sub_r1 table completed_valid t=0.0s
[      8s] main 32b c120 ic_m4 random_sub_r2 table completed_valid t=0.0s
[      8s] main 32b c120 ic_m4 known_null_sub table completed_valid t=0.0s
[      8s] main 32b c120 ic_m4 random_dick_r0 table completed_valid t=0.0s
[      8s] main 32b c120 ic_m4 random_dick_r1 table completed_valid t=0.1s
[      8s] main 32b c120 ic_m4 random_dick_r2 table completed_valid t=0.1s
[      8s] main 32b c120 ic_m4 known_null_dick table completed_valid t=0.1s
[      8s] main 32b c121 ic_m4 subgroup table completed_valid t=0.1s
[      8s] main 32b c121 ic_m4 dickson table completed_valid t=0.0s
[      8s] main 32b c121 ic_m4 small_x table completed_valid t=0.0s
[      8s] main 32b c121 ic_m4 random_sub_r0 table completed_valid t=0.0s
[      8s] main 32b c121 ic_m4 random_sub_r1 table completed_valid t=0.0s
[      8s] main 32b c121 ic_m4 random_sub_r2 table completed_valid t=0.0s
[      8s] main 32b c121 ic_m4 known_null_sub table completed_valid t=0.0s
[      8s] main 32b c121 ic_m4 random_dick_r0 table completed_valid t=0.0s
[      8s] main 32b c121 ic_m4 random_dick_r1 table completed_valid t=0.1s
[      8s] main 32b c121 ic_m4 random_dick_r2 table completed_valid t=0.0s
[      8s] main 32b c121 ic_m4 known_null_dick table completed_valid t=0.0s
[      9s] main 32b c122 ic_m4 subgroup table completed_valid t=0.0s
[      9s] main 32b c122 ic_m4 dickson table completed_valid t=0.0s
[      9s] main 32b c122 ic_m4 small_x table completed_valid t=0.0s
[      9s] main 32b c122 ic_m4 random_sub_r0 table completed_valid t=0.0s
[      9s] main 32b c122 ic_m4 random_sub_r1 table completed_valid t=0.0s
[      9s] main 32b c122 ic_m4 random_sub_r2 table completed_valid t=0.0s
[      9s] main 32b c122 ic_m4 known_null_sub table completed_valid t=0.0s
[      9s] main 32b c122 ic_m4 random_dick_r0 table completed_valid t=0.1s
[      9s] main 32b c122 ic_m4 random_dick_r1 table completed_valid t=0.1s
[      9s] main 32b c122 ic_m4 random_dick_r2 table completed_valid t=0.1s
[      9s] main 32b c122 ic_m4 known_null_dick table completed_valid t=0.0s
[     10s] main 32b c123 ic_m4 subgroup table completed_valid t=0.0s
[     10s] main 32b c123 ic_m4 dickson table completed_valid t=0.0s
[     10s] main 32b c123 ic_m4 small_x table completed_valid t=0.0s
[     10s] main 32b c123 ic_m4 random_sub_r0 table completed_valid t=0.0s
[     10s] main 32b c123 ic_m4 random_sub_r1 table completed_valid t=0.0s
[     10s] main 32b c123 ic_m4 random_sub_r2 table completed_valid t=0.0s
[     10s] main 32b c123 ic_m4 known_null_sub table completed_valid t=0.0s
[     10s] main 32b c123 ic_m4 random_dick_r0 table completed_valid t=0.1s
[     10s] main 32b c123 ic_m4 random_dick_r1 table completed_valid t=0.0s
[     10s] main 32b c123 ic_m4 random_dick_r2 table completed_valid t=0.0s
[     10s] main 32b c123 ic_m4 known_null_dick table completed_valid t=0.0s
[     10s] main 32b c124 ic_m4 subgroup table completed_valid t=0.0s
[     10s] main 32b c124 ic_m4 dickson table completed_valid t=0.0s
[     10s] main 32b c124 ic_m4 small_x table completed_valid t=0.0s
[     10s] main 32b c124 ic_m4 random_sub_r0 table completed_valid t=0.0s
[     10s] main 32b c124 ic_m4 random_sub_r1 table completed_valid t=0.0s
[     10s] main 32b c124 ic_m4 random_sub_r2 table completed_valid t=0.0s
[     10s] main 32b c124 ic_m4 known_null_sub table completed_valid t=0.0s
[     10s] main 32b c124 ic_m4 random_dick_r0 table completed_valid t=0.0s
[     10s] main 32b c124 ic_m4 random_dick_r1 table completed_valid t=0.0s
[     10s] main 32b c124 ic_m4 random_dick_r2 table completed_valid t=0.0s
[     10s] main 32b c124 ic_m4 known_null_dick table completed_valid t=0.0s
[     11s] main 32b c125 ic_m4 subgroup table completed_valid t=0.0s
[     11s] main 32b c125 ic_m4 dickson table completed_valid t=0.0s
[     11s] main 32b c125 ic_m4 small_x table completed_valid t=0.0s
[     11s] main 32b c125 ic_m4 random_sub_r0 table completed_valid t=0.0s
[     11s] main 32b c125 ic_m4 random_sub_r1 table completed_valid t=0.0s
[     11s] main 32b c125 ic_m4 random_sub_r2 table completed_valid t=0.0s
[     11s] main 32b c125 ic_m4 known_null_sub table completed_valid t=0.0s
[     11s] main 32b c125 ic_m4 random_dick_r0 table completed_valid t=0.0s
[     11s] main 32b c125 ic_m4 random_dick_r1 table completed_valid t=0.1s
[     11s] main 32b c125 ic_m4 random_dick_r2 table completed_valid t=0.0s
[     11s] main 32b c125 ic_m4 known_null_dick table completed_valid t=0.0s
[     12s] main 32b c126 ic_m4 subgroup table completed_valid t=0.1s
[     12s] main 32b c126 ic_m4 dickson table completed_valid t=0.1s
[     12s] main 32b c126 ic_m4 small_x table completed_valid t=0.0s
[     12s] main 32b c126 ic_m4 random_sub_r0 table completed_valid t=0.0s
[     12s] main 32b c126 ic_m4 random_sub_r1 table completed_valid t=0.0s
[     12s] main 32b c126 ic_m4 random_sub_r2 table completed_valid t=0.0s
[     12s] main 32b c126 ic_m4 known_null_sub table completed_valid t=0.0s
[     12s] main 32b c126 ic_m4 random_dick_r0 table completed_valid t=0.0s
[     12s] main 32b c126 ic_m4 random_dick_r1 table completed_valid t=0.1s
[     12s] main 32b c126 ic_m4 random_dick_r2 table completed_valid t=0.0s
[     12s] main 32b c126 ic_m4 known_null_dick table completed_valid t=0.0s
[     12s] main 32b c127 ic_m4 subgroup table completed_valid t=0.1s
[     12s] main 32b c127 ic_m4 dickson table completed_valid t=0.1s
[     12s] main 32b c127 ic_m4 small_x table completed_valid t=0.1s
[     12s] main 32b c127 ic_m4 random_sub_r0 table completed_valid t=0.0s
[     12s] main 32b c127 ic_m4 random_sub_r1 table completed_valid t=0.0s
[     12s] main 32b c127 ic_m4 random_sub_r2 table completed_valid t=0.0s
[     12s] main 32b c127 ic_m4 known_null_sub table completed_valid t=0.0s
[     12s] main 32b c127 ic_m4 random_dick_r0 table completed_valid t=0.0s
[     12s] main 32b c127 ic_m4 random_dick_r1 table completed_valid t=0.0s
[     12s] main 32b c127 ic_m4 random_dick_r2 table completed_valid t=0.0s
[     12s] main 32b c127 ic_m4 known_null_dick table completed_valid t=0.0s
[     13s] main 32b c128 ic_m4 subgroup table completed_valid t=0.0s
[     13s] main 32b c128 ic_m4 dickson table completed_valid t=0.1s
[     13s] main 32b c128 ic_m4 small_x table completed_valid t=0.0s
[     13s] main 32b c128 ic_m4 random_sub_r0 table completed_valid t=0.0s
[     13s] main 32b c128 ic_m4 random_sub_r1 table completed_valid t=0.0s
[     13s] main 32b c128 ic_m4 random_sub_r2 table completed_valid t=0.0s
[     13s] main 32b c128 ic_m4 known_null_sub table completed_valid t=0.0s
[     13s] main 32b c128 ic_m4 random_dick_r0 table completed_valid t=0.0s
[     13s] main 32b c128 ic_m4 random_dick_r1 table completed_valid t=0.0s
[     13s] main 32b c128 ic_m4 random_dick_r2 table completed_valid t=0.0s
[     13s] main 32b c128 ic_m4 known_null_dick table completed_valid t=0.0s
[     13s] main 32b c129 ic_m4 subgroup table completed_valid t=0.0s
[     13s] main 32b c129 ic_m4 dickson table completed_valid t=0.0s
[     13s] main 32b c129 ic_m4 small_x table completed_valid t=0.0s
[     13s] main 32b c129 ic_m4 random_sub_r0 table completed_valid t=0.1s
[     13s] main 32b c129 ic_m4 random_sub_r1 table completed_valid t=0.0s
[     13s] main 32b c129 ic_m4 random_sub_r2 table completed_valid t=0.0s
[     13s] main 32b c129 ic_m4 known_null_sub table completed_valid t=0.0s
[     13s] main 32b c129 ic_m4 random_dick_r0 table completed_valid t=0.0s
[     13s] main 32b c129 ic_m4 random_dick_r1 table completed_valid t=0.0s
[     13s] main 32b c129 ic_m4 random_dick_r2 table completed_valid t=0.0s
[     13s] main 32b c129 ic_m4 known_null_dick table completed_valid t=0.0s
[     14s] main 32b c130 ic_m4 subgroup table completed_valid t=0.0s
[     14s] main 32b c130 ic_m4 dickson table completed_valid t=0.0s
[     14s] main 32b c130 ic_m4 small_x table completed_valid t=0.0s
[     14s] main 32b c130 ic_m4 random_sub_r0 table completed_valid t=0.0s
[     14s] main 32b c130 ic_m4 random_sub_r1 table completed_valid t=0.0s
[     14s] main 32b c130 ic_m4 random_sub_r2 table completed_valid t=0.0s
[     14s] main 32b c130 ic_m4 known_null_sub table completed_valid t=0.0s
[     14s] main 32b c130 ic_m4 random_dick_r0 table completed_valid t=0.0s
[     14s] main 32b c130 ic_m4 random_dick_r1 table completed_valid t=0.1s
[     14s] main 32b c130 ic_m4 random_dick_r2 table completed_valid t=0.0s
[     14s] main 32b c130 ic_m4 known_null_dick table completed_valid t=0.0s
[     15s] main 32b c131 ic_m4 subgroup table completed_valid t=0.1s
[     15s] main 32b c131 ic_m4 dickson table completed_valid t=0.0s
[     15s] main 32b c131 ic_m4 small_x table completed_valid t=0.0s
[     15s] main 32b c131 ic_m4 random_sub_r0 table completed_valid t=0.1s
[     15s] main 32b c131 ic_m4 random_sub_r1 table completed_valid t=0.0s
[     15s] main 32b c131 ic_m4 random_sub_r2 table completed_valid t=0.0s
[     15s] main 32b c131 ic_m4 known_null_sub table completed_valid t=0.1s
[     15s] main 32b c131 ic_m4 random_dick_r0 table completed_valid t=0.1s
[     15s] main 32b c131 ic_m4 random_dick_r1 table completed_valid t=0.0s
[     15s] main 32b c131 ic_m4 random_dick_r2 table completed_valid t=0.0s
[     15s] main 32b c131 ic_m4 known_null_dick table completed_valid t=0.0s
[     15s] main 32b c132 ic_m4 subgroup table completed_valid t=0.0s
[     15s] main 32b c132 ic_m4 dickson table completed_valid t=0.0s
[     15s] main 32b c132 ic_m4 small_x table completed_valid t=0.0s
[     15s] main 32b c132 ic_m4 random_sub_r0 table completed_valid t=0.0s
[     15s] main 32b c132 ic_m4 random_sub_r1 table completed_valid t=0.0s
[     15s] main 32b c132 ic_m4 random_sub_r2 table completed_valid t=0.0s
[     15s] main 32b c132 ic_m4 known_null_sub table completed_valid t=0.0s
[     15s] main 32b c132 ic_m4 random_dick_r0 table completed_valid t=0.1s
[     15s] main 32b c132 ic_m4 random_dick_r1 table completed_valid t=0.0s
[     15s] main 32b c132 ic_m4 random_dick_r2 table completed_valid t=0.0s
[     15s] main 32b c132 ic_m4 known_null_dick table completed_valid t=0.0s
[     16s] main 32b c133 ic_m4 subgroup table completed_valid t=0.0s
[     16s] main 32b c133 ic_m4 dickson table completed_valid t=0.0s
[     16s] main 32b c133 ic_m4 small_x table completed_valid t=0.0s
[     16s] main 32b c133 ic_m4 random_sub_r0 table completed_valid t=0.0s
[     16s] main 32b c133 ic_m4 random_sub_r1 table completed_valid t=0.0s
[     16s] main 32b c133 ic_m4 random_sub_r2 table completed_valid t=0.0s
[     16s] main 32b c133 ic_m4 known_null_sub table completed_valid t=0.0s
[     16s] main 32b c133 ic_m4 random_dick_r0 table completed_valid t=0.0s
[     16s] main 32b c133 ic_m4 random_dick_r1 table completed_valid t=0.0s
[     16s] main 32b c133 ic_m4 random_dick_r2 table completed_valid t=0.0s
[     16s] main 32b c133 ic_m4 known_null_dick table completed_valid t=0.1s
[     17s] main 32b c134 ic_m4 subgroup table completed_valid t=0.0s
[     17s] main 32b c134 ic_m4 dickson table completed_valid t=0.0s
[     17s] main 32b c134 ic_m4 small_x table completed_valid t=0.0s
[     17s] main 32b c134 ic_m4 random_sub_r0 table completed_valid t=0.1s
[     17s] main 32b c134 ic_m4 random_sub_r1 table completed_valid t=0.1s
[     17s] main 32b c134 ic_m4 random_sub_r2 table completed_valid t=0.0s
[     17s] main 32b c134 ic_m4 known_null_sub table completed_valid t=0.0s
[     17s] main 32b c134 ic_m4 random_dick_r0 table completed_valid t=0.0s
[     17s] main 32b c134 ic_m4 random_dick_r1 table completed_valid t=0.0s
[     17s] main 32b c134 ic_m4 random_dick_r2 table completed_valid t=0.0s
[     17s] main 32b c134 ic_m4 known_null_dick table completed_valid t=0.1s
[     17s] main 32b c135 ic_m4 subgroup table completed_valid t=0.0s
[     17s] main 32b c135 ic_m4 dickson table completed_valid t=0.0s
[     17s] main 32b c135 ic_m4 small_x table completed_valid t=0.0s
[     17s] main 32b c135 ic_m4 random_sub_r0 table completed_valid t=0.0s
[     17s] main 32b c135 ic_m4 random_sub_r1 table completed_valid t=0.0s
[     17s] main 32b c135 ic_m4 random_sub_r2 table completed_valid t=0.0s
[     17s] main 32b c135 ic_m4 known_null_sub table completed_valid t=0.0s
[     17s] main 32b c135 ic_m4 random_dick_r0 table completed_valid t=0.0s
[     17s] main 32b c135 ic_m4 random_dick_r1 table completed_valid t=0.0s
[     17s] main 32b c135 ic_m4 random_dick_r2 table completed_valid t=0.0s
[     17s] main 32b c135 ic_m4 known_null_dick table completed_valid t=0.0s
[     18s] main 32b c136 ic_m4 subgroup table completed_valid t=0.0s
[     18s] main 32b c136 ic_m4 dickson table completed_valid t=0.0s
[     18s] main 32b c136 ic_m4 small_x table completed_valid t=0.1s
[     18s] main 32b c136 ic_m4 random_sub_r0 table completed_valid t=0.1s
[     18s] main 32b c136 ic_m4 random_sub_r1 table completed_valid t=0.1s
[     18s] main 32b c136 ic_m4 random_sub_r2 table completed_valid t=0.0s
[     18s] main 32b c136 ic_m4 known_null_sub table completed_valid t=0.0s
[     18s] main 32b c136 ic_m4 random_dick_r0 table completed_valid t=0.0s
[     18s] main 32b c136 ic_m4 random_dick_r1 table completed_valid t=0.0s
[     18s] main 32b c136 ic_m4 random_dick_r2 table completed_valid t=0.0s
[     18s] main 32b c136 ic_m4 known_null_dick table completed_valid t=0.0s
[     18s] main 32b c137 ic_m4 subgroup table completed_valid t=0.0s
[     18s] main 32b c137 ic_m4 dickson table completed_valid t=0.0s
[     18s] main 32b c137 ic_m4 small_x table completed_valid t=0.0s
[     18s] main 32b c137 ic_m4 random_sub_r0 table completed_valid t=0.0s
[     18s] main 32b c137 ic_m4 random_sub_r1 table completed_valid t=0.0s
[     18s] main 32b c137 ic_m4 random_sub_r2 table completed_valid t=0.0s
[     18s] main 32b c137 ic_m4 known_null_sub table completed_valid t=0.0s
[     18s] main 32b c137 ic_m4 random_dick_r0 table completed_valid t=0.0s
[     18s] main 32b c137 ic_m4 random_dick_r1 table completed_valid t=0.1s
[     18s] main 32b c137 ic_m4 random_dick_r2 table completed_valid t=0.0s
[     18s] main 32b c137 ic_m4 known_null_dick table completed_valid t=0.0s
[     19s] main 32b c138 ic_m4 subgroup table completed_valid t=0.0s
[     19s] main 32b c138 ic_m4 dickson table completed_valid t=0.0s
[     19s] main 32b c138 ic_m4 small_x table completed_valid t=0.0s
[     19s] main 32b c138 ic_m4 random_sub_r0 table completed_valid t=0.0s
[     19s] main 32b c138 ic_m4 random_sub_r1 table completed_valid t=0.0s
[     19s] main 32b c138 ic_m4 random_sub_r2 table completed_valid t=0.0s
[     19s] main 32b c138 ic_m4 known_null_sub table completed_valid t=0.0s
[     19s] main 32b c138 ic_m4 random_dick_r0 table completed_valid t=0.0s
[     19s] main 32b c138 ic_m4 random_dick_r1 table completed_valid t=0.0s
[     19s] main 32b c138 ic_m4 random_dick_r2 table completed_valid t=0.1s
[     19s] main 32b c138 ic_m4 known_null_dick table completed_valid t=0.0s
[     19s] main 32b c139 ic_m4 subgroup table completed_valid t=0.0s
[     19s] main 32b c139 ic_m4 dickson table completed_valid t=0.0s
[     19s] main 32b c139 ic_m4 small_x table completed_valid t=0.0s
[     19s] main 32b c139 ic_m4 random_sub_r0 table completed_valid t=0.0s
[     19s] main 32b c139 ic_m4 random_sub_r1 table completed_valid t=0.0s
[     19s] main 32b c139 ic_m4 random_sub_r2 table completed_valid t=0.0s
[     19s] main 32b c139 ic_m4 known_null_sub table completed_valid t=0.0s
[     19s] main 32b c139 ic_m4 random_dick_r0 table completed_valid t=0.0s
[     19s] main 32b c139 ic_m4 random_dick_r1 table completed_valid t=0.0s
[     19s] main 32b c139 ic_m4 random_dick_r2 table completed_valid t=0.0s
[     19s] main 32b c139 ic_m4 known_null_dick table completed_valid t=0.0s
[     20s] main 32b c140 ic_m4 subgroup table completed_valid t=0.0s
[     20s] main 32b c140 ic_m4 dickson table completed_valid t=0.0s
[     20s] main 32b c140 ic_m4 small_x table completed_valid t=0.0s
[     20s] main 32b c140 ic_m4 random_sub_r0 table completed_valid t=0.0s
[     20s] main 32b c140 ic_m4 random_sub_r1 table completed_valid t=0.0s
[     20s] main 32b c140 ic_m4 random_sub_r2 table completed_valid t=0.0s
[     20s] main 32b c140 ic_m4 known_null_sub table completed_valid t=0.0s
[     20s] main 32b c140 ic_m4 random_dick_r0 table completed_valid t=0.0s
[     20s] main 32b c140 ic_m4 random_dick_r1 table completed_valid t=0.0s
[     20s] main 32b c140 ic_m4 random_dick_r2 table completed_valid t=0.0s
[     20s] main 32b c140 ic_m4 known_null_dick table completed_valid t=0.0s
[     21s] main 32b c141 ic_m4 subgroup table completed_valid t=0.0s
[     21s] main 32b c141 ic_m4 dickson table completed_valid t=0.0s
[     21s] main 32b c141 ic_m4 small_x table completed_valid t=0.0s
[     21s] main 32b c141 ic_m4 random_sub_r0 table completed_valid t=0.0s
[     21s] main 32b c141 ic_m4 random_sub_r1 table completed_valid t=0.0s
[     21s] main 32b c141 ic_m4 random_sub_r2 table completed_valid t=0.0s
[     21s] main 32b c141 ic_m4 known_null_sub table completed_valid t=0.0s
[     21s] main 32b c141 ic_m4 random_dick_r0 table completed_valid t=0.0s
[     21s] main 32b c141 ic_m4 random_dick_r1 table completed_valid t=0.0s
[     21s] main 32b c141 ic_m4 random_dick_r2 table completed_valid t=0.0s
[     21s] main 32b c141 ic_m4 known_null_dick table completed_valid t=0.0s
[     21s] main 32b c142 ic_m4 subgroup table completed_valid t=0.0s
[     21s] main 32b c142 ic_m4 dickson table completed_valid t=0.0s
[     21s] main 32b c142 ic_m4 small_x table completed_valid t=0.0s
[     21s] main 32b c142 ic_m4 random_sub_r0 table completed_valid t=0.0s
[     21s] main 32b c142 ic_m4 random_sub_r1 table completed_valid t=0.0s
[     21s] main 32b c142 ic_m4 random_sub_r2 table completed_valid t=0.0s
[     21s] main 32b c142 ic_m4 known_null_sub table completed_valid t=0.0s
[     21s] main 32b c142 ic_m4 random_dick_r0 table completed_valid t=0.0s
[     21s] main 32b c142 ic_m4 random_dick_r1 table completed_valid t=0.0s
[     21s] main 32b c142 ic_m4 random_dick_r2 table completed_valid t=0.0s
[     21s] main 32b c142 ic_m4 known_null_dick table completed_valid t=0.0s
[     22s] main 32b c143 ic_m4 subgroup table completed_valid t=0.0s
[     22s] main 32b c143 ic_m4 dickson table completed_valid t=0.0s
[     22s] main 32b c143 ic_m4 small_x table completed_valid t=0.0s
[     22s] main 32b c143 ic_m4 random_sub_r0 table completed_valid t=0.0s
[     22s] main 32b c143 ic_m4 random_sub_r1 table completed_valid t=0.0s
[     22s] main 32b c143 ic_m4 random_sub_r2 table completed_valid t=0.0s
[     22s] main 32b c143 ic_m4 known_null_sub table completed_valid t=0.0s
[     22s] main 32b c143 ic_m4 random_dick_r0 table completed_valid t=0.0s
[     22s] main 32b c143 ic_m4 random_dick_r1 table completed_valid t=0.0s
[     22s] main 32b c143 ic_m4 random_dick_r2 table completed_valid t=0.0s
[     22s] main 32b c143 ic_m4 known_null_dick table completed_valid t=0.0s
[     23s] main 32b c144 ic_m4 subgroup table completed_valid t=0.1s
[     23s] main 32b c144 ic_m4 dickson table completed_valid t=0.0s
[     23s] main 32b c144 ic_m4 small_x table completed_valid t=0.0s
[     23s] main 32b c144 ic_m4 random_sub_r0 table completed_valid t=0.0s
[     23s] main 32b c144 ic_m4 random_sub_r1 table completed_valid t=0.0s
[     23s] main 32b c144 ic_m4 random_sub_r2 table completed_valid t=0.0s
[     23s] main 32b c144 ic_m4 known_null_sub table completed_valid t=0.0s
[     23s] main 32b c144 ic_m4 random_dick_r0 table completed_valid t=0.0s
[     23s] main 32b c144 ic_m4 random_dick_r1 table completed_valid t=0.0s
[     23s] main 32b c144 ic_m4 random_dick_r2 table completed_valid t=0.0s
[     23s] main 32b c144 ic_m4 known_null_dick table completed_valid t=0.0s
[     23s] main 32b c145 ic_m4 subgroup table completed_valid t=0.0s
[     23s] main 32b c145 ic_m4 dickson table completed_valid t=0.0s
[     23s] main 32b c145 ic_m4 small_x table completed_valid t=0.0s
[     23s] main 32b c145 ic_m4 random_sub_r0 table completed_valid t=0.0s
[     23s] main 32b c145 ic_m4 random_sub_r1 table completed_valid t=0.0s
[     23s] main 32b c145 ic_m4 random_sub_r2 table completed_valid t=0.0s
[     23s] main 32b c145 ic_m4 known_null_sub table completed_valid t=0.0s
[     23s] main 32b c145 ic_m4 random_dick_r0 table completed_valid t=0.0s
[     23s] main 32b c145 ic_m4 random_dick_r1 table completed_valid t=0.0s
[     23s] main 32b c145 ic_m4 random_dick_r2 table completed_valid t=0.0s
[     23s] main 32b c145 ic_m4 known_null_dick table completed_valid t=0.0s
[     24s] main 32b c146 ic_m4 subgroup table completed_valid t=0.0s
[     24s] main 32b c146 ic_m4 dickson table completed_valid t=0.0s
[     24s] main 32b c146 ic_m4 small_x table completed_valid t=0.0s
[     24s] main 32b c146 ic_m4 random_sub_r0 table completed_valid t=0.0s
[     24s] main 32b c146 ic_m4 random_sub_r1 table completed_valid t=0.0s
[     24s] main 32b c146 ic_m4 random_sub_r2 table completed_valid t=0.0s
[     24s] main 32b c146 ic_m4 known_null_sub table completed_valid t=0.0s
[     24s] main 32b c146 ic_m4 random_dick_r0 table completed_valid t=0.1s
[     24s] main 32b c146 ic_m4 random_dick_r1 table completed_valid t=0.0s
[     24s] main 32b c146 ic_m4 random_dick_r2 table completed_valid t=0.0s
[     24s] main 32b c146 ic_m4 known_null_dick table completed_valid t=0.0s
[     24s] main 32b c147 ic_m4 subgroup table completed_valid t=0.0s
[     24s] main 32b c147 ic_m4 dickson table completed_valid t=0.0s
[     24s] main 32b c147 ic_m4 small_x table completed_valid t=0.0s
[     24s] main 32b c147 ic_m4 random_sub_r0 table completed_valid t=0.0s
[     24s] main 32b c147 ic_m4 random_sub_r1 table completed_valid t=0.0s
[     24s] main 32b c147 ic_m4 random_sub_r2 table completed_valid t=0.0s
[     24s] main 32b c147 ic_m4 known_null_sub table completed_valid t=0.0s
[     24s] main 32b c147 ic_m4 random_dick_r0 table completed_valid t=0.0s
[     24s] main 32b c147 ic_m4 random_dick_r1 table completed_valid t=0.0s
[     24s] main 32b c147 ic_m4 random_dick_r2 table completed_valid t=0.0s
[     24s] main 32b c147 ic_m4 known_null_dick table completed_valid t=0.0s
[     25s] main 32b c148 ic_m4 subgroup table completed_valid t=0.0s
[     25s] main 32b c148 ic_m4 dickson table completed_valid t=0.0s
[     25s] main 32b c148 ic_m4 small_x table completed_valid t=0.0s
[     25s] main 32b c148 ic_m4 random_sub_r0 table completed_valid t=0.0s
[     25s] main 32b c148 ic_m4 random_sub_r1 table completed_valid t=0.0s
[     25s] main 32b c148 ic_m4 random_sub_r2 table completed_valid t=0.0s
[     25s] main 32b c148 ic_m4 known_null_sub table completed_valid t=0.0s
[     25s] main 32b c148 ic_m4 random_dick_r0 table completed_valid t=0.1s
[     25s] main 32b c148 ic_m4 random_dick_r1 table completed_valid t=0.1s
[     25s] main 32b c148 ic_m4 random_dick_r2 table completed_valid t=0.0s
[     25s] main 32b c148 ic_m4 known_null_dick table completed_valid t=0.0s
[     26s] main 32b c149 ic_m4 subgroup table completed_valid t=0.0s
[     26s] main 32b c149 ic_m4 dickson table completed_valid t=0.0s
[     26s] main 32b c149 ic_m4 small_x table completed_valid t=0.0s
[     26s] main 32b c149 ic_m4 random_sub_r0 table completed_valid t=0.0s
[     26s] main 32b c149 ic_m4 random_sub_r1 table completed_valid t=0.0s
[     26s] main 32b c149 ic_m4 random_sub_r2 table completed_valid t=0.1s
[     26s] main 32b c149 ic_m4 known_null_sub table completed_valid t=0.1s
[     26s] main 32b c149 ic_m4 random_dick_r0 table completed_valid t=0.1s
[     26s] main 32b c149 ic_m4 random_dick_r1 table completed_valid t=0.0s
[     26s] main 32b c149 ic_m4 random_dick_r2 table completed_valid t=0.0s
[     26s] main 32b c149 ic_m4 known_null_dick table completed_valid t=0.0s
[     26s] main 32b c150 ic_m4 subgroup table completed_valid t=0.0s
[     26s] main 32b c150 ic_m4 dickson table completed_valid t=0.0s
[     26s] main 32b c150 ic_m4 small_x table completed_valid t=0.0s
[     26s] main 32b c150 ic_m4 random_sub_r0 table completed_valid t=0.0s
[     26s] main 32b c150 ic_m4 random_sub_r1 table completed_valid t=0.0s
[     26s] main 32b c150 ic_m4 random_sub_r2 table completed_valid t=0.0s
[     26s] main 32b c150 ic_m4 known_null_sub table completed_valid t=0.0s
[     26s] main 32b c150 ic_m4 random_dick_r0 table completed_valid t=0.0s
[     26s] main 32b c150 ic_m4 random_dick_r1 table completed_valid t=0.0s
[     26s] main 32b c150 ic_m4 random_dick_r2 table completed_valid t=0.0s
[     26s] main 32b c150 ic_m4 known_null_dick table completed_valid t=0.0s
[     27s] main 32b c151 ic_m4 subgroup table completed_valid t=0.0s
[     27s] main 32b c151 ic_m4 dickson table completed_valid t=0.0s
[     27s] main 32b c151 ic_m4 small_x table completed_valid t=0.0s
[     27s] main 32b c151 ic_m4 random_sub_r0 table completed_valid t=0.0s
[     27s] main 32b c151 ic_m4 random_sub_r1 table completed_valid t=0.0s
[     27s] main 32b c151 ic_m4 random_sub_r2 table completed_valid t=0.0s
[     27s] main 32b c151 ic_m4 known_null_sub table completed_valid t=0.0s
[     27s] main 32b c151 ic_m4 random_dick_r0 table completed_valid t=0.0s
[     27s] main 32b c151 ic_m4 random_dick_r1 table completed_valid t=0.0s
[     27s] main 32b c151 ic_m4 random_dick_r2 table completed_valid t=0.0s
[     27s] main 32b c151 ic_m4 known_null_dick table completed_valid t=0.0s
[     27s] main 32b c152 ic_m4 subgroup table completed_valid t=0.0s
[     27s] main 32b c152 ic_m4 dickson table completed_valid t=0.0s
[     27s] main 32b c152 ic_m4 small_x table completed_valid t=0.0s
[     27s] main 32b c152 ic_m4 random_sub_r0 table completed_valid t=0.1s
[     27s] main 32b c152 ic_m4 random_sub_r1 table completed_valid t=0.1s
[     27s] main 32b c152 ic_m4 random_sub_r2 table completed_valid t=0.0s
[     27s] main 32b c152 ic_m4 known_null_sub table completed_valid t=0.0s
[     27s] main 32b c152 ic_m4 random_dick_r0 table completed_valid t=0.0s
[     27s] main 32b c152 ic_m4 random_dick_r1 table completed_valid t=0.0s
[     27s] main 32b c152 ic_m4 random_dick_r2 table completed_valid t=0.0s
[     27s] main 32b c152 ic_m4 known_null_dick table completed_valid t=0.0s
[     28s] main 32b c153 ic_m4 subgroup table completed_valid t=0.1s
[     28s] main 32b c153 ic_m4 dickson table completed_valid t=0.0s
[     28s] main 32b c153 ic_m4 small_x table completed_valid t=0.0s
[     28s] main 32b c153 ic_m4 random_sub_r0 table completed_valid t=0.0s
[     28s] main 32b c153 ic_m4 random_sub_r1 table completed_valid t=0.0s
[     28s] main 32b c153 ic_m4 random_sub_r2 table completed_valid t=0.0s
[     28s] main 32b c153 ic_m4 known_null_sub table completed_valid t=0.0s
[     28s] main 32b c153 ic_m4 random_dick_r0 table completed_valid t=0.0s
[     28s] main 32b c153 ic_m4 random_dick_r1 table completed_valid t=0.0s
[     28s] main 32b c153 ic_m4 random_dick_r2 table completed_valid t=0.0s
[     28s] main 32b c153 ic_m4 known_null_dick table completed_valid t=0.0s
[     29s] main 32b c154 ic_m4 subgroup table completed_valid t=0.0s
[     29s] main 32b c154 ic_m4 dickson table completed_valid t=0.0s
[     29s] main 32b c154 ic_m4 small_x table completed_valid t=0.0s
[     29s] main 32b c154 ic_m4 random_sub_r0 table completed_valid t=0.0s
[     29s] main 32b c154 ic_m4 random_sub_r1 table completed_valid t=0.0s
[     29s] main 32b c154 ic_m4 random_sub_r2 table completed_valid t=0.0s
[     29s] main 32b c154 ic_m4 known_null_sub table completed_valid t=0.0s
[     29s] main 32b c154 ic_m4 random_dick_r0 table completed_valid t=0.0s
[     29s] main 32b c154 ic_m4 random_dick_r1 table completed_valid t=0.0s
[     29s] main 32b c154 ic_m4 random_dick_r2 table completed_valid t=0.0s
[     29s] main 32b c154 ic_m4 known_null_dick table completed_valid t=0.0s
[     29s] main 32b c155 ic_m4 subgroup table completed_valid t=0.0s
[     29s] main 32b c155 ic_m4 dickson table completed_valid t=0.0s
[     29s] main 32b c155 ic_m4 small_x table completed_valid t=0.0s
[     29s] main 32b c155 ic_m4 random_sub_r0 table completed_valid t=0.0s
[     29s] main 32b c155 ic_m4 random_sub_r1 table completed_valid t=0.0s
[     29s] main 32b c155 ic_m4 random_sub_r2 table completed_valid t=0.0s
[     29s] main 32b c155 ic_m4 known_null_sub table completed_valid t=0.0s
[     29s] main 32b c155 ic_m4 random_dick_r0 table completed_valid t=0.0s
[     29s] main 32b c155 ic_m4 random_dick_r1 table completed_valid t=0.0s
[     29s] main 32b c155 ic_m4 random_dick_r2 table completed_valid t=0.0s
[     29s] main 32b c155 ic_m4 known_null_dick table completed_valid t=0.0s
[     30s] main 32b c156 ic_m4 subgroup table completed_valid t=0.0s
[     30s] main 32b c156 ic_m4 dickson table completed_valid t=0.0s
[     30s] main 32b c156 ic_m4 small_x table completed_valid t=0.0s
[     30s] main 32b c156 ic_m4 random_sub_r0 table completed_valid t=0.0s
[     30s] main 32b c156 ic_m4 random_sub_r1 table completed_valid t=0.0s
[     30s] main 32b c156 ic_m4 random_sub_r2 table completed_valid t=0.0s
[     30s] main 32b c156 ic_m4 known_null_sub table completed_valid t=0.0s
[     30s] main 32b c156 ic_m4 random_dick_r0 table completed_valid t=0.0s
[     30s] main 32b c156 ic_m4 random_dick_r1 table completed_valid t=0.0s
[     30s] main 32b c156 ic_m4 random_dick_r2 table completed_valid t=0.0s
[     30s] main 32b c156 ic_m4 known_null_dick table completed_valid t=0.0s
[     31s] main 32b c157 ic_m4 subgroup table completed_valid t=0.0s
[     31s] main 32b c157 ic_m4 dickson table completed_valid t=0.0s
[     31s] main 32b c157 ic_m4 small_x table completed_valid t=0.0s
[     31s] main 32b c157 ic_m4 random_sub_r0 table completed_valid t=0.0s
[     31s] main 32b c157 ic_m4 random_sub_r1 table completed_valid t=0.0s
[     31s] main 32b c157 ic_m4 random_sub_r2 table completed_valid t=0.0s
[     31s] main 32b c157 ic_m4 known_null_sub table completed_valid t=0.0s
[     31s] main 32b c157 ic_m4 random_dick_r0 table completed_valid t=0.0s
[     31s] main 32b c157 ic_m4 random_dick_r1 table completed_valid t=0.1s
[     31s] main 32b c157 ic_m4 random_dick_r2 table completed_valid t=0.1s
[     31s] main 32b c157 ic_m4 known_null_dick table completed_valid t=0.0s
[     31s] main 32b c158 ic_m4 subgroup table completed_valid t=0.0s
[     31s] main 32b c158 ic_m4 dickson table completed_valid t=0.0s
[     31s] main 32b c158 ic_m4 small_x table completed_valid t=0.0s
[     31s] main 32b c158 ic_m4 random_sub_r0 table completed_valid t=0.1s
[     31s] main 32b c158 ic_m4 random_sub_r1 table completed_valid t=0.0s
[     31s] main 32b c158 ic_m4 random_sub_r2 table completed_valid t=0.0s
[     31s] main 32b c158 ic_m4 known_null_sub table completed_valid t=0.1s
[     31s] main 32b c158 ic_m4 random_dick_r0 table completed_valid t=0.1s
[     31s] main 32b c158 ic_m4 random_dick_r1 table completed_valid t=0.0s
[     31s] main 32b c158 ic_m4 random_dick_r2 table completed_valid t=0.0s
[     31s] main 32b c158 ic_m4 known_null_dick table completed_valid t=0.0s
[     32s] main 32b c159 ic_m4 subgroup table completed_valid t=0.0s
[     32s] main 32b c159 ic_m4 dickson table completed_valid t=0.1s
[     32s] main 32b c159 ic_m4 small_x table completed_valid t=0.0s
[     32s] main 32b c159 ic_m4 random_sub_r0 table completed_valid t=0.0s
[     32s] main 32b c159 ic_m4 random_sub_r1 table completed_valid t=0.1s
[     32s] main 32b c159 ic_m4 random_sub_r2 table completed_valid t=0.0s
[     32s] main 32b c159 ic_m4 known_null_sub table completed_valid t=0.0s
[     32s] main 32b c159 ic_m4 random_dick_r0 table completed_valid t=0.0s
[     32s] main 32b c159 ic_m4 random_dick_r1 table completed_valid t=0.1s
[     32s] main 32b c159 ic_m4 random_dick_r2 table completed_valid t=0.0s
[     32s] main 32b c159 ic_m4 known_null_dick table completed_valid t=0.0s
[     33s] main 32b c160 ic_m4 subgroup table completed_valid t=0.0s
[     33s] main 32b c160 ic_m4 dickson table completed_valid t=0.0s
[     33s] main 32b c160 ic_m4 small_x table completed_valid t=0.0s
[     33s] main 32b c160 ic_m4 random_sub_r0 table completed_valid t=0.0s
[     33s] main 32b c160 ic_m4 random_sub_r1 table completed_valid t=0.0s
[     33s] main 32b c160 ic_m4 random_sub_r2 table completed_valid t=0.0s
[     33s] main 32b c160 ic_m4 known_null_sub table completed_valid t=0.0s
[     33s] main 32b c160 ic_m4 random_dick_r0 table completed_valid t=0.0s
[     33s] main 32b c160 ic_m4 random_dick_r1 table completed_valid t=0.0s
[     33s] main 32b c160 ic_m4 random_dick_r2 table completed_valid t=0.0s
[     33s] main 32b c160 ic_m4 known_null_dick table completed_valid t=0.0s
[     34s] main 32b c161 ic_m4 subgroup table completed_valid t=0.0s
[     34s] main 32b c161 ic_m4 dickson table completed_valid t=0.0s
[     34s] main 32b c161 ic_m4 small_x table completed_valid t=0.0s
[     34s] main 32b c161 ic_m4 random_sub_r0 table completed_valid t=0.0s
[     34s] main 32b c161 ic_m4 random_sub_r1 table completed_valid t=0.0s
[     34s] main 32b c161 ic_m4 random_sub_r2 table completed_valid t=0.0s
[     34s] main 32b c161 ic_m4 known_null_sub table completed_valid t=0.0s
[     34s] main 32b c161 ic_m4 random_dick_r0 table completed_valid t=0.0s
[     34s] main 32b c161 ic_m4 random_dick_r1 table completed_valid t=0.0s
[     34s] main 32b c161 ic_m4 random_dick_r2 table completed_valid t=0.0s
[     34s] main 32b c161 ic_m4 known_null_dick table completed_valid t=0.0s
[     34s] main 32b c162 ic_m4 subgroup table completed_valid t=0.0s
[     34s] main 32b c162 ic_m4 dickson table completed_valid t=0.0s
[     34s] main 32b c162 ic_m4 small_x table completed_valid t=0.0s
[     34s] main 32b c162 ic_m4 random_sub_r0 table completed_valid t=0.0s
[     34s] main 32b c162 ic_m4 random_sub_r1 table completed_valid t=0.0s
[     34s] main 32b c162 ic_m4 random_sub_r2 table completed_valid t=0.0s
[     34s] main 32b c162 ic_m4 known_null_sub table completed_valid t=0.0s
[     34s] main 32b c162 ic_m4 random_dick_r0 table completed_valid t=0.0s
[     34s] main 32b c162 ic_m4 random_dick_r1 table completed_valid t=0.0s
[     34s] main 32b c162 ic_m4 random_dick_r2 table completed_valid t=0.0s
[     34s] main 32b c162 ic_m4 known_null_dick table completed_valid t=0.0s
[     35s] main 32b c163 ic_m4 subgroup table completed_valid t=0.0s
[     35s] main 32b c163 ic_m4 dickson table completed_valid t=0.1s
[     35s] main 32b c163 ic_m4 small_x table completed_valid t=0.0s
[     35s] main 32b c163 ic_m4 random_sub_r0 table completed_valid t=0.0s
[     35s] main 32b c163 ic_m4 random_sub_r1 table completed_valid t=0.0s
[     35s] main 32b c163 ic_m4 random_sub_r2 table completed_valid t=0.0s
[     35s] main 32b c163 ic_m4 known_null_sub table completed_valid t=0.0s
[     35s] main 32b c163 ic_m4 random_dick_r0 table completed_valid t=0.0s
[     35s] main 32b c163 ic_m4 random_dick_r1 table completed_valid t=0.0s
[     35s] main 32b c163 ic_m4 random_dick_r2 table completed_valid t=0.0s
[     35s] main 32b c163 ic_m4 known_null_dick table completed_valid t=0.0s
[     35s] main 32b c164 ic_m4 subgroup table completed_valid t=0.0s
[     35s] main 32b c164 ic_m4 dickson table completed_valid t=0.0s
[     35s] main 32b c164 ic_m4 small_x table completed_valid t=0.1s
[     35s] main 32b c164 ic_m4 random_sub_r0 table completed_valid t=0.0s
[     35s] main 32b c164 ic_m4 random_sub_r1 table completed_valid t=0.0s
[     35s] main 32b c164 ic_m4 random_sub_r2 table completed_valid t=0.0s
[     35s] main 32b c164 ic_m4 known_null_sub table completed_valid t=0.0s
[     35s] main 32b c164 ic_m4 random_dick_r0 table completed_valid t=0.0s
[     35s] main 32b c164 ic_m4 random_dick_r1 table completed_valid t=0.1s
[     35s] main 32b c164 ic_m4 random_dick_r2 table completed_valid t=0.1s
[     35s] main 32b c164 ic_m4 known_null_dick table completed_valid t=0.0s
[     36s] main 32b c165 ic_m4 subgroup table completed_valid t=0.0s
[     36s] main 32b c165 ic_m4 dickson table completed_valid t=0.0s
[     36s] main 32b c165 ic_m4 small_x table completed_valid t=0.0s
[     36s] main 32b c165 ic_m4 random_sub_r0 table completed_valid t=0.0s
[     36s] main 32b c165 ic_m4 random_sub_r1 table completed_valid t=0.0s
[     36s] main 32b c165 ic_m4 random_sub_r2 table completed_valid t=0.0s
[     36s] main 32b c165 ic_m4 known_null_sub table completed_valid t=0.0s
[     36s] main 32b c165 ic_m4 random_dick_r0 table completed_valid t=0.0s
[     36s] main 32b c165 ic_m4 random_dick_r1 table completed_valid t=0.0s
[     36s] main 32b c165 ic_m4 random_dick_r2 table completed_valid t=0.0s
[     36s] main 32b c165 ic_m4 known_null_dick table completed_valid t=0.0s
[     37s] main 32b c166 ic_m4 subgroup table completed_valid t=0.0s
[     37s] main 32b c166 ic_m4 dickson table completed_valid t=0.0s
[     37s] main 32b c166 ic_m4 small_x table completed_valid t=0.0s
[     37s] main 32b c166 ic_m4 random_sub_r0 table completed_valid t=0.0s
[     37s] main 32b c166 ic_m4 random_sub_r1 table completed_valid t=0.0s
[     37s] main 32b c166 ic_m4 random_sub_r2 table completed_valid t=0.0s
[     37s] main 32b c166 ic_m4 known_null_sub table completed_valid t=0.0s
[     37s] main 32b c166 ic_m4 random_dick_r0 table completed_valid t=0.0s
[     37s] main 32b c166 ic_m4 random_dick_r1 table completed_valid t=0.0s
[     37s] main 32b c166 ic_m4 random_dick_r2 table completed_valid t=0.0s
[     37s] main 32b c166 ic_m4 known_null_dick table completed_valid t=0.0s
[     37s] main 32b c167 ic_m4 subgroup table completed_valid t=0.0s
[     37s] main 32b c167 ic_m4 dickson table completed_valid t=0.0s
[     37s] main 32b c167 ic_m4 small_x table completed_valid t=0.0s
[     37s] main 32b c167 ic_m4 random_sub_r0 table completed_valid t=0.0s
[     37s] main 32b c167 ic_m4 random_sub_r1 table completed_valid t=0.0s
[     37s] main 32b c167 ic_m4 random_sub_r2 table completed_valid t=0.1s
[     37s] main 32b c167 ic_m4 known_null_sub table completed_valid t=0.0s
[     37s] main 32b c167 ic_m4 random_dick_r0 table completed_valid t=0.0s
[     37s] main 32b c167 ic_m4 random_dick_r1 table completed_valid t=0.0s
[     37s] main 32b c167 ic_m4 random_dick_r2 table completed_valid t=0.0s
[     37s] main 32b c167 ic_m4 known_null_dick table completed_valid t=0.0s
[     38s] main 32b c168 ic_m4 subgroup table completed_valid t=0.0s
[     38s] main 32b c168 ic_m4 dickson table completed_valid t=0.0s
[     38s] main 32b c168 ic_m4 small_x table completed_valid t=0.0s
[     38s] main 32b c168 ic_m4 random_sub_r0 table completed_valid t=0.0s
[     38s] main 32b c168 ic_m4 random_sub_r1 table completed_valid t=0.0s
[     38s] main 32b c168 ic_m4 random_sub_r2 table completed_valid t=0.1s
[     38s] main 32b c168 ic_m4 known_null_sub table completed_valid t=0.0s
[     38s] main 32b c168 ic_m4 random_dick_r0 table completed_valid t=0.1s
[     38s] main 32b c168 ic_m4 random_dick_r1 table completed_valid t=0.0s
[     38s] main 32b c168 ic_m4 random_dick_r2 table completed_valid t=0.0s
[     38s] main 32b c168 ic_m4 known_null_dick table completed_valid t=0.0s
[     39s] main 32b c169 ic_m4 subgroup table completed_valid t=0.0s
[     39s] main 32b c169 ic_m4 dickson table completed_valid t=0.0s
[     39s] main 32b c169 ic_m4 small_x table completed_valid t=0.0s
[     39s] main 32b c169 ic_m4 random_sub_r0 table completed_valid t=0.1s
[     39s] main 32b c169 ic_m4 random_sub_r1 table completed_valid t=0.0s
[     39s] main 32b c169 ic_m4 random_sub_r2 table completed_valid t=0.1s
[     39s] main 32b c169 ic_m4 known_null_sub table completed_valid t=0.1s
[     39s] main 32b c169 ic_m4 random_dick_r0 table completed_valid t=0.0s
[     39s] main 32b c169 ic_m4 random_dick_r1 table completed_valid t=0.0s
[     39s] main 32b c169 ic_m4 random_dick_r2 table completed_valid t=0.0s
[     39s] main 32b c169 ic_m4 known_null_dick table completed_valid t=0.1s
[     40s] main 32b c170 ic_m4 subgroup table completed_valid t=0.0s
[     40s] main 32b c170 ic_m4 dickson table completed_valid t=0.0s
[     40s] main 32b c170 ic_m4 small_x table completed_valid t=0.0s
[     40s] main 32b c170 ic_m4 random_sub_r0 table completed_valid t=0.1s
[     40s] main 32b c170 ic_m4 random_sub_r1 table completed_valid t=0.1s
[     40s] main 32b c170 ic_m4 random_sub_r2 table completed_valid t=0.0s
[     40s] main 32b c170 ic_m4 known_null_sub table completed_valid t=0.0s
[     40s] main 32b c170 ic_m4 random_dick_r0 table completed_valid t=0.0s
[     40s] main 32b c170 ic_m4 random_dick_r1 table completed_valid t=0.0s
[     40s] main 32b c170 ic_m4 random_dick_r2 table completed_valid t=0.0s
[     40s] main 32b c170 ic_m4 known_null_dick table completed_valid t=0.0s
[     40s] main 32b c171 ic_m4 subgroup table completed_valid t=0.0s
[     40s] main 32b c171 ic_m4 dickson table completed_valid t=0.0s
[     40s] main 32b c171 ic_m4 small_x table completed_valid t=0.0s
[     40s] main 32b c171 ic_m4 random_sub_r0 table completed_valid t=0.1s
[     40s] main 32b c171 ic_m4 random_sub_r1 table completed_valid t=0.0s
[     40s] main 32b c171 ic_m4 random_sub_r2 table completed_valid t=0.1s
[     40s] main 32b c171 ic_m4 known_null_sub table completed_valid t=0.0s
[     40s] main 32b c171 ic_m4 random_dick_r0 table completed_valid t=0.0s
[     40s] main 32b c171 ic_m4 random_dick_r1 table completed_valid t=0.0s
[     40s] main 32b c171 ic_m4 random_dick_r2 table completed_valid t=0.0s
[     40s] main 32b c171 ic_m4 known_null_dick table completed_valid t=0.0s
[     41s] main 32b c172 ic_m4 subgroup table completed_valid t=0.0s
[     41s] main 32b c172 ic_m4 dickson table completed_valid t=0.0s
[     41s] main 32b c172 ic_m4 small_x table completed_valid t=0.0s
[     41s] main 32b c172 ic_m4 random_sub_r0 table completed_valid t=0.0s
[     41s] main 32b c172 ic_m4 random_sub_r1 table completed_valid t=0.0s
[     41s] main 32b c172 ic_m4 random_sub_r2 table completed_valid t=0.0s
[     41s] main 32b c172 ic_m4 known_null_sub table completed_valid t=0.0s
[     41s] main 32b c172 ic_m4 random_dick_r0 table completed_valid t=0.1s
[     41s] main 32b c172 ic_m4 random_dick_r1 table completed_valid t=0.0s
[     41s] main 32b c172 ic_m4 random_dick_r2 table completed_valid t=0.0s
[     41s] main 32b c172 ic_m4 known_null_dick table completed_valid t=0.1s
[     42s] main 32b c173 ic_m4 subgroup table completed_valid t=0.1s
[     42s] main 32b c173 ic_m4 dickson table completed_valid t=0.1s
[     42s] main 32b c173 ic_m4 small_x table completed_valid t=0.0s
[     42s] main 32b c173 ic_m4 random_sub_r0 table completed_valid t=0.0s
[     42s] main 32b c173 ic_m4 random_sub_r1 table completed_valid t=0.0s
[     42s] main 32b c173 ic_m4 random_sub_r2 table completed_valid t=0.0s
[     42s] main 32b c173 ic_m4 known_null_sub table completed_valid t=0.0s
[     42s] main 32b c173 ic_m4 random_dick_r0 table completed_valid t=0.1s
[     42s] main 32b c173 ic_m4 random_dick_r1 table completed_valid t=0.0s
[     42s] main 32b c173 ic_m4 random_dick_r2 table completed_valid t=0.1s
[     42s] main 32b c173 ic_m4 known_null_dick table completed_valid t=0.1s
[     42s] main 32b c174 ic_m4 subgroup table completed_valid t=0.0s
[     42s] main 32b c174 ic_m4 dickson table completed_valid t=0.0s
[     42s] main 32b c174 ic_m4 small_x table completed_valid t=0.0s
[     42s] main 32b c174 ic_m4 random_sub_r0 table completed_valid t=0.0s
[     42s] main 32b c174 ic_m4 random_sub_r1 table completed_valid t=0.0s
[     42s] main 32b c174 ic_m4 random_sub_r2 table completed_valid t=0.0s
[     42s] main 32b c174 ic_m4 known_null_sub table completed_valid t=0.0s
[     42s] main 32b c174 ic_m4 random_dick_r0 table completed_valid t=0.0s
[     42s] main 32b c174 ic_m4 random_dick_r1 table completed_valid t=0.1s
[     42s] main 32b c174 ic_m4 random_dick_r2 table completed_valid t=0.0s
[     42s] main 32b c174 ic_m4 known_null_dick table completed_valid t=0.1s
[     44s] main 32b c175 ic_m4 subgroup table completed_valid t=0.1s
[     44s] main 32b c175 ic_m4 dickson table completed_valid t=0.1s
[     44s] main 32b c175 ic_m4 small_x table completed_valid t=0.1s
[     44s] main 32b c175 ic_m4 random_sub_r0 table completed_valid t=0.1s
[     44s] main 32b c175 ic_m4 random_sub_r1 table completed_valid t=0.1s
[     44s] main 32b c175 ic_m4 random_sub_r2 table completed_valid t=0.0s
[     44s] main 32b c175 ic_m4 known_null_sub table completed_valid t=0.0s
[     44s] main 32b c175 ic_m4 random_dick_r0 table completed_valid t=0.0s
[     44s] main 32b c175 ic_m4 random_dick_r1 table completed_valid t=0.0s
[     44s] main 32b c175 ic_m4 random_dick_r2 table completed_valid t=0.0s
[     44s] main 32b c175 ic_m4 known_null_dick table completed_valid t=0.0s
[     44s] main 32b c176 ic_m4 subgroup table completed_valid t=0.1s
[     44s] main 32b c176 ic_m4 dickson table completed_valid t=0.0s
[     44s] main 32b c176 ic_m4 small_x table completed_valid t=0.0s
[     44s] main 32b c176 ic_m4 random_sub_r0 table completed_valid t=0.0s
[     44s] main 32b c176 ic_m4 random_sub_r1 table completed_valid t=0.0s
[     44s] main 32b c176 ic_m4 random_sub_r2 table completed_valid t=0.0s
[     44s] main 32b c176 ic_m4 known_null_sub table completed_valid t=0.0s
[     44s] main 32b c176 ic_m4 random_dick_r0 table completed_valid t=0.0s
[     44s] main 32b c176 ic_m4 random_dick_r1 table completed_valid t=0.0s
[     44s] main 32b c176 ic_m4 random_dick_r2 table completed_valid t=0.0s
[     44s] main 32b c176 ic_m4 known_null_dick table completed_valid t=0.0s
[     45s] main 32b c177 ic_m4 subgroup table completed_valid t=0.0s
[     45s] main 32b c177 ic_m4 dickson table completed_valid t=0.0s
[     45s] main 32b c177 ic_m4 small_x table completed_valid t=0.0s
[     45s] main 32b c177 ic_m4 random_sub_r0 table completed_valid t=0.0s
[     45s] main 32b c177 ic_m4 random_sub_r1 table completed_valid t=0.0s
[     45s] main 32b c177 ic_m4 random_sub_r2 table completed_valid t=0.0s
[     45s] main 32b c177 ic_m4 known_null_sub table completed_valid t=0.0s
[     45s] main 32b c177 ic_m4 random_dick_r0 table completed_valid t=0.0s
[     45s] main 32b c177 ic_m4 random_dick_r1 table completed_valid t=0.0s
[     45s] main 32b c177 ic_m4 random_dick_r2 table completed_valid t=0.1s
[     45s] main 32b c177 ic_m4 known_null_dick table completed_valid t=0.1s
[     45s] main 32b c178 ic_m4 subgroup table completed_valid t=0.0s
[     45s] main 32b c178 ic_m4 dickson table completed_valid t=0.0s
[     45s] main 32b c178 ic_m4 small_x table completed_valid t=0.0s
[     45s] main 32b c178 ic_m4 random_sub_r0 table completed_valid t=0.0s
[     45s] main 32b c178 ic_m4 random_sub_r1 table completed_valid t=0.0s
[     45s] main 32b c178 ic_m4 random_sub_r2 table completed_valid t=0.0s
[     45s] main 32b c178 ic_m4 known_null_sub table completed_valid t=0.0s
[     45s] main 32b c178 ic_m4 random_dick_r0 table completed_valid t=0.0s
[     45s] main 32b c178 ic_m4 random_dick_r1 table completed_valid t=0.1s
[     45s] main 32b c178 ic_m4 random_dick_r2 table completed_valid t=0.0s
[     45s] main 32b c178 ic_m4 known_null_dick table completed_valid t=0.0s
[     46s] main 32b c179 ic_m4 subgroup table completed_valid t=0.0s
[     46s] main 32b c179 ic_m4 dickson table completed_valid t=0.1s
[     46s] main 32b c179 ic_m4 small_x table completed_valid t=0.1s
[     46s] main 32b c179 ic_m4 random_sub_r0 table completed_valid t=0.0s
[     46s] main 32b c179 ic_m4 random_sub_r1 table completed_valid t=0.1s
[     46s] main 32b c179 ic_m4 random_sub_r2 table completed_valid t=0.1s
[     46s] main 32b c179 ic_m4 known_null_sub table completed_valid t=0.1s
[     46s] main 32b c179 ic_m4 random_dick_r0 table completed_valid t=0.1s
[     46s] main 32b c179 ic_m4 random_dick_r1 table completed_valid t=0.1s
[     46s] main 32b c179 ic_m4 random_dick_r2 table completed_valid t=0.0s
[     46s] main 32b c179 ic_m4 known_null_dick table completed_valid t=0.0s
[     47s] main 32b c180 ic_m4 subgroup table completed_valid t=0.0s
[     47s] main 32b c180 ic_m4 dickson table completed_valid t=0.1s
[     47s] main 32b c180 ic_m4 small_x table completed_valid t=0.0s
[     47s] main 32b c180 ic_m4 random_sub_r0 table completed_valid t=0.0s
[     47s] main 32b c180 ic_m4 random_sub_r1 table completed_valid t=0.1s
[     47s] main 32b c180 ic_m4 random_sub_r2 table completed_valid t=0.0s
[     47s] main 32b c180 ic_m4 known_null_sub table completed_valid t=0.1s
[     47s] main 32b c180 ic_m4 random_dick_r0 table completed_valid t=0.0s
[     47s] main 32b c180 ic_m4 random_dick_r1 table completed_valid t=0.1s
[     47s] main 32b c180 ic_m4 random_dick_r2 table completed_valid t=0.1s
[     47s] main 32b c180 ic_m4 known_null_dick table completed_valid t=0.0s
[     47s] main 32b c181 ic_m4 subgroup table completed_valid t=0.0s
[     47s] main 32b c181 ic_m4 dickson table completed_valid t=0.0s
[     47s] main 32b c181 ic_m4 small_x table completed_valid t=0.0s
[     47s] main 32b c181 ic_m4 random_sub_r0 table completed_valid t=0.0s
[     47s] main 32b c181 ic_m4 random_sub_r1 table completed_valid t=0.0s
[     47s] main 32b c181 ic_m4 random_sub_r2 table completed_valid t=0.1s
[     47s] main 32b c181 ic_m4 known_null_sub table completed_valid t=0.0s
[     47s] main 32b c181 ic_m4 random_dick_r0 table completed_valid t=0.0s
[     47s] main 32b c181 ic_m4 random_dick_r1 table completed_valid t=0.0s
[     47s] main 32b c181 ic_m4 random_dick_r2 table completed_valid t=0.0s
[     47s] main 32b c181 ic_m4 known_null_dick table completed_valid t=0.1s
[     48s] main 32b c182 ic_m4 subgroup table completed_valid t=0.1s
[     48s] main 32b c182 ic_m4 dickson table completed_valid t=0.1s
[     48s] main 32b c182 ic_m4 small_x table completed_valid t=0.1s
[     48s] main 32b c182 ic_m4 random_sub_r0 table completed_valid t=0.1s
[     48s] main 32b c182 ic_m4 random_sub_r1 table completed_valid t=0.1s
[     48s] main 32b c182 ic_m4 random_sub_r2 table completed_valid t=0.1s
[     48s] main 32b c182 ic_m4 known_null_sub table completed_valid t=0.0s
[     48s] main 32b c182 ic_m4 random_dick_r0 table completed_valid t=0.0s
[     48s] main 32b c182 ic_m4 random_dick_r1 table completed_valid t=0.0s
[     48s] main 32b c182 ic_m4 random_dick_r2 table completed_valid t=0.0s
[     48s] main 32b c182 ic_m4 known_null_dick table completed_valid t=0.0s
[     49s] main 32b c183 ic_m4 subgroup table completed_valid t=0.0s
[     49s] main 32b c183 ic_m4 dickson table completed_valid t=0.0s
[     49s] main 32b c183 ic_m4 small_x table completed_valid t=0.0s
[     49s] main 32b c183 ic_m4 random_sub_r0 table completed_valid t=0.0s
[     49s] main 32b c183 ic_m4 random_sub_r1 table completed_valid t=0.0s
[     49s] main 32b c183 ic_m4 random_sub_r2 table completed_valid t=0.0s
[     49s] main 32b c183 ic_m4 known_null_sub table completed_valid t=0.0s
[     49s] main 32b c183 ic_m4 random_dick_r0 table completed_valid t=0.0s
[     49s] main 32b c183 ic_m4 random_dick_r1 table completed_valid t=0.0s
[     49s] main 32b c183 ic_m4 random_dick_r2 table completed_valid t=0.0s
[     49s] main 32b c183 ic_m4 known_null_dick table completed_valid t=0.0s
[     50s] main 32b c184 ic_m4 subgroup table completed_valid t=0.0s
[     50s] main 32b c184 ic_m4 dickson table completed_valid t=0.1s
[     50s] main 32b c184 ic_m4 small_x table completed_valid t=0.1s
[     50s] main 32b c184 ic_m4 random_sub_r0 table completed_valid t=0.1s
[     50s] main 32b c184 ic_m4 random_sub_r1 table completed_valid t=0.0s
[     50s] main 32b c184 ic_m4 random_sub_r2 table completed_valid t=0.1s
[     50s] main 32b c184 ic_m4 known_null_sub table completed_valid t=0.1s
[     50s] main 32b c184 ic_m4 random_dick_r0 table completed_valid t=0.1s
[     50s] main 32b c184 ic_m4 random_dick_r1 table completed_valid t=0.0s
[     50s] main 32b c184 ic_m4 random_dick_r2 table completed_valid t=0.1s
[     50s] main 32b c184 ic_m4 known_null_dick table completed_valid t=0.1s
[     50s] main 32b c185 ic_m4 subgroup table completed_valid t=0.0s
[     50s] main 32b c185 ic_m4 dickson table completed_valid t=0.0s
[     50s] main 32b c185 ic_m4 small_x table completed_valid t=0.0s
[     50s] main 32b c185 ic_m4 random_sub_r0 table completed_valid t=0.0s
[     50s] main 32b c185 ic_m4 random_sub_r1 table completed_valid t=0.0s
[     50s] main 32b c185 ic_m4 random_sub_r2 table completed_valid t=0.0s
[     50s] main 32b c185 ic_m4 known_null_sub table completed_valid t=0.0s
[     50s] main 32b c185 ic_m4 random_dick_r0 table completed_valid t=0.0s
[     50s] main 32b c185 ic_m4 random_dick_r1 table completed_valid t=0.0s
[     50s] main 32b c185 ic_m4 random_dick_r2 table completed_valid t=0.0s
[     50s] main 32b c185 ic_m4 known_null_dick table completed_valid t=0.0s
[     51s] main 32b c186 ic_m4 subgroup table completed_valid t=0.0s
[     51s] main 32b c186 ic_m4 dickson table completed_valid t=0.0s
[     51s] main 32b c186 ic_m4 small_x table completed_valid t=0.0s
[     51s] main 32b c186 ic_m4 random_sub_r0 table completed_valid t=0.0s
[     51s] main 32b c186 ic_m4 random_sub_r1 table completed_valid t=0.0s
[     51s] main 32b c186 ic_m4 random_sub_r2 table completed_valid t=0.0s
[     51s] main 32b c186 ic_m4 known_null_sub table completed_valid t=0.0s
[     51s] main 32b c186 ic_m4 random_dick_r0 table completed_valid t=0.0s
[     51s] main 32b c186 ic_m4 random_dick_r1 table completed_valid t=0.0s
[     51s] main 32b c186 ic_m4 random_dick_r2 table completed_valid t=0.0s
[     51s] main 32b c186 ic_m4 known_null_dick table completed_valid t=0.0s
[     52s] main 32b c187 ic_m4 subgroup table completed_valid t=0.0s
[     52s] main 32b c187 ic_m4 dickson table completed_valid t=0.1s
[     52s] main 32b c187 ic_m4 small_x table completed_valid t=0.0s
[     52s] main 32b c187 ic_m4 random_sub_r0 table completed_valid t=0.0s
[     52s] main 32b c187 ic_m4 random_sub_r1 table completed_valid t=0.0s
[     52s] main 32b c187 ic_m4 random_sub_r2 table completed_valid t=0.0s
[     52s] main 32b c187 ic_m4 known_null_sub table completed_valid t=0.0s
[     52s] main 32b c187 ic_m4 random_dick_r0 table completed_valid t=0.0s
[     52s] main 32b c187 ic_m4 random_dick_r1 table completed_valid t=0.0s
[     52s] main 32b c187 ic_m4 random_dick_r2 table completed_valid t=0.0s
[     52s] main 32b c187 ic_m4 known_null_dick table completed_valid t=0.0s
[     53s] main 32b c188 ic_m4 subgroup table completed_valid t=0.0s
[     53s] main 32b c188 ic_m4 dickson table completed_valid t=0.0s
[     53s] main 32b c188 ic_m4 small_x table completed_valid t=0.1s
[     53s] main 32b c188 ic_m4 random_sub_r0 table completed_valid t=0.0s
[     53s] main 32b c188 ic_m4 random_sub_r1 table completed_valid t=0.1s
[     53s] main 32b c188 ic_m4 random_sub_r2 table completed_valid t=0.1s
[     53s] main 32b c188 ic_m4 known_null_sub table completed_valid t=0.0s
[     53s] main 32b c188 ic_m4 random_dick_r0 table completed_valid t=0.0s
[     53s] main 32b c188 ic_m4 random_dick_r1 table completed_valid t=0.1s
[     53s] main 32b c188 ic_m4 random_dick_r2 table completed_valid t=0.0s
[     53s] main 32b c188 ic_m4 known_null_dick table completed_valid t=0.0s
[     53s] main 32b c189 ic_m4 subgroup table completed_valid t=0.0s
[     53s] main 32b c189 ic_m4 dickson table completed_valid t=0.0s
[     53s] main 32b c189 ic_m4 small_x table completed_valid t=0.1s
[     53s] main 32b c189 ic_m4 random_sub_r0 table completed_valid t=0.1s
[     53s] main 32b c189 ic_m4 random_sub_r1 table completed_valid t=0.0s
[     53s] main 32b c189 ic_m4 random_sub_r2 table completed_valid t=0.0s
[     53s] main 32b c189 ic_m4 known_null_sub table completed_valid t=0.0s
[     53s] main 32b c189 ic_m4 random_dick_r0 table completed_valid t=0.0s
[     53s] main 32b c189 ic_m4 random_dick_r1 table completed_valid t=0.0s
[     53s] main 32b c189 ic_m4 random_dick_r2 table completed_valid t=0.0s
[     53s] main 32b c189 ic_m4 known_null_dick table completed_valid t=0.0s
[     54s] main 32b c190 ic_m4 subgroup table completed_valid t=0.0s
[     54s] main 32b c190 ic_m4 dickson table completed_valid t=0.0s
[     54s] main 32b c190 ic_m4 small_x table completed_valid t=0.0s
[     54s] main 32b c190 ic_m4 random_sub_r0 table completed_valid t=0.0s
[     54s] main 32b c190 ic_m4 random_sub_r1 table completed_valid t=0.0s
[     54s] main 32b c190 ic_m4 random_sub_r2 table completed_valid t=0.0s
[     54s] main 32b c190 ic_m4 known_null_sub table completed_valid t=0.0s
[     54s] main 32b c190 ic_m4 random_dick_r0 table completed_valid t=0.0s
[     54s] main 32b c190 ic_m4 random_dick_r1 table completed_valid t=0.0s
[     54s] main 32b c190 ic_m4 random_dick_r2 table completed_valid t=0.0s
[     54s] main 32b c190 ic_m4 known_null_dick table completed_valid t=0.0s
[     55s] main 32b c191 ic_m4 subgroup table completed_valid t=0.0s
[     55s] main 32b c191 ic_m4 dickson table completed_valid t=0.0s
[     55s] main 32b c191 ic_m4 small_x table completed_valid t=0.0s
[     55s] main 32b c191 ic_m4 random_sub_r0 table completed_valid t=0.0s
[     55s] main 32b c191 ic_m4 random_sub_r1 table completed_valid t=0.0s
[     55s] main 32b c191 ic_m4 random_sub_r2 table completed_valid t=0.0s
[     55s] main 32b c191 ic_m4 known_null_sub table completed_valid t=0.0s
[     55s] main 32b c191 ic_m4 random_dick_r0 table completed_valid t=0.0s
[     55s] main 32b c191 ic_m4 random_dick_r1 table completed_valid t=0.0s
[     55s] main 32b c191 ic_m4 random_dick_r2 table completed_valid t=0.0s
[     55s] main 32b c191 ic_m4 known_null_dick table completed_valid t=0.0s
[     55s] main 32b c192 ic_m4 subgroup table completed_valid t=0.0s
[     55s] main 32b c192 ic_m4 dickson table completed_valid t=0.0s
[     55s] main 32b c192 ic_m4 small_x table completed_valid t=0.0s
[     55s] main 32b c192 ic_m4 random_sub_r0 table completed_valid t=0.0s
[     55s] main 32b c192 ic_m4 random_sub_r1 table completed_valid t=0.0s
[     55s] main 32b c192 ic_m4 random_sub_r2 table completed_valid t=0.0s
[     55s] main 32b c192 ic_m4 known_null_sub table completed_valid t=0.0s
[     55s] main 32b c192 ic_m4 random_dick_r0 table completed_valid t=0.0s
[     55s] main 32b c192 ic_m4 random_dick_r1 table completed_valid t=0.0s
[     55s] main 32b c192 ic_m4 random_dick_r2 table completed_valid t=0.0s
[     55s] main 32b c192 ic_m4 known_null_dick table completed_valid t=0.0s
[     56s] main 32b c193 ic_m4 subgroup table completed_valid t=0.0s
[     56s] main 32b c193 ic_m4 dickson table completed_valid t=0.1s
[     56s] main 32b c193 ic_m4 small_x table completed_valid t=0.0s
[     56s] main 32b c193 ic_m4 random_sub_r0 table completed_valid t=0.0s
[     56s] main 32b c193 ic_m4 random_sub_r1 table completed_valid t=0.0s
[     56s] main 32b c193 ic_m4 random_sub_r2 table completed_valid t=0.0s
[     56s] main 32b c193 ic_m4 known_null_sub table completed_valid t=0.0s
[     56s] main 32b c193 ic_m4 random_dick_r0 table completed_valid t=0.0s
[     56s] main 32b c193 ic_m4 random_dick_r1 table completed_valid t=0.0s
[     56s] main 32b c193 ic_m4 random_dick_r2 table completed_valid t=0.0s
[     56s] main 32b c193 ic_m4 known_null_dick table completed_valid t=0.0s
[     57s] main 32b c194 ic_m4 subgroup table completed_valid t=0.0s
[     57s] main 32b c194 ic_m4 dickson table completed_valid t=0.0s
[     57s] main 32b c194 ic_m4 small_x table completed_valid t=0.0s
[     57s] main 32b c194 ic_m4 random_sub_r0 table completed_valid t=0.0s
[     57s] main 32b c194 ic_m4 random_sub_r1 table completed_valid t=0.0s
[     57s] main 32b c194 ic_m4 random_sub_r2 table completed_valid t=0.0s
[     57s] main 32b c194 ic_m4 known_null_sub table completed_valid t=0.1s
[     57s] main 32b c194 ic_m4 random_dick_r0 table completed_valid t=0.0s
[     57s] main 32b c194 ic_m4 random_dick_r1 table completed_valid t=0.0s
[     57s] main 32b c194 ic_m4 random_dick_r2 table completed_valid t=0.1s
[     57s] main 32b c194 ic_m4 known_null_dick table completed_valid t=0.0s
[     57s] main 32b c195 ic_m4 subgroup table completed_valid t=0.0s
[     57s] main 32b c195 ic_m4 dickson table completed_valid t=0.0s
[     57s] main 32b c195 ic_m4 small_x table completed_valid t=0.0s
[     57s] main 32b c195 ic_m4 random_sub_r0 table completed_valid t=0.0s
[     57s] main 32b c195 ic_m4 random_sub_r1 table completed_valid t=0.0s
[     57s] main 32b c195 ic_m4 random_sub_r2 table completed_valid t=0.0s
[     57s] main 32b c195 ic_m4 known_null_sub table completed_valid t=0.0s
[     57s] main 32b c195 ic_m4 random_dick_r0 table completed_valid t=0.0s
[     57s] main 32b c195 ic_m4 random_dick_r1 table completed_valid t=0.0s
[     57s] main 32b c195 ic_m4 random_dick_r2 table completed_valid t=0.0s
[     57s] main 32b c195 ic_m4 known_null_dick table completed_valid t=0.0s
[     58s] main 32b c196 ic_m4 subgroup table completed_valid t=0.0s
[     58s] main 32b c196 ic_m4 dickson table completed_valid t=0.0s
[     58s] main 32b c196 ic_m4 small_x table completed_valid t=0.0s
[     58s] main 32b c196 ic_m4 random_sub_r0 table completed_valid t=0.1s
[     58s] main 32b c196 ic_m4 random_sub_r1 table completed_valid t=0.0s
[     58s] main 32b c196 ic_m4 random_sub_r2 table completed_valid t=0.0s
[     58s] main 32b c196 ic_m4 known_null_sub table completed_valid t=0.1s
[     58s] main 32b c196 ic_m4 random_dick_r0 table completed_valid t=0.0s
[     58s] main 32b c196 ic_m4 random_dick_r1 table completed_valid t=0.0s
[     58s] main 32b c196 ic_m4 random_dick_r2 table completed_valid t=0.0s
[     58s] main 32b c196 ic_m4 known_null_dick table completed_valid t=0.0s
[     59s] main 32b c197 ic_m4 subgroup table completed_valid t=0.0s
[     59s] main 32b c197 ic_m4 dickson table completed_valid t=0.0s
[     59s] main 32b c197 ic_m4 small_x table completed_valid t=0.1s
[     59s] main 32b c197 ic_m4 random_sub_r0 table completed_valid t=0.1s
[     59s] main 32b c197 ic_m4 random_sub_r1 table completed_valid t=0.0s
[     59s] main 32b c197 ic_m4 random_sub_r2 table completed_valid t=0.0s
[     59s] main 32b c197 ic_m4 known_null_sub table completed_valid t=0.1s
[     59s] main 32b c197 ic_m4 random_dick_r0 table completed_valid t=0.0s
[     59s] main 32b c197 ic_m4 random_dick_r1 table completed_valid t=0.0s
[     59s] main 32b c197 ic_m4 random_dick_r2 table completed_valid t=0.0s
[     59s] main 32b c197 ic_m4 known_null_dick table completed_valid t=0.0s
[     60s] main 32b c198 ic_m4 subgroup table completed_valid t=0.0s
[     60s] main 32b c198 ic_m4 dickson table completed_valid t=0.0s
[     60s] main 32b c198 ic_m4 small_x table completed_valid t=0.0s
[     60s] main 32b c198 ic_m4 random_sub_r0 table completed_valid t=0.0s
[     60s] main 32b c198 ic_m4 random_sub_r1 table completed_valid t=0.0s
[     60s] main 32b c198 ic_m4 random_sub_r2 table completed_valid t=0.0s
[     60s] main 32b c198 ic_m4 known_null_sub table completed_valid t=0.0s
[     60s] main 32b c198 ic_m4 random_dick_r0 table completed_valid t=0.0s
[     60s] main 32b c198 ic_m4 random_dick_r1 table completed_valid t=0.0s
[     60s] main 32b c198 ic_m4 random_dick_r2 table completed_valid t=0.0s
[     60s] main 32b c198 ic_m4 known_null_dick table completed_valid t=0.0s
[     60s] main 32b c199 ic_m4 subgroup table completed_valid t=0.0s
[     60s] main 32b c199 ic_m4 dickson table completed_valid t=0.0s
[     60s] main 32b c199 ic_m4 small_x table completed_valid t=0.0s
[     60s] main 32b c199 ic_m4 random_sub_r0 table completed_valid t=0.0s
[     60s] main 32b c199 ic_m4 random_sub_r1 table completed_valid t=0.0s
[     60s] main 32b c199 ic_m4 random_sub_r2 table completed_valid t=0.0s
[     60s] main 32b c199 ic_m4 known_null_sub table completed_valid t=0.0s
[     60s] main 32b c199 ic_m4 random_dick_r0 table completed_valid t=0.0s
[     60s] main 32b c199 ic_m4 random_dick_r1 table completed_valid t=0.0s
[     60s] main 32b c199 ic_m4 random_dick_r2 table completed_valid t=0.0s
[     60s] main 32b c199 ic_m4 known_null_dick table completed_valid t=0.0s
[     61s] main 32b c200 ic_m4 subgroup table completed_valid t=0.0s
[     61s] main 32b c200 ic_m4 dickson table completed_valid t=0.1s
[     61s] main 32b c200 ic_m4 small_x table completed_valid t=0.0s
[     61s] main 32b c200 ic_m4 random_sub_r0 table completed_valid t=0.0s
[     61s] main 32b c200 ic_m4 random_sub_r1 table completed_valid t=0.0s
[     61s] main 32b c200 ic_m4 random_sub_r2 table completed_valid t=0.0s
[     61s] main 32b c200 ic_m4 known_null_sub table completed_valid t=0.0s
[     61s] main 32b c200 ic_m4 random_dick_r0 table completed_valid t=0.0s
[     61s] main 32b c200 ic_m4 random_dick_r1 table completed_valid t=0.0s
[     61s] main 32b c200 ic_m4 random_dick_r2 table completed_valid t=0.0s
[     61s] main 32b c200 ic_m4 known_null_dick table completed_valid t=0.1s
[     61s] main 32b c201 ic_m4 subgroup table completed_valid t=0.0s
[     61s] main 32b c201 ic_m4 dickson table completed_valid t=0.0s
[     61s] main 32b c201 ic_m4 small_x table completed_valid t=0.0s
[     61s] main 32b c201 ic_m4 random_sub_r0 table completed_valid t=0.0s
[     61s] main 32b c201 ic_m4 random_sub_r1 table completed_valid t=0.0s
[     61s] main 32b c201 ic_m4 random_sub_r2 table completed_valid t=0.0s
[     61s] main 32b c201 ic_m4 known_null_sub table completed_valid t=0.0s
[     61s] main 32b c201 ic_m4 random_dick_r0 table completed_valid t=0.0s
[     61s] main 32b c201 ic_m4 random_dick_r1 table completed_valid t=0.0s
[     61s] main 32b c201 ic_m4 random_dick_r2 table completed_valid t=0.1s
[     61s] main 32b c201 ic_m4 known_null_dick table completed_valid t=0.0s
[     62s] main 32b c202 ic_m4 subgroup table completed_valid t=0.1s
[     62s] main 32b c202 ic_m4 dickson table completed_valid t=0.0s
[     62s] main 32b c202 ic_m4 small_x table completed_valid t=0.0s
[     62s] main 32b c202 ic_m4 random_sub_r0 table completed_valid t=0.0s
[     62s] main 32b c202 ic_m4 random_sub_r1 table completed_valid t=0.1s
[     62s] main 32b c202 ic_m4 random_sub_r2 table completed_valid t=0.0s
[     62s] main 32b c202 ic_m4 known_null_sub table completed_valid t=0.1s
[     62s] main 32b c202 ic_m4 random_dick_r0 table completed_valid t=0.0s
[     62s] main 32b c202 ic_m4 random_dick_r1 table completed_valid t=0.0s
[     62s] main 32b c202 ic_m4 random_dick_r2 table completed_valid t=0.0s
[     62s] main 32b c202 ic_m4 known_null_dick table completed_valid t=0.0s
[     63s] main 32b c203 ic_m4 subgroup table completed_valid t=0.0s
[     63s] main 32b c203 ic_m4 dickson table completed_valid t=0.0s
[     63s] main 32b c203 ic_m4 small_x table completed_valid t=0.0s
[     63s] main 32b c203 ic_m4 random_sub_r0 table completed_valid t=0.0s
[     63s] main 32b c203 ic_m4 random_sub_r1 table completed_valid t=0.0s
[     63s] main 32b c203 ic_m4 random_sub_r2 table completed_valid t=0.0s
[     63s] main 32b c203 ic_m4 known_null_sub table completed_valid t=0.0s
[     63s] main 32b c203 ic_m4 random_dick_r0 table completed_valid t=0.0s
[     63s] main 32b c203 ic_m4 random_dick_r1 table completed_valid t=0.0s
[     63s] main 32b c203 ic_m4 random_dick_r2 table completed_valid t=0.0s
[     63s] main 32b c203 ic_m4 known_null_dick table completed_valid t=0.0s
[     63s] main 32b c204 ic_m4 subgroup table completed_valid t=0.0s
[     63s] main 32b c204 ic_m4 dickson table completed_valid t=0.0s
[     63s] main 32b c204 ic_m4 small_x table completed_valid t=0.0s
[     63s] main 32b c204 ic_m4 random_sub_r0 table completed_valid t=0.0s
[     63s] main 32b c204 ic_m4 random_sub_r1 table completed_valid t=0.1s
[     63s] main 32b c204 ic_m4 random_sub_r2 table completed_valid t=0.0s
[     63s] main 32b c204 ic_m4 known_null_sub table completed_valid t=0.0s
[     63s] main 32b c204 ic_m4 random_dick_r0 table completed_valid t=0.0s
[     63s] main 32b c204 ic_m4 random_dick_r1 table completed_valid t=0.0s
[     63s] main 32b c204 ic_m4 random_dick_r2 table completed_valid t=0.1s
[     63s] main 32b c204 ic_m4 known_null_dick table completed_valid t=0.0s
[     64s] main 32b c205 ic_m4 subgroup table completed_valid t=0.0s
[     64s] main 32b c205 ic_m4 dickson table completed_valid t=0.0s
[     64s] main 32b c205 ic_m4 small_x table completed_valid t=0.1s
[     64s] main 32b c205 ic_m4 random_sub_r0 table completed_valid t=0.0s
[     64s] main 32b c205 ic_m4 random_sub_r1 table completed_valid t=0.0s
[     64s] main 32b c205 ic_m4 random_sub_r2 table completed_valid t=0.0s
[     64s] main 32b c205 ic_m4 known_null_sub table completed_valid t=0.0s
[     64s] main 32b c205 ic_m4 random_dick_r0 table completed_valid t=0.0s
[     64s] main 32b c205 ic_m4 random_dick_r1 table completed_valid t=0.0s
[     64s] main 32b c205 ic_m4 random_dick_r2 table completed_valid t=0.0s
[     64s] main 32b c205 ic_m4 known_null_dick table completed_valid t=0.0s
[     65s] main 32b c206 ic_m4 subgroup table completed_valid t=0.0s
[     65s] main 32b c206 ic_m4 dickson table completed_valid t=0.0s
[     65s] main 32b c206 ic_m4 small_x table completed_valid t=0.0s
[     65s] main 32b c206 ic_m4 random_sub_r0 table completed_valid t=0.2s
[     65s] main 32b c206 ic_m4 random_sub_r1 table completed_valid t=0.0s
[     65s] main 32b c206 ic_m4 random_sub_r2 table completed_valid t=0.0s
[     65s] main 32b c206 ic_m4 known_null_sub table completed_valid t=0.0s
[     65s] main 32b c206 ic_m4 random_dick_r0 table completed_valid t=0.0s
[     65s] main 32b c206 ic_m4 random_dick_r1 table completed_valid t=0.0s
[     65s] main 32b c206 ic_m4 random_dick_r2 table completed_valid t=0.1s
[     65s] main 32b c206 ic_m4 known_null_dick table completed_valid t=0.0s
[     66s] main 32b c207 ic_m4 subgroup table completed_valid t=0.0s
[     66s] main 32b c207 ic_m4 dickson table completed_valid t=0.0s
[     66s] main 32b c207 ic_m4 small_x table completed_valid t=0.0s
[     66s] main 32b c207 ic_m4 random_sub_r0 table completed_valid t=0.1s
[     66s] main 32b c207 ic_m4 random_sub_r1 table completed_valid t=0.0s
[     66s] main 32b c207 ic_m4 random_sub_r2 table completed_valid t=0.0s
[     66s] main 32b c207 ic_m4 known_null_sub table completed_valid t=0.0s
[     66s] main 32b c207 ic_m4 random_dick_r0 table completed_valid t=0.0s
[     66s] main 32b c207 ic_m4 random_dick_r1 table completed_valid t=0.0s
[     66s] main 32b c207 ic_m4 random_dick_r2 table completed_valid t=0.0s
[     66s] main 32b c207 ic_m4 known_null_dick table completed_valid t=0.0s
[     66s] main 32b c208 ic_m4 subgroup table completed_valid t=0.0s
[     66s] main 32b c208 ic_m4 dickson table completed_valid t=0.0s
[     66s] main 32b c208 ic_m4 small_x table completed_valid t=0.0s
[     66s] main 32b c208 ic_m4 random_sub_r0 table completed_valid t=0.0s
[     66s] main 32b c208 ic_m4 random_sub_r1 table completed_valid t=0.0s
[     66s] main 32b c208 ic_m4 random_sub_r2 table completed_valid t=0.0s
[     66s] main 32b c208 ic_m4 known_null_sub table completed_valid t=0.0s
[     66s] main 32b c208 ic_m4 random_dick_r0 table completed_valid t=0.0s
[     66s] main 32b c208 ic_m4 random_dick_r1 table completed_valid t=0.0s
[     66s] main 32b c208 ic_m4 random_dick_r2 table completed_valid t=0.0s
[     66s] main 32b c208 ic_m4 known_null_dick table completed_valid t=0.0s
[     67s] main 32b c209 ic_m4 subgroup table completed_valid t=0.0s
[     67s] main 32b c209 ic_m4 dickson table completed_valid t=0.0s
[     67s] main 32b c209 ic_m4 small_x table completed_valid t=0.1s
[     67s] main 32b c209 ic_m4 random_sub_r0 table completed_valid t=0.1s
[     67s] main 32b c209 ic_m4 random_sub_r1 table completed_valid t=0.0s
[     67s] main 32b c209 ic_m4 random_sub_r2 table completed_valid t=0.1s
[     67s] main 32b c209 ic_m4 known_null_sub table completed_valid t=0.0s
[     67s] main 32b c209 ic_m4 random_dick_r0 table completed_valid t=0.1s
[     67s] main 32b c209 ic_m4 random_dick_r1 table completed_valid t=0.0s
[     67s] main 32b c209 ic_m4 random_dick_r2 table completed_valid t=0.0s
[     67s] main 32b c209 ic_m4 known_null_dick table completed_valid t=0.0s
