
Legend for f4 information
--------------------------------------------------------
deg       current degree of pairs selected in this round
sel       number of pairs selected in this round
pairs     total number of pairs in pair list
mat       matrix dimensions (# rows x # columns)
density   density of the matrix
new data  # new elements for basis in this round
          # zero reductions during linear algebra
time(rd)  time of the current f4 round in seconds given
          for real and cpu time
--------------------------------------------------------

deg     sel   pairs        mat          density            new data         time(rd) in sec (real|cpu)
------------------------------------------------------------------------------------------------------
  2      11      63      15 x 64         51.46%       11 new       0 zero         0.00 | 0.00         
  2       2     157      25 x 74         22.70%        1 new       1 zero         0.00 | 0.00         
  3     132     159     472 x 910         2.47%      118 new      14 zero         0.01 | 0.01         
  3     198     530     575 x 728         4.46%      189 new       9 zero         0.02 | 0.02         
  3    1469    1759    2614 x 1142        1.30%       15 new    1477 zero         0.01 | 0.01         
  2     143     298     312 x 174         4.32%        0 new     143 zero         0.00 | 0.00         
  3      45     155     346 x 378         2.31%       13 new      33 zero         0.00 | 0.00         
  4     207     207    3600 x 3537        0.30%       84 new     123 zero         0.01 | 0.01         
------------------------------------------------------------------------------------------------------
reduce final basis        1 x 1         100.00%        1 new       0 zero         0.00 | 0.00         
------------------------------------------------------------------------------------------------------

---------------- TIMINGS ---------------
overall(elapsed)        0.04 sec
overall(cpu)            0.04 sec
select                  0.00 sec   8.1%
symbolic prep.          0.00 sec   4.2%
update                  0.03 sec  68.7%
convert                 0.00 sec   2.3%
linear algebra          0.01 sec  15.3%
reduce gb               0.00 sec   0.0%
rht                     0.00 sec   0.0%
-----------------------------------------

---------- COMPUTATIONAL DATA -----------
size of basis                     1
#terms in basis                   1
#pairs reduced                 2207
#GM criterion                115011
#redundant elements             484
#rows reduced                  4463
#zero reductions               1800
max. matrix data               3600 x 3537 (0.302%)
max. symbolic hash table size  2^12
max. basis hash table size     2^16
-----------------------------------------

Grobner basis has a single element
No solution
