
Legend for f4 information
--------------------------------------------------------
deg       current degree of pairs selected in this round
sel       number of pairs selected in this round
pairs     total number of pairs in pair list
mat       matrix dimensions (# rows x # columns)
density   density of the matrix
new data  # new elements for basis in this round
          # zero reductions during linear algebra
time(rd)  time of the current f4 round in seconds given
          for real and cpu time
--------------------------------------------------------

deg     sel   pairs        mat          density            new data         time(rd) in sec (real|cpu)
------------------------------------------------------------------------------------------------------
  2      11      58      15 x 64         45.83%       11 new       0 zero         0.00 | 0.00         
  2       2     150      26 x 75         21.49%        1 new       1 zero         0.00 | 0.00         
  3     145     163     470 x 908         2.26%      131 new      14 zero         0.01 | 0.01         
  3     198     557     578 x 731         4.56%      189 new       9 zero         0.02 | 0.02         
  3    1469    1759    2617 x 1144        1.34%       11 new    1482 zero         0.01 | 0.01         
  2     117     301     282 x 174         5.29%        0 new     117 zero         0.00 | 0.00         
  3      44     184     342 x 436         2.67%       10 new      35 zero         0.00 | 0.00         
  4     255     255    3619 x 3664        0.42%      120 new     135 zero         0.03 | 0.03         
------------------------------------------------------------------------------------------------------
reduce final basis        1 x 1         100.00%        1 new       0 zero         0.00 | 0.00         
------------------------------------------------------------------------------------------------------

---------------- TIMINGS ---------------
overall(elapsed)        0.07 sec
overall(cpu)            0.07 sec
select                  0.00 sec   7.3%
symbolic prep.          0.00 sec   5.4%
update                  0.05 sec  68.4%
convert                 0.00 sec   2.1%
linear algebra          0.01 sec  15.7%
reduce gb               0.00 sec   0.0%
rht                     0.00 sec   0.0%
-----------------------------------------

---------- COMPUTATIONAL DATA -----------
size of basis                     1
#terms in basis                   1
#pairs reduced                 2241
#GM criterion                136121
#redundant elements             526
#rows reduced                  4533
#zero reductions               1793
max. matrix data               3619 x 3664 (0.417%)
max. symbolic hash table size  2^12
max. basis hash table size     2^16
-----------------------------------------

Grobner basis has a single element
No solution
