[      0s] main 32b c5310 ic_m4 subgroup table completed_valid t=0.0s
[      0s] main 32b c5310 ic_m4 small_x table completed_valid t=0.0s
[      0s] main 32b c5310 ic_m4 random_sub_r0 table completed_valid t=0.0s
[      0s] main 32b c5310 ic_m4 random_sub_r1 table completed_valid t=0.0s
[      0s] main 32b c5310 ic_m4 random_sub_r2 table completed_valid t=0.0s
[      0s] main 32b c5310 ic_m4 known_null_sub table completed_valid t=0.0s
[      0s] main 32b c5310 ic_m4 planted_sub table completed_valid t=0.0s
[      0s] main 32b c5310 ic_m4 small_x_offset table completed_valid t=0.0s
[      1s] main 32b c5311 ic_m4 subgroup table completed_valid t=0.0s
[      1s] main 32b c5311 ic_m4 small_x table completed_valid t=0.0s
[      1s] main 32b c5311 ic_m4 random_sub_r0 table completed_valid t=0.0s
[      1s] main 32b c5311 ic_m4 random_sub_r1 table completed_valid t=0.0s
[      1s] main 32b c5311 ic_m4 random_sub_r2 table completed_valid t=0.0s
[      1s] main 32b c5311 ic_m4 known_null_sub table completed_valid t=0.0s
[      1s] main 32b c5311 ic_m4 planted_sub table completed_valid t=0.0s
[      1s] main 32b c5311 ic_m4 small_x_offset table completed_valid t=0.1s
[      1s] main 32b c5312 ic_m4 subgroup table completed_valid t=0.0s
[      1s] main 32b c5312 ic_m4 small_x table completed_valid t=0.0s
[      1s] main 32b c5312 ic_m4 random_sub_r0 table completed_valid t=0.0s
[      1s] main 32b c5312 ic_m4 random_sub_r1 table completed_valid t=0.0s
[      1s] main 32b c5312 ic_m4 random_sub_r2 table completed_valid t=0.0s
[      1s] main 32b c5312 ic_m4 known_null_sub table completed_valid t=0.1s
[      1s] main 32b c5312 ic_m4 planted_sub table completed_valid t=0.1s
[      1s] main 32b c5312 ic_m4 small_x_offset table completed_valid t=0.0s
[      2s] main 32b c5313 ic_m4 subgroup table completed_valid t=0.0s
[      2s] main 32b c5313 ic_m4 small_x table completed_valid t=0.0s
[      2s] main 32b c5313 ic_m4 random_sub_r0 table completed_valid t=0.0s
[      2s] main 32b c5313 ic_m4 random_sub_r1 table completed_valid t=0.0s
[      2s] main 32b c5313 ic_m4 random_sub_r2 table completed_valid t=0.0s
[      2s] main 32b c5313 ic_m4 known_null_sub table completed_valid t=0.0s
[      2s] main 32b c5313 ic_m4 planted_sub table completed_valid t=0.0s
[      2s] main 32b c5313 ic_m4 small_x_offset table completed_valid t=0.0s
[      2s] main 32b c5314 ic_m4 subgroup table completed_valid t=0.0s
[      2s] main 32b c5314 ic_m4 small_x table completed_valid t=0.0s
[      2s] main 32b c5314 ic_m4 random_sub_r0 table completed_valid t=0.0s
[      2s] main 32b c5314 ic_m4 random_sub_r1 table completed_valid t=0.0s
[      2s] main 32b c5314 ic_m4 random_sub_r2 table completed_valid t=0.0s
[      2s] main 32b c5314 ic_m4 known_null_sub table completed_valid t=0.0s
[      2s] main 32b c5314 ic_m4 planted_sub table completed_valid t=0.0s
[      2s] main 32b c5314 ic_m4 small_x_offset table completed_valid t=0.0s
[      3s] main 32b c5315 ic_m4 subgroup table completed_valid t=0.0s
[      3s] main 32b c5315 ic_m4 small_x table completed_valid t=0.0s
[      3s] main 32b c5315 ic_m4 random_sub_r0 table completed_valid t=0.0s
[      3s] main 32b c5315 ic_m4 random_sub_r1 table completed_valid t=0.0s
[      3s] main 32b c5315 ic_m4 random_sub_r2 table completed_valid t=0.1s
[      3s] main 32b c5315 ic_m4 known_null_sub table completed_valid t=0.0s
[      3s] main 32b c5315 ic_m4 planted_sub table completed_valid t=0.1s
[      3s] main 32b c5315 ic_m4 small_x_offset table completed_valid t=0.0s
[      3s] main 32b c5316 ic_m4 subgroup table completed_valid t=0.0s
[      3s] main 32b c5316 ic_m4 small_x table completed_valid t=0.0s
[      3s] main 32b c5316 ic_m4 random_sub_r0 table completed_valid t=0.0s
[      3s] main 32b c5316 ic_m4 random_sub_r1 table completed_valid t=0.0s
[      3s] main 32b c5316 ic_m4 random_sub_r2 table completed_valid t=0.0s
[      3s] main 32b c5316 ic_m4 known_null_sub table completed_valid t=0.0s
[      3s] main 32b c5316 ic_m4 planted_sub table completed_valid t=0.0s
[      3s] main 32b c5316 ic_m4 small_x_offset table completed_valid t=0.0s
[      4s] main 32b c5317 ic_m4 subgroup table completed_valid t=0.0s
[      4s] main 32b c5317 ic_m4 small_x table completed_valid t=0.0s
[      4s] main 32b c5317 ic_m4 random_sub_r0 table completed_valid t=0.0s
[      4s] main 32b c5317 ic_m4 random_sub_r1 table completed_valid t=0.0s
[      4s] main 32b c5317 ic_m4 random_sub_r2 table completed_valid t=0.0s
[      4s] main 32b c5317 ic_m4 known_null_sub table completed_valid t=0.0s
[      4s] main 32b c5317 ic_m4 planted_sub table completed_valid t=0.0s
[      4s] main 32b c5317 ic_m4 small_x_offset table completed_valid t=0.0s
[      4s] main 32b c5318 ic_m4 subgroup table completed_valid t=0.0s
[      4s] main 32b c5318 ic_m4 small_x table completed_valid t=0.0s
[      4s] main 32b c5318 ic_m4 random_sub_r0 table completed_valid t=0.0s
[      4s] main 32b c5318 ic_m4 random_sub_r1 table completed_valid t=0.0s
[      4s] main 32b c5318 ic_m4 random_sub_r2 table completed_valid t=0.0s
[      4s] main 32b c5318 ic_m4 known_null_sub table completed_valid t=0.0s
[      4s] main 32b c5318 ic_m4 planted_sub table completed_valid t=0.0s
[      4s] main 32b c5318 ic_m4 small_x_offset table completed_valid t=0.0s
[      4s] main 32b c5319 ic_m4 subgroup table completed_valid t=0.0s
[      4s] main 32b c5319 ic_m4 small_x table completed_valid t=0.0s
[      4s] main 32b c5319 ic_m4 random_sub_r0 table completed_valid t=0.0s
[      4s] main 32b c5319 ic_m4 random_sub_r1 table completed_valid t=0.0s
[      4s] main 32b c5319 ic_m4 random_sub_r2 table completed_valid t=0.0s
[      4s] main 32b c5319 ic_m4 known_null_sub table completed_valid t=0.0s
[      4s] main 32b c5319 ic_m4 planted_sub table completed_valid t=0.0s
[      4s] main 32b c5319 ic_m4 small_x_offset table completed_valid t=0.0s
[      5s] main 32b c5320 ic_m4 subgroup table completed_valid t=0.0s
[      5s] main 32b c5320 ic_m4 small_x table completed_valid t=0.0s
[      5s] main 32b c5320 ic_m4 random_sub_r0 table completed_valid t=0.0s
[      5s] main 32b c5320 ic_m4 random_sub_r1 table completed_valid t=0.0s
[      5s] main 32b c5320 ic_m4 random_sub_r2 table completed_valid t=0.0s
[      5s] main 32b c5320 ic_m4 known_null_sub table completed_valid t=0.0s
[      5s] main 32b c5320 ic_m4 planted_sub table completed_valid t=0.0s
[      5s] main 32b c5320 ic_m4 small_x_offset table completed_valid t=0.0s
[      5s] main 32b c5321 ic_m4 subgroup table completed_valid t=0.0s
[      5s] main 32b c5321 ic_m4 small_x table completed_valid t=0.0s
[      5s] main 32b c5321 ic_m4 random_sub_r0 table completed_valid t=0.0s
[      5s] main 32b c5321 ic_m4 random_sub_r1 table completed_valid t=0.0s
[      5s] main 32b c5321 ic_m4 random_sub_r2 table completed_valid t=0.0s
[      5s] main 32b c5321 ic_m4 known_null_sub table completed_valid t=0.0s
[      5s] main 32b c5321 ic_m4 planted_sub table completed_valid t=0.1s
[      5s] main 32b c5321 ic_m4 small_x_offset table completed_valid t=0.0s
[      6s] main 32b c5322 ic_m4 subgroup table completed_valid t=0.0s
[      6s] main 32b c5322 ic_m4 small_x table completed_valid t=0.0s
[      6s] main 32b c5322 ic_m4 random_sub_r0 table completed_valid t=0.0s
[      6s] main 32b c5322 ic_m4 random_sub_r1 table completed_valid t=0.0s
[      6s] main 32b c5322 ic_m4 random_sub_r2 table completed_valid t=0.0s
[      6s] main 32b c5322 ic_m4 known_null_sub table completed_valid t=0.0s
[      6s] main 32b c5322 ic_m4 planted_sub table completed_valid t=0.0s
[      6s] main 32b c5322 ic_m4 small_x_offset table completed_valid t=0.0s
[      6s] main 32b c5323 ic_m4 subgroup table completed_valid t=0.0s
[      6s] main 32b c5323 ic_m4 small_x table completed_valid t=0.0s
[      6s] main 32b c5323 ic_m4 random_sub_r0 table completed_valid t=0.0s
[      6s] main 32b c5323 ic_m4 random_sub_r1 table completed_valid t=0.0s
[      6s] main 32b c5323 ic_m4 random_sub_r2 table completed_valid t=0.0s
[      6s] main 32b c5323 ic_m4 known_null_sub table completed_valid t=0.0s
[      6s] main 32b c5323 ic_m4 planted_sub table completed_valid t=0.0s
[      6s] main 32b c5323 ic_m4 small_x_offset table completed_valid t=0.0s
[      6s] main 32b c5324 ic_m4 subgroup table completed_valid t=0.0s
[      6s] main 32b c5324 ic_m4 small_x table completed_valid t=0.0s
[      6s] main 32b c5324 ic_m4 random_sub_r0 table completed_valid t=0.0s
[      6s] main 32b c5324 ic_m4 random_sub_r1 table completed_valid t=0.0s
[      6s] main 32b c5324 ic_m4 random_sub_r2 table completed_valid t=0.0s
[      6s] main 32b c5324 ic_m4 known_null_sub table completed_valid t=0.0s
[      6s] main 32b c5324 ic_m4 planted_sub table completed_valid t=0.0s
[      6s] main 32b c5324 ic_m4 small_x_offset table completed_valid t=0.0s
[      7s] main 32b c5325 ic_m4 subgroup table completed_valid t=0.0s
[      7s] main 32b c5325 ic_m4 small_x table completed_valid t=0.0s
[      7s] main 32b c5325 ic_m4 random_sub_r0 table completed_valid t=0.0s
[      7s] main 32b c5325 ic_m4 random_sub_r1 table completed_valid t=0.0s
[      7s] main 32b c5325 ic_m4 random_sub_r2 table completed_valid t=0.0s
[      7s] main 32b c5325 ic_m4 known_null_sub table completed_valid t=0.0s
[      7s] main 32b c5325 ic_m4 planted_sub table completed_valid t=0.0s
[      7s] main 32b c5325 ic_m4 small_x_offset table completed_valid t=0.0s
[      7s] main 32b c5326 ic_m4 subgroup table completed_valid t=0.0s
[      7s] main 32b c5326 ic_m4 small_x table completed_valid t=0.0s
[      7s] main 32b c5326 ic_m4 random_sub_r0 table completed_valid t=0.0s
[      7s] main 32b c5326 ic_m4 random_sub_r1 table completed_valid t=0.0s
[      7s] main 32b c5326 ic_m4 random_sub_r2 table completed_valid t=0.0s
[      7s] main 32b c5326 ic_m4 known_null_sub table completed_valid t=0.0s
[      7s] main 32b c5326 ic_m4 planted_sub table completed_valid t=0.0s
[      7s] main 32b c5326 ic_m4 small_x_offset table completed_valid t=0.0s
[      8s] main 32b c5327 ic_m4 subgroup table completed_valid t=0.0s
[      8s] main 32b c5327 ic_m4 small_x table completed_valid t=0.0s
[      8s] main 32b c5327 ic_m4 random_sub_r0 table completed_valid t=0.0s
[      8s] main 32b c5327 ic_m4 random_sub_r1 table completed_valid t=0.0s
[      8s] main 32b c5327 ic_m4 random_sub_r2 table completed_valid t=0.0s
[      8s] main 32b c5327 ic_m4 known_null_sub table completed_valid t=0.0s
[      8s] main 32b c5327 ic_m4 planted_sub table completed_valid t=0.0s
[      8s] main 32b c5327 ic_m4 small_x_offset table completed_valid t=0.0s
[      8s] main 32b c5328 ic_m4 subgroup table completed_valid t=0.0s
[      8s] main 32b c5328 ic_m4 small_x table completed_valid t=0.0s
[      8s] main 32b c5328 ic_m4 random_sub_r0 table completed_valid t=0.0s
[      8s] main 32b c5328 ic_m4 random_sub_r1 table completed_valid t=0.0s
[      8s] main 32b c5328 ic_m4 random_sub_r2 table completed_valid t=0.0s
[      8s] main 32b c5328 ic_m4 known_null_sub table completed_valid t=0.0s
[      8s] main 32b c5328 ic_m4 planted_sub table completed_valid t=0.0s
[      8s] main 32b c5328 ic_m4 small_x_offset table completed_valid t=0.0s
[      8s] main 32b c5329 ic_m4 subgroup table completed_valid t=0.0s
[      8s] main 32b c5329 ic_m4 small_x table completed_valid t=0.0s
[      8s] main 32b c5329 ic_m4 random_sub_r0 table completed_valid t=0.0s
[      8s] main 32b c5329 ic_m4 random_sub_r1 table completed_valid t=0.0s
[      8s] main 32b c5329 ic_m4 random_sub_r2 table completed_valid t=0.0s
[      8s] main 32b c5329 ic_m4 known_null_sub table completed_valid t=0.0s
[      8s] main 32b c5329 ic_m4 planted_sub table completed_valid t=0.0s
[      8s] main 32b c5329 ic_m4 small_x_offset table completed_valid t=0.0s
[      9s] main 32b c5330 ic_m4 subgroup table completed_valid t=0.0s
[      9s] main 32b c5330 ic_m4 small_x table completed_valid t=0.0s
[      9s] main 32b c5330 ic_m4 random_sub_r0 table completed_valid t=0.0s
[      9s] main 32b c5330 ic_m4 random_sub_r1 table completed_valid t=0.0s
[      9s] main 32b c5330 ic_m4 random_sub_r2 table completed_valid t=0.0s
[      9s] main 32b c5330 ic_m4 known_null_sub table completed_valid t=0.0s
[      9s] main 32b c5330 ic_m4 planted_sub table completed_valid t=0.0s
[      9s] main 32b c5330 ic_m4 small_x_offset table completed_valid t=0.0s
[      9s] main 32b c5331 ic_m4 subgroup table completed_valid t=0.0s
[      9s] main 32b c5331 ic_m4 small_x table completed_valid t=0.0s
[      9s] main 32b c5331 ic_m4 random_sub_r0 table completed_valid t=0.0s
[      9s] main 32b c5331 ic_m4 random_sub_r1 table completed_valid t=0.0s
[      9s] main 32b c5331 ic_m4 random_sub_r2 table completed_valid t=0.0s
[      9s] main 32b c5331 ic_m4 known_null_sub table completed_valid t=0.0s
[      9s] main 32b c5331 ic_m4 planted_sub table completed_valid t=0.0s
[      9s] main 32b c5331 ic_m4 small_x_offset table completed_valid t=0.0s
[     10s] main 32b c5332 ic_m4 subgroup table completed_valid t=0.0s
[     10s] main 32b c5332 ic_m4 small_x table completed_valid t=0.0s
[     10s] main 32b c5332 ic_m4 random_sub_r0 table completed_valid t=0.0s
[     10s] main 32b c5332 ic_m4 random_sub_r1 table completed_valid t=0.0s
[     10s] main 32b c5332 ic_m4 random_sub_r2 table completed_valid t=0.0s
[     10s] main 32b c5332 ic_m4 known_null_sub table completed_valid t=0.0s
[     10s] main 32b c5332 ic_m4 planted_sub table completed_valid t=0.0s
[     10s] main 32b c5332 ic_m4 small_x_offset table completed_valid t=0.0s
[     10s] main 32b c5333 ic_m4 subgroup table completed_valid t=0.0s
[     10s] main 32b c5333 ic_m4 small_x table completed_valid t=0.0s
[     10s] main 32b c5333 ic_m4 random_sub_r0 table completed_valid t=0.0s
[     10s] main 32b c5333 ic_m4 random_sub_r1 table completed_valid t=0.0s
[     10s] main 32b c5333 ic_m4 random_sub_r2 table completed_valid t=0.0s
[     10s] main 32b c5333 ic_m4 known_null_sub table completed_valid t=0.0s
[     10s] main 32b c5333 ic_m4 planted_sub table completed_valid t=0.0s
[     10s] main 32b c5333 ic_m4 small_x_offset table completed_valid t=0.0s
[     10s] main 32b c5334 ic_m4 subgroup table completed_valid t=0.0s
[     10s] main 32b c5334 ic_m4 small_x table completed_valid t=0.0s
[     10s] main 32b c5334 ic_m4 random_sub_r0 table completed_valid t=0.0s
[     10s] main 32b c5334 ic_m4 random_sub_r1 table completed_valid t=0.0s
[     10s] main 32b c5334 ic_m4 random_sub_r2 table completed_valid t=0.0s
[     10s] main 32b c5334 ic_m4 known_null_sub table completed_valid t=0.0s
[     10s] main 32b c5334 ic_m4 planted_sub table completed_valid t=0.0s
[     10s] main 32b c5334 ic_m4 small_x_offset table completed_valid t=0.0s
[     11s] main 32b c5335 ic_m4 subgroup table completed_valid t=0.1s
[     11s] main 32b c5335 ic_m4 small_x table completed_valid t=0.0s
[     11s] main 32b c5335 ic_m4 random_sub_r0 table completed_valid t=0.0s
[     11s] main 32b c5335 ic_m4 random_sub_r1 table completed_valid t=0.0s
[     11s] main 32b c5335 ic_m4 random_sub_r2 table completed_valid t=0.0s
[     11s] main 32b c5335 ic_m4 known_null_sub table completed_valid t=0.1s
[     11s] main 32b c5335 ic_m4 planted_sub table completed_valid t=0.0s
[     11s] main 32b c5335 ic_m4 small_x_offset table completed_valid t=0.0s
[     11s] main 32b c5336 ic_m4 subgroup table completed_valid t=0.0s
[     11s] main 32b c5336 ic_m4 small_x table completed_valid t=0.0s
[     11s] main 32b c5336 ic_m4 random_sub_r0 table completed_valid t=0.0s
[     11s] main 32b c5336 ic_m4 random_sub_r1 table completed_valid t=0.0s
[     11s] main 32b c5336 ic_m4 random_sub_r2 table completed_valid t=0.0s
[     11s] main 32b c5336 ic_m4 known_null_sub table completed_valid t=0.0s
[     11s] main 32b c5336 ic_m4 planted_sub table completed_valid t=0.0s
[     11s] main 32b c5336 ic_m4 small_x_offset table completed_valid t=0.0s
[     11s] main 32b c5337 ic_m4 subgroup table completed_valid t=0.0s
[     11s] main 32b c5337 ic_m4 small_x table completed_valid t=0.0s
[     11s] main 32b c5337 ic_m4 random_sub_r0 table completed_valid t=0.0s
[     11s] main 32b c5337 ic_m4 random_sub_r1 table completed_valid t=0.0s
[     11s] main 32b c5337 ic_m4 random_sub_r2 table completed_valid t=0.0s
[     11s] main 32b c5337 ic_m4 known_null_sub table completed_valid t=0.0s
[     11s] main 32b c5337 ic_m4 planted_sub table completed_valid t=0.0s
[     11s] main 32b c5337 ic_m4 small_x_offset table completed_valid t=0.0s
[     12s] main 32b c5338 ic_m4 subgroup table completed_valid t=0.0s
[     12s] main 32b c5338 ic_m4 small_x table completed_valid t=0.0s
[     12s] main 32b c5338 ic_m4 random_sub_r0 table completed_valid t=0.0s
[     12s] main 32b c5338 ic_m4 random_sub_r1 table completed_valid t=0.0s
[     12s] main 32b c5338 ic_m4 random_sub_r2 table completed_valid t=0.0s
[     12s] main 32b c5338 ic_m4 known_null_sub table completed_valid t=0.0s
[     12s] main 32b c5338 ic_m4 planted_sub table completed_valid t=0.0s
[     12s] main 32b c5338 ic_m4 small_x_offset table completed_valid t=0.0s
[     12s] main 32b c5339 ic_m4 subgroup table completed_valid t=0.0s
[     12s] main 32b c5339 ic_m4 small_x table completed_valid t=0.0s
[     12s] main 32b c5339 ic_m4 random_sub_r0 table completed_valid t=0.0s
[     12s] main 32b c5339 ic_m4 random_sub_r1 table completed_valid t=0.0s
[     12s] main 32b c5339 ic_m4 random_sub_r2 table completed_valid t=0.0s
[     12s] main 32b c5339 ic_m4 known_null_sub table completed_valid t=0.0s
[     12s] main 32b c5339 ic_m4 planted_sub table completed_valid t=0.0s
[     12s] main 32b c5339 ic_m4 small_x_offset table completed_valid t=0.0s
[     12s] main 32b c5340 ic_m4 subgroup table completed_valid t=0.0s
[     12s] main 32b c5340 ic_m4 small_x table completed_valid t=0.0s
[     12s] main 32b c5340 ic_m4 random_sub_r0 table completed_valid t=0.0s
[     12s] main 32b c5340 ic_m4 random_sub_r1 table completed_valid t=0.0s
[     12s] main 32b c5340 ic_m4 random_sub_r2 table completed_valid t=0.0s
[     12s] main 32b c5340 ic_m4 known_null_sub table completed_valid t=0.0s
[     12s] main 32b c5340 ic_m4 planted_sub table completed_valid t=0.0s
[     12s] main 32b c5340 ic_m4 small_x_offset table completed_valid t=0.0s
[     13s] main 32b c5341 ic_m4 subgroup table completed_valid t=0.0s
[     13s] main 32b c5341 ic_m4 small_x table completed_valid t=0.0s
[     13s] main 32b c5341 ic_m4 random_sub_r0 table completed_valid t=0.0s
[     13s] main 32b c5341 ic_m4 random_sub_r1 table completed_valid t=0.1s
[     13s] main 32b c5341 ic_m4 random_sub_r2 table completed_valid t=0.0s
[     13s] main 32b c5341 ic_m4 known_null_sub table completed_valid t=0.0s
[     13s] main 32b c5341 ic_m4 planted_sub table completed_valid t=0.0s
[     13s] main 32b c5341 ic_m4 small_x_offset table completed_valid t=0.0s
[     13s] main 32b c5342 ic_m4 subgroup table completed_valid t=0.0s
[     13s] main 32b c5342 ic_m4 small_x table completed_valid t=0.0s
[     13s] main 32b c5342 ic_m4 random_sub_r0 table completed_valid t=0.0s
[     13s] main 32b c5342 ic_m4 random_sub_r1 table completed_valid t=0.0s
[     13s] main 32b c5342 ic_m4 random_sub_r2 table completed_valid t=0.0s
[     13s] main 32b c5342 ic_m4 known_null_sub table completed_valid t=0.0s
[     13s] main 32b c5342 ic_m4 planted_sub table completed_valid t=0.0s
[     13s] main 32b c5342 ic_m4 small_x_offset table completed_valid t=0.0s
[     14s] main 32b c5343 ic_m4 subgroup table completed_valid t=0.0s
[     14s] main 32b c5343 ic_m4 small_x table completed_valid t=0.0s
[     14s] main 32b c5343 ic_m4 random_sub_r0 table completed_valid t=0.0s
[     14s] main 32b c5343 ic_m4 random_sub_r1 table completed_valid t=0.1s
[     14s] main 32b c5343 ic_m4 random_sub_r2 table completed_valid t=0.0s
[     14s] main 32b c5343 ic_m4 known_null_sub table completed_valid t=0.0s
[     14s] main 32b c5343 ic_m4 planted_sub table completed_valid t=0.0s
[     14s] main 32b c5343 ic_m4 small_x_offset table completed_valid t=0.0s
[     14s] main 32b c5344 ic_m4 subgroup table completed_valid t=0.0s
[     14s] main 32b c5344 ic_m4 small_x table completed_valid t=0.0s
[     14s] main 32b c5344 ic_m4 random_sub_r0 table completed_valid t=0.0s
[     14s] main 32b c5344 ic_m4 random_sub_r1 table completed_valid t=0.0s
[     14s] main 32b c5344 ic_m4 random_sub_r2 table completed_valid t=0.0s
[     14s] main 32b c5344 ic_m4 known_null_sub table completed_valid t=0.0s
[     14s] main 32b c5344 ic_m4 planted_sub table completed_valid t=0.0s
[     14s] main 32b c5344 ic_m4 small_x_offset table completed_valid t=0.0s
[     15s] main 32b c5345 ic_m4 subgroup table completed_valid t=0.0s
[     15s] main 32b c5345 ic_m4 small_x table completed_valid t=0.0s
[     15s] main 32b c5345 ic_m4 random_sub_r0 table completed_valid t=0.0s
[     15s] main 32b c5345 ic_m4 random_sub_r1 table completed_valid t=0.0s
[     15s] main 32b c5345 ic_m4 random_sub_r2 table completed_valid t=0.0s
[     15s] main 32b c5345 ic_m4 known_null_sub table completed_valid t=0.0s
[     15s] main 32b c5345 ic_m4 planted_sub table completed_valid t=0.0s
[     15s] main 32b c5345 ic_m4 small_x_offset table completed_valid t=0.0s
[     15s] main 32b c5346 ic_m4 subgroup table completed_valid t=0.0s
[     15s] main 32b c5346 ic_m4 small_x table completed_valid t=0.0s
[     15s] main 32b c5346 ic_m4 random_sub_r0 table completed_valid t=0.0s
[     15s] main 32b c5346 ic_m4 random_sub_r1 table completed_valid t=0.0s
[     15s] main 32b c5346 ic_m4 random_sub_r2 table completed_valid t=0.0s
[     15s] main 32b c5346 ic_m4 known_null_sub table completed_valid t=0.0s
[     15s] main 32b c5346 ic_m4 planted_sub table completed_valid t=0.0s
[     15s] main 32b c5346 ic_m4 small_x_offset table completed_valid t=0.0s
[     15s] main 32b c5347 ic_m4 subgroup table completed_valid t=0.0s
[     15s] main 32b c5347 ic_m4 small_x table completed_valid t=0.0s
[     15s] main 32b c5347 ic_m4 random_sub_r0 table completed_valid t=0.0s
[     15s] main 32b c5347 ic_m4 random_sub_r1 table completed_valid t=0.0s
[     15s] main 32b c5347 ic_m4 random_sub_r2 table completed_valid t=0.0s
[     15s] main 32b c5347 ic_m4 known_null_sub table completed_valid t=0.0s
[     15s] main 32b c5347 ic_m4 planted_sub table completed_valid t=0.0s
[     15s] main 32b c5347 ic_m4 small_x_offset table completed_valid t=0.0s
[     16s] main 32b c5348 ic_m4 subgroup table completed_valid t=0.0s
[     16s] main 32b c5348 ic_m4 small_x table completed_valid t=0.0s
[     16s] main 32b c5348 ic_m4 random_sub_r0 table completed_valid t=0.0s
[     16s] main 32b c5348 ic_m4 random_sub_r1 table completed_valid t=0.0s
[     16s] main 32b c5348 ic_m4 random_sub_r2 table completed_valid t=0.0s
[     16s] main 32b c5348 ic_m4 known_null_sub table completed_valid t=0.0s
[     16s] main 32b c5348 ic_m4 planted_sub table completed_valid t=0.0s
[     16s] main 32b c5348 ic_m4 small_x_offset table completed_valid t=0.0s
[     16s] main 32b c5349 ic_m4 subgroup table completed_valid t=0.0s
[     16s] main 32b c5349 ic_m4 small_x table completed_valid t=0.0s
[     16s] main 32b c5349 ic_m4 random_sub_r0 table completed_valid t=0.0s
[     16s] main 32b c5349 ic_m4 random_sub_r1 table completed_valid t=0.0s
[     16s] main 32b c5349 ic_m4 random_sub_r2 table completed_valid t=0.0s
[     16s] main 32b c5349 ic_m4 known_null_sub table completed_valid t=0.0s
[     16s] main 32b c5349 ic_m4 planted_sub table completed_valid t=0.0s
[     16s] main 32b c5349 ic_m4 small_x_offset table completed_valid t=0.0s
[     16s] main 32b c5350 ic_m4 subgroup table completed_valid t=0.0s
[     16s] main 32b c5350 ic_m4 small_x table completed_valid t=0.0s
[     16s] main 32b c5350 ic_m4 random_sub_r0 table completed_valid t=0.0s
[     16s] main 32b c5350 ic_m4 random_sub_r1 table completed_valid t=0.0s
[     16s] main 32b c5350 ic_m4 random_sub_r2 table completed_valid t=0.0s
[     16s] main 32b c5350 ic_m4 known_null_sub table completed_valid t=0.0s
[     16s] main 32b c5350 ic_m4 planted_sub table completed_valid t=0.0s
[     16s] main 32b c5350 ic_m4 small_x_offset table completed_valid t=0.0s
[     17s] main 32b c5351 ic_m4 subgroup table completed_valid t=0.0s
[     17s] main 32b c5351 ic_m4 small_x table completed_valid t=0.0s
[     17s] main 32b c5351 ic_m4 random_sub_r0 table completed_valid t=0.0s
[     17s] main 32b c5351 ic_m4 random_sub_r1 table completed_valid t=0.0s
[     17s] main 32b c5351 ic_m4 random_sub_r2 table completed_valid t=0.0s
[     17s] main 32b c5351 ic_m4 known_null_sub table completed_valid t=0.0s
[     17s] main 32b c5351 ic_m4 planted_sub table completed_valid t=0.0s
[     17s] main 32b c5351 ic_m4 small_x_offset table completed_valid t=0.0s
[     17s] main 32b c5352 ic_m4 subgroup table completed_valid t=0.0s
[     17s] main 32b c5352 ic_m4 small_x table completed_valid t=0.0s
[     17s] main 32b c5352 ic_m4 random_sub_r0 table completed_valid t=0.0s
[     17s] main 32b c5352 ic_m4 random_sub_r1 table completed_valid t=0.0s
[     17s] main 32b c5352 ic_m4 random_sub_r2 table completed_valid t=0.0s
[     17s] main 32b c5352 ic_m4 known_null_sub table completed_valid t=0.0s
[     17s] main 32b c5352 ic_m4 planted_sub table completed_valid t=0.0s
[     17s] main 32b c5352 ic_m4 small_x_offset table completed_valid t=0.0s
[     17s] main 32b c5353 ic_m4 subgroup table completed_valid t=0.0s
[     17s] main 32b c5353 ic_m4 small_x table completed_valid t=0.0s
[     17s] main 32b c5353 ic_m4 random_sub_r0 table completed_valid t=0.0s
[     17s] main 32b c5353 ic_m4 random_sub_r1 table completed_valid t=0.0s
[     17s] main 32b c5353 ic_m4 random_sub_r2 table completed_valid t=0.0s
[     17s] main 32b c5353 ic_m4 known_null_sub table completed_valid t=0.0s
[     17s] main 32b c5353 ic_m4 planted_sub table completed_valid t=0.0s
[     17s] main 32b c5353 ic_m4 small_x_offset table completed_valid t=0.0s
[     18s] main 32b c5354 ic_m4 subgroup table completed_valid t=0.0s
[     18s] main 32b c5354 ic_m4 small_x table completed_valid t=0.0s
[     18s] main 32b c5354 ic_m4 random_sub_r0 table completed_valid t=0.0s
[     18s] main 32b c5354 ic_m4 random_sub_r1 table completed_valid t=0.0s
[     18s] main 32b c5354 ic_m4 random_sub_r2 table completed_valid t=0.0s
[     18s] main 32b c5354 ic_m4 known_null_sub table completed_valid t=0.0s
[     18s] main 32b c5354 ic_m4 planted_sub table completed_valid t=0.0s
[     18s] main 32b c5354 ic_m4 small_x_offset table completed_valid t=0.0s
[     18s] main 32b c5355 ic_m4 subgroup table completed_valid t=0.0s
[     18s] main 32b c5355 ic_m4 small_x table completed_valid t=0.0s
[     18s] main 32b c5355 ic_m4 random_sub_r0 table completed_valid t=0.0s
[     18s] main 32b c5355 ic_m4 random_sub_r1 table completed_valid t=0.0s
[     18s] main 32b c5355 ic_m4 random_sub_r2 table completed_valid t=0.0s
[     18s] main 32b c5355 ic_m4 known_null_sub table completed_valid t=0.0s
[     18s] main 32b c5355 ic_m4 planted_sub table completed_valid t=0.0s
[     18s] main 32b c5355 ic_m4 small_x_offset table completed_valid t=0.0s
[     18s] main 32b c5356 ic_m4 subgroup table completed_valid t=0.0s
[     18s] main 32b c5356 ic_m4 small_x table completed_valid t=0.0s
[     18s] main 32b c5356 ic_m4 random_sub_r0 table completed_valid t=0.0s
[     18s] main 32b c5356 ic_m4 random_sub_r1 table completed_valid t=0.0s
[     18s] main 32b c5356 ic_m4 random_sub_r2 table completed_valid t=0.0s
[     18s] main 32b c5356 ic_m4 known_null_sub table completed_valid t=0.0s
[     18s] main 32b c5356 ic_m4 planted_sub table completed_valid t=0.0s
[     18s] main 32b c5356 ic_m4 small_x_offset table completed_valid t=0.0s
[     19s] main 32b c5357 ic_m4 subgroup table completed_valid t=0.0s
[     19s] main 32b c5357 ic_m4 small_x table completed_valid t=0.0s
[     19s] main 32b c5357 ic_m4 random_sub_r0 table completed_valid t=0.0s
[     19s] main 32b c5357 ic_m4 random_sub_r1 table completed_valid t=0.0s
[     19s] main 32b c5357 ic_m4 random_sub_r2 table completed_valid t=0.0s
[     19s] main 32b c5357 ic_m4 known_null_sub table completed_valid t=0.0s
[     19s] main 32b c5357 ic_m4 planted_sub table completed_valid t=0.0s
[     19s] main 32b c5357 ic_m4 small_x_offset table completed_valid t=0.0s
[     19s] main 32b c5358 ic_m4 subgroup table completed_valid t=0.0s
[     19s] main 32b c5358 ic_m4 small_x table completed_valid t=0.0s
[     19s] main 32b c5358 ic_m4 random_sub_r0 table completed_valid t=0.0s
[     19s] main 32b c5358 ic_m4 random_sub_r1 table completed_valid t=0.0s
[     19s] main 32b c5358 ic_m4 random_sub_r2 table completed_valid t=0.0s
[     19s] main 32b c5358 ic_m4 known_null_sub table completed_valid t=0.0s
[     19s] main 32b c5358 ic_m4 planted_sub table completed_valid t=0.0s
[     19s] main 32b c5358 ic_m4 small_x_offset table completed_valid t=0.0s
[     19s] main 32b c5359 ic_m4 subgroup table completed_valid t=0.0s
[     19s] main 32b c5359 ic_m4 small_x table completed_valid t=0.0s
[     19s] main 32b c5359 ic_m4 random_sub_r0 table completed_valid t=0.0s
[     19s] main 32b c5359 ic_m4 random_sub_r1 table completed_valid t=0.0s
[     19s] main 32b c5359 ic_m4 random_sub_r2 table completed_valid t=0.0s
[     19s] main 32b c5359 ic_m4 known_null_sub table completed_valid t=0.0s
[     19s] main 32b c5359 ic_m4 planted_sub table completed_valid t=0.0s
[     19s] main 32b c5359 ic_m4 small_x_offset table completed_valid t=0.0s
[     20s] main 32b c5360 ic_m4 subgroup table completed_valid t=0.0s
[     20s] main 32b c5360 ic_m4 small_x table completed_valid t=0.0s
[     20s] main 32b c5360 ic_m4 random_sub_r0 table completed_valid t=0.0s
[     20s] main 32b c5360 ic_m4 random_sub_r1 table completed_valid t=0.0s
[     20s] main 32b c5360 ic_m4 random_sub_r2 table completed_valid t=0.0s
[     20s] main 32b c5360 ic_m4 known_null_sub table completed_valid t=0.0s
[     20s] main 32b c5360 ic_m4 planted_sub table completed_valid t=0.0s
[     20s] main 32b c5360 ic_m4 small_x_offset table completed_valid t=0.0s
[     20s] main 32b c5361 ic_m4 subgroup table completed_valid t=0.0s
[     20s] main 32b c5361 ic_m4 small_x table completed_valid t=0.0s
[     20s] main 32b c5361 ic_m4 random_sub_r0 table completed_valid t=0.0s
[     20s] main 32b c5361 ic_m4 random_sub_r1 table completed_valid t=0.0s
[     20s] main 32b c5361 ic_m4 random_sub_r2 table completed_valid t=0.0s
[     20s] main 32b c5361 ic_m4 known_null_sub table completed_valid t=0.0s
[     20s] main 32b c5361 ic_m4 planted_sub table completed_valid t=0.0s
[     20s] main 32b c5361 ic_m4 small_x_offset table completed_valid t=0.0s
[     21s] main 32b c5362 ic_m4 subgroup table completed_valid t=0.1s
[     21s] main 32b c5362 ic_m4 small_x table completed_valid t=0.0s
[     21s] main 32b c5362 ic_m4 random_sub_r0 table completed_valid t=0.0s
[     21s] main 32b c5362 ic_m4 random_sub_r1 table completed_valid t=0.0s
[     21s] main 32b c5362 ic_m4 random_sub_r2 table completed_valid t=0.0s
[     21s] main 32b c5362 ic_m4 known_null_sub table completed_valid t=0.0s
[     21s] main 32b c5362 ic_m4 planted_sub table completed_valid t=0.0s
[     21s] main 32b c5362 ic_m4 small_x_offset table completed_valid t=0.0s
[     21s] main 32b c5363 ic_m4 subgroup table completed_valid t=0.0s
[     21s] main 32b c5363 ic_m4 small_x table completed_valid t=0.0s
[     21s] main 32b c5363 ic_m4 random_sub_r0 table completed_valid t=0.0s
[     21s] main 32b c5363 ic_m4 random_sub_r1 table completed_valid t=0.0s
[     21s] main 32b c5363 ic_m4 random_sub_r2 table completed_valid t=0.0s
[     21s] main 32b c5363 ic_m4 known_null_sub table completed_valid t=0.0s
[     21s] main 32b c5363 ic_m4 planted_sub table completed_valid t=0.0s
[     21s] main 32b c5363 ic_m4 small_x_offset table completed_valid t=0.0s
[     22s] main 32b c5364 ic_m4 subgroup table completed_valid t=0.0s
[     22s] main 32b c5364 ic_m4 small_x table completed_valid t=0.0s
[     22s] main 32b c5364 ic_m4 random_sub_r0 table completed_valid t=0.0s
[     22s] main 32b c5364 ic_m4 random_sub_r1 table completed_valid t=0.0s
[     22s] main 32b c5364 ic_m4 random_sub_r2 table completed_valid t=0.0s
[     22s] main 32b c5364 ic_m4 known_null_sub table completed_valid t=0.0s
[     22s] main 32b c5364 ic_m4 planted_sub table completed_valid t=0.0s
[     22s] main 32b c5364 ic_m4 small_x_offset table completed_valid t=0.0s
[     22s] main 32b c5365 ic_m4 subgroup table completed_valid t=0.0s
[     22s] main 32b c5365 ic_m4 small_x table completed_valid t=0.0s
[     22s] main 32b c5365 ic_m4 random_sub_r0 table completed_valid t=0.0s
[     22s] main 32b c5365 ic_m4 random_sub_r1 table completed_valid t=0.0s
[     22s] main 32b c5365 ic_m4 random_sub_r2 table completed_valid t=0.0s
[     22s] main 32b c5365 ic_m4 known_null_sub table completed_valid t=0.0s
[     22s] main 32b c5365 ic_m4 planted_sub table completed_valid t=0.0s
[     22s] main 32b c5365 ic_m4 small_x_offset table completed_valid t=0.0s
[     22s] main 32b c5366 ic_m4 subgroup table completed_valid t=0.0s
[     22s] main 32b c5366 ic_m4 small_x table completed_valid t=0.0s
[     22s] main 32b c5366 ic_m4 random_sub_r0 table completed_valid t=0.0s
[     22s] main 32b c5366 ic_m4 random_sub_r1 table completed_valid t=0.0s
[     22s] main 32b c5366 ic_m4 random_sub_r2 table completed_valid t=0.0s
[     22s] main 32b c5366 ic_m4 known_null_sub table completed_valid t=0.0s
[     22s] main 32b c5366 ic_m4 planted_sub table completed_valid t=0.0s
[     22s] main 32b c5366 ic_m4 small_x_offset table completed_valid t=0.0s
[     23s] main 32b c5367 ic_m4 subgroup table completed_valid t=0.0s
[     23s] main 32b c5367 ic_m4 small_x table completed_valid t=0.0s
[     23s] main 32b c5367 ic_m4 random_sub_r0 table completed_valid t=0.0s
[     23s] main 32b c5367 ic_m4 random_sub_r1 table completed_valid t=0.0s
[     23s] main 32b c5367 ic_m4 random_sub_r2 table completed_valid t=0.0s
[     23s] main 32b c5367 ic_m4 known_null_sub table completed_valid t=0.0s
[     23s] main 32b c5367 ic_m4 planted_sub table completed_valid t=0.0s
[     23s] main 32b c5367 ic_m4 small_x_offset table completed_valid t=0.0s
[     23s] main 32b c5368 ic_m4 subgroup table completed_valid t=0.0s
[     23s] main 32b c5368 ic_m4 small_x table completed_valid t=0.0s
[     23s] main 32b c5368 ic_m4 random_sub_r0 table completed_valid t=0.0s
[     23s] main 32b c5368 ic_m4 random_sub_r1 table completed_valid t=0.0s
[     23s] main 32b c5368 ic_m4 random_sub_r2 table completed_valid t=0.0s
[     23s] main 32b c5368 ic_m4 known_null_sub table completed_valid t=0.0s
[     23s] main 32b c5368 ic_m4 planted_sub table completed_valid t=0.0s
[     23s] main 32b c5368 ic_m4 small_x_offset table completed_valid t=0.0s
[     23s] main 32b c5369 ic_m4 subgroup table completed_valid t=0.0s
[     23s] main 32b c5369 ic_m4 small_x table completed_valid t=0.0s
[     23s] main 32b c5369 ic_m4 random_sub_r0 table completed_valid t=0.0s
[     23s] main 32b c5369 ic_m4 random_sub_r1 table completed_valid t=0.0s
[     23s] main 32b c5369 ic_m4 random_sub_r2 table completed_valid t=0.0s
[     23s] main 32b c5369 ic_m4 known_null_sub table completed_valid t=0.0s
[     23s] main 32b c5369 ic_m4 planted_sub table completed_valid t=0.0s
[     23s] main 32b c5369 ic_m4 small_x_offset table completed_valid t=0.0s
[     24s] main 32b c5370 ic_m4 subgroup table completed_valid t=0.0s
[     24s] main 32b c5370 ic_m4 small_x table completed_valid t=0.0s
[     24s] main 32b c5370 ic_m4 random_sub_r0 table completed_valid t=0.0s
[     24s] main 32b c5370 ic_m4 random_sub_r1 table completed_valid t=0.0s
[     24s] main 32b c5370 ic_m4 random_sub_r2 table completed_valid t=0.0s
[     24s] main 32b c5370 ic_m4 known_null_sub table completed_valid t=0.0s
[     24s] main 32b c5370 ic_m4 planted_sub table completed_valid t=0.0s
[     24s] main 32b c5370 ic_m4 small_x_offset table completed_valid t=0.0s
[     24s] main 32b c5371 ic_m4 subgroup table completed_valid t=0.0s
[     24s] main 32b c5371 ic_m4 small_x table completed_valid t=0.0s
[     24s] main 32b c5371 ic_m4 random_sub_r0 table completed_valid t=0.0s
[     24s] main 32b c5371 ic_m4 random_sub_r1 table completed_valid t=0.0s
[     24s] main 32b c5371 ic_m4 random_sub_r2 table completed_valid t=0.0s
[     24s] main 32b c5371 ic_m4 known_null_sub table completed_valid t=0.0s
[     24s] main 32b c5371 ic_m4 planted_sub table completed_valid t=0.0s
[     24s] main 32b c5371 ic_m4 small_x_offset table completed_valid t=0.0s
[     25s] main 32b c5372 ic_m4 subgroup table completed_valid t=0.0s
[     25s] main 32b c5372 ic_m4 small_x table completed_valid t=0.0s
[     25s] main 32b c5372 ic_m4 random_sub_r0 table completed_valid t=0.0s
[     25s] main 32b c5372 ic_m4 random_sub_r1 table completed_valid t=0.0s
[     25s] main 32b c5372 ic_m4 random_sub_r2 table completed_valid t=0.0s
[     25s] main 32b c5372 ic_m4 known_null_sub table completed_valid t=0.0s
[     25s] main 32b c5372 ic_m4 planted_sub table completed_valid t=0.0s
[     25s] main 32b c5372 ic_m4 small_x_offset table completed_valid t=0.0s
[     25s] main 32b c5373 ic_m4 subgroup table completed_valid t=0.0s
[     25s] main 32b c5373 ic_m4 small_x table completed_valid t=0.0s
[     25s] main 32b c5373 ic_m4 random_sub_r0 table completed_valid t=0.0s
[     25s] main 32b c5373 ic_m4 random_sub_r1 table completed_valid t=0.0s
[     25s] main 32b c5373 ic_m4 random_sub_r2 table completed_valid t=0.0s
[     25s] main 32b c5373 ic_m4 known_null_sub table completed_valid t=0.0s
[     25s] main 32b c5373 ic_m4 planted_sub table completed_valid t=0.0s
[     25s] main 32b c5373 ic_m4 small_x_offset table completed_valid t=0.0s
[     26s] main 32b c5374 ic_m4 subgroup table completed_valid t=0.0s
[     26s] main 32b c5374 ic_m4 small_x table completed_valid t=0.0s
[     26s] main 32b c5374 ic_m4 random_sub_r0 table completed_valid t=0.0s
[     26s] main 32b c5374 ic_m4 random_sub_r1 table completed_valid t=0.0s
[     26s] main 32b c5374 ic_m4 random_sub_r2 table completed_valid t=0.0s
[     26s] main 32b c5374 ic_m4 known_null_sub table completed_valid t=0.0s
[     26s] main 32b c5374 ic_m4 planted_sub table completed_valid t=0.0s
[     26s] main 32b c5374 ic_m4 small_x_offset table completed_valid t=0.0s
[     26s] main 32b c5375 ic_m4 subgroup table completed_valid t=0.1s
[     26s] main 32b c5375 ic_m4 small_x table completed_valid t=0.0s
[     26s] main 32b c5375 ic_m4 random_sub_r0 table completed_valid t=0.0s
[     26s] main 32b c5375 ic_m4 random_sub_r1 table completed_valid t=0.0s
[     26s] main 32b c5375 ic_m4 random_sub_r2 table completed_valid t=0.0s
[     26s] main 32b c5375 ic_m4 known_null_sub table completed_valid t=0.0s
[     26s] main 32b c5375 ic_m4 planted_sub table completed_valid t=0.0s
[     26s] main 32b c5375 ic_m4 small_x_offset table completed_valid t=0.0s
[     27s] main 32b c5376 ic_m4 subgroup table completed_valid t=0.0s
[     27s] main 32b c5376 ic_m4 small_x table completed_valid t=0.0s
[     27s] main 32b c5376 ic_m4 random_sub_r0 table completed_valid t=0.0s
[     27s] main 32b c5376 ic_m4 random_sub_r1 table completed_valid t=0.0s
[     27s] main 32b c5376 ic_m4 random_sub_r2 table completed_valid t=0.0s
[     27s] main 32b c5376 ic_m4 known_null_sub table completed_valid t=0.0s
[     27s] main 32b c5376 ic_m4 planted_sub table completed_valid t=0.0s
[     27s] main 32b c5376 ic_m4 small_x_offset table completed_valid t=0.0s
[     27s] main 32b c5377 ic_m4 subgroup table completed_valid t=0.0s
[     27s] main 32b c5377 ic_m4 small_x table completed_valid t=0.0s
[     27s] main 32b c5377 ic_m4 random_sub_r0 table completed_valid t=0.0s
[     27s] main 32b c5377 ic_m4 random_sub_r1 table completed_valid t=0.0s
[     27s] main 32b c5377 ic_m4 random_sub_r2 table completed_valid t=0.0s
[     27s] main 32b c5377 ic_m4 known_null_sub table completed_valid t=0.0s
[     27s] main 32b c5377 ic_m4 planted_sub table completed_valid t=0.0s
[     27s] main 32b c5377 ic_m4 small_x_offset table completed_valid t=0.0s
[     27s] main 32b c5378 ic_m4 subgroup table completed_valid t=0.0s
[     27s] main 32b c5378 ic_m4 small_x table completed_valid t=0.0s
[     27s] main 32b c5378 ic_m4 random_sub_r0 table completed_valid t=0.0s
[     27s] main 32b c5378 ic_m4 random_sub_r1 table completed_valid t=0.0s
[     27s] main 32b c5378 ic_m4 random_sub_r2 table completed_valid t=0.0s
[     27s] main 32b c5378 ic_m4 known_null_sub table completed_valid t=0.0s
[     27s] main 32b c5378 ic_m4 planted_sub table completed_valid t=0.0s
[     27s] main 32b c5378 ic_m4 small_x_offset table completed_valid t=0.0s
[     28s] main 32b c5379 ic_m4 subgroup table completed_valid t=0.0s
[     28s] main 32b c5379 ic_m4 small_x table completed_valid t=0.0s
[     28s] main 32b c5379 ic_m4 random_sub_r0 table completed_valid t=0.0s
[     28s] main 32b c5379 ic_m4 random_sub_r1 table completed_valid t=0.0s
[     28s] main 32b c5379 ic_m4 random_sub_r2 table completed_valid t=0.0s
[     28s] main 32b c5379 ic_m4 known_null_sub table completed_valid t=0.0s
[     28s] main 32b c5379 ic_m4 planted_sub table completed_valid t=0.0s
[     28s] main 32b c5379 ic_m4 small_x_offset table completed_valid t=0.0s
[     28s] main 32b c5380 ic_m4 subgroup table completed_valid t=0.0s
[     28s] main 32b c5380 ic_m4 small_x table completed_valid t=0.0s
[     28s] main 32b c5380 ic_m4 random_sub_r0 table completed_valid t=0.0s
[     28s] main 32b c5380 ic_m4 random_sub_r1 table completed_valid t=0.0s
[     28s] main 32b c5380 ic_m4 random_sub_r2 table completed_valid t=0.0s
[     28s] main 32b c5380 ic_m4 known_null_sub table completed_valid t=0.0s
[     28s] main 32b c5380 ic_m4 planted_sub table completed_valid t=0.0s
[     28s] main 32b c5380 ic_m4 small_x_offset table completed_valid t=0.0s
[     29s] main 32b c5381 ic_m4 subgroup table completed_valid t=0.0s
[     29s] main 32b c5381 ic_m4 small_x table completed_valid t=0.0s
[     29s] main 32b c5381 ic_m4 random_sub_r0 table completed_valid t=0.0s
[     29s] main 32b c5381 ic_m4 random_sub_r1 table completed_valid t=0.0s
[     29s] main 32b c5381 ic_m4 random_sub_r2 table completed_valid t=0.0s
[     29s] main 32b c5381 ic_m4 known_null_sub table completed_valid t=0.0s
[     29s] main 32b c5381 ic_m4 planted_sub table completed_valid t=0.0s
[     29s] main 32b c5381 ic_m4 small_x_offset table completed_valid t=0.0s
[     29s] main 32b c5382 ic_m4 subgroup table completed_valid t=0.0s
[     29s] main 32b c5382 ic_m4 small_x table completed_valid t=0.0s
[     29s] main 32b c5382 ic_m4 random_sub_r0 table completed_valid t=0.0s
[     29s] main 32b c5382 ic_m4 random_sub_r1 table completed_valid t=0.0s
[     29s] main 32b c5382 ic_m4 random_sub_r2 table completed_valid t=0.0s
[     29s] main 32b c5382 ic_m4 known_null_sub table completed_valid t=0.0s
[     29s] main 32b c5382 ic_m4 planted_sub table completed_valid t=0.0s
[     29s] main 32b c5382 ic_m4 small_x_offset table completed_valid t=0.0s
[     29s] main 32b c5383 ic_m4 subgroup table completed_valid t=0.0s
[     29s] main 32b c5383 ic_m4 small_x table completed_valid t=0.0s
[     29s] main 32b c5383 ic_m4 random_sub_r0 table completed_valid t=0.0s
[     29s] main 32b c5383 ic_m4 random_sub_r1 table completed_valid t=0.0s
[     29s] main 32b c5383 ic_m4 random_sub_r2 table completed_valid t=0.0s
[     29s] main 32b c5383 ic_m4 known_null_sub table completed_valid t=0.0s
[     29s] main 32b c5383 ic_m4 planted_sub table completed_valid t=0.0s
[     29s] main 32b c5383 ic_m4 small_x_offset table completed_valid t=0.0s
[     30s] main 32b c5384 ic_m4 subgroup table completed_valid t=0.0s
[     30s] main 32b c5384 ic_m4 small_x table completed_valid t=0.0s
[     30s] main 32b c5384 ic_m4 random_sub_r0 table completed_valid t=0.0s
[     30s] main 32b c5384 ic_m4 random_sub_r1 table completed_valid t=0.0s
[     30s] main 32b c5384 ic_m4 random_sub_r2 table completed_valid t=0.0s
[     30s] main 32b c5384 ic_m4 known_null_sub table completed_valid t=0.0s
[     30s] main 32b c5384 ic_m4 planted_sub table completed_valid t=0.0s
[     30s] main 32b c5384 ic_m4 small_x_offset table completed_valid t=0.0s
[     30s] main 32b c5385 ic_m4 subgroup table completed_valid t=0.0s
[     30s] main 32b c5385 ic_m4 small_x table completed_valid t=0.0s
[     30s] main 32b c5385 ic_m4 random_sub_r0 table completed_valid t=0.0s
[     30s] main 32b c5385 ic_m4 random_sub_r1 table completed_valid t=0.0s
[     30s] main 32b c5385 ic_m4 random_sub_r2 table completed_valid t=0.0s
[     30s] main 32b c5385 ic_m4 known_null_sub table completed_valid t=0.0s
[     30s] main 32b c5385 ic_m4 planted_sub table completed_valid t=0.0s
[     30s] main 32b c5385 ic_m4 small_x_offset table completed_valid t=0.0s
[     30s] main 32b c5386 ic_m4 subgroup table completed_valid t=0.0s
[     30s] main 32b c5386 ic_m4 small_x table completed_valid t=0.0s
[     30s] main 32b c5386 ic_m4 random_sub_r0 table completed_valid t=0.0s
[     30s] main 32b c5386 ic_m4 random_sub_r1 table completed_valid t=0.0s
[     30s] main 32b c5386 ic_m4 random_sub_r2 table completed_valid t=0.0s
[     30s] main 32b c5386 ic_m4 known_null_sub table completed_valid t=0.0s
[     30s] main 32b c5386 ic_m4 planted_sub table completed_valid t=0.0s
[     30s] main 32b c5386 ic_m4 small_x_offset table completed_valid t=0.1s
[     31s] main 32b c5387 ic_m4 subgroup table completed_valid t=0.0s
[     31s] main 32b c5387 ic_m4 small_x table completed_valid t=0.0s
[     31s] main 32b c5387 ic_m4 random_sub_r0 table completed_valid t=0.0s
[     31s] main 32b c5387 ic_m4 random_sub_r1 table completed_valid t=0.0s
[     31s] main 32b c5387 ic_m4 random_sub_r2 table completed_valid t=0.0s
[     31s] main 32b c5387 ic_m4 known_null_sub table completed_valid t=0.0s
[     31s] main 32b c5387 ic_m4 planted_sub table completed_valid t=0.0s
[     31s] main 32b c5387 ic_m4 small_x_offset table completed_valid t=0.0s
[     31s] main 32b c5388 ic_m4 subgroup table completed_valid t=0.0s
[     31s] main 32b c5388 ic_m4 small_x table completed_valid t=0.0s
[     31s] main 32b c5388 ic_m4 random_sub_r0 table completed_valid t=0.0s
[     31s] main 32b c5388 ic_m4 random_sub_r1 table completed_valid t=0.0s
[     31s] main 32b c5388 ic_m4 random_sub_r2 table completed_valid t=0.0s
[     31s] main 32b c5388 ic_m4 known_null_sub table completed_valid t=0.0s
[     31s] main 32b c5388 ic_m4 planted_sub table completed_valid t=0.0s
[     31s] main 32b c5388 ic_m4 small_x_offset table completed_valid t=0.0s
[     32s] main 32b c5389 ic_m4 subgroup table completed_valid t=0.0s
[     32s] main 32b c5389 ic_m4 small_x table completed_valid t=0.0s
[     32s] main 32b c5389 ic_m4 random_sub_r0 table completed_valid t=0.0s
[     32s] main 32b c5389 ic_m4 random_sub_r1 table completed_valid t=0.0s
[     32s] main 32b c5389 ic_m4 random_sub_r2 table completed_valid t=0.0s
[     32s] main 32b c5389 ic_m4 known_null_sub table completed_valid t=0.0s
[     32s] main 32b c5389 ic_m4 planted_sub table completed_valid t=0.0s
[     32s] main 32b c5389 ic_m4 small_x_offset table completed_valid t=0.0s
[     32s] main 32b c5390 ic_m4 subgroup table completed_valid t=0.0s
[     32s] main 32b c5390 ic_m4 small_x table completed_valid t=0.0s
[     32s] main 32b c5390 ic_m4 random_sub_r0 table completed_valid t=0.0s
[     32s] main 32b c5390 ic_m4 random_sub_r1 table completed_valid t=0.0s
[     32s] main 32b c5390 ic_m4 random_sub_r2 table completed_valid t=0.0s
[     32s] main 32b c5390 ic_m4 known_null_sub table completed_valid t=0.0s
[     32s] main 32b c5390 ic_m4 planted_sub table completed_valid t=0.0s
[     32s] main 32b c5390 ic_m4 small_x_offset table completed_valid t=0.0s
[     32s] main 32b c5391 ic_m4 subgroup table completed_valid t=0.0s
[     32s] main 32b c5391 ic_m4 small_x table completed_valid t=0.1s
[     32s] main 32b c5391 ic_m4 random_sub_r0 table completed_valid t=0.1s
[     32s] main 32b c5391 ic_m4 random_sub_r1 table completed_valid t=0.0s
[     32s] main 32b c5391 ic_m4 random_sub_r2 table completed_valid t=0.0s
[     32s] main 32b c5391 ic_m4 known_null_sub table completed_valid t=0.0s
[     32s] main 32b c5391 ic_m4 planted_sub table completed_valid t=0.0s
[     32s] main 32b c5391 ic_m4 small_x_offset table completed_valid t=0.0s
[     33s] main 32b c5392 ic_m4 subgroup table completed_valid t=0.0s
[     33s] main 32b c5392 ic_m4 small_x table completed_valid t=0.0s
[     33s] main 32b c5392 ic_m4 random_sub_r0 table completed_valid t=0.0s
[     33s] main 32b c5392 ic_m4 random_sub_r1 table completed_valid t=0.0s
[     33s] main 32b c5392 ic_m4 random_sub_r2 table completed_valid t=0.0s
[     33s] main 32b c5392 ic_m4 known_null_sub table completed_valid t=0.0s
[     33s] main 32b c5392 ic_m4 planted_sub table completed_valid t=0.0s
[     33s] main 32b c5392 ic_m4 small_x_offset table completed_valid t=0.0s
[     34s] main 32b c5393 ic_m4 subgroup table completed_valid t=0.0s
[     34s] main 32b c5393 ic_m4 small_x table completed_valid t=0.0s
[     34s] main 32b c5393 ic_m4 random_sub_r0 table completed_valid t=0.0s
[     34s] main 32b c5393 ic_m4 random_sub_r1 table completed_valid t=0.0s
[     34s] main 32b c5393 ic_m4 random_sub_r2 table completed_valid t=0.0s
[     34s] main 32b c5393 ic_m4 known_null_sub table completed_valid t=0.0s
[     34s] main 32b c5393 ic_m4 planted_sub table completed_valid t=0.0s
[     34s] main 32b c5393 ic_m4 small_x_offset table completed_valid t=0.0s
[     34s] main 32b c5394 ic_m4 subgroup table completed_valid t=0.0s
[     34s] main 32b c5394 ic_m4 small_x table completed_valid t=0.0s
[     34s] main 32b c5394 ic_m4 random_sub_r0 table completed_valid t=0.0s
[     34s] main 32b c5394 ic_m4 random_sub_r1 table completed_valid t=0.0s
[     34s] main 32b c5394 ic_m4 random_sub_r2 table completed_valid t=0.0s
[     34s] main 32b c5394 ic_m4 known_null_sub table completed_valid t=0.0s
[     34s] main 32b c5394 ic_m4 planted_sub table completed_valid t=0.0s
[     34s] main 32b c5394 ic_m4 small_x_offset table completed_valid t=0.0s
[     35s] main 32b c5395 ic_m4 subgroup table completed_valid t=0.0s
[     35s] main 32b c5395 ic_m4 small_x table completed_valid t=0.0s
[     35s] main 32b c5395 ic_m4 random_sub_r0 table completed_valid t=0.0s
[     35s] main 32b c5395 ic_m4 random_sub_r1 table completed_valid t=0.0s
[     35s] main 32b c5395 ic_m4 random_sub_r2 table completed_valid t=0.0s
[     35s] main 32b c5395 ic_m4 known_null_sub table completed_valid t=0.0s
[     35s] main 32b c5395 ic_m4 planted_sub table completed_valid t=0.0s
[     35s] main 32b c5395 ic_m4 small_x_offset table completed_valid t=0.0s
[     35s] main 32b c5396 ic_m4 subgroup table completed_valid t=0.0s
[     35s] main 32b c5396 ic_m4 small_x table completed_valid t=0.0s
[     35s] main 32b c5396 ic_m4 random_sub_r0 table completed_valid t=0.0s
[     35s] main 32b c5396 ic_m4 random_sub_r1 table completed_valid t=0.0s
[     35s] main 32b c5396 ic_m4 random_sub_r2 table completed_valid t=0.0s
[     35s] main 32b c5396 ic_m4 known_null_sub table completed_valid t=0.0s
[     35s] main 32b c5396 ic_m4 planted_sub table completed_valid t=0.0s
[     35s] main 32b c5396 ic_m4 small_x_offset table completed_valid t=0.0s
[     36s] main 32b c5397 ic_m4 subgroup table completed_valid t=0.0s
[     36s] main 32b c5397 ic_m4 small_x table completed_valid t=0.0s
[     36s] main 32b c5397 ic_m4 random_sub_r0 table completed_valid t=0.0s
[     36s] main 32b c5397 ic_m4 random_sub_r1 table completed_valid t=0.0s
[     36s] main 32b c5397 ic_m4 random_sub_r2 table completed_valid t=0.0s
[     36s] main 32b c5397 ic_m4 known_null_sub table completed_valid t=0.0s
[     36s] main 32b c5397 ic_m4 planted_sub table completed_valid t=0.0s
[     36s] main 32b c5397 ic_m4 small_x_offset table completed_valid t=0.0s
[     36s] main 32b c5398 ic_m4 subgroup table completed_valid t=0.0s
[     36s] main 32b c5398 ic_m4 small_x table completed_valid t=0.0s
[     36s] main 32b c5398 ic_m4 random_sub_r0 table completed_valid t=0.0s
[     36s] main 32b c5398 ic_m4 random_sub_r1 table completed_valid t=0.0s
[     36s] main 32b c5398 ic_m4 random_sub_r2 table completed_valid t=0.0s
[     36s] main 32b c5398 ic_m4 known_null_sub table completed_valid t=0.0s
[     36s] main 32b c5398 ic_m4 planted_sub table completed_valid t=0.0s
[     36s] main 32b c5398 ic_m4 small_x_offset table completed_valid t=0.0s
[     36s] main 32b c5399 ic_m4 subgroup table completed_valid t=0.0s
[     36s] main 32b c5399 ic_m4 small_x table completed_valid t=0.0s
[     36s] main 32b c5399 ic_m4 random_sub_r0 table completed_valid t=0.0s
[     36s] main 32b c5399 ic_m4 random_sub_r1 table completed_valid t=0.0s
[     36s] main 32b c5399 ic_m4 random_sub_r2 table completed_valid t=0.0s
[     36s] main 32b c5399 ic_m4 known_null_sub table completed_valid t=0.0s
[     36s] main 32b c5399 ic_m4 planted_sub table completed_valid t=0.0s
[     36s] main 32b c5399 ic_m4 small_x_offset table completed_valid t=0.0s
[     37s] main 32b c5400 ic_m4 subgroup table completed_valid t=0.0s
[     37s] main 32b c5400 ic_m4 small_x table completed_valid t=0.0s
[     37s] main 32b c5400 ic_m4 random_sub_r0 table completed_valid t=0.1s
[     37s] main 32b c5400 ic_m4 random_sub_r1 table completed_valid t=0.0s
[     37s] main 32b c5400 ic_m4 random_sub_r2 table completed_valid t=0.0s
[     37s] main 32b c5400 ic_m4 known_null_sub table completed_valid t=0.0s
[     37s] main 32b c5400 ic_m4 planted_sub table completed_valid t=0.0s
[     37s] main 32b c5400 ic_m4 small_x_offset table completed_valid t=0.0s
[     37s] main 32b c5401 ic_m4 subgroup table completed_valid t=0.0s
[     37s] main 32b c5401 ic_m4 small_x table completed_valid t=0.0s
[     37s] main 32b c5401 ic_m4 random_sub_r0 table completed_valid t=0.0s
[     37s] main 32b c5401 ic_m4 random_sub_r1 table completed_valid t=0.0s
[     37s] main 32b c5401 ic_m4 random_sub_r2 table completed_valid t=0.0s
[     37s] main 32b c5401 ic_m4 known_null_sub table completed_valid t=0.0s
[     37s] main 32b c5401 ic_m4 planted_sub table completed_valid t=0.0s
[     37s] main 32b c5401 ic_m4 small_x_offset table completed_valid t=0.0s
[     38s] main 32b c5402 ic_m4 subgroup table completed_valid t=0.0s
[     38s] main 32b c5402 ic_m4 small_x table completed_valid t=0.0s
[     38s] main 32b c5402 ic_m4 random_sub_r0 table completed_valid t=0.0s
[     38s] main 32b c5402 ic_m4 random_sub_r1 table completed_valid t=0.0s
[     38s] main 32b c5402 ic_m4 random_sub_r2 table completed_valid t=0.0s
[     38s] main 32b c5402 ic_m4 known_null_sub table completed_valid t=0.0s
[     38s] main 32b c5402 ic_m4 planted_sub table completed_valid t=0.0s
[     38s] main 32b c5402 ic_m4 small_x_offset table completed_valid t=0.0s
[     38s] main 32b c5403 ic_m4 subgroup table completed_valid t=0.0s
[     38s] main 32b c5403 ic_m4 small_x table completed_valid t=0.0s
[     38s] main 32b c5403 ic_m4 random_sub_r0 table completed_valid t=0.0s
[     38s] main 32b c5403 ic_m4 random_sub_r1 table completed_valid t=0.0s
[     38s] main 32b c5403 ic_m4 random_sub_r2 table completed_valid t=0.0s
[     38s] main 32b c5403 ic_m4 known_null_sub table completed_valid t=0.0s
[     38s] main 32b c5403 ic_m4 planted_sub table completed_valid t=0.0s
[     38s] main 32b c5403 ic_m4 small_x_offset table completed_valid t=0.0s
[     39s] main 32b c5404 ic_m4 subgroup table completed_valid t=0.1s
[     39s] main 32b c5404 ic_m4 small_x table completed_valid t=0.0s
[     39s] main 32b c5404 ic_m4 random_sub_r0 table completed_valid t=0.0s
[     39s] main 32b c5404 ic_m4 random_sub_r1 table completed_valid t=0.0s
[     39s] main 32b c5404 ic_m4 random_sub_r2 table completed_valid t=0.0s
[     39s] main 32b c5404 ic_m4 known_null_sub table completed_valid t=0.0s
[     39s] main 32b c5404 ic_m4 planted_sub table completed_valid t=0.0s
[     39s] main 32b c5404 ic_m4 small_x_offset table completed_valid t=0.0s
[     39s] main 32b c5405 ic_m4 subgroup table completed_valid t=0.0s
[     39s] main 32b c5405 ic_m4 small_x table completed_valid t=0.0s
[     39s] main 32b c5405 ic_m4 random_sub_r0 table completed_valid t=0.0s
[     39s] main 32b c5405 ic_m4 random_sub_r1 table completed_valid t=0.0s
[     39s] main 32b c5405 ic_m4 random_sub_r2 table completed_valid t=0.0s
[     39s] main 32b c5405 ic_m4 known_null_sub table completed_valid t=0.0s
[     39s] main 32b c5405 ic_m4 planted_sub table completed_valid t=0.0s
[     39s] main 32b c5405 ic_m4 small_x_offset table completed_valid t=0.0s
[     39s] main 32b c5406 ic_m4 subgroup table completed_valid t=0.0s
[     39s] main 32b c5406 ic_m4 small_x table completed_valid t=0.0s
[     39s] main 32b c5406 ic_m4 random_sub_r0 table completed_valid t=0.0s
[     39s] main 32b c5406 ic_m4 random_sub_r1 table completed_valid t=0.0s
[     39s] main 32b c5406 ic_m4 random_sub_r2 table completed_valid t=0.0s
[     39s] main 32b c5406 ic_m4 known_null_sub table completed_valid t=0.0s
[     39s] main 32b c5406 ic_m4 planted_sub table completed_valid t=0.0s
[     39s] main 32b c5406 ic_m4 small_x_offset table completed_valid t=0.0s
[     40s] main 32b c5407 ic_m4 subgroup table completed_valid t=0.0s
[     40s] main 32b c5407 ic_m4 small_x table completed_valid t=0.0s
[     40s] main 32b c5407 ic_m4 random_sub_r0 table completed_valid t=0.0s
[     40s] main 32b c5407 ic_m4 random_sub_r1 table completed_valid t=0.0s
[     40s] main 32b c5407 ic_m4 random_sub_r2 table completed_valid t=0.0s
[     40s] main 32b c5407 ic_m4 known_null_sub table completed_valid t=0.0s
[     40s] main 32b c5407 ic_m4 planted_sub table completed_valid t=0.0s
[     40s] main 32b c5407 ic_m4 small_x_offset table completed_valid t=0.0s
[     40s] main 32b c5408 ic_m4 subgroup table completed_valid t=0.0s
[     40s] main 32b c5408 ic_m4 small_x table completed_valid t=0.0s
[     40s] main 32b c5408 ic_m4 random_sub_r0 table completed_valid t=0.0s
[     40s] main 32b c5408 ic_m4 random_sub_r1 table completed_valid t=0.0s
[     40s] main 32b c5408 ic_m4 random_sub_r2 table completed_valid t=0.0s
[     40s] main 32b c5408 ic_m4 known_null_sub table completed_valid t=0.0s
[     40s] main 32b c5408 ic_m4 planted_sub table completed_valid t=0.0s
[     40s] main 32b c5408 ic_m4 small_x_offset table completed_valid t=0.0s
[     40s] main 32b c5409 ic_m4 subgroup table completed_valid t=0.0s
[     40s] main 32b c5409 ic_m4 small_x table completed_valid t=0.0s
[     40s] main 32b c5409 ic_m4 random_sub_r0 table completed_valid t=0.0s
[     40s] main 32b c5409 ic_m4 random_sub_r1 table completed_valid t=0.0s
[     40s] main 32b c5409 ic_m4 random_sub_r2 table completed_valid t=0.0s
[     40s] main 32b c5409 ic_m4 known_null_sub table completed_valid t=0.0s
[     40s] main 32b c5409 ic_m4 planted_sub table completed_valid t=0.0s
[     40s] main 32b c5409 ic_m4 small_x_offset table completed_valid t=0.0s
