{"selftest_all_pass": true, "items": {"modulus_irreducible": true, "field_axioms": true, "point_count_small_curves": true, "s3_vs_point_addition": true, "descended_vs_direct": true, "macaulay_rows_vs_naive": true, "half_trace_root_finding": true, "extra_elimination_sanity": true, "C-FIX": true}}
[2026-09-23T16:39:57.939833+00:00] phase 1: curve, points, references, targets, oracles, witnesses
[2026-09-23T16:39:57.960082+00:00] curve A=97044 B=126251 #E=130412 h=4 q=32603
[2026-09-23T16:39:58.196503+00:00] F-S3 refs: [('U1', 125382, 0), ('U2', 50086, 0), ('U3', 76670, 0), ('S1', 125802, 4), ('S2', 126522, 4)] shortfall={'unsat_missing': 0, 'sat_missing': 0}
[2026-09-23T16:40:06.921419+00:00] F-S3 targets: 1000 (degenerate 7)
[2026-09-23T16:40:08.807206+00:00] F-PLANT: 200 targets, |F_V| = 483
[2026-09-23T16:40:17.029665+00:00] F-RANDX refs: [('U1', 75881, 0), ('U2', 113266, 0), ('U3', 38734, 0), ('S1', 99383, 2), ('S2', 127851, 2)]
[2026-09-23T16:40:20.914572+00:00] F-AFF-1 refs: [('U1', 18592, 0), ('U2', 29628, 0), ('U3', 74398, 0), ('S1', 125802, 2), ('S2', 125382, 5)]
[2026-09-23T16:40:24.736946+00:00] F-AFF-2 refs: [('U1', 43522, 0), ('U2', 18592, 0), ('U3', 118006, 0), ('S1', 125802, 1), ('S2', 125382, 2)]
[2026-09-23T16:40:28.814816+00:00] F-AFF-3 refs: [('U1', 43522, 0), ('U2', 61624, 0), ('U3', 16742, 0), ('S1', 125802, 3), ('S2', 125382, 3)]
[2026-09-23T16:40:34.560967+00:00] F-NULLF2 refs: [('U1', 0), ('U2', 0), ('U3', 0), ('S1', 1), ('S2', 2)]
[2026-09-23T16:40:34.855230+00:00] phase 2: F-S3 D=3
[2026-09-23T16:40:38.061110+00:00]   F-S3 D=3: 100/1000 targets (3s)
[2026-09-23T16:40:40.861366+00:00]   F-S3 D=3: 200/1000 targets (6s)
[2026-09-23T16:40:43.547395+00:00]   F-S3 D=3: 300/1000 targets (9s)
[2026-09-23T16:40:46.331093+00:00]   F-S3 D=3: 400/1000 targets (11s)
[2026-09-23T16:40:48.962714+00:00]   F-S3 D=3: 500/1000 targets (14s)
[2026-09-23T16:40:51.550519+00:00]   F-S3 D=3: 600/1000 targets (17s)
[2026-09-23T16:40:54.312987+00:00]   F-S3 D=3: 700/1000 targets (19s)
[2026-09-23T16:40:56.951019+00:00]   F-S3 D=3: 800/1000 targets (22s)
[2026-09-23T16:40:59.586520+00:00]   F-S3 D=3: 900/1000 targets (25s)
[2026-09-23T16:41:02.354395+00:00]   F-S3 D=3: 1000/1000 targets (27s)
[2026-09-23T16:41:02.641791+00:00] phase 2: F-S3 D=4
[2026-09-23T16:41:58.778916+00:00]   F-S3 D=4: 100/1000 targets (56s)
[2026-09-23T16:42:42.987714+00:00]   F-S3 D=4: 200/1000 targets (100s)
[2026-09-23T16:43:27.324044+00:00]   F-S3 D=4: 300/1000 targets (145s)
[2026-09-23T16:44:12.252002+00:00]   F-S3 D=4: 400/1000 targets (190s)
[2026-09-23T16:44:56.852141+00:00]   F-S3 D=4: 500/1000 targets (234s)
[2026-09-23T16:45:41.824847+00:00]   F-S3 D=4: 600/1000 targets (279s)
[2026-09-23T16:46:27.244751+00:00]   F-S3 D=4: 700/1000 targets (325s)
[2026-09-23T16:47:12.631823+00:00]   F-S3 D=4: 800/1000 targets (370s)
[2026-09-23T16:47:57.219155+00:00]   F-S3 D=4: 900/1000 targets (415s)
[2026-09-23T16:48:42.439394+00:00]   F-S3 D=4: 1000/1000 targets (460s)
[2026-09-23T16:48:45.438150+00:00] phase 2: F-PLANT D=3
[2026-09-23T16:48:48.468552+00:00]   F-PLANT D=3: 100/200 targets (3s)
[2026-09-23T16:48:51.208764+00:00]   F-PLANT D=3: 200/200 targets (6s)
[2026-09-23T16:48:51.280235+00:00] phase 2: F-PLANT D=4
[2026-09-23T16:49:42.989205+00:00]   F-PLANT D=4: 100/200 targets (52s)
[2026-09-23T16:50:27.061195+00:00]   F-PLANT D=4: 200/200 targets (96s)
[2026-09-23T16:50:27.357730+00:00] phase 3: F-RANDX D=3
[2026-09-23T16:50:31.021714+00:00]   F-RANDX D=3: 100/1000 targets (4s)
[2026-09-23T16:50:33.802486+00:00]   F-RANDX D=3: 200/1000 targets (6s)
[2026-09-23T16:50:36.404327+00:00]   F-RANDX D=3: 300/1000 targets (9s)
[2026-09-23T16:50:39.272788+00:00]   F-RANDX D=3: 400/1000 targets (12s)
[2026-09-23T16:50:42.090022+00:00]   F-RANDX D=3: 500/1000 targets (15s)
[2026-09-23T16:50:44.894091+00:00]   F-RANDX D=3: 600/1000 targets (18s)
[2026-09-23T16:50:47.662087+00:00]   F-RANDX D=3: 700/1000 targets (20s)
[2026-09-23T16:50:50.505540+00:00]   F-RANDX D=3: 800/1000 targets (23s)
[2026-09-23T16:50:53.421178+00:00]   F-RANDX D=3: 900/1000 targets (26s)
[2026-09-23T16:50:56.186419+00:00]   F-RANDX D=3: 1000/1000 targets (29s)
[2026-09-23T16:50:56.623099+00:00] phase 3: F-RANDX D=4
[2026-09-23T16:51:57.667826+00:00]   F-RANDX D=4: 100/1000 targets (61s)
[2026-09-23T16:52:43.457164+00:00]   F-RANDX D=4: 200/1000 targets (107s)
[2026-09-23T16:53:28.823795+00:00]   F-RANDX D=4: 300/1000 targets (152s)
[2026-09-23T16:54:13.597920+00:00]   F-RANDX D=4: 400/1000 targets (197s)
[2026-09-23T16:54:58.109062+00:00]   F-RANDX D=4: 500/1000 targets (241s)
[2026-09-23T16:55:42.498685+00:00]   F-RANDX D=4: 600/1000 targets (286s)
[2026-09-23T16:56:26.895282+00:00]   F-RANDX D=4: 700/1000 targets (330s)
[2026-09-23T16:57:13.404026+00:00]   F-RANDX D=4: 800/1000 targets (377s)
[2026-09-23T16:57:58.584356+00:00]   F-RANDX D=4: 900/1000 targets (422s)
[2026-09-23T16:58:44.272518+00:00]   F-RANDX D=4: 1000/1000 targets (468s)
[2026-09-23T16:58:45.504688+00:00] phase 4: F-AFF-1 D=3
[2026-09-23T16:58:48.715947+00:00]   F-AFF-1 D=3: 100/1000 targets (3s)
[2026-09-23T16:58:51.573272+00:00]   F-AFF-1 D=3: 200/1000 targets (6s)
[2026-09-23T16:58:54.245316+00:00]   F-AFF-1 D=3: 300/1000 targets (9s)
[2026-09-23T16:58:56.936996+00:00]   F-AFF-1 D=3: 400/1000 targets (11s)
[2026-09-23T16:58:59.685282+00:00]   F-AFF-1 D=3: 500/1000 targets (14s)
[2026-09-23T16:59:02.346217+00:00]   F-AFF-1 D=3: 600/1000 targets (17s)
[2026-09-23T16:59:04.971695+00:00]   F-AFF-1 D=3: 700/1000 targets (19s)
[2026-09-23T16:59:07.604227+00:00]   F-AFF-1 D=3: 800/1000 targets (22s)
[2026-09-23T16:59:10.307435+00:00]   F-AFF-1 D=3: 900/1000 targets (25s)
[2026-09-23T16:59:12.999044+00:00]   F-AFF-1 D=3: 1000/1000 targets (27s)
[2026-09-23T16:59:13.264218+00:00] phase 4: F-AFF-1 D=4
[2026-09-23T17:00:09.025812+00:00]   F-AFF-1 D=4: 100/1000 targets (56s)
[2026-09-23T17:00:52.756393+00:00]   F-AFF-1 D=4: 200/1000 targets (99s)
[2026-09-23T17:01:36.463777+00:00]   F-AFF-1 D=4: 300/1000 targets (143s)
[2026-09-23T17:02:19.607915+00:00]   F-AFF-1 D=4: 400/1000 targets (186s)
[2026-09-23T17:03:02.695867+00:00]   F-AFF-1 D=4: 500/1000 targets (229s)
[2026-09-23T17:03:46.230246+00:00]   F-AFF-1 D=4: 600/1000 targets (273s)
[2026-09-23T17:04:30.367886+00:00]   F-AFF-1 D=4: 700/1000 targets (317s)
[2026-09-23T17:05:13.825159+00:00]   F-AFF-1 D=4: 800/1000 targets (361s)
[2026-09-23T17:05:57.059098+00:00]   F-AFF-1 D=4: 900/1000 targets (404s)
[2026-09-23T17:06:40.845396+00:00]   F-AFF-1 D=4: 1000/1000 targets (448s)
[2026-09-23T17:06:41.555767+00:00] phase 4: F-AFF-2 D=3
[2026-09-23T17:06:44.768839+00:00]   F-AFF-2 D=3: 100/1000 targets (3s)
[2026-09-23T17:06:47.334757+00:00]   F-AFF-2 D=3: 200/1000 targets (6s)
[2026-09-23T17:06:49.918378+00:00]   F-AFF-2 D=3: 300/1000 targets (8s)
[2026-09-23T17:06:52.498729+00:00]   F-AFF-2 D=3: 400/1000 targets (11s)
[2026-09-23T17:06:55.102049+00:00]   F-AFF-2 D=3: 500/1000 targets (14s)
[2026-09-23T17:06:57.721552+00:00]   F-AFF-2 D=3: 600/1000 targets (16s)
[2026-09-23T17:07:00.361446+00:00]   F-AFF-2 D=3: 700/1000 targets (19s)
[2026-09-23T17:07:02.968682+00:00]   F-AFF-2 D=3: 800/1000 targets (21s)
[2026-09-23T17:07:05.462321+00:00]   F-AFF-2 D=3: 900/1000 targets (24s)
[2026-09-23T17:07:07.971499+00:00]   F-AFF-2 D=3: 1000/1000 targets (26s)
[2026-09-23T17:07:08.220428+00:00] phase 4: F-AFF-2 D=4
[2026-09-23T17:08:02.618350+00:00]   F-AFF-2 D=4: 100/1000 targets (54s)
[2026-09-23T17:08:44.758535+00:00]   F-AFF-2 D=4: 200/1000 targets (97s)
[2026-09-23T17:09:28.356439+00:00]   F-AFF-2 D=4: 300/1000 targets (140s)
[2026-09-23T17:10:11.352094+00:00]   F-AFF-2 D=4: 400/1000 targets (183s)
[2026-09-23T17:10:54.494476+00:00]   F-AFF-2 D=4: 500/1000 targets (226s)
[2026-09-23T17:11:38.479995+00:00]   F-AFF-2 D=4: 600/1000 targets (270s)
[2026-09-23T17:12:22.222669+00:00]   F-AFF-2 D=4: 700/1000 targets (314s)
[2026-09-23T17:13:05.770268+00:00]   F-AFF-2 D=4: 800/1000 targets (358s)
[2026-09-23T17:13:49.236848+00:00]   F-AFF-2 D=4: 900/1000 targets (401s)
[2026-09-23T17:14:32.342150+00:00]   F-AFF-2 D=4: 1000/1000 targets (444s)
[2026-09-23T17:14:33.093501+00:00] phase 4: F-AFF-3 D=3
[2026-09-23T17:14:36.259668+00:00]   F-AFF-3 D=3: 100/1000 targets (3s)
[2026-09-23T17:14:38.945958+00:00]   F-AFF-3 D=3: 200/1000 targets (6s)
[2026-09-23T17:14:41.541124+00:00]   F-AFF-3 D=3: 300/1000 targets (8s)
[2026-09-23T17:14:44.137867+00:00]   F-AFF-3 D=3: 400/1000 targets (11s)
[2026-09-23T17:14:46.885495+00:00]   F-AFF-3 D=3: 500/1000 targets (14s)
[2026-09-23T17:14:49.585899+00:00]   F-AFF-3 D=3: 600/1000 targets (16s)
[2026-09-23T17:14:52.287472+00:00]   F-AFF-3 D=3: 700/1000 targets (19s)
[2026-09-23T17:14:55.062892+00:00]   F-AFF-3 D=3: 800/1000 targets (22s)
[2026-09-23T17:14:57.632570+00:00]   F-AFF-3 D=3: 900/1000 targets (25s)
[2026-09-23T17:15:00.305782+00:00]   F-AFF-3 D=3: 1000/1000 targets (27s)
[2026-09-23T17:15:00.553527+00:00] phase 4: F-AFF-3 D=4
[2026-09-23T17:15:55.566607+00:00]   F-AFF-3 D=4: 100/1000 targets (55s)
[2026-09-23T17:16:39.029061+00:00]   F-AFF-3 D=4: 200/1000 targets (98s)
[2026-09-23T17:17:23.814688+00:00]   F-AFF-3 D=4: 300/1000 targets (143s)
[2026-09-23T17:18:07.489367+00:00]   F-AFF-3 D=4: 400/1000 targets (187s)
[2026-09-23T17:18:51.904205+00:00]   F-AFF-3 D=4: 500/1000 targets (231s)
[2026-09-23T17:19:36.811489+00:00]   F-AFF-3 D=4: 600/1000 targets (276s)
[2026-09-23T17:20:21.699670+00:00]   F-AFF-3 D=4: 700/1000 targets (321s)
[2026-09-23T17:21:06.195851+00:00]   F-AFF-3 D=4: 800/1000 targets (366s)
[2026-09-23T17:21:49.481284+00:00]   F-AFF-3 D=4: 900/1000 targets (409s)
[2026-09-23T17:22:33.290652+00:00]   F-AFF-3 D=4: 1000/1000 targets (453s)
[2026-09-23T17:22:34.064917+00:00] phase 5: F-NULLF2 D=3
[2026-09-23T17:22:37.208101+00:00]   F-NULLF2 D=3: 100/1000 targets (3s)
[2026-09-23T17:22:40.317101+00:00]   F-NULLF2 D=3: 200/1000 targets (6s)
[2026-09-23T17:22:43.124569+00:00]   F-NULLF2 D=3: 300/1000 targets (9s)
[2026-09-23T17:22:45.815686+00:00]   F-NULLF2 D=3: 400/1000 targets (12s)
[2026-09-23T17:22:48.921214+00:00]   F-NULLF2 D=3: 500/1000 targets (15s)
[2026-09-23T17:22:51.799902+00:00]   F-NULLF2 D=3: 600/1000 targets (18s)
[2026-09-23T17:22:54.731781+00:00]   F-NULLF2 D=3: 700/1000 targets (21s)
[2026-09-23T17:22:57.630212+00:00]   F-NULLF2 D=3: 800/1000 targets (24s)
[2026-09-23T17:23:00.464883+00:00]   F-NULLF2 D=3: 900/1000 targets (26s)
[2026-09-23T17:23:03.450666+00:00]   F-NULLF2 D=3: 1000/1000 targets (29s)
[2026-09-23T17:23:03.673172+00:00] phase 5: F-NULLF2 D=4
[2026-09-23T17:23:51.590169+00:00]   F-NULLF2 D=4: 100/1000 targets (48s)
[2026-09-23T17:24:35.491923+00:00]   F-NULLF2 D=4: 200/1000 targets (92s)
[2026-09-23T17:25:19.535153+00:00]   F-NULLF2 D=4: 300/1000 targets (136s)
[2026-09-23T17:26:04.011949+00:00]   F-NULLF2 D=4: 400/1000 targets (180s)
[2026-09-23T17:26:49.279393+00:00]   F-NULLF2 D=4: 500/1000 targets (226s)
[2026-09-23T17:27:35.347636+00:00]   F-NULLF2 D=4: 600/1000 targets (272s)
[2026-09-23T17:28:20.204658+00:00]   F-NULLF2 D=4: 700/1000 targets (317s)
[2026-09-23T17:29:04.017873+00:00]   F-NULLF2 D=4: 800/1000 targets (360s)
[2026-09-23T17:29:48.828322+00:00]   F-NULLF2 D=4: 900/1000 targets (405s)
[2026-09-23T17:30:34.001709+00:00]   F-NULLF2 D=4: 1000/1000 targets (450s)
[2026-09-23T17:30:34.420032+00:00] phase 6: F-S3-REV D=3
[2026-09-23T17:30:37.737729+00:00]   F-S3-REV D=3: 100/1000 targets (3s)
[2026-09-23T17:30:40.761923+00:00]   F-S3-REV D=3: 200/1000 targets (6s)
[2026-09-23T17:30:43.512505+00:00]   F-S3-REV D=3: 300/1000 targets (9s)
[2026-09-23T17:30:46.381856+00:00]   F-S3-REV D=3: 400/1000 targets (12s)
[2026-09-23T17:30:49.265396+00:00]   F-S3-REV D=3: 500/1000 targets (15s)
[2026-09-23T17:30:52.076343+00:00]   F-S3-REV D=3: 600/1000 targets (18s)
[2026-09-23T17:30:54.905122+00:00]   F-S3-REV D=3: 700/1000 targets (20s)
[2026-09-23T17:30:57.814711+00:00]   F-S3-REV D=3: 800/1000 targets (23s)
[2026-09-23T17:31:00.484785+00:00]   F-S3-REV D=3: 900/1000 targets (26s)
[2026-09-23T17:31:03.309028+00:00]   F-S3-REV D=3: 1000/1000 targets (29s)
[2026-09-23T17:31:03.560412+00:00] phase 6: F-S3-REV D=4
[2026-09-23T17:32:05.495971+00:00]   F-S3-REV D=4: 100/1000 targets (62s)
[2026-09-23T17:32:53.135741+00:00]   F-S3-REV D=4: 200/1000 targets (110s)
[2026-09-23T17:33:40.748178+00:00]   F-S3-REV D=4: 300/1000 targets (157s)
[2026-09-23T17:34:29.028689+00:00]   F-S3-REV D=4: 400/1000 targets (205s)
[2026-09-23T17:35:17.651539+00:00]   F-S3-REV D=4: 500/1000 targets (254s)
[2026-09-23T17:36:05.906788+00:00]   F-S3-REV D=4: 600/1000 targets (302s)
[2026-09-23T17:36:53.547498+00:00]   F-S3-REV D=4: 700/1000 targets (350s)
[2026-09-23T17:37:41.648381+00:00]   F-S3-REV D=4: 800/1000 targets (398s)
[2026-09-23T17:38:29.812346+00:00]   F-S3-REV D=4: 900/1000 targets (446s)
[2026-09-23T17:39:17.702052+00:00]   F-S3-REV D=4: 1000/1000 targets (494s)
[2026-09-23T17:39:18.442608+00:00] phases 1-6 complete
[2026-09-23T17:39:18.442827+00:00] phase 7 (determinism) not yet run: launch the determinism command in a separate process, then --resume
[2026-09-23T17:39:39.045090+00:00]   determinism D=3: 200/1000
[2026-09-23T17:39:42.060614+00:00]   determinism D=3: 400/1000
[2026-09-23T17:39:44.916802+00:00]   determinism D=3: 600/1000
[2026-09-23T17:39:47.945719+00:00]   determinism D=3: 800/1000
[2026-09-23T17:39:50.880229+00:00]   determinism D=3: 1000/1000
[2026-09-23T17:40:38.566479+00:00]   determinism D=4: 200/1000
[2026-09-23T17:41:25.239971+00:00]   determinism D=4: 400/1000
[2026-09-23T17:42:12.308020+00:00]   determinism D=4: 600/1000
[2026-09-23T17:42:58.200256+00:00]   determinism D=4: 800/1000
[2026-09-23T17:43:44.747308+00:00]   determinism D=4: 1000/1000
[2026-09-23T17:43:44.748371+00:00] phase 7 complete: targets 2000/2000, refs 12/12
[2026-09-23T17:43:52.460879+00:00] p2-F-S3-D3: checkpoint present, skipping
[2026-09-23T17:43:52.461008+00:00] p2-F-S3-D4: checkpoint present, skipping
[2026-09-23T17:43:52.470386+00:00] p4-F-AFF-1-D3: checkpoint present, skipping
[2026-09-23T17:43:52.470486+00:00] p4-F-AFF-1-D4: checkpoint present, skipping
[2026-09-23T17:43:52.480242+00:00] p4-F-AFF-2-D3: checkpoint present, skipping
[2026-09-23T17:43:52.480358+00:00] p4-F-AFF-2-D4: checkpoint present, skipping
[2026-09-23T17:43:52.489879+00:00] p4-F-AFF-3-D3: checkpoint present, skipping
[2026-09-23T17:43:52.489988+00:00] p4-F-AFF-3-D4: checkpoint present, skipping
[2026-09-23T17:43:52.490011+00:00] p5-F-NULLF2-D3: checkpoint present, skipping
[2026-09-23T17:43:52.490026+00:00] p5-F-NULLF2-D4: checkpoint present, skipping
[2026-09-23T17:43:52.490042+00:00] p6-F-S3-REV-D3: checkpoint present, skipping
[2026-09-23T17:43:52.490056+00:00] p6-F-S3-REV-D4: checkpoint present, skipping
[2026-09-23T17:43:52.490065+00:00] phases 1-6 complete
[2026-09-23T17:43:52.509962+00:00] phase 8: aggregation, decision rules, run report
[2026-09-23T17:44:08.987382+00:00] phase 8 complete
