{
"B1": true,
"B1_notin": [
"experiments/EXP-CERTBIN-e94b27/runs/RUN-CERTBIN-c417e0/manifest_v2.yaml"
],
"B2": true,
"B2_not_in_manifest": [
"checkpoint/c-src-driver.json",
"checkpoint/invocations.jsonl",
"checkpoint/negative-controls-meta.json",
"checkpoint/p-M_5-N-AFF62.json.gz",
"checkpoint/p-M_5-N-F262.json.gz",
"checkpoint/p-M_5-S62.json.gz",
"checkpoint/p-M_5-U62.json.gz",
"checkpoint/p-W_4-C20.json.gz",
"checkpoint/p-W_4-N-AFF62.json.gz",
"checkpoint/p-W_4-N-F262.json.gz",
"checkpoint/p-W_4-S62.json.gz",
"checkpoint/p-W_4-U62.json.gz",
"checkpoint/p-W_5-N-AFF62.json.gz",
"checkpoint/p-W_5-N-F262.json.gz",
"checkpoint/p-W_5-S62.json.gz",
"checkpoint/p-W_5-U62.json.gz",
"checkpoint/p1-sets-oracles-base.json.gz",
"checkpoint/p5-determinism.json.gz",
"checkpoint/timings-phases-1-4.json",
"checkpoint/w5-selection.json",
"implementation.md",
"manifest.yaml",
"manifest_v2.yaml",
"run-report.md",
"stderr.log",
"stdout.log"
],
"B3": true,
"B4_modified_tracked": [],
"B4_ancestor": true,
"B4_spec_same": true,
"B5": [
true,
true,
false
],
"B6_removed": [],
"B6_changed": {},
"B6_added": [
"run.code.command",
"run.code.commit",
"run.code.dirty",
"run.result.certificate.kind",
"run.result.certificate.note",
"run.supersedes.prior_manifest_path",
"run.supersedes.prior_manifest_sha256",
"run.supersession_note"
],
"B6_bind": true,
"B7": true,
"B8": []
}
