{
 "task_id": "TASK-20260924-c83b05",
 "joint": "J3",
 "check": "C-VERIFIER extended negative controls",
 "command": [
  "/usr/local/bin/python3",
  "/home/user/crypto-autoresearcher/experiments/EXP-CERTBIN-e94b27/verifier/verify_cert.py",
  "--certs",
  "coordination/review/certbin-20260924-3d7e1a/reviews/TASK-20260924-c83b05/j3-checks/neg-extended-certificates.jsonl.gz",
  "--source-run",
  "experiments/EXP-CERTBIN-4e92d7/runs/RUN-CERTBIN-3b7e05",
  "--out",
  "coordination/review/certbin-20260924-3d7e1a/reviews/TASK-20260924-c83b05/j3-checks/neg-extended-verification.json",
  "--instances",
  "experiments/EXP-CERTBIN-e94b27/runs/RUN-CERTBIN-c417e0/instance-sets.json"
 ],
 "returncode": 0,
 "stdout": "[verify_cert] submitted=125 verified=25 failed=100 construction_checked=144 disagreements=0 (54.5s)\n",
 "verifier_sha256": "c2a2c96e78f84e7a821c2f2766a7dff2c19c3c756bd85f07e87bd20ede1e2a8f",
 "submitted": 125,
 "per_kind_and_type": {
  "M_5/N-AFF62": {
   "base": {
    "n": 5,
    "verifier_accepts": 5,
    "ground_truth_valid": 5,
    "rejected_by_sum_test": 0,
    "rejected_other_reason": 0
   },
   "a_removed": {
    "n": 5,
    "verifier_accepts": 0,
    "ground_truth_valid": 0,
    "rejected_by_sum_test": 5,
    "rejected_other_reason": 0
   },
   "b_kchanged": {
    "n": 5,
    "verifier_accepts": 0,
    "ground_truth_valid": 0,
    "rejected_by_sum_test": 5,
    "rejected_other_reason": 0
   },
   "c_muchanged": {
    "n": 5,
    "verifier_accepts": 0,
    "ground_truth_valid": 0,
    "rejected_by_sum_test": 5,
    "rejected_other_reason": 0
   },
   "d_transplant": {
    "n": 5,
    "verifier_accepts": 0,
    "ground_truth_valid": 0,
    "rejected_by_sum_test": 5,
    "rejected_other_reason": 0
   }
  },
  "M_5/N-F262": {
   "base": {
    "n": 5,
    "verifier_accepts": 5,
    "ground_truth_valid": 5,
    "rejected_by_sum_test": 0,
    "rejected_other_reason": 0
   },
   "a_removed": {
    "n": 5,
    "verifier_accepts": 0,
    "ground_truth_valid": 0,
    "rejected_by_sum_test": 5,
    "rejected_other_reason": 0
   },
   "b_kchanged": {
    "n": 5,
    "verifier_accepts": 0,
    "ground_truth_valid": 0,
    "rejected_by_sum_test": 5,
    "rejected_other_reason": 0
   },
   "c_muchanged": {
    "n": 5,
    "verifier_accepts": 0,
    "ground_truth_valid": 0,
    "rejected_by_sum_test": 5,
    "rejected_other_reason": 0
   },
   "d_transplant": {
    "n": 5,
    "verifier_accepts": 0,
    "ground_truth_valid": 0,
    "rejected_by_sum_test": 5,
    "rejected_other_reason": 0
   }
  },
  "M_5/U62": {
   "base": {
    "n": 5,
    "verifier_accepts": 5,
    "ground_truth_valid": 5,
    "rejected_by_sum_test": 0,
    "rejected_other_reason": 0
   },
   "a_removed": {
    "n": 5,
    "verifier_accepts": 0,
    "ground_truth_valid": 0,
    "rejected_by_sum_test": 5,
    "rejected_other_reason": 0
   },
   "b_kchanged": {
    "n": 5,
    "verifier_accepts": 0,
    "ground_truth_valid": 0,
    "rejected_by_sum_test": 5,
    "rejected_other_reason": 0
   },
   "c_muchanged": {
    "n": 5,
    "verifier_accepts": 0,
    "ground_truth_valid": 0,
    "rejected_by_sum_test": 5,
    "rejected_other_reason": 0
   },
   "d_transplant": {
    "n": 5,
    "verifier_accepts": 0,
    "ground_truth_valid": 0,
    "rejected_by_sum_test": 5,
    "rejected_other_reason": 0
   }
  },
  "W_4/C20": {
   "base": {
    "n": 5,
    "verifier_accepts": 5,
    "ground_truth_valid": 5,
    "rejected_by_sum_test": 0,
    "rejected_other_reason": 0
   },
   "a_removed": {
    "n": 5,
    "verifier_accepts": 0,
    "ground_truth_valid": 0,
    "rejected_by_sum_test": 5,
    "rejected_other_reason": 0
   },
   "b_kchanged": {
    "n": 5,
    "verifier_accepts": 0,
    "ground_truth_valid": 0,
    "rejected_by_sum_test": 5,
    "rejected_other_reason": 0
   },
   "c_muchanged": {
    "n": 5,
    "verifier_accepts": 0,
    "ground_truth_valid": 0,
    "rejected_by_sum_test": 5,
    "rejected_other_reason": 0
   },
   "d_transplant": {
    "n": 5,
    "verifier_accepts": 0,
    "ground_truth_valid": 0,
    "rejected_by_sum_test": 5,
    "rejected_other_reason": 0
   }
  },
  "W_4/U62": {
   "base": {
    "n": 5,
    "verifier_accepts": 5,
    "ground_truth_valid": 5,
    "rejected_by_sum_test": 0,
    "rejected_other_reason": 0
   },
   "a_removed": {
    "n": 5,
    "verifier_accepts": 0,
    "ground_truth_valid": 0,
    "rejected_by_sum_test": 5,
    "rejected_other_reason": 0
   },
   "b_kchanged": {
    "n": 5,
    "verifier_accepts": 0,
    "ground_truth_valid": 0,
    "rejected_by_sum_test": 5,
    "rejected_other_reason": 0
   },
   "c_muchanged": {
    "n": 5,
    "verifier_accepts": 0,
    "ground_truth_valid": 0,
    "rejected_by_sum_test": 5,
    "rejected_other_reason": 0
   },
   "d_transplant": {
    "n": 5,
    "verifier_accepts": 0,
    "ground_truth_valid": 0,
    "rejected_by_sum_test": 5,
    "rejected_other_reason": 0
   }
  }
 },
 "verifier_vs_ground_truth_disagreements": [],
 "all_bases_accepted": true,
 "all_corruptions_rejected_by_sum_test": true,
 "construction_checked": 144,
 "construction_disagreements": []
}
exit=0
