items agree/disagree: 3770 0
  1 in R'_3 {'agree': 80}
  1 in R'_4 {'agree': 80}
  1 in R_3 {'agree': 90}
  1 in R_4 {'agree': 90}
  1 in W'_4 {'re-deriver_only': 20, 'agree': 60}
  1 in W_4 {'agree': 90}
  C-ELL: c_k = Tr(t^k / x_R^2) {'agree': 60, 'both_absent': 10, 'run_only': 10}
  D-2: ell_route (direct, re-deriver) == 1 in R'_4 (re-deriver) {'agree': 80, 'both_absent': 10}
  E_hex (re-deriver) == E_hex (run) {'agree': 90}
  E_hex (run) == own descent / explicit input (CP-3 cross-check) {'agree': 90}
  T4 (final_dim W_4 = final_dim W'_4 + 1160 and one equal) {'re-deriver_only': 20, 'agree': 60}
  T5_applicable {'agree': 80}
  W'_4 dims per iteration {'re-deriver_only': 20, 'agree': 60}
  W'_4 final dimension {'re-deriver_only': 20, 'agree': 60}
  W'_4 first iteration with 1 {'re-deriver_only': 20, 'agree': 60}
  W'_4 fixpoint index {'re-deriver_only': 20, 'agree': 60}
  W_4 dim per iteration (run list vs re-deriver list minus its confirming W^(i*+1)) {'agree': 90}
  W_4 dim(W^(i) cap B_<=3) per iteration (run cumsum(new_fallen) vs re-deriver basis sizes multiplied) {'agree': 90}
  W_4 dims-list encoding (re-deriver appends dim W^(i*+1) = dim W^(i*)) {'agree': 90}
  W_4 final dimension {'agree': 90}
  W_4 first iteration with 1 (or none) {'agree': 90}
  W_4 fixpoint index {'agree': 90}
  arm (s = 0 or not) {'agree': 90}
  certificate kind present (wdag-v1 iff refuted, ann-v1 iff not) {'agree': 90}
  degenerate flag {'agree': 60, 'both_absent': 30}
  derived (P, fallen, linear_forms, syzygy_excess) {'agree': 90}
  dims_by_deg(M_3) {'run_only': 90}
  dims_by_deg(M_4) {'agree': 90}
  dims_by_deg(R'_4) {'agree': 80}
  dims_by_deg(W'_4) {'re-deriver_only': 20, 'agree': 60}
  dims_by_deg(W_4) {'agree': 90}
  ell (support in E_layout columns 0..20) {'agree': 80}
  ell constant (run substitution image_const) {'agree': 80}
  ell_route {'agree': 70, 're-deriver_only': 10, 'both_absent': 10}
  full_B3 (dims_by_deg(R'_4)[3] = 1160) {'agree': 80}
  j* {'agree': 80}
  rank R'_3 {'agree': 80}
  rank R'_4 {'agree': 80}
  rank_3 {'agree': 90}
  rank_4 {'agree': 90}
  rc_b applicable {'agree': 90}
  rc_b kernel dimension {'agree': 90}
  rc_b kernel vector c {'agree': 80}
  rc_b label {'agree': 90}
  reference profile [0, 0, 18, 360, 3267] {'agree': 80}
  s[route1 exhaustive] {'agree': 90}
  s[route2 quadratic in x_2] {'agree': 60, 'both_absent': 30}
  sigma {'agree': 80}
disagreements: 0
J1 vs run certs: {'verified:agree': 2400, 'counts_toward_W4:agree': 2400, 'max_mu:agree': 2400, 'n_nodes:agree': 1200, 'max_node_degree:agree': 1200} ann: {'verified:agree': 15, 'n_functionals:agree': 15, 'dim_S_cap_B3:agree': 15}
recount changes: {}
VC2/3: {'s:agree': 2100, 'role:agree': 2100, 'rebuild_eq_archived_or_na:agree': 2100, 'E_sha256:agree': 2100, 'J1_records': 2100, 'run_kept_systems': 2100} VC6: {'S3-U400|one:agree': 400, 'S3-U400|rank:agree': 400, 'S3-U400|dims_by_deg:agree': 400, 'S3-U400|witness_checked:True': 400, 'other_arms_supplementary|one:agree': 1700, 'other_arms_supplementary|rank:agree': 1700, 'other_arms_supplementary|dims_by_deg:agree': 1700}
cert status: {'F-RANDX19|1 in W_4': {'certified twice (run wdag-v1 verified by J1 AND valid blind wdag-v1)': 15}, 'S3-SAT100|1 not in W_4': {'certified': 5}, 'S3-U400|1 in W_4': {'certified twice (run wdag-v1 verified by J1 AND valid blind wdag-v1)': 40}, 'N-ELL19|1 not in W_4': {'certified': 10}, 'N-AFF19|1 not in W_4': {'certified': 5}, 'N-CONV19|1 in W_4': {'certified twice (run wdag-v1 verified by J1 AND valid blind wdag-v1)': 10}, 'N-F219|1 not in W_4': {'certified': 5}}
