{
  "curve": "EcMasFp5",
  "metrics": {
    "sea_method_id": "pari-gp-2.15.4/ellcard/SEA+seadata-0.20090618/F_p5",
    "order_certificate": "not_verifiable",
    "order_matches_self_report": false,
    "cofactor": null,
    "embedding_degree": "certificate",
    "embedding_degree_matches_self_report": true,
    "cm_discriminant_bits": "certificate",
    "twist_order_factorization": "certificate",
    "twist_security_bits": "certificate",
    "twist_security_matches_self_report_0.01": false,
    "factorization_method_id": "trial-division-1e6+gmp-ecm-7.0.5-hints(reverified)+pollard-rho+ECPP(pari-primecert,verify_ecpp)",
    "rigidity_reproduced": "certificate",
    "rigidity_first_hit_equals_published": true,
    "figure_provenance_table": "present",
    "wall_seconds": 206.276
  },
  "not_verifiable": {
    "order_certificate": "one of: primality proof, [n]P = O, Hasse uniqueness failed; see order-certificate.json"
  },
  "observations": [],
  "deviations": []
}
