[      0s] main 32b c3010 ic_m4 subgroup table completed_valid t=0.1s
[      0s] main 32b c3010 ic_m4 small_x table completed_valid t=0.0s
[      0s] main 32b c3010 ic_m4 random_sub_r0 table completed_valid t=0.0s
[      0s] main 32b c3010 ic_m4 random_sub_r1 table completed_valid t=0.0s
[      0s] main 32b c3010 ic_m4 random_sub_r2 table completed_valid t=0.0s
[      0s] main 32b c3010 ic_m4 known_null_sub table completed_valid t=0.0s
[      0s] main 32b c3010 ic_m4 planted_sub table completed_valid t=0.0s
[      0s] main 32b c3010 ic_m4 small_x_offset table completed_valid t=0.0s
[      1s] main 32b c3011 ic_m4 subgroup table completed_valid t=0.0s
[      1s] main 32b c3011 ic_m4 small_x table completed_valid t=0.0s
[      1s] main 32b c3011 ic_m4 random_sub_r0 table completed_valid t=0.0s
[      1s] main 32b c3011 ic_m4 random_sub_r1 table completed_valid t=0.0s
[      1s] main 32b c3011 ic_m4 random_sub_r2 table completed_valid t=0.0s
[      1s] main 32b c3011 ic_m4 known_null_sub table completed_valid t=0.0s
[      1s] main 32b c3011 ic_m4 planted_sub table completed_valid t=0.0s
[      1s] main 32b c3011 ic_m4 small_x_offset table completed_valid t=0.0s
[      1s] main 32b c3012 ic_m4 subgroup table completed_valid t=0.0s
[      1s] main 32b c3012 ic_m4 small_x table completed_valid t=0.0s
[      1s] main 32b c3012 ic_m4 random_sub_r0 table completed_valid t=0.0s
[      1s] main 32b c3012 ic_m4 random_sub_r1 table completed_valid t=0.0s
[      1s] main 32b c3012 ic_m4 random_sub_r2 table completed_valid t=0.0s
[      1s] main 32b c3012 ic_m4 known_null_sub table completed_valid t=0.0s
[      1s] main 32b c3012 ic_m4 planted_sub table completed_valid t=0.0s
[      1s] main 32b c3012 ic_m4 small_x_offset table completed_valid t=0.0s
[      2s] main 32b c3013 ic_m4 subgroup table completed_valid t=0.0s
[      2s] main 32b c3013 ic_m4 small_x table completed_valid t=0.0s
[      2s] main 32b c3013 ic_m4 random_sub_r0 table completed_valid t=0.0s
[      2s] main 32b c3013 ic_m4 random_sub_r1 table completed_valid t=0.0s
[      2s] main 32b c3013 ic_m4 random_sub_r2 table completed_valid t=0.0s
[      2s] main 32b c3013 ic_m4 known_null_sub table completed_valid t=0.0s
[      2s] main 32b c3013 ic_m4 planted_sub table completed_valid t=0.0s
[      2s] main 32b c3013 ic_m4 small_x_offset table completed_valid t=0.0s
[      2s] main 32b c3014 ic_m4 subgroup table completed_valid t=0.0s
[      2s] main 32b c3014 ic_m4 small_x table completed_valid t=0.0s
[      2s] main 32b c3014 ic_m4 random_sub_r0 table completed_valid t=0.0s
[      2s] main 32b c3014 ic_m4 random_sub_r1 table completed_valid t=0.0s
[      2s] main 32b c3014 ic_m4 random_sub_r2 table completed_valid t=0.0s
[      2s] main 32b c3014 ic_m4 known_null_sub table completed_valid t=0.0s
[      2s] main 32b c3014 ic_m4 planted_sub table completed_valid t=0.0s
[      2s] main 32b c3014 ic_m4 small_x_offset table completed_valid t=0.0s
[      3s] main 32b c3015 ic_m4 subgroup table completed_valid t=0.0s
[      3s] main 32b c3015 ic_m4 small_x table completed_valid t=0.0s
[      3s] main 32b c3015 ic_m4 random_sub_r0 table completed_valid t=0.0s
[      3s] main 32b c3015 ic_m4 random_sub_r1 table completed_valid t=0.0s
[      3s] main 32b c3015 ic_m4 random_sub_r2 table completed_valid t=0.0s
[      3s] main 32b c3015 ic_m4 known_null_sub table completed_valid t=0.0s
[      3s] main 32b c3015 ic_m4 planted_sub table completed_valid t=0.0s
[      3s] main 32b c3015 ic_m4 small_x_offset table completed_valid t=0.0s
[      3s] main 32b c3016 ic_m4 subgroup table completed_valid t=0.1s
[      3s] main 32b c3016 ic_m4 small_x table completed_valid t=0.0s
[      3s] main 32b c3016 ic_m4 random_sub_r0 table completed_valid t=0.0s
[      3s] main 32b c3016 ic_m4 random_sub_r1 table completed_valid t=0.0s
[      3s] main 32b c3016 ic_m4 random_sub_r2 table completed_valid t=0.0s
[      3s] main 32b c3016 ic_m4 known_null_sub table completed_valid t=0.0s
[      3s] main 32b c3016 ic_m4 planted_sub table completed_valid t=0.0s
[      3s] main 32b c3016 ic_m4 small_x_offset table completed_valid t=0.0s
[      3s] main 32b c3017 ic_m4 subgroup table completed_valid t=0.0s
[      3s] main 32b c3017 ic_m4 small_x table completed_valid t=0.1s
[      3s] main 32b c3017 ic_m4 random_sub_r0 table completed_valid t=0.0s
[      3s] main 32b c3017 ic_m4 random_sub_r1 table completed_valid t=0.0s
[      3s] main 32b c3017 ic_m4 random_sub_r2 table completed_valid t=0.0s
[      3s] main 32b c3017 ic_m4 known_null_sub table completed_valid t=0.0s
[      3s] main 32b c3017 ic_m4 planted_sub table completed_valid t=0.0s
[      3s] main 32b c3017 ic_m4 small_x_offset table completed_valid t=0.0s
[      4s] main 32b c3018 ic_m4 subgroup table completed_valid t=0.1s
[      4s] main 32b c3018 ic_m4 small_x table completed_valid t=0.0s
[      4s] main 32b c3018 ic_m4 random_sub_r0 table completed_valid t=0.1s
[      4s] main 32b c3018 ic_m4 random_sub_r1 table completed_valid t=0.1s
[      4s] main 32b c3018 ic_m4 random_sub_r2 table completed_valid t=0.0s
[      4s] main 32b c3018 ic_m4 known_null_sub table completed_valid t=0.1s
[      4s] main 32b c3018 ic_m4 planted_sub table completed_valid t=0.1s
[      4s] main 32b c3018 ic_m4 small_x_offset table completed_valid t=0.1s
[      5s] main 32b c3019 ic_m4 subgroup table completed_valid t=0.1s
[      5s] main 32b c3019 ic_m4 small_x table completed_valid t=0.0s
[      5s] main 32b c3019 ic_m4 random_sub_r0 table completed_valid t=0.0s
[      5s] main 32b c3019 ic_m4 random_sub_r1 table completed_valid t=0.1s
[      5s] main 32b c3019 ic_m4 random_sub_r2 table completed_valid t=0.1s
[      5s] main 32b c3019 ic_m4 known_null_sub table completed_valid t=0.1s
[      5s] main 32b c3019 ic_m4 planted_sub table completed_valid t=0.1s
[      5s] main 32b c3019 ic_m4 small_x_offset table completed_valid t=0.0s
[      5s] main 32b c3020 ic_m4 subgroup table completed_valid t=0.1s
[      5s] main 32b c3020 ic_m4 small_x table completed_valid t=0.0s
[      5s] main 32b c3020 ic_m4 random_sub_r0 table completed_valid t=0.0s
[      5s] main 32b c3020 ic_m4 random_sub_r1 table completed_valid t=0.0s
[      5s] main 32b c3020 ic_m4 random_sub_r2 table completed_valid t=0.0s
[      5s] main 32b c3020 ic_m4 known_null_sub table completed_valid t=0.0s
[      5s] main 32b c3020 ic_m4 planted_sub table completed_valid t=0.0s
[      5s] main 32b c3020 ic_m4 small_x_offset table completed_valid t=0.1s
[      6s] main 32b c3021 ic_m4 subgroup table completed_valid t=0.0s
[      6s] main 32b c3021 ic_m4 small_x table completed_valid t=0.0s
[      6s] main 32b c3021 ic_m4 random_sub_r0 table completed_valid t=0.1s
[      6s] main 32b c3021 ic_m4 random_sub_r1 table completed_valid t=0.0s
[      6s] main 32b c3021 ic_m4 random_sub_r2 table completed_valid t=0.0s
[      6s] main 32b c3021 ic_m4 known_null_sub table completed_valid t=0.0s
[      6s] main 32b c3021 ic_m4 planted_sub table completed_valid t=0.0s
[      6s] main 32b c3021 ic_m4 small_x_offset table completed_valid t=0.0s
[      6s] main 32b c3022 ic_m4 subgroup table completed_valid t=0.0s
[      6s] main 32b c3022 ic_m4 small_x table completed_valid t=0.0s
[      6s] main 32b c3022 ic_m4 random_sub_r0 table completed_valid t=0.0s
[      6s] main 32b c3022 ic_m4 random_sub_r1 table completed_valid t=0.0s
[      6s] main 32b c3022 ic_m4 random_sub_r2 table completed_valid t=0.0s
[      6s] main 32b c3022 ic_m4 known_null_sub table completed_valid t=0.0s
[      6s] main 32b c3022 ic_m4 planted_sub table completed_valid t=0.0s
[      6s] main 32b c3022 ic_m4 small_x_offset table completed_valid t=0.0s
[      7s] main 32b c3023 ic_m4 subgroup table completed_valid t=0.0s
[      7s] main 32b c3023 ic_m4 small_x table completed_valid t=0.0s
[      7s] main 32b c3023 ic_m4 random_sub_r0 table completed_valid t=0.0s
[      7s] main 32b c3023 ic_m4 random_sub_r1 table completed_valid t=0.0s
[      7s] main 32b c3023 ic_m4 random_sub_r2 table completed_valid t=0.0s
[      7s] main 32b c3023 ic_m4 known_null_sub table completed_valid t=0.0s
[      7s] main 32b c3023 ic_m4 planted_sub table completed_valid t=0.0s
[      7s] main 32b c3023 ic_m4 small_x_offset table completed_valid t=0.1s
[      8s] main 32b c3024 ic_m4 subgroup table completed_valid t=0.0s
[      8s] main 32b c3024 ic_m4 small_x table completed_valid t=0.0s
[      8s] main 32b c3024 ic_m4 random_sub_r0 table completed_valid t=0.0s
[      8s] main 32b c3024 ic_m4 random_sub_r1 table completed_valid t=0.0s
[      8s] main 32b c3024 ic_m4 random_sub_r2 table completed_valid t=0.0s
[      8s] main 32b c3024 ic_m4 known_null_sub table completed_valid t=0.1s
[      8s] main 32b c3024 ic_m4 planted_sub table completed_valid t=0.1s
[      8s] main 32b c3024 ic_m4 small_x_offset table completed_valid t=0.0s
[      8s] main 32b c3025 ic_m4 subgroup table completed_valid t=0.0s
[      8s] main 32b c3025 ic_m4 small_x table completed_valid t=0.0s
[      8s] main 32b c3025 ic_m4 random_sub_r0 table completed_valid t=0.0s
[      8s] main 32b c3025 ic_m4 random_sub_r1 table completed_valid t=0.0s
[      8s] main 32b c3025 ic_m4 random_sub_r2 table completed_valid t=0.0s
[      8s] main 32b c3025 ic_m4 known_null_sub table completed_valid t=0.0s
[      8s] main 32b c3025 ic_m4 planted_sub table completed_valid t=0.0s
[      8s] main 32b c3025 ic_m4 small_x_offset table completed_valid t=0.0s
[      8s] main 32b c3026 ic_m4 subgroup table completed_valid t=0.0s
[      8s] main 32b c3026 ic_m4 small_x table completed_valid t=0.0s
[      8s] main 32b c3026 ic_m4 random_sub_r0 table completed_valid t=0.0s
[      8s] main 32b c3026 ic_m4 random_sub_r1 table completed_valid t=0.0s
[      8s] main 32b c3026 ic_m4 random_sub_r2 table completed_valid t=0.0s
[      8s] main 32b c3026 ic_m4 known_null_sub table completed_valid t=0.0s
[      8s] main 32b c3026 ic_m4 planted_sub table completed_valid t=0.0s
[      8s] main 32b c3026 ic_m4 small_x_offset table completed_valid t=0.0s
[      9s] main 32b c3027 ic_m4 subgroup table completed_valid t=0.0s
[      9s] main 32b c3027 ic_m4 small_x table completed_valid t=0.0s
[      9s] main 32b c3027 ic_m4 random_sub_r0 table completed_valid t=0.0s
[      9s] main 32b c3027 ic_m4 random_sub_r1 table completed_valid t=0.0s
[      9s] main 32b c3027 ic_m4 random_sub_r2 table completed_valid t=0.0s
[      9s] main 32b c3027 ic_m4 known_null_sub table completed_valid t=0.0s
[      9s] main 32b c3027 ic_m4 planted_sub table completed_valid t=0.0s
[      9s] main 32b c3027 ic_m4 small_x_offset table completed_valid t=0.0s
[      9s] main 32b c3028 ic_m4 subgroup table completed_valid t=0.0s
[      9s] main 32b c3028 ic_m4 small_x table completed_valid t=0.0s
[      9s] main 32b c3028 ic_m4 random_sub_r0 table completed_valid t=0.0s
[      9s] main 32b c3028 ic_m4 random_sub_r1 table completed_valid t=0.0s
[      9s] main 32b c3028 ic_m4 random_sub_r2 table completed_valid t=0.0s
[      9s] main 32b c3028 ic_m4 known_null_sub table completed_valid t=0.0s
[      9s] main 32b c3028 ic_m4 planted_sub table completed_valid t=0.0s
[      9s] main 32b c3028 ic_m4 small_x_offset table completed_valid t=0.0s
[     10s] main 32b c3029 ic_m4 subgroup table completed_valid t=0.0s
[     10s] main 32b c3029 ic_m4 small_x table completed_valid t=0.0s
[     10s] main 32b c3029 ic_m4 random_sub_r0 table completed_valid t=0.0s
[     10s] main 32b c3029 ic_m4 random_sub_r1 table completed_valid t=0.0s
[     10s] main 32b c3029 ic_m4 random_sub_r2 table completed_valid t=0.0s
[     10s] main 32b c3029 ic_m4 known_null_sub table completed_valid t=0.0s
[     10s] main 32b c3029 ic_m4 planted_sub table completed_valid t=0.0s
[     10s] main 32b c3029 ic_m4 small_x_offset table completed_valid t=0.0s
[     10s] main 32b c3030 ic_m4 subgroup table completed_valid t=0.0s
[     10s] main 32b c3030 ic_m4 small_x table completed_valid t=0.0s
[     10s] main 32b c3030 ic_m4 random_sub_r0 table completed_valid t=0.0s
[     10s] main 32b c3030 ic_m4 random_sub_r1 table completed_valid t=0.0s
[     10s] main 32b c3030 ic_m4 random_sub_r2 table completed_valid t=0.0s
[     10s] main 32b c3030 ic_m4 known_null_sub table completed_valid t=0.0s
[     10s] main 32b c3030 ic_m4 planted_sub table completed_valid t=0.0s
[     10s] main 32b c3030 ic_m4 small_x_offset table completed_valid t=0.0s
[     11s] main 32b c3031 ic_m4 subgroup table completed_valid t=0.0s
[     11s] main 32b c3031 ic_m4 small_x table completed_valid t=0.0s
[     11s] main 32b c3031 ic_m4 random_sub_r0 table completed_valid t=0.0s
[     11s] main 32b c3031 ic_m4 random_sub_r1 table completed_valid t=0.0s
[     11s] main 32b c3031 ic_m4 random_sub_r2 table completed_valid t=0.0s
[     11s] main 32b c3031 ic_m4 known_null_sub table completed_valid t=0.0s
[     11s] main 32b c3031 ic_m4 planted_sub table completed_valid t=0.0s
[     11s] main 32b c3031 ic_m4 small_x_offset table completed_valid t=0.0s
[     11s] main 32b c3032 ic_m4 subgroup table completed_valid t=0.0s
[     11s] main 32b c3032 ic_m4 small_x table completed_valid t=0.0s
[     11s] main 32b c3032 ic_m4 random_sub_r0 table completed_valid t=0.0s
[     11s] main 32b c3032 ic_m4 random_sub_r1 table completed_valid t=0.0s
[     11s] main 32b c3032 ic_m4 random_sub_r2 table completed_valid t=0.0s
[     11s] main 32b c3032 ic_m4 known_null_sub table completed_valid t=0.0s
[     11s] main 32b c3032 ic_m4 planted_sub table completed_valid t=0.0s
[     11s] main 32b c3032 ic_m4 small_x_offset table completed_valid t=0.0s
[     12s] main 32b c3033 ic_m4 subgroup table completed_valid t=0.0s
[     12s] main 32b c3033 ic_m4 small_x table completed_valid t=0.0s
[     12s] main 32b c3033 ic_m4 random_sub_r0 table completed_valid t=0.0s
[     12s] main 32b c3033 ic_m4 random_sub_r1 table completed_valid t=0.0s
[     12s] main 32b c3033 ic_m4 random_sub_r2 table completed_valid t=0.0s
[     12s] main 32b c3033 ic_m4 known_null_sub table completed_valid t=0.0s
[     12s] main 32b c3033 ic_m4 planted_sub table completed_valid t=0.0s
[     12s] main 32b c3033 ic_m4 small_x_offset table completed_valid t=0.0s
[     12s] main 32b c3034 ic_m4 subgroup table completed_valid t=0.0s
[     12s] main 32b c3034 ic_m4 small_x table completed_valid t=0.0s
[     12s] main 32b c3034 ic_m4 random_sub_r0 table completed_valid t=0.0s
[     12s] main 32b c3034 ic_m4 random_sub_r1 table completed_valid t=0.0s
[     12s] main 32b c3034 ic_m4 random_sub_r2 table completed_valid t=0.0s
[     12s] main 32b c3034 ic_m4 known_null_sub table completed_valid t=0.0s
[     12s] main 32b c3034 ic_m4 planted_sub table completed_valid t=0.0s
[     12s] main 32b c3034 ic_m4 small_x_offset table completed_valid t=0.0s
[     13s] main 32b c3035 ic_m4 subgroup table completed_valid t=0.0s
[     13s] main 32b c3035 ic_m4 small_x table completed_valid t=0.0s
[     13s] main 32b c3035 ic_m4 random_sub_r0 table completed_valid t=0.0s
[     13s] main 32b c3035 ic_m4 random_sub_r1 table completed_valid t=0.0s
[     13s] main 32b c3035 ic_m4 random_sub_r2 table completed_valid t=0.0s
[     13s] main 32b c3035 ic_m4 known_null_sub table completed_valid t=0.0s
[     13s] main 32b c3035 ic_m4 planted_sub table completed_valid t=0.0s
[     13s] main 32b c3035 ic_m4 small_x_offset table completed_valid t=0.0s
[     13s] main 32b c3036 ic_m4 subgroup table completed_valid t=0.0s
[     13s] main 32b c3036 ic_m4 small_x table completed_valid t=0.0s
[     13s] main 32b c3036 ic_m4 random_sub_r0 table completed_valid t=0.0s
[     13s] main 32b c3036 ic_m4 random_sub_r1 table completed_valid t=0.0s
[     13s] main 32b c3036 ic_m4 random_sub_r2 table completed_valid t=0.0s
[     13s] main 32b c3036 ic_m4 known_null_sub table completed_valid t=0.1s
[     13s] main 32b c3036 ic_m4 planted_sub table completed_valid t=0.1s
[     13s] main 32b c3036 ic_m4 small_x_offset table completed_valid t=0.1s
[     14s] main 32b c3037 ic_m4 subgroup table completed_valid t=0.1s
[     14s] main 32b c3037 ic_m4 small_x table completed_valid t=0.1s
[     14s] main 32b c3037 ic_m4 random_sub_r0 table completed_valid t=0.1s
[     14s] main 32b c3037 ic_m4 random_sub_r1 table completed_valid t=0.0s
[     14s] main 32b c3037 ic_m4 random_sub_r2 table completed_valid t=0.0s
[     14s] main 32b c3037 ic_m4 known_null_sub table completed_valid t=0.0s
[     14s] main 32b c3037 ic_m4 planted_sub table completed_valid t=0.0s
[     14s] main 32b c3037 ic_m4 small_x_offset table completed_valid t=0.0s
[     14s] main 32b c3038 ic_m4 subgroup table completed_valid t=0.0s
[     14s] main 32b c3038 ic_m4 small_x table completed_valid t=0.0s
[     14s] main 32b c3038 ic_m4 random_sub_r0 table completed_valid t=0.0s
[     14s] main 32b c3038 ic_m4 random_sub_r1 table completed_valid t=0.0s
[     14s] main 32b c3038 ic_m4 random_sub_r2 table completed_valid t=0.0s
[     14s] main 32b c3038 ic_m4 known_null_sub table completed_valid t=0.0s
[     14s] main 32b c3038 ic_m4 planted_sub table completed_valid t=0.0s
[     14s] main 32b c3038 ic_m4 small_x_offset table completed_valid t=0.0s
[     14s] main 32b c3039 ic_m4 subgroup table completed_valid t=0.0s
[     14s] main 32b c3039 ic_m4 small_x table completed_valid t=0.1s
[     14s] main 32b c3039 ic_m4 random_sub_r0 table completed_valid t=0.0s
[     14s] main 32b c3039 ic_m4 random_sub_r1 table completed_valid t=0.0s
[     14s] main 32b c3039 ic_m4 random_sub_r2 table completed_valid t=0.1s
[     14s] main 32b c3039 ic_m4 known_null_sub table completed_valid t=0.0s
[     14s] main 32b c3039 ic_m4 planted_sub table completed_valid t=0.0s
[     14s] main 32b c3039 ic_m4 small_x_offset table completed_valid t=0.0s
[     15s] main 32b c3040 ic_m4 subgroup table completed_valid t=0.0s
[     15s] main 32b c3040 ic_m4 small_x table completed_valid t=0.0s
[     15s] main 32b c3040 ic_m4 random_sub_r0 table completed_valid t=0.0s
[     15s] main 32b c3040 ic_m4 random_sub_r1 table completed_valid t=0.1s
[     15s] main 32b c3040 ic_m4 random_sub_r2 table completed_valid t=0.1s
[     15s] main 32b c3040 ic_m4 known_null_sub table completed_valid t=0.1s
[     15s] main 32b c3040 ic_m4 planted_sub table completed_valid t=0.0s
[     15s] main 32b c3040 ic_m4 small_x_offset table completed_valid t=0.0s
[     16s] main 32b c3041 ic_m4 subgroup table completed_valid t=0.0s
[     16s] main 32b c3041 ic_m4 small_x table completed_valid t=0.0s
[     16s] main 32b c3041 ic_m4 random_sub_r0 table completed_valid t=0.0s
[     16s] main 32b c3041 ic_m4 random_sub_r1 table completed_valid t=0.0s
[     16s] main 32b c3041 ic_m4 random_sub_r2 table completed_valid t=0.0s
[     16s] main 32b c3041 ic_m4 known_null_sub table completed_valid t=0.0s
[     16s] main 32b c3041 ic_m4 planted_sub table completed_valid t=0.0s
[     16s] main 32b c3041 ic_m4 small_x_offset table completed_valid t=0.0s
[     16s] main 32b c3042 ic_m4 subgroup table completed_valid t=0.0s
[     16s] main 32b c3042 ic_m4 small_x table completed_valid t=0.0s
[     16s] main 32b c3042 ic_m4 random_sub_r0 table completed_valid t=0.0s
[     16s] main 32b c3042 ic_m4 random_sub_r1 table completed_valid t=0.0s
[     16s] main 32b c3042 ic_m4 random_sub_r2 table completed_valid t=0.0s
[     16s] main 32b c3042 ic_m4 known_null_sub table completed_valid t=0.0s
[     16s] main 32b c3042 ic_m4 planted_sub table completed_valid t=0.0s
[     16s] main 32b c3042 ic_m4 small_x_offset table completed_valid t=0.0s
[     16s] main 32b c3043 ic_m4 subgroup table completed_valid t=0.0s
[     16s] main 32b c3043 ic_m4 small_x table completed_valid t=0.0s
[     16s] main 32b c3043 ic_m4 random_sub_r0 table completed_valid t=0.0s
[     16s] main 32b c3043 ic_m4 random_sub_r1 table completed_valid t=0.0s
[     16s] main 32b c3043 ic_m4 random_sub_r2 table completed_valid t=0.0s
[     16s] main 32b c3043 ic_m4 known_null_sub table completed_valid t=0.0s
[     16s] main 32b c3043 ic_m4 planted_sub table completed_valid t=0.0s
[     16s] main 32b c3043 ic_m4 small_x_offset table completed_valid t=0.0s
[     17s] main 32b c3044 ic_m4 subgroup table completed_valid t=0.0s
[     17s] main 32b c3044 ic_m4 small_x table completed_valid t=0.0s
[     17s] main 32b c3044 ic_m4 random_sub_r0 table completed_valid t=0.0s
[     17s] main 32b c3044 ic_m4 random_sub_r1 table completed_valid t=0.0s
[     17s] main 32b c3044 ic_m4 random_sub_r2 table completed_valid t=0.0s
[     17s] main 32b c3044 ic_m4 known_null_sub table completed_valid t=0.0s
[     17s] main 32b c3044 ic_m4 planted_sub table completed_valid t=0.0s
[     17s] main 32b c3044 ic_m4 small_x_offset table completed_valid t=0.0s
[     17s] main 32b c3045 ic_m4 subgroup table completed_valid t=0.0s
[     17s] main 32b c3045 ic_m4 small_x table completed_valid t=0.0s
[     17s] main 32b c3045 ic_m4 random_sub_r0 table completed_valid t=0.0s
[     17s] main 32b c3045 ic_m4 random_sub_r1 table completed_valid t=0.0s
[     17s] main 32b c3045 ic_m4 random_sub_r2 table completed_valid t=0.0s
[     17s] main 32b c3045 ic_m4 known_null_sub table completed_valid t=0.0s
[     17s] main 32b c3045 ic_m4 planted_sub table completed_valid t=0.0s
[     17s] main 32b c3045 ic_m4 small_x_offset table completed_valid t=0.0s
[     18s] main 32b c3046 ic_m4 subgroup table completed_valid t=0.0s
[     18s] main 32b c3046 ic_m4 small_x table completed_valid t=0.0s
[     18s] main 32b c3046 ic_m4 random_sub_r0 table completed_valid t=0.0s
[     18s] main 32b c3046 ic_m4 random_sub_r1 table completed_valid t=0.0s
[     18s] main 32b c3046 ic_m4 random_sub_r2 table completed_valid t=0.0s
[     18s] main 32b c3046 ic_m4 known_null_sub table completed_valid t=0.0s
[     18s] main 32b c3046 ic_m4 planted_sub table completed_valid t=0.0s
[     18s] main 32b c3046 ic_m4 small_x_offset table completed_valid t=0.0s
[     18s] main 32b c3047 ic_m4 subgroup table completed_valid t=0.0s
[     18s] main 32b c3047 ic_m4 small_x table completed_valid t=0.0s
[     18s] main 32b c3047 ic_m4 random_sub_r0 table completed_valid t=0.0s
[     18s] main 32b c3047 ic_m4 random_sub_r1 table completed_valid t=0.0s
[     18s] main 32b c3047 ic_m4 random_sub_r2 table completed_valid t=0.0s
[     18s] main 32b c3047 ic_m4 known_null_sub table completed_valid t=0.0s
[     18s] main 32b c3047 ic_m4 planted_sub table completed_valid t=0.0s
[     18s] main 32b c3047 ic_m4 small_x_offset table completed_valid t=0.0s
[     19s] main 32b c3048 ic_m4 subgroup table completed_valid t=0.0s
[     19s] main 32b c3048 ic_m4 small_x table completed_valid t=0.0s
[     19s] main 32b c3048 ic_m4 random_sub_r0 table completed_valid t=0.0s
[     19s] main 32b c3048 ic_m4 random_sub_r1 table completed_valid t=0.0s
[     19s] main 32b c3048 ic_m4 random_sub_r2 table completed_valid t=0.0s
[     19s] main 32b c3048 ic_m4 known_null_sub table completed_valid t=0.0s
[     19s] main 32b c3048 ic_m4 planted_sub table completed_valid t=0.0s
[     19s] main 32b c3048 ic_m4 small_x_offset table completed_valid t=0.0s
[     19s] main 32b c3049 ic_m4 subgroup table completed_valid t=0.0s
[     19s] main 32b c3049 ic_m4 small_x table completed_valid t=0.0s
[     19s] main 32b c3049 ic_m4 random_sub_r0 table completed_valid t=0.0s
[     19s] main 32b c3049 ic_m4 random_sub_r1 table completed_valid t=0.0s
[     19s] main 32b c3049 ic_m4 random_sub_r2 table completed_valid t=0.0s
[     19s] main 32b c3049 ic_m4 known_null_sub table completed_valid t=0.0s
[     19s] main 32b c3049 ic_m4 planted_sub table completed_valid t=0.0s
[     19s] main 32b c3049 ic_m4 small_x_offset table completed_valid t=0.0s
[     19s] main 32b c3050 ic_m4 subgroup table completed_valid t=0.0s
[     19s] main 32b c3050 ic_m4 small_x table completed_valid t=0.0s
[     19s] main 32b c3050 ic_m4 random_sub_r0 table completed_valid t=0.0s
[     19s] main 32b c3050 ic_m4 random_sub_r1 table completed_valid t=0.0s
[     19s] main 32b c3050 ic_m4 random_sub_r2 table completed_valid t=0.0s
[     19s] main 32b c3050 ic_m4 known_null_sub table completed_valid t=0.0s
[     19s] main 32b c3050 ic_m4 planted_sub table completed_valid t=0.0s
[     19s] main 32b c3050 ic_m4 small_x_offset table completed_valid t=0.0s
[     20s] main 32b c3051 ic_m4 subgroup table completed_valid t=0.0s
[     20s] main 32b c3051 ic_m4 small_x table completed_valid t=0.0s
[     20s] main 32b c3051 ic_m4 random_sub_r0 table completed_valid t=0.0s
[     20s] main 32b c3051 ic_m4 random_sub_r1 table completed_valid t=0.0s
[     20s] main 32b c3051 ic_m4 random_sub_r2 table completed_valid t=0.0s
[     20s] main 32b c3051 ic_m4 known_null_sub table completed_valid t=0.0s
[     20s] main 32b c3051 ic_m4 planted_sub table completed_valid t=0.0s
[     20s] main 32b c3051 ic_m4 small_x_offset table completed_valid t=0.0s
[     20s] main 32b c3052 ic_m4 subgroup table completed_valid t=0.0s
[     20s] main 32b c3052 ic_m4 small_x table completed_valid t=0.0s
[     20s] main 32b c3052 ic_m4 random_sub_r0 table completed_valid t=0.0s
[     20s] main 32b c3052 ic_m4 random_sub_r1 table completed_valid t=0.0s
[     20s] main 32b c3052 ic_m4 random_sub_r2 table completed_valid t=0.0s
[     20s] main 32b c3052 ic_m4 known_null_sub table completed_valid t=0.0s
[     20s] main 32b c3052 ic_m4 planted_sub table completed_valid t=0.0s
[     20s] main 32b c3052 ic_m4 small_x_offset table completed_valid t=0.0s
[     21s] main 32b c3053 ic_m4 subgroup table completed_valid t=0.0s
[     21s] main 32b c3053 ic_m4 small_x table completed_valid t=0.0s
[     21s] main 32b c3053 ic_m4 random_sub_r0 table completed_valid t=0.0s
[     21s] main 32b c3053 ic_m4 random_sub_r1 table completed_valid t=0.0s
[     21s] main 32b c3053 ic_m4 random_sub_r2 table completed_valid t=0.0s
[     21s] main 32b c3053 ic_m4 known_null_sub table completed_valid t=0.0s
[     21s] main 32b c3053 ic_m4 planted_sub table completed_valid t=0.1s
[     21s] main 32b c3053 ic_m4 small_x_offset table completed_valid t=0.1s
[     21s] main 32b c3054 ic_m4 subgroup table completed_valid t=0.0s
[     21s] main 32b c3054 ic_m4 small_x table completed_valid t=0.0s
[     21s] main 32b c3054 ic_m4 random_sub_r0 table completed_valid t=0.0s
[     21s] main 32b c3054 ic_m4 random_sub_r1 table completed_valid t=0.0s
[     21s] main 32b c3054 ic_m4 random_sub_r2 table completed_valid t=0.0s
[     21s] main 32b c3054 ic_m4 known_null_sub table completed_valid t=0.0s
[     21s] main 32b c3054 ic_m4 planted_sub table completed_valid t=0.0s
[     21s] main 32b c3054 ic_m4 small_x_offset table completed_valid t=0.0s
[     22s] main 32b c3055 ic_m4 subgroup table completed_valid t=0.0s
[     22s] main 32b c3055 ic_m4 small_x table completed_valid t=0.0s
[     22s] main 32b c3055 ic_m4 random_sub_r0 table completed_valid t=0.0s
[     22s] main 32b c3055 ic_m4 random_sub_r1 table completed_valid t=0.0s
[     22s] main 32b c3055 ic_m4 random_sub_r2 table completed_valid t=0.0s
[     22s] main 32b c3055 ic_m4 known_null_sub table completed_valid t=0.0s
[     22s] main 32b c3055 ic_m4 planted_sub table completed_valid t=0.0s
[     22s] main 32b c3055 ic_m4 small_x_offset table completed_valid t=0.0s
[     22s] main 32b c3056 ic_m4 subgroup table completed_valid t=0.0s
[     22s] main 32b c3056 ic_m4 small_x table completed_valid t=0.0s
[     22s] main 32b c3056 ic_m4 random_sub_r0 table completed_valid t=0.0s
[     22s] main 32b c3056 ic_m4 random_sub_r1 table completed_valid t=0.0s
[     22s] main 32b c3056 ic_m4 random_sub_r2 table completed_valid t=0.0s
[     22s] main 32b c3056 ic_m4 known_null_sub table completed_valid t=0.0s
[     22s] main 32b c3056 ic_m4 planted_sub table completed_valid t=0.0s
[     22s] main 32b c3056 ic_m4 small_x_offset table completed_valid t=0.0s
[     22s] main 32b c3057 ic_m4 subgroup table completed_valid t=0.0s
[     22s] main 32b c3057 ic_m4 small_x table completed_valid t=0.0s
[     22s] main 32b c3057 ic_m4 random_sub_r0 table completed_valid t=0.0s
[     22s] main 32b c3057 ic_m4 random_sub_r1 table completed_valid t=0.0s
[     22s] main 32b c3057 ic_m4 random_sub_r2 table completed_valid t=0.0s
[     22s] main 32b c3057 ic_m4 known_null_sub table completed_valid t=0.0s
[     22s] main 32b c3057 ic_m4 planted_sub table completed_valid t=0.0s
[     22s] main 32b c3057 ic_m4 small_x_offset table completed_valid t=0.0s
[     23s] main 32b c3058 ic_m4 subgroup table completed_valid t=0.0s
[     23s] main 32b c3058 ic_m4 small_x table completed_valid t=0.0s
[     23s] main 32b c3058 ic_m4 random_sub_r0 table completed_valid t=0.0s
[     23s] main 32b c3058 ic_m4 random_sub_r1 table completed_valid t=0.0s
[     23s] main 32b c3058 ic_m4 random_sub_r2 table completed_valid t=0.0s
[     23s] main 32b c3058 ic_m4 known_null_sub table completed_valid t=0.0s
[     23s] main 32b c3058 ic_m4 planted_sub table completed_valid t=0.0s
[     23s] main 32b c3058 ic_m4 small_x_offset table completed_valid t=0.0s
[     23s] main 32b c3059 ic_m4 subgroup table completed_valid t=0.0s
[     23s] main 32b c3059 ic_m4 small_x table completed_valid t=0.0s
[     23s] main 32b c3059 ic_m4 random_sub_r0 table completed_valid t=0.1s
[     23s] main 32b c3059 ic_m4 random_sub_r1 table completed_valid t=0.0s
[     23s] main 32b c3059 ic_m4 random_sub_r2 table completed_valid t=0.0s
[     23s] main 32b c3059 ic_m4 known_null_sub table completed_valid t=0.0s
[     23s] main 32b c3059 ic_m4 planted_sub table completed_valid t=0.0s
[     23s] main 32b c3059 ic_m4 small_x_offset table completed_valid t=0.0s
[     24s] main 32b c3060 ic_m4 subgroup table completed_valid t=0.0s
[     24s] main 32b c3060 ic_m4 small_x table completed_valid t=0.0s
[     24s] main 32b c3060 ic_m4 random_sub_r0 table completed_valid t=0.0s
[     24s] main 32b c3060 ic_m4 random_sub_r1 table completed_valid t=0.0s
[     24s] main 32b c3060 ic_m4 random_sub_r2 table completed_valid t=0.0s
[     24s] main 32b c3060 ic_m4 known_null_sub table completed_valid t=0.0s
[     24s] main 32b c3060 ic_m4 planted_sub table completed_valid t=0.0s
[     24s] main 32b c3060 ic_m4 small_x_offset table completed_valid t=0.0s
[     24s] main 32b c3061 ic_m4 subgroup table completed_valid t=0.0s
[     24s] main 32b c3061 ic_m4 small_x table completed_valid t=0.0s
[     24s] main 32b c3061 ic_m4 random_sub_r0 table completed_valid t=0.0s
[     24s] main 32b c3061 ic_m4 random_sub_r1 table completed_valid t=0.0s
[     24s] main 32b c3061 ic_m4 random_sub_r2 table completed_valid t=0.0s
[     24s] main 32b c3061 ic_m4 known_null_sub table completed_valid t=0.0s
[     24s] main 32b c3061 ic_m4 planted_sub table completed_valid t=0.0s
[     24s] main 32b c3061 ic_m4 small_x_offset table completed_valid t=0.0s
[     25s] main 32b c3062 ic_m4 subgroup table completed_valid t=0.0s
[     25s] main 32b c3062 ic_m4 small_x table completed_valid t=0.0s
[     25s] main 32b c3062 ic_m4 random_sub_r0 table completed_valid t=0.0s
[     25s] main 32b c3062 ic_m4 random_sub_r1 table completed_valid t=0.0s
[     25s] main 32b c3062 ic_m4 random_sub_r2 table completed_valid t=0.0s
[     25s] main 32b c3062 ic_m4 known_null_sub table completed_valid t=0.0s
[     25s] main 32b c3062 ic_m4 planted_sub table completed_valid t=0.0s
[     25s] main 32b c3062 ic_m4 small_x_offset table completed_valid t=0.0s
[     25s] main 32b c3063 ic_m4 subgroup table completed_valid t=0.0s
[     25s] main 32b c3063 ic_m4 small_x table completed_valid t=0.0s
[     25s] main 32b c3063 ic_m4 random_sub_r0 table completed_valid t=0.0s
[     25s] main 32b c3063 ic_m4 random_sub_r1 table completed_valid t=0.0s
[     25s] main 32b c3063 ic_m4 random_sub_r2 table completed_valid t=0.0s
[     25s] main 32b c3063 ic_m4 known_null_sub table completed_valid t=0.0s
[     25s] main 32b c3063 ic_m4 planted_sub table completed_valid t=0.0s
[     25s] main 32b c3063 ic_m4 small_x_offset table completed_valid t=0.0s
[     25s] main 32b c3064 ic_m4 subgroup table completed_valid t=0.0s
[     25s] main 32b c3064 ic_m4 small_x table completed_valid t=0.0s
[     25s] main 32b c3064 ic_m4 random_sub_r0 table completed_valid t=0.0s
[     25s] main 32b c3064 ic_m4 random_sub_r1 table completed_valid t=0.0s
[     25s] main 32b c3064 ic_m4 random_sub_r2 table completed_valid t=0.0s
[     25s] main 32b c3064 ic_m4 known_null_sub table completed_valid t=0.0s
[     25s] main 32b c3064 ic_m4 planted_sub table completed_valid t=0.0s
[     25s] main 32b c3064 ic_m4 small_x_offset table completed_valid t=0.0s
[     26s] main 32b c3065 ic_m4 subgroup table completed_valid t=0.0s
[     26s] main 32b c3065 ic_m4 small_x table completed_valid t=0.0s
[     26s] main 32b c3065 ic_m4 random_sub_r0 table completed_valid t=0.0s
[     26s] main 32b c3065 ic_m4 random_sub_r1 table completed_valid t=0.0s
[     26s] main 32b c3065 ic_m4 random_sub_r2 table completed_valid t=0.0s
[     26s] main 32b c3065 ic_m4 known_null_sub table completed_valid t=0.0s
[     26s] main 32b c3065 ic_m4 planted_sub table completed_valid t=0.0s
[     26s] main 32b c3065 ic_m4 small_x_offset table completed_valid t=0.0s
[     26s] main 32b c3066 ic_m4 subgroup table completed_valid t=0.0s
[     26s] main 32b c3066 ic_m4 small_x table completed_valid t=0.0s
[     26s] main 32b c3066 ic_m4 random_sub_r0 table completed_valid t=0.0s
[     26s] main 32b c3066 ic_m4 random_sub_r1 table completed_valid t=0.0s
[     26s] main 32b c3066 ic_m4 random_sub_r2 table completed_valid t=0.0s
[     26s] main 32b c3066 ic_m4 known_null_sub table completed_valid t=0.0s
[     26s] main 32b c3066 ic_m4 planted_sub table completed_valid t=0.0s
[     26s] main 32b c3066 ic_m4 small_x_offset table completed_valid t=0.0s
[     26s] main 32b c3067 ic_m4 subgroup table completed_valid t=0.0s
[     26s] main 32b c3067 ic_m4 small_x table completed_valid t=0.0s
[     26s] main 32b c3067 ic_m4 random_sub_r0 table completed_valid t=0.0s
[     26s] main 32b c3067 ic_m4 random_sub_r1 table completed_valid t=0.0s
[     26s] main 32b c3067 ic_m4 random_sub_r2 table completed_valid t=0.0s
[     26s] main 32b c3067 ic_m4 known_null_sub table completed_valid t=0.0s
[     26s] main 32b c3067 ic_m4 planted_sub table completed_valid t=0.0s
[     26s] main 32b c3067 ic_m4 small_x_offset table completed_valid t=0.0s
[     26s] main 32b c3068 ic_m4 subgroup table completed_valid t=0.0s
[     26s] main 32b c3068 ic_m4 small_x table completed_valid t=0.0s
[     26s] main 32b c3068 ic_m4 random_sub_r0 table completed_valid t=0.0s
[     26s] main 32b c3068 ic_m4 random_sub_r1 table completed_valid t=0.0s
[     26s] main 32b c3068 ic_m4 random_sub_r2 table completed_valid t=0.0s
[     26s] main 32b c3068 ic_m4 known_null_sub table completed_valid t=0.0s
[     26s] main 32b c3068 ic_m4 planted_sub table completed_valid t=0.0s
[     26s] main 32b c3068 ic_m4 small_x_offset table completed_valid t=0.0s
[     27s] main 32b c3069 ic_m4 subgroup table completed_valid t=0.0s
[     27s] main 32b c3069 ic_m4 small_x table completed_valid t=0.0s
[     27s] main 32b c3069 ic_m4 random_sub_r0 table completed_valid t=0.0s
[     27s] main 32b c3069 ic_m4 random_sub_r1 table completed_valid t=0.0s
[     27s] main 32b c3069 ic_m4 random_sub_r2 table completed_valid t=0.0s
[     27s] main 32b c3069 ic_m4 known_null_sub table completed_valid t=0.0s
[     27s] main 32b c3069 ic_m4 planted_sub table completed_valid t=0.0s
[     27s] main 32b c3069 ic_m4 small_x_offset table completed_valid t=0.0s
[     27s] main 32b c3070 ic_m4 subgroup table completed_valid t=0.0s
[     27s] main 32b c3070 ic_m4 small_x table completed_valid t=0.0s
[     27s] main 32b c3070 ic_m4 random_sub_r0 table completed_valid t=0.0s
[     27s] main 32b c3070 ic_m4 random_sub_r1 table completed_valid t=0.0s
[     27s] main 32b c3070 ic_m4 random_sub_r2 table completed_valid t=0.0s
[     27s] main 32b c3070 ic_m4 known_null_sub table completed_valid t=0.0s
[     27s] main 32b c3070 ic_m4 planted_sub table completed_valid t=0.0s
[     27s] main 32b c3070 ic_m4 small_x_offset table completed_valid t=0.0s
[     28s] main 32b c3071 ic_m4 subgroup table completed_valid t=0.0s
[     28s] main 32b c3071 ic_m4 small_x table completed_valid t=0.0s
[     28s] main 32b c3071 ic_m4 random_sub_r0 table completed_valid t=0.0s
[     28s] main 32b c3071 ic_m4 random_sub_r1 table completed_valid t=0.0s
[     28s] main 32b c3071 ic_m4 random_sub_r2 table completed_valid t=0.0s
[     28s] main 32b c3071 ic_m4 known_null_sub table completed_valid t=0.0s
[     28s] main 32b c3071 ic_m4 planted_sub table completed_valid t=0.0s
[     28s] main 32b c3071 ic_m4 small_x_offset table completed_valid t=0.0s
[     28s] main 32b c3072 ic_m4 subgroup table completed_valid t=0.0s
[     28s] main 32b c3072 ic_m4 small_x table completed_valid t=0.0s
[     28s] main 32b c3072 ic_m4 random_sub_r0 table completed_valid t=0.0s
[     28s] main 32b c3072 ic_m4 random_sub_r1 table completed_valid t=0.0s
[     28s] main 32b c3072 ic_m4 random_sub_r2 table completed_valid t=0.0s
[     28s] main 32b c3072 ic_m4 known_null_sub table completed_valid t=0.0s
[     28s] main 32b c3072 ic_m4 planted_sub table completed_valid t=0.0s
[     28s] main 32b c3072 ic_m4 small_x_offset table completed_valid t=0.0s
[     29s] main 32b c3073 ic_m4 subgroup table completed_valid t=0.1s
[     29s] main 32b c3073 ic_m4 small_x table completed_valid t=0.0s
[     29s] main 32b c3073 ic_m4 random_sub_r0 table completed_valid t=0.0s
[     29s] main 32b c3073 ic_m4 random_sub_r1 table completed_valid t=0.0s
[     29s] main 32b c3073 ic_m4 random_sub_r2 table completed_valid t=0.0s
[     29s] main 32b c3073 ic_m4 known_null_sub table completed_valid t=0.0s
[     29s] main 32b c3073 ic_m4 planted_sub table completed_valid t=0.0s
[     29s] main 32b c3073 ic_m4 small_x_offset table completed_valid t=0.0s
[     29s] main 32b c3074 ic_m4 subgroup table completed_valid t=0.0s
[     29s] main 32b c3074 ic_m4 small_x table completed_valid t=0.0s
[     29s] main 32b c3074 ic_m4 random_sub_r0 table completed_valid t=0.0s
[     29s] main 32b c3074 ic_m4 random_sub_r1 table completed_valid t=0.0s
[     29s] main 32b c3074 ic_m4 random_sub_r2 table completed_valid t=0.0s
[     29s] main 32b c3074 ic_m4 known_null_sub table completed_valid t=0.0s
[     29s] main 32b c3074 ic_m4 planted_sub table completed_valid t=0.0s
[     29s] main 32b c3074 ic_m4 small_x_offset table completed_valid t=0.0s
[     29s] main 32b c3075 ic_m4 subgroup table completed_valid t=0.0s
[     29s] main 32b c3075 ic_m4 small_x table completed_valid t=0.0s
[     29s] main 32b c3075 ic_m4 random_sub_r0 table completed_valid t=0.0s
[     29s] main 32b c3075 ic_m4 random_sub_r1 table completed_valid t=0.0s
[     29s] main 32b c3075 ic_m4 random_sub_r2 table completed_valid t=0.0s
[     29s] main 32b c3075 ic_m4 known_null_sub table completed_valid t=0.0s
[     29s] main 32b c3075 ic_m4 planted_sub table completed_valid t=0.0s
[     29s] main 32b c3075 ic_m4 small_x_offset table completed_valid t=0.0s
[     30s] main 32b c3076 ic_m4 subgroup table completed_valid t=0.0s
[     30s] main 32b c3076 ic_m4 small_x table completed_valid t=0.0s
[     30s] main 32b c3076 ic_m4 random_sub_r0 table completed_valid t=0.0s
[     30s] main 32b c3076 ic_m4 random_sub_r1 table completed_valid t=0.0s
[     30s] main 32b c3076 ic_m4 random_sub_r2 table completed_valid t=0.0s
[     30s] main 32b c3076 ic_m4 known_null_sub table completed_valid t=0.0s
[     30s] main 32b c3076 ic_m4 planted_sub table completed_valid t=0.0s
[     30s] main 32b c3076 ic_m4 small_x_offset table completed_valid t=0.0s
[     30s] main 32b c3077 ic_m4 subgroup table completed_valid t=0.0s
[     30s] main 32b c3077 ic_m4 small_x table completed_valid t=0.0s
[     30s] main 32b c3077 ic_m4 random_sub_r0 table completed_valid t=0.0s
[     30s] main 32b c3077 ic_m4 random_sub_r1 table completed_valid t=0.0s
[     30s] main 32b c3077 ic_m4 random_sub_r2 table completed_valid t=0.0s
[     30s] main 32b c3077 ic_m4 known_null_sub table completed_valid t=0.0s
[     30s] main 32b c3077 ic_m4 planted_sub table completed_valid t=0.0s
[     30s] main 32b c3077 ic_m4 small_x_offset table completed_valid t=0.0s
[     31s] main 32b c3078 ic_m4 subgroup table completed_valid t=0.0s
[     31s] main 32b c3078 ic_m4 small_x table completed_valid t=0.0s
[     31s] main 32b c3078 ic_m4 random_sub_r0 table completed_valid t=0.0s
[     31s] main 32b c3078 ic_m4 random_sub_r1 table completed_valid t=0.0s
[     31s] main 32b c3078 ic_m4 random_sub_r2 table completed_valid t=0.0s
[     31s] main 32b c3078 ic_m4 known_null_sub table completed_valid t=0.0s
[     31s] main 32b c3078 ic_m4 planted_sub table completed_valid t=0.0s
[     31s] main 32b c3078 ic_m4 small_x_offset table completed_valid t=0.0s
[     31s] main 32b c3079 ic_m4 subgroup table completed_valid t=0.0s
[     31s] main 32b c3079 ic_m4 small_x table completed_valid t=0.0s
[     31s] main 32b c3079 ic_m4 random_sub_r0 table completed_valid t=0.0s
[     31s] main 32b c3079 ic_m4 random_sub_r1 table completed_valid t=0.0s
[     31s] main 32b c3079 ic_m4 random_sub_r2 table completed_valid t=0.0s
[     31s] main 32b c3079 ic_m4 known_null_sub table completed_valid t=0.0s
[     31s] main 32b c3079 ic_m4 planted_sub table completed_valid t=0.0s
[     31s] main 32b c3079 ic_m4 small_x_offset table completed_valid t=0.0s
[     32s] main 32b c3080 ic_m4 subgroup table completed_valid t=0.0s
[     32s] main 32b c3080 ic_m4 small_x table completed_valid t=0.0s
[     32s] main 32b c3080 ic_m4 random_sub_r0 table completed_valid t=0.0s
[     32s] main 32b c3080 ic_m4 random_sub_r1 table completed_valid t=0.0s
[     32s] main 32b c3080 ic_m4 random_sub_r2 table completed_valid t=0.0s
[     32s] main 32b c3080 ic_m4 known_null_sub table completed_valid t=0.0s
[     32s] main 32b c3080 ic_m4 planted_sub table completed_valid t=0.0s
[     32s] main 32b c3080 ic_m4 small_x_offset table completed_valid t=0.0s
[     32s] main 32b c3081 ic_m4 subgroup table completed_valid t=0.0s
[     32s] main 32b c3081 ic_m4 small_x table completed_valid t=0.0s
[     32s] main 32b c3081 ic_m4 random_sub_r0 table completed_valid t=0.0s
[     32s] main 32b c3081 ic_m4 random_sub_r1 table completed_valid t=0.0s
[     32s] main 32b c3081 ic_m4 random_sub_r2 table completed_valid t=0.0s
[     32s] main 32b c3081 ic_m4 known_null_sub table completed_valid t=0.0s
[     32s] main 32b c3081 ic_m4 planted_sub table completed_valid t=0.1s
[     32s] main 32b c3081 ic_m4 small_x_offset table completed_valid t=0.0s
[     33s] main 32b c3082 ic_m4 subgroup table completed_valid t=0.0s
[     33s] main 32b c3082 ic_m4 small_x table completed_valid t=0.0s
[     33s] main 32b c3082 ic_m4 random_sub_r0 table completed_valid t=0.0s
[     33s] main 32b c3082 ic_m4 random_sub_r1 table completed_valid t=0.0s
[     33s] main 32b c3082 ic_m4 random_sub_r2 table completed_valid t=0.0s
[     33s] main 32b c3082 ic_m4 known_null_sub table completed_valid t=0.0s
[     33s] main 32b c3082 ic_m4 planted_sub table completed_valid t=0.0s
[     33s] main 32b c3082 ic_m4 small_x_offset table completed_valid t=0.0s
[     33s] main 32b c3083 ic_m4 subgroup table completed_valid t=0.0s
[     33s] main 32b c3083 ic_m4 small_x table completed_valid t=0.0s
[     33s] main 32b c3083 ic_m4 random_sub_r0 table completed_valid t=0.0s
[     33s] main 32b c3083 ic_m4 random_sub_r1 table completed_valid t=0.0s
[     33s] main 32b c3083 ic_m4 random_sub_r2 table completed_valid t=0.0s
[     33s] main 32b c3083 ic_m4 known_null_sub table completed_valid t=0.0s
[     33s] main 32b c3083 ic_m4 planted_sub table completed_valid t=0.0s
[     33s] main 32b c3083 ic_m4 small_x_offset table completed_valid t=0.0s
[     33s] main 32b c3084 ic_m4 subgroup table completed_valid t=0.0s
[     33s] main 32b c3084 ic_m4 small_x table completed_valid t=0.0s
[     34s] main 32b c3084 ic_m4 random_sub_r0 table completed_valid t=0.0s
[     34s] main 32b c3084 ic_m4 random_sub_r1 table completed_valid t=0.0s
[     34s] main 32b c3084 ic_m4 random_sub_r2 table completed_valid t=0.0s
[     34s] main 32b c3084 ic_m4 known_null_sub table completed_valid t=0.0s
[     34s] main 32b c3084 ic_m4 planted_sub table completed_valid t=0.0s
[     34s] main 32b c3084 ic_m4 small_x_offset table completed_valid t=0.0s
[     34s] main 32b c3085 ic_m4 subgroup table completed_valid t=0.0s
[     34s] main 32b c3085 ic_m4 small_x table completed_valid t=0.0s
[     34s] main 32b c3085 ic_m4 random_sub_r0 table completed_valid t=0.0s
[     34s] main 32b c3085 ic_m4 random_sub_r1 table completed_valid t=0.0s
[     34s] main 32b c3085 ic_m4 random_sub_r2 table completed_valid t=0.0s
[     34s] main 32b c3085 ic_m4 known_null_sub table completed_valid t=0.0s
[     34s] main 32b c3085 ic_m4 planted_sub table completed_valid t=0.0s
[     34s] main 32b c3085 ic_m4 small_x_offset table completed_valid t=0.0s
[     34s] main 32b c3086 ic_m4 subgroup table completed_valid t=0.0s
[     34s] main 32b c3086 ic_m4 small_x table completed_valid t=0.0s
[     34s] main 32b c3086 ic_m4 random_sub_r0 table completed_valid t=0.0s
[     34s] main 32b c3086 ic_m4 random_sub_r1 table completed_valid t=0.0s
[     34s] main 32b c3086 ic_m4 random_sub_r2 table completed_valid t=0.0s
[     34s] main 32b c3086 ic_m4 known_null_sub table completed_valid t=0.0s
[     34s] main 32b c3086 ic_m4 planted_sub table completed_valid t=0.0s
[     34s] main 32b c3086 ic_m4 small_x_offset table completed_valid t=0.0s
[     35s] main 32b c3087 ic_m4 subgroup table completed_valid t=0.0s
[     35s] main 32b c3087 ic_m4 small_x table completed_valid t=0.0s
[     35s] main 32b c3087 ic_m4 random_sub_r0 table completed_valid t=0.0s
[     35s] main 32b c3087 ic_m4 random_sub_r1 table completed_valid t=0.0s
[     35s] main 32b c3087 ic_m4 random_sub_r2 table completed_valid t=0.0s
[     35s] main 32b c3087 ic_m4 known_null_sub table completed_valid t=0.0s
[     35s] main 32b c3087 ic_m4 planted_sub table completed_valid t=0.0s
[     35s] main 32b c3087 ic_m4 small_x_offset table completed_valid t=0.0s
[     35s] main 32b c3088 ic_m4 subgroup table completed_valid t=0.0s
[     35s] main 32b c3088 ic_m4 small_x table completed_valid t=0.0s
[     35s] main 32b c3088 ic_m4 random_sub_r0 table completed_valid t=0.0s
[     35s] main 32b c3088 ic_m4 random_sub_r1 table completed_valid t=0.0s
[     35s] main 32b c3088 ic_m4 random_sub_r2 table completed_valid t=0.0s
[     35s] main 32b c3088 ic_m4 known_null_sub table completed_valid t=0.0s
[     35s] main 32b c3088 ic_m4 planted_sub table completed_valid t=0.0s
[     35s] main 32b c3088 ic_m4 small_x_offset table completed_valid t=0.0s
[     35s] main 32b c3089 ic_m4 subgroup table completed_valid t=0.0s
[     35s] main 32b c3089 ic_m4 small_x table completed_valid t=0.0s
[     35s] main 32b c3089 ic_m4 random_sub_r0 table completed_valid t=0.0s
[     35s] main 32b c3089 ic_m4 random_sub_r1 table completed_valid t=0.0s
[     35s] main 32b c3089 ic_m4 random_sub_r2 table completed_valid t=0.0s
[     35s] main 32b c3089 ic_m4 known_null_sub table completed_valid t=0.0s
[     35s] main 32b c3089 ic_m4 planted_sub table completed_valid t=0.0s
[     35s] main 32b c3089 ic_m4 small_x_offset table completed_valid t=0.0s
[     36s] main 32b c3090 ic_m4 subgroup table completed_valid t=0.0s
[     36s] main 32b c3090 ic_m4 small_x table completed_valid t=0.0s
[     36s] main 32b c3090 ic_m4 random_sub_r0 table completed_valid t=0.0s
[     36s] main 32b c3090 ic_m4 random_sub_r1 table completed_valid t=0.0s
[     36s] main 32b c3090 ic_m4 random_sub_r2 table completed_valid t=0.0s
[     36s] main 32b c3090 ic_m4 known_null_sub table completed_valid t=0.0s
[     36s] main 32b c3090 ic_m4 planted_sub table completed_valid t=0.0s
[     36s] main 32b c3090 ic_m4 small_x_offset table completed_valid t=0.0s
[     36s] main 32b c3091 ic_m4 subgroup table completed_valid t=0.0s
[     36s] main 32b c3091 ic_m4 small_x table completed_valid t=0.0s
[     36s] main 32b c3091 ic_m4 random_sub_r0 table completed_valid t=0.0s
[     36s] main 32b c3091 ic_m4 random_sub_r1 table completed_valid t=0.0s
[     36s] main 32b c3091 ic_m4 random_sub_r2 table completed_valid t=0.0s
[     36s] main 32b c3091 ic_m4 known_null_sub table completed_valid t=0.0s
[     36s] main 32b c3091 ic_m4 planted_sub table completed_valid t=0.0s
[     36s] main 32b c3091 ic_m4 small_x_offset table completed_valid t=0.0s
[     37s] main 32b c3092 ic_m4 subgroup table completed_valid t=0.0s
[     37s] main 32b c3092 ic_m4 small_x table completed_valid t=0.0s
[     37s] main 32b c3092 ic_m4 random_sub_r0 table completed_valid t=0.0s
[     37s] main 32b c3092 ic_m4 random_sub_r1 table completed_valid t=0.0s
[     37s] main 32b c3092 ic_m4 random_sub_r2 table completed_valid t=0.0s
[     37s] main 32b c3092 ic_m4 known_null_sub table completed_valid t=0.0s
[     37s] main 32b c3092 ic_m4 planted_sub table completed_valid t=0.0s
[     37s] main 32b c3092 ic_m4 small_x_offset table completed_valid t=0.0s
[     37s] main 32b c3093 ic_m4 subgroup table completed_valid t=0.0s
[     37s] main 32b c3093 ic_m4 small_x table completed_valid t=0.0s
[     37s] main 32b c3093 ic_m4 random_sub_r0 table completed_valid t=0.0s
[     37s] main 32b c3093 ic_m4 random_sub_r1 table completed_valid t=0.0s
[     37s] main 32b c3093 ic_m4 random_sub_r2 table completed_valid t=0.0s
[     37s] main 32b c3093 ic_m4 known_null_sub table completed_valid t=0.0s
[     37s] main 32b c3093 ic_m4 planted_sub table completed_valid t=0.0s
[     37s] main 32b c3093 ic_m4 small_x_offset table completed_valid t=0.0s
[     37s] main 32b c3094 ic_m4 subgroup table completed_valid t=0.0s
[     37s] main 32b c3094 ic_m4 small_x table completed_valid t=0.0s
[     37s] main 32b c3094 ic_m4 random_sub_r0 table completed_valid t=0.0s
[     37s] main 32b c3094 ic_m4 random_sub_r1 table completed_valid t=0.0s
[     37s] main 32b c3094 ic_m4 random_sub_r2 table completed_valid t=0.0s
[     37s] main 32b c3094 ic_m4 known_null_sub table completed_valid t=0.0s
[     37s] main 32b c3094 ic_m4 planted_sub table completed_valid t=0.0s
[     37s] main 32b c3094 ic_m4 small_x_offset table completed_valid t=0.0s
[     38s] main 32b c3095 ic_m4 subgroup table completed_valid t=0.0s
[     38s] main 32b c3095 ic_m4 small_x table completed_valid t=0.0s
[     38s] main 32b c3095 ic_m4 random_sub_r0 table completed_valid t=0.0s
[     38s] main 32b c3095 ic_m4 random_sub_r1 table completed_valid t=0.0s
[     38s] main 32b c3095 ic_m4 random_sub_r2 table completed_valid t=0.0s
[     38s] main 32b c3095 ic_m4 known_null_sub table completed_valid t=0.0s
[     38s] main 32b c3095 ic_m4 planted_sub table completed_valid t=0.0s
[     38s] main 32b c3095 ic_m4 small_x_offset table completed_valid t=0.0s
[     38s] main 32b c3096 ic_m4 subgroup table completed_valid t=0.0s
[     38s] main 32b c3096 ic_m4 small_x table completed_valid t=0.0s
[     38s] main 32b c3096 ic_m4 random_sub_r0 table completed_valid t=0.0s
[     38s] main 32b c3096 ic_m4 random_sub_r1 table completed_valid t=0.1s
[     38s] main 32b c3096 ic_m4 random_sub_r2 table completed_valid t=0.0s
[     38s] main 32b c3096 ic_m4 known_null_sub table completed_valid t=0.0s
[     38s] main 32b c3096 ic_m4 planted_sub table completed_valid t=0.0s
[     38s] main 32b c3096 ic_m4 small_x_offset table completed_valid t=0.0s
[     39s] main 32b c3097 ic_m4 subgroup table completed_valid t=0.0s
[     39s] main 32b c3097 ic_m4 small_x table completed_valid t=0.0s
[     39s] main 32b c3097 ic_m4 random_sub_r0 table completed_valid t=0.0s
[     39s] main 32b c3097 ic_m4 random_sub_r1 table completed_valid t=0.0s
[     39s] main 32b c3097 ic_m4 random_sub_r2 table completed_valid t=0.0s
[     39s] main 32b c3097 ic_m4 known_null_sub table completed_valid t=0.0s
[     39s] main 32b c3097 ic_m4 planted_sub table completed_valid t=0.0s
[     39s] main 32b c3097 ic_m4 small_x_offset table completed_valid t=0.0s
[     39s] main 32b c3098 ic_m4 subgroup table completed_valid t=0.0s
[     39s] main 32b c3098 ic_m4 small_x table completed_valid t=0.0s
[     39s] main 32b c3098 ic_m4 random_sub_r0 table completed_valid t=0.0s
[     39s] main 32b c3098 ic_m4 random_sub_r1 table completed_valid t=0.0s
[     39s] main 32b c3098 ic_m4 random_sub_r2 table completed_valid t=0.0s
[     39s] main 32b c3098 ic_m4 known_null_sub table completed_valid t=0.0s
[     39s] main 32b c3098 ic_m4 planted_sub table completed_valid t=0.0s
[     39s] main 32b c3098 ic_m4 small_x_offset table completed_valid t=0.0s
[     40s] main 32b c3099 ic_m4 subgroup table completed_valid t=0.0s
[     40s] main 32b c3099 ic_m4 small_x table completed_valid t=0.0s
[     40s] main 32b c3099 ic_m4 random_sub_r0 table completed_valid t=0.0s
[     40s] main 32b c3099 ic_m4 random_sub_r1 table completed_valid t=0.0s
[     40s] main 32b c3099 ic_m4 random_sub_r2 table completed_valid t=0.0s
[     40s] main 32b c3099 ic_m4 known_null_sub table completed_valid t=0.0s
[     40s] main 32b c3099 ic_m4 planted_sub table completed_valid t=0.0s
[     40s] main 32b c3099 ic_m4 small_x_offset table completed_valid t=0.0s
[     40s] main 32b c3100 ic_m4 subgroup table completed_valid t=0.0s
[     40s] main 32b c3100 ic_m4 small_x table completed_valid t=0.0s
[     40s] main 32b c3100 ic_m4 random_sub_r0 table completed_valid t=0.0s
[     40s] main 32b c3100 ic_m4 random_sub_r1 table completed_valid t=0.0s
[     40s] main 32b c3100 ic_m4 random_sub_r2 table completed_valid t=0.0s
[     40s] main 32b c3100 ic_m4 known_null_sub table completed_valid t=0.0s
[     40s] main 32b c3100 ic_m4 planted_sub table completed_valid t=0.0s
[     40s] main 32b c3100 ic_m4 small_x_offset table completed_valid t=0.0s
[     40s] main 32b c3101 ic_m4 subgroup table completed_valid t=0.0s
[     40s] main 32b c3101 ic_m4 small_x table completed_valid t=0.0s
[     40s] main 32b c3101 ic_m4 random_sub_r0 table completed_valid t=0.0s
[     40s] main 32b c3101 ic_m4 random_sub_r1 table completed_valid t=0.0s
[     40s] main 32b c3101 ic_m4 random_sub_r2 table completed_valid t=0.0s
[     40s] main 32b c3101 ic_m4 known_null_sub table completed_valid t=0.0s
[     40s] main 32b c3101 ic_m4 planted_sub table completed_valid t=0.0s
[     40s] main 32b c3101 ic_m4 small_x_offset table completed_valid t=0.0s
[     41s] main 32b c3102 ic_m4 subgroup table completed_valid t=0.0s
[     41s] main 32b c3102 ic_m4 small_x table completed_valid t=0.0s
[     41s] main 32b c3102 ic_m4 random_sub_r0 table completed_valid t=0.0s
[     41s] main 32b c3102 ic_m4 random_sub_r1 table completed_valid t=0.0s
[     41s] main 32b c3102 ic_m4 random_sub_r2 table completed_valid t=0.0s
[     41s] main 32b c3102 ic_m4 known_null_sub table completed_valid t=0.0s
[     41s] main 32b c3102 ic_m4 planted_sub table completed_valid t=0.0s
[     41s] main 32b c3102 ic_m4 small_x_offset table completed_valid t=0.0s
[     41s] main 32b c3103 ic_m4 subgroup table completed_valid t=0.0s
[     41s] main 32b c3103 ic_m4 small_x table completed_valid t=0.0s
[     41s] main 32b c3103 ic_m4 random_sub_r0 table completed_valid t=0.0s
[     41s] main 32b c3103 ic_m4 random_sub_r1 table completed_valid t=0.0s
[     41s] main 32b c3103 ic_m4 random_sub_r2 table completed_valid t=0.0s
[     41s] main 32b c3103 ic_m4 known_null_sub table completed_valid t=0.0s
[     41s] main 32b c3103 ic_m4 planted_sub table completed_valid t=0.0s
[     41s] main 32b c3103 ic_m4 small_x_offset table completed_valid t=0.0s
[     41s] main 32b c3104 ic_m4 subgroup table completed_valid t=0.1s
[     41s] main 32b c3104 ic_m4 small_x table completed_valid t=0.0s
[     41s] main 32b c3104 ic_m4 random_sub_r0 table completed_valid t=0.1s
[     41s] main 32b c3104 ic_m4 random_sub_r1 table completed_valid t=0.1s
[     41s] main 32b c3104 ic_m4 random_sub_r2 table completed_valid t=0.0s
[     41s] main 32b c3104 ic_m4 known_null_sub table completed_valid t=0.0s
[     41s] main 32b c3104 ic_m4 planted_sub table completed_valid t=0.0s
[     41s] main 32b c3104 ic_m4 small_x_offset table completed_valid t=0.0s
[     42s] main 32b c3105 ic_m4 subgroup table completed_valid t=0.0s
[     42s] main 32b c3105 ic_m4 small_x table completed_valid t=0.0s
[     42s] main 32b c3105 ic_m4 random_sub_r0 table completed_valid t=0.0s
[     42s] main 32b c3105 ic_m4 random_sub_r1 table completed_valid t=0.0s
[     42s] main 32b c3105 ic_m4 random_sub_r2 table completed_valid t=0.0s
[     42s] main 32b c3105 ic_m4 known_null_sub table completed_valid t=0.0s
[     42s] main 32b c3105 ic_m4 planted_sub table completed_valid t=0.0s
[     42s] main 32b c3105 ic_m4 small_x_offset table completed_valid t=0.0s
[     42s] main 32b c3106 ic_m4 subgroup table completed_valid t=0.0s
[     42s] main 32b c3106 ic_m4 small_x table completed_valid t=0.0s
[     42s] main 32b c3106 ic_m4 random_sub_r0 table completed_valid t=0.0s
[     42s] main 32b c3106 ic_m4 random_sub_r1 table completed_valid t=0.0s
[     42s] main 32b c3106 ic_m4 random_sub_r2 table completed_valid t=0.0s
[     42s] main 32b c3106 ic_m4 known_null_sub table completed_valid t=0.0s
[     42s] main 32b c3106 ic_m4 planted_sub table completed_valid t=0.0s
[     42s] main 32b c3106 ic_m4 small_x_offset table completed_valid t=0.0s
[     43s] main 32b c3107 ic_m4 subgroup table completed_valid t=0.0s
[     43s] main 32b c3107 ic_m4 small_x table completed_valid t=0.0s
[     43s] main 32b c3107 ic_m4 random_sub_r0 table completed_valid t=0.0s
[     43s] main 32b c3107 ic_m4 random_sub_r1 table completed_valid t=0.0s
[     43s] main 32b c3107 ic_m4 random_sub_r2 table completed_valid t=0.0s
[     43s] main 32b c3107 ic_m4 known_null_sub table completed_valid t=0.0s
[     43s] main 32b c3107 ic_m4 planted_sub table completed_valid t=0.0s
[     43s] main 32b c3107 ic_m4 small_x_offset table completed_valid t=0.0s
[     43s] main 32b c3108 ic_m4 subgroup table completed_valid t=0.0s
[     43s] main 32b c3108 ic_m4 small_x table completed_valid t=0.0s
[     43s] main 32b c3108 ic_m4 random_sub_r0 table completed_valid t=0.0s
[     43s] main 32b c3108 ic_m4 random_sub_r1 table completed_valid t=0.0s
[     43s] main 32b c3108 ic_m4 random_sub_r2 table completed_valid t=0.0s
[     43s] main 32b c3108 ic_m4 known_null_sub table completed_valid t=0.0s
[     43s] main 32b c3108 ic_m4 planted_sub table completed_valid t=0.0s
[     43s] main 32b c3108 ic_m4 small_x_offset table completed_valid t=0.0s
[     44s] main 32b c3109 ic_m4 subgroup table completed_valid t=0.0s
[     44s] main 32b c3109 ic_m4 small_x table completed_valid t=0.0s
[     44s] main 32b c3109 ic_m4 random_sub_r0 table completed_valid t=0.0s
[     44s] main 32b c3109 ic_m4 random_sub_r1 table completed_valid t=0.0s
[     44s] main 32b c3109 ic_m4 random_sub_r2 table completed_valid t=0.0s
[     44s] main 32b c3109 ic_m4 known_null_sub table completed_valid t=0.0s
[     44s] main 32b c3109 ic_m4 planted_sub table completed_valid t=0.0s
[     44s] main 32b c3109 ic_m4 small_x_offset table completed_valid t=0.0s
