[      0s] main 30b c810 ic_m4 subgroup table completed_valid t=0.1s
[      0s] main 30b c810 ic_m4 dickson table completed_valid t=0.0s
[      0s] main 30b c810 ic_m4 small_x table completed_valid t=0.0s
[      0s] main 30b c810 ic_m4 random_sub_r0 table completed_valid t=0.0s
[      0s] main 30b c810 ic_m4 random_sub_r1 table completed_valid t=0.0s
[      0s] main 30b c810 ic_m4 random_sub_r2 table completed_valid t=0.0s
[      0s] main 30b c810 ic_m4 known_null_sub table completed_valid t=0.0s
[      0s] main 30b c810 ic_m4 random_dick_r0 table completed_valid t=0.0s
[      0s] main 30b c810 ic_m4 random_dick_r1 table completed_valid t=0.0s
[      0s] main 30b c810 ic_m4 random_dick_r2 table completed_valid t=0.0s
[      0s] main 30b c810 ic_m4 known_null_dick table completed_valid t=0.0s
[      1s] main 30b c811 ic_m4 subgroup table completed_valid t=0.0s
[      1s] main 30b c811 ic_m4 dickson table completed_valid t=0.0s
[      1s] main 30b c811 ic_m4 small_x table completed_valid t=0.0s
[      1s] main 30b c811 ic_m4 random_sub_r0 table completed_valid t=0.0s
[      1s] main 30b c811 ic_m4 random_sub_r1 table completed_valid t=0.0s
[      1s] main 30b c811 ic_m4 random_sub_r2 table completed_valid t=0.0s
[      1s] main 30b c811 ic_m4 known_null_sub table completed_valid t=0.0s
[      1s] main 30b c811 ic_m4 random_dick_r0 table completed_valid t=0.0s
[      1s] main 30b c811 ic_m4 random_dick_r1 table completed_valid t=0.0s
[      1s] main 30b c811 ic_m4 random_dick_r2 table completed_valid t=0.0s
[      1s] main 30b c811 ic_m4 known_null_dick table completed_valid t=0.0s
[      1s] main 30b c812 ic_m4 subgroup table completed_valid t=0.0s
[      1s] main 30b c812 ic_m4 dickson table completed_valid t=0.0s
[      1s] main 30b c812 ic_m4 small_x table completed_valid t=0.0s
[      1s] main 30b c812 ic_m4 random_sub_r0 table completed_valid t=0.0s
[      1s] main 30b c812 ic_m4 random_sub_r1 table completed_valid t=0.0s
[      1s] main 30b c812 ic_m4 random_sub_r2 table completed_valid t=0.0s
[      1s] main 30b c812 ic_m4 known_null_sub table completed_valid t=0.0s
[      1s] main 30b c812 ic_m4 random_dick_r0 table completed_valid t=0.0s
[      1s] main 30b c812 ic_m4 random_dick_r1 table completed_valid t=0.0s
[      1s] main 30b c812 ic_m4 random_dick_r2 table completed_valid t=0.0s
[      1s] main 30b c812 ic_m4 known_null_dick table completed_valid t=0.0s
[      1s] main 30b c813 ic_m4 subgroup table completed_valid t=0.0s
[      1s] main 30b c813 ic_m4 dickson table completed_valid t=0.0s
[      1s] main 30b c813 ic_m4 small_x table completed_valid t=0.0s
[      1s] main 30b c813 ic_m4 random_sub_r0 table completed_valid t=0.0s
[      1s] main 30b c813 ic_m4 random_sub_r1 table completed_valid t=0.0s
[      1s] main 30b c813 ic_m4 random_sub_r2 table completed_valid t=0.0s
[      1s] main 30b c813 ic_m4 known_null_sub table completed_valid t=0.0s
[      1s] main 30b c813 ic_m4 random_dick_r0 table completed_valid t=0.0s
[      1s] main 30b c813 ic_m4 random_dick_r1 table completed_valid t=0.0s
[      1s] main 30b c813 ic_m4 random_dick_r2 table completed_valid t=0.0s
[      1s] main 30b c813 ic_m4 known_null_dick table completed_valid t=0.0s
[      2s] main 30b c814 ic_m4 subgroup table completed_valid t=0.0s
[      2s] main 30b c814 ic_m4 dickson table completed_valid t=0.0s
[      2s] main 30b c814 ic_m4 small_x table completed_valid t=0.0s
[      2s] main 30b c814 ic_m4 random_sub_r0 table completed_valid t=0.0s
[      2s] main 30b c814 ic_m4 random_sub_r1 table completed_valid t=0.0s
[      2s] main 30b c814 ic_m4 random_sub_r2 table completed_valid t=0.0s
[      2s] main 30b c814 ic_m4 known_null_sub table completed_valid t=0.0s
[      2s] main 30b c814 ic_m4 random_dick_r0 table completed_valid t=0.0s
[      2s] main 30b c814 ic_m4 random_dick_r1 table completed_valid t=0.0s
[      2s] main 30b c814 ic_m4 random_dick_r2 table completed_valid t=0.0s
[      2s] main 30b c814 ic_m4 known_null_dick table completed_valid t=0.0s
[      2s] main 30b c815 ic_m4 subgroup table completed_valid t=0.0s
[      2s] main 30b c815 ic_m4 dickson table completed_valid t=0.0s
[      2s] main 30b c815 ic_m4 small_x table completed_valid t=0.0s
[      2s] main 30b c815 ic_m4 random_sub_r0 table completed_valid t=0.0s
[      2s] main 30b c815 ic_m4 random_sub_r1 table completed_valid t=0.0s
[      2s] main 30b c815 ic_m4 random_sub_r2 table completed_valid t=0.0s
[      2s] main 30b c815 ic_m4 known_null_sub table completed_valid t=0.0s
[      2s] main 30b c815 ic_m4 random_dick_r0 table completed_valid t=0.0s
[      2s] main 30b c815 ic_m4 random_dick_r1 table completed_valid t=0.0s
[      2s] main 30b c815 ic_m4 random_dick_r2 table completed_valid t=0.0s
[      2s] main 30b c815 ic_m4 known_null_dick table completed_valid t=0.0s
[      3s] main 30b c816 ic_m4 subgroup table completed_valid t=0.0s
[      3s] main 30b c816 ic_m4 dickson table completed_valid t=0.0s
[      3s] main 30b c816 ic_m4 small_x table completed_valid t=0.0s
[      3s] main 30b c816 ic_m4 random_sub_r0 table completed_valid t=0.0s
[      3s] main 30b c816 ic_m4 random_sub_r1 table completed_valid t=0.0s
[      3s] main 30b c816 ic_m4 random_sub_r2 table completed_valid t=0.0s
[      3s] main 30b c816 ic_m4 known_null_sub table completed_valid t=0.0s
[      3s] main 30b c816 ic_m4 random_dick_r0 table completed_valid t=0.0s
[      3s] main 30b c816 ic_m4 random_dick_r1 table completed_valid t=0.0s
[      3s] main 30b c816 ic_m4 random_dick_r2 table completed_valid t=0.0s
[      3s] main 30b c816 ic_m4 known_null_dick table completed_valid t=0.0s
[      3s] main 30b c817 ic_m4 subgroup table completed_valid t=0.0s
[      3s] main 30b c817 ic_m4 dickson table completed_valid t=0.0s
[      3s] main 30b c817 ic_m4 small_x table completed_valid t=0.0s
[      3s] main 30b c817 ic_m4 random_sub_r0 table completed_valid t=0.0s
[      3s] main 30b c817 ic_m4 random_sub_r1 table completed_valid t=0.0s
[      3s] main 30b c817 ic_m4 random_sub_r2 table completed_valid t=0.0s
[      3s] main 30b c817 ic_m4 known_null_sub table completed_valid t=0.0s
[      3s] main 30b c817 ic_m4 random_dick_r0 table completed_valid t=0.0s
[      3s] main 30b c817 ic_m4 random_dick_r1 table completed_valid t=0.0s
[      3s] main 30b c817 ic_m4 random_dick_r2 table completed_valid t=0.0s
[      3s] main 30b c817 ic_m4 known_null_dick table completed_valid t=0.0s
[      3s] main 30b c818 ic_m4 subgroup table completed_valid t=0.0s
[      3s] main 30b c818 ic_m4 dickson table completed_valid t=0.0s
[      3s] main 30b c818 ic_m4 small_x table completed_valid t=0.0s
[      3s] main 30b c818 ic_m4 random_sub_r0 table completed_valid t=0.0s
[      3s] main 30b c818 ic_m4 random_sub_r1 table completed_valid t=0.0s
[      3s] main 30b c818 ic_m4 random_sub_r2 table completed_valid t=0.0s
[      3s] main 30b c818 ic_m4 known_null_sub table completed_valid t=0.0s
[      3s] main 30b c818 ic_m4 random_dick_r0 table completed_valid t=0.0s
[      3s] main 30b c818 ic_m4 random_dick_r1 table completed_valid t=0.0s
[      3s] main 30b c818 ic_m4 random_dick_r2 table completed_valid t=0.0s
[      3s] main 30b c818 ic_m4 known_null_dick table completed_valid t=0.0s
[      3s] main 30b c819 ic_m4 subgroup table completed_valid t=0.0s
[      3s] main 30b c819 ic_m4 dickson table completed_valid t=0.0s
[      3s] main 30b c819 ic_m4 small_x table completed_valid t=0.0s
[      3s] main 30b c819 ic_m4 random_sub_r0 table completed_valid t=0.0s
[      3s] main 30b c819 ic_m4 random_sub_r1 table completed_valid t=0.0s
[      3s] main 30b c819 ic_m4 random_sub_r2 table completed_valid t=0.0s
[      3s] main 30b c819 ic_m4 known_null_sub table completed_valid t=0.0s
[      3s] main 30b c819 ic_m4 random_dick_r0 table completed_valid t=0.0s
[      3s] main 30b c819 ic_m4 random_dick_r1 table completed_valid t=0.0s
[      3s] main 30b c819 ic_m4 random_dick_r2 table completed_valid t=0.0s
[      3s] main 30b c819 ic_m4 known_null_dick table completed_valid t=0.0s
[      4s] main 30b c820 ic_m4 subgroup table completed_valid t=0.0s
[      4s] main 30b c820 ic_m4 dickson table completed_valid t=0.0s
[      4s] main 30b c820 ic_m4 small_x table completed_valid t=0.0s
[      4s] main 30b c820 ic_m4 random_sub_r0 table completed_valid t=0.0s
[      4s] main 30b c820 ic_m4 random_sub_r1 table completed_valid t=0.0s
[      4s] main 30b c820 ic_m4 random_sub_r2 table completed_valid t=0.0s
[      4s] main 30b c820 ic_m4 known_null_sub table completed_valid t=0.0s
[      4s] main 30b c820 ic_m4 random_dick_r0 table completed_valid t=0.0s
[      4s] main 30b c820 ic_m4 random_dick_r1 table completed_valid t=0.0s
[      4s] main 30b c820 ic_m4 random_dick_r2 table completed_valid t=0.0s
[      4s] main 30b c820 ic_m4 known_null_dick table completed_valid t=0.0s
[      4s] main 30b c821 ic_m4 subgroup table completed_valid t=0.0s
[      4s] main 30b c821 ic_m4 dickson table completed_valid t=0.0s
[      4s] main 30b c821 ic_m4 small_x table completed_valid t=0.0s
[      4s] main 30b c821 ic_m4 random_sub_r0 table completed_valid t=0.0s
[      4s] main 30b c821 ic_m4 random_sub_r1 table completed_valid t=0.0s
[      4s] main 30b c821 ic_m4 random_sub_r2 table completed_valid t=0.0s
[      4s] main 30b c821 ic_m4 known_null_sub table completed_valid t=0.0s
[      4s] main 30b c821 ic_m4 random_dick_r0 table completed_valid t=0.0s
[      4s] main 30b c821 ic_m4 random_dick_r1 table completed_valid t=0.0s
[      4s] main 30b c821 ic_m4 random_dick_r2 table completed_valid t=0.0s
[      4s] main 30b c821 ic_m4 known_null_dick table completed_valid t=0.0s
[      4s] main 30b c822 ic_m4 subgroup table completed_valid t=0.0s
[      4s] main 30b c822 ic_m4 dickson table completed_valid t=0.0s
[      4s] main 30b c822 ic_m4 small_x table completed_valid t=0.0s
[      4s] main 30b c822 ic_m4 random_sub_r0 table completed_valid t=0.0s
[      4s] main 30b c822 ic_m4 random_sub_r1 table completed_valid t=0.0s
[      4s] main 30b c822 ic_m4 random_sub_r2 table completed_valid t=0.0s
[      4s] main 30b c822 ic_m4 known_null_sub table completed_valid t=0.0s
[      4s] main 30b c822 ic_m4 random_dick_r0 table completed_valid t=0.0s
[      4s] main 30b c822 ic_m4 random_dick_r1 table completed_valid t=0.0s
[      4s] main 30b c822 ic_m4 random_dick_r2 table completed_valid t=0.0s
[      4s] main 30b c822 ic_m4 known_null_dick table completed_valid t=0.0s
[      5s] main 30b c823 ic_m4 subgroup table completed_valid t=0.0s
[      5s] main 30b c823 ic_m4 dickson table completed_valid t=0.0s
[      5s] main 30b c823 ic_m4 small_x table completed_valid t=0.0s
[      5s] main 30b c823 ic_m4 random_sub_r0 table completed_valid t=0.0s
[      5s] main 30b c823 ic_m4 random_sub_r1 table completed_valid t=0.0s
[      5s] main 30b c823 ic_m4 random_sub_r2 table completed_valid t=0.0s
[      5s] main 30b c823 ic_m4 known_null_sub table completed_valid t=0.0s
[      5s] main 30b c823 ic_m4 random_dick_r0 table completed_valid t=0.0s
[      5s] main 30b c823 ic_m4 random_dick_r1 table completed_valid t=0.0s
[      5s] main 30b c823 ic_m4 random_dick_r2 table completed_valid t=0.0s
[      5s] main 30b c823 ic_m4 known_null_dick table completed_valid t=0.0s
[      5s] main 30b c824 ic_m4 subgroup table completed_valid t=0.0s
[      5s] main 30b c824 ic_m4 dickson table completed_valid t=0.0s
[      5s] main 30b c824 ic_m4 small_x table completed_valid t=0.0s
[      5s] main 30b c824 ic_m4 random_sub_r0 table completed_valid t=0.0s
[      5s] main 30b c824 ic_m4 random_sub_r1 table completed_valid t=0.0s
[      5s] main 30b c824 ic_m4 random_sub_r2 table completed_valid t=0.0s
[      5s] main 30b c824 ic_m4 known_null_sub table completed_valid t=0.0s
[      5s] main 30b c824 ic_m4 random_dick_r0 table completed_valid t=0.0s
[      5s] main 30b c824 ic_m4 random_dick_r1 table completed_valid t=0.0s
[      5s] main 30b c824 ic_m4 random_dick_r2 table completed_valid t=0.0s
[      5s] main 30b c824 ic_m4 known_null_dick table completed_valid t=0.0s
[      5s] main 30b c825 ic_m4 subgroup table completed_valid t=0.0s
[      5s] main 30b c825 ic_m4 dickson table completed_valid t=0.0s
[      5s] main 30b c825 ic_m4 small_x table completed_valid t=0.0s
[      5s] main 30b c825 ic_m4 random_sub_r0 table completed_valid t=0.0s
[      5s] main 30b c825 ic_m4 random_sub_r1 table completed_valid t=0.0s
[      5s] main 30b c825 ic_m4 random_sub_r2 table completed_valid t=0.0s
[      5s] main 30b c825 ic_m4 known_null_sub table completed_valid t=0.0s
[      5s] main 30b c825 ic_m4 random_dick_r0 table completed_valid t=0.0s
[      5s] main 30b c825 ic_m4 random_dick_r1 table completed_valid t=0.0s
[      5s] main 30b c825 ic_m4 random_dick_r2 table completed_valid t=0.0s
[      5s] main 30b c825 ic_m4 known_null_dick table completed_valid t=0.0s
[      6s] main 30b c826 ic_m4 subgroup table completed_valid t=0.0s
[      6s] main 30b c826 ic_m4 dickson table completed_valid t=0.0s
[      6s] main 30b c826 ic_m4 small_x table completed_valid t=0.0s
[      6s] main 30b c826 ic_m4 random_sub_r0 table completed_valid t=0.0s
[      6s] main 30b c826 ic_m4 random_sub_r1 table completed_valid t=0.0s
[      6s] main 30b c826 ic_m4 random_sub_r2 table completed_valid t=0.0s
[      6s] main 30b c826 ic_m4 known_null_sub table completed_valid t=0.0s
[      6s] main 30b c826 ic_m4 random_dick_r0 table completed_valid t=0.0s
[      6s] main 30b c826 ic_m4 random_dick_r1 table completed_valid t=0.0s
[      6s] main 30b c826 ic_m4 random_dick_r2 table completed_valid t=0.0s
[      6s] main 30b c826 ic_m4 known_null_dick table completed_valid t=0.0s
[      6s] main 30b c827 ic_m4 subgroup table completed_valid t=0.0s
[      6s] main 30b c827 ic_m4 dickson table completed_valid t=0.0s
[      6s] main 30b c827 ic_m4 small_x table completed_valid t=0.0s
[      6s] main 30b c827 ic_m4 random_sub_r0 table completed_valid t=0.0s
[      6s] main 30b c827 ic_m4 random_sub_r1 table completed_valid t=0.0s
[      6s] main 30b c827 ic_m4 random_sub_r2 table completed_valid t=0.0s
[      6s] main 30b c827 ic_m4 known_null_sub table completed_valid t=0.0s
[      6s] main 30b c827 ic_m4 random_dick_r0 table completed_valid t=0.0s
[      6s] main 30b c827 ic_m4 random_dick_r1 table completed_valid t=0.0s
[      6s] main 30b c827 ic_m4 random_dick_r2 table completed_valid t=0.0s
[      6s] main 30b c827 ic_m4 known_null_dick table completed_valid t=0.0s
[      6s] main 30b c828 ic_m4 subgroup table completed_valid t=0.0s
[      6s] main 30b c828 ic_m4 dickson table completed_valid t=0.0s
[      6s] main 30b c828 ic_m4 small_x table completed_valid t=0.0s
[      6s] main 30b c828 ic_m4 random_sub_r0 table completed_valid t=0.0s
[      6s] main 30b c828 ic_m4 random_sub_r1 table completed_valid t=0.0s
[      6s] main 30b c828 ic_m4 random_sub_r2 table completed_valid t=0.0s
[      6s] main 30b c828 ic_m4 known_null_sub table completed_valid t=0.0s
[      6s] main 30b c828 ic_m4 random_dick_r0 table completed_valid t=0.0s
[      6s] main 30b c828 ic_m4 random_dick_r1 table completed_valid t=0.0s
[      6s] main 30b c828 ic_m4 random_dick_r2 table completed_valid t=0.0s
[      6s] main 30b c828 ic_m4 known_null_dick table completed_valid t=0.0s
[      7s] main 30b c829 ic_m4 subgroup table completed_valid t=0.0s
[      7s] main 30b c829 ic_m4 dickson table completed_valid t=0.0s
[      7s] main 30b c829 ic_m4 small_x table completed_valid t=0.0s
[      7s] main 30b c829 ic_m4 random_sub_r0 table completed_valid t=0.0s
[      7s] main 30b c829 ic_m4 random_sub_r1 table completed_valid t=0.0s
[      7s] main 30b c829 ic_m4 random_sub_r2 table completed_valid t=0.0s
[      7s] main 30b c829 ic_m4 known_null_sub table completed_valid t=0.0s
[      7s] main 30b c829 ic_m4 random_dick_r0 table completed_valid t=0.0s
[      7s] main 30b c829 ic_m4 random_dick_r1 table completed_valid t=0.0s
[      7s] main 30b c829 ic_m4 random_dick_r2 table completed_valid t=0.0s
[      7s] main 30b c829 ic_m4 known_null_dick table completed_valid t=0.0s
[      7s] main 30b c830 ic_m4 subgroup table completed_valid t=0.0s
[      7s] main 30b c830 ic_m4 dickson table completed_valid t=0.0s
[      7s] main 30b c830 ic_m4 small_x table completed_valid t=0.0s
[      7s] main 30b c830 ic_m4 random_sub_r0 table completed_valid t=0.0s
[      7s] main 30b c830 ic_m4 random_sub_r1 table completed_valid t=0.0s
[      7s] main 30b c830 ic_m4 random_sub_r2 table completed_valid t=0.0s
[      7s] main 30b c830 ic_m4 known_null_sub table completed_valid t=0.0s
[      7s] main 30b c830 ic_m4 random_dick_r0 table completed_valid t=0.0s
[      7s] main 30b c830 ic_m4 random_dick_r1 table completed_valid t=0.0s
[      7s] main 30b c830 ic_m4 random_dick_r2 table completed_valid t=0.0s
[      7s] main 30b c830 ic_m4 known_null_dick table completed_valid t=0.0s
[      7s] main 30b c831 ic_m4 subgroup table completed_valid t=0.0s
[      7s] main 30b c831 ic_m4 dickson table completed_valid t=0.0s
[      7s] main 30b c831 ic_m4 small_x table completed_valid t=0.0s
[      7s] main 30b c831 ic_m4 random_sub_r0 table completed_valid t=0.0s
[      7s] main 30b c831 ic_m4 random_sub_r1 table completed_valid t=0.0s
[      7s] main 30b c831 ic_m4 random_sub_r2 table completed_valid t=0.0s
[      7s] main 30b c831 ic_m4 known_null_sub table completed_valid t=0.0s
[      7s] main 30b c831 ic_m4 random_dick_r0 table completed_valid t=0.0s
[      7s] main 30b c831 ic_m4 random_dick_r1 table completed_valid t=0.0s
[      7s] main 30b c831 ic_m4 random_dick_r2 table completed_valid t=0.0s
[      7s] main 30b c831 ic_m4 known_null_dick table completed_valid t=0.0s
[      8s] main 30b c832 ic_m4 subgroup table completed_valid t=0.0s
[      8s] main 30b c832 ic_m4 dickson table completed_valid t=0.0s
[      8s] main 30b c832 ic_m4 small_x table completed_valid t=0.0s
[      8s] main 30b c832 ic_m4 random_sub_r0 table completed_valid t=0.0s
[      8s] main 30b c832 ic_m4 random_sub_r1 table completed_valid t=0.0s
[      8s] main 30b c832 ic_m4 random_sub_r2 table completed_valid t=0.0s
[      8s] main 30b c832 ic_m4 known_null_sub table completed_valid t=0.0s
[      8s] main 30b c832 ic_m4 random_dick_r0 table completed_valid t=0.0s
[      8s] main 30b c832 ic_m4 random_dick_r1 table completed_valid t=0.0s
[      8s] main 30b c832 ic_m4 random_dick_r2 table completed_valid t=0.0s
[      8s] main 30b c832 ic_m4 known_null_dick table completed_valid t=0.0s
[      8s] main 30b c833 ic_m4 subgroup table completed_valid t=0.0s
[      8s] main 30b c833 ic_m4 dickson table completed_valid t=0.0s
[      8s] main 30b c833 ic_m4 small_x table completed_valid t=0.0s
[      8s] main 30b c833 ic_m4 random_sub_r0 table completed_valid t=0.0s
[      8s] main 30b c833 ic_m4 random_sub_r1 table completed_valid t=0.0s
[      8s] main 30b c833 ic_m4 random_sub_r2 table completed_valid t=0.0s
[      8s] main 30b c833 ic_m4 known_null_sub table completed_valid t=0.0s
[      8s] main 30b c833 ic_m4 random_dick_r0 table completed_valid t=0.0s
[      8s] main 30b c833 ic_m4 random_dick_r1 table completed_valid t=0.0s
[      8s] main 30b c833 ic_m4 random_dick_r2 table completed_valid t=0.0s
[      8s] main 30b c833 ic_m4 known_null_dick table completed_valid t=0.0s
[      8s] main 30b c834 ic_m4 subgroup table completed_valid t=0.0s
[      8s] main 30b c834 ic_m4 dickson table completed_valid t=0.0s
[      8s] main 30b c834 ic_m4 small_x table completed_valid t=0.0s
[      8s] main 30b c834 ic_m4 random_sub_r0 table completed_valid t=0.0s
[      8s] main 30b c834 ic_m4 random_sub_r1 table completed_valid t=0.0s
[      8s] main 30b c834 ic_m4 random_sub_r2 table completed_valid t=0.0s
[      8s] main 30b c834 ic_m4 known_null_sub table completed_valid t=0.0s
[      8s] main 30b c834 ic_m4 random_dick_r0 table completed_valid t=0.0s
[      8s] main 30b c834 ic_m4 random_dick_r1 table completed_valid t=0.0s
[      8s] main 30b c834 ic_m4 random_dick_r2 table completed_valid t=0.0s
[      8s] main 30b c834 ic_m4 known_null_dick table completed_valid t=0.0s
[      8s] main 30b c835 ic_m4 subgroup table completed_valid t=0.0s
[      8s] main 30b c835 ic_m4 dickson table completed_valid t=0.0s
[      8s] main 30b c835 ic_m4 small_x table completed_valid t=0.0s
[      8s] main 30b c835 ic_m4 random_sub_r0 table completed_valid t=0.0s
[      8s] main 30b c835 ic_m4 random_sub_r1 table completed_valid t=0.0s
[      8s] main 30b c835 ic_m4 random_sub_r2 table completed_valid t=0.0s
[      8s] main 30b c835 ic_m4 known_null_sub table completed_valid t=0.0s
[      8s] main 30b c835 ic_m4 random_dick_r0 table completed_valid t=0.0s
[      8s] main 30b c835 ic_m4 random_dick_r1 table completed_valid t=0.0s
[      8s] main 30b c835 ic_m4 random_dick_r2 table completed_valid t=0.0s
[      8s] main 30b c835 ic_m4 known_null_dick table completed_valid t=0.0s
[      9s] main 30b c836 ic_m4 subgroup table completed_valid t=0.0s
[      9s] main 30b c836 ic_m4 dickson table completed_valid t=0.0s
[      9s] main 30b c836 ic_m4 small_x table completed_valid t=0.0s
[      9s] main 30b c836 ic_m4 random_sub_r0 table completed_valid t=0.0s
[      9s] main 30b c836 ic_m4 random_sub_r1 table completed_valid t=0.0s
[      9s] main 30b c836 ic_m4 random_sub_r2 table completed_valid t=0.0s
[      9s] main 30b c836 ic_m4 known_null_sub table completed_valid t=0.0s
[      9s] main 30b c836 ic_m4 random_dick_r0 table completed_valid t=0.0s
[      9s] main 30b c836 ic_m4 random_dick_r1 table completed_valid t=0.0s
[      9s] main 30b c836 ic_m4 random_dick_r2 table completed_valid t=0.0s
[      9s] main 30b c836 ic_m4 known_null_dick table completed_valid t=0.0s
[      9s] main 30b c837 ic_m4 subgroup table completed_valid t=0.0s
[      9s] main 30b c837 ic_m4 dickson table completed_valid t=0.0s
[      9s] main 30b c837 ic_m4 small_x table completed_valid t=0.0s
[      9s] main 30b c837 ic_m4 random_sub_r0 table completed_valid t=0.0s
[      9s] main 30b c837 ic_m4 random_sub_r1 table completed_valid t=0.0s
[      9s] main 30b c837 ic_m4 random_sub_r2 table completed_valid t=0.0s
[      9s] main 30b c837 ic_m4 known_null_sub table completed_valid t=0.0s
[      9s] main 30b c837 ic_m4 random_dick_r0 table completed_valid t=0.0s
[      9s] main 30b c837 ic_m4 random_dick_r1 table completed_valid t=0.0s
[      9s] main 30b c837 ic_m4 random_dick_r2 table completed_valid t=0.0s
[      9s] main 30b c837 ic_m4 known_null_dick table completed_valid t=0.0s
[      9s] main 30b c838 ic_m4 subgroup table completed_valid t=0.0s
[      9s] main 30b c838 ic_m4 dickson table completed_valid t=0.0s
[      9s] main 30b c838 ic_m4 small_x table completed_valid t=0.0s
[      9s] main 30b c838 ic_m4 random_sub_r0 table completed_valid t=0.0s
[      9s] main 30b c838 ic_m4 random_sub_r1 table completed_valid t=0.0s
[      9s] main 30b c838 ic_m4 random_sub_r2 table completed_valid t=0.0s
[      9s] main 30b c838 ic_m4 known_null_sub table completed_valid t=0.0s
[      9s] main 30b c838 ic_m4 random_dick_r0 table completed_valid t=0.0s
[      9s] main 30b c838 ic_m4 random_dick_r1 table completed_valid t=0.0s
[      9s] main 30b c838 ic_m4 random_dick_r2 table completed_valid t=0.0s
[      9s] main 30b c838 ic_m4 known_null_dick table completed_valid t=0.0s
[     10s] main 30b c839 ic_m4 subgroup table completed_valid t=0.0s
[     10s] main 30b c839 ic_m4 dickson table completed_valid t=0.0s
[     10s] main 30b c839 ic_m4 small_x table completed_valid t=0.0s
[     10s] main 30b c839 ic_m4 random_sub_r0 table completed_valid t=0.0s
[     10s] main 30b c839 ic_m4 random_sub_r1 table completed_valid t=0.0s
[     10s] main 30b c839 ic_m4 random_sub_r2 table completed_valid t=0.0s
[     10s] main 30b c839 ic_m4 known_null_sub table completed_valid t=0.0s
[     10s] main 30b c839 ic_m4 random_dick_r0 table completed_valid t=0.0s
[     10s] main 30b c839 ic_m4 random_dick_r1 table completed_valid t=0.0s
[     10s] main 30b c839 ic_m4 random_dick_r2 table completed_valid t=0.0s
[     10s] main 30b c839 ic_m4 known_null_dick table completed_valid t=0.0s
[     11s] main 30b c840 ic_m4 subgroup table completed_valid t=0.0s
[     11s] main 30b c840 ic_m4 dickson table completed_valid t=0.0s
[     11s] main 30b c840 ic_m4 small_x table completed_valid t=0.0s
[     11s] main 30b c840 ic_m4 random_sub_r0 table completed_valid t=0.0s
[     11s] main 30b c840 ic_m4 random_sub_r1 table completed_valid t=0.0s
[     11s] main 30b c840 ic_m4 random_sub_r2 table completed_valid t=0.0s
[     11s] main 30b c840 ic_m4 known_null_sub table completed_valid t=0.0s
[     11s] main 30b c840 ic_m4 random_dick_r0 table completed_valid t=0.0s
[     11s] main 30b c840 ic_m4 random_dick_r1 table completed_valid t=0.0s
[     11s] main 30b c840 ic_m4 random_dick_r2 table completed_valid t=0.0s
[     11s] main 30b c840 ic_m4 known_null_dick table completed_valid t=0.0s
[     11s] main 30b c841 ic_m4 subgroup table completed_valid t=0.0s
[     11s] main 30b c841 ic_m4 dickson table completed_valid t=0.0s
[     11s] main 30b c841 ic_m4 small_x table completed_valid t=0.0s
[     11s] main 30b c841 ic_m4 random_sub_r0 table completed_valid t=0.0s
[     11s] main 30b c841 ic_m4 random_sub_r1 table completed_valid t=0.1s
[     11s] main 30b c841 ic_m4 random_sub_r2 table completed_valid t=0.0s
[     11s] main 30b c841 ic_m4 known_null_sub table completed_valid t=0.0s
[     11s] main 30b c841 ic_m4 random_dick_r0 table completed_valid t=0.0s
[     11s] main 30b c841 ic_m4 random_dick_r1 table completed_valid t=0.0s
[     11s] main 30b c841 ic_m4 random_dick_r2 table completed_valid t=0.0s
[     11s] main 30b c841 ic_m4 known_null_dick table completed_valid t=0.0s
[     11s] main 30b c842 ic_m4 subgroup table completed_valid t=0.0s
[     11s] main 30b c842 ic_m4 dickson table completed_valid t=0.0s
[     11s] main 30b c842 ic_m4 small_x table completed_valid t=0.0s
[     11s] main 30b c842 ic_m4 random_sub_r0 table completed_valid t=0.0s
[     11s] main 30b c842 ic_m4 random_sub_r1 table completed_valid t=0.0s
[     11s] main 30b c842 ic_m4 random_sub_r2 table completed_valid t=0.0s
[     11s] main 30b c842 ic_m4 known_null_sub table completed_valid t=0.0s
[     11s] main 30b c842 ic_m4 random_dick_r0 table completed_valid t=0.0s
[     11s] main 30b c842 ic_m4 random_dick_r1 table completed_valid t=0.0s
[     11s] main 30b c842 ic_m4 random_dick_r2 table completed_valid t=0.0s
[     11s] main 30b c842 ic_m4 known_null_dick table completed_valid t=0.0s
[     12s] main 30b c843 ic_m4 subgroup table completed_valid t=0.0s
[     12s] main 30b c843 ic_m4 dickson table completed_valid t=0.0s
[     12s] main 30b c843 ic_m4 small_x table completed_valid t=0.0s
[     12s] main 30b c843 ic_m4 random_sub_r0 table completed_valid t=0.0s
[     12s] main 30b c843 ic_m4 random_sub_r1 table completed_valid t=0.0s
[     12s] main 30b c843 ic_m4 random_sub_r2 table completed_valid t=0.0s
[     12s] main 30b c843 ic_m4 known_null_sub table completed_valid t=0.0s
[     12s] main 30b c843 ic_m4 random_dick_r0 table completed_valid t=0.0s
[     12s] main 30b c843 ic_m4 random_dick_r1 table completed_valid t=0.0s
[     12s] main 30b c843 ic_m4 random_dick_r2 table completed_valid t=0.0s
[     12s] main 30b c843 ic_m4 known_null_dick table completed_valid t=0.0s
[     12s] main 30b c844 ic_m4 subgroup table completed_valid t=0.0s
[     12s] main 30b c844 ic_m4 dickson table completed_valid t=0.0s
[     12s] main 30b c844 ic_m4 small_x table completed_valid t=0.0s
[     12s] main 30b c844 ic_m4 random_sub_r0 table completed_valid t=0.0s
[     12s] main 30b c844 ic_m4 random_sub_r1 table completed_valid t=0.0s
[     12s] main 30b c844 ic_m4 random_sub_r2 table completed_valid t=0.0s
[     12s] main 30b c844 ic_m4 known_null_sub table completed_valid t=0.0s
[     12s] main 30b c844 ic_m4 random_dick_r0 table completed_valid t=0.0s
[     12s] main 30b c844 ic_m4 random_dick_r1 table completed_valid t=0.0s
[     12s] main 30b c844 ic_m4 random_dick_r2 table completed_valid t=0.0s
[     12s] main 30b c844 ic_m4 known_null_dick table completed_valid t=0.0s
[     12s] main 30b c845 ic_m4 subgroup table completed_valid t=0.0s
[     12s] main 30b c845 ic_m4 dickson table completed_valid t=0.0s
[     12s] main 30b c845 ic_m4 small_x table completed_valid t=0.0s
[     12s] main 30b c845 ic_m4 random_sub_r0 table completed_valid t=0.0s
[     12s] main 30b c845 ic_m4 random_sub_r1 table completed_valid t=0.0s
[     12s] main 30b c845 ic_m4 random_sub_r2 table completed_valid t=0.0s
[     12s] main 30b c845 ic_m4 known_null_sub table completed_valid t=0.0s
[     12s] main 30b c845 ic_m4 random_dick_r0 table completed_valid t=0.0s
[     12s] main 30b c845 ic_m4 random_dick_r1 table completed_valid t=0.0s
[     12s] main 30b c845 ic_m4 random_dick_r2 table completed_valid t=0.0s
[     12s] main 30b c845 ic_m4 known_null_dick table completed_valid t=0.0s
[     13s] main 30b c846 ic_m4 subgroup table completed_valid t=0.0s
[     13s] main 30b c846 ic_m4 dickson table completed_valid t=0.0s
[     13s] main 30b c846 ic_m4 small_x table completed_valid t=0.0s
[     13s] main 30b c846 ic_m4 random_sub_r0 table completed_valid t=0.0s
[     13s] main 30b c846 ic_m4 random_sub_r1 table completed_valid t=0.0s
[     13s] main 30b c846 ic_m4 random_sub_r2 table completed_valid t=0.0s
[     13s] main 30b c846 ic_m4 known_null_sub table completed_valid t=0.0s
[     13s] main 30b c846 ic_m4 random_dick_r0 table completed_valid t=0.0s
[     13s] main 30b c846 ic_m4 random_dick_r1 table completed_valid t=0.0s
[     13s] main 30b c846 ic_m4 random_dick_r2 table completed_valid t=0.0s
[     13s] main 30b c846 ic_m4 known_null_dick table completed_valid t=0.0s
[     13s] main 30b c847 ic_m4 subgroup table completed_valid t=0.0s
[     13s] main 30b c847 ic_m4 dickson table completed_valid t=0.0s
[     13s] main 30b c847 ic_m4 small_x table completed_valid t=0.0s
[     13s] main 30b c847 ic_m4 random_sub_r0 table completed_valid t=0.0s
[     13s] main 30b c847 ic_m4 random_sub_r1 table completed_valid t=0.0s
[     13s] main 30b c847 ic_m4 random_sub_r2 table completed_valid t=0.0s
[     13s] main 30b c847 ic_m4 known_null_sub table completed_valid t=0.0s
[     13s] main 30b c847 ic_m4 random_dick_r0 table completed_valid t=0.0s
[     13s] main 30b c847 ic_m4 random_dick_r1 table completed_valid t=0.0s
[     13s] main 30b c847 ic_m4 random_dick_r2 table completed_valid t=0.0s
[     13s] main 30b c847 ic_m4 known_null_dick table completed_valid t=0.0s
[     14s] main 30b c848 ic_m4 subgroup table completed_valid t=0.0s
[     14s] main 30b c848 ic_m4 dickson table completed_valid t=0.0s
[     14s] main 30b c848 ic_m4 small_x table completed_valid t=0.0s
[     14s] main 30b c848 ic_m4 random_sub_r0 table completed_valid t=0.0s
[     14s] main 30b c848 ic_m4 random_sub_r1 table completed_valid t=0.0s
[     14s] main 30b c848 ic_m4 random_sub_r2 table completed_valid t=0.0s
[     14s] main 30b c848 ic_m4 known_null_sub table completed_valid t=0.0s
[     14s] main 30b c848 ic_m4 random_dick_r0 table completed_valid t=0.0s
[     14s] main 30b c848 ic_m4 random_dick_r1 table completed_valid t=0.0s
[     14s] main 30b c848 ic_m4 random_dick_r2 table completed_valid t=0.0s
[     14s] main 30b c848 ic_m4 known_null_dick table completed_valid t=0.0s
[     14s] main 30b c849 ic_m4 subgroup table completed_valid t=0.0s
[     14s] main 30b c849 ic_m4 dickson table completed_valid t=0.0s
[     14s] main 30b c849 ic_m4 small_x table completed_valid t=0.0s
[     14s] main 30b c849 ic_m4 random_sub_r0 table completed_valid t=0.0s
[     14s] main 30b c849 ic_m4 random_sub_r1 table completed_valid t=0.0s
[     14s] main 30b c849 ic_m4 random_sub_r2 table completed_valid t=0.0s
[     14s] main 30b c849 ic_m4 known_null_sub table completed_valid t=0.0s
[     14s] main 30b c849 ic_m4 random_dick_r0 table completed_valid t=0.0s
[     14s] main 30b c849 ic_m4 random_dick_r1 table completed_valid t=0.0s
[     14s] main 30b c849 ic_m4 random_dick_r2 table completed_valid t=0.0s
[     14s] main 30b c849 ic_m4 known_null_dick table completed_valid t=0.0s
[     15s] main 30b c850 ic_m4 subgroup table completed_valid t=0.0s
[     15s] main 30b c850 ic_m4 dickson table completed_valid t=0.0s
[     15s] main 30b c850 ic_m4 small_x table completed_valid t=0.0s
[     15s] main 30b c850 ic_m4 random_sub_r0 table completed_valid t=0.0s
[     15s] main 30b c850 ic_m4 random_sub_r1 table completed_valid t=0.0s
[     15s] main 30b c850 ic_m4 random_sub_r2 table completed_valid t=0.0s
[     15s] main 30b c850 ic_m4 known_null_sub table completed_valid t=0.0s
[     15s] main 30b c850 ic_m4 random_dick_r0 table completed_valid t=0.0s
[     15s] main 30b c850 ic_m4 random_dick_r1 table completed_valid t=0.0s
[     15s] main 30b c850 ic_m4 random_dick_r2 table completed_valid t=0.0s
[     15s] main 30b c850 ic_m4 known_null_dick table completed_valid t=0.0s
[     15s] main 30b c851 ic_m4 subgroup table completed_valid t=0.0s
[     15s] main 30b c851 ic_m4 dickson table completed_valid t=0.0s
[     15s] main 30b c851 ic_m4 small_x table completed_valid t=0.0s
[     15s] main 30b c851 ic_m4 random_sub_r0 table completed_valid t=0.0s
[     15s] main 30b c851 ic_m4 random_sub_r1 table completed_valid t=0.0s
[     15s] main 30b c851 ic_m4 random_sub_r2 table completed_valid t=0.0s
[     15s] main 30b c851 ic_m4 known_null_sub table completed_valid t=0.0s
[     15s] main 30b c851 ic_m4 random_dick_r0 table completed_valid t=0.0s
[     15s] main 30b c851 ic_m4 random_dick_r1 table completed_valid t=0.0s
[     15s] main 30b c851 ic_m4 random_dick_r2 table completed_valid t=0.0s
[     15s] main 30b c851 ic_m4 known_null_dick table completed_valid t=0.0s
[     15s] main 30b c852 ic_m4 subgroup table completed_valid t=0.0s
[     15s] main 30b c852 ic_m4 dickson table completed_valid t=0.0s
[     15s] main 30b c852 ic_m4 small_x table completed_valid t=0.0s
[     15s] main 30b c852 ic_m4 random_sub_r0 table completed_valid t=0.0s
[     15s] main 30b c852 ic_m4 random_sub_r1 table completed_valid t=0.0s
[     15s] main 30b c852 ic_m4 random_sub_r2 table completed_valid t=0.0s
[     15s] main 30b c852 ic_m4 known_null_sub table completed_valid t=0.0s
[     15s] main 30b c852 ic_m4 random_dick_r0 table completed_valid t=0.0s
[     15s] main 30b c852 ic_m4 random_dick_r1 table completed_valid t=0.0s
[     15s] main 30b c852 ic_m4 random_dick_r2 table completed_valid t=0.0s
[     15s] main 30b c852 ic_m4 known_null_dick table completed_valid t=0.0s
[     16s] main 30b c853 ic_m4 subgroup table completed_valid t=0.0s
[     16s] main 30b c853 ic_m4 dickson table completed_valid t=0.0s
[     16s] main 30b c853 ic_m4 small_x table completed_valid t=0.0s
[     16s] main 30b c853 ic_m4 random_sub_r0 table completed_valid t=0.0s
[     16s] main 30b c853 ic_m4 random_sub_r1 table completed_valid t=0.0s
[     16s] main 30b c853 ic_m4 random_sub_r2 table completed_valid t=0.0s
[     16s] main 30b c853 ic_m4 known_null_sub table completed_valid t=0.0s
[     16s] main 30b c853 ic_m4 random_dick_r0 table completed_valid t=0.0s
[     16s] main 30b c853 ic_m4 random_dick_r1 table completed_valid t=0.0s
[     16s] main 30b c853 ic_m4 random_dick_r2 table completed_valid t=0.0s
[     16s] main 30b c853 ic_m4 known_null_dick table completed_valid t=0.0s
[     16s] main 30b c854 ic_m4 subgroup table completed_valid t=0.0s
[     16s] main 30b c854 ic_m4 dickson table completed_valid t=0.0s
[     16s] main 30b c854 ic_m4 small_x table completed_valid t=0.0s
[     16s] main 30b c854 ic_m4 random_sub_r0 table completed_valid t=0.0s
[     16s] main 30b c854 ic_m4 random_sub_r1 table completed_valid t=0.0s
[     16s] main 30b c854 ic_m4 random_sub_r2 table completed_valid t=0.0s
[     16s] main 30b c854 ic_m4 known_null_sub table completed_valid t=0.0s
[     16s] main 30b c854 ic_m4 random_dick_r0 table completed_valid t=0.0s
[     16s] main 30b c854 ic_m4 random_dick_r1 table completed_valid t=0.0s
[     16s] main 30b c854 ic_m4 random_dick_r2 table completed_valid t=0.0s
[     16s] main 30b c854 ic_m4 known_null_dick table completed_valid t=0.0s
[     17s] main 30b c855 ic_m4 subgroup table completed_valid t=0.0s
[     17s] main 30b c855 ic_m4 dickson table completed_valid t=0.0s
[     17s] main 30b c855 ic_m4 small_x table completed_valid t=0.0s
[     17s] main 30b c855 ic_m4 random_sub_r0 table completed_valid t=0.0s
[     17s] main 30b c855 ic_m4 random_sub_r1 table completed_valid t=0.0s
[     17s] main 30b c855 ic_m4 random_sub_r2 table completed_valid t=0.0s
[     17s] main 30b c855 ic_m4 known_null_sub table completed_valid t=0.0s
[     17s] main 30b c855 ic_m4 random_dick_r0 table completed_valid t=0.0s
[     17s] main 30b c855 ic_m4 random_dick_r1 table completed_valid t=0.0s
[     17s] main 30b c855 ic_m4 random_dick_r2 table completed_valid t=0.0s
[     17s] main 30b c855 ic_m4 known_null_dick table completed_valid t=0.0s
[     17s] main 30b c856 ic_m4 subgroup table completed_valid t=0.0s
[     17s] main 30b c856 ic_m4 dickson table completed_valid t=0.0s
[     17s] main 30b c856 ic_m4 small_x table completed_valid t=0.0s
[     17s] main 30b c856 ic_m4 random_sub_r0 table completed_valid t=0.0s
[     17s] main 30b c856 ic_m4 random_sub_r1 table completed_valid t=0.0s
[     17s] main 30b c856 ic_m4 random_sub_r2 table completed_valid t=0.0s
[     17s] main 30b c856 ic_m4 known_null_sub table completed_valid t=0.0s
[     17s] main 30b c856 ic_m4 random_dick_r0 table completed_valid t=0.0s
[     17s] main 30b c856 ic_m4 random_dick_r1 table completed_valid t=0.0s
[     17s] main 30b c856 ic_m4 random_dick_r2 table completed_valid t=0.0s
[     17s] main 30b c856 ic_m4 known_null_dick table completed_valid t=0.0s
[     18s] main 30b c857 ic_m4 subgroup table completed_valid t=0.0s
[     18s] main 30b c857 ic_m4 dickson table completed_valid t=0.0s
[     18s] main 30b c857 ic_m4 small_x table completed_valid t=0.0s
[     18s] main 30b c857 ic_m4 random_sub_r0 table completed_valid t=0.0s
[     18s] main 30b c857 ic_m4 random_sub_r1 table completed_valid t=0.0s
[     18s] main 30b c857 ic_m4 random_sub_r2 table completed_valid t=0.0s
[     18s] main 30b c857 ic_m4 known_null_sub table completed_valid t=0.0s
[     18s] main 30b c857 ic_m4 random_dick_r0 table completed_valid t=0.0s
[     18s] main 30b c857 ic_m4 random_dick_r1 table completed_valid t=0.0s
[     18s] main 30b c857 ic_m4 random_dick_r2 table completed_valid t=0.0s
[     18s] main 30b c857 ic_m4 known_null_dick table completed_valid t=0.0s
[     18s] main 30b c858 ic_m4 subgroup table completed_valid t=0.0s
[     18s] main 30b c858 ic_m4 dickson table completed_valid t=0.0s
[     18s] main 30b c858 ic_m4 small_x table completed_valid t=0.0s
[     18s] main 30b c858 ic_m4 random_sub_r0 table completed_valid t=0.0s
[     18s] main 30b c858 ic_m4 random_sub_r1 table completed_valid t=0.0s
[     18s] main 30b c858 ic_m4 random_sub_r2 table completed_valid t=0.0s
[     18s] main 30b c858 ic_m4 known_null_sub table completed_valid t=0.0s
[     18s] main 30b c858 ic_m4 random_dick_r0 table completed_valid t=0.0s
[     18s] main 30b c858 ic_m4 random_dick_r1 table completed_valid t=0.0s
[     18s] main 30b c858 ic_m4 random_dick_r2 table completed_valid t=0.0s
[     18s] main 30b c858 ic_m4 known_null_dick table completed_valid t=0.0s
[     18s] main 30b c859 ic_m4 subgroup table completed_valid t=0.0s
[     18s] main 30b c859 ic_m4 dickson table completed_valid t=0.0s
[     18s] main 30b c859 ic_m4 small_x table completed_valid t=0.0s
[     18s] main 30b c859 ic_m4 random_sub_r0 table completed_valid t=0.0s
[     18s] main 30b c859 ic_m4 random_sub_r1 table completed_valid t=0.0s
[     18s] main 30b c859 ic_m4 random_sub_r2 table completed_valid t=0.0s
[     18s] main 30b c859 ic_m4 known_null_sub table completed_valid t=0.0s
[     18s] main 30b c859 ic_m4 random_dick_r0 table completed_valid t=0.0s
[     18s] main 30b c859 ic_m4 random_dick_r1 table completed_valid t=0.0s
[     18s] main 30b c859 ic_m4 random_dick_r2 table completed_valid t=0.0s
[     18s] main 30b c859 ic_m4 known_null_dick table completed_valid t=0.0s
[     19s] main 30b c860 ic_m4 subgroup table completed_valid t=0.0s
[     19s] main 30b c860 ic_m4 dickson table completed_valid t=0.0s
[     19s] main 30b c860 ic_m4 small_x table completed_valid t=0.0s
[     19s] main 30b c860 ic_m4 random_sub_r0 table completed_valid t=0.0s
[     19s] main 30b c860 ic_m4 random_sub_r1 table completed_valid t=0.0s
[     19s] main 30b c860 ic_m4 random_sub_r2 table completed_valid t=0.0s
[     19s] main 30b c860 ic_m4 known_null_sub table completed_valid t=0.0s
[     19s] main 30b c860 ic_m4 random_dick_r0 table completed_valid t=0.0s
[     19s] main 30b c860 ic_m4 random_dick_r1 table completed_valid t=0.0s
[     19s] main 30b c860 ic_m4 random_dick_r2 table completed_valid t=0.0s
[     19s] main 30b c860 ic_m4 known_null_dick table completed_valid t=0.0s
[     19s] main 30b c861 ic_m4 subgroup table completed_valid t=0.0s
[     19s] main 30b c861 ic_m4 dickson table completed_valid t=0.0s
[     19s] main 30b c861 ic_m4 small_x table completed_valid t=0.0s
[     19s] main 30b c861 ic_m4 random_sub_r0 table completed_valid t=0.0s
[     19s] main 30b c861 ic_m4 random_sub_r1 table completed_valid t=0.0s
[     19s] main 30b c861 ic_m4 random_sub_r2 table completed_valid t=0.0s
[     19s] main 30b c861 ic_m4 known_null_sub table completed_valid t=0.0s
[     19s] main 30b c861 ic_m4 random_dick_r0 table completed_valid t=0.0s
[     19s] main 30b c861 ic_m4 random_dick_r1 table completed_valid t=0.0s
[     19s] main 30b c861 ic_m4 random_dick_r2 table completed_valid t=0.0s
[     19s] main 30b c861 ic_m4 known_null_dick table completed_valid t=0.0s
[     20s] main 30b c862 ic_m4 subgroup table completed_valid t=0.0s
[     20s] main 30b c862 ic_m4 dickson table completed_valid t=0.0s
[     20s] main 30b c862 ic_m4 small_x table completed_valid t=0.0s
[     20s] main 30b c862 ic_m4 random_sub_r0 table completed_valid t=0.0s
[     20s] main 30b c862 ic_m4 random_sub_r1 table completed_valid t=0.0s
[     20s] main 30b c862 ic_m4 random_sub_r2 table completed_valid t=0.0s
[     20s] main 30b c862 ic_m4 known_null_sub table completed_valid t=0.0s
[     20s] main 30b c862 ic_m4 random_dick_r0 table completed_valid t=0.0s
[     20s] main 30b c862 ic_m4 random_dick_r1 table completed_valid t=0.0s
[     20s] main 30b c862 ic_m4 random_dick_r2 table completed_valid t=0.0s
[     20s] main 30b c862 ic_m4 known_null_dick table completed_valid t=0.0s
[     20s] main 30b c863 ic_m4 subgroup table completed_valid t=0.0s
[     20s] main 30b c863 ic_m4 dickson table completed_valid t=0.0s
[     20s] main 30b c863 ic_m4 small_x table completed_valid t=0.0s
[     20s] main 30b c863 ic_m4 random_sub_r0 table completed_valid t=0.0s
[     20s] main 30b c863 ic_m4 random_sub_r1 table completed_valid t=0.0s
[     20s] main 30b c863 ic_m4 random_sub_r2 table completed_valid t=0.0s
[     20s] main 30b c863 ic_m4 known_null_sub table completed_valid t=0.0s
[     20s] main 30b c863 ic_m4 random_dick_r0 table completed_valid t=0.0s
[     20s] main 30b c863 ic_m4 random_dick_r1 table completed_valid t=0.0s
[     20s] main 30b c863 ic_m4 random_dick_r2 table completed_valid t=0.0s
[     20s] main 30b c863 ic_m4 known_null_dick table completed_valid t=0.0s
[     20s] main 30b c864 ic_m4 subgroup table completed_valid t=0.0s
[     20s] main 30b c864 ic_m4 dickson table completed_valid t=0.0s
[     20s] main 30b c864 ic_m4 small_x table completed_valid t=0.0s
[     20s] main 30b c864 ic_m4 random_sub_r0 table completed_valid t=0.0s
[     20s] main 30b c864 ic_m4 random_sub_r1 table completed_valid t=0.0s
[     20s] main 30b c864 ic_m4 random_sub_r2 table completed_valid t=0.0s
[     20s] main 30b c864 ic_m4 known_null_sub table completed_valid t=0.0s
[     20s] main 30b c864 ic_m4 random_dick_r0 table completed_valid t=0.0s
[     20s] main 30b c864 ic_m4 random_dick_r1 table completed_valid t=0.0s
[     20s] main 30b c864 ic_m4 random_dick_r2 table completed_valid t=0.0s
[     20s] main 30b c864 ic_m4 known_null_dick table completed_valid t=0.0s
[     21s] main 30b c865 ic_m4 subgroup table completed_valid t=0.0s
[     21s] main 30b c865 ic_m4 dickson table completed_valid t=0.0s
[     21s] main 30b c865 ic_m4 small_x table completed_valid t=0.0s
[     21s] main 30b c865 ic_m4 random_sub_r0 table completed_valid t=0.0s
[     21s] main 30b c865 ic_m4 random_sub_r1 table completed_valid t=0.0s
[     21s] main 30b c865 ic_m4 random_sub_r2 table completed_valid t=0.0s
[     21s] main 30b c865 ic_m4 known_null_sub table completed_valid t=0.0s
[     21s] main 30b c865 ic_m4 random_dick_r0 table completed_valid t=0.0s
[     21s] main 30b c865 ic_m4 random_dick_r1 table completed_valid t=0.0s
[     21s] main 30b c865 ic_m4 random_dick_r2 table completed_valid t=0.0s
[     21s] main 30b c865 ic_m4 known_null_dick table completed_valid t=0.0s
[     21s] main 30b c866 ic_m4 subgroup table completed_valid t=0.0s
[     21s] main 30b c866 ic_m4 dickson table completed_valid t=0.0s
[     21s] main 30b c866 ic_m4 small_x table completed_valid t=0.0s
[     21s] main 30b c866 ic_m4 random_sub_r0 table completed_valid t=0.0s
[     21s] main 30b c866 ic_m4 random_sub_r1 table completed_valid t=0.0s
[     21s] main 30b c866 ic_m4 random_sub_r2 table completed_valid t=0.0s
[     21s] main 30b c866 ic_m4 known_null_sub table completed_valid t=0.0s
[     21s] main 30b c866 ic_m4 random_dick_r0 table completed_valid t=0.0s
[     21s] main 30b c866 ic_m4 random_dick_r1 table completed_valid t=0.0s
[     21s] main 30b c866 ic_m4 random_dick_r2 table completed_valid t=0.0s
[     21s] main 30b c866 ic_m4 known_null_dick table completed_valid t=0.0s
[     21s] main 30b c867 ic_m4 subgroup table completed_valid t=0.0s
[     21s] main 30b c867 ic_m4 dickson table completed_valid t=0.0s
[     21s] main 30b c867 ic_m4 small_x table completed_valid t=0.0s
[     21s] main 30b c867 ic_m4 random_sub_r0 table completed_valid t=0.0s
[     21s] main 30b c867 ic_m4 random_sub_r1 table completed_valid t=0.0s
[     21s] main 30b c867 ic_m4 random_sub_r2 table completed_valid t=0.0s
[     21s] main 30b c867 ic_m4 known_null_sub table completed_valid t=0.0s
[     21s] main 30b c867 ic_m4 random_dick_r0 table completed_valid t=0.0s
[     21s] main 30b c867 ic_m4 random_dick_r1 table completed_valid t=0.0s
[     21s] main 30b c867 ic_m4 random_dick_r2 table completed_valid t=0.0s
[     21s] main 30b c867 ic_m4 known_null_dick table completed_valid t=0.0s
[     22s] main 30b c868 ic_m4 subgroup table completed_valid t=0.0s
[     22s] main 30b c868 ic_m4 dickson table completed_valid t=0.0s
[     22s] main 30b c868 ic_m4 small_x table completed_valid t=0.0s
[     22s] main 30b c868 ic_m4 random_sub_r0 table completed_valid t=0.0s
[     22s] main 30b c868 ic_m4 random_sub_r1 table completed_valid t=0.0s
[     22s] main 30b c868 ic_m4 random_sub_r2 table completed_valid t=0.0s
[     22s] main 30b c868 ic_m4 known_null_sub table completed_valid t=0.0s
[     22s] main 30b c868 ic_m4 random_dick_r0 table completed_valid t=0.0s
[     22s] main 30b c868 ic_m4 random_dick_r1 table completed_valid t=0.0s
[     22s] main 30b c868 ic_m4 random_dick_r2 table completed_valid t=0.0s
[     22s] main 30b c868 ic_m4 known_null_dick table completed_valid t=0.0s
[     23s] main 30b c869 ic_m4 subgroup table completed_valid t=0.0s
[     23s] main 30b c869 ic_m4 dickson table completed_valid t=0.0s
[     23s] main 30b c869 ic_m4 small_x table completed_valid t=0.0s
[     23s] main 30b c869 ic_m4 random_sub_r0 table completed_valid t=0.0s
[     23s] main 30b c869 ic_m4 random_sub_r1 table completed_valid t=0.0s
[     23s] main 30b c869 ic_m4 random_sub_r2 table completed_valid t=0.0s
[     23s] main 30b c869 ic_m4 known_null_sub table completed_valid t=0.0s
[     23s] main 30b c869 ic_m4 random_dick_r0 table completed_valid t=0.0s
[     23s] main 30b c869 ic_m4 random_dick_r1 table completed_valid t=0.0s
[     23s] main 30b c869 ic_m4 random_dick_r2 table completed_valid t=0.0s
[     23s] main 30b c869 ic_m4 known_null_dick table completed_valid t=0.0s
[     23s] main 30b c870 ic_m4 subgroup table completed_valid t=0.0s
[     23s] main 30b c870 ic_m4 dickson table completed_valid t=0.0s
[     23s] main 30b c870 ic_m4 small_x table completed_valid t=0.0s
[     23s] main 30b c870 ic_m4 random_sub_r0 table completed_valid t=0.0s
[     23s] main 30b c870 ic_m4 random_sub_r1 table completed_valid t=0.0s
[     23s] main 30b c870 ic_m4 random_sub_r2 table completed_valid t=0.0s
[     23s] main 30b c870 ic_m4 known_null_sub table completed_valid t=0.0s
[     23s] main 30b c870 ic_m4 random_dick_r0 table completed_valid t=0.0s
[     23s] main 30b c870 ic_m4 random_dick_r1 table completed_valid t=0.0s
[     23s] main 30b c870 ic_m4 random_dick_r2 table completed_valid t=0.0s
[     23s] main 30b c870 ic_m4 known_null_dick table completed_valid t=0.0s
[     24s] main 30b c871 ic_m4 subgroup table completed_valid t=0.0s
[     24s] main 30b c871 ic_m4 dickson table completed_valid t=0.0s
[     24s] main 30b c871 ic_m4 small_x table completed_valid t=0.0s
[     24s] main 30b c871 ic_m4 random_sub_r0 table completed_valid t=0.0s
[     24s] main 30b c871 ic_m4 random_sub_r1 table completed_valid t=0.0s
[     24s] main 30b c871 ic_m4 random_sub_r2 table completed_valid t=0.0s
[     24s] main 30b c871 ic_m4 known_null_sub table completed_valid t=0.0s
[     24s] main 30b c871 ic_m4 random_dick_r0 table completed_valid t=0.0s
[     24s] main 30b c871 ic_m4 random_dick_r1 table completed_valid t=0.0s
[     24s] main 30b c871 ic_m4 random_dick_r2 table completed_valid t=0.0s
[     24s] main 30b c871 ic_m4 known_null_dick table completed_valid t=0.0s
[     24s] main 30b c872 ic_m4 subgroup table completed_valid t=0.0s
[     24s] main 30b c872 ic_m4 dickson table completed_valid t=0.0s
[     24s] main 30b c872 ic_m4 small_x table completed_valid t=0.0s
[     24s] main 30b c872 ic_m4 random_sub_r0 table completed_valid t=0.0s
[     24s] main 30b c872 ic_m4 random_sub_r1 table completed_valid t=0.0s
[     24s] main 30b c872 ic_m4 random_sub_r2 table completed_valid t=0.0s
[     24s] main 30b c872 ic_m4 known_null_sub table completed_valid t=0.0s
[     24s] main 30b c872 ic_m4 random_dick_r0 table completed_valid t=0.0s
[     24s] main 30b c872 ic_m4 random_dick_r1 table completed_valid t=0.0s
[     24s] main 30b c872 ic_m4 random_dick_r2 table completed_valid t=0.0s
[     24s] main 30b c872 ic_m4 known_null_dick table completed_valid t=0.0s
[     25s] main 30b c873 ic_m4 subgroup table completed_valid t=0.0s
[     25s] main 30b c873 ic_m4 dickson table completed_valid t=0.0s
[     25s] main 30b c873 ic_m4 small_x table completed_valid t=0.0s
[     25s] main 30b c873 ic_m4 random_sub_r0 table completed_valid t=0.0s
[     25s] main 30b c873 ic_m4 random_sub_r1 table completed_valid t=0.0s
[     25s] main 30b c873 ic_m4 random_sub_r2 table completed_valid t=0.0s
[     25s] main 30b c873 ic_m4 known_null_sub table completed_valid t=0.0s
[     25s] main 30b c873 ic_m4 random_dick_r0 table completed_valid t=0.0s
[     25s] main 30b c873 ic_m4 random_dick_r1 table completed_valid t=0.0s
[     25s] main 30b c873 ic_m4 random_dick_r2 table completed_valid t=0.0s
[     25s] main 30b c873 ic_m4 known_null_dick table completed_valid t=0.0s
[     25s] main 30b c874 ic_m4 subgroup table completed_valid t=0.0s
[     25s] main 30b c874 ic_m4 dickson table completed_valid t=0.0s
[     25s] main 30b c874 ic_m4 small_x table completed_valid t=0.0s
[     25s] main 30b c874 ic_m4 random_sub_r0 table completed_valid t=0.0s
[     25s] main 30b c874 ic_m4 random_sub_r1 table completed_valid t=0.0s
[     25s] main 30b c874 ic_m4 random_sub_r2 table completed_valid t=0.0s
[     25s] main 30b c874 ic_m4 known_null_sub table completed_valid t=0.0s
[     25s] main 30b c874 ic_m4 random_dick_r0 table completed_valid t=0.0s
[     25s] main 30b c874 ic_m4 random_dick_r1 table completed_valid t=0.0s
[     25s] main 30b c874 ic_m4 random_dick_r2 table completed_valid t=0.0s
[     25s] main 30b c874 ic_m4 known_null_dick table completed_valid t=0.0s
[     25s] main 30b c875 ic_m4 subgroup table completed_valid t=0.0s
[     25s] main 30b c875 ic_m4 dickson table completed_valid t=0.0s
[     25s] main 30b c875 ic_m4 small_x table completed_valid t=0.0s
[     25s] main 30b c875 ic_m4 random_sub_r0 table completed_valid t=0.0s
[     25s] main 30b c875 ic_m4 random_sub_r1 table completed_valid t=0.0s
[     25s] main 30b c875 ic_m4 random_sub_r2 table completed_valid t=0.0s
[     25s] main 30b c875 ic_m4 known_null_sub table completed_valid t=0.0s
[     25s] main 30b c875 ic_m4 random_dick_r0 table completed_valid t=0.0s
[     25s] main 30b c875 ic_m4 random_dick_r1 table completed_valid t=0.0s
[     25s] main 30b c875 ic_m4 random_dick_r2 table completed_valid t=0.0s
[     25s] main 30b c875 ic_m4 known_null_dick table completed_valid t=0.0s
[     26s] main 30b c876 ic_m4 subgroup table completed_valid t=0.0s
[     26s] main 30b c876 ic_m4 dickson table completed_valid t=0.0s
[     26s] main 30b c876 ic_m4 small_x table completed_valid t=0.0s
[     26s] main 30b c876 ic_m4 random_sub_r0 table completed_valid t=0.0s
[     26s] main 30b c876 ic_m4 random_sub_r1 table completed_valid t=0.0s
[     26s] main 30b c876 ic_m4 random_sub_r2 table completed_valid t=0.0s
[     26s] main 30b c876 ic_m4 known_null_sub table completed_valid t=0.0s
[     26s] main 30b c876 ic_m4 random_dick_r0 table completed_valid t=0.0s
[     26s] main 30b c876 ic_m4 random_dick_r1 table completed_valid t=0.0s
[     26s] main 30b c876 ic_m4 random_dick_r2 table completed_valid t=0.0s
[     26s] main 30b c876 ic_m4 known_null_dick table completed_valid t=0.0s
[     26s] main 30b c877 ic_m4 subgroup table completed_valid t=0.0s
[     26s] main 30b c877 ic_m4 dickson table completed_valid t=0.0s
[     26s] main 30b c877 ic_m4 small_x table completed_valid t=0.0s
[     26s] main 30b c877 ic_m4 random_sub_r0 table completed_valid t=0.0s
[     26s] main 30b c877 ic_m4 random_sub_r1 table completed_valid t=0.0s
[     26s] main 30b c877 ic_m4 random_sub_r2 table completed_valid t=0.0s
[     26s] main 30b c877 ic_m4 known_null_sub table completed_valid t=0.0s
[     26s] main 30b c877 ic_m4 random_dick_r0 table completed_valid t=0.0s
[     26s] main 30b c877 ic_m4 random_dick_r1 table completed_valid t=0.0s
[     26s] main 30b c877 ic_m4 random_dick_r2 table completed_valid t=0.0s
[     26s] main 30b c877 ic_m4 known_null_dick table completed_valid t=0.0s
[     26s] main 30b c878 ic_m4 subgroup table completed_valid t=0.0s
[     26s] main 30b c878 ic_m4 dickson table completed_valid t=0.0s
[     26s] main 30b c878 ic_m4 small_x table completed_valid t=0.0s
[     26s] main 30b c878 ic_m4 random_sub_r0 table completed_valid t=0.0s
[     26s] main 30b c878 ic_m4 random_sub_r1 table completed_valid t=0.0s
[     26s] main 30b c878 ic_m4 random_sub_r2 table completed_valid t=0.0s
[     26s] main 30b c878 ic_m4 known_null_sub table completed_valid t=0.0s
[     26s] main 30b c878 ic_m4 random_dick_r0 table completed_valid t=0.0s
[     26s] main 30b c878 ic_m4 random_dick_r1 table completed_valid t=0.0s
[     26s] main 30b c878 ic_m4 random_dick_r2 table completed_valid t=0.0s
[     26s] main 30b c878 ic_m4 known_null_dick table completed_valid t=0.0s
[     27s] main 30b c879 ic_m4 subgroup table completed_valid t=0.0s
[     27s] main 30b c879 ic_m4 dickson table completed_valid t=0.0s
[     27s] main 30b c879 ic_m4 small_x table completed_valid t=0.0s
[     27s] main 30b c879 ic_m4 random_sub_r0 table completed_valid t=0.0s
[     27s] main 30b c879 ic_m4 random_sub_r1 table completed_valid t=0.0s
[     27s] main 30b c879 ic_m4 random_sub_r2 table completed_valid t=0.0s
[     27s] main 30b c879 ic_m4 known_null_sub table completed_valid t=0.0s
[     27s] main 30b c879 ic_m4 random_dick_r0 table completed_valid t=0.0s
[     27s] main 30b c879 ic_m4 random_dick_r1 table completed_valid t=0.0s
[     27s] main 30b c879 ic_m4 random_dick_r2 table completed_valid t=0.0s
[     27s] main 30b c879 ic_m4 known_null_dick table completed_valid t=0.0s
[     27s] main 30b c880 ic_m4 subgroup table completed_valid t=0.0s
[     27s] main 30b c880 ic_m4 dickson table completed_valid t=0.0s
[     27s] main 30b c880 ic_m4 small_x table completed_valid t=0.0s
[     27s] main 30b c880 ic_m4 random_sub_r0 table completed_valid t=0.0s
[     27s] main 30b c880 ic_m4 random_sub_r1 table completed_valid t=0.0s
[     27s] main 30b c880 ic_m4 random_sub_r2 table completed_valid t=0.0s
[     27s] main 30b c880 ic_m4 known_null_sub table completed_valid t=0.0s
[     27s] main 30b c880 ic_m4 random_dick_r0 table completed_valid t=0.0s
[     27s] main 30b c880 ic_m4 random_dick_r1 table completed_valid t=0.0s
[     27s] main 30b c880 ic_m4 random_dick_r2 table completed_valid t=0.0s
[     27s] main 30b c880 ic_m4 known_null_dick table completed_valid t=0.0s
[     27s] main 30b c881 ic_m4 subgroup table completed_valid t=0.0s
[     27s] main 30b c881 ic_m4 dickson table completed_valid t=0.0s
[     27s] main 30b c881 ic_m4 small_x table completed_valid t=0.0s
[     27s] main 30b c881 ic_m4 random_sub_r0 table completed_valid t=0.0s
[     27s] main 30b c881 ic_m4 random_sub_r1 table completed_valid t=0.0s
[     27s] main 30b c881 ic_m4 random_sub_r2 table completed_valid t=0.0s
[     27s] main 30b c881 ic_m4 known_null_sub table completed_valid t=0.0s
[     27s] main 30b c881 ic_m4 random_dick_r0 table completed_valid t=0.0s
[     27s] main 30b c881 ic_m4 random_dick_r1 table completed_valid t=0.0s
[     27s] main 30b c881 ic_m4 random_dick_r2 table completed_valid t=0.0s
[     27s] main 30b c881 ic_m4 known_null_dick table completed_valid t=0.0s
[     28s] main 30b c882 ic_m4 subgroup table completed_valid t=0.0s
[     28s] main 30b c882 ic_m4 dickson table completed_valid t=0.0s
[     28s] main 30b c882 ic_m4 small_x table completed_valid t=0.0s
[     28s] main 30b c882 ic_m4 random_sub_r0 table completed_valid t=0.0s
[     28s] main 30b c882 ic_m4 random_sub_r1 table completed_valid t=0.0s
[     28s] main 30b c882 ic_m4 random_sub_r2 table completed_valid t=0.0s
[     28s] main 30b c882 ic_m4 known_null_sub table completed_valid t=0.0s
[     28s] main 30b c882 ic_m4 random_dick_r0 table completed_valid t=0.0s
[     28s] main 30b c882 ic_m4 random_dick_r1 table completed_valid t=0.0s
[     28s] main 30b c882 ic_m4 random_dick_r2 table completed_valid t=0.0s
[     28s] main 30b c882 ic_m4 known_null_dick table completed_valid t=0.0s
[     28s] main 30b c883 ic_m4 subgroup table completed_valid t=0.0s
[     28s] main 30b c883 ic_m4 dickson table completed_valid t=0.0s
[     28s] main 30b c883 ic_m4 small_x table completed_valid t=0.0s
[     28s] main 30b c883 ic_m4 random_sub_r0 table completed_valid t=0.0s
[     28s] main 30b c883 ic_m4 random_sub_r1 table completed_valid t=0.0s
[     28s] main 30b c883 ic_m4 random_sub_r2 table completed_valid t=0.0s
[     28s] main 30b c883 ic_m4 known_null_sub table completed_valid t=0.0s
[     28s] main 30b c883 ic_m4 random_dick_r0 table completed_valid t=0.0s
[     28s] main 30b c883 ic_m4 random_dick_r1 table completed_valid t=0.0s
[     28s] main 30b c883 ic_m4 random_dick_r2 table completed_valid t=0.0s
[     28s] main 30b c883 ic_m4 known_null_dick table completed_valid t=0.0s
[     29s] main 30b c884 ic_m4 subgroup table completed_valid t=0.0s
[     29s] main 30b c884 ic_m4 dickson table completed_valid t=0.0s
[     29s] main 30b c884 ic_m4 small_x table completed_valid t=0.0s
[     29s] main 30b c884 ic_m4 random_sub_r0 table completed_valid t=0.0s
[     29s] main 30b c884 ic_m4 random_sub_r1 table completed_valid t=0.0s
[     29s] main 30b c884 ic_m4 random_sub_r2 table completed_valid t=0.0s
[     29s] main 30b c884 ic_m4 known_null_sub table completed_valid t=0.0s
[     29s] main 30b c884 ic_m4 random_dick_r0 table completed_valid t=0.0s
[     29s] main 30b c884 ic_m4 random_dick_r1 table completed_valid t=0.0s
[     29s] main 30b c884 ic_m4 random_dick_r2 table completed_valid t=0.0s
[     29s] main 30b c884 ic_m4 known_null_dick table completed_valid t=0.0s
[     29s] main 30b c885 ic_m4 subgroup table completed_valid t=0.0s
[     29s] main 30b c885 ic_m4 dickson table completed_valid t=0.0s
[     29s] main 30b c885 ic_m4 small_x table completed_valid t=0.0s
[     29s] main 30b c885 ic_m4 random_sub_r0 table completed_valid t=0.0s
[     29s] main 30b c885 ic_m4 random_sub_r1 table completed_valid t=0.0s
[     29s] main 30b c885 ic_m4 random_sub_r2 table completed_valid t=0.0s
[     29s] main 30b c885 ic_m4 known_null_sub table completed_valid t=0.0s
[     29s] main 30b c885 ic_m4 random_dick_r0 table completed_valid t=0.0s
[     29s] main 30b c885 ic_m4 random_dick_r1 table completed_valid t=0.0s
[     29s] main 30b c885 ic_m4 random_dick_r2 table completed_valid t=0.0s
[     29s] main 30b c885 ic_m4 known_null_dick table completed_valid t=0.0s
[     29s] main 30b c886 ic_m4 subgroup table completed_valid t=0.0s
[     29s] main 30b c886 ic_m4 dickson table completed_valid t=0.0s
[     29s] main 30b c886 ic_m4 small_x table completed_valid t=0.0s
[     29s] main 30b c886 ic_m4 random_sub_r0 table completed_valid t=0.0s
[     29s] main 30b c886 ic_m4 random_sub_r1 table completed_valid t=0.0s
[     29s] main 30b c886 ic_m4 random_sub_r2 table completed_valid t=0.0s
[     29s] main 30b c886 ic_m4 known_null_sub table completed_valid t=0.0s
[     29s] main 30b c886 ic_m4 random_dick_r0 table completed_valid t=0.0s
[     29s] main 30b c886 ic_m4 random_dick_r1 table completed_valid t=0.0s
[     29s] main 30b c886 ic_m4 random_dick_r2 table completed_valid t=0.0s
[     29s] main 30b c886 ic_m4 known_null_dick table completed_valid t=0.0s
[     30s] main 30b c887 ic_m4 subgroup table completed_valid t=0.0s
[     30s] main 30b c887 ic_m4 dickson table completed_valid t=0.0s
[     30s] main 30b c887 ic_m4 small_x table completed_valid t=0.0s
[     30s] main 30b c887 ic_m4 random_sub_r0 table completed_valid t=0.0s
[     30s] main 30b c887 ic_m4 random_sub_r1 table completed_valid t=0.0s
[     30s] main 30b c887 ic_m4 random_sub_r2 table completed_valid t=0.0s
[     30s] main 30b c887 ic_m4 known_null_sub table completed_valid t=0.0s
[     30s] main 30b c887 ic_m4 random_dick_r0 table completed_valid t=0.0s
[     30s] main 30b c887 ic_m4 random_dick_r1 table completed_valid t=0.0s
[     30s] main 30b c887 ic_m4 random_dick_r2 table completed_valid t=0.0s
[     30s] main 30b c887 ic_m4 known_null_dick table completed_valid t=0.0s
[     30s] main 30b c888 ic_m4 subgroup table completed_valid t=0.0s
[     30s] main 30b c888 ic_m4 dickson table completed_valid t=0.0s
[     30s] main 30b c888 ic_m4 small_x table completed_valid t=0.0s
[     30s] main 30b c888 ic_m4 random_sub_r0 table completed_valid t=0.0s
[     30s] main 30b c888 ic_m4 random_sub_r1 table completed_valid t=0.0s
[     30s] main 30b c888 ic_m4 random_sub_r2 table completed_valid t=0.0s
[     30s] main 30b c888 ic_m4 known_null_sub table completed_valid t=0.0s
[     30s] main 30b c888 ic_m4 random_dick_r0 table completed_valid t=0.0s
[     30s] main 30b c888 ic_m4 random_dick_r1 table completed_valid t=0.0s
[     30s] main 30b c888 ic_m4 random_dick_r2 table completed_valid t=0.0s
[     30s] main 30b c888 ic_m4 known_null_dick table completed_valid t=0.0s
[     30s] main 30b c889 ic_m4 subgroup table completed_valid t=0.0s
[     30s] main 30b c889 ic_m4 dickson table completed_valid t=0.0s
[     30s] main 30b c889 ic_m4 small_x table completed_valid t=0.0s
[     30s] main 30b c889 ic_m4 random_sub_r0 table completed_valid t=0.0s
[     30s] main 30b c889 ic_m4 random_sub_r1 table completed_valid t=0.0s
[     30s] main 30b c889 ic_m4 random_sub_r2 table completed_valid t=0.0s
[     30s] main 30b c889 ic_m4 known_null_sub table completed_valid t=0.0s
[     30s] main 30b c889 ic_m4 random_dick_r0 table completed_valid t=0.0s
[     30s] main 30b c889 ic_m4 random_dick_r1 table completed_valid t=0.0s
[     30s] main 30b c889 ic_m4 random_dick_r2 table completed_valid t=0.0s
[     30s] main 30b c889 ic_m4 known_null_dick table completed_valid t=0.0s
[     31s] main 30b c890 ic_m4 subgroup table completed_valid t=0.0s
[     31s] main 30b c890 ic_m4 dickson table completed_valid t=0.0s
[     31s] main 30b c890 ic_m4 small_x table completed_valid t=0.0s
[     31s] main 30b c890 ic_m4 random_sub_r0 table completed_valid t=0.0s
[     31s] main 30b c890 ic_m4 random_sub_r1 table completed_valid t=0.0s
[     31s] main 30b c890 ic_m4 random_sub_r2 table completed_valid t=0.0s
[     31s] main 30b c890 ic_m4 known_null_sub table completed_valid t=0.0s
[     31s] main 30b c890 ic_m4 random_dick_r0 table completed_valid t=0.0s
[     31s] main 30b c890 ic_m4 random_dick_r1 table completed_valid t=0.0s
[     31s] main 30b c890 ic_m4 random_dick_r2 table completed_valid t=0.0s
[     31s] main 30b c890 ic_m4 known_null_dick table completed_valid t=0.0s
[     31s] main 30b c891 ic_m4 subgroup table completed_valid t=0.0s
[     31s] main 30b c891 ic_m4 dickson table completed_valid t=0.0s
[     31s] main 30b c891 ic_m4 small_x table completed_valid t=0.0s
[     31s] main 30b c891 ic_m4 random_sub_r0 table completed_valid t=0.0s
[     31s] main 30b c891 ic_m4 random_sub_r1 table completed_valid t=0.0s
[     31s] main 30b c891 ic_m4 random_sub_r2 table completed_valid t=0.0s
[     31s] main 30b c891 ic_m4 known_null_sub table completed_valid t=0.0s
[     31s] main 30b c891 ic_m4 random_dick_r0 table completed_valid t=0.0s
[     31s] main 30b c891 ic_m4 random_dick_r1 table completed_valid t=0.0s
[     31s] main 30b c891 ic_m4 random_dick_r2 table completed_valid t=0.0s
[     31s] main 30b c891 ic_m4 known_null_dick table completed_valid t=0.0s
[     32s] main 30b c892 ic_m4 subgroup table completed_valid t=0.0s
[     32s] main 30b c892 ic_m4 dickson table completed_valid t=0.0s
[     32s] main 30b c892 ic_m4 small_x table completed_valid t=0.0s
[     32s] main 30b c892 ic_m4 random_sub_r0 table completed_valid t=0.0s
[     32s] main 30b c892 ic_m4 random_sub_r1 table completed_valid t=0.0s
[     32s] main 30b c892 ic_m4 random_sub_r2 table completed_valid t=0.0s
[     32s] main 30b c892 ic_m4 known_null_sub table completed_valid t=0.0s
[     32s] main 30b c892 ic_m4 random_dick_r0 table completed_valid t=0.0s
[     32s] main 30b c892 ic_m4 random_dick_r1 table completed_valid t=0.0s
[     32s] main 30b c892 ic_m4 random_dick_r2 table completed_valid t=0.0s
[     32s] main 30b c892 ic_m4 known_null_dick table completed_valid t=0.0s
[     32s] main 30b c893 ic_m4 subgroup table completed_valid t=0.0s
[     32s] main 30b c893 ic_m4 dickson table completed_valid t=0.0s
[     32s] main 30b c893 ic_m4 small_x table completed_valid t=0.0s
[     32s] main 30b c893 ic_m4 random_sub_r0 table completed_valid t=0.0s
[     32s] main 30b c893 ic_m4 random_sub_r1 table completed_valid t=0.0s
[     32s] main 30b c893 ic_m4 random_sub_r2 table completed_valid t=0.0s
[     32s] main 30b c893 ic_m4 known_null_sub table completed_valid t=0.0s
[     32s] main 30b c893 ic_m4 random_dick_r0 table completed_valid t=0.0s
[     32s] main 30b c893 ic_m4 random_dick_r1 table completed_valid t=0.0s
[     32s] main 30b c893 ic_m4 random_dick_r2 table completed_valid t=0.0s
[     32s] main 30b c893 ic_m4 known_null_dick table completed_valid t=0.0s
[     33s] main 30b c894 ic_m4 subgroup table completed_valid t=0.0s
[     33s] main 30b c894 ic_m4 dickson table completed_valid t=0.0s
[     33s] main 30b c894 ic_m4 small_x table completed_valid t=0.0s
[     33s] main 30b c894 ic_m4 random_sub_r0 table completed_valid t=0.0s
[     33s] main 30b c894 ic_m4 random_sub_r1 table completed_valid t=0.0s
[     33s] main 30b c894 ic_m4 random_sub_r2 table completed_valid t=0.0s
[     33s] main 30b c894 ic_m4 known_null_sub table completed_valid t=0.0s
[     33s] main 30b c894 ic_m4 random_dick_r0 table completed_valid t=0.0s
[     33s] main 30b c894 ic_m4 random_dick_r1 table completed_valid t=0.0s
[     33s] main 30b c894 ic_m4 random_dick_r2 table completed_valid t=0.0s
[     33s] main 30b c894 ic_m4 known_null_dick table completed_valid t=0.0s
[     33s] main 30b c895 ic_m4 subgroup table completed_valid t=0.0s
[     33s] main 30b c895 ic_m4 dickson table completed_valid t=0.0s
[     33s] main 30b c895 ic_m4 small_x table completed_valid t=0.0s
[     33s] main 30b c895 ic_m4 random_sub_r0 table completed_valid t=0.0s
[     33s] main 30b c895 ic_m4 random_sub_r1 table completed_valid t=0.0s
[     33s] main 30b c895 ic_m4 random_sub_r2 table completed_valid t=0.0s
[     33s] main 30b c895 ic_m4 known_null_sub table completed_valid t=0.0s
[     33s] main 30b c895 ic_m4 random_dick_r0 table completed_valid t=0.0s
[     33s] main 30b c895 ic_m4 random_dick_r1 table completed_valid t=0.0s
[     33s] main 30b c895 ic_m4 random_dick_r2 table completed_valid t=0.0s
[     33s] main 30b c895 ic_m4 known_null_dick table completed_valid t=0.0s
[     33s] main 30b c896 ic_m4 subgroup table completed_valid t=0.0s
[     33s] main 30b c896 ic_m4 dickson table completed_valid t=0.0s
[     33s] main 30b c896 ic_m4 small_x table completed_valid t=0.0s
[     33s] main 30b c896 ic_m4 random_sub_r0 table completed_valid t=0.0s
[     33s] main 30b c896 ic_m4 random_sub_r1 table completed_valid t=0.0s
[     33s] main 30b c896 ic_m4 random_sub_r2 table completed_valid t=0.0s
[     33s] main 30b c896 ic_m4 known_null_sub table completed_valid t=0.0s
[     33s] main 30b c896 ic_m4 random_dick_r0 table completed_valid t=0.0s
[     33s] main 30b c896 ic_m4 random_dick_r1 table completed_valid t=0.0s
[     33s] main 30b c896 ic_m4 random_dick_r2 table completed_valid t=0.0s
[     33s] main 30b c896 ic_m4 known_null_dick table completed_valid t=0.0s
[     34s] main 30b c897 ic_m4 subgroup table completed_valid t=0.0s
[     34s] main 30b c897 ic_m4 dickson table completed_valid t=0.0s
[     34s] main 30b c897 ic_m4 small_x table completed_valid t=0.0s
[     34s] main 30b c897 ic_m4 random_sub_r0 table completed_valid t=0.0s
[     34s] main 30b c897 ic_m4 random_sub_r1 table completed_valid t=0.0s
[     34s] main 30b c897 ic_m4 random_sub_r2 table completed_valid t=0.0s
[     34s] main 30b c897 ic_m4 known_null_sub table completed_valid t=0.0s
[     34s] main 30b c897 ic_m4 random_dick_r0 table completed_valid t=0.0s
[     34s] main 30b c897 ic_m4 random_dick_r1 table completed_valid t=0.0s
[     34s] main 30b c897 ic_m4 random_dick_r2 table completed_valid t=0.0s
[     34s] main 30b c897 ic_m4 known_null_dick table completed_valid t=0.0s
[     34s] main 30b c898 ic_m4 subgroup table completed_valid t=0.0s
[     34s] main 30b c898 ic_m4 dickson table completed_valid t=0.0s
[     34s] main 30b c898 ic_m4 small_x table completed_valid t=0.0s
[     34s] main 30b c898 ic_m4 random_sub_r0 table completed_valid t=0.0s
[     34s] main 30b c898 ic_m4 random_sub_r1 table completed_valid t=0.0s
[     34s] main 30b c898 ic_m4 random_sub_r2 table completed_valid t=0.0s
[     34s] main 30b c898 ic_m4 known_null_sub table completed_valid t=0.0s
[     34s] main 30b c898 ic_m4 random_dick_r0 table completed_valid t=0.0s
[     34s] main 30b c898 ic_m4 random_dick_r1 table completed_valid t=0.0s
[     34s] main 30b c898 ic_m4 random_dick_r2 table completed_valid t=0.0s
[     34s] main 30b c898 ic_m4 known_null_dick table completed_valid t=0.0s
[     35s] main 30b c899 ic_m4 subgroup table completed_valid t=0.0s
[     35s] main 30b c899 ic_m4 dickson table completed_valid t=0.0s
[     35s] main 30b c899 ic_m4 small_x table completed_valid t=0.0s
[     35s] main 30b c899 ic_m4 random_sub_r0 table completed_valid t=0.0s
[     35s] main 30b c899 ic_m4 random_sub_r1 table completed_valid t=0.0s
[     35s] main 30b c899 ic_m4 random_sub_r2 table completed_valid t=0.0s
[     35s] main 30b c899 ic_m4 known_null_sub table completed_valid t=0.0s
[     35s] main 30b c899 ic_m4 random_dick_r0 table completed_valid t=0.0s
[     35s] main 30b c899 ic_m4 random_dick_r1 table completed_valid t=0.0s
[     35s] main 30b c899 ic_m4 random_dick_r2 table completed_valid t=0.0s
[     35s] main 30b c899 ic_m4 known_null_dick table completed_valid t=0.0s
[     35s] main 30b c900 ic_m4 subgroup table completed_valid t=0.0s
[     35s] main 30b c900 ic_m4 dickson table completed_valid t=0.0s
[     35s] main 30b c900 ic_m4 small_x table completed_valid t=0.0s
[     35s] main 30b c900 ic_m4 random_sub_r0 table completed_valid t=0.0s
[     35s] main 30b c900 ic_m4 random_sub_r1 table completed_valid t=0.0s
[     35s] main 30b c900 ic_m4 random_sub_r2 table completed_valid t=0.0s
[     35s] main 30b c900 ic_m4 known_null_sub table completed_valid t=0.0s
[     35s] main 30b c900 ic_m4 random_dick_r0 table completed_valid t=0.0s
[     35s] main 30b c900 ic_m4 random_dick_r1 table completed_valid t=0.0s
[     35s] main 30b c900 ic_m4 random_dick_r2 table completed_valid t=0.0s
[     35s] main 30b c900 ic_m4 known_null_dick table completed_valid t=0.0s
[     35s] main 30b c901 ic_m4 subgroup table completed_valid t=0.0s
[     35s] main 30b c901 ic_m4 dickson table completed_valid t=0.0s
[     35s] main 30b c901 ic_m4 small_x table completed_valid t=0.0s
[     35s] main 30b c901 ic_m4 random_sub_r0 table completed_valid t=0.0s
[     35s] main 30b c901 ic_m4 random_sub_r1 table completed_valid t=0.0s
[     35s] main 30b c901 ic_m4 random_sub_r2 table completed_valid t=0.0s
[     35s] main 30b c901 ic_m4 known_null_sub table completed_valid t=0.0s
[     35s] main 30b c901 ic_m4 random_dick_r0 table completed_valid t=0.0s
[     35s] main 30b c901 ic_m4 random_dick_r1 table completed_valid t=0.0s
[     35s] main 30b c901 ic_m4 random_dick_r2 table completed_valid t=0.0s
[     35s] main 30b c901 ic_m4 known_null_dick table completed_valid t=0.0s
[     35s] main 30b c902 ic_m4 subgroup table completed_valid t=0.0s
[     35s] main 30b c902 ic_m4 dickson table completed_valid t=0.0s
[     35s] main 30b c902 ic_m4 small_x table completed_valid t=0.0s
[     35s] main 30b c902 ic_m4 random_sub_r0 table completed_valid t=0.0s
[     35s] main 30b c902 ic_m4 random_sub_r1 table completed_valid t=0.0s
[     35s] main 30b c902 ic_m4 random_sub_r2 table completed_valid t=0.0s
[     35s] main 30b c902 ic_m4 known_null_sub table completed_valid t=0.0s
[     35s] main 30b c902 ic_m4 random_dick_r0 table completed_valid t=0.0s
[     35s] main 30b c902 ic_m4 random_dick_r1 table completed_valid t=0.0s
[     35s] main 30b c902 ic_m4 random_dick_r2 table completed_valid t=0.0s
[     35s] main 30b c902 ic_m4 known_null_dick table completed_valid t=0.0s
[     36s] main 30b c903 ic_m4 subgroup table completed_valid t=0.0s
[     36s] main 30b c903 ic_m4 dickson table completed_valid t=0.0s
[     36s] main 30b c903 ic_m4 small_x table completed_valid t=0.0s
[     36s] main 30b c903 ic_m4 random_sub_r0 table completed_valid t=0.0s
[     36s] main 30b c903 ic_m4 random_sub_r1 table completed_valid t=0.0s
[     36s] main 30b c903 ic_m4 random_sub_r2 table completed_valid t=0.0s
[     36s] main 30b c903 ic_m4 known_null_sub table completed_valid t=0.0s
[     36s] main 30b c903 ic_m4 random_dick_r0 table completed_valid t=0.0s
[     36s] main 30b c903 ic_m4 random_dick_r1 table completed_valid t=0.0s
[     36s] main 30b c903 ic_m4 random_dick_r2 table completed_valid t=0.0s
[     36s] main 30b c903 ic_m4 known_null_dick table completed_valid t=0.0s
[     36s] main 30b c904 ic_m4 subgroup table completed_valid t=0.0s
[     36s] main 30b c904 ic_m4 dickson table completed_valid t=0.0s
[     36s] main 30b c904 ic_m4 small_x table completed_valid t=0.0s
[     36s] main 30b c904 ic_m4 random_sub_r0 table completed_valid t=0.0s
[     36s] main 30b c904 ic_m4 random_sub_r1 table completed_valid t=0.0s
[     36s] main 30b c904 ic_m4 random_sub_r2 table completed_valid t=0.0s
[     36s] main 30b c904 ic_m4 known_null_sub table completed_valid t=0.0s
[     36s] main 30b c904 ic_m4 random_dick_r0 table completed_valid t=0.0s
[     36s] main 30b c904 ic_m4 random_dick_r1 table completed_valid t=0.0s
[     36s] main 30b c904 ic_m4 random_dick_r2 table completed_valid t=0.0s
[     36s] main 30b c904 ic_m4 known_null_dick table completed_valid t=0.0s
[     36s] main 30b c905 ic_m4 subgroup table completed_valid t=0.0s
[     36s] main 30b c905 ic_m4 dickson table completed_valid t=0.0s
[     36s] main 30b c905 ic_m4 small_x table completed_valid t=0.0s
[     36s] main 30b c905 ic_m4 random_sub_r0 table completed_valid t=0.0s
[     36s] main 30b c905 ic_m4 random_sub_r1 table completed_valid t=0.0s
[     36s] main 30b c905 ic_m4 random_sub_r2 table completed_valid t=0.0s
[     36s] main 30b c905 ic_m4 known_null_sub table completed_valid t=0.0s
[     36s] main 30b c905 ic_m4 random_dick_r0 table completed_valid t=0.0s
[     36s] main 30b c905 ic_m4 random_dick_r1 table completed_valid t=0.0s
[     36s] main 30b c905 ic_m4 random_dick_r2 table completed_valid t=0.0s
[     36s] main 30b c905 ic_m4 known_null_dick table completed_valid t=0.0s
[     37s] main 30b c906 ic_m4 subgroup table completed_valid t=0.0s
[     37s] main 30b c906 ic_m4 dickson table completed_valid t=0.0s
[     37s] main 30b c906 ic_m4 small_x table completed_valid t=0.0s
[     37s] main 30b c906 ic_m4 random_sub_r0 table completed_valid t=0.0s
[     37s] main 30b c906 ic_m4 random_sub_r1 table completed_valid t=0.0s
[     37s] main 30b c906 ic_m4 random_sub_r2 table completed_valid t=0.0s
[     37s] main 30b c906 ic_m4 known_null_sub table completed_valid t=0.0s
[     37s] main 30b c906 ic_m4 random_dick_r0 table completed_valid t=0.0s
[     37s] main 30b c906 ic_m4 random_dick_r1 table completed_valid t=0.0s
[     37s] main 30b c906 ic_m4 random_dick_r2 table completed_valid t=0.0s
[     37s] main 30b c906 ic_m4 known_null_dick table completed_valid t=0.0s
[     37s] main 30b c907 ic_m4 subgroup table completed_valid t=0.0s
[     37s] main 30b c907 ic_m4 dickson table completed_valid t=0.0s
[     37s] main 30b c907 ic_m4 small_x table completed_valid t=0.0s
[     37s] main 30b c907 ic_m4 random_sub_r0 table completed_valid t=0.0s
[     37s] main 30b c907 ic_m4 random_sub_r1 table completed_valid t=0.0s
[     37s] main 30b c907 ic_m4 random_sub_r2 table completed_valid t=0.0s
[     37s] main 30b c907 ic_m4 known_null_sub table completed_valid t=0.0s
[     37s] main 30b c907 ic_m4 random_dick_r0 table completed_valid t=0.0s
[     37s] main 30b c907 ic_m4 random_dick_r1 table completed_valid t=0.0s
[     37s] main 30b c907 ic_m4 random_dick_r2 table completed_valid t=0.0s
[     37s] main 30b c907 ic_m4 known_null_dick table completed_valid t=0.0s
[     37s] main 30b c908 ic_m4 subgroup table completed_valid t=0.0s
[     37s] main 30b c908 ic_m4 dickson table completed_valid t=0.0s
[     37s] main 30b c908 ic_m4 small_x table completed_valid t=0.0s
[     37s] main 30b c908 ic_m4 random_sub_r0 table completed_valid t=0.0s
[     37s] main 30b c908 ic_m4 random_sub_r1 table completed_valid t=0.0s
[     37s] main 30b c908 ic_m4 random_sub_r2 table completed_valid t=0.0s
[     37s] main 30b c908 ic_m4 known_null_sub table completed_valid t=0.0s
[     37s] main 30b c908 ic_m4 random_dick_r0 table completed_valid t=0.0s
[     37s] main 30b c908 ic_m4 random_dick_r1 table completed_valid t=0.0s
[     37s] main 30b c908 ic_m4 random_dick_r2 table completed_valid t=0.0s
[     37s] main 30b c908 ic_m4 known_null_dick table completed_valid t=0.0s
[     38s] main 30b c909 ic_m4 subgroup table completed_valid t=0.0s
[     38s] main 30b c909 ic_m4 dickson table completed_valid t=0.0s
[     38s] main 30b c909 ic_m4 small_x table completed_valid t=0.0s
[     38s] main 30b c909 ic_m4 random_sub_r0 table completed_valid t=0.0s
[     38s] main 30b c909 ic_m4 random_sub_r1 table completed_valid t=0.0s
[     38s] main 30b c909 ic_m4 random_sub_r2 table completed_valid t=0.0s
[     38s] main 30b c909 ic_m4 known_null_sub table completed_valid t=0.0s
[     38s] main 30b c909 ic_m4 random_dick_r0 table completed_valid t=0.0s
[     38s] main 30b c909 ic_m4 random_dick_r1 table completed_valid t=0.0s
[     38s] main 30b c909 ic_m4 random_dick_r2 table completed_valid t=0.0s
[     38s] main 30b c909 ic_m4 known_null_dick table completed_valid t=0.0s
