=== EXP-FB3-001 battery, size 2^16 (N_target=65536) ===
started_at 2026-07-24T19:16:36+00:00
frozen: m=3 matched_size=B = ceil((6*N)**(1/3)) null_draws=200
counting: exact integer counts over ALL N targets (no sampling); discrete logs known by construction FOR MEASUREMENT ONLY
curve generation:
  curve 1: p=65437 a=9173 b=41121 N=65579 tries=10 checks_ok=True (0.1s)
  curve 2: p=65213 a=47132 b=41527 N=65213 tries=28 checks_ok=True (0.1s)
  curve 3: p=65309 a=58844 b=40066 N=65027 tries=2 checks_ok=True (0.0s)
  curve 4: p=65537 a=56198 b=56489 N=65651 tries=4 checks_ok=True (0.0s)
curve 1: N=65579 B=74 exact_total=C(B+2,3)=70300 exact_mean=1.071990
  curve 1 seed 1: 1.8s (greedy 0.2s) peak_rss=137MB
  curve 1 seed 2: 1.5s (greedy 0.2s) peak_rss=137MB
  curve 1 seed 3: 1.5s (greedy 0.2s) peak_rss=137MB
  curve 1 seed 4: 1.5s (greedy 0.2s) peak_rss=137MB
curve 2: N=65213 B=74 exact_total=C(B+2,3)=70300 exact_mean=1.078006
  curve 2 seed 1: 1.5s (greedy 0.2s) peak_rss=137MB
  curve 2 seed 2: 1.5s (greedy 0.2s) peak_rss=137MB
  curve 2 seed 3: 1.5s (greedy 0.2s) peak_rss=137MB
  curve 2 seed 4: 1.5s (greedy 0.2s) peak_rss=137MB
curve 3: N=65027 B=74 exact_total=C(B+2,3)=70300 exact_mean=1.081089
  curve 3 seed 1: 1.5s (greedy 0.2s) peak_rss=137MB
  curve 3 seed 2: 1.5s (greedy 0.2s) peak_rss=137MB
  curve 3 seed 3: 1.5s (greedy 0.2s) peak_rss=137MB
  curve 3 seed 4: 1.5s (greedy 0.2s) peak_rss=137MB
curve 4: N=65651 B=74 exact_total=C(B+2,3)=70300 exact_mean=1.070814
  curve 4 seed 1: 1.5s (greedy 0.2s) peak_rss=137MB
  curve 4 seed 2: 1.5s (greedy 0.2s) peak_rss=137MB
  curve 4 seed 3: 1.5s (greedy 0.2s) peak_rss=137MB
  curve 4 seed 4: 1.5s (greedy 0.2s) peak_rss=137MB
  asymmetric_sizing                    mean_ratio=0.041821 cov_ratio=0.066833 conc_ratio=0.001585 min_p=0.005
  coset_union                          mean_ratio=1.000000 cov_ratio=1.000126 conc_ratio=0.996740 min_p=1.000
  greedy_optimized                     mean_ratio=0.971719 cov_ratio=1.006468 conc_ratio=0.873999 min_p=0.005
  high_bit_interval                    mean_ratio=1.000000 cov_ratio=1.003757 conc_ratio=0.988435 min_p=1.000
  mixed_two_base                       mean_ratio=0.370000 cov_ratio=0.501448 conc_ratio=0.133043 min_p=0.005
  mixed_two_base__secondary_typing     mean_ratio=0.370000 cov_ratio=0.061616 conc_ratio=4.050722 min_p=0.005
  small_height                         mean_ratio=1.000000 cov_ratio=1.001075 conc_ratio=0.994354 min_p=1.000
wrote ../runs/RUN-FB3-001-N16/raw-result.json
controls: {"closed_form_total_control": "pass", "independent_recount_control": "pass", "fft_max_abs_rounding_deviation": 5.4569682106375694e-12, "fft_route_control": "pass"}
wall_clock_seconds 24.3 peak_memory_mb 137.4
