{
  "instances": 8,
  "by_status": {
    "main|dickson|census|completed_valid": 1,
    "main|dickson|on|completed_valid": 1,
    "main|random_dick_r0|census|completed_valid": 1,
    "main|random_dick_r0|on|completed_valid": 1,
    "main|random_dick_r1|census|completed_valid": 1,
    "main|random_dick_r1|on|completed_valid": 1,
    "main|random_dick_r2|census|completed_valid": 1,
    "main|random_dick_r2|on|completed_valid": 1
  },
  "stopped_at_job": null,
  "certificates": {
    "cert_pass": 154027,
    "cert_fail": 0,
    "rows_emitted": 154027
  },
  "identity_failures": 0
}
