[      0s] main 32b c4910 ic_m4 subgroup table completed_valid t=0.0s
[      0s] main 32b c4910 ic_m4 small_x table completed_valid t=0.0s
[      0s] main 32b c4910 ic_m4 random_sub_r0 table completed_valid t=0.0s
[      0s] main 32b c4910 ic_m4 random_sub_r1 table completed_valid t=0.0s
[      0s] main 32b c4910 ic_m4 random_sub_r2 table completed_valid t=0.0s
[      0s] main 32b c4910 ic_m4 known_null_sub table completed_valid t=0.0s
[      0s] main 32b c4910 ic_m4 planted_sub table completed_valid t=0.0s
[      0s] main 32b c4910 ic_m4 small_x_offset table completed_valid t=0.0s
[      1s] main 32b c4911 ic_m4 subgroup table completed_valid t=0.0s
[      1s] main 32b c4911 ic_m4 small_x table completed_valid t=0.0s
[      1s] main 32b c4911 ic_m4 random_sub_r0 table completed_valid t=0.0s
[      1s] main 32b c4911 ic_m4 random_sub_r1 table completed_valid t=0.0s
[      1s] main 32b c4911 ic_m4 random_sub_r2 table completed_valid t=0.0s
[      1s] main 32b c4911 ic_m4 known_null_sub table completed_valid t=0.0s
[      1s] main 32b c4911 ic_m4 planted_sub table completed_valid t=0.0s
[      1s] main 32b c4911 ic_m4 small_x_offset table completed_valid t=0.0s
[      1s] main 32b c4912 ic_m4 subgroup table completed_valid t=0.0s
[      1s] main 32b c4912 ic_m4 small_x table completed_valid t=0.0s
[      1s] main 32b c4912 ic_m4 random_sub_r0 table completed_valid t=0.1s
[      1s] main 32b c4912 ic_m4 random_sub_r1 table completed_valid t=0.1s
[      1s] main 32b c4912 ic_m4 random_sub_r2 table completed_valid t=0.1s
[      1s] main 32b c4912 ic_m4 known_null_sub table completed_valid t=0.0s
[      1s] main 32b c4912 ic_m4 planted_sub table completed_valid t=0.1s
[      1s] main 32b c4912 ic_m4 small_x_offset table completed_valid t=0.0s
[      2s] main 32b c4913 ic_m4 subgroup table completed_valid t=0.0s
[      2s] main 32b c4913 ic_m4 small_x table completed_valid t=0.0s
[      2s] main 32b c4913 ic_m4 random_sub_r0 table completed_valid t=0.0s
[      2s] main 32b c4913 ic_m4 random_sub_r1 table completed_valid t=0.0s
[      2s] main 32b c4913 ic_m4 random_sub_r2 table completed_valid t=0.0s
[      2s] main 32b c4913 ic_m4 known_null_sub table completed_valid t=0.0s
[      2s] main 32b c4913 ic_m4 planted_sub table completed_valid t=0.0s
[      2s] main 32b c4913 ic_m4 small_x_offset table completed_valid t=0.0s
[      2s] main 32b c4914 ic_m4 subgroup table completed_valid t=0.0s
[      2s] main 32b c4914 ic_m4 small_x table completed_valid t=0.0s
[      2s] main 32b c4914 ic_m4 random_sub_r0 table completed_valid t=0.0s
[      2s] main 32b c4914 ic_m4 random_sub_r1 table completed_valid t=0.0s
[      2s] main 32b c4914 ic_m4 random_sub_r2 table completed_valid t=0.0s
[      2s] main 32b c4914 ic_m4 known_null_sub table completed_valid t=0.0s
[      2s] main 32b c4914 ic_m4 planted_sub table completed_valid t=0.0s
[      2s] main 32b c4914 ic_m4 small_x_offset table completed_valid t=0.0s
[      2s] main 32b c4915 ic_m4 subgroup table completed_valid t=0.0s
[      2s] main 32b c4915 ic_m4 small_x table completed_valid t=0.0s
[      2s] main 32b c4915 ic_m4 random_sub_r0 table completed_valid t=0.0s
[      2s] main 32b c4915 ic_m4 random_sub_r1 table completed_valid t=0.0s
[      2s] main 32b c4915 ic_m4 random_sub_r2 table completed_valid t=0.0s
[      2s] main 32b c4915 ic_m4 known_null_sub table completed_valid t=0.0s
[      2s] main 32b c4915 ic_m4 planted_sub table completed_valid t=0.0s
[      2s] main 32b c4915 ic_m4 small_x_offset table completed_valid t=0.0s
[      3s] main 32b c4916 ic_m4 subgroup table completed_valid t=0.0s
[      3s] main 32b c4916 ic_m4 small_x table completed_valid t=0.0s
[      3s] main 32b c4916 ic_m4 random_sub_r0 table completed_valid t=0.0s
[      3s] main 32b c4916 ic_m4 random_sub_r1 table completed_valid t=0.0s
[      3s] main 32b c4916 ic_m4 random_sub_r2 table completed_valid t=0.0s
[      3s] main 32b c4916 ic_m4 known_null_sub table completed_valid t=0.0s
[      3s] main 32b c4916 ic_m4 planted_sub table completed_valid t=0.0s
[      3s] main 32b c4916 ic_m4 small_x_offset table completed_valid t=0.0s
[      3s] main 32b c4917 ic_m4 subgroup table completed_valid t=0.0s
[      3s] main 32b c4917 ic_m4 small_x table completed_valid t=0.0s
[      3s] main 32b c4917 ic_m4 random_sub_r0 table completed_valid t=0.0s
[      3s] main 32b c4917 ic_m4 random_sub_r1 table completed_valid t=0.0s
[      3s] main 32b c4917 ic_m4 random_sub_r2 table completed_valid t=0.0s
[      3s] main 32b c4917 ic_m4 known_null_sub table completed_valid t=0.0s
[      3s] main 32b c4917 ic_m4 planted_sub table completed_valid t=0.0s
[      3s] main 32b c4917 ic_m4 small_x_offset table completed_valid t=0.0s
[      4s] main 32b c4918 ic_m4 subgroup table completed_valid t=0.0s
[      4s] main 32b c4918 ic_m4 small_x table completed_valid t=0.0s
[      4s] main 32b c4918 ic_m4 random_sub_r0 table completed_valid t=0.0s
[      4s] main 32b c4918 ic_m4 random_sub_r1 table completed_valid t=0.0s
[      4s] main 32b c4918 ic_m4 random_sub_r2 table completed_valid t=0.0s
[      4s] main 32b c4918 ic_m4 known_null_sub table completed_valid t=0.0s
[      4s] main 32b c4918 ic_m4 planted_sub table completed_valid t=0.0s
[      4s] main 32b c4918 ic_m4 small_x_offset table completed_valid t=0.0s
[      4s] main 32b c4919 ic_m4 subgroup table completed_valid t=0.0s
[      4s] main 32b c4919 ic_m4 small_x table completed_valid t=0.0s
[      4s] main 32b c4919 ic_m4 random_sub_r0 table completed_valid t=0.0s
[      4s] main 32b c4919 ic_m4 random_sub_r1 table completed_valid t=0.0s
[      4s] main 32b c4919 ic_m4 random_sub_r2 table completed_valid t=0.0s
[      4s] main 32b c4919 ic_m4 known_null_sub table completed_valid t=0.0s
[      4s] main 32b c4919 ic_m4 planted_sub table completed_valid t=0.0s
[      4s] main 32b c4919 ic_m4 small_x_offset table completed_valid t=0.0s
[      5s] main 32b c4920 ic_m4 subgroup table completed_valid t=0.0s
[      5s] main 32b c4920 ic_m4 small_x table completed_valid t=0.0s
[      5s] main 32b c4920 ic_m4 random_sub_r0 table completed_valid t=0.0s
[      5s] main 32b c4920 ic_m4 random_sub_r1 table completed_valid t=0.0s
[      5s] main 32b c4920 ic_m4 random_sub_r2 table completed_valid t=0.0s
[      5s] main 32b c4920 ic_m4 known_null_sub table completed_valid t=0.0s
[      5s] main 32b c4920 ic_m4 planted_sub table completed_valid t=0.0s
[      5s] main 32b c4920 ic_m4 small_x_offset table completed_valid t=0.0s
[      5s] main 32b c4921 ic_m4 subgroup table completed_valid t=0.0s
[      5s] main 32b c4921 ic_m4 small_x table completed_valid t=0.0s
[      5s] main 32b c4921 ic_m4 random_sub_r0 table completed_valid t=0.0s
[      5s] main 32b c4921 ic_m4 random_sub_r1 table completed_valid t=0.0s
[      5s] main 32b c4921 ic_m4 random_sub_r2 table completed_valid t=0.0s
[      5s] main 32b c4921 ic_m4 known_null_sub table completed_valid t=0.0s
[      5s] main 32b c4921 ic_m4 planted_sub table completed_valid t=0.0s
[      5s] main 32b c4921 ic_m4 small_x_offset table completed_valid t=0.0s
[      5s] main 32b c4922 ic_m4 subgroup table completed_valid t=0.0s
[      5s] main 32b c4922 ic_m4 small_x table completed_valid t=0.0s
[      5s] main 32b c4922 ic_m4 random_sub_r0 table completed_valid t=0.0s
[      5s] main 32b c4922 ic_m4 random_sub_r1 table completed_valid t=0.0s
[      5s] main 32b c4922 ic_m4 random_sub_r2 table completed_valid t=0.0s
[      5s] main 32b c4922 ic_m4 known_null_sub table completed_valid t=0.0s
[      5s] main 32b c4922 ic_m4 planted_sub table completed_valid t=0.0s
[      5s] main 32b c4922 ic_m4 small_x_offset table completed_valid t=0.0s
[      6s] main 32b c4923 ic_m4 subgroup table completed_valid t=0.0s
[      6s] main 32b c4923 ic_m4 small_x table completed_valid t=0.0s
[      6s] main 32b c4923 ic_m4 random_sub_r0 table completed_valid t=0.0s
[      6s] main 32b c4923 ic_m4 random_sub_r1 table completed_valid t=0.0s
[      6s] main 32b c4923 ic_m4 random_sub_r2 table completed_valid t=0.0s
[      6s] main 32b c4923 ic_m4 known_null_sub table completed_valid t=0.0s
[      6s] main 32b c4923 ic_m4 planted_sub table completed_valid t=0.0s
[      6s] main 32b c4923 ic_m4 small_x_offset table completed_valid t=0.0s
[      6s] main 32b c4924 ic_m4 subgroup table completed_valid t=0.0s
[      6s] main 32b c4924 ic_m4 small_x table completed_valid t=0.0s
[      6s] main 32b c4924 ic_m4 random_sub_r0 table completed_valid t=0.0s
[      6s] main 32b c4924 ic_m4 random_sub_r1 table completed_valid t=0.0s
[      6s] main 32b c4924 ic_m4 random_sub_r2 table completed_valid t=0.0s
[      6s] main 32b c4924 ic_m4 known_null_sub table completed_valid t=0.0s
[      6s] main 32b c4924 ic_m4 planted_sub table completed_valid t=0.0s
[      6s] main 32b c4924 ic_m4 small_x_offset table completed_valid t=0.0s
[      7s] main 32b c4925 ic_m4 subgroup table completed_valid t=0.0s
[      7s] main 32b c4925 ic_m4 small_x table completed_valid t=0.0s
[      7s] main 32b c4925 ic_m4 random_sub_r0 table completed_valid t=0.0s
[      7s] main 32b c4925 ic_m4 random_sub_r1 table completed_valid t=0.0s
[      7s] main 32b c4925 ic_m4 random_sub_r2 table completed_valid t=0.0s
[      7s] main 32b c4925 ic_m4 known_null_sub table completed_valid t=0.0s
[      7s] main 32b c4925 ic_m4 planted_sub table completed_valid t=0.0s
[      7s] main 32b c4925 ic_m4 small_x_offset table completed_valid t=0.0s
[      7s] main 32b c4926 ic_m4 subgroup table completed_valid t=0.0s
[      7s] main 32b c4926 ic_m4 small_x table completed_valid t=0.0s
[      7s] main 32b c4926 ic_m4 random_sub_r0 table completed_valid t=0.0s
[      7s] main 32b c4926 ic_m4 random_sub_r1 table completed_valid t=0.0s
[      7s] main 32b c4926 ic_m4 random_sub_r2 table completed_valid t=0.0s
[      7s] main 32b c4926 ic_m4 known_null_sub table completed_valid t=0.0s
[      7s] main 32b c4926 ic_m4 planted_sub table completed_valid t=0.0s
[      7s] main 32b c4926 ic_m4 small_x_offset table completed_valid t=0.0s
[      7s] main 32b c4927 ic_m4 subgroup table completed_valid t=0.1s
[      7s] main 32b c4927 ic_m4 small_x table completed_valid t=0.0s
[      7s] main 32b c4927 ic_m4 random_sub_r0 table completed_valid t=0.0s
[      7s] main 32b c4927 ic_m4 random_sub_r1 table completed_valid t=0.0s
[      7s] main 32b c4927 ic_m4 random_sub_r2 table completed_valid t=0.0s
[      7s] main 32b c4927 ic_m4 known_null_sub table completed_valid t=0.0s
[      7s] main 32b c4927 ic_m4 planted_sub table completed_valid t=0.0s
[      7s] main 32b c4927 ic_m4 small_x_offset table completed_valid t=0.0s
[      8s] main 32b c4928 ic_m4 subgroup table completed_valid t=0.0s
[      8s] main 32b c4928 ic_m4 small_x table completed_valid t=0.0s
[      8s] main 32b c4928 ic_m4 random_sub_r0 table completed_valid t=0.0s
[      8s] main 32b c4928 ic_m4 random_sub_r1 table completed_valid t=0.0s
[      8s] main 32b c4928 ic_m4 random_sub_r2 table completed_valid t=0.0s
[      8s] main 32b c4928 ic_m4 known_null_sub table completed_valid t=0.0s
[      8s] main 32b c4928 ic_m4 planted_sub table completed_valid t=0.0s
[      8s] main 32b c4928 ic_m4 small_x_offset table completed_valid t=0.0s
[      8s] main 32b c4929 ic_m4 subgroup table completed_valid t=0.0s
[      8s] main 32b c4929 ic_m4 small_x table completed_valid t=0.0s
[      8s] main 32b c4929 ic_m4 random_sub_r0 table completed_valid t=0.0s
[      8s] main 32b c4929 ic_m4 random_sub_r1 table completed_valid t=0.0s
[      8s] main 32b c4929 ic_m4 random_sub_r2 table completed_valid t=0.0s
[      8s] main 32b c4929 ic_m4 known_null_sub table completed_valid t=0.0s
[      8s] main 32b c4929 ic_m4 planted_sub table completed_valid t=0.0s
[      8s] main 32b c4929 ic_m4 small_x_offset table completed_valid t=0.0s
[      9s] main 32b c4930 ic_m4 subgroup table completed_valid t=0.0s
[      9s] main 32b c4930 ic_m4 small_x table completed_valid t=0.0s
[      9s] main 32b c4930 ic_m4 random_sub_r0 table completed_valid t=0.0s
[      9s] main 32b c4930 ic_m4 random_sub_r1 table completed_valid t=0.0s
[      9s] main 32b c4930 ic_m4 random_sub_r2 table completed_valid t=0.0s
[      9s] main 32b c4930 ic_m4 known_null_sub table completed_valid t=0.0s
[      9s] main 32b c4930 ic_m4 planted_sub table completed_valid t=0.0s
[      9s] main 32b c4930 ic_m4 small_x_offset table completed_valid t=0.0s
[      9s] main 32b c4931 ic_m4 subgroup table completed_valid t=0.0s
[      9s] main 32b c4931 ic_m4 small_x table completed_valid t=0.0s
[      9s] main 32b c4931 ic_m4 random_sub_r0 table completed_valid t=0.0s
[      9s] main 32b c4931 ic_m4 random_sub_r1 table completed_valid t=0.0s
[      9s] main 32b c4931 ic_m4 random_sub_r2 table completed_valid t=0.0s
[      9s] main 32b c4931 ic_m4 known_null_sub table completed_valid t=0.0s
[      9s] main 32b c4931 ic_m4 planted_sub table completed_valid t=0.0s
[      9s] main 32b c4931 ic_m4 small_x_offset table completed_valid t=0.0s
[     10s] main 32b c4932 ic_m4 subgroup table completed_valid t=0.0s
[     10s] main 32b c4932 ic_m4 small_x table completed_valid t=0.0s
[     10s] main 32b c4932 ic_m4 random_sub_r0 table completed_valid t=0.0s
[     10s] main 32b c4932 ic_m4 random_sub_r1 table completed_valid t=0.0s
[     10s] main 32b c4932 ic_m4 random_sub_r2 table completed_valid t=0.0s
[     10s] main 32b c4932 ic_m4 known_null_sub table completed_valid t=0.0s
[     10s] main 32b c4932 ic_m4 planted_sub table completed_valid t=0.0s
[     10s] main 32b c4932 ic_m4 small_x_offset table completed_valid t=0.0s
[     10s] main 32b c4933 ic_m4 subgroup table completed_valid t=0.0s
[     10s] main 32b c4933 ic_m4 small_x table completed_valid t=0.0s
[     10s] main 32b c4933 ic_m4 random_sub_r0 table completed_valid t=0.0s
[     10s] main 32b c4933 ic_m4 random_sub_r1 table completed_valid t=0.0s
[     10s] main 32b c4933 ic_m4 random_sub_r2 table completed_valid t=0.0s
[     10s] main 32b c4933 ic_m4 known_null_sub table completed_valid t=0.0s
[     10s] main 32b c4933 ic_m4 planted_sub table completed_valid t=0.0s
[     10s] main 32b c4933 ic_m4 small_x_offset table completed_valid t=0.0s
[     11s] main 32b c4934 ic_m4 subgroup table completed_valid t=0.0s
[     11s] main 32b c4934 ic_m4 small_x table completed_valid t=0.0s
[     11s] main 32b c4934 ic_m4 random_sub_r0 table completed_valid t=0.0s
[     11s] main 32b c4934 ic_m4 random_sub_r1 table completed_valid t=0.0s
[     11s] main 32b c4934 ic_m4 random_sub_r2 table completed_valid t=0.0s
[     11s] main 32b c4934 ic_m4 known_null_sub table completed_valid t=0.0s
[     11s] main 32b c4934 ic_m4 planted_sub table completed_valid t=0.0s
[     11s] main 32b c4934 ic_m4 small_x_offset table completed_valid t=0.0s
[     11s] main 32b c4935 ic_m4 subgroup table completed_valid t=0.0s
[     11s] main 32b c4935 ic_m4 small_x table completed_valid t=0.0s
[     11s] main 32b c4935 ic_m4 random_sub_r0 table completed_valid t=0.0s
[     11s] main 32b c4935 ic_m4 random_sub_r1 table completed_valid t=0.0s
[     11s] main 32b c4935 ic_m4 random_sub_r2 table completed_valid t=0.0s
[     11s] main 32b c4935 ic_m4 known_null_sub table completed_valid t=0.0s
[     11s] main 32b c4935 ic_m4 planted_sub table completed_valid t=0.0s
[     11s] main 32b c4935 ic_m4 small_x_offset table completed_valid t=0.0s
[     11s] main 32b c4936 ic_m4 subgroup table completed_valid t=0.0s
[     11s] main 32b c4936 ic_m4 small_x table completed_valid t=0.0s
[     11s] main 32b c4936 ic_m4 random_sub_r0 table completed_valid t=0.0s
[     11s] main 32b c4936 ic_m4 random_sub_r1 table completed_valid t=0.0s
[     11s] main 32b c4936 ic_m4 random_sub_r2 table completed_valid t=0.0s
[     11s] main 32b c4936 ic_m4 known_null_sub table completed_valid t=0.0s
[     11s] main 32b c4936 ic_m4 planted_sub table completed_valid t=0.0s
[     11s] main 32b c4936 ic_m4 small_x_offset table completed_valid t=0.0s
[     12s] main 32b c4937 ic_m4 subgroup table completed_valid t=0.0s
[     12s] main 32b c4937 ic_m4 small_x table completed_valid t=0.0s
[     12s] main 32b c4937 ic_m4 random_sub_r0 table completed_valid t=0.0s
[     12s] main 32b c4937 ic_m4 random_sub_r1 table completed_valid t=0.0s
[     12s] main 32b c4937 ic_m4 random_sub_r2 table completed_valid t=0.0s
[     12s] main 32b c4937 ic_m4 known_null_sub table completed_valid t=0.0s
[     12s] main 32b c4937 ic_m4 planted_sub table completed_valid t=0.0s
[     12s] main 32b c4937 ic_m4 small_x_offset table completed_valid t=0.0s
[     12s] main 32b c4938 ic_m4 subgroup table completed_valid t=0.0s
[     12s] main 32b c4938 ic_m4 small_x table completed_valid t=0.0s
[     12s] main 32b c4938 ic_m4 random_sub_r0 table completed_valid t=0.0s
[     12s] main 32b c4938 ic_m4 random_sub_r1 table completed_valid t=0.0s
[     12s] main 32b c4938 ic_m4 random_sub_r2 table completed_valid t=0.0s
[     12s] main 32b c4938 ic_m4 known_null_sub table completed_valid t=0.0s
[     12s] main 32b c4938 ic_m4 planted_sub table completed_valid t=0.0s
[     12s] main 32b c4938 ic_m4 small_x_offset table completed_valid t=0.0s
[     12s] main 32b c4939 ic_m4 subgroup table completed_valid t=0.0s
[     12s] main 32b c4939 ic_m4 small_x table completed_valid t=0.0s
[     12s] main 32b c4939 ic_m4 random_sub_r0 table completed_valid t=0.0s
[     12s] main 32b c4939 ic_m4 random_sub_r1 table completed_valid t=0.0s
[     12s] main 32b c4939 ic_m4 random_sub_r2 table completed_valid t=0.0s
[     12s] main 32b c4939 ic_m4 known_null_sub table completed_valid t=0.0s
[     12s] main 32b c4939 ic_m4 planted_sub table completed_valid t=0.0s
[     12s] main 32b c4939 ic_m4 small_x_offset table completed_valid t=0.0s
[     13s] main 32b c4940 ic_m4 subgroup table completed_valid t=0.1s
[     13s] main 32b c4940 ic_m4 small_x table completed_valid t=0.0s
[     13s] main 32b c4940 ic_m4 random_sub_r0 table completed_valid t=0.0s
[     13s] main 32b c4940 ic_m4 random_sub_r1 table completed_valid t=0.0s
[     13s] main 32b c4940 ic_m4 random_sub_r2 table completed_valid t=0.0s
[     13s] main 32b c4940 ic_m4 known_null_sub table completed_valid t=0.0s
[     13s] main 32b c4940 ic_m4 planted_sub table completed_valid t=0.0s
[     13s] main 32b c4940 ic_m4 small_x_offset table completed_valid t=0.0s
[     14s] main 32b c4941 ic_m4 subgroup table completed_valid t=0.0s
[     14s] main 32b c4941 ic_m4 small_x table completed_valid t=0.0s
[     14s] main 32b c4941 ic_m4 random_sub_r0 table completed_valid t=0.0s
[     14s] main 32b c4941 ic_m4 random_sub_r1 table completed_valid t=0.0s
[     14s] main 32b c4941 ic_m4 random_sub_r2 table completed_valid t=0.0s
[     14s] main 32b c4941 ic_m4 known_null_sub table completed_valid t=0.0s
[     14s] main 32b c4941 ic_m4 planted_sub table completed_valid t=0.0s
[     14s] main 32b c4941 ic_m4 small_x_offset table completed_valid t=0.0s
[     14s] main 32b c4942 ic_m4 subgroup table completed_valid t=0.0s
[     14s] main 32b c4942 ic_m4 small_x table completed_valid t=0.0s
[     14s] main 32b c4942 ic_m4 random_sub_r0 table completed_valid t=0.0s
[     14s] main 32b c4942 ic_m4 random_sub_r1 table completed_valid t=0.0s
[     14s] main 32b c4942 ic_m4 random_sub_r2 table completed_valid t=0.0s
[     14s] main 32b c4942 ic_m4 known_null_sub table completed_valid t=0.0s
[     14s] main 32b c4942 ic_m4 planted_sub table completed_valid t=0.0s
[     14s] main 32b c4942 ic_m4 small_x_offset table completed_valid t=0.0s
[     14s] main 32b c4943 ic_m4 subgroup table completed_valid t=0.0s
[     14s] main 32b c4943 ic_m4 small_x table completed_valid t=0.0s
[     14s] main 32b c4943 ic_m4 random_sub_r0 table completed_valid t=0.0s
[     14s] main 32b c4943 ic_m4 random_sub_r1 table completed_valid t=0.0s
[     14s] main 32b c4943 ic_m4 random_sub_r2 table completed_valid t=0.0s
[     14s] main 32b c4943 ic_m4 known_null_sub table completed_valid t=0.0s
[     14s] main 32b c4943 ic_m4 planted_sub table completed_valid t=0.0s
[     14s] main 32b c4943 ic_m4 small_x_offset table completed_valid t=0.0s
[     15s] main 32b c4944 ic_m4 subgroup table completed_valid t=0.0s
[     15s] main 32b c4944 ic_m4 small_x table completed_valid t=0.0s
[     15s] main 32b c4944 ic_m4 random_sub_r0 table completed_valid t=0.0s
[     15s] main 32b c4944 ic_m4 random_sub_r1 table completed_valid t=0.0s
[     15s] main 32b c4944 ic_m4 random_sub_r2 table completed_valid t=0.0s
[     15s] main 32b c4944 ic_m4 known_null_sub table completed_valid t=0.0s
[     15s] main 32b c4944 ic_m4 planted_sub table completed_valid t=0.0s
[     15s] main 32b c4944 ic_m4 small_x_offset table completed_valid t=0.0s
[     15s] main 32b c4945 ic_m4 subgroup table completed_valid t=0.0s
[     15s] main 32b c4945 ic_m4 small_x table completed_valid t=0.0s
[     15s] main 32b c4945 ic_m4 random_sub_r0 table completed_valid t=0.0s
[     15s] main 32b c4945 ic_m4 random_sub_r1 table completed_valid t=0.0s
[     15s] main 32b c4945 ic_m4 random_sub_r2 table completed_valid t=0.0s
[     15s] main 32b c4945 ic_m4 known_null_sub table completed_valid t=0.0s
[     15s] main 32b c4945 ic_m4 planted_sub table completed_valid t=0.0s
[     15s] main 32b c4945 ic_m4 small_x_offset table completed_valid t=0.0s
[     16s] main 32b c4946 ic_m4 subgroup table completed_valid t=0.0s
[     16s] main 32b c4946 ic_m4 small_x table completed_valid t=0.0s
[     16s] main 32b c4946 ic_m4 random_sub_r0 table completed_valid t=0.0s
[     16s] main 32b c4946 ic_m4 random_sub_r1 table completed_valid t=0.0s
[     16s] main 32b c4946 ic_m4 random_sub_r2 table completed_valid t=0.0s
[     16s] main 32b c4946 ic_m4 known_null_sub table completed_valid t=0.0s
[     16s] main 32b c4946 ic_m4 planted_sub table completed_valid t=0.0s
[     16s] main 32b c4946 ic_m4 small_x_offset table completed_valid t=0.0s
[     16s] main 32b c4947 ic_m4 subgroup table completed_valid t=0.0s
[     16s] main 32b c4947 ic_m4 small_x table completed_valid t=0.0s
[     16s] main 32b c4947 ic_m4 random_sub_r0 table completed_valid t=0.0s
[     16s] main 32b c4947 ic_m4 random_sub_r1 table completed_valid t=0.0s
[     16s] main 32b c4947 ic_m4 random_sub_r2 table completed_valid t=0.0s
[     16s] main 32b c4947 ic_m4 known_null_sub table completed_valid t=0.0s
[     16s] main 32b c4947 ic_m4 planted_sub table completed_valid t=0.0s
[     16s] main 32b c4947 ic_m4 small_x_offset table completed_valid t=0.0s
[     17s] main 32b c4948 ic_m4 subgroup table completed_valid t=0.0s
[     17s] main 32b c4948 ic_m4 small_x table completed_valid t=0.0s
[     17s] main 32b c4948 ic_m4 random_sub_r0 table completed_valid t=0.0s
[     17s] main 32b c4948 ic_m4 random_sub_r1 table completed_valid t=0.0s
[     17s] main 32b c4948 ic_m4 random_sub_r2 table completed_valid t=0.0s
[     17s] main 32b c4948 ic_m4 known_null_sub table completed_valid t=0.0s
[     17s] main 32b c4948 ic_m4 planted_sub table completed_valid t=0.1s
[     17s] main 32b c4948 ic_m4 small_x_offset table completed_valid t=0.0s
[     17s] main 32b c4949 ic_m4 subgroup table completed_valid t=0.0s
[     17s] main 32b c4949 ic_m4 small_x table completed_valid t=0.0s
[     17s] main 32b c4949 ic_m4 random_sub_r0 table completed_valid t=0.0s
[     17s] main 32b c4949 ic_m4 random_sub_r1 table completed_valid t=0.0s
[     17s] main 32b c4949 ic_m4 random_sub_r2 table completed_valid t=0.0s
[     17s] main 32b c4949 ic_m4 known_null_sub table completed_valid t=0.0s
[     17s] main 32b c4949 ic_m4 planted_sub table completed_valid t=0.0s
[     17s] main 32b c4949 ic_m4 small_x_offset table completed_valid t=0.0s
[     17s] main 32b c4950 ic_m4 subgroup table completed_valid t=0.0s
[     17s] main 32b c4950 ic_m4 small_x table completed_valid t=0.0s
[     17s] main 32b c4950 ic_m4 random_sub_r0 table completed_valid t=0.0s
[     17s] main 32b c4950 ic_m4 random_sub_r1 table completed_valid t=0.0s
[     17s] main 32b c4950 ic_m4 random_sub_r2 table completed_valid t=0.0s
[     17s] main 32b c4950 ic_m4 known_null_sub table completed_valid t=0.0s
[     17s] main 32b c4950 ic_m4 planted_sub table completed_valid t=0.0s
[     17s] main 32b c4950 ic_m4 small_x_offset table completed_valid t=0.0s
[     18s] main 32b c4951 ic_m4 subgroup table completed_valid t=0.0s
[     18s] main 32b c4951 ic_m4 small_x table completed_valid t=0.0s
[     18s] main 32b c4951 ic_m4 random_sub_r0 table completed_valid t=0.0s
[     18s] main 32b c4951 ic_m4 random_sub_r1 table completed_valid t=0.0s
[     18s] main 32b c4951 ic_m4 random_sub_r2 table completed_valid t=0.0s
[     18s] main 32b c4951 ic_m4 known_null_sub table completed_valid t=0.0s
[     18s] main 32b c4951 ic_m4 planted_sub table completed_valid t=0.0s
[     18s] main 32b c4951 ic_m4 small_x_offset table completed_valid t=0.0s
[     18s] main 32b c4952 ic_m4 subgroup table completed_valid t=0.0s
[     18s] main 32b c4952 ic_m4 small_x table completed_valid t=0.0s
[     18s] main 32b c4952 ic_m4 random_sub_r0 table completed_valid t=0.0s
[     18s] main 32b c4952 ic_m4 random_sub_r1 table completed_valid t=0.0s
[     18s] main 32b c4952 ic_m4 random_sub_r2 table completed_valid t=0.0s
[     18s] main 32b c4952 ic_m4 known_null_sub table completed_valid t=0.0s
[     18s] main 32b c4952 ic_m4 planted_sub table completed_valid t=0.0s
[     18s] main 32b c4952 ic_m4 small_x_offset table completed_valid t=0.0s
[     19s] main 32b c4953 ic_m4 subgroup table completed_valid t=0.0s
[     19s] main 32b c4953 ic_m4 small_x table completed_valid t=0.0s
[     19s] main 32b c4953 ic_m4 random_sub_r0 table completed_valid t=0.0s
[     19s] main 32b c4953 ic_m4 random_sub_r1 table completed_valid t=0.0s
[     19s] main 32b c4953 ic_m4 random_sub_r2 table completed_valid t=0.0s
[     19s] main 32b c4953 ic_m4 known_null_sub table completed_valid t=0.0s
[     19s] main 32b c4953 ic_m4 planted_sub table completed_valid t=0.0s
[     19s] main 32b c4953 ic_m4 small_x_offset table completed_valid t=0.0s
[     19s] main 32b c4954 ic_m4 subgroup table completed_valid t=0.0s
[     19s] main 32b c4954 ic_m4 small_x table completed_valid t=0.0s
[     19s] main 32b c4954 ic_m4 random_sub_r0 table completed_valid t=0.0s
[     19s] main 32b c4954 ic_m4 random_sub_r1 table completed_valid t=0.0s
[     19s] main 32b c4954 ic_m4 random_sub_r2 table completed_valid t=0.0s
[     19s] main 32b c4954 ic_m4 known_null_sub table completed_valid t=0.0s
[     19s] main 32b c4954 ic_m4 planted_sub table completed_valid t=0.0s
[     19s] main 32b c4954 ic_m4 small_x_offset table completed_valid t=0.0s
[     19s] main 32b c4955 ic_m4 subgroup table completed_valid t=0.0s
[     19s] main 32b c4955 ic_m4 small_x table completed_valid t=0.0s
[     19s] main 32b c4955 ic_m4 random_sub_r0 table completed_valid t=0.0s
[     19s] main 32b c4955 ic_m4 random_sub_r1 table completed_valid t=0.0s
[     19s] main 32b c4955 ic_m4 random_sub_r2 table completed_valid t=0.0s
[     19s] main 32b c4955 ic_m4 known_null_sub table completed_valid t=0.0s
[     19s] main 32b c4955 ic_m4 planted_sub table completed_valid t=0.0s
[     19s] main 32b c4955 ic_m4 small_x_offset table completed_valid t=0.0s
[     20s] main 32b c4956 ic_m4 subgroup table completed_valid t=0.0s
[     20s] main 32b c4956 ic_m4 small_x table completed_valid t=0.0s
[     20s] main 32b c4956 ic_m4 random_sub_r0 table completed_valid t=0.0s
[     20s] main 32b c4956 ic_m4 random_sub_r1 table completed_valid t=0.0s
[     20s] main 32b c4956 ic_m4 random_sub_r2 table completed_valid t=0.0s
[     20s] main 32b c4956 ic_m4 known_null_sub table completed_valid t=0.0s
[     20s] main 32b c4956 ic_m4 planted_sub table completed_valid t=0.0s
[     20s] main 32b c4956 ic_m4 small_x_offset table completed_valid t=0.0s
[     20s] main 32b c4957 ic_m4 subgroup table completed_valid t=0.0s
[     20s] main 32b c4957 ic_m4 small_x table completed_valid t=0.0s
[     20s] main 32b c4957 ic_m4 random_sub_r0 table completed_valid t=0.0s
[     20s] main 32b c4957 ic_m4 random_sub_r1 table completed_valid t=0.0s
[     20s] main 32b c4957 ic_m4 random_sub_r2 table completed_valid t=0.0s
[     20s] main 32b c4957 ic_m4 known_null_sub table completed_valid t=0.0s
[     20s] main 32b c4957 ic_m4 planted_sub table completed_valid t=0.0s
[     20s] main 32b c4957 ic_m4 small_x_offset table completed_valid t=0.0s
[     21s] main 32b c4958 ic_m4 subgroup table completed_valid t=0.0s
[     21s] main 32b c4958 ic_m4 small_x table completed_valid t=0.0s
[     21s] main 32b c4958 ic_m4 random_sub_r0 table completed_valid t=0.0s
[     21s] main 32b c4958 ic_m4 random_sub_r1 table completed_valid t=0.0s
[     21s] main 32b c4958 ic_m4 random_sub_r2 table completed_valid t=0.0s
[     21s] main 32b c4958 ic_m4 known_null_sub table completed_valid t=0.0s
[     21s] main 32b c4958 ic_m4 planted_sub table completed_valid t=0.0s
[     21s] main 32b c4958 ic_m4 small_x_offset table completed_valid t=0.0s
[     21s] main 32b c4959 ic_m4 subgroup table completed_valid t=0.0s
[     21s] main 32b c4959 ic_m4 small_x table completed_valid t=0.0s
[     21s] main 32b c4959 ic_m4 random_sub_r0 table completed_valid t=0.0s
[     21s] main 32b c4959 ic_m4 random_sub_r1 table completed_valid t=0.0s
[     21s] main 32b c4959 ic_m4 random_sub_r2 table completed_valid t=0.0s
[     21s] main 32b c4959 ic_m4 known_null_sub table completed_valid t=0.0s
[     21s] main 32b c4959 ic_m4 planted_sub table completed_valid t=0.0s
[     21s] main 32b c4959 ic_m4 small_x_offset table completed_valid t=0.0s
[     22s] main 32b c4960 ic_m4 subgroup table completed_valid t=0.0s
[     22s] main 32b c4960 ic_m4 small_x table completed_valid t=0.0s
[     22s] main 32b c4960 ic_m4 random_sub_r0 table completed_valid t=0.0s
[     22s] main 32b c4960 ic_m4 random_sub_r1 table completed_valid t=0.0s
[     22s] main 32b c4960 ic_m4 random_sub_r2 table completed_valid t=0.0s
[     22s] main 32b c4960 ic_m4 known_null_sub table completed_valid t=0.0s
[     22s] main 32b c4960 ic_m4 planted_sub table completed_valid t=0.0s
[     22s] main 32b c4960 ic_m4 small_x_offset table completed_valid t=0.0s
[     23s] main 32b c4961 ic_m4 subgroup table completed_valid t=0.1s
[     23s] main 32b c4961 ic_m4 small_x table completed_valid t=0.1s
[     23s] main 32b c4961 ic_m4 random_sub_r0 table completed_valid t=0.1s
[     23s] main 32b c4961 ic_m4 random_sub_r1 table completed_valid t=0.1s
[     23s] main 32b c4961 ic_m4 random_sub_r2 table completed_valid t=0.1s
[     23s] main 32b c4961 ic_m4 known_null_sub table completed_valid t=0.1s
[     23s] main 32b c4961 ic_m4 planted_sub table completed_valid t=0.0s
[     23s] main 32b c4961 ic_m4 small_x_offset table completed_valid t=0.1s
[     23s] main 32b c4962 ic_m4 subgroup table completed_valid t=0.0s
[     23s] main 32b c4962 ic_m4 small_x table completed_valid t=0.0s
[     23s] main 32b c4962 ic_m4 random_sub_r0 table completed_valid t=0.0s
[     23s] main 32b c4962 ic_m4 random_sub_r1 table completed_valid t=0.0s
[     23s] main 32b c4962 ic_m4 random_sub_r2 table completed_valid t=0.1s
[     23s] main 32b c4962 ic_m4 known_null_sub table completed_valid t=0.0s
[     23s] main 32b c4962 ic_m4 planted_sub table completed_valid t=0.1s
[     23s] main 32b c4962 ic_m4 small_x_offset table completed_valid t=0.0s
[     24s] main 32b c4963 ic_m4 subgroup table completed_valid t=0.0s
[     24s] main 32b c4963 ic_m4 small_x table completed_valid t=0.0s
[     24s] main 32b c4963 ic_m4 random_sub_r0 table completed_valid t=0.0s
[     24s] main 32b c4963 ic_m4 random_sub_r1 table completed_valid t=0.0s
[     24s] main 32b c4963 ic_m4 random_sub_r2 table completed_valid t=0.0s
[     24s] main 32b c4963 ic_m4 known_null_sub table completed_valid t=0.0s
[     24s] main 32b c4963 ic_m4 planted_sub table completed_valid t=0.0s
[     24s] main 32b c4963 ic_m4 small_x_offset table completed_valid t=0.0s
[     24s] main 32b c4964 ic_m4 subgroup table completed_valid t=0.0s
[     24s] main 32b c4964 ic_m4 small_x table completed_valid t=0.0s
[     24s] main 32b c4964 ic_m4 random_sub_r0 table completed_valid t=0.0s
[     24s] main 32b c4964 ic_m4 random_sub_r1 table completed_valid t=0.0s
[     24s] main 32b c4964 ic_m4 random_sub_r2 table completed_valid t=0.0s
[     24s] main 32b c4964 ic_m4 known_null_sub table completed_valid t=0.0s
[     24s] main 32b c4964 ic_m4 planted_sub table completed_valid t=0.0s
[     24s] main 32b c4964 ic_m4 small_x_offset table completed_valid t=0.0s
[     24s] main 32b c4965 ic_m4 subgroup table completed_valid t=0.0s
[     24s] main 32b c4965 ic_m4 small_x table completed_valid t=0.0s
[     24s] main 32b c4965 ic_m4 random_sub_r0 table completed_valid t=0.0s
[     24s] main 32b c4965 ic_m4 random_sub_r1 table completed_valid t=0.0s
[     24s] main 32b c4965 ic_m4 random_sub_r2 table completed_valid t=0.0s
[     24s] main 32b c4965 ic_m4 known_null_sub table completed_valid t=0.0s
[     24s] main 32b c4965 ic_m4 planted_sub table completed_valid t=0.0s
[     24s] main 32b c4965 ic_m4 small_x_offset table completed_valid t=0.0s
[     25s] main 32b c4966 ic_m4 subgroup table completed_valid t=0.0s
[     25s] main 32b c4966 ic_m4 small_x table completed_valid t=0.0s
[     25s] main 32b c4966 ic_m4 random_sub_r0 table completed_valid t=0.0s
[     25s] main 32b c4966 ic_m4 random_sub_r1 table completed_valid t=0.0s
[     25s] main 32b c4966 ic_m4 random_sub_r2 table completed_valid t=0.0s
[     25s] main 32b c4966 ic_m4 known_null_sub table completed_valid t=0.0s
[     25s] main 32b c4966 ic_m4 planted_sub table completed_valid t=0.0s
[     25s] main 32b c4966 ic_m4 small_x_offset table completed_valid t=0.0s
[     25s] main 32b c4967 ic_m4 subgroup table completed_valid t=0.0s
[     25s] main 32b c4967 ic_m4 small_x table completed_valid t=0.0s
[     25s] main 32b c4967 ic_m4 random_sub_r0 table completed_valid t=0.0s
[     25s] main 32b c4967 ic_m4 random_sub_r1 table completed_valid t=0.0s
[     25s] main 32b c4967 ic_m4 random_sub_r2 table completed_valid t=0.0s
[     25s] main 32b c4967 ic_m4 known_null_sub table completed_valid t=0.0s
[     25s] main 32b c4967 ic_m4 planted_sub table completed_valid t=0.0s
[     25s] main 32b c4967 ic_m4 small_x_offset table completed_valid t=0.0s
[     25s] main 32b c4968 ic_m4 subgroup table completed_valid t=0.0s
[     25s] main 32b c4968 ic_m4 small_x table completed_valid t=0.0s
[     25s] main 32b c4968 ic_m4 random_sub_r0 table completed_valid t=0.0s
[     25s] main 32b c4968 ic_m4 random_sub_r1 table completed_valid t=0.0s
[     25s] main 32b c4968 ic_m4 random_sub_r2 table completed_valid t=0.0s
[     25s] main 32b c4968 ic_m4 known_null_sub table completed_valid t=0.0s
[     25s] main 32b c4968 ic_m4 planted_sub table completed_valid t=0.0s
[     25s] main 32b c4968 ic_m4 small_x_offset table completed_valid t=0.0s
[     26s] main 32b c4969 ic_m4 subgroup table completed_valid t=0.0s
[     26s] main 32b c4969 ic_m4 small_x table completed_valid t=0.0s
[     26s] main 32b c4969 ic_m4 random_sub_r0 table completed_valid t=0.0s
[     26s] main 32b c4969 ic_m4 random_sub_r1 table completed_valid t=0.0s
[     26s] main 32b c4969 ic_m4 random_sub_r2 table completed_valid t=0.0s
[     26s] main 32b c4969 ic_m4 known_null_sub table completed_valid t=0.0s
[     26s] main 32b c4969 ic_m4 planted_sub table completed_valid t=0.0s
[     26s] main 32b c4969 ic_m4 small_x_offset table completed_valid t=0.0s
[     26s] main 32b c4970 ic_m4 subgroup table completed_valid t=0.0s
[     26s] main 32b c4970 ic_m4 small_x table completed_valid t=0.0s
[     26s] main 32b c4970 ic_m4 random_sub_r0 table completed_valid t=0.0s
[     26s] main 32b c4970 ic_m4 random_sub_r1 table completed_valid t=0.0s
[     26s] main 32b c4970 ic_m4 random_sub_r2 table completed_valid t=0.0s
[     26s] main 32b c4970 ic_m4 known_null_sub table completed_valid t=0.0s
[     26s] main 32b c4970 ic_m4 planted_sub table completed_valid t=0.0s
[     26s] main 32b c4970 ic_m4 small_x_offset table completed_valid t=0.0s
[     27s] main 32b c4971 ic_m4 subgroup table completed_valid t=0.0s
[     27s] main 32b c4971 ic_m4 small_x table completed_valid t=0.0s
[     27s] main 32b c4971 ic_m4 random_sub_r0 table completed_valid t=0.0s
[     27s] main 32b c4971 ic_m4 random_sub_r1 table completed_valid t=0.1s
[     27s] main 32b c4971 ic_m4 random_sub_r2 table completed_valid t=0.0s
[     27s] main 32b c4971 ic_m4 known_null_sub table completed_valid t=0.0s
[     27s] main 32b c4971 ic_m4 planted_sub table completed_valid t=0.0s
[     27s] main 32b c4971 ic_m4 small_x_offset table completed_valid t=0.0s
[     27s] main 32b c4972 ic_m4 subgroup table completed_valid t=0.0s
[     27s] main 32b c4972 ic_m4 small_x table completed_valid t=0.0s
[     27s] main 32b c4972 ic_m4 random_sub_r0 table completed_valid t=0.0s
[     27s] main 32b c4972 ic_m4 random_sub_r1 table completed_valid t=0.0s
[     27s] main 32b c4972 ic_m4 random_sub_r2 table completed_valid t=0.0s
[     27s] main 32b c4972 ic_m4 known_null_sub table completed_valid t=0.0s
[     27s] main 32b c4972 ic_m4 planted_sub table completed_valid t=0.0s
[     27s] main 32b c4972 ic_m4 small_x_offset table completed_valid t=0.0s
[     28s] main 32b c4973 ic_m4 subgroup table completed_valid t=0.0s
[     28s] main 32b c4973 ic_m4 small_x table completed_valid t=0.0s
[     28s] main 32b c4973 ic_m4 random_sub_r0 table completed_valid t=0.0s
[     28s] main 32b c4973 ic_m4 random_sub_r1 table completed_valid t=0.0s
[     28s] main 32b c4973 ic_m4 random_sub_r2 table completed_valid t=0.0s
[     28s] main 32b c4973 ic_m4 known_null_sub table completed_valid t=0.0s
[     28s] main 32b c4973 ic_m4 planted_sub table completed_valid t=0.0s
[     28s] main 32b c4973 ic_m4 small_x_offset table completed_valid t=0.0s
[     28s] main 32b c4974 ic_m4 subgroup table completed_valid t=0.0s
[     28s] main 32b c4974 ic_m4 small_x table completed_valid t=0.0s
[     28s] main 32b c4974 ic_m4 random_sub_r0 table completed_valid t=0.0s
[     28s] main 32b c4974 ic_m4 random_sub_r1 table completed_valid t=0.0s
[     28s] main 32b c4974 ic_m4 random_sub_r2 table completed_valid t=0.0s
[     28s] main 32b c4974 ic_m4 known_null_sub table completed_valid t=0.0s
[     28s] main 32b c4974 ic_m4 planted_sub table completed_valid t=0.0s
[     28s] main 32b c4974 ic_m4 small_x_offset table completed_valid t=0.0s
[     28s] main 32b c4975 ic_m4 subgroup table completed_valid t=0.0s
[     28s] main 32b c4975 ic_m4 small_x table completed_valid t=0.0s
[     28s] main 32b c4975 ic_m4 random_sub_r0 table completed_valid t=0.0s
[     28s] main 32b c4975 ic_m4 random_sub_r1 table completed_valid t=0.0s
[     28s] main 32b c4975 ic_m4 random_sub_r2 table completed_valid t=0.0s
[     28s] main 32b c4975 ic_m4 known_null_sub table completed_valid t=0.0s
[     28s] main 32b c4975 ic_m4 planted_sub table completed_valid t=0.0s
[     28s] main 32b c4975 ic_m4 small_x_offset table completed_valid t=0.0s
[     29s] main 32b c4976 ic_m4 subgroup table completed_valid t=0.0s
[     29s] main 32b c4976 ic_m4 small_x table completed_valid t=0.0s
[     29s] main 32b c4976 ic_m4 random_sub_r0 table completed_valid t=0.0s
[     29s] main 32b c4976 ic_m4 random_sub_r1 table completed_valid t=0.0s
[     29s] main 32b c4976 ic_m4 random_sub_r2 table completed_valid t=0.0s
[     29s] main 32b c4976 ic_m4 known_null_sub table completed_valid t=0.0s
[     29s] main 32b c4976 ic_m4 planted_sub table completed_valid t=0.0s
[     29s] main 32b c4976 ic_m4 small_x_offset table completed_valid t=0.0s
[     29s] main 32b c4977 ic_m4 subgroup table completed_valid t=0.0s
[     29s] main 32b c4977 ic_m4 small_x table completed_valid t=0.0s
[     29s] main 32b c4977 ic_m4 random_sub_r0 table completed_valid t=0.0s
[     29s] main 32b c4977 ic_m4 random_sub_r1 table completed_valid t=0.0s
[     29s] main 32b c4977 ic_m4 random_sub_r2 table completed_valid t=0.0s
[     29s] main 32b c4977 ic_m4 known_null_sub table completed_valid t=0.0s
[     29s] main 32b c4977 ic_m4 planted_sub table completed_valid t=0.0s
[     29s] main 32b c4977 ic_m4 small_x_offset table completed_valid t=0.0s
[     30s] main 32b c4978 ic_m4 subgroup table completed_valid t=0.0s
[     30s] main 32b c4978 ic_m4 small_x table completed_valid t=0.0s
[     30s] main 32b c4978 ic_m4 random_sub_r0 table completed_valid t=0.0s
[     30s] main 32b c4978 ic_m4 random_sub_r1 table completed_valid t=0.1s
[     30s] main 32b c4978 ic_m4 random_sub_r2 table completed_valid t=0.1s
[     30s] main 32b c4978 ic_m4 known_null_sub table completed_valid t=0.0s
[     30s] main 32b c4978 ic_m4 planted_sub table completed_valid t=0.0s
[     30s] main 32b c4978 ic_m4 small_x_offset table completed_valid t=0.0s
[     30s] main 32b c4979 ic_m4 subgroup table completed_valid t=0.0s
[     30s] main 32b c4979 ic_m4 small_x table completed_valid t=0.0s
[     30s] main 32b c4979 ic_m4 random_sub_r0 table completed_valid t=0.0s
[     30s] main 32b c4979 ic_m4 random_sub_r1 table completed_valid t=0.0s
[     30s] main 32b c4979 ic_m4 random_sub_r2 table completed_valid t=0.0s
[     30s] main 32b c4979 ic_m4 known_null_sub table completed_valid t=0.0s
[     30s] main 32b c4979 ic_m4 planted_sub table completed_valid t=0.0s
[     30s] main 32b c4979 ic_m4 small_x_offset table completed_valid t=0.0s
[     30s] main 32b c4980 ic_m4 subgroup table completed_valid t=0.0s
[     30s] main 32b c4980 ic_m4 small_x table completed_valid t=0.0s
[     30s] main 32b c4980 ic_m4 random_sub_r0 table completed_valid t=0.0s
[     30s] main 32b c4980 ic_m4 random_sub_r1 table completed_valid t=0.0s
[     30s] main 32b c4980 ic_m4 random_sub_r2 table completed_valid t=0.0s
[     30s] main 32b c4980 ic_m4 known_null_sub table completed_valid t=0.0s
[     30s] main 32b c4980 ic_m4 planted_sub table completed_valid t=0.0s
[     30s] main 32b c4980 ic_m4 small_x_offset table completed_valid t=0.0s
[     31s] main 32b c4981 ic_m4 subgroup table completed_valid t=0.0s
[     31s] main 32b c4981 ic_m4 small_x table completed_valid t=0.0s
[     31s] main 32b c4981 ic_m4 random_sub_r0 table completed_valid t=0.0s
[     31s] main 32b c4981 ic_m4 random_sub_r1 table completed_valid t=0.0s
[     31s] main 32b c4981 ic_m4 random_sub_r2 table completed_valid t=0.0s
[     31s] main 32b c4981 ic_m4 known_null_sub table completed_valid t=0.0s
[     31s] main 32b c4981 ic_m4 planted_sub table completed_valid t=0.0s
[     31s] main 32b c4981 ic_m4 small_x_offset table completed_valid t=0.0s
[     31s] main 32b c4982 ic_m4 subgroup table completed_valid t=0.0s
[     31s] main 32b c4982 ic_m4 small_x table completed_valid t=0.0s
[     31s] main 32b c4982 ic_m4 random_sub_r0 table completed_valid t=0.0s
[     31s] main 32b c4982 ic_m4 random_sub_r1 table completed_valid t=0.0s
[     31s] main 32b c4982 ic_m4 random_sub_r2 table completed_valid t=0.0s
[     31s] main 32b c4982 ic_m4 known_null_sub table completed_valid t=0.0s
[     31s] main 32b c4982 ic_m4 planted_sub table completed_valid t=0.0s
[     31s] main 32b c4982 ic_m4 small_x_offset table completed_valid t=0.0s
[     31s] main 32b c4983 ic_m4 subgroup table completed_valid t=0.0s
[     31s] main 32b c4983 ic_m4 small_x table completed_valid t=0.0s
[     31s] main 32b c4983 ic_m4 random_sub_r0 table completed_valid t=0.0s
[     31s] main 32b c4983 ic_m4 random_sub_r1 table completed_valid t=0.0s
[     31s] main 32b c4983 ic_m4 random_sub_r2 table completed_valid t=0.0s
[     31s] main 32b c4983 ic_m4 known_null_sub table completed_valid t=0.0s
[     31s] main 32b c4983 ic_m4 planted_sub table completed_valid t=0.0s
[     31s] main 32b c4983 ic_m4 small_x_offset table completed_valid t=0.0s
[     32s] main 32b c4984 ic_m4 subgroup table completed_valid t=0.0s
[     32s] main 32b c4984 ic_m4 small_x table completed_valid t=0.0s
[     32s] main 32b c4984 ic_m4 random_sub_r0 table completed_valid t=0.0s
[     32s] main 32b c4984 ic_m4 random_sub_r1 table completed_valid t=0.0s
[     32s] main 32b c4984 ic_m4 random_sub_r2 table completed_valid t=0.0s
[     32s] main 32b c4984 ic_m4 known_null_sub table completed_valid t=0.0s
[     32s] main 32b c4984 ic_m4 planted_sub table completed_valid t=0.0s
[     32s] main 32b c4984 ic_m4 small_x_offset table completed_valid t=0.0s
[     32s] main 32b c4985 ic_m4 subgroup table completed_valid t=0.0s
[     32s] main 32b c4985 ic_m4 small_x table completed_valid t=0.0s
[     32s] main 32b c4985 ic_m4 random_sub_r0 table completed_valid t=0.0s
[     32s] main 32b c4985 ic_m4 random_sub_r1 table completed_valid t=0.0s
[     32s] main 32b c4985 ic_m4 random_sub_r2 table completed_valid t=0.0s
[     32s] main 32b c4985 ic_m4 known_null_sub table completed_valid t=0.0s
[     32s] main 32b c4985 ic_m4 planted_sub table completed_valid t=0.0s
[     32s] main 32b c4985 ic_m4 small_x_offset table completed_valid t=0.0s
[     32s] main 32b c4986 ic_m4 subgroup table completed_valid t=0.0s
[     32s] main 32b c4986 ic_m4 small_x table completed_valid t=0.0s
[     32s] main 32b c4986 ic_m4 random_sub_r0 table completed_valid t=0.0s
[     32s] main 32b c4986 ic_m4 random_sub_r1 table completed_valid t=0.0s
[     32s] main 32b c4986 ic_m4 random_sub_r2 table completed_valid t=0.0s
[     32s] main 32b c4986 ic_m4 known_null_sub table completed_valid t=0.0s
[     32s] main 32b c4986 ic_m4 planted_sub table completed_valid t=0.0s
[     32s] main 32b c4986 ic_m4 small_x_offset table completed_valid t=0.0s
[     33s] main 32b c4987 ic_m4 subgroup table completed_valid t=0.0s
[     33s] main 32b c4987 ic_m4 small_x table completed_valid t=0.0s
[     33s] main 32b c4987 ic_m4 random_sub_r0 table completed_valid t=0.0s
[     33s] main 32b c4987 ic_m4 random_sub_r1 table completed_valid t=0.0s
[     33s] main 32b c4987 ic_m4 random_sub_r2 table completed_valid t=0.0s
[     33s] main 32b c4987 ic_m4 known_null_sub table completed_valid t=0.0s
[     33s] main 32b c4987 ic_m4 planted_sub table completed_valid t=0.0s
[     33s] main 32b c4987 ic_m4 small_x_offset table completed_valid t=0.0s
[     33s] main 32b c4988 ic_m4 subgroup table completed_valid t=0.0s
[     33s] main 32b c4988 ic_m4 small_x table completed_valid t=0.0s
[     33s] main 32b c4988 ic_m4 random_sub_r0 table completed_valid t=0.0s
[     33s] main 32b c4988 ic_m4 random_sub_r1 table completed_valid t=0.0s
[     33s] main 32b c4988 ic_m4 random_sub_r2 table completed_valid t=0.0s
[     33s] main 32b c4988 ic_m4 known_null_sub table completed_valid t=0.0s
[     33s] main 32b c4988 ic_m4 planted_sub table completed_valid t=0.0s
[     33s] main 32b c4988 ic_m4 small_x_offset table completed_valid t=0.0s
[     34s] main 32b c4989 ic_m4 subgroup table completed_valid t=0.0s
[     34s] main 32b c4989 ic_m4 small_x table completed_valid t=0.0s
[     34s] main 32b c4989 ic_m4 random_sub_r0 table completed_valid t=0.0s
[     34s] main 32b c4989 ic_m4 random_sub_r1 table completed_valid t=0.0s
[     34s] main 32b c4989 ic_m4 random_sub_r2 table completed_valid t=0.0s
[     34s] main 32b c4989 ic_m4 known_null_sub table completed_valid t=0.0s
[     34s] main 32b c4989 ic_m4 planted_sub table completed_valid t=0.0s
[     34s] main 32b c4989 ic_m4 small_x_offset table completed_valid t=0.0s
[     34s] main 32b c4990 ic_m4 subgroup table completed_valid t=0.0s
[     34s] main 32b c4990 ic_m4 small_x table completed_valid t=0.0s
[     34s] main 32b c4990 ic_m4 random_sub_r0 table completed_valid t=0.0s
[     34s] main 32b c4990 ic_m4 random_sub_r1 table completed_valid t=0.0s
[     34s] main 32b c4990 ic_m4 random_sub_r2 table completed_valid t=0.0s
[     34s] main 32b c4990 ic_m4 known_null_sub table completed_valid t=0.0s
[     34s] main 32b c4990 ic_m4 planted_sub table completed_valid t=0.0s
[     34s] main 32b c4990 ic_m4 small_x_offset table completed_valid t=0.0s
[     34s] main 32b c4991 ic_m4 subgroup table completed_valid t=0.0s
[     34s] main 32b c4991 ic_m4 small_x table completed_valid t=0.0s
[     34s] main 32b c4991 ic_m4 random_sub_r0 table completed_valid t=0.0s
[     34s] main 32b c4991 ic_m4 random_sub_r1 table completed_valid t=0.0s
[     34s] main 32b c4991 ic_m4 random_sub_r2 table completed_valid t=0.0s
[     34s] main 32b c4991 ic_m4 known_null_sub table completed_valid t=0.0s
[     34s] main 32b c4991 ic_m4 planted_sub table completed_valid t=0.0s
[     34s] main 32b c4991 ic_m4 small_x_offset table completed_valid t=0.0s
[     35s] main 32b c4992 ic_m4 subgroup table completed_valid t=0.0s
[     35s] main 32b c4992 ic_m4 small_x table completed_valid t=0.0s
[     35s] main 32b c4992 ic_m4 random_sub_r0 table completed_valid t=0.0s
[     35s] main 32b c4992 ic_m4 random_sub_r1 table completed_valid t=0.0s
[     35s] main 32b c4992 ic_m4 random_sub_r2 table completed_valid t=0.0s
[     35s] main 32b c4992 ic_m4 known_null_sub table completed_valid t=0.0s
[     35s] main 32b c4992 ic_m4 planted_sub table completed_valid t=0.0s
[     35s] main 32b c4992 ic_m4 small_x_offset table completed_valid t=0.0s
[     35s] main 32b c4993 ic_m4 subgroup table completed_valid t=0.0s
[     35s] main 32b c4993 ic_m4 small_x table completed_valid t=0.0s
[     35s] main 32b c4993 ic_m4 random_sub_r0 table completed_valid t=0.0s
[     35s] main 32b c4993 ic_m4 random_sub_r1 table completed_valid t=0.0s
[     35s] main 32b c4993 ic_m4 random_sub_r2 table completed_valid t=0.0s
[     35s] main 32b c4993 ic_m4 known_null_sub table completed_valid t=0.0s
[     35s] main 32b c4993 ic_m4 planted_sub table completed_valid t=0.0s
[     35s] main 32b c4993 ic_m4 small_x_offset table completed_valid t=0.0s
[     35s] main 32b c4994 ic_m4 subgroup table completed_valid t=0.0s
[     35s] main 32b c4994 ic_m4 small_x table completed_valid t=0.0s
[     35s] main 32b c4994 ic_m4 random_sub_r0 table completed_valid t=0.0s
[     35s] main 32b c4994 ic_m4 random_sub_r1 table completed_valid t=0.0s
[     35s] main 32b c4994 ic_m4 random_sub_r2 table completed_valid t=0.0s
[     35s] main 32b c4994 ic_m4 known_null_sub table completed_valid t=0.0s
[     35s] main 32b c4994 ic_m4 planted_sub table completed_valid t=0.0s
[     35s] main 32b c4994 ic_m4 small_x_offset table completed_valid t=0.0s
[     36s] main 32b c4995 ic_m4 subgroup table completed_valid t=0.0s
[     36s] main 32b c4995 ic_m4 small_x table completed_valid t=0.0s
[     36s] main 32b c4995 ic_m4 random_sub_r0 table completed_valid t=0.1s
[     36s] main 32b c4995 ic_m4 random_sub_r1 table completed_valid t=0.0s
[     36s] main 32b c4995 ic_m4 random_sub_r2 table completed_valid t=0.1s
[     36s] main 32b c4995 ic_m4 known_null_sub table completed_valid t=0.0s
[     36s] main 32b c4995 ic_m4 planted_sub table completed_valid t=0.1s
[     36s] main 32b c4995 ic_m4 small_x_offset table completed_valid t=0.1s
[     37s] main 32b c4996 ic_m4 subgroup table completed_valid t=0.0s
[     37s] main 32b c4996 ic_m4 small_x table completed_valid t=0.0s
[     37s] main 32b c4996 ic_m4 random_sub_r0 table completed_valid t=0.0s
[     37s] main 32b c4996 ic_m4 random_sub_r1 table completed_valid t=0.0s
[     37s] main 32b c4996 ic_m4 random_sub_r2 table completed_valid t=0.0s
[     37s] main 32b c4996 ic_m4 known_null_sub table completed_valid t=0.0s
[     37s] main 32b c4996 ic_m4 planted_sub table completed_valid t=0.0s
[     37s] main 32b c4996 ic_m4 small_x_offset table completed_valid t=0.0s
[     37s] main 32b c4997 ic_m4 subgroup table completed_valid t=0.0s
[     37s] main 32b c4997 ic_m4 small_x table completed_valid t=0.0s
[     37s] main 32b c4997 ic_m4 random_sub_r0 table completed_valid t=0.0s
[     37s] main 32b c4997 ic_m4 random_sub_r1 table completed_valid t=0.0s
[     37s] main 32b c4997 ic_m4 random_sub_r2 table completed_valid t=0.0s
[     37s] main 32b c4997 ic_m4 known_null_sub table completed_valid t=0.0s
[     37s] main 32b c4997 ic_m4 planted_sub table completed_valid t=0.0s
[     37s] main 32b c4997 ic_m4 small_x_offset table completed_valid t=0.0s
[     37s] main 32b c4998 ic_m4 subgroup table completed_valid t=0.0s
[     37s] main 32b c4998 ic_m4 small_x table completed_valid t=0.0s
[     37s] main 32b c4998 ic_m4 random_sub_r0 table completed_valid t=0.0s
[     37s] main 32b c4998 ic_m4 random_sub_r1 table completed_valid t=0.0s
[     37s] main 32b c4998 ic_m4 random_sub_r2 table completed_valid t=0.0s
[     37s] main 32b c4998 ic_m4 known_null_sub table completed_valid t=0.0s
[     37s] main 32b c4998 ic_m4 planted_sub table completed_valid t=0.0s
[     37s] main 32b c4998 ic_m4 small_x_offset table completed_valid t=0.0s
[     38s] main 32b c4999 ic_m4 subgroup table completed_valid t=0.0s
[     38s] main 32b c4999 ic_m4 small_x table completed_valid t=0.0s
[     38s] main 32b c4999 ic_m4 random_sub_r0 table completed_valid t=0.0s
[     38s] main 32b c4999 ic_m4 random_sub_r1 table completed_valid t=0.0s
[     38s] main 32b c4999 ic_m4 random_sub_r2 table completed_valid t=0.0s
[     38s] main 32b c4999 ic_m4 known_null_sub table completed_valid t=0.0s
[     38s] main 32b c4999 ic_m4 planted_sub table completed_valid t=0.0s
[     38s] main 32b c4999 ic_m4 small_x_offset table completed_valid t=0.0s
[     38s] main 32b c5000 ic_m4 subgroup table completed_valid t=0.0s
[     38s] main 32b c5000 ic_m4 small_x table completed_valid t=0.0s
[     38s] main 32b c5000 ic_m4 random_sub_r0 table completed_valid t=0.0s
[     38s] main 32b c5000 ic_m4 random_sub_r1 table completed_valid t=0.0s
[     38s] main 32b c5000 ic_m4 random_sub_r2 table completed_valid t=0.0s
[     38s] main 32b c5000 ic_m4 known_null_sub table completed_valid t=0.0s
[     38s] main 32b c5000 ic_m4 planted_sub table completed_valid t=0.0s
[     38s] main 32b c5000 ic_m4 small_x_offset table completed_valid t=0.0s
[     39s] main 32b c5001 ic_m4 subgroup table completed_valid t=0.0s
[     39s] main 32b c5001 ic_m4 small_x table completed_valid t=0.0s
[     39s] main 32b c5001 ic_m4 random_sub_r0 table completed_valid t=0.0s
[     39s] main 32b c5001 ic_m4 random_sub_r1 table completed_valid t=0.0s
[     39s] main 32b c5001 ic_m4 random_sub_r2 table completed_valid t=0.0s
[     39s] main 32b c5001 ic_m4 known_null_sub table completed_valid t=0.0s
[     39s] main 32b c5001 ic_m4 planted_sub table completed_valid t=0.0s
[     39s] main 32b c5001 ic_m4 small_x_offset table completed_valid t=0.0s
[     39s] main 32b c5002 ic_m4 subgroup table completed_valid t=0.0s
[     39s] main 32b c5002 ic_m4 small_x table completed_valid t=0.0s
[     39s] main 32b c5002 ic_m4 random_sub_r0 table completed_valid t=0.0s
[     39s] main 32b c5002 ic_m4 random_sub_r1 table completed_valid t=0.0s
[     39s] main 32b c5002 ic_m4 random_sub_r2 table completed_valid t=0.0s
[     39s] main 32b c5002 ic_m4 known_null_sub table completed_valid t=0.0s
[     39s] main 32b c5002 ic_m4 planted_sub table completed_valid t=0.0s
[     39s] main 32b c5002 ic_m4 small_x_offset table completed_valid t=0.0s
[     39s] main 32b c5003 ic_m4 subgroup table completed_valid t=0.0s
[     39s] main 32b c5003 ic_m4 small_x table completed_valid t=0.0s
[     39s] main 32b c5003 ic_m4 random_sub_r0 table completed_valid t=0.0s
[     39s] main 32b c5003 ic_m4 random_sub_r1 table completed_valid t=0.0s
[     39s] main 32b c5003 ic_m4 random_sub_r2 table completed_valid t=0.0s
[     39s] main 32b c5003 ic_m4 known_null_sub table completed_valid t=0.0s
[     39s] main 32b c5003 ic_m4 planted_sub table completed_valid t=0.0s
[     39s] main 32b c5003 ic_m4 small_x_offset table completed_valid t=0.0s
[     40s] main 32b c5004 ic_m4 subgroup table completed_valid t=0.0s
[     40s] main 32b c5004 ic_m4 small_x table completed_valid t=0.0s
[     40s] main 32b c5004 ic_m4 random_sub_r0 table completed_valid t=0.0s
[     40s] main 32b c5004 ic_m4 random_sub_r1 table completed_valid t=0.0s
[     40s] main 32b c5004 ic_m4 random_sub_r2 table completed_valid t=0.0s
[     40s] main 32b c5004 ic_m4 known_null_sub table completed_valid t=0.0s
[     40s] main 32b c5004 ic_m4 planted_sub table completed_valid t=0.0s
[     40s] main 32b c5004 ic_m4 small_x_offset table completed_valid t=0.0s
[     40s] main 32b c5005 ic_m4 subgroup table completed_valid t=0.0s
[     40s] main 32b c5005 ic_m4 small_x table completed_valid t=0.0s
[     40s] main 32b c5005 ic_m4 random_sub_r0 table completed_valid t=0.0s
[     40s] main 32b c5005 ic_m4 random_sub_r1 table completed_valid t=0.0s
[     40s] main 32b c5005 ic_m4 random_sub_r2 table completed_valid t=0.0s
[     40s] main 32b c5005 ic_m4 known_null_sub table completed_valid t=0.0s
[     40s] main 32b c5005 ic_m4 planted_sub table completed_valid t=0.0s
[     40s] main 32b c5005 ic_m4 small_x_offset table completed_valid t=0.0s
[     41s] main 32b c5006 ic_m4 subgroup table completed_valid t=0.0s
[     41s] main 32b c5006 ic_m4 small_x table completed_valid t=0.0s
[     41s] main 32b c5006 ic_m4 random_sub_r0 table completed_valid t=0.0s
[     41s] main 32b c5006 ic_m4 random_sub_r1 table completed_valid t=0.0s
[     41s] main 32b c5006 ic_m4 random_sub_r2 table completed_valid t=0.0s
[     41s] main 32b c5006 ic_m4 known_null_sub table completed_valid t=0.0s
[     41s] main 32b c5006 ic_m4 planted_sub table completed_valid t=0.0s
[     41s] main 32b c5006 ic_m4 small_x_offset table completed_valid t=0.0s
[     41s] main 32b c5007 ic_m4 subgroup table completed_valid t=0.0s
[     41s] main 32b c5007 ic_m4 small_x table completed_valid t=0.0s
[     41s] main 32b c5007 ic_m4 random_sub_r0 table completed_valid t=0.0s
[     41s] main 32b c5007 ic_m4 random_sub_r1 table completed_valid t=0.0s
[     41s] main 32b c5007 ic_m4 random_sub_r2 table completed_valid t=0.0s
[     41s] main 32b c5007 ic_m4 known_null_sub table completed_valid t=0.0s
[     41s] main 32b c5007 ic_m4 planted_sub table completed_valid t=0.0s
[     41s] main 32b c5007 ic_m4 small_x_offset table completed_valid t=0.0s
[     42s] main 32b c5008 ic_m4 subgroup table completed_valid t=0.0s
[     42s] main 32b c5008 ic_m4 small_x table completed_valid t=0.0s
[     42s] main 32b c5008 ic_m4 random_sub_r0 table completed_valid t=0.0s
[     42s] main 32b c5008 ic_m4 random_sub_r1 table completed_valid t=0.0s
[     42s] main 32b c5008 ic_m4 random_sub_r2 table completed_valid t=0.0s
[     42s] main 32b c5008 ic_m4 known_null_sub table completed_valid t=0.0s
[     42s] main 32b c5008 ic_m4 planted_sub table completed_valid t=0.0s
[     42s] main 32b c5008 ic_m4 small_x_offset table completed_valid t=0.0s
[     42s] main 32b c5009 ic_m4 subgroup table completed_valid t=0.0s
[     42s] main 32b c5009 ic_m4 small_x table completed_valid t=0.0s
[     42s] main 32b c5009 ic_m4 random_sub_r0 table completed_valid t=0.0s
[     42s] main 32b c5009 ic_m4 random_sub_r1 table completed_valid t=0.0s
[     42s] main 32b c5009 ic_m4 random_sub_r2 table completed_valid t=0.0s
[     42s] main 32b c5009 ic_m4 known_null_sub table completed_valid t=0.0s
[     42s] main 32b c5009 ic_m4 planted_sub table completed_valid t=0.0s
[     42s] main 32b c5009 ic_m4 small_x_offset table completed_valid t=0.0s
