==============================================================================
RIDER (ii) -- FALSE-REFUSAL CONTROL -- TASK-20260812-4b8ede
CLAIM TIER TOY. n = 1, ONE CONSTRUCTED INSTANCE. NO RATE IS MEASURED.
==============================================================================

[0] COULD-NOT-FAIL ARRANGEMENTS, NAMED BEFORE THE RUN
    could-not-FIRE  -- a construction that could NEVER be refused.
       Would hold if the candidate were built so that no clause of
       the gate could return a refusal at any cell. The check is
       MEASURED below, not asserted: G-REL1's rho is computed at
       every lattice at both normalizations and its per-basis pass
       count against tau_rel = 0.10 is reported. A construction
       that could not fire would show rho >= tau_rel everywhere.
    could-not-PASS  -- a construction that could NEVER be informative.
       Would hold if X_gso_k were constant across the 8 bases, so
       that 'informative by construction' were vacuous. The check is
       MEASURED below: between-basis sd and the count of distinct
       IEEE-754 values over the 8 bases at every lattice, with
       |det B_i| shown BIT-IDENTICAL across those 8 bases so the
       dispersion cannot be coming from the determinant.
    Both are decided by the numbers in sections 1-5, never by this
    paragraph.

[1] RAW MEASUREMENT -- X_gso_k through RQ and RG, 8 bases, 8 families, 10 lattices
    basis rebuilds + QR + Cholesky complete in 0.8 s (640 bases)
    block-structure check on every basis: OK

[1b] ROUTE AGREEMENT (AM-16 b) -- RQ vs RG
    worst absolute RQ-RG disagreement over all families, lattices and bases: 3.002e-09 at F0/L5

[2] INFORMATIVENESS -- between-basis dispersion of X_gso_k on F0
    lattice  (d,k)      route  mean X        sd over 8      distinct/8  |det| bit-identical over 8
    L1      (100, 30)  RQ_qr_of_BT          +8.943713228  1.005573e-02  8/8  True
    L1      (100, 30)  RG_cholesky_of_gram  +8.943713228  1.005573e-02  8/8  True
    L2      (100, 70)  RQ_qr_of_BT          +3.831474573  3.861254e-03  8/8  True
    L2      (100, 70)  RG_cholesky_of_gram  +3.831474573  3.861254e-03  8/8  True
    L4      (140, 40)  RQ_qr_of_BT          +9.120197092  6.540385e-03  8/8  True
    L4      (140, 40)  RG_cholesky_of_gram  +9.120197092  6.540385e-03  8/8  True
    L5      (140,100)  RQ_qr_of_BT          +3.647449661  4.000584e-03  8/8  True
    L5      (140,100)  RG_cholesky_of_gram  +3.647449660  4.000583e-03  8/8  True
    L7      ( 20,  6)  RQ_qr_of_BT          +8.268057416  7.838538e-02  8/8  True
    L7      ( 20,  6)  RG_cholesky_of_gram  +8.268057416  7.838538e-02  8/8  True
    L8      ( 20, 14)  RQ_qr_of_BT          +3.569842176  3.262373e-02  8/8  True
    L8      ( 20, 14)  RG_cholesky_of_gram  +3.569842176  3.262373e-02  8/8  True
    L9      ( 30,  9)  RQ_qr_of_BT          +8.415950290  3.920923e-02  8/8  True
    L9      ( 30,  9)  RG_cholesky_of_gram  +8.415950290  3.920923e-02  8/8  True
    L10     ( 30, 21)  RQ_qr_of_BT          +3.619352366  2.415257e-02  8/8  True
    L10     ( 30, 21)  RG_cholesky_of_gram  +3.619352366  2.415257e-02  8/8  True
    L11     ( 40, 12)  RQ_qr_of_BT          +8.559675089  3.198217e-02  8/8  True
    L11     ( 40, 12)  RG_cholesky_of_gram  +8.559675089  3.198217e-02  8/8  True
    L12     ( 40, 28)  RQ_qr_of_BT          +3.663572235  1.707930e-02  8/8  True
    L12     ( 40, 28)  RG_cholesky_of_gram  +3.663572235  1.707930e-02  8/8  True

[2b] A-DEPENDENCE CONTRAST -- F0 vs F0|fib_s2 (new A draw, IDENTICAL d, k, q and |det B|)
    L1      |det| identical: True   mean F0 +8.943713228  mean fib +8.938942267  max per-index |diff| 2.909467e-02
    L2      |det| identical: True   mean F0 +3.831474573  mean fib +3.830802809  max per-index |diff| 8.475892e-03
    L4      |det| identical: True   mean F0 +9.120197092  mean fib +9.112232255  max per-index |diff| 2.251678e-02
    L5      |det| identical: True   mean F0 +3.647449661  mean fib +3.645623555  max per-index |diff| 8.295244e-03
    L7      |det| identical: True   mean F0 +8.268057416  mean fib +8.282381416  max per-index |diff| 1.809592e-01
    L8      |det| identical: True   mean F0 +3.569842176  mean fib +3.554224319  max per-index |diff| 9.021390e-02
    L9      |det| identical: True   mean F0 +8.415950290  mean fib +8.466327268  max per-index |diff| 1.234382e-01
    L10     |det| identical: True   mean F0 +3.619352366  mean fib +3.627411715  max per-index |diff| 5.269904e-02
    L11     |det| identical: True   mean F0 +8.559675089  mean fib +8.556686819  max per-index |diff| 7.548909e-02
    L12     |det| identical: True   mean F0 +3.663572235  mean fib +3.665468663  max per-index |diff| 4.917711e-02

[3] G-REL1 THROUGH THE COMMITTED CODE PATH (rho_both/bit_identical imported from measure_relvar.py)
    tau_rel = 0.10, s_X = 1.0, both normalizations, 8 bases
    RQ   L1      (100, 30) beta  15-> 65  rho_maxfloor mean 0.000e+00  rho_absX mean 0.000e+00  s_X/|X| 0.1118  pass 0/8  forced_zero True
    RQ   L2      (100, 70) beta  15-> 65  rho_maxfloor mean 0.000e+00  rho_absX mean 0.000e+00  s_X/|X| 0.2610  pass 0/8  forced_zero True
    RQ   L4      (140, 40) beta  20-> 95  rho_maxfloor mean 0.000e+00  rho_absX mean 0.000e+00  s_X/|X| 0.1096  pass 0/8  forced_zero True
    RQ   L5      (140,100) beta  20-> 95  rho_maxfloor mean 0.000e+00  rho_absX mean 0.000e+00  s_X/|X| 0.2742  pass 0/8  forced_zero True
    RQ   L7      ( 20,  6) beta   5-> 15  rho_maxfloor mean 0.000e+00  rho_absX mean 0.000e+00  s_X/|X| 0.1210  pass 0/8  forced_zero True
    RQ   L8      ( 20, 14) beta   5-> 15  rho_maxfloor mean 0.000e+00  rho_absX mean 0.000e+00  s_X/|X| 0.2801  pass 0/8  forced_zero True
    RQ   L9      ( 30,  9) beta   7-> 22  rho_maxfloor mean 0.000e+00  rho_absX mean 0.000e+00  s_X/|X| 0.1188  pass 0/8  forced_zero True
    RQ   L10     ( 30, 21) beta   7-> 22  rho_maxfloor mean 0.000e+00  rho_absX mean 0.000e+00  s_X/|X| 0.2763  pass 0/8  forced_zero True
    RQ   L11     ( 40, 12) beta  10-> 30  rho_maxfloor mean 0.000e+00  rho_absX mean 0.000e+00  s_X/|X| 0.1168  pass 0/8  forced_zero True
    RQ   L12     ( 40, 28) beta  10-> 30  rho_maxfloor mean 0.000e+00  rho_absX mean 0.000e+00  s_X/|X| 0.2730  pass 0/8  forced_zero True
    RG   L1      (100, 30) beta  15-> 65  rho_maxfloor mean 0.000e+00  rho_absX mean 0.000e+00  s_X/|X| 0.1118  pass 0/8  forced_zero True
    RG   L2      (100, 70) beta  15-> 65  rho_maxfloor mean 0.000e+00  rho_absX mean 0.000e+00  s_X/|X| 0.2610  pass 0/8  forced_zero True
    RG   L4      (140, 40) beta  20-> 95  rho_maxfloor mean 0.000e+00  rho_absX mean 0.000e+00  s_X/|X| 0.1096  pass 0/8  forced_zero True
    RG   L5      (140,100) beta  20-> 95  rho_maxfloor mean 0.000e+00  rho_absX mean 0.000e+00  s_X/|X| 0.2742  pass 0/8  forced_zero True
    RG   L7      ( 20,  6) beta   5-> 15  rho_maxfloor mean 0.000e+00  rho_absX mean 0.000e+00  s_X/|X| 0.1210  pass 0/8  forced_zero True
    RG   L8      ( 20, 14) beta   5-> 15  rho_maxfloor mean 0.000e+00  rho_absX mean 0.000e+00  s_X/|X| 0.2801  pass 0/8  forced_zero True
    RG   L9      ( 30,  9) beta   7-> 22  rho_maxfloor mean 0.000e+00  rho_absX mean 0.000e+00  s_X/|X| 0.1188  pass 0/8  forced_zero True
    RG   L10     ( 30, 21) beta   7-> 22  rho_maxfloor mean 0.000e+00  rho_absX mean 0.000e+00  s_X/|X| 0.2763  pass 0/8  forced_zero True
    RG   L11     ( 40, 12) beta  10-> 30  rho_maxfloor mean 0.000e+00  rho_absX mean 0.000e+00  s_X/|X| 0.1168  pass 0/8  forced_zero True
    RG   L12     ( 40, 28) beta  10-> 30  rho_maxfloor mean 0.000e+00  rho_absX mean 0.000e+00  s_X/|X| 0.2730  pass 0/8  forced_zero True

    rho == 0 exactly at every lattice, every basis, both routes: True
    FORCED_ZERO_BY_ALGEBRA at every lattice, both routes: True
    rel1_ok under the committed rule: {'RQ_qr_of_BT': False, 'RG_cholesky_of_gram': False}

[4] G-VAR2 (PREREG-1 section 3) through the LEAD'S committed var_s_from_cells / var_f_from_cells / gvar2

    [4a] FIBRE GUARD (PREREG-1 6.4): |det B_i| bit-identical across all 8 bases in every fibre family
        F0|fib_s2   all 10 lattices bit-identical and matching: True
        F0|fib_s3   all 10 lattices bit-identical and matching: True
        F0|fib_s4   all 10 lattices bit-identical and matching: True
        F1|fib_s2   all 10 lattices bit-identical and matching: True
        F1|fib_s3   all 10 lattices bit-identical and matching: True
        F1|fib_s4   all 10 lattices bit-identical and matching: True
    route RQ_qr_of_BT          family F0 : cells 38  VAR-S degenerate 38 / ADMIT  0 / REFUSE  0  VAR-F PASS 38  G-VAR2 ADMIT 38
    route RQ_qr_of_BT          family F1 : cells 38  VAR-S degenerate 38 / ADMIT  0 / REFUSE  0  VAR-F PASS 38  G-VAR2 ADMIT 38
    route RG_cholesky_of_gram  family F0 : cells 38  VAR-S degenerate 38 / ADMIT  0 / REFUSE  0  VAR-F PASS 38  G-VAR2 ADMIT 38
    route RG_cholesky_of_gram  family F1 : cells 38  VAR-S degenerate 38 / ADMIT  0 / REFUSE  0  VAR-F PASS 38  G-VAR2 ADMIT 38

[5] P-FR1 -- 'X_gso_k is REFUSED by G-REL1 and ADMITTED by G-VAR2 (scale_degenerate on VAR-S, PASS on VAR-F)'
    refused by G-REL1 .................. True
    VAR-S scale_degenerate at all F0 cells, both routes ... True
    VAR-F PASS at all F0 cells, both routes .............. True
    admitted by G-VAR2 at all F0 cells, both routes ...... True
    P-FR1: HOLDS

WROTE coordination/goals/GOAL-MLKEM-005/batches/BATCH-4ed139/tasks/TASK-20260812-4b8ede/results_falserefusal.json  (1.7 s total)
