[      0s] main 30b c2410 ic_m4 subgroup table completed_valid t=0.1s
[      0s] main 30b c2410 ic_m4 small_x table completed_valid t=0.0s
[      0s] main 30b c2410 ic_m4 random_sub_r0 table completed_valid t=0.0s
[      0s] main 30b c2410 ic_m4 random_sub_r1 table completed_valid t=0.0s
[      0s] main 30b c2410 ic_m4 random_sub_r2 table completed_valid t=0.0s
[      0s] main 30b c2410 ic_m4 known_null_sub table completed_valid t=0.0s
[      0s] main 30b c2410 ic_m4 planted_sub table completed_valid t=0.0s
[      0s] main 30b c2410 ic_m4 small_x_offset table completed_valid t=0.0s
[      1s] main 30b c2411 ic_m4 subgroup table completed_valid t=0.0s
[      1s] main 30b c2411 ic_m4 small_x table completed_valid t=0.0s
[      1s] main 30b c2411 ic_m4 random_sub_r0 table completed_valid t=0.0s
[      1s] main 30b c2411 ic_m4 random_sub_r1 table completed_valid t=0.0s
[      1s] main 30b c2411 ic_m4 random_sub_r2 table completed_valid t=0.0s
[      1s] main 30b c2411 ic_m4 known_null_sub table completed_valid t=0.0s
[      1s] main 30b c2411 ic_m4 planted_sub table completed_valid t=0.0s
[      1s] main 30b c2411 ic_m4 small_x_offset table completed_valid t=0.0s
[      1s] main 30b c2412 ic_m4 subgroup table completed_valid t=0.0s
[      1s] main 30b c2412 ic_m4 small_x table completed_valid t=0.0s
[      1s] main 30b c2412 ic_m4 random_sub_r0 table completed_valid t=0.0s
[      1s] main 30b c2412 ic_m4 random_sub_r1 table completed_valid t=0.0s
[      1s] main 30b c2412 ic_m4 random_sub_r2 table completed_valid t=0.0s
[      1s] main 30b c2412 ic_m4 known_null_sub table completed_valid t=0.0s
[      1s] main 30b c2412 ic_m4 planted_sub table completed_valid t=0.0s
[      1s] main 30b c2412 ic_m4 small_x_offset table completed_valid t=0.0s
[      1s] main 30b c2413 ic_m4 subgroup table completed_valid t=0.0s
[      1s] main 30b c2413 ic_m4 small_x table completed_valid t=0.0s
[      1s] main 30b c2413 ic_m4 random_sub_r0 table completed_valid t=0.0s
[      1s] main 30b c2413 ic_m4 random_sub_r1 table completed_valid t=0.0s
[      1s] main 30b c2413 ic_m4 random_sub_r2 table completed_valid t=0.0s
[      1s] main 30b c2413 ic_m4 known_null_sub table completed_valid t=0.0s
[      1s] main 30b c2413 ic_m4 planted_sub table completed_valid t=0.0s
[      1s] main 30b c2413 ic_m4 small_x_offset table completed_valid t=0.0s
[      2s] main 30b c2414 ic_m4 subgroup table completed_valid t=0.0s
[      2s] main 30b c2414 ic_m4 small_x table completed_valid t=0.0s
[      2s] main 30b c2414 ic_m4 random_sub_r0 table completed_valid t=0.0s
[      2s] main 30b c2414 ic_m4 random_sub_r1 table completed_valid t=0.0s
[      2s] main 30b c2414 ic_m4 random_sub_r2 table completed_valid t=0.0s
[      2s] main 30b c2414 ic_m4 known_null_sub table completed_valid t=0.0s
[      2s] main 30b c2414 ic_m4 planted_sub table completed_valid t=0.0s
[      2s] main 30b c2414 ic_m4 small_x_offset table completed_valid t=0.0s
[      2s] main 30b c2415 ic_m4 subgroup table completed_valid t=0.0s
[      2s] main 30b c2415 ic_m4 small_x table completed_valid t=0.0s
[      2s] main 30b c2415 ic_m4 random_sub_r0 table completed_valid t=0.0s
[      2s] main 30b c2415 ic_m4 random_sub_r1 table completed_valid t=0.0s
[      2s] main 30b c2415 ic_m4 random_sub_r2 table completed_valid t=0.0s
[      2s] main 30b c2415 ic_m4 known_null_sub table completed_valid t=0.0s
[      2s] main 30b c2415 ic_m4 planted_sub table completed_valid t=0.0s
[      2s] main 30b c2415 ic_m4 small_x_offset table completed_valid t=0.0s
[      2s] main 30b c2416 ic_m4 subgroup table completed_valid t=0.0s
[      2s] main 30b c2416 ic_m4 small_x table completed_valid t=0.0s
[      2s] main 30b c2416 ic_m4 random_sub_r0 table completed_valid t=0.0s
[      2s] main 30b c2416 ic_m4 random_sub_r1 table completed_valid t=0.0s
[      2s] main 30b c2416 ic_m4 random_sub_r2 table completed_valid t=0.1s
[      2s] main 30b c2416 ic_m4 known_null_sub table completed_valid t=0.0s
[      2s] main 30b c2416 ic_m4 planted_sub table completed_valid t=0.0s
[      2s] main 30b c2416 ic_m4 small_x_offset table completed_valid t=0.0s
[      2s] main 30b c2417 ic_m4 subgroup table completed_valid t=0.0s
[      2s] main 30b c2417 ic_m4 small_x table completed_valid t=0.0s
[      2s] main 30b c2417 ic_m4 random_sub_r0 table completed_valid t=0.0s
[      2s] main 30b c2417 ic_m4 random_sub_r1 table completed_valid t=0.0s
[      2s] main 30b c2417 ic_m4 random_sub_r2 table completed_valid t=0.0s
[      2s] main 30b c2417 ic_m4 known_null_sub table completed_valid t=0.0s
[      2s] main 30b c2417 ic_m4 planted_sub table completed_valid t=0.0s
[      2s] main 30b c2417 ic_m4 small_x_offset table completed_valid t=0.0s
[      2s] main 30b c2418 ic_m4 subgroup table completed_valid t=0.0s
[      2s] main 30b c2418 ic_m4 small_x table completed_valid t=0.0s
[      2s] main 30b c2418 ic_m4 random_sub_r0 table completed_valid t=0.0s
[      2s] main 30b c2418 ic_m4 random_sub_r1 table completed_valid t=0.0s
[      2s] main 30b c2418 ic_m4 random_sub_r2 table completed_valid t=0.0s
[      2s] main 30b c2418 ic_m4 known_null_sub table completed_valid t=0.0s
[      2s] main 30b c2418 ic_m4 planted_sub table completed_valid t=0.0s
[      2s] main 30b c2418 ic_m4 small_x_offset table completed_valid t=0.0s
[      3s] main 30b c2419 ic_m4 subgroup table completed_valid t=0.0s
[      3s] main 30b c2419 ic_m4 small_x table completed_valid t=0.0s
[      3s] main 30b c2419 ic_m4 random_sub_r0 table completed_valid t=0.0s
[      3s] main 30b c2419 ic_m4 random_sub_r1 table completed_valid t=0.0s
[      3s] main 30b c2419 ic_m4 random_sub_r2 table completed_valid t=0.0s
[      3s] main 30b c2419 ic_m4 known_null_sub table completed_valid t=0.0s
[      3s] main 30b c2419 ic_m4 planted_sub table completed_valid t=0.0s
[      3s] main 30b c2419 ic_m4 small_x_offset table completed_valid t=0.0s
[      3s] main 30b c2420 ic_m4 subgroup table completed_valid t=0.0s
[      3s] main 30b c2420 ic_m4 small_x table completed_valid t=0.0s
[      3s] main 30b c2420 ic_m4 random_sub_r0 table completed_valid t=0.0s
[      3s] main 30b c2420 ic_m4 random_sub_r1 table completed_valid t=0.0s
[      3s] main 30b c2420 ic_m4 random_sub_r2 table completed_valid t=0.0s
[      3s] main 30b c2420 ic_m4 known_null_sub table completed_valid t=0.0s
[      3s] main 30b c2420 ic_m4 planted_sub table completed_valid t=0.0s
[      3s] main 30b c2420 ic_m4 small_x_offset table completed_valid t=0.0s
[      3s] main 30b c2421 ic_m4 subgroup table completed_valid t=0.0s
[      3s] main 30b c2421 ic_m4 small_x table completed_valid t=0.0s
[      3s] main 30b c2421 ic_m4 random_sub_r0 table completed_valid t=0.0s
[      3s] main 30b c2421 ic_m4 random_sub_r1 table completed_valid t=0.0s
[      3s] main 30b c2421 ic_m4 random_sub_r2 table completed_valid t=0.0s
[      3s] main 30b c2421 ic_m4 known_null_sub table completed_valid t=0.0s
[      3s] main 30b c2421 ic_m4 planted_sub table completed_valid t=0.0s
[      3s] main 30b c2421 ic_m4 small_x_offset table completed_valid t=0.0s
[      3s] main 30b c2422 ic_m4 subgroup table completed_valid t=0.0s
[      3s] main 30b c2422 ic_m4 small_x table completed_valid t=0.0s
[      3s] main 30b c2422 ic_m4 random_sub_r0 table completed_valid t=0.0s
[      3s] main 30b c2422 ic_m4 random_sub_r1 table completed_valid t=0.0s
[      3s] main 30b c2422 ic_m4 random_sub_r2 table completed_valid t=0.0s
[      3s] main 30b c2422 ic_m4 known_null_sub table completed_valid t=0.0s
[      3s] main 30b c2422 ic_m4 planted_sub table completed_valid t=0.0s
[      3s] main 30b c2422 ic_m4 small_x_offset table completed_valid t=0.0s
[      4s] main 30b c2423 ic_m4 subgroup table completed_valid t=0.0s
[      4s] main 30b c2423 ic_m4 small_x table completed_valid t=0.0s
[      4s] main 30b c2423 ic_m4 random_sub_r0 table completed_valid t=0.0s
[      4s] main 30b c2423 ic_m4 random_sub_r1 table completed_valid t=0.0s
[      4s] main 30b c2423 ic_m4 random_sub_r2 table completed_valid t=0.0s
[      4s] main 30b c2423 ic_m4 known_null_sub table completed_valid t=0.0s
[      4s] main 30b c2423 ic_m4 planted_sub table completed_valid t=0.0s
[      4s] main 30b c2423 ic_m4 small_x_offset table completed_valid t=0.0s
[      4s] main 30b c2424 ic_m4 subgroup table completed_valid t=0.0s
[      4s] main 30b c2424 ic_m4 small_x table completed_valid t=0.0s
[      4s] main 30b c2424 ic_m4 random_sub_r0 table completed_valid t=0.0s
[      4s] main 30b c2424 ic_m4 random_sub_r1 table completed_valid t=0.0s
[      4s] main 30b c2424 ic_m4 random_sub_r2 table completed_valid t=0.0s
[      4s] main 30b c2424 ic_m4 known_null_sub table completed_valid t=0.0s
[      4s] main 30b c2424 ic_m4 planted_sub table completed_valid t=0.0s
[      4s] main 30b c2424 ic_m4 small_x_offset table completed_valid t=0.0s
[      4s] main 30b c2425 ic_m4 subgroup table completed_valid t=0.0s
[      4s] main 30b c2425 ic_m4 small_x table completed_valid t=0.0s
[      4s] main 30b c2425 ic_m4 random_sub_r0 table completed_valid t=0.0s
[      4s] main 30b c2425 ic_m4 random_sub_r1 table completed_valid t=0.0s
[      4s] main 30b c2425 ic_m4 random_sub_r2 table completed_valid t=0.1s
[      4s] main 30b c2425 ic_m4 known_null_sub table completed_valid t=0.0s
[      4s] main 30b c2425 ic_m4 planted_sub table completed_valid t=0.0s
[      4s] main 30b c2425 ic_m4 small_x_offset table completed_valid t=0.0s
[      4s] main 30b c2426 ic_m4 subgroup table completed_valid t=0.0s
[      4s] main 30b c2426 ic_m4 small_x table completed_valid t=0.0s
[      4s] main 30b c2426 ic_m4 random_sub_r0 table completed_valid t=0.0s
[      4s] main 30b c2426 ic_m4 random_sub_r1 table completed_valid t=0.0s
[      4s] main 30b c2426 ic_m4 random_sub_r2 table completed_valid t=0.0s
[      4s] main 30b c2426 ic_m4 known_null_sub table completed_valid t=0.0s
[      4s] main 30b c2426 ic_m4 planted_sub table completed_valid t=0.0s
[      4s] main 30b c2426 ic_m4 small_x_offset table completed_valid t=0.0s
[      5s] main 30b c2427 ic_m4 subgroup table completed_valid t=0.0s
[      5s] main 30b c2427 ic_m4 small_x table completed_valid t=0.0s
[      5s] main 30b c2427 ic_m4 random_sub_r0 table completed_valid t=0.0s
[      5s] main 30b c2427 ic_m4 random_sub_r1 table completed_valid t=0.0s
[      5s] main 30b c2427 ic_m4 random_sub_r2 table completed_valid t=0.0s
[      5s] main 30b c2427 ic_m4 known_null_sub table completed_valid t=0.0s
[      5s] main 30b c2427 ic_m4 planted_sub table completed_valid t=0.0s
[      5s] main 30b c2427 ic_m4 small_x_offset table completed_valid t=0.0s
[      5s] main 30b c2428 ic_m4 subgroup table completed_valid t=0.0s
[      5s] main 30b c2428 ic_m4 small_x table completed_valid t=0.0s
[      5s] main 30b c2428 ic_m4 random_sub_r0 table completed_valid t=0.0s
[      5s] main 30b c2428 ic_m4 random_sub_r1 table completed_valid t=0.0s
[      5s] main 30b c2428 ic_m4 random_sub_r2 table completed_valid t=0.0s
[      5s] main 30b c2428 ic_m4 known_null_sub table completed_valid t=0.0s
[      5s] main 30b c2428 ic_m4 planted_sub table completed_valid t=0.0s
[      5s] main 30b c2428 ic_m4 small_x_offset table completed_valid t=0.0s
[      5s] main 30b c2429 ic_m4 subgroup table completed_valid t=0.0s
[      5s] main 30b c2429 ic_m4 small_x table completed_valid t=0.0s
[      5s] main 30b c2429 ic_m4 random_sub_r0 table completed_valid t=0.0s
[      5s] main 30b c2429 ic_m4 random_sub_r1 table completed_valid t=0.0s
[      5s] main 30b c2429 ic_m4 random_sub_r2 table completed_valid t=0.0s
[      5s] main 30b c2429 ic_m4 known_null_sub table completed_valid t=0.0s
[      5s] main 30b c2429 ic_m4 planted_sub table completed_valid t=0.0s
[      5s] main 30b c2429 ic_m4 small_x_offset table completed_valid t=0.0s
[      5s] main 30b c2430 ic_m4 subgroup table completed_valid t=0.0s
[      5s] main 30b c2430 ic_m4 small_x table completed_valid t=0.0s
[      5s] main 30b c2430 ic_m4 random_sub_r0 table completed_valid t=0.0s
[      5s] main 30b c2430 ic_m4 random_sub_r1 table completed_valid t=0.0s
[      5s] main 30b c2430 ic_m4 random_sub_r2 table completed_valid t=0.0s
[      5s] main 30b c2430 ic_m4 known_null_sub table completed_valid t=0.0s
[      5s] main 30b c2430 ic_m4 planted_sub table completed_valid t=0.0s
[      5s] main 30b c2430 ic_m4 small_x_offset table completed_valid t=0.0s
[      6s] main 30b c2431 ic_m4 subgroup table completed_valid t=0.0s
[      6s] main 30b c2431 ic_m4 small_x table completed_valid t=0.0s
[      6s] main 30b c2431 ic_m4 random_sub_r0 table completed_valid t=0.0s
[      6s] main 30b c2431 ic_m4 random_sub_r1 table completed_valid t=0.0s
[      6s] main 30b c2431 ic_m4 random_sub_r2 table completed_valid t=0.0s
[      6s] main 30b c2431 ic_m4 known_null_sub table completed_valid t=0.0s
[      6s] main 30b c2431 ic_m4 planted_sub table completed_valid t=0.1s
[      6s] main 30b c2431 ic_m4 small_x_offset table completed_valid t=0.1s
[      6s] main 30b c2432 ic_m4 subgroup table completed_valid t=0.0s
[      6s] main 30b c2432 ic_m4 small_x table completed_valid t=0.0s
[      6s] main 30b c2432 ic_m4 random_sub_r0 table completed_valid t=0.0s
[      6s] main 30b c2432 ic_m4 random_sub_r1 table completed_valid t=0.0s
[      6s] main 30b c2432 ic_m4 random_sub_r2 table completed_valid t=0.0s
[      6s] main 30b c2432 ic_m4 known_null_sub table completed_valid t=0.0s
[      6s] main 30b c2432 ic_m4 planted_sub table completed_valid t=0.0s
[      6s] main 30b c2432 ic_m4 small_x_offset table completed_valid t=0.0s
[      6s] main 30b c2433 ic_m4 subgroup table completed_valid t=0.0s
[      6s] main 30b c2433 ic_m4 small_x table completed_valid t=0.0s
[      6s] main 30b c2433 ic_m4 random_sub_r0 table completed_valid t=0.0s
[      6s] main 30b c2433 ic_m4 random_sub_r1 table completed_valid t=0.0s
[      6s] main 30b c2433 ic_m4 random_sub_r2 table completed_valid t=0.0s
[      6s] main 30b c2433 ic_m4 known_null_sub table completed_valid t=0.0s
[      6s] main 30b c2433 ic_m4 planted_sub table completed_valid t=0.0s
[      6s] main 30b c2433 ic_m4 small_x_offset table completed_valid t=0.0s
[      7s] main 30b c2434 ic_m4 subgroup table completed_valid t=0.0s
[      7s] main 30b c2434 ic_m4 small_x table completed_valid t=0.0s
[      7s] main 30b c2434 ic_m4 random_sub_r0 table completed_valid t=0.0s
[      7s] main 30b c2434 ic_m4 random_sub_r1 table completed_valid t=0.0s
[      7s] main 30b c2434 ic_m4 random_sub_r2 table completed_valid t=0.0s
[      7s] main 30b c2434 ic_m4 known_null_sub table completed_valid t=0.0s
[      7s] main 30b c2434 ic_m4 planted_sub table completed_valid t=0.0s
[      7s] main 30b c2434 ic_m4 small_x_offset table completed_valid t=0.0s
[      7s] main 30b c2435 ic_m4 subgroup table completed_valid t=0.0s
[      7s] main 30b c2435 ic_m4 small_x table completed_valid t=0.0s
[      7s] main 30b c2435 ic_m4 random_sub_r0 table completed_valid t=0.0s
[      7s] main 30b c2435 ic_m4 random_sub_r1 table completed_valid t=0.0s
[      7s] main 30b c2435 ic_m4 random_sub_r2 table completed_valid t=0.0s
[      7s] main 30b c2435 ic_m4 known_null_sub table completed_valid t=0.0s
[      7s] main 30b c2435 ic_m4 planted_sub table completed_valid t=0.0s
[      7s] main 30b c2435 ic_m4 small_x_offset table completed_valid t=0.0s
[      7s] main 30b c2436 ic_m4 subgroup table completed_valid t=0.0s
[      7s] main 30b c2436 ic_m4 small_x table completed_valid t=0.0s
[      7s] main 30b c2436 ic_m4 random_sub_r0 table completed_valid t=0.0s
[      7s] main 30b c2436 ic_m4 random_sub_r1 table completed_valid t=0.0s
[      7s] main 30b c2436 ic_m4 random_sub_r2 table completed_valid t=0.0s
[      7s] main 30b c2436 ic_m4 known_null_sub table completed_valid t=0.0s
[      7s] main 30b c2436 ic_m4 planted_sub table completed_valid t=0.0s
[      7s] main 30b c2436 ic_m4 small_x_offset table completed_valid t=0.0s
[      7s] main 30b c2437 ic_m4 subgroup table completed_valid t=0.0s
[      7s] main 30b c2437 ic_m4 small_x table completed_valid t=0.0s
[      7s] main 30b c2437 ic_m4 random_sub_r0 table completed_valid t=0.0s
[      7s] main 30b c2437 ic_m4 random_sub_r1 table completed_valid t=0.0s
[      7s] main 30b c2437 ic_m4 random_sub_r2 table completed_valid t=0.0s
[      7s] main 30b c2437 ic_m4 known_null_sub table completed_valid t=0.0s
[      7s] main 30b c2437 ic_m4 planted_sub table completed_valid t=0.0s
[      7s] main 30b c2437 ic_m4 small_x_offset table completed_valid t=0.0s
[      7s] main 30b c2438 ic_m4 subgroup table completed_valid t=0.0s
[      7s] main 30b c2438 ic_m4 small_x table completed_valid t=0.0s
[      7s] main 30b c2438 ic_m4 random_sub_r0 table completed_valid t=0.0s
[      7s] main 30b c2438 ic_m4 random_sub_r1 table completed_valid t=0.0s
[      7s] main 30b c2438 ic_m4 random_sub_r2 table completed_valid t=0.0s
[      7s] main 30b c2438 ic_m4 known_null_sub table completed_valid t=0.0s
[      7s] main 30b c2438 ic_m4 planted_sub table completed_valid t=0.0s
[      7s] main 30b c2438 ic_m4 small_x_offset table completed_valid t=0.0s
[      8s] main 30b c2439 ic_m4 subgroup table completed_valid t=0.0s
[      8s] main 30b c2439 ic_m4 small_x table completed_valid t=0.0s
[      8s] main 30b c2439 ic_m4 random_sub_r0 table completed_valid t=0.0s
[      8s] main 30b c2439 ic_m4 random_sub_r1 table completed_valid t=0.0s
[      8s] main 30b c2439 ic_m4 random_sub_r2 table completed_valid t=0.0s
[      8s] main 30b c2439 ic_m4 known_null_sub table completed_valid t=0.0s
[      8s] main 30b c2439 ic_m4 planted_sub table completed_valid t=0.0s
[      8s] main 30b c2439 ic_m4 small_x_offset table completed_valid t=0.0s
[      8s] main 30b c2440 ic_m4 subgroup table completed_valid t=0.0s
[      8s] main 30b c2440 ic_m4 small_x table completed_valid t=0.1s
[      8s] main 30b c2440 ic_m4 random_sub_r0 table completed_valid t=0.0s
[      8s] main 30b c2440 ic_m4 random_sub_r1 table completed_valid t=0.0s
[      8s] main 30b c2440 ic_m4 random_sub_r2 table completed_valid t=0.0s
[      8s] main 30b c2440 ic_m4 known_null_sub table completed_valid t=0.0s
[      8s] main 30b c2440 ic_m4 planted_sub table completed_valid t=0.0s
[      8s] main 30b c2440 ic_m4 small_x_offset table completed_valid t=0.0s
[      8s] main 30b c2441 ic_m4 subgroup table completed_valid t=0.0s
[      8s] main 30b c2441 ic_m4 small_x table completed_valid t=0.0s
[      8s] main 30b c2441 ic_m4 random_sub_r0 table completed_valid t=0.0s
[      8s] main 30b c2441 ic_m4 random_sub_r1 table completed_valid t=0.0s
[      8s] main 30b c2441 ic_m4 random_sub_r2 table completed_valid t=0.0s
[      8s] main 30b c2441 ic_m4 known_null_sub table completed_valid t=0.0s
[      8s] main 30b c2441 ic_m4 planted_sub table completed_valid t=0.0s
[      8s] main 30b c2441 ic_m4 small_x_offset table completed_valid t=0.0s
[      9s] main 30b c2442 ic_m4 subgroup table completed_valid t=0.0s
[      9s] main 30b c2442 ic_m4 small_x table completed_valid t=0.0s
[      9s] main 30b c2442 ic_m4 random_sub_r0 table completed_valid t=0.0s
[      9s] main 30b c2442 ic_m4 random_sub_r1 table completed_valid t=0.1s
[      9s] main 30b c2442 ic_m4 random_sub_r2 table completed_valid t=0.1s
[      9s] main 30b c2442 ic_m4 known_null_sub table completed_valid t=0.1s
[      9s] main 30b c2442 ic_m4 planted_sub table completed_valid t=0.1s
[      9s] main 30b c2442 ic_m4 small_x_offset table completed_valid t=0.0s
[      9s] main 30b c2443 ic_m4 subgroup table completed_valid t=0.0s
[      9s] main 30b c2443 ic_m4 small_x table completed_valid t=0.0s
[      9s] main 30b c2443 ic_m4 random_sub_r0 table completed_valid t=0.0s
[      9s] main 30b c2443 ic_m4 random_sub_r1 table completed_valid t=0.0s
[      9s] main 30b c2443 ic_m4 random_sub_r2 table completed_valid t=0.1s
[      9s] main 30b c2443 ic_m4 known_null_sub table completed_valid t=0.0s
[      9s] main 30b c2443 ic_m4 planted_sub table completed_valid t=0.0s
[      9s] main 30b c2443 ic_m4 small_x_offset table completed_valid t=0.0s
[      9s] main 30b c2444 ic_m4 subgroup table completed_valid t=0.0s
[      9s] main 30b c2444 ic_m4 small_x table completed_valid t=0.0s
[      9s] main 30b c2444 ic_m4 random_sub_r0 table completed_valid t=0.0s
[      9s] main 30b c2444 ic_m4 random_sub_r1 table completed_valid t=0.0s
[      9s] main 30b c2444 ic_m4 random_sub_r2 table completed_valid t=0.0s
[      9s] main 30b c2444 ic_m4 known_null_sub table completed_valid t=0.0s
[      9s] main 30b c2444 ic_m4 planted_sub table completed_valid t=0.0s
[      9s] main 30b c2444 ic_m4 small_x_offset table completed_valid t=0.0s
[     10s] main 30b c2445 ic_m4 subgroup table completed_valid t=0.0s
[     10s] main 30b c2445 ic_m4 small_x table completed_valid t=0.0s
[     10s] main 30b c2445 ic_m4 random_sub_r0 table completed_valid t=0.0s
[     10s] main 30b c2445 ic_m4 random_sub_r1 table completed_valid t=0.0s
[     10s] main 30b c2445 ic_m4 random_sub_r2 table completed_valid t=0.0s
[     10s] main 30b c2445 ic_m4 known_null_sub table completed_valid t=0.0s
[     10s] main 30b c2445 ic_m4 planted_sub table completed_valid t=0.0s
[     10s] main 30b c2445 ic_m4 small_x_offset table completed_valid t=0.0s
[     10s] main 30b c2446 ic_m4 subgroup table completed_valid t=0.0s
[     10s] main 30b c2446 ic_m4 small_x table completed_valid t=0.0s
[     10s] main 30b c2446 ic_m4 random_sub_r0 table completed_valid t=0.0s
[     10s] main 30b c2446 ic_m4 random_sub_r1 table completed_valid t=0.0s
[     10s] main 30b c2446 ic_m4 random_sub_r2 table completed_valid t=0.0s
[     10s] main 30b c2446 ic_m4 known_null_sub table completed_valid t=0.0s
[     10s] main 30b c2446 ic_m4 planted_sub table completed_valid t=0.0s
[     10s] main 30b c2446 ic_m4 small_x_offset table completed_valid t=0.0s
[     10s] main 30b c2447 ic_m4 subgroup table completed_valid t=0.0s
[     10s] main 30b c2447 ic_m4 small_x table completed_valid t=0.0s
[     10s] main 30b c2447 ic_m4 random_sub_r0 table completed_valid t=0.0s
[     10s] main 30b c2447 ic_m4 random_sub_r1 table completed_valid t=0.0s
[     10s] main 30b c2447 ic_m4 random_sub_r2 table completed_valid t=0.0s
[     10s] main 30b c2447 ic_m4 known_null_sub table completed_valid t=0.0s
[     10s] main 30b c2447 ic_m4 planted_sub table completed_valid t=0.0s
[     10s] main 30b c2447 ic_m4 small_x_offset table completed_valid t=0.0s
[     10s] main 30b c2448 ic_m4 subgroup table completed_valid t=0.0s
[     10s] main 30b c2448 ic_m4 small_x table completed_valid t=0.0s
[     10s] main 30b c2448 ic_m4 random_sub_r0 table completed_valid t=0.0s
[     10s] main 30b c2448 ic_m4 random_sub_r1 table completed_valid t=0.0s
[     10s] main 30b c2448 ic_m4 random_sub_r2 table completed_valid t=0.0s
[     10s] main 30b c2448 ic_m4 known_null_sub table completed_valid t=0.0s
[     10s] main 30b c2448 ic_m4 planted_sub table completed_valid t=0.0s
[     10s] main 30b c2448 ic_m4 small_x_offset table completed_valid t=0.0s
[     11s] main 30b c2449 ic_m4 subgroup table completed_valid t=0.0s
[     11s] main 30b c2449 ic_m4 small_x table completed_valid t=0.0s
[     11s] main 30b c2449 ic_m4 random_sub_r0 table completed_valid t=0.0s
[     11s] main 30b c2449 ic_m4 random_sub_r1 table completed_valid t=0.0s
[     11s] main 30b c2449 ic_m4 random_sub_r2 table completed_valid t=0.0s
[     11s] main 30b c2449 ic_m4 known_null_sub table completed_valid t=0.0s
[     11s] main 30b c2449 ic_m4 planted_sub table completed_valid t=0.0s
[     11s] main 30b c2449 ic_m4 small_x_offset table completed_valid t=0.0s
[     11s] main 30b c2450 ic_m4 subgroup table completed_valid t=0.0s
[     11s] main 30b c2450 ic_m4 small_x table completed_valid t=0.0s
[     11s] main 30b c2450 ic_m4 random_sub_r0 table completed_valid t=0.0s
[     11s] main 30b c2450 ic_m4 random_sub_r1 table completed_valid t=0.0s
[     11s] main 30b c2450 ic_m4 random_sub_r2 table completed_valid t=0.0s
[     11s] main 30b c2450 ic_m4 known_null_sub table completed_valid t=0.0s
[     11s] main 30b c2450 ic_m4 planted_sub table completed_valid t=0.0s
[     11s] main 30b c2450 ic_m4 small_x_offset table completed_valid t=0.0s
[     11s] main 30b c2451 ic_m4 subgroup table completed_valid t=0.0s
[     11s] main 30b c2451 ic_m4 small_x table completed_valid t=0.0s
[     11s] main 30b c2451 ic_m4 random_sub_r0 table completed_valid t=0.0s
[     11s] main 30b c2451 ic_m4 random_sub_r1 table completed_valid t=0.0s
[     11s] main 30b c2451 ic_m4 random_sub_r2 table completed_valid t=0.0s
[     11s] main 30b c2451 ic_m4 known_null_sub table completed_valid t=0.0s
[     11s] main 30b c2451 ic_m4 planted_sub table completed_valid t=0.0s
[     11s] main 30b c2451 ic_m4 small_x_offset table completed_valid t=0.0s
[     11s] main 30b c2452 ic_m4 subgroup table completed_valid t=0.0s
[     11s] main 30b c2452 ic_m4 small_x table completed_valid t=0.0s
[     11s] main 30b c2452 ic_m4 random_sub_r0 table completed_valid t=0.0s
[     11s] main 30b c2452 ic_m4 random_sub_r1 table completed_valid t=0.0s
[     11s] main 30b c2452 ic_m4 random_sub_r2 table completed_valid t=0.0s
[     11s] main 30b c2452 ic_m4 known_null_sub table completed_valid t=0.0s
[     11s] main 30b c2452 ic_m4 planted_sub table completed_valid t=0.0s
[     11s] main 30b c2452 ic_m4 small_x_offset table completed_valid t=0.0s
[     12s] main 30b c2453 ic_m4 subgroup table completed_valid t=0.0s
[     12s] main 30b c2453 ic_m4 small_x table completed_valid t=0.0s
[     12s] main 30b c2453 ic_m4 random_sub_r0 table completed_valid t=0.0s
[     12s] main 30b c2453 ic_m4 random_sub_r1 table completed_valid t=0.0s
[     12s] main 30b c2453 ic_m4 random_sub_r2 table completed_valid t=0.0s
[     12s] main 30b c2453 ic_m4 known_null_sub table completed_valid t=0.0s
[     12s] main 30b c2453 ic_m4 planted_sub table completed_valid t=0.0s
[     12s] main 30b c2453 ic_m4 small_x_offset table completed_valid t=0.0s
[     12s] main 30b c2454 ic_m4 subgroup table completed_valid t=0.0s
[     12s] main 30b c2454 ic_m4 small_x table completed_valid t=0.0s
[     12s] main 30b c2454 ic_m4 random_sub_r0 table completed_valid t=0.0s
[     12s] main 30b c2454 ic_m4 random_sub_r1 table completed_valid t=0.0s
[     12s] main 30b c2454 ic_m4 random_sub_r2 table completed_valid t=0.0s
[     12s] main 30b c2454 ic_m4 known_null_sub table completed_valid t=0.0s
[     12s] main 30b c2454 ic_m4 planted_sub table completed_valid t=0.0s
[     12s] main 30b c2454 ic_m4 small_x_offset table completed_valid t=0.0s
[     12s] main 30b c2455 ic_m4 subgroup table completed_valid t=0.0s
[     12s] main 30b c2455 ic_m4 small_x table completed_valid t=0.0s
[     12s] main 30b c2455 ic_m4 random_sub_r0 table completed_valid t=0.0s
[     12s] main 30b c2455 ic_m4 random_sub_r1 table completed_valid t=0.0s
[     12s] main 30b c2455 ic_m4 random_sub_r2 table completed_valid t=0.0s
[     12s] main 30b c2455 ic_m4 known_null_sub table completed_valid t=0.0s
[     12s] main 30b c2455 ic_m4 planted_sub table completed_valid t=0.0s
[     12s] main 30b c2455 ic_m4 small_x_offset table completed_valid t=0.0s
[     12s] main 30b c2456 ic_m4 subgroup table completed_valid t=0.0s
[     12s] main 30b c2456 ic_m4 small_x table completed_valid t=0.0s
[     12s] main 30b c2456 ic_m4 random_sub_r0 table completed_valid t=0.0s
[     12s] main 30b c2456 ic_m4 random_sub_r1 table completed_valid t=0.0s
[     12s] main 30b c2456 ic_m4 random_sub_r2 table completed_valid t=0.0s
[     12s] main 30b c2456 ic_m4 known_null_sub table completed_valid t=0.0s
[     12s] main 30b c2456 ic_m4 planted_sub table completed_valid t=0.0s
[     12s] main 30b c2456 ic_m4 small_x_offset table completed_valid t=0.0s
[     13s] main 30b c2457 ic_m4 subgroup table completed_valid t=0.0s
[     13s] main 30b c2457 ic_m4 small_x table completed_valid t=0.0s
[     13s] main 30b c2457 ic_m4 random_sub_r0 table completed_valid t=0.0s
[     13s] main 30b c2457 ic_m4 random_sub_r1 table completed_valid t=0.0s
[     13s] main 30b c2457 ic_m4 random_sub_r2 table completed_valid t=0.0s
[     13s] main 30b c2457 ic_m4 known_null_sub table completed_valid t=0.0s
[     13s] main 30b c2457 ic_m4 planted_sub table completed_valid t=0.0s
[     13s] main 30b c2457 ic_m4 small_x_offset table completed_valid t=0.0s
[     13s] main 30b c2458 ic_m4 subgroup table completed_valid t=0.0s
[     13s] main 30b c2458 ic_m4 small_x table completed_valid t=0.0s
[     13s] main 30b c2458 ic_m4 random_sub_r0 table completed_valid t=0.0s
[     13s] main 30b c2458 ic_m4 random_sub_r1 table completed_valid t=0.0s
[     13s] main 30b c2458 ic_m4 random_sub_r2 table completed_valid t=0.0s
[     13s] main 30b c2458 ic_m4 known_null_sub table completed_valid t=0.0s
[     13s] main 30b c2458 ic_m4 planted_sub table completed_valid t=0.0s
[     13s] main 30b c2458 ic_m4 small_x_offset table completed_valid t=0.0s
[     13s] main 30b c2459 ic_m4 subgroup table completed_valid t=0.0s
[     13s] main 30b c2459 ic_m4 small_x table completed_valid t=0.0s
[     13s] main 30b c2459 ic_m4 random_sub_r0 table completed_valid t=0.0s
[     13s] main 30b c2459 ic_m4 random_sub_r1 table completed_valid t=0.0s
[     13s] main 30b c2459 ic_m4 random_sub_r2 table completed_valid t=0.0s
[     13s] main 30b c2459 ic_m4 known_null_sub table completed_valid t=0.0s
[     13s] main 30b c2459 ic_m4 planted_sub table completed_valid t=0.0s
[     13s] main 30b c2459 ic_m4 small_x_offset table completed_valid t=0.0s
[     13s] main 30b c2460 ic_m4 subgroup table completed_valid t=0.0s
[     13s] main 30b c2460 ic_m4 small_x table completed_valid t=0.0s
[     13s] main 30b c2460 ic_m4 random_sub_r0 table completed_valid t=0.0s
[     13s] main 30b c2460 ic_m4 random_sub_r1 table completed_valid t=0.0s
[     13s] main 30b c2460 ic_m4 random_sub_r2 table completed_valid t=0.0s
[     13s] main 30b c2460 ic_m4 known_null_sub table completed_valid t=0.0s
[     13s] main 30b c2460 ic_m4 planted_sub table completed_valid t=0.0s
[     13s] main 30b c2460 ic_m4 small_x_offset table completed_valid t=0.0s
[     14s] main 30b c2461 ic_m4 subgroup table completed_valid t=0.0s
[     14s] main 30b c2461 ic_m4 small_x table completed_valid t=0.0s
[     14s] main 30b c2461 ic_m4 random_sub_r0 table completed_valid t=0.0s
[     14s] main 30b c2461 ic_m4 random_sub_r1 table completed_valid t=0.0s
[     14s] main 30b c2461 ic_m4 random_sub_r2 table completed_valid t=0.0s
[     14s] main 30b c2461 ic_m4 known_null_sub table completed_valid t=0.0s
[     14s] main 30b c2461 ic_m4 planted_sub table completed_valid t=0.0s
[     14s] main 30b c2461 ic_m4 small_x_offset table completed_valid t=0.0s
[     14s] main 30b c2462 ic_m4 subgroup table completed_valid t=0.0s
[     14s] main 30b c2462 ic_m4 small_x table completed_valid t=0.0s
[     14s] main 30b c2462 ic_m4 random_sub_r0 table completed_valid t=0.0s
[     14s] main 30b c2462 ic_m4 random_sub_r1 table completed_valid t=0.0s
[     14s] main 30b c2462 ic_m4 random_sub_r2 table completed_valid t=0.0s
[     14s] main 30b c2462 ic_m4 known_null_sub table completed_valid t=0.0s
[     14s] main 30b c2462 ic_m4 planted_sub table completed_valid t=0.0s
[     14s] main 30b c2462 ic_m4 small_x_offset table completed_valid t=0.0s
[     14s] main 30b c2463 ic_m4 subgroup table completed_valid t=0.0s
[     14s] main 30b c2463 ic_m4 small_x table completed_valid t=0.0s
[     14s] main 30b c2463 ic_m4 random_sub_r0 table completed_valid t=0.0s
[     14s] main 30b c2463 ic_m4 random_sub_r1 table completed_valid t=0.0s
[     14s] main 30b c2463 ic_m4 random_sub_r2 table completed_valid t=0.0s
[     14s] main 30b c2463 ic_m4 known_null_sub table completed_valid t=0.0s
[     14s] main 30b c2463 ic_m4 planted_sub table completed_valid t=0.0s
[     14s] main 30b c2463 ic_m4 small_x_offset table completed_valid t=0.0s
[     14s] main 30b c2464 ic_m4 subgroup table completed_valid t=0.0s
[     14s] main 30b c2464 ic_m4 small_x table completed_valid t=0.0s
[     14s] main 30b c2464 ic_m4 random_sub_r0 table completed_valid t=0.0s
[     14s] main 30b c2464 ic_m4 random_sub_r1 table completed_valid t=0.0s
[     14s] main 30b c2464 ic_m4 random_sub_r2 table completed_valid t=0.0s
[     14s] main 30b c2464 ic_m4 known_null_sub table completed_valid t=0.0s
[     14s] main 30b c2464 ic_m4 planted_sub table completed_valid t=0.0s
[     14s] main 30b c2464 ic_m4 small_x_offset table completed_valid t=0.0s
[     14s] main 30b c2465 ic_m4 subgroup table completed_valid t=0.0s
[     14s] main 30b c2465 ic_m4 small_x table completed_valid t=0.0s
[     14s] main 30b c2465 ic_m4 random_sub_r0 table completed_valid t=0.0s
[     14s] main 30b c2465 ic_m4 random_sub_r1 table completed_valid t=0.0s
[     14s] main 30b c2465 ic_m4 random_sub_r2 table completed_valid t=0.0s
[     14s] main 30b c2465 ic_m4 known_null_sub table completed_valid t=0.0s
[     14s] main 30b c2465 ic_m4 planted_sub table completed_valid t=0.0s
[     14s] main 30b c2465 ic_m4 small_x_offset table completed_valid t=0.0s
[     15s] main 30b c2466 ic_m4 subgroup table completed_valid t=0.0s
[     15s] main 30b c2466 ic_m4 small_x table completed_valid t=0.0s
[     15s] main 30b c2466 ic_m4 random_sub_r0 table completed_valid t=0.0s
[     15s] main 30b c2466 ic_m4 random_sub_r1 table completed_valid t=0.0s
[     15s] main 30b c2466 ic_m4 random_sub_r2 table completed_valid t=0.0s
[     15s] main 30b c2466 ic_m4 known_null_sub table completed_valid t=0.0s
[     15s] main 30b c2466 ic_m4 planted_sub table completed_valid t=0.0s
[     15s] main 30b c2466 ic_m4 small_x_offset table completed_valid t=0.0s
[     15s] main 30b c2467 ic_m4 subgroup table completed_valid t=0.0s
[     15s] main 30b c2467 ic_m4 small_x table completed_valid t=0.0s
[     15s] main 30b c2467 ic_m4 random_sub_r0 table completed_valid t=0.0s
[     15s] main 30b c2467 ic_m4 random_sub_r1 table completed_valid t=0.0s
[     15s] main 30b c2467 ic_m4 random_sub_r2 table completed_valid t=0.0s
[     15s] main 30b c2467 ic_m4 known_null_sub table completed_valid t=0.0s
[     15s] main 30b c2467 ic_m4 planted_sub table completed_valid t=0.0s
[     15s] main 30b c2467 ic_m4 small_x_offset table completed_valid t=0.0s
[     15s] main 30b c2468 ic_m4 subgroup table completed_valid t=0.0s
[     15s] main 30b c2468 ic_m4 small_x table completed_valid t=0.0s
[     15s] main 30b c2468 ic_m4 random_sub_r0 table completed_valid t=0.0s
[     15s] main 30b c2468 ic_m4 random_sub_r1 table completed_valid t=0.0s
[     15s] main 30b c2468 ic_m4 random_sub_r2 table completed_valid t=0.0s
[     15s] main 30b c2468 ic_m4 known_null_sub table completed_valid t=0.0s
[     15s] main 30b c2468 ic_m4 planted_sub table completed_valid t=0.0s
[     15s] main 30b c2468 ic_m4 small_x_offset table completed_valid t=0.0s
[     15s] main 30b c2469 ic_m4 subgroup table completed_valid t=0.0s
[     15s] main 30b c2469 ic_m4 small_x table completed_valid t=0.0s
[     15s] main 30b c2469 ic_m4 random_sub_r0 table completed_valid t=0.0s
[     15s] main 30b c2469 ic_m4 random_sub_r1 table completed_valid t=0.0s
[     15s] main 30b c2469 ic_m4 random_sub_r2 table completed_valid t=0.0s
[     15s] main 30b c2469 ic_m4 known_null_sub table completed_valid t=0.0s
[     15s] main 30b c2469 ic_m4 planted_sub table completed_valid t=0.0s
[     15s] main 30b c2469 ic_m4 small_x_offset table completed_valid t=0.0s
[     15s] main 30b c2470 ic_m4 subgroup table completed_valid t=0.0s
[     15s] main 30b c2470 ic_m4 small_x table completed_valid t=0.0s
[     15s] main 30b c2470 ic_m4 random_sub_r0 table completed_valid t=0.0s
[     15s] main 30b c2470 ic_m4 random_sub_r1 table completed_valid t=0.0s
[     15s] main 30b c2470 ic_m4 random_sub_r2 table completed_valid t=0.0s
[     15s] main 30b c2470 ic_m4 known_null_sub table completed_valid t=0.0s
[     15s] main 30b c2470 ic_m4 planted_sub table completed_valid t=0.0s
[     15s] main 30b c2470 ic_m4 small_x_offset table completed_valid t=0.0s
[     16s] main 30b c2471 ic_m4 subgroup table completed_valid t=0.0s
[     16s] main 30b c2471 ic_m4 small_x table completed_valid t=0.0s
[     16s] main 30b c2471 ic_m4 random_sub_r0 table completed_valid t=0.0s
[     16s] main 30b c2471 ic_m4 random_sub_r1 table completed_valid t=0.0s
[     16s] main 30b c2471 ic_m4 random_sub_r2 table completed_valid t=0.0s
[     16s] main 30b c2471 ic_m4 known_null_sub table completed_valid t=0.0s
[     16s] main 30b c2471 ic_m4 planted_sub table completed_valid t=0.1s
[     16s] main 30b c2471 ic_m4 small_x_offset table completed_valid t=0.0s
[     16s] main 30b c2472 ic_m4 subgroup table completed_valid t=0.0s
[     16s] main 30b c2472 ic_m4 small_x table completed_valid t=0.0s
[     16s] main 30b c2472 ic_m4 random_sub_r0 table completed_valid t=0.0s
[     16s] main 30b c2472 ic_m4 random_sub_r1 table completed_valid t=0.0s
[     16s] main 30b c2472 ic_m4 random_sub_r2 table completed_valid t=0.0s
[     16s] main 30b c2472 ic_m4 known_null_sub table completed_valid t=0.0s
[     16s] main 30b c2472 ic_m4 planted_sub table completed_valid t=0.1s
[     16s] main 30b c2472 ic_m4 small_x_offset table completed_valid t=0.1s
[     16s] main 30b c2473 ic_m4 subgroup table completed_valid t=0.0s
[     16s] main 30b c2473 ic_m4 small_x table completed_valid t=0.0s
[     16s] main 30b c2473 ic_m4 random_sub_r0 table completed_valid t=0.0s
[     16s] main 30b c2473 ic_m4 random_sub_r1 table completed_valid t=0.0s
[     16s] main 30b c2473 ic_m4 random_sub_r2 table completed_valid t=0.0s
[     16s] main 30b c2473 ic_m4 known_null_sub table completed_valid t=0.0s
[     16s] main 30b c2473 ic_m4 planted_sub table completed_valid t=0.0s
[     16s] main 30b c2473 ic_m4 small_x_offset table completed_valid t=0.0s
[     17s] main 30b c2474 ic_m4 subgroup table completed_valid t=0.0s
[     17s] main 30b c2474 ic_m4 small_x table completed_valid t=0.0s
[     17s] main 30b c2474 ic_m4 random_sub_r0 table completed_valid t=0.0s
[     17s] main 30b c2474 ic_m4 random_sub_r1 table completed_valid t=0.0s
[     17s] main 30b c2474 ic_m4 random_sub_r2 table completed_valid t=0.0s
[     17s] main 30b c2474 ic_m4 known_null_sub table completed_valid t=0.0s
[     17s] main 30b c2474 ic_m4 planted_sub table completed_valid t=0.0s
[     17s] main 30b c2474 ic_m4 small_x_offset table completed_valid t=0.0s
[     17s] main 30b c2475 ic_m4 subgroup table completed_valid t=0.0s
[     17s] main 30b c2475 ic_m4 small_x table completed_valid t=0.0s
[     17s] main 30b c2475 ic_m4 random_sub_r0 table completed_valid t=0.0s
[     17s] main 30b c2475 ic_m4 random_sub_r1 table completed_valid t=0.0s
[     17s] main 30b c2475 ic_m4 random_sub_r2 table completed_valid t=0.0s
[     17s] main 30b c2475 ic_m4 known_null_sub table completed_valid t=0.0s
[     17s] main 30b c2475 ic_m4 planted_sub table completed_valid t=0.0s
[     17s] main 30b c2475 ic_m4 small_x_offset table completed_valid t=0.0s
[     17s] main 30b c2476 ic_m4 subgroup table completed_valid t=0.0s
[     17s] main 30b c2476 ic_m4 small_x table completed_valid t=0.0s
[     17s] main 30b c2476 ic_m4 random_sub_r0 table completed_valid t=0.0s
[     17s] main 30b c2476 ic_m4 random_sub_r1 table completed_valid t=0.0s
[     17s] main 30b c2476 ic_m4 random_sub_r2 table completed_valid t=0.0s
[     17s] main 30b c2476 ic_m4 known_null_sub table completed_valid t=0.0s
[     17s] main 30b c2476 ic_m4 planted_sub table completed_valid t=0.0s
[     17s] main 30b c2476 ic_m4 small_x_offset table completed_valid t=0.0s
[     17s] main 30b c2477 ic_m4 subgroup table completed_valid t=0.0s
[     17s] main 30b c2477 ic_m4 small_x table completed_valid t=0.0s
[     17s] main 30b c2477 ic_m4 random_sub_r0 table completed_valid t=0.0s
[     17s] main 30b c2477 ic_m4 random_sub_r1 table completed_valid t=0.0s
[     17s] main 30b c2477 ic_m4 random_sub_r2 table completed_valid t=0.0s
[     17s] main 30b c2477 ic_m4 known_null_sub table completed_valid t=0.0s
[     17s] main 30b c2477 ic_m4 planted_sub table completed_valid t=0.0s
[     17s] main 30b c2477 ic_m4 small_x_offset table completed_valid t=0.0s
[     18s] main 30b c2478 ic_m4 subgroup table completed_valid t=0.0s
[     18s] main 30b c2478 ic_m4 small_x table completed_valid t=0.0s
[     18s] main 30b c2478 ic_m4 random_sub_r0 table completed_valid t=0.0s
[     18s] main 30b c2478 ic_m4 random_sub_r1 table completed_valid t=0.0s
[     18s] main 30b c2478 ic_m4 random_sub_r2 table completed_valid t=0.0s
[     18s] main 30b c2478 ic_m4 known_null_sub table completed_valid t=0.0s
[     18s] main 30b c2478 ic_m4 planted_sub table completed_valid t=0.0s
[     18s] main 30b c2478 ic_m4 small_x_offset table completed_valid t=0.0s
[     18s] main 30b c2479 ic_m4 subgroup table completed_valid t=0.0s
[     18s] main 30b c2479 ic_m4 small_x table completed_valid t=0.0s
[     18s] main 30b c2479 ic_m4 random_sub_r0 table completed_valid t=0.0s
[     18s] main 30b c2479 ic_m4 random_sub_r1 table completed_valid t=0.0s
[     18s] main 30b c2479 ic_m4 random_sub_r2 table completed_valid t=0.0s
[     18s] main 30b c2479 ic_m4 known_null_sub table completed_valid t=0.0s
[     18s] main 30b c2479 ic_m4 planted_sub table completed_valid t=0.0s
[     18s] main 30b c2479 ic_m4 small_x_offset table completed_valid t=0.0s
[     18s] main 30b c2480 ic_m4 subgroup table completed_valid t=0.0s
[     18s] main 30b c2480 ic_m4 small_x table completed_valid t=0.0s
[     18s] main 30b c2480 ic_m4 random_sub_r0 table completed_valid t=0.0s
[     18s] main 30b c2480 ic_m4 random_sub_r1 table completed_valid t=0.0s
[     18s] main 30b c2480 ic_m4 random_sub_r2 table completed_valid t=0.0s
[     18s] main 30b c2480 ic_m4 known_null_sub table completed_valid t=0.0s
[     18s] main 30b c2480 ic_m4 planted_sub table completed_valid t=0.0s
[     18s] main 30b c2480 ic_m4 small_x_offset table completed_valid t=0.0s
[     18s] main 30b c2481 ic_m4 subgroup table completed_valid t=0.0s
[     18s] main 30b c2481 ic_m4 small_x table completed_valid t=0.0s
[     18s] main 30b c2481 ic_m4 random_sub_r0 table completed_valid t=0.0s
[     18s] main 30b c2481 ic_m4 random_sub_r1 table completed_valid t=0.0s
[     18s] main 30b c2481 ic_m4 random_sub_r2 table completed_valid t=0.0s
[     18s] main 30b c2481 ic_m4 known_null_sub table completed_valid t=0.0s
[     18s] main 30b c2481 ic_m4 planted_sub table completed_valid t=0.0s
[     18s] main 30b c2481 ic_m4 small_x_offset table completed_valid t=0.0s
[     19s] main 30b c2482 ic_m4 subgroup table completed_valid t=0.0s
[     19s] main 30b c2482 ic_m4 small_x table completed_valid t=0.0s
[     19s] main 30b c2482 ic_m4 random_sub_r0 table completed_valid t=0.0s
[     19s] main 30b c2482 ic_m4 random_sub_r1 table completed_valid t=0.0s
[     19s] main 30b c2482 ic_m4 random_sub_r2 table completed_valid t=0.0s
[     19s] main 30b c2482 ic_m4 known_null_sub table completed_valid t=0.0s
[     19s] main 30b c2482 ic_m4 planted_sub table completed_valid t=0.0s
[     19s] main 30b c2482 ic_m4 small_x_offset table completed_valid t=0.0s
[     19s] main 30b c2483 ic_m4 subgroup table completed_valid t=0.0s
[     19s] main 30b c2483 ic_m4 small_x table completed_valid t=0.0s
[     19s] main 30b c2483 ic_m4 random_sub_r0 table completed_valid t=0.0s
[     19s] main 30b c2483 ic_m4 random_sub_r1 table completed_valid t=0.0s
[     19s] main 30b c2483 ic_m4 random_sub_r2 table completed_valid t=0.0s
[     19s] main 30b c2483 ic_m4 known_null_sub table completed_valid t=0.0s
[     19s] main 30b c2483 ic_m4 planted_sub table completed_valid t=0.0s
[     19s] main 30b c2483 ic_m4 small_x_offset table completed_valid t=0.0s
[     19s] main 30b c2484 ic_m4 subgroup table completed_valid t=0.0s
[     19s] main 30b c2484 ic_m4 small_x table completed_valid t=0.0s
[     19s] main 30b c2484 ic_m4 random_sub_r0 table completed_valid t=0.0s
[     19s] main 30b c2484 ic_m4 random_sub_r1 table completed_valid t=0.0s
[     19s] main 30b c2484 ic_m4 random_sub_r2 table completed_valid t=0.0s
[     19s] main 30b c2484 ic_m4 known_null_sub table completed_valid t=0.0s
[     19s] main 30b c2484 ic_m4 planted_sub table completed_valid t=0.0s
[     19s] main 30b c2484 ic_m4 small_x_offset table completed_valid t=0.0s
[     19s] main 30b c2485 ic_m4 subgroup table completed_valid t=0.0s
[     19s] main 30b c2485 ic_m4 small_x table completed_valid t=0.0s
[     19s] main 30b c2485 ic_m4 random_sub_r0 table completed_valid t=0.0s
[     19s] main 30b c2485 ic_m4 random_sub_r1 table completed_valid t=0.0s
[     19s] main 30b c2485 ic_m4 random_sub_r2 table completed_valid t=0.0s
[     19s] main 30b c2485 ic_m4 known_null_sub table completed_valid t=0.0s
[     19s] main 30b c2485 ic_m4 planted_sub table completed_valid t=0.0s
[     19s] main 30b c2485 ic_m4 small_x_offset table completed_valid t=0.0s
[     20s] main 30b c2486 ic_m4 subgroup table completed_valid t=0.0s
[     20s] main 30b c2486 ic_m4 small_x table completed_valid t=0.0s
[     20s] main 30b c2486 ic_m4 random_sub_r0 table completed_valid t=0.0s
[     20s] main 30b c2486 ic_m4 random_sub_r1 table completed_valid t=0.0s
[     20s] main 30b c2486 ic_m4 random_sub_r2 table completed_valid t=0.0s
[     20s] main 30b c2486 ic_m4 known_null_sub table completed_valid t=0.0s
[     20s] main 30b c2486 ic_m4 planted_sub table completed_valid t=0.0s
[     20s] main 30b c2486 ic_m4 small_x_offset table completed_valid t=0.0s
[     20s] main 30b c2487 ic_m4 subgroup table completed_valid t=0.0s
[     20s] main 30b c2487 ic_m4 small_x table completed_valid t=0.0s
[     20s] main 30b c2487 ic_m4 random_sub_r0 table completed_valid t=0.0s
[     20s] main 30b c2487 ic_m4 random_sub_r1 table completed_valid t=0.0s
[     20s] main 30b c2487 ic_m4 random_sub_r2 table completed_valid t=0.0s
[     20s] main 30b c2487 ic_m4 known_null_sub table completed_valid t=0.0s
[     20s] main 30b c2487 ic_m4 planted_sub table completed_valid t=0.0s
[     20s] main 30b c2487 ic_m4 small_x_offset table completed_valid t=0.0s
[     20s] main 30b c2488 ic_m4 subgroup table completed_valid t=0.0s
[     20s] main 30b c2488 ic_m4 small_x table completed_valid t=0.0s
[     20s] main 30b c2488 ic_m4 random_sub_r0 table completed_valid t=0.0s
[     20s] main 30b c2488 ic_m4 random_sub_r1 table completed_valid t=0.0s
[     20s] main 30b c2488 ic_m4 random_sub_r2 table completed_valid t=0.0s
[     20s] main 30b c2488 ic_m4 known_null_sub table completed_valid t=0.0s
[     20s] main 30b c2488 ic_m4 planted_sub table completed_valid t=0.0s
[     20s] main 30b c2488 ic_m4 small_x_offset table completed_valid t=0.0s
[     20s] main 30b c2489 ic_m4 subgroup table completed_valid t=0.0s
[     20s] main 30b c2489 ic_m4 small_x table completed_valid t=0.0s
[     20s] main 30b c2489 ic_m4 random_sub_r0 table completed_valid t=0.0s
[     20s] main 30b c2489 ic_m4 random_sub_r1 table completed_valid t=0.0s
[     20s] main 30b c2489 ic_m4 random_sub_r2 table completed_valid t=0.0s
[     20s] main 30b c2489 ic_m4 known_null_sub table completed_valid t=0.0s
[     20s] main 30b c2489 ic_m4 planted_sub table completed_valid t=0.0s
[     20s] main 30b c2489 ic_m4 small_x_offset table completed_valid t=0.0s
[     21s] main 30b c2490 ic_m4 subgroup table completed_valid t=0.0s
[     21s] main 30b c2490 ic_m4 small_x table completed_valid t=0.0s
[     21s] main 30b c2490 ic_m4 random_sub_r0 table completed_valid t=0.0s
[     21s] main 30b c2490 ic_m4 random_sub_r1 table completed_valid t=0.0s
[     21s] main 30b c2490 ic_m4 random_sub_r2 table completed_valid t=0.0s
[     21s] main 30b c2490 ic_m4 known_null_sub table completed_valid t=0.0s
[     21s] main 30b c2490 ic_m4 planted_sub table completed_valid t=0.0s
[     21s] main 30b c2490 ic_m4 small_x_offset table completed_valid t=0.0s
[     21s] main 30b c2491 ic_m4 subgroup table completed_valid t=0.0s
[     21s] main 30b c2491 ic_m4 small_x table completed_valid t=0.0s
[     21s] main 30b c2491 ic_m4 random_sub_r0 table completed_valid t=0.0s
[     21s] main 30b c2491 ic_m4 random_sub_r1 table completed_valid t=0.0s
[     21s] main 30b c2491 ic_m4 random_sub_r2 table completed_valid t=0.0s
[     21s] main 30b c2491 ic_m4 known_null_sub table completed_valid t=0.0s
[     21s] main 30b c2491 ic_m4 planted_sub table completed_valid t=0.0s
[     21s] main 30b c2491 ic_m4 small_x_offset table completed_valid t=0.0s
[     21s] main 30b c2492 ic_m4 subgroup table completed_valid t=0.0s
[     21s] main 30b c2492 ic_m4 small_x table completed_valid t=0.0s
[     21s] main 30b c2492 ic_m4 random_sub_r0 table completed_valid t=0.0s
[     21s] main 30b c2492 ic_m4 random_sub_r1 table completed_valid t=0.0s
[     21s] main 30b c2492 ic_m4 random_sub_r2 table completed_valid t=0.0s
[     21s] main 30b c2492 ic_m4 known_null_sub table completed_valid t=0.0s
[     21s] main 30b c2492 ic_m4 planted_sub table completed_valid t=0.0s
[     21s] main 30b c2492 ic_m4 small_x_offset table completed_valid t=0.0s
[     21s] main 30b c2493 ic_m4 subgroup table completed_valid t=0.0s
[     21s] main 30b c2493 ic_m4 small_x table completed_valid t=0.0s
[     21s] main 30b c2493 ic_m4 random_sub_r0 table completed_valid t=0.0s
[     21s] main 30b c2493 ic_m4 random_sub_r1 table completed_valid t=0.0s
[     21s] main 30b c2493 ic_m4 random_sub_r2 table completed_valid t=0.0s
[     21s] main 30b c2493 ic_m4 known_null_sub table completed_valid t=0.0s
[     21s] main 30b c2493 ic_m4 planted_sub table completed_valid t=0.0s
[     21s] main 30b c2493 ic_m4 small_x_offset table completed_valid t=0.0s
[     21s] main 30b c2494 ic_m4 subgroup table completed_valid t=0.0s
[     21s] main 30b c2494 ic_m4 small_x table completed_valid t=0.0s
[     21s] main 30b c2494 ic_m4 random_sub_r0 table completed_valid t=0.0s
[     21s] main 30b c2494 ic_m4 random_sub_r1 table completed_valid t=0.0s
[     21s] main 30b c2494 ic_m4 random_sub_r2 table completed_valid t=0.0s
[     21s] main 30b c2494 ic_m4 known_null_sub table completed_valid t=0.0s
[     21s] main 30b c2494 ic_m4 planted_sub table completed_valid t=0.0s
[     21s] main 30b c2494 ic_m4 small_x_offset table completed_valid t=0.0s
[     22s] main 30b c2495 ic_m4 subgroup table completed_valid t=0.0s
[     22s] main 30b c2495 ic_m4 small_x table completed_valid t=0.0s
[     22s] main 30b c2495 ic_m4 random_sub_r0 table completed_valid t=0.0s
[     22s] main 30b c2495 ic_m4 random_sub_r1 table completed_valid t=0.0s
[     22s] main 30b c2495 ic_m4 random_sub_r2 table completed_valid t=0.0s
[     22s] main 30b c2495 ic_m4 known_null_sub table completed_valid t=0.0s
[     22s] main 30b c2495 ic_m4 planted_sub table completed_valid t=0.0s
[     22s] main 30b c2495 ic_m4 small_x_offset table completed_valid t=0.0s
[     22s] main 30b c2496 ic_m4 subgroup table completed_valid t=0.0s
[     22s] main 30b c2496 ic_m4 small_x table completed_valid t=0.0s
[     22s] main 30b c2496 ic_m4 random_sub_r0 table completed_valid t=0.0s
[     22s] main 30b c2496 ic_m4 random_sub_r1 table completed_valid t=0.0s
[     22s] main 30b c2496 ic_m4 random_sub_r2 table completed_valid t=0.0s
[     22s] main 30b c2496 ic_m4 known_null_sub table completed_valid t=0.0s
[     22s] main 30b c2496 ic_m4 planted_sub table completed_valid t=0.0s
[     22s] main 30b c2496 ic_m4 small_x_offset table completed_valid t=0.0s
[     22s] main 30b c2497 ic_m4 subgroup table completed_valid t=0.0s
[     22s] main 30b c2497 ic_m4 small_x table completed_valid t=0.0s
[     22s] main 30b c2497 ic_m4 random_sub_r0 table completed_valid t=0.0s
[     22s] main 30b c2497 ic_m4 random_sub_r1 table completed_valid t=0.0s
[     22s] main 30b c2497 ic_m4 random_sub_r2 table completed_valid t=0.0s
[     22s] main 30b c2497 ic_m4 known_null_sub table completed_valid t=0.0s
[     22s] main 30b c2497 ic_m4 planted_sub table completed_valid t=0.0s
[     22s] main 30b c2497 ic_m4 small_x_offset table completed_valid t=0.0s
[     22s] main 30b c2498 ic_m4 subgroup table completed_valid t=0.0s
[     22s] main 30b c2498 ic_m4 small_x table completed_valid t=0.0s
[     22s] main 30b c2498 ic_m4 random_sub_r0 table completed_valid t=0.0s
[     22s] main 30b c2498 ic_m4 random_sub_r1 table completed_valid t=0.0s
[     22s] main 30b c2498 ic_m4 random_sub_r2 table completed_valid t=0.0s
[     22s] main 30b c2498 ic_m4 known_null_sub table completed_valid t=0.0s
[     22s] main 30b c2498 ic_m4 planted_sub table completed_valid t=0.0s
[     22s] main 30b c2498 ic_m4 small_x_offset table completed_valid t=0.0s
[     22s] main 30b c2499 ic_m4 subgroup table completed_valid t=0.0s
[     22s] main 30b c2499 ic_m4 small_x table completed_valid t=0.0s
[     22s] main 30b c2499 ic_m4 random_sub_r0 table completed_valid t=0.0s
[     22s] main 30b c2499 ic_m4 random_sub_r1 table completed_valid t=0.0s
[     22s] main 30b c2499 ic_m4 random_sub_r2 table completed_valid t=0.0s
[     22s] main 30b c2499 ic_m4 known_null_sub table completed_valid t=0.0s
[     22s] main 30b c2499 ic_m4 planted_sub table completed_valid t=0.0s
[     22s] main 30b c2499 ic_m4 small_x_offset table completed_valid t=0.0s
[     23s] main 30b c2500 ic_m4 subgroup table completed_valid t=0.0s
[     23s] main 30b c2500 ic_m4 small_x table completed_valid t=0.0s
[     23s] main 30b c2500 ic_m4 random_sub_r0 table completed_valid t=0.0s
[     23s] main 30b c2500 ic_m4 random_sub_r1 table completed_valid t=0.0s
[     23s] main 30b c2500 ic_m4 random_sub_r2 table completed_valid t=0.0s
[     23s] main 30b c2500 ic_m4 known_null_sub table completed_valid t=0.0s
[     23s] main 30b c2500 ic_m4 planted_sub table completed_valid t=0.0s
[     23s] main 30b c2500 ic_m4 small_x_offset table completed_valid t=0.0s
[     23s] main 30b c2501 ic_m4 subgroup table completed_valid t=0.0s
[     23s] main 30b c2501 ic_m4 small_x table completed_valid t=0.0s
[     23s] main 30b c2501 ic_m4 random_sub_r0 table completed_valid t=0.0s
[     23s] main 30b c2501 ic_m4 random_sub_r1 table completed_valid t=0.0s
[     23s] main 30b c2501 ic_m4 random_sub_r2 table completed_valid t=0.0s
[     23s] main 30b c2501 ic_m4 known_null_sub table completed_valid t=0.0s
[     23s] main 30b c2501 ic_m4 planted_sub table completed_valid t=0.0s
[     23s] main 30b c2501 ic_m4 small_x_offset table completed_valid t=0.0s
[     23s] main 30b c2502 ic_m4 subgroup table completed_valid t=0.0s
[     23s] main 30b c2502 ic_m4 small_x table completed_valid t=0.0s
[     23s] main 30b c2502 ic_m4 random_sub_r0 table completed_valid t=0.0s
[     23s] main 30b c2502 ic_m4 random_sub_r1 table completed_valid t=0.0s
[     23s] main 30b c2502 ic_m4 random_sub_r2 table completed_valid t=0.0s
[     23s] main 30b c2502 ic_m4 known_null_sub table completed_valid t=0.0s
[     23s] main 30b c2502 ic_m4 planted_sub table completed_valid t=0.0s
[     23s] main 30b c2502 ic_m4 small_x_offset table completed_valid t=0.0s
[     23s] main 30b c2503 ic_m4 subgroup table completed_valid t=0.0s
[     23s] main 30b c2503 ic_m4 small_x table completed_valid t=0.0s
[     23s] main 30b c2503 ic_m4 random_sub_r0 table completed_valid t=0.0s
[     23s] main 30b c2503 ic_m4 random_sub_r1 table completed_valid t=0.0s
[     23s] main 30b c2503 ic_m4 random_sub_r2 table completed_valid t=0.0s
[     23s] main 30b c2503 ic_m4 known_null_sub table completed_valid t=0.0s
[     23s] main 30b c2503 ic_m4 planted_sub table completed_valid t=0.0s
[     23s] main 30b c2503 ic_m4 small_x_offset table completed_valid t=0.0s
[     23s] main 30b c2504 ic_m4 subgroup table completed_valid t=0.0s
[     23s] main 30b c2504 ic_m4 small_x table completed_valid t=0.0s
[     23s] main 30b c2504 ic_m4 random_sub_r0 table completed_valid t=0.0s
[     23s] main 30b c2504 ic_m4 random_sub_r1 table completed_valid t=0.0s
[     23s] main 30b c2504 ic_m4 random_sub_r2 table completed_valid t=0.0s
[     23s] main 30b c2504 ic_m4 known_null_sub table completed_valid t=0.0s
[     23s] main 30b c2504 ic_m4 planted_sub table completed_valid t=0.0s
[     23s] main 30b c2504 ic_m4 small_x_offset table completed_valid t=0.0s
[     24s] main 30b c2505 ic_m4 subgroup table completed_valid t=0.0s
[     24s] main 30b c2505 ic_m4 small_x table completed_valid t=0.0s
[     24s] main 30b c2505 ic_m4 random_sub_r0 table completed_valid t=0.0s
[     24s] main 30b c2505 ic_m4 random_sub_r1 table completed_valid t=0.0s
[     24s] main 30b c2505 ic_m4 random_sub_r2 table completed_valid t=0.0s
[     24s] main 30b c2505 ic_m4 known_null_sub table completed_valid t=0.0s
[     24s] main 30b c2505 ic_m4 planted_sub table completed_valid t=0.0s
[     24s] main 30b c2505 ic_m4 small_x_offset table completed_valid t=0.0s
[     24s] main 30b c2506 ic_m4 subgroup table completed_valid t=0.0s
[     24s] main 30b c2506 ic_m4 small_x table completed_valid t=0.0s
[     24s] main 30b c2506 ic_m4 random_sub_r0 table completed_valid t=0.0s
[     24s] main 30b c2506 ic_m4 random_sub_r1 table completed_valid t=0.0s
[     24s] main 30b c2506 ic_m4 random_sub_r2 table completed_valid t=0.0s
[     24s] main 30b c2506 ic_m4 known_null_sub table completed_valid t=0.0s
[     24s] main 30b c2506 ic_m4 planted_sub table completed_valid t=0.0s
[     24s] main 30b c2506 ic_m4 small_x_offset table completed_valid t=0.0s
[     24s] main 30b c2507 ic_m4 subgroup table completed_valid t=0.0s
[     24s] main 30b c2507 ic_m4 small_x table completed_valid t=0.0s
[     24s] main 30b c2507 ic_m4 random_sub_r0 table completed_valid t=0.0s
[     24s] main 30b c2507 ic_m4 random_sub_r1 table completed_valid t=0.0s
[     24s] main 30b c2507 ic_m4 random_sub_r2 table completed_valid t=0.0s
[     24s] main 30b c2507 ic_m4 known_null_sub table completed_valid t=0.0s
[     24s] main 30b c2507 ic_m4 planted_sub table completed_valid t=0.0s
[     24s] main 30b c2507 ic_m4 small_x_offset table completed_valid t=0.0s
[     24s] main 30b c2508 ic_m4 subgroup table completed_valid t=0.0s
[     24s] main 30b c2508 ic_m4 small_x table completed_valid t=0.0s
[     24s] main 30b c2508 ic_m4 random_sub_r0 table completed_valid t=0.0s
[     24s] main 30b c2508 ic_m4 random_sub_r1 table completed_valid t=0.0s
[     24s] main 30b c2508 ic_m4 random_sub_r2 table completed_valid t=0.0s
[     24s] main 30b c2508 ic_m4 known_null_sub table completed_valid t=0.0s
[     24s] main 30b c2508 ic_m4 planted_sub table completed_valid t=0.0s
[     24s] main 30b c2508 ic_m4 small_x_offset table completed_valid t=0.0s
[     24s] main 30b c2509 ic_m4 subgroup table completed_valid t=0.0s
[     24s] main 30b c2509 ic_m4 small_x table completed_valid t=0.0s
[     24s] main 30b c2509 ic_m4 random_sub_r0 table completed_valid t=0.0s
[     24s] main 30b c2509 ic_m4 random_sub_r1 table completed_valid t=0.0s
[     24s] main 30b c2509 ic_m4 random_sub_r2 table completed_valid t=0.0s
[     24s] main 30b c2509 ic_m4 known_null_sub table completed_valid t=0.0s
[     24s] main 30b c2509 ic_m4 planted_sub table completed_valid t=0.0s
[     24s] main 30b c2509 ic_m4 small_x_offset table completed_valid t=0.0s
