CTL-READMIT-NULL [honest/edge_only/project_then_delete] always_member: 21 differing of 21; extreme 21; pinned=False
CTL-READMIT-NULL [honest/edge_only/project_then_delete] always_non_member: 0 differing of 21; extreme 0; pinned=True
CTL-READMIT-NULL [honest/edge_only/delete_then_project] always_member: 21 differing of 21; extreme 21; pinned=False
CTL-READMIT-NULL [honest/edge_only/delete_then_project] always_non_member: 0 differing of 21; extreme 0; pinned=True
CTL-READMIT-NULL [honest/edge_or_vacuous/project_then_delete] always_member: 18 differing of 18; extreme 18; pinned=False
CTL-READMIT-NULL [honest/edge_or_vacuous/project_then_delete] always_non_member: 0 differing of 18; extreme 0; pinned=True
CTL-READMIT-NULL [honest/edge_or_vacuous/delete_then_project] always_member: 18 differing of 18; extreme 18; pinned=False
CTL-READMIT-NULL [honest/edge_or_vacuous/delete_then_project] always_non_member: 0 differing of 18; extreme 0; pinned=True
CTL-READMIT-NULL [O-E/edge_only/project_then_delete] always_member: 24 differing of 24; extreme 24; pinned=False
CTL-READMIT-NULL [O-E/edge_only/project_then_delete] always_non_member: 0 differing of 24; extreme 0; pinned=True
CTL-READMIT-NULL [O-E/edge_only/delete_then_project] always_member: 24 differing of 24; extreme 24; pinned=False
CTL-READMIT-NULL [O-E/edge_only/delete_then_project] always_non_member: 0 differing of 24; extreme 0; pinned=True
CTL-READMIT-NULL [O-E/edge_or_vacuous/project_then_delete] always_member: 21 differing of 21; extreme 21; pinned=False
CTL-READMIT-NULL [O-E/edge_or_vacuous/project_then_delete] always_non_member: 0 differing of 21; extreme 0; pinned=True
CTL-READMIT-NULL [O-E/edge_or_vacuous/delete_then_project] always_member: 21 differing of 21; extreme 21; pinned=False
CTL-READMIT-NULL [O-E/edge_or_vacuous/delete_then_project] always_non_member: 0 differing of 21; extreme 0; pinned=True
pair cells [honest/edge_only/project_then_delete]: 0 differing of 4 adjudicated; honest DETECTED 0
pair cells [O-E/edge_only/project_then_delete]: 1 differing of 5 adjudicated; honest DETECTED 0
pair cells [honest/edge_only/delete_then_project]: 0 differing of 4 adjudicated; honest DETECTED 0
pair cells [O-E/edge_only/delete_then_project]: 1 differing of 5 adjudicated; honest DETECTED 0
pair cells [honest/edge_or_vacuous/project_then_delete]: 0 differing of 4 adjudicated; honest DETECTED 0
pair cells [O-E/edge_or_vacuous/project_then_delete]: 1 differing of 5 adjudicated; honest DETECTED 0
pair cells [honest/edge_or_vacuous/delete_then_project]: 0 differing of 4 adjudicated; honest DETECTED 0
pair cells [O-E/edge_or_vacuous/delete_then_project]: 1 differing of 5 adjudicated; honest DETECTED 0
CTL-FROZEN-4: 15 identical, 0 changed over 15 criterion files
