{
  "exponents": {
    "t_L1": 1.401980320324224,
    "t_Linf": 0.7743294292423458,
    "t_L1_over_p": 0.4019803203242231,
    "t_L1_noDC_over_p": 0.401980327810965,
    "t_Linf_over_p": -0.22567057075765493,
    "r_L1": 1.4999917272027528,
    "r_Linf": 0.49815795050353945,
    "r_L1_over_p": 0.49999172720275264,
    "r_L1_noDC_over_p": 0.4999931074661721,
    "r_Linf_over_p": -0.5018420494964613,
    "comparator_L1": 1.0037681435309862,
    "comparator_Linf": 1.0000506476432647,
    "comparator_L1_over_p": 0.0037681435309852664,
    "comparator_L1_noDC_over_p": 0.004479021549488712,
    "comparator_Linf_over_p": 5.0647643263824875e-05
  },
  "gate_P3": {
    "t": {
      "fitted_L1_exponent": 1.401980320324224,
      "fitted_L1_over_p_exponent": 0.4019803203242231,
      "is_polylog": false,
      "arm_dropped": false,
      "F1": false
    },
    "r": {
      "fitted_L1_exponent": 1.4999917272027528,
      "fitted_L1_over_p_exponent": 0.49999172720275264,
      "is_polylog": false,
      "arm_dropped": false,
      "F1": false
    }
  }
}
