[A] p=1009 A=1 B=1  #E(F_p)=1034  ord(S)=47 (declared n=47)
[A] canonical S_hat constructed; reduces to S: True ; [n]S_hat=O: True
[A] D1 image on canonical lift at r=8: [0, 8]  (1035 pairs)
[A] C-1 per-digit: x 8/8, y 8/8 digits agree with the recorded Hensel lift
[A] C-2 null e=1 family=raw_perturbation: image [0, 1]
[A] C-2 null e=1 family=canonical_offset: image [0, 1]
[A] C-2 null e=2 family=raw_perturbation: image [0, 1]
[A] C-2 null e=2 family=canonical_offset: image [0, 2]
[A] C-2 null e=3 family=raw_perturbation: image [0, 1]
[A] C-2 null e=3 family=canonical_offset: image [0, 3]
[A] C-2 null e=4 family=raw_perturbation: image [0, 1]
[A] C-2 null e=4 family=canonical_offset: image [0, 4]
[A] C-3 r=4: on-fibre value 4 (== r: True), image [0, 4]
[A] C-3 r=8: on-fibre value 8 (== r: True), image [0, 8]
[A] C-3 r=12: on-fibre value 12 (== r: True), image [0, 12]
[B] p=1013 A=2 B=2  #E(F_p)=984  ord(S)=41 (declared n=41)
[B] canonical S_hat constructed; reduces to S: True ; [n]S_hat=O: True
[B] D1 image on canonical lift at r=8: [0, 8]  (780 pairs)
[B] C-1 per-digit: x 8/8, y 8/8 digits agree with the recorded Hensel lift
[B] C-2 null e=1 family=raw_perturbation: image [0, 1]
[B] C-2 null e=1 family=canonical_offset: image [0, 1]
[B] C-2 null e=2 family=raw_perturbation: image [0, 1]
[B] C-2 null e=2 family=canonical_offset: image [0, 2]
[B] C-2 null e=3 family=raw_perturbation: image [0, 1]
[B] C-2 null e=3 family=canonical_offset: image [0, 3]
[B] C-2 null e=4 family=raw_perturbation: image [0, 1]
[B] C-2 null e=4 family=canonical_offset: image [0, 4]
[B] C-3 r=4: on-fibre value 4 (== r: True), image [0, 4]
[B] C-3 r=8: on-fibre value 8 (== r: True), image [0, 8]
[B] C-3 r=12: on-fibre value 12 (== r: True), image [0, 12]

SUMMARY
{
  "C1_all_digits_match": {
    "A": true,
    "B": true
  },
  "C3_null_matches_prediction_by_family": {
    "A": {
      "canonical_offset": true,
      "raw_perturbation": false
    },
    "B": {
      "canonical_offset": true,
      "raw_perturbation": false
    }
  },
  "C3_on_fibre_tracks_r": {
    "A": true,
    "B": true
  },
  "D1_image_canonical_r8": {
    "A": [
      0,
      8
    ],
    "B": [
      0,
      8
    ]
  }
}
