[      0s] main 30b c6310 ic_m4 subgroup table completed_valid t=0.0s
[      0s] main 30b c6310 ic_m4 small_x table completed_valid t=0.0s
[      0s] main 30b c6310 ic_m4 random_sub_r0 table completed_valid t=0.0s
[      0s] main 30b c6310 ic_m4 random_sub_r1 table completed_valid t=0.0s
[      0s] main 30b c6310 ic_m4 random_sub_r2 table completed_valid t=0.0s
[      0s] main 30b c6310 ic_m4 known_null_sub table completed_valid t=0.0s
[      0s] main 30b c6310 ic_m4 planted_sub table completed_valid t=0.0s
[      0s] main 30b c6310 ic_m4 small_x_offset table completed_valid t=0.0s
[      1s] main 30b c6311 ic_m4 subgroup table completed_valid t=0.0s
[      1s] main 30b c6311 ic_m4 small_x table completed_valid t=0.0s
[      1s] main 30b c6311 ic_m4 random_sub_r0 table completed_valid t=0.0s
[      1s] main 30b c6311 ic_m4 random_sub_r1 table completed_valid t=0.0s
[      1s] main 30b c6311 ic_m4 random_sub_r2 table completed_valid t=0.0s
[      1s] main 30b c6311 ic_m4 known_null_sub table completed_valid t=0.0s
[      1s] main 30b c6311 ic_m4 planted_sub table completed_valid t=0.0s
[      1s] main 30b c6311 ic_m4 small_x_offset table completed_valid t=0.0s
[      1s] main 30b c6312 ic_m4 subgroup table completed_valid t=0.0s
[      1s] main 30b c6312 ic_m4 small_x table completed_valid t=0.0s
[      1s] main 30b c6312 ic_m4 random_sub_r0 table completed_valid t=0.0s
[      1s] main 30b c6312 ic_m4 random_sub_r1 table completed_valid t=0.0s
[      1s] main 30b c6312 ic_m4 random_sub_r2 table completed_valid t=0.0s
[      1s] main 30b c6312 ic_m4 known_null_sub table completed_valid t=0.0s
[      1s] main 30b c6312 ic_m4 planted_sub table completed_valid t=0.0s
[      1s] main 30b c6312 ic_m4 small_x_offset table completed_valid t=0.0s
[      1s] main 30b c6313 ic_m4 subgroup table completed_valid t=0.0s
[      1s] main 30b c6313 ic_m4 small_x table completed_valid t=0.0s
[      1s] main 30b c6313 ic_m4 random_sub_r0 table completed_valid t=0.0s
[      1s] main 30b c6313 ic_m4 random_sub_r1 table completed_valid t=0.0s
[      1s] main 30b c6313 ic_m4 random_sub_r2 table completed_valid t=0.0s
[      1s] main 30b c6313 ic_m4 known_null_sub table completed_valid t=0.0s
[      1s] main 30b c6313 ic_m4 planted_sub table completed_valid t=0.0s
[      1s] main 30b c6313 ic_m4 small_x_offset table completed_valid t=0.0s
[      1s] main 30b c6314 ic_m4 subgroup table completed_valid t=0.0s
[      1s] main 30b c6314 ic_m4 small_x table completed_valid t=0.0s
[      1s] main 30b c6314 ic_m4 random_sub_r0 table completed_valid t=0.0s
[      1s] main 30b c6314 ic_m4 random_sub_r1 table completed_valid t=0.0s
[      1s] main 30b c6314 ic_m4 random_sub_r2 table completed_valid t=0.0s
[      1s] main 30b c6314 ic_m4 known_null_sub table completed_valid t=0.0s
[      1s] main 30b c6314 ic_m4 planted_sub table completed_valid t=0.0s
[      1s] main 30b c6314 ic_m4 small_x_offset table completed_valid t=0.0s
[      1s] main 30b c6315 ic_m4 subgroup table completed_valid t=0.0s
[      1s] main 30b c6315 ic_m4 small_x table completed_valid t=0.0s
[      1s] main 30b c6315 ic_m4 random_sub_r0 table completed_valid t=0.0s
[      1s] main 30b c6315 ic_m4 random_sub_r1 table completed_valid t=0.0s
[      1s] main 30b c6315 ic_m4 random_sub_r2 table completed_valid t=0.0s
[      1s] main 30b c6315 ic_m4 known_null_sub table completed_valid t=0.0s
[      1s] main 30b c6315 ic_m4 planted_sub table completed_valid t=0.0s
[      1s] main 30b c6315 ic_m4 small_x_offset table completed_valid t=0.0s
[      2s] main 30b c6316 ic_m4 subgroup table completed_valid t=0.0s
[      2s] main 30b c6316 ic_m4 small_x table completed_valid t=0.0s
[      2s] main 30b c6316 ic_m4 random_sub_r0 table completed_valid t=0.0s
[      2s] main 30b c6316 ic_m4 random_sub_r1 table completed_valid t=0.0s
[      2s] main 30b c6316 ic_m4 random_sub_r2 table completed_valid t=0.0s
[      2s] main 30b c6316 ic_m4 known_null_sub table completed_valid t=0.0s
[      2s] main 30b c6316 ic_m4 planted_sub table completed_valid t=0.0s
[      2s] main 30b c6316 ic_m4 small_x_offset table completed_valid t=0.0s
[      2s] main 30b c6317 ic_m4 subgroup table completed_valid t=0.0s
[      2s] main 30b c6317 ic_m4 small_x table completed_valid t=0.0s
[      2s] main 30b c6317 ic_m4 random_sub_r0 table completed_valid t=0.0s
[      2s] main 30b c6317 ic_m4 random_sub_r1 table completed_valid t=0.0s
[      2s] main 30b c6317 ic_m4 random_sub_r2 table completed_valid t=0.0s
[      2s] main 30b c6317 ic_m4 known_null_sub table completed_valid t=0.0s
[      2s] main 30b c6317 ic_m4 planted_sub table completed_valid t=0.0s
[      2s] main 30b c6317 ic_m4 small_x_offset table completed_valid t=0.0s
[      2s] main 30b c6318 ic_m4 subgroup table completed_valid t=0.0s
[      2s] main 30b c6318 ic_m4 small_x table completed_valid t=0.0s
[      2s] main 30b c6318 ic_m4 random_sub_r0 table completed_valid t=0.0s
[      2s] main 30b c6318 ic_m4 random_sub_r1 table completed_valid t=0.0s
[      2s] main 30b c6318 ic_m4 random_sub_r2 table completed_valid t=0.0s
[      2s] main 30b c6318 ic_m4 known_null_sub table completed_valid t=0.0s
[      2s] main 30b c6318 ic_m4 planted_sub table completed_valid t=0.0s
[      2s] main 30b c6318 ic_m4 small_x_offset table completed_valid t=0.0s
[      2s] main 30b c6319 ic_m4 subgroup table completed_valid t=0.0s
[      2s] main 30b c6319 ic_m4 small_x table completed_valid t=0.0s
[      2s] main 30b c6319 ic_m4 random_sub_r0 table completed_valid t=0.0s
[      2s] main 30b c6319 ic_m4 random_sub_r1 table completed_valid t=0.0s
[      2s] main 30b c6319 ic_m4 random_sub_r2 table completed_valid t=0.0s
[      2s] main 30b c6319 ic_m4 known_null_sub table completed_valid t=0.0s
[      2s] main 30b c6319 ic_m4 planted_sub table completed_valid t=0.0s
[      2s] main 30b c6319 ic_m4 small_x_offset table completed_valid t=0.0s
[      3s] main 30b c6320 ic_m4 subgroup table completed_valid t=0.0s
[      3s] main 30b c6320 ic_m4 small_x table completed_valid t=0.0s
[      3s] main 30b c6320 ic_m4 random_sub_r0 table completed_valid t=0.0s
[      3s] main 30b c6320 ic_m4 random_sub_r1 table completed_valid t=0.0s
[      3s] main 30b c6320 ic_m4 random_sub_r2 table completed_valid t=0.0s
[      3s] main 30b c6320 ic_m4 known_null_sub table completed_valid t=0.0s
[      3s] main 30b c6320 ic_m4 planted_sub table completed_valid t=0.0s
[      3s] main 30b c6320 ic_m4 small_x_offset table completed_valid t=0.0s
[      3s] main 30b c6321 ic_m4 subgroup table completed_valid t=0.0s
[      3s] main 30b c6321 ic_m4 small_x table completed_valid t=0.0s
[      3s] main 30b c6321 ic_m4 random_sub_r0 table completed_valid t=0.0s
[      3s] main 30b c6321 ic_m4 random_sub_r1 table completed_valid t=0.0s
[      3s] main 30b c6321 ic_m4 random_sub_r2 table completed_valid t=0.0s
[      3s] main 30b c6321 ic_m4 known_null_sub table completed_valid t=0.0s
[      3s] main 30b c6321 ic_m4 planted_sub table completed_valid t=0.0s
[      3s] main 30b c6321 ic_m4 small_x_offset table completed_valid t=0.0s
[      3s] main 30b c6322 ic_m4 subgroup table completed_valid t=0.0s
[      3s] main 30b c6322 ic_m4 small_x table completed_valid t=0.0s
[      3s] main 30b c6322 ic_m4 random_sub_r0 table completed_valid t=0.0s
[      3s] main 30b c6322 ic_m4 random_sub_r1 table completed_valid t=0.0s
[      3s] main 30b c6322 ic_m4 random_sub_r2 table completed_valid t=0.0s
[      3s] main 30b c6322 ic_m4 known_null_sub table completed_valid t=0.0s
[      3s] main 30b c6322 ic_m4 planted_sub table completed_valid t=0.0s
[      3s] main 30b c6322 ic_m4 small_x_offset table completed_valid t=0.0s
[      3s] main 30b c6323 ic_m4 subgroup table completed_valid t=0.0s
[      3s] main 30b c6323 ic_m4 small_x table completed_valid t=0.0s
[      3s] main 30b c6323 ic_m4 random_sub_r0 table completed_valid t=0.0s
[      3s] main 30b c6323 ic_m4 random_sub_r1 table completed_valid t=0.0s
[      3s] main 30b c6323 ic_m4 random_sub_r2 table completed_valid t=0.0s
[      3s] main 30b c6323 ic_m4 known_null_sub table completed_valid t=0.0s
[      3s] main 30b c6323 ic_m4 planted_sub table completed_valid t=0.0s
[      3s] main 30b c6323 ic_m4 small_x_offset table completed_valid t=0.0s
[      3s] main 30b c6324 ic_m4 subgroup table completed_valid t=0.0s
[      3s] main 30b c6324 ic_m4 small_x table completed_valid t=0.0s
[      3s] main 30b c6324 ic_m4 random_sub_r0 table completed_valid t=0.0s
[      3s] main 30b c6324 ic_m4 random_sub_r1 table completed_valid t=0.0s
[      3s] main 30b c6324 ic_m4 random_sub_r2 table completed_valid t=0.0s
[      3s] main 30b c6324 ic_m4 known_null_sub table completed_valid t=0.0s
[      3s] main 30b c6324 ic_m4 planted_sub table completed_valid t=0.0s
[      3s] main 30b c6324 ic_m4 small_x_offset table completed_valid t=0.0s
[      4s] main 30b c6325 ic_m4 subgroup table completed_valid t=0.0s
[      4s] main 30b c6325 ic_m4 small_x table completed_valid t=0.0s
[      4s] main 30b c6325 ic_m4 random_sub_r0 table completed_valid t=0.0s
[      4s] main 30b c6325 ic_m4 random_sub_r1 table completed_valid t=0.0s
[      4s] main 30b c6325 ic_m4 random_sub_r2 table completed_valid t=0.0s
[      4s] main 30b c6325 ic_m4 known_null_sub table completed_valid t=0.0s
[      4s] main 30b c6325 ic_m4 planted_sub table completed_valid t=0.0s
[      4s] main 30b c6325 ic_m4 small_x_offset table completed_valid t=0.0s
[      4s] main 30b c6326 ic_m4 subgroup table completed_valid t=0.0s
[      4s] main 30b c6326 ic_m4 small_x table completed_valid t=0.0s
[      4s] main 30b c6326 ic_m4 random_sub_r0 table completed_valid t=0.0s
[      4s] main 30b c6326 ic_m4 random_sub_r1 table completed_valid t=0.0s
[      4s] main 30b c6326 ic_m4 random_sub_r2 table completed_valid t=0.0s
[      4s] main 30b c6326 ic_m4 known_null_sub table completed_valid t=0.0s
[      4s] main 30b c6326 ic_m4 planted_sub table completed_valid t=0.0s
[      4s] main 30b c6326 ic_m4 small_x_offset table completed_valid t=0.0s
[      4s] main 30b c6327 ic_m4 subgroup table completed_valid t=0.0s
[      4s] main 30b c6327 ic_m4 small_x table completed_valid t=0.0s
[      4s] main 30b c6327 ic_m4 random_sub_r0 table completed_valid t=0.0s
[      4s] main 30b c6327 ic_m4 random_sub_r1 table completed_valid t=0.0s
[      4s] main 30b c6327 ic_m4 random_sub_r2 table completed_valid t=0.0s
[      4s] main 30b c6327 ic_m4 known_null_sub table completed_valid t=0.0s
[      4s] main 30b c6327 ic_m4 planted_sub table completed_valid t=0.0s
[      4s] main 30b c6327 ic_m4 small_x_offset table completed_valid t=0.0s
[      4s] main 30b c6328 ic_m4 subgroup table completed_valid t=0.0s
[      4s] main 30b c6328 ic_m4 small_x table completed_valid t=0.0s
[      4s] main 30b c6328 ic_m4 random_sub_r0 table completed_valid t=0.0s
[      4s] main 30b c6328 ic_m4 random_sub_r1 table completed_valid t=0.0s
[      4s] main 30b c6328 ic_m4 random_sub_r2 table completed_valid t=0.0s
[      4s] main 30b c6328 ic_m4 known_null_sub table completed_valid t=0.0s
[      4s] main 30b c6328 ic_m4 planted_sub table completed_valid t=0.0s
[      4s] main 30b c6328 ic_m4 small_x_offset table completed_valid t=0.0s
[      4s] main 30b c6329 ic_m4 subgroup table completed_valid t=0.0s
[      4s] main 30b c6329 ic_m4 small_x table completed_valid t=0.0s
[      4s] main 30b c6329 ic_m4 random_sub_r0 table completed_valid t=0.0s
[      4s] main 30b c6329 ic_m4 random_sub_r1 table completed_valid t=0.0s
[      4s] main 30b c6329 ic_m4 random_sub_r2 table completed_valid t=0.0s
[      4s] main 30b c6329 ic_m4 known_null_sub table completed_valid t=0.0s
[      4s] main 30b c6329 ic_m4 planted_sub table completed_valid t=0.0s
[      4s] main 30b c6329 ic_m4 small_x_offset table completed_valid t=0.0s
[      4s] main 30b c6330 ic_m4 subgroup table completed_valid t=0.0s
[      4s] main 30b c6330 ic_m4 small_x table completed_valid t=0.0s
[      4s] main 30b c6330 ic_m4 random_sub_r0 table completed_valid t=0.0s
[      4s] main 30b c6330 ic_m4 random_sub_r1 table completed_valid t=0.0s
[      4s] main 30b c6330 ic_m4 random_sub_r2 table completed_valid t=0.0s
[      4s] main 30b c6330 ic_m4 known_null_sub table completed_valid t=0.0s
[      4s] main 30b c6330 ic_m4 planted_sub table completed_valid t=0.0s
[      4s] main 30b c6330 ic_m4 small_x_offset table completed_valid t=0.0s
[      5s] main 30b c6331 ic_m4 subgroup table completed_valid t=0.0s
[      5s] main 30b c6331 ic_m4 small_x table completed_valid t=0.1s
[      5s] main 30b c6331 ic_m4 random_sub_r0 table completed_valid t=0.0s
[      5s] main 30b c6331 ic_m4 random_sub_r1 table completed_valid t=0.0s
[      5s] main 30b c6331 ic_m4 random_sub_r2 table completed_valid t=0.0s
[      5s] main 30b c6331 ic_m4 known_null_sub table completed_valid t=0.0s
[      5s] main 30b c6331 ic_m4 planted_sub table completed_valid t=0.0s
[      5s] main 30b c6331 ic_m4 small_x_offset table completed_valid t=0.0s
[      5s] main 30b c6332 ic_m4 subgroup table completed_valid t=0.0s
[      5s] main 30b c6332 ic_m4 small_x table completed_valid t=0.0s
[      5s] main 30b c6332 ic_m4 random_sub_r0 table completed_valid t=0.0s
[      5s] main 30b c6332 ic_m4 random_sub_r1 table completed_valid t=0.0s
[      5s] main 30b c6332 ic_m4 random_sub_r2 table completed_valid t=0.0s
[      5s] main 30b c6332 ic_m4 known_null_sub table completed_valid t=0.0s
[      5s] main 30b c6332 ic_m4 planted_sub table completed_valid t=0.0s
[      5s] main 30b c6332 ic_m4 small_x_offset table completed_valid t=0.0s
[      5s] main 30b c6333 ic_m4 subgroup table completed_valid t=0.0s
[      5s] main 30b c6333 ic_m4 small_x table completed_valid t=0.0s
[      5s] main 30b c6333 ic_m4 random_sub_r0 table completed_valid t=0.0s
[      5s] main 30b c6333 ic_m4 random_sub_r1 table completed_valid t=0.0s
[      5s] main 30b c6333 ic_m4 random_sub_r2 table completed_valid t=0.0s
[      5s] main 30b c6333 ic_m4 known_null_sub table completed_valid t=0.0s
[      5s] main 30b c6333 ic_m4 planted_sub table completed_valid t=0.0s
[      5s] main 30b c6333 ic_m4 small_x_offset table completed_valid t=0.0s
[      6s] main 30b c6334 ic_m4 subgroup table completed_valid t=0.0s
[      6s] main 30b c6334 ic_m4 small_x table completed_valid t=0.0s
[      6s] main 30b c6334 ic_m4 random_sub_r0 table completed_valid t=0.0s
[      6s] main 30b c6334 ic_m4 random_sub_r1 table completed_valid t=0.0s
[      6s] main 30b c6334 ic_m4 random_sub_r2 table completed_valid t=0.0s
[      6s] main 30b c6334 ic_m4 known_null_sub table completed_valid t=0.0s
[      6s] main 30b c6334 ic_m4 planted_sub table completed_valid t=0.0s
[      6s] main 30b c6334 ic_m4 small_x_offset table completed_valid t=0.0s
[      6s] main 30b c6335 ic_m4 subgroup table completed_valid t=0.0s
[      6s] main 30b c6335 ic_m4 small_x table completed_valid t=0.0s
[      6s] main 30b c6335 ic_m4 random_sub_r0 table completed_valid t=0.0s
[      6s] main 30b c6335 ic_m4 random_sub_r1 table completed_valid t=0.0s
[      6s] main 30b c6335 ic_m4 random_sub_r2 table completed_valid t=0.0s
[      6s] main 30b c6335 ic_m4 known_null_sub table completed_valid t=0.0s
[      6s] main 30b c6335 ic_m4 planted_sub table completed_valid t=0.0s
[      6s] main 30b c6335 ic_m4 small_x_offset table completed_valid t=0.0s
[      6s] main 30b c6336 ic_m4 subgroup table completed_valid t=0.0s
[      6s] main 30b c6336 ic_m4 small_x table completed_valid t=0.0s
[      6s] main 30b c6336 ic_m4 random_sub_r0 table completed_valid t=0.0s
[      6s] main 30b c6336 ic_m4 random_sub_r1 table completed_valid t=0.0s
[      6s] main 30b c6336 ic_m4 random_sub_r2 table completed_valid t=0.0s
[      6s] main 30b c6336 ic_m4 known_null_sub table completed_valid t=0.0s
[      6s] main 30b c6336 ic_m4 planted_sub table completed_valid t=0.0s
[      6s] main 30b c6336 ic_m4 small_x_offset table completed_valid t=0.0s
[      6s] main 30b c6337 ic_m4 subgroup table completed_valid t=0.0s
[      6s] main 30b c6337 ic_m4 small_x table completed_valid t=0.0s
[      6s] main 30b c6337 ic_m4 random_sub_r0 table completed_valid t=0.0s
[      6s] main 30b c6337 ic_m4 random_sub_r1 table completed_valid t=0.0s
[      6s] main 30b c6337 ic_m4 random_sub_r2 table completed_valid t=0.0s
[      6s] main 30b c6337 ic_m4 known_null_sub table completed_valid t=0.0s
[      6s] main 30b c6337 ic_m4 planted_sub table completed_valid t=0.0s
[      6s] main 30b c6337 ic_m4 small_x_offset table completed_valid t=0.0s
[      6s] main 30b c6338 ic_m4 subgroup table completed_valid t=0.0s
[      6s] main 30b c6338 ic_m4 small_x table completed_valid t=0.0s
[      6s] main 30b c6338 ic_m4 random_sub_r0 table completed_valid t=0.0s
[      6s] main 30b c6338 ic_m4 random_sub_r1 table completed_valid t=0.0s
[      6s] main 30b c6338 ic_m4 random_sub_r2 table completed_valid t=0.0s
[      6s] main 30b c6338 ic_m4 known_null_sub table completed_valid t=0.0s
[      6s] main 30b c6338 ic_m4 planted_sub table completed_valid t=0.0s
[      6s] main 30b c6338 ic_m4 small_x_offset table completed_valid t=0.0s
[      7s] main 30b c6339 ic_m4 subgroup table completed_valid t=0.0s
[      7s] main 30b c6339 ic_m4 small_x table completed_valid t=0.0s
[      7s] main 30b c6339 ic_m4 random_sub_r0 table completed_valid t=0.0s
[      7s] main 30b c6339 ic_m4 random_sub_r1 table completed_valid t=0.0s
[      7s] main 30b c6339 ic_m4 random_sub_r2 table completed_valid t=0.0s
[      7s] main 30b c6339 ic_m4 known_null_sub table completed_valid t=0.0s
[      7s] main 30b c6339 ic_m4 planted_sub table completed_valid t=0.0s
[      7s] main 30b c6339 ic_m4 small_x_offset table completed_valid t=0.0s
[      7s] main 30b c6340 ic_m4 subgroup table completed_valid t=0.0s
[      7s] main 30b c6340 ic_m4 small_x table completed_valid t=0.0s
[      7s] main 30b c6340 ic_m4 random_sub_r0 table completed_valid t=0.0s
[      7s] main 30b c6340 ic_m4 random_sub_r1 table completed_valid t=0.0s
[      7s] main 30b c6340 ic_m4 random_sub_r2 table completed_valid t=0.0s
[      7s] main 30b c6340 ic_m4 known_null_sub table completed_valid t=0.0s
[      7s] main 30b c6340 ic_m4 planted_sub table completed_valid t=0.0s
[      7s] main 30b c6340 ic_m4 small_x_offset table completed_valid t=0.0s
[      8s] main 30b c6341 ic_m4 subgroup table completed_valid t=0.0s
[      8s] main 30b c6341 ic_m4 small_x table completed_valid t=0.0s
[      8s] main 30b c6341 ic_m4 random_sub_r0 table completed_valid t=0.0s
[      8s] main 30b c6341 ic_m4 random_sub_r1 table completed_valid t=0.0s
[      8s] main 30b c6341 ic_m4 random_sub_r2 table completed_valid t=0.0s
[      8s] main 30b c6341 ic_m4 known_null_sub table completed_valid t=0.0s
[      8s] main 30b c6341 ic_m4 planted_sub table completed_valid t=0.0s
[      8s] main 30b c6341 ic_m4 small_x_offset table completed_valid t=0.0s
[      8s] main 30b c6342 ic_m4 subgroup table completed_valid t=0.0s
[      8s] main 30b c6342 ic_m4 small_x table completed_valid t=0.0s
[      8s] main 30b c6342 ic_m4 random_sub_r0 table completed_valid t=0.0s
[      8s] main 30b c6342 ic_m4 random_sub_r1 table completed_valid t=0.0s
[      8s] main 30b c6342 ic_m4 random_sub_r2 table completed_valid t=0.0s
[      8s] main 30b c6342 ic_m4 known_null_sub table completed_valid t=0.0s
[      8s] main 30b c6342 ic_m4 planted_sub table completed_valid t=0.0s
[      8s] main 30b c6342 ic_m4 small_x_offset table completed_valid t=0.0s
[      8s] main 30b c6343 ic_m4 subgroup table completed_valid t=0.0s
[      8s] main 30b c6343 ic_m4 small_x table completed_valid t=0.0s
[      8s] main 30b c6343 ic_m4 random_sub_r0 table completed_valid t=0.0s
[      8s] main 30b c6343 ic_m4 random_sub_r1 table completed_valid t=0.0s
[      8s] main 30b c6343 ic_m4 random_sub_r2 table completed_valid t=0.0s
[      8s] main 30b c6343 ic_m4 known_null_sub table completed_valid t=0.0s
[      8s] main 30b c6343 ic_m4 planted_sub table completed_valid t=0.0s
[      8s] main 30b c6343 ic_m4 small_x_offset table completed_valid t=0.0s
[      8s] main 30b c6344 ic_m4 subgroup table completed_valid t=0.0s
[      8s] main 30b c6344 ic_m4 small_x table completed_valid t=0.0s
[      8s] main 30b c6344 ic_m4 random_sub_r0 table completed_valid t=0.0s
[      8s] main 30b c6344 ic_m4 random_sub_r1 table completed_valid t=0.0s
[      8s] main 30b c6344 ic_m4 random_sub_r2 table completed_valid t=0.0s
[      8s] main 30b c6344 ic_m4 known_null_sub table completed_valid t=0.0s
[      8s] main 30b c6344 ic_m4 planted_sub table completed_valid t=0.0s
[      8s] main 30b c6344 ic_m4 small_x_offset table completed_valid t=0.0s
[      8s] main 30b c6345 ic_m4 subgroup table completed_valid t=0.0s
[      8s] main 30b c6345 ic_m4 small_x table completed_valid t=0.0s
[      8s] main 30b c6345 ic_m4 random_sub_r0 table completed_valid t=0.0s
[      8s] main 30b c6345 ic_m4 random_sub_r1 table completed_valid t=0.0s
[      8s] main 30b c6345 ic_m4 random_sub_r2 table completed_valid t=0.0s
[      8s] main 30b c6345 ic_m4 known_null_sub table completed_valid t=0.0s
[      8s] main 30b c6345 ic_m4 planted_sub table completed_valid t=0.0s
[      8s] main 30b c6345 ic_m4 small_x_offset table completed_valid t=0.0s
[      9s] main 30b c6346 ic_m4 subgroup table completed_valid t=0.0s
[      9s] main 30b c6346 ic_m4 small_x table completed_valid t=0.0s
[      9s] main 30b c6346 ic_m4 random_sub_r0 table completed_valid t=0.0s
[      9s] main 30b c6346 ic_m4 random_sub_r1 table completed_valid t=0.0s
[      9s] main 30b c6346 ic_m4 random_sub_r2 table completed_valid t=0.0s
[      9s] main 30b c6346 ic_m4 known_null_sub table completed_valid t=0.0s
[      9s] main 30b c6346 ic_m4 planted_sub table completed_valid t=0.0s
[      9s] main 30b c6346 ic_m4 small_x_offset table completed_valid t=0.0s
[      9s] main 30b c6347 ic_m4 subgroup table completed_valid t=0.0s
[      9s] main 30b c6347 ic_m4 small_x table completed_valid t=0.0s
[      9s] main 30b c6347 ic_m4 random_sub_r0 table completed_valid t=0.0s
[      9s] main 30b c6347 ic_m4 random_sub_r1 table completed_valid t=0.0s
[      9s] main 30b c6347 ic_m4 random_sub_r2 table completed_valid t=0.0s
[      9s] main 30b c6347 ic_m4 known_null_sub table completed_valid t=0.0s
[      9s] main 30b c6347 ic_m4 planted_sub table completed_valid t=0.0s
[      9s] main 30b c6347 ic_m4 small_x_offset table completed_valid t=0.0s
[      9s] main 30b c6348 ic_m4 subgroup table completed_valid t=0.0s
[      9s] main 30b c6348 ic_m4 small_x table completed_valid t=0.0s
[      9s] main 30b c6348 ic_m4 random_sub_r0 table completed_valid t=0.0s
[      9s] main 30b c6348 ic_m4 random_sub_r1 table completed_valid t=0.0s
[      9s] main 30b c6348 ic_m4 random_sub_r2 table completed_valid t=0.0s
[      9s] main 30b c6348 ic_m4 known_null_sub table completed_valid t=0.0s
[      9s] main 30b c6348 ic_m4 planted_sub table completed_valid t=0.0s
[      9s] main 30b c6348 ic_m4 small_x_offset table completed_valid t=0.0s
[      9s] main 30b c6349 ic_m4 subgroup table completed_valid t=0.0s
[      9s] main 30b c6349 ic_m4 small_x table completed_valid t=0.0s
[      9s] main 30b c6349 ic_m4 random_sub_r0 table completed_valid t=0.0s
[      9s] main 30b c6349 ic_m4 random_sub_r1 table completed_valid t=0.0s
[      9s] main 30b c6349 ic_m4 random_sub_r2 table completed_valid t=0.0s
[      9s] main 30b c6349 ic_m4 known_null_sub table completed_valid t=0.0s
[      9s] main 30b c6349 ic_m4 planted_sub table completed_valid t=0.0s
[      9s] main 30b c6349 ic_m4 small_x_offset table completed_valid t=0.0s
[      9s] main 30b c6350 ic_m4 subgroup table completed_valid t=0.0s
[      9s] main 30b c6350 ic_m4 small_x table completed_valid t=0.0s
[      9s] main 30b c6350 ic_m4 random_sub_r0 table completed_valid t=0.0s
[      9s] main 30b c6350 ic_m4 random_sub_r1 table completed_valid t=0.0s
[      9s] main 30b c6350 ic_m4 random_sub_r2 table completed_valid t=0.0s
[      9s] main 30b c6350 ic_m4 known_null_sub table completed_valid t=0.0s
[      9s] main 30b c6350 ic_m4 planted_sub table completed_valid t=0.0s
[      9s] main 30b c6350 ic_m4 small_x_offset table completed_valid t=0.0s
[     10s] main 30b c6351 ic_m4 subgroup table completed_valid t=0.0s
[     10s] main 30b c6351 ic_m4 small_x table completed_valid t=0.0s
[     10s] main 30b c6351 ic_m4 random_sub_r0 table completed_valid t=0.0s
[     10s] main 30b c6351 ic_m4 random_sub_r1 table completed_valid t=0.0s
[     10s] main 30b c6351 ic_m4 random_sub_r2 table completed_valid t=0.0s
[     10s] main 30b c6351 ic_m4 known_null_sub table completed_valid t=0.0s
[     10s] main 30b c6351 ic_m4 planted_sub table completed_valid t=0.0s
[     10s] main 30b c6351 ic_m4 small_x_offset table completed_valid t=0.0s
[     10s] main 30b c6352 ic_m4 subgroup table completed_valid t=0.0s
[     10s] main 30b c6352 ic_m4 small_x table completed_valid t=0.0s
[     10s] main 30b c6352 ic_m4 random_sub_r0 table completed_valid t=0.0s
[     10s] main 30b c6352 ic_m4 random_sub_r1 table completed_valid t=0.0s
[     10s] main 30b c6352 ic_m4 random_sub_r2 table completed_valid t=0.0s
[     10s] main 30b c6352 ic_m4 known_null_sub table completed_valid t=0.0s
[     10s] main 30b c6352 ic_m4 planted_sub table completed_valid t=0.0s
[     10s] main 30b c6352 ic_m4 small_x_offset table completed_valid t=0.0s
[     10s] main 30b c6353 ic_m4 subgroup table completed_valid t=0.0s
[     10s] main 30b c6353 ic_m4 small_x table completed_valid t=0.0s
[     10s] main 30b c6353 ic_m4 random_sub_r0 table completed_valid t=0.0s
[     10s] main 30b c6353 ic_m4 random_sub_r1 table completed_valid t=0.0s
[     10s] main 30b c6353 ic_m4 random_sub_r2 table completed_valid t=0.0s
[     10s] main 30b c6353 ic_m4 known_null_sub table completed_valid t=0.0s
[     10s] main 30b c6353 ic_m4 planted_sub table completed_valid t=0.0s
[     10s] main 30b c6353 ic_m4 small_x_offset table completed_valid t=0.0s
[     10s] main 30b c6354 ic_m4 subgroup table completed_valid t=0.0s
[     10s] main 30b c6354 ic_m4 small_x table completed_valid t=0.0s
[     10s] main 30b c6354 ic_m4 random_sub_r0 table completed_valid t=0.0s
[     10s] main 30b c6354 ic_m4 random_sub_r1 table completed_valid t=0.0s
[     10s] main 30b c6354 ic_m4 random_sub_r2 table completed_valid t=0.0s
[     10s] main 30b c6354 ic_m4 known_null_sub table completed_valid t=0.0s
[     10s] main 30b c6354 ic_m4 planted_sub table completed_valid t=0.0s
[     10s] main 30b c6354 ic_m4 small_x_offset table completed_valid t=0.0s
[     10s] main 30b c6355 ic_m4 subgroup table completed_valid t=0.0s
[     10s] main 30b c6355 ic_m4 small_x table completed_valid t=0.0s
[     10s] main 30b c6355 ic_m4 random_sub_r0 table completed_valid t=0.0s
[     10s] main 30b c6355 ic_m4 random_sub_r1 table completed_valid t=0.0s
[     10s] main 30b c6355 ic_m4 random_sub_r2 table completed_valid t=0.0s
[     10s] main 30b c6355 ic_m4 known_null_sub table completed_valid t=0.0s
[     10s] main 30b c6355 ic_m4 planted_sub table completed_valid t=0.0s
[     10s] main 30b c6355 ic_m4 small_x_offset table completed_valid t=0.0s
[     11s] main 30b c6356 ic_m4 subgroup table completed_valid t=0.0s
[     11s] main 30b c6356 ic_m4 small_x table completed_valid t=0.0s
[     11s] main 30b c6356 ic_m4 random_sub_r0 table completed_valid t=0.0s
[     11s] main 30b c6356 ic_m4 random_sub_r1 table completed_valid t=0.0s
[     11s] main 30b c6356 ic_m4 random_sub_r2 table completed_valid t=0.0s
[     11s] main 30b c6356 ic_m4 known_null_sub table completed_valid t=0.0s
[     11s] main 30b c6356 ic_m4 planted_sub table completed_valid t=0.0s
[     11s] main 30b c6356 ic_m4 small_x_offset table completed_valid t=0.0s
[     11s] main 30b c6357 ic_m4 subgroup table completed_valid t=0.0s
[     11s] main 30b c6357 ic_m4 small_x table completed_valid t=0.0s
[     11s] main 30b c6357 ic_m4 random_sub_r0 table completed_valid t=0.0s
[     11s] main 30b c6357 ic_m4 random_sub_r1 table completed_valid t=0.0s
[     11s] main 30b c6357 ic_m4 random_sub_r2 table completed_valid t=0.0s
[     11s] main 30b c6357 ic_m4 known_null_sub table completed_valid t=0.0s
[     11s] main 30b c6357 ic_m4 planted_sub table completed_valid t=0.0s
[     11s] main 30b c6357 ic_m4 small_x_offset table completed_valid t=0.0s
[     11s] main 30b c6358 ic_m4 subgroup table completed_valid t=0.0s
[     11s] main 30b c6358 ic_m4 small_x table completed_valid t=0.0s
[     11s] main 30b c6358 ic_m4 random_sub_r0 table completed_valid t=0.0s
[     11s] main 30b c6358 ic_m4 random_sub_r1 table completed_valid t=0.0s
[     11s] main 30b c6358 ic_m4 random_sub_r2 table completed_valid t=0.0s
[     11s] main 30b c6358 ic_m4 known_null_sub table completed_valid t=0.0s
[     11s] main 30b c6358 ic_m4 planted_sub table completed_valid t=0.0s
[     11s] main 30b c6358 ic_m4 small_x_offset table completed_valid t=0.0s
[     11s] main 30b c6359 ic_m4 subgroup table completed_valid t=0.0s
[     11s] main 30b c6359 ic_m4 small_x table completed_valid t=0.0s
[     11s] main 30b c6359 ic_m4 random_sub_r0 table completed_valid t=0.0s
[     11s] main 30b c6359 ic_m4 random_sub_r1 table completed_valid t=0.0s
[     11s] main 30b c6359 ic_m4 random_sub_r2 table completed_valid t=0.0s
[     11s] main 30b c6359 ic_m4 known_null_sub table completed_valid t=0.0s
[     11s] main 30b c6359 ic_m4 planted_sub table completed_valid t=0.0s
[     11s] main 30b c6359 ic_m4 small_x_offset table completed_valid t=0.0s
[     11s] main 30b c6360 ic_m4 subgroup table completed_valid t=0.0s
[     11s] main 30b c6360 ic_m4 small_x table completed_valid t=0.0s
[     11s] main 30b c6360 ic_m4 random_sub_r0 table completed_valid t=0.0s
[     11s] main 30b c6360 ic_m4 random_sub_r1 table completed_valid t=0.0s
[     11s] main 30b c6360 ic_m4 random_sub_r2 table completed_valid t=0.0s
[     11s] main 30b c6360 ic_m4 known_null_sub table completed_valid t=0.0s
[     11s] main 30b c6360 ic_m4 planted_sub table completed_valid t=0.0s
[     11s] main 30b c6360 ic_m4 small_x_offset table completed_valid t=0.0s
[     12s] main 30b c6361 ic_m4 subgroup table completed_valid t=0.0s
[     12s] main 30b c6361 ic_m4 small_x table completed_valid t=0.0s
[     12s] main 30b c6361 ic_m4 random_sub_r0 table completed_valid t=0.0s
[     12s] main 30b c6361 ic_m4 random_sub_r1 table completed_valid t=0.0s
[     12s] main 30b c6361 ic_m4 random_sub_r2 table completed_valid t=0.0s
[     12s] main 30b c6361 ic_m4 known_null_sub table completed_valid t=0.0s
[     12s] main 30b c6361 ic_m4 planted_sub table completed_valid t=0.0s
[     12s] main 30b c6361 ic_m4 small_x_offset table completed_valid t=0.0s
[     12s] main 30b c6362 ic_m4 subgroup table completed_valid t=0.0s
[     12s] main 30b c6362 ic_m4 small_x table completed_valid t=0.0s
[     12s] main 30b c6362 ic_m4 random_sub_r0 table completed_valid t=0.0s
[     12s] main 30b c6362 ic_m4 random_sub_r1 table completed_valid t=0.0s
[     12s] main 30b c6362 ic_m4 random_sub_r2 table completed_valid t=0.0s
[     12s] main 30b c6362 ic_m4 known_null_sub table completed_valid t=0.0s
[     12s] main 30b c6362 ic_m4 planted_sub table completed_valid t=0.0s
[     12s] main 30b c6362 ic_m4 small_x_offset table completed_valid t=0.0s
[     12s] main 30b c6363 ic_m4 subgroup table completed_valid t=0.0s
[     12s] main 30b c6363 ic_m4 small_x table completed_valid t=0.0s
[     12s] main 30b c6363 ic_m4 random_sub_r0 table completed_valid t=0.0s
[     12s] main 30b c6363 ic_m4 random_sub_r1 table completed_valid t=0.0s
[     12s] main 30b c6363 ic_m4 random_sub_r2 table completed_valid t=0.0s
[     12s] main 30b c6363 ic_m4 known_null_sub table completed_valid t=0.0s
[     12s] main 30b c6363 ic_m4 planted_sub table completed_valid t=0.0s
[     12s] main 30b c6363 ic_m4 small_x_offset table completed_valid t=0.0s
[     13s] main 30b c6364 ic_m4 subgroup table completed_valid t=0.0s
[     13s] main 30b c6364 ic_m4 small_x table completed_valid t=0.0s
[     13s] main 30b c6364 ic_m4 random_sub_r0 table completed_valid t=0.0s
[     13s] main 30b c6364 ic_m4 random_sub_r1 table completed_valid t=0.0s
[     13s] main 30b c6364 ic_m4 random_sub_r2 table completed_valid t=0.0s
[     13s] main 30b c6364 ic_m4 known_null_sub table completed_valid t=0.0s
[     13s] main 30b c6364 ic_m4 planted_sub table completed_valid t=0.0s
[     13s] main 30b c6364 ic_m4 small_x_offset table completed_valid t=0.0s
[     13s] main 30b c6365 ic_m4 subgroup table completed_valid t=0.0s
[     13s] main 30b c6365 ic_m4 small_x table completed_valid t=0.0s
[     13s] main 30b c6365 ic_m4 random_sub_r0 table completed_valid t=0.0s
[     13s] main 30b c6365 ic_m4 random_sub_r1 table completed_valid t=0.0s
[     13s] main 30b c6365 ic_m4 random_sub_r2 table completed_valid t=0.0s
[     13s] main 30b c6365 ic_m4 known_null_sub table completed_valid t=0.0s
[     13s] main 30b c6365 ic_m4 planted_sub table completed_valid t=0.0s
[     13s] main 30b c6365 ic_m4 small_x_offset table completed_valid t=0.0s
[     13s] main 30b c6366 ic_m4 subgroup table completed_valid t=0.0s
[     13s] main 30b c6366 ic_m4 small_x table completed_valid t=0.0s
[     13s] main 30b c6366 ic_m4 random_sub_r0 table completed_valid t=0.0s
[     13s] main 30b c6366 ic_m4 random_sub_r1 table completed_valid t=0.0s
[     13s] main 30b c6366 ic_m4 random_sub_r2 table completed_valid t=0.0s
[     13s] main 30b c6366 ic_m4 known_null_sub table completed_valid t=0.0s
[     13s] main 30b c6366 ic_m4 planted_sub table completed_valid t=0.0s
[     13s] main 30b c6366 ic_m4 small_x_offset table completed_valid t=0.0s
[     13s] main 30b c6367 ic_m4 subgroup table completed_valid t=0.0s
[     13s] main 30b c6367 ic_m4 small_x table completed_valid t=0.0s
[     13s] main 30b c6367 ic_m4 random_sub_r0 table completed_valid t=0.0s
[     13s] main 30b c6367 ic_m4 random_sub_r1 table completed_valid t=0.0s
[     13s] main 30b c6367 ic_m4 random_sub_r2 table completed_valid t=0.0s
[     13s] main 30b c6367 ic_m4 known_null_sub table completed_valid t=0.0s
[     13s] main 30b c6367 ic_m4 planted_sub table completed_valid t=0.0s
[     13s] main 30b c6367 ic_m4 small_x_offset table completed_valid t=0.0s
[     14s] main 30b c6368 ic_m4 subgroup table completed_valid t=0.0s
[     14s] main 30b c6368 ic_m4 small_x table completed_valid t=0.0s
[     14s] main 30b c6368 ic_m4 random_sub_r0 table completed_valid t=0.0s
[     14s] main 30b c6368 ic_m4 random_sub_r1 table completed_valid t=0.0s
[     14s] main 30b c6368 ic_m4 random_sub_r2 table completed_valid t=0.0s
[     14s] main 30b c6368 ic_m4 known_null_sub table completed_valid t=0.0s
[     14s] main 30b c6368 ic_m4 planted_sub table completed_valid t=0.0s
[     14s] main 30b c6368 ic_m4 small_x_offset table completed_valid t=0.0s
[     14s] main 30b c6369 ic_m4 subgroup table completed_valid t=0.0s
[     14s] main 30b c6369 ic_m4 small_x table completed_valid t=0.0s
[     14s] main 30b c6369 ic_m4 random_sub_r0 table completed_valid t=0.0s
[     14s] main 30b c6369 ic_m4 random_sub_r1 table completed_valid t=0.0s
[     14s] main 30b c6369 ic_m4 random_sub_r2 table completed_valid t=0.0s
[     14s] main 30b c6369 ic_m4 known_null_sub table completed_valid t=0.0s
[     14s] main 30b c6369 ic_m4 planted_sub table completed_valid t=0.0s
[     14s] main 30b c6369 ic_m4 small_x_offset table completed_valid t=0.0s
[     14s] main 30b c6370 ic_m4 subgroup table completed_valid t=0.0s
[     14s] main 30b c6370 ic_m4 small_x table completed_valid t=0.0s
[     14s] main 30b c6370 ic_m4 random_sub_r0 table completed_valid t=0.0s
[     14s] main 30b c6370 ic_m4 random_sub_r1 table completed_valid t=0.0s
[     14s] main 30b c6370 ic_m4 random_sub_r2 table completed_valid t=0.0s
[     14s] main 30b c6370 ic_m4 known_null_sub table completed_valid t=0.0s
[     14s] main 30b c6370 ic_m4 planted_sub table completed_valid t=0.0s
[     14s] main 30b c6370 ic_m4 small_x_offset table completed_valid t=0.0s
[     14s] main 30b c6371 ic_m4 subgroup table completed_valid t=0.0s
[     14s] main 30b c6371 ic_m4 small_x table completed_valid t=0.0s
[     14s] main 30b c6371 ic_m4 random_sub_r0 table completed_valid t=0.0s
[     14s] main 30b c6371 ic_m4 random_sub_r1 table completed_valid t=0.0s
[     14s] main 30b c6371 ic_m4 random_sub_r2 table completed_valid t=0.0s
[     14s] main 30b c6371 ic_m4 known_null_sub table completed_valid t=0.0s
[     14s] main 30b c6371 ic_m4 planted_sub table completed_valid t=0.0s
[     14s] main 30b c6371 ic_m4 small_x_offset table completed_valid t=0.0s
[     15s] main 30b c6372 ic_m4 subgroup table completed_valid t=0.0s
[     15s] main 30b c6372 ic_m4 small_x table completed_valid t=0.0s
[     15s] main 30b c6372 ic_m4 random_sub_r0 table completed_valid t=0.0s
[     15s] main 30b c6372 ic_m4 random_sub_r1 table completed_valid t=0.0s
[     15s] main 30b c6372 ic_m4 random_sub_r2 table completed_valid t=0.0s
[     15s] main 30b c6372 ic_m4 known_null_sub table completed_valid t=0.0s
[     15s] main 30b c6372 ic_m4 planted_sub table completed_valid t=0.0s
[     15s] main 30b c6372 ic_m4 small_x_offset table completed_valid t=0.0s
[     15s] main 30b c6373 ic_m4 subgroup table completed_valid t=0.0s
[     15s] main 30b c6373 ic_m4 small_x table completed_valid t=0.0s
[     15s] main 30b c6373 ic_m4 random_sub_r0 table completed_valid t=0.0s
[     15s] main 30b c6373 ic_m4 random_sub_r1 table completed_valid t=0.0s
[     15s] main 30b c6373 ic_m4 random_sub_r2 table completed_valid t=0.0s
[     15s] main 30b c6373 ic_m4 known_null_sub table completed_valid t=0.0s
[     15s] main 30b c6373 ic_m4 planted_sub table completed_valid t=0.0s
[     15s] main 30b c6373 ic_m4 small_x_offset table completed_valid t=0.0s
[     15s] main 30b c6374 ic_m4 subgroup table completed_valid t=0.0s
[     15s] main 30b c6374 ic_m4 small_x table completed_valid t=0.0s
[     15s] main 30b c6374 ic_m4 random_sub_r0 table completed_valid t=0.0s
[     15s] main 30b c6374 ic_m4 random_sub_r1 table completed_valid t=0.0s
[     15s] main 30b c6374 ic_m4 random_sub_r2 table completed_valid t=0.0s
[     15s] main 30b c6374 ic_m4 known_null_sub table completed_valid t=0.0s
[     15s] main 30b c6374 ic_m4 planted_sub table completed_valid t=0.0s
[     15s] main 30b c6374 ic_m4 small_x_offset table completed_valid t=0.0s
[     15s] main 30b c6375 ic_m4 subgroup table completed_valid t=0.0s
[     15s] main 30b c6375 ic_m4 small_x table completed_valid t=0.0s
[     15s] main 30b c6375 ic_m4 random_sub_r0 table completed_valid t=0.0s
[     15s] main 30b c6375 ic_m4 random_sub_r1 table completed_valid t=0.0s
[     15s] main 30b c6375 ic_m4 random_sub_r2 table completed_valid t=0.0s
[     15s] main 30b c6375 ic_m4 known_null_sub table completed_valid t=0.0s
[     15s] main 30b c6375 ic_m4 planted_sub table completed_valid t=0.0s
[     15s] main 30b c6375 ic_m4 small_x_offset table completed_valid t=0.0s
[     15s] main 30b c6376 ic_m4 subgroup table completed_valid t=0.0s
[     15s] main 30b c6376 ic_m4 small_x table completed_valid t=0.0s
[     15s] main 30b c6376 ic_m4 random_sub_r0 table completed_valid t=0.0s
[     15s] main 30b c6376 ic_m4 random_sub_r1 table completed_valid t=0.0s
[     15s] main 30b c6376 ic_m4 random_sub_r2 table completed_valid t=0.0s
[     15s] main 30b c6376 ic_m4 known_null_sub table completed_valid t=0.0s
[     15s] main 30b c6376 ic_m4 planted_sub table completed_valid t=0.0s
[     15s] main 30b c6376 ic_m4 small_x_offset table completed_valid t=0.0s
[     16s] main 30b c6377 ic_m4 subgroup table completed_valid t=0.0s
[     16s] main 30b c6377 ic_m4 small_x table completed_valid t=0.0s
[     16s] main 30b c6377 ic_m4 random_sub_r0 table completed_valid t=0.0s
[     16s] main 30b c6377 ic_m4 random_sub_r1 table completed_valid t=0.0s
[     16s] main 30b c6377 ic_m4 random_sub_r2 table completed_valid t=0.0s
[     16s] main 30b c6377 ic_m4 known_null_sub table completed_valid t=0.0s
[     16s] main 30b c6377 ic_m4 planted_sub table completed_valid t=0.0s
[     16s] main 30b c6377 ic_m4 small_x_offset table completed_valid t=0.0s
[     16s] main 30b c6378 ic_m4 subgroup table completed_valid t=0.0s
[     16s] main 30b c6378 ic_m4 small_x table completed_valid t=0.0s
[     16s] main 30b c6378 ic_m4 random_sub_r0 table completed_valid t=0.0s
[     16s] main 30b c6378 ic_m4 random_sub_r1 table completed_valid t=0.0s
[     16s] main 30b c6378 ic_m4 random_sub_r2 table completed_valid t=0.0s
[     16s] main 30b c6378 ic_m4 known_null_sub table completed_valid t=0.0s
[     16s] main 30b c6378 ic_m4 planted_sub table completed_valid t=0.0s
[     16s] main 30b c6378 ic_m4 small_x_offset table completed_valid t=0.0s
[     16s] main 30b c6379 ic_m4 subgroup table completed_valid t=0.0s
[     16s] main 30b c6379 ic_m4 small_x table completed_valid t=0.0s
[     16s] main 30b c6379 ic_m4 random_sub_r0 table completed_valid t=0.0s
[     16s] main 30b c6379 ic_m4 random_sub_r1 table completed_valid t=0.0s
[     16s] main 30b c6379 ic_m4 random_sub_r2 table completed_valid t=0.0s
[     16s] main 30b c6379 ic_m4 known_null_sub table completed_valid t=0.0s
[     16s] main 30b c6379 ic_m4 planted_sub table completed_valid t=0.0s
[     16s] main 30b c6379 ic_m4 small_x_offset table completed_valid t=0.0s
[     16s] main 30b c6380 ic_m4 subgroup table completed_valid t=0.0s
[     16s] main 30b c6380 ic_m4 small_x table completed_valid t=0.0s
[     16s] main 30b c6380 ic_m4 random_sub_r0 table completed_valid t=0.0s
[     16s] main 30b c6380 ic_m4 random_sub_r1 table completed_valid t=0.0s
[     16s] main 30b c6380 ic_m4 random_sub_r2 table completed_valid t=0.0s
[     16s] main 30b c6380 ic_m4 known_null_sub table completed_valid t=0.0s
[     16s] main 30b c6380 ic_m4 planted_sub table completed_valid t=0.0s
[     16s] main 30b c6380 ic_m4 small_x_offset table completed_valid t=0.0s
[     17s] main 30b c6381 ic_m4 subgroup table completed_valid t=0.0s
[     17s] main 30b c6381 ic_m4 small_x table completed_valid t=0.0s
[     17s] main 30b c6381 ic_m4 random_sub_r0 table completed_valid t=0.0s
[     17s] main 30b c6381 ic_m4 random_sub_r1 table completed_valid t=0.0s
[     17s] main 30b c6381 ic_m4 random_sub_r2 table completed_valid t=0.0s
[     17s] main 30b c6381 ic_m4 known_null_sub table completed_valid t=0.0s
[     17s] main 30b c6381 ic_m4 planted_sub table completed_valid t=0.0s
[     17s] main 30b c6381 ic_m4 small_x_offset table completed_valid t=0.0s
[     17s] main 30b c6382 ic_m4 subgroup table completed_valid t=0.0s
[     17s] main 30b c6382 ic_m4 small_x table completed_valid t=0.0s
[     17s] main 30b c6382 ic_m4 random_sub_r0 table completed_valid t=0.0s
[     17s] main 30b c6382 ic_m4 random_sub_r1 table completed_valid t=0.0s
[     17s] main 30b c6382 ic_m4 random_sub_r2 table completed_valid t=0.0s
[     17s] main 30b c6382 ic_m4 known_null_sub table completed_valid t=0.0s
[     17s] main 30b c6382 ic_m4 planted_sub table completed_valid t=0.0s
[     17s] main 30b c6382 ic_m4 small_x_offset table completed_valid t=0.0s
[     17s] main 30b c6383 ic_m4 subgroup table completed_valid t=0.0s
[     17s] main 30b c6383 ic_m4 small_x table completed_valid t=0.0s
[     17s] main 30b c6383 ic_m4 random_sub_r0 table completed_valid t=0.0s
[     17s] main 30b c6383 ic_m4 random_sub_r1 table completed_valid t=0.0s
[     17s] main 30b c6383 ic_m4 random_sub_r2 table completed_valid t=0.0s
[     17s] main 30b c6383 ic_m4 known_null_sub table completed_valid t=0.0s
[     17s] main 30b c6383 ic_m4 planted_sub table completed_valid t=0.0s
[     17s] main 30b c6383 ic_m4 small_x_offset table completed_valid t=0.0s
[     17s] main 30b c6384 ic_m4 subgroup table completed_valid t=0.0s
[     17s] main 30b c6384 ic_m4 small_x table completed_valid t=0.0s
[     17s] main 30b c6384 ic_m4 random_sub_r0 table completed_valid t=0.0s
[     17s] main 30b c6384 ic_m4 random_sub_r1 table completed_valid t=0.0s
[     17s] main 30b c6384 ic_m4 random_sub_r2 table completed_valid t=0.0s
[     17s] main 30b c6384 ic_m4 known_null_sub table completed_valid t=0.0s
[     17s] main 30b c6384 ic_m4 planted_sub table completed_valid t=0.0s
[     17s] main 30b c6384 ic_m4 small_x_offset table completed_valid t=0.0s
[     17s] main 30b c6385 ic_m4 subgroup table completed_valid t=0.0s
[     17s] main 30b c6385 ic_m4 small_x table completed_valid t=0.0s
[     17s] main 30b c6385 ic_m4 random_sub_r0 table completed_valid t=0.0s
[     17s] main 30b c6385 ic_m4 random_sub_r1 table completed_valid t=0.0s
[     17s] main 30b c6385 ic_m4 random_sub_r2 table completed_valid t=0.0s
[     17s] main 30b c6385 ic_m4 known_null_sub table completed_valid t=0.0s
[     17s] main 30b c6385 ic_m4 planted_sub table completed_valid t=0.0s
[     17s] main 30b c6385 ic_m4 small_x_offset table completed_valid t=0.0s
[     17s] main 30b c6386 ic_m4 subgroup table completed_valid t=0.0s
[     17s] main 30b c6386 ic_m4 small_x table completed_valid t=0.0s
[     17s] main 30b c6386 ic_m4 random_sub_r0 table completed_valid t=0.0s
[     17s] main 30b c6386 ic_m4 random_sub_r1 table completed_valid t=0.0s
[     17s] main 30b c6386 ic_m4 random_sub_r2 table completed_valid t=0.0s
[     17s] main 30b c6386 ic_m4 known_null_sub table completed_valid t=0.0s
[     17s] main 30b c6386 ic_m4 planted_sub table completed_valid t=0.0s
[     17s] main 30b c6386 ic_m4 small_x_offset table completed_valid t=0.0s
[     18s] main 30b c6387 ic_m4 subgroup table completed_valid t=0.0s
[     18s] main 30b c6387 ic_m4 small_x table completed_valid t=0.0s
[     18s] main 30b c6387 ic_m4 random_sub_r0 table completed_valid t=0.0s
[     18s] main 30b c6387 ic_m4 random_sub_r1 table completed_valid t=0.0s
[     18s] main 30b c6387 ic_m4 random_sub_r2 table completed_valid t=0.0s
[     18s] main 30b c6387 ic_m4 known_null_sub table completed_valid t=0.0s
[     18s] main 30b c6387 ic_m4 planted_sub table completed_valid t=0.0s
[     18s] main 30b c6387 ic_m4 small_x_offset table completed_valid t=0.0s
[     18s] main 30b c6388 ic_m4 subgroup table completed_valid t=0.0s
[     18s] main 30b c6388 ic_m4 small_x table completed_valid t=0.0s
[     18s] main 30b c6388 ic_m4 random_sub_r0 table completed_valid t=0.0s
[     18s] main 30b c6388 ic_m4 random_sub_r1 table completed_valid t=0.0s
[     18s] main 30b c6388 ic_m4 random_sub_r2 table completed_valid t=0.0s
[     18s] main 30b c6388 ic_m4 known_null_sub table completed_valid t=0.0s
[     18s] main 30b c6388 ic_m4 planted_sub table completed_valid t=0.0s
[     18s] main 30b c6388 ic_m4 small_x_offset table completed_valid t=0.0s
[     18s] main 30b c6389 ic_m4 subgroup table completed_valid t=0.0s
[     18s] main 30b c6389 ic_m4 small_x table completed_valid t=0.0s
[     18s] main 30b c6389 ic_m4 random_sub_r0 table completed_valid t=0.0s
[     18s] main 30b c6389 ic_m4 random_sub_r1 table completed_valid t=0.0s
[     18s] main 30b c6389 ic_m4 random_sub_r2 table completed_valid t=0.0s
[     18s] main 30b c6389 ic_m4 known_null_sub table completed_valid t=0.0s
[     18s] main 30b c6389 ic_m4 planted_sub table completed_valid t=0.0s
[     18s] main 30b c6389 ic_m4 small_x_offset table completed_valid t=0.0s
[     18s] main 30b c6390 ic_m4 subgroup table completed_valid t=0.0s
[     18s] main 30b c6390 ic_m4 small_x table completed_valid t=0.0s
[     18s] main 30b c6390 ic_m4 random_sub_r0 table completed_valid t=0.0s
[     18s] main 30b c6390 ic_m4 random_sub_r1 table completed_valid t=0.0s
[     18s] main 30b c6390 ic_m4 random_sub_r2 table completed_valid t=0.0s
[     18s] main 30b c6390 ic_m4 known_null_sub table completed_valid t=0.0s
[     18s] main 30b c6390 ic_m4 planted_sub table completed_valid t=0.0s
[     18s] main 30b c6390 ic_m4 small_x_offset table completed_valid t=0.0s
[     19s] main 30b c6391 ic_m4 subgroup table completed_valid t=0.0s
[     19s] main 30b c6391 ic_m4 small_x table completed_valid t=0.0s
[     19s] main 30b c6391 ic_m4 random_sub_r0 table completed_valid t=0.0s
[     19s] main 30b c6391 ic_m4 random_sub_r1 table completed_valid t=0.0s
[     19s] main 30b c6391 ic_m4 random_sub_r2 table completed_valid t=0.0s
[     19s] main 30b c6391 ic_m4 known_null_sub table completed_valid t=0.0s
[     19s] main 30b c6391 ic_m4 planted_sub table completed_valid t=0.0s
[     19s] main 30b c6391 ic_m4 small_x_offset table completed_valid t=0.0s
[     19s] main 30b c6392 ic_m4 subgroup table completed_valid t=0.0s
[     19s] main 30b c6392 ic_m4 small_x table completed_valid t=0.0s
[     19s] main 30b c6392 ic_m4 random_sub_r0 table completed_valid t=0.0s
[     19s] main 30b c6392 ic_m4 random_sub_r1 table completed_valid t=0.0s
[     19s] main 30b c6392 ic_m4 random_sub_r2 table completed_valid t=0.0s
[     19s] main 30b c6392 ic_m4 known_null_sub table completed_valid t=0.0s
[     19s] main 30b c6392 ic_m4 planted_sub table completed_valid t=0.0s
[     19s] main 30b c6392 ic_m4 small_x_offset table completed_valid t=0.0s
[     19s] main 30b c6393 ic_m4 subgroup table completed_valid t=0.0s
[     19s] main 30b c6393 ic_m4 small_x table completed_valid t=0.0s
[     19s] main 30b c6393 ic_m4 random_sub_r0 table completed_valid t=0.0s
[     19s] main 30b c6393 ic_m4 random_sub_r1 table completed_valid t=0.0s
[     19s] main 30b c6393 ic_m4 random_sub_r2 table completed_valid t=0.0s
[     19s] main 30b c6393 ic_m4 known_null_sub table completed_valid t=0.0s
[     19s] main 30b c6393 ic_m4 planted_sub table completed_valid t=0.0s
[     19s] main 30b c6393 ic_m4 small_x_offset table completed_valid t=0.0s
[     19s] main 30b c6394 ic_m4 subgroup table completed_valid t=0.0s
[     19s] main 30b c6394 ic_m4 small_x table completed_valid t=0.0s
[     19s] main 30b c6394 ic_m4 random_sub_r0 table completed_valid t=0.0s
[     19s] main 30b c6394 ic_m4 random_sub_r1 table completed_valid t=0.0s
[     19s] main 30b c6394 ic_m4 random_sub_r2 table completed_valid t=0.0s
[     19s] main 30b c6394 ic_m4 known_null_sub table completed_valid t=0.0s
[     19s] main 30b c6394 ic_m4 planted_sub table completed_valid t=0.0s
[     19s] main 30b c6394 ic_m4 small_x_offset table completed_valid t=0.0s
[     20s] main 30b c6395 ic_m4 subgroup table completed_valid t=0.0s
[     20s] main 30b c6395 ic_m4 small_x table completed_valid t=0.0s
[     20s] main 30b c6395 ic_m4 random_sub_r0 table completed_valid t=0.0s
[     20s] main 30b c6395 ic_m4 random_sub_r1 table completed_valid t=0.0s
[     20s] main 30b c6395 ic_m4 random_sub_r2 table completed_valid t=0.0s
[     20s] main 30b c6395 ic_m4 known_null_sub table completed_valid t=0.0s
[     20s] main 30b c6395 ic_m4 planted_sub table completed_valid t=0.0s
[     20s] main 30b c6395 ic_m4 small_x_offset table completed_valid t=0.0s
[     20s] main 30b c6396 ic_m4 subgroup table completed_valid t=0.0s
[     20s] main 30b c6396 ic_m4 small_x table completed_valid t=0.0s
[     20s] main 30b c6396 ic_m4 random_sub_r0 table completed_valid t=0.0s
[     20s] main 30b c6396 ic_m4 random_sub_r1 table completed_valid t=0.0s
[     20s] main 30b c6396 ic_m4 random_sub_r2 table completed_valid t=0.0s
[     20s] main 30b c6396 ic_m4 known_null_sub table completed_valid t=0.0s
[     20s] main 30b c6396 ic_m4 planted_sub table completed_valid t=0.0s
[     20s] main 30b c6396 ic_m4 small_x_offset table completed_valid t=0.0s
[     20s] main 30b c6397 ic_m4 subgroup table completed_valid t=0.0s
[     20s] main 30b c6397 ic_m4 small_x table completed_valid t=0.0s
[     20s] main 30b c6397 ic_m4 random_sub_r0 table completed_valid t=0.0s
[     20s] main 30b c6397 ic_m4 random_sub_r1 table completed_valid t=0.0s
[     20s] main 30b c6397 ic_m4 random_sub_r2 table completed_valid t=0.0s
[     20s] main 30b c6397 ic_m4 known_null_sub table completed_valid t=0.0s
[     20s] main 30b c6397 ic_m4 planted_sub table completed_valid t=0.0s
[     20s] main 30b c6397 ic_m4 small_x_offset table completed_valid t=0.0s
[     20s] main 30b c6398 ic_m4 subgroup table completed_valid t=0.0s
[     20s] main 30b c6398 ic_m4 small_x table completed_valid t=0.0s
[     20s] main 30b c6398 ic_m4 random_sub_r0 table completed_valid t=0.0s
[     20s] main 30b c6398 ic_m4 random_sub_r1 table completed_valid t=0.0s
[     20s] main 30b c6398 ic_m4 random_sub_r2 table completed_valid t=0.0s
[     20s] main 30b c6398 ic_m4 known_null_sub table completed_valid t=0.0s
[     20s] main 30b c6398 ic_m4 planted_sub table completed_valid t=0.0s
[     20s] main 30b c6398 ic_m4 small_x_offset table completed_valid t=0.0s
[     20s] main 30b c6399 ic_m4 subgroup table completed_valid t=0.0s
[     20s] main 30b c6399 ic_m4 small_x table completed_valid t=0.0s
[     20s] main 30b c6399 ic_m4 random_sub_r0 table completed_valid t=0.0s
[     20s] main 30b c6399 ic_m4 random_sub_r1 table completed_valid t=0.0s
[     20s] main 30b c6399 ic_m4 random_sub_r2 table completed_valid t=0.0s
[     20s] main 30b c6399 ic_m4 known_null_sub table completed_valid t=0.0s
[     20s] main 30b c6399 ic_m4 planted_sub table completed_valid t=0.0s
[     20s] main 30b c6399 ic_m4 small_x_offset table completed_valid t=0.0s
[     21s] main 30b c6400 ic_m4 subgroup table completed_valid t=0.0s
[     21s] main 30b c6400 ic_m4 small_x table completed_valid t=0.0s
[     21s] main 30b c6400 ic_m4 random_sub_r0 table completed_valid t=0.0s
[     21s] main 30b c6400 ic_m4 random_sub_r1 table completed_valid t=0.0s
[     21s] main 30b c6400 ic_m4 random_sub_r2 table completed_valid t=0.0s
[     21s] main 30b c6400 ic_m4 known_null_sub table completed_valid t=0.0s
[     21s] main 30b c6400 ic_m4 planted_sub table completed_valid t=0.0s
[     21s] main 30b c6400 ic_m4 small_x_offset table completed_valid t=0.0s
[     21s] main 30b c6401 ic_m4 subgroup table completed_valid t=0.0s
[     21s] main 30b c6401 ic_m4 small_x table completed_valid t=0.0s
[     21s] main 30b c6401 ic_m4 random_sub_r0 table completed_valid t=0.0s
[     21s] main 30b c6401 ic_m4 random_sub_r1 table completed_valid t=0.0s
[     21s] main 30b c6401 ic_m4 random_sub_r2 table completed_valid t=0.0s
[     21s] main 30b c6401 ic_m4 known_null_sub table completed_valid t=0.0s
[     21s] main 30b c6401 ic_m4 planted_sub table completed_valid t=0.0s
[     21s] main 30b c6401 ic_m4 small_x_offset table completed_valid t=0.0s
[     21s] main 30b c6402 ic_m4 subgroup table completed_valid t=0.0s
[     21s] main 30b c6402 ic_m4 small_x table completed_valid t=0.0s
[     21s] main 30b c6402 ic_m4 random_sub_r0 table completed_valid t=0.0s
[     21s] main 30b c6402 ic_m4 random_sub_r1 table completed_valid t=0.0s
[     21s] main 30b c6402 ic_m4 random_sub_r2 table completed_valid t=0.0s
[     21s] main 30b c6402 ic_m4 known_null_sub table completed_valid t=0.0s
[     21s] main 30b c6402 ic_m4 planted_sub table completed_valid t=0.0s
[     21s] main 30b c6402 ic_m4 small_x_offset table completed_valid t=0.0s
[     21s] main 30b c6403 ic_m4 subgroup table completed_valid t=0.0s
[     21s] main 30b c6403 ic_m4 small_x table completed_valid t=0.0s
[     21s] main 30b c6403 ic_m4 random_sub_r0 table completed_valid t=0.0s
[     21s] main 30b c6403 ic_m4 random_sub_r1 table completed_valid t=0.0s
[     21s] main 30b c6403 ic_m4 random_sub_r2 table completed_valid t=0.0s
[     21s] main 30b c6403 ic_m4 known_null_sub table completed_valid t=0.0s
[     21s] main 30b c6403 ic_m4 planted_sub table completed_valid t=0.0s
[     21s] main 30b c6403 ic_m4 small_x_offset table completed_valid t=0.0s
[     22s] main 30b c6404 ic_m4 subgroup table completed_valid t=0.0s
[     22s] main 30b c6404 ic_m4 small_x table completed_valid t=0.0s
[     22s] main 30b c6404 ic_m4 random_sub_r0 table completed_valid t=0.0s
[     22s] main 30b c6404 ic_m4 random_sub_r1 table completed_valid t=0.0s
[     22s] main 30b c6404 ic_m4 random_sub_r2 table completed_valid t=0.0s
[     22s] main 30b c6404 ic_m4 known_null_sub table completed_valid t=0.0s
[     22s] main 30b c6404 ic_m4 planted_sub table completed_valid t=0.0s
[     22s] main 30b c6404 ic_m4 small_x_offset table completed_valid t=0.0s
[     22s] main 30b c6405 ic_m4 subgroup table completed_valid t=0.0s
[     22s] main 30b c6405 ic_m4 small_x table completed_valid t=0.0s
[     22s] main 30b c6405 ic_m4 random_sub_r0 table completed_valid t=0.0s
[     22s] main 30b c6405 ic_m4 random_sub_r1 table completed_valid t=0.0s
[     22s] main 30b c6405 ic_m4 random_sub_r2 table completed_valid t=0.0s
[     22s] main 30b c6405 ic_m4 known_null_sub table completed_valid t=0.0s
[     22s] main 30b c6405 ic_m4 planted_sub table completed_valid t=0.0s
[     22s] main 30b c6405 ic_m4 small_x_offset table completed_valid t=0.0s
[     22s] main 30b c6406 ic_m4 subgroup table completed_valid t=0.0s
[     22s] main 30b c6406 ic_m4 small_x table completed_valid t=0.0s
[     22s] main 30b c6406 ic_m4 random_sub_r0 table completed_valid t=0.0s
[     22s] main 30b c6406 ic_m4 random_sub_r1 table completed_valid t=0.0s
[     22s] main 30b c6406 ic_m4 random_sub_r2 table completed_valid t=0.0s
[     22s] main 30b c6406 ic_m4 known_null_sub table completed_valid t=0.0s
[     22s] main 30b c6406 ic_m4 planted_sub table completed_valid t=0.0s
[     22s] main 30b c6406 ic_m4 small_x_offset table completed_valid t=0.0s
[     22s] main 30b c6407 ic_m4 subgroup table completed_valid t=0.0s
[     22s] main 30b c6407 ic_m4 small_x table completed_valid t=0.0s
[     22s] main 30b c6407 ic_m4 random_sub_r0 table completed_valid t=0.0s
[     22s] main 30b c6407 ic_m4 random_sub_r1 table completed_valid t=0.0s
[     22s] main 30b c6407 ic_m4 random_sub_r2 table completed_valid t=0.0s
[     22s] main 30b c6407 ic_m4 known_null_sub table completed_valid t=0.0s
[     22s] main 30b c6407 ic_m4 planted_sub table completed_valid t=0.0s
[     22s] main 30b c6407 ic_m4 small_x_offset table completed_valid t=0.0s
[     22s] main 30b c6408 ic_m4 subgroup table completed_valid t=0.0s
[     22s] main 30b c6408 ic_m4 small_x table completed_valid t=0.0s
[     22s] main 30b c6408 ic_m4 random_sub_r0 table completed_valid t=0.0s
[     22s] main 30b c6408 ic_m4 random_sub_r1 table completed_valid t=0.0s
[     22s] main 30b c6408 ic_m4 random_sub_r2 table completed_valid t=0.0s
[     22s] main 30b c6408 ic_m4 known_null_sub table completed_valid t=0.0s
[     22s] main 30b c6408 ic_m4 planted_sub table completed_valid t=0.0s
[     22s] main 30b c6408 ic_m4 small_x_offset table completed_valid t=0.0s
[     23s] main 30b c6409 ic_m4 subgroup table completed_valid t=0.0s
[     23s] main 30b c6409 ic_m4 small_x table completed_valid t=0.0s
[     23s] main 30b c6409 ic_m4 random_sub_r0 table completed_valid t=0.0s
[     23s] main 30b c6409 ic_m4 random_sub_r1 table completed_valid t=0.0s
[     23s] main 30b c6409 ic_m4 random_sub_r2 table completed_valid t=0.0s
[     23s] main 30b c6409 ic_m4 known_null_sub table completed_valid t=0.0s
[     23s] main 30b c6409 ic_m4 planted_sub table completed_valid t=0.0s
[     23s] main 30b c6409 ic_m4 small_x_offset table completed_valid t=0.0s
