[2026-09-29T06:32:58.742373+00:00] attempt experiments/EXP-PFDR-1b78f7/runs/RUN-PFDR-1b78f7-j0/attempt-1: 35 jobs, max 4 processes, watchdog 86400 s, MemAvailable gate 4.0 GB, trigger: M-2: R14 runs all 35 jobs under the per-job procedure (M-1) from its start; no M-4 for R14
[2026-09-29T06:32:58.743406+00:00] job b24-c0 started (pid 26174; watchdog 86400.0 s; MemAvailable 15889223680 B)
[2026-09-29T06:32:58.743901+00:00] job b24-c1 started (pid 26175; watchdog 86400.0 s; MemAvailable 15889223680 B)
[2026-09-29T06:32:58.744348+00:00] job b24-c2 started (pid 26176; watchdog 86400.0 s; MemAvailable 15889223680 B)
[2026-09-29T06:32:58.744634+00:00] job b24-c3 started (pid 26177; watchdog 86400.0 s; MemAvailable 15889223680 B)
[2026-09-29T06:33:03.775717+00:00] job b24-c0 ended: exit 0 rows 9 statuses {'completed_valid': 9} wall 2.578 s peak_rss 47697920 abnormal False m4_trigger False
[2026-09-29T06:33:03.806254+00:00] job b24-c1 ended: exit 0 rows 9 statuses {'completed_valid': 9} wall 2.632 s peak_rss 49586176 abnormal False m4_trigger False
[2026-09-29T06:33:03.835254+00:00] job b24-c2 ended: exit 0 rows 9 statuses {'completed_valid': 9} wall 2.378 s peak_rss 47243264 abnormal False m4_trigger False
[2026-09-29T06:33:03.857542+00:00] job b24-c3 ended: exit 0 rows 9 statuses {'completed_valid': 9} wall 2.274 s peak_rss 46747648 abnormal False m4_trigger False
[2026-09-29T06:33:03.858196+00:00] job b24-c4 started (pid 26490; watchdog 86394.9 s; MemAvailable 15837691904 B)
[2026-09-29T06:33:03.858644+00:00] job b22-c0 started (pid 26491; watchdog 86394.9 s; MemAvailable 15837691904 B)
[2026-09-29T06:33:03.859082+00:00] job b22-c1 started (pid 26492; watchdog 86394.9 s; MemAvailable 15837691904 B)
[2026-09-29T06:33:03.859428+00:00] job b22-c2 started (pid 26493; watchdog 86394.9 s; MemAvailable 15837691904 B)
[2026-09-29T06:33:08.895684+00:00] job b24-c4 ended: exit 0 rows 9 statuses {'completed_valid': 9} wall 3.783 s peak_rss 52719616 abnormal False m4_trigger False
[2026-09-29T06:33:08.924372+00:00] job b22-c0 ended: exit 0 rows 9 statuses {'completed_valid': 9} wall 1.878 s peak_rss 45375488 abnormal False m4_trigger False
[2026-09-29T06:33:08.955013+00:00] job b22-c1 ended: exit 0 rows 9 statuses {'completed_valid': 9} wall 2.027 s peak_rss 46071808 abnormal False m4_trigger False
[2026-09-29T06:33:08.975138+00:00] job b22-c2 ended: exit 0 rows 9 statuses {'completed_valid': 9} wall 1.426 s peak_rss 43622400 abnormal False m4_trigger False
[2026-09-29T06:33:08.975998+00:00] job b22-c3 started (pid 26808; watchdog 86389.8 s; MemAvailable 15845945344 B)
[2026-09-29T06:33:08.976584+00:00] job b22-c4 started (pid 26809; watchdog 86389.8 s; MemAvailable 15845945344 B)
[2026-09-29T06:33:08.977185+00:00] job b20-c0 started (pid 26810; watchdog 86389.8 s; MemAvailable 15845945344 B)
[2026-09-29T06:33:08.977756+00:00] job b20-c1 started (pid 26811; watchdog 86389.8 s; MemAvailable 15845945344 B)
[2026-09-29T06:33:13.996994+00:00] job b22-c3 ended: exit 0 rows 9 statuses {'completed_valid': 9} wall 1.73 s peak_rss 43749376 abnormal False m4_trigger False
[2026-09-29T06:33:14.020892+00:00] job b22-c4 ended: exit 0 rows 9 statuses {'completed_valid': 9} wall 1.985 s peak_rss 44929024 abnormal False m4_trigger False
[2026-09-29T06:33:14.037707+00:00] job b20-c0 ended: exit 0 rows 9 statuses {'completed_valid': 9} wall 1.226 s peak_rss 41840640 abnormal False m4_trigger False
[2026-09-29T06:33:14.053229+00:00] job b20-c1 ended: exit 0 rows 9 statuses {'completed_valid': 9} wall 1.177 s peak_rss 41766912 abnormal False m4_trigger False
[2026-09-29T06:33:14.053983+00:00] job b20-c2 started (pid 27125; watchdog 86384.7 s; MemAvailable 15863152640 B)
[2026-09-29T06:33:14.054551+00:00] job b20-c3 started (pid 27126; watchdog 86384.7 s; MemAvailable 15863152640 B)
[2026-09-29T06:33:14.054997+00:00] job b20-c4 started (pid 27127; watchdog 86384.7 s; MemAvailable 15863152640 B)
[2026-09-29T06:33:14.059988+00:00] job b18-c0 started (pid 27128; watchdog 86384.7 s; MemAvailable 15863152640 B)
[2026-09-29T06:33:19.076846+00:00] job b20-c2 ended: exit 0 rows 9 statuses {'completed_valid': 9} wall 0.973 s peak_rss 41680896 abnormal False m4_trigger False
[2026-09-29T06:33:19.092948+00:00] job b20-c3 ended: exit 0 rows 9 statuses {'completed_valid': 9} wall 0.972 s peak_rss 42323968 abnormal False m4_trigger False
[2026-09-29T06:33:19.109963+00:00] job b20-c4 ended: exit 0 rows 9 statuses {'completed_valid': 9} wall 0.974 s peak_rss 41725952 abnormal False m4_trigger False
[2026-09-29T06:33:19.126050+00:00] job b18-c0 ended: exit 0 rows 9 statuses {'completed_valid': 9} wall 1.074 s peak_rss 41332736 abnormal False m4_trigger False
[2026-09-29T06:33:19.126633+00:00] job b18-c1 started (pid 27443; watchdog 86379.6 s; MemAvailable 15856185344 B)
[2026-09-29T06:33:19.127149+00:00] job b18-c2 started (pid 27444; watchdog 86379.6 s; MemAvailable 15856185344 B)
[2026-09-29T06:33:19.127589+00:00] job b18-c3 started (pid 27445; watchdog 86379.6 s; MemAvailable 15856185344 B)
[2026-09-29T06:33:19.127929+00:00] job b18-c4 started (pid 27446; watchdog 86379.6 s; MemAvailable 15856185344 B)
[2026-09-29T06:33:24.146426+00:00] job b18-c1 ended: exit 0 rows 9 statuses {'completed_valid': 9} wall 0.773 s peak_rss 41316352 abnormal False m4_trigger False
[2026-09-29T06:33:24.160353+00:00] job b18-c2 ended: exit 0 rows 9 statuses {'completed_valid': 9} wall 0.624 s peak_rss 41275392 abnormal False m4_trigger False
[2026-09-29T06:33:24.187040+00:00] job b18-c3 ended: exit 0 rows 9 statuses {'completed_valid': 9} wall 1.38 s peak_rss 43081728 abnormal False m4_trigger False
[2026-09-29T06:33:24.199140+00:00] job b18-c4 ended: exit 0 rows 9 statuses {'completed_valid': 9} wall 0.774 s peak_rss 41336832 abnormal False m4_trigger False
[2026-09-29T06:33:24.199923+00:00] job b16-c0 started (pid 27759; watchdog 86374.5 s; MemAvailable 15863123968 B)
[2026-09-29T06:33:24.200558+00:00] job b16-c1 started (pid 27760; watchdog 86374.5 s; MemAvailable 15863324672 B)
[2026-09-29T06:33:24.201038+00:00] job b16-c2 started (pid 27761; watchdog 86374.5 s; MemAvailable 15863324672 B)
[2026-09-29T06:33:24.201340+00:00] job b16-c3 started (pid 27762; watchdog 86374.5 s; MemAvailable 15863324672 B)
[2026-09-29T06:33:29.212716+00:00] job b16-c0 ended: exit 0 rows 9 statuses {'completed_valid': 9} wall 0.421 s peak_rss 41304064 abnormal False m4_trigger False
[2026-09-29T06:33:29.224392+00:00] job b16-c1 ended: exit 0 rows 9 statuses {'completed_valid': 9} wall 0.623 s peak_rss 41226240 abnormal False m4_trigger False
[2026-09-29T06:33:29.234501+00:00] job b16-c2 ended: exit 0 rows 9 statuses {'completed_valid': 9} wall 0.521 s peak_rss 41205760 abnormal False m4_trigger False
[2026-09-29T06:33:29.248709+00:00] job b16-c3 ended: exit 0 rows 9 statuses {'completed_valid': 9} wall 0.769 s peak_rss 41476096 abnormal False m4_trigger False
[2026-09-29T06:33:29.249362+00:00] job b16-c4 started (pid 28077; watchdog 86369.5 s; MemAvailable 15865643008 B)
[2026-09-29T06:33:29.249914+00:00] job b14-c0 started (pid 28078; watchdog 86369.5 s; MemAvailable 15865643008 B)
[2026-09-29T06:33:29.250360+00:00] job b14-c1 started (pid 28079; watchdog 86369.5 s; MemAvailable 15865643008 B)
[2026-09-29T06:33:29.251408+00:00] job b14-c2 started (pid 28080; watchdog 86369.5 s; MemAvailable 15865643008 B)
[2026-09-29T06:33:34.269559+00:00] job b16-c4 ended: exit 0 rows 9 statuses {'completed_valid': 9} wall 0.622 s peak_rss 41316352 abnormal False m4_trigger False
[2026-09-29T06:33:34.277636+00:00] job b14-c0 ended: exit 0 rows 9 statuses {'completed_valid': 9} wall 0.369 s peak_rss 41275392 abnormal False m4_trigger False
[2026-09-29T06:33:34.289024+00:00] job b14-c1 ended: exit 0 rows 9 statuses {'completed_valid': 9} wall 0.319 s peak_rss 41304064 abnormal False m4_trigger False
[2026-09-29T06:33:34.298580+00:00] job b14-c2 ended: exit 0 rows 9 statuses {'completed_valid': 9} wall 0.321 s peak_rss 41336832 abnormal False m4_trigger False
[2026-09-29T06:33:34.299418+00:00] job b14-c3 started (pid 28393; watchdog 86364.4 s; MemAvailable 15865421824 B)
[2026-09-29T06:33:34.299903+00:00] job b14-c4 started (pid 28394; watchdog 86364.4 s; MemAvailable 15865163776 B)
[2026-09-29T06:33:34.300340+00:00] job b12-c0 started (pid 28395; watchdog 86364.4 s; MemAvailable 15865163776 B)
[2026-09-29T06:33:34.300644+00:00] job b12-c1 started (pid 28396; watchdog 86364.4 s; MemAvailable 15865163776 B)
[2026-09-29T06:33:39.313067+00:00] job b14-c3 ended: exit 0 rows 9 statuses {'completed_valid': 9} wall 0.371 s peak_rss 41144320 abnormal False m4_trigger False
[2026-09-29T06:33:39.324095+00:00] job b14-c4 ended: exit 0 rows 9 statuses {'completed_valid': 9} wall 0.374 s peak_rss 41336832 abnormal False m4_trigger False
[2026-09-29T06:33:39.332588+00:00] job b12-c0 ended: exit 0 rows 9 statuses {'completed_valid': 9} wall 0.275 s peak_rss 41230336 abnormal False m4_trigger False
[2026-09-29T06:33:39.341686+00:00] job b12-c1 ended: exit 0 rows 9 statuses {'completed_valid': 9} wall 0.269 s peak_rss 41197568 abnormal False m4_trigger False
[2026-09-29T06:33:39.342333+00:00] job b12-c2 started (pid 28711; watchdog 86359.4 s; MemAvailable 15850283008 B)
[2026-09-29T06:33:39.342772+00:00] job b12-c3 started (pid 28712; watchdog 86359.4 s; MemAvailable 15850283008 B)
[2026-09-29T06:33:39.343143+00:00] job b12-c4 started (pid 28713; watchdog 86359.4 s; MemAvailable 15850082304 B)
[2026-09-29T06:33:44.353418+00:00] job b12-c2 ended: exit 0 rows 9 statuses {'completed_valid': 9} wall 0.324 s peak_rss 41336832 abnormal False m4_trigger False
[2026-09-29T06:33:44.360824+00:00] job b12-c3 ended: exit 0 rows 9 statuses {'completed_valid': 9} wall 0.371 s peak_rss 41148416 abnormal False m4_trigger False
[2026-09-29T06:33:44.369614+00:00] job b12-c4 ended: exit 0 rows 9 statuses {'completed_valid': 9} wall 0.372 s peak_rss 41230336 abnormal False m4_trigger False
[2026-09-29T06:33:49.376895+00:00] attempt done: 35 jobs ended, not started [] (None); wall 50.6 s
$ merge_census.py summarize --attempt-dir experiments/EXP-PFDR-1b78f7/runs/RUN-PFDR-1b78f7-j0/attempt-1 --run-id RUN-PFDR-1b78f7-j0
{"completeness": {"expected_keys": 315, "keys_present": 315, "keys_missing": 0, "duplicates": [], "non_job_rows": 0}, "status_totals": {"completed_valid": 315}, "gates": {"G4": true, "G5": true, "G6_G7": true, "harvest_instances": 280, "solved": 315, "verified": 315}}
[exit 0]
