[      1s] main 30b c210 ic_m5 subgroup table completed_valid t=0.1s
[      1s] main 30b c210 ic_m5 dickson table completed_valid t=0.1s
[      1s] main 30b c210 ic_m5 small_x table completed_valid t=0.1s
[      1s] main 30b c210 ic_m5 random_sub_r0 table completed_valid t=0.1s
[      1s] main 30b c210 ic_m5 random_sub_r1 table completed_valid t=0.1s
[      1s] main 30b c210 ic_m5 random_sub_r2 table completed_valid t=0.1s
[      1s] main 30b c210 ic_m5 known_null_sub table completed_valid t=0.1s
[      1s] main 30b c210 ic_m5 random_dick_r0 table completed_valid t=0.1s
[      1s] main 30b c210 ic_m5 random_dick_r1 table completed_valid t=0.1s
[      1s] main 30b c210 ic_m5 random_dick_r2 table completed_valid t=0.1s
[      1s] main 30b c210 ic_m5 known_null_dick table completed_valid t=0.1s
[      2s] main 30b c211 ic_m5 subgroup table completed_valid t=0.1s
[      2s] main 30b c211 ic_m5 dickson table completed_valid t=0.1s
[      2s] main 30b c211 ic_m5 small_x table completed_valid t=0.1s
[      2s] main 30b c211 ic_m5 random_sub_r0 table completed_valid t=0.1s
[      2s] main 30b c211 ic_m5 random_sub_r1 table completed_valid t=0.1s
[      2s] main 30b c211 ic_m5 random_sub_r2 table completed_valid t=0.1s
[      2s] main 30b c211 ic_m5 known_null_sub table completed_valid t=0.1s
[      2s] main 30b c211 ic_m5 random_dick_r0 table completed_valid t=0.1s
[      2s] main 30b c211 ic_m5 random_dick_r1 table completed_valid t=0.1s
[      2s] main 30b c211 ic_m5 random_dick_r2 table completed_valid t=0.1s
[      2s] main 30b c211 ic_m5 known_null_dick table completed_valid t=0.1s
[      2s] main 30b c212 ic_m5 subgroup table completed_valid t=0.0s
[      2s] main 30b c212 ic_m5 dickson table completed_valid t=0.0s
[      2s] main 30b c212 ic_m5 small_x table completed_valid t=0.1s
[      2s] main 30b c212 ic_m5 random_sub_r0 table completed_valid t=0.1s
[      2s] main 30b c212 ic_m5 random_sub_r1 table completed_valid t=0.1s
[      2s] main 30b c212 ic_m5 random_sub_r2 table completed_valid t=0.0s
[      2s] main 30b c212 ic_m5 known_null_sub table completed_valid t=0.1s
[      2s] main 30b c212 ic_m5 random_dick_r0 table completed_valid t=0.0s
[      2s] main 30b c212 ic_m5 random_dick_r1 table completed_valid t=0.0s
[      2s] main 30b c212 ic_m5 random_dick_r2 table completed_valid t=0.0s
[      2s] main 30b c212 ic_m5 known_null_dick table completed_valid t=0.0s
[      3s] main 30b c213 ic_m5 subgroup table completed_valid t=0.1s
[      3s] main 30b c213 ic_m5 dickson table completed_valid t=0.0s
[      3s] main 30b c213 ic_m5 small_x table completed_valid t=0.0s
[      3s] main 30b c213 ic_m5 random_sub_r0 table completed_valid t=0.0s
[      3s] main 30b c213 ic_m5 random_sub_r1 table completed_valid t=0.1s
[      3s] main 30b c213 ic_m5 random_sub_r2 table completed_valid t=0.1s
[      3s] main 30b c213 ic_m5 known_null_sub table completed_valid t=0.1s
[      3s] main 30b c213 ic_m5 random_dick_r0 table completed_valid t=0.1s
[      3s] main 30b c213 ic_m5 random_dick_r1 table completed_valid t=0.1s
[      3s] main 30b c213 ic_m5 random_dick_r2 table completed_valid t=0.1s
[      3s] main 30b c213 ic_m5 known_null_dick table completed_valid t=0.1s
[      4s] main 30b c214 ic_m5 subgroup table completed_valid t=0.1s
[      4s] main 30b c214 ic_m5 dickson table completed_valid t=0.1s
[      4s] main 30b c214 ic_m5 small_x table completed_valid t=0.0s
[      4s] main 30b c214 ic_m5 random_sub_r0 table completed_valid t=0.1s
[      4s] main 30b c214 ic_m5 random_sub_r1 table completed_valid t=0.1s
[      4s] main 30b c214 ic_m5 random_sub_r2 table completed_valid t=0.1s
[      4s] main 30b c214 ic_m5 known_null_sub table completed_valid t=0.1s
[      4s] main 30b c214 ic_m5 random_dick_r0 table completed_valid t=0.1s
[      4s] main 30b c214 ic_m5 random_dick_r1 table completed_valid t=0.1s
[      4s] main 30b c214 ic_m5 random_dick_r2 table completed_valid t=0.1s
[      4s] main 30b c214 ic_m5 known_null_dick table completed_valid t=0.1s
[      5s] main 30b c215 ic_m5 subgroup table completed_valid t=0.1s
[      5s] main 30b c215 ic_m5 dickson table completed_valid t=0.1s
[      5s] main 30b c215 ic_m5 small_x table completed_valid t=0.1s
[      5s] main 30b c215 ic_m5 random_sub_r0 table completed_valid t=0.1s
[      5s] main 30b c215 ic_m5 random_sub_r1 table completed_valid t=0.1s
[      5s] main 30b c215 ic_m5 random_sub_r2 table completed_valid t=0.1s
[      5s] main 30b c215 ic_m5 known_null_sub table completed_valid t=0.1s
[      5s] main 30b c215 ic_m5 random_dick_r0 table completed_valid t=0.1s
[      5s] main 30b c215 ic_m5 random_dick_r1 table completed_valid t=0.1s
[      5s] main 30b c215 ic_m5 random_dick_r2 table completed_valid t=0.1s
[      5s] main 30b c215 ic_m5 known_null_dick table completed_valid t=0.1s
[      6s] main 30b c216 ic_m5 subgroup table completed_valid t=0.1s
[      6s] main 30b c216 ic_m5 dickson table completed_valid t=0.1s
[      6s] main 30b c216 ic_m5 small_x table completed_valid t=0.1s
[      6s] main 30b c216 ic_m5 random_sub_r0 table completed_valid t=0.1s
[      6s] main 30b c216 ic_m5 random_sub_r1 table completed_valid t=0.1s
[      6s] main 30b c216 ic_m5 random_sub_r2 table completed_valid t=0.1s
[      6s] main 30b c216 ic_m5 known_null_sub table completed_valid t=0.1s
[      6s] main 30b c216 ic_m5 random_dick_r0 table completed_valid t=0.1s
[      6s] main 30b c216 ic_m5 random_dick_r1 table completed_valid t=0.1s
[      6s] main 30b c216 ic_m5 random_dick_r2 table completed_valid t=0.1s
[      6s] main 30b c216 ic_m5 known_null_dick table completed_valid t=0.1s
[      7s] main 30b c217 ic_m5 subgroup table completed_valid t=0.1s
[      7s] main 30b c217 ic_m5 dickson table completed_valid t=0.1s
[      7s] main 30b c217 ic_m5 small_x table completed_valid t=0.1s
[      7s] main 30b c217 ic_m5 random_sub_r0 table completed_valid t=0.1s
[      7s] main 30b c217 ic_m5 random_sub_r1 table completed_valid t=0.1s
[      7s] main 30b c217 ic_m5 random_sub_r2 table completed_valid t=0.1s
[      7s] main 30b c217 ic_m5 known_null_sub table completed_valid t=0.1s
[      7s] main 30b c217 ic_m5 random_dick_r0 table completed_valid t=0.1s
[      7s] main 30b c217 ic_m5 random_dick_r1 table completed_valid t=0.1s
[      7s] main 30b c217 ic_m5 random_dick_r2 table completed_valid t=0.1s
[      7s] main 30b c217 ic_m5 known_null_dick table completed_valid t=0.1s
[      8s] main 30b c218 ic_m5 subgroup table completed_valid t=0.1s
[      8s] main 30b c218 ic_m5 dickson table completed_valid t=0.1s
[      8s] main 30b c218 ic_m5 small_x table completed_valid t=0.1s
[      8s] main 30b c218 ic_m5 random_sub_r0 table completed_valid t=0.1s
[      8s] main 30b c218 ic_m5 random_sub_r1 table completed_valid t=0.1s
[      8s] main 30b c218 ic_m5 random_sub_r2 table completed_valid t=0.1s
[      8s] main 30b c218 ic_m5 known_null_sub table completed_valid t=0.1s
[      8s] main 30b c218 ic_m5 random_dick_r0 table completed_valid t=0.1s
[      8s] main 30b c218 ic_m5 random_dick_r1 table completed_valid t=0.1s
[      8s] main 30b c218 ic_m5 random_dick_r2 table completed_valid t=0.1s
[      8s] main 30b c218 ic_m5 known_null_dick table completed_valid t=0.1s
[      8s] main 30b c219 ic_m5 subgroup table completed_valid t=0.0s
[      8s] main 30b c219 ic_m5 dickson table completed_valid t=0.1s
[      8s] main 30b c219 ic_m5 small_x table completed_valid t=0.0s
[      8s] main 30b c219 ic_m5 random_sub_r0 table completed_valid t=0.0s
[      8s] main 30b c219 ic_m5 random_sub_r1 table completed_valid t=0.0s
[      8s] main 30b c219 ic_m5 random_sub_r2 table completed_valid t=0.0s
[      8s] main 30b c219 ic_m5 known_null_sub table completed_valid t=0.0s
[      8s] main 30b c219 ic_m5 random_dick_r0 table completed_valid t=0.1s
[      8s] main 30b c219 ic_m5 random_dick_r1 table completed_valid t=0.1s
[      8s] main 30b c219 ic_m5 random_dick_r2 table completed_valid t=0.1s
[      8s] main 30b c219 ic_m5 known_null_dick table completed_valid t=0.1s
[      9s] main 30b c220 ic_m5 subgroup table completed_valid t=0.1s
[      9s] main 30b c220 ic_m5 dickson table completed_valid t=0.1s
[      9s] main 30b c220 ic_m5 small_x table completed_valid t=0.0s
[      9s] main 30b c220 ic_m5 random_sub_r0 table completed_valid t=0.1s
[      9s] main 30b c220 ic_m5 random_sub_r1 table completed_valid t=0.1s
[      9s] main 30b c220 ic_m5 random_sub_r2 table completed_valid t=0.1s
[      9s] main 30b c220 ic_m5 known_null_sub table completed_valid t=0.1s
[      9s] main 30b c220 ic_m5 random_dick_r0 table completed_valid t=0.1s
[      9s] main 30b c220 ic_m5 random_dick_r1 table completed_valid t=0.1s
[      9s] main 30b c220 ic_m5 random_dick_r2 table completed_valid t=0.1s
[      9s] main 30b c220 ic_m5 known_null_dick table completed_valid t=0.1s
[     10s] main 30b c221 ic_m5 subgroup table completed_valid t=0.1s
[     10s] main 30b c221 ic_m5 dickson table completed_valid t=0.1s
[     10s] main 30b c221 ic_m5 small_x table completed_valid t=0.1s
[     10s] main 30b c221 ic_m5 random_sub_r0 table completed_valid t=0.1s
[     10s] main 30b c221 ic_m5 random_sub_r1 table completed_valid t=0.1s
[     10s] main 30b c221 ic_m5 random_sub_r2 table completed_valid t=0.1s
[     10s] main 30b c221 ic_m5 known_null_sub table completed_valid t=0.1s
[     10s] main 30b c221 ic_m5 random_dick_r0 table completed_valid t=0.1s
[     10s] main 30b c221 ic_m5 random_dick_r1 table completed_valid t=0.1s
[     10s] main 30b c221 ic_m5 random_dick_r2 table completed_valid t=0.1s
[     10s] main 30b c221 ic_m5 known_null_dick table completed_valid t=0.1s
[     11s] main 30b c222 ic_m5 subgroup table completed_valid t=0.0s
[     11s] main 30b c222 ic_m5 dickson table completed_valid t=0.1s
[     11s] main 30b c222 ic_m5 small_x table completed_valid t=0.0s
[     11s] main 30b c222 ic_m5 random_sub_r0 table completed_valid t=0.0s
[     11s] main 30b c222 ic_m5 random_sub_r1 table completed_valid t=0.0s
[     11s] main 30b c222 ic_m5 random_sub_r2 table completed_valid t=0.0s
[     11s] main 30b c222 ic_m5 known_null_sub table completed_valid t=0.1s
[     11s] main 30b c222 ic_m5 random_dick_r0 table completed_valid t=0.1s
[     11s] main 30b c222 ic_m5 random_dick_r1 table completed_valid t=0.1s
[     11s] main 30b c222 ic_m5 random_dick_r2 table completed_valid t=0.1s
[     11s] main 30b c222 ic_m5 known_null_dick table completed_valid t=0.1s
[     12s] main 30b c223 ic_m5 subgroup table completed_valid t=0.1s
[     12s] main 30b c223 ic_m5 dickson table completed_valid t=0.2s
[     12s] main 30b c223 ic_m5 small_x table completed_valid t=0.1s
[     12s] main 30b c223 ic_m5 random_sub_r0 table completed_valid t=0.1s
[     12s] main 30b c223 ic_m5 random_sub_r1 table completed_valid t=0.1s
[     12s] main 30b c223 ic_m5 random_sub_r2 table completed_valid t=0.1s
[     12s] main 30b c223 ic_m5 known_null_sub table completed_valid t=0.1s
[     12s] main 30b c223 ic_m5 random_dick_r0 table completed_valid t=0.1s
[     12s] main 30b c223 ic_m5 random_dick_r1 table completed_valid t=0.1s
[     12s] main 30b c223 ic_m5 random_dick_r2 table completed_valid t=0.1s
[     12s] main 30b c223 ic_m5 known_null_dick table completed_valid t=0.1s
[     13s] main 30b c224 ic_m5 subgroup table completed_valid t=0.1s
[     13s] main 30b c224 ic_m5 dickson table completed_valid t=0.1s
[     13s] main 30b c224 ic_m5 small_x table completed_valid t=0.1s
[     13s] main 30b c224 ic_m5 random_sub_r0 table completed_valid t=0.1s
[     13s] main 30b c224 ic_m5 random_sub_r1 table completed_valid t=0.1s
[     13s] main 30b c224 ic_m5 random_sub_r2 table completed_valid t=0.1s
[     13s] main 30b c224 ic_m5 known_null_sub table completed_valid t=0.1s
[     13s] main 30b c224 ic_m5 random_dick_r0 table completed_valid t=0.1s
[     13s] main 30b c224 ic_m5 random_dick_r1 table completed_valid t=0.1s
[     13s] main 30b c224 ic_m5 random_dick_r2 table completed_valid t=0.2s
[     13s] main 30b c224 ic_m5 known_null_dick table completed_valid t=0.1s
[     15s] main 30b c225 ic_m5 subgroup table completed_valid t=0.1s
[     15s] main 30b c225 ic_m5 dickson table completed_valid t=0.1s
[     15s] main 30b c225 ic_m5 small_x table completed_valid t=0.1s
[     15s] main 30b c225 ic_m5 random_sub_r0 table completed_valid t=0.1s
[     15s] main 30b c225 ic_m5 random_sub_r1 table completed_valid t=0.1s
[     15s] main 30b c225 ic_m5 random_sub_r2 table completed_valid t=0.1s
[     15s] main 30b c225 ic_m5 known_null_sub table completed_valid t=0.1s
[     15s] main 30b c225 ic_m5 random_dick_r0 table completed_valid t=0.2s
[     15s] main 30b c225 ic_m5 random_dick_r1 table completed_valid t=0.1s
[     15s] main 30b c225 ic_m5 random_dick_r2 table completed_valid t=0.1s
[     15s] main 30b c225 ic_m5 known_null_dick table completed_valid t=0.1s
[     16s] main 30b c226 ic_m5 subgroup table completed_valid t=0.1s
[     16s] main 30b c226 ic_m5 dickson table completed_valid t=0.1s
[     16s] main 30b c226 ic_m5 small_x table completed_valid t=0.1s
[     16s] main 30b c226 ic_m5 random_sub_r0 table completed_valid t=0.1s
[     16s] main 30b c226 ic_m5 random_sub_r1 table completed_valid t=0.1s
[     16s] main 30b c226 ic_m5 random_sub_r2 table completed_valid t=0.1s
[     16s] main 30b c226 ic_m5 known_null_sub table completed_valid t=0.1s
[     16s] main 30b c226 ic_m5 random_dick_r0 table completed_valid t=0.1s
[     16s] main 30b c226 ic_m5 random_dick_r1 table completed_valid t=0.1s
[     16s] main 30b c226 ic_m5 random_dick_r2 table completed_valid t=0.1s
[     16s] main 30b c226 ic_m5 known_null_dick table completed_valid t=0.1s
[     17s] main 30b c227 ic_m5 subgroup table completed_valid t=0.1s
[     17s] main 30b c227 ic_m5 dickson table completed_valid t=0.1s
[     17s] main 30b c227 ic_m5 small_x table completed_valid t=0.1s
[     17s] main 30b c227 ic_m5 random_sub_r0 table completed_valid t=0.1s
[     17s] main 30b c227 ic_m5 random_sub_r1 table completed_valid t=0.1s
[     17s] main 30b c227 ic_m5 random_sub_r2 table completed_valid t=0.1s
[     17s] main 30b c227 ic_m5 known_null_sub table completed_valid t=0.1s
[     17s] main 30b c227 ic_m5 random_dick_r0 table completed_valid t=0.1s
[     17s] main 30b c227 ic_m5 random_dick_r1 table completed_valid t=0.1s
[     17s] main 30b c227 ic_m5 random_dick_r2 table completed_valid t=0.1s
[     17s] main 30b c227 ic_m5 known_null_dick table completed_valid t=0.1s
[     18s] main 30b c228 ic_m5 subgroup table completed_valid t=0.1s
[     18s] main 30b c228 ic_m5 dickson table completed_valid t=0.1s
[     18s] main 30b c228 ic_m5 small_x table completed_valid t=0.1s
[     18s] main 30b c228 ic_m5 random_sub_r0 table completed_valid t=0.1s
[     18s] main 30b c228 ic_m5 random_sub_r1 table completed_valid t=0.1s
[     18s] main 30b c228 ic_m5 random_sub_r2 table completed_valid t=0.1s
[     18s] main 30b c228 ic_m5 known_null_sub table completed_valid t=0.1s
[     18s] main 30b c228 ic_m5 random_dick_r0 table completed_valid t=0.1s
[     18s] main 30b c228 ic_m5 random_dick_r1 table completed_valid t=0.1s
[     18s] main 30b c228 ic_m5 random_dick_r2 table completed_valid t=0.1s
[     18s] main 30b c228 ic_m5 known_null_dick table completed_valid t=0.1s
[     19s] main 30b c229 ic_m5 subgroup table completed_valid t=0.1s
[     19s] main 30b c229 ic_m5 dickson table completed_valid t=0.1s
[     19s] main 30b c229 ic_m5 small_x table completed_valid t=0.1s
[     19s] main 30b c229 ic_m5 random_sub_r0 table completed_valid t=0.1s
[     19s] main 30b c229 ic_m5 random_sub_r1 table completed_valid t=0.1s
[     19s] main 30b c229 ic_m5 random_sub_r2 table completed_valid t=0.1s
[     19s] main 30b c229 ic_m5 known_null_sub table completed_valid t=0.1s
[     19s] main 30b c229 ic_m5 random_dick_r0 table completed_valid t=0.1s
[     19s] main 30b c229 ic_m5 random_dick_r1 table completed_valid t=0.1s
[     19s] main 30b c229 ic_m5 random_dick_r2 table completed_valid t=0.1s
[     19s] main 30b c229 ic_m5 known_null_dick table completed_valid t=0.1s
[     20s] main 30b c230 ic_m5 subgroup table completed_valid t=0.1s
[     20s] main 30b c230 ic_m5 dickson table completed_valid t=0.1s
[     20s] main 30b c230 ic_m5 small_x table completed_valid t=0.1s
[     20s] main 30b c230 ic_m5 random_sub_r0 table completed_valid t=0.1s
[     20s] main 30b c230 ic_m5 random_sub_r1 table completed_valid t=0.1s
[     20s] main 30b c230 ic_m5 random_sub_r2 table completed_valid t=0.1s
[     20s] main 30b c230 ic_m5 known_null_sub table completed_valid t=0.1s
[     20s] main 30b c230 ic_m5 random_dick_r0 table completed_valid t=0.1s
[     20s] main 30b c230 ic_m5 random_dick_r1 table completed_valid t=0.1s
[     20s] main 30b c230 ic_m5 random_dick_r2 table completed_valid t=0.1s
[     20s] main 30b c230 ic_m5 known_null_dick table completed_valid t=0.1s
[     21s] main 30b c231 ic_m5 subgroup table completed_valid t=0.1s
[     21s] main 30b c231 ic_m5 dickson table completed_valid t=0.0s
[     21s] main 30b c231 ic_m5 small_x table completed_valid t=0.1s
[     21s] main 30b c231 ic_m5 random_sub_r0 table completed_valid t=0.1s
[     21s] main 30b c231 ic_m5 random_sub_r1 table completed_valid t=0.1s
[     21s] main 30b c231 ic_m5 random_sub_r2 table completed_valid t=0.1s
[     21s] main 30b c231 ic_m5 known_null_sub table completed_valid t=0.1s
[     21s] main 30b c231 ic_m5 random_dick_r0 table completed_valid t=0.0s
[     21s] main 30b c231 ic_m5 random_dick_r1 table completed_valid t=0.0s
[     21s] main 30b c231 ic_m5 random_dick_r2 table completed_valid t=0.1s
[     21s] main 30b c231 ic_m5 known_null_dick table completed_valid t=0.1s
[     22s] main 30b c232 ic_m5 subgroup table completed_valid t=0.1s
[     22s] main 30b c232 ic_m5 dickson table completed_valid t=0.1s
[     22s] main 30b c232 ic_m5 small_x table completed_valid t=0.0s
[     22s] main 30b c232 ic_m5 random_sub_r0 table completed_valid t=0.1s
[     22s] main 30b c232 ic_m5 random_sub_r1 table completed_valid t=0.1s
[     22s] main 30b c232 ic_m5 random_sub_r2 table completed_valid t=0.1s
[     22s] main 30b c232 ic_m5 known_null_sub table completed_valid t=0.1s
[     22s] main 30b c232 ic_m5 random_dick_r0 table completed_valid t=0.1s
[     22s] main 30b c232 ic_m5 random_dick_r1 table completed_valid t=0.1s
[     22s] main 30b c232 ic_m5 random_dick_r2 table completed_valid t=0.1s
[     22s] main 30b c232 ic_m5 known_null_dick table completed_valid t=0.1s
[     22s] main 30b c233 ic_m5 subgroup table completed_valid t=0.1s
[     22s] main 30b c233 ic_m5 dickson table completed_valid t=0.1s
[     22s] main 30b c233 ic_m5 small_x table completed_valid t=0.1s
[     22s] main 30b c233 ic_m5 random_sub_r0 table completed_valid t=0.1s
[     22s] main 30b c233 ic_m5 random_sub_r1 table completed_valid t=0.1s
[     22s] main 30b c233 ic_m5 random_sub_r2 table completed_valid t=0.1s
[     22s] main 30b c233 ic_m5 known_null_sub table completed_valid t=0.1s
[     22s] main 30b c233 ic_m5 random_dick_r0 table completed_valid t=0.1s
[     22s] main 30b c233 ic_m5 random_dick_r1 table completed_valid t=0.1s
[     22s] main 30b c233 ic_m5 random_dick_r2 table completed_valid t=0.1s
[     22s] main 30b c233 ic_m5 known_null_dick table completed_valid t=0.1s
[     23s] main 30b c234 ic_m5 subgroup table completed_valid t=0.1s
[     23s] main 30b c234 ic_m5 dickson table completed_valid t=0.1s
[     23s] main 30b c234 ic_m5 small_x table completed_valid t=0.1s
[     23s] main 30b c234 ic_m5 random_sub_r0 table completed_valid t=0.1s
[     23s] main 30b c234 ic_m5 random_sub_r1 table completed_valid t=0.1s
[     23s] main 30b c234 ic_m5 random_sub_r2 table completed_valid t=0.1s
[     23s] main 30b c234 ic_m5 known_null_sub table completed_valid t=0.1s
[     23s] main 30b c234 ic_m5 random_dick_r0 table completed_valid t=0.1s
[     23s] main 30b c234 ic_m5 random_dick_r1 table completed_valid t=0.1s
[     23s] main 30b c234 ic_m5 random_dick_r2 table completed_valid t=0.1s
[     23s] main 30b c234 ic_m5 known_null_dick table completed_valid t=0.1s
[     25s] main 30b c235 ic_m5 subgroup table completed_valid t=0.2s
[     25s] main 30b c235 ic_m5 dickson table completed_valid t=0.1s
[     25s] main 30b c235 ic_m5 small_x table completed_valid t=0.1s
[     25s] main 30b c235 ic_m5 random_sub_r0 table completed_valid t=0.1s
[     25s] main 30b c235 ic_m5 random_sub_r1 table completed_valid t=0.1s
[     25s] main 30b c235 ic_m5 random_sub_r2 table completed_valid t=0.1s
[     25s] main 30b c235 ic_m5 known_null_sub table completed_valid t=0.1s
[     25s] main 30b c235 ic_m5 random_dick_r0 table completed_valid t=0.1s
[     25s] main 30b c235 ic_m5 random_dick_r1 table completed_valid t=0.1s
[     25s] main 30b c235 ic_m5 random_dick_r2 table completed_valid t=0.1s
[     25s] main 30b c235 ic_m5 known_null_dick table completed_valid t=0.1s
[     26s] main 30b c236 ic_m5 subgroup table completed_valid t=0.1s
[     26s] main 30b c236 ic_m5 dickson table completed_valid t=0.2s
[     26s] main 30b c236 ic_m5 small_x table completed_valid t=0.1s
[     26s] main 30b c236 ic_m5 random_sub_r0 table completed_valid t=0.1s
[     26s] main 30b c236 ic_m5 random_sub_r1 table completed_valid t=0.1s
[     26s] main 30b c236 ic_m5 random_sub_r2 table completed_valid t=0.1s
[     26s] main 30b c236 ic_m5 known_null_sub table completed_valid t=0.1s
[     26s] main 30b c236 ic_m5 random_dick_r0 table completed_valid t=0.1s
[     26s] main 30b c236 ic_m5 random_dick_r1 table completed_valid t=0.1s
[     26s] main 30b c236 ic_m5 random_dick_r2 table completed_valid t=0.1s
[     26s] main 30b c236 ic_m5 known_null_dick table completed_valid t=0.1s
[     27s] main 30b c237 ic_m5 subgroup table completed_valid t=0.1s
[     27s] main 30b c237 ic_m5 dickson table completed_valid t=0.1s
[     27s] main 30b c237 ic_m5 small_x table completed_valid t=0.0s
[     27s] main 30b c237 ic_m5 random_sub_r0 table completed_valid t=0.1s
[     27s] main 30b c237 ic_m5 random_sub_r1 table completed_valid t=0.1s
[     27s] main 30b c237 ic_m5 random_sub_r2 table completed_valid t=0.1s
[     27s] main 30b c237 ic_m5 known_null_sub table completed_valid t=0.0s
[     27s] main 30b c237 ic_m5 random_dick_r0 table completed_valid t=0.1s
[     27s] main 30b c237 ic_m5 random_dick_r1 table completed_valid t=0.1s
[     27s] main 30b c237 ic_m5 random_dick_r2 table completed_valid t=0.1s
[     27s] main 30b c237 ic_m5 known_null_dick table completed_valid t=0.1s
[     28s] main 30b c238 ic_m5 subgroup table completed_valid t=0.1s
[     28s] main 30b c238 ic_m5 dickson table completed_valid t=0.1s
[     28s] main 30b c238 ic_m5 small_x table completed_valid t=0.1s
[     28s] main 30b c238 ic_m5 random_sub_r0 table completed_valid t=0.1s
[     28s] main 30b c238 ic_m5 random_sub_r1 table completed_valid t=0.1s
[     28s] main 30b c238 ic_m5 random_sub_r2 table completed_valid t=0.1s
[     28s] main 30b c238 ic_m5 known_null_sub table completed_valid t=0.1s
[     28s] main 30b c238 ic_m5 random_dick_r0 table completed_valid t=0.1s
[     28s] main 30b c238 ic_m5 random_dick_r1 table completed_valid t=0.1s
[     28s] main 30b c238 ic_m5 random_dick_r2 table completed_valid t=0.1s
[     28s] main 30b c238 ic_m5 known_null_dick table completed_valid t=0.1s
[     29s] main 30b c239 ic_m5 subgroup table completed_valid t=0.2s
[     29s] main 30b c239 ic_m5 dickson table completed_valid t=0.1s
[     29s] main 30b c239 ic_m5 small_x table completed_valid t=0.2s
[     29s] main 30b c239 ic_m5 random_sub_r0 table completed_valid t=0.2s
[     29s] main 30b c239 ic_m5 random_sub_r1 table completed_valid t=0.1s
[     29s] main 30b c239 ic_m5 random_sub_r2 table completed_valid t=0.1s
[     29s] main 30b c239 ic_m5 known_null_sub table completed_valid t=0.1s
[     29s] main 30b c239 ic_m5 random_dick_r0 table completed_valid t=0.1s
[     29s] main 30b c239 ic_m5 random_dick_r1 table completed_valid t=0.1s
[     29s] main 30b c239 ic_m5 random_dick_r2 table completed_valid t=0.1s
[     29s] main 30b c239 ic_m5 known_null_dick table completed_valid t=0.1s
[     31s] main 30b c240 ic_m5 subgroup table completed_valid t=0.1s
[     31s] main 30b c240 ic_m5 dickson table completed_valid t=0.1s
[     31s] main 30b c240 ic_m5 small_x table completed_valid t=0.1s
[     31s] main 30b c240 ic_m5 random_sub_r0 table completed_valid t=0.1s
[     31s] main 30b c240 ic_m5 random_sub_r1 table completed_valid t=0.2s
[     31s] main 30b c240 ic_m5 random_sub_r2 table completed_valid t=0.1s
[     31s] main 30b c240 ic_m5 known_null_sub table completed_valid t=0.1s
[     31s] main 30b c240 ic_m5 random_dick_r0 table completed_valid t=0.1s
[     31s] main 30b c240 ic_m5 random_dick_r1 table completed_valid t=0.1s
[     31s] main 30b c240 ic_m5 random_dick_r2 table completed_valid t=0.1s
[     31s] main 30b c240 ic_m5 known_null_dick table completed_valid t=0.1s
[     32s] main 30b c241 ic_m5 subgroup table completed_valid t=0.1s
[     32s] main 30b c241 ic_m5 dickson table completed_valid t=0.1s
[     32s] main 30b c241 ic_m5 small_x table completed_valid t=0.1s
[     32s] main 30b c241 ic_m5 random_sub_r0 table completed_valid t=0.1s
[     32s] main 30b c241 ic_m5 random_sub_r1 table completed_valid t=0.1s
[     32s] main 30b c241 ic_m5 random_sub_r2 table completed_valid t=0.1s
[     32s] main 30b c241 ic_m5 known_null_sub table completed_valid t=0.1s
[     32s] main 30b c241 ic_m5 random_dick_r0 table completed_valid t=0.1s
[     32s] main 30b c241 ic_m5 random_dick_r1 table completed_valid t=0.1s
[     32s] main 30b c241 ic_m5 random_dick_r2 table completed_valid t=0.1s
[     32s] main 30b c241 ic_m5 known_null_dick table completed_valid t=0.1s
[     32s] main 30b c242 ic_m5 subgroup table completed_valid t=0.1s
[     32s] main 30b c242 ic_m5 dickson table completed_valid t=0.1s
[     32s] main 30b c242 ic_m5 small_x table completed_valid t=0.1s
[     32s] main 30b c242 ic_m5 random_sub_r0 table completed_valid t=0.1s
[     32s] main 30b c242 ic_m5 random_sub_r1 table completed_valid t=0.1s
[     32s] main 30b c242 ic_m5 random_sub_r2 table completed_valid t=0.1s
[     32s] main 30b c242 ic_m5 known_null_sub table completed_valid t=0.1s
[     32s] main 30b c242 ic_m5 random_dick_r0 table completed_valid t=0.1s
[     32s] main 30b c242 ic_m5 random_dick_r1 table completed_valid t=0.1s
[     32s] main 30b c242 ic_m5 random_dick_r2 table completed_valid t=0.1s
[     32s] main 30b c242 ic_m5 known_null_dick table completed_valid t=0.1s
[     33s] main 30b c243 ic_m5 subgroup table completed_valid t=0.1s
[     33s] main 30b c243 ic_m5 dickson table completed_valid t=0.1s
[     33s] main 30b c243 ic_m5 small_x table completed_valid t=0.1s
[     33s] main 30b c243 ic_m5 random_sub_r0 table completed_valid t=0.1s
[     33s] main 30b c243 ic_m5 random_sub_r1 table completed_valid t=0.1s
[     33s] main 30b c243 ic_m5 random_sub_r2 table completed_valid t=0.1s
[     33s] main 30b c243 ic_m5 known_null_sub table completed_valid t=0.1s
[     33s] main 30b c243 ic_m5 random_dick_r0 table completed_valid t=0.1s
[     33s] main 30b c243 ic_m5 random_dick_r1 table completed_valid t=0.1s
[     33s] main 30b c243 ic_m5 random_dick_r2 table completed_valid t=0.1s
[     33s] main 30b c243 ic_m5 known_null_dick table completed_valid t=0.1s
[     34s] main 30b c244 ic_m5 subgroup table completed_valid t=0.1s
[     34s] main 30b c244 ic_m5 dickson table completed_valid t=0.1s
[     34s] main 30b c244 ic_m5 small_x table completed_valid t=0.1s
[     34s] main 30b c244 ic_m5 random_sub_r0 table completed_valid t=0.1s
[     34s] main 30b c244 ic_m5 random_sub_r1 table completed_valid t=0.1s
[     34s] main 30b c244 ic_m5 random_sub_r2 table completed_valid t=0.1s
[     34s] main 30b c244 ic_m5 known_null_sub table completed_valid t=0.1s
[     34s] main 30b c244 ic_m5 random_dick_r0 table completed_valid t=0.1s
[     34s] main 30b c244 ic_m5 random_dick_r1 table completed_valid t=0.1s
[     34s] main 30b c244 ic_m5 random_dick_r2 table completed_valid t=0.1s
[     34s] main 30b c244 ic_m5 known_null_dick table completed_valid t=0.1s
[     36s] main 30b c245 ic_m5 subgroup table completed_valid t=0.1s
[     36s] main 30b c245 ic_m5 dickson table completed_valid t=0.1s
[     36s] main 30b c245 ic_m5 small_x table completed_valid t=0.1s
[     36s] main 30b c245 ic_m5 random_sub_r0 table completed_valid t=0.1s
[     36s] main 30b c245 ic_m5 random_sub_r1 table completed_valid t=0.1s
[     36s] main 30b c245 ic_m5 random_sub_r2 table completed_valid t=0.1s
[     36s] main 30b c245 ic_m5 known_null_sub table completed_valid t=0.1s
[     36s] main 30b c245 ic_m5 random_dick_r0 table completed_valid t=0.1s
[     36s] main 30b c245 ic_m5 random_dick_r1 table completed_valid t=0.1s
[     36s] main 30b c245 ic_m5 random_dick_r2 table completed_valid t=0.1s
[     36s] main 30b c245 ic_m5 known_null_dick table completed_valid t=0.1s
[     37s] main 30b c246 ic_m5 subgroup table completed_valid t=0.1s
[     37s] main 30b c246 ic_m5 dickson table completed_valid t=0.1s
[     37s] main 30b c246 ic_m5 small_x table completed_valid t=0.1s
[     37s] main 30b c246 ic_m5 random_sub_r0 table completed_valid t=0.1s
[     37s] main 30b c246 ic_m5 random_sub_r1 table completed_valid t=0.1s
[     37s] main 30b c246 ic_m5 random_sub_r2 table completed_valid t=0.1s
[     37s] main 30b c246 ic_m5 known_null_sub table completed_valid t=0.1s
[     37s] main 30b c246 ic_m5 random_dick_r0 table completed_valid t=0.1s
[     37s] main 30b c246 ic_m5 random_dick_r1 table completed_valid t=0.1s
[     37s] main 30b c246 ic_m5 random_dick_r2 table completed_valid t=0.1s
[     37s] main 30b c246 ic_m5 known_null_dick table completed_valid t=0.1s
[     38s] main 30b c247 ic_m5 subgroup table completed_valid t=0.1s
[     38s] main 30b c247 ic_m5 dickson table completed_valid t=0.1s
[     38s] main 30b c247 ic_m5 small_x table completed_valid t=0.1s
[     38s] main 30b c247 ic_m5 random_sub_r0 table completed_valid t=0.1s
[     38s] main 30b c247 ic_m5 random_sub_r1 table completed_valid t=0.1s
[     38s] main 30b c247 ic_m5 random_sub_r2 table completed_valid t=0.1s
[     38s] main 30b c247 ic_m5 known_null_sub table completed_valid t=0.1s
[     38s] main 30b c247 ic_m5 random_dick_r0 table completed_valid t=0.1s
[     38s] main 30b c247 ic_m5 random_dick_r1 table completed_valid t=0.1s
[     38s] main 30b c247 ic_m5 random_dick_r2 table completed_valid t=0.1s
[     38s] main 30b c247 ic_m5 known_null_dick table completed_valid t=0.1s
[     39s] main 30b c248 ic_m5 subgroup table completed_valid t=0.1s
[     39s] main 30b c248 ic_m5 dickson table completed_valid t=0.1s
[     39s] main 30b c248 ic_m5 small_x table completed_valid t=0.1s
[     39s] main 30b c248 ic_m5 random_sub_r0 table completed_valid t=0.1s
[     39s] main 30b c248 ic_m5 random_sub_r1 table completed_valid t=0.1s
[     39s] main 30b c248 ic_m5 random_sub_r2 table completed_valid t=0.1s
[     39s] main 30b c248 ic_m5 known_null_sub table completed_valid t=0.1s
[     39s] main 30b c248 ic_m5 random_dick_r0 table completed_valid t=0.1s
[     39s] main 30b c248 ic_m5 random_dick_r1 table completed_valid t=0.1s
[     39s] main 30b c248 ic_m5 random_dick_r2 table completed_valid t=0.1s
[     39s] main 30b c248 ic_m5 known_null_dick table completed_valid t=0.1s
[     39s] main 30b c249 ic_m5 subgroup table completed_valid t=0.1s
[     39s] main 30b c249 ic_m5 dickson table completed_valid t=0.1s
[     39s] main 30b c249 ic_m5 small_x table completed_valid t=0.1s
[     39s] main 30b c249 ic_m5 random_sub_r0 table completed_valid t=0.1s
[     39s] main 30b c249 ic_m5 random_sub_r1 table completed_valid t=0.1s
[     39s] main 30b c249 ic_m5 random_sub_r2 table completed_valid t=0.1s
[     39s] main 30b c249 ic_m5 known_null_sub table completed_valid t=0.1s
[     39s] main 30b c249 ic_m5 random_dick_r0 table completed_valid t=0.1s
[     39s] main 30b c249 ic_m5 random_dick_r1 table completed_valid t=0.1s
[     39s] main 30b c249 ic_m5 random_dick_r2 table completed_valid t=0.1s
[     39s] main 30b c249 ic_m5 known_null_dick table completed_valid t=0.1s
[     41s] main 30b c250 ic_m5 subgroup table completed_valid t=0.1s
[     41s] main 30b c250 ic_m5 dickson table completed_valid t=0.1s
[     41s] main 30b c250 ic_m5 small_x table completed_valid t=0.1s
[     41s] main 30b c250 ic_m5 random_sub_r0 table completed_valid t=0.1s
[     41s] main 30b c250 ic_m5 random_sub_r1 table completed_valid t=0.1s
[     41s] main 30b c250 ic_m5 random_sub_r2 table completed_valid t=0.1s
[     41s] main 30b c250 ic_m5 known_null_sub table completed_valid t=0.1s
[     41s] main 30b c250 ic_m5 random_dick_r0 table completed_valid t=0.1s
[     41s] main 30b c250 ic_m5 random_dick_r1 table completed_valid t=0.1s
[     41s] main 30b c250 ic_m5 random_dick_r2 table completed_valid t=0.1s
[     41s] main 30b c250 ic_m5 known_null_dick table completed_valid t=0.1s
[     41s] main 30b c251 ic_m5 subgroup table completed_valid t=0.1s
[     41s] main 30b c251 ic_m5 dickson table completed_valid t=0.1s
[     41s] main 30b c251 ic_m5 small_x table completed_valid t=0.1s
[     41s] main 30b c251 ic_m5 random_sub_r0 table completed_valid t=0.1s
[     41s] main 30b c251 ic_m5 random_sub_r1 table completed_valid t=0.1s
[     41s] main 30b c251 ic_m5 random_sub_r2 table completed_valid t=0.1s
[     41s] main 30b c251 ic_m5 known_null_sub table completed_valid t=0.1s
[     41s] main 30b c251 ic_m5 random_dick_r0 table completed_valid t=0.1s
[     41s] main 30b c251 ic_m5 random_dick_r1 table completed_valid t=0.1s
[     41s] main 30b c251 ic_m5 random_dick_r2 table completed_valid t=0.1s
[     41s] main 30b c251 ic_m5 known_null_dick table completed_valid t=0.1s
[     42s] main 30b c252 ic_m5 subgroup table completed_valid t=0.1s
[     42s] main 30b c252 ic_m5 dickson table completed_valid t=0.1s
[     42s] main 30b c252 ic_m5 small_x table completed_valid t=0.1s
[     42s] main 30b c252 ic_m5 random_sub_r0 table completed_valid t=0.1s
[     42s] main 30b c252 ic_m5 random_sub_r1 table completed_valid t=0.1s
[     42s] main 30b c252 ic_m5 random_sub_r2 table completed_valid t=0.1s
[     42s] main 30b c252 ic_m5 known_null_sub table completed_valid t=0.1s
[     42s] main 30b c252 ic_m5 random_dick_r0 table completed_valid t=0.1s
[     42s] main 30b c252 ic_m5 random_dick_r1 table completed_valid t=0.1s
[     42s] main 30b c252 ic_m5 random_dick_r2 table completed_valid t=0.1s
[     42s] main 30b c252 ic_m5 known_null_dick table completed_valid t=0.1s
[     43s] main 30b c253 ic_m5 subgroup table completed_valid t=0.1s
[     43s] main 30b c253 ic_m5 dickson table completed_valid t=0.1s
[     43s] main 30b c253 ic_m5 small_x table completed_valid t=0.1s
[     43s] main 30b c253 ic_m5 random_sub_r0 table completed_valid t=0.1s
[     43s] main 30b c253 ic_m5 random_sub_r1 table completed_valid t=0.1s
[     43s] main 30b c253 ic_m5 random_sub_r2 table completed_valid t=0.1s
[     43s] main 30b c253 ic_m5 known_null_sub table completed_valid t=0.1s
[     43s] main 30b c253 ic_m5 random_dick_r0 table completed_valid t=0.1s
[     43s] main 30b c253 ic_m5 random_dick_r1 table completed_valid t=0.1s
[     43s] main 30b c253 ic_m5 random_dick_r2 table completed_valid t=0.1s
[     43s] main 30b c253 ic_m5 known_null_dick table completed_valid t=0.1s
[     44s] main 30b c254 ic_m5 subgroup table completed_valid t=0.1s
[     44s] main 30b c254 ic_m5 dickson table completed_valid t=0.1s
[     44s] main 30b c254 ic_m5 small_x table completed_valid t=0.1s
[     44s] main 30b c254 ic_m5 random_sub_r0 table completed_valid t=0.1s
[     44s] main 30b c254 ic_m5 random_sub_r1 table completed_valid t=0.1s
[     44s] main 30b c254 ic_m5 random_sub_r2 table completed_valid t=0.1s
[     44s] main 30b c254 ic_m5 known_null_sub table completed_valid t=0.1s
[     44s] main 30b c254 ic_m5 random_dick_r0 table completed_valid t=0.1s
[     44s] main 30b c254 ic_m5 random_dick_r1 table completed_valid t=0.1s
[     44s] main 30b c254 ic_m5 random_dick_r2 table completed_valid t=0.1s
[     44s] main 30b c254 ic_m5 known_null_dick table completed_valid t=0.1s
[     46s] main 30b c255 ic_m5 subgroup table completed_valid t=0.1s
[     46s] main 30b c255 ic_m5 dickson table completed_valid t=0.1s
[     46s] main 30b c255 ic_m5 small_x table completed_valid t=0.1s
[     46s] main 30b c255 ic_m5 random_sub_r0 table completed_valid t=0.1s
[     46s] main 30b c255 ic_m5 random_sub_r1 table completed_valid t=0.1s
[     46s] main 30b c255 ic_m5 random_sub_r2 table completed_valid t=0.1s
[     46s] main 30b c255 ic_m5 known_null_sub table completed_valid t=0.1s
[     46s] main 30b c255 ic_m5 random_dick_r0 table completed_valid t=0.2s
[     46s] main 30b c255 ic_m5 random_dick_r1 table completed_valid t=0.2s
[     46s] main 30b c255 ic_m5 random_dick_r2 table completed_valid t=0.2s
[     46s] main 30b c255 ic_m5 known_null_dick table completed_valid t=0.1s
[     47s] main 30b c256 ic_m5 subgroup table completed_valid t=0.1s
[     47s] main 30b c256 ic_m5 dickson table completed_valid t=0.1s
[     47s] main 30b c256 ic_m5 small_x table completed_valid t=0.1s
[     47s] main 30b c256 ic_m5 random_sub_r0 table completed_valid t=0.1s
[     47s] main 30b c256 ic_m5 random_sub_r1 table completed_valid t=0.1s
[     47s] main 30b c256 ic_m5 random_sub_r2 table completed_valid t=0.1s
[     47s] main 30b c256 ic_m5 known_null_sub table completed_valid t=0.1s
[     47s] main 30b c256 ic_m5 random_dick_r0 table completed_valid t=0.1s
[     47s] main 30b c256 ic_m5 random_dick_r1 table completed_valid t=0.1s
[     47s] main 30b c256 ic_m5 random_dick_r2 table completed_valid t=0.1s
[     47s] main 30b c256 ic_m5 known_null_dick table completed_valid t=0.1s
[     47s] main 30b c257 ic_m5 subgroup table completed_valid t=0.1s
[     47s] main 30b c257 ic_m5 dickson table completed_valid t=0.1s
[     47s] main 30b c257 ic_m5 small_x table completed_valid t=0.1s
[     47s] main 30b c257 ic_m5 random_sub_r0 table completed_valid t=0.1s
[     47s] main 30b c257 ic_m5 random_sub_r1 table completed_valid t=0.1s
[     47s] main 30b c257 ic_m5 random_sub_r2 table completed_valid t=0.1s
[     47s] main 30b c257 ic_m5 known_null_sub table completed_valid t=0.1s
[     47s] main 30b c257 ic_m5 random_dick_r0 table completed_valid t=0.1s
[     47s] main 30b c257 ic_m5 random_dick_r1 table completed_valid t=0.1s
[     47s] main 30b c257 ic_m5 random_dick_r2 table completed_valid t=0.1s
[     47s] main 30b c257 ic_m5 known_null_dick table completed_valid t=0.1s
[     48s] main 30b c258 ic_m5 subgroup table completed_valid t=0.1s
[     48s] main 30b c258 ic_m5 dickson table completed_valid t=0.1s
[     48s] main 30b c258 ic_m5 small_x table completed_valid t=0.1s
[     48s] main 30b c258 ic_m5 random_sub_r0 table completed_valid t=0.1s
[     48s] main 30b c258 ic_m5 random_sub_r1 table completed_valid t=0.1s
[     48s] main 30b c258 ic_m5 random_sub_r2 table completed_valid t=0.1s
[     48s] main 30b c258 ic_m5 known_null_sub table completed_valid t=0.1s
[     48s] main 30b c258 ic_m5 random_dick_r0 table completed_valid t=0.1s
[     48s] main 30b c258 ic_m5 random_dick_r1 table completed_valid t=0.1s
[     48s] main 30b c258 ic_m5 random_dick_r2 table completed_valid t=0.1s
[     48s] main 30b c258 ic_m5 known_null_dick table completed_valid t=0.1s
[     49s] main 30b c259 ic_m5 subgroup table completed_valid t=0.1s
[     49s] main 30b c259 ic_m5 dickson table completed_valid t=0.1s
[     49s] main 30b c259 ic_m5 small_x table completed_valid t=0.1s
[     49s] main 30b c259 ic_m5 random_sub_r0 table completed_valid t=0.1s
[     49s] main 30b c259 ic_m5 random_sub_r1 table completed_valid t=0.1s
[     49s] main 30b c259 ic_m5 random_sub_r2 table completed_valid t=0.1s
[     49s] main 30b c259 ic_m5 known_null_sub table completed_valid t=0.1s
[     49s] main 30b c259 ic_m5 random_dick_r0 table completed_valid t=0.1s
[     49s] main 30b c259 ic_m5 random_dick_r1 table completed_valid t=0.1s
[     49s] main 30b c259 ic_m5 random_dick_r2 table completed_valid t=0.1s
[     49s] main 30b c259 ic_m5 known_null_dick table completed_valid t=0.1s
[     51s] main 30b c260 ic_m5 subgroup table completed_valid t=0.1s
[     51s] main 30b c260 ic_m5 dickson table completed_valid t=0.1s
[     51s] main 30b c260 ic_m5 small_x table completed_valid t=0.1s
[     51s] main 30b c260 ic_m5 random_sub_r0 table completed_valid t=0.1s
[     51s] main 30b c260 ic_m5 random_sub_r1 table completed_valid t=0.1s
[     51s] main 30b c260 ic_m5 random_sub_r2 table completed_valid t=0.1s
[     51s] main 30b c260 ic_m5 known_null_sub table completed_valid t=0.1s
[     51s] main 30b c260 ic_m5 random_dick_r0 table completed_valid t=0.1s
[     51s] main 30b c260 ic_m5 random_dick_r1 table completed_valid t=0.1s
[     51s] main 30b c260 ic_m5 random_dick_r2 table completed_valid t=0.1s
[     51s] main 30b c260 ic_m5 known_null_dick table completed_valid t=0.1s
[     52s] main 30b c261 ic_m5 subgroup table completed_valid t=0.2s
[     52s] main 30b c261 ic_m5 dickson table completed_valid t=0.1s
[     52s] main 30b c261 ic_m5 small_x table completed_valid t=0.1s
[     52s] main 30b c261 ic_m5 random_sub_r0 table completed_valid t=0.1s
[     52s] main 30b c261 ic_m5 random_sub_r1 table completed_valid t=0.1s
[     52s] main 30b c261 ic_m5 random_sub_r2 table completed_valid t=0.2s
[     52s] main 30b c261 ic_m5 known_null_sub table completed_valid t=0.2s
[     52s] main 30b c261 ic_m5 random_dick_r0 table completed_valid t=0.1s
[     52s] main 30b c261 ic_m5 random_dick_r1 table completed_valid t=0.1s
[     52s] main 30b c261 ic_m5 random_dick_r2 table completed_valid t=0.1s
[     52s] main 30b c261 ic_m5 known_null_dick table completed_valid t=0.1s
[     53s] main 30b c262 ic_m5 subgroup table completed_valid t=0.1s
[     53s] main 30b c262 ic_m5 dickson table completed_valid t=0.1s
[     53s] main 30b c262 ic_m5 small_x table completed_valid t=0.1s
[     53s] main 30b c262 ic_m5 random_sub_r0 table completed_valid t=0.1s
[     53s] main 30b c262 ic_m5 random_sub_r1 table completed_valid t=0.1s
[     53s] main 30b c262 ic_m5 random_sub_r2 table completed_valid t=0.1s
[     53s] main 30b c262 ic_m5 known_null_sub table completed_valid t=0.1s
[     53s] main 30b c262 ic_m5 random_dick_r0 table completed_valid t=0.1s
[     53s] main 30b c262 ic_m5 random_dick_r1 table completed_valid t=0.1s
[     53s] main 30b c262 ic_m5 random_dick_r2 table completed_valid t=0.1s
[     53s] main 30b c262 ic_m5 known_null_dick table completed_valid t=0.1s
[     54s] main 30b c263 ic_m5 subgroup table completed_valid t=0.1s
[     54s] main 30b c263 ic_m5 dickson table completed_valid t=0.1s
[     54s] main 30b c263 ic_m5 small_x table completed_valid t=0.1s
[     54s] main 30b c263 ic_m5 random_sub_r0 table completed_valid t=0.1s
[     54s] main 30b c263 ic_m5 random_sub_r1 table completed_valid t=0.1s
[     54s] main 30b c263 ic_m5 random_sub_r2 table completed_valid t=0.1s
[     54s] main 30b c263 ic_m5 known_null_sub table completed_valid t=0.1s
[     54s] main 30b c263 ic_m5 random_dick_r0 table completed_valid t=0.1s
[     54s] main 30b c263 ic_m5 random_dick_r1 table completed_valid t=0.1s
[     54s] main 30b c263 ic_m5 random_dick_r2 table completed_valid t=0.0s
[     54s] main 30b c263 ic_m5 known_null_dick table completed_valid t=0.0s
[     54s] main 30b c264 ic_m5 subgroup table completed_valid t=0.1s
[     54s] main 30b c264 ic_m5 dickson table completed_valid t=0.1s
[     54s] main 30b c264 ic_m5 small_x table completed_valid t=0.1s
[     54s] main 30b c264 ic_m5 random_sub_r0 table completed_valid t=0.1s
[     54s] main 30b c264 ic_m5 random_sub_r1 table completed_valid t=0.1s
[     54s] main 30b c264 ic_m5 random_sub_r2 table completed_valid t=0.0s
[     54s] main 30b c264 ic_m5 known_null_sub table completed_valid t=0.0s
[     54s] main 30b c264 ic_m5 random_dick_r0 table completed_valid t=0.1s
[     54s] main 30b c264 ic_m5 random_dick_r1 table completed_valid t=0.1s
[     54s] main 30b c264 ic_m5 random_dick_r2 table completed_valid t=0.1s
[     54s] main 30b c264 ic_m5 known_null_dick table completed_valid t=0.1s
[     55s] main 30b c265 ic_m5 subgroup table completed_valid t=0.1s
[     55s] main 30b c265 ic_m5 dickson table completed_valid t=0.1s
[     55s] main 30b c265 ic_m5 small_x table completed_valid t=0.1s
[     55s] main 30b c265 ic_m5 random_sub_r0 table completed_valid t=0.1s
[     55s] main 30b c265 ic_m5 random_sub_r1 table completed_valid t=0.1s
[     55s] main 30b c265 ic_m5 random_sub_r2 table completed_valid t=0.1s
[     55s] main 30b c265 ic_m5 known_null_sub table completed_valid t=0.1s
[     55s] main 30b c265 ic_m5 random_dick_r0 table completed_valid t=0.1s
[     55s] main 30b c265 ic_m5 random_dick_r1 table completed_valid t=0.1s
[     55s] main 30b c265 ic_m5 random_dick_r2 table completed_valid t=0.1s
[     55s] main 30b c265 ic_m5 known_null_dick table completed_valid t=0.1s
[     56s] main 30b c266 ic_m5 subgroup table completed_valid t=0.1s
[     56s] main 30b c266 ic_m5 dickson table completed_valid t=0.1s
[     56s] main 30b c266 ic_m5 small_x table completed_valid t=0.1s
[     56s] main 30b c266 ic_m5 random_sub_r0 table completed_valid t=0.1s
[     56s] main 30b c266 ic_m5 random_sub_r1 table completed_valid t=0.1s
[     56s] main 30b c266 ic_m5 random_sub_r2 table completed_valid t=0.1s
[     56s] main 30b c266 ic_m5 known_null_sub table completed_valid t=0.1s
[     56s] main 30b c266 ic_m5 random_dick_r0 table completed_valid t=0.1s
[     56s] main 30b c266 ic_m5 random_dick_r1 table completed_valid t=0.1s
[     56s] main 30b c266 ic_m5 random_dick_r2 table completed_valid t=0.1s
[     56s] main 30b c266 ic_m5 known_null_dick table completed_valid t=0.1s
[     58s] main 30b c267 ic_m5 subgroup table completed_valid t=0.1s
[     58s] main 30b c267 ic_m5 dickson table completed_valid t=0.1s
[     58s] main 30b c267 ic_m5 small_x table completed_valid t=0.1s
[     58s] main 30b c267 ic_m5 random_sub_r0 table completed_valid t=0.1s
[     58s] main 30b c267 ic_m5 random_sub_r1 table completed_valid t=0.1s
[     58s] main 30b c267 ic_m5 random_sub_r2 table completed_valid t=0.1s
[     58s] main 30b c267 ic_m5 known_null_sub table completed_valid t=0.1s
[     58s] main 30b c267 ic_m5 random_dick_r0 table completed_valid t=0.2s
[     58s] main 30b c267 ic_m5 random_dick_r1 table completed_valid t=0.2s
[     58s] main 30b c267 ic_m5 random_dick_r2 table completed_valid t=0.2s
[     58s] main 30b c267 ic_m5 known_null_dick table completed_valid t=0.1s
[     58s] main 30b c268 ic_m5 subgroup table completed_valid t=0.1s
[     58s] main 30b c268 ic_m5 dickson table completed_valid t=0.1s
[     58s] main 30b c268 ic_m5 small_x table completed_valid t=0.0s
[     58s] main 30b c268 ic_m5 random_sub_r0 table completed_valid t=0.1s
[     58s] main 30b c268 ic_m5 random_sub_r1 table completed_valid t=0.1s
[     58s] main 30b c268 ic_m5 random_sub_r2 table completed_valid t=0.1s
[     58s] main 30b c268 ic_m5 known_null_sub table completed_valid t=0.1s
[     58s] main 30b c268 ic_m5 random_dick_r0 table completed_valid t=0.1s
[     58s] main 30b c268 ic_m5 random_dick_r1 table completed_valid t=0.1s
[     58s] main 30b c268 ic_m5 random_dick_r2 table completed_valid t=0.1s
[     58s] main 30b c268 ic_m5 known_null_dick table completed_valid t=0.1s
[     59s] main 30b c269 ic_m5 subgroup table completed_valid t=0.1s
[     59s] main 30b c269 ic_m5 dickson table completed_valid t=0.1s
[     59s] main 30b c269 ic_m5 small_x table completed_valid t=0.0s
[     59s] main 30b c269 ic_m5 random_sub_r0 table completed_valid t=0.0s
[     59s] main 30b c269 ic_m5 random_sub_r1 table completed_valid t=0.0s
[     59s] main 30b c269 ic_m5 random_sub_r2 table completed_valid t=0.1s
[     59s] main 30b c269 ic_m5 known_null_sub table completed_valid t=0.1s
[     59s] main 30b c269 ic_m5 random_dick_r0 table completed_valid t=0.1s
[     59s] main 30b c269 ic_m5 random_dick_r1 table completed_valid t=0.1s
[     59s] main 30b c269 ic_m5 random_dick_r2 table completed_valid t=0.1s
[     59s] main 30b c269 ic_m5 known_null_dick table completed_valid t=0.1s
[     60s] main 30b c270 ic_m5 subgroup table completed_valid t=0.1s
[     60s] main 30b c270 ic_m5 dickson table completed_valid t=0.1s
[     60s] main 30b c270 ic_m5 small_x table completed_valid t=0.1s
[     60s] main 30b c270 ic_m5 random_sub_r0 table completed_valid t=0.1s
[     60s] main 30b c270 ic_m5 random_sub_r1 table completed_valid t=0.1s
[     60s] main 30b c270 ic_m5 random_sub_r2 table completed_valid t=0.1s
[     60s] main 30b c270 ic_m5 known_null_sub table completed_valid t=0.1s
[     60s] main 30b c270 ic_m5 random_dick_r0 table completed_valid t=0.1s
[     60s] main 30b c270 ic_m5 random_dick_r1 table completed_valid t=0.1s
[     60s] main 30b c270 ic_m5 random_dick_r2 table completed_valid t=0.1s
[     60s] main 30b c270 ic_m5 known_null_dick table completed_valid t=0.1s
[     61s] main 30b c271 ic_m5 subgroup table completed_valid t=0.1s
[     61s] main 30b c271 ic_m5 dickson table completed_valid t=0.1s
[     61s] main 30b c271 ic_m5 small_x table completed_valid t=0.1s
[     61s] main 30b c271 ic_m5 random_sub_r0 table completed_valid t=0.1s
[     61s] main 30b c271 ic_m5 random_sub_r1 table completed_valid t=0.1s
[     61s] main 30b c271 ic_m5 random_sub_r2 table completed_valid t=0.1s
[     61s] main 30b c271 ic_m5 known_null_sub table completed_valid t=0.1s
[     61s] main 30b c271 ic_m5 random_dick_r0 table completed_valid t=0.1s
[     61s] main 30b c271 ic_m5 random_dick_r1 table completed_valid t=0.1s
[     61s] main 30b c271 ic_m5 random_dick_r2 table completed_valid t=0.1s
[     61s] main 30b c271 ic_m5 known_null_dick table completed_valid t=0.1s
[     62s] main 30b c272 ic_m5 subgroup table completed_valid t=0.1s
[     62s] main 30b c272 ic_m5 dickson table completed_valid t=0.1s
[     62s] main 30b c272 ic_m5 small_x table completed_valid t=0.1s
[     62s] main 30b c272 ic_m5 random_sub_r0 table completed_valid t=0.1s
[     62s] main 30b c272 ic_m5 random_sub_r1 table completed_valid t=0.1s
[     62s] main 30b c272 ic_m5 random_sub_r2 table completed_valid t=0.1s
[     62s] main 30b c272 ic_m5 known_null_sub table completed_valid t=0.1s
[     62s] main 30b c272 ic_m5 random_dick_r0 table completed_valid t=0.1s
[     62s] main 30b c272 ic_m5 random_dick_r1 table completed_valid t=0.1s
[     62s] main 30b c272 ic_m5 random_dick_r2 table completed_valid t=0.1s
[     62s] main 30b c272 ic_m5 known_null_dick table completed_valid t=0.1s
[     63s] main 30b c273 ic_m5 subgroup table completed_valid t=0.1s
[     63s] main 30b c273 ic_m5 dickson table completed_valid t=0.1s
[     63s] main 30b c273 ic_m5 small_x table completed_valid t=0.1s
[     63s] main 30b c273 ic_m5 random_sub_r0 table completed_valid t=0.1s
[     63s] main 30b c273 ic_m5 random_sub_r1 table completed_valid t=0.1s
[     63s] main 30b c273 ic_m5 random_sub_r2 table completed_valid t=0.1s
[     63s] main 30b c273 ic_m5 known_null_sub table completed_valid t=0.1s
[     63s] main 30b c273 ic_m5 random_dick_r0 table completed_valid t=0.1s
[     63s] main 30b c273 ic_m5 random_dick_r1 table completed_valid t=0.1s
[     63s] main 30b c273 ic_m5 random_dick_r2 table completed_valid t=0.1s
[     63s] main 30b c273 ic_m5 known_null_dick table completed_valid t=0.1s
[     63s] main 30b c274 ic_m5 subgroup table completed_valid t=0.1s
[     63s] main 30b c274 ic_m5 dickson table completed_valid t=0.1s
[     63s] main 30b c274 ic_m5 small_x table completed_valid t=0.1s
[     63s] main 30b c274 ic_m5 random_sub_r0 table completed_valid t=0.1s
[     63s] main 30b c274 ic_m5 random_sub_r1 table completed_valid t=0.1s
[     63s] main 30b c274 ic_m5 random_sub_r2 table completed_valid t=0.1s
[     63s] main 30b c274 ic_m5 known_null_sub table completed_valid t=0.1s
[     63s] main 30b c274 ic_m5 random_dick_r0 table completed_valid t=0.1s
[     63s] main 30b c274 ic_m5 random_dick_r1 table completed_valid t=0.1s
[     63s] main 30b c274 ic_m5 random_dick_r2 table completed_valid t=0.1s
[     63s] main 30b c274 ic_m5 known_null_dick table completed_valid t=0.1s
[     65s] main 30b c275 ic_m5 subgroup table completed_valid t=0.1s
[     65s] main 30b c275 ic_m5 dickson table completed_valid t=0.1s
[     65s] main 30b c275 ic_m5 small_x table completed_valid t=0.1s
[     65s] main 30b c275 ic_m5 random_sub_r0 table completed_valid t=0.1s
[     65s] main 30b c275 ic_m5 random_sub_r1 table completed_valid t=0.1s
[     65s] main 30b c275 ic_m5 random_sub_r2 table completed_valid t=0.1s
[     65s] main 30b c275 ic_m5 known_null_sub table completed_valid t=0.1s
[     65s] main 30b c275 ic_m5 random_dick_r0 table completed_valid t=0.1s
[     65s] main 30b c275 ic_m5 random_dick_r1 table completed_valid t=0.1s
[     65s] main 30b c275 ic_m5 random_dick_r2 table completed_valid t=0.1s
[     65s] main 30b c275 ic_m5 known_null_dick table completed_valid t=0.1s
[     66s] main 30b c276 ic_m5 subgroup table completed_valid t=0.1s
[     66s] main 30b c276 ic_m5 dickson table completed_valid t=0.1s
[     66s] main 30b c276 ic_m5 small_x table completed_valid t=0.1s
[     66s] main 30b c276 ic_m5 random_sub_r0 table completed_valid t=0.1s
[     66s] main 30b c276 ic_m5 random_sub_r1 table completed_valid t=0.1s
[     66s] main 30b c276 ic_m5 random_sub_r2 table completed_valid t=0.1s
[     66s] main 30b c276 ic_m5 known_null_sub table completed_valid t=0.1s
[     66s] main 30b c276 ic_m5 random_dick_r0 table completed_valid t=0.1s
[     66s] main 30b c276 ic_m5 random_dick_r1 table completed_valid t=0.1s
[     66s] main 30b c276 ic_m5 random_dick_r2 table completed_valid t=0.1s
[     66s] main 30b c276 ic_m5 known_null_dick table completed_valid t=0.1s
[     67s] main 30b c277 ic_m5 subgroup table completed_valid t=0.1s
[     67s] main 30b c277 ic_m5 dickson table completed_valid t=0.1s
[     67s] main 30b c277 ic_m5 small_x table completed_valid t=0.1s
[     67s] main 30b c277 ic_m5 random_sub_r0 table completed_valid t=0.1s
[     67s] main 30b c277 ic_m5 random_sub_r1 table completed_valid t=0.1s
[     67s] main 30b c277 ic_m5 random_sub_r2 table completed_valid t=0.1s
[     67s] main 30b c277 ic_m5 known_null_sub table completed_valid t=0.1s
[     67s] main 30b c277 ic_m5 random_dick_r0 table completed_valid t=0.1s
[     67s] main 30b c277 ic_m5 random_dick_r1 table completed_valid t=0.1s
[     67s] main 30b c277 ic_m5 random_dick_r2 table completed_valid t=0.1s
[     67s] main 30b c277 ic_m5 known_null_dick table completed_valid t=0.1s
[     68s] main 30b c278 ic_m5 subgroup table completed_valid t=0.1s
[     68s] main 30b c278 ic_m5 dickson table completed_valid t=0.1s
[     68s] main 30b c278 ic_m5 small_x table completed_valid t=0.1s
[     68s] main 30b c278 ic_m5 random_sub_r0 table completed_valid t=0.1s
[     68s] main 30b c278 ic_m5 random_sub_r1 table completed_valid t=0.1s
[     68s] main 30b c278 ic_m5 random_sub_r2 table completed_valid t=0.1s
[     68s] main 30b c278 ic_m5 known_null_sub table completed_valid t=0.1s
[     68s] main 30b c278 ic_m5 random_dick_r0 table completed_valid t=0.1s
[     68s] main 30b c278 ic_m5 random_dick_r1 table completed_valid t=0.1s
[     68s] main 30b c278 ic_m5 random_dick_r2 table completed_valid t=0.1s
[     68s] main 30b c278 ic_m5 known_null_dick table completed_valid t=0.1s
[     69s] main 30b c279 ic_m5 subgroup table completed_valid t=0.1s
[     69s] main 30b c279 ic_m5 dickson table completed_valid t=0.1s
[     69s] main 30b c279 ic_m5 small_x table completed_valid t=0.0s
[     69s] main 30b c279 ic_m5 random_sub_r0 table completed_valid t=0.1s
[     69s] main 30b c279 ic_m5 random_sub_r1 table completed_valid t=0.1s
[     69s] main 30b c279 ic_m5 random_sub_r2 table completed_valid t=0.1s
[     69s] main 30b c279 ic_m5 known_null_sub table completed_valid t=0.1s
[     69s] main 30b c279 ic_m5 random_dick_r0 table completed_valid t=0.1s
[     69s] main 30b c279 ic_m5 random_dick_r1 table completed_valid t=0.1s
[     69s] main 30b c279 ic_m5 random_dick_r2 table completed_valid t=0.1s
[     69s] main 30b c279 ic_m5 known_null_dick table completed_valid t=0.1s
[     70s] main 30b c280 ic_m5 subgroup table completed_valid t=0.1s
[     70s] main 30b c280 ic_m5 dickson table completed_valid t=0.1s
[     70s] main 30b c280 ic_m5 small_x table completed_valid t=0.1s
[     70s] main 30b c280 ic_m5 random_sub_r0 table completed_valid t=0.1s
[     70s] main 30b c280 ic_m5 random_sub_r1 table completed_valid t=0.1s
[     70s] main 30b c280 ic_m5 random_sub_r2 table completed_valid t=0.1s
[     70s] main 30b c280 ic_m5 known_null_sub table completed_valid t=0.1s
[     70s] main 30b c280 ic_m5 random_dick_r0 table completed_valid t=0.1s
[     70s] main 30b c280 ic_m5 random_dick_r1 table completed_valid t=0.1s
[     70s] main 30b c280 ic_m5 random_dick_r2 table completed_valid t=0.1s
[     70s] main 30b c280 ic_m5 known_null_dick table completed_valid t=0.2s
[     71s] main 30b c281 ic_m5 subgroup table completed_valid t=0.1s
[     71s] main 30b c281 ic_m5 dickson table completed_valid t=0.1s
[     71s] main 30b c281 ic_m5 small_x table completed_valid t=0.1s
[     71s] main 30b c281 ic_m5 random_sub_r0 table completed_valid t=0.1s
[     71s] main 30b c281 ic_m5 random_sub_r1 table completed_valid t=0.1s
[     71s] main 30b c281 ic_m5 random_sub_r2 table completed_valid t=0.1s
[     71s] main 30b c281 ic_m5 known_null_sub table completed_valid t=0.2s
[     71s] main 30b c281 ic_m5 random_dick_r0 table completed_valid t=0.1s
[     71s] main 30b c281 ic_m5 random_dick_r1 table completed_valid t=0.1s
[     71s] main 30b c281 ic_m5 random_dick_r2 table completed_valid t=0.1s
[     71s] main 30b c281 ic_m5 known_null_dick table completed_valid t=0.1s
[     72s] main 30b c282 ic_m5 subgroup table completed_valid t=0.1s
[     72s] main 30b c282 ic_m5 dickson table completed_valid t=0.1s
[     72s] main 30b c282 ic_m5 small_x table completed_valid t=0.1s
[     72s] main 30b c282 ic_m5 random_sub_r0 table completed_valid t=0.1s
[     72s] main 30b c282 ic_m5 random_sub_r1 table completed_valid t=0.1s
[     72s] main 30b c282 ic_m5 random_sub_r2 table completed_valid t=0.1s
[     72s] main 30b c282 ic_m5 known_null_sub table completed_valid t=0.1s
[     72s] main 30b c282 ic_m5 random_dick_r0 table completed_valid t=0.1s
[     72s] main 30b c282 ic_m5 random_dick_r1 table completed_valid t=0.1s
[     72s] main 30b c282 ic_m5 random_dick_r2 table completed_valid t=0.1s
[     72s] main 30b c282 ic_m5 known_null_dick table completed_valid t=0.1s
[     73s] main 30b c283 ic_m5 subgroup table completed_valid t=0.1s
[     73s] main 30b c283 ic_m5 dickson table completed_valid t=0.1s
[     73s] main 30b c283 ic_m5 small_x table completed_valid t=0.1s
[     73s] main 30b c283 ic_m5 random_sub_r0 table completed_valid t=0.1s
[     73s] main 30b c283 ic_m5 random_sub_r1 table completed_valid t=0.1s
[     73s] main 30b c283 ic_m5 random_sub_r2 table completed_valid t=0.1s
[     73s] main 30b c283 ic_m5 known_null_sub table completed_valid t=0.1s
[     73s] main 30b c283 ic_m5 random_dick_r0 table completed_valid t=0.1s
[     73s] main 30b c283 ic_m5 random_dick_r1 table completed_valid t=0.1s
[     73s] main 30b c283 ic_m5 random_dick_r2 table completed_valid t=0.1s
[     73s] main 30b c283 ic_m5 known_null_dick table completed_valid t=0.1s
[     74s] main 30b c284 ic_m5 subgroup table completed_valid t=0.1s
[     74s] main 30b c284 ic_m5 dickson table completed_valid t=0.1s
[     74s] main 30b c284 ic_m5 small_x table completed_valid t=0.1s
[     74s] main 30b c284 ic_m5 random_sub_r0 table completed_valid t=0.1s
[     74s] main 30b c284 ic_m5 random_sub_r1 table completed_valid t=0.1s
[     74s] main 30b c284 ic_m5 random_sub_r2 table completed_valid t=0.1s
[     74s] main 30b c284 ic_m5 known_null_sub table completed_valid t=0.1s
[     74s] main 30b c284 ic_m5 random_dick_r0 table completed_valid t=0.1s
[     74s] main 30b c284 ic_m5 random_dick_r1 table completed_valid t=0.1s
[     74s] main 30b c284 ic_m5 random_dick_r2 table completed_valid t=0.1s
[     74s] main 30b c284 ic_m5 known_null_dick table completed_valid t=0.1s
[     76s] main 30b c285 ic_m5 subgroup table completed_valid t=0.1s
[     76s] main 30b c285 ic_m5 dickson table completed_valid t=0.1s
[     76s] main 30b c285 ic_m5 small_x table completed_valid t=0.1s
[     76s] main 30b c285 ic_m5 random_sub_r0 table completed_valid t=0.2s
[     76s] main 30b c285 ic_m5 random_sub_r1 table completed_valid t=0.2s
[     76s] main 30b c285 ic_m5 random_sub_r2 table completed_valid t=0.1s
[     76s] main 30b c285 ic_m5 known_null_sub table completed_valid t=0.1s
[     76s] main 30b c285 ic_m5 random_dick_r0 table completed_valid t=0.1s
[     76s] main 30b c285 ic_m5 random_dick_r1 table completed_valid t=0.1s
[     76s] main 30b c285 ic_m5 random_dick_r2 table completed_valid t=0.1s
[     76s] main 30b c285 ic_m5 known_null_dick table completed_valid t=0.1s
[     77s] main 30b c286 ic_m5 subgroup table completed_valid t=0.1s
[     77s] main 30b c286 ic_m5 dickson table completed_valid t=0.1s
[     77s] main 30b c286 ic_m5 small_x table completed_valid t=0.1s
[     77s] main 30b c286 ic_m5 random_sub_r0 table completed_valid t=0.1s
[     77s] main 30b c286 ic_m5 random_sub_r1 table completed_valid t=0.1s
[     77s] main 30b c286 ic_m5 random_sub_r2 table completed_valid t=0.1s
[     77s] main 30b c286 ic_m5 known_null_sub table completed_valid t=0.1s
[     77s] main 30b c286 ic_m5 random_dick_r0 table completed_valid t=0.1s
[     77s] main 30b c286 ic_m5 random_dick_r1 table completed_valid t=0.1s
[     77s] main 30b c286 ic_m5 random_dick_r2 table completed_valid t=0.1s
[     77s] main 30b c286 ic_m5 known_null_dick table completed_valid t=0.1s
[     77s] main 30b c287 ic_m5 subgroup table completed_valid t=0.1s
[     77s] main 30b c287 ic_m5 dickson table completed_valid t=0.0s
[     77s] main 30b c287 ic_m5 small_x table completed_valid t=0.1s
[     77s] main 30b c287 ic_m5 random_sub_r0 table completed_valid t=0.1s
[     77s] main 30b c287 ic_m5 random_sub_r1 table completed_valid t=0.1s
[     77s] main 30b c287 ic_m5 random_sub_r2 table completed_valid t=0.1s
[     77s] main 30b c287 ic_m5 known_null_sub table completed_valid t=0.1s
[     77s] main 30b c287 ic_m5 random_dick_r0 table completed_valid t=0.0s
[     77s] main 30b c287 ic_m5 random_dick_r1 table completed_valid t=0.1s
[     77s] main 30b c287 ic_m5 random_dick_r2 table completed_valid t=0.1s
[     77s] main 30b c287 ic_m5 known_null_dick table completed_valid t=0.0s
[     79s] main 30b c288 ic_m5 subgroup table completed_valid t=0.2s
[     79s] main 30b c288 ic_m5 dickson table completed_valid t=0.1s
[     79s] main 30b c288 ic_m5 small_x table completed_valid t=0.1s
[     79s] main 30b c288 ic_m5 random_sub_r0 table completed_valid t=0.1s
[     79s] main 30b c288 ic_m5 random_sub_r1 table completed_valid t=0.1s
[     79s] main 30b c288 ic_m5 random_sub_r2 table completed_valid t=0.1s
[     79s] main 30b c288 ic_m5 known_null_sub table completed_valid t=0.1s
[     79s] main 30b c288 ic_m5 random_dick_r0 table completed_valid t=0.1s
[     79s] main 30b c288 ic_m5 random_dick_r1 table completed_valid t=0.1s
[     79s] main 30b c288 ic_m5 random_dick_r2 table completed_valid t=0.1s
[     79s] main 30b c288 ic_m5 known_null_dick table completed_valid t=0.1s
[     80s] main 30b c289 ic_m5 subgroup table completed_valid t=0.1s
[     80s] main 30b c289 ic_m5 dickson table completed_valid t=0.1s
[     80s] main 30b c289 ic_m5 small_x table completed_valid t=0.1s
[     80s] main 30b c289 ic_m5 random_sub_r0 table completed_valid t=0.1s
[     80s] main 30b c289 ic_m5 random_sub_r1 table completed_valid t=0.1s
[     80s] main 30b c289 ic_m5 random_sub_r2 table completed_valid t=0.1s
[     80s] main 30b c289 ic_m5 known_null_sub table completed_valid t=0.1s
[     80s] main 30b c289 ic_m5 random_dick_r0 table completed_valid t=0.1s
[     80s] main 30b c289 ic_m5 random_dick_r1 table completed_valid t=0.1s
[     80s] main 30b c289 ic_m5 random_dick_r2 table completed_valid t=0.1s
[     80s] main 30b c289 ic_m5 known_null_dick table completed_valid t=0.1s
[     80s] main 30b c290 ic_m5 subgroup table completed_valid t=0.1s
[     80s] main 30b c290 ic_m5 dickson table completed_valid t=0.1s
[     80s] main 30b c290 ic_m5 small_x table completed_valid t=0.1s
[     80s] main 30b c290 ic_m5 random_sub_r0 table completed_valid t=0.1s
[     80s] main 30b c290 ic_m5 random_sub_r1 table completed_valid t=0.1s
[     80s] main 30b c290 ic_m5 random_sub_r2 table completed_valid t=0.1s
[     80s] main 30b c290 ic_m5 known_null_sub table completed_valid t=0.1s
[     80s] main 30b c290 ic_m5 random_dick_r0 table completed_valid t=0.1s
[     80s] main 30b c290 ic_m5 random_dick_r1 table completed_valid t=0.1s
[     80s] main 30b c290 ic_m5 random_dick_r2 table completed_valid t=0.1s
[     80s] main 30b c290 ic_m5 known_null_dick table completed_valid t=0.1s
[     81s] main 30b c291 ic_m5 subgroup table completed_valid t=0.1s
[     81s] main 30b c291 ic_m5 dickson table completed_valid t=0.1s
[     81s] main 30b c291 ic_m5 small_x table completed_valid t=0.1s
[     81s] main 30b c291 ic_m5 random_sub_r0 table completed_valid t=0.1s
[     81s] main 30b c291 ic_m5 random_sub_r1 table completed_valid t=0.1s
[     81s] main 30b c291 ic_m5 random_sub_r2 table completed_valid t=0.1s
[     81s] main 30b c291 ic_m5 known_null_sub table completed_valid t=0.1s
[     81s] main 30b c291 ic_m5 random_dick_r0 table completed_valid t=0.1s
[     81s] main 30b c291 ic_m5 random_dick_r1 table completed_valid t=0.1s
[     81s] main 30b c291 ic_m5 random_dick_r2 table completed_valid t=0.1s
[     81s] main 30b c291 ic_m5 known_null_dick table completed_valid t=0.1s
[     83s] main 30b c292 ic_m5 subgroup table completed_valid t=0.1s
[     83s] main 30b c292 ic_m5 dickson table completed_valid t=0.1s
[     83s] main 30b c292 ic_m5 small_x table completed_valid t=0.1s
[     83s] main 30b c292 ic_m5 random_sub_r0 table completed_valid t=0.1s
[     83s] main 30b c292 ic_m5 random_sub_r1 table completed_valid t=0.1s
[     83s] main 30b c292 ic_m5 random_sub_r2 table completed_valid t=0.1s
[     83s] main 30b c292 ic_m5 known_null_sub table completed_valid t=0.1s
[     83s] main 30b c292 ic_m5 random_dick_r0 table completed_valid t=0.1s
[     83s] main 30b c292 ic_m5 random_dick_r1 table completed_valid t=0.1s
[     83s] main 30b c292 ic_m5 random_dick_r2 table completed_valid t=0.1s
[     83s] main 30b c292 ic_m5 known_null_dick table completed_valid t=0.1s
[     83s] main 30b c293 ic_m5 subgroup table completed_valid t=0.1s
[     83s] main 30b c293 ic_m5 dickson table completed_valid t=0.0s
[     83s] main 30b c293 ic_m5 small_x table completed_valid t=0.1s
[     83s] main 30b c293 ic_m5 random_sub_r0 table completed_valid t=0.1s
[     83s] main 30b c293 ic_m5 random_sub_r1 table completed_valid t=0.1s
[     83s] main 30b c293 ic_m5 random_sub_r2 table completed_valid t=0.1s
[     83s] main 30b c293 ic_m5 known_null_sub table completed_valid t=0.1s
[     83s] main 30b c293 ic_m5 random_dick_r0 table completed_valid t=0.0s
[     83s] main 30b c293 ic_m5 random_dick_r1 table completed_valid t=0.0s
[     83s] main 30b c293 ic_m5 random_dick_r2 table completed_valid t=0.0s
[     83s] main 30b c293 ic_m5 known_null_dick table completed_valid t=0.0s
[     85s] main 30b c294 ic_m5 subgroup table completed_valid t=0.1s
[     85s] main 30b c294 ic_m5 dickson table completed_valid t=0.2s
[     85s] main 30b c294 ic_m5 small_x table completed_valid t=0.1s
[     85s] main 30b c294 ic_m5 random_sub_r0 table completed_valid t=0.1s
[     85s] main 30b c294 ic_m5 random_sub_r1 table completed_valid t=0.1s
[     85s] main 30b c294 ic_m5 random_sub_r2 table completed_valid t=0.1s
[     85s] main 30b c294 ic_m5 known_null_sub table completed_valid t=0.1s
[     85s] main 30b c294 ic_m5 random_dick_r0 table completed_valid t=0.1s
[     85s] main 30b c294 ic_m5 random_dick_r1 table completed_valid t=0.1s
[     85s] main 30b c294 ic_m5 random_dick_r2 table completed_valid t=0.1s
[     85s] main 30b c294 ic_m5 known_null_dick table completed_valid t=0.1s
[     86s] main 30b c295 ic_m5 subgroup table completed_valid t=0.1s
[     86s] main 30b c295 ic_m5 dickson table completed_valid t=0.1s
[     86s] main 30b c295 ic_m5 small_x table completed_valid t=0.1s
[     86s] main 30b c295 ic_m5 random_sub_r0 table completed_valid t=0.1s
[     86s] main 30b c295 ic_m5 random_sub_r1 table completed_valid t=0.1s
[     86s] main 30b c295 ic_m5 random_sub_r2 table completed_valid t=0.1s
[     86s] main 30b c295 ic_m5 known_null_sub table completed_valid t=0.1s
[     86s] main 30b c295 ic_m5 random_dick_r0 table completed_valid t=0.1s
[     86s] main 30b c295 ic_m5 random_dick_r1 table completed_valid t=0.1s
[     86s] main 30b c295 ic_m5 random_dick_r2 table completed_valid t=0.1s
[     86s] main 30b c295 ic_m5 known_null_dick table completed_valid t=0.1s
[     87s] main 30b c296 ic_m5 subgroup table completed_valid t=0.1s
[     87s] main 30b c296 ic_m5 dickson table completed_valid t=0.1s
[     87s] main 30b c296 ic_m5 small_x table completed_valid t=0.1s
[     87s] main 30b c296 ic_m5 random_sub_r0 table completed_valid t=0.1s
[     87s] main 30b c296 ic_m5 random_sub_r1 table completed_valid t=0.1s
[     87s] main 30b c296 ic_m5 random_sub_r2 table completed_valid t=0.1s
[     87s] main 30b c296 ic_m5 known_null_sub table completed_valid t=0.1s
[     87s] main 30b c296 ic_m5 random_dick_r0 table completed_valid t=0.0s
[     87s] main 30b c296 ic_m5 random_dick_r1 table completed_valid t=0.0s
[     87s] main 30b c296 ic_m5 random_dick_r2 table completed_valid t=0.1s
[     87s] main 30b c296 ic_m5 known_null_dick table completed_valid t=0.1s
[     88s] main 30b c297 ic_m5 subgroup table completed_valid t=0.1s
[     88s] main 30b c297 ic_m5 dickson table completed_valid t=0.1s
[     88s] main 30b c297 ic_m5 small_x table completed_valid t=0.1s
[     88s] main 30b c297 ic_m5 random_sub_r0 table completed_valid t=0.1s
[     88s] main 30b c297 ic_m5 random_sub_r1 table completed_valid t=0.1s
[     88s] main 30b c297 ic_m5 random_sub_r2 table completed_valid t=0.1s
[     88s] main 30b c297 ic_m5 known_null_sub table completed_valid t=0.1s
[     88s] main 30b c297 ic_m5 random_dick_r0 table completed_valid t=0.1s
[     88s] main 30b c297 ic_m5 random_dick_r1 table completed_valid t=0.1s
[     88s] main 30b c297 ic_m5 random_dick_r2 table completed_valid t=0.1s
[     88s] main 30b c297 ic_m5 known_null_dick table completed_valid t=0.1s
[     89s] main 30b c298 ic_m5 subgroup table completed_valid t=0.1s
[     89s] main 30b c298 ic_m5 dickson table completed_valid t=0.1s
[     89s] main 30b c298 ic_m5 small_x table completed_valid t=0.1s
[     89s] main 30b c298 ic_m5 random_sub_r0 table completed_valid t=0.1s
[     89s] main 30b c298 ic_m5 random_sub_r1 table completed_valid t=0.1s
[     89s] main 30b c298 ic_m5 random_sub_r2 table completed_valid t=0.1s
[     89s] main 30b c298 ic_m5 known_null_sub table completed_valid t=0.1s
[     89s] main 30b c298 ic_m5 random_dick_r0 table completed_valid t=0.1s
[     89s] main 30b c298 ic_m5 random_dick_r1 table completed_valid t=0.1s
[     89s] main 30b c298 ic_m5 random_dick_r2 table completed_valid t=0.1s
[     89s] main 30b c298 ic_m5 known_null_dick table completed_valid t=0.1s
[     90s] main 30b c299 ic_m5 subgroup table completed_valid t=0.1s
[     90s] main 30b c299 ic_m5 dickson table completed_valid t=0.1s
[     90s] main 30b c299 ic_m5 small_x table completed_valid t=0.1s
[     90s] main 30b c299 ic_m5 random_sub_r0 table completed_valid t=0.1s
[     90s] main 30b c299 ic_m5 random_sub_r1 table completed_valid t=0.1s
[     90s] main 30b c299 ic_m5 random_sub_r2 table completed_valid t=0.1s
[     90s] main 30b c299 ic_m5 known_null_sub table completed_valid t=0.1s
[     90s] main 30b c299 ic_m5 random_dick_r0 table completed_valid t=0.1s
[     90s] main 30b c299 ic_m5 random_dick_r1 table completed_valid t=0.1s
[     90s] main 30b c299 ic_m5 random_dick_r2 table completed_valid t=0.1s
[     90s] main 30b c299 ic_m5 known_null_dick table completed_valid t=0.1s
[     90s] main 30b c300 ic_m5 subgroup table completed_valid t=0.0s
[     90s] main 30b c300 ic_m5 dickson table completed_valid t=0.0s
[     90s] main 30b c300 ic_m5 small_x table completed_valid t=0.0s
[     90s] main 30b c300 ic_m5 random_sub_r0 table completed_valid t=0.0s
[     90s] main 30b c300 ic_m5 random_sub_r1 table completed_valid t=0.0s
[     90s] main 30b c300 ic_m5 random_sub_r2 table completed_valid t=0.0s
[     90s] main 30b c300 ic_m5 known_null_sub table completed_valid t=0.0s
[     90s] main 30b c300 ic_m5 random_dick_r0 table completed_valid t=0.1s
[     90s] main 30b c300 ic_m5 random_dick_r1 table completed_valid t=0.1s
[     90s] main 30b c300 ic_m5 random_dick_r2 table completed_valid t=0.0s
[     90s] main 30b c300 ic_m5 known_null_dick table completed_valid t=0.1s
[     91s] main 30b c301 ic_m5 subgroup table completed_valid t=0.1s
[     91s] main 30b c301 ic_m5 dickson table completed_valid t=0.1s
[     91s] main 30b c301 ic_m5 small_x table completed_valid t=0.1s
[     91s] main 30b c301 ic_m5 random_sub_r0 table completed_valid t=0.1s
[     91s] main 30b c301 ic_m5 random_sub_r1 table completed_valid t=0.1s
[     91s] main 30b c301 ic_m5 random_sub_r2 table completed_valid t=0.1s
[     91s] main 30b c301 ic_m5 known_null_sub table completed_valid t=0.1s
[     91s] main 30b c301 ic_m5 random_dick_r0 table completed_valid t=0.1s
[     91s] main 30b c301 ic_m5 random_dick_r1 table completed_valid t=0.1s
[     91s] main 30b c301 ic_m5 random_dick_r2 table completed_valid t=0.1s
[     91s] main 30b c301 ic_m5 known_null_dick table completed_valid t=0.1s
[     92s] main 30b c302 ic_m5 subgroup table completed_valid t=0.1s
[     92s] main 30b c302 ic_m5 dickson table completed_valid t=0.1s
[     92s] main 30b c302 ic_m5 small_x table completed_valid t=0.1s
[     92s] main 30b c302 ic_m5 random_sub_r0 table completed_valid t=0.1s
[     92s] main 30b c302 ic_m5 random_sub_r1 table completed_valid t=0.1s
[     92s] main 30b c302 ic_m5 random_sub_r2 table completed_valid t=0.1s
[     92s] main 30b c302 ic_m5 known_null_sub table completed_valid t=0.1s
[     92s] main 30b c302 ic_m5 random_dick_r0 table completed_valid t=0.1s
[     92s] main 30b c302 ic_m5 random_dick_r1 table completed_valid t=0.1s
[     92s] main 30b c302 ic_m5 random_dick_r2 table completed_valid t=0.1s
[     92s] main 30b c302 ic_m5 known_null_dick table completed_valid t=0.1s
[     93s] main 30b c303 ic_m5 subgroup table completed_valid t=0.1s
[     93s] main 30b c303 ic_m5 dickson table completed_valid t=0.1s
[     93s] main 30b c303 ic_m5 small_x table completed_valid t=0.1s
[     93s] main 30b c303 ic_m5 random_sub_r0 table completed_valid t=0.1s
[     93s] main 30b c303 ic_m5 random_sub_r1 table completed_valid t=0.1s
[     93s] main 30b c303 ic_m5 random_sub_r2 table completed_valid t=0.1s
[     93s] main 30b c303 ic_m5 known_null_sub table completed_valid t=0.1s
[     93s] main 30b c303 ic_m5 random_dick_r0 table completed_valid t=0.1s
[     93s] main 30b c303 ic_m5 random_dick_r1 table completed_valid t=0.1s
[     93s] main 30b c303 ic_m5 random_dick_r2 table completed_valid t=0.1s
[     93s] main 30b c303 ic_m5 known_null_dick table completed_valid t=0.1s
[     95s] main 30b c304 ic_m5 subgroup table completed_valid t=0.1s
[     95s] main 30b c304 ic_m5 dickson table completed_valid t=0.1s
[     95s] main 30b c304 ic_m5 small_x table completed_valid t=0.1s
[     95s] main 30b c304 ic_m5 random_sub_r0 table completed_valid t=0.2s
[     95s] main 30b c304 ic_m5 random_sub_r1 table completed_valid t=0.2s
[     95s] main 30b c304 ic_m5 random_sub_r2 table completed_valid t=0.1s
[     95s] main 30b c304 ic_m5 known_null_sub table completed_valid t=0.1s
[     95s] main 30b c304 ic_m5 random_dick_r0 table completed_valid t=0.1s
[     95s] main 30b c304 ic_m5 random_dick_r1 table completed_valid t=0.1s
[     95s] main 30b c304 ic_m5 random_dick_r2 table completed_valid t=0.1s
[     95s] main 30b c304 ic_m5 known_null_dick table completed_valid t=0.1s
[     97s] main 30b c305 ic_m5 subgroup table completed_valid t=0.1s
[     97s] main 30b c305 ic_m5 dickson table completed_valid t=0.1s
[     97s] main 30b c305 ic_m5 small_x table completed_valid t=0.2s
[     97s] main 30b c305 ic_m5 random_sub_r0 table completed_valid t=0.1s
[     97s] main 30b c305 ic_m5 random_sub_r1 table completed_valid t=0.2s
[     97s] main 30b c305 ic_m5 random_sub_r2 table completed_valid t=0.2s
[     97s] main 30b c305 ic_m5 known_null_sub table completed_valid t=0.2s
[     97s] main 30b c305 ic_m5 random_dick_r0 table completed_valid t=0.1s
[     97s] main 30b c305 ic_m5 random_dick_r1 table completed_valid t=0.1s
[     97s] main 30b c305 ic_m5 random_dick_r2 table completed_valid t=0.1s
[     97s] main 30b c305 ic_m5 known_null_dick table completed_valid t=0.1s
[     98s] main 30b c306 ic_m5 subgroup table completed_valid t=0.1s
[     98s] main 30b c306 ic_m5 dickson table completed_valid t=0.1s
[     98s] main 30b c306 ic_m5 small_x table completed_valid t=0.1s
[     98s] main 30b c306 ic_m5 random_sub_r0 table completed_valid t=0.1s
[     98s] main 30b c306 ic_m5 random_sub_r1 table completed_valid t=0.1s
[     98s] main 30b c306 ic_m5 random_sub_r2 table completed_valid t=0.1s
[     98s] main 30b c306 ic_m5 known_null_sub table completed_valid t=0.1s
[     98s] main 30b c306 ic_m5 random_dick_r0 table completed_valid t=0.1s
[     98s] main 30b c306 ic_m5 random_dick_r1 table completed_valid t=0.1s
[     98s] main 30b c306 ic_m5 random_dick_r2 table completed_valid t=0.1s
[     98s] main 30b c306 ic_m5 known_null_dick table completed_valid t=0.1s
[     99s] main 30b c307 ic_m5 subgroup table completed_valid t=0.1s
[     99s] main 30b c307 ic_m5 dickson table completed_valid t=0.1s
[     99s] main 30b c307 ic_m5 small_x table completed_valid t=0.0s
[     99s] main 30b c307 ic_m5 random_sub_r0 table completed_valid t=0.1s
[     99s] main 30b c307 ic_m5 random_sub_r1 table completed_valid t=0.1s
[     99s] main 30b c307 ic_m5 random_sub_r2 table completed_valid t=0.1s
[     99s] main 30b c307 ic_m5 known_null_sub table completed_valid t=0.1s
[     99s] main 30b c307 ic_m5 random_dick_r0 table completed_valid t=0.1s
[     99s] main 30b c307 ic_m5 random_dick_r1 table completed_valid t=0.1s
[     99s] main 30b c307 ic_m5 random_dick_r2 table completed_valid t=0.1s
[     99s] main 30b c307 ic_m5 known_null_dick table completed_valid t=0.1s
[    100s] main 30b c308 ic_m5 subgroup table completed_valid t=0.1s
[    100s] main 30b c308 ic_m5 dickson table completed_valid t=0.2s
[    100s] main 30b c308 ic_m5 small_x table completed_valid t=0.1s
[    100s] main 30b c308 ic_m5 random_sub_r0 table completed_valid t=0.1s
[    100s] main 30b c308 ic_m5 random_sub_r1 table completed_valid t=0.1s
[    100s] main 30b c308 ic_m5 random_sub_r2 table completed_valid t=0.1s
[    100s] main 30b c308 ic_m5 known_null_sub table completed_valid t=0.1s
[    100s] main 30b c308 ic_m5 random_dick_r0 table completed_valid t=0.1s
[    100s] main 30b c308 ic_m5 random_dick_r1 table completed_valid t=0.1s
[    100s] main 30b c308 ic_m5 random_dick_r2 table completed_valid t=0.1s
[    100s] main 30b c308 ic_m5 known_null_dick table completed_valid t=0.1s
[    100s] main 30b c309 ic_m5 subgroup table completed_valid t=0.1s
[    100s] main 30b c309 ic_m5 dickson table completed_valid t=0.1s
[    100s] main 30b c309 ic_m5 small_x table completed_valid t=0.1s
[    100s] main 30b c309 ic_m5 random_sub_r0 table completed_valid t=0.1s
[    100s] main 30b c309 ic_m5 random_sub_r1 table completed_valid t=0.1s
[    100s] main 30b c309 ic_m5 random_sub_r2 table completed_valid t=0.1s
[    100s] main 30b c309 ic_m5 known_null_sub table completed_valid t=0.1s
[    100s] main 30b c309 ic_m5 random_dick_r0 table completed_valid t=0.1s
[    100s] main 30b c309 ic_m5 random_dick_r1 table completed_valid t=0.1s
[    100s] main 30b c309 ic_m5 random_dick_r2 table completed_valid t=0.1s
[    100s] main 30b c309 ic_m5 known_null_dick table completed_valid t=0.1s
