[cell] N=2^20 a=1/4 seed=3 T=64 W=64.0000 cap=512 U_max=1024
[params] {"n_bits": 20, "N": 1048576, "T": 64, "a": 0.25, "W": 64.0, "theta": 0.015625, "cap": 512, "k": 4, "U_max": 1024, "R_default": 64, "walk_key_K": 2092789425003139053, "dp_key": 3763971278946388220, "walk_kind": "permutation", "dp_threshold": 288230376151711744, "bits_per_table_entry": 40, "bits_per_pool_entry": 88, "restart_scalar_mult_group_ops": 30.0, "seeds": {"walk_key_seed": 3, "precomputation_restart_stream": 3, "target_seed": 103, "phi_bernoulli_stream": 203, "null_a_relabelling_stream": 303, "tiebreak_permutation_stream": 403}}
[basins] {"n_dps": 16271, "cycle_mass": 18, "cycle_mass_frac": 1.71661376953125e-05, "capped_mass": 880, "capped_mass_frac": 0.0008392333984375, "survival_slope": -1.6369254780625606, "survival_slope_points": 51, "survival_slope_estimator": "least squares of log S(n) on log n over 60 log-spaced integers (primary)", "survival_slope_int_grid": -2.5267334295047763, "survival_slope_int_grid_points": 504, "survival_slope_range": [10, 1024], "survival_slope_within_0.15_of_-0.5": false, "survival_slope_int_grid_within_0.15_of_-0.5": false, "MODELED_borel_survival_slope_same_estimator": -0.6300039380933038, "MODELED_borel_survival_slope_int_grid": -0.6808533927498887, "survival_pointwise": {"n": [10, 30, 100, 300], "MEASURED_S_emp": [0.8682932825271956, 0.6370843832585582, 0.21344723741626206, 0.008419888144551656], "MODELED_S_borel(1-theta)": [0.24647496042801967, 0.13367622965689013, 0.06627501780135463, 0.0325955128612482], "max_abs_log_ratio": 1.561481436945373}, "cutoff": {"n_c": null, "n_c_theta2_over_2": null, "note": "tail too short"}, "MODELED_borel_cutoff_same_estimator": {"n_c": null, "n_c_theta2_over_2": null, "note": "tail too short"}, "cutoff_in_[0.5,2]": null, "top_T_share": 0.025104522705078125, "top_share_by_t": {"16": 0.0073871612548828125, "32": 0.013723373413085938, "48": 0.019631385803222656, "64": 0.025104522705078125, "128": 0.044834136962890625}, "C_max_model": 0.3889120129663709, "x_star_model": 0.7423409681771704, "top_T_share_over_C_max": 0.0645506486508271, "top_T_share_over_C_max_in_[0.85,1.05]": false, "largest_basin": 513, "largest_basin_borel_99_band": [11988, 53372], "largest_basin_in_band": false, "borel_band_samples": 16384, "mean_basin": 64.38928154385103, "basins_seconds": 0.32902026176452637}
[pools] {"2": {"distinct_dps": 128, "walks": 130, "P_group_ops": 8562, "capped_walks": 0, "P_over_sqrt_NT": 1.045166015625}, "4": {"distinct_dps": 256, "walks": 261, "P_group_ops": 16771, "capped_walks": 0, "P_over_sqrt_NT": 2.0472412109375}, "8": {"distinct_dps": 512, "walks": 527, "P_group_ops": 35081, "capped_walks": 0, "P_over_sqrt_NT": 4.2823486328125}} (0.0s)
[walks] {"count": 4096, "capped_fraction_all_walks": 0.000732421875, "mean_length_all_walks": 61.857177734375, "mean_length_over_W": 0.9665184020996094, "walk_seconds": 0.010009527206420898} walker_vs_basins=True
[fixture] {"trials": 40000, "total_steps": 2553365, "successes": 424, "hit_rate": 0.0106, "scaled_main_cost": 47.04755675117924, "scaled_precomputation": 1.045166015625, "mean_steps_over_W": 0.997408203125, "capped_fraction": 0.000925, "published_reference": {"scaled_main_cost": 1.79, "tolerance": 0.18, "scaled_precomputation_range": [1.05, 1.4]}, "note": "per-seed values; the G2 gate is evaluated on the 5-seed pooled value in the analysis run", "static_T_exact_coverage": 0.01139068603515625}
[arm] STATIC(T/4): solved=23/1024 eps_ss(8T)=0.0156 eps_ss(16T)=0.0156 p_last=0.0039 cov_last=0.0045 S_peak=11264 ops_resel=499 (0.0s)
[arm] STATIC(T/2): solved=34/1024 eps_ss(8T)=0.0234 eps_ss(16T)=0.0469 p_last=0.0161 cov_last=0.0073 S_peak=11264 ops_resel=862 (0.0s)
[arm] STATIC(3T/4): solved=47/1024 eps_ss(8T)=0.0234 eps_ss(16T)=0.0703 p_last=0.0242 cov_last=0.0096 S_peak=11264 ops_resel=1208 (0.0s)
[arm] STATIC(T): solved=58/1024 eps_ss(8T)=0.0312 eps_ss(16T)=0.0703 p_last=0.0242 cov_last=0.0114 S_peak=11264 ops_resel=1369 (0.0s)
[arm] STATIC2T: solved=76/1024 eps_ss(8T)=0.0469 eps_ss(16T)=0.0781 p_last=0.0283 cov_last=0.0171 S_peak=11264 ops_resel=0 (0.0s)
[arm] RHO: solved=1/1024 eps_ss(8T)=0.0000 eps_ss(16T)=0.0000 p_last=0.0000 S_peak=0 ops_resel=0 (0.0s)
[arm] RESEL-L(T/4): solved=23/1024 eps_ss(8T)=0.0156 eps_ss(16T)=0.0156 p_last=0.0039 cov_last=0.0046 S_peak=14344 ops_resel=8832 (0.0s)
[arm] RESEL-L(T/2): solved=33/1024 eps_ss(8T)=0.0234 eps_ss(16T)=0.0391 p_last=0.0120 cov_last=0.0077 S_peak=15576 ops_resel=15426 (0.0s)
[arm] RESEL-L(3T/4): solved=44/1024 eps_ss(8T)=0.0312 eps_ss(16T)=0.0625 p_last=0.0202 cov_last=0.0103 S_peak=16984 ops_resel=22139 (0.0s)
[arm] RESEL-L(T): solved=57/1024 eps_ss(8T)=0.0312 eps_ss(16T)=0.0703 p_last=0.0242 cov_last=0.0132 S_peak=18568 ops_resel=26652 (0.0s)
[arm] RESEL-U(T): solved=61/1024 eps_ss(8T)=0.0312 eps_ss(16T)=0.0625 p_last=0.0118 cov_last=0.0157 S_peak=289432 ops_resel=77579 (0.0s)
[arm] RESEL-U(T/2): solved=32/1024 eps_ss(8T)=0.0078 eps_ss(16T)=0.0234 p_last=0.0039 cov_last=0.0086 S_peak=292072 ops_resel=51038 (0.0s)
[arm] NULL-A(T): solved=50/1024 eps_ss(8T)=0.0391 eps_ss(16T)=0.0703 p_last=0.0283 cov_last=0.0086 S_peak=17688 ops_resel=23928 (0.0s)
[arm] NULL-A(T/2): solved=36/1024 eps_ss(8T)=0.0234 eps_ss(16T)=0.0312 p_last=0.0079 cov_last=0.0053 S_peak=15752 ops_resel=15307 (0.0s)
[arm] NULL-B(T): solved=58/1024 eps_ss(8T)=0.0312 eps_ss(16T)=0.0703 p_last=0.0242 cov_last=0.0114 S_peak=18920 ops_resel=1369 (0.0s)
[arm] NULL-B(T/2): solved=34/1024 eps_ss(8T)=0.0234 eps_ss(16T)=0.0469 p_last=0.0161 cov_last=0.0073 S_peak=15840 ops_resel=862 (0.0s)
[arm] PHI(0.0,T/2): solved=34/1024 eps_ss(8T)=0.0234 eps_ss(16T)=0.0469 p_last=0.0161 cov_last=0.0073 S_peak=11264 ops_resel=14654 (0.0s)
[arm] PHI(0.1,T/2): solved=34/1024 eps_ss(8T)=0.0234 eps_ss(16T)=0.0469 p_last=0.0161 cov_last=0.0073 S_peak=11440 ops_resel=14682 (0.0s)
[arm] PHI(0.25,T/2): solved=34/1024 eps_ss(8T)=0.0234 eps_ss(16T)=0.0469 p_last=0.0161 cov_last=0.0072 S_peak=12056 ops_resel=14837 (0.0s)
[arm] PHI(0.5,T/2): solved=34/1024 eps_ss(8T)=0.0234 eps_ss(16T)=0.0469 p_last=0.0161 cov_last=0.0077 S_peak=13552 ops_resel=14993 (0.0s)
[arm] PHI(1.0,T/2): solved=33/1024 eps_ss(8T)=0.0234 eps_ss(16T)=0.0391 p_last=0.0120 cov_last=0.0077 S_peak=15576 ops_resel=15426 (0.0s)
[arm] RSWEEP-STATIC(r=4,T): solved=62/1024 eps_ss(8T)=0.0547 eps_ss(16T)=0.0938 p_last=0.0243 cov_last=0.0139 S_peak=22528 ops_resel=2100 (0.0s)
[arm] RSWEEP-RESEL-L(r=4,T): solved=65/1024 eps_ss(8T)=0.0547 eps_ss(16T)=0.0781 p_last=0.0202 cov_last=0.0148 S_peak=30536 ops_resel=38408 (0.0s)
[arm] RSWEEP-STATIC(r=4,T/2): solved=33/1024 eps_ss(8T)=0.0391 eps_ss(16T)=0.0312 p_last=0.0039 cov_last=0.0082 S_peak=22528 ops_resel=1224 (0.0s)
[arm] RSWEEP-RESEL-L(r=4,T/2): solved=37/1024 eps_ss(8T)=0.0391 eps_ss(16T)=0.0391 p_last=0.0039 cov_last=0.0086 S_peak=27456 ops_resel=21600 (0.0s)
[arm] RSWEEP-STATIC(r=8,T): solved=62/1024 eps_ss(8T)=0.0703 eps_ss(16T)=0.0312 p_last=0.0079 cov_last=0.0159 S_peak=45056 ops_resel=3006 (0.0s)
[arm] RSWEEP-RESEL-L(r=8,T): solved=65/1024 eps_ss(8T)=0.0625 eps_ss(16T)=0.0391 p_last=0.0079 cov_last=0.0157 S_peak=53328 ops_resel=52752 (0.0s)
[arm] RSWEEP-STATIC(r=8,T/2): solved=33/1024 eps_ss(8T)=0.0234 eps_ss(16T)=0.0234 p_last=0.0079 cov_last=0.0082 S_peak=45056 ops_resel=1663 (0.0s)
[arm] RSWEEP-RESEL-L(r=8,T/2): solved=34/1024 eps_ss(8T)=0.0234 eps_ss(16T)=0.0312 p_last=0.0079 cov_last=0.0080 S_peak=49984 ops_resel=28575 (0.0s)
[arm] CAP(4T,T): solved=57/1024 eps_ss(8T)=0.0312 eps_ss(16T)=0.0703 p_last=0.0242 cov_last=0.0132 S_peak=18568 ops_resel=26652 (0.0s)
[arm] CAP(4T,T/2): solved=33/1024 eps_ss(8T)=0.0234 eps_ss(16T)=0.0391 p_last=0.0120 cov_last=0.0077 S_peak=15576 ops_resel=15426 (0.0s)
[arm] CAP(2T,T): solved=57/1024 eps_ss(8T)=0.0312 eps_ss(16T)=0.0703 p_last=0.0242 cov_last=0.0132 S_peak=12496 ops_resel=23080 (0.0s)
[arm] CAP(2T,T/2): solved=33/1024 eps_ss(8T)=0.0234 eps_ss(16T)=0.0391 p_last=0.0120 cov_last=0.0077 S_peak=11880 ops_resel=14606 (0.0s)
[arm] ORACLE(T/4): solved=30/1024 eps_ss(8T)=0.0312 eps_ss(16T)=0.0391 p_last=0.0000 cov_last=0.0074 S_peak=0 ops_resel=0 (0.0s)
[arm] ORACLE(T/2): solved=54/1024 eps_ss(8T)=0.0469 eps_ss(16T)=0.0781 p_last=0.0039 cov_last=0.0137 S_peak=0 ops_resel=0 (0.0s)
[arm] ORACLE(3T/4): solved=66/1024 eps_ss(8T)=0.0625 eps_ss(16T)=0.0859 p_last=0.0079 cov_last=0.0196 S_peak=0 ops_resel=0 (0.0s)
[arm] ORACLE(T): solved=88/1024 eps_ss(8T)=0.0781 eps_ss(16T)=0.1250 p_last=0.0239 cov_last=0.0251 S_peak=0 ops_resel=0 (0.0s)
[checks] {"round0_identity": {"RESEL-L(T/4)": true, "RESEL-L(T/2)": true, "RESEL-L(3T/4)": true, "RESEL-L(T)": true, "RESEL-U(T)": true, "RESEL-U(T/2)": true, "NULL-A(T)": true, "NULL-A(T/2)": true, "NULL-B(T)": true, "NULL-B(T/2)": true, "PHI(0.0,T/2)": true, "PHI(0.1,T/2)": true, "PHI(0.25,T/2)": true, "PHI(0.5,T/2)": true, "PHI(1.0,T/2)": true, "RSWEEP-RESEL-L(r=4,T)": true, "RSWEEP-RESEL-L(r=4,T/2)": true, "RSWEEP-RESEL-L(r=8,T)": true, "RSWEEP-RESEL-L(r=8,T/2)": true, "CAP(4T,T)": true, "CAP(4T,T/2)": true, "CAP(2T,T)": true, "CAP(2T,T/2)": true}, "bit_identity_all_rounds": {"NULL-B(T)": true, "NULL-B(T/2)": true, "PHI(0.0,T/2)": true}, "exceedance": {"RESEL-L(T/4)": {"any_exact_exceedance": false, "max_exact_minus_oracle": -0.0028285980224609375, "max_sampled_minus_oracle": 0.004758587732971439}, "RESEL-L(T/2)": {"any_exact_exceedance": false, "max_exact_minus_oracle": -0.0060176849365234375, "max_sampled_minus_oracle": 0.002405658844978578}, "RESEL-L(3T/4)": {"any_exact_exceedance": false, "max_exact_minus_oracle": -0.009283065795898438, "max_sampled_minus_oracle": 0.0005299045193579884}, "RESEL-L(T)": {"any_exact_exceedance": false, "max_exact_minus_oracle": -0.011864662170410156, "max_sampled_minus_oracle": 0.003941120448448847}, "RESEL-U(T)": {"any_exact_exceedance": false, "max_exact_minus_oracle": -0.009419441223144531, "max_sampled_minus_oracle": 0.007682362540823516}, "RESEL-U(T/2)": {"any_exact_exceedance": false, "max_exact_minus_oracle": -0.005168914794921875, "max_sampled_minus_oracle": 0.006519541566671148}, "NULL-A(T)": {"any_exact_exceedance": false, "max_exact_minus_oracle": -0.013713836669921875, "max_sampled_minus_oracle": 0.003941120448448847}, "NULL-A(T/2)": {"any_exact_exceedance": false, "max_exact_minus_oracle": -0.0064678192138671875, "max_sampled_minus_oracle": 0.0024709585707197307}, "PHI(0.0,T/2)": {"any_exact_exceedance": false, "max_exact_minus_oracle": -0.0064678192138671875, "max_sampled_minus_oracle": 0.002405658844978578}, "PHI(0.1,T/2)": {"any_exact_exceedance": false, "max_exact_minus_oracle": -0.0064678192138671875, "max_sampled_minus_oracle": 0.002405658844978578}, "PHI(0.25,T/2)": {"any_exact_exceedance": false, "max_exact_minus_oracle": -0.0064678192138671875, "max_sampled_minus_oracle": 0.002405658844978578}, "PHI(0.5,T/2)": {"any_exact_exceedance": false, "max_exact_minus_oracle": -0.005978584289550781, "max_sampled_minus_oracle": 0.002405658844978578}, "PHI(1.0,T/2)": {"any_exact_exceedance": false, "max_exact_minus_oracle": -0.0060176849365234375, "max_sampled_minus_oracle": 0.002405658844978578}, "RSWEEP-RESEL-L(r=4,T)": {"any_exact_exceedance": false, "max_exact_minus_oracle": -0.010354042053222656, "max_sampled_minus_oracle": 0.003350761847767402}, "RSWEEP-RESEL-L(r=4,T/2)": {"any_exact_exceedance": false, "max_exact_minus_oracle": -0.005103111267089844, "max_sampled_minus_oracle": 0.0024709585707197307}, "RSWEEP-RESEL-L(r=8,T)": {"any_exact_exceedance": false, "max_exact_minus_oracle": -0.00907135009765625, "max_sampled_minus_oracle": 0.004184180223792168}, "RSWEEP-RESEL-L(r=8,T/2)": {"any_exact_exceedance": false, "max_exact_minus_oracle": -0.005568504333496094, "max_sampled_minus_oracle": 0.006356947872054625}, "CAP(4T,T)": {"any_exact_exceedance": false, "max_exact_minus_oracle": -0.011864662170410156, "max_sampled_minus_oracle": 0.003941120448448847}, "CAP(4T,T/2)": {"any_exact_exceedance": false, "max_exact_minus_oracle": -0.0060176849365234375, "max_sampled_minus_oracle": 0.002405658844978578}, "CAP(2T,T)": {"any_exact_exceedance": false, "max_exact_minus_oracle": -0.011864662170410156, "max_sampled_minus_oracle": 0.003941120448448847}, "CAP(2T,T/2)": {"any_exact_exceedance": false, "max_exact_minus_oracle": -0.0060176849365234375, "max_sampled_minus_oracle": 0.002405658844978578}}, "phi1_equals_resel_l_T/2": true}
[done] 0.8s
