EXP-IT-001 RUN-IT-001-rc45-smoke start 2026-08-03T22:10:13Z
git=fbd9e4c465294fa4854dc217d73de6c3ed3cd99f dirty=True wall_budget=600s
density: selecting p_bits for bits=20
density: p_bits[20]=2097169; scanning universe
density bits=20: |U|=170913 rho=0 estimator=exhaustive stop=None
density: selecting p_bits for bits=28
density: p_bits[28]=536870923; scanning universe
density bits=28: |U|=50000 rho=0 estimator=sample_estimate stop=None
density: selecting p_bits for bits=24
density: p_bits[24]=33554467; scanning universe
density bits=24: |U|=266849 rho=0 estimator=exhaustive_partial stop=resource_exhaustion
wrote density freeze /Volumes/SSD990/crypto-autoresearcher-ecdlp-b043-4096/experiments/EXP-IT-001/results/HEUR_ISO_1_report.freeze.json
CTRL-PLANTED-PATH-POS: constructing
planted_path_recovered=True R_xfer=0.11065929582066247
unplanted plan size=21 bits=[20, 24, 28]
unplanted bits=20 seed=2026080304 index=0
unplanted bits=20 seed=2026080304 index=1
unplanted bits=20 seed=2026080304 index=2
unplanted bits=20 seed=2026080304 index=3
unplanted bits=20 seed=2026080304 index=4
unplanted bits=20 seed=2026080304 index=5
unplanted bits=20 seed=2026080304 index=6
unplanted bits=24 seed=2026080304 index=7
unplanted bits=24 seed=2026080304 index=8
unplanted bits=24 seed=2026080304 index=9
unplanted bits=24 seed=2026080304 index=10
unplanted bits=24 seed=2026080304 index=11
unplanted bits=24 seed=2026080304 index=12
unplanted bits=24 seed=2026080304 index=13
unplanted bits=28 seed=2026080304 index=14
unplanted bits=28 seed=2026080304 index=15
unplanted bits=28 seed=2026080304 index=16
unplanted bits=28 seed=2026080304 index=17
unplanted bits=28 seed=2026080304 index=18
unplanted bits=28 seed=2026080304 index=19
unplanted bits=28 seed=2026080304 index=20
