gfpn5_core self-test ok (S_4..S_6 product formula == resultant recursion)
16:48:06 core_self_test_S4_S5_S6_evaluators_agree PASS None
16:48:06 pools_built PASS {'pool_x': 1992, 'pool_t': 978}
16:48:06 [build] arm=identity m=3 p=4111 N_mono=125 sampling 141 points
16:48:06 [build] evaluated 141 RHS in 0.0s
16:48:06 [build] matrices built in 0.0s; solving 125x125 with 25 right-hand sides
16:48:06 [build] solved in 0.0s
16:48:06 [build] held-out check: 16 rows x 25 components, mismatches=0
16:48:06 [raw] evaluated 125 grid points in 0.0s
16:48:06 identity_symmetrisation_equals_raw_grid_m3 PASS {'n_coefficients': 625}
16:48:13 identity_vs_raw_msolve_same_D_and_solutions_m3 PASS {'D_identity': 6, 'D_raw': 6, 'n_solutions': 6, 'planted_x': [415, 978, 1803], 'wall_identity': 3.76, 'wall_raw': 2.887}
16:48:13 [build] arm=identity m=4 p=4111 N_mono=6561 sampling 6577 points
16:48:17 [build] evaluated 6577 RHS in 3.8s
16:48:33 [build] matrices built in 16.0s; solving 6561x6561 with 45 right-hand sides
16:49:10 [build] solved in 36.9s
16:49:10 [build] held-out check: 16 rows x 45 components, mismatches=0
16:49:15 [raw] evaluated 6561 grid points in 5.3s
16:49:15 identity_symmetrisation_equals_raw_grid_m4 PASS {'n_coefficients': 32805}
16:49:15 [build] arm=S4 m=4 p=4111 N_mono=495 sampling 591 points
16:49:16 [build] evaluated 591 RHS in 0.3s
16:49:16 [build] matrices built in 0.1s; solving 495x495 with 45 right-hand sides
16:49:16 [build] solved in 0.0s
16:49:16 [build] held-out check: 96 rows x 45 components, mismatches=0
16:49:43 planted_S4_D_and_lift PASS {'D': 1, 'n_solutions': 1, 'n_relations': 1}
16:49:43 verifier_rejects_wrong_scalar_S4 PASS {'reasons': ['R != [k]G']}
16:49:43 verifier_rejects_flipped_signs_S4 PASS {'reasons': ['R != [k]G', 'sum of signed points != R']}
16:49:43 [build] arm=torsion_S4 m=4 p=4111 N_mono=495 sampling 591 points
16:49:43 [build] evaluated 591 RHS in 0.8s
16:49:44 [build] matrices built in 0.1s; solving 495x495 with 45 right-hand sides
16:49:44 [build] solved in 0.0s
16:49:44 [build] held-out check: 96 rows x 45 components, mismatches=0
16:50:10 planted_torsion_S4_D_and_lift PASS {'D': 1, 'n_solutions': 1, 'n_relations': 1}
16:50:10 verifier_rejects_wrong_scalar_torsion_S4 PASS {'reasons': ['R != [k]G']}
16:50:10 verifier_rejects_flipped_signs_torsion_S4 PASS {'reasons': ['R != [k]G', 'sum of signed points != R']}
16:50:10 verifier_accepts_valid_known_scalar_relation PASS {'reasons': [], 'lifted_points': 5, 'attempts': 1}
16:50:11 verifier_enforces_factor_base_condition PASS {'reasons': ['x(P0) not in F_p', 'sum of signed points != R']}
16:50:11 verifier_accepts_torsion_factor_base_condition FAIL {'reasons': ['x(P0) + b/x(P0) not in F_p', 'x(P1) + b/x(P1) not in F_p', 'x(P2) + b/x(P2) not in F_p', 'x(P3) + b/x(P3) not in F_p', 'x(P4) + b/x(P4) not in F_p'], 'note': 'x in F_p implies x + b/x in F_p, so the planted relation also satisfies the phi-factor-base condition'}
16:50:11 independent_group_law_matches_flint_group_law PASS None
