[     39s] main 32b c30 ic_m5 subgroup search completed_valid t=3.5s
[     39s] main 32b c30 ic_m5 dickson search completed_valid t=3.7s
[     39s] main 32b c30 ic_m5 small_x search completed_valid t=3.4s
[     39s] main 32b c30 ic_m5 random_sub_r0 search completed_valid t=3.5s
[     39s] main 32b c30 ic_m5 random_sub_r1 search completed_valid t=3.7s
[     39s] main 32b c30 ic_m5 random_sub_r2 search completed_valid t=3.5s
[     39s] main 32b c30 ic_m5 known_null_sub search completed_valid t=3.5s
[     39s] main 32b c30 ic_m5 random_dick_r0 search completed_valid t=3.6s
[     39s] main 32b c30 ic_m5 random_dick_r1 search completed_valid t=3.6s
[     39s] main 32b c30 ic_m5 random_dick_r2 search completed_valid t=3.5s
[     39s] main 32b c30 ic_m5 known_null_dick search completed_valid t=3.4s
[     81s] main 32b c31 ic_m5 subgroup search completed_valid t=3.5s
[     81s] main 32b c31 ic_m5 dickson search completed_valid t=4.3s
[     81s] main 32b c31 ic_m5 small_x search completed_valid t=4.2s
[     81s] main 32b c31 ic_m5 random_sub_r0 search completed_valid t=3.6s
[     81s] main 32b c31 ic_m5 random_sub_r1 search completed_valid t=3.7s
[     81s] main 32b c31 ic_m5 random_sub_r2 search completed_valid t=3.6s
[     81s] main 32b c31 ic_m5 known_null_sub search completed_valid t=3.5s
[     81s] main 32b c31 ic_m5 random_dick_r0 search completed_valid t=3.8s
[     81s] main 32b c31 ic_m5 random_dick_r1 search completed_valid t=3.7s
[     81s] main 32b c31 ic_m5 random_dick_r2 search completed_valid t=4.0s
[     81s] main 32b c31 ic_m5 known_null_dick search completed_valid t=3.9s
[    119s] main 32b c32 ic_m5 subgroup search completed_valid t=3.6s
[    119s] main 32b c32 ic_m5 dickson search completed_valid t=3.4s
[    119s] main 32b c32 ic_m5 small_x search completed_valid t=3.2s
[    119s] main 32b c32 ic_m5 random_sub_r0 search completed_valid t=3.2s
[    119s] main 32b c32 ic_m5 random_sub_r1 search completed_valid t=3.2s
[    119s] main 32b c32 ic_m5 random_sub_r2 search completed_valid t=3.4s
[    119s] main 32b c32 ic_m5 known_null_sub search completed_valid t=3.2s
[    119s] main 32b c32 ic_m5 random_dick_r0 search completed_valid t=3.6s
[    119s] main 32b c32 ic_m5 random_dick_r1 search completed_valid t=3.5s
[    119s] main 32b c32 ic_m5 random_dick_r2 search completed_valid t=3.3s
[    119s] main 32b c32 ic_m5 known_null_dick search completed_valid t=3.5s
[    159s] main 32b c33 ic_m5 subgroup search completed_valid t=3.9s
[    159s] main 32b c33 ic_m5 dickson search completed_valid t=3.6s
[    159s] main 32b c33 ic_m5 small_x search completed_valid t=3.4s
[    159s] main 32b c33 ic_m5 random_sub_r0 search completed_valid t=3.3s
[    159s] main 32b c33 ic_m5 random_sub_r1 search completed_valid t=3.7s
[    159s] main 32b c33 ic_m5 random_sub_r2 search completed_valid t=3.8s
[    159s] main 32b c33 ic_m5 known_null_sub search completed_valid t=3.5s
[    159s] main 32b c33 ic_m5 random_dick_r0 search completed_valid t=3.6s
[    159s] main 32b c33 ic_m5 random_dick_r1 search completed_valid t=4.0s
[    159s] main 32b c33 ic_m5 random_dick_r2 search completed_valid t=3.8s
[    159s] main 32b c33 ic_m5 known_null_dick search completed_valid t=3.7s
[    191s] main 32b c34 ic_m5 subgroup search completed_valid t=2.9s
[    191s] main 32b c34 ic_m5 dickson search completed_valid t=2.8s
[    191s] main 32b c34 ic_m5 small_x search completed_valid t=2.9s
[    191s] main 32b c34 ic_m5 random_sub_r0 search completed_valid t=2.8s
[    191s] main 32b c34 ic_m5 random_sub_r1 search completed_valid t=2.9s
[    191s] main 32b c34 ic_m5 random_sub_r2 search completed_valid t=2.8s
[    191s] main 32b c34 ic_m5 known_null_sub search completed_valid t=2.9s
[    191s] main 32b c34 ic_m5 random_dick_r0 search completed_valid t=2.9s
[    191s] main 32b c34 ic_m5 random_dick_r1 search completed_valid t=3.0s
[    191s] main 32b c34 ic_m5 random_dick_r2 search completed_valid t=3.0s
[    191s] main 32b c34 ic_m5 known_null_dick search completed_valid t=3.0s
[    236s] main 32b c35 ic_m5 subgroup search completed_valid t=3.8s
[    236s] main 32b c35 ic_m5 dickson search completed_valid t=4.5s
[    236s] main 32b c35 ic_m5 small_x search completed_valid t=3.7s
[    236s] main 32b c35 ic_m5 random_sub_r0 search completed_valid t=4.1s
[    236s] main 32b c35 ic_m5 random_sub_r1 search completed_valid t=4.0s
[    236s] main 32b c35 ic_m5 random_sub_r2 search completed_valid t=3.6s
[    236s] main 32b c35 ic_m5 known_null_sub search completed_valid t=3.8s
[    236s] main 32b c35 ic_m5 random_dick_r0 search completed_valid t=4.0s
[    236s] main 32b c35 ic_m5 random_dick_r1 search completed_valid t=4.3s
[    236s] main 32b c35 ic_m5 random_dick_r2 search completed_valid t=4.2s
[    236s] main 32b c35 ic_m5 known_null_dick search completed_valid t=4.3s
[    273s] main 32b c36 ic_m5 subgroup search completed_valid t=3.4s
[    273s] main 32b c36 ic_m5 dickson search completed_valid t=3.2s
[    273s] main 32b c36 ic_m5 small_x search completed_valid t=3.4s
[    273s] main 32b c36 ic_m5 random_sub_r0 search completed_valid t=4.3s
[    273s] main 32b c36 ic_m5 random_sub_r1 search completed_valid t=3.4s
[    273s] main 32b c36 ic_m5 random_sub_r2 search completed_valid t=3.5s
[    273s] main 32b c36 ic_m5 known_null_sub search completed_valid t=3.3s
[    273s] main 32b c36 ic_m5 random_dick_r0 search completed_valid t=3.1s
[    273s] main 32b c36 ic_m5 random_dick_r1 search completed_valid t=3.1s
[    273s] main 32b c36 ic_m5 random_dick_r2 search completed_valid t=3.3s
[    273s] main 32b c36 ic_m5 known_null_dick search completed_valid t=3.2s
[    314s] main 32b c37 ic_m5 subgroup search completed_valid t=3.4s
[    314s] main 32b c37 ic_m5 dickson search completed_valid t=3.5s
[    314s] main 32b c37 ic_m5 small_x search completed_valid t=3.7s
[    314s] main 32b c37 ic_m5 random_sub_r0 search completed_valid t=4.0s
[    314s] main 32b c37 ic_m5 random_sub_r1 search completed_valid t=3.5s
[    314s] main 32b c37 ic_m5 random_sub_r2 search completed_valid t=3.4s
[    314s] main 32b c37 ic_m5 known_null_sub search completed_valid t=3.6s
[    314s] main 32b c37 ic_m5 random_dick_r0 search completed_valid t=3.9s
[    314s] main 32b c37 ic_m5 random_dick_r1 search completed_valid t=3.8s
[    314s] main 32b c37 ic_m5 random_dick_r2 search completed_valid t=3.5s
[    314s] main 32b c37 ic_m5 known_null_dick search completed_valid t=4.1s
[    355s] main 32b c38 ic_m5 subgroup search completed_valid t=3.9s
[    355s] main 32b c38 ic_m5 dickson search completed_valid t=3.6s
[    355s] main 32b c38 ic_m5 small_x search completed_valid t=4.0s
[    355s] main 32b c38 ic_m5 random_sub_r0 search completed_valid t=3.7s
[    355s] main 32b c38 ic_m5 random_sub_r1 search completed_valid t=4.0s
[    355s] main 32b c38 ic_m5 random_sub_r2 search completed_valid t=3.9s
[    355s] main 32b c38 ic_m5 known_null_sub search completed_valid t=3.5s
[    355s] main 32b c38 ic_m5 random_dick_r0 search completed_valid t=3.4s
[    355s] main 32b c38 ic_m5 random_dick_r1 search completed_valid t=3.6s
[    355s] main 32b c38 ic_m5 random_dick_r2 search completed_valid t=3.5s
[    355s] main 32b c38 ic_m5 known_null_dick search completed_valid t=3.2s
[    394s] main 32b c39 ic_m5 subgroup search completed_valid t=3.5s
[    394s] main 32b c39 ic_m5 dickson search completed_valid t=3.6s
[    394s] main 32b c39 ic_m5 small_x search completed_valid t=3.6s
[    394s] main 32b c39 ic_m5 random_sub_r0 search completed_valid t=3.4s
[    394s] main 32b c39 ic_m5 random_sub_r1 search completed_valid t=3.4s
[    394s] main 32b c39 ic_m5 random_sub_r2 search completed_valid t=3.3s
[    394s] main 32b c39 ic_m5 known_null_sub search completed_valid t=4.1s
[    394s] main 32b c39 ic_m5 random_dick_r0 search completed_valid t=3.4s
[    394s] main 32b c39 ic_m5 random_dick_r1 search completed_valid t=3.5s
[    394s] main 32b c39 ic_m5 random_dick_r2 search completed_valid t=3.8s
[    394s] main 32b c39 ic_m5 known_null_dick search completed_valid t=3.6s
