{
 "task": "TASK-20261002-87ffc4",
 "joint": "J2",
 "parts": {
  "A_h2_s4_N31_U": {
   "label": "A",
   "law": "U",
   "N": 31,
   "s": 4,
   "h": 2,
   "n_L": 923521,
   "stored_tails_formal": 16,
   "tt_elements": 16,
   "degenerate_unit_elements": 0,
   "classes": {
    "TT": {
     "pairs_unordered": 120,
     "signed_pairs_excluded": {
      "zero": 0,
      "dependent": 0
     },
     "RR": 96,
     "sum_M": 240,
     "sum_M2": 912,
     "dependent_pairs_coinciding_count": 0,
     "formula": {
      "E_R": 3.096774193548387,
      "Var_R": 2.9968782518210197,
      "E_nP": 7.741935483870968,
      "Var_nP": 28.47034339229969,
      "D_R": 0.967741935483871,
      "D_P": 3.6774193548387095
     },
     "Rstar": {
      "E": 3.096774193548387,
      "Var": 2.9968782518210197,
      "k3": 15.274411735087778,
      "E_equals_formula": true,
      "Var_equals_formula": true
     },
     "nPstar": {
      "E": 7.741935483870968,
      "Var": 28.47034339229969,
      "E_equals_formula": true,
      "Var_equals_formula": true
     },
     "R_engine": {
      "E": 2.751946084604465,
      "Var": 2.7785227026775186,
      "k3": 8.347060431258425,
      "D": 1.0096573905360045,
      "rel_dev_E": -0.11135074351314156,
      "rel_dev_Var": -0.07286100094684189
     },
     "nP_engine": {
      "E": 6.685673633842653,
      "Var": 20.782856201588576,
      "rel_dev_E": -0.13643382229532408,
      "rel_dev_Var": -0.2700173680655475
     },
     "P_R_engine_ne_Rstar": 0.12292194763302622,
     "P_nP_engine_ne_nPstar": 0.14864957050245745,
     "L1_null_bound_V_over_N": 0.5161290322580645,
     "third_moment": {
      "k3_Rstar_exact": 15.274411735087778,
      "k3_mutually_independent": 2.803531267832567,
      "dependent_triples": 2064,
      "k3_predicted_with_dependent_triples": 15.274411735087778,
      "prediction_exact": true
     },
     "class_multiplicity_histogram": {
      "1": 24,
      "2": 48,
      "3": 12,
      "7": 12
     }
    },
    "TB": {
     "pairs_unordered": 64,
     "signed_pairs_excluded": {
      "zero": 0,
      "dependent": 8
     },
     "RR": 44,
     "sum_M": 120,
     "sum_M2": 384,
     "dependent_pairs_coinciding_count": 0,
     "formula": {
      "E_R": 1.4193548387096775,
      "Var_R": 1.3735691987513008,
      "E_nP": 3.870967741935484,
      "Var_nP": 11.987513007284079,
      "D_R": 0.967741935483871,
      "D_P": 3.096774193548387
     },
     "Rstar": {
      "E": 1.4193548387096775,
      "Var": 1.3735691987513008,
      "k3": 2.445033735020644,
      "E_equals_formula": true,
      "Var_equals_formula": true
     },
     "nPstar": {
      "E": 3.870967741935484,
      "Var": 11.987513007284079,
      "E_equals_formula": true,
      "Var_equals_formula": true
     },
     "R_engine": {
      "E": 1.2164747742606827,
      "Var": 1.143107281377011,
      "k3": 0.9140711867217794,
      "D": 0.9396884387279949,
      "rel_dev_E": -0.14293822722542807,
      "rel_dev_Var": -0.16778325954294881
     },
     "nP_engine": {
      "E": 2.9002047598267935,
      "Var": 6.80241334120168,
      "rel_dev_E": -0.25078043704474506,
      "rel_dev_Var": -0.4325417342973251
     },
     "P_R_engine_ne_Rstar": 0.12292194763302622,
     "P_nP_engine_ne_nPstar": 0.12292194763302622,
     "L1_null_bound_V_over_N": 0.6451612903225806,
     "third_moment": {
      "k3_Rstar_exact": 2.445033735020644,
      "k3_mutually_independent": 1.2849518310899264,
      "dependent_triples": 192,
      "k3_predicted_with_dependent_triples": 2.445033735020644,
      "prediction_exact": true
     },
     "class_multiplicity_histogram": {
      "2": 24,
      "3": 16,
      "6": 4
     }
    }
   }
  },
  "B_h2_s4_N31_admissible": {
   "label": "B",
   "law": "admissible",
   "N": 31,
   "s": 4,
   "h": 2,
   "n_L": 524160,
   "stored_tails_formal": 16,
   "tt_elements": 16,
   "degenerate_unit_elements": 0,
   "classes": {
    "TT": {
     "pairs_unordered": 120,
     "signed_pairs_excluded": {
      "zero": 0,
      "dependent": 0
     },
     "RR": 96,
     "sum_M": 240,
     "sum_M2": 912,
     "dependent_pairs_coinciding_count": 0,
     "formula": {
      "E_R": 3.096774193548387,
      "Var_R": 2.9968782518210197,
      "E_nP": 7.741935483870968,
      "Var_nP": 28.47034339229969,
      "D_R": 0.967741935483871,
      "D_P": 3.6774193548387095
     },
     "Rstar": {
      "E": 2.857142857142857,
      "Var": 1.1773940345368916,
      "k3": 1.1558645436196457,
      "E_equals_formula": false,
      "Var_equals_formula": false
     },
     "nPstar": {
      "E": 5.142857142857143,
      "Var": 4.474097331240189,
      "E_equals_formula": false,
      "Var_equals_formula": false
     },
     "R_engine": {
      "E": 2.857142857142857,
      "Var": 1.1773940345368916,
      "k3": 1.1558645436196457,
      "D": 0.41208791208791207,
      "rel_dev_E": -0.07738095238095238,
      "rel_dev_Var": -0.607126504447933
     },
     "nP_engine": {
      "E": 5.142857142857143,
      "Var": 4.474097331240189,
      "rel_dev_E": -0.3357142857142857,
      "rel_dev_Var": -0.8428506017791733
     },
     "P_R_engine_ne_Rstar": 0.0,
     "P_nP_engine_ne_nPstar": 0.0,
     "L1_null_bound_V_over_N": 0.5161290322580645,
     "class_multiplicity_histogram": {
      "1": 24,
      "2": 48,
      "3": 12,
      "7": 12
     }
    },
    "TB": {
     "pairs_unordered": 64,
     "signed_pairs_excluded": {
      "zero": 0,
      "dependent": 8
     },
     "RR": 44,
     "sum_M": 120,
     "sum_M2": 384,
     "dependent_pairs_coinciding_count": 0,
     "formula": {
      "E_R": 1.4193548387096775,
      "Var_R": 1.3735691987513008,
      "E_nP": 3.870967741935484,
      "Var_nP": 11.987513007284079,
      "D_R": 0.967741935483871,
      "D_P": 3.096774193548387
     },
     "Rstar": {
      "E": 1.4285714285714286,
      "Var": 0.706436420722135,
      "k3": 0.10091948867459072,
      "E_equals_formula": false,
      "Var_equals_formula": false
     },
     "nPstar": {
      "E": 3.4285714285714284,
      "
EXIT 0 PEAK_RSS_BYTES 306216960
