[      2s] main 28b c10 ic_m3 subgroup table completed_valid t=0.1s
[      2s] main 28b c10 ic_m3 dickson table completed_valid t=0.1s
[      2s] main 28b c10 ic_m3 small_x table completed_valid t=0.1s
[      2s] main 28b c10 ic_m3 random_sub_r0 table completed_valid t=0.1s
[      2s] main 28b c10 ic_m3 random_sub_r1 table completed_valid t=0.1s
[      2s] main 28b c10 ic_m3 random_sub_r2 table completed_valid t=0.1s
[      2s] main 28b c10 ic_m3 known_null_sub table completed_valid t=0.1s
[      2s] main 28b c10 ic_m3 random_dick_r0 table completed_valid t=0.1s
[      2s] main 28b c10 ic_m3 random_dick_r1 table completed_valid t=0.1s
[      2s] main 28b c10 ic_m3 random_dick_r2 table completed_valid t=0.1s
[      2s] main 28b c10 ic_m3 known_null_dick table completed_valid t=0.1s
[      2s] main 28b c10 ic_m3 planted_sub table completed_valid t=0.1s
[      3s] main 28b c11 ic_m3 subgroup table completed_valid t=0.1s
[      3s] main 28b c11 ic_m3 dickson table completed_valid t=0.2s
[      3s] main 28b c11 ic_m3 small_x table completed_valid t=0.1s
[      3s] main 28b c11 ic_m3 random_sub_r0 table completed_valid t=0.1s
[      3s] main 28b c11 ic_m3 random_sub_r1 table completed_valid t=0.1s
[      3s] main 28b c11 ic_m3 random_sub_r2 table completed_valid t=0.1s
[      3s] main 28b c11 ic_m3 known_null_sub table completed_valid t=0.1s
[      3s] main 28b c11 ic_m3 random_dick_r0 table completed_valid t=0.1s
[      3s] main 28b c11 ic_m3 random_dick_r1 table completed_valid t=0.1s
[      3s] main 28b c11 ic_m3 random_dick_r2 table completed_valid t=0.1s
[      3s] main 28b c11 ic_m3 known_null_dick table completed_valid t=0.1s
[      3s] main 28b c11 ic_m3 planted_sub table completed_valid t=0.1s
[      4s] main 28b c12 ic_m3 subgroup table completed_valid t=0.1s
[      4s] main 28b c12 ic_m3 dickson table completed_valid t=0.1s
[      4s] main 28b c12 ic_m3 small_x table completed_valid t=0.1s
[      4s] main 28b c12 ic_m3 random_sub_r0 table completed_valid t=0.1s
[      4s] main 28b c12 ic_m3 random_sub_r1 table completed_valid t=0.1s
[      4s] main 28b c12 ic_m3 random_sub_r2 table completed_valid t=0.1s
[      4s] main 28b c12 ic_m3 known_null_sub table completed_valid t=0.1s
[      4s] main 28b c12 ic_m3 random_dick_r0 table completed_valid t=0.1s
[      4s] main 28b c12 ic_m3 random_dick_r1 table completed_valid t=0.1s
[      4s] main 28b c12 ic_m3 random_dick_r2 table completed_valid t=0.1s
[      4s] main 28b c12 ic_m3 known_null_dick table completed_valid t=0.1s
[      4s] main 28b c12 ic_m3 planted_sub table completed_valid t=0.1s
[      6s] main 28b c13 ic_m3 subgroup table completed_valid t=0.1s
[      6s] main 28b c13 ic_m3 dickson table completed_valid t=0.1s
[      6s] main 28b c13 ic_m3 small_x table completed_valid t=0.1s
[      6s] main 28b c13 ic_m3 random_sub_r0 table completed_valid t=0.2s
[      6s] main 28b c13 ic_m3 random_sub_r1 table completed_valid t=0.1s
[      6s] main 28b c13 ic_m3 random_sub_r2 table completed_valid t=0.1s
[      6s] main 28b c13 ic_m3 known_null_sub table completed_valid t=0.1s
[      6s] main 28b c13 ic_m3 random_dick_r0 table completed_valid t=0.1s
[      6s] main 28b c13 ic_m3 random_dick_r1 table completed_valid t=0.1s
[      6s] main 28b c13 ic_m3 random_dick_r2 table completed_valid t=0.1s
[      6s] main 28b c13 ic_m3 known_null_dick table completed_valid t=0.1s
[      6s] main 28b c13 ic_m3 planted_sub table completed_valid t=0.1s
[      8s] main 28b c14 ic_m3 subgroup table completed_valid t=0.1s
[      8s] main 28b c14 ic_m3 dickson table completed_valid t=0.1s
[      8s] main 28b c14 ic_m3 small_x table completed_valid t=0.1s
[      8s] main 28b c14 ic_m3 random_sub_r0 table completed_valid t=0.1s
[      8s] main 28b c14 ic_m3 random_sub_r1 table completed_valid t=0.1s
[      8s] main 28b c14 ic_m3 random_sub_r2 table completed_valid t=0.1s
[      8s] main 28b c14 ic_m3 known_null_sub table completed_valid t=0.1s
[      8s] main 28b c14 ic_m3 random_dick_r0 table completed_valid t=0.1s
[      8s] main 28b c14 ic_m3 random_dick_r1 table completed_valid t=0.1s
[      8s] main 28b c14 ic_m3 random_dick_r2 table completed_valid t=0.1s
[      8s] main 28b c14 ic_m3 known_null_dick table completed_valid t=0.1s
[      8s] main 28b c14 ic_m3 planted_sub table completed_valid t=0.1s
[      9s] main 28b c15 ic_m3 subgroup table completed_valid t=0.1s
[      9s] main 28b c15 ic_m3 dickson table completed_valid t=0.1s
[      9s] main 28b c15 ic_m3 small_x table completed_valid t=0.1s
[      9s] main 28b c15 ic_m3 random_sub_r0 table completed_valid t=0.1s
[      9s] main 28b c15 ic_m3 random_sub_r1 table completed_valid t=0.1s
[      9s] main 28b c15 ic_m3 random_sub_r2 table completed_valid t=0.1s
[      9s] main 28b c15 ic_m3 known_null_sub table completed_valid t=0.2s
[      9s] main 28b c15 ic_m3 random_dick_r0 table completed_valid t=0.1s
[      9s] main 28b c15 ic_m3 random_dick_r1 table completed_valid t=0.1s
[      9s] main 28b c15 ic_m3 random_dick_r2 table completed_valid t=0.1s
[      9s] main 28b c15 ic_m3 known_null_dick table completed_valid t=0.1s
[      9s] main 28b c15 ic_m3 planted_sub table completed_valid t=0.1s
[     11s] main 28b c16 ic_m3 subgroup table completed_valid t=0.1s
[     11s] main 28b c16 ic_m3 dickson table completed_valid t=0.1s
[     11s] main 28b c16 ic_m3 small_x table completed_valid t=0.1s
[     11s] main 28b c16 ic_m3 random_sub_r0 table completed_valid t=0.1s
[     11s] main 28b c16 ic_m3 random_sub_r1 table completed_valid t=0.1s
[     11s] main 28b c16 ic_m3 random_sub_r2 table completed_valid t=0.1s
[     11s] main 28b c16 ic_m3 known_null_sub table completed_valid t=0.1s
[     11s] main 28b c16 ic_m3 random_dick_r0 table completed_valid t=0.1s
[     11s] main 28b c16 ic_m3 random_dick_r1 table completed_valid t=0.1s
[     11s] main 28b c16 ic_m3 random_dick_r2 table completed_valid t=0.1s
[     11s] main 28b c16 ic_m3 known_null_dick table completed_valid t=0.1s
[     11s] main 28b c16 ic_m3 planted_sub table completed_valid t=0.1s
[     12s] main 28b c17 ic_m3 subgroup table completed_valid t=0.1s
[     12s] main 28b c17 ic_m3 dickson table completed_valid t=0.1s
[     12s] main 28b c17 ic_m3 small_x table completed_valid t=0.1s
[     12s] main 28b c17 ic_m3 random_sub_r0 table completed_valid t=0.1s
[     12s] main 28b c17 ic_m3 random_sub_r1 table completed_valid t=0.1s
[     12s] main 28b c17 ic_m3 random_sub_r2 table completed_valid t=0.1s
[     12s] main 28b c17 ic_m3 known_null_sub table completed_valid t=0.1s
[     12s] main 28b c17 ic_m3 random_dick_r0 table completed_valid t=0.1s
[     12s] main 28b c17 ic_m3 random_dick_r1 table completed_valid t=0.1s
[     12s] main 28b c17 ic_m3 random_dick_r2 table completed_valid t=0.1s
[     12s] main 28b c17 ic_m3 known_null_dick table completed_valid t=0.1s
[     12s] main 28b c17 ic_m3 planted_sub table completed_valid t=0.1s
[     14s] main 28b c18 ic_m3 subgroup table completed_valid t=0.1s
[     14s] main 28b c18 ic_m3 dickson table completed_valid t=0.1s
[     14s] main 28b c18 ic_m3 small_x table completed_valid t=0.1s
[     14s] main 28b c18 ic_m3 random_sub_r0 table completed_valid t=0.1s
[     14s] main 28b c18 ic_m3 random_sub_r1 table completed_valid t=0.1s
[     14s] main 28b c18 ic_m3 random_sub_r2 table completed_valid t=0.1s
[     14s] main 28b c18 ic_m3 known_null_sub table completed_valid t=0.2s
[     14s] main 28b c18 ic_m3 random_dick_r0 table completed_valid t=0.2s
[     14s] main 28b c18 ic_m3 random_dick_r1 table completed_valid t=0.1s
[     14s] main 28b c18 ic_m3 random_dick_r2 table completed_valid t=0.1s
[     14s] main 28b c18 ic_m3 known_null_dick table completed_valid t=0.1s
[     14s] main 28b c18 ic_m3 planted_sub table completed_valid t=0.1s
[     15s] main 28b c19 ic_m3 subgroup table completed_valid t=0.1s
[     15s] main 28b c19 ic_m3 dickson table completed_valid t=0.1s
[     15s] main 28b c19 ic_m3 small_x table completed_valid t=0.1s
[     15s] main 28b c19 ic_m3 random_sub_r0 table completed_valid t=0.1s
[     15s] main 28b c19 ic_m3 random_sub_r1 table completed_valid t=0.1s
[     15s] main 28b c19 ic_m3 random_sub_r2 table completed_valid t=0.1s
[     15s] main 28b c19 ic_m3 known_null_sub table completed_valid t=0.1s
[     15s] main 28b c19 ic_m3 random_dick_r0 table completed_valid t=0.1s
[     15s] main 28b c19 ic_m3 random_dick_r1 table completed_valid t=0.1s
[     15s] main 28b c19 ic_m3 random_dick_r2 table completed_valid t=0.1s
[     15s] main 28b c19 ic_m3 known_null_dick table completed_valid t=0.1s
[     15s] main 28b c19 ic_m3 planted_sub table completed_valid t=0.1s
[     16s] main 28b c20 ic_m3 subgroup table completed_valid t=0.1s
[     16s] main 28b c20 ic_m3 dickson table completed_valid t=0.1s
[     16s] main 28b c20 ic_m3 small_x table completed_valid t=0.1s
[     16s] main 28b c20 ic_m3 random_sub_r0 table completed_valid t=0.1s
[     16s] main 28b c20 ic_m3 random_sub_r1 table completed_valid t=0.1s
[     16s] main 28b c20 ic_m3 random_sub_r2 table completed_valid t=0.1s
[     16s] main 28b c20 ic_m3 known_null_sub table completed_valid t=0.1s
[     16s] main 28b c20 ic_m3 random_dick_r0 table completed_valid t=0.1s
[     16s] main 28b c20 ic_m3 random_dick_r1 table completed_valid t=0.1s
[     16s] main 28b c20 ic_m3 random_dick_r2 table completed_valid t=0.1s
[     16s] main 28b c20 ic_m3 known_null_dick table completed_valid t=0.1s
[     16s] main 28b c20 ic_m3 planted_sub table completed_valid t=0.1s
[     17s] main 28b c21 ic_m3 subgroup table completed_valid t=0.1s
[     17s] main 28b c21 ic_m3 dickson table completed_valid t=0.1s
[     17s] main 28b c21 ic_m3 small_x table completed_valid t=0.1s
[     17s] main 28b c21 ic_m3 random_sub_r0 table completed_valid t=0.1s
[     17s] main 28b c21 ic_m3 random_sub_r1 table completed_valid t=0.1s
[     17s] main 28b c21 ic_m3 random_sub_r2 table completed_valid t=0.1s
[     17s] main 28b c21 ic_m3 known_null_sub table completed_valid t=0.1s
[     17s] main 28b c21 ic_m3 random_dick_r0 table completed_valid t=0.1s
[     17s] main 28b c21 ic_m3 random_dick_r1 table completed_valid t=0.1s
[     17s] main 28b c21 ic_m3 random_dick_r2 table completed_valid t=0.1s
[     17s] main 28b c21 ic_m3 known_null_dick table completed_valid t=0.1s
[     17s] main 28b c21 ic_m3 planted_sub table completed_valid t=0.1s
[     19s] main 28b c22 ic_m3 subgroup table completed_valid t=0.1s
[     19s] main 28b c22 ic_m3 dickson table completed_valid t=0.1s
[     19s] main 28b c22 ic_m3 small_x table completed_valid t=0.1s
[     19s] main 28b c22 ic_m3 random_sub_r0 table completed_valid t=0.1s
[     19s] main 28b c22 ic_m3 random_sub_r1 table completed_valid t=0.1s
[     19s] main 28b c22 ic_m3 random_sub_r2 table completed_valid t=0.1s
[     19s] main 28b c22 ic_m3 known_null_sub table completed_valid t=0.1s
[     19s] main 28b c22 ic_m3 random_dick_r0 table completed_valid t=0.1s
[     19s] main 28b c22 ic_m3 random_dick_r1 table completed_valid t=0.1s
[     19s] main 28b c22 ic_m3 random_dick_r2 table completed_valid t=0.1s
[     19s] main 28b c22 ic_m3 known_null_dick table completed_valid t=0.1s
[     19s] main 28b c22 ic_m3 planted_sub table completed_valid t=0.1s
[     20s] main 28b c23 ic_m3 subgroup table completed_valid t=0.1s
[     20s] main 28b c23 ic_m3 dickson table completed_valid t=0.1s
[     20s] main 28b c23 ic_m3 small_x table completed_valid t=0.1s
[     20s] main 28b c23 ic_m3 random_sub_r0 table completed_valid t=0.1s
[     20s] main 28b c23 ic_m3 random_sub_r1 table completed_valid t=0.1s
[     20s] main 28b c23 ic_m3 random_sub_r2 table completed_valid t=0.1s
[     20s] main 28b c23 ic_m3 known_null_sub table completed_valid t=0.1s
[     20s] main 28b c23 ic_m3 random_dick_r0 table completed_valid t=0.1s
[     20s] main 28b c23 ic_m3 random_dick_r1 table completed_valid t=0.1s
[     20s] main 28b c23 ic_m3 random_dick_r2 table completed_valid t=0.1s
[     20s] main 28b c23 ic_m3 known_null_dick table completed_valid t=0.1s
[     20s] main 28b c23 ic_m3 planted_sub table completed_valid t=0.1s
[     21s] main 28b c24 ic_m3 subgroup table completed_valid t=0.1s
[     21s] main 28b c24 ic_m3 dickson table completed_valid t=0.1s
[     21s] main 28b c24 ic_m3 small_x table completed_valid t=0.1s
[     21s] main 28b c24 ic_m3 random_sub_r0 table completed_valid t=0.1s
[     21s] main 28b c24 ic_m3 random_sub_r1 table completed_valid t=0.1s
[     21s] main 28b c24 ic_m3 random_sub_r2 table completed_valid t=0.1s
[     21s] main 28b c24 ic_m3 known_null_sub table completed_valid t=0.1s
[     21s] main 28b c24 ic_m3 random_dick_r0 table completed_valid t=0.1s
[     21s] main 28b c24 ic_m3 random_dick_r1 table completed_valid t=0.1s
[     21s] main 28b c24 ic_m3 random_dick_r2 table completed_valid t=0.1s
[     21s] main 28b c24 ic_m3 known_null_dick table completed_valid t=0.1s
[     21s] main 28b c24 ic_m3 planted_sub table completed_valid t=0.1s
[     23s] main 28b c25 ic_m3 subgroup table completed_valid t=0.1s
[     23s] main 28b c25 ic_m3 dickson table completed_valid t=0.1s
[     23s] main 28b c25 ic_m3 small_x table completed_valid t=0.1s
[     23s] main 28b c25 ic_m3 random_sub_r0 table completed_valid t=0.1s
[     23s] main 28b c25 ic_m3 random_sub_r1 table completed_valid t=0.1s
[     23s] main 28b c25 ic_m3 random_sub_r2 table completed_valid t=0.1s
[     23s] main 28b c25 ic_m3 known_null_sub table completed_valid t=0.1s
[     23s] main 28b c25 ic_m3 random_dick_r0 table completed_valid t=0.1s
[     23s] main 28b c25 ic_m3 random_dick_r1 table completed_valid t=0.1s
[     23s] main 28b c25 ic_m3 random_dick_r2 table completed_valid t=0.1s
[     23s] main 28b c25 ic_m3 known_null_dick table completed_valid t=0.1s
[     23s] main 28b c25 ic_m3 planted_sub table completed_valid t=0.1s
[     24s] main 28b c26 ic_m3 subgroup table completed_valid t=0.1s
[     24s] main 28b c26 ic_m3 dickson table completed_valid t=0.1s
[     24s] main 28b c26 ic_m3 small_x table completed_valid t=0.1s
[     24s] main 28b c26 ic_m3 random_sub_r0 table completed_valid t=0.1s
[     24s] main 28b c26 ic_m3 random_sub_r1 table completed_valid t=0.1s
[     24s] main 28b c26 ic_m3 random_sub_r2 table completed_valid t=0.1s
[     24s] main 28b c26 ic_m3 known_null_sub table completed_valid t=0.1s
[     24s] main 28b c26 ic_m3 random_dick_r0 table completed_valid t=0.0s
[     24s] main 28b c26 ic_m3 random_dick_r1 table completed_valid t=0.1s
[     24s] main 28b c26 ic_m3 random_dick_r2 table completed_valid t=0.1s
[     24s] main 28b c26 ic_m3 known_null_dick table completed_valid t=0.1s
[     24s] main 28b c26 ic_m3 planted_sub table completed_valid t=0.1s
[     25s] main 28b c27 ic_m3 subgroup table completed_valid t=0.1s
[     25s] main 28b c27 ic_m3 dickson table completed_valid t=0.1s
[     25s] main 28b c27 ic_m3 small_x table completed_valid t=0.1s
[     25s] main 28b c27 ic_m3 random_sub_r0 table completed_valid t=0.1s
[     25s] main 28b c27 ic_m3 random_sub_r1 table completed_valid t=0.1s
[     25s] main 28b c27 ic_m3 random_sub_r2 table completed_valid t=0.1s
[     25s] main 28b c27 ic_m3 known_null_sub table completed_valid t=0.1s
[     25s] main 28b c27 ic_m3 random_dick_r0 table completed_valid t=0.1s
[     25s] main 28b c27 ic_m3 random_dick_r1 table completed_valid t=0.1s
[     25s] main 28b c27 ic_m3 random_dick_r2 table completed_valid t=0.1s
[     25s] main 28b c27 ic_m3 known_null_dick table completed_valid t=0.1s
[     25s] main 28b c27 ic_m3 planted_sub table completed_valid t=0.1s
[     26s] main 28b c28 ic_m3 subgroup table completed_valid t=0.1s
[     26s] main 28b c28 ic_m3 dickson table completed_valid t=0.1s
[     26s] main 28b c28 ic_m3 small_x table completed_valid t=0.1s
[     26s] main 28b c28 ic_m3 random_sub_r0 table completed_valid t=0.1s
[     26s] main 28b c28 ic_m3 random_sub_r1 table completed_valid t=0.1s
[     26s] main 28b c28 ic_m3 random_sub_r2 table completed_valid t=0.1s
[     26s] main 28b c28 ic_m3 known_null_sub table completed_valid t=0.1s
[     26s] main 28b c28 ic_m3 random_dick_r0 table completed_valid t=0.1s
[     26s] main 28b c28 ic_m3 random_dick_r1 table completed_valid t=0.1s
[     26s] main 28b c28 ic_m3 random_dick_r2 table completed_valid t=0.1s
[     26s] main 28b c28 ic_m3 known_null_dick table completed_valid t=0.1s
[     26s] main 28b c28 ic_m3 planted_sub table completed_valid t=0.1s
[     28s] main 28b c29 ic_m3 subgroup table completed_valid t=0.1s
[     28s] main 28b c29 ic_m3 dickson table completed_valid t=0.1s
[     28s] main 28b c29 ic_m3 small_x table completed_valid t=0.1s
[     28s] main 28b c29 ic_m3 random_sub_r0 table completed_valid t=0.1s
[     28s] main 28b c29 ic_m3 random_sub_r1 table completed_valid t=0.1s
[     28s] main 28b c29 ic_m3 random_sub_r2 table completed_valid t=0.1s
[     28s] main 28b c29 ic_m3 known_null_sub table completed_valid t=0.1s
[     28s] main 28b c29 ic_m3 random_dick_r0 table completed_valid t=0.2s
[     28s] main 28b c29 ic_m3 random_dick_r1 table completed_valid t=0.2s
[     28s] main 28b c29 ic_m3 random_dick_r2 table completed_valid t=0.1s
[     28s] main 28b c29 ic_m3 known_null_dick table completed_valid t=0.1s
[     28s] main 28b c29 ic_m3 planted_sub table completed_valid t=0.1s
[     29s] main 28b c30 ic_m3 subgroup table completed_valid t=0.1s
[     29s] main 28b c30 ic_m3 dickson table completed_valid t=0.1s
[     29s] main 28b c30 ic_m3 small_x table completed_valid t=0.1s
[     29s] main 28b c30 ic_m3 random_sub_r0 table completed_valid t=0.1s
[     29s] main 28b c30 ic_m3 random_sub_r1 table completed_valid t=0.1s
[     29s] main 28b c30 ic_m3 random_sub_r2 table completed_valid t=0.1s
[     29s] main 28b c30 ic_m3 known_null_sub table completed_valid t=0.1s
[     29s] main 28b c30 ic_m3 random_dick_r0 table completed_valid t=0.1s
[     29s] main 28b c30 ic_m3 random_dick_r1 table completed_valid t=0.1s
[     29s] main 28b c30 ic_m3 random_dick_r2 table completed_valid t=0.1s
[     29s] main 28b c30 ic_m3 known_null_dick table completed_valid t=0.1s
[     29s] main 28b c30 ic_m3 planted_sub table completed_valid t=0.1s
[     31s] main 28b c31 ic_m3 subgroup table completed_valid t=0.1s
[     31s] main 28b c31 ic_m3 dickson table completed_valid t=0.2s
[     31s] main 28b c31 ic_m3 small_x table completed_valid t=0.1s
[     31s] main 28b c31 ic_m3 random_sub_r0 table completed_valid t=0.1s
[     31s] main 28b c31 ic_m3 random_sub_r1 table completed_valid t=0.2s
[     31s] main 28b c31 ic_m3 random_sub_r2 table completed_valid t=0.1s
[     31s] main 28b c31 ic_m3 known_null_sub table completed_valid t=0.1s
[     31s] main 28b c31 ic_m3 random_dick_r0 table completed_valid t=0.1s
[     31s] main 28b c31 ic_m3 random_dick_r1 table completed_valid t=0.1s
[     31s] main 28b c31 ic_m3 random_dick_r2 table completed_valid t=0.1s
[     31s] main 28b c31 ic_m3 known_null_dick table completed_valid t=0.1s
[     31s] main 28b c31 ic_m3 planted_sub table completed_valid t=0.1s
[     32s] main 28b c32 ic_m3 subgroup table completed_valid t=0.1s
[     32s] main 28b c32 ic_m3 dickson table completed_valid t=0.1s
[     32s] main 28b c32 ic_m3 small_x table completed_valid t=0.1s
[     32s] main 28b c32 ic_m3 random_sub_r0 table completed_valid t=0.1s
[     32s] main 28b c32 ic_m3 random_sub_r1 table completed_valid t=0.1s
[     32s] main 28b c32 ic_m3 random_sub_r2 table completed_valid t=0.1s
[     32s] main 28b c32 ic_m3 known_null_sub table completed_valid t=0.1s
[     32s] main 28b c32 ic_m3 random_dick_r0 table completed_valid t=0.1s
[     32s] main 28b c32 ic_m3 random_dick_r1 table completed_valid t=0.1s
[     32s] main 28b c32 ic_m3 random_dick_r2 table completed_valid t=0.1s
[     32s] main 28b c32 ic_m3 known_null_dick table completed_valid t=0.1s
[     32s] main 28b c32 ic_m3 planted_sub table completed_valid t=0.1s
[     34s] main 28b c33 ic_m3 subgroup table completed_valid t=0.1s
[     34s] main 28b c33 ic_m3 dickson table completed_valid t=0.1s
[     34s] main 28b c33 ic_m3 small_x table completed_valid t=0.1s
[     34s] main 28b c33 ic_m3 random_sub_r0 table completed_valid t=0.1s
[     34s] main 28b c33 ic_m3 random_sub_r1 table completed_valid t=0.1s
[     34s] main 28b c33 ic_m3 random_sub_r2 table completed_valid t=0.1s
[     34s] main 28b c33 ic_m3 known_null_sub table completed_valid t=0.1s
[     34s] main 28b c33 ic_m3 random_dick_r0 table completed_valid t=0.1s
[     34s] main 28b c33 ic_m3 random_dick_r1 table completed_valid t=0.1s
[     34s] main 28b c33 ic_m3 random_dick_r2 table completed_valid t=0.1s
[     34s] main 28b c33 ic_m3 known_null_dick table completed_valid t=0.1s
[     34s] main 28b c33 ic_m3 planted_sub table completed_valid t=0.1s
[     35s] main 28b c34 ic_m3 subgroup table completed_valid t=0.1s
[     35s] main 28b c34 ic_m3 dickson table completed_valid t=0.1s
[     35s] main 28b c34 ic_m3 small_x table completed_valid t=0.1s
[     35s] main 28b c34 ic_m3 random_sub_r0 table completed_valid t=0.1s
[     35s] main 28b c34 ic_m3 random_sub_r1 table completed_valid t=0.1s
[     35s] main 28b c34 ic_m3 random_sub_r2 table completed_valid t=0.1s
[     35s] main 28b c34 ic_m3 known_null_sub table completed_valid t=0.1s
[     35s] main 28b c34 ic_m3 random_dick_r0 table completed_valid t=0.1s
[     35s] main 28b c34 ic_m3 random_dick_r1 table completed_valid t=0.1s
[     35s] main 28b c34 ic_m3 random_dick_r2 table completed_valid t=0.1s
[     35s] main 28b c34 ic_m3 known_null_dick table completed_valid t=0.1s
[     35s] main 28b c34 ic_m3 planted_sub table completed_valid t=0.1s
[     36s] main 28b c35 ic_m3 subgroup table completed_valid t=0.1s
[     36s] main 28b c35 ic_m3 dickson table completed_valid t=0.1s
[     36s] main 28b c35 ic_m3 small_x table completed_valid t=0.1s
[     36s] main 28b c35 ic_m3 random_sub_r0 table completed_valid t=0.1s
[     36s] main 28b c35 ic_m3 random_sub_r1 table completed_valid t=0.1s
[     36s] main 28b c35 ic_m3 random_sub_r2 table completed_valid t=0.1s
[     36s] main 28b c35 ic_m3 known_null_sub table completed_valid t=0.1s
[     36s] main 28b c35 ic_m3 random_dick_r0 table completed_valid t=0.1s
[     36s] main 28b c35 ic_m3 random_dick_r1 table completed_valid t=0.1s
[     36s] main 28b c35 ic_m3 random_dick_r2 table completed_valid t=0.1s
[     36s] main 28b c35 ic_m3 known_null_dick table completed_valid t=0.1s
[     36s] main 28b c35 ic_m3 planted_sub table completed_valid t=0.1s
[     38s] main 28b c36 ic_m3 subgroup table completed_valid t=0.2s
[     38s] main 28b c36 ic_m3 dickson table completed_valid t=0.1s
[     38s] main 28b c36 ic_m3 small_x table completed_valid t=0.1s
[     38s] main 28b c36 ic_m3 random_sub_r0 table completed_valid t=0.1s
[     38s] main 28b c36 ic_m3 random_sub_r1 table completed_valid t=0.1s
[     38s] main 28b c36 ic_m3 random_sub_r2 table completed_valid t=0.1s
[     38s] main 28b c36 ic_m3 known_null_sub table completed_valid t=0.1s
[     38s] main 28b c36 ic_m3 random_dick_r0 table completed_valid t=0.1s
[     38s] main 28b c36 ic_m3 random_dick_r1 table completed_valid t=0.1s
[     38s] main 28b c36 ic_m3 random_dick_r2 table completed_valid t=0.1s
[     38s] main 28b c36 ic_m3 known_null_dick table completed_valid t=0.1s
[     38s] main 28b c36 ic_m3 planted_sub table completed_valid t=0.1s
[     39s] main 28b c37 ic_m3 subgroup table completed_valid t=0.1s
[     39s] main 28b c37 ic_m3 dickson table completed_valid t=0.1s
[     39s] main 28b c37 ic_m3 small_x table completed_valid t=0.1s
[     39s] main 28b c37 ic_m3 random_sub_r0 table completed_valid t=0.1s
[     39s] main 28b c37 ic_m3 random_sub_r1 table completed_valid t=0.1s
[     39s] main 28b c37 ic_m3 random_sub_r2 table completed_valid t=0.1s
[     39s] main 28b c37 ic_m3 known_null_sub table completed_valid t=0.1s
[     39s] main 28b c37 ic_m3 random_dick_r0 table completed_valid t=0.1s
[     39s] main 28b c37 ic_m3 random_dick_r1 table completed_valid t=0.1s
[     39s] main 28b c37 ic_m3 random_dick_r2 table completed_valid t=0.1s
[     39s] main 28b c37 ic_m3 known_null_dick table completed_valid t=0.1s
[     39s] main 28b c37 ic_m3 planted_sub table completed_valid t=0.1s
[     41s] main 28b c38 ic_m3 subgroup table completed_valid t=0.1s
[     41s] main 28b c38 ic_m3 dickson table completed_valid t=0.1s
[     41s] main 28b c38 ic_m3 small_x table completed_valid t=0.1s
[     41s] main 28b c38 ic_m3 random_sub_r0 table completed_valid t=0.1s
[     41s] main 28b c38 ic_m3 random_sub_r1 table completed_valid t=0.1s
[     41s] main 28b c38 ic_m3 random_sub_r2 table completed_valid t=0.1s
[     41s] main 28b c38 ic_m3 known_null_sub table completed_valid t=0.1s
[     41s] main 28b c38 ic_m3 random_dick_r0 table completed_valid t=0.1s
[     41s] main 28b c38 ic_m3 random_dick_r1 table completed_valid t=0.1s
[     41s] main 28b c38 ic_m3 random_dick_r2 table completed_valid t=0.1s
[     41s] main 28b c38 ic_m3 known_null_dick table completed_valid t=0.1s
[     41s] main 28b c38 ic_m3 planted_sub table completed_valid t=0.1s
[     42s] main 28b c39 ic_m3 subgroup table completed_valid t=0.2s
[     42s] main 28b c39 ic_m3 dickson table completed_valid t=0.2s
[     42s] main 28b c39 ic_m3 small_x table completed_valid t=0.1s
[     42s] main 28b c39 ic_m3 random_sub_r0 table completed_valid t=0.1s
[     42s] main 28b c39 ic_m3 random_sub_r1 table completed_valid t=0.1s
[     42s] main 28b c39 ic_m3 random_sub_r2 table completed_valid t=0.2s
[     42s] main 28b c39 ic_m3 known_null_sub table completed_valid t=0.1s
[     42s] main 28b c39 ic_m3 random_dick_r0 table completed_valid t=0.1s
[     42s] main 28b c39 ic_m3 random_dick_r1 table completed_valid t=0.1s
[     42s] main 28b c39 ic_m3 random_dick_r2 table completed_valid t=0.1s
[     42s] main 28b c39 ic_m3 known_null_dick table completed_valid t=0.1s
[     42s] main 28b c39 ic_m3 planted_sub table completed_valid t=0.1s
[     43s] main 28b c40 ic_m3 subgroup table completed_valid t=0.1s
[     43s] main 28b c40 ic_m3 dickson table completed_valid t=0.1s
[     43s] main 28b c40 ic_m3 small_x table completed_valid t=0.1s
[     43s] main 28b c40 ic_m3 random_sub_r0 table completed_valid t=0.1s
[     43s] main 28b c40 ic_m3 random_sub_r1 table completed_valid t=0.1s
[     43s] main 28b c40 ic_m3 random_sub_r2 table completed_valid t=0.1s
[     43s] main 28b c40 ic_m3 known_null_sub table completed_valid t=0.1s
[     43s] main 28b c40 ic_m3 random_dick_r0 table completed_valid t=0.1s
[     43s] main 28b c40 ic_m3 random_dick_r1 table completed_valid t=0.1s
[     43s] main 28b c40 ic_m3 random_dick_r2 table completed_valid t=0.1s
[     43s] main 28b c40 ic_m3 known_null_dick table completed_valid t=0.1s
[     43s] main 28b c40 ic_m3 planted_sub table completed_valid t=0.1s
[     44s] main 28b c41 ic_m3 subgroup table completed_valid t=0.1s
[     44s] main 28b c41 ic_m3 dickson table completed_valid t=0.1s
[     44s] main 28b c41 ic_m3 small_x table completed_valid t=0.1s
[     44s] main 28b c41 ic_m3 random_sub_r0 table completed_valid t=0.1s
[     44s] main 28b c41 ic_m3 random_sub_r1 table completed_valid t=0.1s
[     44s] main 28b c41 ic_m3 random_sub_r2 table completed_valid t=0.1s
[     44s] main 28b c41 ic_m3 known_null_sub table completed_valid t=0.1s
[     44s] main 28b c41 ic_m3 random_dick_r0 table completed_valid t=0.1s
[     44s] main 28b c41 ic_m3 random_dick_r1 table completed_valid t=0.1s
[     44s] main 28b c41 ic_m3 random_dick_r2 table completed_valid t=0.1s
[     44s] main 28b c41 ic_m3 known_null_dick table completed_valid t=0.1s
[     44s] main 28b c41 ic_m3 planted_sub table completed_valid t=0.1s
[     46s] main 28b c42 ic_m3 subgroup table completed_valid t=0.1s
[     46s] main 28b c42 ic_m3 dickson table completed_valid t=0.2s
[     46s] main 28b c42 ic_m3 small_x table completed_valid t=0.1s
[     46s] main 28b c42 ic_m3 random_sub_r0 table completed_valid t=0.1s
[     46s] main 28b c42 ic_m3 random_sub_r1 table completed_valid t=0.1s
[     46s] main 28b c42 ic_m3 random_sub_r2 table completed_valid t=0.1s
[     46s] main 28b c42 ic_m3 known_null_sub table completed_valid t=0.1s
[     46s] main 28b c42 ic_m3 random_dick_r0 table completed_valid t=0.1s
[     46s] main 28b c42 ic_m3 random_dick_r1 table completed_valid t=0.1s
[     46s] main 28b c42 ic_m3 random_dick_r2 table completed_valid t=0.1s
[     46s] main 28b c42 ic_m3 known_null_dick table completed_valid t=0.1s
[     46s] main 28b c42 ic_m3 planted_sub table completed_valid t=0.1s
[     47s] main 28b c43 ic_m3 subgroup table completed_valid t=0.1s
[     47s] main 28b c43 ic_m3 dickson table completed_valid t=0.1s
[     47s] main 28b c43 ic_m3 small_x table completed_valid t=0.1s
[     47s] main 28b c43 ic_m3 random_sub_r0 table completed_valid t=0.1s
[     47s] main 28b c43 ic_m3 random_sub_r1 table completed_valid t=0.1s
[     47s] main 28b c43 ic_m3 random_sub_r2 table completed_valid t=0.1s
[     47s] main 28b c43 ic_m3 known_null_sub table completed_valid t=0.1s
[     47s] main 28b c43 ic_m3 random_dick_r0 table completed_valid t=0.1s
[     47s] main 28b c43 ic_m3 random_dick_r1 table completed_valid t=0.1s
[     47s] main 28b c43 ic_m3 random_dick_r2 table completed_valid t=0.1s
[     47s] main 28b c43 ic_m3 known_null_dick table completed_valid t=0.1s
[     47s] main 28b c43 ic_m3 planted_sub table completed_valid t=0.1s
[     49s] main 28b c44 ic_m3 subgroup table completed_valid t=0.1s
[     49s] main 28b c44 ic_m3 dickson table completed_valid t=0.1s
[     49s] main 28b c44 ic_m3 small_x table completed_valid t=0.1s
[     49s] main 28b c44 ic_m3 random_sub_r0 table completed_valid t=0.1s
[     49s] main 28b c44 ic_m3 random_sub_r1 table completed_valid t=0.1s
[     49s] main 28b c44 ic_m3 random_sub_r2 table completed_valid t=0.1s
[     49s] main 28b c44 ic_m3 known_null_sub table completed_valid t=0.1s
[     49s] main 28b c44 ic_m3 random_dick_r0 table completed_valid t=0.1s
[     49s] main 28b c44 ic_m3 random_dick_r1 table completed_valid t=0.1s
[     49s] main 28b c44 ic_m3 random_dick_r2 table completed_valid t=0.1s
[     49s] main 28b c44 ic_m3 known_null_dick table completed_valid t=0.1s
[     49s] main 28b c44 ic_m3 planted_sub table completed_valid t=0.1s
[     50s] main 28b c45 ic_m3 subgroup table completed_valid t=0.1s
[     50s] main 28b c45 ic_m3 dickson table completed_valid t=0.1s
[     50s] main 28b c45 ic_m3 small_x table completed_valid t=0.1s
[     50s] main 28b c45 ic_m3 random_sub_r0 table completed_valid t=0.2s
[     50s] main 28b c45 ic_m3 random_sub_r1 table completed_valid t=0.1s
[     50s] main 28b c45 ic_m3 random_sub_r2 table completed_valid t=0.1s
[     50s] main 28b c45 ic_m3 known_null_sub table completed_valid t=0.1s
[     50s] main 28b c45 ic_m3 random_dick_r0 table completed_valid t=0.1s
[     50s] main 28b c45 ic_m3 random_dick_r1 table completed_valid t=0.1s
[     50s] main 28b c45 ic_m3 random_dick_r2 table completed_valid t=0.1s
[     50s] main 28b c45 ic_m3 known_null_dick table completed_valid t=0.1s
[     50s] main 28b c45 ic_m3 planted_sub table completed_valid t=0.1s
[     52s] main 28b c46 ic_m3 subgroup table completed_valid t=0.1s
[     52s] main 28b c46 ic_m3 dickson table completed_valid t=0.1s
[     52s] main 28b c46 ic_m3 small_x table completed_valid t=0.1s
[     52s] main 28b c46 ic_m3 random_sub_r0 table completed_valid t=0.1s
[     52s] main 28b c46 ic_m3 random_sub_r1 table completed_valid t=0.1s
[     52s] main 28b c46 ic_m3 random_sub_r2 table completed_valid t=0.1s
[     52s] main 28b c46 ic_m3 known_null_sub table completed_valid t=0.1s
[     52s] main 28b c46 ic_m3 random_dick_r0 table completed_valid t=0.1s
[     52s] main 28b c46 ic_m3 random_dick_r1 table completed_valid t=0.1s
[     52s] main 28b c46 ic_m3 random_dick_r2 table completed_valid t=0.1s
[     52s] main 28b c46 ic_m3 known_null_dick table completed_valid t=0.1s
[     52s] main 28b c46 ic_m3 planted_sub table completed_valid t=0.1s
[     53s] main 28b c47 ic_m3 subgroup table completed_valid t=0.1s
[     53s] main 28b c47 ic_m3 dickson table completed_valid t=0.1s
[     53s] main 28b c47 ic_m3 small_x table completed_valid t=0.1s
[     53s] main 28b c47 ic_m3 random_sub_r0 table completed_valid t=0.1s
[     53s] main 28b c47 ic_m3 random_sub_r1 table completed_valid t=0.1s
[     53s] main 28b c47 ic_m3 random_sub_r2 table completed_valid t=0.2s
[     53s] main 28b c47 ic_m3 known_null_sub table completed_valid t=0.1s
[     53s] main 28b c47 ic_m3 random_dick_r0 table completed_valid t=0.1s
[     53s] main 28b c47 ic_m3 random_dick_r1 table completed_valid t=0.1s
[     53s] main 28b c47 ic_m3 random_dick_r2 table completed_valid t=0.2s
[     53s] main 28b c47 ic_m3 known_null_dick table completed_valid t=0.1s
[     53s] main 28b c47 ic_m3 planted_sub table completed_valid t=0.1s
[     54s] main 28b c48 ic_m3 subgroup table completed_valid t=0.1s
[     54s] main 28b c48 ic_m3 dickson table completed_valid t=0.1s
[     54s] main 28b c48 ic_m3 small_x table completed_valid t=0.1s
[     54s] main 28b c48 ic_m3 random_sub_r0 table completed_valid t=0.1s
[     54s] main 28b c48 ic_m3 random_sub_r1 table completed_valid t=0.1s
[     54s] main 28b c48 ic_m3 random_sub_r2 table completed_valid t=0.1s
[     54s] main 28b c48 ic_m3 known_null_sub table completed_valid t=0.1s
[     54s] main 28b c48 ic_m3 random_dick_r0 table completed_valid t=0.1s
[     54s] main 28b c48 ic_m3 random_dick_r1 table completed_valid t=0.1s
[     54s] main 28b c48 ic_m3 random_dick_r2 table completed_valid t=0.1s
[     54s] main 28b c48 ic_m3 known_null_dick table completed_valid t=0.1s
[     54s] main 28b c48 ic_m3 planted_sub table completed_valid t=0.1s
[     56s] main 28b c49 ic_m3 subgroup table completed_valid t=0.1s
[     56s] main 28b c49 ic_m3 dickson table completed_valid t=0.1s
[     56s] main 28b c49 ic_m3 small_x table completed_valid t=0.1s
[     56s] main 28b c49 ic_m3 random_sub_r0 table completed_valid t=0.1s
[     56s] main 28b c49 ic_m3 random_sub_r1 table completed_valid t=0.1s
[     56s] main 28b c49 ic_m3 random_sub_r2 table completed_valid t=0.1s
[     56s] main 28b c49 ic_m3 known_null_sub table completed_valid t=0.1s
[     56s] main 28b c49 ic_m3 random_dick_r0 table completed_valid t=0.1s
[     56s] main 28b c49 ic_m3 random_dick_r1 table completed_valid t=0.1s
[     56s] main 28b c49 ic_m3 random_dick_r2 table completed_valid t=0.1s
[     56s] main 28b c49 ic_m3 known_null_dick table completed_valid t=0.1s
[     56s] main 28b c49 ic_m3 planted_sub table completed_valid t=0.2s
[     58s] main 28b c50 ic_m3 subgroup table completed_valid t=0.1s
[     58s] main 28b c50 ic_m3 dickson table completed_valid t=0.1s
[     58s] main 28b c50 ic_m3 small_x table completed_valid t=0.1s
[     58s] main 28b c50 ic_m3 random_sub_r0 table completed_valid t=0.1s
[     58s] main 28b c50 ic_m3 random_sub_r1 table completed_valid t=0.1s
[     58s] main 28b c50 ic_m3 random_sub_r2 table completed_valid t=0.1s
[     58s] main 28b c50 ic_m3 known_null_sub table completed_valid t=0.1s
[     58s] main 28b c50 ic_m3 random_dick_r0 table completed_valid t=0.1s
[     58s] main 28b c50 ic_m3 random_dick_r1 table completed_valid t=0.1s
[     58s] main 28b c50 ic_m3 random_dick_r2 table completed_valid t=0.1s
[     58s] main 28b c50 ic_m3 known_null_dick table completed_valid t=0.1s
[     58s] main 28b c50 ic_m3 planted_sub table completed_valid t=0.1s
[     59s] main 28b c51 ic_m3 subgroup table completed_valid t=0.1s
[     59s] main 28b c51 ic_m3 dickson table completed_valid t=0.1s
[     59s] main 28b c51 ic_m3 small_x table completed_valid t=0.1s
[     59s] main 28b c51 ic_m3 random_sub_r0 table completed_valid t=0.1s
[     59s] main 28b c51 ic_m3 random_sub_r1 table completed_valid t=0.1s
[     59s] main 28b c51 ic_m3 random_sub_r2 table completed_valid t=0.1s
[     59s] main 28b c51 ic_m3 known_null_sub table completed_valid t=0.1s
[     59s] main 28b c51 ic_m3 random_dick_r0 table completed_valid t=0.1s
[     59s] main 28b c51 ic_m3 random_dick_r1 table completed_valid t=0.1s
[     59s] main 28b c51 ic_m3 random_dick_r2 table completed_valid t=0.1s
[     59s] main 28b c51 ic_m3 known_null_dick table completed_valid t=0.1s
[     59s] main 28b c51 ic_m3 planted_sub table completed_valid t=0.1s
[     60s] main 28b c52 ic_m3 subgroup table completed_valid t=0.1s
[     60s] main 28b c52 ic_m3 dickson table completed_valid t=0.1s
[     60s] main 28b c52 ic_m3 small_x table completed_valid t=0.1s
[     60s] main 28b c52 ic_m3 random_sub_r0 table completed_valid t=0.1s
[     60s] main 28b c52 ic_m3 random_sub_r1 table completed_valid t=0.1s
[     60s] main 28b c52 ic_m3 random_sub_r2 table completed_valid t=0.1s
[     60s] main 28b c52 ic_m3 known_null_sub table completed_valid t=0.1s
[     60s] main 28b c52 ic_m3 random_dick_r0 table completed_valid t=0.1s
[     60s] main 28b c52 ic_m3 random_dick_r1 table completed_valid t=0.2s
[     60s] main 28b c52 ic_m3 random_dick_r2 table completed_valid t=0.1s
[     60s] main 28b c52 ic_m3 known_null_dick table completed_valid t=0.1s
[     60s] main 28b c52 ic_m3 planted_sub table completed_valid t=0.1s
[     61s] main 28b c53 ic_m3 subgroup table completed_valid t=0.1s
[     61s] main 28b c53 ic_m3 dickson table completed_valid t=0.1s
[     61s] main 28b c53 ic_m3 small_x table completed_valid t=0.1s
[     61s] main 28b c53 ic_m3 random_sub_r0 table completed_valid t=0.1s
[     61s] main 28b c53 ic_m3 random_sub_r1 table completed_valid t=0.1s
[     61s] main 28b c53 ic_m3 random_sub_r2 table completed_valid t=0.1s
[     61s] main 28b c53 ic_m3 known_null_sub table completed_valid t=0.1s
[     61s] main 28b c53 ic_m3 random_dick_r0 table completed_valid t=0.1s
[     61s] main 28b c53 ic_m3 random_dick_r1 table completed_valid t=0.1s
[     61s] main 28b c53 ic_m3 random_dick_r2 table completed_valid t=0.1s
[     61s] main 28b c53 ic_m3 known_null_dick table completed_valid t=0.1s
[     61s] main 28b c53 ic_m3 planted_sub table completed_valid t=0.1s
[     63s] main 28b c54 ic_m3 subgroup table completed_valid t=0.1s
[     63s] main 28b c54 ic_m3 dickson table completed_valid t=0.1s
[     63s] main 28b c54 ic_m3 small_x table completed_valid t=0.1s
[     63s] main 28b c54 ic_m3 random_sub_r0 table completed_valid t=0.1s
[     63s] main 28b c54 ic_m3 random_sub_r1 table completed_valid t=0.1s
[     63s] main 28b c54 ic_m3 random_sub_r2 table completed_valid t=0.1s
[     63s] main 28b c54 ic_m3 known_null_sub table completed_valid t=0.1s
[     63s] main 28b c54 ic_m3 random_dick_r0 table completed_valid t=0.1s
[     63s] main 28b c54 ic_m3 random_dick_r1 table completed_valid t=0.1s
[     63s] main 28b c54 ic_m3 random_dick_r2 table completed_valid t=0.1s
[     63s] main 28b c54 ic_m3 known_null_dick table completed_valid t=0.1s
[     63s] main 28b c54 ic_m3 planted_sub table completed_valid t=0.1s
[     64s] main 28b c55 ic_m3 subgroup table completed_valid t=0.1s
[     64s] main 28b c55 ic_m3 dickson table completed_valid t=0.1s
[     64s] main 28b c55 ic_m3 small_x table completed_valid t=0.1s
[     64s] main 28b c55 ic_m3 random_sub_r0 table completed_valid t=0.1s
[     64s] main 28b c55 ic_m3 random_sub_r1 table completed_valid t=0.1s
[     64s] main 28b c55 ic_m3 random_sub_r2 table completed_valid t=0.1s
[     64s] main 28b c55 ic_m3 known_null_sub table completed_valid t=0.1s
[     64s] main 28b c55 ic_m3 random_dick_r0 table completed_valid t=0.1s
[     64s] main 28b c55 ic_m3 random_dick_r1 table completed_valid t=0.1s
[     64s] main 28b c55 ic_m3 random_dick_r2 table completed_valid t=0.2s
[     64s] main 28b c55 ic_m3 known_null_dick table completed_valid t=0.1s
[     64s] main 28b c55 ic_m3 planted_sub table completed_valid t=0.1s
[     65s] main 28b c56 ic_m3 subgroup table completed_valid t=0.1s
[     65s] main 28b c56 ic_m3 dickson table completed_valid t=0.1s
[     65s] main 28b c56 ic_m3 small_x table completed_valid t=0.1s
[     65s] main 28b c56 ic_m3 random_sub_r0 table completed_valid t=0.1s
[     65s] main 28b c56 ic_m3 random_sub_r1 table completed_valid t=0.1s
[     65s] main 28b c56 ic_m3 random_sub_r2 table completed_valid t=0.1s
[     65s] main 28b c56 ic_m3 known_null_sub table completed_valid t=0.1s
[     65s] main 28b c56 ic_m3 random_dick_r0 table completed_valid t=0.1s
[     65s] main 28b c56 ic_m3 random_dick_r1 table completed_valid t=0.1s
[     65s] main 28b c56 ic_m3 random_dick_r2 table completed_valid t=0.1s
[     65s] main 28b c56 ic_m3 known_null_dick table completed_valid t=0.1s
[     65s] main 28b c56 ic_m3 planted_sub table completed_valid t=0.1s
[     67s] main 28b c57 ic_m3 subgroup table completed_valid t=0.1s
[     67s] main 28b c57 ic_m3 dickson table completed_valid t=0.1s
[     67s] main 28b c57 ic_m3 small_x table completed_valid t=0.1s
[     67s] main 28b c57 ic_m3 random_sub_r0 table completed_valid t=0.1s
[     67s] main 28b c57 ic_m3 random_sub_r1 table completed_valid t=0.1s
[     67s] main 28b c57 ic_m3 random_sub_r2 table completed_valid t=0.1s
[     67s] main 28b c57 ic_m3 known_null_sub table completed_valid t=0.1s
[     67s] main 28b c57 ic_m3 random_dick_r0 table completed_valid t=0.1s
[     67s] main 28b c57 ic_m3 random_dick_r1 table completed_valid t=0.1s
[     67s] main 28b c57 ic_m3 random_dick_r2 table completed_valid t=0.1s
[     67s] main 28b c57 ic_m3 known_null_dick table completed_valid t=0.1s
[     67s] main 28b c57 ic_m3 planted_sub table completed_valid t=0.2s
[     68s] main 28b c58 ic_m3 subgroup table completed_valid t=0.1s
[     68s] main 28b c58 ic_m3 dickson table completed_valid t=0.1s
[     68s] main 28b c58 ic_m3 small_x table completed_valid t=0.1s
[     68s] main 28b c58 ic_m3 random_sub_r0 table completed_valid t=0.1s
[     68s] main 28b c58 ic_m3 random_sub_r1 table completed_valid t=0.2s
[     68s] main 28b c58 ic_m3 random_sub_r2 table completed_valid t=0.1s
[     68s] main 28b c58 ic_m3 known_null_sub table completed_valid t=0.1s
[     68s] main 28b c58 ic_m3 random_dick_r0 table completed_valid t=0.1s
[     68s] main 28b c58 ic_m3 random_dick_r1 table completed_valid t=0.1s
[     68s] main 28b c58 ic_m3 random_dick_r2 table completed_valid t=0.1s
[     68s] main 28b c58 ic_m3 known_null_dick table completed_valid t=0.1s
[     68s] main 28b c58 ic_m3 planted_sub table completed_valid t=0.1s
[     70s] main 28b c59 ic_m3 subgroup table completed_valid t=0.1s
[     70s] main 28b c59 ic_m3 dickson table completed_valid t=0.1s
[     70s] main 28b c59 ic_m3 small_x table completed_valid t=0.1s
[     70s] main 28b c59 ic_m3 random_sub_r0 table completed_valid t=0.1s
[     70s] main 28b c59 ic_m3 random_sub_r1 table completed_valid t=0.1s
[     70s] main 28b c59 ic_m3 random_sub_r2 table completed_valid t=0.1s
[     70s] main 28b c59 ic_m3 known_null_sub table completed_valid t=0.1s
[     70s] main 28b c59 ic_m3 random_dick_r0 table completed_valid t=0.1s
[     70s] main 28b c59 ic_m3 random_dick_r1 table completed_valid t=0.1s
[     70s] main 28b c59 ic_m3 random_dick_r2 table completed_valid t=0.1s
[     70s] main 28b c59 ic_m3 known_null_dick table completed_valid t=0.2s
[     70s] main 28b c59 ic_m3 planted_sub table completed_valid t=0.2s
[     72s] main 28b c60 ic_m3 subgroup table completed_valid t=0.2s
[     72s] main 28b c60 ic_m3 dickson table completed_valid t=0.2s
[     72s] main 28b c60 ic_m3 small_x table completed_valid t=0.1s
[     72s] main 28b c60 ic_m3 random_sub_r0 table completed_valid t=0.1s
[     72s] main 28b c60 ic_m3 random_sub_r1 table completed_valid t=0.1s
[     72s] main 28b c60 ic_m3 random_sub_r2 table completed_valid t=0.2s
[     72s] main 28b c60 ic_m3 known_null_sub table completed_valid t=0.1s
[     72s] main 28b c60 ic_m3 random_dick_r0 table completed_valid t=0.1s
[     72s] main 28b c60 ic_m3 random_dick_r1 table completed_valid t=0.2s
[     72s] main 28b c60 ic_m3 random_dick_r2 table completed_valid t=0.2s
[     72s] main 28b c60 ic_m3 known_null_dick table completed_valid t=0.2s
[     72s] main 28b c60 ic_m3 planted_sub table completed_valid t=0.1s
[     74s] main 28b c61 ic_m3 subgroup table completed_valid t=0.1s
[     74s] main 28b c61 ic_m3 dickson table completed_valid t=0.1s
[     74s] main 28b c61 ic_m3 small_x table completed_valid t=0.2s
[     74s] main 28b c61 ic_m3 random_sub_r0 table completed_valid t=0.1s
[     74s] main 28b c61 ic_m3 random_sub_r1 table completed_valid t=0.1s
[     74s] main 28b c61 ic_m3 random_sub_r2 table completed_valid t=0.1s
[     74s] main 28b c61 ic_m3 known_null_sub table completed_valid t=0.1s
[     74s] main 28b c61 ic_m3 random_dick_r0 table completed_valid t=0.1s
[     74s] main 28b c61 ic_m3 random_dick_r1 table completed_valid t=0.1s
[     74s] main 28b c61 ic_m3 random_dick_r2 table completed_valid t=0.1s
[     74s] main 28b c61 ic_m3 known_null_dick table completed_valid t=0.1s
[     74s] main 28b c61 ic_m3 planted_sub table completed_valid t=0.2s
[     75s] main 28b c62 ic_m3 subgroup table completed_valid t=0.1s
[     75s] main 28b c62 ic_m3 dickson table completed_valid t=0.1s
[     75s] main 28b c62 ic_m3 small_x table completed_valid t=0.1s
[     75s] main 28b c62 ic_m3 random_sub_r0 table completed_valid t=0.1s
[     75s] main 28b c62 ic_m3 random_sub_r1 table completed_valid t=0.1s
[     75s] main 28b c62 ic_m3 random_sub_r2 table completed_valid t=0.1s
[     75s] main 28b c62 ic_m3 known_null_sub table completed_valid t=0.1s
[     75s] main 28b c62 ic_m3 random_dick_r0 table completed_valid t=0.1s
[     75s] main 28b c62 ic_m3 random_dick_r1 table completed_valid t=0.1s
[     75s] main 28b c62 ic_m3 random_dick_r2 table completed_valid t=0.2s
[     75s] main 28b c62 ic_m3 known_null_dick table completed_valid t=0.2s
[     75s] main 28b c62 ic_m3 planted_sub table completed_valid t=0.1s
[     77s] main 28b c63 ic_m3 subgroup table completed_valid t=0.1s
[     77s] main 28b c63 ic_m3 dickson table completed_valid t=0.1s
[     77s] main 28b c63 ic_m3 small_x table completed_valid t=0.1s
[     77s] main 28b c63 ic_m3 random_sub_r0 table completed_valid t=0.1s
[     77s] main 28b c63 ic_m3 random_sub_r1 table completed_valid t=0.1s
[     77s] main 28b c63 ic_m3 random_sub_r2 table completed_valid t=0.1s
[     77s] main 28b c63 ic_m3 known_null_sub table completed_valid t=0.1s
[     77s] main 28b c63 ic_m3 random_dick_r0 table completed_valid t=0.1s
[     77s] main 28b c63 ic_m3 random_dick_r1 table completed_valid t=0.1s
[     77s] main 28b c63 ic_m3 random_dick_r2 table completed_valid t=0.1s
[     77s] main 28b c63 ic_m3 known_null_dick table completed_valid t=0.1s
[     77s] main 28b c63 ic_m3 planted_sub table completed_valid t=0.1s
[     78s] main 28b c64 ic_m3 subgroup table completed_valid t=0.1s
[     78s] main 28b c64 ic_m3 dickson table completed_valid t=0.1s
[     78s] main 28b c64 ic_m3 small_x table completed_valid t=0.1s
[     78s] main 28b c64 ic_m3 random_sub_r0 table completed_valid t=0.1s
[     78s] main 28b c64 ic_m3 random_sub_r1 table completed_valid t=0.1s
[     78s] main 28b c64 ic_m3 random_sub_r2 table completed_valid t=0.1s
[     78s] main 28b c64 ic_m3 known_null_sub table completed_valid t=0.1s
[     78s] main 28b c64 ic_m3 random_dick_r0 table completed_valid t=0.1s
[     78s] main 28b c64 ic_m3 random_dick_r1 table completed_valid t=0.2s
[     78s] main 28b c64 ic_m3 random_dick_r2 table completed_valid t=0.1s
[     78s] main 28b c64 ic_m3 known_null_dick table completed_valid t=0.1s
[     78s] main 28b c64 ic_m3 planted_sub table completed_valid t=0.1s
[     79s] main 28b c65 ic_m3 subgroup table completed_valid t=0.1s
[     79s] main 28b c65 ic_m3 dickson table completed_valid t=0.1s
[     79s] main 28b c65 ic_m3 small_x table completed_valid t=0.1s
[     79s] main 28b c65 ic_m3 random_sub_r0 table completed_valid t=0.1s
[     79s] main 28b c65 ic_m3 random_sub_r1 table completed_valid t=0.1s
[     79s] main 28b c65 ic_m3 random_sub_r2 table completed_valid t=0.1s
[     79s] main 28b c65 ic_m3 known_null_sub table completed_valid t=0.1s
[     79s] main 28b c65 ic_m3 random_dick_r0 table completed_valid t=0.1s
[     79s] main 28b c65 ic_m3 random_dick_r1 table completed_valid t=0.1s
[     79s] main 28b c65 ic_m3 random_dick_r2 table completed_valid t=0.1s
[     79s] main 28b c65 ic_m3 known_null_dick table completed_valid t=0.1s
[     79s] main 28b c65 ic_m3 planted_sub table completed_valid t=0.1s
[     81s] main 28b c66 ic_m3 subgroup table completed_valid t=0.1s
[     81s] main 28b c66 ic_m3 dickson table completed_valid t=0.1s
[     81s] main 28b c66 ic_m3 small_x table completed_valid t=0.1s
[     81s] main 28b c66 ic_m3 random_sub_r0 table completed_valid t=0.1s
[     81s] main 28b c66 ic_m3 random_sub_r1 table completed_valid t=0.1s
[     81s] main 28b c66 ic_m3 random_sub_r2 table completed_valid t=0.1s
[     81s] main 28b c66 ic_m3 known_null_sub table completed_valid t=0.1s
[     81s] main 28b c66 ic_m3 random_dick_r0 table completed_valid t=0.1s
[     81s] main 28b c66 ic_m3 random_dick_r1 table completed_valid t=0.1s
[     81s] main 28b c66 ic_m3 random_dick_r2 table completed_valid t=0.1s
[     81s] main 28b c66 ic_m3 known_null_dick table completed_valid t=0.1s
[     81s] main 28b c66 ic_m3 planted_sub table completed_valid t=0.1s
[     82s] main 28b c67 ic_m3 subgroup table completed_valid t=0.1s
[     82s] main 28b c67 ic_m3 dickson table completed_valid t=0.1s
[     82s] main 28b c67 ic_m3 small_x table completed_valid t=0.1s
[     82s] main 28b c67 ic_m3 random_sub_r0 table completed_valid t=0.1s
[     82s] main 28b c67 ic_m3 random_sub_r1 table completed_valid t=0.1s
[     82s] main 28b c67 ic_m3 random_sub_r2 table completed_valid t=0.1s
[     82s] main 28b c67 ic_m3 known_null_sub table completed_valid t=0.1s
[     82s] main 28b c67 ic_m3 random_dick_r0 table completed_valid t=0.1s
[     82s] main 28b c67 ic_m3 random_dick_r1 table completed_valid t=0.1s
[     82s] main 28b c67 ic_m3 random_dick_r2 table completed_valid t=0.1s
[     82s] main 28b c67 ic_m3 known_null_dick table completed_valid t=0.1s
[     82s] main 28b c67 ic_m3 planted_sub table completed_valid t=0.2s
[     84s] main 28b c68 ic_m3 subgroup table completed_valid t=0.1s
[     84s] main 28b c68 ic_m3 dickson table completed_valid t=0.1s
[     84s] main 28b c68 ic_m3 small_x table completed_valid t=0.1s
[     84s] main 28b c68 ic_m3 random_sub_r0 table completed_valid t=0.1s
[     84s] main 28b c68 ic_m3 random_sub_r1 table completed_valid t=0.1s
[     84s] main 28b c68 ic_m3 random_sub_r2 table completed_valid t=0.1s
[     84s] main 28b c68 ic_m3 known_null_sub table completed_valid t=0.1s
[     84s] main 28b c68 ic_m3 random_dick_r0 table completed_valid t=0.1s
[     84s] main 28b c68 ic_m3 random_dick_r1 table completed_valid t=0.1s
[     84s] main 28b c68 ic_m3 random_dick_r2 table completed_valid t=0.1s
[     84s] main 28b c68 ic_m3 known_null_dick table completed_valid t=0.1s
[     84s] main 28b c68 ic_m3 planted_sub table completed_valid t=0.1s
[     85s] main 28b c69 ic_m3 subgroup table completed_valid t=0.1s
[     85s] main 28b c69 ic_m3 dickson table completed_valid t=0.1s
[     85s] main 28b c69 ic_m3 small_x table completed_valid t=0.1s
[     85s] main 28b c69 ic_m3 random_sub_r0 table completed_valid t=0.1s
[     85s] main 28b c69 ic_m3 random_sub_r1 table completed_valid t=0.1s
[     85s] main 28b c69 ic_m3 random_sub_r2 table completed_valid t=0.1s
[     85s] main 28b c69 ic_m3 known_null_sub table completed_valid t=0.1s
[     85s] main 28b c69 ic_m3 random_dick_r0 table completed_valid t=0.1s
[     85s] main 28b c69 ic_m3 random_dick_r1 table completed_valid t=0.1s
[     85s] main 28b c69 ic_m3 random_dick_r2 table completed_valid t=0.1s
[     85s] main 28b c69 ic_m3 known_null_dick table completed_valid t=0.1s
[     85s] main 28b c69 ic_m3 planted_sub table completed_valid t=0.2s
[     87s] main 28b c70 ic_m3 subgroup table completed_valid t=0.1s
[     87s] main 28b c70 ic_m3 dickson table completed_valid t=0.1s
[     87s] main 28b c70 ic_m3 small_x table completed_valid t=0.1s
[     87s] main 28b c70 ic_m3 random_sub_r0 table completed_valid t=0.1s
[     87s] main 28b c70 ic_m3 random_sub_r1 table completed_valid t=0.1s
[     87s] main 28b c70 ic_m3 random_sub_r2 table completed_valid t=0.1s
[     87s] main 28b c70 ic_m3 known_null_sub table completed_valid t=0.1s
[     87s] main 28b c70 ic_m3 random_dick_r0 table completed_valid t=0.1s
[     87s] main 28b c70 ic_m3 random_dick_r1 table completed_valid t=0.1s
[     87s] main 28b c70 ic_m3 random_dick_r2 table completed_valid t=0.1s
[     87s] main 28b c70 ic_m3 known_null_dick table completed_valid t=0.1s
[     87s] main 28b c70 ic_m3 planted_sub table completed_valid t=0.1s
[     88s] main 28b c71 ic_m3 subgroup table completed_valid t=0.2s
[     88s] main 28b c71 ic_m3 dickson table completed_valid t=0.1s
[     88s] main 28b c71 ic_m3 small_x table completed_valid t=0.1s
[     88s] main 28b c71 ic_m3 random_sub_r0 table completed_valid t=0.1s
[     88s] main 28b c71 ic_m3 random_sub_r1 table completed_valid t=0.1s
[     88s] main 28b c71 ic_m3 random_sub_r2 table completed_valid t=0.1s
[     88s] main 28b c71 ic_m3 known_null_sub table completed_valid t=0.1s
[     88s] main 28b c71 ic_m3 random_dick_r0 table completed_valid t=0.1s
[     88s] main 28b c71 ic_m3 random_dick_r1 table completed_valid t=0.1s
[     88s] main 28b c71 ic_m3 random_dick_r2 table completed_valid t=0.1s
[     88s] main 28b c71 ic_m3 known_null_dick table completed_valid t=0.1s
[     88s] main 28b c71 ic_m3 planted_sub table completed_valid t=0.1s
[     90s] main 28b c72 ic_m3 subgroup table completed_valid t=0.1s
[     90s] main 28b c72 ic_m3 dickson table completed_valid t=0.1s
[     90s] main 28b c72 ic_m3 small_x table completed_valid t=0.1s
[     90s] main 28b c72 ic_m3 random_sub_r0 table completed_valid t=0.1s
[     90s] main 28b c72 ic_m3 random_sub_r1 table completed_valid t=0.2s
[     90s] main 28b c72 ic_m3 random_sub_r2 table completed_valid t=0.1s
[     90s] main 28b c72 ic_m3 known_null_sub table completed_valid t=0.1s
[     90s] main 28b c72 ic_m3 random_dick_r0 table completed_valid t=0.1s
[     90s] main 28b c72 ic_m3 random_dick_r1 table completed_valid t=0.1s
[     90s] main 28b c72 ic_m3 random_dick_r2 table completed_valid t=0.1s
[     90s] main 28b c72 ic_m3 known_null_dick table completed_valid t=0.1s
[     90s] main 28b c72 ic_m3 planted_sub table completed_valid t=0.1s
[     91s] main 28b c73 ic_m3 subgroup table completed_valid t=0.1s
[     91s] main 28b c73 ic_m3 dickson table completed_valid t=0.1s
[     91s] main 28b c73 ic_m3 small_x table completed_valid t=0.1s
[     91s] main 28b c73 ic_m3 random_sub_r0 table completed_valid t=0.1s
[     91s] main 28b c73 ic_m3 random_sub_r1 table completed_valid t=0.1s
[     91s] main 28b c73 ic_m3 random_sub_r2 table completed_valid t=0.1s
[     91s] main 28b c73 ic_m3 known_null_sub table completed_valid t=0.1s
[     91s] main 28b c73 ic_m3 random_dick_r0 table completed_valid t=0.1s
[     91s] main 28b c73 ic_m3 random_dick_r1 table completed_valid t=0.1s
[     91s] main 28b c73 ic_m3 random_dick_r2 table completed_valid t=0.1s
[     91s] main 28b c73 ic_m3 known_null_dick table completed_valid t=0.1s
[     91s] main 28b c73 ic_m3 planted_sub table completed_valid t=0.1s
[     93s] main 28b c74 ic_m3 subgroup table completed_valid t=0.1s
[     93s] main 28b c74 ic_m3 dickson table completed_valid t=0.1s
[     93s] main 28b c74 ic_m3 small_x table completed_valid t=0.1s
[     93s] main 28b c74 ic_m3 random_sub_r0 table completed_valid t=0.1s
[     93s] main 28b c74 ic_m3 random_sub_r1 table completed_valid t=0.1s
[     93s] main 28b c74 ic_m3 random_sub_r2 table completed_valid t=0.1s
[     93s] main 28b c74 ic_m3 known_null_sub table completed_valid t=0.1s
[     93s] main 28b c74 ic_m3 random_dick_r0 table completed_valid t=0.1s
[     93s] main 28b c74 ic_m3 random_dick_r1 table completed_valid t=0.1s
[     93s] main 28b c74 ic_m3 random_dick_r2 table completed_valid t=0.1s
[     93s] main 28b c74 ic_m3 known_null_dick table completed_valid t=0.1s
[     93s] main 28b c74 ic_m3 planted_sub table completed_valid t=0.1s
[     94s] main 28b c75 ic_m3 subgroup table completed_valid t=0.1s
[     94s] main 28b c75 ic_m3 dickson table completed_valid t=0.1s
[     94s] main 28b c75 ic_m3 small_x table completed_valid t=0.1s
[     94s] main 28b c75 ic_m3 random_sub_r0 table completed_valid t=0.1s
[     94s] main 28b c75 ic_m3 random_sub_r1 table completed_valid t=0.1s
[     94s] main 28b c75 ic_m3 random_sub_r2 table completed_valid t=0.1s
[     94s] main 28b c75 ic_m3 known_null_sub table completed_valid t=0.1s
[     94s] main 28b c75 ic_m3 random_dick_r0 table completed_valid t=0.1s
[     94s] main 28b c75 ic_m3 random_dick_r1 table completed_valid t=0.1s
[     94s] main 28b c75 ic_m3 random_dick_r2 table completed_valid t=0.1s
[     94s] main 28b c75 ic_m3 known_null_dick table completed_valid t=0.1s
[     94s] main 28b c75 ic_m3 planted_sub table completed_valid t=0.2s
[     96s] main 28b c76 ic_m3 subgroup table completed_valid t=0.1s
[     96s] main 28b c76 ic_m3 dickson table completed_valid t=0.1s
[     96s] main 28b c76 ic_m3 small_x table completed_valid t=0.1s
[     96s] main 28b c76 ic_m3 random_sub_r0 table completed_valid t=0.1s
[     96s] main 28b c76 ic_m3 random_sub_r1 table completed_valid t=0.1s
[     96s] main 28b c76 ic_m3 random_sub_r2 table completed_valid t=0.2s
[     96s] main 28b c76 ic_m3 known_null_sub table completed_valid t=0.1s
[     96s] main 28b c76 ic_m3 random_dick_r0 table completed_valid t=0.1s
[     96s] main 28b c76 ic_m3 random_dick_r1 table completed_valid t=0.1s
[     96s] main 28b c76 ic_m3 random_dick_r2 table completed_valid t=0.1s
[     96s] main 28b c76 ic_m3 known_null_dick table completed_valid t=0.1s
[     96s] main 28b c76 ic_m3 planted_sub table completed_valid t=0.1s
[     97s] main 28b c77 ic_m3 subgroup table completed_valid t=0.1s
[     97s] main 28b c77 ic_m3 dickson table completed_valid t=0.1s
[     97s] main 28b c77 ic_m3 small_x table completed_valid t=0.1s
[     97s] main 28b c77 ic_m3 random_sub_r0 table completed_valid t=0.1s
[     97s] main 28b c77 ic_m3 random_sub_r1 table completed_valid t=0.1s
[     97s] main 28b c77 ic_m3 random_sub_r2 table completed_valid t=0.1s
[     97s] main 28b c77 ic_m3 known_null_sub table completed_valid t=0.1s
[     97s] main 28b c77 ic_m3 random_dick_r0 table completed_valid t=0.1s
[     97s] main 28b c77 ic_m3 random_dick_r1 table completed_valid t=0.1s
[     97s] main 28b c77 ic_m3 random_dick_r2 table completed_valid t=0.1s
[     97s] main 28b c77 ic_m3 known_null_dick table completed_valid t=0.2s
[     97s] main 28b c77 ic_m3 planted_sub table completed_valid t=0.1s
[    100s] main 28b c78 ic_m3 subgroup table completed_valid t=0.2s
[    100s] main 28b c78 ic_m3 dickson table completed_valid t=0.2s
[    100s] main 28b c78 ic_m3 small_x table completed_valid t=0.1s
[    100s] main 28b c78 ic_m3 random_sub_r0 table completed_valid t=0.2s
[    100s] main 28b c78 ic_m3 random_sub_r1 table completed_valid t=0.2s
[    100s] main 28b c78 ic_m3 random_sub_r2 table completed_valid t=0.2s
[    100s] main 28b c78 ic_m3 known_null_sub table completed_valid t=0.1s
[    100s] main 28b c78 ic_m3 random_dick_r0 table completed_valid t=0.2s
[    100s] main 28b c78 ic_m3 random_dick_r1 table completed_valid t=0.3s
[    100s] main 28b c78 ic_m3 random_dick_r2 table completed_valid t=0.2s
[    100s] main 28b c78 ic_m3 known_null_dick table completed_valid t=0.2s
[    100s] main 28b c78 ic_m3 planted_sub table completed_valid t=0.2s
[    101s] main 28b c79 ic_m3 subgroup table completed_valid t=0.1s
[    101s] main 28b c79 ic_m3 dickson table completed_valid t=0.1s
[    101s] main 28b c79 ic_m3 small_x table completed_valid t=0.1s
[    101s] main 28b c79 ic_m3 random_sub_r0 table completed_valid t=0.1s
[    101s] main 28b c79 ic_m3 random_sub_r1 table completed_valid t=0.1s
[    101s] main 28b c79 ic_m3 random_sub_r2 table completed_valid t=0.1s
[    101s] main 28b c79 ic_m3 known_null_sub table completed_valid t=0.1s
[    101s] main 28b c79 ic_m3 random_dick_r0 table completed_valid t=0.1s
[    101s] main 28b c79 ic_m3 random_dick_r1 table completed_valid t=0.1s
[    101s] main 28b c79 ic_m3 random_dick_r2 table completed_valid t=0.1s
[    101s] main 28b c79 ic_m3 known_null_dick table completed_valid t=0.1s
[    101s] main 28b c79 ic_m3 planted_sub table completed_valid t=0.1s
[    102s] main 28b c80 ic_m3 subgroup table completed_valid t=0.1s
[    102s] main 28b c80 ic_m3 dickson table completed_valid t=0.1s
[    102s] main 28b c80 ic_m3 small_x table completed_valid t=0.1s
[    102s] main 28b c80 ic_m3 random_sub_r0 table completed_valid t=0.1s
[    102s] main 28b c80 ic_m3 random_sub_r1 table completed_valid t=0.1s
[    102s] main 28b c80 ic_m3 random_sub_r2 table completed_valid t=0.1s
[    102s] main 28b c80 ic_m3 known_null_sub table completed_valid t=0.1s
[    102s] main 28b c80 ic_m3 random_dick_r0 table completed_valid t=0.1s
[    102s] main 28b c80 ic_m3 random_dick_r1 table completed_valid t=0.1s
[    102s] main 28b c80 ic_m3 random_dick_r2 table completed_valid t=0.1s
[    102s] main 28b c80 ic_m3 known_null_dick table completed_valid t=0.1s
[    102s] main 28b c80 ic_m3 planted_sub table completed_valid t=0.1s
[    104s] main 28b c81 ic_m3 subgroup table completed_valid t=0.1s
[    104s] main 28b c81 ic_m3 dickson table completed_valid t=0.1s
[    104s] main 28b c81 ic_m3 small_x table completed_valid t=0.1s
[    104s] main 28b c81 ic_m3 random_sub_r0 table completed_valid t=0.1s
[    104s] main 28b c81 ic_m3 random_sub_r1 table completed_valid t=0.2s
[    104s] main 28b c81 ic_m3 random_sub_r2 table completed_valid t=0.1s
[    104s] main 28b c81 ic_m3 known_null_sub table completed_valid t=0.1s
[    104s] main 28b c81 ic_m3 random_dick_r0 table completed_valid t=0.1s
[    104s] main 28b c81 ic_m3 random_dick_r1 table completed_valid t=0.1s
[    104s] main 28b c81 ic_m3 random_dick_r2 table completed_valid t=0.1s
[    104s] main 28b c81 ic_m3 known_null_dick table completed_valid t=0.1s
[    104s] main 28b c81 ic_m3 planted_sub table completed_valid t=0.1s
[    106s] main 28b c82 ic_m3 subgroup table completed_valid t=0.2s
[    106s] main 28b c82 ic_m3 dickson table completed_valid t=0.2s
[    106s] main 28b c82 ic_m3 small_x table completed_valid t=0.1s
[    106s] main 28b c82 ic_m3 random_sub_r0 table completed_valid t=0.2s
[    106s] main 28b c82 ic_m3 random_sub_r1 table completed_valid t=0.2s
[    106s] main 28b c82 ic_m3 random_sub_r2 table completed_valid t=0.2s
[    106s] main 28b c82 ic_m3 known_null_sub table completed_valid t=0.2s
[    106s] main 28b c82 ic_m3 random_dick_r0 table completed_valid t=0.1s
[    106s] main 28b c82 ic_m3 random_dick_r1 table completed_valid t=0.1s
[    106s] main 28b c82 ic_m3 random_dick_r2 table completed_valid t=0.2s
[    106s] main 28b c82 ic_m3 known_null_dick table completed_valid t=0.1s
[    106s] main 28b c82 ic_m3 planted_sub table completed_valid t=0.2s
[    107s] main 28b c83 ic_m3 subgroup table completed_valid t=0.1s
[    107s] main 28b c83 ic_m3 dickson table completed_valid t=0.1s
[    107s] main 28b c83 ic_m3 small_x table completed_valid t=0.1s
[    107s] main 28b c83 ic_m3 random_sub_r0 table completed_valid t=0.1s
[    107s] main 28b c83 ic_m3 random_sub_r1 table completed_valid t=0.1s
[    107s] main 28b c83 ic_m3 random_sub_r2 table completed_valid t=0.1s
[    107s] main 28b c83 ic_m3 known_null_sub table completed_valid t=0.1s
[    107s] main 28b c83 ic_m3 random_dick_r0 table completed_valid t=0.1s
[    107s] main 28b c83 ic_m3 random_dick_r1 table completed_valid t=0.1s
[    107s] main 28b c83 ic_m3 random_dick_r2 table completed_valid t=0.1s
[    107s] main 28b c83 ic_m3 known_null_dick table completed_valid t=0.1s
[    107s] main 28b c83 ic_m3 planted_sub table completed_valid t=0.1s
[    109s] main 28b c84 ic_m3 subgroup table completed_valid t=0.1s
[    109s] main 28b c84 ic_m3 dickson table completed_valid t=0.1s
[    109s] main 28b c84 ic_m3 small_x table completed_valid t=0.1s
[    109s] main 28b c84 ic_m3 random_sub_r0 table completed_valid t=0.1s
[    109s] main 28b c84 ic_m3 random_sub_r1 table completed_valid t=0.2s
[    109s] main 28b c84 ic_m3 random_sub_r2 table completed_valid t=0.2s
[    109s] main 28b c84 ic_m3 known_null_sub table completed_valid t=0.1s
[    109s] main 28b c84 ic_m3 random_dick_r0 table completed_valid t=0.1s
[    109s] main 28b c84 ic_m3 random_dick_r1 table completed_valid t=0.1s
[    109s] main 28b c84 ic_m3 random_dick_r2 table completed_valid t=0.1s
[    109s] main 28b c84 ic_m3 known_null_dick table completed_valid t=0.1s
[    109s] main 28b c84 ic_m3 planted_sub table completed_valid t=0.1s
[    111s] main 28b c85 ic_m3 subgroup table completed_valid t=0.1s
[    111s] main 28b c85 ic_m3 dickson table completed_valid t=0.1s
[    111s] main 28b c85 ic_m3 small_x table completed_valid t=0.1s
[    111s] main 28b c85 ic_m3 random_sub_r0 table completed_valid t=0.2s
[    111s] main 28b c85 ic_m3 random_sub_r1 table completed_valid t=0.1s
[    111s] main 28b c85 ic_m3 random_sub_r2 table completed_valid t=0.1s
[    111s] main 28b c85 ic_m3 known_null_sub table completed_valid t=0.1s
[    111s] main 28b c85 ic_m3 random_dick_r0 table completed_valid t=0.1s
[    111s] main 28b c85 ic_m3 random_dick_r1 table completed_valid t=0.1s
[    111s] main 28b c85 ic_m3 random_dick_r2 table completed_valid t=0.1s
[    111s] main 28b c85 ic_m3 known_null_dick table completed_valid t=0.1s
[    111s] main 28b c85 ic_m3 planted_sub table completed_valid t=0.1s
[    112s] main 28b c86 ic_m3 subgroup table completed_valid t=0.1s
[    112s] main 28b c86 ic_m3 dickson table completed_valid t=0.1s
[    112s] main 28b c86 ic_m3 small_x table completed_valid t=0.1s
[    112s] main 28b c86 ic_m3 random_sub_r0 table completed_valid t=0.1s
[    112s] main 28b c86 ic_m3 random_sub_r1 table completed_valid t=0.1s
[    112s] main 28b c86 ic_m3 random_sub_r2 table completed_valid t=0.1s
[    112s] main 28b c86 ic_m3 known_null_sub table completed_valid t=0.1s
[    112s] main 28b c86 ic_m3 random_dick_r0 table completed_valid t=0.1s
[    112s] main 28b c86 ic_m3 random_dick_r1 table completed_valid t=0.1s
[    112s] main 28b c86 ic_m3 random_dick_r2 table completed_valid t=0.1s
[    112s] main 28b c86 ic_m3 known_null_dick table completed_valid t=0.1s
[    112s] main 28b c86 ic_m3 planted_sub table completed_valid t=0.1s
[    113s] main 28b c87 ic_m3 subgroup table completed_valid t=0.1s
[    113s] main 28b c87 ic_m3 dickson table completed_valid t=0.1s
[    113s] main 28b c87 ic_m3 small_x table completed_valid t=0.1s
[    113s] main 28b c87 ic_m3 random_sub_r0 table completed_valid t=0.1s
[    113s] main 28b c87 ic_m3 random_sub_r1 table completed_valid t=0.1s
[    113s] main 28b c87 ic_m3 random_sub_r2 table completed_valid t=0.1s
[    113s] main 28b c87 ic_m3 known_null_sub table completed_valid t=0.1s
[    113s] main 28b c87 ic_m3 random_dick_r0 table completed_valid t=0.1s
[    113s] main 28b c87 ic_m3 random_dick_r1 table completed_valid t=0.1s
[    113s] main 28b c87 ic_m3 random_dick_r2 table completed_valid t=0.1s
[    113s] main 28b c87 ic_m3 known_null_dick table completed_valid t=0.1s
[    113s] main 28b c87 ic_m3 planted_sub table completed_valid t=0.1s
[    115s] main 28b c88 ic_m3 subgroup table completed_valid t=0.1s
[    115s] main 28b c88 ic_m3 dickson table completed_valid t=0.1s
[    115s] main 28b c88 ic_m3 small_x table completed_valid t=0.1s
[    115s] main 28b c88 ic_m3 random_sub_r0 table completed_valid t=0.1s
[    115s] main 28b c88 ic_m3 random_sub_r1 table completed_valid t=0.1s
[    115s] main 28b c88 ic_m3 random_sub_r2 table completed_valid t=0.2s
[    115s] main 28b c88 ic_m3 known_null_sub table completed_valid t=0.1s
[    115s] main 28b c88 ic_m3 random_dick_r0 table completed_valid t=0.1s
[    115s] main 28b c88 ic_m3 random_dick_r1 table completed_valid t=0.1s
[    115s] main 28b c88 ic_m3 random_dick_r2 table completed_valid t=0.1s
[    115s] main 28b c88 ic_m3 known_null_dick table completed_valid t=0.1s
[    115s] main 28b c88 ic_m3 planted_sub table completed_valid t=0.1s
[    116s] main 28b c89 ic_m3 subgroup table completed_valid t=0.1s
[    116s] main 28b c89 ic_m3 dickson table completed_valid t=0.1s
[    116s] main 28b c89 ic_m3 small_x table completed_valid t=0.1s
[    116s] main 28b c89 ic_m3 random_sub_r0 table completed_valid t=0.1s
[    116s] main 28b c89 ic_m3 random_sub_r1 table completed_valid t=0.1s
[    116s] main 28b c89 ic_m3 random_sub_r2 table completed_valid t=0.1s
[    116s] main 28b c89 ic_m3 known_null_sub table completed_valid t=0.1s
[    116s] main 28b c89 ic_m3 random_dick_r0 table completed_valid t=0.1s
[    116s] main 28b c89 ic_m3 random_dick_r1 table completed_valid t=0.1s
[    116s] main 28b c89 ic_m3 random_dick_r2 table completed_valid t=0.1s
[    116s] main 28b c89 ic_m3 known_null_dick table completed_valid t=0.1s
[    116s] main 28b c89 ic_m3 planted_sub table completed_valid t=0.1s
[    118s] main 28b c90 ic_m3 subgroup table completed_valid t=0.1s
[    118s] main 28b c90 ic_m3 dickson table completed_valid t=0.1s
[    118s] main 28b c90 ic_m3 small_x table completed_valid t=0.1s
[    118s] main 28b c90 ic_m3 random_sub_r0 table completed_valid t=0.1s
[    118s] main 28b c90 ic_m3 random_sub_r1 table completed_valid t=0.1s
[    118s] main 28b c90 ic_m3 random_sub_r2 table completed_valid t=0.1s
[    118s] main 28b c90 ic_m3 known_null_sub table completed_valid t=0.1s
[    118s] main 28b c90 ic_m3 random_dick_r0 table completed_valid t=0.1s
[    118s] main 28b c90 ic_m3 random_dick_r1 table completed_valid t=0.2s
[    118s] main 28b c90 ic_m3 random_dick_r2 table completed_valid t=0.1s
[    118s] main 28b c90 ic_m3 known_null_dick table completed_valid t=0.1s
[    118s] main 28b c90 ic_m3 planted_sub table completed_valid t=0.1s
[    120s] main 28b c91 ic_m3 subgroup table completed_valid t=0.1s
[    120s] main 28b c91 ic_m3 dickson table completed_valid t=0.1s
[    120s] main 28b c91 ic_m3 small_x table completed_valid t=0.1s
[    120s] main 28b c91 ic_m3 random_sub_r0 table completed_valid t=0.1s
[    120s] main 28b c91 ic_m3 random_sub_r1 table completed_valid t=0.1s
[    120s] main 28b c91 ic_m3 random_sub_r2 table completed_valid t=0.1s
[    120s] main 28b c91 ic_m3 known_null_sub table completed_valid t=0.1s
[    120s] main 28b c91 ic_m3 random_dick_r0 table completed_valid t=0.1s
[    120s] main 28b c91 ic_m3 random_dick_r1 table completed_valid t=0.1s
[    120s] main 28b c91 ic_m3 random_dick_r2 table completed_valid t=0.2s
[    120s] main 28b c91 ic_m3 known_null_dick table completed_valid t=0.1s
[    120s] main 28b c91 ic_m3 planted_sub table completed_valid t=0.1s
[    121s] main 28b c92 ic_m3 subgroup table completed_valid t=0.1s
[    121s] main 28b c92 ic_m3 dickson table completed_valid t=0.1s
[    121s] main 28b c92 ic_m3 small_x table completed_valid t=0.1s
[    121s] main 28b c92 ic_m3 random_sub_r0 table completed_valid t=0.1s
[    121s] main 28b c92 ic_m3 random_sub_r1 table completed_valid t=0.1s
[    121s] main 28b c92 ic_m3 random_sub_r2 table completed_valid t=0.1s
[    121s] main 28b c92 ic_m3 known_null_sub table completed_valid t=0.1s
[    121s] main 28b c92 ic_m3 random_dick_r0 table completed_valid t=0.2s
[    121s] main 28b c92 ic_m3 random_dick_r1 table completed_valid t=0.2s
[    121s] main 28b c92 ic_m3 random_dick_r2 table completed_valid t=0.1s
[    121s] main 28b c92 ic_m3 known_null_dick table completed_valid t=0.1s
[    121s] main 28b c92 ic_m3 planted_sub table completed_valid t=0.2s
[    123s] main 28b c93 ic_m3 subgroup table completed_valid t=0.1s
[    123s] main 28b c93 ic_m3 dickson table completed_valid t=0.1s
[    123s] main 28b c93 ic_m3 small_x table completed_valid t=0.1s
[    123s] main 28b c93 ic_m3 random_sub_r0 table completed_valid t=0.1s
[    123s] main 28b c93 ic_m3 random_sub_r1 table completed_valid t=0.1s
[    123s] main 28b c93 ic_m3 random_sub_r2 table completed_valid t=0.1s
[    123s] main 28b c93 ic_m3 known_null_sub table completed_valid t=0.1s
[    123s] main 28b c93 ic_m3 random_dick_r0 table completed_valid t=0.1s
[    123s] main 28b c93 ic_m3 random_dick_r1 table completed_valid t=0.1s
[    123s] main 28b c93 ic_m3 random_dick_r2 table completed_valid t=0.1s
[    123s] main 28b c93 ic_m3 known_null_dick table completed_valid t=0.1s
[    123s] main 28b c93 ic_m3 planted_sub table completed_valid t=0.1s
[    125s] main 28b c94 ic_m3 subgroup table completed_valid t=0.1s
[    125s] main 28b c94 ic_m3 dickson table completed_valid t=0.1s
[    125s] main 28b c94 ic_m3 small_x table completed_valid t=0.1s
[    125s] main 28b c94 ic_m3 random_sub_r0 table completed_valid t=0.1s
[    125s] main 28b c94 ic_m3 random_sub_r1 table completed_valid t=0.1s
[    125s] main 28b c94 ic_m3 random_sub_r2 table completed_valid t=0.2s
[    125s] main 28b c94 ic_m3 known_null_sub table completed_valid t=0.2s
[    125s] main 28b c94 ic_m3 random_dick_r0 table completed_valid t=0.1s
[    125s] main 28b c94 ic_m3 random_dick_r1 table completed_valid t=0.2s
[    125s] main 28b c94 ic_m3 random_dick_r2 table completed_valid t=0.2s
[    125s] main 28b c94 ic_m3 known_null_dick table completed_valid t=0.1s
[    125s] main 28b c94 ic_m3 planted_sub table completed_valid t=0.1s
[    127s] main 28b c95 ic_m3 subgroup table completed_valid t=0.1s
[    127s] main 28b c95 ic_m3 dickson table completed_valid t=0.1s
[    127s] main 28b c95 ic_m3 small_x table completed_valid t=0.2s
[    127s] main 28b c95 ic_m3 random_sub_r0 table completed_valid t=0.1s
[    127s] main 28b c95 ic_m3 random_sub_r1 table completed_valid t=0.1s
[    127s] main 28b c95 ic_m3 random_sub_r2 table completed_valid t=0.1s
[    127s] main 28b c95 ic_m3 known_null_sub table completed_valid t=0.1s
[    127s] main 28b c95 ic_m3 random_dick_r0 table completed_valid t=0.1s
[    127s] main 28b c95 ic_m3 random_dick_r1 table completed_valid t=0.1s
[    127s] main 28b c95 ic_m3 random_dick_r2 table completed_valid t=0.1s
[    127s] main 28b c95 ic_m3 known_null_dick table completed_valid t=0.1s
[    127s] main 28b c95 ic_m3 planted_sub table completed_valid t=0.1s
[    128s] main 28b c96 ic_m3 subgroup table completed_valid t=0.1s
[    128s] main 28b c96 ic_m3 dickson table completed_valid t=0.1s
[    128s] main 28b c96 ic_m3 small_x table completed_valid t=0.1s
[    128s] main 28b c96 ic_m3 random_sub_r0 table completed_valid t=0.1s
[    128s] main 28b c96 ic_m3 random_sub_r1 table completed_valid t=0.1s
[    128s] main 28b c96 ic_m3 random_sub_r2 table completed_valid t=0.1s
[    128s] main 28b c96 ic_m3 known_null_sub table completed_valid t=0.1s
[    128s] main 28b c96 ic_m3 random_dick_r0 table completed_valid t=0.1s
[    128s] main 28b c96 ic_m3 random_dick_r1 table completed_valid t=0.1s
[    128s] main 28b c96 ic_m3 random_dick_r2 table completed_valid t=0.1s
[    128s] main 28b c96 ic_m3 known_null_dick table completed_valid t=0.2s
[    128s] main 28b c96 ic_m3 planted_sub table completed_valid t=0.2s
[    130s] main 28b c97 ic_m3 subgroup table completed_valid t=0.1s
[    130s] main 28b c97 ic_m3 dickson table completed_valid t=0.2s
[    130s] main 28b c97 ic_m3 small_x table completed_valid t=0.1s
[    130s] main 28b c97 ic_m3 random_sub_r0 table completed_valid t=0.1s
[    130s] main 28b c97 ic_m3 random_sub_r1 table completed_valid t=0.1s
[    130s] main 28b c97 ic_m3 random_sub_r2 table completed_valid t=0.1s
[    130s] main 28b c97 ic_m3 known_null_sub table completed_valid t=0.2s
[    130s] main 28b c97 ic_m3 random_dick_r0 table completed_valid t=0.1s
[    130s] main 28b c97 ic_m3 random_dick_r1 table completed_valid t=0.1s
[    130s] main 28b c97 ic_m3 random_dick_r2 table completed_valid t=0.1s
[    130s] main 28b c97 ic_m3 known_null_dick table completed_valid t=0.1s
[    130s] main 28b c97 ic_m3 planted_sub table completed_valid t=0.1s
[    132s] main 28b c98 ic_m3 subgroup table completed_valid t=0.1s
[    132s] main 28b c98 ic_m3 dickson table completed_valid t=0.1s
[    132s] main 28b c98 ic_m3 small_x table completed_valid t=0.1s
[    132s] main 28b c98 ic_m3 random_sub_r0 table completed_valid t=0.1s
[    132s] main 28b c98 ic_m3 random_sub_r1 table completed_valid t=0.1s
[    132s] main 28b c98 ic_m3 random_sub_r2 table completed_valid t=0.2s
[    132s] main 28b c98 ic_m3 known_null_sub table completed_valid t=0.2s
[    132s] main 28b c98 ic_m3 random_dick_r0 table completed_valid t=0.2s
[    132s] main 28b c98 ic_m3 random_dick_r1 table completed_valid t=0.2s
[    132s] main 28b c98 ic_m3 random_dick_r2 table completed_valid t=0.2s
[    132s] main 28b c98 ic_m3 known_null_dick table completed_valid t=0.2s
[    132s] main 28b c98 ic_m3 planted_sub table completed_valid t=0.1s
[    133s] main 28b c99 ic_m3 subgroup table completed_valid t=0.1s
[    133s] main 28b c99 ic_m3 dickson table completed_valid t=0.1s
[    133s] main 28b c99 ic_m3 small_x table completed_valid t=0.1s
[    133s] main 28b c99 ic_m3 random_sub_r0 table completed_valid t=0.1s
[    133s] main 28b c99 ic_m3 random_sub_r1 table completed_valid t=0.1s
[    133s] main 28b c99 ic_m3 random_sub_r2 table completed_valid t=0.1s
[    133s] main 28b c99 ic_m3 known_null_sub table completed_valid t=0.1s
[    133s] main 28b c99 ic_m3 random_dick_r0 table completed_valid t=0.1s
[    133s] main 28b c99 ic_m3 random_dick_r1 table completed_valid t=0.1s
[    133s] main 28b c99 ic_m3 random_dick_r2 table completed_valid t=0.1s
[    133s] main 28b c99 ic_m3 known_null_dick table completed_valid t=0.1s
[    133s] main 28b c99 ic_m3 planted_sub table completed_valid t=0.1s
[    135s] main 28b c100 ic_m3 subgroup table completed_valid t=0.2s
[    135s] main 28b c100 ic_m3 dickson table completed_valid t=0.2s
[    135s] main 28b c100 ic_m3 small_x table completed_valid t=0.1s
[    135s] main 28b c100 ic_m3 random_sub_r0 table completed_valid t=0.1s
[    135s] main 28b c100 ic_m3 random_sub_r1 table completed_valid t=0.1s
[    135s] main 28b c100 ic_m3 random_sub_r2 table completed_valid t=0.1s
[    135s] main 28b c100 ic_m3 known_null_sub table completed_valid t=0.1s
[    135s] main 28b c100 ic_m3 random_dick_r0 table completed_valid t=0.1s
[    135s] main 28b c100 ic_m3 random_dick_r1 table completed_valid t=0.1s
[    135s] main 28b c100 ic_m3 random_dick_r2 table completed_valid t=0.1s
[    135s] main 28b c100 ic_m3 known_null_dick table completed_valid t=0.1s
[    135s] main 28b c100 ic_m3 planted_sub table completed_valid t=0.1s
[    137s] main 28b c101 ic_m3 subgroup table completed_valid t=0.1s
[    137s] main 28b c101 ic_m3 dickson table completed_valid t=0.2s
[    137s] main 28b c101 ic_m3 small_x table completed_valid t=0.1s
[    137s] main 28b c101 ic_m3 random_sub_r0 table completed_valid t=0.1s
[    137s] main 28b c101 ic_m3 random_sub_r1 table completed_valid t=0.1s
[    137s] main 28b c101 ic_m3 random_sub_r2 table completed_valid t=0.1s
[    137s] main 28b c101 ic_m3 known_null_sub table completed_valid t=0.1s
[    137s] main 28b c101 ic_m3 random_dick_r0 table completed_valid t=0.1s
[    137s] main 28b c101 ic_m3 random_dick_r1 table completed_valid t=0.1s
[    137s] main 28b c101 ic_m3 random_dick_r2 table completed_valid t=0.1s
[    137s] main 28b c101 ic_m3 known_null_dick table completed_valid t=0.2s
[    137s] main 28b c101 ic_m3 planted_sub table completed_valid t=0.1s
[    139s] main 28b c102 ic_m3 subgroup table completed_valid t=0.2s
[    139s] main 28b c102 ic_m3 dickson table completed_valid t=0.1s
[    139s] main 28b c102 ic_m3 small_x table completed_valid t=0.1s
[    139s] main 28b c102 ic_m3 random_sub_r0 table completed_valid t=0.1s
[    139s] main 28b c102 ic_m3 random_sub_r1 table completed_valid t=0.2s
[    139s] main 28b c102 ic_m3 random_sub_r2 table completed_valid t=0.1s
[    139s] main 28b c102 ic_m3 known_null_sub table completed_valid t=0.2s
[    139s] main 28b c102 ic_m3 random_dick_r0 table completed_valid t=0.2s
[    139s] main 28b c102 ic_m3 random_dick_r1 table completed_valid t=0.1s
[    139s] main 28b c102 ic_m3 random_dick_r2 table completed_valid t=0.2s
[    139s] main 28b c102 ic_m3 known_null_dick table completed_valid t=0.1s
[    139s] main 28b c102 ic_m3 planted_sub table completed_valid t=0.2s
[    140s] main 28b c103 ic_m3 subgroup table completed_valid t=0.1s
[    140s] main 28b c103 ic_m3 dickson table completed_valid t=0.1s
[    140s] main 28b c103 ic_m3 small_x table completed_valid t=0.1s
[    140s] main 28b c103 ic_m3 random_sub_r0 table completed_valid t=0.1s
[    140s] main 28b c103 ic_m3 random_sub_r1 table completed_valid t=0.2s
[    140s] main 28b c103 ic_m3 random_sub_r2 table completed_valid t=0.1s
[    140s] main 28b c103 ic_m3 known_null_sub table completed_valid t=0.1s
[    140s] main 28b c103 ic_m3 random_dick_r0 table completed_valid t=0.1s
[    140s] main 28b c103 ic_m3 random_dick_r1 table completed_valid t=0.1s
[    140s] main 28b c103 ic_m3 random_dick_r2 table completed_valid t=0.1s
[    140s] main 28b c103 ic_m3 known_null_dick table completed_valid t=0.1s
[    140s] main 28b c103 ic_m3 planted_sub table completed_valid t=0.1s
[    142s] main 28b c104 ic_m3 subgroup table completed_valid t=0.1s
[    142s] main 28b c104 ic_m3 dickson table completed_valid t=0.1s
[    142s] main 28b c104 ic_m3 small_x table completed_valid t=0.1s
[    142s] main 28b c104 ic_m3 random_sub_r0 table completed_valid t=0.1s
[    142s] main 28b c104 ic_m3 random_sub_r1 table completed_valid t=0.2s
[    142s] main 28b c104 ic_m3 random_sub_r2 table completed_valid t=0.1s
[    142s] main 28b c104 ic_m3 known_null_sub table completed_valid t=0.1s
[    142s] main 28b c104 ic_m3 random_dick_r0 table completed_valid t=0.1s
[    142s] main 28b c104 ic_m3 random_dick_r1 table completed_valid t=0.1s
[    142s] main 28b c104 ic_m3 random_dick_r2 table completed_valid t=0.1s
[    142s] main 28b c104 ic_m3 known_null_dick table completed_valid t=0.1s
[    142s] main 28b c104 ic_m3 planted_sub table completed_valid t=0.1s
[    144s] main 28b c105 ic_m3 subgroup table completed_valid t=0.1s
[    144s] main 28b c105 ic_m3 dickson table completed_valid t=0.1s
[    144s] main 28b c105 ic_m3 small_x table completed_valid t=0.1s
[    144s] main 28b c105 ic_m3 random_sub_r0 table completed_valid t=0.1s
[    144s] main 28b c105 ic_m3 random_sub_r1 table completed_valid t=0.1s
[    144s] main 28b c105 ic_m3 random_sub_r2 table completed_valid t=0.1s
[    144s] main 28b c105 ic_m3 known_null_sub table completed_valid t=0.1s
[    144s] main 28b c105 ic_m3 random_dick_r0 table completed_valid t=0.1s
[    144s] main 28b c105 ic_m3 random_dick_r1 table completed_valid t=0.1s
[    144s] main 28b c105 ic_m3 random_dick_r2 table completed_valid t=0.1s
[    144s] main 28b c105 ic_m3 known_null_dick table completed_valid t=0.1s
[    144s] main 28b c105 ic_m3 planted_sub table completed_valid t=0.1s
[    146s] main 28b c106 ic_m3 subgroup table completed_valid t=0.1s
[    146s] main 28b c106 ic_m3 dickson table completed_valid t=0.1s
[    146s] main 28b c106 ic_m3 small_x table completed_valid t=0.1s
[    146s] main 28b c106 ic_m3 random_sub_r0 table completed_valid t=0.1s
[    146s] main 28b c106 ic_m3 random_sub_r1 table completed_valid t=0.2s
[    146s] main 28b c106 ic_m3 random_sub_r2 table completed_valid t=0.1s
[    146s] main 28b c106 ic_m3 known_null_sub table completed_valid t=0.1s
[    146s] main 28b c106 ic_m3 random_dick_r0 table completed_valid t=0.2s
[    146s] main 28b c106 ic_m3 random_dick_r1 table completed_valid t=0.2s
[    146s] main 28b c106 ic_m3 random_dick_r2 table completed_valid t=0.2s
[    146s] main 28b c106 ic_m3 known_null_dick table completed_valid t=0.2s
[    146s] main 28b c106 ic_m3 planted_sub table completed_valid t=0.2s
[    148s] main 28b c107 ic_m3 subgroup table completed_valid t=0.2s
[    148s] main 28b c107 ic_m3 dickson table completed_valid t=0.1s
[    148s] main 28b c107 ic_m3 small_x table completed_valid t=0.1s
[    148s] main 28b c107 ic_m3 random_sub_r0 table completed_valid t=0.1s
[    148s] main 28b c107 ic_m3 random_sub_r1 table completed_valid t=0.2s
[    148s] main 28b c107 ic_m3 random_sub_r2 table completed_valid t=0.2s
[    148s] main 28b c107 ic_m3 known_null_sub table completed_valid t=0.2s
[    148s] main 28b c107 ic_m3 random_dick_r0 table completed_valid t=0.1s
[    148s] main 28b c107 ic_m3 random_dick_r1 table completed_valid t=0.1s
[    148s] main 28b c107 ic_m3 random_dick_r2 table completed_valid t=0.2s
[    148s] main 28b c107 ic_m3 known_null_dick table completed_valid t=0.1s
[    148s] main 28b c107 ic_m3 planted_sub table completed_valid t=0.1s
[    149s] main 28b c108 ic_m3 subgroup table completed_valid t=0.1s
[    149s] main 28b c108 ic_m3 dickson table completed_valid t=0.1s
[    149s] main 28b c108 ic_m3 small_x table completed_valid t=0.1s
[    149s] main 28b c108 ic_m3 random_sub_r0 table completed_valid t=0.1s
[    149s] main 28b c108 ic_m3 random_sub_r1 table completed_valid t=0.1s
[    149s] main 28b c108 ic_m3 random_sub_r2 table completed_valid t=0.2s
[    149s] main 28b c108 ic_m3 known_null_sub table completed_valid t=0.1s
[    149s] main 28b c108 ic_m3 random_dick_r0 table completed_valid t=0.1s
[    149s] main 28b c108 ic_m3 random_dick_r1 table completed_valid t=0.1s
[    149s] main 28b c108 ic_m3 random_dick_r2 table completed_valid t=0.1s
[    149s] main 28b c108 ic_m3 known_null_dick table completed_valid t=0.1s
[    149s] main 28b c108 ic_m3 planted_sub table completed_valid t=0.1s
[    151s] main 28b c109 ic_m3 subgroup table completed_valid t=0.1s
[    151s] main 28b c109 ic_m3 dickson table completed_valid t=0.1s
[    151s] main 28b c109 ic_m3 small_x table completed_valid t=0.1s
[    151s] main 28b c109 ic_m3 random_sub_r0 table completed_valid t=0.1s
[    151s] main 28b c109 ic_m3 random_sub_r1 table completed_valid t=0.1s
[    151s] main 28b c109 ic_m3 random_sub_r2 table completed_valid t=0.1s
[    151s] main 28b c109 ic_m3 known_null_sub table completed_valid t=0.1s
[    151s] main 28b c109 ic_m3 random_dick_r0 table completed_valid t=0.1s
[    151s] main 28b c109 ic_m3 random_dick_r1 table completed_valid t=0.1s
[    151s] main 28b c109 ic_m3 random_dick_r2 table completed_valid t=0.1s
[    151s] main 28b c109 ic_m3 known_null_dick table completed_valid t=0.1s
[    151s] main 28b c109 ic_m3 planted_sub table completed_valid t=0.1s
