[2026-09-16T09:43:12Z] EXP-AUXIN-7e2e3d driver start run_id=RUN-AUXIN-fd1edc
[2026-09-16T09:43:12Z] git commit=846a4e071834d59aa3b3cc4d9c81fd2fc7552634 dirty=True
[2026-09-16T09:43:12Z] attestation: cheon_executions=0 discrete_log_recoveries=0
[2026-09-16T09:43:12Z] Stage 0 committed orders.json sha256_commitment=8f08ab896b3fa8ba0174c845b5acc83d9f0dd9193491e351d8c72731a6cef55c
[2026-09-16T09:43:12Z] orders.json file sha256=be181bea21776962cf644685c1e0dc736ad8d859e410a475c14d668ac4c4c38d
[2026-09-16T09:43:12Z] planted constructed r_bits=125 d_bits=63 rel=0.000000 trials=26
[2026-09-16T09:43:19Z] safeprime constructed r_bits=64 q_bits=63 trials=344
[2026-09-16T09:43:19Z] controls_receipt committed; controls_passed=True (numeric gates bind; no asymptotic substitution)
[2026-09-16T09:43:19Z]   planted E=0.258065 bits=125 band=True asymp_prox=True pass=True; safeprime r-1 E=0.492063 bits=64 thr=True asymp_floor=True pass=True
[2026-09-16T09:43:19Z] factoring NIST-P-224 r_bits=224 ...
[2026-09-16T09:43:24Z] stop-and-escalate trigger: NIST-P-224 E(r)=0.39446784189485434 (continuing remaining rows)
[2026-09-16T09:43:24Z]   NIST-P-224: kind=E(r) value=0.39446784189485434 min_branch=r+1 d_bits=48 agree=True
[2026-09-16T09:43:24Z] factoring NIST-P-256 r_bits=256 ...
[2026-09-16T09:43:32Z] stop-and-escalate trigger: NIST-P-256 E(r)=0.25390658175459774 (continuing remaining rows)
[2026-09-16T09:43:32Z]   NIST-P-256: kind=E(r) value=0.25390658175459774 min_branch=r-1 d_bits=128 agree=True
[2026-09-16T09:43:32Z] factoring NIST-P-384 r_bits=384 ...
[2026-09-16T09:45:33Z]   NIST-P-384: kind=E_bound value=0.39252608931130223 min_branch=r+1 d_bits=83 agree=True
[2026-09-16T09:45:33Z] factoring NIST-P-521 r_bits=521 ...
[2026-09-16T09:48:07Z]   NIST-P-521: kind=E_bound value=0.45198316706181146 min_branch=r-1 d_bits=51 agree=True
[2026-09-16T09:48:07Z] factoring secp256k1 r_bits=256 ...
[2026-09-16T09:48:57Z] stop-and-escalate trigger: secp256k1 E(r)=0.25391734360444984 (continuing remaining rows)
[2026-09-16T09:48:57Z]   secp256k1: kind=E(r) value=0.25391734360444984 min_branch=r-1 d_bits=128 agree=True
[2026-09-16T09:48:57Z] factoring brainpoolP256r1 r_bits=256 ...
[2026-09-16T09:50:11Z] stop-and-escalate trigger: brainpoolP256r1 E(r)=0.25563016068393485 (continuing remaining rows)
[2026-09-16T09:50:11Z]   brainpoolP256r1: kind=E(r) value=0.25563016068393485 min_branch=r+1 d_bits=126 agree=True
[2026-09-16T09:50:11Z] factoring brainpoolP384r1 r_bits=384 ...
[2026-09-16T09:51:57Z]   brainpoolP384r1: kind=E_bound value=0.3971909907894027 min_branch=r-1 d_bits=79 agree=True
[2026-09-16T09:51:57Z] factoring Ed25519-L r_bits=253 ...
[2026-09-16T09:58:36Z]   Ed25519-L: kind=E_bound value=0.3570177062565535 min_branch=r+1 d_bits=73 agree=True
[2026-09-16T09:58:36Z] factoring BN254-r r_bits=254 ...
[2026-09-16T09:59:40Z] stop-and-escalate trigger: BN254-r E(r)=0.2539432691122935 (continuing remaining rows)
[2026-09-16T09:59:40Z]   BN254-r: kind=E(r) value=0.2539432691122935 min_branch=r+1 d_bits=127 agree=True
[2026-09-16T09:59:40Z] factoring BLS12-381-r r_bits=255 ...
[2026-09-16T10:01:43Z] stop-and-escalate trigger: BLS12-381-r E(r)=0.25392376763896607 (continuing remaining rows)
[2026-09-16T10:01:43Z]   BLS12-381-r: kind=E(r) value=0.25392376763896607 min_branch=r-1 d_bits=128 agree=True
[2026-09-16T10:01:43Z] done status=completed_valid escalate=True wall_s=1111.89
