FAIL: 67 new validation error(s):

  - experiments/EXP-ECDLP-e962f6/runs/RUN-ECDLP-e962f6-001/manifest.yaml: run missing required field 'code'
  - experiments/EXP-ECDLP-e962f6/runs/RUN-ECDLP-e962f6-001/manifest.yaml: run missing required field 'environment'
  - experiments/EXP-ECDLP-e962f6/runs/RUN-ECDLP-e962f6-001/manifest.yaml: run missing required field 'inputs'
  - experiments/EXP-ECDLP-e962f6/runs/RUN-ECDLP-e962f6-001/manifest.yaml: run missing required field 'timing'
  - experiments/EXP-ECDLP-e962f6/runs/RUN-ECDLP-e962f6-001/manifest.yaml: run missing required field 'result'
  - experiments/EXP-ECDLP-e962f6/runs/RUN-ECDLP-e962f6-001/manifest.yaml: run.code.commit missing (not reproducible)
  - experiments/EXP-ECDLP-e962f6/runs/RUN-ECDLP-e962f6-001/manifest.yaml: run.code.command missing (not reproducible)
  - experiments/EXP-ECDLP-e962f6/runs/RUN-ECDLP-e962f6-001/manifest.yaml: run.result.certificate.kind must be one of discrete_log|decomposition|none
  - experiments/EXP-ECDLP-e962f6/runs/RUN-ECDLP-e962f6-002/manifest.yaml: run missing required field 'code'
  - experiments/EXP-ECDLP-e962f6/runs/RUN-ECDLP-e962f6-002/manifest.yaml: run missing required field 'environment'
  - experiments/EXP-ECDLP-e962f6/runs/RUN-ECDLP-e962f6-002/manifest.yaml: run missing required field 'inputs'
  - experiments/EXP-ECDLP-e962f6/runs/RUN-ECDLP-e962f6-002/manifest.yaml: run missing required field 'timing'
  - experiments/EXP-ECDLP-e962f6/runs/RUN-ECDLP-e962f6-002/manifest.yaml: run missing required field 'result'
  - experiments/EXP-ECDLP-e962f6/runs/RUN-ECDLP-e962f6-002/manifest.yaml: run.code.commit missing (not reproducible)
  - experiments/EXP-ECDLP-e962f6/runs/RUN-ECDLP-e962f6-002/manifest.yaml: run.code.command missing (not reproducible)
  - experiments/EXP-ECDLP-e962f6/runs/RUN-ECDLP-e962f6-002/manifest.yaml: run.result.certificate.kind must be one of discrete_log|decomposition|none
  - experiments/EXP-ECDLP-e962f6/runs/RUN-ECDLP-e962f6-003/manifest.yaml: run missing required field 'code'
  - experiments/EXP-ECDLP-e962f6/runs/RUN-ECDLP-e962f6-003/manifest.yaml: run missing required field 'environment'
  - experiments/EXP-ECDLP-e962f6/runs/RUN-ECDLP-e962f6-003/manifest.yaml: run missing required field 'inputs'
  - experiments/EXP-ECDLP-e962f6/runs/RUN-ECDLP-e962f6-003/manifest.yaml: run missing required field 'timing'
  - experiments/EXP-ECDLP-e962f6/runs/RUN-ECDLP-e962f6-003/manifest.yaml: run missing required field 'result'
  - experiments/EXP-ECDLP-e962f6/runs/RUN-ECDLP-e962f6-003/manifest.yaml: run.code.commit missing (not reproducible)
  - experiments/EXP-ECDLP-e962f6/runs/RUN-ECDLP-e962f6-003/manifest.yaml: run.code.command missing (not reproducible)
  - experiments/EXP-ECDLP-e962f6/runs/RUN-ECDLP-e962f6-003/manifest.yaml: run.result.certificate.kind must be one of discrete_log|decomposition|none
  - experiments/EXP-ECDLP-e962f6/runs/RUN-ECDLP-e962f6-004/manifest.yaml: run missing required field 'code'
  - experiments/EXP-ECDLP-e962f6/runs/RUN-ECDLP-e962f6-004/manifest.yaml: run missing required field 'environment'
  - experiments/EXP-ECDLP-e962f6/runs/RUN-ECDLP-e962f6-004/manifest.yaml: run missing required field 'inputs'
  - experiments/EXP-ECDLP-e962f6/runs/RUN-ECDLP-e962f6-004/manifest.yaml: run missing required field 'timing'
  - experiments/EXP-ECDLP-e962f6/runs/RUN-ECDLP-e962f6-004/manifest.yaml: run missing required field 'result'
  - experiments/EXP-ECDLP-e962f6/runs/RUN-ECDLP-e962f6-004/manifest.yaml: run.code.commit missing (not reproducible)
  - experiments/EXP-ECDLP-e962f6/runs/RUN-ECDLP-e962f6-004/manifest.yaml: run.code.command missing (not reproducible)
  - experiments/EXP-ECDLP-e962f6/runs/RUN-ECDLP-e962f6-004/manifest.yaml: run.result.certificate.kind must be one of discrete_log|decomposition|none
  - experiments/EXP-ECDLP-e962f6/runs/RUN-ECDLP-e962f6-005/manifest.yaml: run missing required field 'code'
  - experiments/EXP-ECDLP-e962f6/runs/RUN-ECDLP-e962f6-005/manifest.yaml: run missing required field 'environment'
  - experiments/EXP-ECDLP-e962f6/runs/RUN-ECDLP-e962f6-005/manifest.yaml: run missing required field 'inputs'
  - experiments/EXP-ECDLP-e962f6/runs/RUN-ECDLP-e962f6-005/manifest.yaml: run missing required field 'timing'
  - experiments/EXP-ECDLP-e962f6/runs/RUN-ECDLP-e962f6-005/manifest.yaml: run missing required field 'result'
  - experiments/EXP-ECDLP-e962f6/runs/RUN-ECDLP-e962f6-005/manifest.yaml: run.code.commit missing (not reproducible)
  - experiments/EXP-ECDLP-e962f6/runs/RUN-ECDLP-e962f6-005/manifest.yaml: run.code.command missing (not reproducible)
  - experiments/EXP-ECDLP-e962f6/runs/RUN-ECDLP-e962f6-005/manifest.yaml: run.result.certificate.kind must be one of discrete_log|decomposition|none
  - experiments/EXP-ECDLP-e962f6/runs/RUN-ECDLP-e962f6-006/manifest.yaml: run missing required field 'code'
  - experiments/EXP-ECDLP-e962f6/runs/RUN-ECDLP-e962f6-006/manifest.yaml: run missing required field 'environment'
  - experiments/EXP-ECDLP-e962f6/runs/RUN-ECDLP-e962f6-006/manifest.yaml: run missing required field 'inputs'
  - experiments/EXP-ECDLP-e962f6/runs/RUN-ECDLP-e962f6-006/manifest.yaml: run missing required field 'timing'
  - experiments/EXP-ECDLP-e962f6/runs/RUN-ECDLP-e962f6-006/manifest.yaml: run missing required field 'result'
  - experiments/EXP-ECDLP-e962f6/runs/RUN-ECDLP-e962f6-006/manifest.yaml: run.code.commit missing (not reproducible)
  - experiments/EXP-ECDLP-e962f6/runs/RUN-ECDLP-e962f6-006/manifest.yaml: run.code.command missing (not reproducible)
  - experiments/EXP-ECDLP-e962f6/runs/RUN-ECDLP-e962f6-006/manifest.yaml: run.result.certificate.kind must be one of discrete_log|decomposition|none
  - experiments/EXP-ECDLP-e962f6/runs/RUN-ECDLP-e962f6-007/manifest.yaml: bad run id None
  - experiments/EXP-ECDLP-e962f6/runs/RUN-ECDLP-e962f6-007/manifest.yaml: run missing required field 'id'
  - experiments/EXP-ECDLP-e962f6/runs/RUN-ECDLP-e962f6-007/manifest.yaml: run missing required field 'code'
  - experiments/EXP-ECDLP-e962f6/runs/RUN-ECDLP-e962f6-007/manifest.yaml: run missing required field 'environment'
  - experiments/EXP-ECDLP-e962f6/runs/RUN-ECDLP-e962f6-007/manifest.yaml: run missing required field 'inputs'
  - experiments/EXP-ECDLP-e962f6/runs/RUN-ECDLP-e962f6-007/manifest.yaml: run missing required field 'timing'
  - experiments/EXP-ECDLP-e962f6/runs/RUN-ECDLP-e962f6-007/manifest.yaml: run missing required field 'result'
  - experiments/EXP-ECDLP-e962f6/runs/RUN-ECDLP-e962f6-007/manifest.yaml: run.code.commit missing (not reproducible)
  - experiments/EXP-ECDLP-e962f6/runs/RUN-ECDLP-e962f6-007/manifest.yaml: run.code.command missing (not reproducible)
  - experiments/EXP-ECDLP-e962f6/runs/RUN-ECDLP-e962f6-007/manifest.yaml: run directory missing artifact 'raw-result.json'
  - experiments/EXP-ECDLP-e962f6/runs/RUN-ECDLP-e962f6-007/manifest.yaml: run.result.certificate.kind must be one of discrete_log|decomposition|none
  - experiments/EXP-ECDLP-e962f6/runs/RUN-ECDLP-e962f6-008/manifest.yaml: run missing required field 'code'
  - experiments/EXP-ECDLP-e962f6/runs/RUN-ECDLP-e962f6-008/manifest.yaml: run missing required field 'environment'
  - experiments/EXP-ECDLP-e962f6/runs/RUN-ECDLP-e962f6-008/manifest.yaml: run missing required field 'inputs'
  - experiments/EXP-ECDLP-e962f6/runs/RUN-ECDLP-e962f6-008/manifest.yaml: run missing required field 'timing'
  - experiments/EXP-ECDLP-e962f6/runs/RUN-ECDLP-e962f6-008/manifest.yaml: run missing required field 'result'
  - experiments/EXP-ECDLP-e962f6/runs/RUN-ECDLP-e962f6-008/manifest.yaml: run.code.commit missing (not reproducible)
  - experiments/EXP-ECDLP-e962f6/runs/RUN-ECDLP-e962f6-008/manifest.yaml: run.code.command missing (not reproducible)
  - experiments/EXP-ECDLP-e962f6/runs/RUN-ECDLP-e962f6-008/manifest.yaml: run.result.certificate.kind must be one of discrete_log|decomposition|none
note: 1210 grandfathered legacy error(s) suppressed by tools/validate_ledger_baseline.txt
note: 103 frozen root-level ledger records were indexed; 371 legacy run manifest(s) were indexed; 979 legacy schema issue(s) remain read-only
note: 63 superseded run manifest(s) routed to their superseding records by tools/run_supersession_registry.yaml; both records stay hash-pinned
note: 175 archived schema record(s) routed to complete replacements by tools/schema_supersession_registry.yaml; both records stay hash-pinned
