[      0s] main 30b c1010 ic_m4 subgroup table completed_valid t=0.0s
[      0s] main 30b c1010 ic_m4 dickson table completed_valid t=0.0s
[      0s] main 30b c1010 ic_m4 small_x table completed_valid t=0.0s
[      0s] main 30b c1010 ic_m4 random_sub_r0 table completed_valid t=0.0s
[      0s] main 30b c1010 ic_m4 random_sub_r1 table completed_valid t=0.0s
[      0s] main 30b c1010 ic_m4 random_sub_r2 table completed_valid t=0.0s
[      0s] main 30b c1010 ic_m4 known_null_sub table completed_valid t=0.0s
[      0s] main 30b c1010 ic_m4 random_dick_r0 table completed_valid t=0.0s
[      0s] main 30b c1010 ic_m4 random_dick_r1 table completed_valid t=0.0s
[      0s] main 30b c1010 ic_m4 random_dick_r2 table completed_valid t=0.0s
[      0s] main 30b c1010 ic_m4 known_null_dick table completed_valid t=0.0s
[      1s] main 30b c1011 ic_m4 subgroup table completed_valid t=0.0s
[      1s] main 30b c1011 ic_m4 dickson table completed_valid t=0.0s
[      1s] main 30b c1011 ic_m4 small_x table completed_valid t=0.0s
[      1s] main 30b c1011 ic_m4 random_sub_r0 table completed_valid t=0.0s
[      1s] main 30b c1011 ic_m4 random_sub_r1 table completed_valid t=0.0s
[      1s] main 30b c1011 ic_m4 random_sub_r2 table completed_valid t=0.0s
[      1s] main 30b c1011 ic_m4 known_null_sub table completed_valid t=0.0s
[      1s] main 30b c1011 ic_m4 random_dick_r0 table completed_valid t=0.0s
[      1s] main 30b c1011 ic_m4 random_dick_r1 table completed_valid t=0.0s
[      1s] main 30b c1011 ic_m4 random_dick_r2 table completed_valid t=0.0s
[      1s] main 30b c1011 ic_m4 known_null_dick table completed_valid t=0.0s
[      1s] main 30b c1012 ic_m4 subgroup table completed_valid t=0.0s
[      1s] main 30b c1012 ic_m4 dickson table completed_valid t=0.0s
[      1s] main 30b c1012 ic_m4 small_x table completed_valid t=0.0s
[      1s] main 30b c1012 ic_m4 random_sub_r0 table completed_valid t=0.0s
[      1s] main 30b c1012 ic_m4 random_sub_r1 table completed_valid t=0.0s
[      1s] main 30b c1012 ic_m4 random_sub_r2 table completed_valid t=0.0s
[      1s] main 30b c1012 ic_m4 known_null_sub table completed_valid t=0.0s
[      1s] main 30b c1012 ic_m4 random_dick_r0 table completed_valid t=0.0s
[      1s] main 30b c1012 ic_m4 random_dick_r1 table completed_valid t=0.0s
[      1s] main 30b c1012 ic_m4 random_dick_r2 table completed_valid t=0.0s
[      1s] main 30b c1012 ic_m4 known_null_dick table completed_valid t=0.0s
[      2s] main 30b c1013 ic_m4 subgroup table completed_valid t=0.0s
[      2s] main 30b c1013 ic_m4 dickson table completed_valid t=0.0s
[      2s] main 30b c1013 ic_m4 small_x table completed_valid t=0.0s
[      2s] main 30b c1013 ic_m4 random_sub_r0 table completed_valid t=0.0s
[      2s] main 30b c1013 ic_m4 random_sub_r1 table completed_valid t=0.0s
[      2s] main 30b c1013 ic_m4 random_sub_r2 table completed_valid t=0.0s
[      2s] main 30b c1013 ic_m4 known_null_sub table completed_valid t=0.0s
[      2s] main 30b c1013 ic_m4 random_dick_r0 table completed_valid t=0.0s
[      2s] main 30b c1013 ic_m4 random_dick_r1 table completed_valid t=0.0s
[      2s] main 30b c1013 ic_m4 random_dick_r2 table completed_valid t=0.1s
[      2s] main 30b c1013 ic_m4 known_null_dick table completed_valid t=0.1s
[      2s] main 30b c1014 ic_m4 subgroup table completed_valid t=0.0s
[      2s] main 30b c1014 ic_m4 dickson table completed_valid t=0.0s
[      2s] main 30b c1014 ic_m4 small_x table completed_valid t=0.0s
[      2s] main 30b c1014 ic_m4 random_sub_r0 table completed_valid t=0.0s
[      2s] main 30b c1014 ic_m4 random_sub_r1 table completed_valid t=0.0s
[      2s] main 30b c1014 ic_m4 random_sub_r2 table completed_valid t=0.0s
[      2s] main 30b c1014 ic_m4 known_null_sub table completed_valid t=0.0s
[      2s] main 30b c1014 ic_m4 random_dick_r0 table completed_valid t=0.0s
[      2s] main 30b c1014 ic_m4 random_dick_r1 table completed_valid t=0.0s
[      2s] main 30b c1014 ic_m4 random_dick_r2 table completed_valid t=0.0s
[      2s] main 30b c1014 ic_m4 known_null_dick table completed_valid t=0.0s
[      2s] main 30b c1015 ic_m4 subgroup table completed_valid t=0.0s
[      2s] main 30b c1015 ic_m4 dickson table completed_valid t=0.0s
[      2s] main 30b c1015 ic_m4 small_x table completed_valid t=0.0s
[      2s] main 30b c1015 ic_m4 random_sub_r0 table completed_valid t=0.0s
[      2s] main 30b c1015 ic_m4 random_sub_r1 table completed_valid t=0.0s
[      2s] main 30b c1015 ic_m4 random_sub_r2 table completed_valid t=0.0s
[      2s] main 30b c1015 ic_m4 known_null_sub table completed_valid t=0.0s
[      2s] main 30b c1015 ic_m4 random_dick_r0 table completed_valid t=0.0s
[      2s] main 30b c1015 ic_m4 random_dick_r1 table completed_valid t=0.0s
[      2s] main 30b c1015 ic_m4 random_dick_r2 table completed_valid t=0.0s
[      2s] main 30b c1015 ic_m4 known_null_dick table completed_valid t=0.0s
[      3s] main 30b c1016 ic_m4 subgroup table completed_valid t=0.0s
[      3s] main 30b c1016 ic_m4 dickson table completed_valid t=0.0s
[      3s] main 30b c1016 ic_m4 small_x table completed_valid t=0.0s
[      3s] main 30b c1016 ic_m4 random_sub_r0 table completed_valid t=0.0s
[      3s] main 30b c1016 ic_m4 random_sub_r1 table completed_valid t=0.0s
[      3s] main 30b c1016 ic_m4 random_sub_r2 table completed_valid t=0.0s
[      3s] main 30b c1016 ic_m4 known_null_sub table completed_valid t=0.0s
[      3s] main 30b c1016 ic_m4 random_dick_r0 table completed_valid t=0.0s
[      3s] main 30b c1016 ic_m4 random_dick_r1 table completed_valid t=0.0s
[      3s] main 30b c1016 ic_m4 random_dick_r2 table completed_valid t=0.0s
[      3s] main 30b c1016 ic_m4 known_null_dick table completed_valid t=0.0s
[      3s] main 30b c1017 ic_m4 subgroup table completed_valid t=0.0s
[      3s] main 30b c1017 ic_m4 dickson table completed_valid t=0.0s
[      3s] main 30b c1017 ic_m4 small_x table completed_valid t=0.0s
[      3s] main 30b c1017 ic_m4 random_sub_r0 table completed_valid t=0.0s
[      3s] main 30b c1017 ic_m4 random_sub_r1 table completed_valid t=0.0s
[      3s] main 30b c1017 ic_m4 random_sub_r2 table completed_valid t=0.0s
[      3s] main 30b c1017 ic_m4 known_null_sub table completed_valid t=0.0s
[      3s] main 30b c1017 ic_m4 random_dick_r0 table completed_valid t=0.0s
[      3s] main 30b c1017 ic_m4 random_dick_r1 table completed_valid t=0.0s
[      3s] main 30b c1017 ic_m4 random_dick_r2 table completed_valid t=0.0s
[      3s] main 30b c1017 ic_m4 known_null_dick table completed_valid t=0.0s
[      4s] main 30b c1018 ic_m4 subgroup table completed_valid t=0.0s
[      4s] main 30b c1018 ic_m4 dickson table completed_valid t=0.0s
[      4s] main 30b c1018 ic_m4 small_x table completed_valid t=0.0s
[      4s] main 30b c1018 ic_m4 random_sub_r0 table completed_valid t=0.0s
[      4s] main 30b c1018 ic_m4 random_sub_r1 table completed_valid t=0.0s
[      4s] main 30b c1018 ic_m4 random_sub_r2 table completed_valid t=0.0s
[      4s] main 30b c1018 ic_m4 known_null_sub table completed_valid t=0.0s
[      4s] main 30b c1018 ic_m4 random_dick_r0 table completed_valid t=0.0s
[      4s] main 30b c1018 ic_m4 random_dick_r1 table completed_valid t=0.0s
[      4s] main 30b c1018 ic_m4 random_dick_r2 table completed_valid t=0.0s
[      4s] main 30b c1018 ic_m4 known_null_dick table completed_valid t=0.0s
[      4s] main 30b c1019 ic_m4 subgroup table completed_valid t=0.0s
[      4s] main 30b c1019 ic_m4 dickson table completed_valid t=0.0s
[      4s] main 30b c1019 ic_m4 small_x table completed_valid t=0.0s
[      4s] main 30b c1019 ic_m4 random_sub_r0 table completed_valid t=0.0s
[      4s] main 30b c1019 ic_m4 random_sub_r1 table completed_valid t=0.0s
[      4s] main 30b c1019 ic_m4 random_sub_r2 table completed_valid t=0.0s
[      4s] main 30b c1019 ic_m4 known_null_sub table completed_valid t=0.0s
[      4s] main 30b c1019 ic_m4 random_dick_r0 table completed_valid t=0.0s
[      4s] main 30b c1019 ic_m4 random_dick_r1 table completed_valid t=0.0s
[      4s] main 30b c1019 ic_m4 random_dick_r2 table completed_valid t=0.0s
[      4s] main 30b c1019 ic_m4 known_null_dick table completed_valid t=0.0s
[      5s] main 30b c1020 ic_m4 subgroup table completed_valid t=0.0s
[      5s] main 30b c1020 ic_m4 dickson table completed_valid t=0.0s
[      5s] main 30b c1020 ic_m4 small_x table completed_valid t=0.0s
[      5s] main 30b c1020 ic_m4 random_sub_r0 table completed_valid t=0.0s
[      5s] main 30b c1020 ic_m4 random_sub_r1 table completed_valid t=0.0s
[      5s] main 30b c1020 ic_m4 random_sub_r2 table completed_valid t=0.0s
[      5s] main 30b c1020 ic_m4 known_null_sub table completed_valid t=0.0s
[      5s] main 30b c1020 ic_m4 random_dick_r0 table completed_valid t=0.0s
[      5s] main 30b c1020 ic_m4 random_dick_r1 table completed_valid t=0.0s
[      5s] main 30b c1020 ic_m4 random_dick_r2 table completed_valid t=0.0s
[      5s] main 30b c1020 ic_m4 known_null_dick table completed_valid t=0.0s
[      5s] main 30b c1021 ic_m4 subgroup table completed_valid t=0.0s
[      5s] main 30b c1021 ic_m4 dickson table completed_valid t=0.0s
[      5s] main 30b c1021 ic_m4 small_x table completed_valid t=0.0s
[      5s] main 30b c1021 ic_m4 random_sub_r0 table completed_valid t=0.0s
[      5s] main 30b c1021 ic_m4 random_sub_r1 table completed_valid t=0.0s
[      5s] main 30b c1021 ic_m4 random_sub_r2 table completed_valid t=0.0s
[      5s] main 30b c1021 ic_m4 known_null_sub table completed_valid t=0.0s
[      5s] main 30b c1021 ic_m4 random_dick_r0 table completed_valid t=0.0s
[      5s] main 30b c1021 ic_m4 random_dick_r1 table completed_valid t=0.0s
[      5s] main 30b c1021 ic_m4 random_dick_r2 table completed_valid t=0.0s
[      5s] main 30b c1021 ic_m4 known_null_dick table completed_valid t=0.0s
[      6s] main 30b c1022 ic_m4 subgroup table completed_valid t=0.0s
[      6s] main 30b c1022 ic_m4 dickson table completed_valid t=0.0s
[      6s] main 30b c1022 ic_m4 small_x table completed_valid t=0.0s
[      6s] main 30b c1022 ic_m4 random_sub_r0 table completed_valid t=0.0s
[      6s] main 30b c1022 ic_m4 random_sub_r1 table completed_valid t=0.0s
[      6s] main 30b c1022 ic_m4 random_sub_r2 table completed_valid t=0.0s
[      6s] main 30b c1022 ic_m4 known_null_sub table completed_valid t=0.0s
[      6s] main 30b c1022 ic_m4 random_dick_r0 table completed_valid t=0.0s
[      6s] main 30b c1022 ic_m4 random_dick_r1 table completed_valid t=0.0s
[      6s] main 30b c1022 ic_m4 random_dick_r2 table completed_valid t=0.0s
[      6s] main 30b c1022 ic_m4 known_null_dick table completed_valid t=0.0s
[      6s] main 30b c1023 ic_m4 subgroup table completed_valid t=0.0s
[      6s] main 30b c1023 ic_m4 dickson table completed_valid t=0.0s
[      6s] main 30b c1023 ic_m4 small_x table completed_valid t=0.0s
[      6s] main 30b c1023 ic_m4 random_sub_r0 table completed_valid t=0.0s
[      6s] main 30b c1023 ic_m4 random_sub_r1 table completed_valid t=0.0s
[      6s] main 30b c1023 ic_m4 random_sub_r2 table completed_valid t=0.0s
[      6s] main 30b c1023 ic_m4 known_null_sub table completed_valid t=0.0s
[      6s] main 30b c1023 ic_m4 random_dick_r0 table completed_valid t=0.0s
[      6s] main 30b c1023 ic_m4 random_dick_r1 table completed_valid t=0.0s
[      6s] main 30b c1023 ic_m4 random_dick_r2 table completed_valid t=0.0s
[      6s] main 30b c1023 ic_m4 known_null_dick table completed_valid t=0.0s
[      7s] main 30b c1024 ic_m4 subgroup table completed_valid t=0.0s
[      7s] main 30b c1024 ic_m4 dickson table completed_valid t=0.0s
[      7s] main 30b c1024 ic_m4 small_x table completed_valid t=0.0s
[      7s] main 30b c1024 ic_m4 random_sub_r0 table completed_valid t=0.0s
[      7s] main 30b c1024 ic_m4 random_sub_r1 table completed_valid t=0.0s
[      7s] main 30b c1024 ic_m4 random_sub_r2 table completed_valid t=0.0s
[      7s] main 30b c1024 ic_m4 known_null_sub table completed_valid t=0.0s
[      7s] main 30b c1024 ic_m4 random_dick_r0 table completed_valid t=0.0s
[      7s] main 30b c1024 ic_m4 random_dick_r1 table completed_valid t=0.0s
[      7s] main 30b c1024 ic_m4 random_dick_r2 table completed_valid t=0.0s
[      7s] main 30b c1024 ic_m4 known_null_dick table completed_valid t=0.0s
[      7s] main 30b c1025 ic_m4 subgroup table completed_valid t=0.0s
[      7s] main 30b c1025 ic_m4 dickson table completed_valid t=0.0s
[      7s] main 30b c1025 ic_m4 small_x table completed_valid t=0.0s
[      7s] main 30b c1025 ic_m4 random_sub_r0 table completed_valid t=0.0s
[      7s] main 30b c1025 ic_m4 random_sub_r1 table completed_valid t=0.0s
[      7s] main 30b c1025 ic_m4 random_sub_r2 table completed_valid t=0.0s
[      7s] main 30b c1025 ic_m4 known_null_sub table completed_valid t=0.0s
[      7s] main 30b c1025 ic_m4 random_dick_r0 table completed_valid t=0.0s
[      7s] main 30b c1025 ic_m4 random_dick_r1 table completed_valid t=0.0s
[      7s] main 30b c1025 ic_m4 random_dick_r2 table completed_valid t=0.0s
[      7s] main 30b c1025 ic_m4 known_null_dick table completed_valid t=0.0s
[      8s] main 30b c1026 ic_m4 subgroup table completed_valid t=0.0s
[      8s] main 30b c1026 ic_m4 dickson table completed_valid t=0.0s
[      8s] main 30b c1026 ic_m4 small_x table completed_valid t=0.0s
[      8s] main 30b c1026 ic_m4 random_sub_r0 table completed_valid t=0.0s
[      8s] main 30b c1026 ic_m4 random_sub_r1 table completed_valid t=0.0s
[      8s] main 30b c1026 ic_m4 random_sub_r2 table completed_valid t=0.0s
[      8s] main 30b c1026 ic_m4 known_null_sub table completed_valid t=0.0s
[      8s] main 30b c1026 ic_m4 random_dick_r0 table completed_valid t=0.0s
[      8s] main 30b c1026 ic_m4 random_dick_r1 table completed_valid t=0.0s
[      8s] main 30b c1026 ic_m4 random_dick_r2 table completed_valid t=0.0s
[      8s] main 30b c1026 ic_m4 known_null_dick table completed_valid t=0.0s
[      8s] main 30b c1027 ic_m4 subgroup table completed_valid t=0.0s
[      8s] main 30b c1027 ic_m4 dickson table completed_valid t=0.0s
[      8s] main 30b c1027 ic_m4 small_x table completed_valid t=0.0s
[      8s] main 30b c1027 ic_m4 random_sub_r0 table completed_valid t=0.0s
[      8s] main 30b c1027 ic_m4 random_sub_r1 table completed_valid t=0.0s
[      8s] main 30b c1027 ic_m4 random_sub_r2 table completed_valid t=0.0s
[      8s] main 30b c1027 ic_m4 known_null_sub table completed_valid t=0.0s
[      8s] main 30b c1027 ic_m4 random_dick_r0 table completed_valid t=0.0s
[      8s] main 30b c1027 ic_m4 random_dick_r1 table completed_valid t=0.0s
[      8s] main 30b c1027 ic_m4 random_dick_r2 table completed_valid t=0.0s
[      8s] main 30b c1027 ic_m4 known_null_dick table completed_valid t=0.0s
[      8s] main 30b c1028 ic_m4 subgroup table completed_valid t=0.0s
[      8s] main 30b c1028 ic_m4 dickson table completed_valid t=0.0s
[      8s] main 30b c1028 ic_m4 small_x table completed_valid t=0.0s
[      8s] main 30b c1028 ic_m4 random_sub_r0 table completed_valid t=0.0s
[      8s] main 30b c1028 ic_m4 random_sub_r1 table completed_valid t=0.0s
[      8s] main 30b c1028 ic_m4 random_sub_r2 table completed_valid t=0.0s
[      8s] main 30b c1028 ic_m4 known_null_sub table completed_valid t=0.0s
[      8s] main 30b c1028 ic_m4 random_dick_r0 table completed_valid t=0.0s
[      8s] main 30b c1028 ic_m4 random_dick_r1 table completed_valid t=0.0s
[      8s] main 30b c1028 ic_m4 random_dick_r2 table completed_valid t=0.0s
[      8s] main 30b c1028 ic_m4 known_null_dick table completed_valid t=0.0s
[      9s] main 30b c1029 ic_m4 subgroup table completed_valid t=0.0s
[      9s] main 30b c1029 ic_m4 dickson table completed_valid t=0.0s
[      9s] main 30b c1029 ic_m4 small_x table completed_valid t=0.0s
[      9s] main 30b c1029 ic_m4 random_sub_r0 table completed_valid t=0.0s
[      9s] main 30b c1029 ic_m4 random_sub_r1 table completed_valid t=0.0s
[      9s] main 30b c1029 ic_m4 random_sub_r2 table completed_valid t=0.0s
[      9s] main 30b c1029 ic_m4 known_null_sub table completed_valid t=0.0s
[      9s] main 30b c1029 ic_m4 random_dick_r0 table completed_valid t=0.0s
[      9s] main 30b c1029 ic_m4 random_dick_r1 table completed_valid t=0.0s
[      9s] main 30b c1029 ic_m4 random_dick_r2 table completed_valid t=0.0s
[      9s] main 30b c1029 ic_m4 known_null_dick table completed_valid t=0.0s
[      9s] main 30b c1030 ic_m4 subgroup table completed_valid t=0.0s
[      9s] main 30b c1030 ic_m4 dickson table completed_valid t=0.0s
[      9s] main 30b c1030 ic_m4 small_x table completed_valid t=0.0s
[      9s] main 30b c1030 ic_m4 random_sub_r0 table completed_valid t=0.0s
[      9s] main 30b c1030 ic_m4 random_sub_r1 table completed_valid t=0.0s
[      9s] main 30b c1030 ic_m4 random_sub_r2 table completed_valid t=0.0s
[      9s] main 30b c1030 ic_m4 known_null_sub table completed_valid t=0.0s
[      9s] main 30b c1030 ic_m4 random_dick_r0 table completed_valid t=0.0s
[      9s] main 30b c1030 ic_m4 random_dick_r1 table completed_valid t=0.0s
[      9s] main 30b c1030 ic_m4 random_dick_r2 table completed_valid t=0.0s
[      9s] main 30b c1030 ic_m4 known_null_dick table completed_valid t=0.0s
[      9s] main 30b c1031 ic_m4 subgroup table completed_valid t=0.0s
[      9s] main 30b c1031 ic_m4 dickson table completed_valid t=0.0s
[      9s] main 30b c1031 ic_m4 small_x table completed_valid t=0.0s
[      9s] main 30b c1031 ic_m4 random_sub_r0 table completed_valid t=0.0s
[      9s] main 30b c1031 ic_m4 random_sub_r1 table completed_valid t=0.0s
[      9s] main 30b c1031 ic_m4 random_sub_r2 table completed_valid t=0.0s
[      9s] main 30b c1031 ic_m4 known_null_sub table completed_valid t=0.0s
[      9s] main 30b c1031 ic_m4 random_dick_r0 table completed_valid t=0.0s
[      9s] main 30b c1031 ic_m4 random_dick_r1 table completed_valid t=0.0s
[      9s] main 30b c1031 ic_m4 random_dick_r2 table completed_valid t=0.0s
[      9s] main 30b c1031 ic_m4 known_null_dick table completed_valid t=0.0s
[     10s] main 30b c1032 ic_m4 subgroup table completed_valid t=0.0s
[     10s] main 30b c1032 ic_m4 dickson table completed_valid t=0.0s
[     10s] main 30b c1032 ic_m4 small_x table completed_valid t=0.0s
[     10s] main 30b c1032 ic_m4 random_sub_r0 table completed_valid t=0.0s
[     10s] main 30b c1032 ic_m4 random_sub_r1 table completed_valid t=0.0s
[     10s] main 30b c1032 ic_m4 random_sub_r2 table completed_valid t=0.0s
[     10s] main 30b c1032 ic_m4 known_null_sub table completed_valid t=0.0s
[     10s] main 30b c1032 ic_m4 random_dick_r0 table completed_valid t=0.0s
[     10s] main 30b c1032 ic_m4 random_dick_r1 table completed_valid t=0.0s
[     10s] main 30b c1032 ic_m4 random_dick_r2 table completed_valid t=0.0s
[     10s] main 30b c1032 ic_m4 known_null_dick table completed_valid t=0.0s
[     10s] main 30b c1033 ic_m4 subgroup table completed_valid t=0.0s
[     10s] main 30b c1033 ic_m4 dickson table completed_valid t=0.0s
[     10s] main 30b c1033 ic_m4 small_x table completed_valid t=0.0s
[     10s] main 30b c1033 ic_m4 random_sub_r0 table completed_valid t=0.0s
[     10s] main 30b c1033 ic_m4 random_sub_r1 table completed_valid t=0.0s
[     10s] main 30b c1033 ic_m4 random_sub_r2 table completed_valid t=0.0s
[     10s] main 30b c1033 ic_m4 known_null_sub table completed_valid t=0.0s
[     10s] main 30b c1033 ic_m4 random_dick_r0 table completed_valid t=0.0s
[     10s] main 30b c1033 ic_m4 random_dick_r1 table completed_valid t=0.0s
[     10s] main 30b c1033 ic_m4 random_dick_r2 table completed_valid t=0.0s
[     10s] main 30b c1033 ic_m4 known_null_dick table completed_valid t=0.0s
[     11s] main 30b c1034 ic_m4 subgroup table completed_valid t=0.1s
[     11s] main 30b c1034 ic_m4 dickson table completed_valid t=0.0s
[     11s] main 30b c1034 ic_m4 small_x table completed_valid t=0.0s
[     11s] main 30b c1034 ic_m4 random_sub_r0 table completed_valid t=0.0s
[     11s] main 30b c1034 ic_m4 random_sub_r1 table completed_valid t=0.0s
[     11s] main 30b c1034 ic_m4 random_sub_r2 table completed_valid t=0.0s
[     11s] main 30b c1034 ic_m4 known_null_sub table completed_valid t=0.0s
[     11s] main 30b c1034 ic_m4 random_dick_r0 table completed_valid t=0.0s
[     11s] main 30b c1034 ic_m4 random_dick_r1 table completed_valid t=0.0s
[     11s] main 30b c1034 ic_m4 random_dick_r2 table completed_valid t=0.0s
[     11s] main 30b c1034 ic_m4 known_null_dick table completed_valid t=0.0s
[     11s] main 30b c1035 ic_m4 subgroup table completed_valid t=0.0s
[     11s] main 30b c1035 ic_m4 dickson table completed_valid t=0.0s
[     11s] main 30b c1035 ic_m4 small_x table completed_valid t=0.0s
[     11s] main 30b c1035 ic_m4 random_sub_r0 table completed_valid t=0.0s
[     11s] main 30b c1035 ic_m4 random_sub_r1 table completed_valid t=0.0s
[     11s] main 30b c1035 ic_m4 random_sub_r2 table completed_valid t=0.0s
[     11s] main 30b c1035 ic_m4 known_null_sub table completed_valid t=0.0s
[     11s] main 30b c1035 ic_m4 random_dick_r0 table completed_valid t=0.0s
[     11s] main 30b c1035 ic_m4 random_dick_r1 table completed_valid t=0.0s
[     11s] main 30b c1035 ic_m4 random_dick_r2 table completed_valid t=0.0s
[     11s] main 30b c1035 ic_m4 known_null_dick table completed_valid t=0.0s
[     12s] main 30b c1036 ic_m4 subgroup table completed_valid t=0.0s
[     12s] main 30b c1036 ic_m4 dickson table completed_valid t=0.0s
[     12s] main 30b c1036 ic_m4 small_x table completed_valid t=0.0s
[     12s] main 30b c1036 ic_m4 random_sub_r0 table completed_valid t=0.0s
[     12s] main 30b c1036 ic_m4 random_sub_r1 table completed_valid t=0.0s
[     12s] main 30b c1036 ic_m4 random_sub_r2 table completed_valid t=0.0s
[     12s] main 30b c1036 ic_m4 known_null_sub table completed_valid t=0.0s
[     12s] main 30b c1036 ic_m4 random_dick_r0 table completed_valid t=0.0s
[     12s] main 30b c1036 ic_m4 random_dick_r1 table completed_valid t=0.0s
[     12s] main 30b c1036 ic_m4 random_dick_r2 table completed_valid t=0.0s
[     12s] main 30b c1036 ic_m4 known_null_dick table completed_valid t=0.0s
[     12s] main 30b c1037 ic_m4 subgroup table completed_valid t=0.0s
[     12s] main 30b c1037 ic_m4 dickson table completed_valid t=0.0s
[     12s] main 30b c1037 ic_m4 small_x table completed_valid t=0.0s
[     12s] main 30b c1037 ic_m4 random_sub_r0 table completed_valid t=0.0s
[     12s] main 30b c1037 ic_m4 random_sub_r1 table completed_valid t=0.0s
[     12s] main 30b c1037 ic_m4 random_sub_r2 table completed_valid t=0.0s
[     12s] main 30b c1037 ic_m4 known_null_sub table completed_valid t=0.0s
[     12s] main 30b c1037 ic_m4 random_dick_r0 table completed_valid t=0.0s
[     12s] main 30b c1037 ic_m4 random_dick_r1 table completed_valid t=0.0s
[     12s] main 30b c1037 ic_m4 random_dick_r2 table completed_valid t=0.0s
[     12s] main 30b c1037 ic_m4 known_null_dick table completed_valid t=0.0s
[     13s] main 30b c1038 ic_m4 subgroup table completed_valid t=0.0s
[     13s] main 30b c1038 ic_m4 dickson table completed_valid t=0.0s
[     13s] main 30b c1038 ic_m4 small_x table completed_valid t=0.0s
[     13s] main 30b c1038 ic_m4 random_sub_r0 table completed_valid t=0.0s
[     13s] main 30b c1038 ic_m4 random_sub_r1 table completed_valid t=0.0s
[     13s] main 30b c1038 ic_m4 random_sub_r2 table completed_valid t=0.0s
[     13s] main 30b c1038 ic_m4 known_null_sub table completed_valid t=0.0s
[     13s] main 30b c1038 ic_m4 random_dick_r0 table completed_valid t=0.0s
[     13s] main 30b c1038 ic_m4 random_dick_r1 table completed_valid t=0.0s
[     13s] main 30b c1038 ic_m4 random_dick_r2 table completed_valid t=0.0s
[     13s] main 30b c1038 ic_m4 known_null_dick table completed_valid t=0.0s
[     13s] main 30b c1039 ic_m4 subgroup table completed_valid t=0.0s
[     13s] main 30b c1039 ic_m4 dickson table completed_valid t=0.0s
[     13s] main 30b c1039 ic_m4 small_x table completed_valid t=0.0s
[     13s] main 30b c1039 ic_m4 random_sub_r0 table completed_valid t=0.0s
[     13s] main 30b c1039 ic_m4 random_sub_r1 table completed_valid t=0.0s
[     13s] main 30b c1039 ic_m4 random_sub_r2 table completed_valid t=0.0s
[     13s] main 30b c1039 ic_m4 known_null_sub table completed_valid t=0.0s
[     13s] main 30b c1039 ic_m4 random_dick_r0 table completed_valid t=0.0s
[     13s] main 30b c1039 ic_m4 random_dick_r1 table completed_valid t=0.0s
[     13s] main 30b c1039 ic_m4 random_dick_r2 table completed_valid t=0.0s
[     13s] main 30b c1039 ic_m4 known_null_dick table completed_valid t=0.0s
[     13s] main 30b c1040 ic_m4 subgroup table completed_valid t=0.0s
[     13s] main 30b c1040 ic_m4 dickson table completed_valid t=0.0s
[     13s] main 30b c1040 ic_m4 small_x table completed_valid t=0.0s
[     13s] main 30b c1040 ic_m4 random_sub_r0 table completed_valid t=0.0s
[     13s] main 30b c1040 ic_m4 random_sub_r1 table completed_valid t=0.0s
[     13s] main 30b c1040 ic_m4 random_sub_r2 table completed_valid t=0.0s
[     13s] main 30b c1040 ic_m4 known_null_sub table completed_valid t=0.0s
[     13s] main 30b c1040 ic_m4 random_dick_r0 table completed_valid t=0.0s
[     13s] main 30b c1040 ic_m4 random_dick_r1 table completed_valid t=0.0s
[     13s] main 30b c1040 ic_m4 random_dick_r2 table completed_valid t=0.0s
[     13s] main 30b c1040 ic_m4 known_null_dick table completed_valid t=0.0s
[     14s] main 30b c1041 ic_m4 subgroup table completed_valid t=0.0s
[     14s] main 30b c1041 ic_m4 dickson table completed_valid t=0.0s
[     14s] main 30b c1041 ic_m4 small_x table completed_valid t=0.0s
[     14s] main 30b c1041 ic_m4 random_sub_r0 table completed_valid t=0.0s
[     14s] main 30b c1041 ic_m4 random_sub_r1 table completed_valid t=0.0s
[     14s] main 30b c1041 ic_m4 random_sub_r2 table completed_valid t=0.0s
[     14s] main 30b c1041 ic_m4 known_null_sub table completed_valid t=0.0s
[     14s] main 30b c1041 ic_m4 random_dick_r0 table completed_valid t=0.0s
[     14s] main 30b c1041 ic_m4 random_dick_r1 table completed_valid t=0.0s
[     14s] main 30b c1041 ic_m4 random_dick_r2 table completed_valid t=0.0s
[     14s] main 30b c1041 ic_m4 known_null_dick table completed_valid t=0.0s
[     14s] main 30b c1042 ic_m4 subgroup table completed_valid t=0.0s
[     14s] main 30b c1042 ic_m4 dickson table completed_valid t=0.0s
[     14s] main 30b c1042 ic_m4 small_x table completed_valid t=0.0s
[     14s] main 30b c1042 ic_m4 random_sub_r0 table completed_valid t=0.0s
[     14s] main 30b c1042 ic_m4 random_sub_r1 table completed_valid t=0.0s
[     14s] main 30b c1042 ic_m4 random_sub_r2 table completed_valid t=0.0s
[     14s] main 30b c1042 ic_m4 known_null_sub table completed_valid t=0.0s
[     14s] main 30b c1042 ic_m4 random_dick_r0 table completed_valid t=0.0s
[     14s] main 30b c1042 ic_m4 random_dick_r1 table completed_valid t=0.0s
[     14s] main 30b c1042 ic_m4 random_dick_r2 table completed_valid t=0.0s
[     14s] main 30b c1042 ic_m4 known_null_dick table completed_valid t=0.0s
[     14s] main 30b c1043 ic_m4 subgroup table completed_valid t=0.0s
[     14s] main 30b c1043 ic_m4 dickson table completed_valid t=0.0s
[     14s] main 30b c1043 ic_m4 small_x table completed_valid t=0.0s
[     14s] main 30b c1043 ic_m4 random_sub_r0 table completed_valid t=0.0s
[     14s] main 30b c1043 ic_m4 random_sub_r1 table completed_valid t=0.0s
[     14s] main 30b c1043 ic_m4 random_sub_r2 table completed_valid t=0.0s
[     14s] main 30b c1043 ic_m4 known_null_sub table completed_valid t=0.0s
[     14s] main 30b c1043 ic_m4 random_dick_r0 table completed_valid t=0.0s
[     14s] main 30b c1043 ic_m4 random_dick_r1 table completed_valid t=0.0s
[     14s] main 30b c1043 ic_m4 random_dick_r2 table completed_valid t=0.0s
[     14s] main 30b c1043 ic_m4 known_null_dick table completed_valid t=0.0s
[     15s] main 30b c1044 ic_m4 subgroup table completed_valid t=0.0s
[     15s] main 30b c1044 ic_m4 dickson table completed_valid t=0.0s
[     15s] main 30b c1044 ic_m4 small_x table completed_valid t=0.0s
[     15s] main 30b c1044 ic_m4 random_sub_r0 table completed_valid t=0.0s
[     15s] main 30b c1044 ic_m4 random_sub_r1 table completed_valid t=0.0s
[     15s] main 30b c1044 ic_m4 random_sub_r2 table completed_valid t=0.0s
[     15s] main 30b c1044 ic_m4 known_null_sub table completed_valid t=0.0s
[     15s] main 30b c1044 ic_m4 random_dick_r0 table completed_valid t=0.0s
[     15s] main 30b c1044 ic_m4 random_dick_r1 table completed_valid t=0.0s
[     15s] main 30b c1044 ic_m4 random_dick_r2 table completed_valid t=0.0s
[     15s] main 30b c1044 ic_m4 known_null_dick table completed_valid t=0.0s
[     15s] main 30b c1045 ic_m4 subgroup table completed_valid t=0.0s
[     15s] main 30b c1045 ic_m4 dickson table completed_valid t=0.0s
[     15s] main 30b c1045 ic_m4 small_x table completed_valid t=0.0s
[     15s] main 30b c1045 ic_m4 random_sub_r0 table completed_valid t=0.0s
[     15s] main 30b c1045 ic_m4 random_sub_r1 table completed_valid t=0.0s
[     15s] main 30b c1045 ic_m4 random_sub_r2 table completed_valid t=0.0s
[     15s] main 30b c1045 ic_m4 known_null_sub table completed_valid t=0.0s
[     15s] main 30b c1045 ic_m4 random_dick_r0 table completed_valid t=0.0s
[     15s] main 30b c1045 ic_m4 random_dick_r1 table completed_valid t=0.0s
[     15s] main 30b c1045 ic_m4 random_dick_r2 table completed_valid t=0.0s
[     15s] main 30b c1045 ic_m4 known_null_dick table completed_valid t=0.0s
[     15s] main 30b c1046 ic_m4 subgroup table completed_valid t=0.0s
[     15s] main 30b c1046 ic_m4 dickson table completed_valid t=0.0s
[     15s] main 30b c1046 ic_m4 small_x table completed_valid t=0.0s
[     15s] main 30b c1046 ic_m4 random_sub_r0 table completed_valid t=0.0s
[     15s] main 30b c1046 ic_m4 random_sub_r1 table completed_valid t=0.0s
[     15s] main 30b c1046 ic_m4 random_sub_r2 table completed_valid t=0.0s
[     15s] main 30b c1046 ic_m4 known_null_sub table completed_valid t=0.0s
[     15s] main 30b c1046 ic_m4 random_dick_r0 table completed_valid t=0.0s
[     15s] main 30b c1046 ic_m4 random_dick_r1 table completed_valid t=0.0s
[     15s] main 30b c1046 ic_m4 random_dick_r2 table completed_valid t=0.0s
[     15s] main 30b c1046 ic_m4 known_null_dick table completed_valid t=0.0s
[     16s] main 30b c1047 ic_m4 subgroup table completed_valid t=0.0s
[     16s] main 30b c1047 ic_m4 dickson table completed_valid t=0.0s
[     16s] main 30b c1047 ic_m4 small_x table completed_valid t=0.0s
[     16s] main 30b c1047 ic_m4 random_sub_r0 table completed_valid t=0.0s
[     16s] main 30b c1047 ic_m4 random_sub_r1 table completed_valid t=0.0s
[     16s] main 30b c1047 ic_m4 random_sub_r2 table completed_valid t=0.0s
[     16s] main 30b c1047 ic_m4 known_null_sub table completed_valid t=0.0s
[     16s] main 30b c1047 ic_m4 random_dick_r0 table completed_valid t=0.0s
[     16s] main 30b c1047 ic_m4 random_dick_r1 table completed_valid t=0.0s
[     16s] main 30b c1047 ic_m4 random_dick_r2 table completed_valid t=0.0s
[     16s] main 30b c1047 ic_m4 known_null_dick table completed_valid t=0.0s
[     16s] main 30b c1048 ic_m4 subgroup table completed_valid t=0.0s
[     16s] main 30b c1048 ic_m4 dickson table completed_valid t=0.0s
[     16s] main 30b c1048 ic_m4 small_x table completed_valid t=0.0s
[     16s] main 30b c1048 ic_m4 random_sub_r0 table completed_valid t=0.0s
[     16s] main 30b c1048 ic_m4 random_sub_r1 table completed_valid t=0.0s
[     16s] main 30b c1048 ic_m4 random_sub_r2 table completed_valid t=0.0s
[     16s] main 30b c1048 ic_m4 known_null_sub table completed_valid t=0.0s
[     16s] main 30b c1048 ic_m4 random_dick_r0 table completed_valid t=0.0s
[     16s] main 30b c1048 ic_m4 random_dick_r1 table completed_valid t=0.0s
[     16s] main 30b c1048 ic_m4 random_dick_r2 table completed_valid t=0.0s
[     16s] main 30b c1048 ic_m4 known_null_dick table completed_valid t=0.0s
[     16s] main 30b c1049 ic_m4 subgroup table completed_valid t=0.0s
[     16s] main 30b c1049 ic_m4 dickson table completed_valid t=0.0s
[     16s] main 30b c1049 ic_m4 small_x table completed_valid t=0.0s
[     16s] main 30b c1049 ic_m4 random_sub_r0 table completed_valid t=0.0s
[     16s] main 30b c1049 ic_m4 random_sub_r1 table completed_valid t=0.0s
[     16s] main 30b c1049 ic_m4 random_sub_r2 table completed_valid t=0.0s
[     16s] main 30b c1049 ic_m4 known_null_sub table completed_valid t=0.0s
[     16s] main 30b c1049 ic_m4 random_dick_r0 table completed_valid t=0.0s
[     16s] main 30b c1049 ic_m4 random_dick_r1 table completed_valid t=0.0s
[     16s] main 30b c1049 ic_m4 random_dick_r2 table completed_valid t=0.0s
[     16s] main 30b c1049 ic_m4 known_null_dick table completed_valid t=0.0s
[     17s] main 30b c1050 ic_m4 subgroup table completed_valid t=0.0s
[     17s] main 30b c1050 ic_m4 dickson table completed_valid t=0.0s
[     17s] main 30b c1050 ic_m4 small_x table completed_valid t=0.0s
[     17s] main 30b c1050 ic_m4 random_sub_r0 table completed_valid t=0.0s
[     17s] main 30b c1050 ic_m4 random_sub_r1 table completed_valid t=0.0s
[     17s] main 30b c1050 ic_m4 random_sub_r2 table completed_valid t=0.0s
[     17s] main 30b c1050 ic_m4 known_null_sub table completed_valid t=0.0s
[     17s] main 30b c1050 ic_m4 random_dick_r0 table completed_valid t=0.0s
[     17s] main 30b c1050 ic_m4 random_dick_r1 table completed_valid t=0.0s
[     17s] main 30b c1050 ic_m4 random_dick_r2 table completed_valid t=0.0s
[     17s] main 30b c1050 ic_m4 known_null_dick table completed_valid t=0.0s
[     17s] main 30b c1051 ic_m4 subgroup table completed_valid t=0.0s
[     17s] main 30b c1051 ic_m4 dickson table completed_valid t=0.0s
[     17s] main 30b c1051 ic_m4 small_x table completed_valid t=0.0s
[     17s] main 30b c1051 ic_m4 random_sub_r0 table completed_valid t=0.0s
[     17s] main 30b c1051 ic_m4 random_sub_r1 table completed_valid t=0.0s
[     17s] main 30b c1051 ic_m4 random_sub_r2 table completed_valid t=0.0s
[     17s] main 30b c1051 ic_m4 known_null_sub table completed_valid t=0.0s
[     17s] main 30b c1051 ic_m4 random_dick_r0 table completed_valid t=0.0s
[     17s] main 30b c1051 ic_m4 random_dick_r1 table completed_valid t=0.0s
[     17s] main 30b c1051 ic_m4 random_dick_r2 table completed_valid t=0.0s
[     17s] main 30b c1051 ic_m4 known_null_dick table completed_valid t=0.0s
[     17s] main 30b c1052 ic_m4 subgroup table completed_valid t=0.0s
[     17s] main 30b c1052 ic_m4 dickson table completed_valid t=0.0s
[     17s] main 30b c1052 ic_m4 small_x table completed_valid t=0.0s
[     17s] main 30b c1052 ic_m4 random_sub_r0 table completed_valid t=0.0s
[     17s] main 30b c1052 ic_m4 random_sub_r1 table completed_valid t=0.0s
[     17s] main 30b c1052 ic_m4 random_sub_r2 table completed_valid t=0.0s
[     17s] main 30b c1052 ic_m4 known_null_sub table completed_valid t=0.0s
[     17s] main 30b c1052 ic_m4 random_dick_r0 table completed_valid t=0.0s
[     17s] main 30b c1052 ic_m4 random_dick_r1 table completed_valid t=0.0s
[     17s] main 30b c1052 ic_m4 random_dick_r2 table completed_valid t=0.0s
[     17s] main 30b c1052 ic_m4 known_null_dick table completed_valid t=0.0s
[     18s] main 30b c1053 ic_m4 subgroup table completed_valid t=0.0s
[     18s] main 30b c1053 ic_m4 dickson table completed_valid t=0.0s
[     18s] main 30b c1053 ic_m4 small_x table completed_valid t=0.0s
[     18s] main 30b c1053 ic_m4 random_sub_r0 table completed_valid t=0.0s
[     18s] main 30b c1053 ic_m4 random_sub_r1 table completed_valid t=0.0s
[     18s] main 30b c1053 ic_m4 random_sub_r2 table completed_valid t=0.0s
[     18s] main 30b c1053 ic_m4 known_null_sub table completed_valid t=0.0s
[     18s] main 30b c1053 ic_m4 random_dick_r0 table completed_valid t=0.0s
[     18s] main 30b c1053 ic_m4 random_dick_r1 table completed_valid t=0.0s
[     18s] main 30b c1053 ic_m4 random_dick_r2 table completed_valid t=0.0s
[     18s] main 30b c1053 ic_m4 known_null_dick table completed_valid t=0.0s
[     18s] main 30b c1054 ic_m4 subgroup table completed_valid t=0.0s
[     18s] main 30b c1054 ic_m4 dickson table completed_valid t=0.0s
[     18s] main 30b c1054 ic_m4 small_x table completed_valid t=0.0s
[     18s] main 30b c1054 ic_m4 random_sub_r0 table completed_valid t=0.0s
[     18s] main 30b c1054 ic_m4 random_sub_r1 table completed_valid t=0.0s
[     18s] main 30b c1054 ic_m4 random_sub_r2 table completed_valid t=0.0s
[     18s] main 30b c1054 ic_m4 known_null_sub table completed_valid t=0.0s
[     18s] main 30b c1054 ic_m4 random_dick_r0 table completed_valid t=0.0s
[     18s] main 30b c1054 ic_m4 random_dick_r1 table completed_valid t=0.0s
[     18s] main 30b c1054 ic_m4 random_dick_r2 table completed_valid t=0.0s
[     18s] main 30b c1054 ic_m4 known_null_dick table completed_valid t=0.0s
[     19s] main 30b c1055 ic_m4 subgroup table completed_valid t=0.0s
[     19s] main 30b c1055 ic_m4 dickson table completed_valid t=0.0s
[     19s] main 30b c1055 ic_m4 small_x table completed_valid t=0.0s
[     19s] main 30b c1055 ic_m4 random_sub_r0 table completed_valid t=0.0s
[     19s] main 30b c1055 ic_m4 random_sub_r1 table completed_valid t=0.0s
[     19s] main 30b c1055 ic_m4 random_sub_r2 table completed_valid t=0.0s
[     19s] main 30b c1055 ic_m4 known_null_sub table completed_valid t=0.0s
[     19s] main 30b c1055 ic_m4 random_dick_r0 table completed_valid t=0.0s
[     19s] main 30b c1055 ic_m4 random_dick_r1 table completed_valid t=0.0s
[     19s] main 30b c1055 ic_m4 random_dick_r2 table completed_valid t=0.0s
[     19s] main 30b c1055 ic_m4 known_null_dick table completed_valid t=0.0s
[     19s] main 30b c1056 ic_m4 subgroup table completed_valid t=0.0s
[     19s] main 30b c1056 ic_m4 dickson table completed_valid t=0.0s
[     19s] main 30b c1056 ic_m4 small_x table completed_valid t=0.0s
[     19s] main 30b c1056 ic_m4 random_sub_r0 table completed_valid t=0.0s
[     19s] main 30b c1056 ic_m4 random_sub_r1 table completed_valid t=0.0s
[     19s] main 30b c1056 ic_m4 random_sub_r2 table completed_valid t=0.0s
[     19s] main 30b c1056 ic_m4 known_null_sub table completed_valid t=0.0s
[     19s] main 30b c1056 ic_m4 random_dick_r0 table completed_valid t=0.0s
[     19s] main 30b c1056 ic_m4 random_dick_r1 table completed_valid t=0.0s
[     19s] main 30b c1056 ic_m4 random_dick_r2 table completed_valid t=0.0s
[     19s] main 30b c1056 ic_m4 known_null_dick table completed_valid t=0.0s
[     19s] main 30b c1057 ic_m4 subgroup table completed_valid t=0.0s
[     19s] main 30b c1057 ic_m4 dickson table completed_valid t=0.0s
[     19s] main 30b c1057 ic_m4 small_x table completed_valid t=0.0s
[     19s] main 30b c1057 ic_m4 random_sub_r0 table completed_valid t=0.0s
[     19s] main 30b c1057 ic_m4 random_sub_r1 table completed_valid t=0.0s
[     19s] main 30b c1057 ic_m4 random_sub_r2 table completed_valid t=0.0s
[     19s] main 30b c1057 ic_m4 known_null_sub table completed_valid t=0.0s
[     19s] main 30b c1057 ic_m4 random_dick_r0 table completed_valid t=0.0s
[     19s] main 30b c1057 ic_m4 random_dick_r1 table completed_valid t=0.0s
[     19s] main 30b c1057 ic_m4 random_dick_r2 table completed_valid t=0.0s
[     19s] main 30b c1057 ic_m4 known_null_dick table completed_valid t=0.0s
[     20s] main 30b c1058 ic_m4 subgroup table completed_valid t=0.0s
[     20s] main 30b c1058 ic_m4 dickson table completed_valid t=0.0s
[     20s] main 30b c1058 ic_m4 small_x table completed_valid t=0.0s
[     20s] main 30b c1058 ic_m4 random_sub_r0 table completed_valid t=0.1s
[     20s] main 30b c1058 ic_m4 random_sub_r1 table completed_valid t=0.0s
[     20s] main 30b c1058 ic_m4 random_sub_r2 table completed_valid t=0.0s
[     20s] main 30b c1058 ic_m4 known_null_sub table completed_valid t=0.0s
[     20s] main 30b c1058 ic_m4 random_dick_r0 table completed_valid t=0.0s
[     20s] main 30b c1058 ic_m4 random_dick_r1 table completed_valid t=0.1s
[     20s] main 30b c1058 ic_m4 random_dick_r2 table completed_valid t=0.0s
[     20s] main 30b c1058 ic_m4 known_null_dick table completed_valid t=0.0s
[     20s] main 30b c1059 ic_m4 subgroup table completed_valid t=0.0s
[     20s] main 30b c1059 ic_m4 dickson table completed_valid t=0.0s
[     20s] main 30b c1059 ic_m4 small_x table completed_valid t=0.0s
[     20s] main 30b c1059 ic_m4 random_sub_r0 table completed_valid t=0.0s
[     20s] main 30b c1059 ic_m4 random_sub_r1 table completed_valid t=0.0s
[     20s] main 30b c1059 ic_m4 random_sub_r2 table completed_valid t=0.0s
[     20s] main 30b c1059 ic_m4 known_null_sub table completed_valid t=0.0s
[     20s] main 30b c1059 ic_m4 random_dick_r0 table completed_valid t=0.0s
[     20s] main 30b c1059 ic_m4 random_dick_r1 table completed_valid t=0.0s
[     20s] main 30b c1059 ic_m4 random_dick_r2 table completed_valid t=0.0s
[     20s] main 30b c1059 ic_m4 known_null_dick table completed_valid t=0.0s
[     21s] main 30b c1060 ic_m4 subgroup table completed_valid t=0.0s
[     21s] main 30b c1060 ic_m4 dickson table completed_valid t=0.0s
[     21s] main 30b c1060 ic_m4 small_x table completed_valid t=0.0s
[     21s] main 30b c1060 ic_m4 random_sub_r0 table completed_valid t=0.0s
[     21s] main 30b c1060 ic_m4 random_sub_r1 table completed_valid t=0.0s
[     21s] main 30b c1060 ic_m4 random_sub_r2 table completed_valid t=0.0s
[     21s] main 30b c1060 ic_m4 known_null_sub table completed_valid t=0.0s
[     21s] main 30b c1060 ic_m4 random_dick_r0 table completed_valid t=0.0s
[     21s] main 30b c1060 ic_m4 random_dick_r1 table completed_valid t=0.0s
[     21s] main 30b c1060 ic_m4 random_dick_r2 table completed_valid t=0.0s
[     21s] main 30b c1060 ic_m4 known_null_dick table completed_valid t=0.0s
[     21s] main 30b c1061 ic_m4 subgroup table completed_valid t=0.0s
[     21s] main 30b c1061 ic_m4 dickson table completed_valid t=0.0s
[     21s] main 30b c1061 ic_m4 small_x table completed_valid t=0.0s
[     21s] main 30b c1061 ic_m4 random_sub_r0 table completed_valid t=0.0s
[     21s] main 30b c1061 ic_m4 random_sub_r1 table completed_valid t=0.0s
[     21s] main 30b c1061 ic_m4 random_sub_r2 table completed_valid t=0.0s
[     21s] main 30b c1061 ic_m4 known_null_sub table completed_valid t=0.0s
[     21s] main 30b c1061 ic_m4 random_dick_r0 table completed_valid t=0.0s
[     21s] main 30b c1061 ic_m4 random_dick_r1 table completed_valid t=0.0s
[     21s] main 30b c1061 ic_m4 random_dick_r2 table completed_valid t=0.0s
[     21s] main 30b c1061 ic_m4 known_null_dick table completed_valid t=0.0s
[     21s] main 30b c1062 ic_m4 subgroup table completed_valid t=0.0s
[     21s] main 30b c1062 ic_m4 dickson table completed_valid t=0.0s
[     21s] main 30b c1062 ic_m4 small_x table completed_valid t=0.0s
[     21s] main 30b c1062 ic_m4 random_sub_r0 table completed_valid t=0.0s
[     21s] main 30b c1062 ic_m4 random_sub_r1 table completed_valid t=0.0s
[     21s] main 30b c1062 ic_m4 random_sub_r2 table completed_valid t=0.0s
[     21s] main 30b c1062 ic_m4 known_null_sub table completed_valid t=0.0s
[     21s] main 30b c1062 ic_m4 random_dick_r0 table completed_valid t=0.0s
[     21s] main 30b c1062 ic_m4 random_dick_r1 table completed_valid t=0.0s
[     21s] main 30b c1062 ic_m4 random_dick_r2 table completed_valid t=0.0s
[     21s] main 30b c1062 ic_m4 known_null_dick table completed_valid t=0.0s
[     22s] main 30b c1063 ic_m4 subgroup table completed_valid t=0.0s
[     22s] main 30b c1063 ic_m4 dickson table completed_valid t=0.0s
[     22s] main 30b c1063 ic_m4 small_x table completed_valid t=0.0s
[     22s] main 30b c1063 ic_m4 random_sub_r0 table completed_valid t=0.0s
[     22s] main 30b c1063 ic_m4 random_sub_r1 table completed_valid t=0.0s
[     22s] main 30b c1063 ic_m4 random_sub_r2 table completed_valid t=0.0s
[     22s] main 30b c1063 ic_m4 known_null_sub table completed_valid t=0.0s
[     22s] main 30b c1063 ic_m4 random_dick_r0 table completed_valid t=0.0s
[     22s] main 30b c1063 ic_m4 random_dick_r1 table completed_valid t=0.0s
[     22s] main 30b c1063 ic_m4 random_dick_r2 table completed_valid t=0.0s
[     22s] main 30b c1063 ic_m4 known_null_dick table completed_valid t=0.0s
[     22s] main 30b c1064 ic_m4 subgroup table completed_valid t=0.0s
[     22s] main 30b c1064 ic_m4 dickson table completed_valid t=0.0s
[     22s] main 30b c1064 ic_m4 small_x table completed_valid t=0.0s
[     22s] main 30b c1064 ic_m4 random_sub_r0 table completed_valid t=0.0s
[     22s] main 30b c1064 ic_m4 random_sub_r1 table completed_valid t=0.0s
[     22s] main 30b c1064 ic_m4 random_sub_r2 table completed_valid t=0.0s
[     22s] main 30b c1064 ic_m4 known_null_sub table completed_valid t=0.0s
[     22s] main 30b c1064 ic_m4 random_dick_r0 table completed_valid t=0.0s
[     22s] main 30b c1064 ic_m4 random_dick_r1 table completed_valid t=0.0s
[     22s] main 30b c1064 ic_m4 random_dick_r2 table completed_valid t=0.0s
[     22s] main 30b c1064 ic_m4 known_null_dick table completed_valid t=0.0s
[     22s] main 30b c1065 ic_m4 subgroup table completed_valid t=0.0s
[     22s] main 30b c1065 ic_m4 dickson table completed_valid t=0.0s
[     22s] main 30b c1065 ic_m4 small_x table completed_valid t=0.0s
[     22s] main 30b c1065 ic_m4 random_sub_r0 table completed_valid t=0.0s
[     22s] main 30b c1065 ic_m4 random_sub_r1 table completed_valid t=0.0s
[     22s] main 30b c1065 ic_m4 random_sub_r2 table completed_valid t=0.0s
[     22s] main 30b c1065 ic_m4 known_null_sub table completed_valid t=0.0s
[     22s] main 30b c1065 ic_m4 random_dick_r0 table completed_valid t=0.0s
[     22s] main 30b c1065 ic_m4 random_dick_r1 table completed_valid t=0.0s
[     22s] main 30b c1065 ic_m4 random_dick_r2 table completed_valid t=0.0s
[     22s] main 30b c1065 ic_m4 known_null_dick table completed_valid t=0.0s
[     23s] main 30b c1066 ic_m4 subgroup table completed_valid t=0.0s
[     23s] main 30b c1066 ic_m4 dickson table completed_valid t=0.0s
[     23s] main 30b c1066 ic_m4 small_x table completed_valid t=0.0s
[     23s] main 30b c1066 ic_m4 random_sub_r0 table completed_valid t=0.0s
[     23s] main 30b c1066 ic_m4 random_sub_r1 table completed_valid t=0.0s
[     23s] main 30b c1066 ic_m4 random_sub_r2 table completed_valid t=0.0s
[     23s] main 30b c1066 ic_m4 known_null_sub table completed_valid t=0.0s
[     23s] main 30b c1066 ic_m4 random_dick_r0 table completed_valid t=0.0s
[     23s] main 30b c1066 ic_m4 random_dick_r1 table completed_valid t=0.0s
[     23s] main 30b c1066 ic_m4 random_dick_r2 table completed_valid t=0.0s
[     23s] main 30b c1066 ic_m4 known_null_dick table completed_valid t=0.0s
[     23s] main 30b c1067 ic_m4 subgroup table completed_valid t=0.0s
[     23s] main 30b c1067 ic_m4 dickson table completed_valid t=0.0s
[     23s] main 30b c1067 ic_m4 small_x table completed_valid t=0.0s
[     23s] main 30b c1067 ic_m4 random_sub_r0 table completed_valid t=0.0s
[     23s] main 30b c1067 ic_m4 random_sub_r1 table completed_valid t=0.0s
[     23s] main 30b c1067 ic_m4 random_sub_r2 table completed_valid t=0.0s
[     23s] main 30b c1067 ic_m4 known_null_sub table completed_valid t=0.0s
[     23s] main 30b c1067 ic_m4 random_dick_r0 table completed_valid t=0.0s
[     23s] main 30b c1067 ic_m4 random_dick_r1 table completed_valid t=0.0s
[     23s] main 30b c1067 ic_m4 random_dick_r2 table completed_valid t=0.0s
[     23s] main 30b c1067 ic_m4 known_null_dick table completed_valid t=0.0s
[     23s] main 30b c1068 ic_m4 subgroup table completed_valid t=0.0s
[     23s] main 30b c1068 ic_m4 dickson table completed_valid t=0.0s
[     23s] main 30b c1068 ic_m4 small_x table completed_valid t=0.0s
[     23s] main 30b c1068 ic_m4 random_sub_r0 table completed_valid t=0.0s
[     23s] main 30b c1068 ic_m4 random_sub_r1 table completed_valid t=0.0s
[     23s] main 30b c1068 ic_m4 random_sub_r2 table completed_valid t=0.0s
[     23s] main 30b c1068 ic_m4 known_null_sub table completed_valid t=0.0s
[     23s] main 30b c1068 ic_m4 random_dick_r0 table completed_valid t=0.0s
[     23s] main 30b c1068 ic_m4 random_dick_r1 table completed_valid t=0.0s
[     23s] main 30b c1068 ic_m4 random_dick_r2 table completed_valid t=0.0s
[     23s] main 30b c1068 ic_m4 known_null_dick table completed_valid t=0.0s
[     24s] main 30b c1069 ic_m4 subgroup table completed_valid t=0.0s
[     24s] main 30b c1069 ic_m4 dickson table completed_valid t=0.0s
[     24s] main 30b c1069 ic_m4 small_x table completed_valid t=0.0s
[     24s] main 30b c1069 ic_m4 random_sub_r0 table completed_valid t=0.0s
[     24s] main 30b c1069 ic_m4 random_sub_r1 table completed_valid t=0.0s
[     24s] main 30b c1069 ic_m4 random_sub_r2 table completed_valid t=0.0s
[     24s] main 30b c1069 ic_m4 known_null_sub table completed_valid t=0.0s
[     24s] main 30b c1069 ic_m4 random_dick_r0 table completed_valid t=0.0s
[     24s] main 30b c1069 ic_m4 random_dick_r1 table completed_valid t=0.0s
[     24s] main 30b c1069 ic_m4 random_dick_r2 table completed_valid t=0.0s
[     24s] main 30b c1069 ic_m4 known_null_dick table completed_valid t=0.0s
[     24s] main 30b c1070 ic_m4 subgroup table completed_valid t=0.0s
[     24s] main 30b c1070 ic_m4 dickson table completed_valid t=0.0s
[     24s] main 30b c1070 ic_m4 small_x table completed_valid t=0.0s
[     24s] main 30b c1070 ic_m4 random_sub_r0 table completed_valid t=0.0s
[     24s] main 30b c1070 ic_m4 random_sub_r1 table completed_valid t=0.0s
[     24s] main 30b c1070 ic_m4 random_sub_r2 table completed_valid t=0.0s
[     24s] main 30b c1070 ic_m4 known_null_sub table completed_valid t=0.0s
[     24s] main 30b c1070 ic_m4 random_dick_r0 table completed_valid t=0.0s
[     24s] main 30b c1070 ic_m4 random_dick_r1 table completed_valid t=0.0s
[     24s] main 30b c1070 ic_m4 random_dick_r2 table completed_valid t=0.0s
[     24s] main 30b c1070 ic_m4 known_null_dick table completed_valid t=0.0s
[     25s] main 30b c1071 ic_m4 subgroup table completed_valid t=0.0s
[     25s] main 30b c1071 ic_m4 dickson table completed_valid t=0.0s
[     25s] main 30b c1071 ic_m4 small_x table completed_valid t=0.0s
[     25s] main 30b c1071 ic_m4 random_sub_r0 table completed_valid t=0.0s
[     25s] main 30b c1071 ic_m4 random_sub_r1 table completed_valid t=0.0s
[     25s] main 30b c1071 ic_m4 random_sub_r2 table completed_valid t=0.0s
[     25s] main 30b c1071 ic_m4 known_null_sub table completed_valid t=0.0s
[     25s] main 30b c1071 ic_m4 random_dick_r0 table completed_valid t=0.0s
[     25s] main 30b c1071 ic_m4 random_dick_r1 table completed_valid t=0.0s
[     25s] main 30b c1071 ic_m4 random_dick_r2 table completed_valid t=0.0s
[     25s] main 30b c1071 ic_m4 known_null_dick table completed_valid t=0.0s
[     25s] main 30b c1072 ic_m4 subgroup table completed_valid t=0.0s
[     25s] main 30b c1072 ic_m4 dickson table completed_valid t=0.0s
[     25s] main 30b c1072 ic_m4 small_x table completed_valid t=0.0s
[     25s] main 30b c1072 ic_m4 random_sub_r0 table completed_valid t=0.0s
[     25s] main 30b c1072 ic_m4 random_sub_r1 table completed_valid t=0.0s
[     25s] main 30b c1072 ic_m4 random_sub_r2 table completed_valid t=0.0s
[     25s] main 30b c1072 ic_m4 known_null_sub table completed_valid t=0.0s
[     25s] main 30b c1072 ic_m4 random_dick_r0 table completed_valid t=0.0s
[     25s] main 30b c1072 ic_m4 random_dick_r1 table completed_valid t=0.0s
[     25s] main 30b c1072 ic_m4 random_dick_r2 table completed_valid t=0.0s
[     25s] main 30b c1072 ic_m4 known_null_dick table completed_valid t=0.0s
[     25s] main 30b c1073 ic_m4 subgroup table completed_valid t=0.0s
[     25s] main 30b c1073 ic_m4 dickson table completed_valid t=0.0s
[     25s] main 30b c1073 ic_m4 small_x table completed_valid t=0.0s
[     25s] main 30b c1073 ic_m4 random_sub_r0 table completed_valid t=0.0s
[     25s] main 30b c1073 ic_m4 random_sub_r1 table completed_valid t=0.0s
[     25s] main 30b c1073 ic_m4 random_sub_r2 table completed_valid t=0.0s
[     25s] main 30b c1073 ic_m4 known_null_sub table completed_valid t=0.0s
[     25s] main 30b c1073 ic_m4 random_dick_r0 table completed_valid t=0.0s
[     25s] main 30b c1073 ic_m4 random_dick_r1 table completed_valid t=0.0s
[     25s] main 30b c1073 ic_m4 random_dick_r2 table completed_valid t=0.0s
[     25s] main 30b c1073 ic_m4 known_null_dick table completed_valid t=0.0s
[     26s] main 30b c1074 ic_m4 subgroup table completed_valid t=0.0s
[     26s] main 30b c1074 ic_m4 dickson table completed_valid t=0.0s
[     26s] main 30b c1074 ic_m4 small_x table completed_valid t=0.0s
[     26s] main 30b c1074 ic_m4 random_sub_r0 table completed_valid t=0.0s
[     26s] main 30b c1074 ic_m4 random_sub_r1 table completed_valid t=0.0s
[     26s] main 30b c1074 ic_m4 random_sub_r2 table completed_valid t=0.0s
[     26s] main 30b c1074 ic_m4 known_null_sub table completed_valid t=0.0s
[     26s] main 30b c1074 ic_m4 random_dick_r0 table completed_valid t=0.0s
[     26s] main 30b c1074 ic_m4 random_dick_r1 table completed_valid t=0.0s
[     26s] main 30b c1074 ic_m4 random_dick_r2 table completed_valid t=0.0s
[     26s] main 30b c1074 ic_m4 known_null_dick table completed_valid t=0.0s
[     26s] main 30b c1075 ic_m4 subgroup table completed_valid t=0.0s
[     26s] main 30b c1075 ic_m4 dickson table completed_valid t=0.0s
[     26s] main 30b c1075 ic_m4 small_x table completed_valid t=0.0s
[     26s] main 30b c1075 ic_m4 random_sub_r0 table completed_valid t=0.0s
[     26s] main 30b c1075 ic_m4 random_sub_r1 table completed_valid t=0.0s
[     26s] main 30b c1075 ic_m4 random_sub_r2 table completed_valid t=0.0s
[     26s] main 30b c1075 ic_m4 known_null_sub table completed_valid t=0.0s
[     26s] main 30b c1075 ic_m4 random_dick_r0 table completed_valid t=0.0s
[     26s] main 30b c1075 ic_m4 random_dick_r1 table completed_valid t=0.0s
[     26s] main 30b c1075 ic_m4 random_dick_r2 table completed_valid t=0.0s
[     26s] main 30b c1075 ic_m4 known_null_dick table completed_valid t=0.0s
[     27s] main 30b c1076 ic_m4 subgroup table completed_valid t=0.0s
[     27s] main 30b c1076 ic_m4 dickson table completed_valid t=0.0s
[     27s] main 30b c1076 ic_m4 small_x table completed_valid t=0.0s
[     27s] main 30b c1076 ic_m4 random_sub_r0 table completed_valid t=0.0s
[     27s] main 30b c1076 ic_m4 random_sub_r1 table completed_valid t=0.0s
[     27s] main 30b c1076 ic_m4 random_sub_r2 table completed_valid t=0.0s
[     27s] main 30b c1076 ic_m4 known_null_sub table completed_valid t=0.0s
[     27s] main 30b c1076 ic_m4 random_dick_r0 table completed_valid t=0.0s
[     27s] main 30b c1076 ic_m4 random_dick_r1 table completed_valid t=0.0s
[     27s] main 30b c1076 ic_m4 random_dick_r2 table completed_valid t=0.0s
[     27s] main 30b c1076 ic_m4 known_null_dick table completed_valid t=0.0s
[     27s] main 30b c1077 ic_m4 subgroup table completed_valid t=0.0s
[     27s] main 30b c1077 ic_m4 dickson table completed_valid t=0.0s
[     27s] main 30b c1077 ic_m4 small_x table completed_valid t=0.0s
[     27s] main 30b c1077 ic_m4 random_sub_r0 table completed_valid t=0.0s
[     27s] main 30b c1077 ic_m4 random_sub_r1 table completed_valid t=0.0s
[     27s] main 30b c1077 ic_m4 random_sub_r2 table completed_valid t=0.0s
[     27s] main 30b c1077 ic_m4 known_null_sub table completed_valid t=0.0s
[     27s] main 30b c1077 ic_m4 random_dick_r0 table completed_valid t=0.0s
[     27s] main 30b c1077 ic_m4 random_dick_r1 table completed_valid t=0.0s
[     27s] main 30b c1077 ic_m4 random_dick_r2 table completed_valid t=0.0s
[     27s] main 30b c1077 ic_m4 known_null_dick table completed_valid t=0.0s
[     27s] main 30b c1078 ic_m4 subgroup table completed_valid t=0.0s
[     27s] main 30b c1078 ic_m4 dickson table completed_valid t=0.0s
[     27s] main 30b c1078 ic_m4 small_x table completed_valid t=0.0s
[     27s] main 30b c1078 ic_m4 random_sub_r0 table completed_valid t=0.0s
[     27s] main 30b c1078 ic_m4 random_sub_r1 table completed_valid t=0.0s
[     27s] main 30b c1078 ic_m4 random_sub_r2 table completed_valid t=0.0s
[     27s] main 30b c1078 ic_m4 known_null_sub table completed_valid t=0.0s
[     27s] main 30b c1078 ic_m4 random_dick_r0 table completed_valid t=0.0s
[     27s] main 30b c1078 ic_m4 random_dick_r1 table completed_valid t=0.0s
[     27s] main 30b c1078 ic_m4 random_dick_r2 table completed_valid t=0.0s
[     27s] main 30b c1078 ic_m4 known_null_dick table completed_valid t=0.0s
[     28s] main 30b c1079 ic_m4 subgroup table completed_valid t=0.0s
[     28s] main 30b c1079 ic_m4 dickson table completed_valid t=0.0s
[     28s] main 30b c1079 ic_m4 small_x table completed_valid t=0.0s
[     28s] main 30b c1079 ic_m4 random_sub_r0 table completed_valid t=0.0s
[     28s] main 30b c1079 ic_m4 random_sub_r1 table completed_valid t=0.0s
[     28s] main 30b c1079 ic_m4 random_sub_r2 table completed_valid t=0.0s
[     28s] main 30b c1079 ic_m4 known_null_sub table completed_valid t=0.0s
[     28s] main 30b c1079 ic_m4 random_dick_r0 table completed_valid t=0.0s
[     28s] main 30b c1079 ic_m4 random_dick_r1 table completed_valid t=0.0s
[     28s] main 30b c1079 ic_m4 random_dick_r2 table completed_valid t=0.0s
[     28s] main 30b c1079 ic_m4 known_null_dick table completed_valid t=0.0s
[     28s] main 30b c1080 ic_m4 subgroup table completed_valid t=0.0s
[     28s] main 30b c1080 ic_m4 dickson table completed_valid t=0.0s
[     28s] main 30b c1080 ic_m4 small_x table completed_valid t=0.0s
[     28s] main 30b c1080 ic_m4 random_sub_r0 table completed_valid t=0.0s
[     28s] main 30b c1080 ic_m4 random_sub_r1 table completed_valid t=0.0s
[     28s] main 30b c1080 ic_m4 random_sub_r2 table completed_valid t=0.0s
[     28s] main 30b c1080 ic_m4 known_null_sub table completed_valid t=0.0s
[     28s] main 30b c1080 ic_m4 random_dick_r0 table completed_valid t=0.0s
[     28s] main 30b c1080 ic_m4 random_dick_r1 table completed_valid t=0.0s
[     28s] main 30b c1080 ic_m4 random_dick_r2 table completed_valid t=0.0s
[     28s] main 30b c1080 ic_m4 known_null_dick table completed_valid t=0.0s
[     28s] main 30b c1081 ic_m4 subgroup table completed_valid t=0.0s
[     28s] main 30b c1081 ic_m4 dickson table completed_valid t=0.0s
[     28s] main 30b c1081 ic_m4 small_x table completed_valid t=0.0s
[     28s] main 30b c1081 ic_m4 random_sub_r0 table completed_valid t=0.0s
[     28s] main 30b c1081 ic_m4 random_sub_r1 table completed_valid t=0.0s
[     29s] main 30b c1081 ic_m4 random_sub_r2 table completed_valid t=0.0s
[     29s] main 30b c1081 ic_m4 known_null_sub table completed_valid t=0.0s
[     29s] main 30b c1081 ic_m4 random_dick_r0 table completed_valid t=0.0s
[     29s] main 30b c1081 ic_m4 random_dick_r1 table completed_valid t=0.0s
[     29s] main 30b c1081 ic_m4 random_dick_r2 table completed_valid t=0.0s
[     29s] main 30b c1081 ic_m4 known_null_dick table completed_valid t=0.0s
[     29s] main 30b c1082 ic_m4 subgroup table completed_valid t=0.0s
[     29s] main 30b c1082 ic_m4 dickson table completed_valid t=0.0s
[     29s] main 30b c1082 ic_m4 small_x table completed_valid t=0.0s
[     29s] main 30b c1082 ic_m4 random_sub_r0 table completed_valid t=0.0s
[     29s] main 30b c1082 ic_m4 random_sub_r1 table completed_valid t=0.0s
[     29s] main 30b c1082 ic_m4 random_sub_r2 table completed_valid t=0.0s
[     29s] main 30b c1082 ic_m4 known_null_sub table completed_valid t=0.0s
[     29s] main 30b c1082 ic_m4 random_dick_r0 table completed_valid t=0.0s
[     29s] main 30b c1082 ic_m4 random_dick_r1 table completed_valid t=0.0s
[     29s] main 30b c1082 ic_m4 random_dick_r2 table completed_valid t=0.0s
[     29s] main 30b c1082 ic_m4 known_null_dick table completed_valid t=0.0s
[     29s] main 30b c1083 ic_m4 subgroup table completed_valid t=0.0s
[     29s] main 30b c1083 ic_m4 dickson table completed_valid t=0.0s
[     29s] main 30b c1083 ic_m4 small_x table completed_valid t=0.0s
[     29s] main 30b c1083 ic_m4 random_sub_r0 table completed_valid t=0.0s
[     29s] main 30b c1083 ic_m4 random_sub_r1 table completed_valid t=0.0s
[     29s] main 30b c1083 ic_m4 random_sub_r2 table completed_valid t=0.0s
[     29s] main 30b c1083 ic_m4 known_null_sub table completed_valid t=0.0s
[     29s] main 30b c1083 ic_m4 random_dick_r0 table completed_valid t=0.0s
[     29s] main 30b c1083 ic_m4 random_dick_r1 table completed_valid t=0.0s
[     29s] main 30b c1083 ic_m4 random_dick_r2 table completed_valid t=0.0s
[     29s] main 30b c1083 ic_m4 known_null_dick table completed_valid t=0.0s
[     30s] main 30b c1084 ic_m4 subgroup table completed_valid t=0.0s
[     30s] main 30b c1084 ic_m4 dickson table completed_valid t=0.0s
[     30s] main 30b c1084 ic_m4 small_x table completed_valid t=0.0s
[     30s] main 30b c1084 ic_m4 random_sub_r0 table completed_valid t=0.0s
[     30s] main 30b c1084 ic_m4 random_sub_r1 table completed_valid t=0.0s
[     30s] main 30b c1084 ic_m4 random_sub_r2 table completed_valid t=0.0s
[     30s] main 30b c1084 ic_m4 known_null_sub table completed_valid t=0.0s
[     30s] main 30b c1084 ic_m4 random_dick_r0 table completed_valid t=0.0s
[     30s] main 30b c1084 ic_m4 random_dick_r1 table completed_valid t=0.0s
[     30s] main 30b c1084 ic_m4 random_dick_r2 table completed_valid t=0.0s
[     30s] main 30b c1084 ic_m4 known_null_dick table completed_valid t=0.0s
[     30s] main 30b c1085 ic_m4 subgroup table completed_valid t=0.0s
[     30s] main 30b c1085 ic_m4 dickson table completed_valid t=0.0s
[     30s] main 30b c1085 ic_m4 small_x table completed_valid t=0.0s
[     30s] main 30b c1085 ic_m4 random_sub_r0 table completed_valid t=0.0s
[     30s] main 30b c1085 ic_m4 random_sub_r1 table completed_valid t=0.0s
[     30s] main 30b c1085 ic_m4 random_sub_r2 table completed_valid t=0.0s
[     30s] main 30b c1085 ic_m4 known_null_sub table completed_valid t=0.0s
[     30s] main 30b c1085 ic_m4 random_dick_r0 table completed_valid t=0.0s
[     30s] main 30b c1085 ic_m4 random_dick_r1 table completed_valid t=0.0s
[     30s] main 30b c1085 ic_m4 random_dick_r2 table completed_valid t=0.0s
[     30s] main 30b c1085 ic_m4 known_null_dick table completed_valid t=0.0s
[     30s] main 30b c1086 ic_m4 subgroup table completed_valid t=0.0s
[     30s] main 30b c1086 ic_m4 dickson table completed_valid t=0.0s
[     30s] main 30b c1086 ic_m4 small_x table completed_valid t=0.0s
[     30s] main 30b c1086 ic_m4 random_sub_r0 table completed_valid t=0.0s
[     30s] main 30b c1086 ic_m4 random_sub_r1 table completed_valid t=0.0s
[     30s] main 30b c1086 ic_m4 random_sub_r2 table completed_valid t=0.0s
[     30s] main 30b c1086 ic_m4 known_null_sub table completed_valid t=0.0s
[     30s] main 30b c1086 ic_m4 random_dick_r0 table completed_valid t=0.0s
[     30s] main 30b c1086 ic_m4 random_dick_r1 table completed_valid t=0.0s
[     30s] main 30b c1086 ic_m4 random_dick_r2 table completed_valid t=0.0s
[     30s] main 30b c1086 ic_m4 known_null_dick table completed_valid t=0.0s
[     31s] main 30b c1087 ic_m4 subgroup table completed_valid t=0.0s
[     31s] main 30b c1087 ic_m4 dickson table completed_valid t=0.0s
[     31s] main 30b c1087 ic_m4 small_x table completed_valid t=0.0s
[     31s] main 30b c1087 ic_m4 random_sub_r0 table completed_valid t=0.0s
[     31s] main 30b c1087 ic_m4 random_sub_r1 table completed_valid t=0.0s
[     31s] main 30b c1087 ic_m4 random_sub_r2 table completed_valid t=0.0s
[     31s] main 30b c1087 ic_m4 known_null_sub table completed_valid t=0.0s
[     31s] main 30b c1087 ic_m4 random_dick_r0 table completed_valid t=0.0s
[     31s] main 30b c1087 ic_m4 random_dick_r1 table completed_valid t=0.0s
[     31s] main 30b c1087 ic_m4 random_dick_r2 table completed_valid t=0.0s
[     31s] main 30b c1087 ic_m4 known_null_dick table completed_valid t=0.0s
[     31s] main 30b c1088 ic_m4 subgroup table completed_valid t=0.0s
[     31s] main 30b c1088 ic_m4 dickson table completed_valid t=0.0s
[     31s] main 30b c1088 ic_m4 small_x table completed_valid t=0.0s
[     31s] main 30b c1088 ic_m4 random_sub_r0 table completed_valid t=0.0s
[     31s] main 30b c1088 ic_m4 random_sub_r1 table completed_valid t=0.0s
[     31s] main 30b c1088 ic_m4 random_sub_r2 table completed_valid t=0.0s
[     31s] main 30b c1088 ic_m4 known_null_sub table completed_valid t=0.0s
[     31s] main 30b c1088 ic_m4 random_dick_r0 table completed_valid t=0.0s
[     31s] main 30b c1088 ic_m4 random_dick_r1 table completed_valid t=0.0s
[     31s] main 30b c1088 ic_m4 random_dick_r2 table completed_valid t=0.0s
[     31s] main 30b c1088 ic_m4 known_null_dick table completed_valid t=0.0s
[     31s] main 30b c1089 ic_m4 subgroup table completed_valid t=0.0s
[     31s] main 30b c1089 ic_m4 dickson table completed_valid t=0.0s
[     31s] main 30b c1089 ic_m4 small_x table completed_valid t=0.0s
[     31s] main 30b c1089 ic_m4 random_sub_r0 table completed_valid t=0.0s
[     31s] main 30b c1089 ic_m4 random_sub_r1 table completed_valid t=0.0s
[     31s] main 30b c1089 ic_m4 random_sub_r2 table completed_valid t=0.0s
[     31s] main 30b c1089 ic_m4 known_null_sub table completed_valid t=0.0s
[     31s] main 30b c1089 ic_m4 random_dick_r0 table completed_valid t=0.0s
[     31s] main 30b c1089 ic_m4 random_dick_r1 table completed_valid t=0.0s
[     31s] main 30b c1089 ic_m4 random_dick_r2 table completed_valid t=0.0s
[     31s] main 30b c1089 ic_m4 known_null_dick table completed_valid t=0.0s
[     32s] main 30b c1090 ic_m4 subgroup table completed_valid t=0.0s
[     32s] main 30b c1090 ic_m4 dickson table completed_valid t=0.0s
[     32s] main 30b c1090 ic_m4 small_x table completed_valid t=0.0s
[     32s] main 30b c1090 ic_m4 random_sub_r0 table completed_valid t=0.0s
[     32s] main 30b c1090 ic_m4 random_sub_r1 table completed_valid t=0.0s
[     32s] main 30b c1090 ic_m4 random_sub_r2 table completed_valid t=0.0s
[     32s] main 30b c1090 ic_m4 known_null_sub table completed_valid t=0.0s
[     32s] main 30b c1090 ic_m4 random_dick_r0 table completed_valid t=0.0s
[     32s] main 30b c1090 ic_m4 random_dick_r1 table completed_valid t=0.0s
[     32s] main 30b c1090 ic_m4 random_dick_r2 table completed_valid t=0.0s
[     32s] main 30b c1090 ic_m4 known_null_dick table completed_valid t=0.0s
[     32s] main 30b c1091 ic_m4 subgroup table completed_valid t=0.0s
[     32s] main 30b c1091 ic_m4 dickson table completed_valid t=0.0s
[     32s] main 30b c1091 ic_m4 small_x table completed_valid t=0.0s
[     32s] main 30b c1091 ic_m4 random_sub_r0 table completed_valid t=0.0s
[     32s] main 30b c1091 ic_m4 random_sub_r1 table completed_valid t=0.0s
[     32s] main 30b c1091 ic_m4 random_sub_r2 table completed_valid t=0.0s
[     32s] main 30b c1091 ic_m4 known_null_sub table completed_valid t=0.0s
[     32s] main 30b c1091 ic_m4 random_dick_r0 table completed_valid t=0.0s
[     32s] main 30b c1091 ic_m4 random_dick_r1 table completed_valid t=0.0s
[     32s] main 30b c1091 ic_m4 random_dick_r2 table completed_valid t=0.0s
[     32s] main 30b c1091 ic_m4 known_null_dick table completed_valid t=0.0s
[     32s] main 30b c1092 ic_m4 subgroup table completed_valid t=0.0s
[     32s] main 30b c1092 ic_m4 dickson table completed_valid t=0.0s
[     32s] main 30b c1092 ic_m4 small_x table completed_valid t=0.0s
[     32s] main 30b c1092 ic_m4 random_sub_r0 table completed_valid t=0.0s
[     32s] main 30b c1092 ic_m4 random_sub_r1 table completed_valid t=0.0s
[     32s] main 30b c1092 ic_m4 random_sub_r2 table completed_valid t=0.0s
[     32s] main 30b c1092 ic_m4 known_null_sub table completed_valid t=0.0s
[     32s] main 30b c1092 ic_m4 random_dick_r0 table completed_valid t=0.0s
[     32s] main 30b c1092 ic_m4 random_dick_r1 table completed_valid t=0.0s
[     32s] main 30b c1092 ic_m4 random_dick_r2 table completed_valid t=0.0s
[     32s] main 30b c1092 ic_m4 known_null_dick table completed_valid t=0.0s
[     33s] main 30b c1093 ic_m4 subgroup table completed_valid t=0.0s
[     33s] main 30b c1093 ic_m4 dickson table completed_valid t=0.0s
[     33s] main 30b c1093 ic_m4 small_x table completed_valid t=0.0s
[     33s] main 30b c1093 ic_m4 random_sub_r0 table completed_valid t=0.0s
[     33s] main 30b c1093 ic_m4 random_sub_r1 table completed_valid t=0.0s
[     33s] main 30b c1093 ic_m4 random_sub_r2 table completed_valid t=0.0s
[     33s] main 30b c1093 ic_m4 known_null_sub table completed_valid t=0.0s
[     33s] main 30b c1093 ic_m4 random_dick_r0 table completed_valid t=0.0s
[     33s] main 30b c1093 ic_m4 random_dick_r1 table completed_valid t=0.0s
[     33s] main 30b c1093 ic_m4 random_dick_r2 table completed_valid t=0.0s
[     33s] main 30b c1093 ic_m4 known_null_dick table completed_valid t=0.0s
[     33s] main 30b c1094 ic_m4 subgroup table completed_valid t=0.0s
[     33s] main 30b c1094 ic_m4 dickson table completed_valid t=0.0s
[     33s] main 30b c1094 ic_m4 small_x table completed_valid t=0.0s
[     33s] main 30b c1094 ic_m4 random_sub_r0 table completed_valid t=0.0s
[     33s] main 30b c1094 ic_m4 random_sub_r1 table completed_valid t=0.0s
[     33s] main 30b c1094 ic_m4 random_sub_r2 table completed_valid t=0.0s
[     33s] main 30b c1094 ic_m4 known_null_sub table completed_valid t=0.0s
[     33s] main 30b c1094 ic_m4 random_dick_r0 table completed_valid t=0.0s
[     33s] main 30b c1094 ic_m4 random_dick_r1 table completed_valid t=0.0s
[     33s] main 30b c1094 ic_m4 random_dick_r2 table completed_valid t=0.0s
[     33s] main 30b c1094 ic_m4 known_null_dick table completed_valid t=0.0s
[     34s] main 30b c1095 ic_m4 subgroup table completed_valid t=0.0s
[     34s] main 30b c1095 ic_m4 dickson table completed_valid t=0.0s
[     34s] main 30b c1095 ic_m4 small_x table completed_valid t=0.0s
[     34s] main 30b c1095 ic_m4 random_sub_r0 table completed_valid t=0.0s
[     34s] main 30b c1095 ic_m4 random_sub_r1 table completed_valid t=0.0s
[     34s] main 30b c1095 ic_m4 random_sub_r2 table completed_valid t=0.0s
[     34s] main 30b c1095 ic_m4 known_null_sub table completed_valid t=0.0s
[     34s] main 30b c1095 ic_m4 random_dick_r0 table completed_valid t=0.0s
[     34s] main 30b c1095 ic_m4 random_dick_r1 table completed_valid t=0.0s
[     34s] main 30b c1095 ic_m4 random_dick_r2 table completed_valid t=0.0s
[     34s] main 30b c1095 ic_m4 known_null_dick table completed_valid t=0.0s
[     34s] main 30b c1096 ic_m4 subgroup table completed_valid t=0.0s
[     34s] main 30b c1096 ic_m4 dickson table completed_valid t=0.0s
[     34s] main 30b c1096 ic_m4 small_x table completed_valid t=0.0s
[     34s] main 30b c1096 ic_m4 random_sub_r0 table completed_valid t=0.0s
[     34s] main 30b c1096 ic_m4 random_sub_r1 table completed_valid t=0.0s
[     34s] main 30b c1096 ic_m4 random_sub_r2 table completed_valid t=0.0s
[     34s] main 30b c1096 ic_m4 known_null_sub table completed_valid t=0.0s
[     34s] main 30b c1096 ic_m4 random_dick_r0 table completed_valid t=0.0s
[     34s] main 30b c1096 ic_m4 random_dick_r1 table completed_valid t=0.0s
[     34s] main 30b c1096 ic_m4 random_dick_r2 table completed_valid t=0.0s
[     34s] main 30b c1096 ic_m4 known_null_dick table completed_valid t=0.0s
[     34s] main 30b c1097 ic_m4 subgroup table completed_valid t=0.0s
[     34s] main 30b c1097 ic_m4 dickson table completed_valid t=0.0s
[     34s] main 30b c1097 ic_m4 small_x table completed_valid t=0.0s
[     34s] main 30b c1097 ic_m4 random_sub_r0 table completed_valid t=0.0s
[     34s] main 30b c1097 ic_m4 random_sub_r1 table completed_valid t=0.0s
[     34s] main 30b c1097 ic_m4 random_sub_r2 table completed_valid t=0.0s
[     34s] main 30b c1097 ic_m4 known_null_sub table completed_valid t=0.0s
[     34s] main 30b c1097 ic_m4 random_dick_r0 table completed_valid t=0.0s
[     34s] main 30b c1097 ic_m4 random_dick_r1 table completed_valid t=0.0s
[     34s] main 30b c1097 ic_m4 random_dick_r2 table completed_valid t=0.0s
[     34s] main 30b c1097 ic_m4 known_null_dick table completed_valid t=0.0s
[     35s] main 30b c1098 ic_m4 subgroup table completed_valid t=0.0s
[     35s] main 30b c1098 ic_m4 dickson table completed_valid t=0.0s
[     35s] main 30b c1098 ic_m4 small_x table completed_valid t=0.0s
[     35s] main 30b c1098 ic_m4 random_sub_r0 table completed_valid t=0.0s
[     35s] main 30b c1098 ic_m4 random_sub_r1 table completed_valid t=0.0s
[     35s] main 30b c1098 ic_m4 random_sub_r2 table completed_valid t=0.0s
[     35s] main 30b c1098 ic_m4 known_null_sub table completed_valid t=0.0s
[     35s] main 30b c1098 ic_m4 random_dick_r0 table completed_valid t=0.0s
[     35s] main 30b c1098 ic_m4 random_dick_r1 table completed_valid t=0.0s
[     35s] main 30b c1098 ic_m4 random_dick_r2 table completed_valid t=0.0s
[     35s] main 30b c1098 ic_m4 known_null_dick table completed_valid t=0.0s
[     35s] main 30b c1099 ic_m4 subgroup table completed_valid t=0.0s
[     35s] main 30b c1099 ic_m4 dickson table completed_valid t=0.0s
[     35s] main 30b c1099 ic_m4 small_x table completed_valid t=0.0s
[     35s] main 30b c1099 ic_m4 random_sub_r0 table completed_valid t=0.0s
[     35s] main 30b c1099 ic_m4 random_sub_r1 table completed_valid t=0.0s
[     35s] main 30b c1099 ic_m4 random_sub_r2 table completed_valid t=0.0s
[     35s] main 30b c1099 ic_m4 known_null_sub table completed_valid t=0.0s
[     35s] main 30b c1099 ic_m4 random_dick_r0 table completed_valid t=0.0s
[     35s] main 30b c1099 ic_m4 random_dick_r1 table completed_valid t=0.0s
[     35s] main 30b c1099 ic_m4 random_dick_r2 table completed_valid t=0.0s
[     35s] main 30b c1099 ic_m4 known_null_dick table completed_valid t=0.0s
[     35s] main 30b c1100 ic_m4 subgroup table completed_valid t=0.0s
[     35s] main 30b c1100 ic_m4 dickson table completed_valid t=0.0s
[     35s] main 30b c1100 ic_m4 small_x table completed_valid t=0.0s
[     35s] main 30b c1100 ic_m4 random_sub_r0 table completed_valid t=0.0s
[     35s] main 30b c1100 ic_m4 random_sub_r1 table completed_valid t=0.0s
[     35s] main 30b c1100 ic_m4 random_sub_r2 table completed_valid t=0.0s
[     35s] main 30b c1100 ic_m4 known_null_sub table completed_valid t=0.0s
[     35s] main 30b c1100 ic_m4 random_dick_r0 table completed_valid t=0.0s
[     35s] main 30b c1100 ic_m4 random_dick_r1 table completed_valid t=0.0s
[     35s] main 30b c1100 ic_m4 random_dick_r2 table completed_valid t=0.0s
[     35s] main 30b c1100 ic_m4 known_null_dick table completed_valid t=0.0s
[     36s] main 30b c1101 ic_m4 subgroup table completed_valid t=0.0s
[     36s] main 30b c1101 ic_m4 dickson table completed_valid t=0.0s
[     36s] main 30b c1101 ic_m4 small_x table completed_valid t=0.0s
[     36s] main 30b c1101 ic_m4 random_sub_r0 table completed_valid t=0.0s
[     36s] main 30b c1101 ic_m4 random_sub_r1 table completed_valid t=0.0s
[     36s] main 30b c1101 ic_m4 random_sub_r2 table completed_valid t=0.0s
[     36s] main 30b c1101 ic_m4 known_null_sub table completed_valid t=0.0s
[     36s] main 30b c1101 ic_m4 random_dick_r0 table completed_valid t=0.0s
[     36s] main 30b c1101 ic_m4 random_dick_r1 table completed_valid t=0.0s
[     36s] main 30b c1101 ic_m4 random_dick_r2 table completed_valid t=0.0s
[     36s] main 30b c1101 ic_m4 known_null_dick table completed_valid t=0.0s
[     36s] main 30b c1102 ic_m4 subgroup table completed_valid t=0.0s
[     36s] main 30b c1102 ic_m4 dickson table completed_valid t=0.0s
[     36s] main 30b c1102 ic_m4 small_x table completed_valid t=0.0s
[     36s] main 30b c1102 ic_m4 random_sub_r0 table completed_valid t=0.0s
[     36s] main 30b c1102 ic_m4 random_sub_r1 table completed_valid t=0.0s
[     36s] main 30b c1102 ic_m4 random_sub_r2 table completed_valid t=0.0s
[     36s] main 30b c1102 ic_m4 known_null_sub table completed_valid t=0.0s
[     36s] main 30b c1102 ic_m4 random_dick_r0 table completed_valid t=0.0s
[     36s] main 30b c1102 ic_m4 random_dick_r1 table completed_valid t=0.0s
[     36s] main 30b c1102 ic_m4 random_dick_r2 table completed_valid t=0.0s
[     36s] main 30b c1102 ic_m4 known_null_dick table completed_valid t=0.0s
[     36s] main 30b c1103 ic_m4 subgroup table completed_valid t=0.0s
[     36s] main 30b c1103 ic_m4 dickson table completed_valid t=0.0s
[     36s] main 30b c1103 ic_m4 small_x table completed_valid t=0.0s
[     36s] main 30b c1103 ic_m4 random_sub_r0 table completed_valid t=0.0s
[     36s] main 30b c1103 ic_m4 random_sub_r1 table completed_valid t=0.0s
[     36s] main 30b c1103 ic_m4 random_sub_r2 table completed_valid t=0.0s
[     36s] main 30b c1103 ic_m4 known_null_sub table completed_valid t=0.0s
[     36s] main 30b c1103 ic_m4 random_dick_r0 table completed_valid t=0.0s
[     36s] main 30b c1103 ic_m4 random_dick_r1 table completed_valid t=0.0s
[     36s] main 30b c1103 ic_m4 random_dick_r2 table completed_valid t=0.0s
[     36s] main 30b c1103 ic_m4 known_null_dick table completed_valid t=0.0s
[     37s] main 30b c1104 ic_m4 subgroup table completed_valid t=0.0s
[     37s] main 30b c1104 ic_m4 dickson table completed_valid t=0.0s
[     37s] main 30b c1104 ic_m4 small_x table completed_valid t=0.0s
[     37s] main 30b c1104 ic_m4 random_sub_r0 table completed_valid t=0.0s
[     37s] main 30b c1104 ic_m4 random_sub_r1 table completed_valid t=0.0s
[     37s] main 30b c1104 ic_m4 random_sub_r2 table completed_valid t=0.0s
[     37s] main 30b c1104 ic_m4 known_null_sub table completed_valid t=0.0s
[     37s] main 30b c1104 ic_m4 random_dick_r0 table completed_valid t=0.0s
[     37s] main 30b c1104 ic_m4 random_dick_r1 table completed_valid t=0.0s
[     37s] main 30b c1104 ic_m4 random_dick_r2 table completed_valid t=0.0s
[     37s] main 30b c1104 ic_m4 known_null_dick table completed_valid t=0.0s
[     37s] main 30b c1105 ic_m4 subgroup table completed_valid t=0.0s
[     37s] main 30b c1105 ic_m4 dickson table completed_valid t=0.0s
[     37s] main 30b c1105 ic_m4 small_x table completed_valid t=0.0s
[     37s] main 30b c1105 ic_m4 random_sub_r0 table completed_valid t=0.0s
[     37s] main 30b c1105 ic_m4 random_sub_r1 table completed_valid t=0.0s
[     37s] main 30b c1105 ic_m4 random_sub_r2 table completed_valid t=0.0s
[     37s] main 30b c1105 ic_m4 known_null_sub table completed_valid t=0.0s
[     37s] main 30b c1105 ic_m4 random_dick_r0 table completed_valid t=0.0s
[     37s] main 30b c1105 ic_m4 random_dick_r1 table completed_valid t=0.0s
[     37s] main 30b c1105 ic_m4 random_dick_r2 table completed_valid t=0.0s
[     37s] main 30b c1105 ic_m4 known_null_dick table completed_valid t=0.0s
[     37s] main 30b c1106 ic_m4 subgroup table completed_valid t=0.0s
[     37s] main 30b c1106 ic_m4 dickson table completed_valid t=0.0s
[     37s] main 30b c1106 ic_m4 small_x table completed_valid t=0.0s
[     37s] main 30b c1106 ic_m4 random_sub_r0 table completed_valid t=0.0s
[     37s] main 30b c1106 ic_m4 random_sub_r1 table completed_valid t=0.0s
[     37s] main 30b c1106 ic_m4 random_sub_r2 table completed_valid t=0.0s
[     37s] main 30b c1106 ic_m4 known_null_sub table completed_valid t=0.0s
[     37s] main 30b c1106 ic_m4 random_dick_r0 table completed_valid t=0.0s
[     37s] main 30b c1106 ic_m4 random_dick_r1 table completed_valid t=0.0s
[     37s] main 30b c1106 ic_m4 random_dick_r2 table completed_valid t=0.0s
[     37s] main 30b c1106 ic_m4 known_null_dick table completed_valid t=0.0s
[     38s] main 30b c1107 ic_m4 subgroup table completed_valid t=0.0s
[     38s] main 30b c1107 ic_m4 dickson table completed_valid t=0.0s
[     38s] main 30b c1107 ic_m4 small_x table completed_valid t=0.0s
[     38s] main 30b c1107 ic_m4 random_sub_r0 table completed_valid t=0.0s
[     38s] main 30b c1107 ic_m4 random_sub_r1 table completed_valid t=0.0s
[     38s] main 30b c1107 ic_m4 random_sub_r2 table completed_valid t=0.0s
[     38s] main 30b c1107 ic_m4 known_null_sub table completed_valid t=0.0s
[     38s] main 30b c1107 ic_m4 random_dick_r0 table completed_valid t=0.0s
[     38s] main 30b c1107 ic_m4 random_dick_r1 table completed_valid t=0.0s
[     38s] main 30b c1107 ic_m4 random_dick_r2 table completed_valid t=0.0s
[     38s] main 30b c1107 ic_m4 known_null_dick table completed_valid t=0.0s
[     38s] main 30b c1108 ic_m4 subgroup table completed_valid t=0.0s
[     38s] main 30b c1108 ic_m4 dickson table completed_valid t=0.0s
[     38s] main 30b c1108 ic_m4 small_x table completed_valid t=0.0s
[     38s] main 30b c1108 ic_m4 random_sub_r0 table completed_valid t=0.0s
[     38s] main 30b c1108 ic_m4 random_sub_r1 table completed_valid t=0.0s
[     38s] main 30b c1108 ic_m4 random_sub_r2 table completed_valid t=0.0s
[     38s] main 30b c1108 ic_m4 known_null_sub table completed_valid t=0.0s
[     38s] main 30b c1108 ic_m4 random_dick_r0 table completed_valid t=0.0s
[     38s] main 30b c1108 ic_m4 random_dick_r1 table completed_valid t=0.0s
[     38s] main 30b c1108 ic_m4 random_dick_r2 table completed_valid t=0.0s
[     38s] main 30b c1108 ic_m4 known_null_dick table completed_valid t=0.0s
[     38s] main 30b c1109 ic_m4 subgroup table completed_valid t=0.0s
[     38s] main 30b c1109 ic_m4 dickson table completed_valid t=0.0s
[     38s] main 30b c1109 ic_m4 small_x table completed_valid t=0.0s
[     38s] main 30b c1109 ic_m4 random_sub_r0 table completed_valid t=0.0s
[     38s] main 30b c1109 ic_m4 random_sub_r1 table completed_valid t=0.0s
[     38s] main 30b c1109 ic_m4 random_sub_r2 table completed_valid t=0.0s
[     38s] main 30b c1109 ic_m4 known_null_sub table completed_valid t=0.0s
[     38s] main 30b c1109 ic_m4 random_dick_r0 table completed_valid t=0.0s
[     38s] main 30b c1109 ic_m4 random_dick_r1 table completed_valid t=0.0s
[     38s] main 30b c1109 ic_m4 random_dick_r2 table completed_valid t=0.0s
[     38s] main 30b c1109 ic_m4 known_null_dick table completed_valid t=0.0s
