{
  "fixture_pass": true,
  "real_nb_count_pass": true,
  "known_false_all_neighbors_pass": true,
  "reject_invalid_pass": true,
  "null_empty_pass": true,
  "REAL": {
    "id": "REAL",
    "universe": [
      0,
      1,
      2
    ],
    "weight": 1,
    "subset": [
      0
    ],
    "last_removed": 1,
    "last_added": 0,
    "n_all": 2,
    "n_nb": 1,
    "must_n_all": 2,
    "must_n_nb": 1
  },
  "KF": {
    "id": "KF",
    "kind": "all_johnson_neighbors_legal",
    "n_nb": 1,
    "claimed_n_nb": 2,
    "must_n_nb": 1,
    "rejected": true
  },
  "NULL": {
    "id": "NULL",
    "kind": "empty_universe",
    "rejected": true
  }
}
