{
  "run_id": "RUN-PMA4-001-b",
  "elapsed_seconds": 13.4212965965271,
  "fields": {
    "3": {
      "counts": {
        "agreement_compatible_confirmed": 18
      },
      "widening_used": true,
      "n_instances": 18
    },
    "5": {
      "counts": {
        "false_compatibility": 18
      },
      "widening_used": true,
      "n_instances": 18
    },
    "7": {
      "counts": {
        "agreement_obstructed_confirmed": 10
      },
      "widening_used": false,
      "n_instances": 10
    }
  }
}
