{
  "SMALL_W_or_LARGE_W": false,
  "T1": {
    "N": 4193929,
    "V": [
      1,
      1048574,
      1708790,
      2359414,
      3484528,
      2672202,
      109725,
      979884,
      1384465,
      1822794,
      2647484,
      3409857,
      2303615,
      1854639,
      245376,
      2232954,
      1295930,
      2606399,
      3034100,
      480948
    ],
    "a": 0,
    "b": 2,
    "generator_P": [
      1,
      2048
    ],
    "id": "S6-T1-P4194301",
    "identity": {
      "S_C_bits": 108,
      "a_hat": 1721475,
      "applicable_rows": 20,
      "b_hat": 2472455,
      "gamma_linear": 0.6945345945073131,
      "gamma_power": 0.23076901192463684,
      "inapplicable": false,
      "lambda": "identity",
      "recovers_exact_affine": false
    },
    "linearized_formal_log": {
      "S_C_bits": 108,
      "a_hat": null,
      "applicable_rows": 0,
      "b_hat": null,
      "gamma_linear": 0.6945345945073131,
      "gamma_power": 0.23076901192463684,
      "inapplicable": true,
      "inapplicable_notes": [
        {
          "k": 1,
          "reason": "[p]P did not reduce to the identity mod p (t mod p = 561964 != 0); this indicates N != p for this curve or an arithmetic error, not a valid SSSA instance"
        },
        {
          "k": 2,
          "reason": "[p]P did not reduce to the identity mod p (t mod p = 1671088 != 0); this indicates N != p for this curve or an arithmetic error, not a valid SSSA instance"
        },
        {
          "k": 3,
          "reason": "[p]P did not reduce to the identity mod p (t mod p = 729088 != 0); this indicates N != p for this curve or an arithmetic error, not a valid SSSA instance"
        },
        {
          "k": 4,
          "reason": "[p]P did not reduce to the identity mod p (t mod p = 2701911 != 0); this indicates N != p for this curve or an arithmetic error, not a valid SSSA instance"
        },
        {
          "k": 5,
          "reason": "[p]P did not reduce to the identity mod p (t mod p = 1510610 != 0); this indicates N != p for this curve or an arithmetic error, not a valid SSSA instance"
        },
        {
          "k": 6,
          "reason": "[p]P did not reduce to the identity mod p (t mod p = 243123 != 0); this indicates N != p for this curve or an arithmetic error, not a valid SSSA instance"
        },
        {
          "k": 7,
          "reason": "[p]P did not reduce to the identity mod p (t mod p = 3614212 != 0); this indicates N != p for this curve or an arithmetic error, not a valid SSSA instance"
        },
        {
          "k": 8,
          "reason": "[p]P did not reduce to the identity mod p (t mod p = 2309150 != 0); this indicates N != p for this curve or an arithmetic error, not a valid SSSA instance"
        },
        {
          "k": 9,
          "reason": "[p]P did not reduce to the identity mod p (t mod p = 1972551 != 0); this indicates N != p for this curve or an arithmetic error, not a valid SSSA instance"
        },
        {
          "k": 10,
          "reason": "[p]P did not reduce to the identity mod p (t mod p = 2359357 != 0); this indicates N != p for this curve or an arithmetic error, not a valid SSSA instance"
        },
        {
          "k": 11,
          "reason": "[p]P did not reduce to the identity mod p (t mod p = 2874594 != 0); this indicates N != p for this curve or an arithmetic error, not a valid SSSA instance"
        },
        {
          "k": 12,
          "reason": "[p]P did not reduce to the identity mod p (t mod p = 464182 != 0); this indicates N != p for this curve or an arithmetic error, not a valid SSSA instance"
        },
        {
          "k": 13,
          "reason": "[p]P did not reduce to the identity mod p (t mod p = 1501723 != 0); this indicates N != p for this curve or an arithmetic error, not a valid SSSA instance"
        },
        {
          "k": 14,
          "reason": "[p]P did not reduce to the identity mod p (t mod p = 2978157 != 0); this indicates N != p for this curve or an arithmetic error, not a valid SSSA instance"
        },
        {
          "k": 15,
          "reason": "[p]P did not reduce to the identity mod p (t mod p = 1506152 != 0); this indicates N != p for this curve or an arithmetic error, not a valid SSSA instance"
        },
        {
          "k": 16,
          "reason": "[p]P did not reduce to the identity mod p (t mod p = 820569 != 0); this indicates N != p for this curve or an arithmetic error, not a valid SSSA instance"
        },
        {
          "k": 17,
          "reason": "[p]P did not reduce to the identity mod p (t mod p = 2221346 != 0); this indicates N != p for this curve or an arithmetic error, not a valid SSSA instance"
        },
        {
          "k": 18,
          "reason": "[p]P did not reduce to the identity mod p (t mod p = 2365412 != 0); this indicates N != p for this curve or an arithmetic error, not a valid SSSA instance"
        },
        {
          "k": 19,
          "reason": "[p]P did not reduce to the identity mod p (t mod p = 2443008 != 0); this indicates N != p for this curve or an arithmetic error, not a valid SSSA instance"
        },
        {
          "k": 20,
          "reason": "[p]P did not reduce to the identity mod p (t mod p = 430926 != 0); this indicates N != p for this curve or an arithmetic error, not a valid SSSA instance"
        }
      ],
      "lambda": "linearized_formal_log",
      "lambda_values": null,
      "recovers_exact_affine": false
    },
    "p": 4194301
  },
  "T1_identity_is_not_a_hard_gate": true,
  "T1_identity_recovers_exact_affine": false,
  "T2": {
    "N": 4194301,
    "V": [
      2,
      1572861,
      3640028,
      2189336,
      404389,
      3506398,
      745180,
      2879256,
      3056232,
      2887772,
      3792411,
      2186340,
      2733272,
      58062,
      1833420,
      3712956,
      3511614,
      344306,
      83749,
      2647531
    ],
    "a": 22,
    "b": 84,
    "generator_P": [
      2,
      1592165
    ],
    "id": "S6-T2-P4194301",
    "identity": {
      "S_C_bits": 108,
      "a_hat": 1082400,
      "applicable_rows": 20,
      "b_hat": 2029502,
      "gamma_linear": 0.6945368055865522,
      "gamma_power": 0.2307697469888732,
      "inapplicable": false,
      "lambda": "identity",
      "recovers_exact_affine": false
    },
    "linearized_formal_log": {
      "S_C_bits": 108,
      "a_hat": 2062237,
      "applicable_rows": 20,
      "b_hat": 0,
      "gamma_linear": 0.6945368055865522,
      "gamma_power": 0.2307697469888732,
      "inapplicable": false,
      "inapplicable_notes": [],
      "lambda": "linearized_formal_log",
      "lambda_values": [
        670228,
        1340456,
        2010684,
        2680912,
        3351140,
        4021368,
        497295,
        1167523,
        1837751,
        2507979,
        3178207,
        3848435,
        324362,
        994590,
        1664818,
        2335046,
        3005274,
        3675502,
        151429,
        821657
      ],
      "recovers_exact_affine": true
    },
    "p": 4194301
  },
  "T2_formal_log_a_hat": 2062237,
  "T2_formal_log_b_hat": 0,
  "T2_formal_log_recovers_exact_affine": true,
  "authorized_by": "DEC-20260908-5798c9",
  "certificate": {
    "kind": "none",
    "verified": true
  },
  "exp_a98ea9_stage5_authorized": false,
  "experiment_id": "EXP-ECDLP-420e73",
  "fit_of_a": false,
  "fixture_pass": true,
  "hypothesis_id": "H-ECDLP-77caa5",
  "not_an_H1_claim": true,
  "platform": "Linux-6.12.94+-x86_64-with-glibc2.39",
  "python": "3.12.3",
  "run_id": "RUN-ECDLP-420e73-S6",
  "scientific_boundary": "Toy T2 at p=4194301 plus next ordinary T1 C3 instrument only. T1 exact affine is an observation, not a hard gate. Not H1. Not a W class. No a98ea9 Stage 5. Gammas are observations.",
  "source": "experiments/EXP-ECDLP-420e73/implementation/stage6_t1_4194301.py",
  "stage": 6,
  "validity_status": "valid",
  "wall_clock_seconds": 0.006930568000825588
}
