[02:05:56] ========================================================================
[02:05:56] EXP-018 VW94-OPTIMAL-FLEET MULTI-TARGET RHO  SEED=42
[02:05:56] Timestamp: 20260531_020556
[02:05:56] H11: N_total=optimal per (T,n) cell; H09: B/C/D map comparison
[02:05:56] NOT an ECDLP exponent break -- amortization/engineering only
[02:05:56] ========================================================================
[02:05:56] Binary: /Volumes/Volume/autolab/experiments/ecdlp_prime_field/round009_exp018_vw_optimal_fleet [OK]
[02:05:56] 
--- Building curve families ---
[02:05:56] 
  n_bits=16
[02:05:56]     Solinas prime p=32783 (2^15+(1)*2^4+(-1), 16 bits)
[02:05:56]     Main curve: a=-3 b=23295 n=32869 (prime:True)
[02:05:56]     theta=4 (mod 16)
[02:05:56]     Optimal fleets (c=1.0): T=1->N=11, T=2->N=16, T=4->N=23, T=8->N=32, T=16->N=45, T=32->N=64
[02:05:56]     Neg-ctrl: p=44357, a=7107, n=44207
[02:05:56] 
  n_bits=20
[02:05:56]     Solinas prime p=524257 (2^19+(-1)*2^5+(1), 19 bits)
[02:05:56]     Main curve: a=-3 b=362134 n=523763 (prime:True)
[02:05:56]     theta=5 (mod 32)
[02:05:56]     Optimal fleets (c=1.0): T=1->N=23, T=2->N=32, T=4->N=45, T=8->N=64, T=16->N=90, T=32->N=128
[02:05:56]     Neg-ctrl: p=924337, a=559720, n=923333
[02:05:56] 
  n_bits=24
[02:05:56]     Solinas prime p=8388673 (2^23+(1)*2^6+(1), 24 bits)
[02:05:56]     Main curve: a=-3 b=515479 n=8391769 (prime:True)
[02:05:56]     theta=6 (mod 64)
[02:05:56]     Optimal fleets (c=1.0): T=1->N=45, T=2->N=64, T=4->N=91, T=8->N=128, T=16->N=181, T=32->N=256
[02:05:56]     Neg-ctrl: p=16498171, a=10885397, n=16499629
[02:05:56] 
========================================================================
[02:05:56] PRIMARY RUN: c_fleet=1.0 at all n_bits
[02:05:56] ========================================================================
[02:05:56] 
  n_bits=16 c_fleet=1.0 timeout=120s
[02:05:56]   CMD: /Volumes/Volume/autolab/experiments/ecdlp_prime_field/round009_exp018_vw_optimal_fleet 32783 32780 23295 32869 32 4 20 ... c=1.00000000000000
[02:06:12]   Wall: 15.4s  exit=0
[02:06:12]     [C] [EXP-018] curve=solinas16 n_bits=16 theta=4 draws=20 seed=42 c_fleet=1.00
[02:06:12]     [C]   T=1 => N_total=11 (VW94_th=161)
[02:06:12]     [C]   T=2 => N_total=16 (VW94_th=227)
[02:06:12]     [C]   T=4 => N_total=23 (VW94_th=321)
[02:06:12]     [C]   T=8 => N_total=32 (VW94_th=454)
[02:06:12]     [C]   T=16 => N_total=45 (VW94_th=643)
[02:06:12]     [C]   T=32 => N_total=64 (VW94_th=909)
[02:06:12]     [C] [posctrl] multi1=409 single1=3165 ratio=0.129x N_opt=11
[02:06:12]     [C] [sweep] T=1 N_opt=11 multi=342 indep=293 spd=0.856x vw94=161 rvw=2.128 solved=100.0%
[02:06:12]     [C] [sweep] T=2 N_opt=16 multi=714 indep=735 spd=1.030x vw94=227 rvw=3.143 solved=100.0%
[02:06:12]     [C] [sweep] T=4 N_opt=23 multi=1138 indep=1176 spd=1.033x vw94=321 rvw=3.542 solved=100.0%
[02:06:12]     [C] [sweep] T=8 N_opt=32 multi=1648 indep=13976 spd=8.481x vw94=454 rvw=3.627 solved=100.0%
[02:06:12]     [C] [sweep] T=16 N_opt=45 multi=2300 indep=36233 spd=15.752x vw94=643 rvw=3.580 solved=100.0%
[02:06:12]     [C] [sweep] T=32 N_opt=64 multi=17609 indep=141394 spd=8.029x vw94=909 rvw=19.380 solved=99.8%
[02:06:12]     [C] [negctrl] cross_hits=0 expected=5.19 speedup_ratio=4.334
[02:06:12]     [C] [h09map] B=269 C=336 D=57251 ratioC=1.2473 ratioD=212.5367 fc_B=0.00 fc_C=0.00 fc_D=0.00
[02:06:12]     [posctrl] ratio=0.129x N_opt_T1=11
[02:06:12]     [sweep] T=1 N_opt=11 multi=342 rvw=2.128 solved=100.0%
[02:06:12]     [sweep] T=2 N_opt=16 multi=714 rvw=3.143 solved=100.0%
[02:06:12]     [sweep] T=4 N_opt=23 multi=1138 rvw=3.542 solved=100.0%
[02:06:12]     [sweep] T=8 N_opt=32 multi=1648 rvw=3.627 solved=100.0%
[02:06:12]     [sweep] T=16 N_opt=45 multi=2300 rvw=3.580 solved=100.0%
[02:06:12]     [sweep] T=32 N_opt=64 multi=17610 rvw=19.380 solved=99.8%
[02:06:12]     [negctrl] cross_hits=0 expected=5.19
[02:06:12]     [h09map] B=269 C=336 D=57251 C/B=1.2473 D/B=212.5367
[02:06:12] 
  n_bits=20 c_fleet=1.0 timeout=180s
[02:06:12]   CMD: /Volumes/Volume/autolab/experiments/ecdlp_prime_field/round009_exp018_vw_optimal_fleet 524257 524254 362134 523763 32 5 20 ... c=1.00000000000000
[02:06:31]   Wall: 19.0s  exit=0
[02:06:31]     [C] [EXP-018] curve=solinas20 n_bits=20 theta=5 draws=20 seed=42 c_fleet=1.00
[02:06:31]     [C]   T=1 => N_total=23 (VW94_th=641)
[02:06:31]     [C]   T=2 => N_total=32 (VW94_th=907)
[02:06:31]     [C]   T=4 => N_total=45 (VW94_th=1282)
[02:06:31]     [C]   T=8 => N_total=64 (VW94_th=1814)
[02:06:31]     [C]   T=16 => N_total=90 (VW94_th=2565)
[02:06:31]     [C]   T=32 => N_total=128 (VW94_th=3627)
[02:06:31]     [C] [posctrl] multi1=1359 single1=5115 ratio=0.266x N_opt=23
[02:06:31]     [C] [sweep] T=1 N_opt=23 multi=1609 indep=952 spd=0.592x vw94=641 rvw=2.510 solved=100.0%
[02:06:31]     [C] [sweep] T=2 N_opt=32 multi=2500 indep=1861 spd=0.744x vw94=907 rvw=2.757 solved=100.0%
[02:06:31]     [C] [sweep] T=4 N_opt=45 multi=4766 indep=3736 spd=0.784x vw94=1282 rvw=3.716 solved=100.0%
[02:06:31]     [C] [sweep] T=8 N_opt=64 multi=7623 indep=8956 spd=1.175x vw94=1814 rvw=4.203 solved=100.0%
[02:06:31]     [C] [sweep] T=16 N_opt=90 multi=11511 indep=99582 spd=8.651x vw94=2565 rvw=4.488 solved=100.0%
[02:06:31]     [C] [sweep] T=32 N_opt=128 multi=17834 indep=182396 spd=10.227x vw94=3627 rvw=4.917 solved=100.0%
[02:06:31]     [C] [negctrl] cross_hits=59 expected=0.41 speedup_ratio=0.068
[02:06:31]     [C] [h09map] B=1001 C=1017 D=78948 ratioC=1.0163 ratioD=78.8762 fc_B=0.00 fc_C=0.00 fc_D=0.00
[02:06:31]     [posctrl] ratio=0.266x N_opt_T1=23
[02:06:31]     [sweep] T=1 N_opt=23 multi=1609 rvw=2.510 solved=100.0%
[02:06:31]     [sweep] T=2 N_opt=32 multi=2500 rvw=2.757 solved=100.0%
[02:06:31]     [sweep] T=4 N_opt=45 multi=4766 rvw=3.716 solved=100.0%
[02:06:31]     [sweep] T=8 N_opt=64 multi=7623 rvw=4.203 solved=100.0%
[02:06:31]     [sweep] T=16 N_opt=90 multi=11511 rvw=4.488 solved=100.0%
[02:06:31]     [sweep] T=32 N_opt=128 multi=17834 rvw=4.917 solved=100.0%
[02:06:31]     [negctrl] cross_hits=59 expected=0.41
[02:06:31]     [h09map] B=1001 C=1017 D=78948 C/B=1.0163 D/B=78.8762
[02:06:31] 
  n_bits=24 c_fleet=1.0 timeout=480s
[02:06:31]   CMD: /Volumes/Volume/autolab/experiments/ecdlp_prime_field/round009_exp018_vw_optimal_fleet 8388673 8388670 515479 8391769 32 6 20 ... c=1.00000000000000
[02:07:04]   Wall: 32.8s  exit=0
[02:07:04]     [C] [EXP-018] curve=solinas24 n_bits=24 theta=6 draws=20 seed=42 c_fleet=1.00
[02:07:04]     [C]   T=1 => N_total=45 (VW94_th=2567)
[02:07:04]     [C]   T=2 => N_total=64 (VW94_th=3630)
[02:07:04]     [C]   T=4 => N_total=91 (VW94_th=5133)
[02:07:04]     [C]   T=8 => N_total=128 (VW94_th=7259)
[02:07:04]     [C]   T=16 => N_total=181 (VW94_th=10266)
[02:07:04]     [C]   T=32 => N_total=256 (VW94_th=14519)
[02:07:04]     [C] [posctrl] multi1=7615 single1=4706 ratio=1.618x N_opt=45
[02:07:04]     [C] [sweep] T=1 N_opt=45 multi=5448 indep=5495 spd=1.009x vw94=2567 rvw=2.122 solved=100.0%
[02:07:04]     [C] [sweep] T=2 N_opt=64 multi=10993 indep=13909 spd=1.265x vw94=3630 rvw=3.029 solved=100.0%
[02:07:04]     [C] [sweep] T=4 N_opt=91 multi=19861 indep=23617 spd=1.189x vw94=5133 rvw=3.869 solved=100.0%
[02:07:04]     [C] [sweep] T=8 N_opt=128 multi=33426 indep=55162 spd=1.650x vw94=7259 rvw=4.604 solved=100.0%
[02:07:04]     [C] [sweep] T=16 N_opt=181 multi=57182 indep=168372 spd=2.944x vw94=10266 rvw=5.570 solved=100.0%
[02:07:04]     [C] [sweep] T=32 N_opt=256 multi=88337 indep=262966 spd=2.977x vw94=14519 rvw=6.084 solved=100.0%
[02:07:04]     [C] [negctrl] cross_hits=0 expected=0.08 speedup_ratio=0.183
[02:07:04]     [C] [h09map] B=5007 C=4033 D=165874 ratioC=0.8056 ratioD=33.1306 fc_B=0.00 fc_C=0.00 fc_D=0.00
[02:07:04]     [posctrl] ratio=1.618x N_opt_T1=45
[02:07:04]     [sweep] T=1 N_opt=45 multi=5448 rvw=2.123 solved=100.0%
[02:07:04]     [sweep] T=2 N_opt=64 multi=10993 rvw=3.029 solved=100.0%
[02:07:04]     [sweep] T=4 N_opt=91 multi=19861 rvw=3.869 solved=100.0%
[02:07:04]     [sweep] T=8 N_opt=128 multi=33426 rvw=4.604 solved=100.0%
[02:07:04]     [sweep] T=16 N_opt=181 multi=57182 rvw=5.570 solved=100.0%
[02:07:04]     [sweep] T=32 N_opt=256 multi=88337 rvw=6.084 solved=100.0%
[02:07:04]     [negctrl] cross_hits=0 expected=0.08
[02:07:04]     [h09map] B=5007 C=4033 D=165874 C/B=0.8056 D/B=33.1306
[02:07:04] 
========================================================================
[02:07:04] SENSITIVITY: c_fleet={{0.5, 2.0}} at n_bits=16 (fast)
[02:07:04] ========================================================================
[02:07:04] 
  n_bits=16 c_fleet=0.500000000000000
[02:07:04]   CMD: /Volumes/Volume/autolab/experiments/ecdlp_prime_field/round009_exp018_vw_optimal_fleet 32783 32780 23295 32869 32 4 20 ... c=0.500000000000000
[02:07:20]   Wall: 16.1s  exit=0
[02:07:20]     [C] [EXP-018] curve=solinas16 n_bits=16 theta=4 draws=20 seed=42 c_fleet=0.50
[02:07:20]     [C]   T=1 => N_total=6 (VW94_th=161)
[02:07:20]     [C]   T=2 => N_total=8 (VW94_th=227)
[02:07:20]     [C]   T=4 => N_total=11 (VW94_th=321)
[02:07:20]     [C]   T=8 => N_total=16 (VW94_th=454)
[02:07:20]     [C]   T=16 => N_total=23 (VW94_th=643)
[02:07:20]     [C]   T=32 => N_total=32 (VW94_th=909)
[02:07:20]     [C] [posctrl] multi1=406 single1=3165 ratio=0.128x N_opt=6
[02:07:20]     [C] [sweep] T=1 N_opt=6 multi=437 indep=293 spd=0.669x vw94=161 rvw=2.723 solved=100.0%
[02:07:20]     [C] [sweep] T=2 N_opt=8 multi=667 indep=735 spd=1.102x vw94=227 rvw=2.938 solved=100.0%
[02:07:20]     [C] [sweep] T=4 N_opt=11 multi=1072 indep=1176 spd=1.097x vw94=321 rvw=3.336 solved=100.0%
[02:07:20]     [C] [sweep] T=8 N_opt=16 multi=1677 indep=13976 spd=8.333x vw94=454 rvw=3.691 solved=100.0%
[02:07:20]     [C] [sweep] T=16 N_opt=23 multi=15056 indep=36233 spd=2.407x vw94=643 rvw=23.432 solved=99.4%
[02:07:20]     [C] [sweep] T=32 N_opt=32 multi=73135 indep=141394 spd=1.933x vw94=909 rvw=80.487 solved=99.2%
[02:07:20]     [C] [h09map] B=269 C=336 D=57251 ratioC=1.2473 ratioD=212.5367 fc_B=0.00 fc_C=0.00 fc_D=0.00
[02:07:20]     [sweep] T=1 N_opt=6 rvw=2.723 solved=100.0%
[02:07:20]     [sweep] T=2 N_opt=8 rvw=2.938 solved=100.0%
[02:07:20]     [sweep] T=4 N_opt=11 rvw=3.336 solved=100.0%
[02:07:20]     [sweep] T=8 N_opt=16 rvw=3.692 solved=100.0%
[02:07:20]     [sweep] T=16 N_opt=23 rvw=23.432 solved=99.4%
[02:07:20]     [sweep] T=32 N_opt=32 rvw=80.487 solved=99.2%
[02:07:20] 
  n_bits=16 c_fleet=2.00000000000000
[02:07:20]   CMD: /Volumes/Volume/autolab/experiments/ecdlp_prime_field/round009_exp018_vw_optimal_fleet 32783 32780 23295 32869 32 4 20 ... c=2.00000000000000
[02:07:35]   Wall: 15.8s  exit=0
[02:07:35]     [C] [EXP-018] curve=solinas16 n_bits=16 theta=4 draws=20 seed=42 c_fleet=2.00
[02:07:35]     [C]   T=1 => N_total=23 (VW94_th=161)
[02:07:35]     [C]   T=2 => N_total=32 (VW94_th=227)
[02:07:35]     [C]   T=4 => N_total=45 (VW94_th=321)
[02:07:35]     [C]   T=8 => N_total=64 (VW94_th=454)
[02:07:35]     [C]   T=16 => N_total=91 (VW94_th=643)
[02:07:35]     [C]   T=32 => N_total=128 (VW94_th=909)
[02:07:35]     [C] [posctrl] multi1=402 single1=3165 ratio=0.127x N_opt=23
[02:07:35]     [C] [sweep] T=1 N_opt=23 multi=445 indep=293 spd=0.657x vw94=161 rvw=2.773 solved=100.0%
[02:07:35]     [C] [sweep] T=2 N_opt=32 multi=750 indep=735 spd=0.981x vw94=227 rvw=3.300 solved=100.0%
[02:07:35]     [C] [sweep] T=4 N_opt=45 multi=1057 indep=1176 spd=1.113x vw94=321 rvw=3.289 solved=100.0%
[02:07:35]     [C] [sweep] T=8 N_opt=64 multi=1605 indep=13976 spd=8.706x vw94=454 rvw=3.533 solved=100.0%
[02:07:35]     [C] [sweep] T=16 N_opt=91 multi=2430 indep=36233 spd=14.911x vw94=643 rvw=3.782 solved=100.0%
[02:07:35]     [C] [sweep] T=32 N_opt=128 multi=3597 indep=141394 spd=39.311x vw94=909 rvw=3.958 solved=100.0%
[02:07:35]     [C] [h09map] B=269 C=336 D=57251 ratioC=1.2473 ratioD=212.5367 fc_B=0.00 fc_C=0.00 fc_D=0.00
[02:07:35]     [sweep] T=1 N_opt=23 rvw=2.772 solved=100.0%
[02:07:35]     [sweep] T=2 N_opt=32 rvw=3.300 solved=100.0%
[02:07:35]     [sweep] T=4 N_opt=45 rvw=3.289 solved=100.0%
[02:07:35]     [sweep] T=8 N_opt=64 rvw=3.533 solved=100.0%
[02:07:35]     [sweep] T=16 N_opt=91 rvw=3.782 solved=100.0%
[02:07:35]     [sweep] T=32 N_opt=128 rvw=3.958 solved=100.0%
[02:07:35] 
========================================================================
[02:07:35] SECTION 4: Log-log slope fits (ops vs T)
[02:07:35] ========================================================================
[02:07:35] 
  === c_fleet=1.0 (PRIMARY) ===
[02:07:35]   n_bits=16: slope=0.9723 CI=[0.5331,1.4115] H1=NO rvw_mean=5.900 n_pts=6
[02:07:35]   n_bits=20: slope=0.7039 CI=[0.6427,0.7652] H1=NO rvw_mean=3.765 n_pts=6
[02:07:35]   n_bits=24: slope=0.7996 CI=[0.7260,0.8731] H1=NO rvw_mean=4.213 n_pts=6
[02:07:35] 
  Slope-vs-n trend (c=1.0): [(16, 0.9723), (20, 0.7039), (24, 0.7996)]
[02:07:35]   EXP-007 was: [(16, 0.5613), (22, 0.6922), (26, 0.7968)]
[02:07:35]   Slope range: [0.7039, 0.9723] (range=0.2684)
[02:07:35]   EXP-007 range was 0.24 (0.56->0.80). Improved if range < 0.20 and max < 0.70
[02:07:35] 
  === Sensitivity at n_bits=16 ===
[02:07:35]   c=0.500000000000000 n=16: slope=1.4589 CI=[0.8242,2.0936] H1=NO
[02:07:35]   c=2.00000000000000 n=16: slope=0.5932 CI=[0.5596,0.6268] H1=YES
[02:07:35] 
========================================================================
[02:07:35] SECTION 5: Controls
[02:07:35] ========================================================================
[02:07:35]   [posctrl c=1.0] n_bits=16: ratio=0.129x N_opt_T1=11 PASS
[02:07:35]   [posctrl c=1.0] n_bits=20: ratio=0.266x N_opt_T1=23 PASS
[02:07:35]   [posctrl c=1.0] n_bits=24: ratio=1.618x N_opt_T1=45 FAIL
[02:07:35]   [negctrl c=1.0] n_bits=16: cross_hits=0 expected=5.19 PASS
[02:07:35]   [negctrl c=1.0] n_bits=20: cross_hits=59 expected=0.41 FAIL
[02:07:35]   [negctrl c=1.0] n_bits=24: cross_hits=0 expected=0.08 PASS
[02:07:35] 
All cells (c=1.0) Solved% >= 90%: PASS
[02:07:35] 
  H09 map comparison:
[02:07:35]     [h09 n=16 c=1.0] B=269 C=336 D=57251 C/B=1.2473 D/B=212.5367 fc_B=0.00 fc_C=0.00 fc_D=0.00
[02:07:35]     [h09 n=20 c=1.0] B=1001 C=1017 D=78948 C/B=1.0163 D/B=78.8762 fc_B=0.00 fc_C=0.00 fc_D=0.00
[02:07:35]     [h09 n=24 c=1.0] B=5007 C=4033 D=165874 C/B=0.8056 D/B=33.1306 fc_B=0.00 fc_C=0.00 fc_D=0.00
[02:07:35]     [h09 n=16 c=0.5] B=269 C=336 D=57251 C/B=1.2473 D/B=212.5367 fc_B=0.00 fc_C=0.00 fc_D=0.00
[02:07:35]     [h09 n=16 c=2.0] B=269 C=336 D=57251 C/B=1.2473 D/B=212.5367 fc_B=0.00 fc_C=0.00 fc_D=0.00
[02:07:35]   H09: No map beats B by >5% -- SCOPED NEGATIVE
[02:07:35] 
========================================================================
[02:07:35] SECTION 6: Verdict
[02:07:35] ========================================================================
[02:07:35] 
  H11: INCONCLUSIVE
[02:07:35]   H09: H09_NEGATIVE (no map beats B by >5%; category-9 scoped negative)
[02:07:35]   Slopes (c=1.0): {16: 0.9723, 20: 0.7039, 24: 0.7996}
[02:07:35]   Slope range: 0.2684
[02:07:35]   Pos controls: {16: True, 20: True, 24: False}
[02:07:35]   Neg controls: {16: True, 20: False, 24: True}
[02:07:35]   Low-solve cells: 0
[02:07:35] 
========================================================================
[02:07:35] SECTION 7: Writing outputs
[02:07:35] ========================================================================
[02:07:35]   Written: /Volumes/Volume/autolab/experiments/ecdlp_prime_field/round009_exp018_vw_optimal_fleet_result.json
[02:07:36]   Written: /Volumes/Volume/autolab/experiments/ecdlp_prime_field/round009_exp018_vw_optimal_fleet_result.md
[02:07:36]   Written: /Volumes/Volume/autolab/experiments/ecdlp_prime_field/round009_exp018_vw_optimal_fleet.log
[02:07:36] 
DONE.
