extension ladder (p = 1 mod 5): [4111, 9421, 21661, 49681, 114161, 262151, 602311, 1383691, 3178691, 7302731, 16777291]
  R07:4111 -> ok l1*=103.33208954283319 (0.028s)
  R07M:4111 -> ok l1*=103.8112046341366 (0.019s)
  C01:4111 -> ok l1*=2.994492619951109e-14 (0.017s)
  C02A:4111 -> ok l1*=56.515651750516355 (0.017s)
  C02B:4111 -> ok l1*=56.86193204836141 (0.018s)
  R07:9421 -> ok l1*=150.14261530250172 (0.018s)
  R07M:9421 -> ok l1*=156.2662353094804 (0.018s)
  C01:9421 -> ok l1*=5.0303506897139976e-14 (0.017s)
  C02A:9421 -> ok l1*=86.38503988861102 (0.031s)
  C02B:9421 -> ok l1*=85.7916941487226 (0.018s)
  R07:21661 -> ok l1*=226.96476751705836 (0.028s)
  R07M:21661 -> ok l1*=264.3740917292299 (0.03s)
  C01:21661 -> ok l1*=7.781532132041026e-14 (0.018s)
  C02A:21661 -> ok l1*=131.57009603672947 (0.02s)
  C02B:21661 -> ok l1*=130.24174989578842 (0.018s)
  R07:49681 -> ok l1*=346.4008946330938 (0.02s)
  R07M:49681 -> ok l1*=360.4686623179084 (0.03s)
  C01:49681 -> ok l1*=1.1981950424930814e-13 (0.02s)
  C02A:49681 -> ok l1*=199.935908021533 (0.022s)
  C02B:49681 -> ok l1*=197.5993388073568 (0.02s)
  R07:114161 -> ok l1*=500.74418467747716 (0.024s)
  R07M:114161 -> ok l1*=544.2646841431156 (0.041s)
  C01:114161 -> ok l1*=1.8130216197789475e-13 (0.026s)
  C02A:114161 -> ok l1*=299.82941809179295 (0.025s)
  C02B:114161 -> ok l1*=298.18725848291024 (0.024s)
  R07:262151 -> ok l1*=815.6213352300063 (0.03s)
  R07M:262151 -> ok l1*=920.0058999078828 (0.072s)
  C01:262151 -> ok l1*=2.819222468801686e-13 (0.03s)
  C02A:262151 -> ok l1*=454.7736371926251 (0.031s)
  C02B:262151 -> ok l1*=452.9636490810446 (0.04s)
  R07:602311 -> ok l1*=1191.6954942421523 (0.051s)
  R07M:602311 -> ok l1*=1252.0603008275664 (0.146s)
  C01:602311 -> ok l1*=4.484399683816825e-13 (0.046s)
  C02A:602311 -> ok l1*=688.9755464783549 (0.052s)
  C02B:602311 -> ok l1*=688.3634605179764 (0.06s)
  R07:1383691 -> ok l1*=1793.38972625626 (0.098s)
  R07M:1383691 -> ok l1*=2112.593028488095 (0.312s)
  C01:1383691 -> ok l1*=6.550120770222366e-13 (0.078s)
  C02A:1383691 -> ok l1*=1043.24452894584 (0.097s)
  C02B:1383691 -> ok l1*=1042.1772144461904 (0.095s)
  R07:3178691 -> ok l1*=2990.9699383446923 (0.212s)
  R07M:3178691 -> ok l1*=3202.0402841134264 (0.73s)
  C01:3178691 -> ok l1*=1.0461488239353348e-12 (0.18s)
  C02A:3178691 -> ok l1*=1581.4205288440753 (0.212s)
  C02B:3178691 -> ok l1*=1580.2476702460128 (0.219s)
  R07:7302731 -> ok l1*=4275.393689313703 (0.568s)
  R07M:7302731 -> ok l1*=4359.583834161162 (2.216s)
  C01:7302731 -> ok l1*=1.5510336488683888e-12 (0.568s)
  C02A:7302731 -> ok l1*=2397.1662669530633 (0.697s)
  C02B:7302731 -> ok l1*=2395.2223638740015 (0.658s)
  R07:16777291 -> ok l1*=7287.590395840787 (1.089s)
  R07M:16777291 -> ok l1*=7356.531357673906 (3.858s)
  C01:16777291 -> ok l1*=2.4016063881614866e-12 (0.881s)
  C02A:16777291 -> ok l1*=3631.8794903423773 (1.216s)
  C02B:16777291 -> ok l1*=3629.596206143261 (1.079s)
verdict: at_random_level delta: 0.009445170325988572
DONE
