[      1s] main 32b c1510 ic_m4 subgroup table completed_valid t=0.1s
[      1s] main 32b c1510 ic_m4 dickson table completed_valid t=0.0s
[      1s] main 32b c1510 ic_m4 small_x table completed_valid t=0.0s
[      1s] main 32b c1510 ic_m4 random_sub_r0 table completed_valid t=0.0s
[      1s] main 32b c1510 ic_m4 random_sub_r1 table completed_valid t=0.0s
[      1s] main 32b c1510 ic_m4 random_sub_r2 table completed_valid t=0.0s
[      1s] main 32b c1510 ic_m4 known_null_sub table completed_valid t=0.0s
[      1s] main 32b c1510 ic_m4 random_dick_r0 table completed_valid t=0.0s
[      1s] main 32b c1510 ic_m4 random_dick_r1 table completed_valid t=0.0s
[      1s] main 32b c1510 ic_m4 random_dick_r2 table completed_valid t=0.0s
[      1s] main 32b c1510 ic_m4 known_null_dick table completed_valid t=0.0s
[      1s] main 32b c1511 ic_m4 subgroup table completed_valid t=0.0s
[      1s] main 32b c1511 ic_m4 dickson table completed_valid t=0.0s
[      1s] main 32b c1511 ic_m4 small_x table completed_valid t=0.0s
[      1s] main 32b c1511 ic_m4 random_sub_r0 table completed_valid t=0.0s
[      1s] main 32b c1511 ic_m4 random_sub_r1 table completed_valid t=0.0s
[      1s] main 32b c1511 ic_m4 random_sub_r2 table completed_valid t=0.0s
[      1s] main 32b c1511 ic_m4 known_null_sub table completed_valid t=0.0s
[      1s] main 32b c1511 ic_m4 random_dick_r0 table completed_valid t=0.0s
[      1s] main 32b c1511 ic_m4 random_dick_r1 table completed_valid t=0.0s
[      1s] main 32b c1511 ic_m4 random_dick_r2 table completed_valid t=0.0s
[      1s] main 32b c1511 ic_m4 known_null_dick table completed_valid t=0.0s
[      2s] main 32b c1512 ic_m4 subgroup table completed_valid t=0.0s
[      2s] main 32b c1512 ic_m4 dickson table completed_valid t=0.1s
[      2s] main 32b c1512 ic_m4 small_x table completed_valid t=0.1s
[      2s] main 32b c1512 ic_m4 random_sub_r0 table completed_valid t=0.0s
[      2s] main 32b c1512 ic_m4 random_sub_r1 table completed_valid t=0.0s
[      2s] main 32b c1512 ic_m4 random_sub_r2 table completed_valid t=0.0s
[      2s] main 32b c1512 ic_m4 known_null_sub table completed_valid t=0.0s
[      2s] main 32b c1512 ic_m4 random_dick_r0 table completed_valid t=0.0s
[      2s] main 32b c1512 ic_m4 random_dick_r1 table completed_valid t=0.1s
[      2s] main 32b c1512 ic_m4 random_dick_r2 table completed_valid t=0.0s
[      2s] main 32b c1512 ic_m4 known_null_dick table completed_valid t=0.0s
[      2s] main 32b c1513 ic_m4 subgroup table completed_valid t=0.0s
[      2s] main 32b c1513 ic_m4 dickson table completed_valid t=0.0s
[      2s] main 32b c1513 ic_m4 small_x table completed_valid t=0.0s
[      2s] main 32b c1513 ic_m4 random_sub_r0 table completed_valid t=0.0s
[      2s] main 32b c1513 ic_m4 random_sub_r1 table completed_valid t=0.0s
[      2s] main 32b c1513 ic_m4 random_sub_r2 table completed_valid t=0.1s
[      2s] main 32b c1513 ic_m4 known_null_sub table completed_valid t=0.0s
[      2s] main 32b c1513 ic_m4 random_dick_r0 table completed_valid t=0.0s
[      2s] main 32b c1513 ic_m4 random_dick_r1 table completed_valid t=0.0s
[      2s] main 32b c1513 ic_m4 random_dick_r2 table completed_valid t=0.0s
[      2s] main 32b c1513 ic_m4 known_null_dick table completed_valid t=0.0s
[      3s] main 32b c1514 ic_m4 subgroup table completed_valid t=0.1s
[      3s] main 32b c1514 ic_m4 dickson table completed_valid t=0.1s
[      3s] main 32b c1514 ic_m4 small_x table completed_valid t=0.0s
[      3s] main 32b c1514 ic_m4 random_sub_r0 table completed_valid t=0.0s
[      3s] main 32b c1514 ic_m4 random_sub_r1 table completed_valid t=0.0s
[      3s] main 32b c1514 ic_m4 random_sub_r2 table completed_valid t=0.0s
[      3s] main 32b c1514 ic_m4 known_null_sub table completed_valid t=0.1s
[      3s] main 32b c1514 ic_m4 random_dick_r0 table completed_valid t=0.0s
[      3s] main 32b c1514 ic_m4 random_dick_r1 table completed_valid t=0.0s
[      3s] main 32b c1514 ic_m4 random_dick_r2 table completed_valid t=0.0s
[      3s] main 32b c1514 ic_m4 known_null_dick table completed_valid t=0.0s
[      4s] main 32b c1515 ic_m4 subgroup table completed_valid t=0.0s
[      4s] main 32b c1515 ic_m4 dickson table completed_valid t=0.0s
[      4s] main 32b c1515 ic_m4 small_x table completed_valid t=0.0s
[      4s] main 32b c1515 ic_m4 random_sub_r0 table completed_valid t=0.0s
[      4s] main 32b c1515 ic_m4 random_sub_r1 table completed_valid t=0.0s
[      4s] main 32b c1515 ic_m4 random_sub_r2 table completed_valid t=0.0s
[      4s] main 32b c1515 ic_m4 known_null_sub table completed_valid t=0.1s
[      4s] main 32b c1515 ic_m4 random_dick_r0 table completed_valid t=0.0s
[      4s] main 32b c1515 ic_m4 random_dick_r1 table completed_valid t=0.0s
[      4s] main 32b c1515 ic_m4 random_dick_r2 table completed_valid t=0.0s
[      4s] main 32b c1515 ic_m4 known_null_dick table completed_valid t=0.0s
[      4s] main 32b c1516 ic_m4 subgroup table completed_valid t=0.0s
[      4s] main 32b c1516 ic_m4 dickson table completed_valid t=0.0s
[      4s] main 32b c1516 ic_m4 small_x table completed_valid t=0.0s
[      4s] main 32b c1516 ic_m4 random_sub_r0 table completed_valid t=0.0s
[      4s] main 32b c1516 ic_m4 random_sub_r1 table completed_valid t=0.0s
[      4s] main 32b c1516 ic_m4 random_sub_r2 table completed_valid t=0.0s
[      4s] main 32b c1516 ic_m4 known_null_sub table completed_valid t=0.0s
[      4s] main 32b c1516 ic_m4 random_dick_r0 table completed_valid t=0.0s
[      4s] main 32b c1516 ic_m4 random_dick_r1 table completed_valid t=0.0s
[      4s] main 32b c1516 ic_m4 random_dick_r2 table completed_valid t=0.0s
[      4s] main 32b c1516 ic_m4 known_null_dick table completed_valid t=0.0s
[      5s] main 32b c1517 ic_m4 subgroup table completed_valid t=0.0s
[      5s] main 32b c1517 ic_m4 dickson table completed_valid t=0.0s
[      5s] main 32b c1517 ic_m4 small_x table completed_valid t=0.0s
[      5s] main 32b c1517 ic_m4 random_sub_r0 table completed_valid t=0.0s
[      5s] main 32b c1517 ic_m4 random_sub_r1 table completed_valid t=0.0s
[      5s] main 32b c1517 ic_m4 random_sub_r2 table completed_valid t=0.0s
[      5s] main 32b c1517 ic_m4 known_null_sub table completed_valid t=0.0s
[      5s] main 32b c1517 ic_m4 random_dick_r0 table completed_valid t=0.0s
[      5s] main 32b c1517 ic_m4 random_dick_r1 table completed_valid t=0.0s
[      5s] main 32b c1517 ic_m4 random_dick_r2 table completed_valid t=0.0s
[      5s] main 32b c1517 ic_m4 known_null_dick table completed_valid t=0.0s
[      6s] main 32b c1518 ic_m4 subgroup table completed_valid t=0.0s
[      6s] main 32b c1518 ic_m4 dickson table completed_valid t=0.1s
[      6s] main 32b c1518 ic_m4 small_x table completed_valid t=0.1s
[      6s] main 32b c1518 ic_m4 random_sub_r0 table completed_valid t=0.0s
[      6s] main 32b c1518 ic_m4 random_sub_r1 table completed_valid t=0.0s
[      6s] main 32b c1518 ic_m4 random_sub_r2 table completed_valid t=0.0s
[      6s] main 32b c1518 ic_m4 known_null_sub table completed_valid t=0.1s
[      6s] main 32b c1518 ic_m4 random_dick_r0 table completed_valid t=0.0s
[      6s] main 32b c1518 ic_m4 random_dick_r1 table completed_valid t=0.0s
[      6s] main 32b c1518 ic_m4 random_dick_r2 table completed_valid t=0.0s
[      6s] main 32b c1518 ic_m4 known_null_dick table completed_valid t=0.0s
[      6s] main 32b c1519 ic_m4 subgroup table completed_valid t=0.0s
[      6s] main 32b c1519 ic_m4 dickson table completed_valid t=0.0s
[      6s] main 32b c1519 ic_m4 small_x table completed_valid t=0.0s
[      6s] main 32b c1519 ic_m4 random_sub_r0 table completed_valid t=0.0s
[      6s] main 32b c1519 ic_m4 random_sub_r1 table completed_valid t=0.0s
[      6s] main 32b c1519 ic_m4 random_sub_r2 table completed_valid t=0.0s
[      6s] main 32b c1519 ic_m4 known_null_sub table completed_valid t=0.0s
[      6s] main 32b c1519 ic_m4 random_dick_r0 table completed_valid t=0.0s
[      6s] main 32b c1519 ic_m4 random_dick_r1 table completed_valid t=0.0s
[      6s] main 32b c1519 ic_m4 random_dick_r2 table completed_valid t=0.0s
[      6s] main 32b c1519 ic_m4 known_null_dick table completed_valid t=0.0s
[      7s] main 32b c1520 ic_m4 subgroup table completed_valid t=0.0s
[      7s] main 32b c1520 ic_m4 dickson table completed_valid t=0.0s
[      7s] main 32b c1520 ic_m4 small_x table completed_valid t=0.0s
[      7s] main 32b c1520 ic_m4 random_sub_r0 table completed_valid t=0.0s
[      7s] main 32b c1520 ic_m4 random_sub_r1 table completed_valid t=0.0s
[      7s] main 32b c1520 ic_m4 random_sub_r2 table completed_valid t=0.0s
[      7s] main 32b c1520 ic_m4 known_null_sub table completed_valid t=0.0s
[      7s] main 32b c1520 ic_m4 random_dick_r0 table completed_valid t=0.0s
[      7s] main 32b c1520 ic_m4 random_dick_r1 table completed_valid t=0.0s
[      7s] main 32b c1520 ic_m4 random_dick_r2 table completed_valid t=0.0s
[      7s] main 32b c1520 ic_m4 known_null_dick table completed_valid t=0.0s
[      7s] main 32b c1521 ic_m4 subgroup table completed_valid t=0.1s
[      7s] main 32b c1521 ic_m4 dickson table completed_valid t=0.0s
[      7s] main 32b c1521 ic_m4 small_x table completed_valid t=0.0s
[      7s] main 32b c1521 ic_m4 random_sub_r0 table completed_valid t=0.0s
[      7s] main 32b c1521 ic_m4 random_sub_r1 table completed_valid t=0.0s
[      7s] main 32b c1521 ic_m4 random_sub_r2 table completed_valid t=0.0s
[      7s] main 32b c1521 ic_m4 known_null_sub table completed_valid t=0.0s
[      7s] main 32b c1521 ic_m4 random_dick_r0 table completed_valid t=0.0s
[      7s] main 32b c1521 ic_m4 random_dick_r1 table completed_valid t=0.0s
[      7s] main 32b c1521 ic_m4 random_dick_r2 table completed_valid t=0.0s
[      7s] main 32b c1521 ic_m4 known_null_dick table completed_valid t=0.0s
[      8s] main 32b c1522 ic_m4 subgroup table completed_valid t=0.0s
[      8s] main 32b c1522 ic_m4 dickson table completed_valid t=0.0s
[      8s] main 32b c1522 ic_m4 small_x table completed_valid t=0.0s
[      8s] main 32b c1522 ic_m4 random_sub_r0 table completed_valid t=0.0s
[      8s] main 32b c1522 ic_m4 random_sub_r1 table completed_valid t=0.0s
[      8s] main 32b c1522 ic_m4 random_sub_r2 table completed_valid t=0.0s
[      8s] main 32b c1522 ic_m4 known_null_sub table completed_valid t=0.0s
[      8s] main 32b c1522 ic_m4 random_dick_r0 table completed_valid t=0.0s
[      8s] main 32b c1522 ic_m4 random_dick_r1 table completed_valid t=0.0s
[      8s] main 32b c1522 ic_m4 random_dick_r2 table completed_valid t=0.1s
[      8s] main 32b c1522 ic_m4 known_null_dick table completed_valid t=0.1s
[      9s] main 32b c1523 ic_m4 subgroup table completed_valid t=0.0s
[      9s] main 32b c1523 ic_m4 dickson table completed_valid t=0.0s
[      9s] main 32b c1523 ic_m4 small_x table completed_valid t=0.0s
[      9s] main 32b c1523 ic_m4 random_sub_r0 table completed_valid t=0.0s
[      9s] main 32b c1523 ic_m4 random_sub_r1 table completed_valid t=0.0s
[      9s] main 32b c1523 ic_m4 random_sub_r2 table completed_valid t=0.0s
[      9s] main 32b c1523 ic_m4 known_null_sub table completed_valid t=0.0s
[      9s] main 32b c1523 ic_m4 random_dick_r0 table completed_valid t=0.0s
[      9s] main 32b c1523 ic_m4 random_dick_r1 table completed_valid t=0.0s
[      9s] main 32b c1523 ic_m4 random_dick_r2 table completed_valid t=0.0s
[      9s] main 32b c1523 ic_m4 known_null_dick table completed_valid t=0.0s
[      9s] main 32b c1524 ic_m4 subgroup table completed_valid t=0.0s
[      9s] main 32b c1524 ic_m4 dickson table completed_valid t=0.0s
[      9s] main 32b c1524 ic_m4 small_x table completed_valid t=0.0s
[      9s] main 32b c1524 ic_m4 random_sub_r0 table completed_valid t=0.0s
[      9s] main 32b c1524 ic_m4 random_sub_r1 table completed_valid t=0.0s
[      9s] main 32b c1524 ic_m4 random_sub_r2 table completed_valid t=0.0s
[      9s] main 32b c1524 ic_m4 known_null_sub table completed_valid t=0.0s
[      9s] main 32b c1524 ic_m4 random_dick_r0 table completed_valid t=0.0s
[      9s] main 32b c1524 ic_m4 random_dick_r1 table completed_valid t=0.0s
[      9s] main 32b c1524 ic_m4 random_dick_r2 table completed_valid t=0.0s
[      9s] main 32b c1524 ic_m4 known_null_dick table completed_valid t=0.0s
[     10s] main 32b c1525 ic_m4 subgroup table completed_valid t=0.0s
[     10s] main 32b c1525 ic_m4 dickson table completed_valid t=0.0s
[     10s] main 32b c1525 ic_m4 small_x table completed_valid t=0.0s
[     10s] main 32b c1525 ic_m4 random_sub_r0 table completed_valid t=0.0s
[     10s] main 32b c1525 ic_m4 random_sub_r1 table completed_valid t=0.0s
[     10s] main 32b c1525 ic_m4 random_sub_r2 table completed_valid t=0.0s
[     10s] main 32b c1525 ic_m4 known_null_sub table completed_valid t=0.0s
[     10s] main 32b c1525 ic_m4 random_dick_r0 table completed_valid t=0.0s
[     10s] main 32b c1525 ic_m4 random_dick_r1 table completed_valid t=0.0s
[     10s] main 32b c1525 ic_m4 random_dick_r2 table completed_valid t=0.0s
[     10s] main 32b c1525 ic_m4 known_null_dick table completed_valid t=0.0s
[     10s] main 32b c1526 ic_m4 subgroup table completed_valid t=0.0s
[     10s] main 32b c1526 ic_m4 dickson table completed_valid t=0.0s
[     10s] main 32b c1526 ic_m4 small_x table completed_valid t=0.0s
[     10s] main 32b c1526 ic_m4 random_sub_r0 table completed_valid t=0.0s
[     10s] main 32b c1526 ic_m4 random_sub_r1 table completed_valid t=0.0s
[     10s] main 32b c1526 ic_m4 random_sub_r2 table completed_valid t=0.0s
[     10s] main 32b c1526 ic_m4 known_null_sub table completed_valid t=0.0s
[     10s] main 32b c1526 ic_m4 random_dick_r0 table completed_valid t=0.0s
[     10s] main 32b c1526 ic_m4 random_dick_r1 table completed_valid t=0.0s
[     10s] main 32b c1526 ic_m4 random_dick_r2 table completed_valid t=0.1s
[     10s] main 32b c1526 ic_m4 known_null_dick table completed_valid t=0.1s
[     11s] main 32b c1527 ic_m4 subgroup table completed_valid t=0.0s
[     11s] main 32b c1527 ic_m4 dickson table completed_valid t=0.1s
[     11s] main 32b c1527 ic_m4 small_x table completed_valid t=0.0s
[     11s] main 32b c1527 ic_m4 random_sub_r0 table completed_valid t=0.0s
[     11s] main 32b c1527 ic_m4 random_sub_r1 table completed_valid t=0.0s
[     11s] main 32b c1527 ic_m4 random_sub_r2 table completed_valid t=0.0s
[     11s] main 32b c1527 ic_m4 known_null_sub table completed_valid t=0.0s
[     11s] main 32b c1527 ic_m4 random_dick_r0 table completed_valid t=0.1s
[     11s] main 32b c1527 ic_m4 random_dick_r1 table completed_valid t=0.0s
[     11s] main 32b c1527 ic_m4 random_dick_r2 table completed_valid t=0.0s
[     11s] main 32b c1527 ic_m4 known_null_dick table completed_valid t=0.1s
[     12s] main 32b c1528 ic_m4 subgroup table completed_valid t=0.0s
[     12s] main 32b c1528 ic_m4 dickson table completed_valid t=0.0s
[     12s] main 32b c1528 ic_m4 small_x table completed_valid t=0.0s
[     12s] main 32b c1528 ic_m4 random_sub_r0 table completed_valid t=0.0s
[     12s] main 32b c1528 ic_m4 random_sub_r1 table completed_valid t=0.0s
[     12s] main 32b c1528 ic_m4 random_sub_r2 table completed_valid t=0.0s
[     12s] main 32b c1528 ic_m4 known_null_sub table completed_valid t=0.0s
[     12s] main 32b c1528 ic_m4 random_dick_r0 table completed_valid t=0.0s
[     12s] main 32b c1528 ic_m4 random_dick_r1 table completed_valid t=0.0s
[     12s] main 32b c1528 ic_m4 random_dick_r2 table completed_valid t=0.0s
[     12s] main 32b c1528 ic_m4 known_null_dick table completed_valid t=0.0s
[     12s] main 32b c1529 ic_m4 subgroup table completed_valid t=0.0s
[     12s] main 32b c1529 ic_m4 dickson table completed_valid t=0.0s
[     12s] main 32b c1529 ic_m4 small_x table completed_valid t=0.1s
[     12s] main 32b c1529 ic_m4 random_sub_r0 table completed_valid t=0.0s
[     12s] main 32b c1529 ic_m4 random_sub_r1 table completed_valid t=0.0s
[     12s] main 32b c1529 ic_m4 random_sub_r2 table completed_valid t=0.0s
[     12s] main 32b c1529 ic_m4 known_null_sub table completed_valid t=0.1s
[     12s] main 32b c1529 ic_m4 random_dick_r0 table completed_valid t=0.0s
[     12s] main 32b c1529 ic_m4 random_dick_r1 table completed_valid t=0.0s
[     12s] main 32b c1529 ic_m4 random_dick_r2 table completed_valid t=0.0s
[     12s] main 32b c1529 ic_m4 known_null_dick table completed_valid t=0.0s
[     13s] main 32b c1530 ic_m4 subgroup table completed_valid t=0.1s
[     13s] main 32b c1530 ic_m4 dickson table completed_valid t=0.1s
[     13s] main 32b c1530 ic_m4 small_x table completed_valid t=0.1s
[     13s] main 32b c1530 ic_m4 random_sub_r0 table completed_valid t=0.1s
[     13s] main 32b c1530 ic_m4 random_sub_r1 table completed_valid t=0.1s
[     13s] main 32b c1530 ic_m4 random_sub_r2 table completed_valid t=0.1s
[     13s] main 32b c1530 ic_m4 known_null_sub table completed_valid t=0.1s
[     13s] main 32b c1530 ic_m4 random_dick_r0 table completed_valid t=0.0s
[     13s] main 32b c1530 ic_m4 random_dick_r1 table completed_valid t=0.0s
[     13s] main 32b c1530 ic_m4 random_dick_r2 table completed_valid t=0.1s
[     13s] main 32b c1530 ic_m4 known_null_dick table completed_valid t=0.0s
[     14s] main 32b c1531 ic_m4 subgroup table completed_valid t=0.0s
[     14s] main 32b c1531 ic_m4 dickson table completed_valid t=0.0s
[     14s] main 32b c1531 ic_m4 small_x table completed_valid t=0.0s
[     14s] main 32b c1531 ic_m4 random_sub_r0 table completed_valid t=0.0s
[     14s] main 32b c1531 ic_m4 random_sub_r1 table completed_valid t=0.1s
[     14s] main 32b c1531 ic_m4 random_sub_r2 table completed_valid t=0.0s
[     14s] main 32b c1531 ic_m4 known_null_sub table completed_valid t=0.0s
[     14s] main 32b c1531 ic_m4 random_dick_r0 table completed_valid t=0.0s
[     14s] main 32b c1531 ic_m4 random_dick_r1 table completed_valid t=0.0s
[     14s] main 32b c1531 ic_m4 random_dick_r2 table completed_valid t=0.0s
[     14s] main 32b c1531 ic_m4 known_null_dick table completed_valid t=0.0s
[     14s] main 32b c1532 ic_m4 subgroup table completed_valid t=0.0s
[     14s] main 32b c1532 ic_m4 dickson table completed_valid t=0.0s
[     14s] main 32b c1532 ic_m4 small_x table completed_valid t=0.0s
[     14s] main 32b c1532 ic_m4 random_sub_r0 table completed_valid t=0.0s
[     14s] main 32b c1532 ic_m4 random_sub_r1 table completed_valid t=0.0s
[     14s] main 32b c1532 ic_m4 random_sub_r2 table completed_valid t=0.0s
[     14s] main 32b c1532 ic_m4 known_null_sub table completed_valid t=0.0s
[     14s] main 32b c1532 ic_m4 random_dick_r0 table completed_valid t=0.0s
[     14s] main 32b c1532 ic_m4 random_dick_r1 table completed_valid t=0.0s
[     14s] main 32b c1532 ic_m4 random_dick_r2 table completed_valid t=0.0s
[     14s] main 32b c1532 ic_m4 known_null_dick table completed_valid t=0.0s
[     15s] main 32b c1533 ic_m4 subgroup table completed_valid t=0.0s
[     15s] main 32b c1533 ic_m4 dickson table completed_valid t=0.0s
[     15s] main 32b c1533 ic_m4 small_x table completed_valid t=0.0s
[     15s] main 32b c1533 ic_m4 random_sub_r0 table completed_valid t=0.0s
[     15s] main 32b c1533 ic_m4 random_sub_r1 table completed_valid t=0.0s
[     15s] main 32b c1533 ic_m4 random_sub_r2 table completed_valid t=0.0s
[     15s] main 32b c1533 ic_m4 known_null_sub table completed_valid t=0.0s
[     15s] main 32b c1533 ic_m4 random_dick_r0 table completed_valid t=0.0s
[     15s] main 32b c1533 ic_m4 random_dick_r1 table completed_valid t=0.0s
[     15s] main 32b c1533 ic_m4 random_dick_r2 table completed_valid t=0.0s
[     15s] main 32b c1533 ic_m4 known_null_dick table completed_valid t=0.0s
[     16s] main 32b c1534 ic_m4 subgroup table completed_valid t=0.0s
[     16s] main 32b c1534 ic_m4 dickson table completed_valid t=0.0s
[     16s] main 32b c1534 ic_m4 small_x table completed_valid t=0.1s
[     16s] main 32b c1534 ic_m4 random_sub_r0 table completed_valid t=0.0s
[     16s] main 32b c1534 ic_m4 random_sub_r1 table completed_valid t=0.1s
[     16s] main 32b c1534 ic_m4 random_sub_r2 table completed_valid t=0.1s
[     16s] main 32b c1534 ic_m4 known_null_sub table completed_valid t=0.0s
[     16s] main 32b c1534 ic_m4 random_dick_r0 table completed_valid t=0.0s
[     16s] main 32b c1534 ic_m4 random_dick_r1 table completed_valid t=0.0s
[     16s] main 32b c1534 ic_m4 random_dick_r2 table completed_valid t=0.0s
[     16s] main 32b c1534 ic_m4 known_null_dick table completed_valid t=0.1s
[     16s] main 32b c1535 ic_m4 subgroup table completed_valid t=0.0s
[     16s] main 32b c1535 ic_m4 dickson table completed_valid t=0.0s
[     16s] main 32b c1535 ic_m4 small_x table completed_valid t=0.0s
[     16s] main 32b c1535 ic_m4 random_sub_r0 table completed_valid t=0.0s
[     16s] main 32b c1535 ic_m4 random_sub_r1 table completed_valid t=0.0s
[     16s] main 32b c1535 ic_m4 random_sub_r2 table completed_valid t=0.0s
[     16s] main 32b c1535 ic_m4 known_null_sub table completed_valid t=0.0s
[     16s] main 32b c1535 ic_m4 random_dick_r0 table completed_valid t=0.0s
[     16s] main 32b c1535 ic_m4 random_dick_r1 table completed_valid t=0.0s
[     16s] main 32b c1535 ic_m4 random_dick_r2 table completed_valid t=0.0s
[     16s] main 32b c1535 ic_m4 known_null_dick table completed_valid t=0.0s
[     17s] main 32b c1536 ic_m4 subgroup table completed_valid t=0.0s
[     17s] main 32b c1536 ic_m4 dickson table completed_valid t=0.0s
[     17s] main 32b c1536 ic_m4 small_x table completed_valid t=0.0s
[     17s] main 32b c1536 ic_m4 random_sub_r0 table completed_valid t=0.1s
[     17s] main 32b c1536 ic_m4 random_sub_r1 table completed_valid t=0.1s
[     17s] main 32b c1536 ic_m4 random_sub_r2 table completed_valid t=0.1s
[     17s] main 32b c1536 ic_m4 known_null_sub table completed_valid t=0.0s
[     17s] main 32b c1536 ic_m4 random_dick_r0 table completed_valid t=0.0s
[     17s] main 32b c1536 ic_m4 random_dick_r1 table completed_valid t=0.0s
[     17s] main 32b c1536 ic_m4 random_dick_r2 table completed_valid t=0.0s
[     17s] main 32b c1536 ic_m4 known_null_dick table completed_valid t=0.0s
[     18s] main 32b c1537 ic_m4 subgroup table completed_valid t=0.0s
[     18s] main 32b c1537 ic_m4 dickson table completed_valid t=0.0s
[     18s] main 32b c1537 ic_m4 small_x table completed_valid t=0.0s
[     18s] main 32b c1537 ic_m4 random_sub_r0 table completed_valid t=0.0s
[     18s] main 32b c1537 ic_m4 random_sub_r1 table completed_valid t=0.0s
[     18s] main 32b c1537 ic_m4 random_sub_r2 table completed_valid t=0.0s
[     18s] main 32b c1537 ic_m4 known_null_sub table completed_valid t=0.1s
[     18s] main 32b c1537 ic_m4 random_dick_r0 table completed_valid t=0.0s
[     18s] main 32b c1537 ic_m4 random_dick_r1 table completed_valid t=0.0s
[     18s] main 32b c1537 ic_m4 random_dick_r2 table completed_valid t=0.1s
[     18s] main 32b c1537 ic_m4 known_null_dick table completed_valid t=0.0s
[     18s] main 32b c1538 ic_m4 subgroup table completed_valid t=0.0s
[     18s] main 32b c1538 ic_m4 dickson table completed_valid t=0.0s
[     18s] main 32b c1538 ic_m4 small_x table completed_valid t=0.0s
[     18s] main 32b c1538 ic_m4 random_sub_r0 table completed_valid t=0.1s
[     18s] main 32b c1538 ic_m4 random_sub_r1 table completed_valid t=0.1s
[     18s] main 32b c1538 ic_m4 random_sub_r2 table completed_valid t=0.1s
[     18s] main 32b c1538 ic_m4 known_null_sub table completed_valid t=0.0s
[     18s] main 32b c1538 ic_m4 random_dick_r0 table completed_valid t=0.0s
[     18s] main 32b c1538 ic_m4 random_dick_r1 table completed_valid t=0.1s
[     18s] main 32b c1538 ic_m4 random_dick_r2 table completed_valid t=0.1s
[     18s] main 32b c1538 ic_m4 known_null_dick table completed_valid t=0.0s
[     19s] main 32b c1539 ic_m4 subgroup table completed_valid t=0.0s
[     19s] main 32b c1539 ic_m4 dickson table completed_valid t=0.1s
[     19s] main 32b c1539 ic_m4 small_x table completed_valid t=0.1s
[     19s] main 32b c1539 ic_m4 random_sub_r0 table completed_valid t=0.0s
[     19s] main 32b c1539 ic_m4 random_sub_r1 table completed_valid t=0.1s
[     19s] main 32b c1539 ic_m4 random_sub_r2 table completed_valid t=0.0s
[     19s] main 32b c1539 ic_m4 known_null_sub table completed_valid t=0.1s
[     19s] main 32b c1539 ic_m4 random_dick_r0 table completed_valid t=0.1s
[     19s] main 32b c1539 ic_m4 random_dick_r1 table completed_valid t=0.0s
[     19s] main 32b c1539 ic_m4 random_dick_r2 table completed_valid t=0.0s
[     19s] main 32b c1539 ic_m4 known_null_dick table completed_valid t=0.0s
[     19s] main 32b c1540 ic_m4 subgroup table completed_valid t=0.0s
[     19s] main 32b c1540 ic_m4 dickson table completed_valid t=0.0s
[     19s] main 32b c1540 ic_m4 small_x table completed_valid t=0.0s
[     19s] main 32b c1540 ic_m4 random_sub_r0 table completed_valid t=0.0s
[     19s] main 32b c1540 ic_m4 random_sub_r1 table completed_valid t=0.0s
[     19s] main 32b c1540 ic_m4 random_sub_r2 table completed_valid t=0.0s
[     19s] main 32b c1540 ic_m4 known_null_sub table completed_valid t=0.0s
[     19s] main 32b c1540 ic_m4 random_dick_r0 table completed_valid t=0.0s
[     19s] main 32b c1540 ic_m4 random_dick_r1 table completed_valid t=0.0s
[     19s] main 32b c1540 ic_m4 random_dick_r2 table completed_valid t=0.0s
[     19s] main 32b c1540 ic_m4 known_null_dick table completed_valid t=0.0s
[     20s] main 32b c1541 ic_m4 subgroup table completed_valid t=0.0s
[     20s] main 32b c1541 ic_m4 dickson table completed_valid t=0.0s
[     20s] main 32b c1541 ic_m4 small_x table completed_valid t=0.0s
[     20s] main 32b c1541 ic_m4 random_sub_r0 table completed_valid t=0.0s
[     20s] main 32b c1541 ic_m4 random_sub_r1 table completed_valid t=0.0s
[     20s] main 32b c1541 ic_m4 random_sub_r2 table completed_valid t=0.0s
[     20s] main 32b c1541 ic_m4 known_null_sub table completed_valid t=0.0s
[     20s] main 32b c1541 ic_m4 random_dick_r0 table completed_valid t=0.0s
[     20s] main 32b c1541 ic_m4 random_dick_r1 table completed_valid t=0.0s
[     20s] main 32b c1541 ic_m4 random_dick_r2 table completed_valid t=0.0s
[     20s] main 32b c1541 ic_m4 known_null_dick table completed_valid t=0.0s
[     20s] main 32b c1542 ic_m4 subgroup table completed_valid t=0.0s
[     20s] main 32b c1542 ic_m4 dickson table completed_valid t=0.0s
[     20s] main 32b c1542 ic_m4 small_x table completed_valid t=0.0s
[     20s] main 32b c1542 ic_m4 random_sub_r0 table completed_valid t=0.0s
[     20s] main 32b c1542 ic_m4 random_sub_r1 table completed_valid t=0.0s
[     20s] main 32b c1542 ic_m4 random_sub_r2 table completed_valid t=0.0s
[     20s] main 32b c1542 ic_m4 known_null_sub table completed_valid t=0.1s
[     20s] main 32b c1542 ic_m4 random_dick_r0 table completed_valid t=0.0s
[     20s] main 32b c1542 ic_m4 random_dick_r1 table completed_valid t=0.0s
[     20s] main 32b c1542 ic_m4 random_dick_r2 table completed_valid t=0.0s
[     20s] main 32b c1542 ic_m4 known_null_dick table completed_valid t=0.0s
[     21s] main 32b c1543 ic_m4 subgroup table completed_valid t=0.0s
[     21s] main 32b c1543 ic_m4 dickson table completed_valid t=0.1s
[     21s] main 32b c1543 ic_m4 small_x table completed_valid t=0.0s
[     21s] main 32b c1543 ic_m4 random_sub_r0 table completed_valid t=0.0s
[     21s] main 32b c1543 ic_m4 random_sub_r1 table completed_valid t=0.0s
[     21s] main 32b c1543 ic_m4 random_sub_r2 table completed_valid t=0.0s
[     21s] main 32b c1543 ic_m4 known_null_sub table completed_valid t=0.0s
[     21s] main 32b c1543 ic_m4 random_dick_r0 table completed_valid t=0.0s
[     21s] main 32b c1543 ic_m4 random_dick_r1 table completed_valid t=0.0s
[     21s] main 32b c1543 ic_m4 random_dick_r2 table completed_valid t=0.0s
[     21s] main 32b c1543 ic_m4 known_null_dick table completed_valid t=0.0s
[     22s] main 32b c1544 ic_m4 subgroup table completed_valid t=0.0s
[     22s] main 32b c1544 ic_m4 dickson table completed_valid t=0.0s
[     22s] main 32b c1544 ic_m4 small_x table completed_valid t=0.0s
[     22s] main 32b c1544 ic_m4 random_sub_r0 table completed_valid t=0.0s
[     22s] main 32b c1544 ic_m4 random_sub_r1 table completed_valid t=0.0s
[     22s] main 32b c1544 ic_m4 random_sub_r2 table completed_valid t=0.0s
[     22s] main 32b c1544 ic_m4 known_null_sub table completed_valid t=0.0s
[     22s] main 32b c1544 ic_m4 random_dick_r0 table completed_valid t=0.0s
[     22s] main 32b c1544 ic_m4 random_dick_r1 table completed_valid t=0.0s
[     22s] main 32b c1544 ic_m4 random_dick_r2 table completed_valid t=0.0s
[     22s] main 32b c1544 ic_m4 known_null_dick table completed_valid t=0.0s
[     22s] main 32b c1545 ic_m4 subgroup table completed_valid t=0.0s
[     22s] main 32b c1545 ic_m4 dickson table completed_valid t=0.0s
[     22s] main 32b c1545 ic_m4 small_x table completed_valid t=0.0s
[     22s] main 32b c1545 ic_m4 random_sub_r0 table completed_valid t=0.0s
[     22s] main 32b c1545 ic_m4 random_sub_r1 table completed_valid t=0.1s
[     22s] main 32b c1545 ic_m4 random_sub_r2 table completed_valid t=0.1s
[     22s] main 32b c1545 ic_m4 known_null_sub table completed_valid t=0.0s
[     22s] main 32b c1545 ic_m4 random_dick_r0 table completed_valid t=0.0s
[     22s] main 32b c1545 ic_m4 random_dick_r1 table completed_valid t=0.0s
[     22s] main 32b c1545 ic_m4 random_dick_r2 table completed_valid t=0.0s
[     22s] main 32b c1545 ic_m4 known_null_dick table completed_valid t=0.0s
[     23s] main 32b c1546 ic_m4 subgroup table completed_valid t=0.0s
[     23s] main 32b c1546 ic_m4 dickson table completed_valid t=0.0s
[     23s] main 32b c1546 ic_m4 small_x table completed_valid t=0.0s
[     23s] main 32b c1546 ic_m4 random_sub_r0 table completed_valid t=0.0s
[     23s] main 32b c1546 ic_m4 random_sub_r1 table completed_valid t=0.0s
[     23s] main 32b c1546 ic_m4 random_sub_r2 table completed_valid t=0.0s
[     23s] main 32b c1546 ic_m4 known_null_sub table completed_valid t=0.0s
[     23s] main 32b c1546 ic_m4 random_dick_r0 table completed_valid t=0.0s
[     23s] main 32b c1546 ic_m4 random_dick_r1 table completed_valid t=0.0s
[     23s] main 32b c1546 ic_m4 random_dick_r2 table completed_valid t=0.0s
[     23s] main 32b c1546 ic_m4 known_null_dick table completed_valid t=0.0s
[     24s] main 32b c1547 ic_m4 subgroup table completed_valid t=0.0s
[     24s] main 32b c1547 ic_m4 dickson table completed_valid t=0.0s
[     24s] main 32b c1547 ic_m4 small_x table completed_valid t=0.0s
[     24s] main 32b c1547 ic_m4 random_sub_r0 table completed_valid t=0.0s
[     24s] main 32b c1547 ic_m4 random_sub_r1 table completed_valid t=0.0s
[     24s] main 32b c1547 ic_m4 random_sub_r2 table completed_valid t=0.0s
[     24s] main 32b c1547 ic_m4 known_null_sub table completed_valid t=0.0s
[     24s] main 32b c1547 ic_m4 random_dick_r0 table completed_valid t=0.0s
[     24s] main 32b c1547 ic_m4 random_dick_r1 table completed_valid t=0.0s
[     24s] main 32b c1547 ic_m4 random_dick_r2 table completed_valid t=0.0s
[     24s] main 32b c1547 ic_m4 known_null_dick table completed_valid t=0.0s
[     24s] main 32b c1548 ic_m4 subgroup table completed_valid t=0.0s
[     24s] main 32b c1548 ic_m4 dickson table completed_valid t=0.0s
[     24s] main 32b c1548 ic_m4 small_x table completed_valid t=0.0s
[     24s] main 32b c1548 ic_m4 random_sub_r0 table completed_valid t=0.0s
[     24s] main 32b c1548 ic_m4 random_sub_r1 table completed_valid t=0.0s
[     24s] main 32b c1548 ic_m4 random_sub_r2 table completed_valid t=0.0s
[     24s] main 32b c1548 ic_m4 known_null_sub table completed_valid t=0.0s
[     24s] main 32b c1548 ic_m4 random_dick_r0 table completed_valid t=0.0s
[     24s] main 32b c1548 ic_m4 random_dick_r1 table completed_valid t=0.0s
[     24s] main 32b c1548 ic_m4 random_dick_r2 table completed_valid t=0.0s
[     24s] main 32b c1548 ic_m4 known_null_dick table completed_valid t=0.0s
[     25s] main 32b c1549 ic_m4 subgroup table completed_valid t=0.0s
[     25s] main 32b c1549 ic_m4 dickson table completed_valid t=0.0s
[     25s] main 32b c1549 ic_m4 small_x table completed_valid t=0.0s
[     25s] main 32b c1549 ic_m4 random_sub_r0 table completed_valid t=0.0s
[     25s] main 32b c1549 ic_m4 random_sub_r1 table completed_valid t=0.0s
[     25s] main 32b c1549 ic_m4 random_sub_r2 table completed_valid t=0.0s
[     25s] main 32b c1549 ic_m4 known_null_sub table completed_valid t=0.0s
[     25s] main 32b c1549 ic_m4 random_dick_r0 table completed_valid t=0.0s
[     25s] main 32b c1549 ic_m4 random_dick_r1 table completed_valid t=0.0s
[     25s] main 32b c1549 ic_m4 random_dick_r2 table completed_valid t=0.0s
[     25s] main 32b c1549 ic_m4 known_null_dick table completed_valid t=0.0s
[     26s] main 32b c1550 ic_m4 subgroup table completed_valid t=0.0s
[     26s] main 32b c1550 ic_m4 dickson table completed_valid t=0.0s
[     26s] main 32b c1550 ic_m4 small_x table completed_valid t=0.0s
[     26s] main 32b c1550 ic_m4 random_sub_r0 table completed_valid t=0.0s
[     26s] main 32b c1550 ic_m4 random_sub_r1 table completed_valid t=0.0s
[     26s] main 32b c1550 ic_m4 random_sub_r2 table completed_valid t=0.0s
[     26s] main 32b c1550 ic_m4 known_null_sub table completed_valid t=0.0s
[     26s] main 32b c1550 ic_m4 random_dick_r0 table completed_valid t=0.1s
[     26s] main 32b c1550 ic_m4 random_dick_r1 table completed_valid t=0.0s
[     26s] main 32b c1550 ic_m4 random_dick_r2 table completed_valid t=0.0s
[     26s] main 32b c1550 ic_m4 known_null_dick table completed_valid t=0.0s
[     26s] main 32b c1551 ic_m4 subgroup table completed_valid t=0.0s
[     26s] main 32b c1551 ic_m4 dickson table completed_valid t=0.0s
[     26s] main 32b c1551 ic_m4 small_x table completed_valid t=0.0s
[     26s] main 32b c1551 ic_m4 random_sub_r0 table completed_valid t=0.0s
[     26s] main 32b c1551 ic_m4 random_sub_r1 table completed_valid t=0.0s
[     26s] main 32b c1551 ic_m4 random_sub_r2 table completed_valid t=0.0s
[     26s] main 32b c1551 ic_m4 known_null_sub table completed_valid t=0.0s
[     26s] main 32b c1551 ic_m4 random_dick_r0 table completed_valid t=0.0s
[     26s] main 32b c1551 ic_m4 random_dick_r1 table completed_valid t=0.0s
[     26s] main 32b c1551 ic_m4 random_dick_r2 table completed_valid t=0.0s
[     26s] main 32b c1551 ic_m4 known_null_dick table completed_valid t=0.0s
[     27s] main 32b c1552 ic_m4 subgroup table completed_valid t=0.0s
[     27s] main 32b c1552 ic_m4 dickson table completed_valid t=0.0s
[     27s] main 32b c1552 ic_m4 small_x table completed_valid t=0.0s
[     27s] main 32b c1552 ic_m4 random_sub_r0 table completed_valid t=0.0s
[     27s] main 32b c1552 ic_m4 random_sub_r1 table completed_valid t=0.0s
[     27s] main 32b c1552 ic_m4 random_sub_r2 table completed_valid t=0.0s
[     27s] main 32b c1552 ic_m4 known_null_sub table completed_valid t=0.0s
[     27s] main 32b c1552 ic_m4 random_dick_r0 table completed_valid t=0.0s
[     27s] main 32b c1552 ic_m4 random_dick_r1 table completed_valid t=0.0s
[     27s] main 32b c1552 ic_m4 random_dick_r2 table completed_valid t=0.0s
[     27s] main 32b c1552 ic_m4 known_null_dick table completed_valid t=0.0s
[     28s] main 32b c1553 ic_m4 subgroup table completed_valid t=0.0s
[     28s] main 32b c1553 ic_m4 dickson table completed_valid t=0.0s
[     28s] main 32b c1553 ic_m4 small_x table completed_valid t=0.0s
[     28s] main 32b c1553 ic_m4 random_sub_r0 table completed_valid t=0.0s
[     28s] main 32b c1553 ic_m4 random_sub_r1 table completed_valid t=0.0s
[     28s] main 32b c1553 ic_m4 random_sub_r2 table completed_valid t=0.0s
[     28s] main 32b c1553 ic_m4 known_null_sub table completed_valid t=0.0s
[     28s] main 32b c1553 ic_m4 random_dick_r0 table completed_valid t=0.0s
[     28s] main 32b c1553 ic_m4 random_dick_r1 table completed_valid t=0.0s
[     28s] main 32b c1553 ic_m4 random_dick_r2 table completed_valid t=0.0s
[     28s] main 32b c1553 ic_m4 known_null_dick table completed_valid t=0.0s
[     28s] main 32b c1554 ic_m4 subgroup table completed_valid t=0.0s
[     28s] main 32b c1554 ic_m4 dickson table completed_valid t=0.0s
[     28s] main 32b c1554 ic_m4 small_x table completed_valid t=0.0s
[     28s] main 32b c1554 ic_m4 random_sub_r0 table completed_valid t=0.0s
[     28s] main 32b c1554 ic_m4 random_sub_r1 table completed_valid t=0.0s
[     28s] main 32b c1554 ic_m4 random_sub_r2 table completed_valid t=0.0s
[     28s] main 32b c1554 ic_m4 known_null_sub table completed_valid t=0.0s
[     28s] main 32b c1554 ic_m4 random_dick_r0 table completed_valid t=0.0s
[     28s] main 32b c1554 ic_m4 random_dick_r1 table completed_valid t=0.0s
[     28s] main 32b c1554 ic_m4 random_dick_r2 table completed_valid t=0.0s
[     28s] main 32b c1554 ic_m4 known_null_dick table completed_valid t=0.0s
[     29s] main 32b c1555 ic_m4 subgroup table completed_valid t=0.0s
[     29s] main 32b c1555 ic_m4 dickson table completed_valid t=0.0s
[     29s] main 32b c1555 ic_m4 small_x table completed_valid t=0.0s
[     29s] main 32b c1555 ic_m4 random_sub_r0 table completed_valid t=0.0s
[     29s] main 32b c1555 ic_m4 random_sub_r1 table completed_valid t=0.0s
[     29s] main 32b c1555 ic_m4 random_sub_r2 table completed_valid t=0.0s
[     29s] main 32b c1555 ic_m4 known_null_sub table completed_valid t=0.0s
[     29s] main 32b c1555 ic_m4 random_dick_r0 table completed_valid t=0.0s
[     29s] main 32b c1555 ic_m4 random_dick_r1 table completed_valid t=0.0s
[     29s] main 32b c1555 ic_m4 random_dick_r2 table completed_valid t=0.0s
[     29s] main 32b c1555 ic_m4 known_null_dick table completed_valid t=0.0s
[     29s] main 32b c1556 ic_m4 subgroup table completed_valid t=0.0s
[     29s] main 32b c1556 ic_m4 dickson table completed_valid t=0.0s
[     29s] main 32b c1556 ic_m4 small_x table completed_valid t=0.0s
[     29s] main 32b c1556 ic_m4 random_sub_r0 table completed_valid t=0.0s
[     29s] main 32b c1556 ic_m4 random_sub_r1 table completed_valid t=0.0s
[     29s] main 32b c1556 ic_m4 random_sub_r2 table completed_valid t=0.0s
[     29s] main 32b c1556 ic_m4 known_null_sub table completed_valid t=0.0s
[     29s] main 32b c1556 ic_m4 random_dick_r0 table completed_valid t=0.0s
[     29s] main 32b c1556 ic_m4 random_dick_r1 table completed_valid t=0.0s
[     29s] main 32b c1556 ic_m4 random_dick_r2 table completed_valid t=0.0s
[     29s] main 32b c1556 ic_m4 known_null_dick table completed_valid t=0.0s
[     30s] main 32b c1557 ic_m4 subgroup table completed_valid t=0.0s
[     30s] main 32b c1557 ic_m4 dickson table completed_valid t=0.0s
[     30s] main 32b c1557 ic_m4 small_x table completed_valid t=0.0s
[     30s] main 32b c1557 ic_m4 random_sub_r0 table completed_valid t=0.0s
[     30s] main 32b c1557 ic_m4 random_sub_r1 table completed_valid t=0.0s
[     30s] main 32b c1557 ic_m4 random_sub_r2 table completed_valid t=0.0s
[     30s] main 32b c1557 ic_m4 known_null_sub table completed_valid t=0.0s
[     30s] main 32b c1557 ic_m4 random_dick_r0 table completed_valid t=0.0s
[     30s] main 32b c1557 ic_m4 random_dick_r1 table completed_valid t=0.0s
[     30s] main 32b c1557 ic_m4 random_dick_r2 table completed_valid t=0.0s
[     30s] main 32b c1557 ic_m4 known_null_dick table completed_valid t=0.1s
[     30s] main 32b c1558 ic_m4 subgroup table completed_valid t=0.0s
[     30s] main 32b c1558 ic_m4 dickson table completed_valid t=0.0s
[     30s] main 32b c1558 ic_m4 small_x table completed_valid t=0.0s
[     30s] main 32b c1558 ic_m4 random_sub_r0 table completed_valid t=0.0s
[     30s] main 32b c1558 ic_m4 random_sub_r1 table completed_valid t=0.0s
[     30s] main 32b c1558 ic_m4 random_sub_r2 table completed_valid t=0.0s
[     30s] main 32b c1558 ic_m4 known_null_sub table completed_valid t=0.0s
[     30s] main 32b c1558 ic_m4 random_dick_r0 table completed_valid t=0.0s
[     30s] main 32b c1558 ic_m4 random_dick_r1 table completed_valid t=0.0s
[     30s] main 32b c1558 ic_m4 random_dick_r2 table completed_valid t=0.0s
[     30s] main 32b c1558 ic_m4 known_null_dick table completed_valid t=0.0s
[     31s] main 32b c1559 ic_m4 subgroup table completed_valid t=0.0s
[     31s] main 32b c1559 ic_m4 dickson table completed_valid t=0.0s
[     31s] main 32b c1559 ic_m4 small_x table completed_valid t=0.0s
[     31s] main 32b c1559 ic_m4 random_sub_r0 table completed_valid t=0.0s
[     31s] main 32b c1559 ic_m4 random_sub_r1 table completed_valid t=0.0s
[     31s] main 32b c1559 ic_m4 random_sub_r2 table completed_valid t=0.0s
[     31s] main 32b c1559 ic_m4 known_null_sub table completed_valid t=0.0s
[     31s] main 32b c1559 ic_m4 random_dick_r0 table completed_valid t=0.0s
[     31s] main 32b c1559 ic_m4 random_dick_r1 table completed_valid t=0.0s
[     31s] main 32b c1559 ic_m4 random_dick_r2 table completed_valid t=0.0s
[     31s] main 32b c1559 ic_m4 known_null_dick table completed_valid t=0.0s
[     32s] main 32b c1560 ic_m4 subgroup table completed_valid t=0.0s
[     32s] main 32b c1560 ic_m4 dickson table completed_valid t=0.0s
[     32s] main 32b c1560 ic_m4 small_x table completed_valid t=0.0s
[     32s] main 32b c1560 ic_m4 random_sub_r0 table completed_valid t=0.0s
[     32s] main 32b c1560 ic_m4 random_sub_r1 table completed_valid t=0.0s
[     32s] main 32b c1560 ic_m4 random_sub_r2 table completed_valid t=0.0s
[     32s] main 32b c1560 ic_m4 known_null_sub table completed_valid t=0.0s
[     32s] main 32b c1560 ic_m4 random_dick_r0 table completed_valid t=0.0s
[     32s] main 32b c1560 ic_m4 random_dick_r1 table completed_valid t=0.0s
[     32s] main 32b c1560 ic_m4 random_dick_r2 table completed_valid t=0.0s
[     32s] main 32b c1560 ic_m4 known_null_dick table completed_valid t=0.0s
[     32s] main 32b c1561 ic_m4 subgroup table completed_valid t=0.0s
[     32s] main 32b c1561 ic_m4 dickson table completed_valid t=0.0s
[     32s] main 32b c1561 ic_m4 small_x table completed_valid t=0.0s
[     32s] main 32b c1561 ic_m4 random_sub_r0 table completed_valid t=0.0s
[     32s] main 32b c1561 ic_m4 random_sub_r1 table completed_valid t=0.0s
[     32s] main 32b c1561 ic_m4 random_sub_r2 table completed_valid t=0.0s
[     32s] main 32b c1561 ic_m4 known_null_sub table completed_valid t=0.0s
[     32s] main 32b c1561 ic_m4 random_dick_r0 table completed_valid t=0.0s
[     32s] main 32b c1561 ic_m4 random_dick_r1 table completed_valid t=0.0s
[     32s] main 32b c1561 ic_m4 random_dick_r2 table completed_valid t=0.0s
[     32s] main 32b c1561 ic_m4 known_null_dick table completed_valid t=0.0s
[     33s] main 32b c1562 ic_m4 subgroup table completed_valid t=0.0s
[     33s] main 32b c1562 ic_m4 dickson table completed_valid t=0.0s
[     33s] main 32b c1562 ic_m4 small_x table completed_valid t=0.0s
[     33s] main 32b c1562 ic_m4 random_sub_r0 table completed_valid t=0.0s
[     33s] main 32b c1562 ic_m4 random_sub_r1 table completed_valid t=0.0s
[     33s] main 32b c1562 ic_m4 random_sub_r2 table completed_valid t=0.0s
[     33s] main 32b c1562 ic_m4 known_null_sub table completed_valid t=0.0s
[     33s] main 32b c1562 ic_m4 random_dick_r0 table completed_valid t=0.0s
[     33s] main 32b c1562 ic_m4 random_dick_r1 table completed_valid t=0.0s
[     33s] main 32b c1562 ic_m4 random_dick_r2 table completed_valid t=0.0s
[     33s] main 32b c1562 ic_m4 known_null_dick table completed_valid t=0.0s
[     34s] main 32b c1563 ic_m4 subgroup table completed_valid t=0.0s
[     34s] main 32b c1563 ic_m4 dickson table completed_valid t=0.0s
[     34s] main 32b c1563 ic_m4 small_x table completed_valid t=0.1s
[     34s] main 32b c1563 ic_m4 random_sub_r0 table completed_valid t=0.0s
[     34s] main 32b c1563 ic_m4 random_sub_r1 table completed_valid t=0.0s
[     34s] main 32b c1563 ic_m4 random_sub_r2 table completed_valid t=0.0s
[     34s] main 32b c1563 ic_m4 known_null_sub table completed_valid t=0.0s
[     34s] main 32b c1563 ic_m4 random_dick_r0 table completed_valid t=0.0s
[     34s] main 32b c1563 ic_m4 random_dick_r1 table completed_valid t=0.0s
[     34s] main 32b c1563 ic_m4 random_dick_r2 table completed_valid t=0.0s
[     34s] main 32b c1563 ic_m4 known_null_dick table completed_valid t=0.0s
[     34s] main 32b c1564 ic_m4 subgroup table completed_valid t=0.1s
[     34s] main 32b c1564 ic_m4 dickson table completed_valid t=0.1s
[     34s] main 32b c1564 ic_m4 small_x table completed_valid t=0.1s
[     34s] main 32b c1564 ic_m4 random_sub_r0 table completed_valid t=0.1s
[     34s] main 32b c1564 ic_m4 random_sub_r1 table completed_valid t=0.0s
[     34s] main 32b c1564 ic_m4 random_sub_r2 table completed_valid t=0.0s
[     34s] main 32b c1564 ic_m4 known_null_sub table completed_valid t=0.0s
[     34s] main 32b c1564 ic_m4 random_dick_r0 table completed_valid t=0.0s
[     34s] main 32b c1564 ic_m4 random_dick_r1 table completed_valid t=0.1s
[     34s] main 32b c1564 ic_m4 random_dick_r2 table completed_valid t=0.0s
[     34s] main 32b c1564 ic_m4 known_null_dick table completed_valid t=0.0s
[     35s] main 32b c1565 ic_m4 subgroup table completed_valid t=0.0s
[     35s] main 32b c1565 ic_m4 dickson table completed_valid t=0.0s
[     35s] main 32b c1565 ic_m4 small_x table completed_valid t=0.0s
[     35s] main 32b c1565 ic_m4 random_sub_r0 table completed_valid t=0.0s
[     35s] main 32b c1565 ic_m4 random_sub_r1 table completed_valid t=0.0s
[     35s] main 32b c1565 ic_m4 random_sub_r2 table completed_valid t=0.0s
[     35s] main 32b c1565 ic_m4 known_null_sub table completed_valid t=0.0s
[     35s] main 32b c1565 ic_m4 random_dick_r0 table completed_valid t=0.0s
[     35s] main 32b c1565 ic_m4 random_dick_r1 table completed_valid t=0.0s
[     35s] main 32b c1565 ic_m4 random_dick_r2 table completed_valid t=0.0s
[     35s] main 32b c1565 ic_m4 known_null_dick table completed_valid t=0.1s
[     36s] main 32b c1566 ic_m4 subgroup table completed_valid t=0.0s
[     36s] main 32b c1566 ic_m4 dickson table completed_valid t=0.0s
[     36s] main 32b c1566 ic_m4 small_x table completed_valid t=0.0s
[     36s] main 32b c1566 ic_m4 random_sub_r0 table completed_valid t=0.0s
[     36s] main 32b c1566 ic_m4 random_sub_r1 table completed_valid t=0.0s
[     36s] main 32b c1566 ic_m4 random_sub_r2 table completed_valid t=0.0s
[     36s] main 32b c1566 ic_m4 known_null_sub table completed_valid t=0.0s
[     36s] main 32b c1566 ic_m4 random_dick_r0 table completed_valid t=0.0s
[     36s] main 32b c1566 ic_m4 random_dick_r1 table completed_valid t=0.0s
[     36s] main 32b c1566 ic_m4 random_dick_r2 table completed_valid t=0.0s
[     36s] main 32b c1566 ic_m4 known_null_dick table completed_valid t=0.1s
[     36s] main 32b c1567 ic_m4 subgroup table completed_valid t=0.0s
[     36s] main 32b c1567 ic_m4 dickson table completed_valid t=0.0s
[     36s] main 32b c1567 ic_m4 small_x table completed_valid t=0.0s
[     36s] main 32b c1567 ic_m4 random_sub_r0 table completed_valid t=0.0s
[     36s] main 32b c1567 ic_m4 random_sub_r1 table completed_valid t=0.0s
[     36s] main 32b c1567 ic_m4 random_sub_r2 table completed_valid t=0.0s
[     36s] main 32b c1567 ic_m4 known_null_sub table completed_valid t=0.0s
[     36s] main 32b c1567 ic_m4 random_dick_r0 table completed_valid t=0.0s
[     36s] main 32b c1567 ic_m4 random_dick_r1 table completed_valid t=0.0s
[     36s] main 32b c1567 ic_m4 random_dick_r2 table completed_valid t=0.0s
[     36s] main 32b c1567 ic_m4 known_null_dick table completed_valid t=0.0s
[     37s] main 32b c1568 ic_m4 subgroup table completed_valid t=0.0s
[     37s] main 32b c1568 ic_m4 dickson table completed_valid t=0.0s
[     37s] main 32b c1568 ic_m4 small_x table completed_valid t=0.0s
[     37s] main 32b c1568 ic_m4 random_sub_r0 table completed_valid t=0.0s
[     37s] main 32b c1568 ic_m4 random_sub_r1 table completed_valid t=0.0s
[     37s] main 32b c1568 ic_m4 random_sub_r2 table completed_valid t=0.0s
[     37s] main 32b c1568 ic_m4 known_null_sub table completed_valid t=0.0s
[     37s] main 32b c1568 ic_m4 random_dick_r0 table completed_valid t=0.1s
[     37s] main 32b c1568 ic_m4 random_dick_r1 table completed_valid t=0.1s
[     37s] main 32b c1568 ic_m4 random_dick_r2 table completed_valid t=0.0s
[     37s] main 32b c1568 ic_m4 known_null_dick table completed_valid t=0.0s
[     38s] main 32b c1569 ic_m4 subgroup table completed_valid t=0.0s
[     38s] main 32b c1569 ic_m4 dickson table completed_valid t=0.0s
[     38s] main 32b c1569 ic_m4 small_x table completed_valid t=0.0s
[     38s] main 32b c1569 ic_m4 random_sub_r0 table completed_valid t=0.0s
[     38s] main 32b c1569 ic_m4 random_sub_r1 table completed_valid t=0.0s
[     38s] main 32b c1569 ic_m4 random_sub_r2 table completed_valid t=0.0s
[     38s] main 32b c1569 ic_m4 known_null_sub table completed_valid t=0.0s
[     38s] main 32b c1569 ic_m4 random_dick_r0 table completed_valid t=0.1s
[     38s] main 32b c1569 ic_m4 random_dick_r1 table completed_valid t=0.0s
[     38s] main 32b c1569 ic_m4 random_dick_r2 table completed_valid t=0.0s
[     38s] main 32b c1569 ic_m4 known_null_dick table completed_valid t=0.1s
[     38s] main 32b c1570 ic_m4 subgroup table completed_valid t=0.0s
[     38s] main 32b c1570 ic_m4 dickson table completed_valid t=0.0s
[     38s] main 32b c1570 ic_m4 small_x table completed_valid t=0.0s
[     38s] main 32b c1570 ic_m4 random_sub_r0 table completed_valid t=0.0s
[     38s] main 32b c1570 ic_m4 random_sub_r1 table completed_valid t=0.0s
[     38s] main 32b c1570 ic_m4 random_sub_r2 table completed_valid t=0.0s
[     38s] main 32b c1570 ic_m4 known_null_sub table completed_valid t=0.0s
[     38s] main 32b c1570 ic_m4 random_dick_r0 table completed_valid t=0.0s
[     38s] main 32b c1570 ic_m4 random_dick_r1 table completed_valid t=0.0s
[     38s] main 32b c1570 ic_m4 random_dick_r2 table completed_valid t=0.0s
[     38s] main 32b c1570 ic_m4 known_null_dick table completed_valid t=0.1s
[     39s] main 32b c1571 ic_m4 subgroup table completed_valid t=0.0s
[     39s] main 32b c1571 ic_m4 dickson table completed_valid t=0.0s
[     39s] main 32b c1571 ic_m4 small_x table completed_valid t=0.0s
[     39s] main 32b c1571 ic_m4 random_sub_r0 table completed_valid t=0.0s
[     39s] main 32b c1571 ic_m4 random_sub_r1 table completed_valid t=0.0s
[     39s] main 32b c1571 ic_m4 random_sub_r2 table completed_valid t=0.0s
[     39s] main 32b c1571 ic_m4 known_null_sub table completed_valid t=0.0s
[     39s] main 32b c1571 ic_m4 random_dick_r0 table completed_valid t=0.0s
[     39s] main 32b c1571 ic_m4 random_dick_r1 table completed_valid t=0.0s
[     39s] main 32b c1571 ic_m4 random_dick_r2 table completed_valid t=0.0s
[     39s] main 32b c1571 ic_m4 known_null_dick table completed_valid t=0.0s
[     39s] main 32b c1572 ic_m4 subgroup table completed_valid t=0.0s
[     39s] main 32b c1572 ic_m4 dickson table completed_valid t=0.0s
[     39s] main 32b c1572 ic_m4 small_x table completed_valid t=0.0s
[     39s] main 32b c1572 ic_m4 random_sub_r0 table completed_valid t=0.0s
[     39s] main 32b c1572 ic_m4 random_sub_r1 table completed_valid t=0.0s
[     39s] main 32b c1572 ic_m4 random_sub_r2 table completed_valid t=0.0s
[     39s] main 32b c1572 ic_m4 known_null_sub table completed_valid t=0.0s
[     39s] main 32b c1572 ic_m4 random_dick_r0 table completed_valid t=0.0s
[     39s] main 32b c1572 ic_m4 random_dick_r1 table completed_valid t=0.0s
[     39s] main 32b c1572 ic_m4 random_dick_r2 table completed_valid t=0.0s
[     39s] main 32b c1572 ic_m4 known_null_dick table completed_valid t=0.0s
[     40s] main 32b c1573 ic_m4 subgroup table completed_valid t=0.0s
[     40s] main 32b c1573 ic_m4 dickson table completed_valid t=0.0s
[     40s] main 32b c1573 ic_m4 small_x table completed_valid t=0.0s
[     40s] main 32b c1573 ic_m4 random_sub_r0 table completed_valid t=0.0s
[     40s] main 32b c1573 ic_m4 random_sub_r1 table completed_valid t=0.0s
[     40s] main 32b c1573 ic_m4 random_sub_r2 table completed_valid t=0.0s
[     40s] main 32b c1573 ic_m4 known_null_sub table completed_valid t=0.0s
[     40s] main 32b c1573 ic_m4 random_dick_r0 table completed_valid t=0.0s
[     40s] main 32b c1573 ic_m4 random_dick_r1 table completed_valid t=0.0s
[     40s] main 32b c1573 ic_m4 random_dick_r2 table completed_valid t=0.0s
[     40s] main 32b c1573 ic_m4 known_null_dick table completed_valid t=0.0s
[     40s] main 32b c1574 ic_m4 subgroup table completed_valid t=0.0s
[     40s] main 32b c1574 ic_m4 dickson table completed_valid t=0.0s
[     40s] main 32b c1574 ic_m4 small_x table completed_valid t=0.0s
[     40s] main 32b c1574 ic_m4 random_sub_r0 table completed_valid t=0.0s
[     40s] main 32b c1574 ic_m4 random_sub_r1 table completed_valid t=0.0s
[     40s] main 32b c1574 ic_m4 random_sub_r2 table completed_valid t=0.0s
[     40s] main 32b c1574 ic_m4 known_null_sub table completed_valid t=0.0s
[     40s] main 32b c1574 ic_m4 random_dick_r0 table completed_valid t=0.0s
[     40s] main 32b c1574 ic_m4 random_dick_r1 table completed_valid t=0.0s
[     40s] main 32b c1574 ic_m4 random_dick_r2 table completed_valid t=0.0s
[     40s] main 32b c1574 ic_m4 known_null_dick table completed_valid t=0.1s
[     41s] main 32b c1575 ic_m4 subgroup table completed_valid t=0.0s
[     41s] main 32b c1575 ic_m4 dickson table completed_valid t=0.0s
[     41s] main 32b c1575 ic_m4 small_x table completed_valid t=0.0s
[     41s] main 32b c1575 ic_m4 random_sub_r0 table completed_valid t=0.0s
[     41s] main 32b c1575 ic_m4 random_sub_r1 table completed_valid t=0.0s
[     41s] main 32b c1575 ic_m4 random_sub_r2 table completed_valid t=0.0s
[     41s] main 32b c1575 ic_m4 known_null_sub table completed_valid t=0.0s
[     41s] main 32b c1575 ic_m4 random_dick_r0 table completed_valid t=0.0s
[     41s] main 32b c1575 ic_m4 random_dick_r1 table completed_valid t=0.0s
[     41s] main 32b c1575 ic_m4 random_dick_r2 table completed_valid t=0.1s
[     41s] main 32b c1575 ic_m4 known_null_dick table completed_valid t=0.0s
[     42s] main 32b c1576 ic_m4 subgroup table completed_valid t=0.0s
[     42s] main 32b c1576 ic_m4 dickson table completed_valid t=0.0s
[     42s] main 32b c1576 ic_m4 small_x table completed_valid t=0.0s
[     42s] main 32b c1576 ic_m4 random_sub_r0 table completed_valid t=0.0s
[     42s] main 32b c1576 ic_m4 random_sub_r1 table completed_valid t=0.0s
[     42s] main 32b c1576 ic_m4 random_sub_r2 table completed_valid t=0.0s
[     42s] main 32b c1576 ic_m4 known_null_sub table completed_valid t=0.0s
[     42s] main 32b c1576 ic_m4 random_dick_r0 table completed_valid t=0.0s
[     42s] main 32b c1576 ic_m4 random_dick_r1 table completed_valid t=0.0s
[     42s] main 32b c1576 ic_m4 random_dick_r2 table completed_valid t=0.0s
[     42s] main 32b c1576 ic_m4 known_null_dick table completed_valid t=0.0s
[     43s] main 32b c1577 ic_m4 subgroup table completed_valid t=0.0s
[     43s] main 32b c1577 ic_m4 dickson table completed_valid t=0.0s
[     43s] main 32b c1577 ic_m4 small_x table completed_valid t=0.0s
[     43s] main 32b c1577 ic_m4 random_sub_r0 table completed_valid t=0.0s
[     43s] main 32b c1577 ic_m4 random_sub_r1 table completed_valid t=0.0s
[     43s] main 32b c1577 ic_m4 random_sub_r2 table completed_valid t=0.0s
[     43s] main 32b c1577 ic_m4 known_null_sub table completed_valid t=0.0s
[     43s] main 32b c1577 ic_m4 random_dick_r0 table completed_valid t=0.0s
[     43s] main 32b c1577 ic_m4 random_dick_r1 table completed_valid t=0.0s
[     43s] main 32b c1577 ic_m4 random_dick_r2 table completed_valid t=0.0s
[     43s] main 32b c1577 ic_m4 known_null_dick table completed_valid t=0.0s
[     43s] main 32b c1578 ic_m4 subgroup table completed_valid t=0.0s
[     43s] main 32b c1578 ic_m4 dickson table completed_valid t=0.0s
[     43s] main 32b c1578 ic_m4 small_x table completed_valid t=0.0s
[     43s] main 32b c1578 ic_m4 random_sub_r0 table completed_valid t=0.0s
[     43s] main 32b c1578 ic_m4 random_sub_r1 table completed_valid t=0.0s
[     43s] main 32b c1578 ic_m4 random_sub_r2 table completed_valid t=0.0s
[     43s] main 32b c1578 ic_m4 known_null_sub table completed_valid t=0.0s
[     43s] main 32b c1578 ic_m4 random_dick_r0 table completed_valid t=0.0s
[     43s] main 32b c1578 ic_m4 random_dick_r1 table completed_valid t=0.1s
[     43s] main 32b c1578 ic_m4 random_dick_r2 table completed_valid t=0.1s
[     43s] main 32b c1578 ic_m4 known_null_dick table completed_valid t=0.0s
[     44s] main 32b c1579 ic_m4 subgroup table completed_valid t=0.0s
[     44s] main 32b c1579 ic_m4 dickson table completed_valid t=0.0s
[     44s] main 32b c1579 ic_m4 small_x table completed_valid t=0.0s
[     44s] main 32b c1579 ic_m4 random_sub_r0 table completed_valid t=0.0s
[     44s] main 32b c1579 ic_m4 random_sub_r1 table completed_valid t=0.1s
[     44s] main 32b c1579 ic_m4 random_sub_r2 table completed_valid t=0.0s
[     44s] main 32b c1579 ic_m4 known_null_sub table completed_valid t=0.0s
[     44s] main 32b c1579 ic_m4 random_dick_r0 table completed_valid t=0.1s
[     44s] main 32b c1579 ic_m4 random_dick_r1 table completed_valid t=0.0s
[     44s] main 32b c1579 ic_m4 random_dick_r2 table completed_valid t=0.0s
[     44s] main 32b c1579 ic_m4 known_null_dick table completed_valid t=0.0s
[     45s] main 32b c1580 ic_m4 subgroup table completed_valid t=0.0s
[     45s] main 32b c1580 ic_m4 dickson table completed_valid t=0.0s
[     45s] main 32b c1580 ic_m4 small_x table completed_valid t=0.0s
[     45s] main 32b c1580 ic_m4 random_sub_r0 table completed_valid t=0.0s
[     45s] main 32b c1580 ic_m4 random_sub_r1 table completed_valid t=0.0s
[     45s] main 32b c1580 ic_m4 random_sub_r2 table completed_valid t=0.0s
[     45s] main 32b c1580 ic_m4 known_null_sub table completed_valid t=0.0s
[     45s] main 32b c1580 ic_m4 random_dick_r0 table completed_valid t=0.0s
[     45s] main 32b c1580 ic_m4 random_dick_r1 table completed_valid t=0.0s
[     45s] main 32b c1580 ic_m4 random_dick_r2 table completed_valid t=0.0s
[     45s] main 32b c1580 ic_m4 known_null_dick table completed_valid t=0.0s
[     45s] main 32b c1581 ic_m4 subgroup table completed_valid t=0.0s
[     45s] main 32b c1581 ic_m4 dickson table completed_valid t=0.0s
[     45s] main 32b c1581 ic_m4 small_x table completed_valid t=0.0s
[     45s] main 32b c1581 ic_m4 random_sub_r0 table completed_valid t=0.0s
[     45s] main 32b c1581 ic_m4 random_sub_r1 table completed_valid t=0.0s
[     45s] main 32b c1581 ic_m4 random_sub_r2 table completed_valid t=0.0s
[     45s] main 32b c1581 ic_m4 known_null_sub table completed_valid t=0.0s
[     45s] main 32b c1581 ic_m4 random_dick_r0 table completed_valid t=0.0s
[     45s] main 32b c1581 ic_m4 random_dick_r1 table completed_valid t=0.0s
[     45s] main 32b c1581 ic_m4 random_dick_r2 table completed_valid t=0.1s
[     45s] main 32b c1581 ic_m4 known_null_dick table completed_valid t=0.1s
[     46s] main 32b c1582 ic_m4 subgroup table completed_valid t=0.1s
[     46s] main 32b c1582 ic_m4 dickson table completed_valid t=0.1s
[     46s] main 32b c1582 ic_m4 small_x table completed_valid t=0.0s
[     46s] main 32b c1582 ic_m4 random_sub_r0 table completed_valid t=0.0s
[     46s] main 32b c1582 ic_m4 random_sub_r1 table completed_valid t=0.0s
[     46s] main 32b c1582 ic_m4 random_sub_r2 table completed_valid t=0.0s
[     46s] main 32b c1582 ic_m4 known_null_sub table completed_valid t=0.0s
[     46s] main 32b c1582 ic_m4 random_dick_r0 table completed_valid t=0.0s
[     46s] main 32b c1582 ic_m4 random_dick_r1 table completed_valid t=0.0s
[     46s] main 32b c1582 ic_m4 random_dick_r2 table completed_valid t=0.0s
[     46s] main 32b c1582 ic_m4 known_null_dick table completed_valid t=0.0s
[     47s] main 32b c1583 ic_m4 subgroup table completed_valid t=0.0s
[     47s] main 32b c1583 ic_m4 dickson table completed_valid t=0.0s
[     47s] main 32b c1583 ic_m4 small_x table completed_valid t=0.0s
[     47s] main 32b c1583 ic_m4 random_sub_r0 table completed_valid t=0.0s
[     47s] main 32b c1583 ic_m4 random_sub_r1 table completed_valid t=0.0s
[     47s] main 32b c1583 ic_m4 random_sub_r2 table completed_valid t=0.0s
[     47s] main 32b c1583 ic_m4 known_null_sub table completed_valid t=0.0s
[     47s] main 32b c1583 ic_m4 random_dick_r0 table completed_valid t=0.0s
[     47s] main 32b c1583 ic_m4 random_dick_r1 table completed_valid t=0.0s
[     47s] main 32b c1583 ic_m4 random_dick_r2 table completed_valid t=0.0s
[     47s] main 32b c1583 ic_m4 known_null_dick table completed_valid t=0.0s
[     48s] main 32b c1584 ic_m4 subgroup table completed_valid t=0.0s
[     48s] main 32b c1584 ic_m4 dickson table completed_valid t=0.0s
[     48s] main 32b c1584 ic_m4 small_x table completed_valid t=0.0s
[     48s] main 32b c1584 ic_m4 random_sub_r0 table completed_valid t=0.0s
[     48s] main 32b c1584 ic_m4 random_sub_r1 table completed_valid t=0.0s
[     48s] main 32b c1584 ic_m4 random_sub_r2 table completed_valid t=0.0s
[     48s] main 32b c1584 ic_m4 known_null_sub table completed_valid t=0.0s
[     48s] main 32b c1584 ic_m4 random_dick_r0 table completed_valid t=0.0s
[     48s] main 32b c1584 ic_m4 random_dick_r1 table completed_valid t=0.0s
[     48s] main 32b c1584 ic_m4 random_dick_r2 table completed_valid t=0.0s
[     48s] main 32b c1584 ic_m4 known_null_dick table completed_valid t=0.0s
[     48s] main 32b c1585 ic_m4 subgroup table completed_valid t=0.0s
[     48s] main 32b c1585 ic_m4 dickson table completed_valid t=0.0s
[     48s] main 32b c1585 ic_m4 small_x table completed_valid t=0.0s
[     48s] main 32b c1585 ic_m4 random_sub_r0 table completed_valid t=0.0s
[     48s] main 32b c1585 ic_m4 random_sub_r1 table completed_valid t=0.0s
[     48s] main 32b c1585 ic_m4 random_sub_r2 table completed_valid t=0.0s
[     48s] main 32b c1585 ic_m4 known_null_sub table completed_valid t=0.0s
[     48s] main 32b c1585 ic_m4 random_dick_r0 table completed_valid t=0.0s
[     48s] main 32b c1585 ic_m4 random_dick_r1 table completed_valid t=0.0s
[     48s] main 32b c1585 ic_m4 random_dick_r2 table completed_valid t=0.0s
[     48s] main 32b c1585 ic_m4 known_null_dick table completed_valid t=0.0s
[     49s] main 32b c1586 ic_m4 subgroup table completed_valid t=0.0s
[     49s] main 32b c1586 ic_m4 dickson table completed_valid t=0.0s
[     49s] main 32b c1586 ic_m4 small_x table completed_valid t=0.0s
[     49s] main 32b c1586 ic_m4 random_sub_r0 table completed_valid t=0.0s
[     49s] main 32b c1586 ic_m4 random_sub_r1 table completed_valid t=0.0s
[     49s] main 32b c1586 ic_m4 random_sub_r2 table completed_valid t=0.0s
[     49s] main 32b c1586 ic_m4 known_null_sub table completed_valid t=0.0s
[     49s] main 32b c1586 ic_m4 random_dick_r0 table completed_valid t=0.0s
[     49s] main 32b c1586 ic_m4 random_dick_r1 table completed_valid t=0.0s
[     49s] main 32b c1586 ic_m4 random_dick_r2 table completed_valid t=0.0s
[     49s] main 32b c1586 ic_m4 known_null_dick table completed_valid t=0.0s
[     50s] main 32b c1587 ic_m4 subgroup table completed_valid t=0.0s
[     50s] main 32b c1587 ic_m4 dickson table completed_valid t=0.0s
[     50s] main 32b c1587 ic_m4 small_x table completed_valid t=0.0s
[     50s] main 32b c1587 ic_m4 random_sub_r0 table completed_valid t=0.0s
[     50s] main 32b c1587 ic_m4 random_sub_r1 table completed_valid t=0.0s
[     50s] main 32b c1587 ic_m4 random_sub_r2 table completed_valid t=0.0s
[     50s] main 32b c1587 ic_m4 known_null_sub table completed_valid t=0.0s
[     50s] main 32b c1587 ic_m4 random_dick_r0 table completed_valid t=0.0s
[     50s] main 32b c1587 ic_m4 random_dick_r1 table completed_valid t=0.0s
[     50s] main 32b c1587 ic_m4 random_dick_r2 table completed_valid t=0.0s
[     50s] main 32b c1587 ic_m4 known_null_dick table completed_valid t=0.0s
[     50s] main 32b c1588 ic_m4 subgroup table completed_valid t=0.0s
[     50s] main 32b c1588 ic_m4 dickson table completed_valid t=0.0s
[     50s] main 32b c1588 ic_m4 small_x table completed_valid t=0.0s
[     50s] main 32b c1588 ic_m4 random_sub_r0 table completed_valid t=0.1s
[     50s] main 32b c1588 ic_m4 random_sub_r1 table completed_valid t=0.0s
[     50s] main 32b c1588 ic_m4 random_sub_r2 table completed_valid t=0.1s
[     50s] main 32b c1588 ic_m4 known_null_sub table completed_valid t=0.1s
[     50s] main 32b c1588 ic_m4 random_dick_r0 table completed_valid t=0.0s
[     50s] main 32b c1588 ic_m4 random_dick_r1 table completed_valid t=0.0s
[     50s] main 32b c1588 ic_m4 random_dick_r2 table completed_valid t=0.0s
[     50s] main 32b c1588 ic_m4 known_null_dick table completed_valid t=0.0s
[     51s] main 32b c1589 ic_m4 subgroup table completed_valid t=0.0s
[     51s] main 32b c1589 ic_m4 dickson table completed_valid t=0.0s
[     51s] main 32b c1589 ic_m4 small_x table completed_valid t=0.0s
[     51s] main 32b c1589 ic_m4 random_sub_r0 table completed_valid t=0.0s
[     51s] main 32b c1589 ic_m4 random_sub_r1 table completed_valid t=0.0s
[     51s] main 32b c1589 ic_m4 random_sub_r2 table completed_valid t=0.0s
[     51s] main 32b c1589 ic_m4 known_null_sub table completed_valid t=0.0s
[     51s] main 32b c1589 ic_m4 random_dick_r0 table completed_valid t=0.0s
[     51s] main 32b c1589 ic_m4 random_dick_r1 table completed_valid t=0.0s
[     51s] main 32b c1589 ic_m4 random_dick_r2 table completed_valid t=0.0s
[     51s] main 32b c1589 ic_m4 known_null_dick table completed_valid t=0.0s
[     51s] main 32b c1590 ic_m4 subgroup table completed_valid t=0.0s
[     51s] main 32b c1590 ic_m4 dickson table completed_valid t=0.0s
[     51s] main 32b c1590 ic_m4 small_x table completed_valid t=0.0s
[     51s] main 32b c1590 ic_m4 random_sub_r0 table completed_valid t=0.0s
[     51s] main 32b c1590 ic_m4 random_sub_r1 table completed_valid t=0.0s
[     51s] main 32b c1590 ic_m4 random_sub_r2 table completed_valid t=0.0s
[     51s] main 32b c1590 ic_m4 known_null_sub table completed_valid t=0.0s
[     51s] main 32b c1590 ic_m4 random_dick_r0 table completed_valid t=0.0s
[     51s] main 32b c1590 ic_m4 random_dick_r1 table completed_valid t=0.0s
[     51s] main 32b c1590 ic_m4 random_dick_r2 table completed_valid t=0.0s
[     51s] main 32b c1590 ic_m4 known_null_dick table completed_valid t=0.0s
[     52s] main 32b c1591 ic_m4 subgroup table completed_valid t=0.0s
[     52s] main 32b c1591 ic_m4 dickson table completed_valid t=0.0s
[     52s] main 32b c1591 ic_m4 small_x table completed_valid t=0.0s
[     52s] main 32b c1591 ic_m4 random_sub_r0 table completed_valid t=0.1s
[     52s] main 32b c1591 ic_m4 random_sub_r1 table completed_valid t=0.1s
[     52s] main 32b c1591 ic_m4 random_sub_r2 table completed_valid t=0.1s
[     52s] main 32b c1591 ic_m4 known_null_sub table completed_valid t=0.1s
[     52s] main 32b c1591 ic_m4 random_dick_r0 table completed_valid t=0.1s
[     52s] main 32b c1591 ic_m4 random_dick_r1 table completed_valid t=0.1s
[     52s] main 32b c1591 ic_m4 random_dick_r2 table completed_valid t=0.1s
[     52s] main 32b c1591 ic_m4 known_null_dick table completed_valid t=0.0s
[     53s] main 32b c1592 ic_m4 subgroup table completed_valid t=0.0s
[     53s] main 32b c1592 ic_m4 dickson table completed_valid t=0.1s
[     53s] main 32b c1592 ic_m4 small_x table completed_valid t=0.1s
[     53s] main 32b c1592 ic_m4 random_sub_r0 table completed_valid t=0.0s
[     53s] main 32b c1592 ic_m4 random_sub_r1 table completed_valid t=0.0s
[     53s] main 32b c1592 ic_m4 random_sub_r2 table completed_valid t=0.1s
[     53s] main 32b c1592 ic_m4 known_null_sub table completed_valid t=0.1s
[     53s] main 32b c1592 ic_m4 random_dick_r0 table completed_valid t=0.0s
[     53s] main 32b c1592 ic_m4 random_dick_r1 table completed_valid t=0.0s
[     53s] main 32b c1592 ic_m4 random_dick_r2 table completed_valid t=0.0s
[     53s] main 32b c1592 ic_m4 known_null_dick table completed_valid t=0.0s
[     53s] main 32b c1593 ic_m4 subgroup table completed_valid t=0.0s
[     53s] main 32b c1593 ic_m4 dickson table completed_valid t=0.0s
[     53s] main 32b c1593 ic_m4 small_x table completed_valid t=0.0s
[     53s] main 32b c1593 ic_m4 random_sub_r0 table completed_valid t=0.0s
[     53s] main 32b c1593 ic_m4 random_sub_r1 table completed_valid t=0.0s
[     53s] main 32b c1593 ic_m4 random_sub_r2 table completed_valid t=0.0s
[     53s] main 32b c1593 ic_m4 known_null_sub table completed_valid t=0.0s
[     53s] main 32b c1593 ic_m4 random_dick_r0 table completed_valid t=0.0s
[     53s] main 32b c1593 ic_m4 random_dick_r1 table completed_valid t=0.0s
[     53s] main 32b c1593 ic_m4 random_dick_r2 table completed_valid t=0.0s
[     53s] main 32b c1593 ic_m4 known_null_dick table completed_valid t=0.0s
[     54s] main 32b c1594 ic_m4 subgroup table completed_valid t=0.0s
[     54s] main 32b c1594 ic_m4 dickson table completed_valid t=0.0s
[     54s] main 32b c1594 ic_m4 small_x table completed_valid t=0.0s
[     54s] main 32b c1594 ic_m4 random_sub_r0 table completed_valid t=0.1s
[     54s] main 32b c1594 ic_m4 random_sub_r1 table completed_valid t=0.1s
[     54s] main 32b c1594 ic_m4 random_sub_r2 table completed_valid t=0.1s
[     54s] main 32b c1594 ic_m4 known_null_sub table completed_valid t=0.0s
[     54s] main 32b c1594 ic_m4 random_dick_r0 table completed_valid t=0.0s
[     54s] main 32b c1594 ic_m4 random_dick_r1 table completed_valid t=0.0s
[     54s] main 32b c1594 ic_m4 random_dick_r2 table completed_valid t=0.0s
[     54s] main 32b c1594 ic_m4 known_null_dick table completed_valid t=0.0s
[     54s] main 32b c1595 ic_m4 subgroup table completed_valid t=0.0s
[     54s] main 32b c1595 ic_m4 dickson table completed_valid t=0.0s
[     54s] main 32b c1595 ic_m4 small_x table completed_valid t=0.0s
[     54s] main 32b c1595 ic_m4 random_sub_r0 table completed_valid t=0.0s
[     54s] main 32b c1595 ic_m4 random_sub_r1 table completed_valid t=0.0s
[     54s] main 32b c1595 ic_m4 random_sub_r2 table completed_valid t=0.0s
[     54s] main 32b c1595 ic_m4 known_null_sub table completed_valid t=0.0s
[     54s] main 32b c1595 ic_m4 random_dick_r0 table completed_valid t=0.0s
[     54s] main 32b c1595 ic_m4 random_dick_r1 table completed_valid t=0.0s
[     54s] main 32b c1595 ic_m4 random_dick_r2 table completed_valid t=0.0s
[     54s] main 32b c1595 ic_m4 known_null_dick table completed_valid t=0.0s
[     55s] main 32b c1596 ic_m4 subgroup table completed_valid t=0.0s
[     55s] main 32b c1596 ic_m4 dickson table completed_valid t=0.0s
[     55s] main 32b c1596 ic_m4 small_x table completed_valid t=0.0s
[     55s] main 32b c1596 ic_m4 random_sub_r0 table completed_valid t=0.0s
[     55s] main 32b c1596 ic_m4 random_sub_r1 table completed_valid t=0.0s
[     55s] main 32b c1596 ic_m4 random_sub_r2 table completed_valid t=0.0s
[     55s] main 32b c1596 ic_m4 known_null_sub table completed_valid t=0.0s
[     55s] main 32b c1596 ic_m4 random_dick_r0 table completed_valid t=0.0s
[     55s] main 32b c1596 ic_m4 random_dick_r1 table completed_valid t=0.0s
[     55s] main 32b c1596 ic_m4 random_dick_r2 table completed_valid t=0.0s
[     55s] main 32b c1596 ic_m4 known_null_dick table completed_valid t=0.0s
[     56s] main 32b c1597 ic_m4 subgroup table completed_valid t=0.0s
[     56s] main 32b c1597 ic_m4 dickson table completed_valid t=0.0s
[     56s] main 32b c1597 ic_m4 small_x table completed_valid t=0.0s
[     56s] main 32b c1597 ic_m4 random_sub_r0 table completed_valid t=0.0s
[     56s] main 32b c1597 ic_m4 random_sub_r1 table completed_valid t=0.0s
[     56s] main 32b c1597 ic_m4 random_sub_r2 table completed_valid t=0.0s
[     56s] main 32b c1597 ic_m4 known_null_sub table completed_valid t=0.0s
[     56s] main 32b c1597 ic_m4 random_dick_r0 table completed_valid t=0.0s
[     56s] main 32b c1597 ic_m4 random_dick_r1 table completed_valid t=0.0s
[     56s] main 32b c1597 ic_m4 random_dick_r2 table completed_valid t=0.1s
[     56s] main 32b c1597 ic_m4 known_null_dick table completed_valid t=0.1s
[     57s] main 32b c1598 ic_m4 subgroup table completed_valid t=0.0s
[     57s] main 32b c1598 ic_m4 dickson table completed_valid t=0.0s
[     57s] main 32b c1598 ic_m4 small_x table completed_valid t=0.0s
[     57s] main 32b c1598 ic_m4 random_sub_r0 table completed_valid t=0.1s
[     57s] main 32b c1598 ic_m4 random_sub_r1 table completed_valid t=0.0s
[     57s] main 32b c1598 ic_m4 random_sub_r2 table completed_valid t=0.0s
[     57s] main 32b c1598 ic_m4 known_null_sub table completed_valid t=0.1s
[     57s] main 32b c1598 ic_m4 random_dick_r0 table completed_valid t=0.0s
[     57s] main 32b c1598 ic_m4 random_dick_r1 table completed_valid t=0.0s
[     57s] main 32b c1598 ic_m4 random_dick_r2 table completed_valid t=0.0s
[     57s] main 32b c1598 ic_m4 known_null_dick table completed_valid t=0.0s
[     57s] main 32b c1599 ic_m4 subgroup table completed_valid t=0.0s
[     57s] main 32b c1599 ic_m4 dickson table completed_valid t=0.0s
[     57s] main 32b c1599 ic_m4 small_x table completed_valid t=0.0s
[     57s] main 32b c1599 ic_m4 random_sub_r0 table completed_valid t=0.0s
[     57s] main 32b c1599 ic_m4 random_sub_r1 table completed_valid t=0.0s
[     57s] main 32b c1599 ic_m4 random_sub_r2 table completed_valid t=0.0s
[     57s] main 32b c1599 ic_m4 known_null_sub table completed_valid t=0.0s
[     57s] main 32b c1599 ic_m4 random_dick_r0 table completed_valid t=0.0s
[     57s] main 32b c1599 ic_m4 random_dick_r1 table completed_valid t=0.1s
[     57s] main 32b c1599 ic_m4 random_dick_r2 table completed_valid t=0.0s
[     57s] main 32b c1599 ic_m4 known_null_dick table completed_valid t=0.0s
[     58s] main 32b c1600 ic_m4 subgroup table completed_valid t=0.0s
[     58s] main 32b c1600 ic_m4 dickson table completed_valid t=0.0s
[     58s] main 32b c1600 ic_m4 small_x table completed_valid t=0.0s
[     58s] main 32b c1600 ic_m4 random_sub_r0 table completed_valid t=0.0s
[     58s] main 32b c1600 ic_m4 random_sub_r1 table completed_valid t=0.0s
[     58s] main 32b c1600 ic_m4 random_sub_r2 table completed_valid t=0.0s
[     58s] main 32b c1600 ic_m4 known_null_sub table completed_valid t=0.0s
[     58s] main 32b c1600 ic_m4 random_dick_r0 table completed_valid t=0.0s
[     58s] main 32b c1600 ic_m4 random_dick_r1 table completed_valid t=0.0s
[     58s] main 32b c1600 ic_m4 random_dick_r2 table completed_valid t=0.0s
[     58s] main 32b c1600 ic_m4 known_null_dick table completed_valid t=0.0s
[     58s] main 32b c1601 ic_m4 subgroup table completed_valid t=0.0s
[     58s] main 32b c1601 ic_m4 dickson table completed_valid t=0.0s
[     58s] main 32b c1601 ic_m4 small_x table completed_valid t=0.0s
[     58s] main 32b c1601 ic_m4 random_sub_r0 table completed_valid t=0.0s
[     58s] main 32b c1601 ic_m4 random_sub_r1 table completed_valid t=0.0s
[     58s] main 32b c1601 ic_m4 random_sub_r2 table completed_valid t=0.1s
[     58s] main 32b c1601 ic_m4 known_null_sub table completed_valid t=0.1s
[     58s] main 32b c1601 ic_m4 random_dick_r0 table completed_valid t=0.0s
[     58s] main 32b c1601 ic_m4 random_dick_r1 table completed_valid t=0.0s
[     58s] main 32b c1601 ic_m4 random_dick_r2 table completed_valid t=0.0s
[     58s] main 32b c1601 ic_m4 known_null_dick table completed_valid t=0.0s
[     59s] main 32b c1602 ic_m4 subgroup table completed_valid t=0.1s
[     59s] main 32b c1602 ic_m4 dickson table completed_valid t=0.1s
[     59s] main 32b c1602 ic_m4 small_x table completed_valid t=0.0s
[     59s] main 32b c1602 ic_m4 random_sub_r0 table completed_valid t=0.1s
[     59s] main 32b c1602 ic_m4 random_sub_r1 table completed_valid t=0.1s
[     59s] main 32b c1602 ic_m4 random_sub_r2 table completed_valid t=0.1s
[     59s] main 32b c1602 ic_m4 known_null_sub table completed_valid t=0.1s
[     59s] main 32b c1602 ic_m4 random_dick_r0 table completed_valid t=0.1s
[     59s] main 32b c1602 ic_m4 random_dick_r1 table completed_valid t=0.1s
[     59s] main 32b c1602 ic_m4 random_dick_r2 table completed_valid t=0.1s
[     59s] main 32b c1602 ic_m4 known_null_dick table completed_valid t=0.1s
[     60s] main 32b c1603 ic_m4 subgroup table completed_valid t=0.0s
[     60s] main 32b c1603 ic_m4 dickson table completed_valid t=0.0s
[     60s] main 32b c1603 ic_m4 small_x table completed_valid t=0.0s
[     60s] main 32b c1603 ic_m4 random_sub_r0 table completed_valid t=0.0s
[     60s] main 32b c1603 ic_m4 random_sub_r1 table completed_valid t=0.0s
[     60s] main 32b c1603 ic_m4 random_sub_r2 table completed_valid t=0.0s
[     60s] main 32b c1603 ic_m4 known_null_sub table completed_valid t=0.0s
[     60s] main 32b c1603 ic_m4 random_dick_r0 table completed_valid t=0.0s
[     60s] main 32b c1603 ic_m4 random_dick_r1 table completed_valid t=0.0s
[     60s] main 32b c1603 ic_m4 random_dick_r2 table completed_valid t=0.0s
[     60s] main 32b c1603 ic_m4 known_null_dick table completed_valid t=0.0s
[     60s] main 32b c1604 ic_m4 subgroup table completed_valid t=0.1s
[     60s] main 32b c1604 ic_m4 dickson table completed_valid t=0.0s
[     60s] main 32b c1604 ic_m4 small_x table completed_valid t=0.0s
[     60s] main 32b c1604 ic_m4 random_sub_r0 table completed_valid t=0.0s
[     60s] main 32b c1604 ic_m4 random_sub_r1 table completed_valid t=0.0s
[     60s] main 32b c1604 ic_m4 random_sub_r2 table completed_valid t=0.0s
[     60s] main 32b c1604 ic_m4 known_null_sub table completed_valid t=0.0s
[     60s] main 32b c1604 ic_m4 random_dick_r0 table completed_valid t=0.0s
[     60s] main 32b c1604 ic_m4 random_dick_r1 table completed_valid t=0.0s
[     60s] main 32b c1604 ic_m4 random_dick_r2 table completed_valid t=0.0s
[     60s] main 32b c1604 ic_m4 known_null_dick table completed_valid t=0.0s
[     61s] main 32b c1605 ic_m4 subgroup table completed_valid t=0.1s
[     61s] main 32b c1605 ic_m4 dickson table completed_valid t=0.1s
[     61s] main 32b c1605 ic_m4 small_x table completed_valid t=0.1s
[     61s] main 32b c1605 ic_m4 random_sub_r0 table completed_valid t=0.0s
[     61s] main 32b c1605 ic_m4 random_sub_r1 table completed_valid t=0.0s
[     61s] main 32b c1605 ic_m4 random_sub_r2 table completed_valid t=0.0s
[     61s] main 32b c1605 ic_m4 known_null_sub table completed_valid t=0.0s
[     61s] main 32b c1605 ic_m4 random_dick_r0 table completed_valid t=0.0s
[     61s] main 32b c1605 ic_m4 random_dick_r1 table completed_valid t=0.0s
[     61s] main 32b c1605 ic_m4 random_dick_r2 table completed_valid t=0.0s
[     61s] main 32b c1605 ic_m4 known_null_dick table completed_valid t=0.0s
[     62s] main 32b c1606 ic_m4 subgroup table completed_valid t=0.0s
[     62s] main 32b c1606 ic_m4 dickson table completed_valid t=0.0s
[     62s] main 32b c1606 ic_m4 small_x table completed_valid t=0.0s
[     62s] main 32b c1606 ic_m4 random_sub_r0 table completed_valid t=0.0s
[     62s] main 32b c1606 ic_m4 random_sub_r1 table completed_valid t=0.0s
[     62s] main 32b c1606 ic_m4 random_sub_r2 table completed_valid t=0.0s
[     62s] main 32b c1606 ic_m4 known_null_sub table completed_valid t=0.0s
[     62s] main 32b c1606 ic_m4 random_dick_r0 table completed_valid t=0.0s
[     62s] main 32b c1606 ic_m4 random_dick_r1 table completed_valid t=0.0s
[     62s] main 32b c1606 ic_m4 random_dick_r2 table completed_valid t=0.0s
[     62s] main 32b c1606 ic_m4 known_null_dick table completed_valid t=0.0s
[     62s] main 32b c1607 ic_m4 subgroup table completed_valid t=0.0s
[     62s] main 32b c1607 ic_m4 dickson table completed_valid t=0.0s
[     62s] main 32b c1607 ic_m4 small_x table completed_valid t=0.0s
[     62s] main 32b c1607 ic_m4 random_sub_r0 table completed_valid t=0.0s
[     62s] main 32b c1607 ic_m4 random_sub_r1 table completed_valid t=0.0s
[     62s] main 32b c1607 ic_m4 random_sub_r2 table completed_valid t=0.0s
[     62s] main 32b c1607 ic_m4 known_null_sub table completed_valid t=0.0s
[     62s] main 32b c1607 ic_m4 random_dick_r0 table completed_valid t=0.0s
[     62s] main 32b c1607 ic_m4 random_dick_r1 table completed_valid t=0.0s
[     62s] main 32b c1607 ic_m4 random_dick_r2 table completed_valid t=0.0s
[     62s] main 32b c1607 ic_m4 known_null_dick table completed_valid t=0.0s
[     63s] main 32b c1608 ic_m4 subgroup table completed_valid t=0.0s
[     63s] main 32b c1608 ic_m4 dickson table completed_valid t=0.0s
[     63s] main 32b c1608 ic_m4 small_x table completed_valid t=0.1s
[     63s] main 32b c1608 ic_m4 random_sub_r0 table completed_valid t=0.0s
[     63s] main 32b c1608 ic_m4 random_sub_r1 table completed_valid t=0.0s
[     63s] main 32b c1608 ic_m4 random_sub_r2 table completed_valid t=0.0s
[     63s] main 32b c1608 ic_m4 known_null_sub table completed_valid t=0.0s
[     63s] main 32b c1608 ic_m4 random_dick_r0 table completed_valid t=0.0s
[     63s] main 32b c1608 ic_m4 random_dick_r1 table completed_valid t=0.0s
[     63s] main 32b c1608 ic_m4 random_dick_r2 table completed_valid t=0.0s
[     63s] main 32b c1608 ic_m4 known_null_dick table completed_valid t=0.1s
[     64s] main 32b c1609 ic_m4 subgroup table completed_valid t=0.0s
[     64s] main 32b c1609 ic_m4 dickson table completed_valid t=0.0s
[     64s] main 32b c1609 ic_m4 small_x table completed_valid t=0.0s
[     64s] main 32b c1609 ic_m4 random_sub_r0 table completed_valid t=0.0s
[     64s] main 32b c1609 ic_m4 random_sub_r1 table completed_valid t=0.0s
[     64s] main 32b c1609 ic_m4 random_sub_r2 table completed_valid t=0.0s
[     64s] main 32b c1609 ic_m4 known_null_sub table completed_valid t=0.0s
[     64s] main 32b c1609 ic_m4 random_dick_r0 table completed_valid t=0.0s
[     64s] main 32b c1609 ic_m4 random_dick_r1 table completed_valid t=0.0s
[     64s] main 32b c1609 ic_m4 random_dick_r2 table completed_valid t=0.0s
[     64s] main 32b c1609 ic_m4 known_null_dick table completed_valid t=0.0s
