[1] A-1.1: the exact route, and the certified class on the own fibre
    X_lin  certified NON-CONSTANT on every fibre: True (30 fibres)
    X_par  certified NON-CONSTANT on every fibre: True (30 fibres)
    exact-route wall clock, both objects, 60 fibres: 0.0327 s
[2] A-1.3: rho at both declared precisions, and the ratio
    X_lin  ratio in [0.999997517, 1.000003717]; outside [1/2,2]: 0 of 30; rho == 0 anywhere: 0
    X_par  ratio in [0.999998595, 1.000000653]; outside [1/2,2]: 0 of 30; rho == 0 anywhere: 0
[3] the unimodular row operation: SAME lattice, different value
    L1   det U = 1  dX_lin = +4.762e-04  dX_par = -4.762e-04  dX_gso_k = +1.070e-03
    L2   det U = 1  dX_lin = +4.762e-04  dX_par = +4.762e-04  dX_gso_k = +1.268e-05
    L4   det U = 1  dX_lin = +2.500e-04  dX_par = -2.500e-04  dX_gso_k = +1.754e-03
    L5   det U = 1  dX_lin = +2.500e-04  dX_par = +2.500e-04  dX_gso_k = +6.667e-04
    L7   det U = 1  dX_lin = +1.190e-02  dX_par = +1.190e-02  dX_gso_k = +6.308e-02
    L8   det U = 1  dX_lin = +1.190e-02  dX_par = -1.190e-02  dX_gso_k = +2.201e-02
    L9   det U = 1  dX_lin = +5.291e-03  dX_par = +5.291e-03  dX_gso_k = +1.086e-02
    L10  det U = 1  dX_lin = +5.291e-03  dX_par = -5.291e-03  dX_gso_k = +1.311e-02
    L11  det U = 1  dX_lin = +2.976e-03  dX_par = +2.976e-03  dX_gso_k = +1.940e-02
    L12  det U = 1  dX_lin = +2.976e-03  dX_par = +2.976e-03  dX_gso_k = +2.300e-03
[4] correlation across the fibre with the in-scope geometric observable X_gso_k (RQ, binary64)
    X_lin                                  n=30  median r = -0.0045  IQR [-0.1554, +0.1455]  range [-0.6228, +0.5245]
    X_par                                  n=30  median r = -0.0178  IQR [-0.3761, +0.3061]  range [-0.6424, +0.8690]
    X_hash[c=1e-3]                         n=30  median r = +0.0670  IQR [-0.2691, +0.4573]  range [-0.5114, +0.7928]
    X_gso_k_RG_vs_RQ_MUST_PASS_CONTROL     n=30  median r = +1.0000  IQR [+1.0000, +1.0000]  range [+1.0000, +1.0000]

wrote coordination/goals/GOAL-MLKEM-005/batches/BATCH-6b6e78/reviews/TASK-20260813-85e343/probes/probe_nonconstant_null_output.json in 1.8 s
