[cell] arm=main p=16769023 seed=20260730 targets=1200
[check] p prime: True
[curve] a=5047965 b=7775493 n=16765583 j=15988473 rejected=20 (0.03s)
[fb] L = round(q^(1/5)) = 28
[fb] |V| = 28
[fwd] |F| = 784 (0.00s) cross={'method': 'roots of S3(x1,x2,u) over V x V', 'size': 784, 'agrees': True}
[mitm] |T2|=1569 |T3|=25265 (0.04s)
[screen] certified_successes=277 failures=923 cert_failures=0 (1.3s)
[measure] idx=1 success support=29293 deg_u=175616 ops=393068104 hits=33 (13.9s)
[measure] idx=11 success support=29285 deg_u=175616 ops=393068104 hits=33 (14.1s)
[measure] idx=17 success support=29218 deg_u=175504 ops=392720994 hits=153 (14.1s)
[measure] idx=20 success support=29324 deg_u=175616 ops=393068104 hits=60 (14.1s)
[measure] idx=30 success support=29300 deg_u=175616 ops=393068104 hits=66 (14.0s)
[measure] idx=32 success support=29293 deg_u=175616 ops=393068104 hits=60 (14.0s)
[measure] idx=49 success support=29147 deg_u=175616 ops=393068104 hits=60 (13.9s)
[measure] idx=50 success support=29289 deg_u=175616 ops=393068104 hits=60 (14.0s)
[measure] idx=57 success support=29324 deg_u=175616 ops=393068104 hits=33 (14.0s)
[measure] idx=65 success support=29317 deg_u=175616 ops=393068104 hits=78 (14.0s)
[measure] idx=0 failure support=29310 deg_u=175616 ops=393068104 hits=0 (14.1s)
[measure] idx=2 failure support=29317 deg_u=175616 ops=393068038 hits=0 (14.1s)
[measure] idx=3 failure support=29319 deg_u=175616 ops=393068104 hits=0 (14.2s)
[measure] idx=4 failure support=29288 deg_u=175616 ops=393068104 hits=0 (14.1s)
[measure] idx=5 failure support=29284 deg_u=175616 ops=393068104 hits=0 (14.2s)
[measure] idx=6 failure support=29314 deg_u=175616 ops=393068104 hits=0 (14.3s)
[measure] idx=7 failure support=29324 deg_u=175616 ops=393068104 hits=0 (14.2s)
[measure] idx=8 failure support=29307 deg_u=175616 ops=393068104 hits=0 (14.2s)
[measure] idx=9 failure support=29307 deg_u=175616 ops=393068104 hits=0 (14.2s)
[measure] idx=10 failure support=29324 deg_u=175616 ops=393068104 hits=0 (14.3s)
[done] wrote experiments/EXP-RT1476-001/runs/RUN-RT1476-main-p16769023-s20260730
