[calibration exact-tier cell] family=family_B_pure_chain q=16
native_depth=15 target_depth=7
greedy_removed_size=1 greedy_final_depth=7 greedy_iterations=1 greedy_wall_seconds=0.0000
exact_removed_size=1 exact_status=proven_optimal exact_wall_seconds=0.0095
exact_verify_ok=True exact_verify_depth=7
calibration_error_ratio=1.000000
---- CBC solver log (tail) ----
Welcome to the CBC MILP Solver 
Version: 2.10.3 
Build Date: Dec 15 2019 

command line - /usr/local/lib/python3.11/dist-packages/pulp/apis/../solverdir/cbc/linux/i64/cbc /tmp/ddb17d63b62a41fa92b2438cbbf57682-pulp.mps -sec 60 -timeMode elapsed -solve -printingOptions all -solution /tmp/ddb17d63b62a41fa92b2438cbbf57682-pulp.sol (default strategy 1)
At line 2 NAME          MODEL
At line 3 ROWS
At line 36 COLUMNS
At line 201 RHS
At line 233 BOUNDS
At line 266 ENDATA
Problem MODEL has 31 rows, 32 columns and 84 elements
Coin0008I MODEL read with 0 errors
seconds was changed from 1e+100 to 60
Option for timeMode changed from cpu to elapsed
Continuous objective value is 0.35937 - 0.00 seconds
Cgl0004I processed model has 23 rows, 31 columns (31 integer (17 of which binary)) and 75 elements
Cutoff increment increased from 1e-05 to 0.9999
Cbc0038I Initial state - 14 integers unsatisfied sum - 1.35078
Cbc0038I Pass   1: suminf.    1.42401 (10) obj. 0.366229 iterations 5
Cbc0038I Solution found of 5
Cbc0038I Branch and bound needed to clear up 5 general integers
Cbc0038I Full problem 23 rows 31 columns, reduced to 0 rows 0 columns
Cbc0038I Cleaned solution of 5
Cbc0038I Rounding solution of 4 is better than previous of 5

Cbc0038I Before mini branch and bound, 15 integers at bound fixed and 0 continuous of which 1 were internal integer and 0 internal continuous
Cbc0038I Full problem 23 rows 31 columns, reduced to 16 rows 16 columns
Cbc0038I Mini branch and bound improved solution from 4 to 1 (0.00 seconds)
Cbc0038I After 0.00 seconds - Feasibility pump exiting with objective of 1 - took 0.00 seconds
Cbc0012I Integer solution of 1 found by feasibility pump after 0 iterations and 0 nodes (0.00 seconds)
Cbc0001I Search completed - best objective 1, took 0 iterations and 0 nodes (0.00 seconds)
Cbc0035I Maximum depth 0, 9 variables fixed on reduced cost
Cuts at root node changed objective from 0.35937 to 0.35937
Probing was tried 0 times and created 0 cuts of which 0 were active after adding rounds of cuts (0.000 seconds)
Gomory was tried 0 times and created 0 cuts of which 0 were active after adding rounds of cuts (0.000 seconds)
Knapsack was tried 0 times and created 0 cuts of which 0 were active after adding rounds of cuts (0.000 seconds)
Clique was tried 0 times and created 0 cuts of which 0 were active after adding rounds of cuts (0.000 seconds)
MixedIntegerRounding2 was tried 0 times and created 0 cuts of which 0 were active after adding rounds of cuts (0.000 seconds)
FlowCover was tried 0 times and created 0 cuts of which 0 were active after adding rounds of cuts (0.000 seconds)
TwoMirCuts was tried 0 times and created 0 cuts of which 0 were active after adding rounds of cuts (0.000 seconds)
ZeroHalf was tried 0 times and created 0 cuts of which 0 were active after adding rounds of cuts (0.000 seconds)

Result - Optimal solution found

Objective value:                1.00000000
Enumerated nodes:               0
Total iterations:               0
Time (CPU seconds):             0.00
Time (Wallclock seconds):       0.00

Option for printingOptions changed from normal to all
Total time (CPU seconds):       0.00   (Wallclock seconds):       0.00

