[      0s] main 30b c910 ic_m4 subgroup table completed_valid t=0.0s
[      0s] main 30b c910 ic_m4 dickson table completed_valid t=0.0s
[      0s] main 30b c910 ic_m4 small_x table completed_valid t=0.0s
[      0s] main 30b c910 ic_m4 random_sub_r0 table completed_valid t=0.0s
[      0s] main 30b c910 ic_m4 random_sub_r1 table completed_valid t=0.0s
[      0s] main 30b c910 ic_m4 random_sub_r2 table completed_valid t=0.0s
[      0s] main 30b c910 ic_m4 known_null_sub table completed_valid t=0.0s
[      0s] main 30b c910 ic_m4 random_dick_r0 table completed_valid t=0.0s
[      0s] main 30b c910 ic_m4 random_dick_r1 table completed_valid t=0.0s
[      0s] main 30b c910 ic_m4 random_dick_r2 table completed_valid t=0.0s
[      0s] main 30b c910 ic_m4 known_null_dick table completed_valid t=0.0s
[      1s] main 30b c911 ic_m4 subgroup table completed_valid t=0.0s
[      1s] main 30b c911 ic_m4 dickson table completed_valid t=0.0s
[      1s] main 30b c911 ic_m4 small_x table completed_valid t=0.0s
[      1s] main 30b c911 ic_m4 random_sub_r0 table completed_valid t=0.0s
[      1s] main 30b c911 ic_m4 random_sub_r1 table completed_valid t=0.0s
[      1s] main 30b c911 ic_m4 random_sub_r2 table completed_valid t=0.0s
[      1s] main 30b c911 ic_m4 known_null_sub table completed_valid t=0.0s
[      1s] main 30b c911 ic_m4 random_dick_r0 table completed_valid t=0.0s
[      1s] main 30b c911 ic_m4 random_dick_r1 table completed_valid t=0.0s
[      1s] main 30b c911 ic_m4 random_dick_r2 table completed_valid t=0.0s
[      1s] main 30b c911 ic_m4 known_null_dick table completed_valid t=0.0s
[      1s] main 30b c912 ic_m4 subgroup table completed_valid t=0.0s
[      1s] main 30b c912 ic_m4 dickson table completed_valid t=0.0s
[      1s] main 30b c912 ic_m4 small_x table completed_valid t=0.0s
[      1s] main 30b c912 ic_m4 random_sub_r0 table completed_valid t=0.0s
[      1s] main 30b c912 ic_m4 random_sub_r1 table completed_valid t=0.0s
[      1s] main 30b c912 ic_m4 random_sub_r2 table completed_valid t=0.0s
[      1s] main 30b c912 ic_m4 known_null_sub table completed_valid t=0.0s
[      1s] main 30b c912 ic_m4 random_dick_r0 table completed_valid t=0.0s
[      1s] main 30b c912 ic_m4 random_dick_r1 table completed_valid t=0.0s
[      1s] main 30b c912 ic_m4 random_dick_r2 table completed_valid t=0.0s
[      1s] main 30b c912 ic_m4 known_null_dick table completed_valid t=0.0s
[      2s] main 30b c913 ic_m4 subgroup table completed_valid t=0.0s
[      2s] main 30b c913 ic_m4 dickson table completed_valid t=0.0s
[      2s] main 30b c913 ic_m4 small_x table completed_valid t=0.0s
[      2s] main 30b c913 ic_m4 random_sub_r0 table completed_valid t=0.0s
[      2s] main 30b c913 ic_m4 random_sub_r1 table completed_valid t=0.0s
[      2s] main 30b c913 ic_m4 random_sub_r2 table completed_valid t=0.0s
[      2s] main 30b c913 ic_m4 known_null_sub table completed_valid t=0.0s
[      2s] main 30b c913 ic_m4 random_dick_r0 table completed_valid t=0.0s
[      2s] main 30b c913 ic_m4 random_dick_r1 table completed_valid t=0.0s
[      2s] main 30b c913 ic_m4 random_dick_r2 table completed_valid t=0.0s
[      2s] main 30b c913 ic_m4 known_null_dick table completed_valid t=0.0s
[      2s] main 30b c914 ic_m4 subgroup table completed_valid t=0.0s
[      2s] main 30b c914 ic_m4 dickson table completed_valid t=0.0s
[      2s] main 30b c914 ic_m4 small_x table completed_valid t=0.0s
[      2s] main 30b c914 ic_m4 random_sub_r0 table completed_valid t=0.0s
[      2s] main 30b c914 ic_m4 random_sub_r1 table completed_valid t=0.0s
[      2s] main 30b c914 ic_m4 random_sub_r2 table completed_valid t=0.0s
[      2s] main 30b c914 ic_m4 known_null_sub table completed_valid t=0.0s
[      2s] main 30b c914 ic_m4 random_dick_r0 table completed_valid t=0.0s
[      2s] main 30b c914 ic_m4 random_dick_r1 table completed_valid t=0.0s
[      2s] main 30b c914 ic_m4 random_dick_r2 table completed_valid t=0.0s
[      2s] main 30b c914 ic_m4 known_null_dick table completed_valid t=0.0s
[      2s] main 30b c915 ic_m4 subgroup table completed_valid t=0.0s
[      2s] main 30b c915 ic_m4 dickson table completed_valid t=0.0s
[      2s] main 30b c915 ic_m4 small_x table completed_valid t=0.0s
[      2s] main 30b c915 ic_m4 random_sub_r0 table completed_valid t=0.0s
[      2s] main 30b c915 ic_m4 random_sub_r1 table completed_valid t=0.0s
[      2s] main 30b c915 ic_m4 random_sub_r2 table completed_valid t=0.0s
[      2s] main 30b c915 ic_m4 known_null_sub table completed_valid t=0.0s
[      2s] main 30b c915 ic_m4 random_dick_r0 table completed_valid t=0.0s
[      2s] main 30b c915 ic_m4 random_dick_r1 table completed_valid t=0.0s
[      2s] main 30b c915 ic_m4 random_dick_r2 table completed_valid t=0.0s
[      2s] main 30b c915 ic_m4 known_null_dick table completed_valid t=0.0s
[      3s] main 30b c916 ic_m4 subgroup table completed_valid t=0.0s
[      3s] main 30b c916 ic_m4 dickson table completed_valid t=0.0s
[      3s] main 30b c916 ic_m4 small_x table completed_valid t=0.0s
[      3s] main 30b c916 ic_m4 random_sub_r0 table completed_valid t=0.0s
[      3s] main 30b c916 ic_m4 random_sub_r1 table completed_valid t=0.0s
[      3s] main 30b c916 ic_m4 random_sub_r2 table completed_valid t=0.0s
[      3s] main 30b c916 ic_m4 known_null_sub table completed_valid t=0.0s
[      3s] main 30b c916 ic_m4 random_dick_r0 table completed_valid t=0.0s
[      3s] main 30b c916 ic_m4 random_dick_r1 table completed_valid t=0.0s
[      3s] main 30b c916 ic_m4 random_dick_r2 table completed_valid t=0.0s
[      3s] main 30b c916 ic_m4 known_null_dick table completed_valid t=0.0s
[      3s] main 30b c917 ic_m4 subgroup table completed_valid t=0.0s
[      3s] main 30b c917 ic_m4 dickson table completed_valid t=0.0s
[      3s] main 30b c917 ic_m4 small_x table completed_valid t=0.0s
[      3s] main 30b c917 ic_m4 random_sub_r0 table completed_valid t=0.0s
[      3s] main 30b c917 ic_m4 random_sub_r1 table completed_valid t=0.0s
[      3s] main 30b c917 ic_m4 random_sub_r2 table completed_valid t=0.0s
[      3s] main 30b c917 ic_m4 known_null_sub table completed_valid t=0.0s
[      3s] main 30b c917 ic_m4 random_dick_r0 table completed_valid t=0.0s
[      3s] main 30b c917 ic_m4 random_dick_r1 table completed_valid t=0.0s
[      3s] main 30b c917 ic_m4 random_dick_r2 table completed_valid t=0.0s
[      3s] main 30b c917 ic_m4 known_null_dick table completed_valid t=0.0s
[      4s] main 30b c918 ic_m4 subgroup table completed_valid t=0.0s
[      4s] main 30b c918 ic_m4 dickson table completed_valid t=0.0s
[      4s] main 30b c918 ic_m4 small_x table completed_valid t=0.0s
[      4s] main 30b c918 ic_m4 random_sub_r0 table completed_valid t=0.0s
[      4s] main 30b c918 ic_m4 random_sub_r1 table completed_valid t=0.0s
[      4s] main 30b c918 ic_m4 random_sub_r2 table completed_valid t=0.0s
[      4s] main 30b c918 ic_m4 known_null_sub table completed_valid t=0.0s
[      4s] main 30b c918 ic_m4 random_dick_r0 table completed_valid t=0.0s
[      4s] main 30b c918 ic_m4 random_dick_r1 table completed_valid t=0.0s
[      4s] main 30b c918 ic_m4 random_dick_r2 table completed_valid t=0.0s
[      4s] main 30b c918 ic_m4 known_null_dick table completed_valid t=0.0s
[      4s] main 30b c919 ic_m4 subgroup table completed_valid t=0.0s
[      4s] main 30b c919 ic_m4 dickson table completed_valid t=0.0s
[      4s] main 30b c919 ic_m4 small_x table completed_valid t=0.0s
[      4s] main 30b c919 ic_m4 random_sub_r0 table completed_valid t=0.0s
[      4s] main 30b c919 ic_m4 random_sub_r1 table completed_valid t=0.0s
[      4s] main 30b c919 ic_m4 random_sub_r2 table completed_valid t=0.0s
[      4s] main 30b c919 ic_m4 known_null_sub table completed_valid t=0.0s
[      4s] main 30b c919 ic_m4 random_dick_r0 table completed_valid t=0.0s
[      4s] main 30b c919 ic_m4 random_dick_r1 table completed_valid t=0.0s
[      4s] main 30b c919 ic_m4 random_dick_r2 table completed_valid t=0.0s
[      4s] main 30b c919 ic_m4 known_null_dick table completed_valid t=0.0s
[      4s] main 30b c920 ic_m4 subgroup table completed_valid t=0.0s
[      4s] main 30b c920 ic_m4 dickson table completed_valid t=0.0s
[      4s] main 30b c920 ic_m4 small_x table completed_valid t=0.0s
[      4s] main 30b c920 ic_m4 random_sub_r0 table completed_valid t=0.0s
[      4s] main 30b c920 ic_m4 random_sub_r1 table completed_valid t=0.0s
[      4s] main 30b c920 ic_m4 random_sub_r2 table completed_valid t=0.0s
[      4s] main 30b c920 ic_m4 known_null_sub table completed_valid t=0.0s
[      4s] main 30b c920 ic_m4 random_dick_r0 table completed_valid t=0.0s
[      4s] main 30b c920 ic_m4 random_dick_r1 table completed_valid t=0.0s
[      4s] main 30b c920 ic_m4 random_dick_r2 table completed_valid t=0.0s
[      4s] main 30b c920 ic_m4 known_null_dick table completed_valid t=0.0s
[      5s] main 30b c921 ic_m4 subgroup table completed_valid t=0.0s
[      5s] main 30b c921 ic_m4 dickson table completed_valid t=0.0s
[      5s] main 30b c921 ic_m4 small_x table completed_valid t=0.0s
[      5s] main 30b c921 ic_m4 random_sub_r0 table completed_valid t=0.0s
[      5s] main 30b c921 ic_m4 random_sub_r1 table completed_valid t=0.0s
[      5s] main 30b c921 ic_m4 random_sub_r2 table completed_valid t=0.0s
[      5s] main 30b c921 ic_m4 known_null_sub table completed_valid t=0.0s
[      5s] main 30b c921 ic_m4 random_dick_r0 table completed_valid t=0.0s
[      5s] main 30b c921 ic_m4 random_dick_r1 table completed_valid t=0.0s
[      5s] main 30b c921 ic_m4 random_dick_r2 table completed_valid t=0.0s
[      5s] main 30b c921 ic_m4 known_null_dick table completed_valid t=0.0s
[      5s] main 30b c922 ic_m4 subgroup table completed_valid t=0.0s
[      5s] main 30b c922 ic_m4 dickson table completed_valid t=0.0s
[      5s] main 30b c922 ic_m4 small_x table completed_valid t=0.0s
[      5s] main 30b c922 ic_m4 random_sub_r0 table completed_valid t=0.0s
[      5s] main 30b c922 ic_m4 random_sub_r1 table completed_valid t=0.0s
[      5s] main 30b c922 ic_m4 random_sub_r2 table completed_valid t=0.0s
[      5s] main 30b c922 ic_m4 known_null_sub table completed_valid t=0.0s
[      5s] main 30b c922 ic_m4 random_dick_r0 table completed_valid t=0.0s
[      5s] main 30b c922 ic_m4 random_dick_r1 table completed_valid t=0.0s
[      5s] main 30b c922 ic_m4 random_dick_r2 table completed_valid t=0.0s
[      5s] main 30b c922 ic_m4 known_null_dick table completed_valid t=0.0s
[      5s] main 30b c923 ic_m4 subgroup table completed_valid t=0.0s
[      5s] main 30b c923 ic_m4 dickson table completed_valid t=0.0s
[      5s] main 30b c923 ic_m4 small_x table completed_valid t=0.0s
[      5s] main 30b c923 ic_m4 random_sub_r0 table completed_valid t=0.0s
[      5s] main 30b c923 ic_m4 random_sub_r1 table completed_valid t=0.0s
[      5s] main 30b c923 ic_m4 random_sub_r2 table completed_valid t=0.0s
[      5s] main 30b c923 ic_m4 known_null_sub table completed_valid t=0.0s
[      5s] main 30b c923 ic_m4 random_dick_r0 table completed_valid t=0.0s
[      5s] main 30b c923 ic_m4 random_dick_r1 table completed_valid t=0.0s
[      5s] main 30b c923 ic_m4 random_dick_r2 table completed_valid t=0.0s
[      5s] main 30b c923 ic_m4 known_null_dick table completed_valid t=0.0s
[      6s] main 30b c924 ic_m4 subgroup table completed_valid t=0.0s
[      6s] main 30b c924 ic_m4 dickson table completed_valid t=0.0s
[      6s] main 30b c924 ic_m4 small_x table completed_valid t=0.0s
[      6s] main 30b c924 ic_m4 random_sub_r0 table completed_valid t=0.0s
[      6s] main 30b c924 ic_m4 random_sub_r1 table completed_valid t=0.0s
[      6s] main 30b c924 ic_m4 random_sub_r2 table completed_valid t=0.0s
[      6s] main 30b c924 ic_m4 known_null_sub table completed_valid t=0.0s
[      6s] main 30b c924 ic_m4 random_dick_r0 table completed_valid t=0.0s
[      6s] main 30b c924 ic_m4 random_dick_r1 table completed_valid t=0.0s
[      6s] main 30b c924 ic_m4 random_dick_r2 table completed_valid t=0.0s
[      6s] main 30b c924 ic_m4 known_null_dick table completed_valid t=0.0s
[      7s] main 30b c925 ic_m4 subgroup table completed_valid t=0.0s
[      7s] main 30b c925 ic_m4 dickson table completed_valid t=0.0s
[      7s] main 30b c925 ic_m4 small_x table completed_valid t=0.0s
[      7s] main 30b c925 ic_m4 random_sub_r0 table completed_valid t=0.0s
[      7s] main 30b c925 ic_m4 random_sub_r1 table completed_valid t=0.0s
[      7s] main 30b c925 ic_m4 random_sub_r2 table completed_valid t=0.0s
[      7s] main 30b c925 ic_m4 known_null_sub table completed_valid t=0.0s
[      7s] main 30b c925 ic_m4 random_dick_r0 table completed_valid t=0.0s
[      7s] main 30b c925 ic_m4 random_dick_r1 table completed_valid t=0.0s
[      7s] main 30b c925 ic_m4 random_dick_r2 table completed_valid t=0.0s
[      7s] main 30b c925 ic_m4 known_null_dick table completed_valid t=0.0s
[      7s] main 30b c926 ic_m4 subgroup table completed_valid t=0.0s
[      7s] main 30b c926 ic_m4 dickson table completed_valid t=0.0s
[      7s] main 30b c926 ic_m4 small_x table completed_valid t=0.0s
[      7s] main 30b c926 ic_m4 random_sub_r0 table completed_valid t=0.0s
[      7s] main 30b c926 ic_m4 random_sub_r1 table completed_valid t=0.0s
[      7s] main 30b c926 ic_m4 random_sub_r2 table completed_valid t=0.0s
[      7s] main 30b c926 ic_m4 known_null_sub table completed_valid t=0.0s
[      7s] main 30b c926 ic_m4 random_dick_r0 table completed_valid t=0.0s
[      7s] main 30b c926 ic_m4 random_dick_r1 table completed_valid t=0.0s
[      7s] main 30b c926 ic_m4 random_dick_r2 table completed_valid t=0.0s
[      7s] main 30b c926 ic_m4 known_null_dick table completed_valid t=0.0s
[      7s] main 30b c927 ic_m4 subgroup table completed_valid t=0.0s
[      7s] main 30b c927 ic_m4 dickson table completed_valid t=0.0s
[      7s] main 30b c927 ic_m4 small_x table completed_valid t=0.0s
[      7s] main 30b c927 ic_m4 random_sub_r0 table completed_valid t=0.0s
[      7s] main 30b c927 ic_m4 random_sub_r1 table completed_valid t=0.0s
[      7s] main 30b c927 ic_m4 random_sub_r2 table completed_valid t=0.0s
[      7s] main 30b c927 ic_m4 known_null_sub table completed_valid t=0.0s
[      7s] main 30b c927 ic_m4 random_dick_r0 table completed_valid t=0.0s
[      7s] main 30b c927 ic_m4 random_dick_r1 table completed_valid t=0.0s
[      7s] main 30b c927 ic_m4 random_dick_r2 table completed_valid t=0.0s
[      7s] main 30b c927 ic_m4 known_null_dick table completed_valid t=0.0s
[      7s] main 30b c928 ic_m4 subgroup table completed_valid t=0.0s
[      7s] main 30b c928 ic_m4 dickson table completed_valid t=0.0s
[      7s] main 30b c928 ic_m4 small_x table completed_valid t=0.0s
[      7s] main 30b c928 ic_m4 random_sub_r0 table completed_valid t=0.0s
[      7s] main 30b c928 ic_m4 random_sub_r1 table completed_valid t=0.0s
[      7s] main 30b c928 ic_m4 random_sub_r2 table completed_valid t=0.0s
[      7s] main 30b c928 ic_m4 known_null_sub table completed_valid t=0.0s
[      7s] main 30b c928 ic_m4 random_dick_r0 table completed_valid t=0.0s
[      7s] main 30b c928 ic_m4 random_dick_r1 table completed_valid t=0.0s
[      7s] main 30b c928 ic_m4 random_dick_r2 table completed_valid t=0.0s
[      7s] main 30b c928 ic_m4 known_null_dick table completed_valid t=0.0s
[      8s] main 30b c929 ic_m4 subgroup table completed_valid t=0.0s
[      8s] main 30b c929 ic_m4 dickson table completed_valid t=0.0s
[      8s] main 30b c929 ic_m4 small_x table completed_valid t=0.0s
[      8s] main 30b c929 ic_m4 random_sub_r0 table completed_valid t=0.0s
[      8s] main 30b c929 ic_m4 random_sub_r1 table completed_valid t=0.0s
[      8s] main 30b c929 ic_m4 random_sub_r2 table completed_valid t=0.0s
[      8s] main 30b c929 ic_m4 known_null_sub table completed_valid t=0.0s
[      8s] main 30b c929 ic_m4 random_dick_r0 table completed_valid t=0.0s
[      8s] main 30b c929 ic_m4 random_dick_r1 table completed_valid t=0.0s
[      8s] main 30b c929 ic_m4 random_dick_r2 table completed_valid t=0.0s
[      8s] main 30b c929 ic_m4 known_null_dick table completed_valid t=0.0s
[      8s] main 30b c930 ic_m4 subgroup table completed_valid t=0.0s
[      8s] main 30b c930 ic_m4 dickson table completed_valid t=0.0s
[      8s] main 30b c930 ic_m4 small_x table completed_valid t=0.0s
[      8s] main 30b c930 ic_m4 random_sub_r0 table completed_valid t=0.0s
[      8s] main 30b c930 ic_m4 random_sub_r1 table completed_valid t=0.0s
[      8s] main 30b c930 ic_m4 random_sub_r2 table completed_valid t=0.0s
[      8s] main 30b c930 ic_m4 known_null_sub table completed_valid t=0.0s
[      8s] main 30b c930 ic_m4 random_dick_r0 table completed_valid t=0.0s
[      8s] main 30b c930 ic_m4 random_dick_r1 table completed_valid t=0.0s
[      8s] main 30b c930 ic_m4 random_dick_r2 table completed_valid t=0.0s
[      8s] main 30b c930 ic_m4 known_null_dick table completed_valid t=0.0s
[      8s] main 30b c931 ic_m4 subgroup table completed_valid t=0.0s
[      8s] main 30b c931 ic_m4 dickson table completed_valid t=0.0s
[      8s] main 30b c931 ic_m4 small_x table completed_valid t=0.0s
[      8s] main 30b c931 ic_m4 random_sub_r0 table completed_valid t=0.0s
[      8s] main 30b c931 ic_m4 random_sub_r1 table completed_valid t=0.0s
[      8s] main 30b c931 ic_m4 random_sub_r2 table completed_valid t=0.0s
[      8s] main 30b c931 ic_m4 known_null_sub table completed_valid t=0.0s
[      8s] main 30b c931 ic_m4 random_dick_r0 table completed_valid t=0.0s
[      8s] main 30b c931 ic_m4 random_dick_r1 table completed_valid t=0.0s
[      8s] main 30b c931 ic_m4 random_dick_r2 table completed_valid t=0.0s
[      8s] main 30b c931 ic_m4 known_null_dick table completed_valid t=0.0s
[      9s] main 30b c932 ic_m4 subgroup table completed_valid t=0.0s
[      9s] main 30b c932 ic_m4 dickson table completed_valid t=0.0s
[      9s] main 30b c932 ic_m4 small_x table completed_valid t=0.0s
[      9s] main 30b c932 ic_m4 random_sub_r0 table completed_valid t=0.0s
[      9s] main 30b c932 ic_m4 random_sub_r1 table completed_valid t=0.0s
[      9s] main 30b c932 ic_m4 random_sub_r2 table completed_valid t=0.0s
[      9s] main 30b c932 ic_m4 known_null_sub table completed_valid t=0.0s
[      9s] main 30b c932 ic_m4 random_dick_r0 table completed_valid t=0.0s
[      9s] main 30b c932 ic_m4 random_dick_r1 table completed_valid t=0.0s
[      9s] main 30b c932 ic_m4 random_dick_r2 table completed_valid t=0.0s
[      9s] main 30b c932 ic_m4 known_null_dick table completed_valid t=0.0s
[      9s] main 30b c933 ic_m4 subgroup table completed_valid t=0.0s
[      9s] main 30b c933 ic_m4 dickson table completed_valid t=0.0s
[      9s] main 30b c933 ic_m4 small_x table completed_valid t=0.0s
[      9s] main 30b c933 ic_m4 random_sub_r0 table completed_valid t=0.0s
[      9s] main 30b c933 ic_m4 random_sub_r1 table completed_valid t=0.0s
[      9s] main 30b c933 ic_m4 random_sub_r2 table completed_valid t=0.0s
[      9s] main 30b c933 ic_m4 known_null_sub table completed_valid t=0.0s
[      9s] main 30b c933 ic_m4 random_dick_r0 table completed_valid t=0.0s
[      9s] main 30b c933 ic_m4 random_dick_r1 table completed_valid t=0.0s
[      9s] main 30b c933 ic_m4 random_dick_r2 table completed_valid t=0.0s
[      9s] main 30b c933 ic_m4 known_null_dick table completed_valid t=0.0s
[     10s] main 30b c934 ic_m4 subgroup table completed_valid t=0.0s
[     10s] main 30b c934 ic_m4 dickson table completed_valid t=0.0s
[     10s] main 30b c934 ic_m4 small_x table completed_valid t=0.0s
[     10s] main 30b c934 ic_m4 random_sub_r0 table completed_valid t=0.0s
[     10s] main 30b c934 ic_m4 random_sub_r1 table completed_valid t=0.0s
[     10s] main 30b c934 ic_m4 random_sub_r2 table completed_valid t=0.0s
[     10s] main 30b c934 ic_m4 known_null_sub table completed_valid t=0.0s
[     10s] main 30b c934 ic_m4 random_dick_r0 table completed_valid t=0.0s
[     10s] main 30b c934 ic_m4 random_dick_r1 table completed_valid t=0.0s
[     10s] main 30b c934 ic_m4 random_dick_r2 table completed_valid t=0.0s
[     10s] main 30b c934 ic_m4 known_null_dick table completed_valid t=0.0s
[     10s] main 30b c935 ic_m4 subgroup table completed_valid t=0.0s
[     10s] main 30b c935 ic_m4 dickson table completed_valid t=0.0s
[     10s] main 30b c935 ic_m4 small_x table completed_valid t=0.0s
[     10s] main 30b c935 ic_m4 random_sub_r0 table completed_valid t=0.0s
[     10s] main 30b c935 ic_m4 random_sub_r1 table completed_valid t=0.0s
[     10s] main 30b c935 ic_m4 random_sub_r2 table completed_valid t=0.0s
[     10s] main 30b c935 ic_m4 known_null_sub table completed_valid t=0.1s
[     10s] main 30b c935 ic_m4 random_dick_r0 table completed_valid t=0.0s
[     10s] main 30b c935 ic_m4 random_dick_r1 table completed_valid t=0.0s
[     10s] main 30b c935 ic_m4 random_dick_r2 table completed_valid t=0.0s
[     10s] main 30b c935 ic_m4 known_null_dick table completed_valid t=0.1s
[     11s] main 30b c936 ic_m4 subgroup table completed_valid t=0.0s
[     11s] main 30b c936 ic_m4 dickson table completed_valid t=0.0s
[     11s] main 30b c936 ic_m4 small_x table completed_valid t=0.0s
[     11s] main 30b c936 ic_m4 random_sub_r0 table completed_valid t=0.0s
[     11s] main 30b c936 ic_m4 random_sub_r1 table completed_valid t=0.0s
[     11s] main 30b c936 ic_m4 random_sub_r2 table completed_valid t=0.0s
[     11s] main 30b c936 ic_m4 known_null_sub table completed_valid t=0.0s
[     11s] main 30b c936 ic_m4 random_dick_r0 table completed_valid t=0.0s
[     11s] main 30b c936 ic_m4 random_dick_r1 table completed_valid t=0.0s
[     11s] main 30b c936 ic_m4 random_dick_r2 table completed_valid t=0.0s
[     11s] main 30b c936 ic_m4 known_null_dick table completed_valid t=0.0s
[     11s] main 30b c937 ic_m4 subgroup table completed_valid t=0.0s
[     11s] main 30b c937 ic_m4 dickson table completed_valid t=0.0s
[     11s] main 30b c937 ic_m4 small_x table completed_valid t=0.0s
[     11s] main 30b c937 ic_m4 random_sub_r0 table completed_valid t=0.0s
[     11s] main 30b c937 ic_m4 random_sub_r1 table completed_valid t=0.0s
[     11s] main 30b c937 ic_m4 random_sub_r2 table completed_valid t=0.0s
[     11s] main 30b c937 ic_m4 known_null_sub table completed_valid t=0.0s
[     11s] main 30b c937 ic_m4 random_dick_r0 table completed_valid t=0.0s
[     11s] main 30b c937 ic_m4 random_dick_r1 table completed_valid t=0.0s
[     11s] main 30b c937 ic_m4 random_dick_r2 table completed_valid t=0.0s
[     11s] main 30b c937 ic_m4 known_null_dick table completed_valid t=0.0s
[     11s] main 30b c938 ic_m4 subgroup table completed_valid t=0.0s
[     11s] main 30b c938 ic_m4 dickson table completed_valid t=0.0s
[     11s] main 30b c938 ic_m4 small_x table completed_valid t=0.0s
[     11s] main 30b c938 ic_m4 random_sub_r0 table completed_valid t=0.0s
[     11s] main 30b c938 ic_m4 random_sub_r1 table completed_valid t=0.0s
[     11s] main 30b c938 ic_m4 random_sub_r2 table completed_valid t=0.0s
[     11s] main 30b c938 ic_m4 known_null_sub table completed_valid t=0.0s
[     11s] main 30b c938 ic_m4 random_dick_r0 table completed_valid t=0.0s
[     11s] main 30b c938 ic_m4 random_dick_r1 table completed_valid t=0.0s
[     11s] main 30b c938 ic_m4 random_dick_r2 table completed_valid t=0.0s
[     11s] main 30b c938 ic_m4 known_null_dick table completed_valid t=0.0s
[     12s] main 30b c939 ic_m4 subgroup table completed_valid t=0.0s
[     12s] main 30b c939 ic_m4 dickson table completed_valid t=0.0s
[     12s] main 30b c939 ic_m4 small_x table completed_valid t=0.0s
[     12s] main 30b c939 ic_m4 random_sub_r0 table completed_valid t=0.0s
[     12s] main 30b c939 ic_m4 random_sub_r1 table completed_valid t=0.0s
[     12s] main 30b c939 ic_m4 random_sub_r2 table completed_valid t=0.0s
[     12s] main 30b c939 ic_m4 known_null_sub table completed_valid t=0.0s
[     12s] main 30b c939 ic_m4 random_dick_r0 table completed_valid t=0.0s
[     12s] main 30b c939 ic_m4 random_dick_r1 table completed_valid t=0.0s
[     12s] main 30b c939 ic_m4 random_dick_r2 table completed_valid t=0.0s
[     12s] main 30b c939 ic_m4 known_null_dick table completed_valid t=0.0s
[     12s] main 30b c940 ic_m4 subgroup table completed_valid t=0.0s
[     12s] main 30b c940 ic_m4 dickson table completed_valid t=0.0s
[     12s] main 30b c940 ic_m4 small_x table completed_valid t=0.0s
[     12s] main 30b c940 ic_m4 random_sub_r0 table completed_valid t=0.0s
[     12s] main 30b c940 ic_m4 random_sub_r1 table completed_valid t=0.0s
[     12s] main 30b c940 ic_m4 random_sub_r2 table completed_valid t=0.0s
[     12s] main 30b c940 ic_m4 known_null_sub table completed_valid t=0.0s
[     12s] main 30b c940 ic_m4 random_dick_r0 table completed_valid t=0.0s
[     12s] main 30b c940 ic_m4 random_dick_r1 table completed_valid t=0.0s
[     12s] main 30b c940 ic_m4 random_dick_r2 table completed_valid t=0.0s
[     12s] main 30b c940 ic_m4 known_null_dick table completed_valid t=0.0s
[     13s] main 30b c941 ic_m4 subgroup table completed_valid t=0.0s
[     13s] main 30b c941 ic_m4 dickson table completed_valid t=0.0s
[     13s] main 30b c941 ic_m4 small_x table completed_valid t=0.0s
[     13s] main 30b c941 ic_m4 random_sub_r0 table completed_valid t=0.0s
[     13s] main 30b c941 ic_m4 random_sub_r1 table completed_valid t=0.0s
[     13s] main 30b c941 ic_m4 random_sub_r2 table completed_valid t=0.0s
[     13s] main 30b c941 ic_m4 known_null_sub table completed_valid t=0.0s
[     13s] main 30b c941 ic_m4 random_dick_r0 table completed_valid t=0.0s
[     13s] main 30b c941 ic_m4 random_dick_r1 table completed_valid t=0.0s
[     13s] main 30b c941 ic_m4 random_dick_r2 table completed_valid t=0.0s
[     13s] main 30b c941 ic_m4 known_null_dick table completed_valid t=0.0s
[     13s] main 30b c942 ic_m4 subgroup table completed_valid t=0.0s
[     13s] main 30b c942 ic_m4 dickson table completed_valid t=0.0s
[     13s] main 30b c942 ic_m4 small_x table completed_valid t=0.0s
[     13s] main 30b c942 ic_m4 random_sub_r0 table completed_valid t=0.0s
[     13s] main 30b c942 ic_m4 random_sub_r1 table completed_valid t=0.0s
[     13s] main 30b c942 ic_m4 random_sub_r2 table completed_valid t=0.0s
[     13s] main 30b c942 ic_m4 known_null_sub table completed_valid t=0.0s
[     13s] main 30b c942 ic_m4 random_dick_r0 table completed_valid t=0.0s
[     13s] main 30b c942 ic_m4 random_dick_r1 table completed_valid t=0.0s
[     13s] main 30b c942 ic_m4 random_dick_r2 table completed_valid t=0.0s
[     13s] main 30b c942 ic_m4 known_null_dick table completed_valid t=0.0s
[     13s] main 30b c943 ic_m4 subgroup table completed_valid t=0.0s
[     13s] main 30b c943 ic_m4 dickson table completed_valid t=0.0s
[     13s] main 30b c943 ic_m4 small_x table completed_valid t=0.0s
[     13s] main 30b c943 ic_m4 random_sub_r0 table completed_valid t=0.0s
[     13s] main 30b c943 ic_m4 random_sub_r1 table completed_valid t=0.0s
[     13s] main 30b c943 ic_m4 random_sub_r2 table completed_valid t=0.0s
[     13s] main 30b c943 ic_m4 known_null_sub table completed_valid t=0.0s
[     13s] main 30b c943 ic_m4 random_dick_r0 table completed_valid t=0.0s
[     13s] main 30b c943 ic_m4 random_dick_r1 table completed_valid t=0.0s
[     13s] main 30b c943 ic_m4 random_dick_r2 table completed_valid t=0.0s
[     13s] main 30b c943 ic_m4 known_null_dick table completed_valid t=0.0s
[     14s] main 30b c944 ic_m4 subgroup table completed_valid t=0.0s
[     14s] main 30b c944 ic_m4 dickson table completed_valid t=0.0s
[     14s] main 30b c944 ic_m4 small_x table completed_valid t=0.0s
[     14s] main 30b c944 ic_m4 random_sub_r0 table completed_valid t=0.0s
[     14s] main 30b c944 ic_m4 random_sub_r1 table completed_valid t=0.0s
[     14s] main 30b c944 ic_m4 random_sub_r2 table completed_valid t=0.0s
[     14s] main 30b c944 ic_m4 known_null_sub table completed_valid t=0.0s
[     14s] main 30b c944 ic_m4 random_dick_r0 table completed_valid t=0.0s
[     14s] main 30b c944 ic_m4 random_dick_r1 table completed_valid t=0.0s
[     14s] main 30b c944 ic_m4 random_dick_r2 table completed_valid t=0.0s
[     14s] main 30b c944 ic_m4 known_null_dick table completed_valid t=0.0s
[     14s] main 30b c945 ic_m4 subgroup table completed_valid t=0.0s
[     14s] main 30b c945 ic_m4 dickson table completed_valid t=0.0s
[     14s] main 30b c945 ic_m4 small_x table completed_valid t=0.0s
[     14s] main 30b c945 ic_m4 random_sub_r0 table completed_valid t=0.0s
[     14s] main 30b c945 ic_m4 random_sub_r1 table completed_valid t=0.0s
[     14s] main 30b c945 ic_m4 random_sub_r2 table completed_valid t=0.0s
[     14s] main 30b c945 ic_m4 known_null_sub table completed_valid t=0.0s
[     14s] main 30b c945 ic_m4 random_dick_r0 table completed_valid t=0.0s
[     14s] main 30b c945 ic_m4 random_dick_r1 table completed_valid t=0.0s
[     14s] main 30b c945 ic_m4 random_dick_r2 table completed_valid t=0.0s
[     14s] main 30b c945 ic_m4 known_null_dick table completed_valid t=0.0s
[     14s] main 30b c946 ic_m4 subgroup table completed_valid t=0.0s
[     14s] main 30b c946 ic_m4 dickson table completed_valid t=0.0s
[     14s] main 30b c946 ic_m4 small_x table completed_valid t=0.0s
[     14s] main 30b c946 ic_m4 random_sub_r0 table completed_valid t=0.0s
[     14s] main 30b c946 ic_m4 random_sub_r1 table completed_valid t=0.0s
[     14s] main 30b c946 ic_m4 random_sub_r2 table completed_valid t=0.0s
[     14s] main 30b c946 ic_m4 known_null_sub table completed_valid t=0.0s
[     14s] main 30b c946 ic_m4 random_dick_r0 table completed_valid t=0.0s
[     14s] main 30b c946 ic_m4 random_dick_r1 table completed_valid t=0.0s
[     14s] main 30b c946 ic_m4 random_dick_r2 table completed_valid t=0.0s
[     14s] main 30b c946 ic_m4 known_null_dick table completed_valid t=0.0s
[     15s] main 30b c947 ic_m4 subgroup table completed_valid t=0.0s
[     15s] main 30b c947 ic_m4 dickson table completed_valid t=0.0s
[     15s] main 30b c947 ic_m4 small_x table completed_valid t=0.0s
[     15s] main 30b c947 ic_m4 random_sub_r0 table completed_valid t=0.0s
[     15s] main 30b c947 ic_m4 random_sub_r1 table completed_valid t=0.0s
[     15s] main 30b c947 ic_m4 random_sub_r2 table completed_valid t=0.0s
[     15s] main 30b c947 ic_m4 known_null_sub table completed_valid t=0.0s
[     15s] main 30b c947 ic_m4 random_dick_r0 table completed_valid t=0.0s
[     15s] main 30b c947 ic_m4 random_dick_r1 table completed_valid t=0.0s
[     15s] main 30b c947 ic_m4 random_dick_r2 table completed_valid t=0.0s
[     15s] main 30b c947 ic_m4 known_null_dick table completed_valid t=0.0s
[     15s] main 30b c948 ic_m4 subgroup table completed_valid t=0.0s
[     15s] main 30b c948 ic_m4 dickson table completed_valid t=0.0s
[     15s] main 30b c948 ic_m4 small_x table completed_valid t=0.0s
[     15s] main 30b c948 ic_m4 random_sub_r0 table completed_valid t=0.0s
[     15s] main 30b c948 ic_m4 random_sub_r1 table completed_valid t=0.0s
[     15s] main 30b c948 ic_m4 random_sub_r2 table completed_valid t=0.0s
[     15s] main 30b c948 ic_m4 known_null_sub table completed_valid t=0.0s
[     15s] main 30b c948 ic_m4 random_dick_r0 table completed_valid t=0.0s
[     15s] main 30b c948 ic_m4 random_dick_r1 table completed_valid t=0.0s
[     15s] main 30b c948 ic_m4 random_dick_r2 table completed_valid t=0.0s
[     15s] main 30b c948 ic_m4 known_null_dick table completed_valid t=0.0s
[     15s] main 30b c949 ic_m4 subgroup table completed_valid t=0.0s
[     15s] main 30b c949 ic_m4 dickson table completed_valid t=0.0s
[     15s] main 30b c949 ic_m4 small_x table completed_valid t=0.0s
[     15s] main 30b c949 ic_m4 random_sub_r0 table completed_valid t=0.0s
[     15s] main 30b c949 ic_m4 random_sub_r1 table completed_valid t=0.0s
[     15s] main 30b c949 ic_m4 random_sub_r2 table completed_valid t=0.0s
[     15s] main 30b c949 ic_m4 known_null_sub table completed_valid t=0.0s
[     15s] main 30b c949 ic_m4 random_dick_r0 table completed_valid t=0.0s
[     15s] main 30b c949 ic_m4 random_dick_r1 table completed_valid t=0.0s
[     15s] main 30b c949 ic_m4 random_dick_r2 table completed_valid t=0.0s
[     15s] main 30b c949 ic_m4 known_null_dick table completed_valid t=0.0s
[     16s] main 30b c950 ic_m4 subgroup table completed_valid t=0.0s
[     16s] main 30b c950 ic_m4 dickson table completed_valid t=0.0s
[     16s] main 30b c950 ic_m4 small_x table completed_valid t=0.0s
[     16s] main 30b c950 ic_m4 random_sub_r0 table completed_valid t=0.0s
[     16s] main 30b c950 ic_m4 random_sub_r1 table completed_valid t=0.0s
[     16s] main 30b c950 ic_m4 random_sub_r2 table completed_valid t=0.0s
[     16s] main 30b c950 ic_m4 known_null_sub table completed_valid t=0.0s
[     16s] main 30b c950 ic_m4 random_dick_r0 table completed_valid t=0.0s
[     16s] main 30b c950 ic_m4 random_dick_r1 table completed_valid t=0.0s
[     16s] main 30b c950 ic_m4 random_dick_r2 table completed_valid t=0.0s
[     16s] main 30b c950 ic_m4 known_null_dick table completed_valid t=0.0s
[     16s] main 30b c951 ic_m4 subgroup table completed_valid t=0.0s
[     16s] main 30b c951 ic_m4 dickson table completed_valid t=0.0s
[     16s] main 30b c951 ic_m4 small_x table completed_valid t=0.0s
[     16s] main 30b c951 ic_m4 random_sub_r0 table completed_valid t=0.0s
[     16s] main 30b c951 ic_m4 random_sub_r1 table completed_valid t=0.0s
[     16s] main 30b c951 ic_m4 random_sub_r2 table completed_valid t=0.0s
[     16s] main 30b c951 ic_m4 known_null_sub table completed_valid t=0.0s
[     16s] main 30b c951 ic_m4 random_dick_r0 table completed_valid t=0.0s
[     16s] main 30b c951 ic_m4 random_dick_r1 table completed_valid t=0.0s
[     16s] main 30b c951 ic_m4 random_dick_r2 table completed_valid t=0.0s
[     16s] main 30b c951 ic_m4 known_null_dick table completed_valid t=0.0s
[     17s] main 30b c952 ic_m4 subgroup table completed_valid t=0.0s
[     17s] main 30b c952 ic_m4 dickson table completed_valid t=0.0s
[     17s] main 30b c952 ic_m4 small_x table completed_valid t=0.0s
[     17s] main 30b c952 ic_m4 random_sub_r0 table completed_valid t=0.0s
[     17s] main 30b c952 ic_m4 random_sub_r1 table completed_valid t=0.0s
[     17s] main 30b c952 ic_m4 random_sub_r2 table completed_valid t=0.0s
[     17s] main 30b c952 ic_m4 known_null_sub table completed_valid t=0.0s
[     17s] main 30b c952 ic_m4 random_dick_r0 table completed_valid t=0.0s
[     17s] main 30b c952 ic_m4 random_dick_r1 table completed_valid t=0.0s
[     17s] main 30b c952 ic_m4 random_dick_r2 table completed_valid t=0.0s
[     17s] main 30b c952 ic_m4 known_null_dick table completed_valid t=0.0s
[     17s] main 30b c953 ic_m4 subgroup table completed_valid t=0.0s
[     17s] main 30b c953 ic_m4 dickson table completed_valid t=0.0s
[     17s] main 30b c953 ic_m4 small_x table completed_valid t=0.0s
[     17s] main 30b c953 ic_m4 random_sub_r0 table completed_valid t=0.0s
[     17s] main 30b c953 ic_m4 random_sub_r1 table completed_valid t=0.0s
[     17s] main 30b c953 ic_m4 random_sub_r2 table completed_valid t=0.0s
[     17s] main 30b c953 ic_m4 known_null_sub table completed_valid t=0.0s
[     17s] main 30b c953 ic_m4 random_dick_r0 table completed_valid t=0.0s
[     17s] main 30b c953 ic_m4 random_dick_r1 table completed_valid t=0.0s
[     17s] main 30b c953 ic_m4 random_dick_r2 table completed_valid t=0.0s
[     17s] main 30b c953 ic_m4 known_null_dick table completed_valid t=0.0s
[     17s] main 30b c954 ic_m4 subgroup table completed_valid t=0.0s
[     17s] main 30b c954 ic_m4 dickson table completed_valid t=0.0s
[     17s] main 30b c954 ic_m4 small_x table completed_valid t=0.0s
[     17s] main 30b c954 ic_m4 random_sub_r0 table completed_valid t=0.0s
[     17s] main 30b c954 ic_m4 random_sub_r1 table completed_valid t=0.0s
[     17s] main 30b c954 ic_m4 random_sub_r2 table completed_valid t=0.0s
[     17s] main 30b c954 ic_m4 known_null_sub table completed_valid t=0.0s
[     17s] main 30b c954 ic_m4 random_dick_r0 table completed_valid t=0.0s
[     17s] main 30b c954 ic_m4 random_dick_r1 table completed_valid t=0.0s
[     17s] main 30b c954 ic_m4 random_dick_r2 table completed_valid t=0.0s
[     17s] main 30b c954 ic_m4 known_null_dick table completed_valid t=0.0s
[     18s] main 30b c955 ic_m4 subgroup table completed_valid t=0.0s
[     18s] main 30b c955 ic_m4 dickson table completed_valid t=0.0s
[     18s] main 30b c955 ic_m4 small_x table completed_valid t=0.0s
[     18s] main 30b c955 ic_m4 random_sub_r0 table completed_valid t=0.0s
[     18s] main 30b c955 ic_m4 random_sub_r1 table completed_valid t=0.0s
[     18s] main 30b c955 ic_m4 random_sub_r2 table completed_valid t=0.0s
[     18s] main 30b c955 ic_m4 known_null_sub table completed_valid t=0.0s
[     18s] main 30b c955 ic_m4 random_dick_r0 table completed_valid t=0.0s
[     18s] main 30b c955 ic_m4 random_dick_r1 table completed_valid t=0.0s
[     18s] main 30b c955 ic_m4 random_dick_r2 table completed_valid t=0.0s
[     18s] main 30b c955 ic_m4 known_null_dick table completed_valid t=0.0s
[     18s] main 30b c956 ic_m4 subgroup table completed_valid t=0.0s
[     18s] main 30b c956 ic_m4 dickson table completed_valid t=0.0s
[     18s] main 30b c956 ic_m4 small_x table completed_valid t=0.0s
[     18s] main 30b c956 ic_m4 random_sub_r0 table completed_valid t=0.0s
[     18s] main 30b c956 ic_m4 random_sub_r1 table completed_valid t=0.0s
[     18s] main 30b c956 ic_m4 random_sub_r2 table completed_valid t=0.0s
[     18s] main 30b c956 ic_m4 known_null_sub table completed_valid t=0.0s
[     18s] main 30b c956 ic_m4 random_dick_r0 table completed_valid t=0.0s
[     18s] main 30b c956 ic_m4 random_dick_r1 table completed_valid t=0.0s
[     18s] main 30b c956 ic_m4 random_dick_r2 table completed_valid t=0.0s
[     18s] main 30b c956 ic_m4 known_null_dick table completed_valid t=0.0s
[     19s] main 30b c957 ic_m4 subgroup table completed_valid t=0.0s
[     19s] main 30b c957 ic_m4 dickson table completed_valid t=0.0s
[     19s] main 30b c957 ic_m4 small_x table completed_valid t=0.0s
[     19s] main 30b c957 ic_m4 random_sub_r0 table completed_valid t=0.0s
[     19s] main 30b c957 ic_m4 random_sub_r1 table completed_valid t=0.0s
[     19s] main 30b c957 ic_m4 random_sub_r2 table completed_valid t=0.0s
[     19s] main 30b c957 ic_m4 known_null_sub table completed_valid t=0.0s
[     19s] main 30b c957 ic_m4 random_dick_r0 table completed_valid t=0.0s
[     19s] main 30b c957 ic_m4 random_dick_r1 table completed_valid t=0.0s
[     19s] main 30b c957 ic_m4 random_dick_r2 table completed_valid t=0.0s
[     19s] main 30b c957 ic_m4 known_null_dick table completed_valid t=0.0s
[     19s] main 30b c958 ic_m4 subgroup table completed_valid t=0.0s
[     19s] main 30b c958 ic_m4 dickson table completed_valid t=0.0s
[     19s] main 30b c958 ic_m4 small_x table completed_valid t=0.0s
[     19s] main 30b c958 ic_m4 random_sub_r0 table completed_valid t=0.0s
[     19s] main 30b c958 ic_m4 random_sub_r1 table completed_valid t=0.0s
[     19s] main 30b c958 ic_m4 random_sub_r2 table completed_valid t=0.0s
[     19s] main 30b c958 ic_m4 known_null_sub table completed_valid t=0.0s
[     19s] main 30b c958 ic_m4 random_dick_r0 table completed_valid t=0.0s
[     19s] main 30b c958 ic_m4 random_dick_r1 table completed_valid t=0.0s
[     19s] main 30b c958 ic_m4 random_dick_r2 table completed_valid t=0.0s
[     19s] main 30b c958 ic_m4 known_null_dick table completed_valid t=0.0s
[     19s] main 30b c959 ic_m4 subgroup table completed_valid t=0.0s
[     19s] main 30b c959 ic_m4 dickson table completed_valid t=0.0s
[     19s] main 30b c959 ic_m4 small_x table completed_valid t=0.0s
[     19s] main 30b c959 ic_m4 random_sub_r0 table completed_valid t=0.0s
[     19s] main 30b c959 ic_m4 random_sub_r1 table completed_valid t=0.0s
[     19s] main 30b c959 ic_m4 random_sub_r2 table completed_valid t=0.0s
[     19s] main 30b c959 ic_m4 known_null_sub table completed_valid t=0.0s
[     19s] main 30b c959 ic_m4 random_dick_r0 table completed_valid t=0.0s
[     19s] main 30b c959 ic_m4 random_dick_r1 table completed_valid t=0.0s
[     19s] main 30b c959 ic_m4 random_dick_r2 table completed_valid t=0.0s
[     19s] main 30b c959 ic_m4 known_null_dick table completed_valid t=0.0s
[     20s] main 30b c960 ic_m4 subgroup table completed_valid t=0.0s
[     20s] main 30b c960 ic_m4 dickson table completed_valid t=0.0s
[     20s] main 30b c960 ic_m4 small_x table completed_valid t=0.0s
[     20s] main 30b c960 ic_m4 random_sub_r0 table completed_valid t=0.0s
[     20s] main 30b c960 ic_m4 random_sub_r1 table completed_valid t=0.0s
[     20s] main 30b c960 ic_m4 random_sub_r2 table completed_valid t=0.0s
[     20s] main 30b c960 ic_m4 known_null_sub table completed_valid t=0.0s
[     20s] main 30b c960 ic_m4 random_dick_r0 table completed_valid t=0.0s
[     20s] main 30b c960 ic_m4 random_dick_r1 table completed_valid t=0.0s
[     20s] main 30b c960 ic_m4 random_dick_r2 table completed_valid t=0.0s
[     20s] main 30b c960 ic_m4 known_null_dick table completed_valid t=0.0s
[     20s] main 30b c961 ic_m4 subgroup table completed_valid t=0.0s
[     20s] main 30b c961 ic_m4 dickson table completed_valid t=0.0s
[     20s] main 30b c961 ic_m4 small_x table completed_valid t=0.0s
[     20s] main 30b c961 ic_m4 random_sub_r0 table completed_valid t=0.0s
[     20s] main 30b c961 ic_m4 random_sub_r1 table completed_valid t=0.0s
[     20s] main 30b c961 ic_m4 random_sub_r2 table completed_valid t=0.0s
[     20s] main 30b c961 ic_m4 known_null_sub table completed_valid t=0.0s
[     20s] main 30b c961 ic_m4 random_dick_r0 table completed_valid t=0.0s
[     20s] main 30b c961 ic_m4 random_dick_r1 table completed_valid t=0.0s
[     20s] main 30b c961 ic_m4 random_dick_r2 table completed_valid t=0.0s
[     20s] main 30b c961 ic_m4 known_null_dick table completed_valid t=0.0s
[     20s] main 30b c962 ic_m4 subgroup table completed_valid t=0.0s
[     20s] main 30b c962 ic_m4 dickson table completed_valid t=0.0s
[     20s] main 30b c962 ic_m4 small_x table completed_valid t=0.0s
[     20s] main 30b c962 ic_m4 random_sub_r0 table completed_valid t=0.0s
[     20s] main 30b c962 ic_m4 random_sub_r1 table completed_valid t=0.0s
[     20s] main 30b c962 ic_m4 random_sub_r2 table completed_valid t=0.0s
[     20s] main 30b c962 ic_m4 known_null_sub table completed_valid t=0.0s
[     20s] main 30b c962 ic_m4 random_dick_r0 table completed_valid t=0.0s
[     20s] main 30b c962 ic_m4 random_dick_r1 table completed_valid t=0.0s
[     20s] main 30b c962 ic_m4 random_dick_r2 table completed_valid t=0.0s
[     20s] main 30b c962 ic_m4 known_null_dick table completed_valid t=0.0s
[     21s] main 30b c963 ic_m4 subgroup table completed_valid t=0.0s
[     21s] main 30b c963 ic_m4 dickson table completed_valid t=0.0s
[     21s] main 30b c963 ic_m4 small_x table completed_valid t=0.0s
[     21s] main 30b c963 ic_m4 random_sub_r0 table completed_valid t=0.0s
[     21s] main 30b c963 ic_m4 random_sub_r1 table completed_valid t=0.0s
[     21s] main 30b c963 ic_m4 random_sub_r2 table completed_valid t=0.0s
[     21s] main 30b c963 ic_m4 known_null_sub table completed_valid t=0.0s
[     21s] main 30b c963 ic_m4 random_dick_r0 table completed_valid t=0.0s
[     21s] main 30b c963 ic_m4 random_dick_r1 table completed_valid t=0.0s
[     21s] main 30b c963 ic_m4 random_dick_r2 table completed_valid t=0.0s
[     21s] main 30b c963 ic_m4 known_null_dick table completed_valid t=0.0s
[     21s] main 30b c964 ic_m4 subgroup table completed_valid t=0.0s
[     21s] main 30b c964 ic_m4 dickson table completed_valid t=0.0s
[     21s] main 30b c964 ic_m4 small_x table completed_valid t=0.0s
[     21s] main 30b c964 ic_m4 random_sub_r0 table completed_valid t=0.0s
[     21s] main 30b c964 ic_m4 random_sub_r1 table completed_valid t=0.0s
[     21s] main 30b c964 ic_m4 random_sub_r2 table completed_valid t=0.0s
[     21s] main 30b c964 ic_m4 known_null_sub table completed_valid t=0.0s
[     21s] main 30b c964 ic_m4 random_dick_r0 table completed_valid t=0.0s
[     21s] main 30b c964 ic_m4 random_dick_r1 table completed_valid t=0.1s
[     21s] main 30b c964 ic_m4 random_dick_r2 table completed_valid t=0.0s
[     21s] main 30b c964 ic_m4 known_null_dick table completed_valid t=0.0s
[     22s] main 30b c965 ic_m4 subgroup table completed_valid t=0.0s
[     22s] main 30b c965 ic_m4 dickson table completed_valid t=0.0s
[     22s] main 30b c965 ic_m4 small_x table completed_valid t=0.0s
[     22s] main 30b c965 ic_m4 random_sub_r0 table completed_valid t=0.0s
[     22s] main 30b c965 ic_m4 random_sub_r1 table completed_valid t=0.0s
[     22s] main 30b c965 ic_m4 random_sub_r2 table completed_valid t=0.0s
[     22s] main 30b c965 ic_m4 known_null_sub table completed_valid t=0.0s
[     22s] main 30b c965 ic_m4 random_dick_r0 table completed_valid t=0.0s
[     22s] main 30b c965 ic_m4 random_dick_r1 table completed_valid t=0.0s
[     22s] main 30b c965 ic_m4 random_dick_r2 table completed_valid t=0.0s
[     22s] main 30b c965 ic_m4 known_null_dick table completed_valid t=0.0s
[     22s] main 30b c966 ic_m4 subgroup table completed_valid t=0.0s
[     22s] main 30b c966 ic_m4 dickson table completed_valid t=0.1s
[     22s] main 30b c966 ic_m4 small_x table completed_valid t=0.0s
[     22s] main 30b c966 ic_m4 random_sub_r0 table completed_valid t=0.0s
[     22s] main 30b c966 ic_m4 random_sub_r1 table completed_valid t=0.0s
[     22s] main 30b c966 ic_m4 random_sub_r2 table completed_valid t=0.0s
[     22s] main 30b c966 ic_m4 known_null_sub table completed_valid t=0.0s
[     22s] main 30b c966 ic_m4 random_dick_r0 table completed_valid t=0.0s
[     22s] main 30b c966 ic_m4 random_dick_r1 table completed_valid t=0.0s
[     22s] main 30b c966 ic_m4 random_dick_r2 table completed_valid t=0.0s
[     22s] main 30b c966 ic_m4 known_null_dick table completed_valid t=0.0s
[     23s] main 30b c967 ic_m4 subgroup table completed_valid t=0.0s
[     23s] main 30b c967 ic_m4 dickson table completed_valid t=0.0s
[     23s] main 30b c967 ic_m4 small_x table completed_valid t=0.0s
[     23s] main 30b c967 ic_m4 random_sub_r0 table completed_valid t=0.0s
[     23s] main 30b c967 ic_m4 random_sub_r1 table completed_valid t=0.0s
[     23s] main 30b c967 ic_m4 random_sub_r2 table completed_valid t=0.0s
[     23s] main 30b c967 ic_m4 known_null_sub table completed_valid t=0.0s
[     23s] main 30b c967 ic_m4 random_dick_r0 table completed_valid t=0.0s
[     23s] main 30b c967 ic_m4 random_dick_r1 table completed_valid t=0.0s
[     23s] main 30b c967 ic_m4 random_dick_r2 table completed_valid t=0.0s
[     23s] main 30b c967 ic_m4 known_null_dick table completed_valid t=0.0s
[     23s] main 30b c968 ic_m4 subgroup table completed_valid t=0.0s
[     23s] main 30b c968 ic_m4 dickson table completed_valid t=0.0s
[     23s] main 30b c968 ic_m4 small_x table completed_valid t=0.0s
[     23s] main 30b c968 ic_m4 random_sub_r0 table completed_valid t=0.0s
[     23s] main 30b c968 ic_m4 random_sub_r1 table completed_valid t=0.0s
[     23s] main 30b c968 ic_m4 random_sub_r2 table completed_valid t=0.0s
[     23s] main 30b c968 ic_m4 known_null_sub table completed_valid t=0.0s
[     23s] main 30b c968 ic_m4 random_dick_r0 table completed_valid t=0.0s
[     23s] main 30b c968 ic_m4 random_dick_r1 table completed_valid t=0.0s
[     23s] main 30b c968 ic_m4 random_dick_r2 table completed_valid t=0.0s
[     23s] main 30b c968 ic_m4 known_null_dick table completed_valid t=0.0s
[     23s] main 30b c969 ic_m4 subgroup table completed_valid t=0.0s
[     23s] main 30b c969 ic_m4 dickson table completed_valid t=0.0s
[     23s] main 30b c969 ic_m4 small_x table completed_valid t=0.0s
[     23s] main 30b c969 ic_m4 random_sub_r0 table completed_valid t=0.0s
[     23s] main 30b c969 ic_m4 random_sub_r1 table completed_valid t=0.0s
[     23s] main 30b c969 ic_m4 random_sub_r2 table completed_valid t=0.0s
[     23s] main 30b c969 ic_m4 known_null_sub table completed_valid t=0.0s
[     23s] main 30b c969 ic_m4 random_dick_r0 table completed_valid t=0.0s
[     23s] main 30b c969 ic_m4 random_dick_r1 table completed_valid t=0.0s
[     23s] main 30b c969 ic_m4 random_dick_r2 table completed_valid t=0.0s
[     23s] main 30b c969 ic_m4 known_null_dick table completed_valid t=0.0s
[     23s] main 30b c970 ic_m4 subgroup table completed_valid t=0.0s
[     23s] main 30b c970 ic_m4 dickson table completed_valid t=0.0s
[     23s] main 30b c970 ic_m4 small_x table completed_valid t=0.0s
[     23s] main 30b c970 ic_m4 random_sub_r0 table completed_valid t=0.0s
[     23s] main 30b c970 ic_m4 random_sub_r1 table completed_valid t=0.0s
[     23s] main 30b c970 ic_m4 random_sub_r2 table completed_valid t=0.0s
[     23s] main 30b c970 ic_m4 known_null_sub table completed_valid t=0.0s
[     23s] main 30b c970 ic_m4 random_dick_r0 table completed_valid t=0.0s
[     23s] main 30b c970 ic_m4 random_dick_r1 table completed_valid t=0.0s
[     23s] main 30b c970 ic_m4 random_dick_r2 table completed_valid t=0.0s
[     23s] main 30b c970 ic_m4 known_null_dick table completed_valid t=0.0s
[     24s] main 30b c971 ic_m4 subgroup table completed_valid t=0.0s
[     24s] main 30b c971 ic_m4 dickson table completed_valid t=0.0s
[     24s] main 30b c971 ic_m4 small_x table completed_valid t=0.0s
[     24s] main 30b c971 ic_m4 random_sub_r0 table completed_valid t=0.0s
[     24s] main 30b c971 ic_m4 random_sub_r1 table completed_valid t=0.0s
[     24s] main 30b c971 ic_m4 random_sub_r2 table completed_valid t=0.0s
[     24s] main 30b c971 ic_m4 known_null_sub table completed_valid t=0.0s
[     24s] main 30b c971 ic_m4 random_dick_r0 table completed_valid t=0.0s
[     24s] main 30b c971 ic_m4 random_dick_r1 table completed_valid t=0.0s
[     24s] main 30b c971 ic_m4 random_dick_r2 table completed_valid t=0.0s
[     24s] main 30b c971 ic_m4 known_null_dick table completed_valid t=0.0s
[     24s] main 30b c972 ic_m4 subgroup table completed_valid t=0.0s
[     24s] main 30b c972 ic_m4 dickson table completed_valid t=0.0s
[     24s] main 30b c972 ic_m4 small_x table completed_valid t=0.0s
[     24s] main 30b c972 ic_m4 random_sub_r0 table completed_valid t=0.0s
[     24s] main 30b c972 ic_m4 random_sub_r1 table completed_valid t=0.0s
[     24s] main 30b c972 ic_m4 random_sub_r2 table completed_valid t=0.0s
[     24s] main 30b c972 ic_m4 known_null_sub table completed_valid t=0.0s
[     24s] main 30b c972 ic_m4 random_dick_r0 table completed_valid t=0.0s
[     24s] main 30b c972 ic_m4 random_dick_r1 table completed_valid t=0.0s
[     24s] main 30b c972 ic_m4 random_dick_r2 table completed_valid t=0.0s
[     24s] main 30b c972 ic_m4 known_null_dick table completed_valid t=0.0s
[     24s] main 30b c973 ic_m4 subgroup table completed_valid t=0.0s
[     24s] main 30b c973 ic_m4 dickson table completed_valid t=0.0s
[     24s] main 30b c973 ic_m4 small_x table completed_valid t=0.0s
[     24s] main 30b c973 ic_m4 random_sub_r0 table completed_valid t=0.0s
[     24s] main 30b c973 ic_m4 random_sub_r1 table completed_valid t=0.0s
[     24s] main 30b c973 ic_m4 random_sub_r2 table completed_valid t=0.0s
[     24s] main 30b c973 ic_m4 known_null_sub table completed_valid t=0.0s
[     24s] main 30b c973 ic_m4 random_dick_r0 table completed_valid t=0.0s
[     24s] main 30b c973 ic_m4 random_dick_r1 table completed_valid t=0.0s
[     24s] main 30b c973 ic_m4 random_dick_r2 table completed_valid t=0.0s
[     24s] main 30b c973 ic_m4 known_null_dick table completed_valid t=0.0s
[     25s] main 30b c974 ic_m4 subgroup table completed_valid t=0.0s
[     25s] main 30b c974 ic_m4 dickson table completed_valid t=0.0s
[     25s] main 30b c974 ic_m4 small_x table completed_valid t=0.0s
[     25s] main 30b c974 ic_m4 random_sub_r0 table completed_valid t=0.0s
[     25s] main 30b c974 ic_m4 random_sub_r1 table completed_valid t=0.0s
[     25s] main 30b c974 ic_m4 random_sub_r2 table completed_valid t=0.0s
[     25s] main 30b c974 ic_m4 known_null_sub table completed_valid t=0.0s
[     25s] main 30b c974 ic_m4 random_dick_r0 table completed_valid t=0.0s
[     25s] main 30b c974 ic_m4 random_dick_r1 table completed_valid t=0.0s
[     25s] main 30b c974 ic_m4 random_dick_r2 table completed_valid t=0.0s
[     25s] main 30b c974 ic_m4 known_null_dick table completed_valid t=0.0s
[     25s] main 30b c975 ic_m4 subgroup table completed_valid t=0.0s
[     25s] main 30b c975 ic_m4 dickson table completed_valid t=0.0s
[     25s] main 30b c975 ic_m4 small_x table completed_valid t=0.0s
[     25s] main 30b c975 ic_m4 random_sub_r0 table completed_valid t=0.0s
[     25s] main 30b c975 ic_m4 random_sub_r1 table completed_valid t=0.0s
[     25s] main 30b c975 ic_m4 random_sub_r2 table completed_valid t=0.0s
[     25s] main 30b c975 ic_m4 known_null_sub table completed_valid t=0.0s
[     25s] main 30b c975 ic_m4 random_dick_r0 table completed_valid t=0.0s
[     25s] main 30b c975 ic_m4 random_dick_r1 table completed_valid t=0.0s
[     25s] main 30b c975 ic_m4 random_dick_r2 table completed_valid t=0.0s
[     25s] main 30b c975 ic_m4 known_null_dick table completed_valid t=0.0s
[     25s] main 30b c976 ic_m4 subgroup table completed_valid t=0.0s
[     25s] main 30b c976 ic_m4 dickson table completed_valid t=0.0s
[     25s] main 30b c976 ic_m4 small_x table completed_valid t=0.0s
[     25s] main 30b c976 ic_m4 random_sub_r0 table completed_valid t=0.0s
[     25s] main 30b c976 ic_m4 random_sub_r1 table completed_valid t=0.0s
[     25s] main 30b c976 ic_m4 random_sub_r2 table completed_valid t=0.0s
[     25s] main 30b c976 ic_m4 known_null_sub table completed_valid t=0.0s
[     25s] main 30b c976 ic_m4 random_dick_r0 table completed_valid t=0.0s
[     25s] main 30b c976 ic_m4 random_dick_r1 table completed_valid t=0.0s
[     25s] main 30b c976 ic_m4 random_dick_r2 table completed_valid t=0.0s
[     25s] main 30b c976 ic_m4 known_null_dick table completed_valid t=0.0s
[     26s] main 30b c977 ic_m4 subgroup table completed_valid t=0.0s
[     26s] main 30b c977 ic_m4 dickson table completed_valid t=0.0s
[     26s] main 30b c977 ic_m4 small_x table completed_valid t=0.0s
[     26s] main 30b c977 ic_m4 random_sub_r0 table completed_valid t=0.0s
[     26s] main 30b c977 ic_m4 random_sub_r1 table completed_valid t=0.0s
[     26s] main 30b c977 ic_m4 random_sub_r2 table completed_valid t=0.0s
[     26s] main 30b c977 ic_m4 known_null_sub table completed_valid t=0.0s
[     26s] main 30b c977 ic_m4 random_dick_r0 table completed_valid t=0.0s
[     26s] main 30b c977 ic_m4 random_dick_r1 table completed_valid t=0.0s
[     26s] main 30b c977 ic_m4 random_dick_r2 table completed_valid t=0.0s
[     26s] main 30b c977 ic_m4 known_null_dick table completed_valid t=0.0s
[     26s] main 30b c978 ic_m4 subgroup table completed_valid t=0.0s
[     26s] main 30b c978 ic_m4 dickson table completed_valid t=0.0s
[     26s] main 30b c978 ic_m4 small_x table completed_valid t=0.0s
[     26s] main 30b c978 ic_m4 random_sub_r0 table completed_valid t=0.0s
[     26s] main 30b c978 ic_m4 random_sub_r1 table completed_valid t=0.0s
[     26s] main 30b c978 ic_m4 random_sub_r2 table completed_valid t=0.0s
[     26s] main 30b c978 ic_m4 known_null_sub table completed_valid t=0.0s
[     26s] main 30b c978 ic_m4 random_dick_r0 table completed_valid t=0.0s
[     26s] main 30b c978 ic_m4 random_dick_r1 table completed_valid t=0.0s
[     26s] main 30b c978 ic_m4 random_dick_r2 table completed_valid t=0.0s
[     26s] main 30b c978 ic_m4 known_null_dick table completed_valid t=0.0s
[     26s] main 30b c979 ic_m4 subgroup table completed_valid t=0.0s
[     26s] main 30b c979 ic_m4 dickson table completed_valid t=0.0s
[     26s] main 30b c979 ic_m4 small_x table completed_valid t=0.0s
[     26s] main 30b c979 ic_m4 random_sub_r0 table completed_valid t=0.0s
[     26s] main 30b c979 ic_m4 random_sub_r1 table completed_valid t=0.0s
[     26s] main 30b c979 ic_m4 random_sub_r2 table completed_valid t=0.0s
[     26s] main 30b c979 ic_m4 known_null_sub table completed_valid t=0.0s
[     26s] main 30b c979 ic_m4 random_dick_r0 table completed_valid t=0.0s
[     26s] main 30b c979 ic_m4 random_dick_r1 table completed_valid t=0.0s
[     26s] main 30b c979 ic_m4 random_dick_r2 table completed_valid t=0.0s
[     26s] main 30b c979 ic_m4 known_null_dick table completed_valid t=0.0s
[     27s] main 30b c980 ic_m4 subgroup table completed_valid t=0.0s
[     27s] main 30b c980 ic_m4 dickson table completed_valid t=0.0s
[     27s] main 30b c980 ic_m4 small_x table completed_valid t=0.0s
[     27s] main 30b c980 ic_m4 random_sub_r0 table completed_valid t=0.0s
[     27s] main 30b c980 ic_m4 random_sub_r1 table completed_valid t=0.0s
[     27s] main 30b c980 ic_m4 random_sub_r2 table completed_valid t=0.0s
[     27s] main 30b c980 ic_m4 known_null_sub table completed_valid t=0.0s
[     27s] main 30b c980 ic_m4 random_dick_r0 table completed_valid t=0.0s
[     27s] main 30b c980 ic_m4 random_dick_r1 table completed_valid t=0.0s
[     27s] main 30b c980 ic_m4 random_dick_r2 table completed_valid t=0.0s
[     27s] main 30b c980 ic_m4 known_null_dick table completed_valid t=0.0s
[     27s] main 30b c981 ic_m4 subgroup table completed_valid t=0.0s
[     27s] main 30b c981 ic_m4 dickson table completed_valid t=0.0s
[     27s] main 30b c981 ic_m4 small_x table completed_valid t=0.0s
[     27s] main 30b c981 ic_m4 random_sub_r0 table completed_valid t=0.0s
[     27s] main 30b c981 ic_m4 random_sub_r1 table completed_valid t=0.0s
[     27s] main 30b c981 ic_m4 random_sub_r2 table completed_valid t=0.0s
[     27s] main 30b c981 ic_m4 known_null_sub table completed_valid t=0.0s
[     27s] main 30b c981 ic_m4 random_dick_r0 table completed_valid t=0.0s
[     27s] main 30b c981 ic_m4 random_dick_r1 table completed_valid t=0.0s
[     27s] main 30b c981 ic_m4 random_dick_r2 table completed_valid t=0.0s
[     27s] main 30b c981 ic_m4 known_null_dick table completed_valid t=0.0s
[     27s] main 30b c982 ic_m4 subgroup table completed_valid t=0.0s
[     27s] main 30b c982 ic_m4 dickson table completed_valid t=0.0s
[     27s] main 30b c982 ic_m4 small_x table completed_valid t=0.0s
[     27s] main 30b c982 ic_m4 random_sub_r0 table completed_valid t=0.0s
[     27s] main 30b c982 ic_m4 random_sub_r1 table completed_valid t=0.0s
[     27s] main 30b c982 ic_m4 random_sub_r2 table completed_valid t=0.0s
[     27s] main 30b c982 ic_m4 known_null_sub table completed_valid t=0.0s
[     27s] main 30b c982 ic_m4 random_dick_r0 table completed_valid t=0.0s
[     27s] main 30b c982 ic_m4 random_dick_r1 table completed_valid t=0.0s
[     27s] main 30b c982 ic_m4 random_dick_r2 table completed_valid t=0.0s
[     27s] main 30b c982 ic_m4 known_null_dick table completed_valid t=0.0s
[     28s] main 30b c983 ic_m4 subgroup table completed_valid t=0.0s
[     28s] main 30b c983 ic_m4 dickson table completed_valid t=0.0s
[     28s] main 30b c983 ic_m4 small_x table completed_valid t=0.0s
[     28s] main 30b c983 ic_m4 random_sub_r0 table completed_valid t=0.0s
[     28s] main 30b c983 ic_m4 random_sub_r1 table completed_valid t=0.0s
[     28s] main 30b c983 ic_m4 random_sub_r2 table completed_valid t=0.0s
[     28s] main 30b c983 ic_m4 known_null_sub table completed_valid t=0.0s
[     28s] main 30b c983 ic_m4 random_dick_r0 table completed_valid t=0.0s
[     28s] main 30b c983 ic_m4 random_dick_r1 table completed_valid t=0.0s
[     28s] main 30b c983 ic_m4 random_dick_r2 table completed_valid t=0.0s
[     28s] main 30b c983 ic_m4 known_null_dick table completed_valid t=0.0s
[     28s] main 30b c984 ic_m4 subgroup table completed_valid t=0.0s
[     28s] main 30b c984 ic_m4 dickson table completed_valid t=0.0s
[     28s] main 30b c984 ic_m4 small_x table completed_valid t=0.0s
[     28s] main 30b c984 ic_m4 random_sub_r0 table completed_valid t=0.0s
[     28s] main 30b c984 ic_m4 random_sub_r1 table completed_valid t=0.0s
[     28s] main 30b c984 ic_m4 random_sub_r2 table completed_valid t=0.0s
[     28s] main 30b c984 ic_m4 known_null_sub table completed_valid t=0.0s
[     28s] main 30b c984 ic_m4 random_dick_r0 table completed_valid t=0.0s
[     28s] main 30b c984 ic_m4 random_dick_r1 table completed_valid t=0.0s
[     28s] main 30b c984 ic_m4 random_dick_r2 table completed_valid t=0.0s
[     28s] main 30b c984 ic_m4 known_null_dick table completed_valid t=0.0s
[     29s] main 30b c985 ic_m4 subgroup table completed_valid t=0.0s
[     29s] main 30b c985 ic_m4 dickson table completed_valid t=0.0s
[     29s] main 30b c985 ic_m4 small_x table completed_valid t=0.0s
[     29s] main 30b c985 ic_m4 random_sub_r0 table completed_valid t=0.0s
[     29s] main 30b c985 ic_m4 random_sub_r1 table completed_valid t=0.0s
[     29s] main 30b c985 ic_m4 random_sub_r2 table completed_valid t=0.0s
[     29s] main 30b c985 ic_m4 known_null_sub table completed_valid t=0.0s
[     29s] main 30b c985 ic_m4 random_dick_r0 table completed_valid t=0.0s
[     29s] main 30b c985 ic_m4 random_dick_r1 table completed_valid t=0.0s
[     29s] main 30b c985 ic_m4 random_dick_r2 table completed_valid t=0.0s
[     29s] main 30b c985 ic_m4 known_null_dick table completed_valid t=0.0s
[     29s] main 30b c986 ic_m4 subgroup table completed_valid t=0.0s
[     29s] main 30b c986 ic_m4 dickson table completed_valid t=0.0s
[     29s] main 30b c986 ic_m4 small_x table completed_valid t=0.0s
[     29s] main 30b c986 ic_m4 random_sub_r0 table completed_valid t=0.0s
[     29s] main 30b c986 ic_m4 random_sub_r1 table completed_valid t=0.0s
[     29s] main 30b c986 ic_m4 random_sub_r2 table completed_valid t=0.0s
[     29s] main 30b c986 ic_m4 known_null_sub table completed_valid t=0.0s
[     29s] main 30b c986 ic_m4 random_dick_r0 table completed_valid t=0.0s
[     29s] main 30b c986 ic_m4 random_dick_r1 table completed_valid t=0.0s
[     29s] main 30b c986 ic_m4 random_dick_r2 table completed_valid t=0.0s
[     29s] main 30b c986 ic_m4 known_null_dick table completed_valid t=0.0s
[     29s] main 30b c987 ic_m4 subgroup table completed_valid t=0.0s
[     29s] main 30b c987 ic_m4 dickson table completed_valid t=0.0s
[     29s] main 30b c987 ic_m4 small_x table completed_valid t=0.0s
[     29s] main 30b c987 ic_m4 random_sub_r0 table completed_valid t=0.0s
[     29s] main 30b c987 ic_m4 random_sub_r1 table completed_valid t=0.0s
[     29s] main 30b c987 ic_m4 random_sub_r2 table completed_valid t=0.0s
[     29s] main 30b c987 ic_m4 known_null_sub table completed_valid t=0.0s
[     29s] main 30b c987 ic_m4 random_dick_r0 table completed_valid t=0.0s
[     29s] main 30b c987 ic_m4 random_dick_r1 table completed_valid t=0.0s
[     29s] main 30b c987 ic_m4 random_dick_r2 table completed_valid t=0.0s
[     29s] main 30b c987 ic_m4 known_null_dick table completed_valid t=0.0s
[     29s] main 30b c988 ic_m4 subgroup table completed_valid t=0.0s
[     29s] main 30b c988 ic_m4 dickson table completed_valid t=0.0s
[     29s] main 30b c988 ic_m4 small_x table completed_valid t=0.0s
[     29s] main 30b c988 ic_m4 random_sub_r0 table completed_valid t=0.0s
[     29s] main 30b c988 ic_m4 random_sub_r1 table completed_valid t=0.0s
[     29s] main 30b c988 ic_m4 random_sub_r2 table completed_valid t=0.0s
[     29s] main 30b c988 ic_m4 known_null_sub table completed_valid t=0.0s
[     29s] main 30b c988 ic_m4 random_dick_r0 table completed_valid t=0.0s
[     29s] main 30b c988 ic_m4 random_dick_r1 table completed_valid t=0.0s
[     29s] main 30b c988 ic_m4 random_dick_r2 table completed_valid t=0.0s
[     29s] main 30b c988 ic_m4 known_null_dick table completed_valid t=0.0s
[     30s] main 30b c989 ic_m4 subgroup table completed_valid t=0.0s
[     30s] main 30b c989 ic_m4 dickson table completed_valid t=0.0s
[     30s] main 30b c989 ic_m4 small_x table completed_valid t=0.0s
[     30s] main 30b c989 ic_m4 random_sub_r0 table completed_valid t=0.0s
[     30s] main 30b c989 ic_m4 random_sub_r1 table completed_valid t=0.0s
[     30s] main 30b c989 ic_m4 random_sub_r2 table completed_valid t=0.0s
[     30s] main 30b c989 ic_m4 known_null_sub table completed_valid t=0.0s
[     30s] main 30b c989 ic_m4 random_dick_r0 table completed_valid t=0.0s
[     30s] main 30b c989 ic_m4 random_dick_r1 table completed_valid t=0.0s
[     30s] main 30b c989 ic_m4 random_dick_r2 table completed_valid t=0.0s
[     30s] main 30b c989 ic_m4 known_null_dick table completed_valid t=0.0s
[     30s] main 30b c990 ic_m4 subgroup table completed_valid t=0.0s
[     30s] main 30b c990 ic_m4 dickson table completed_valid t=0.0s
[     30s] main 30b c990 ic_m4 small_x table completed_valid t=0.0s
[     30s] main 30b c990 ic_m4 random_sub_r0 table completed_valid t=0.0s
[     30s] main 30b c990 ic_m4 random_sub_r1 table completed_valid t=0.0s
[     30s] main 30b c990 ic_m4 random_sub_r2 table completed_valid t=0.0s
[     30s] main 30b c990 ic_m4 known_null_sub table completed_valid t=0.0s
[     30s] main 30b c990 ic_m4 random_dick_r0 table completed_valid t=0.0s
[     30s] main 30b c990 ic_m4 random_dick_r1 table completed_valid t=0.0s
[     30s] main 30b c990 ic_m4 random_dick_r2 table completed_valid t=0.0s
[     30s] main 30b c990 ic_m4 known_null_dick table completed_valid t=0.0s
[     31s] main 30b c991 ic_m4 subgroup table completed_valid t=0.0s
[     31s] main 30b c991 ic_m4 dickson table completed_valid t=0.0s
[     31s] main 30b c991 ic_m4 small_x table completed_valid t=0.0s
[     31s] main 30b c991 ic_m4 random_sub_r0 table completed_valid t=0.0s
[     31s] main 30b c991 ic_m4 random_sub_r1 table completed_valid t=0.0s
[     31s] main 30b c991 ic_m4 random_sub_r2 table completed_valid t=0.0s
[     31s] main 30b c991 ic_m4 known_null_sub table completed_valid t=0.0s
[     31s] main 30b c991 ic_m4 random_dick_r0 table completed_valid t=0.0s
[     31s] main 30b c991 ic_m4 random_dick_r1 table completed_valid t=0.0s
[     31s] main 30b c991 ic_m4 random_dick_r2 table completed_valid t=0.0s
[     31s] main 30b c991 ic_m4 known_null_dick table completed_valid t=0.0s
[     31s] main 30b c992 ic_m4 subgroup table completed_valid t=0.0s
[     31s] main 30b c992 ic_m4 dickson table completed_valid t=0.0s
[     31s] main 30b c992 ic_m4 small_x table completed_valid t=0.0s
[     31s] main 30b c992 ic_m4 random_sub_r0 table completed_valid t=0.0s
[     31s] main 30b c992 ic_m4 random_sub_r1 table completed_valid t=0.0s
[     31s] main 30b c992 ic_m4 random_sub_r2 table completed_valid t=0.0s
[     31s] main 30b c992 ic_m4 known_null_sub table completed_valid t=0.0s
[     31s] main 30b c992 ic_m4 random_dick_r0 table completed_valid t=0.0s
[     31s] main 30b c992 ic_m4 random_dick_r1 table completed_valid t=0.0s
[     31s] main 30b c992 ic_m4 random_dick_r2 table completed_valid t=0.0s
[     31s] main 30b c992 ic_m4 known_null_dick table completed_valid t=0.0s
[     31s] main 30b c993 ic_m4 subgroup table completed_valid t=0.0s
[     31s] main 30b c993 ic_m4 dickson table completed_valid t=0.0s
[     31s] main 30b c993 ic_m4 small_x table completed_valid t=0.0s
[     31s] main 30b c993 ic_m4 random_sub_r0 table completed_valid t=0.0s
[     31s] main 30b c993 ic_m4 random_sub_r1 table completed_valid t=0.0s
[     31s] main 30b c993 ic_m4 random_sub_r2 table completed_valid t=0.0s
[     31s] main 30b c993 ic_m4 known_null_sub table completed_valid t=0.0s
[     31s] main 30b c993 ic_m4 random_dick_r0 table completed_valid t=0.0s
[     31s] main 30b c993 ic_m4 random_dick_r1 table completed_valid t=0.0s
[     31s] main 30b c993 ic_m4 random_dick_r2 table completed_valid t=0.0s
[     31s] main 30b c993 ic_m4 known_null_dick table completed_valid t=0.0s
[     32s] main 30b c994 ic_m4 subgroup table completed_valid t=0.0s
[     32s] main 30b c994 ic_m4 dickson table completed_valid t=0.0s
[     32s] main 30b c994 ic_m4 small_x table completed_valid t=0.0s
[     32s] main 30b c994 ic_m4 random_sub_r0 table completed_valid t=0.0s
[     32s] main 30b c994 ic_m4 random_sub_r1 table completed_valid t=0.0s
[     32s] main 30b c994 ic_m4 random_sub_r2 table completed_valid t=0.0s
[     32s] main 30b c994 ic_m4 known_null_sub table completed_valid t=0.0s
[     32s] main 30b c994 ic_m4 random_dick_r0 table completed_valid t=0.0s
[     32s] main 30b c994 ic_m4 random_dick_r1 table completed_valid t=0.0s
[     32s] main 30b c994 ic_m4 random_dick_r2 table completed_valid t=0.0s
[     32s] main 30b c994 ic_m4 known_null_dick table completed_valid t=0.0s
[     32s] main 30b c995 ic_m4 subgroup table completed_valid t=0.0s
[     32s] main 30b c995 ic_m4 dickson table completed_valid t=0.0s
[     32s] main 30b c995 ic_m4 small_x table completed_valid t=0.0s
[     32s] main 30b c995 ic_m4 random_sub_r0 table completed_valid t=0.0s
[     32s] main 30b c995 ic_m4 random_sub_r1 table completed_valid t=0.0s
[     32s] main 30b c995 ic_m4 random_sub_r2 table completed_valid t=0.0s
[     32s] main 30b c995 ic_m4 known_null_sub table completed_valid t=0.0s
[     32s] main 30b c995 ic_m4 random_dick_r0 table completed_valid t=0.0s
[     32s] main 30b c995 ic_m4 random_dick_r1 table completed_valid t=0.0s
[     32s] main 30b c995 ic_m4 random_dick_r2 table completed_valid t=0.0s
[     32s] main 30b c995 ic_m4 known_null_dick table completed_valid t=0.0s
[     32s] main 30b c996 ic_m4 subgroup table completed_valid t=0.0s
[     32s] main 30b c996 ic_m4 dickson table completed_valid t=0.0s
[     32s] main 30b c996 ic_m4 small_x table completed_valid t=0.0s
[     32s] main 30b c996 ic_m4 random_sub_r0 table completed_valid t=0.0s
[     32s] main 30b c996 ic_m4 random_sub_r1 table completed_valid t=0.0s
[     32s] main 30b c996 ic_m4 random_sub_r2 table completed_valid t=0.0s
[     32s] main 30b c996 ic_m4 known_null_sub table completed_valid t=0.0s
[     32s] main 30b c996 ic_m4 random_dick_r0 table completed_valid t=0.0s
[     32s] main 30b c996 ic_m4 random_dick_r1 table completed_valid t=0.0s
[     32s] main 30b c996 ic_m4 random_dick_r2 table completed_valid t=0.0s
[     32s] main 30b c996 ic_m4 known_null_dick table completed_valid t=0.0s
[     33s] main 30b c997 ic_m4 subgroup table completed_valid t=0.0s
[     33s] main 30b c997 ic_m4 dickson table completed_valid t=0.0s
[     33s] main 30b c997 ic_m4 small_x table completed_valid t=0.0s
[     33s] main 30b c997 ic_m4 random_sub_r0 table completed_valid t=0.0s
[     33s] main 30b c997 ic_m4 random_sub_r1 table completed_valid t=0.0s
[     33s] main 30b c997 ic_m4 random_sub_r2 table completed_valid t=0.0s
[     33s] main 30b c997 ic_m4 known_null_sub table completed_valid t=0.0s
[     33s] main 30b c997 ic_m4 random_dick_r0 table completed_valid t=0.0s
[     33s] main 30b c997 ic_m4 random_dick_r1 table completed_valid t=0.0s
[     33s] main 30b c997 ic_m4 random_dick_r2 table completed_valid t=0.0s
[     33s] main 30b c997 ic_m4 known_null_dick table completed_valid t=0.0s
[     33s] main 30b c998 ic_m4 subgroup table completed_valid t=0.0s
[     33s] main 30b c998 ic_m4 dickson table completed_valid t=0.0s
[     33s] main 30b c998 ic_m4 small_x table completed_valid t=0.0s
[     33s] main 30b c998 ic_m4 random_sub_r0 table completed_valid t=0.0s
[     33s] main 30b c998 ic_m4 random_sub_r1 table completed_valid t=0.0s
[     33s] main 30b c998 ic_m4 random_sub_r2 table completed_valid t=0.0s
[     33s] main 30b c998 ic_m4 known_null_sub table completed_valid t=0.0s
[     33s] main 30b c998 ic_m4 random_dick_r0 table completed_valid t=0.0s
[     33s] main 30b c998 ic_m4 random_dick_r1 table completed_valid t=0.0s
[     33s] main 30b c998 ic_m4 random_dick_r2 table completed_valid t=0.0s
[     33s] main 30b c998 ic_m4 known_null_dick table completed_valid t=0.0s
[     33s] main 30b c999 ic_m4 subgroup table completed_valid t=0.0s
[     33s] main 30b c999 ic_m4 dickson table completed_valid t=0.0s
[     33s] main 30b c999 ic_m4 small_x table completed_valid t=0.0s
[     33s] main 30b c999 ic_m4 random_sub_r0 table completed_valid t=0.0s
[     33s] main 30b c999 ic_m4 random_sub_r1 table completed_valid t=0.0s
[     33s] main 30b c999 ic_m4 random_sub_r2 table completed_valid t=0.0s
[     33s] main 30b c999 ic_m4 known_null_sub table completed_valid t=0.0s
[     33s] main 30b c999 ic_m4 random_dick_r0 table completed_valid t=0.0s
[     33s] main 30b c999 ic_m4 random_dick_r1 table completed_valid t=0.0s
[     33s] main 30b c999 ic_m4 random_dick_r2 table completed_valid t=0.0s
[     33s] main 30b c999 ic_m4 known_null_dick table completed_valid t=0.0s
[     34s] main 30b c1000 ic_m4 subgroup table completed_valid t=0.0s
[     34s] main 30b c1000 ic_m4 dickson table completed_valid t=0.0s
[     34s] main 30b c1000 ic_m4 small_x table completed_valid t=0.0s
[     34s] main 30b c1000 ic_m4 random_sub_r0 table completed_valid t=0.0s
[     34s] main 30b c1000 ic_m4 random_sub_r1 table completed_valid t=0.0s
[     34s] main 30b c1000 ic_m4 random_sub_r2 table completed_valid t=0.0s
[     34s] main 30b c1000 ic_m4 known_null_sub table completed_valid t=0.0s
[     34s] main 30b c1000 ic_m4 random_dick_r0 table completed_valid t=0.0s
[     34s] main 30b c1000 ic_m4 random_dick_r1 table completed_valid t=0.0s
[     34s] main 30b c1000 ic_m4 random_dick_r2 table completed_valid t=0.0s
[     34s] main 30b c1000 ic_m4 known_null_dick table completed_valid t=0.0s
[     34s] main 30b c1001 ic_m4 subgroup table completed_valid t=0.0s
[     34s] main 30b c1001 ic_m4 dickson table completed_valid t=0.0s
[     34s] main 30b c1001 ic_m4 small_x table completed_valid t=0.0s
[     34s] main 30b c1001 ic_m4 random_sub_r0 table completed_valid t=0.0s
[     34s] main 30b c1001 ic_m4 random_sub_r1 table completed_valid t=0.0s
[     34s] main 30b c1001 ic_m4 random_sub_r2 table completed_valid t=0.0s
[     34s] main 30b c1001 ic_m4 known_null_sub table completed_valid t=0.0s
[     34s] main 30b c1001 ic_m4 random_dick_r0 table completed_valid t=0.0s
[     34s] main 30b c1001 ic_m4 random_dick_r1 table completed_valid t=0.0s
[     34s] main 30b c1001 ic_m4 random_dick_r2 table completed_valid t=0.0s
[     34s] main 30b c1001 ic_m4 known_null_dick table completed_valid t=0.0s
[     34s] main 30b c1002 ic_m4 subgroup table completed_valid t=0.0s
[     34s] main 30b c1002 ic_m4 dickson table completed_valid t=0.0s
[     34s] main 30b c1002 ic_m4 small_x table completed_valid t=0.0s
[     34s] main 30b c1002 ic_m4 random_sub_r0 table completed_valid t=0.0s
[     34s] main 30b c1002 ic_m4 random_sub_r1 table completed_valid t=0.0s
[     34s] main 30b c1002 ic_m4 random_sub_r2 table completed_valid t=0.0s
[     34s] main 30b c1002 ic_m4 known_null_sub table completed_valid t=0.0s
[     34s] main 30b c1002 ic_m4 random_dick_r0 table completed_valid t=0.0s
[     34s] main 30b c1002 ic_m4 random_dick_r1 table completed_valid t=0.0s
[     34s] main 30b c1002 ic_m4 random_dick_r2 table completed_valid t=0.0s
[     34s] main 30b c1002 ic_m4 known_null_dick table completed_valid t=0.0s
[     35s] main 30b c1003 ic_m4 subgroup table completed_valid t=0.0s
[     35s] main 30b c1003 ic_m4 dickson table completed_valid t=0.0s
[     35s] main 30b c1003 ic_m4 small_x table completed_valid t=0.0s
[     35s] main 30b c1003 ic_m4 random_sub_r0 table completed_valid t=0.0s
[     35s] main 30b c1003 ic_m4 random_sub_r1 table completed_valid t=0.0s
[     35s] main 30b c1003 ic_m4 random_sub_r2 table completed_valid t=0.0s
[     35s] main 30b c1003 ic_m4 known_null_sub table completed_valid t=0.0s
[     35s] main 30b c1003 ic_m4 random_dick_r0 table completed_valid t=0.0s
[     35s] main 30b c1003 ic_m4 random_dick_r1 table completed_valid t=0.0s
[     35s] main 30b c1003 ic_m4 random_dick_r2 table completed_valid t=0.0s
[     35s] main 30b c1003 ic_m4 known_null_dick table completed_valid t=0.0s
[     35s] main 30b c1004 ic_m4 subgroup table completed_valid t=0.0s
[     35s] main 30b c1004 ic_m4 dickson table completed_valid t=0.0s
[     35s] main 30b c1004 ic_m4 small_x table completed_valid t=0.0s
[     35s] main 30b c1004 ic_m4 random_sub_r0 table completed_valid t=0.0s
[     35s] main 30b c1004 ic_m4 random_sub_r1 table completed_valid t=0.0s
[     35s] main 30b c1004 ic_m4 random_sub_r2 table completed_valid t=0.0s
[     35s] main 30b c1004 ic_m4 known_null_sub table completed_valid t=0.0s
[     35s] main 30b c1004 ic_m4 random_dick_r0 table completed_valid t=0.0s
[     35s] main 30b c1004 ic_m4 random_dick_r1 table completed_valid t=0.0s
[     35s] main 30b c1004 ic_m4 random_dick_r2 table completed_valid t=0.0s
[     35s] main 30b c1004 ic_m4 known_null_dick table completed_valid t=0.0s
[     35s] main 30b c1005 ic_m4 subgroup table completed_valid t=0.0s
[     35s] main 30b c1005 ic_m4 dickson table completed_valid t=0.0s
[     35s] main 30b c1005 ic_m4 small_x table completed_valid t=0.0s
[     35s] main 30b c1005 ic_m4 random_sub_r0 table completed_valid t=0.0s
[     35s] main 30b c1005 ic_m4 random_sub_r1 table completed_valid t=0.0s
[     35s] main 30b c1005 ic_m4 random_sub_r2 table completed_valid t=0.0s
[     35s] main 30b c1005 ic_m4 known_null_sub table completed_valid t=0.0s
[     35s] main 30b c1005 ic_m4 random_dick_r0 table completed_valid t=0.0s
[     35s] main 30b c1005 ic_m4 random_dick_r1 table completed_valid t=0.0s
[     35s] main 30b c1005 ic_m4 random_dick_r2 table completed_valid t=0.0s
[     35s] main 30b c1005 ic_m4 known_null_dick table completed_valid t=0.0s
[     36s] main 30b c1006 ic_m4 subgroup table completed_valid t=0.0s
[     36s] main 30b c1006 ic_m4 dickson table completed_valid t=0.0s
[     36s] main 30b c1006 ic_m4 small_x table completed_valid t=0.0s
[     36s] main 30b c1006 ic_m4 random_sub_r0 table completed_valid t=0.0s
[     36s] main 30b c1006 ic_m4 random_sub_r1 table completed_valid t=0.0s
[     36s] main 30b c1006 ic_m4 random_sub_r2 table completed_valid t=0.0s
[     36s] main 30b c1006 ic_m4 known_null_sub table completed_valid t=0.0s
[     36s] main 30b c1006 ic_m4 random_dick_r0 table completed_valid t=0.0s
[     36s] main 30b c1006 ic_m4 random_dick_r1 table completed_valid t=0.0s
[     36s] main 30b c1006 ic_m4 random_dick_r2 table completed_valid t=0.0s
[     36s] main 30b c1006 ic_m4 known_null_dick table completed_valid t=0.0s
[     36s] main 30b c1007 ic_m4 subgroup table completed_valid t=0.0s
[     36s] main 30b c1007 ic_m4 dickson table completed_valid t=0.0s
[     36s] main 30b c1007 ic_m4 small_x table completed_valid t=0.0s
[     36s] main 30b c1007 ic_m4 random_sub_r0 table completed_valid t=0.0s
[     36s] main 30b c1007 ic_m4 random_sub_r1 table completed_valid t=0.0s
[     36s] main 30b c1007 ic_m4 random_sub_r2 table completed_valid t=0.0s
[     36s] main 30b c1007 ic_m4 known_null_sub table completed_valid t=0.0s
[     36s] main 30b c1007 ic_m4 random_dick_r0 table completed_valid t=0.0s
[     36s] main 30b c1007 ic_m4 random_dick_r1 table completed_valid t=0.0s
[     36s] main 30b c1007 ic_m4 random_dick_r2 table completed_valid t=0.0s
[     36s] main 30b c1007 ic_m4 known_null_dick table completed_valid t=0.0s
[     36s] main 30b c1008 ic_m4 subgroup table completed_valid t=0.0s
[     36s] main 30b c1008 ic_m4 dickson table completed_valid t=0.0s
[     36s] main 30b c1008 ic_m4 small_x table completed_valid t=0.0s
[     36s] main 30b c1008 ic_m4 random_sub_r0 table completed_valid t=0.0s
[     36s] main 30b c1008 ic_m4 random_sub_r1 table completed_valid t=0.0s
[     36s] main 30b c1008 ic_m4 random_sub_r2 table completed_valid t=0.0s
[     36s] main 30b c1008 ic_m4 known_null_sub table completed_valid t=0.0s
[     36s] main 30b c1008 ic_m4 random_dick_r0 table completed_valid t=0.0s
[     36s] main 30b c1008 ic_m4 random_dick_r1 table completed_valid t=0.0s
[     36s] main 30b c1008 ic_m4 random_dick_r2 table completed_valid t=0.0s
[     36s] main 30b c1008 ic_m4 known_null_dick table completed_valid t=0.0s
[     37s] main 30b c1009 ic_m4 subgroup table completed_valid t=0.0s
[     37s] main 30b c1009 ic_m4 dickson table completed_valid t=0.0s
[     37s] main 30b c1009 ic_m4 small_x table completed_valid t=0.0s
[     37s] main 30b c1009 ic_m4 random_sub_r0 table completed_valid t=0.0s
[     37s] main 30b c1009 ic_m4 random_sub_r1 table completed_valid t=0.0s
[     37s] main 30b c1009 ic_m4 random_sub_r2 table completed_valid t=0.0s
[     37s] main 30b c1009 ic_m4 known_null_sub table completed_valid t=0.0s
[     37s] main 30b c1009 ic_m4 random_dick_r0 table completed_valid t=0.0s
[     37s] main 30b c1009 ic_m4 random_dick_r1 table completed_valid t=0.0s
[     37s] main 30b c1009 ic_m4 random_dick_r2 table completed_valid t=0.0s
[     37s] main 30b c1009 ic_m4 known_null_dick table completed_valid t=0.0s
