{
  "fixture_pass": true,
  "real_root_pass": true,
  "known_false_embed_pass": true,
  "reject_invalid_pass": true,
  "null_empty_pass": true,
  "REAL": {
    "id": "REAL",
    "p": 19,
    "N": 5,
    "N2": 25,
    "gcd_N_pminus1": 1,
    "power_table": [
      1,
      14,
      2,
      6,
      16,
      9,
      7,
      8,
      4,
      15,
      11,
      12,
      10,
      3,
      13,
      17,
      5,
      18
    ],
    "roots": [
      1,
      3,
      14,
      9,
      17,
      4,
      7,
      8,
      6,
      13,
      11,
      12,
      15,
      2,
      10,
      5,
      16,
      18
    ],
    "must_power_table": [
      1,
      14,
      2,
      6,
      16,
      9,
      7,
      8,
      4,
      15,
      11,
      12,
      10,
      3,
      13,
      17,
      5,
      18
    ],
    "must_roots": [
      1,
      3,
      14,
      9,
      17,
      4,
      7,
      8,
      6,
      13,
      11,
      12,
      15,
      2,
      10,
      5,
      16,
      18
    ]
  },
  "KF": {
    "id": "KF",
    "p": 19,
    "N": 3,
    "gcd_N_pminus1": 3,
    "rejected": true
  },
  "NULL": {
    "id": "NULL",
    "kind": "empty_c_list",
    "rejected": true
  }
}
