==============================================================================
VALIDATOR INDEPENDENT RE-DERIVATION OF G-VAR2 (PREREG-1 2, 3)
==============================================================================
U/H transcription vs committed fixture: ALL EQUAL
block-structure guard: {'F0': True, 'F1': True, 'F0|fib_s2': True, 'F1|fib_s2': True, 'F0|fib_s3': True, 'F1|fib_s3': True, 'F0|fib_s4': True, 'F1|fib_s4': True}
fibre |det| constant across 8 bases in every fibre family: True
F1 m_i[0] over i: [3329, 3330, 3331, 3332, 3333, 3334, 3335, 3336]

family|cand|route         cells  ADMIT   REFU   sc_deg  VAR_F_P  fib_sd_min  fib_sd_max
F0|X_null|R0                 38      0     38        0        0   0.000e+00   0.000e+00
F0|X_null|R1                 38      0     38        0        0   0.000e+00   0.000e+00
F0|X_null|R2                 38      0     38        0        0   5.779e-15   1.074e-13
F0|X_null|R3                 38      0     38        0        0   0.000e+00   0.000e+00
F0|X_null|R4                 38      0     38        0        0   7.190e-11   1.714e-09
F0|X_null|R5                 38      0     38        0        0   3.700e-15   6.953e-14
F0|rdet|R0                   38      0     38       38        0   0.000e+00   0.000e+00
F0|rdet|R1                   38      0     38       38        0   0.000e+00   0.000e+00
F0|rdet|R2                   38     38      0       38       38   5.417e-13   4.176e-11
F0|rdet|R3                   38      0     38       38        0   0.000e+00   0.000e+00
F0|rdet|R4                   38     38      0       38       38   5.689e-09   6.033e-07
F0|rdet|R5                   38     38      0       38       38   2.806e-13   3.354e-11
F1|X_null|R0                 38      0     38        0        0   0.000e+00   0.000e+00
F1|X_null|R1                 38      0     38        0        0   0.000e+00   0.000e+00
F1|X_null|R2                 38      0     38        0        0   5.868e-15   1.181e-13
F1|X_null|R3                 38      0     38        0        0   0.000e+00   0.000e+00
F1|X_null|R4                 38      0     38        0        0   5.095e-11   1.663e-09
F1|X_null|R5                 38      0     38        0        0   3.493e-15   7.557e-14
F1|rdet|R0                   38      0     38       38        0   0.000e+00   0.000e+00
F1|rdet|R1                   38      0     38       38        0   0.000e+00   0.000e+00
F1|rdet|R2                   38     38      0       38       38   6.220e-13   4.603e-11
F1|rdet|R3                   38      0     38       38        0   0.000e+00   0.000e+00
F1|rdet|R4                   38     38      0       38       38   4.489e-09   5.997e-07
F1|rdet|R5                   38     38      0       38       38   2.656e-13   3.650e-11

rawtail: {"F0": {"ADMIT": 37, "REFUSE": 1, "misses": [["L4_b95", 0.00048760651528140085, 0.0006240399229952158]], "D_c_min": 0.00048760651528140085, "D_c_max": 0.0875063176673376}, "F1": {"ADMIT": 37, "REFUSE": 1, "misses": [["L4_b95", 0.00048763228866435825, 0.0006240399229959537]], "D_c_min": 0.00048763228866435825, "D_c_max": 0.0875112296435912}}

P-V1 (VAR-S alone, V_evade, F0):
   R0   REFUSE=38 ADMIT=0 max_D=3.2152e-10 max_sd=3.9115e-10
   R1   REFUSE=38 ADMIT=0 max_D=3.2152e-10 max_sd=3.9115e-10
   R2   REFUSE=38 ADMIT=0 max_D=3.2155e-10 max_sd=3.9118e-10
   R3   REFUSE=38 ADMIT=0 max_D=3.2152e-10 max_sd=3.9115e-10
   R4   REFUSE=38 ADMIT=0 max_D=1.2384e-09 max_sd=1.6247e-09
   R5   REFUSE=38 ADMIT=0 max_D=3.2152e-10 max_sd=3.9115e-10

P-G1 graded guard: {"R0": {"n_cells": 38, "n_crossing": 38, "lambda_star_values": [0.01, 0.1]}, "R1": {"n_cells": 38, "n_crossing": 38, "lambda_star_values": [0.01, 0.1]}, "R2": {"n_cells": 38, "n_crossing": 38, "lambda_star_values": [0.01, 0.1]}, "R3": {"n_cells": 38, "n_crossing": 38, "lambda_star_values": [0.01, 0.1]}, "R4": {"n_cells": 38, "n_crossing": 38, "lambda_star_values": [0.01, 0.1]}, "R5": {"n_cells": 38, "n_crossing": 38, "lambda_star_values": [0.01, 0.1]}}
P-R26: {"cells_x_bases": 304, "agreeing": 304, "max_abs_dev_after_rounding": 0.0}

tau_var verdict surface (count of G-VAR2 ADMIT cells over 6 routes,
38 cells each -> max 228; V_evade column is VAR-S ADMIT only):
tau_var                   F0|X_null                F0|rdet              F1|X_null                F1|rdet F0|V_evade_VAR_S_ADMIT F0|rawtail_GVAR2_ADMIT
tau=1e-16                       114                    114                    114                    114                    228                     38
tau=1e-14                        74                    114                     83                    114                    228                     38
tau=1e-12                        38                    114                     38                    114                    228                     38
tau=1e-10                        25                    114                     26                    114                    168                     38
tau=1e-09                         1                    114                      3                    114                      1                     38
tau=1e-08                         0                    114                      0                    114                      0                     38
tau=1e-06                         0                    114                      0                    114                      0                     38
tau=0.0001                        0                    114                      0                    114                      0                     38
tau=0.001                         0                    114                      0                    114                      0                     37
tau=0.01                          0                    114                      0                    114                      0                     17
tau=0.1                           0                    114                      0                    114                      0                      0
tau=1                             0                    114                      0                    114                      0                      0

wrote coordination/goals/GOAL-MLKEM-005/batches/BATCH-4ed139/reviews/TASK-20260812-55056b/probes/rederive_gvar2.json in 2.37 s
