[     23s] main 30b c10 ic_m5 subgroup search completed_valid t=2.3s
[     23s] main 30b c10 ic_m5 dickson search completed_valid t=2.3s
[     23s] main 30b c10 ic_m5 small_x search completed_valid t=2.1s
[     23s] main 30b c10 ic_m5 random_sub_r0 search completed_valid t=2.1s
[     23s] main 30b c10 ic_m5 random_sub_r1 search completed_valid t=2.1s
[     23s] main 30b c10 ic_m5 random_sub_r2 search completed_valid t=1.9s
[     23s] main 30b c10 ic_m5 known_null_sub search completed_valid t=2.2s
[     23s] main 30b c10 ic_m5 random_dick_r0 search completed_valid t=2.1s
[     23s] main 30b c10 ic_m5 random_dick_r1 search completed_valid t=2.0s
[     23s] main 30b c10 ic_m5 random_dick_r2 search completed_valid t=2.0s
[     23s] main 30b c10 ic_m5 known_null_dick search completed_valid t=2.2s
[     43s] main 30b c11 ic_m5 subgroup search completed_valid t=1.8s
[     43s] main 30b c11 ic_m5 dickson search completed_valid t=1.8s
[     43s] main 30b c11 ic_m5 small_x search completed_valid t=1.7s
[     43s] main 30b c11 ic_m5 random_sub_r0 search completed_valid t=1.6s
[     43s] main 30b c11 ic_m5 random_sub_r1 search completed_valid t=2.0s
[     43s] main 30b c11 ic_m5 random_sub_r2 search completed_valid t=2.0s
[     43s] main 30b c11 ic_m5 known_null_sub search completed_valid t=1.9s
[     43s] main 30b c11 ic_m5 random_dick_r0 search completed_valid t=1.7s
[     43s] main 30b c11 ic_m5 random_dick_r1 search completed_valid t=1.7s
[     43s] main 30b c11 ic_m5 random_dick_r2 search completed_valid t=1.8s
[     43s] main 30b c11 ic_m5 known_null_dick search completed_valid t=2.0s
[     70s] main 30b c12 ic_m5 subgroup search completed_valid t=2.8s
[     70s] main 30b c12 ic_m5 dickson search completed_valid t=2.7s
[     70s] main 30b c12 ic_m5 small_x search completed_valid t=2.8s
[     70s] main 30b c12 ic_m5 random_sub_r0 search completed_valid t=2.3s
[     70s] main 30b c12 ic_m5 random_sub_r1 search completed_valid t=2.5s
[     70s] main 30b c12 ic_m5 random_sub_r2 search completed_valid t=2.2s
[     70s] main 30b c12 ic_m5 known_null_sub search completed_valid t=2.0s
[     70s] main 30b c12 ic_m5 random_dick_r0 search completed_valid t=2.6s
[     70s] main 30b c12 ic_m5 random_dick_r1 search completed_valid t=2.0s
[     70s] main 30b c12 ic_m5 random_dick_r2 search completed_valid t=2.0s
[     70s] main 30b c12 ic_m5 known_null_dick search completed_valid t=2.2s
[     91s] main 30b c13 ic_m5 subgroup search completed_valid t=2.0s
[     91s] main 30b c13 ic_m5 dickson search completed_valid t=2.0s
[     91s] main 30b c13 ic_m5 small_x search completed_valid t=2.3s
[     91s] main 30b c13 ic_m5 random_sub_r0 search completed_valid t=2.0s
[     91s] main 30b c13 ic_m5 random_sub_r1 search completed_valid t=1.9s
[     91s] main 30b c13 ic_m5 random_sub_r2 search completed_valid t=1.8s
[     91s] main 30b c13 ic_m5 known_null_sub search completed_valid t=2.0s
[     91s] main 30b c13 ic_m5 random_dick_r0 search completed_valid t=2.0s
[     91s] main 30b c13 ic_m5 random_dick_r1 search completed_valid t=1.9s
[     91s] main 30b c13 ic_m5 random_dick_r2 search completed_valid t=1.9s
[     91s] main 30b c13 ic_m5 known_null_dick search completed_valid t=1.8s
[    112s] main 30b c14 ic_m5 subgroup search completed_valid t=1.7s
[    112s] main 30b c14 ic_m5 dickson search completed_valid t=1.8s
[    112s] main 30b c14 ic_m5 small_x search completed_valid t=1.9s
[    112s] main 30b c14 ic_m5 random_sub_r0 search completed_valid t=1.6s
[    112s] main 30b c14 ic_m5 random_sub_r1 search completed_valid t=1.9s
[    112s] main 30b c14 ic_m5 random_sub_r2 search completed_valid t=1.8s
[    112s] main 30b c14 ic_m5 known_null_sub search completed_valid t=1.9s
[    112s] main 30b c14 ic_m5 random_dick_r0 search completed_valid t=2.0s
[    112s] main 30b c14 ic_m5 random_dick_r1 search completed_valid t=1.8s
[    112s] main 30b c14 ic_m5 random_dick_r2 search completed_valid t=1.9s
[    112s] main 30b c14 ic_m5 known_null_dick search completed_valid t=2.0s
[    132s] main 30b c15 ic_m5 subgroup search completed_valid t=1.7s
[    132s] main 30b c15 ic_m5 dickson search completed_valid t=1.9s
[    132s] main 30b c15 ic_m5 small_x search completed_valid t=1.8s
[    132s] main 30b c15 ic_m5 random_sub_r0 search completed_valid t=1.6s
[    132s] main 30b c15 ic_m5 random_sub_r1 search completed_valid t=1.8s
[    132s] main 30b c15 ic_m5 random_sub_r2 search completed_valid t=1.8s
[    132s] main 30b c15 ic_m5 known_null_sub search completed_valid t=1.7s
[    132s] main 30b c15 ic_m5 random_dick_r0 search completed_valid t=1.9s
[    132s] main 30b c15 ic_m5 random_dick_r1 search completed_valid t=1.7s
[    132s] main 30b c15 ic_m5 random_dick_r2 search completed_valid t=1.8s
[    132s] main 30b c15 ic_m5 known_null_dick search completed_valid t=2.0s
[    155s] main 30b c16 ic_m5 subgroup search completed_valid t=2.4s
[    155s] main 30b c16 ic_m5 dickson search completed_valid t=2.2s
[    155s] main 30b c16 ic_m5 small_x search completed_valid t=2.0s
[    155s] main 30b c16 ic_m5 random_sub_r0 search completed_valid t=2.0s
[    155s] main 30b c16 ic_m5 random_sub_r1 search completed_valid t=2.1s
[    155s] main 30b c16 ic_m5 random_sub_r2 search completed_valid t=2.1s
[    155s] main 30b c16 ic_m5 known_null_sub search completed_valid t=2.2s
[    155s] main 30b c16 ic_m5 random_dick_r0 search completed_valid t=2.1s
[    155s] main 30b c16 ic_m5 random_dick_r1 search completed_valid t=2.0s
[    155s] main 30b c16 ic_m5 random_dick_r2 search completed_valid t=2.0s
[    155s] main 30b c16 ic_m5 known_null_dick search completed_valid t=2.2s
[    176s] main 30b c17 ic_m5 subgroup search completed_valid t=1.9s
[    176s] main 30b c17 ic_m5 dickson search completed_valid t=1.7s
[    176s] main 30b c17 ic_m5 small_x search completed_valid t=1.8s
[    176s] main 30b c17 ic_m5 random_sub_r0 search completed_valid t=2.0s
[    176s] main 30b c17 ic_m5 random_sub_r1 search completed_valid t=2.0s
[    176s] main 30b c17 ic_m5 random_sub_r2 search completed_valid t=1.9s
[    176s] main 30b c17 ic_m5 known_null_sub search completed_valid t=1.6s
[    176s] main 30b c17 ic_m5 random_dick_r0 search completed_valid t=1.7s
[    176s] main 30b c17 ic_m5 random_dick_r1 search completed_valid t=2.0s
[    176s] main 30b c17 ic_m5 random_dick_r2 search completed_valid t=1.7s
[    176s] main 30b c17 ic_m5 known_null_dick search completed_valid t=1.9s
[    201s] main 30b c18 ic_m5 subgroup search completed_valid t=2.6s
[    201s] main 30b c18 ic_m5 dickson search completed_valid t=2.4s
[    201s] main 30b c18 ic_m5 small_x search completed_valid t=2.4s
[    201s] main 30b c18 ic_m5 random_sub_r0 search completed_valid t=2.2s
[    201s] main 30b c18 ic_m5 random_sub_r1 search completed_valid t=2.3s
[    201s] main 30b c18 ic_m5 random_sub_r2 search completed_valid t=2.2s
[    201s] main 30b c18 ic_m5 known_null_sub search completed_valid t=2.1s
[    201s] main 30b c18 ic_m5 random_dick_r0 search completed_valid t=2.5s
[    201s] main 30b c18 ic_m5 random_dick_r1 search completed_valid t=2.3s
[    201s] main 30b c18 ic_m5 random_dick_r2 search completed_valid t=2.3s
[    201s] main 30b c18 ic_m5 known_null_dick search completed_valid t=2.3s
[    220s] main 30b c19 ic_m5 subgroup search completed_valid t=1.7s
[    220s] main 30b c19 ic_m5 dickson search completed_valid t=1.7s
[    220s] main 30b c19 ic_m5 small_x search completed_valid t=1.6s
[    220s] main 30b c19 ic_m5 random_sub_r0 search completed_valid t=1.6s
[    220s] main 30b c19 ic_m5 random_sub_r1 search completed_valid t=1.6s
[    220s] main 30b c19 ic_m5 random_sub_r2 search completed_valid t=1.7s
[    220s] main 30b c19 ic_m5 known_null_sub search completed_valid t=1.7s
[    220s] main 30b c19 ic_m5 random_dick_r0 search completed_valid t=1.7s
[    220s] main 30b c19 ic_m5 random_dick_r1 search completed_valid t=1.7s
[    220s] main 30b c19 ic_m5 random_dick_r2 search completed_valid t=1.8s
[    220s] main 30b c19 ic_m5 known_null_dick search completed_valid t=1.8s
