{
  "cells": [
    {
      "cell": "FROB-SPLIT-q11n5",
      "independent_field_modulus": "x^5 + 2*x^4 + 1",
      "driver_field_modulus": "x^5 + 2*x^4 + 1",
      "field_modulus_matches": true,
      "cost_ratio_reverifications_checked": 4,
      "cost_ratio_mismatches": [],
      "cost_ratio_all_match": true,
      "independent_I": "2055/451",
      "independent_object_spread": "2055/451",
      "independent_m1_ratio": "206733/41",
      "independent_m2_argmin_ratio": "5533/5",
      "target_I": "2055/451",
      "target_m1": "206733/41",
      "target_m2": "5533/5",
      "consistency_check_independent": true,
      "driver_reported_consistency_check": true,
      "consistency_checks_agree": true,
      "argmin_slot_dims": [
        2,
        2
      ],
      "independent_C2_spread": "485/242",
      "driver_reported_C2_spread": [
        485,
        242
      ],
      "C2_spread_matches": true,
      "independent_C2_strictly_smaller_than_object": true,
      "multi_slot_dimensions_and_needed_multiplicity": {
        "4": 1,
        "2": 2
      },
      "C2_pool_distinctness_by_dim": {
        "4": true,
        "2": true
      },
      "C2_pool_sufficiency_by_dim": {
        "4": true,
        "2": true
      },
      "C2_construction_fix_verified": true,
      "two_two_slots_distinct_subspaces": true,
      "two_two_slots_basis_indices": [
        [
          0,
          1
        ],
        [
          0,
          2
        ]
      ],
      "curve_recomputed_order": 160976,
      "N_target": 10061,
      "N_divides_order_exponent": 1,
      "N_divides_order_exactly_once": true
    },
    {
      "cell": "FROB-EQDEG-q19n5",
      "independent_field_modulus": "x^5 + 3*x^4 + 1",
      "driver_field_modulus": "x^5 + 3*x^4 + 1",
      "field_modulus_matches": true,
      "cost_ratio_reverifications_checked": 4,
      "cost_ratio_mismatches": [],
      "cost_ratio_all_match": true,
      "independent_I": "6152/861",
      "independent_object_spread": "6152/861",
      "independent_m1_ratio": "12097908/205",
      "independent_m2_argmin_ratio": "82593/10",
      "target_I": "6152/861",
      "target_m1": "12097908/205",
      "target_m2": "82593/10",
      "consistency_check_independent": true,
      "driver_reported_consistency_check": true,
      "consistency_checks_agree": true,
      "argmin_slot_dims": [
        2,
        2
      ],
      "independent_C2_spread": "6158/627",
      "driver_reported_C2_spread": [
        6158,
        627
      ],
      "C2_spread_matches": true,
      "independent_C2_strictly_smaller_than_object": false,
      "multi_slot_dimensions_and_needed_multiplicity": {
        "4": 1,
        "2": 2
      },
      "C2_pool_distinctness_by_dim": {
        "4": true,
        "2": true
      },
      "C2_pool_sufficiency_by_dim": {
        "4": true,
        "2": true
      },
      "C2_construction_fix_verified": true,
      "two_two_slots_distinct_subspaces": true,
      "two_two_slots_basis_indices": [
        [
          0,
          1
        ],
        [
          0,
          2
        ]
      ],
      "curve_recomputed_order": 2477811,
      "N_target": 117991,
      "N_divides_order_exponent": 1,
      "N_divides_order_exactly_once": true
    }
  ],
  "independent_full_order_count": {
    "FROB-SPLIT-q11n5_A1_B2": {
      "independent_count": 160976,
      "driver_recomputed_order": 160976,
      "status": "computed",
      "matches": true
    },
    "FROB-EQDEG-q19n5_A1_B1": {
      "status": "skipped_too_large_for_pure_python_full_reenumeration_this_session",
      "field_size": 2476099
    }
  }
}
