[     0.1s] loaded 8400 replica rows
[     0.2s] series built: n = 1400 (7 rungs x 200)
[     9.0s] verbatim fit ratio_rank: slope=-0.019426 [-0.022505, -0.016275] (8.8s)
[    16.4s] verbatim fit ratio_frozen: slope=-0.038062 [-0.041568, -0.034597] (7.5s)
[    23.8s] verbatim fit r_frozen_over_B: slope=0.038628 [0.030900, 0.046512] (7.4s)
[    31.2s] verbatim fit r_rank_over_B: slope=0.001357 [0.000232, 0.002557] (7.3s)
[    38.5s] verbatim fit multiplicity: slope=0.037271 [0.029779, 0.045000] (7.3s)
[    38.6s] vectorized cross-check ratio_rank: [-0.022547, -0.016293] (diff lo 4.18e-05, hi 1.79e-05)
[    38.6s] vectorized cross-check ratio_frozen: [-0.041533, -0.034594] (diff lo 3.54e-05, hi 3.24e-06)
[    40.1s] MC-2 ratio_rank: hi mean/sd [-0.01629742837233546, 9.771509276572957e-05], flips 0/200
[    41.5s] MC-2 ratio_frozen: hi mean/sd [-0.03456084262000273, 0.00010894492617781038], flips 0/200
[    70.2s] MC-5 ratio_rank: kappa_worst=1.0786 calibrated [-0.022747, -0.016027] excludes_0=True
[    98.0s] MC-5 ratio_frozen: kappa_worst=1.0610 calibrated [-0.041782, -0.034385] excludes_0=True
[    98.0s] decision-rule branches: calibrated fired=['(i)A_inside'], nominal fired=['(i)A_inside']
[    98.0s] slopes.json written
[    98.7s] m4 b12 frozen: T=2.2315 ci99=[1.3338, 3.8898] excl_below=False cov=1.000 falseflag=0.000
[    99.5s] m4 b12 rank: T=8.8642 ci99=[5.3367, 14.1645] excl_below=False cov=1.000 falseflag=0.000
[   100.2s] m4 b12 NULL-G: kh=0.1274 T_true_g=8.8642 cov=1.000
[   100.9s] m4 b14 frozen: T=1.9421 ci99=[1.2329, 3.2127] excl_below=False cov=1.000 falseflag=0.000
[   101.6s] m4 b14 rank: T=8.1442 ci99=[5.3061, 11.3758] excl_below=False cov=1.000 falseflag=0.000
[   102.4s] m4 b14 NULL-G: kh=0.1342 T_true_g=8.1442 cov=1.000
[   103.1s] m4 b16 frozen: T=1.7715 ci99=[1.1435, 2.6938] excl_below=False cov=1.000 falseflag=0.000
[   103.8s] m4 b16 rank: T=7.6127 ci99=[5.0889, 10.4234] excl_below=False cov=1.000 falseflag=0.000
[   104.6s] m4 b16 NULL-G: kh=0.1410 T_true_g=7.6127 cov=1.000
[   105.3s] m4 b18 frozen: T=1.5024 ci99=[1.0168, 2.1579] excl_below=False cov=1.000 falseflag=0.000
[   106.0s] m4 b18 rank: T=6.6961 ci99=[4.9404, 8.7047] excl_below=False cov=1.000 falseflag=0.000
[   106.7s] m4 b18 NULL-G: kh=0.1566 T_true_g=6.6961 cov=1.000
[   107.5s] m4 b20 frozen: T=1.4077 ci99=[0.9820, 1.9030] excl_below=False cov=1.000 falseflag=0.000
[   108.2s] m4 b20 rank: T=6.3806 ci99=[4.8891, 8.0381] excl_below=False cov=1.000 falseflag=0.000
[   108.9s] m4 b20 NULL-G: kh=0.1621 T_true_g=6.3806 cov=1.000
[   109.7s] m4 b22 frozen: T=1.3935 ci99=[0.9926, 1.8069] excl_below=False cov=1.000 falseflag=0.000
[   110.4s] m4 b22 rank: T=6.5453 ci99=[5.2039, 8.0563] excl_below=False cov=1.000 falseflag=0.000
[   111.1s] m4 b22 NULL-G: kh=0.1570 T_true_g=6.5453 cov=1.000
[   111.9s] m4 b24 frozen: T=1.2953 ci99=[0.9619, 1.6013] excl_below=False cov=1.000 falseflag=0.000
[   112.6s] m4 b24 rank: T=6.0992 ci99=[5.0286, 7.2729] excl_below=False cov=1.000 falseflag=0.000
[   113.3s] m4 b24 NULL-G: kh=0.1672 T_true_g=6.0992 cov=1.000
[   114.0s] m5 b12 frozen: T=3.1718 ci99=[1.5685, 6.0810] excl_below=False cov=1.000 falseflag=0.000
[   114.8s] m5 b12 rank: T=12.4608 ci99=[8.3006, 17.7429] excl_below=False cov=1.000 falseflag=0.000
[   115.5s] m5 b12 NULL-G: kh=0.0939 T_true_g=12.4608 cov=1.000
[   116.2s] m5 b14 frozen: T=2.7403 ci99=[1.4550, 5.0679] excl_below=False cov=1.000 falseflag=0.000
[   116.9s] m5 b14 rank: T=10.9822 ci99=[7.6101, 14.9748] excl_below=False cov=1.000 falseflag=0.000
[   117.7s] m5 b14 NULL-G: kh=0.1026 T_true_g=10.9822 cov=1.000
[   118.4s] m5 b16 frozen: T=2.6726 ci99=[1.4005, 4.8318] excl_below=False cov=1.000 falseflag=0.000
[   119.1s] m5 b16 rank: T=10.2882 ci99=[7.3558, 13.9175] excl_below=False cov=1.000 falseflag=0.000
[   119.8s] m5 b16 NULL-G: kh=0.1071 T_true_g=10.2882 cov=1.000
[   120.6s] m5 b18 frozen: T=2.3439 ci99=[1.3402, 3.5784] excl_below=False cov=1.000 falseflag=0.000
[   121.3s] m5 b18 rank: T=9.3841 ci99=[7.0717, 12.0775] excl_below=False cov=1.000 falseflag=0.000
[   122.0s] m5 b18 NULL-G: kh=0.1142 T_true_g=9.3841 cov=1.000
[   122.8s] m5 b20 frozen: T=2.0379 ci99=[1.0621, 3.1933] excl_below=False cov=1.000 falseflag=0.000
[   123.5s] m5 b20 rank: T=9.0275 ci99=[6.9467, 11.6966] excl_below=False cov=1.000 falseflag=0.000
[   124.2s] m5 b20 NULL-G: kh=0.1170 T_true_g=9.0275 cov=1.000
[   125.0s] m5 b22 frozen: T=2.0293 ci99=[1.1279, 3.0221] excl_below=False cov=1.000 falseflag=0.000
[   125.7s] m5 b22 rank: T=8.4843 ci99=[6.6801, 10.6424] excl_below=False cov=1.000 falseflag=0.000
[   126.4s] m5 b22 NULL-G: kh=0.1233 T_true_g=8.4843 cov=1.000
[   127.2s] m5 b24 frozen: T=1.9914 ci99=[1.1602, 2.7606] excl_below=False cov=1.000 falseflag=0.000
[   127.9s] m5 b24 rank: T=8.1513 ci99=[6.5122, 9.8090] excl_below=False cov=1.000 falseflag=0.000
[   128.6s] m5 b24 NULL-G: kh=0.1270 T_true_g=8.1513 cov=1.000
[   128.6s] per_rung_T.json written
[   128.6s] identity_decomposition.json written: residual=3.469e-18 (tolerance 1e-09)
[   128.6s] DONE
{
 "replica_ratio_rank": {
  "slope": -0.01942641434492333,
  "nominal": [
   -0.022505000613166175,
   -0.016275011535155585
  ],
  "calibrated": [
   -0.022746973022198438,
   -0.016027315851725614
  ]
 },
 "replica_ratio_frozen": {
  "slope": -0.038061906588711954,
  "nominal": [
   -0.04156839174717412,
   -0.03459684482607671
  ],
  "calibrated": [
   -0.0417822671101139,
   -0.03438549605127756
  ]
 },
 "branch_calibrated": [
  "(i)A_inside"
 ],
 "branch_nominal": [
  "(i)A_inside"
 ],
 "identity_residual": 3.469446951953614e-18,
 "flags": []
}
