[      0s] main 26b c10 ic_m4 subgroup table completed_valid t=0.0s
[      0s] main 26b c10 ic_m4 dickson table completed_valid t=0.0s
[      0s] main 26b c10 ic_m4 small_x table completed_valid t=0.0s
[      0s] main 26b c10 ic_m4 random_sub_r0 table completed_valid t=0.0s
[      0s] main 26b c10 ic_m4 random_sub_r1 table completed_valid t=0.0s
[      0s] main 26b c10 ic_m4 random_sub_r2 table completed_valid t=0.0s
[      0s] main 26b c10 ic_m4 known_null_sub table completed_valid t=0.0s
[      0s] main 26b c10 ic_m4 random_dick_r0 table completed_valid t=0.0s
[      0s] main 26b c10 ic_m4 random_dick_r1 table completed_valid t=0.0s
[      0s] main 26b c10 ic_m4 random_dick_r2 table completed_valid t=0.0s
[      0s] main 26b c10 ic_m4 known_null_dick table completed_valid t=0.0s
[      0s] main 26b c11 ic_m4 subgroup table completed_valid t=0.0s
[      0s] main 26b c11 ic_m4 dickson table completed_valid t=0.0s
[      0s] main 26b c11 ic_m4 small_x table completed_valid t=0.0s
[      0s] main 26b c11 ic_m4 random_sub_r0 table completed_valid t=0.0s
[      0s] main 26b c11 ic_m4 random_sub_r1 table completed_valid t=0.0s
[      0s] main 26b c11 ic_m4 random_sub_r2 table completed_valid t=0.0s
[      0s] main 26b c11 ic_m4 known_null_sub table completed_valid t=0.0s
[      0s] main 26b c11 ic_m4 random_dick_r0 table completed_valid t=0.0s
[      0s] main 26b c11 ic_m4 random_dick_r1 table completed_valid t=0.0s
[      0s] main 26b c11 ic_m4 random_dick_r2 table completed_valid t=0.0s
[      0s] main 26b c11 ic_m4 known_null_dick table completed_valid t=0.0s
[      0s] main 26b c12 ic_m4 subgroup table completed_valid t=0.0s
[      0s] main 26b c12 ic_m4 dickson table completed_valid t=0.0s
[      0s] main 26b c12 ic_m4 small_x table completed_valid t=0.0s
[      0s] main 26b c12 ic_m4 random_sub_r0 table completed_valid t=0.0s
[      0s] main 26b c12 ic_m4 random_sub_r1 table completed_valid t=0.0s
[      0s] main 26b c12 ic_m4 random_sub_r2 table completed_valid t=0.0s
[      0s] main 26b c12 ic_m4 known_null_sub table completed_valid t=0.0s
[      0s] main 26b c12 ic_m4 random_dick_r0 table completed_valid t=0.0s
[      0s] main 26b c12 ic_m4 random_dick_r1 table completed_valid t=0.0s
[      0s] main 26b c12 ic_m4 random_dick_r2 table completed_valid t=0.0s
[      0s] main 26b c12 ic_m4 known_null_dick table completed_valid t=0.0s
[      1s] main 26b c13 ic_m4 subgroup table completed_valid t=0.0s
[      1s] main 26b c13 ic_m4 dickson table completed_valid t=0.0s
[      1s] main 26b c13 ic_m4 small_x table completed_valid t=0.0s
[      1s] main 26b c13 ic_m4 random_sub_r0 table completed_valid t=0.0s
[      1s] main 26b c13 ic_m4 random_sub_r1 table completed_valid t=0.0s
[      1s] main 26b c13 ic_m4 random_sub_r2 table completed_valid t=0.0s
[      1s] main 26b c13 ic_m4 known_null_sub table completed_valid t=0.0s
[      1s] main 26b c13 ic_m4 random_dick_r0 table completed_valid t=0.0s
[      1s] main 26b c13 ic_m4 random_dick_r1 table completed_valid t=0.0s
[      1s] main 26b c13 ic_m4 random_dick_r2 table completed_valid t=0.0s
[      1s] main 26b c13 ic_m4 known_null_dick table completed_valid t=0.0s
[      1s] main 26b c14 ic_m4 subgroup table completed_valid t=0.0s
[      1s] main 26b c14 ic_m4 dickson table completed_valid t=0.0s
[      1s] main 26b c14 ic_m4 small_x table completed_valid t=0.0s
[      1s] main 26b c14 ic_m4 random_sub_r0 table completed_valid t=0.0s
[      1s] main 26b c14 ic_m4 random_sub_r1 table completed_valid t=0.0s
[      1s] main 26b c14 ic_m4 random_sub_r2 table completed_valid t=0.0s
[      1s] main 26b c14 ic_m4 known_null_sub table completed_valid t=0.0s
[      1s] main 26b c14 ic_m4 random_dick_r0 table completed_valid t=0.0s
[      1s] main 26b c14 ic_m4 random_dick_r1 table completed_valid t=0.0s
[      1s] main 26b c14 ic_m4 random_dick_r2 table completed_valid t=0.0s
[      1s] main 26b c14 ic_m4 known_null_dick table completed_valid t=0.0s
[      1s] main 26b c15 ic_m4 subgroup table completed_valid t=0.0s
[      1s] main 26b c15 ic_m4 dickson table completed_valid t=0.0s
[      1s] main 26b c15 ic_m4 small_x table completed_valid t=0.0s
[      1s] main 26b c15 ic_m4 random_sub_r0 table completed_valid t=0.0s
[      1s] main 26b c15 ic_m4 random_sub_r1 table completed_valid t=0.0s
[      1s] main 26b c15 ic_m4 random_sub_r2 table completed_valid t=0.0s
[      1s] main 26b c15 ic_m4 known_null_sub table completed_valid t=0.0s
[      1s] main 26b c15 ic_m4 random_dick_r0 table completed_valid t=0.0s
[      1s] main 26b c15 ic_m4 random_dick_r1 table completed_valid t=0.0s
[      1s] main 26b c15 ic_m4 random_dick_r2 table completed_valid t=0.0s
[      1s] main 26b c15 ic_m4 known_null_dick table completed_valid t=0.0s
[      1s] main 26b c16 ic_m4 subgroup table completed_valid t=0.0s
[      1s] main 26b c16 ic_m4 dickson table completed_valid t=0.0s
[      1s] main 26b c16 ic_m4 small_x table completed_valid t=0.0s
[      1s] main 26b c16 ic_m4 random_sub_r0 table completed_valid t=0.0s
[      1s] main 26b c16 ic_m4 random_sub_r1 table completed_valid t=0.0s
[      1s] main 26b c16 ic_m4 random_sub_r2 table completed_valid t=0.0s
[      1s] main 26b c16 ic_m4 known_null_sub table completed_valid t=0.0s
[      1s] main 26b c16 ic_m4 random_dick_r0 table completed_valid t=0.0s
[      1s] main 26b c16 ic_m4 random_dick_r1 table completed_valid t=0.0s
[      1s] main 26b c16 ic_m4 random_dick_r2 table completed_valid t=0.0s
[      1s] main 26b c16 ic_m4 known_null_dick table completed_valid t=0.0s
[      1s] main 26b c17 ic_m4 subgroup table completed_valid t=0.0s
[      1s] main 26b c17 ic_m4 dickson table completed_valid t=0.0s
[      1s] main 26b c17 ic_m4 small_x table completed_valid t=0.0s
[      1s] main 26b c17 ic_m4 random_sub_r0 table completed_valid t=0.0s
[      1s] main 26b c17 ic_m4 random_sub_r1 table completed_valid t=0.0s
[      1s] main 26b c17 ic_m4 random_sub_r2 table completed_valid t=0.0s
[      1s] main 26b c17 ic_m4 known_null_sub table completed_valid t=0.0s
[      1s] main 26b c17 ic_m4 random_dick_r0 table completed_valid t=0.0s
[      1s] main 26b c17 ic_m4 random_dick_r1 table completed_valid t=0.0s
[      1s] main 26b c17 ic_m4 random_dick_r2 table completed_valid t=0.0s
[      1s] main 26b c17 ic_m4 known_null_dick table completed_valid t=0.0s
[      1s] main 26b c18 ic_m4 subgroup table completed_valid t=0.0s
[      1s] main 26b c18 ic_m4 dickson table completed_valid t=0.0s
[      1s] main 26b c18 ic_m4 small_x table completed_valid t=0.0s
[      1s] main 26b c18 ic_m4 random_sub_r0 table completed_valid t=0.0s
[      1s] main 26b c18 ic_m4 random_sub_r1 table completed_valid t=0.0s
[      1s] main 26b c18 ic_m4 random_sub_r2 table completed_valid t=0.0s
[      1s] main 26b c18 ic_m4 known_null_sub table completed_valid t=0.0s
[      1s] main 26b c18 ic_m4 random_dick_r0 table completed_valid t=0.0s
[      1s] main 26b c18 ic_m4 random_dick_r1 table completed_valid t=0.0s
[      1s] main 26b c18 ic_m4 random_dick_r2 table completed_valid t=0.0s
[      1s] main 26b c18 ic_m4 known_null_dick table completed_valid t=0.0s
[      1s] main 26b c19 ic_m4 subgroup table completed_valid t=0.0s
[      1s] main 26b c19 ic_m4 dickson table completed_valid t=0.0s
[      1s] main 26b c19 ic_m4 small_x table completed_valid t=0.0s
[      1s] main 26b c19 ic_m4 random_sub_r0 table completed_valid t=0.0s
[      1s] main 26b c19 ic_m4 random_sub_r1 table completed_valid t=0.0s
[      1s] main 26b c19 ic_m4 random_sub_r2 table completed_valid t=0.0s
[      1s] main 26b c19 ic_m4 known_null_sub table completed_valid t=0.0s
[      1s] main 26b c19 ic_m4 random_dick_r0 table completed_valid t=0.0s
[      1s] main 26b c19 ic_m4 random_dick_r1 table completed_valid t=0.0s
[      1s] main 26b c19 ic_m4 random_dick_r2 table completed_valid t=0.0s
[      1s] main 26b c19 ic_m4 known_null_dick table completed_valid t=0.0s
[      2s] main 26b c20 ic_m4 subgroup table completed_valid t=0.0s
[      2s] main 26b c20 ic_m4 dickson table completed_valid t=0.0s
[      2s] main 26b c20 ic_m4 small_x table completed_valid t=0.0s
[      2s] main 26b c20 ic_m4 random_sub_r0 table completed_valid t=0.0s
[      2s] main 26b c20 ic_m4 random_sub_r1 table completed_valid t=0.0s
[      2s] main 26b c20 ic_m4 random_sub_r2 table completed_valid t=0.0s
[      2s] main 26b c20 ic_m4 known_null_sub table completed_valid t=0.0s
[      2s] main 26b c20 ic_m4 random_dick_r0 table completed_valid t=0.0s
[      2s] main 26b c20 ic_m4 random_dick_r1 table completed_valid t=0.0s
[      2s] main 26b c20 ic_m4 random_dick_r2 table completed_valid t=0.0s
[      2s] main 26b c20 ic_m4 known_null_dick table completed_valid t=0.0s
[      2s] main 26b c21 ic_m4 subgroup table completed_valid t=0.0s
[      2s] main 26b c21 ic_m4 dickson table completed_valid t=0.0s
[      2s] main 26b c21 ic_m4 small_x table completed_valid t=0.0s
[      2s] main 26b c21 ic_m4 random_sub_r0 table completed_valid t=0.0s
[      2s] main 26b c21 ic_m4 random_sub_r1 table completed_valid t=0.0s
[      2s] main 26b c21 ic_m4 random_sub_r2 table completed_valid t=0.0s
[      2s] main 26b c21 ic_m4 known_null_sub table completed_valid t=0.0s
[      2s] main 26b c21 ic_m4 random_dick_r0 table completed_valid t=0.0s
[      2s] main 26b c21 ic_m4 random_dick_r1 table completed_valid t=0.0s
[      2s] main 26b c21 ic_m4 random_dick_r2 table completed_valid t=0.0s
[      2s] main 26b c21 ic_m4 known_null_dick table completed_valid t=0.0s
[      2s] main 26b c22 ic_m4 subgroup table completed_valid t=0.0s
[      2s] main 26b c22 ic_m4 dickson table completed_valid t=0.0s
[      2s] main 26b c22 ic_m4 small_x table completed_valid t=0.0s
[      2s] main 26b c22 ic_m4 random_sub_r0 table completed_valid t=0.0s
[      2s] main 26b c22 ic_m4 random_sub_r1 table completed_valid t=0.0s
[      2s] main 26b c22 ic_m4 random_sub_r2 table completed_valid t=0.0s
[      2s] main 26b c22 ic_m4 known_null_sub table completed_valid t=0.0s
[      2s] main 26b c22 ic_m4 random_dick_r0 table completed_valid t=0.0s
[      2s] main 26b c22 ic_m4 random_dick_r1 table completed_valid t=0.0s
[      2s] main 26b c22 ic_m4 random_dick_r2 table completed_valid t=0.0s
[      2s] main 26b c22 ic_m4 known_null_dick table completed_valid t=0.0s
[      2s] main 26b c23 ic_m4 subgroup table completed_valid t=0.0s
[      2s] main 26b c23 ic_m4 dickson table completed_valid t=0.0s
[      2s] main 26b c23 ic_m4 small_x table completed_valid t=0.0s
[      2s] main 26b c23 ic_m4 random_sub_r0 table completed_valid t=0.0s
[      2s] main 26b c23 ic_m4 random_sub_r1 table completed_valid t=0.0s
[      2s] main 26b c23 ic_m4 random_sub_r2 table completed_valid t=0.0s
[      2s] main 26b c23 ic_m4 known_null_sub table completed_valid t=0.0s
[      2s] main 26b c23 ic_m4 random_dick_r0 table completed_valid t=0.0s
[      2s] main 26b c23 ic_m4 random_dick_r1 table completed_valid t=0.0s
[      2s] main 26b c23 ic_m4 random_dick_r2 table completed_valid t=0.0s
[      2s] main 26b c23 ic_m4 known_null_dick table completed_valid t=0.0s
[      2s] main 26b c24 ic_m4 subgroup table completed_valid t=0.0s
[      2s] main 26b c24 ic_m4 dickson table completed_valid t=0.0s
[      2s] main 26b c24 ic_m4 small_x table completed_valid t=0.0s
[      2s] main 26b c24 ic_m4 random_sub_r0 table completed_valid t=0.0s
[      2s] main 26b c24 ic_m4 random_sub_r1 table completed_valid t=0.0s
[      2s] main 26b c24 ic_m4 random_sub_r2 table completed_valid t=0.0s
[      2s] main 26b c24 ic_m4 known_null_sub table completed_valid t=0.0s
[      2s] main 26b c24 ic_m4 random_dick_r0 table completed_valid t=0.0s
[      2s] main 26b c24 ic_m4 random_dick_r1 table completed_valid t=0.0s
[      2s] main 26b c24 ic_m4 random_dick_r2 table completed_valid t=0.0s
[      2s] main 26b c24 ic_m4 known_null_dick table completed_valid t=0.0s
[      2s] main 26b c25 ic_m4 subgroup table completed_valid t=0.0s
[      2s] main 26b c25 ic_m4 dickson table completed_valid t=0.0s
[      2s] main 26b c25 ic_m4 small_x table completed_valid t=0.0s
[      2s] main 26b c25 ic_m4 random_sub_r0 table completed_valid t=0.0s
[      2s] main 26b c25 ic_m4 random_sub_r1 table completed_valid t=0.0s
[      2s] main 26b c25 ic_m4 random_sub_r2 table completed_valid t=0.0s
[      2s] main 26b c25 ic_m4 known_null_sub table completed_valid t=0.0s
[      2s] main 26b c25 ic_m4 random_dick_r0 table completed_valid t=0.0s
[      2s] main 26b c25 ic_m4 random_dick_r1 table completed_valid t=0.0s
[      2s] main 26b c25 ic_m4 random_dick_r2 table completed_valid t=0.0s
[      2s] main 26b c25 ic_m4 known_null_dick table completed_valid t=0.0s
[      3s] main 26b c26 ic_m4 subgroup table completed_valid t=0.0s
[      3s] main 26b c26 ic_m4 dickson table completed_valid t=0.0s
[      3s] main 26b c26 ic_m4 small_x table completed_valid t=0.0s
[      3s] main 26b c26 ic_m4 random_sub_r0 table completed_valid t=0.0s
[      3s] main 26b c26 ic_m4 random_sub_r1 table completed_valid t=0.0s
[      3s] main 26b c26 ic_m4 random_sub_r2 table completed_valid t=0.0s
[      3s] main 26b c26 ic_m4 known_null_sub table completed_valid t=0.0s
[      3s] main 26b c26 ic_m4 random_dick_r0 table completed_valid t=0.0s
[      3s] main 26b c26 ic_m4 random_dick_r1 table completed_valid t=0.0s
[      3s] main 26b c26 ic_m4 random_dick_r2 table completed_valid t=0.0s
[      3s] main 26b c26 ic_m4 known_null_dick table completed_valid t=0.0s
[      3s] main 26b c27 ic_m4 subgroup table completed_valid t=0.0s
[      3s] main 26b c27 ic_m4 dickson table completed_valid t=0.0s
[      3s] main 26b c27 ic_m4 small_x table completed_valid t=0.0s
[      3s] main 26b c27 ic_m4 random_sub_r0 table completed_valid t=0.0s
[      3s] main 26b c27 ic_m4 random_sub_r1 table completed_valid t=0.0s
[      3s] main 26b c27 ic_m4 random_sub_r2 table completed_valid t=0.0s
[      3s] main 26b c27 ic_m4 known_null_sub table completed_valid t=0.0s
[      3s] main 26b c27 ic_m4 random_dick_r0 table completed_valid t=0.0s
[      3s] main 26b c27 ic_m4 random_dick_r1 table completed_valid t=0.0s
[      3s] main 26b c27 ic_m4 random_dick_r2 table completed_valid t=0.0s
[      3s] main 26b c27 ic_m4 known_null_dick table completed_valid t=0.0s
[      3s] main 26b c28 ic_m4 subgroup table completed_valid t=0.0s
[      3s] main 26b c28 ic_m4 dickson table completed_valid t=0.0s
[      3s] main 26b c28 ic_m4 small_x table completed_valid t=0.0s
[      3s] main 26b c28 ic_m4 random_sub_r0 table completed_valid t=0.0s
[      3s] main 26b c28 ic_m4 random_sub_r1 table completed_valid t=0.0s
[      3s] main 26b c28 ic_m4 random_sub_r2 table completed_valid t=0.0s
[      3s] main 26b c28 ic_m4 known_null_sub table completed_valid t=0.0s
[      3s] main 26b c28 ic_m4 random_dick_r0 table completed_valid t=0.0s
[      3s] main 26b c28 ic_m4 random_dick_r1 table completed_valid t=0.0s
[      3s] main 26b c28 ic_m4 random_dick_r2 table completed_valid t=0.0s
[      3s] main 26b c28 ic_m4 known_null_dick table completed_valid t=0.0s
[      3s] main 26b c29 ic_m4 subgroup table completed_valid t=0.0s
[      3s] main 26b c29 ic_m4 dickson table completed_valid t=0.0s
[      3s] main 26b c29 ic_m4 small_x table completed_valid t=0.0s
[      3s] main 26b c29 ic_m4 random_sub_r0 table completed_valid t=0.0s
[      3s] main 26b c29 ic_m4 random_sub_r1 table completed_valid t=0.0s
[      3s] main 26b c29 ic_m4 random_sub_r2 table completed_valid t=0.0s
[      3s] main 26b c29 ic_m4 known_null_sub table completed_valid t=0.0s
[      3s] main 26b c29 ic_m4 random_dick_r0 table completed_valid t=0.0s
[      3s] main 26b c29 ic_m4 random_dick_r1 table completed_valid t=0.0s
[      3s] main 26b c29 ic_m4 random_dick_r2 table completed_valid t=0.0s
[      3s] main 26b c29 ic_m4 known_null_dick table completed_valid t=0.0s
[      3s] main 26b c30 ic_m4 subgroup table completed_valid t=0.0s
[      3s] main 26b c30 ic_m4 dickson table completed_valid t=0.0s
[      3s] main 26b c30 ic_m4 small_x table completed_valid t=0.0s
[      3s] main 26b c30 ic_m4 random_sub_r0 table completed_valid t=0.0s
[      3s] main 26b c30 ic_m4 random_sub_r1 table completed_valid t=0.0s
[      3s] main 26b c30 ic_m4 random_sub_r2 table completed_valid t=0.0s
[      3s] main 26b c30 ic_m4 known_null_sub table completed_valid t=0.0s
[      3s] main 26b c30 ic_m4 random_dick_r0 table completed_valid t=0.0s
[      3s] main 26b c30 ic_m4 random_dick_r1 table completed_valid t=0.0s
[      3s] main 26b c30 ic_m4 random_dick_r2 table completed_valid t=0.0s
[      3s] main 26b c30 ic_m4 known_null_dick table completed_valid t=0.0s
[      3s] main 26b c31 ic_m4 subgroup table completed_valid t=0.0s
[      3s] main 26b c31 ic_m4 dickson table completed_valid t=0.0s
[      3s] main 26b c31 ic_m4 small_x table completed_valid t=0.0s
[      3s] main 26b c31 ic_m4 random_sub_r0 table completed_valid t=0.0s
[      3s] main 26b c31 ic_m4 random_sub_r1 table completed_valid t=0.0s
[      3s] main 26b c31 ic_m4 random_sub_r2 table completed_valid t=0.0s
[      3s] main 26b c31 ic_m4 known_null_sub table completed_valid t=0.0s
[      3s] main 26b c31 ic_m4 random_dick_r0 table completed_valid t=0.0s
[      3s] main 26b c31 ic_m4 random_dick_r1 table completed_valid t=0.0s
[      3s] main 26b c31 ic_m4 random_dick_r2 table completed_valid t=0.0s
[      3s] main 26b c31 ic_m4 known_null_dick table completed_valid t=0.0s
[      4s] main 26b c32 ic_m4 subgroup table completed_valid t=0.0s
[      4s] main 26b c32 ic_m4 dickson table completed_valid t=0.0s
[      4s] main 26b c32 ic_m4 small_x table completed_valid t=0.0s
[      4s] main 26b c32 ic_m4 random_sub_r0 table completed_valid t=0.0s
[      4s] main 26b c32 ic_m4 random_sub_r1 table completed_valid t=0.0s
[      4s] main 26b c32 ic_m4 random_sub_r2 table completed_valid t=0.0s
[      4s] main 26b c32 ic_m4 known_null_sub table completed_valid t=0.0s
[      4s] main 26b c32 ic_m4 random_dick_r0 table completed_valid t=0.0s
[      4s] main 26b c32 ic_m4 random_dick_r1 table completed_valid t=0.0s
[      4s] main 26b c32 ic_m4 random_dick_r2 table completed_valid t=0.0s
[      4s] main 26b c32 ic_m4 known_null_dick table completed_valid t=0.0s
[      4s] main 26b c33 ic_m4 subgroup table completed_valid t=0.0s
[      4s] main 26b c33 ic_m4 dickson table completed_valid t=0.0s
[      4s] main 26b c33 ic_m4 small_x table completed_valid t=0.0s
[      4s] main 26b c33 ic_m4 random_sub_r0 table completed_valid t=0.0s
[      4s] main 26b c33 ic_m4 random_sub_r1 table completed_valid t=0.0s
[      4s] main 26b c33 ic_m4 random_sub_r2 table completed_valid t=0.0s
[      4s] main 26b c33 ic_m4 known_null_sub table completed_valid t=0.0s
[      4s] main 26b c33 ic_m4 random_dick_r0 table completed_valid t=0.0s
[      4s] main 26b c33 ic_m4 random_dick_r1 table completed_valid t=0.0s
[      4s] main 26b c33 ic_m4 random_dick_r2 table completed_valid t=0.0s
[      4s] main 26b c33 ic_m4 known_null_dick table completed_valid t=0.0s
[      4s] main 26b c34 ic_m4 subgroup table completed_valid t=0.0s
[      4s] main 26b c34 ic_m4 dickson table completed_valid t=0.0s
[      4s] main 26b c34 ic_m4 small_x table completed_valid t=0.0s
[      4s] main 26b c34 ic_m4 random_sub_r0 table completed_valid t=0.0s
[      4s] main 26b c34 ic_m4 random_sub_r1 table completed_valid t=0.0s
[      4s] main 26b c34 ic_m4 random_sub_r2 table completed_valid t=0.0s
[      4s] main 26b c34 ic_m4 known_null_sub table completed_valid t=0.0s
[      4s] main 26b c34 ic_m4 random_dick_r0 table completed_valid t=0.0s
[      4s] main 26b c34 ic_m4 random_dick_r1 table completed_valid t=0.0s
[      4s] main 26b c34 ic_m4 random_dick_r2 table completed_valid t=0.0s
[      4s] main 26b c34 ic_m4 known_null_dick table completed_valid t=0.0s
[      4s] main 26b c35 ic_m4 subgroup table completed_valid t=0.0s
[      4s] main 26b c35 ic_m4 dickson table completed_valid t=0.0s
[      4s] main 26b c35 ic_m4 small_x table completed_valid t=0.0s
[      4s] main 26b c35 ic_m4 random_sub_r0 table completed_valid t=0.0s
[      4s] main 26b c35 ic_m4 random_sub_r1 table completed_valid t=0.0s
[      4s] main 26b c35 ic_m4 random_sub_r2 table completed_valid t=0.0s
[      4s] main 26b c35 ic_m4 known_null_sub table completed_valid t=0.0s
[      4s] main 26b c35 ic_m4 random_dick_r0 table completed_valid t=0.0s
[      4s] main 26b c35 ic_m4 random_dick_r1 table completed_valid t=0.0s
[      4s] main 26b c35 ic_m4 random_dick_r2 table completed_valid t=0.0s
[      4s] main 26b c35 ic_m4 known_null_dick table completed_valid t=0.0s
[      4s] main 26b c36 ic_m4 subgroup table completed_valid t=0.0s
[      4s] main 26b c36 ic_m4 dickson table completed_valid t=0.0s
[      4s] main 26b c36 ic_m4 small_x table completed_valid t=0.0s
[      4s] main 26b c36 ic_m4 random_sub_r0 table completed_valid t=0.0s
[      4s] main 26b c36 ic_m4 random_sub_r1 table completed_valid t=0.0s
[      4s] main 26b c36 ic_m4 random_sub_r2 table completed_valid t=0.0s
[      4s] main 26b c36 ic_m4 known_null_sub table completed_valid t=0.0s
[      4s] main 26b c36 ic_m4 random_dick_r0 table completed_valid t=0.0s
[      4s] main 26b c36 ic_m4 random_dick_r1 table completed_valid t=0.0s
[      4s] main 26b c36 ic_m4 random_dick_r2 table completed_valid t=0.0s
[      4s] main 26b c36 ic_m4 known_null_dick table completed_valid t=0.0s
[      4s] main 26b c37 ic_m4 subgroup table completed_valid t=0.0s
[      4s] main 26b c37 ic_m4 dickson table completed_valid t=0.0s
[      4s] main 26b c37 ic_m4 small_x table completed_valid t=0.0s
[      4s] main 26b c37 ic_m4 random_sub_r0 table completed_valid t=0.0s
[      4s] main 26b c37 ic_m4 random_sub_r1 table completed_valid t=0.0s
[      4s] main 26b c37 ic_m4 random_sub_r2 table completed_valid t=0.0s
[      4s] main 26b c37 ic_m4 known_null_sub table completed_valid t=0.0s
[      4s] main 26b c37 ic_m4 random_dick_r0 table completed_valid t=0.0s
[      4s] main 26b c37 ic_m4 random_dick_r1 table completed_valid t=0.0s
[      4s] main 26b c37 ic_m4 random_dick_r2 table completed_valid t=0.0s
[      4s] main 26b c37 ic_m4 known_null_dick table completed_valid t=0.0s
[      5s] main 26b c38 ic_m4 subgroup table completed_valid t=0.0s
[      5s] main 26b c38 ic_m4 dickson table completed_valid t=0.0s
[      5s] main 26b c38 ic_m4 small_x table completed_valid t=0.0s
[      5s] main 26b c38 ic_m4 random_sub_r0 table completed_valid t=0.0s
[      5s] main 26b c38 ic_m4 random_sub_r1 table completed_valid t=0.0s
[      5s] main 26b c38 ic_m4 random_sub_r2 table completed_valid t=0.0s
[      5s] main 26b c38 ic_m4 known_null_sub table completed_valid t=0.0s
[      5s] main 26b c38 ic_m4 random_dick_r0 table completed_valid t=0.0s
[      5s] main 26b c38 ic_m4 random_dick_r1 table completed_valid t=0.0s
[      5s] main 26b c38 ic_m4 random_dick_r2 table completed_valid t=0.0s
[      5s] main 26b c38 ic_m4 known_null_dick table completed_valid t=0.0s
[      5s] main 26b c39 ic_m4 subgroup table completed_valid t=0.0s
[      5s] main 26b c39 ic_m4 dickson table completed_valid t=0.0s
[      5s] main 26b c39 ic_m4 small_x table completed_valid t=0.0s
[      5s] main 26b c39 ic_m4 random_sub_r0 table completed_valid t=0.0s
[      5s] main 26b c39 ic_m4 random_sub_r1 table completed_valid t=0.0s
[      5s] main 26b c39 ic_m4 random_sub_r2 table completed_valid t=0.0s
[      5s] main 26b c39 ic_m4 known_null_sub table completed_valid t=0.0s
[      5s] main 26b c39 ic_m4 random_dick_r0 table completed_valid t=0.0s
[      5s] main 26b c39 ic_m4 random_dick_r1 table completed_valid t=0.0s
[      5s] main 26b c39 ic_m4 random_dick_r2 table completed_valid t=0.0s
[      5s] main 26b c39 ic_m4 known_null_dick table completed_valid t=0.0s
[      5s] main 26b c40 ic_m4 subgroup table completed_valid t=0.0s
[      5s] main 26b c40 ic_m4 dickson table completed_valid t=0.0s
[      5s] main 26b c40 ic_m4 small_x table completed_valid t=0.0s
[      5s] main 26b c40 ic_m4 random_sub_r0 table completed_valid t=0.0s
[      5s] main 26b c40 ic_m4 random_sub_r1 table completed_valid t=0.0s
[      5s] main 26b c40 ic_m4 random_sub_r2 table completed_valid t=0.0s
[      5s] main 26b c40 ic_m4 known_null_sub table completed_valid t=0.0s
[      5s] main 26b c40 ic_m4 random_dick_r0 table completed_valid t=0.0s
[      5s] main 26b c40 ic_m4 random_dick_r1 table completed_valid t=0.0s
[      5s] main 26b c40 ic_m4 random_dick_r2 table completed_valid t=0.0s
[      5s] main 26b c40 ic_m4 known_null_dick table completed_valid t=0.0s
[      5s] main 26b c41 ic_m4 subgroup table completed_valid t=0.0s
[      5s] main 26b c41 ic_m4 dickson table completed_valid t=0.0s
[      5s] main 26b c41 ic_m4 small_x table completed_valid t=0.0s
[      5s] main 26b c41 ic_m4 random_sub_r0 table completed_valid t=0.0s
[      5s] main 26b c41 ic_m4 random_sub_r1 table completed_valid t=0.0s
[      5s] main 26b c41 ic_m4 random_sub_r2 table completed_valid t=0.0s
[      5s] main 26b c41 ic_m4 known_null_sub table completed_valid t=0.0s
[      5s] main 26b c41 ic_m4 random_dick_r0 table completed_valid t=0.0s
[      5s] main 26b c41 ic_m4 random_dick_r1 table completed_valid t=0.0s
[      5s] main 26b c41 ic_m4 random_dick_r2 table completed_valid t=0.0s
[      5s] main 26b c41 ic_m4 known_null_dick table completed_valid t=0.0s
[      5s] main 26b c42 ic_m4 subgroup table completed_valid t=0.0s
[      5s] main 26b c42 ic_m4 dickson table completed_valid t=0.0s
[      5s] main 26b c42 ic_m4 small_x table completed_valid t=0.0s
[      5s] main 26b c42 ic_m4 random_sub_r0 table completed_valid t=0.0s
[      5s] main 26b c42 ic_m4 random_sub_r1 table completed_valid t=0.0s
[      5s] main 26b c42 ic_m4 random_sub_r2 table completed_valid t=0.0s
[      5s] main 26b c42 ic_m4 known_null_sub table completed_valid t=0.0s
[      5s] main 26b c42 ic_m4 random_dick_r0 table completed_valid t=0.0s
[      5s] main 26b c42 ic_m4 random_dick_r1 table completed_valid t=0.0s
[      5s] main 26b c42 ic_m4 random_dick_r2 table completed_valid t=0.0s
[      5s] main 26b c42 ic_m4 known_null_dick table completed_valid t=0.0s
[      6s] main 26b c43 ic_m4 subgroup table completed_valid t=0.0s
[      6s] main 26b c43 ic_m4 dickson table completed_valid t=0.0s
[      6s] main 26b c43 ic_m4 small_x table completed_valid t=0.0s
[      6s] main 26b c43 ic_m4 random_sub_r0 table completed_valid t=0.0s
[      6s] main 26b c43 ic_m4 random_sub_r1 table completed_valid t=0.0s
[      6s] main 26b c43 ic_m4 random_sub_r2 table completed_valid t=0.0s
[      6s] main 26b c43 ic_m4 known_null_sub table completed_valid t=0.0s
[      6s] main 26b c43 ic_m4 random_dick_r0 table completed_valid t=0.0s
[      6s] main 26b c43 ic_m4 random_dick_r1 table completed_valid t=0.0s
[      6s] main 26b c43 ic_m4 random_dick_r2 table completed_valid t=0.0s
[      6s] main 26b c43 ic_m4 known_null_dick table completed_valid t=0.0s
[      6s] main 26b c44 ic_m4 subgroup table completed_valid t=0.0s
[      6s] main 26b c44 ic_m4 dickson table completed_valid t=0.0s
[      6s] main 26b c44 ic_m4 small_x table completed_valid t=0.0s
[      6s] main 26b c44 ic_m4 random_sub_r0 table completed_valid t=0.0s
[      6s] main 26b c44 ic_m4 random_sub_r1 table completed_valid t=0.0s
[      6s] main 26b c44 ic_m4 random_sub_r2 table completed_valid t=0.0s
[      6s] main 26b c44 ic_m4 known_null_sub table completed_valid t=0.0s
[      6s] main 26b c44 ic_m4 random_dick_r0 table completed_valid t=0.0s
[      6s] main 26b c44 ic_m4 random_dick_r1 table completed_valid t=0.0s
[      6s] main 26b c44 ic_m4 random_dick_r2 table completed_valid t=0.0s
[      6s] main 26b c44 ic_m4 known_null_dick table completed_valid t=0.0s
[      6s] main 26b c45 ic_m4 subgroup table completed_valid t=0.0s
[      6s] main 26b c45 ic_m4 dickson table completed_valid t=0.0s
[      6s] main 26b c45 ic_m4 small_x table completed_valid t=0.0s
[      6s] main 26b c45 ic_m4 random_sub_r0 table completed_valid t=0.0s
[      6s] main 26b c45 ic_m4 random_sub_r1 table completed_valid t=0.0s
[      6s] main 26b c45 ic_m4 random_sub_r2 table completed_valid t=0.0s
[      6s] main 26b c45 ic_m4 known_null_sub table completed_valid t=0.0s
[      6s] main 26b c45 ic_m4 random_dick_r0 table completed_valid t=0.0s
[      6s] main 26b c45 ic_m4 random_dick_r1 table completed_valid t=0.0s
[      6s] main 26b c45 ic_m4 random_dick_r2 table completed_valid t=0.0s
[      6s] main 26b c45 ic_m4 known_null_dick table completed_valid t=0.0s
[      6s] main 26b c46 ic_m4 subgroup table completed_valid t=0.0s
[      6s] main 26b c46 ic_m4 dickson table completed_valid t=0.0s
[      6s] main 26b c46 ic_m4 small_x table completed_valid t=0.0s
[      6s] main 26b c46 ic_m4 random_sub_r0 table completed_valid t=0.0s
[      6s] main 26b c46 ic_m4 random_sub_r1 table completed_valid t=0.0s
[      6s] main 26b c46 ic_m4 random_sub_r2 table completed_valid t=0.0s
[      6s] main 26b c46 ic_m4 known_null_sub table completed_valid t=0.0s
[      6s] main 26b c46 ic_m4 random_dick_r0 table completed_valid t=0.0s
[      6s] main 26b c46 ic_m4 random_dick_r1 table completed_valid t=0.0s
[      6s] main 26b c46 ic_m4 random_dick_r2 table completed_valid t=0.0s
[      6s] main 26b c46 ic_m4 known_null_dick table completed_valid t=0.0s
[      7s] main 26b c47 ic_m4 subgroup table completed_valid t=0.0s
[      7s] main 26b c47 ic_m4 dickson table completed_valid t=0.0s
[      7s] main 26b c47 ic_m4 small_x table completed_valid t=0.0s
[      7s] main 26b c47 ic_m4 random_sub_r0 table completed_valid t=0.0s
[      7s] main 26b c47 ic_m4 random_sub_r1 table completed_valid t=0.0s
[      7s] main 26b c47 ic_m4 random_sub_r2 table completed_valid t=0.0s
[      7s] main 26b c47 ic_m4 known_null_sub table completed_valid t=0.0s
[      7s] main 26b c47 ic_m4 random_dick_r0 table completed_valid t=0.0s
[      7s] main 26b c47 ic_m4 random_dick_r1 table completed_valid t=0.0s
[      7s] main 26b c47 ic_m4 random_dick_r2 table completed_valid t=0.0s
[      7s] main 26b c47 ic_m4 known_null_dick table completed_valid t=0.0s
[      7s] main 26b c48 ic_m4 subgroup table completed_valid t=0.0s
[      7s] main 26b c48 ic_m4 dickson table completed_valid t=0.0s
[      7s] main 26b c48 ic_m4 small_x table completed_valid t=0.0s
[      7s] main 26b c48 ic_m4 random_sub_r0 table completed_valid t=0.0s
[      7s] main 26b c48 ic_m4 random_sub_r1 table completed_valid t=0.0s
[      7s] main 26b c48 ic_m4 random_sub_r2 table completed_valid t=0.0s
[      7s] main 26b c48 ic_m4 known_null_sub table completed_valid t=0.0s
[      7s] main 26b c48 ic_m4 random_dick_r0 table completed_valid t=0.0s
[      7s] main 26b c48 ic_m4 random_dick_r1 table completed_valid t=0.0s
[      7s] main 26b c48 ic_m4 random_dick_r2 table completed_valid t=0.0s
[      7s] main 26b c48 ic_m4 known_null_dick table completed_valid t=0.0s
[      7s] main 26b c49 ic_m4 subgroup table completed_valid t=0.0s
[      7s] main 26b c49 ic_m4 dickson table completed_valid t=0.0s
[      7s] main 26b c49 ic_m4 small_x table completed_valid t=0.0s
[      7s] main 26b c49 ic_m4 random_sub_r0 table completed_valid t=0.0s
[      7s] main 26b c49 ic_m4 random_sub_r1 table completed_valid t=0.0s
[      7s] main 26b c49 ic_m4 random_sub_r2 table completed_valid t=0.0s
[      7s] main 26b c49 ic_m4 known_null_sub table completed_valid t=0.0s
[      7s] main 26b c49 ic_m4 random_dick_r0 table completed_valid t=0.0s
[      7s] main 26b c49 ic_m4 random_dick_r1 table completed_valid t=0.0s
[      7s] main 26b c49 ic_m4 random_dick_r2 table completed_valid t=0.0s
[      7s] main 26b c49 ic_m4 known_null_dick table completed_valid t=0.0s
[      7s] main 26b c50 ic_m4 subgroup table completed_valid t=0.0s
[      7s] main 26b c50 ic_m4 dickson table completed_valid t=0.0s
[      7s] main 26b c50 ic_m4 small_x table completed_valid t=0.0s
[      7s] main 26b c50 ic_m4 random_sub_r0 table completed_valid t=0.0s
[      7s] main 26b c50 ic_m4 random_sub_r1 table completed_valid t=0.0s
[      7s] main 26b c50 ic_m4 random_sub_r2 table completed_valid t=0.0s
[      7s] main 26b c50 ic_m4 known_null_sub table completed_valid t=0.0s
[      7s] main 26b c50 ic_m4 random_dick_r0 table completed_valid t=0.0s
[      7s] main 26b c50 ic_m4 random_dick_r1 table completed_valid t=0.0s
[      7s] main 26b c50 ic_m4 random_dick_r2 table completed_valid t=0.0s
[      7s] main 26b c50 ic_m4 known_null_dick table completed_valid t=0.0s
[      7s] main 26b c51 ic_m4 subgroup table completed_valid t=0.0s
[      7s] main 26b c51 ic_m4 dickson table completed_valid t=0.0s
[      7s] main 26b c51 ic_m4 small_x table completed_valid t=0.0s
[      7s] main 26b c51 ic_m4 random_sub_r0 table completed_valid t=0.0s
[      7s] main 26b c51 ic_m4 random_sub_r1 table completed_valid t=0.0s
[      7s] main 26b c51 ic_m4 random_sub_r2 table completed_valid t=0.0s
[      7s] main 26b c51 ic_m4 known_null_sub table completed_valid t=0.0s
[      7s] main 26b c51 ic_m4 random_dick_r0 table completed_valid t=0.0s
[      7s] main 26b c51 ic_m4 random_dick_r1 table completed_valid t=0.0s
[      7s] main 26b c51 ic_m4 random_dick_r2 table completed_valid t=0.0s
[      7s] main 26b c51 ic_m4 known_null_dick table completed_valid t=0.0s
[      8s] main 26b c52 ic_m4 subgroup table completed_valid t=0.0s
[      8s] main 26b c52 ic_m4 dickson table completed_valid t=0.0s
[      8s] main 26b c52 ic_m4 small_x table completed_valid t=0.0s
[      8s] main 26b c52 ic_m4 random_sub_r0 table completed_valid t=0.0s
[      8s] main 26b c52 ic_m4 random_sub_r1 table completed_valid t=0.0s
[      8s] main 26b c52 ic_m4 random_sub_r2 table completed_valid t=0.0s
[      8s] main 26b c52 ic_m4 known_null_sub table completed_valid t=0.0s
[      8s] main 26b c52 ic_m4 random_dick_r0 table completed_valid t=0.0s
[      8s] main 26b c52 ic_m4 random_dick_r1 table completed_valid t=0.0s
[      8s] main 26b c52 ic_m4 random_dick_r2 table completed_valid t=0.0s
[      8s] main 26b c52 ic_m4 known_null_dick table completed_valid t=0.0s
[      8s] main 26b c53 ic_m4 subgroup table completed_valid t=0.0s
[      8s] main 26b c53 ic_m4 dickson table completed_valid t=0.0s
[      8s] main 26b c53 ic_m4 small_x table completed_valid t=0.0s
[      8s] main 26b c53 ic_m4 random_sub_r0 table completed_valid t=0.0s
[      8s] main 26b c53 ic_m4 random_sub_r1 table completed_valid t=0.0s
[      8s] main 26b c53 ic_m4 random_sub_r2 table completed_valid t=0.0s
[      8s] main 26b c53 ic_m4 known_null_sub table completed_valid t=0.0s
[      8s] main 26b c53 ic_m4 random_dick_r0 table completed_valid t=0.0s
[      8s] main 26b c53 ic_m4 random_dick_r1 table completed_valid t=0.0s
[      8s] main 26b c53 ic_m4 random_dick_r2 table completed_valid t=0.0s
[      8s] main 26b c53 ic_m4 known_null_dick table completed_valid t=0.0s
[      8s] main 26b c54 ic_m4 subgroup table completed_valid t=0.0s
[      8s] main 26b c54 ic_m4 dickson table completed_valid t=0.0s
[      8s] main 26b c54 ic_m4 small_x table completed_valid t=0.0s
[      8s] main 26b c54 ic_m4 random_sub_r0 table completed_valid t=0.0s
[      8s] main 26b c54 ic_m4 random_sub_r1 table completed_valid t=0.0s
[      8s] main 26b c54 ic_m4 random_sub_r2 table completed_valid t=0.0s
[      8s] main 26b c54 ic_m4 known_null_sub table completed_valid t=0.0s
[      8s] main 26b c54 ic_m4 random_dick_r0 table completed_valid t=0.0s
[      8s] main 26b c54 ic_m4 random_dick_r1 table completed_valid t=0.0s
[      8s] main 26b c54 ic_m4 random_dick_r2 table completed_valid t=0.0s
[      8s] main 26b c54 ic_m4 known_null_dick table completed_valid t=0.0s
[      8s] main 26b c55 ic_m4 subgroup table completed_valid t=0.0s
[      8s] main 26b c55 ic_m4 dickson table completed_valid t=0.0s
[      8s] main 26b c55 ic_m4 small_x table completed_valid t=0.0s
[      8s] main 26b c55 ic_m4 random_sub_r0 table completed_valid t=0.0s
[      8s] main 26b c55 ic_m4 random_sub_r1 table completed_valid t=0.0s
[      8s] main 26b c55 ic_m4 random_sub_r2 table completed_valid t=0.0s
[      8s] main 26b c55 ic_m4 known_null_sub table completed_valid t=0.0s
[      8s] main 26b c55 ic_m4 random_dick_r0 table completed_valid t=0.0s
[      8s] main 26b c55 ic_m4 random_dick_r1 table completed_valid t=0.0s
[      8s] main 26b c55 ic_m4 random_dick_r2 table completed_valid t=0.0s
[      8s] main 26b c55 ic_m4 known_null_dick table completed_valid t=0.0s
[      8s] main 26b c56 ic_m4 subgroup table completed_valid t=0.0s
[      8s] main 26b c56 ic_m4 dickson table completed_valid t=0.0s
[      8s] main 26b c56 ic_m4 small_x table completed_valid t=0.0s
[      8s] main 26b c56 ic_m4 random_sub_r0 table completed_valid t=0.0s
[      8s] main 26b c56 ic_m4 random_sub_r1 table completed_valid t=0.0s
[      8s] main 26b c56 ic_m4 random_sub_r2 table completed_valid t=0.0s
[      8s] main 26b c56 ic_m4 known_null_sub table completed_valid t=0.0s
[      8s] main 26b c56 ic_m4 random_dick_r0 table completed_valid t=0.0s
[      8s] main 26b c56 ic_m4 random_dick_r1 table completed_valid t=0.0s
[      8s] main 26b c56 ic_m4 random_dick_r2 table completed_valid t=0.0s
[      8s] main 26b c56 ic_m4 known_null_dick table completed_valid t=0.0s
[      8s] main 26b c57 ic_m4 subgroup table completed_valid t=0.0s
[      8s] main 26b c57 ic_m4 dickson table completed_valid t=0.0s
[      8s] main 26b c57 ic_m4 small_x table completed_valid t=0.0s
[      8s] main 26b c57 ic_m4 random_sub_r0 table completed_valid t=0.0s
[      8s] main 26b c57 ic_m4 random_sub_r1 table completed_valid t=0.0s
[      8s] main 26b c57 ic_m4 random_sub_r2 table completed_valid t=0.0s
[      8s] main 26b c57 ic_m4 known_null_sub table completed_valid t=0.0s
[      8s] main 26b c57 ic_m4 random_dick_r0 table completed_valid t=0.0s
[      8s] main 26b c57 ic_m4 random_dick_r1 table completed_valid t=0.0s
[      8s] main 26b c57 ic_m4 random_dick_r2 table completed_valid t=0.0s
[      8s] main 26b c57 ic_m4 known_null_dick table completed_valid t=0.0s
[      9s] main 26b c58 ic_m4 subgroup table completed_valid t=0.0s
[      9s] main 26b c58 ic_m4 dickson table completed_valid t=0.0s
[      9s] main 26b c58 ic_m4 small_x table completed_valid t=0.0s
[      9s] main 26b c58 ic_m4 random_sub_r0 table completed_valid t=0.0s
[      9s] main 26b c58 ic_m4 random_sub_r1 table completed_valid t=0.0s
[      9s] main 26b c58 ic_m4 random_sub_r2 table completed_valid t=0.0s
[      9s] main 26b c58 ic_m4 known_null_sub table completed_valid t=0.0s
[      9s] main 26b c58 ic_m4 random_dick_r0 table completed_valid t=0.0s
[      9s] main 26b c58 ic_m4 random_dick_r1 table completed_valid t=0.0s
[      9s] main 26b c58 ic_m4 random_dick_r2 table completed_valid t=0.0s
[      9s] main 26b c58 ic_m4 known_null_dick table completed_valid t=0.0s
[      9s] main 26b c59 ic_m4 subgroup table completed_valid t=0.0s
[      9s] main 26b c59 ic_m4 dickson table completed_valid t=0.0s
[      9s] main 26b c59 ic_m4 small_x table completed_valid t=0.0s
[      9s] main 26b c59 ic_m4 random_sub_r0 table completed_valid t=0.0s
[      9s] main 26b c59 ic_m4 random_sub_r1 table completed_valid t=0.0s
[      9s] main 26b c59 ic_m4 random_sub_r2 table completed_valid t=0.0s
[      9s] main 26b c59 ic_m4 known_null_sub table completed_valid t=0.0s
[      9s] main 26b c59 ic_m4 random_dick_r0 table completed_valid t=0.0s
[      9s] main 26b c59 ic_m4 random_dick_r1 table completed_valid t=0.0s
[      9s] main 26b c59 ic_m4 random_dick_r2 table completed_valid t=0.0s
[      9s] main 26b c59 ic_m4 known_null_dick table completed_valid t=0.0s
[      9s] main 26b c60 ic_m4 subgroup table completed_valid t=0.0s
[      9s] main 26b c60 ic_m4 dickson table completed_valid t=0.0s
[      9s] main 26b c60 ic_m4 small_x table completed_valid t=0.0s
[      9s] main 26b c60 ic_m4 random_sub_r0 table completed_valid t=0.0s
[      9s] main 26b c60 ic_m4 random_sub_r1 table completed_valid t=0.0s
[      9s] main 26b c60 ic_m4 random_sub_r2 table completed_valid t=0.0s
[      9s] main 26b c60 ic_m4 known_null_sub table completed_valid t=0.0s
[      9s] main 26b c60 ic_m4 random_dick_r0 table completed_valid t=0.0s
[      9s] main 26b c60 ic_m4 random_dick_r1 table completed_valid t=0.0s
[      9s] main 26b c60 ic_m4 random_dick_r2 table completed_valid t=0.0s
[      9s] main 26b c60 ic_m4 known_null_dick table completed_valid t=0.0s
[      9s] main 26b c61 ic_m4 subgroup table completed_valid t=0.0s
[      9s] main 26b c61 ic_m4 dickson table completed_valid t=0.0s
[      9s] main 26b c61 ic_m4 small_x table completed_valid t=0.0s
[      9s] main 26b c61 ic_m4 random_sub_r0 table completed_valid t=0.0s
[      9s] main 26b c61 ic_m4 random_sub_r1 table completed_valid t=0.0s
[      9s] main 26b c61 ic_m4 random_sub_r2 table completed_valid t=0.0s
[      9s] main 26b c61 ic_m4 known_null_sub table completed_valid t=0.0s
[      9s] main 26b c61 ic_m4 random_dick_r0 table completed_valid t=0.0s
[      9s] main 26b c61 ic_m4 random_dick_r1 table completed_valid t=0.0s
[      9s] main 26b c61 ic_m4 random_dick_r2 table completed_valid t=0.0s
[      9s] main 26b c61 ic_m4 known_null_dick table completed_valid t=0.0s
[      9s] main 26b c62 ic_m4 subgroup table completed_valid t=0.0s
[      9s] main 26b c62 ic_m4 dickson table completed_valid t=0.0s
[      9s] main 26b c62 ic_m4 small_x table completed_valid t=0.0s
[      9s] main 26b c62 ic_m4 random_sub_r0 table completed_valid t=0.0s
[      9s] main 26b c62 ic_m4 random_sub_r1 table completed_valid t=0.0s
[      9s] main 26b c62 ic_m4 random_sub_r2 table completed_valid t=0.0s
[      9s] main 26b c62 ic_m4 known_null_sub table completed_valid t=0.0s
[      9s] main 26b c62 ic_m4 random_dick_r0 table completed_valid t=0.0s
[      9s] main 26b c62 ic_m4 random_dick_r1 table completed_valid t=0.0s
[      9s] main 26b c62 ic_m4 random_dick_r2 table completed_valid t=0.0s
[      9s] main 26b c62 ic_m4 known_null_dick table completed_valid t=0.0s
[      9s] main 26b c63 ic_m4 subgroup table completed_valid t=0.0s
[      9s] main 26b c63 ic_m4 dickson table completed_valid t=0.0s
[      9s] main 26b c63 ic_m4 small_x table completed_valid t=0.0s
[      9s] main 26b c63 ic_m4 random_sub_r0 table completed_valid t=0.0s
[      9s] main 26b c63 ic_m4 random_sub_r1 table completed_valid t=0.0s
[      9s] main 26b c63 ic_m4 random_sub_r2 table completed_valid t=0.0s
[      9s] main 26b c63 ic_m4 known_null_sub table completed_valid t=0.0s
[      9s] main 26b c63 ic_m4 random_dick_r0 table completed_valid t=0.0s
[      9s] main 26b c63 ic_m4 random_dick_r1 table completed_valid t=0.0s
[      9s] main 26b c63 ic_m4 random_dick_r2 table completed_valid t=0.0s
[      9s] main 26b c63 ic_m4 known_null_dick table completed_valid t=0.0s
[     10s] main 26b c64 ic_m4 subgroup table completed_valid t=0.0s
[     10s] main 26b c64 ic_m4 dickson table completed_valid t=0.0s
[     10s] main 26b c64 ic_m4 small_x table completed_valid t=0.0s
[     10s] main 26b c64 ic_m4 random_sub_r0 table completed_valid t=0.0s
[     10s] main 26b c64 ic_m4 random_sub_r1 table completed_valid t=0.0s
[     10s] main 26b c64 ic_m4 random_sub_r2 table completed_valid t=0.0s
[     10s] main 26b c64 ic_m4 known_null_sub table completed_valid t=0.0s
[     10s] main 26b c64 ic_m4 random_dick_r0 table completed_valid t=0.0s
[     10s] main 26b c64 ic_m4 random_dick_r1 table completed_valid t=0.0s
[     10s] main 26b c64 ic_m4 random_dick_r2 table completed_valid t=0.0s
[     10s] main 26b c64 ic_m4 known_null_dick table completed_valid t=0.0s
[     10s] main 26b c65 ic_m4 subgroup table completed_valid t=0.0s
[     10s] main 26b c65 ic_m4 dickson table completed_valid t=0.0s
[     10s] main 26b c65 ic_m4 small_x table completed_valid t=0.0s
[     10s] main 26b c65 ic_m4 random_sub_r0 table completed_valid t=0.0s
[     10s] main 26b c65 ic_m4 random_sub_r1 table completed_valid t=0.0s
[     10s] main 26b c65 ic_m4 random_sub_r2 table completed_valid t=0.0s
[     10s] main 26b c65 ic_m4 known_null_sub table completed_valid t=0.0s
[     10s] main 26b c65 ic_m4 random_dick_r0 table completed_valid t=0.0s
[     10s] main 26b c65 ic_m4 random_dick_r1 table completed_valid t=0.0s
[     10s] main 26b c65 ic_m4 random_dick_r2 table completed_valid t=0.0s
[     10s] main 26b c65 ic_m4 known_null_dick table completed_valid t=0.0s
[     10s] main 26b c66 ic_m4 subgroup table completed_valid t=0.0s
[     10s] main 26b c66 ic_m4 dickson table completed_valid t=0.0s
[     10s] main 26b c66 ic_m4 small_x table completed_valid t=0.0s
[     10s] main 26b c66 ic_m4 random_sub_r0 table completed_valid t=0.0s
[     10s] main 26b c66 ic_m4 random_sub_r1 table completed_valid t=0.0s
[     10s] main 26b c66 ic_m4 random_sub_r2 table completed_valid t=0.0s
[     10s] main 26b c66 ic_m4 known_null_sub table completed_valid t=0.0s
[     10s] main 26b c66 ic_m4 random_dick_r0 table completed_valid t=0.0s
[     10s] main 26b c66 ic_m4 random_dick_r1 table completed_valid t=0.0s
[     10s] main 26b c66 ic_m4 random_dick_r2 table completed_valid t=0.0s
[     10s] main 26b c66 ic_m4 known_null_dick table completed_valid t=0.0s
[     10s] main 26b c67 ic_m4 subgroup table completed_valid t=0.0s
[     10s] main 26b c67 ic_m4 dickson table completed_valid t=0.0s
[     10s] main 26b c67 ic_m4 small_x table completed_valid t=0.0s
[     10s] main 26b c67 ic_m4 random_sub_r0 table completed_valid t=0.0s
[     10s] main 26b c67 ic_m4 random_sub_r1 table completed_valid t=0.0s
[     10s] main 26b c67 ic_m4 random_sub_r2 table completed_valid t=0.0s
[     10s] main 26b c67 ic_m4 known_null_sub table completed_valid t=0.0s
[     10s] main 26b c67 ic_m4 random_dick_r0 table completed_valid t=0.0s
[     10s] main 26b c67 ic_m4 random_dick_r1 table completed_valid t=0.0s
[     10s] main 26b c67 ic_m4 random_dick_r2 table completed_valid t=0.0s
[     10s] main 26b c67 ic_m4 known_null_dick table completed_valid t=0.0s
[     10s] main 26b c68 ic_m4 subgroup table completed_valid t=0.0s
[     10s] main 26b c68 ic_m4 dickson table completed_valid t=0.0s
[     10s] main 26b c68 ic_m4 small_x table completed_valid t=0.0s
[     10s] main 26b c68 ic_m4 random_sub_r0 table completed_valid t=0.0s
[     10s] main 26b c68 ic_m4 random_sub_r1 table completed_valid t=0.0s
[     10s] main 26b c68 ic_m4 random_sub_r2 table completed_valid t=0.0s
[     10s] main 26b c68 ic_m4 known_null_sub table completed_valid t=0.0s
[     10s] main 26b c68 ic_m4 random_dick_r0 table completed_valid t=0.0s
[     10s] main 26b c68 ic_m4 random_dick_r1 table completed_valid t=0.0s
[     10s] main 26b c68 ic_m4 random_dick_r2 table completed_valid t=0.0s
[     10s] main 26b c68 ic_m4 known_null_dick table completed_valid t=0.0s
[     10s] main 26b c69 ic_m4 subgroup table completed_valid t=0.0s
[     10s] main 26b c69 ic_m4 dickson table completed_valid t=0.0s
[     10s] main 26b c69 ic_m4 small_x table completed_valid t=0.0s
[     10s] main 26b c69 ic_m4 random_sub_r0 table completed_valid t=0.0s
[     10s] main 26b c69 ic_m4 random_sub_r1 table completed_valid t=0.0s
[     10s] main 26b c69 ic_m4 random_sub_r2 table completed_valid t=0.0s
[     10s] main 26b c69 ic_m4 known_null_sub table completed_valid t=0.0s
[     10s] main 26b c69 ic_m4 random_dick_r0 table completed_valid t=0.0s
[     10s] main 26b c69 ic_m4 random_dick_r1 table completed_valid t=0.0s
[     10s] main 26b c69 ic_m4 random_dick_r2 table completed_valid t=0.0s
[     10s] main 26b c69 ic_m4 known_null_dick table completed_valid t=0.0s
[     10s] main 26b c70 ic_m4 subgroup table completed_valid t=0.0s
[     10s] main 26b c70 ic_m4 dickson table completed_valid t=0.0s
[     10s] main 26b c70 ic_m4 small_x table completed_valid t=0.0s
[     10s] main 26b c70 ic_m4 random_sub_r0 table completed_valid t=0.0s
[     10s] main 26b c70 ic_m4 random_sub_r1 table completed_valid t=0.0s
[     10s] main 26b c70 ic_m4 random_sub_r2 table completed_valid t=0.0s
[     10s] main 26b c70 ic_m4 known_null_sub table completed_valid t=0.0s
[     10s] main 26b c70 ic_m4 random_dick_r0 table completed_valid t=0.0s
[     10s] main 26b c70 ic_m4 random_dick_r1 table completed_valid t=0.0s
[     10s] main 26b c70 ic_m4 random_dick_r2 table completed_valid t=0.0s
[     10s] main 26b c70 ic_m4 known_null_dick table completed_valid t=0.0s
[     10s] main 26b c71 ic_m4 subgroup table completed_valid t=0.0s
[     10s] main 26b c71 ic_m4 dickson table completed_valid t=0.0s
[     10s] main 26b c71 ic_m4 small_x table completed_valid t=0.0s
[     10s] main 26b c71 ic_m4 random_sub_r0 table completed_valid t=0.0s
[     10s] main 26b c71 ic_m4 random_sub_r1 table completed_valid t=0.0s
[     10s] main 26b c71 ic_m4 random_sub_r2 table completed_valid t=0.0s
[     10s] main 26b c71 ic_m4 known_null_sub table completed_valid t=0.0s
[     10s] main 26b c71 ic_m4 random_dick_r0 table completed_valid t=0.0s
[     10s] main 26b c71 ic_m4 random_dick_r1 table completed_valid t=0.0s
[     10s] main 26b c71 ic_m4 random_dick_r2 table completed_valid t=0.0s
[     10s] main 26b c71 ic_m4 known_null_dick table completed_valid t=0.0s
[     11s] main 26b c72 ic_m4 subgroup table completed_valid t=0.0s
[     11s] main 26b c72 ic_m4 dickson table completed_valid t=0.0s
[     11s] main 26b c72 ic_m4 small_x table completed_valid t=0.0s
[     11s] main 26b c72 ic_m4 random_sub_r0 table completed_valid t=0.0s
[     11s] main 26b c72 ic_m4 random_sub_r1 table completed_valid t=0.0s
[     11s] main 26b c72 ic_m4 random_sub_r2 table completed_valid t=0.0s
[     11s] main 26b c72 ic_m4 known_null_sub table completed_valid t=0.0s
[     11s] main 26b c72 ic_m4 random_dick_r0 table completed_valid t=0.0s
[     11s] main 26b c72 ic_m4 random_dick_r1 table completed_valid t=0.0s
[     11s] main 26b c72 ic_m4 random_dick_r2 table completed_valid t=0.0s
[     11s] main 26b c72 ic_m4 known_null_dick table completed_valid t=0.0s
[     11s] main 26b c73 ic_m4 subgroup table completed_valid t=0.0s
[     11s] main 26b c73 ic_m4 dickson table completed_valid t=0.0s
[     11s] main 26b c73 ic_m4 small_x table completed_valid t=0.0s
[     11s] main 26b c73 ic_m4 random_sub_r0 table completed_valid t=0.0s
[     11s] main 26b c73 ic_m4 random_sub_r1 table completed_valid t=0.0s
[     11s] main 26b c73 ic_m4 random_sub_r2 table completed_valid t=0.0s
[     11s] main 26b c73 ic_m4 known_null_sub table completed_valid t=0.0s
[     11s] main 26b c73 ic_m4 random_dick_r0 table completed_valid t=0.0s
[     11s] main 26b c73 ic_m4 random_dick_r1 table completed_valid t=0.0s
[     11s] main 26b c73 ic_m4 random_dick_r2 table completed_valid t=0.0s
[     11s] main 26b c73 ic_m4 known_null_dick table completed_valid t=0.0s
[     11s] main 26b c74 ic_m4 subgroup table completed_valid t=0.0s
[     11s] main 26b c74 ic_m4 dickson table completed_valid t=0.0s
[     11s] main 26b c74 ic_m4 small_x table completed_valid t=0.0s
[     11s] main 26b c74 ic_m4 random_sub_r0 table completed_valid t=0.0s
[     11s] main 26b c74 ic_m4 random_sub_r1 table completed_valid t=0.0s
[     11s] main 26b c74 ic_m4 random_sub_r2 table completed_valid t=0.0s
[     11s] main 26b c74 ic_m4 known_null_sub table completed_valid t=0.0s
[     11s] main 26b c74 ic_m4 random_dick_r0 table completed_valid t=0.0s
[     11s] main 26b c74 ic_m4 random_dick_r1 table completed_valid t=0.0s
[     11s] main 26b c74 ic_m4 random_dick_r2 table completed_valid t=0.0s
[     11s] main 26b c74 ic_m4 known_null_dick table completed_valid t=0.0s
[     11s] main 26b c75 ic_m4 subgroup table completed_valid t=0.0s
[     11s] main 26b c75 ic_m4 dickson table completed_valid t=0.0s
[     11s] main 26b c75 ic_m4 small_x table completed_valid t=0.0s
[     11s] main 26b c75 ic_m4 random_sub_r0 table completed_valid t=0.0s
[     11s] main 26b c75 ic_m4 random_sub_r1 table completed_valid t=0.0s
[     11s] main 26b c75 ic_m4 random_sub_r2 table completed_valid t=0.0s
[     11s] main 26b c75 ic_m4 known_null_sub table completed_valid t=0.0s
[     11s] main 26b c75 ic_m4 random_dick_r0 table completed_valid t=0.0s
[     11s] main 26b c75 ic_m4 random_dick_r1 table completed_valid t=0.0s
[     11s] main 26b c75 ic_m4 random_dick_r2 table completed_valid t=0.0s
[     11s] main 26b c75 ic_m4 known_null_dick table completed_valid t=0.0s
[     11s] main 26b c76 ic_m4 subgroup table completed_valid t=0.0s
[     11s] main 26b c76 ic_m4 dickson table completed_valid t=0.0s
[     11s] main 26b c76 ic_m4 small_x table completed_valid t=0.0s
[     11s] main 26b c76 ic_m4 random_sub_r0 table completed_valid t=0.0s
[     11s] main 26b c76 ic_m4 random_sub_r1 table completed_valid t=0.0s
[     11s] main 26b c76 ic_m4 random_sub_r2 table completed_valid t=0.0s
[     11s] main 26b c76 ic_m4 known_null_sub table completed_valid t=0.0s
[     11s] main 26b c76 ic_m4 random_dick_r0 table completed_valid t=0.0s
[     11s] main 26b c76 ic_m4 random_dick_r1 table completed_valid t=0.0s
[     11s] main 26b c76 ic_m4 random_dick_r2 table completed_valid t=0.0s
[     11s] main 26b c76 ic_m4 known_null_dick table completed_valid t=0.0s
[     11s] main 26b c77 ic_m4 subgroup table completed_valid t=0.0s
[     11s] main 26b c77 ic_m4 dickson table completed_valid t=0.0s
[     11s] main 26b c77 ic_m4 small_x table completed_valid t=0.0s
[     11s] main 26b c77 ic_m4 random_sub_r0 table completed_valid t=0.0s
[     11s] main 26b c77 ic_m4 random_sub_r1 table completed_valid t=0.0s
[     11s] main 26b c77 ic_m4 random_sub_r2 table completed_valid t=0.0s
[     11s] main 26b c77 ic_m4 known_null_sub table completed_valid t=0.0s
[     11s] main 26b c77 ic_m4 random_dick_r0 table completed_valid t=0.0s
[     11s] main 26b c77 ic_m4 random_dick_r1 table completed_valid t=0.0s
[     11s] main 26b c77 ic_m4 random_dick_r2 table completed_valid t=0.0s
[     11s] main 26b c77 ic_m4 known_null_dick table completed_valid t=0.0s
[     11s] main 26b c78 ic_m4 subgroup table completed_valid t=0.0s
[     11s] main 26b c78 ic_m4 dickson table completed_valid t=0.0s
[     11s] main 26b c78 ic_m4 small_x table completed_valid t=0.0s
[     11s] main 26b c78 ic_m4 random_sub_r0 table completed_valid t=0.0s
[     11s] main 26b c78 ic_m4 random_sub_r1 table completed_valid t=0.0s
[     11s] main 26b c78 ic_m4 random_sub_r2 table completed_valid t=0.0s
[     11s] main 26b c78 ic_m4 known_null_sub table completed_valid t=0.0s
[     11s] main 26b c78 ic_m4 random_dick_r0 table completed_valid t=0.0s
[     11s] main 26b c78 ic_m4 random_dick_r1 table completed_valid t=0.0s
[     11s] main 26b c78 ic_m4 random_dick_r2 table completed_valid t=0.0s
[     11s] main 26b c78 ic_m4 known_null_dick table completed_valid t=0.0s
[     12s] main 26b c79 ic_m4 subgroup table completed_valid t=0.0s
[     12s] main 26b c79 ic_m4 dickson table completed_valid t=0.0s
[     12s] main 26b c79 ic_m4 small_x table completed_valid t=0.0s
[     12s] main 26b c79 ic_m4 random_sub_r0 table completed_valid t=0.0s
[     12s] main 26b c79 ic_m4 random_sub_r1 table completed_valid t=0.0s
[     12s] main 26b c79 ic_m4 random_sub_r2 table completed_valid t=0.0s
[     12s] main 26b c79 ic_m4 known_null_sub table completed_valid t=0.0s
[     12s] main 26b c79 ic_m4 random_dick_r0 table completed_valid t=0.0s
[     12s] main 26b c79 ic_m4 random_dick_r1 table completed_valid t=0.0s
[     12s] main 26b c79 ic_m4 random_dick_r2 table completed_valid t=0.0s
[     12s] main 26b c79 ic_m4 known_null_dick table completed_valid t=0.0s
[     12s] main 26b c80 ic_m4 subgroup table completed_valid t=0.0s
[     12s] main 26b c80 ic_m4 dickson table completed_valid t=0.0s
[     12s] main 26b c80 ic_m4 small_x table completed_valid t=0.0s
[     12s] main 26b c80 ic_m4 random_sub_r0 table completed_valid t=0.0s
[     12s] main 26b c80 ic_m4 random_sub_r1 table completed_valid t=0.0s
[     12s] main 26b c80 ic_m4 random_sub_r2 table completed_valid t=0.0s
[     12s] main 26b c80 ic_m4 known_null_sub table completed_valid t=0.0s
[     12s] main 26b c80 ic_m4 random_dick_r0 table completed_valid t=0.0s
[     12s] main 26b c80 ic_m4 random_dick_r1 table completed_valid t=0.0s
[     12s] main 26b c80 ic_m4 random_dick_r2 table completed_valid t=0.0s
[     12s] main 26b c80 ic_m4 known_null_dick table completed_valid t=0.0s
[     12s] main 26b c81 ic_m4 subgroup table completed_valid t=0.0s
[     12s] main 26b c81 ic_m4 dickson table completed_valid t=0.0s
[     12s] main 26b c81 ic_m4 small_x table completed_valid t=0.0s
[     12s] main 26b c81 ic_m4 random_sub_r0 table completed_valid t=0.0s
[     12s] main 26b c81 ic_m4 random_sub_r1 table completed_valid t=0.0s
[     12s] main 26b c81 ic_m4 random_sub_r2 table completed_valid t=0.0s
[     12s] main 26b c81 ic_m4 known_null_sub table completed_valid t=0.0s
[     12s] main 26b c81 ic_m4 random_dick_r0 table completed_valid t=0.0s
[     12s] main 26b c81 ic_m4 random_dick_r1 table completed_valid t=0.0s
[     12s] main 26b c81 ic_m4 random_dick_r2 table completed_valid t=0.0s
[     12s] main 26b c81 ic_m4 known_null_dick table completed_valid t=0.0s
[     12s] main 26b c82 ic_m4 subgroup table completed_valid t=0.0s
[     12s] main 26b c82 ic_m4 dickson table completed_valid t=0.0s
[     12s] main 26b c82 ic_m4 small_x table completed_valid t=0.0s
[     12s] main 26b c82 ic_m4 random_sub_r0 table completed_valid t=0.0s
[     12s] main 26b c82 ic_m4 random_sub_r1 table completed_valid t=0.0s
[     12s] main 26b c82 ic_m4 random_sub_r2 table completed_valid t=0.0s
[     12s] main 26b c82 ic_m4 known_null_sub table completed_valid t=0.0s
[     12s] main 26b c82 ic_m4 random_dick_r0 table completed_valid t=0.0s
[     12s] main 26b c82 ic_m4 random_dick_r1 table completed_valid t=0.0s
[     12s] main 26b c82 ic_m4 random_dick_r2 table completed_valid t=0.0s
[     12s] main 26b c82 ic_m4 known_null_dick table completed_valid t=0.0s
[     12s] main 26b c83 ic_m4 subgroup table completed_valid t=0.0s
[     12s] main 26b c83 ic_m4 dickson table completed_valid t=0.0s
[     12s] main 26b c83 ic_m4 small_x table completed_valid t=0.0s
[     12s] main 26b c83 ic_m4 random_sub_r0 table completed_valid t=0.0s
[     12s] main 26b c83 ic_m4 random_sub_r1 table completed_valid t=0.0s
[     12s] main 26b c83 ic_m4 random_sub_r2 table completed_valid t=0.0s
[     12s] main 26b c83 ic_m4 known_null_sub table completed_valid t=0.0s
[     12s] main 26b c83 ic_m4 random_dick_r0 table completed_valid t=0.0s
[     12s] main 26b c83 ic_m4 random_dick_r1 table completed_valid t=0.0s
[     12s] main 26b c83 ic_m4 random_dick_r2 table completed_valid t=0.0s
[     12s] main 26b c83 ic_m4 known_null_dick table completed_valid t=0.0s
[     12s] main 26b c84 ic_m4 subgroup table completed_valid t=0.0s
[     12s] main 26b c84 ic_m4 dickson table completed_valid t=0.0s
[     12s] main 26b c84 ic_m4 small_x table completed_valid t=0.0s
[     12s] main 26b c84 ic_m4 random_sub_r0 table completed_valid t=0.0s
[     12s] main 26b c84 ic_m4 random_sub_r1 table completed_valid t=0.0s
[     12s] main 26b c84 ic_m4 random_sub_r2 table completed_valid t=0.0s
[     12s] main 26b c84 ic_m4 known_null_sub table completed_valid t=0.0s
[     12s] main 26b c84 ic_m4 random_dick_r0 table completed_valid t=0.0s
[     12s] main 26b c84 ic_m4 random_dick_r1 table completed_valid t=0.0s
[     12s] main 26b c84 ic_m4 random_dick_r2 table completed_valid t=0.0s
[     12s] main 26b c84 ic_m4 known_null_dick table completed_valid t=0.0s
[     13s] main 26b c85 ic_m4 subgroup table completed_valid t=0.0s
[     13s] main 26b c85 ic_m4 dickson table completed_valid t=0.0s
[     13s] main 26b c85 ic_m4 small_x table completed_valid t=0.0s
[     13s] main 26b c85 ic_m4 random_sub_r0 table completed_valid t=0.0s
[     13s] main 26b c85 ic_m4 random_sub_r1 table completed_valid t=0.0s
[     13s] main 26b c85 ic_m4 random_sub_r2 table completed_valid t=0.0s
[     13s] main 26b c85 ic_m4 known_null_sub table completed_valid t=0.0s
[     13s] main 26b c85 ic_m4 random_dick_r0 table completed_valid t=0.0s
[     13s] main 26b c85 ic_m4 random_dick_r1 table completed_valid t=0.0s
[     13s] main 26b c85 ic_m4 random_dick_r2 table completed_valid t=0.0s
[     13s] main 26b c85 ic_m4 known_null_dick table completed_valid t=0.0s
[     13s] main 26b c86 ic_m4 subgroup table completed_valid t=0.0s
[     13s] main 26b c86 ic_m4 dickson table completed_valid t=0.0s
[     13s] main 26b c86 ic_m4 small_x table completed_valid t=0.0s
[     13s] main 26b c86 ic_m4 random_sub_r0 table completed_valid t=0.0s
[     13s] main 26b c86 ic_m4 random_sub_r1 table completed_valid t=0.0s
[     13s] main 26b c86 ic_m4 random_sub_r2 table completed_valid t=0.0s
[     13s] main 26b c86 ic_m4 known_null_sub table completed_valid t=0.0s
[     13s] main 26b c86 ic_m4 random_dick_r0 table completed_valid t=0.0s
[     13s] main 26b c86 ic_m4 random_dick_r1 table completed_valid t=0.0s
[     13s] main 26b c86 ic_m4 random_dick_r2 table completed_valid t=0.0s
[     13s] main 26b c86 ic_m4 known_null_dick table completed_valid t=0.0s
[     13s] main 26b c87 ic_m4 subgroup table completed_valid t=0.0s
[     13s] main 26b c87 ic_m4 dickson table completed_valid t=0.0s
[     13s] main 26b c87 ic_m4 small_x table completed_valid t=0.0s
[     13s] main 26b c87 ic_m4 random_sub_r0 table completed_valid t=0.0s
[     13s] main 26b c87 ic_m4 random_sub_r1 table completed_valid t=0.0s
[     13s] main 26b c87 ic_m4 random_sub_r2 table completed_valid t=0.0s
[     13s] main 26b c87 ic_m4 known_null_sub table completed_valid t=0.0s
[     13s] main 26b c87 ic_m4 random_dick_r0 table completed_valid t=0.0s
[     13s] main 26b c87 ic_m4 random_dick_r1 table completed_valid t=0.0s
[     13s] main 26b c87 ic_m4 random_dick_r2 table completed_valid t=0.0s
[     13s] main 26b c87 ic_m4 known_null_dick table completed_valid t=0.0s
[     13s] main 26b c88 ic_m4 subgroup table completed_valid t=0.0s
[     13s] main 26b c88 ic_m4 dickson table completed_valid t=0.0s
[     13s] main 26b c88 ic_m4 small_x table completed_valid t=0.0s
[     13s] main 26b c88 ic_m4 random_sub_r0 table completed_valid t=0.0s
[     13s] main 26b c88 ic_m4 random_sub_r1 table completed_valid t=0.0s
[     13s] main 26b c88 ic_m4 random_sub_r2 table completed_valid t=0.0s
[     13s] main 26b c88 ic_m4 known_null_sub table completed_valid t=0.0s
[     13s] main 26b c88 ic_m4 random_dick_r0 table completed_valid t=0.0s
[     13s] main 26b c88 ic_m4 random_dick_r1 table completed_valid t=0.0s
[     13s] main 26b c88 ic_m4 random_dick_r2 table completed_valid t=0.0s
[     13s] main 26b c88 ic_m4 known_null_dick table completed_valid t=0.0s
[     13s] main 26b c89 ic_m4 subgroup table completed_valid t=0.0s
[     13s] main 26b c89 ic_m4 dickson table completed_valid t=0.0s
[     13s] main 26b c89 ic_m4 small_x table completed_valid t=0.0s
[     13s] main 26b c89 ic_m4 random_sub_r0 table completed_valid t=0.0s
[     13s] main 26b c89 ic_m4 random_sub_r1 table completed_valid t=0.0s
[     13s] main 26b c89 ic_m4 random_sub_r2 table completed_valid t=0.0s
[     13s] main 26b c89 ic_m4 known_null_sub table completed_valid t=0.0s
[     13s] main 26b c89 ic_m4 random_dick_r0 table completed_valid t=0.0s
[     13s] main 26b c89 ic_m4 random_dick_r1 table completed_valid t=0.0s
[     13s] main 26b c89 ic_m4 random_dick_r2 table completed_valid t=0.0s
[     13s] main 26b c89 ic_m4 known_null_dick table completed_valid t=0.0s
[     13s] main 26b c90 ic_m4 subgroup table completed_valid t=0.0s
[     13s] main 26b c90 ic_m4 dickson table completed_valid t=0.0s
[     13s] main 26b c90 ic_m4 small_x table completed_valid t=0.0s
[     13s] main 26b c90 ic_m4 random_sub_r0 table completed_valid t=0.0s
[     13s] main 26b c90 ic_m4 random_sub_r1 table completed_valid t=0.0s
[     13s] main 26b c90 ic_m4 random_sub_r2 table completed_valid t=0.0s
[     13s] main 26b c90 ic_m4 known_null_sub table completed_valid t=0.0s
[     13s] main 26b c90 ic_m4 random_dick_r0 table completed_valid t=0.0s
[     13s] main 26b c90 ic_m4 random_dick_r1 table completed_valid t=0.0s
[     13s] main 26b c90 ic_m4 random_dick_r2 table completed_valid t=0.0s
[     13s] main 26b c90 ic_m4 known_null_dick table completed_valid t=0.0s
[     14s] main 26b c91 ic_m4 subgroup table completed_valid t=0.0s
[     14s] main 26b c91 ic_m4 dickson table completed_valid t=0.0s
[     14s] main 26b c91 ic_m4 small_x table completed_valid t=0.0s
[     14s] main 26b c91 ic_m4 random_sub_r0 table completed_valid t=0.0s
[     14s] main 26b c91 ic_m4 random_sub_r1 table completed_valid t=0.0s
[     14s] main 26b c91 ic_m4 random_sub_r2 table completed_valid t=0.0s
[     14s] main 26b c91 ic_m4 known_null_sub table completed_valid t=0.0s
[     14s] main 26b c91 ic_m4 random_dick_r0 table completed_valid t=0.0s
[     14s] main 26b c91 ic_m4 random_dick_r1 table completed_valid t=0.0s
[     14s] main 26b c91 ic_m4 random_dick_r2 table completed_valid t=0.0s
[     14s] main 26b c91 ic_m4 known_null_dick table completed_valid t=0.0s
[     14s] main 26b c92 ic_m4 subgroup table completed_valid t=0.0s
[     14s] main 26b c92 ic_m4 dickson table completed_valid t=0.0s
[     14s] main 26b c92 ic_m4 small_x table completed_valid t=0.0s
[     14s] main 26b c92 ic_m4 random_sub_r0 table completed_valid t=0.0s
[     14s] main 26b c92 ic_m4 random_sub_r1 table completed_valid t=0.0s
[     14s] main 26b c92 ic_m4 random_sub_r2 table completed_valid t=0.0s
[     14s] main 26b c92 ic_m4 known_null_sub table completed_valid t=0.0s
[     14s] main 26b c92 ic_m4 random_dick_r0 table completed_valid t=0.0s
[     14s] main 26b c92 ic_m4 random_dick_r1 table completed_valid t=0.0s
[     14s] main 26b c92 ic_m4 random_dick_r2 table completed_valid t=0.0s
[     14s] main 26b c92 ic_m4 known_null_dick table completed_valid t=0.0s
[     14s] main 26b c93 ic_m4 subgroup table completed_valid t=0.0s
[     14s] main 26b c93 ic_m4 dickson table completed_valid t=0.0s
[     14s] main 26b c93 ic_m4 small_x table completed_valid t=0.0s
[     14s] main 26b c93 ic_m4 random_sub_r0 table completed_valid t=0.0s
[     14s] main 26b c93 ic_m4 random_sub_r1 table completed_valid t=0.0s
[     14s] main 26b c93 ic_m4 random_sub_r2 table completed_valid t=0.0s
[     14s] main 26b c93 ic_m4 known_null_sub table completed_valid t=0.0s
[     14s] main 26b c93 ic_m4 random_dick_r0 table completed_valid t=0.0s
[     14s] main 26b c93 ic_m4 random_dick_r1 table completed_valid t=0.0s
[     14s] main 26b c93 ic_m4 random_dick_r2 table completed_valid t=0.0s
[     14s] main 26b c93 ic_m4 known_null_dick table completed_valid t=0.0s
[     14s] main 26b c94 ic_m4 subgroup table completed_valid t=0.0s
[     14s] main 26b c94 ic_m4 dickson table completed_valid t=0.0s
[     14s] main 26b c94 ic_m4 small_x table completed_valid t=0.0s
[     14s] main 26b c94 ic_m4 random_sub_r0 table completed_valid t=0.0s
[     14s] main 26b c94 ic_m4 random_sub_r1 table completed_valid t=0.0s
[     14s] main 26b c94 ic_m4 random_sub_r2 table completed_valid t=0.0s
[     14s] main 26b c94 ic_m4 known_null_sub table completed_valid t=0.0s
[     14s] main 26b c94 ic_m4 random_dick_r0 table completed_valid t=0.0s
[     14s] main 26b c94 ic_m4 random_dick_r1 table completed_valid t=0.0s
[     14s] main 26b c94 ic_m4 random_dick_r2 table completed_valid t=0.0s
[     14s] main 26b c94 ic_m4 known_null_dick table completed_valid t=0.0s
[     14s] main 26b c95 ic_m4 subgroup table completed_valid t=0.0s
[     14s] main 26b c95 ic_m4 dickson table completed_valid t=0.0s
[     14s] main 26b c95 ic_m4 small_x table completed_valid t=0.0s
[     14s] main 26b c95 ic_m4 random_sub_r0 table completed_valid t=0.0s
[     14s] main 26b c95 ic_m4 random_sub_r1 table completed_valid t=0.0s
[     14s] main 26b c95 ic_m4 random_sub_r2 table completed_valid t=0.0s
[     14s] main 26b c95 ic_m4 known_null_sub table completed_valid t=0.0s
[     14s] main 26b c95 ic_m4 random_dick_r0 table completed_valid t=0.0s
[     14s] main 26b c95 ic_m4 random_dick_r1 table completed_valid t=0.0s
[     14s] main 26b c95 ic_m4 random_dick_r2 table completed_valid t=0.0s
[     14s] main 26b c95 ic_m4 known_null_dick table completed_valid t=0.0s
[     14s] main 26b c96 ic_m4 subgroup table completed_valid t=0.0s
[     14s] main 26b c96 ic_m4 dickson table completed_valid t=0.0s
[     14s] main 26b c96 ic_m4 small_x table completed_valid t=0.0s
[     14s] main 26b c96 ic_m4 random_sub_r0 table completed_valid t=0.0s
[     14s] main 26b c96 ic_m4 random_sub_r1 table completed_valid t=0.0s
[     14s] main 26b c96 ic_m4 random_sub_r2 table completed_valid t=0.0s
[     14s] main 26b c96 ic_m4 known_null_sub table completed_valid t=0.0s
[     14s] main 26b c96 ic_m4 random_dick_r0 table completed_valid t=0.0s
[     14s] main 26b c96 ic_m4 random_dick_r1 table completed_valid t=0.0s
[     14s] main 26b c96 ic_m4 random_dick_r2 table completed_valid t=0.0s
[     14s] main 26b c96 ic_m4 known_null_dick table completed_valid t=0.0s
[     14s] main 26b c97 ic_m4 subgroup table completed_valid t=0.0s
[     14s] main 26b c97 ic_m4 dickson table completed_valid t=0.0s
[     14s] main 26b c97 ic_m4 small_x table completed_valid t=0.0s
[     14s] main 26b c97 ic_m4 random_sub_r0 table completed_valid t=0.0s
[     14s] main 26b c97 ic_m4 random_sub_r1 table completed_valid t=0.0s
[     14s] main 26b c97 ic_m4 random_sub_r2 table completed_valid t=0.0s
[     14s] main 26b c97 ic_m4 known_null_sub table completed_valid t=0.0s
[     14s] main 26b c97 ic_m4 random_dick_r0 table completed_valid t=0.0s
[     14s] main 26b c97 ic_m4 random_dick_r1 table completed_valid t=0.0s
[     14s] main 26b c97 ic_m4 random_dick_r2 table completed_valid t=0.0s
[     14s] main 26b c97 ic_m4 known_null_dick table completed_valid t=0.0s
[     15s] main 26b c98 ic_m4 subgroup table completed_valid t=0.0s
[     15s] main 26b c98 ic_m4 dickson table completed_valid t=0.0s
[     15s] main 26b c98 ic_m4 small_x table completed_valid t=0.0s
[     15s] main 26b c98 ic_m4 random_sub_r0 table completed_valid t=0.0s
[     15s] main 26b c98 ic_m4 random_sub_r1 table completed_valid t=0.0s
[     15s] main 26b c98 ic_m4 random_sub_r2 table completed_valid t=0.0s
[     15s] main 26b c98 ic_m4 known_null_sub table completed_valid t=0.0s
[     15s] main 26b c98 ic_m4 random_dick_r0 table completed_valid t=0.0s
[     15s] main 26b c98 ic_m4 random_dick_r1 table completed_valid t=0.0s
[     15s] main 26b c98 ic_m4 random_dick_r2 table completed_valid t=0.0s
[     15s] main 26b c98 ic_m4 known_null_dick table completed_valid t=0.0s
[     15s] main 26b c99 ic_m4 subgroup table completed_valid t=0.0s
[     15s] main 26b c99 ic_m4 dickson table completed_valid t=0.0s
[     15s] main 26b c99 ic_m4 small_x table completed_valid t=0.0s
[     15s] main 26b c99 ic_m4 random_sub_r0 table completed_valid t=0.0s
[     15s] main 26b c99 ic_m4 random_sub_r1 table completed_valid t=0.0s
[     15s] main 26b c99 ic_m4 random_sub_r2 table completed_valid t=0.0s
[     15s] main 26b c99 ic_m4 known_null_sub table completed_valid t=0.0s
[     15s] main 26b c99 ic_m4 random_dick_r0 table completed_valid t=0.0s
[     15s] main 26b c99 ic_m4 random_dick_r1 table completed_valid t=0.0s
[     15s] main 26b c99 ic_m4 random_dick_r2 table completed_valid t=0.0s
[     15s] main 26b c99 ic_m4 known_null_dick table completed_valid t=0.0s
[     15s] main 26b c100 ic_m4 subgroup table completed_valid t=0.0s
[     15s] main 26b c100 ic_m4 dickson table completed_valid t=0.0s
[     15s] main 26b c100 ic_m4 small_x table completed_valid t=0.0s
[     15s] main 26b c100 ic_m4 random_sub_r0 table completed_valid t=0.0s
[     15s] main 26b c100 ic_m4 random_sub_r1 table completed_valid t=0.0s
[     15s] main 26b c100 ic_m4 random_sub_r2 table completed_valid t=0.0s
[     15s] main 26b c100 ic_m4 known_null_sub table completed_valid t=0.0s
[     15s] main 26b c100 ic_m4 random_dick_r0 table completed_valid t=0.0s
[     15s] main 26b c100 ic_m4 random_dick_r1 table completed_valid t=0.0s
[     15s] main 26b c100 ic_m4 random_dick_r2 table completed_valid t=0.0s
[     15s] main 26b c100 ic_m4 known_null_dick table completed_valid t=0.0s
[     15s] main 26b c101 ic_m4 subgroup table completed_valid t=0.0s
[     15s] main 26b c101 ic_m4 dickson table completed_valid t=0.0s
[     15s] main 26b c101 ic_m4 small_x table completed_valid t=0.0s
[     15s] main 26b c101 ic_m4 random_sub_r0 table completed_valid t=0.0s
[     15s] main 26b c101 ic_m4 random_sub_r1 table completed_valid t=0.0s
[     15s] main 26b c101 ic_m4 random_sub_r2 table completed_valid t=0.0s
[     15s] main 26b c101 ic_m4 known_null_sub table completed_valid t=0.0s
[     15s] main 26b c101 ic_m4 random_dick_r0 table completed_valid t=0.0s
[     15s] main 26b c101 ic_m4 random_dick_r1 table completed_valid t=0.0s
[     15s] main 26b c101 ic_m4 random_dick_r2 table completed_valid t=0.0s
[     15s] main 26b c101 ic_m4 known_null_dick table completed_valid t=0.0s
[     15s] main 26b c102 ic_m4 subgroup table completed_valid t=0.0s
[     15s] main 26b c102 ic_m4 dickson table completed_valid t=0.0s
[     15s] main 26b c102 ic_m4 small_x table completed_valid t=0.0s
[     15s] main 26b c102 ic_m4 random_sub_r0 table completed_valid t=0.0s
[     15s] main 26b c102 ic_m4 random_sub_r1 table completed_valid t=0.0s
[     15s] main 26b c102 ic_m4 random_sub_r2 table completed_valid t=0.0s
[     15s] main 26b c102 ic_m4 known_null_sub table completed_valid t=0.0s
[     15s] main 26b c102 ic_m4 random_dick_r0 table completed_valid t=0.0s
[     15s] main 26b c102 ic_m4 random_dick_r1 table completed_valid t=0.0s
[     15s] main 26b c102 ic_m4 random_dick_r2 table completed_valid t=0.0s
[     15s] main 26b c102 ic_m4 known_null_dick table completed_valid t=0.0s
[     16s] main 26b c103 ic_m4 subgroup table completed_valid t=0.0s
[     16s] main 26b c103 ic_m4 dickson table completed_valid t=0.0s
[     16s] main 26b c103 ic_m4 small_x table completed_valid t=0.0s
[     16s] main 26b c103 ic_m4 random_sub_r0 table completed_valid t=0.0s
[     16s] main 26b c103 ic_m4 random_sub_r1 table completed_valid t=0.0s
[     16s] main 26b c103 ic_m4 random_sub_r2 table completed_valid t=0.0s
[     16s] main 26b c103 ic_m4 known_null_sub table completed_valid t=0.0s
[     16s] main 26b c103 ic_m4 random_dick_r0 table completed_valid t=0.0s
[     16s] main 26b c103 ic_m4 random_dick_r1 table completed_valid t=0.0s
[     16s] main 26b c103 ic_m4 random_dick_r2 table completed_valid t=0.0s
[     16s] main 26b c103 ic_m4 known_null_dick table completed_valid t=0.0s
[     16s] main 26b c104 ic_m4 subgroup table completed_valid t=0.0s
[     16s] main 26b c104 ic_m4 dickson table completed_valid t=0.0s
[     16s] main 26b c104 ic_m4 small_x table completed_valid t=0.0s
[     16s] main 26b c104 ic_m4 random_sub_r0 table completed_valid t=0.0s
[     16s] main 26b c104 ic_m4 random_sub_r1 table completed_valid t=0.0s
[     16s] main 26b c104 ic_m4 random_sub_r2 table completed_valid t=0.0s
[     16s] main 26b c104 ic_m4 known_null_sub table completed_valid t=0.0s
[     16s] main 26b c104 ic_m4 random_dick_r0 table completed_valid t=0.0s
[     16s] main 26b c104 ic_m4 random_dick_r1 table completed_valid t=0.0s
[     16s] main 26b c104 ic_m4 random_dick_r2 table completed_valid t=0.0s
[     16s] main 26b c104 ic_m4 known_null_dick table completed_valid t=0.0s
[     16s] main 26b c105 ic_m4 subgroup table completed_valid t=0.0s
[     16s] main 26b c105 ic_m4 dickson table completed_valid t=0.0s
[     16s] main 26b c105 ic_m4 small_x table completed_valid t=0.0s
[     16s] main 26b c105 ic_m4 random_sub_r0 table completed_valid t=0.0s
[     16s] main 26b c105 ic_m4 random_sub_r1 table completed_valid t=0.0s
[     16s] main 26b c105 ic_m4 random_sub_r2 table completed_valid t=0.0s
[     16s] main 26b c105 ic_m4 known_null_sub table completed_valid t=0.0s
[     16s] main 26b c105 ic_m4 random_dick_r0 table completed_valid t=0.0s
[     16s] main 26b c105 ic_m4 random_dick_r1 table completed_valid t=0.0s
[     16s] main 26b c105 ic_m4 random_dick_r2 table completed_valid t=0.0s
[     16s] main 26b c105 ic_m4 known_null_dick table completed_valid t=0.0s
[     16s] main 26b c106 ic_m4 subgroup table completed_valid t=0.0s
[     16s] main 26b c106 ic_m4 dickson table completed_valid t=0.0s
[     16s] main 26b c106 ic_m4 small_x table completed_valid t=0.0s
[     16s] main 26b c106 ic_m4 random_sub_r0 table completed_valid t=0.0s
[     16s] main 26b c106 ic_m4 random_sub_r1 table completed_valid t=0.0s
[     16s] main 26b c106 ic_m4 random_sub_r2 table completed_valid t=0.0s
[     16s] main 26b c106 ic_m4 known_null_sub table completed_valid t=0.0s
[     16s] main 26b c106 ic_m4 random_dick_r0 table completed_valid t=0.0s
[     16s] main 26b c106 ic_m4 random_dick_r1 table completed_valid t=0.0s
[     16s] main 26b c106 ic_m4 random_dick_r2 table completed_valid t=0.0s
[     16s] main 26b c106 ic_m4 known_null_dick table completed_valid t=0.0s
[     16s] main 26b c107 ic_m4 subgroup table completed_valid t=0.0s
[     16s] main 26b c107 ic_m4 dickson table completed_valid t=0.0s
[     16s] main 26b c107 ic_m4 small_x table completed_valid t=0.0s
[     16s] main 26b c107 ic_m4 random_sub_r0 table completed_valid t=0.0s
[     16s] main 26b c107 ic_m4 random_sub_r1 table completed_valid t=0.0s
[     16s] main 26b c107 ic_m4 random_sub_r2 table completed_valid t=0.0s
[     16s] main 26b c107 ic_m4 known_null_sub table completed_valid t=0.0s
[     16s] main 26b c107 ic_m4 random_dick_r0 table completed_valid t=0.0s
[     16s] main 26b c107 ic_m4 random_dick_r1 table completed_valid t=0.0s
[     16s] main 26b c107 ic_m4 random_dick_r2 table completed_valid t=0.0s
[     16s] main 26b c107 ic_m4 known_null_dick table completed_valid t=0.0s
[     16s] main 26b c108 ic_m4 subgroup table completed_valid t=0.0s
[     16s] main 26b c108 ic_m4 dickson table completed_valid t=0.0s
[     16s] main 26b c108 ic_m4 small_x table completed_valid t=0.0s
[     16s] main 26b c108 ic_m4 random_sub_r0 table completed_valid t=0.0s
[     16s] main 26b c108 ic_m4 random_sub_r1 table completed_valid t=0.0s
[     16s] main 26b c108 ic_m4 random_sub_r2 table completed_valid t=0.0s
[     16s] main 26b c108 ic_m4 known_null_sub table completed_valid t=0.0s
[     16s] main 26b c108 ic_m4 random_dick_r0 table completed_valid t=0.0s
[     16s] main 26b c108 ic_m4 random_dick_r1 table completed_valid t=0.0s
[     16s] main 26b c108 ic_m4 random_dick_r2 table completed_valid t=0.0s
[     16s] main 26b c108 ic_m4 known_null_dick table completed_valid t=0.0s
[     17s] main 26b c109 ic_m4 subgroup table completed_valid t=0.0s
[     17s] main 26b c109 ic_m4 dickson table completed_valid t=0.0s
[     17s] main 26b c109 ic_m4 small_x table completed_valid t=0.0s
[     17s] main 26b c109 ic_m4 random_sub_r0 table completed_valid t=0.0s
[     17s] main 26b c109 ic_m4 random_sub_r1 table completed_valid t=0.0s
[     17s] main 26b c109 ic_m4 random_sub_r2 table completed_valid t=0.0s
[     17s] main 26b c109 ic_m4 known_null_sub table completed_valid t=0.0s
[     17s] main 26b c109 ic_m4 random_dick_r0 table completed_valid t=0.0s
[     17s] main 26b c109 ic_m4 random_dick_r1 table completed_valid t=0.0s
[     17s] main 26b c109 ic_m4 random_dick_r2 table completed_valid t=0.0s
[     17s] main 26b c109 ic_m4 known_null_dick table completed_valid t=0.0s
