L8-s1-interval_x-planted-00 fglm 697 547.56
L8-s1-subgroup_x-planted-00 fglm 92 0.96
L8-s1-subgroup_x-planted-01 fglm 92 1.04
L8-s1-subgroup_x-planted-02 fglm 79 0.96
L8-s1-subgroup_x-planted-03 fglm 94 1.01
L8-s1-subgroup_x-planted-04 fglm 94 1.0
L8-s1-subgroup_x-planted-05 fglm 79 0.94
L8-s1-subgroup_x-planted-06 fglm 92 1.0
L8-s1-subgroup_x-planted-07 fglm 79 0.97
L8-s1-subgroup_x-planted-08 fglm 94 1.14
L8-s1-subgroup_x-planted-09 fglm 96 1.07
L8-s1-subgroup_x-planted-10 fglm 94 1.14
L8-s1-subgroup_x-planted-11 fglm 92 1.09
L8-s1-subgroup_x-planted-12 fglm 92 1.09
L8-s1-subgroup_x-planted-13 fglm 96 1.11
L8-s1-subgroup_x-planted-14 fglm 96 1.15
L8-s1-subgroup_x-planted-15 fglm 96 1.17
L8-s1-subgroup_x-random-00 fglm 96 1.19
L8-s1-subgroup_x-random-01 fglm 96 1.2
L8-s1-subgroup_x-random-02 fglm 96 1.24
L8-s1-subgroup_x-random-03 fglm 96 1.26
L8-s1-subgroup_x-random-04 fglm 96 1.28
L8-s1-subgroup_x-random-05 fglm 96 1.32
L8-s1-subgroup_x-random-06 fglm 96 1.31
L8-s1-subgroup_x-random-07 fglm 94 1.37
L8-s1-subgroup_x-random-08 fglm 96 1.37
L8-s1-subgroup_x-random-09 fglm 96 1.43
L8-s1-subgroup_x-random-10 fglm 96 1.44
L8-s1-subgroup_x-random-11 fglm 96 1.47
L8-s1-subgroup_x-random-12 fglm 96 1.48
L8-s1-subgroup_x-random-13 fglm 96 1.49
L8-s1-subgroup_x-random-14 fglm 96 1.52
L8-s1-subgroup_x-random-15 fglm 96 1.56
L8-s1-random_x-planted-00 fglm 699 610.97
L8-s1-progression-planted-00 fglm 29 528.79
