[     21s] main 32b c130 ic_m4 subgroup search completed_valid t=2.0s
[     21s] main 32b c130 ic_m4 dickson search completed_valid t=1.8s
[     21s] main 32b c130 ic_m4 small_x search completed_valid t=1.9s
[     21s] main 32b c130 ic_m4 random_sub_r0 search completed_valid t=1.9s
[     21s] main 32b c130 ic_m4 random_sub_r1 search completed_valid t=1.8s
[     21s] main 32b c130 ic_m4 random_sub_r2 search completed_valid t=1.8s
[     21s] main 32b c130 ic_m4 known_null_sub search completed_valid t=1.8s
[     21s] main 32b c130 ic_m4 random_dick_r0 search completed_valid t=1.9s
[     21s] main 32b c130 ic_m4 random_dick_r1 search completed_valid t=1.9s
[     21s] main 32b c130 ic_m4 random_dick_r2 search completed_valid t=2.0s
[     21s] main 32b c130 ic_m4 known_null_dick search completed_valid t=1.9s
[     40s] main 32b c131 ic_m4 subgroup search completed_valid t=1.7s
[     40s] main 32b c131 ic_m4 dickson search completed_valid t=1.7s
[     40s] main 32b c131 ic_m4 small_x search completed_valid t=1.5s
[     40s] main 32b c131 ic_m4 random_sub_r0 search completed_valid t=1.7s
[     40s] main 32b c131 ic_m4 random_sub_r1 search completed_valid t=2.1s
[     40s] main 32b c131 ic_m4 random_sub_r2 search completed_valid t=1.6s
[     40s] main 32b c131 ic_m4 known_null_sub search completed_valid t=1.7s
[     40s] main 32b c131 ic_m4 random_dick_r0 search completed_valid t=1.8s
[     40s] main 32b c131 ic_m4 random_dick_r1 search completed_valid t=1.8s
[     40s] main 32b c131 ic_m4 random_dick_r2 search completed_valid t=1.8s
[     40s] main 32b c131 ic_m4 known_null_dick search completed_valid t=1.8s
[     60s] main 32b c132 ic_m4 subgroup search completed_valid t=1.8s
[     60s] main 32b c132 ic_m4 dickson search completed_valid t=1.7s
[     60s] main 32b c132 ic_m4 small_x search completed_valid t=1.7s
[     60s] main 32b c132 ic_m4 random_sub_r0 search completed_valid t=1.6s
[     60s] main 32b c132 ic_m4 random_sub_r1 search completed_valid t=1.8s
[     60s] main 32b c132 ic_m4 random_sub_r2 search completed_valid t=1.8s
[     60s] main 32b c132 ic_m4 known_null_sub search completed_valid t=1.9s
[     60s] main 32b c132 ic_m4 random_dick_r0 search completed_valid t=2.0s
[     60s] main 32b c132 ic_m4 random_dick_r1 search completed_valid t=1.8s
[     60s] main 32b c132 ic_m4 random_dick_r2 search completed_valid t=1.8s
[     60s] main 32b c132 ic_m4 known_null_dick search completed_valid t=1.8s
[     78s] main 32b c133 ic_m4 subgroup search completed_valid t=1.6s
[     78s] main 32b c133 ic_m4 dickson search completed_valid t=1.4s
[     78s] main 32b c133 ic_m4 small_x search completed_valid t=1.6s
[     78s] main 32b c133 ic_m4 random_sub_r0 search completed_valid t=1.5s
[     78s] main 32b c133 ic_m4 random_sub_r1 search completed_valid t=1.5s
[     78s] main 32b c133 ic_m4 random_sub_r2 search completed_valid t=1.8s
[     78s] main 32b c133 ic_m4 known_null_sub search completed_valid t=1.7s
[     78s] main 32b c133 ic_m4 random_dick_r0 search completed_valid t=1.7s
[     78s] main 32b c133 ic_m4 random_dick_r1 search completed_valid t=1.5s
[     78s] main 32b c133 ic_m4 random_dick_r2 search completed_valid t=1.5s
[     78s] main 32b c133 ic_m4 known_null_dick search completed_valid t=1.7s
[    100s] main 32b c134 ic_m4 subgroup search completed_valid t=2.0s
[    100s] main 32b c134 ic_m4 dickson search completed_valid t=1.9s
[    100s] main 32b c134 ic_m4 small_x search completed_valid t=1.8s
[    100s] main 32b c134 ic_m4 random_sub_r0 search completed_valid t=1.8s
[    100s] main 32b c134 ic_m4 random_sub_r1 search completed_valid t=2.1s
[    100s] main 32b c134 ic_m4 random_sub_r2 search completed_valid t=1.8s
[    100s] main 32b c134 ic_m4 known_null_sub search completed_valid t=2.0s
[    100s] main 32b c134 ic_m4 random_dick_r0 search completed_valid t=1.9s
[    100s] main 32b c134 ic_m4 random_dick_r1 search completed_valid t=1.9s
[    100s] main 32b c134 ic_m4 random_dick_r2 search completed_valid t=1.8s
[    100s] main 32b c134 ic_m4 known_null_dick search completed_valid t=1.9s
[    117s] main 32b c135 ic_m4 subgroup search completed_valid t=1.6s
[    117s] main 32b c135 ic_m4 dickson search completed_valid t=1.7s
[    117s] main 32b c135 ic_m4 small_x search completed_valid t=1.6s
[    117s] main 32b c135 ic_m4 random_sub_r0 search completed_valid t=1.6s
[    117s] main 32b c135 ic_m4 random_sub_r1 search completed_valid t=1.4s
[    117s] main 32b c135 ic_m4 random_sub_r2 search completed_valid t=1.5s
[    117s] main 32b c135 ic_m4 known_null_sub search completed_valid t=1.5s
[    117s] main 32b c135 ic_m4 random_dick_r0 search completed_valid t=1.5s
[    117s] main 32b c135 ic_m4 random_dick_r1 search completed_valid t=1.6s
[    117s] main 32b c135 ic_m4 random_dick_r2 search completed_valid t=1.7s
[    117s] main 32b c135 ic_m4 known_null_dick search completed_valid t=1.7s
[    135s] main 32b c136 ic_m4 subgroup search completed_valid t=1.8s
[    135s] main 32b c136 ic_m4 dickson search completed_valid t=2.0s
[    135s] main 32b c136 ic_m4 small_x search completed_valid t=1.5s
[    135s] main 32b c136 ic_m4 random_sub_r0 search completed_valid t=1.4s
[    135s] main 32b c136 ic_m4 random_sub_r1 search completed_valid t=1.7s
[    135s] main 32b c136 ic_m4 random_sub_r2 search completed_valid t=1.4s
[    135s] main 32b c136 ic_m4 known_null_sub search completed_valid t=1.7s
[    135s] main 32b c136 ic_m4 random_dick_r0 search completed_valid t=1.6s
[    135s] main 32b c136 ic_m4 random_dick_r1 search completed_valid t=1.5s
[    135s] main 32b c136 ic_m4 random_dick_r2 search completed_valid t=1.5s
[    135s] main 32b c136 ic_m4 known_null_dick search completed_valid t=1.5s
[    155s] main 32b c137 ic_m4 subgroup search completed_valid t=1.9s
[    155s] main 32b c137 ic_m4 dickson search completed_valid t=1.8s
[    155s] main 32b c137 ic_m4 small_x search completed_valid t=1.7s
[    155s] main 32b c137 ic_m4 random_sub_r0 search completed_valid t=1.9s
[    155s] main 32b c137 ic_m4 random_sub_r1 search completed_valid t=1.8s
[    155s] main 32b c137 ic_m4 random_sub_r2 search completed_valid t=1.8s
[    155s] main 32b c137 ic_m4 known_null_sub search completed_valid t=1.8s
[    155s] main 32b c137 ic_m4 random_dick_r0 search completed_valid t=2.1s
[    155s] main 32b c137 ic_m4 random_dick_r1 search completed_valid t=1.7s
[    155s] main 32b c137 ic_m4 random_dick_r2 search completed_valid t=1.6s
[    155s] main 32b c137 ic_m4 known_null_dick search completed_valid t=1.8s
[    173s] main 32b c138 ic_m4 subgroup search completed_valid t=1.7s
[    173s] main 32b c138 ic_m4 dickson search completed_valid t=1.8s
[    173s] main 32b c138 ic_m4 small_x search completed_valid t=1.6s
[    173s] main 32b c138 ic_m4 random_sub_r0 search completed_valid t=1.5s
[    173s] main 32b c138 ic_m4 random_sub_r1 search completed_valid t=1.4s
[    173s] main 32b c138 ic_m4 random_sub_r2 search completed_valid t=1.6s
[    173s] main 32b c138 ic_m4 known_null_sub search completed_valid t=1.5s
[    173s] main 32b c138 ic_m4 random_dick_r0 search completed_valid t=1.5s
[    173s] main 32b c138 ic_m4 random_dick_r1 search completed_valid t=1.5s
[    173s] main 32b c138 ic_m4 random_dick_r2 search completed_valid t=1.6s
[    173s] main 32b c138 ic_m4 known_null_dick search completed_valid t=1.6s
[    190s] main 32b c139 ic_m4 subgroup search completed_valid t=1.5s
[    190s] main 32b c139 ic_m4 dickson search completed_valid t=1.4s
[    190s] main 32b c139 ic_m4 small_x search completed_valid t=1.6s
[    190s] main 32b c139 ic_m4 random_sub_r0 search completed_valid t=1.7s
[    190s] main 32b c139 ic_m4 random_sub_r1 search completed_valid t=1.8s
[    190s] main 32b c139 ic_m4 random_sub_r2 search completed_valid t=1.4s
[    190s] main 32b c139 ic_m4 known_null_sub search completed_valid t=1.5s
[    190s] main 32b c139 ic_m4 random_dick_r0 search completed_valid t=1.6s
[    190s] main 32b c139 ic_m4 random_dick_r1 search completed_valid t=1.6s
[    190s] main 32b c139 ic_m4 random_dick_r2 search completed_valid t=1.5s
[    190s] main 32b c139 ic_m4 known_null_dick search completed_valid t=1.6s
