[    0.00s] EXP-ICINV-e0cd8f stage=m4 run=RUN-ICINV-geom-m4
[    0.00s] host load average at start: (22.8427734375, 22.216796875, 22.09814453125)
[    0.28s] enumerated class: 138 members in 0.3s
[    0.31s] SR1 symbolic derivation: generic=13 a0=9 b0=10 agrees=True
[    0.33s] WROTE support-derivation.json (sha256 2756b7074cce...)
[    0.34s] WROTE class-census.json (sha256 c3b0ec79afb2...)
[    0.68s] WROTE backend-provenance.json (sha256 ca6a4c31776a...)
[   84.52s] m4 class 20/138
[  193.74s] m4 class 40/138
[  299.82s] m4 class 60/138
[  395.79s] m4 class 80/138
[  503.43s] m4 class 100/138
[  611.85s] m4 class 120/138
[  820.07s] m4 control 20/138
[  921.74s] m4 control 40/138
[ 1034.25s] m4 control 60/138
[ 1161.38s] m4 control 80/138
[ 1276.25s] m4 control 100/138
[ 1392.04s] m4 control 120/138
[ 1434.16s] RUN FAILED: [Errno 28] No space left on device: '/var/folders/cj/2r80qnks3h50r83ztw0tlcqw0000gn/T/tmp9ign7il2.input'
[ 1434.17s] WROTE raw-result.json (sha256 cf5bd0ed25c2...)
