[2026-08-01T15:46:25+00:00] EXP-EQD-001 driver, mode=calib, run_id=RUN-EQD-001-calib
[2026-08-01T15:46:25+00:00] spec sha256 at freeze: 295d85c748cf9d1d14e2746d3067fbbbc0a7fc9ebd8b62ccbdbe021a6dc99431
[2026-08-01T15:46:25+00:00] spec sha256 on disk:    295d85c748cf9d1d14e2746d3067fbbbc0a7fc9ebd8b62ccbdbe021a6dc99431  match=True
[2026-08-01T15:46:25+00:00] building cell bits=16
[2026-08-01T15:46:25+00:00]   p=46663 a=35281 b=42152 #E=46860 |X_E|=23430
[2026-08-01T15:46:25+00:00] bits=16 CAL-1: 200 independent replicate pairs
[2026-08-01T15:46:30+00:00]   bits=16 CAL-1 50/200 pairs
[2026-08-01T15:46:34+00:00]   bits=16 CAL-1 100/200 pairs
[2026-08-01T15:46:39+00:00]   bits=16 CAL-1 150/200 pairs
[2026-08-01T15:46:43+00:00]   bits=16 CAL-1 200/200 pairs
[2026-08-01T15:46:43+00:00] bits=16 CAL-2: power curve over 5 deltas
[2026-08-01T15:46:45+00:00]   bits=16 CAL-2 delta=0.005 done (20 replicates)
[2026-08-01T15:46:47+00:00]   bits=16 CAL-2 delta=0.01 done (20 replicates)
[2026-08-01T15:46:48+00:00]   bits=16 CAL-2 delta=0.02 done (20 replicates)
[2026-08-01T15:46:50+00:00]   bits=16 CAL-2 delta=0.05 done (20 replicates)
[2026-08-01T15:46:52+00:00]   bits=16 CAL-2 delta=0.1 done (20 replicates)
[2026-08-01T15:46:52+00:00] bits=16 CAL-3: 20 OBJ-NULL-IND vs OBJ-NULL-RFB
[2026-08-01T15:46:54+00:00] bits=16 CAL-4: support density
[2026-08-01T15:46:54+00:00] building cell bits=20
[2026-08-01T15:46:54+00:00]   p=767551 a=170405 b=120633 #E=767427 |X_E|=383713
[2026-08-01T15:46:54+00:00] bits=20 CAL-1: 200 independent replicate pairs
[2026-08-01T15:46:59+00:00]   bits=20 CAL-1 50/200 pairs
[2026-08-01T15:47:04+00:00]   bits=20 CAL-1 100/200 pairs
[2026-08-01T15:47:08+00:00]   bits=20 CAL-1 150/200 pairs
[2026-08-01T15:47:13+00:00]   bits=20 CAL-1 200/200 pairs
[2026-08-01T15:47:13+00:00] bits=20 CAL-2: power curve over 5 deltas
[2026-08-01T15:47:15+00:00]   bits=20 CAL-2 delta=0.005 done (20 replicates)
[2026-08-01T15:47:17+00:00]   bits=20 CAL-2 delta=0.01 done (20 replicates)
[2026-08-01T15:47:18+00:00]   bits=20 CAL-2 delta=0.02 done (20 replicates)
[2026-08-01T15:47:20+00:00]   bits=20 CAL-2 delta=0.05 done (20 replicates)
[2026-08-01T15:47:22+00:00]   bits=20 CAL-2 delta=0.1 done (20 replicates)
[2026-08-01T15:47:22+00:00] bits=20 CAL-3: 20 OBJ-NULL-IND vs OBJ-NULL-RFB
[2026-08-01T15:47:24+00:00] bits=20 CAL-4: support density
[2026-08-01T15:47:24+00:00] status=completed_valid wall_seconds=59.2 peak_rss_bytes=175636480
