[     20s] main 32b c50 ic_m4 subgroup search completed_valid t=1.8s
[     20s] main 32b c50 ic_m4 dickson search completed_valid t=1.6s
[     20s] main 32b c50 ic_m4 small_x search completed_valid t=1.8s
[     20s] main 32b c50 ic_m4 random_sub_r0 search completed_valid t=1.7s
[     20s] main 32b c50 ic_m4 random_sub_r1 search completed_valid t=1.7s
[     20s] main 32b c50 ic_m4 random_sub_r2 search completed_valid t=1.8s
[     20s] main 32b c50 ic_m4 known_null_sub search completed_valid t=1.7s
[     20s] main 32b c50 ic_m4 random_dick_r0 search completed_valid t=1.6s
[     20s] main 32b c50 ic_m4 random_dick_r1 search completed_valid t=1.7s
[     20s] main 32b c50 ic_m4 random_dick_r2 search completed_valid t=1.8s
[     20s] main 32b c50 ic_m4 known_null_dick search completed_valid t=1.9s
[     39s] main 32b c51 ic_m4 subgroup search completed_valid t=1.6s
[     39s] main 32b c51 ic_m4 dickson search completed_valid t=1.8s
[     39s] main 32b c51 ic_m4 small_x search completed_valid t=1.9s
[     39s] main 32b c51 ic_m4 random_sub_r0 search completed_valid t=1.9s
[     39s] main 32b c51 ic_m4 random_sub_r1 search completed_valid t=1.6s
[     39s] main 32b c51 ic_m4 random_sub_r2 search completed_valid t=1.9s
[     39s] main 32b c51 ic_m4 known_null_sub search completed_valid t=1.7s
[     39s] main 32b c51 ic_m4 random_dick_r0 search completed_valid t=1.7s
[     39s] main 32b c51 ic_m4 random_dick_r1 search completed_valid t=1.8s
[     39s] main 32b c51 ic_m4 random_dick_r2 search completed_valid t=1.6s
[     39s] main 32b c51 ic_m4 known_null_dick search completed_valid t=1.7s
[     58s] main 32b c52 ic_m4 subgroup search completed_valid t=1.7s
[     58s] main 32b c52 ic_m4 dickson search completed_valid t=1.6s
[     58s] main 32b c52 ic_m4 small_x search completed_valid t=1.7s
[     58s] main 32b c52 ic_m4 random_sub_r0 search completed_valid t=1.7s
[     58s] main 32b c52 ic_m4 random_sub_r1 search completed_valid t=1.7s
[     58s] main 32b c52 ic_m4 random_sub_r2 search completed_valid t=1.8s
[     58s] main 32b c52 ic_m4 known_null_sub search completed_valid t=1.7s
[     58s] main 32b c52 ic_m4 random_dick_r0 search completed_valid t=1.6s
[     58s] main 32b c52 ic_m4 random_dick_r1 search completed_valid t=1.7s
[     58s] main 32b c52 ic_m4 random_dick_r2 search completed_valid t=1.6s
[     58s] main 32b c52 ic_m4 known_null_dick search completed_valid t=1.7s
[     74s] main 32b c53 ic_m4 subgroup search completed_valid t=1.5s
[     74s] main 32b c53 ic_m4 dickson search completed_valid t=1.4s
[     74s] main 32b c53 ic_m4 small_x search completed_valid t=1.5s
[     74s] main 32b c53 ic_m4 random_sub_r0 search completed_valid t=1.4s
[     74s] main 32b c53 ic_m4 random_sub_r1 search completed_valid t=1.5s
[     74s] main 32b c53 ic_m4 random_sub_r2 search completed_valid t=1.4s
[     74s] main 32b c53 ic_m4 known_null_sub search completed_valid t=1.6s
[     74s] main 32b c53 ic_m4 random_dick_r0 search completed_valid t=1.5s
[     74s] main 32b c53 ic_m4 random_dick_r1 search completed_valid t=1.4s
[     74s] main 32b c53 ic_m4 random_dick_r2 search completed_valid t=1.6s
[     74s] main 32b c53 ic_m4 known_null_dick search completed_valid t=1.4s
[     91s] main 32b c54 ic_m4 subgroup search completed_valid t=1.5s
[     91s] main 32b c54 ic_m4 dickson search completed_valid t=1.6s
[     91s] main 32b c54 ic_m4 small_x search completed_valid t=1.6s
[     91s] main 32b c54 ic_m4 random_sub_r0 search completed_valid t=1.7s
[     91s] main 32b c54 ic_m4 random_sub_r1 search completed_valid t=1.4s
[     91s] main 32b c54 ic_m4 random_sub_r2 search completed_valid t=1.5s
[     91s] main 32b c54 ic_m4 known_null_sub search completed_valid t=1.6s
[     91s] main 32b c54 ic_m4 random_dick_r0 search completed_valid t=1.5s
[     91s] main 32b c54 ic_m4 random_dick_r1 search completed_valid t=1.7s
[     91s] main 32b c54 ic_m4 random_dick_r2 search completed_valid t=1.4s
[     91s] main 32b c54 ic_m4 known_null_dick search completed_valid t=1.4s
[    110s] main 32b c55 ic_m4 subgroup search completed_valid t=1.5s
[    110s] main 32b c55 ic_m4 dickson search completed_valid t=1.6s
[    110s] main 32b c55 ic_m4 small_x search completed_valid t=1.7s
[    110s] main 32b c55 ic_m4 random_sub_r0 search completed_valid t=1.6s
[    110s] main 32b c55 ic_m4 random_sub_r1 search completed_valid t=1.7s
[    110s] main 32b c55 ic_m4 random_sub_r2 search completed_valid t=1.7s
[    110s] main 32b c55 ic_m4 known_null_sub search completed_valid t=1.8s
[    110s] main 32b c55 ic_m4 random_dick_r0 search completed_valid t=1.7s
[    110s] main 32b c55 ic_m4 random_dick_r1 search completed_valid t=1.8s
[    110s] main 32b c55 ic_m4 random_dick_r2 search completed_valid t=1.7s
[    110s] main 32b c55 ic_m4 known_null_dick search completed_valid t=1.8s
[    129s] main 32b c56 ic_m4 subgroup search completed_valid t=1.6s
[    129s] main 32b c56 ic_m4 dickson search completed_valid t=1.6s
[    129s] main 32b c56 ic_m4 small_x search completed_valid t=1.7s
[    129s] main 32b c56 ic_m4 random_sub_r0 search completed_valid t=1.8s
[    129s] main 32b c56 ic_m4 random_sub_r1 search completed_valid t=1.8s
[    129s] main 32b c56 ic_m4 random_sub_r2 search completed_valid t=1.7s
[    129s] main 32b c56 ic_m4 known_null_sub search completed_valid t=1.7s
[    129s] main 32b c56 ic_m4 random_dick_r0 search completed_valid t=1.8s
[    129s] main 32b c56 ic_m4 random_dick_r1 search completed_valid t=1.9s
[    129s] main 32b c56 ic_m4 random_dick_r2 search completed_valid t=1.9s
[    129s] main 32b c56 ic_m4 known_null_dick search completed_valid t=1.8s
[    149s] main 32b c57 ic_m4 subgroup search completed_valid t=1.7s
[    149s] main 32b c57 ic_m4 dickson search completed_valid t=1.7s
[    149s] main 32b c57 ic_m4 small_x search completed_valid t=1.7s
[    149s] main 32b c57 ic_m4 random_sub_r0 search completed_valid t=1.7s
[    149s] main 32b c57 ic_m4 random_sub_r1 search completed_valid t=1.8s
[    149s] main 32b c57 ic_m4 random_sub_r2 search completed_valid t=1.7s
[    149s] main 32b c57 ic_m4 known_null_sub search completed_valid t=1.8s
[    149s] main 32b c57 ic_m4 random_dick_r0 search completed_valid t=1.8s
[    149s] main 32b c57 ic_m4 random_dick_r1 search completed_valid t=1.9s
[    149s] main 32b c57 ic_m4 random_dick_r2 search completed_valid t=1.9s
[    149s] main 32b c57 ic_m4 known_null_dick search completed_valid t=1.8s
[    169s] main 32b c58 ic_m4 subgroup search completed_valid t=1.7s
[    169s] main 32b c58 ic_m4 dickson search completed_valid t=1.7s
[    169s] main 32b c58 ic_m4 small_x search completed_valid t=1.7s
[    169s] main 32b c58 ic_m4 random_sub_r0 search completed_valid t=1.6s
[    169s] main 32b c58 ic_m4 random_sub_r1 search completed_valid t=1.7s
[    169s] main 32b c58 ic_m4 random_sub_r2 search completed_valid t=1.7s
[    169s] main 32b c58 ic_m4 known_null_sub search completed_valid t=1.9s
[    169s] main 32b c58 ic_m4 random_dick_r0 search completed_valid t=1.9s
[    169s] main 32b c58 ic_m4 random_dick_r1 search completed_valid t=1.8s
[    169s] main 32b c58 ic_m4 random_dick_r2 search completed_valid t=1.8s
[    169s] main 32b c58 ic_m4 known_null_dick search completed_valid t=1.8s
[    184s] main 32b c59 ic_m4 subgroup search completed_valid t=1.3s
[    184s] main 32b c59 ic_m4 dickson search completed_valid t=1.4s
[    184s] main 32b c59 ic_m4 small_x search completed_valid t=1.3s
[    184s] main 32b c59 ic_m4 random_sub_r0 search completed_valid t=1.3s
[    184s] main 32b c59 ic_m4 random_sub_r1 search completed_valid t=1.3s
[    184s] main 32b c59 ic_m4 random_sub_r2 search completed_valid t=1.4s
[    184s] main 32b c59 ic_m4 known_null_sub search completed_valid t=1.3s
[    184s] main 32b c59 ic_m4 random_dick_r0 search completed_valid t=1.5s
[    184s] main 32b c59 ic_m4 random_dick_r1 search completed_valid t=1.4s
[    184s] main 32b c59 ic_m4 random_dick_r2 search completed_valid t=1.2s
[    184s] main 32b c59 ic_m4 known_null_dick search completed_valid t=1.3s
