==============================================================================
RIDER (iii) -- fpylll-equipped replication of the L7/L8 arm
BATCH-4ed139 / TASK-20260812-0e930c / GOAL-MLKEM-005
CLAIM TIER: TOY. Nothing here bears on ML-KEM security, on any FIPS
203 parameter set, on any attack cost, or on any cost model.
THIS RESTORES COVERAGE AND RESOLVES NO DOUBT, THERE BEING NONE TO
RESOLVE. fpylll's absence in wave 2 was INFRASTRUCTURE SIGNAL.
==============================================================================

[0] PREREG-1 notarization gate -- ABORT ON MISMATCH
    sha256_working_tree                    dc04d640737e6f15c40d9afdba919e75a72e52ee6510cbbbba16678d24af4c62
    sha256_notarized_blob                  dc04d640737e6f15c40d9afdba919e75a72e52ee6510cbbbba16678d24af4c62
    sha256_sidecar                         dc04d640737e6f15c40d9afdba919e75a72e52ee6510cbbbba16678d24af4c62
    notarizing_commit_full                 8d72f2c038a577e216ab9d6d0e5995f65d5ff819
    negative_test_absent_at_parent         True
    is_ancestor_of_HEAD                    True
    ALL_AGREE                              True

[0b] inputs pinned by sha256
    dc04d640737e6f15c40d9afdba919e75a72e52ee6510cbbbba16678d24af4c62  coordination/goals/GOAL-MLKEM-005/batches/BATCH-4ed139/tasks/TASK-20260812-34b86c/prereg.md
    c5b2918dccf1b58261eed1e9d221f1074ae6143f2a8fc5c0f42ff475646ccd6d  coordination/goals/GOAL-MLKEM-005/batches/BATCH-9e3584/tasks/TASK-20260809-cda2f6/results_relvar.json
    9489ff8d71509e8c8a74eba2936789e3c42c98952bf26b238619dfc76163a118  coordination/goals/GOAL-MLKEM-005/batches/BATCH-9e3584/tasks/TASK-20260809-cda2f6/measure_relvar.py
    37c9cf9c82fbbbc0614e2e95b61d109850462cae933b812be8a1f5d9987a6bb1  coordination/goals/GOAL-MLKEM-005/batches/BATCH-4ed139/tasks/TASK-20260812-0e930c/replicate_l7l8.py

[1] environment
    this run   Linux-6.18.5-fc-v20-x86_64-with-glibc2.39 | py 3.11.15 | numpy 2.4.6 | scipy 1.17.1 | fpylll 0.6.4
    producer   Linux-6.18.5-fc-v20-x86_64-with-glibc2.39 | py 3.11.15 | numpy 2.4.6 | scipy 1.17.1 | fpylll 0.6.4
    ENVIRONMENTS_DIFFER = False  (field by field: operating_system=True, architecture=True, python_version=True, numpy=True, scipy=True, fpylll=True)

[2] rebuild the 8 frozen bases at L7 and L8 and VERIFY the construction against the notarized text BEFORE any reduction
    L7  d=20  k=6   (k_fpylll = d-k = 14)  8 bases built, all structural checks pass: True
    L8  d=20  k=14  (k_fpylll = d-k = 6)  8 bases built, all structural checks pass: True

[3] frozen HKZ pipeline (route RD), d = 20 <= 40
    L7  8 reductions, max hkz_violation 0.000000e+00, 0.03 s cumulative
    L8  8 reductions, max hkz_violation 0.000000e+00, 0.05 s cumulative
    max hkz_violation measured here (L7/L8 arm): 0.0

[4] per-basis, per-cell comparison against the committed values (route RC), P-L1 tolerance 1e-06
      hkz    L7  beta 5    max|dev| 0.000e+00   bit-identical 8/8
      hkz    L7  beta 10   max|dev| 0.000e+00   bit-identical 8/8
      hkz    L7  beta 15   max|dev| 0.000e+00   bit-identical 8/8
      hkz    L8  beta 5    max|dev| 0.000e+00   bit-identical 8/8
      hkz    L8  beta 10   max|dev| 0.000e+00   bit-identical 8/8
      hkz    L8  beta 15   max|dev| 0.000e+00   bit-identical 8/8
      lam1n  L7  beta 5    max|dev| 0.000e+00   bit-identical 8/8
      lam1n  L7  beta 10   max|dev| 0.000e+00   bit-identical 8/8
      lam1n  L7  beta 15   max|dev| 0.000e+00   bit-identical 8/8
      lam1n  L8  beta 5    max|dev| 0.000e+00   bit-identical 8/8
      lam1n  L8  beta 10   max|dev| 0.000e+00   bit-identical 8/8
      lam1n  L8  beta 15   max|dev| 0.000e+00   bit-identical 8/8
    MAX ABSOLUTE DEVIATION over 96 comparisons: 0.000000e+00   at hkz/L7 beta 5 basis 0

[5] P-L1: HOLDS   (max abs deviation 0.000000e+00, falsifier > 1e-06)

[6] wrote coordination/goals/GOAL-MLKEM-005/batches/BATCH-4ed139/tasks/TASK-20260812-0e930c/results_l7l8.json
    outcome row realized: R2-OUT-8 (rider iii)
    total 0.36 s
