[cell] N=2^20 a=1/4 seed=4 T=64 W=64.0000 cap=512 U_max=1024
[params] {"n_bits": 20, "N": 1048576, "T": 64, "a": 0.25, "W": 64.0, "theta": 0.015625, "cap": 512, "k": 4, "U_max": 1024, "R_default": 64, "walk_key_K": 7958955049054603978, "dp_key": 3663429373665719192, "dp_threshold": 288230376151711744, "bits_per_table_entry": 40, "bits_per_pool_entry": 88, "restart_scalar_mult_group_ops": 30.0, "seeds": {"walk_key_seed": 4, "precomputation_restart_stream": 4, "target_seed": 104, "phi_bernoulli_stream": 204, "null_a_relabelling_stream": 304, "tiebreak_permutation_stream": 404}}
[basins] {"n_dps": 16391, "cycle_mass": 270, "cycle_mass_frac": 0.0002574920654296875, "capped_mass": 0, "capped_mass_frac": 0.0, "survival_slope": -0.6355403020966595, "survival_slope_points": 60, "survival_slope_estimator": "least squares of log S(n) on log n over 60 log-spaced integers (primary)", "survival_slope_int_grid": -0.6987448334892503, "survival_slope_int_grid_points": 1015, "survival_slope_range": [10, 1024], "survival_slope_within_0.15_of_-0.5": true, "survival_slope_int_grid_within_0.15_of_-0.5": false, "MODELED_borel_survival_slope_same_estimator": -0.6300039380933038, "MODELED_borel_survival_slope_int_grid": -0.6808533927498887, "survival_pointwise": {"n": [10, 30, 100, 300, 1000, 3000, 10000], "MEASURED_S_emp": [0.2418400341650906, 0.1335488987859191, 0.06698798120920017, 0.03221279970715637, 0.0121408089805381, 0.004697699957293636, 0.0005490818131901654], "MODELED_S_borel(1-theta)": [0.24647496042801967, 0.13367622965689013, 0.06627501780135463, 0.0325955128612482, 0.01277892307555004, 0.0040050398241958, 0.00050586301477952], "max_abs_log_ratio": 0.1595194940561499}, "cutoff": {"n_c": 10646.940227998792, "n_c_theta2_over_2": 1.2996753208006337, "sse": 0.11600204186882912, "tail_range": [1024, 7516], "grid_points": 40, "n_c_grid_range": [256.0, 262144.0]}, "MODELED_borel_cutoff_same_estimator": {"n_c": 8434.090616131285, "n_c_theta2_over_2": 1.0295520771644635, "sse": 0.00903720875696238, "tail_range": [1024, 7516], "grid_points": 40, "n_c_grid_range": [256.0, 262144.0]}, "cutoff_in_[0.5,2]": true, "top_T_share": 0.38592052459716797, "top_share_by_t": {"16": 0.15876293182373047, "32": 0.25919055938720703, "48": 0.3300809860229492, "64": 0.38592052459716797, "128": 0.5357112884521484}, "C_max_model": 0.3889120129663709, "x_star_model": 0.7423409681771704, "top_T_share_over_C_max": 0.992308058713883, "top_T_share_over_C_max_in_[0.85,1.05]": true, "largest_basin": 12915, "largest_basin_borel_99_band": [11988, 53372], "largest_basin_in_band": true, "borel_band_samples": 16384, "mean_basin": 63.9561954731255, "basins_seconds": 0.4145791530609131}
[pools] {"2": {"distinct_dps": 128, "walks": 156, "P_group_ops": 10267, "capped_walks": 0, "P_over_sqrt_NT": 1.2532958984375}, "4": {"distinct_dps": 256, "walks": 404, "P_group_ops": 25784, "capped_walks": 0, "P_over_sqrt_NT": 3.1474609375}, "8": {"distinct_dps": 512, "walks": 1066, "P_group_ops": 69507, "capped_walks": 0, "P_over_sqrt_NT": 8.4847412109375}} (0.0s)
[walks] {"count": 4096, "capped_fraction_all_walks": 0.000244140625, "mean_length_all_walks": 61.70849609375, "mean_length_over_W": 0.9641952514648438, "walk_seconds": 0.011260747909545898} walker_vs_basins=True
[fixture] {"trials": 40000, "total_steps": 2505073, "successes": 11204, "hit_rate": 0.2801, "scaled_main_cost": 1.7467764024009282, "scaled_precomputation": 1.2532958984375, "mean_steps_over_W": 0.978544140625, "capped_fraction": 0.00025, "published_reference": {"scaled_main_cost": 1.79, "tolerance": 0.18, "scaled_precomputation_range": [1.05, 1.4]}, "note": "per-seed values; the G2 gate is evaluated on the 5-seed pooled value in the analysis run", "static_T_exact_coverage": 0.27908992767333984}
[arm] STATIC(T/4): solved=338/1024 eps_ss(8T)=0.3438 eps_ss(16T)=0.3359 p_last=0.0819 cov_last=0.1058 S_peak=11264 ops_resel=418 (0.0s)
[arm] STATIC(T/2): solved=526/1024 eps_ss(8T)=0.5078 eps_ss(16T)=0.5234 p_last=0.1842 cov_last=0.1800 S_peak=11264 ops_resel=761 (0.0s)
[arm] STATIC(3T/4): solved=672/1024 eps_ss(8T)=0.6875 eps_ss(16T)=0.6719 p_last=0.2360 cov_last=0.2504 S_peak=11264 ops_resel=997 (0.0s)
[arm] STATIC(T): solved=721/1024 eps_ss(8T)=0.7266 eps_ss(16T)=0.6953 p_last=0.2471 cov_last=0.2791 S_peak=11264 ops_resel=1240 (0.0s)
[arm] STATIC2T: solved=796/1024 eps_ss(8T)=0.7812 eps_ss(16T)=0.7656 p_last=0.2981 cov_last=0.3357 S_peak=11264 ops_resel=0 (0.0s)
[arm] RHO: solved=22/1024 eps_ss(8T)=0.0234 eps_ss(16T)=0.0234 p_last=0.0078 S_peak=0 ops_resel=0 (0.0s)
[arm] RESEL-L(T/4): solved=392/1024 eps_ss(8T)=0.3828 eps_ss(16T)=0.3984 p_last=0.0897 cov_last=0.1245 S_peak=36168 ops_resel=9793 (0.0s)
[arm] RESEL-L(T/2): solved=625/1024 eps_ss(8T)=0.6016 eps_ss(16T)=0.7031 p_last=0.2320 cov_last=0.2317 S_peak=48048 ops_resel=17562 (0.0s)
[arm] RESEL-L(3T/4): solved=745/1024 eps_ss(8T)=0.7188 eps_ss(16T)=0.8203 p_last=0.3054 cov_last=0.3129 S_peak=53504 ops_resel=23820 (0.0s)
[arm] RESEL-L(T): solved=821/1024 eps_ss(8T)=0.7969 eps_ss(16T)=0.9141 p_last=0.3841 cov_last=0.3712 S_peak=55880 ops_resel=30161 (0.0s)
[arm] RESEL-U(T): solved=845/1024 eps_ss(8T)=0.8516 eps_ss(16T)=0.9297 p_last=0.4041 cov_last=0.3781 S_peak=82456 ops_resel=36146 (0.0s)
[arm] RESEL-U(T/2): solved=655/1024 eps_ss(8T)=0.6562 eps_ss(16T)=0.7891 p_last=0.2655 cov_last=0.2503 S_peak=90904 ops_resel=23559 (0.0s)
[arm] NULL-A(T): solved=575/1024 eps_ss(8T)=0.5859 eps_ss(16T)=0.4922 p_last=0.1550 cov_last=0.1782 S_peak=46288 ops_resel=27428 (0.0s)
[arm] NULL-A(T/2): solved=417/1024 eps_ss(8T)=0.4453 eps_ss(16T)=0.5000 p_last=0.1401 cov_last=0.1433 S_peak=37576 ops_resel=16430 (0.0s)
[arm] NULL-B(T): solved=721/1024 eps_ss(8T)=0.7266 eps_ss(16T)=0.6953 p_last=0.2471 cov_last=0.2791 S_peak=51216 ops_resel=1240 (0.0s)
[arm] NULL-B(T/2): solved=526/1024 eps_ss(8T)=0.5078 eps_ss(16T)=0.5234 p_last=0.1842 cov_last=0.1800 S_peak=42944 ops_resel=761 (0.0s)
[arm] PHI(0.0,T/2): solved=526/1024 eps_ss(8T)=0.5078 eps_ss(16T)=0.5234 p_last=0.1842 cov_last=0.1800 S_peak=11264 ops_resel=12937 (0.0s)
[arm] PHI(0.1,T/2): solved=547/1024 eps_ss(8T)=0.4766 eps_ss(16T)=0.5703 p_last=0.1659 cov_last=0.2093 S_peak=16104 ops_resel=13248 (0.0s)
[arm] PHI(0.25,T/2): solved=597/1024 eps_ss(8T)=0.5781 eps_ss(16T)=0.6875 p_last=0.2124 cov_last=0.2182 S_peak=24728 ops_resel=14506 (0.0s)
[arm] PHI(0.5,T/2): solved=613/1024 eps_ss(8T)=0.6172 eps_ss(16T)=0.6484 p_last=0.2139 cov_last=0.2227 S_peak=31944 ops_resel=15744 (0.0s)
[arm] PHI(1.0,T/2): solved=625/1024 eps_ss(8T)=0.6016 eps_ss(16T)=0.7031 p_last=0.2320 cov_last=0.2317 S_peak=48048 ops_resel=17562 (0.0s)
[arm] RSWEEP-STATIC(r=4,T): solved=813/1024 eps_ss(8T)=0.8125 eps_ss(16T)=0.8359 p_last=0.3600 cov_last=0.3428 S_peak=22528 ops_resel=1684 (0.0s)
[arm] RSWEEP-RESEL-L(r=4,T): solved=835/1024 eps_ss(8T)=0.8047 eps_ss(16T)=0.9062 p_last=0.3800 cov_last=0.3704 S_peak=61776 ops_resel=34034 (0.0s)
[arm] RSWEEP-STATIC(r=4,T/2): solved=617/1024 eps_ss(8T)=0.6641 eps_ss(16T)=0.6484 p_last=0.2295 cov_last=0.2117 S_peak=22528 ops_resel=959 (0.0s)
[arm] RSWEEP-RESEL-L(r=4,T/2): solved=649/1024 eps_ss(8T)=0.6328 eps_ss(16T)=0.7422 p_last=0.2556 cov_last=0.2395 S_peak=54912 ops_resel=20244 (0.0s)
[arm] RSWEEP-STATIC(r=8,T): solved=816/1024 eps_ss(8T)=0.8047 eps_ss(16T)=0.8750 p_last=0.3784 cov_last=0.3552 S_peak=45056 ops_resel=2051 (0.0s)
[arm] RSWEEP-RESEL-L(r=8,T): solved=846/1024 eps_ss(8T)=0.8438 eps_ss(16T)=0.8906 p_last=0.3836 cov_last=0.3778 S_peak=76560 ops_resel=38258 (0.0s)
[arm] RSWEEP-STATIC(r=8,T/2): solved=668/1024 eps_ss(8T)=0.6719 eps_ss(16T)=0.7188 p_last=0.2442 cov_last=0.2385 S_peak=45056 ops_resel=1246 (0.0s)
[arm] RSWEEP-RESEL-L(r=8,T/2): solved=672/1024 eps_ss(8T)=0.6406 eps_ss(16T)=0.7578 p_last=0.2690 cov_last=0.2512 S_peak=71192 ops_resel=24025 (0.0s)
[arm] CAP(4T,T): solved=821/1024 eps_ss(8T)=0.7969 eps_ss(16T)=0.9141 p_last=0.3841 cov_last=0.3712 S_peak=26576 ops_resel=24918 (0.0s)
[arm] CAP(4T,T/2): solved=625/1024 eps_ss(8T)=0.6016 eps_ss(16T)=0.7031 p_last=0.2320 cov_last=0.2317 S_peak=25256 ops_resel=15026 (0.0s)
[arm] CAP(2T,T): solved=816/1024 eps_ss(8T)=0.7891 eps_ss(16T)=0.9141 p_last=0.3960 cov_last=0.3727 S_peak=16280 ops_resel=19966 (0.0s)
[arm] CAP(2T,T/2): solved=625/1024 eps_ss(8T)=0.6016 eps_ss(16T)=0.7031 p_last=0.2320 cov_last=0.2317 S_peak=15224 ops_resel=11974 (0.0s)
[arm] ORACLE(T/4): solved=507/1024 eps_ss(8T)=0.5078 eps_ss(16T)=0.5703 p_last=0.1571 cov_last=0.1588 S_peak=0 ops_resel=0 (0.0s)
[arm] ORACLE(T/2): solved=709/1024 eps_ss(8T)=0.7266 eps_ss(16T)=0.8125 p_last=0.3067 cov_last=0.2592 S_peak=0 ops_resel=0 (0.0s)
[arm] ORACLE(3T/4): solved=816/1024 eps_ss(8T)=0.8203 eps_ss(16T)=0.8984 p_last=0.3660 cov_last=0.3301 S_peak=0 ops_resel=0 (0.0s)
[arm] ORACLE(T): solved=880/1024 eps_ss(8T)=0.8750 eps_ss(16T)=0.9219 p_last=0.3851 cov_last=0.3859 S_peak=0 ops_resel=0 (0.0s)
[checks] {"round0_identity": {"RESEL-L(T/4)": true, "RESEL-L(T/2)": true, "RESEL-L(3T/4)": true, "RESEL-L(T)": true, "RESEL-U(T)": true, "RESEL-U(T/2)": true, "NULL-A(T)": true, "NULL-A(T/2)": true, "NULL-B(T)": true, "NULL-B(T/2)": true, "PHI(0.0,T/2)": true, "PHI(0.1,T/2)": true, "PHI(0.25,T/2)": true, "PHI(0.5,T/2)": true, "PHI(1.0,T/2)": true, "RSWEEP-RESEL-L(r=4,T)": true, "RSWEEP-RESEL-L(r=4,T/2)": true, "RSWEEP-RESEL-L(r=8,T)": true, "RSWEEP-RESEL-L(r=8,T/2)": true, "CAP(4T,T)": true, "CAP(4T,T/2)": true, "CAP(2T,T)": true, "CAP(2T,T/2)": true}, "bit_identity_all_rounds": {"NULL-B(T)": true, "NULL-B(T/2)": true, "PHI(0.0,T/2)": true}, "exceedance": {"RESEL-L(T/4)": {"any_exact_exceedance": false, "max_exact_minus_oracle": -0.03422260284423828, "max_sampled_minus_oracle": -0.0014025257323599105}, "RESEL-L(T/2)": {"any_exact_exceedance": false, "max_exact_minus_oracle": -0.027086257934570312, "max_sampled_minus_oracle": 0.033492367442061244}, "RESEL-L(3T/4)": {"any_exact_exceedance": false, "max_exact_minus_oracle": -0.016417503356933594, "max_sampled_minus_oracle": 0.03478387884191564}, "RESEL-L(T)": {"any_exact_exceedance": false, "max_exact_minus_oracle": -0.014696121215820312, "max_sampled_minus_oracle": 0.07501697540283203}, "RESEL-U(T)": {"any_exact_exceedance": false, "max_exact_minus_oracle": -0.004204750061035156, "max_sampled_minus_oracle": 0.07919575447259947}, "RESEL-U(T/2)": {"any_exact_exceedance": false, "max_exact_minus_oracle": -0.0071163177490234375, "max_sampled_minus_oracle": 0.09375061708338123}, "NULL-A(T)": {"any_exact_exceedance": false, "max_exact_minus_oracle": -0.10683059692382812, "max_sampled_minus_oracle": -0.10944993636187383}, "NULL-A(T/2)": {"any_exact_exceedance": false, "max_exact_minus_oracle": -0.07917976379394531, "max_sampled_minus_oracle": -0.07498003307141757}, "PHI(0.0,T/2)": {"any_exact_exceedance": false, "max_exact_minus_oracle": -0.07917976379394531, "max_sampled_minus_oracle": -0.062299367677362466}, "PHI(0.1,T/2)": {"any_exact_exceedance": false, "max_exact_minus_oracle": -0.04986858367919922, "max_sampled_minus_oracle": -0.005046912978367235}, "PHI(0.25,T/2)": {"any_exact_exceedance": false, "max_exact_minus_oracle": -0.03946113586425781, "max_sampled_minus_oracle": 0.02572564173011138}, "PHI(0.5,T/2)": {"any_exact_exceedance": false, "max_exact_minus_oracle": -0.036522865295410156, "max_sampled_minus_oracle": 0.015095154898507268}, "PHI(1.0,T/2)": {"any_exact_exceedance": false, "max_exact_minus_oracle": -0.027086257934570312, "max_sampled_minus_oracle": 0.033492367442061244}, "RSWEEP-RESEL-L(r=4,T)": {"any_exact_exceedance": false, "max_exact_minus_oracle": -0.015564918518066406, "max_sampled_minus_oracle": 0.07144381648810333}, "RSWEEP-RESEL-L(r=4,T/2)": {"any_exact_exceedance": false, "max_exact_minus_oracle": -0.01972484588623047, "max_sampled_minus_oracle": 0.04898554124172377}, "RSWEEP-RESEL-L(r=8,T)": {"any_exact_exceedance": false, "max_exact_minus_oracle": -0.00803375244140625, "max_sampled_minus_oracle": 0.07439693572029232}, "RSWEEP-RESEL-L(r=8,T/2)": {"any_exact_exceedance": false, "max_exact_minus_oracle": -0.007945060729980469, "max_sampled_minus_oracle": 0.05369287619561508}, "CAP(4T,T)": {"any_exact_exceedance": false, "max_exact_minus_oracle": -0.014696121215820312, "max_sampled_minus_oracle": 0.07501697540283203}, "CAP(4T,T/2)": {"any_exact_exceedance": false, "max_exact_minus_oracle": -0.027086257934570312, "max_sampled_minus_oracle": 0.033492367442061244}, "CAP(2T,T)": {"any_exact_exceedance": false, "max_exact_minus_oracle": -0.013232231140136719, "max_sampled_minus_oracle": 0.07077238878865882}, "CAP(2T,T/2)": {"any_exact_exceedance": false, "max_exact_minus_oracle": -0.027086257934570312, "max_sampled_minus_oracle": 0.033492367442061244}}, "phi1_equals_resel_l_T/2": true}
[done] 1.0s
