[      0s] main 30b c4210 ic_m4 subgroup table completed_valid t=0.0s
[      0s] main 30b c4210 ic_m4 small_x table completed_valid t=0.0s
[      0s] main 30b c4210 ic_m4 random_sub_r0 table completed_valid t=0.0s
[      0s] main 30b c4210 ic_m4 random_sub_r1 table completed_valid t=0.0s
[      0s] main 30b c4210 ic_m4 random_sub_r2 table completed_valid t=0.0s
[      0s] main 30b c4210 ic_m4 known_null_sub table completed_valid t=0.0s
[      0s] main 30b c4210 ic_m4 planted_sub table completed_valid t=0.0s
[      0s] main 30b c4210 ic_m4 small_x_offset table completed_valid t=0.0s
[      1s] main 30b c4211 ic_m4 subgroup table completed_valid t=0.0s
[      1s] main 30b c4211 ic_m4 small_x table completed_valid t=0.0s
[      1s] main 30b c4211 ic_m4 random_sub_r0 table completed_valid t=0.0s
[      1s] main 30b c4211 ic_m4 random_sub_r1 table completed_valid t=0.0s
[      1s] main 30b c4211 ic_m4 random_sub_r2 table completed_valid t=0.0s
[      1s] main 30b c4211 ic_m4 known_null_sub table completed_valid t=0.0s
[      1s] main 30b c4211 ic_m4 planted_sub table completed_valid t=0.0s
[      1s] main 30b c4211 ic_m4 small_x_offset table completed_valid t=0.0s
[      1s] main 30b c4212 ic_m4 subgroup table completed_valid t=0.0s
[      1s] main 30b c4212 ic_m4 small_x table completed_valid t=0.0s
[      1s] main 30b c4212 ic_m4 random_sub_r0 table completed_valid t=0.0s
[      1s] main 30b c4212 ic_m4 random_sub_r1 table completed_valid t=0.0s
[      1s] main 30b c4212 ic_m4 random_sub_r2 table completed_valid t=0.0s
[      1s] main 30b c4212 ic_m4 known_null_sub table completed_valid t=0.0s
[      1s] main 30b c4212 ic_m4 planted_sub table completed_valid t=0.0s
[      1s] main 30b c4212 ic_m4 small_x_offset table completed_valid t=0.0s
[      1s] main 30b c4213 ic_m4 subgroup table completed_valid t=0.0s
[      1s] main 30b c4213 ic_m4 small_x table completed_valid t=0.0s
[      1s] main 30b c4213 ic_m4 random_sub_r0 table completed_valid t=0.0s
[      1s] main 30b c4213 ic_m4 random_sub_r1 table completed_valid t=0.0s
[      1s] main 30b c4213 ic_m4 random_sub_r2 table completed_valid t=0.0s
[      1s] main 30b c4213 ic_m4 known_null_sub table completed_valid t=0.0s
[      1s] main 30b c4213 ic_m4 planted_sub table completed_valid t=0.0s
[      1s] main 30b c4213 ic_m4 small_x_offset table completed_valid t=0.0s
[      1s] main 30b c4214 ic_m4 subgroup table completed_valid t=0.0s
[      1s] main 30b c4214 ic_m4 small_x table completed_valid t=0.0s
[      1s] main 30b c4214 ic_m4 random_sub_r0 table completed_valid t=0.0s
[      1s] main 30b c4214 ic_m4 random_sub_r1 table completed_valid t=0.0s
[      1s] main 30b c4214 ic_m4 random_sub_r2 table completed_valid t=0.0s
[      1s] main 30b c4214 ic_m4 known_null_sub table completed_valid t=0.0s
[      1s] main 30b c4214 ic_m4 planted_sub table completed_valid t=0.0s
[      1s] main 30b c4214 ic_m4 small_x_offset table completed_valid t=0.0s
[      2s] main 30b c4215 ic_m4 subgroup table completed_valid t=0.0s
[      2s] main 30b c4215 ic_m4 small_x table completed_valid t=0.0s
[      2s] main 30b c4215 ic_m4 random_sub_r0 table completed_valid t=0.0s
[      2s] main 30b c4215 ic_m4 random_sub_r1 table completed_valid t=0.0s
[      2s] main 30b c4215 ic_m4 random_sub_r2 table completed_valid t=0.0s
[      2s] main 30b c4215 ic_m4 known_null_sub table completed_valid t=0.0s
[      2s] main 30b c4215 ic_m4 planted_sub table completed_valid t=0.0s
[      2s] main 30b c4215 ic_m4 small_x_offset table completed_valid t=0.0s
[      2s] main 30b c4216 ic_m4 subgroup table completed_valid t=0.0s
[      2s] main 30b c4216 ic_m4 small_x table completed_valid t=0.0s
[      2s] main 30b c4216 ic_m4 random_sub_r0 table completed_valid t=0.0s
[      2s] main 30b c4216 ic_m4 random_sub_r1 table completed_valid t=0.0s
[      2s] main 30b c4216 ic_m4 random_sub_r2 table completed_valid t=0.0s
[      2s] main 30b c4216 ic_m4 known_null_sub table completed_valid t=0.0s
[      2s] main 30b c4216 ic_m4 planted_sub table completed_valid t=0.0s
[      2s] main 30b c4216 ic_m4 small_x_offset table completed_valid t=0.0s
[      2s] main 30b c4217 ic_m4 subgroup table completed_valid t=0.0s
[      2s] main 30b c4217 ic_m4 small_x table completed_valid t=0.0s
[      2s] main 30b c4217 ic_m4 random_sub_r0 table completed_valid t=0.0s
[      2s] main 30b c4217 ic_m4 random_sub_r1 table completed_valid t=0.0s
[      2s] main 30b c4217 ic_m4 random_sub_r2 table completed_valid t=0.0s
[      2s] main 30b c4217 ic_m4 known_null_sub table completed_valid t=0.0s
[      2s] main 30b c4217 ic_m4 planted_sub table completed_valid t=0.0s
[      2s] main 30b c4217 ic_m4 small_x_offset table completed_valid t=0.0s
[      2s] main 30b c4218 ic_m4 subgroup table completed_valid t=0.0s
[      2s] main 30b c4218 ic_m4 small_x table completed_valid t=0.0s
[      2s] main 30b c4218 ic_m4 random_sub_r0 table completed_valid t=0.0s
[      2s] main 30b c4218 ic_m4 random_sub_r1 table completed_valid t=0.0s
[      2s] main 30b c4218 ic_m4 random_sub_r2 table completed_valid t=0.0s
[      2s] main 30b c4218 ic_m4 known_null_sub table completed_valid t=0.0s
[      2s] main 30b c4218 ic_m4 planted_sub table completed_valid t=0.0s
[      2s] main 30b c4218 ic_m4 small_x_offset table completed_valid t=0.0s
[      3s] main 30b c4219 ic_m4 subgroup table completed_valid t=0.0s
[      3s] main 30b c4219 ic_m4 small_x table completed_valid t=0.0s
[      3s] main 30b c4219 ic_m4 random_sub_r0 table completed_valid t=0.0s
[      3s] main 30b c4219 ic_m4 random_sub_r1 table completed_valid t=0.0s
[      3s] main 30b c4219 ic_m4 random_sub_r2 table completed_valid t=0.0s
[      3s] main 30b c4219 ic_m4 known_null_sub table completed_valid t=0.0s
[      3s] main 30b c4219 ic_m4 planted_sub table completed_valid t=0.0s
[      3s] main 30b c4219 ic_m4 small_x_offset table completed_valid t=0.0s
[      3s] main 30b c4220 ic_m4 subgroup table completed_valid t=0.0s
[      3s] main 30b c4220 ic_m4 small_x table completed_valid t=0.0s
[      3s] main 30b c4220 ic_m4 random_sub_r0 table completed_valid t=0.0s
[      3s] main 30b c4220 ic_m4 random_sub_r1 table completed_valid t=0.0s
[      3s] main 30b c4220 ic_m4 random_sub_r2 table completed_valid t=0.0s
[      3s] main 30b c4220 ic_m4 known_null_sub table completed_valid t=0.0s
[      3s] main 30b c4220 ic_m4 planted_sub table completed_valid t=0.0s
[      3s] main 30b c4220 ic_m4 small_x_offset table completed_valid t=0.0s
[      3s] main 30b c4221 ic_m4 subgroup table completed_valid t=0.0s
[      3s] main 30b c4221 ic_m4 small_x table completed_valid t=0.0s
[      3s] main 30b c4221 ic_m4 random_sub_r0 table completed_valid t=0.0s
[      3s] main 30b c4221 ic_m4 random_sub_r1 table completed_valid t=0.0s
[      3s] main 30b c4221 ic_m4 random_sub_r2 table completed_valid t=0.0s
[      3s] main 30b c4221 ic_m4 known_null_sub table completed_valid t=0.0s
[      3s] main 30b c4221 ic_m4 planted_sub table completed_valid t=0.0s
[      3s] main 30b c4221 ic_m4 small_x_offset table completed_valid t=0.0s
[      3s] main 30b c4222 ic_m4 subgroup table completed_valid t=0.0s
[      3s] main 30b c4222 ic_m4 small_x table completed_valid t=0.0s
[      3s] main 30b c4222 ic_m4 random_sub_r0 table completed_valid t=0.0s
[      3s] main 30b c4222 ic_m4 random_sub_r1 table completed_valid t=0.0s
[      3s] main 30b c4222 ic_m4 random_sub_r2 table completed_valid t=0.0s
[      3s] main 30b c4222 ic_m4 known_null_sub table completed_valid t=0.0s
[      3s] main 30b c4222 ic_m4 planted_sub table completed_valid t=0.0s
[      3s] main 30b c4222 ic_m4 small_x_offset table completed_valid t=0.0s
[      4s] main 30b c4223 ic_m4 subgroup table completed_valid t=0.0s
[      4s] main 30b c4223 ic_m4 small_x table completed_valid t=0.0s
[      4s] main 30b c4223 ic_m4 random_sub_r0 table completed_valid t=0.0s
[      4s] main 30b c4223 ic_m4 random_sub_r1 table completed_valid t=0.0s
[      4s] main 30b c4223 ic_m4 random_sub_r2 table completed_valid t=0.0s
[      4s] main 30b c4223 ic_m4 known_null_sub table completed_valid t=0.0s
[      4s] main 30b c4223 ic_m4 planted_sub table completed_valid t=0.0s
[      4s] main 30b c4223 ic_m4 small_x_offset table completed_valid t=0.0s
[      4s] main 30b c4224 ic_m4 subgroup table completed_valid t=0.0s
[      4s] main 30b c4224 ic_m4 small_x table completed_valid t=0.0s
[      4s] main 30b c4224 ic_m4 random_sub_r0 table completed_valid t=0.0s
[      4s] main 30b c4224 ic_m4 random_sub_r1 table completed_valid t=0.0s
[      4s] main 30b c4224 ic_m4 random_sub_r2 table completed_valid t=0.0s
[      4s] main 30b c4224 ic_m4 known_null_sub table completed_valid t=0.0s
[      4s] main 30b c4224 ic_m4 planted_sub table completed_valid t=0.0s
[      4s] main 30b c4224 ic_m4 small_x_offset table completed_valid t=0.0s
[      4s] main 30b c4225 ic_m4 subgroup table completed_valid t=0.0s
[      4s] main 30b c4225 ic_m4 small_x table completed_valid t=0.0s
[      4s] main 30b c4225 ic_m4 random_sub_r0 table completed_valid t=0.0s
[      4s] main 30b c4225 ic_m4 random_sub_r1 table completed_valid t=0.0s
[      4s] main 30b c4225 ic_m4 random_sub_r2 table completed_valid t=0.0s
[      4s] main 30b c4225 ic_m4 known_null_sub table completed_valid t=0.0s
[      4s] main 30b c4225 ic_m4 planted_sub table completed_valid t=0.0s
[      4s] main 30b c4225 ic_m4 small_x_offset table completed_valid t=0.0s
[      4s] main 30b c4226 ic_m4 subgroup table completed_valid t=0.0s
[      4s] main 30b c4226 ic_m4 small_x table completed_valid t=0.0s
[      4s] main 30b c4226 ic_m4 random_sub_r0 table completed_valid t=0.0s
[      4s] main 30b c4226 ic_m4 random_sub_r1 table completed_valid t=0.0s
[      4s] main 30b c4226 ic_m4 random_sub_r2 table completed_valid t=0.0s
[      4s] main 30b c4226 ic_m4 known_null_sub table completed_valid t=0.0s
[      4s] main 30b c4226 ic_m4 planted_sub table completed_valid t=0.0s
[      4s] main 30b c4226 ic_m4 small_x_offset table completed_valid t=0.0s
[      4s] main 30b c4227 ic_m4 subgroup table completed_valid t=0.0s
[      4s] main 30b c4227 ic_m4 small_x table completed_valid t=0.0s
[      4s] main 30b c4227 ic_m4 random_sub_r0 table completed_valid t=0.0s
[      4s] main 30b c4227 ic_m4 random_sub_r1 table completed_valid t=0.0s
[      4s] main 30b c4227 ic_m4 random_sub_r2 table completed_valid t=0.0s
[      4s] main 30b c4227 ic_m4 known_null_sub table completed_valid t=0.0s
[      4s] main 30b c4227 ic_m4 planted_sub table completed_valid t=0.0s
[      4s] main 30b c4227 ic_m4 small_x_offset table completed_valid t=0.0s
[      5s] main 30b c4228 ic_m4 subgroup table completed_valid t=0.0s
[      5s] main 30b c4228 ic_m4 small_x table completed_valid t=0.0s
[      5s] main 30b c4228 ic_m4 random_sub_r0 table completed_valid t=0.0s
[      5s] main 30b c4228 ic_m4 random_sub_r1 table completed_valid t=0.0s
[      5s] main 30b c4228 ic_m4 random_sub_r2 table completed_valid t=0.0s
[      5s] main 30b c4228 ic_m4 known_null_sub table completed_valid t=0.0s
[      5s] main 30b c4228 ic_m4 planted_sub table completed_valid t=0.0s
[      5s] main 30b c4228 ic_m4 small_x_offset table completed_valid t=0.0s
[      5s] main 30b c4229 ic_m4 subgroup table completed_valid t=0.0s
[      5s] main 30b c4229 ic_m4 small_x table completed_valid t=0.0s
[      5s] main 30b c4229 ic_m4 random_sub_r0 table completed_valid t=0.0s
[      5s] main 30b c4229 ic_m4 random_sub_r1 table completed_valid t=0.0s
[      5s] main 30b c4229 ic_m4 random_sub_r2 table completed_valid t=0.0s
[      5s] main 30b c4229 ic_m4 known_null_sub table completed_valid t=0.0s
[      5s] main 30b c4229 ic_m4 planted_sub table completed_valid t=0.0s
[      5s] main 30b c4229 ic_m4 small_x_offset table completed_valid t=0.0s
[      5s] main 30b c4230 ic_m4 subgroup table completed_valid t=0.0s
[      5s] main 30b c4230 ic_m4 small_x table completed_valid t=0.0s
[      5s] main 30b c4230 ic_m4 random_sub_r0 table completed_valid t=0.0s
[      5s] main 30b c4230 ic_m4 random_sub_r1 table completed_valid t=0.0s
[      5s] main 30b c4230 ic_m4 random_sub_r2 table completed_valid t=0.0s
[      5s] main 30b c4230 ic_m4 known_null_sub table completed_valid t=0.0s
[      5s] main 30b c4230 ic_m4 planted_sub table completed_valid t=0.0s
[      5s] main 30b c4230 ic_m4 small_x_offset table completed_valid t=0.0s
[      5s] main 30b c4231 ic_m4 subgroup table completed_valid t=0.0s
[      5s] main 30b c4231 ic_m4 small_x table completed_valid t=0.0s
[      5s] main 30b c4231 ic_m4 random_sub_r0 table completed_valid t=0.0s
[      5s] main 30b c4231 ic_m4 random_sub_r1 table completed_valid t=0.0s
[      5s] main 30b c4231 ic_m4 random_sub_r2 table completed_valid t=0.0s
[      5s] main 30b c4231 ic_m4 known_null_sub table completed_valid t=0.0s
[      5s] main 30b c4231 ic_m4 planted_sub table completed_valid t=0.0s
[      5s] main 30b c4231 ic_m4 small_x_offset table completed_valid t=0.0s
[      6s] main 30b c4232 ic_m4 subgroup table completed_valid t=0.0s
[      6s] main 30b c4232 ic_m4 small_x table completed_valid t=0.0s
[      6s] main 30b c4232 ic_m4 random_sub_r0 table completed_valid t=0.0s
[      6s] main 30b c4232 ic_m4 random_sub_r1 table completed_valid t=0.0s
[      6s] main 30b c4232 ic_m4 random_sub_r2 table completed_valid t=0.0s
[      6s] main 30b c4232 ic_m4 known_null_sub table completed_valid t=0.0s
[      6s] main 30b c4232 ic_m4 planted_sub table completed_valid t=0.0s
[      6s] main 30b c4232 ic_m4 small_x_offset table completed_valid t=0.0s
[      6s] main 30b c4233 ic_m4 subgroup table completed_valid t=0.0s
[      6s] main 30b c4233 ic_m4 small_x table completed_valid t=0.0s
[      6s] main 30b c4233 ic_m4 random_sub_r0 table completed_valid t=0.0s
[      6s] main 30b c4233 ic_m4 random_sub_r1 table completed_valid t=0.0s
[      6s] main 30b c4233 ic_m4 random_sub_r2 table completed_valid t=0.0s
[      6s] main 30b c4233 ic_m4 known_null_sub table completed_valid t=0.0s
[      6s] main 30b c4233 ic_m4 planted_sub table completed_valid t=0.0s
[      6s] main 30b c4233 ic_m4 small_x_offset table completed_valid t=0.0s
[      6s] main 30b c4234 ic_m4 subgroup table completed_valid t=0.0s
[      6s] main 30b c4234 ic_m4 small_x table completed_valid t=0.0s
[      6s] main 30b c4234 ic_m4 random_sub_r0 table completed_valid t=0.0s
[      6s] main 30b c4234 ic_m4 random_sub_r1 table completed_valid t=0.0s
[      6s] main 30b c4234 ic_m4 random_sub_r2 table completed_valid t=0.0s
[      6s] main 30b c4234 ic_m4 known_null_sub table completed_valid t=0.0s
[      6s] main 30b c4234 ic_m4 planted_sub table completed_valid t=0.0s
[      6s] main 30b c4234 ic_m4 small_x_offset table completed_valid t=0.0s
[      6s] main 30b c4235 ic_m4 subgroup table completed_valid t=0.0s
[      6s] main 30b c4235 ic_m4 small_x table completed_valid t=0.0s
[      6s] main 30b c4235 ic_m4 random_sub_r0 table completed_valid t=0.0s
[      6s] main 30b c4235 ic_m4 random_sub_r1 table completed_valid t=0.0s
[      6s] main 30b c4235 ic_m4 random_sub_r2 table completed_valid t=0.0s
[      6s] main 30b c4235 ic_m4 known_null_sub table completed_valid t=0.0s
[      6s] main 30b c4235 ic_m4 planted_sub table completed_valid t=0.0s
[      6s] main 30b c4235 ic_m4 small_x_offset table completed_valid t=0.0s
[      7s] main 30b c4236 ic_m4 subgroup table completed_valid t=0.0s
[      7s] main 30b c4236 ic_m4 small_x table completed_valid t=0.0s
[      7s] main 30b c4236 ic_m4 random_sub_r0 table completed_valid t=0.0s
[      7s] main 30b c4236 ic_m4 random_sub_r1 table completed_valid t=0.0s
[      7s] main 30b c4236 ic_m4 random_sub_r2 table completed_valid t=0.0s
[      7s] main 30b c4236 ic_m4 known_null_sub table completed_valid t=0.0s
[      7s] main 30b c4236 ic_m4 planted_sub table completed_valid t=0.0s
[      7s] main 30b c4236 ic_m4 small_x_offset table completed_valid t=0.0s
[      7s] main 30b c4237 ic_m4 subgroup table completed_valid t=0.0s
[      7s] main 30b c4237 ic_m4 small_x table completed_valid t=0.0s
[      7s] main 30b c4237 ic_m4 random_sub_r0 table completed_valid t=0.0s
[      7s] main 30b c4237 ic_m4 random_sub_r1 table completed_valid t=0.0s
[      7s] main 30b c4237 ic_m4 random_sub_r2 table completed_valid t=0.0s
[      7s] main 30b c4237 ic_m4 known_null_sub table completed_valid t=0.0s
[      7s] main 30b c4237 ic_m4 planted_sub table completed_valid t=0.0s
[      7s] main 30b c4237 ic_m4 small_x_offset table completed_valid t=0.0s
[      7s] main 30b c4238 ic_m4 subgroup table completed_valid t=0.0s
[      7s] main 30b c4238 ic_m4 small_x table completed_valid t=0.0s
[      7s] main 30b c4238 ic_m4 random_sub_r0 table completed_valid t=0.0s
[      7s] main 30b c4238 ic_m4 random_sub_r1 table completed_valid t=0.0s
[      7s] main 30b c4238 ic_m4 random_sub_r2 table completed_valid t=0.0s
[      7s] main 30b c4238 ic_m4 known_null_sub table completed_valid t=0.0s
[      7s] main 30b c4238 ic_m4 planted_sub table completed_valid t=0.0s
[      7s] main 30b c4238 ic_m4 small_x_offset table completed_valid t=0.0s
[      7s] main 30b c4239 ic_m4 subgroup table completed_valid t=0.0s
[      7s] main 30b c4239 ic_m4 small_x table completed_valid t=0.0s
[      7s] main 30b c4239 ic_m4 random_sub_r0 table completed_valid t=0.0s
[      7s] main 30b c4239 ic_m4 random_sub_r1 table completed_valid t=0.0s
[      7s] main 30b c4239 ic_m4 random_sub_r2 table completed_valid t=0.0s
[      7s] main 30b c4239 ic_m4 known_null_sub table completed_valid t=0.0s
[      7s] main 30b c4239 ic_m4 planted_sub table completed_valid t=0.0s
[      7s] main 30b c4239 ic_m4 small_x_offset table completed_valid t=0.0s
[      8s] main 30b c4240 ic_m4 subgroup table completed_valid t=0.0s
[      8s] main 30b c4240 ic_m4 small_x table completed_valid t=0.0s
[      8s] main 30b c4240 ic_m4 random_sub_r0 table completed_valid t=0.0s
[      8s] main 30b c4240 ic_m4 random_sub_r1 table completed_valid t=0.0s
[      8s] main 30b c4240 ic_m4 random_sub_r2 table completed_valid t=0.0s
[      8s] main 30b c4240 ic_m4 known_null_sub table completed_valid t=0.0s
[      8s] main 30b c4240 ic_m4 planted_sub table completed_valid t=0.0s
[      8s] main 30b c4240 ic_m4 small_x_offset table completed_valid t=0.0s
[      8s] main 30b c4241 ic_m4 subgroup table completed_valid t=0.0s
[      8s] main 30b c4241 ic_m4 small_x table completed_valid t=0.0s
[      8s] main 30b c4241 ic_m4 random_sub_r0 table completed_valid t=0.0s
[      8s] main 30b c4241 ic_m4 random_sub_r1 table completed_valid t=0.0s
[      8s] main 30b c4241 ic_m4 random_sub_r2 table completed_valid t=0.0s
[      8s] main 30b c4241 ic_m4 known_null_sub table completed_valid t=0.0s
[      8s] main 30b c4241 ic_m4 planted_sub table completed_valid t=0.0s
[      8s] main 30b c4241 ic_m4 small_x_offset table completed_valid t=0.0s
[      8s] main 30b c4242 ic_m4 subgroup table completed_valid t=0.0s
[      8s] main 30b c4242 ic_m4 small_x table completed_valid t=0.0s
[      8s] main 30b c4242 ic_m4 random_sub_r0 table completed_valid t=0.0s
[      8s] main 30b c4242 ic_m4 random_sub_r1 table completed_valid t=0.0s
[      8s] main 30b c4242 ic_m4 random_sub_r2 table completed_valid t=0.0s
[      8s] main 30b c4242 ic_m4 known_null_sub table completed_valid t=0.0s
[      8s] main 30b c4242 ic_m4 planted_sub table completed_valid t=0.0s
[      8s] main 30b c4242 ic_m4 small_x_offset table completed_valid t=0.0s
[      8s] main 30b c4243 ic_m4 subgroup table completed_valid t=0.0s
[      8s] main 30b c4243 ic_m4 small_x table completed_valid t=0.0s
[      8s] main 30b c4243 ic_m4 random_sub_r0 table completed_valid t=0.0s
[      8s] main 30b c4243 ic_m4 random_sub_r1 table completed_valid t=0.0s
[      8s] main 30b c4243 ic_m4 random_sub_r2 table completed_valid t=0.0s
[      8s] main 30b c4243 ic_m4 known_null_sub table completed_valid t=0.0s
[      8s] main 30b c4243 ic_m4 planted_sub table completed_valid t=0.0s
[      8s] main 30b c4243 ic_m4 small_x_offset table completed_valid t=0.0s
[      9s] main 30b c4244 ic_m4 subgroup table completed_valid t=0.0s
[      9s] main 30b c4244 ic_m4 small_x table completed_valid t=0.0s
[      9s] main 30b c4244 ic_m4 random_sub_r0 table completed_valid t=0.0s
[      9s] main 30b c4244 ic_m4 random_sub_r1 table completed_valid t=0.0s
[      9s] main 30b c4244 ic_m4 random_sub_r2 table completed_valid t=0.0s
[      9s] main 30b c4244 ic_m4 known_null_sub table completed_valid t=0.0s
[      9s] main 30b c4244 ic_m4 planted_sub table completed_valid t=0.0s
[      9s] main 30b c4244 ic_m4 small_x_offset table completed_valid t=0.0s
[      9s] main 30b c4245 ic_m4 subgroup table completed_valid t=0.0s
[      9s] main 30b c4245 ic_m4 small_x table completed_valid t=0.0s
[      9s] main 30b c4245 ic_m4 random_sub_r0 table completed_valid t=0.0s
[      9s] main 30b c4245 ic_m4 random_sub_r1 table completed_valid t=0.0s
[      9s] main 30b c4245 ic_m4 random_sub_r2 table completed_valid t=0.0s
[      9s] main 30b c4245 ic_m4 known_null_sub table completed_valid t=0.0s
[      9s] main 30b c4245 ic_m4 planted_sub table completed_valid t=0.0s
[      9s] main 30b c4245 ic_m4 small_x_offset table completed_valid t=0.0s
[      9s] main 30b c4246 ic_m4 subgroup table completed_valid t=0.0s
[      9s] main 30b c4246 ic_m4 small_x table completed_valid t=0.0s
[      9s] main 30b c4246 ic_m4 random_sub_r0 table completed_valid t=0.0s
[      9s] main 30b c4246 ic_m4 random_sub_r1 table completed_valid t=0.0s
[      9s] main 30b c4246 ic_m4 random_sub_r2 table completed_valid t=0.0s
[      9s] main 30b c4246 ic_m4 known_null_sub table completed_valid t=0.0s
[      9s] main 30b c4246 ic_m4 planted_sub table completed_valid t=0.0s
[      9s] main 30b c4246 ic_m4 small_x_offset table completed_valid t=0.0s
[      9s] main 30b c4247 ic_m4 subgroup table completed_valid t=0.0s
[      9s] main 30b c4247 ic_m4 small_x table completed_valid t=0.0s
[      9s] main 30b c4247 ic_m4 random_sub_r0 table completed_valid t=0.0s
[      9s] main 30b c4247 ic_m4 random_sub_r1 table completed_valid t=0.0s
[      9s] main 30b c4247 ic_m4 random_sub_r2 table completed_valid t=0.0s
[      9s] main 30b c4247 ic_m4 known_null_sub table completed_valid t=0.0s
[      9s] main 30b c4247 ic_m4 planted_sub table completed_valid t=0.0s
[      9s] main 30b c4247 ic_m4 small_x_offset table completed_valid t=0.0s
[      9s] main 30b c4248 ic_m4 subgroup table completed_valid t=0.0s
[      9s] main 30b c4248 ic_m4 small_x table completed_valid t=0.0s
[      9s] main 30b c4248 ic_m4 random_sub_r0 table completed_valid t=0.0s
[      9s] main 30b c4248 ic_m4 random_sub_r1 table completed_valid t=0.0s
[      9s] main 30b c4248 ic_m4 random_sub_r2 table completed_valid t=0.0s
[      9s] main 30b c4248 ic_m4 known_null_sub table completed_valid t=0.0s
[      9s] main 30b c4248 ic_m4 planted_sub table completed_valid t=0.0s
[      9s] main 30b c4248 ic_m4 small_x_offset table completed_valid t=0.0s
[     10s] main 30b c4249 ic_m4 subgroup table completed_valid t=0.0s
[     10s] main 30b c4249 ic_m4 small_x table completed_valid t=0.0s
[     10s] main 30b c4249 ic_m4 random_sub_r0 table completed_valid t=0.0s
[     10s] main 30b c4249 ic_m4 random_sub_r1 table completed_valid t=0.0s
[     10s] main 30b c4249 ic_m4 random_sub_r2 table completed_valid t=0.0s
[     10s] main 30b c4249 ic_m4 known_null_sub table completed_valid t=0.0s
[     10s] main 30b c4249 ic_m4 planted_sub table completed_valid t=0.0s
[     10s] main 30b c4249 ic_m4 small_x_offset table completed_valid t=0.0s
[     10s] main 30b c4250 ic_m4 subgroup table completed_valid t=0.0s
[     10s] main 30b c4250 ic_m4 small_x table completed_valid t=0.0s
[     10s] main 30b c4250 ic_m4 random_sub_r0 table completed_valid t=0.0s
[     10s] main 30b c4250 ic_m4 random_sub_r1 table completed_valid t=0.0s
[     10s] main 30b c4250 ic_m4 random_sub_r2 table completed_valid t=0.0s
[     10s] main 30b c4250 ic_m4 known_null_sub table completed_valid t=0.0s
[     10s] main 30b c4250 ic_m4 planted_sub table completed_valid t=0.0s
[     10s] main 30b c4250 ic_m4 small_x_offset table completed_valid t=0.0s
[     10s] main 30b c4251 ic_m4 subgroup table completed_valid t=0.0s
[     10s] main 30b c4251 ic_m4 small_x table completed_valid t=0.0s
[     10s] main 30b c4251 ic_m4 random_sub_r0 table completed_valid t=0.0s
[     10s] main 30b c4251 ic_m4 random_sub_r1 table completed_valid t=0.0s
[     10s] main 30b c4251 ic_m4 random_sub_r2 table completed_valid t=0.0s
[     10s] main 30b c4251 ic_m4 known_null_sub table completed_valid t=0.0s
[     10s] main 30b c4251 ic_m4 planted_sub table completed_valid t=0.0s
[     10s] main 30b c4251 ic_m4 small_x_offset table completed_valid t=0.0s
[     11s] main 30b c4252 ic_m4 subgroup table completed_valid t=0.0s
[     11s] main 30b c4252 ic_m4 small_x table completed_valid t=0.0s
[     11s] main 30b c4252 ic_m4 random_sub_r0 table completed_valid t=0.0s
[     11s] main 30b c4252 ic_m4 random_sub_r1 table completed_valid t=0.0s
[     11s] main 30b c4252 ic_m4 random_sub_r2 table completed_valid t=0.0s
[     11s] main 30b c4252 ic_m4 known_null_sub table completed_valid t=0.0s
[     11s] main 30b c4252 ic_m4 planted_sub table completed_valid t=0.0s
[     11s] main 30b c4252 ic_m4 small_x_offset table completed_valid t=0.0s
[     11s] main 30b c4253 ic_m4 subgroup table completed_valid t=0.0s
[     11s] main 30b c4253 ic_m4 small_x table completed_valid t=0.0s
[     11s] main 30b c4253 ic_m4 random_sub_r0 table completed_valid t=0.0s
[     11s] main 30b c4253 ic_m4 random_sub_r1 table completed_valid t=0.0s
[     11s] main 30b c4253 ic_m4 random_sub_r2 table completed_valid t=0.0s
[     11s] main 30b c4253 ic_m4 known_null_sub table completed_valid t=0.0s
[     11s] main 30b c4253 ic_m4 planted_sub table completed_valid t=0.0s
[     11s] main 30b c4253 ic_m4 small_x_offset table completed_valid t=0.0s
[     11s] main 30b c4254 ic_m4 subgroup table completed_valid t=0.0s
[     11s] main 30b c4254 ic_m4 small_x table completed_valid t=0.0s
[     11s] main 30b c4254 ic_m4 random_sub_r0 table completed_valid t=0.0s
[     11s] main 30b c4254 ic_m4 random_sub_r1 table completed_valid t=0.0s
[     11s] main 30b c4254 ic_m4 random_sub_r2 table completed_valid t=0.0s
[     11s] main 30b c4254 ic_m4 known_null_sub table completed_valid t=0.0s
[     11s] main 30b c4254 ic_m4 planted_sub table completed_valid t=0.0s
[     11s] main 30b c4254 ic_m4 small_x_offset table completed_valid t=0.0s
[     11s] main 30b c4255 ic_m4 subgroup table completed_valid t=0.0s
[     11s] main 30b c4255 ic_m4 small_x table completed_valid t=0.0s
[     11s] main 30b c4255 ic_m4 random_sub_r0 table completed_valid t=0.0s
[     11s] main 30b c4255 ic_m4 random_sub_r1 table completed_valid t=0.0s
[     11s] main 30b c4255 ic_m4 random_sub_r2 table completed_valid t=0.0s
[     11s] main 30b c4255 ic_m4 known_null_sub table completed_valid t=0.0s
[     11s] main 30b c4255 ic_m4 planted_sub table completed_valid t=0.0s
[     11s] main 30b c4255 ic_m4 small_x_offset table completed_valid t=0.0s
[     12s] main 30b c4256 ic_m4 subgroup table completed_valid t=0.0s
[     12s] main 30b c4256 ic_m4 small_x table completed_valid t=0.0s
[     12s] main 30b c4256 ic_m4 random_sub_r0 table completed_valid t=0.0s
[     12s] main 30b c4256 ic_m4 random_sub_r1 table completed_valid t=0.0s
[     12s] main 30b c4256 ic_m4 random_sub_r2 table completed_valid t=0.0s
[     12s] main 30b c4256 ic_m4 known_null_sub table completed_valid t=0.0s
[     12s] main 30b c4256 ic_m4 planted_sub table completed_valid t=0.0s
[     12s] main 30b c4256 ic_m4 small_x_offset table completed_valid t=0.0s
[     12s] main 30b c4257 ic_m4 subgroup table completed_valid t=0.0s
[     12s] main 30b c4257 ic_m4 small_x table completed_valid t=0.0s
[     12s] main 30b c4257 ic_m4 random_sub_r0 table completed_valid t=0.0s
[     12s] main 30b c4257 ic_m4 random_sub_r1 table completed_valid t=0.0s
[     12s] main 30b c4257 ic_m4 random_sub_r2 table completed_valid t=0.0s
[     12s] main 30b c4257 ic_m4 known_null_sub table completed_valid t=0.0s
[     12s] main 30b c4257 ic_m4 planted_sub table completed_valid t=0.0s
[     12s] main 30b c4257 ic_m4 small_x_offset table completed_valid t=0.0s
[     12s] main 30b c4258 ic_m4 subgroup table completed_valid t=0.0s
[     12s] main 30b c4258 ic_m4 small_x table completed_valid t=0.0s
[     12s] main 30b c4258 ic_m4 random_sub_r0 table completed_valid t=0.0s
[     12s] main 30b c4258 ic_m4 random_sub_r1 table completed_valid t=0.0s
[     12s] main 30b c4258 ic_m4 random_sub_r2 table completed_valid t=0.0s
[     12s] main 30b c4258 ic_m4 known_null_sub table completed_valid t=0.0s
[     12s] main 30b c4258 ic_m4 planted_sub table completed_valid t=0.0s
[     12s] main 30b c4258 ic_m4 small_x_offset table completed_valid t=0.0s
[     12s] main 30b c4259 ic_m4 subgroup table completed_valid t=0.0s
[     12s] main 30b c4259 ic_m4 small_x table completed_valid t=0.0s
[     12s] main 30b c4259 ic_m4 random_sub_r0 table completed_valid t=0.0s
[     12s] main 30b c4259 ic_m4 random_sub_r1 table completed_valid t=0.0s
[     12s] main 30b c4259 ic_m4 random_sub_r2 table completed_valid t=0.0s
[     12s] main 30b c4259 ic_m4 known_null_sub table completed_valid t=0.0s
[     12s] main 30b c4259 ic_m4 planted_sub table completed_valid t=0.0s
[     12s] main 30b c4259 ic_m4 small_x_offset table completed_valid t=0.0s
[     13s] main 30b c4260 ic_m4 subgroup table completed_valid t=0.0s
[     13s] main 30b c4260 ic_m4 small_x table completed_valid t=0.0s
[     13s] main 30b c4260 ic_m4 random_sub_r0 table completed_valid t=0.0s
[     13s] main 30b c4260 ic_m4 random_sub_r1 table completed_valid t=0.0s
[     13s] main 30b c4260 ic_m4 random_sub_r2 table completed_valid t=0.0s
[     13s] main 30b c4260 ic_m4 known_null_sub table completed_valid t=0.0s
[     13s] main 30b c4260 ic_m4 planted_sub table completed_valid t=0.0s
[     13s] main 30b c4260 ic_m4 small_x_offset table completed_valid t=0.0s
[     13s] main 30b c4261 ic_m4 subgroup table completed_valid t=0.0s
[     13s] main 30b c4261 ic_m4 small_x table completed_valid t=0.0s
[     13s] main 30b c4261 ic_m4 random_sub_r0 table completed_valid t=0.0s
[     13s] main 30b c4261 ic_m4 random_sub_r1 table completed_valid t=0.0s
[     13s] main 30b c4261 ic_m4 random_sub_r2 table completed_valid t=0.0s
[     13s] main 30b c4261 ic_m4 known_null_sub table completed_valid t=0.0s
[     13s] main 30b c4261 ic_m4 planted_sub table completed_valid t=0.0s
[     13s] main 30b c4261 ic_m4 small_x_offset table completed_valid t=0.0s
[     13s] main 30b c4262 ic_m4 subgroup table completed_valid t=0.0s
[     13s] main 30b c4262 ic_m4 small_x table completed_valid t=0.0s
[     13s] main 30b c4262 ic_m4 random_sub_r0 table completed_valid t=0.0s
[     13s] main 30b c4262 ic_m4 random_sub_r1 table completed_valid t=0.0s
[     13s] main 30b c4262 ic_m4 random_sub_r2 table completed_valid t=0.0s
[     13s] main 30b c4262 ic_m4 known_null_sub table completed_valid t=0.0s
[     13s] main 30b c4262 ic_m4 planted_sub table completed_valid t=0.0s
[     13s] main 30b c4262 ic_m4 small_x_offset table completed_valid t=0.0s
[     13s] main 30b c4263 ic_m4 subgroup table completed_valid t=0.0s
[     13s] main 30b c4263 ic_m4 small_x table completed_valid t=0.0s
[     13s] main 30b c4263 ic_m4 random_sub_r0 table completed_valid t=0.0s
[     13s] main 30b c4263 ic_m4 random_sub_r1 table completed_valid t=0.0s
[     13s] main 30b c4263 ic_m4 random_sub_r2 table completed_valid t=0.0s
[     13s] main 30b c4263 ic_m4 known_null_sub table completed_valid t=0.0s
[     13s] main 30b c4263 ic_m4 planted_sub table completed_valid t=0.0s
[     13s] main 30b c4263 ic_m4 small_x_offset table completed_valid t=0.0s
[     14s] main 30b c4264 ic_m4 subgroup table completed_valid t=0.0s
[     14s] main 30b c4264 ic_m4 small_x table completed_valid t=0.0s
[     14s] main 30b c4264 ic_m4 random_sub_r0 table completed_valid t=0.0s
[     14s] main 30b c4264 ic_m4 random_sub_r1 table completed_valid t=0.0s
[     14s] main 30b c4264 ic_m4 random_sub_r2 table completed_valid t=0.0s
[     14s] main 30b c4264 ic_m4 known_null_sub table completed_valid t=0.0s
[     14s] main 30b c4264 ic_m4 planted_sub table completed_valid t=0.0s
[     14s] main 30b c4264 ic_m4 small_x_offset table completed_valid t=0.0s
[     14s] main 30b c4265 ic_m4 subgroup table completed_valid t=0.0s
[     14s] main 30b c4265 ic_m4 small_x table completed_valid t=0.0s
[     14s] main 30b c4265 ic_m4 random_sub_r0 table completed_valid t=0.0s
[     14s] main 30b c4265 ic_m4 random_sub_r1 table completed_valid t=0.0s
[     14s] main 30b c4265 ic_m4 random_sub_r2 table completed_valid t=0.0s
[     14s] main 30b c4265 ic_m4 known_null_sub table completed_valid t=0.0s
[     14s] main 30b c4265 ic_m4 planted_sub table completed_valid t=0.0s
[     14s] main 30b c4265 ic_m4 small_x_offset table completed_valid t=0.0s
[     14s] main 30b c4266 ic_m4 subgroup table completed_valid t=0.0s
[     14s] main 30b c4266 ic_m4 small_x table completed_valid t=0.0s
[     14s] main 30b c4266 ic_m4 random_sub_r0 table completed_valid t=0.0s
[     14s] main 30b c4266 ic_m4 random_sub_r1 table completed_valid t=0.0s
[     14s] main 30b c4266 ic_m4 random_sub_r2 table completed_valid t=0.0s
[     14s] main 30b c4266 ic_m4 known_null_sub table completed_valid t=0.0s
[     14s] main 30b c4266 ic_m4 planted_sub table completed_valid t=0.0s
[     14s] main 30b c4266 ic_m4 small_x_offset table completed_valid t=0.0s
[     14s] main 30b c4267 ic_m4 subgroup table completed_valid t=0.0s
[     14s] main 30b c4267 ic_m4 small_x table completed_valid t=0.0s
[     14s] main 30b c4267 ic_m4 random_sub_r0 table completed_valid t=0.0s
[     14s] main 30b c4267 ic_m4 random_sub_r1 table completed_valid t=0.0s
[     14s] main 30b c4267 ic_m4 random_sub_r2 table completed_valid t=0.0s
[     14s] main 30b c4267 ic_m4 known_null_sub table completed_valid t=0.0s
[     14s] main 30b c4267 ic_m4 planted_sub table completed_valid t=0.0s
[     14s] main 30b c4267 ic_m4 small_x_offset table completed_valid t=0.0s
[     15s] main 30b c4268 ic_m4 subgroup table completed_valid t=0.0s
[     15s] main 30b c4268 ic_m4 small_x table completed_valid t=0.0s
[     15s] main 30b c4268 ic_m4 random_sub_r0 table completed_valid t=0.0s
[     15s] main 30b c4268 ic_m4 random_sub_r1 table completed_valid t=0.0s
[     15s] main 30b c4268 ic_m4 random_sub_r2 table completed_valid t=0.0s
[     15s] main 30b c4268 ic_m4 known_null_sub table completed_valid t=0.0s
[     15s] main 30b c4268 ic_m4 planted_sub table completed_valid t=0.0s
[     15s] main 30b c4268 ic_m4 small_x_offset table completed_valid t=0.0s
[     15s] main 30b c4269 ic_m4 subgroup table completed_valid t=0.0s
[     15s] main 30b c4269 ic_m4 small_x table completed_valid t=0.0s
[     15s] main 30b c4269 ic_m4 random_sub_r0 table completed_valid t=0.0s
[     15s] main 30b c4269 ic_m4 random_sub_r1 table completed_valid t=0.0s
[     15s] main 30b c4269 ic_m4 random_sub_r2 table completed_valid t=0.0s
[     15s] main 30b c4269 ic_m4 known_null_sub table completed_valid t=0.0s
[     15s] main 30b c4269 ic_m4 planted_sub table completed_valid t=0.0s
[     15s] main 30b c4269 ic_m4 small_x_offset table completed_valid t=0.0s
[     15s] main 30b c4270 ic_m4 subgroup table completed_valid t=0.0s
[     15s] main 30b c4270 ic_m4 small_x table completed_valid t=0.0s
[     15s] main 30b c4270 ic_m4 random_sub_r0 table completed_valid t=0.0s
[     15s] main 30b c4270 ic_m4 random_sub_r1 table completed_valid t=0.0s
[     15s] main 30b c4270 ic_m4 random_sub_r2 table completed_valid t=0.0s
[     15s] main 30b c4270 ic_m4 known_null_sub table completed_valid t=0.0s
[     15s] main 30b c4270 ic_m4 planted_sub table completed_valid t=0.0s
[     15s] main 30b c4270 ic_m4 small_x_offset table completed_valid t=0.0s
[     15s] main 30b c4271 ic_m4 subgroup table completed_valid t=0.0s
[     15s] main 30b c4271 ic_m4 small_x table completed_valid t=0.0s
[     15s] main 30b c4271 ic_m4 random_sub_r0 table completed_valid t=0.0s
[     15s] main 30b c4271 ic_m4 random_sub_r1 table completed_valid t=0.0s
[     15s] main 30b c4271 ic_m4 random_sub_r2 table completed_valid t=0.0s
[     15s] main 30b c4271 ic_m4 known_null_sub table completed_valid t=0.0s
[     15s] main 30b c4271 ic_m4 planted_sub table completed_valid t=0.0s
[     15s] main 30b c4271 ic_m4 small_x_offset table completed_valid t=0.0s
[     15s] main 30b c4272 ic_m4 subgroup table completed_valid t=0.0s
[     15s] main 30b c4272 ic_m4 small_x table completed_valid t=0.0s
[     15s] main 30b c4272 ic_m4 random_sub_r0 table completed_valid t=0.0s
[     15s] main 30b c4272 ic_m4 random_sub_r1 table completed_valid t=0.0s
[     15s] main 30b c4272 ic_m4 random_sub_r2 table completed_valid t=0.0s
[     15s] main 30b c4272 ic_m4 known_null_sub table completed_valid t=0.0s
[     15s] main 30b c4272 ic_m4 planted_sub table completed_valid t=0.0s
[     15s] main 30b c4272 ic_m4 small_x_offset table completed_valid t=0.0s
[     16s] main 30b c4273 ic_m4 subgroup table completed_valid t=0.0s
[     16s] main 30b c4273 ic_m4 small_x table completed_valid t=0.0s
[     16s] main 30b c4273 ic_m4 random_sub_r0 table completed_valid t=0.0s
[     16s] main 30b c4273 ic_m4 random_sub_r1 table completed_valid t=0.0s
[     16s] main 30b c4273 ic_m4 random_sub_r2 table completed_valid t=0.0s
[     16s] main 30b c4273 ic_m4 known_null_sub table completed_valid t=0.0s
[     16s] main 30b c4273 ic_m4 planted_sub table completed_valid t=0.0s
[     16s] main 30b c4273 ic_m4 small_x_offset table completed_valid t=0.0s
[     16s] main 30b c4274 ic_m4 subgroup table completed_valid t=0.0s
[     16s] main 30b c4274 ic_m4 small_x table completed_valid t=0.0s
[     16s] main 30b c4274 ic_m4 random_sub_r0 table completed_valid t=0.0s
[     16s] main 30b c4274 ic_m4 random_sub_r1 table completed_valid t=0.0s
[     16s] main 30b c4274 ic_m4 random_sub_r2 table completed_valid t=0.0s
[     16s] main 30b c4274 ic_m4 known_null_sub table completed_valid t=0.0s
[     16s] main 30b c4274 ic_m4 planted_sub table completed_valid t=0.0s
[     16s] main 30b c4274 ic_m4 small_x_offset table completed_valid t=0.0s
[     16s] main 30b c4275 ic_m4 subgroup table completed_valid t=0.0s
[     16s] main 30b c4275 ic_m4 small_x table completed_valid t=0.0s
[     16s] main 30b c4275 ic_m4 random_sub_r0 table completed_valid t=0.0s
[     16s] main 30b c4275 ic_m4 random_sub_r1 table completed_valid t=0.0s
[     16s] main 30b c4275 ic_m4 random_sub_r2 table completed_valid t=0.0s
[     16s] main 30b c4275 ic_m4 known_null_sub table completed_valid t=0.0s
[     16s] main 30b c4275 ic_m4 planted_sub table completed_valid t=0.0s
[     16s] main 30b c4275 ic_m4 small_x_offset table completed_valid t=0.0s
[     16s] main 30b c4276 ic_m4 subgroup table completed_valid t=0.0s
[     16s] main 30b c4276 ic_m4 small_x table completed_valid t=0.0s
[     16s] main 30b c4276 ic_m4 random_sub_r0 table completed_valid t=0.0s
[     16s] main 30b c4276 ic_m4 random_sub_r1 table completed_valid t=0.0s
[     16s] main 30b c4276 ic_m4 random_sub_r2 table completed_valid t=0.0s
[     16s] main 30b c4276 ic_m4 known_null_sub table completed_valid t=0.0s
[     16s] main 30b c4276 ic_m4 planted_sub table completed_valid t=0.0s
[     16s] main 30b c4276 ic_m4 small_x_offset table completed_valid t=0.0s
[     16s] main 30b c4277 ic_m4 subgroup table completed_valid t=0.0s
[     16s] main 30b c4277 ic_m4 small_x table completed_valid t=0.0s
[     16s] main 30b c4277 ic_m4 random_sub_r0 table completed_valid t=0.0s
[     16s] main 30b c4277 ic_m4 random_sub_r1 table completed_valid t=0.0s
[     16s] main 30b c4277 ic_m4 random_sub_r2 table completed_valid t=0.0s
[     16s] main 30b c4277 ic_m4 known_null_sub table completed_valid t=0.0s
[     16s] main 30b c4277 ic_m4 planted_sub table completed_valid t=0.0s
[     16s] main 30b c4277 ic_m4 small_x_offset table completed_valid t=0.0s
[     17s] main 30b c4278 ic_m4 subgroup table completed_valid t=0.0s
[     17s] main 30b c4278 ic_m4 small_x table completed_valid t=0.0s
[     17s] main 30b c4278 ic_m4 random_sub_r0 table completed_valid t=0.0s
[     17s] main 30b c4278 ic_m4 random_sub_r1 table completed_valid t=0.0s
[     17s] main 30b c4278 ic_m4 random_sub_r2 table completed_valid t=0.0s
[     17s] main 30b c4278 ic_m4 known_null_sub table completed_valid t=0.0s
[     17s] main 30b c4278 ic_m4 planted_sub table completed_valid t=0.0s
[     17s] main 30b c4278 ic_m4 small_x_offset table completed_valid t=0.0s
[     17s] main 30b c4279 ic_m4 subgroup table completed_valid t=0.0s
[     17s] main 30b c4279 ic_m4 small_x table completed_valid t=0.0s
[     17s] main 30b c4279 ic_m4 random_sub_r0 table completed_valid t=0.0s
[     17s] main 30b c4279 ic_m4 random_sub_r1 table completed_valid t=0.0s
[     17s] main 30b c4279 ic_m4 random_sub_r2 table completed_valid t=0.0s
[     17s] main 30b c4279 ic_m4 known_null_sub table completed_valid t=0.0s
[     17s] main 30b c4279 ic_m4 planted_sub table completed_valid t=0.0s
[     17s] main 30b c4279 ic_m4 small_x_offset table completed_valid t=0.0s
[     17s] main 30b c4280 ic_m4 subgroup table completed_valid t=0.0s
[     17s] main 30b c4280 ic_m4 small_x table completed_valid t=0.0s
[     17s] main 30b c4280 ic_m4 random_sub_r0 table completed_valid t=0.0s
[     17s] main 30b c4280 ic_m4 random_sub_r1 table completed_valid t=0.0s
[     17s] main 30b c4280 ic_m4 random_sub_r2 table completed_valid t=0.0s
[     17s] main 30b c4280 ic_m4 known_null_sub table completed_valid t=0.0s
[     17s] main 30b c4280 ic_m4 planted_sub table completed_valid t=0.0s
[     17s] main 30b c4280 ic_m4 small_x_offset table completed_valid t=0.0s
[     17s] main 30b c4281 ic_m4 subgroup table completed_valid t=0.0s
[     17s] main 30b c4281 ic_m4 small_x table completed_valid t=0.0s
[     17s] main 30b c4281 ic_m4 random_sub_r0 table completed_valid t=0.0s
[     17s] main 30b c4281 ic_m4 random_sub_r1 table completed_valid t=0.0s
[     17s] main 30b c4281 ic_m4 random_sub_r2 table completed_valid t=0.0s
[     17s] main 30b c4281 ic_m4 known_null_sub table completed_valid t=0.0s
[     17s] main 30b c4281 ic_m4 planted_sub table completed_valid t=0.0s
[     17s] main 30b c4281 ic_m4 small_x_offset table completed_valid t=0.0s
[     18s] main 30b c4282 ic_m4 subgroup table completed_valid t=0.0s
[     18s] main 30b c4282 ic_m4 small_x table completed_valid t=0.0s
[     18s] main 30b c4282 ic_m4 random_sub_r0 table completed_valid t=0.0s
[     18s] main 30b c4282 ic_m4 random_sub_r1 table completed_valid t=0.0s
[     18s] main 30b c4282 ic_m4 random_sub_r2 table completed_valid t=0.0s
[     18s] main 30b c4282 ic_m4 known_null_sub table completed_valid t=0.0s
[     18s] main 30b c4282 ic_m4 planted_sub table completed_valid t=0.0s
[     18s] main 30b c4282 ic_m4 small_x_offset table completed_valid t=0.0s
[     18s] main 30b c4283 ic_m4 subgroup table completed_valid t=0.0s
[     18s] main 30b c4283 ic_m4 small_x table completed_valid t=0.0s
[     18s] main 30b c4283 ic_m4 random_sub_r0 table completed_valid t=0.0s
[     18s] main 30b c4283 ic_m4 random_sub_r1 table completed_valid t=0.0s
[     18s] main 30b c4283 ic_m4 random_sub_r2 table completed_valid t=0.0s
[     18s] main 30b c4283 ic_m4 known_null_sub table completed_valid t=0.0s
[     18s] main 30b c4283 ic_m4 planted_sub table completed_valid t=0.0s
[     18s] main 30b c4283 ic_m4 small_x_offset table completed_valid t=0.0s
[     18s] main 30b c4284 ic_m4 subgroup table completed_valid t=0.0s
[     18s] main 30b c4284 ic_m4 small_x table completed_valid t=0.0s
[     18s] main 30b c4284 ic_m4 random_sub_r0 table completed_valid t=0.0s
[     18s] main 30b c4284 ic_m4 random_sub_r1 table completed_valid t=0.0s
[     18s] main 30b c4284 ic_m4 random_sub_r2 table completed_valid t=0.0s
[     18s] main 30b c4284 ic_m4 known_null_sub table completed_valid t=0.0s
[     18s] main 30b c4284 ic_m4 planted_sub table completed_valid t=0.0s
[     18s] main 30b c4284 ic_m4 small_x_offset table completed_valid t=0.0s
[     18s] main 30b c4285 ic_m4 subgroup table completed_valid t=0.0s
[     18s] main 30b c4285 ic_m4 small_x table completed_valid t=0.0s
[     18s] main 30b c4285 ic_m4 random_sub_r0 table completed_valid t=0.0s
[     18s] main 30b c4285 ic_m4 random_sub_r1 table completed_valid t=0.0s
[     18s] main 30b c4285 ic_m4 random_sub_r2 table completed_valid t=0.0s
[     18s] main 30b c4285 ic_m4 known_null_sub table completed_valid t=0.0s
[     18s] main 30b c4285 ic_m4 planted_sub table completed_valid t=0.0s
[     18s] main 30b c4285 ic_m4 small_x_offset table completed_valid t=0.0s
[     18s] main 30b c4286 ic_m4 subgroup table completed_valid t=0.0s
[     18s] main 30b c4286 ic_m4 small_x table completed_valid t=0.0s
[     18s] main 30b c4286 ic_m4 random_sub_r0 table completed_valid t=0.0s
[     18s] main 30b c4286 ic_m4 random_sub_r1 table completed_valid t=0.0s
[     18s] main 30b c4286 ic_m4 random_sub_r2 table completed_valid t=0.0s
[     18s] main 30b c4286 ic_m4 known_null_sub table completed_valid t=0.0s
[     18s] main 30b c4286 ic_m4 planted_sub table completed_valid t=0.0s
[     18s] main 30b c4286 ic_m4 small_x_offset table completed_valid t=0.0s
[     19s] main 30b c4287 ic_m4 subgroup table completed_valid t=0.0s
[     19s] main 30b c4287 ic_m4 small_x table completed_valid t=0.0s
[     19s] main 30b c4287 ic_m4 random_sub_r0 table completed_valid t=0.0s
[     19s] main 30b c4287 ic_m4 random_sub_r1 table completed_valid t=0.0s
[     19s] main 30b c4287 ic_m4 random_sub_r2 table completed_valid t=0.0s
[     19s] main 30b c4287 ic_m4 known_null_sub table completed_valid t=0.0s
[     19s] main 30b c4287 ic_m4 planted_sub table completed_valid t=0.0s
[     19s] main 30b c4287 ic_m4 small_x_offset table completed_valid t=0.0s
[     19s] main 30b c4288 ic_m4 subgroup table completed_valid t=0.0s
[     19s] main 30b c4288 ic_m4 small_x table completed_valid t=0.0s
[     19s] main 30b c4288 ic_m4 random_sub_r0 table completed_valid t=0.0s
[     19s] main 30b c4288 ic_m4 random_sub_r1 table completed_valid t=0.0s
[     19s] main 30b c4288 ic_m4 random_sub_r2 table completed_valid t=0.0s
[     19s] main 30b c4288 ic_m4 known_null_sub table completed_valid t=0.0s
[     19s] main 30b c4288 ic_m4 planted_sub table completed_valid t=0.0s
[     19s] main 30b c4288 ic_m4 small_x_offset table completed_valid t=0.0s
[     19s] main 30b c4289 ic_m4 subgroup table completed_valid t=0.0s
[     19s] main 30b c4289 ic_m4 small_x table completed_valid t=0.0s
[     19s] main 30b c4289 ic_m4 random_sub_r0 table completed_valid t=0.0s
[     19s] main 30b c4289 ic_m4 random_sub_r1 table completed_valid t=0.0s
[     19s] main 30b c4289 ic_m4 random_sub_r2 table completed_valid t=0.0s
[     19s] main 30b c4289 ic_m4 known_null_sub table completed_valid t=0.0s
[     19s] main 30b c4289 ic_m4 planted_sub table completed_valid t=0.0s
[     19s] main 30b c4289 ic_m4 small_x_offset table completed_valid t=0.0s
[     19s] main 30b c4290 ic_m4 subgroup table completed_valid t=0.0s
[     19s] main 30b c4290 ic_m4 small_x table completed_valid t=0.0s
[     19s] main 30b c4290 ic_m4 random_sub_r0 table completed_valid t=0.0s
[     19s] main 30b c4290 ic_m4 random_sub_r1 table completed_valid t=0.0s
[     19s] main 30b c4290 ic_m4 random_sub_r2 table completed_valid t=0.0s
[     19s] main 30b c4290 ic_m4 known_null_sub table completed_valid t=0.0s
[     19s] main 30b c4290 ic_m4 planted_sub table completed_valid t=0.0s
[     19s] main 30b c4290 ic_m4 small_x_offset table completed_valid t=0.0s
[     19s] main 30b c4291 ic_m4 subgroup table completed_valid t=0.0s
[     19s] main 30b c4291 ic_m4 small_x table completed_valid t=0.0s
[     19s] main 30b c4291 ic_m4 random_sub_r0 table completed_valid t=0.0s
[     19s] main 30b c4291 ic_m4 random_sub_r1 table completed_valid t=0.0s
[     19s] main 30b c4291 ic_m4 random_sub_r2 table completed_valid t=0.0s
[     19s] main 30b c4291 ic_m4 known_null_sub table completed_valid t=0.0s
[     19s] main 30b c4291 ic_m4 planted_sub table completed_valid t=0.0s
[     19s] main 30b c4291 ic_m4 small_x_offset table completed_valid t=0.0s
[     20s] main 30b c4292 ic_m4 subgroup table completed_valid t=0.0s
[     20s] main 30b c4292 ic_m4 small_x table completed_valid t=0.0s
[     20s] main 30b c4292 ic_m4 random_sub_r0 table completed_valid t=0.0s
[     20s] main 30b c4292 ic_m4 random_sub_r1 table completed_valid t=0.0s
[     20s] main 30b c4292 ic_m4 random_sub_r2 table completed_valid t=0.0s
[     20s] main 30b c4292 ic_m4 known_null_sub table completed_valid t=0.0s
[     20s] main 30b c4292 ic_m4 planted_sub table completed_valid t=0.0s
[     20s] main 30b c4292 ic_m4 small_x_offset table completed_valid t=0.0s
[     20s] main 30b c4293 ic_m4 subgroup table completed_valid t=0.0s
[     20s] main 30b c4293 ic_m4 small_x table completed_valid t=0.0s
[     20s] main 30b c4293 ic_m4 random_sub_r0 table completed_valid t=0.0s
[     20s] main 30b c4293 ic_m4 random_sub_r1 table completed_valid t=0.0s
[     20s] main 30b c4293 ic_m4 random_sub_r2 table completed_valid t=0.0s
[     20s] main 30b c4293 ic_m4 known_null_sub table completed_valid t=0.0s
[     20s] main 30b c4293 ic_m4 planted_sub table completed_valid t=0.0s
[     20s] main 30b c4293 ic_m4 small_x_offset table completed_valid t=0.0s
[     20s] main 30b c4294 ic_m4 subgroup table completed_valid t=0.0s
[     20s] main 30b c4294 ic_m4 small_x table completed_valid t=0.0s
[     20s] main 30b c4294 ic_m4 random_sub_r0 table completed_valid t=0.0s
[     20s] main 30b c4294 ic_m4 random_sub_r1 table completed_valid t=0.0s
[     20s] main 30b c4294 ic_m4 random_sub_r2 table completed_valid t=0.0s
[     20s] main 30b c4294 ic_m4 known_null_sub table completed_valid t=0.0s
[     20s] main 30b c4294 ic_m4 planted_sub table completed_valid t=0.0s
[     20s] main 30b c4294 ic_m4 small_x_offset table completed_valid t=0.0s
[     20s] main 30b c4295 ic_m4 subgroup table completed_valid t=0.0s
[     20s] main 30b c4295 ic_m4 small_x table completed_valid t=0.0s
[     20s] main 30b c4295 ic_m4 random_sub_r0 table completed_valid t=0.0s
[     20s] main 30b c4295 ic_m4 random_sub_r1 table completed_valid t=0.0s
[     20s] main 30b c4295 ic_m4 random_sub_r2 table completed_valid t=0.0s
[     20s] main 30b c4295 ic_m4 known_null_sub table completed_valid t=0.0s
[     20s] main 30b c4295 ic_m4 planted_sub table completed_valid t=0.0s
[     20s] main 30b c4295 ic_m4 small_x_offset table completed_valid t=0.0s
[     21s] main 30b c4296 ic_m4 subgroup table completed_valid t=0.0s
[     21s] main 30b c4296 ic_m4 small_x table completed_valid t=0.0s
[     21s] main 30b c4296 ic_m4 random_sub_r0 table completed_valid t=0.0s
[     21s] main 30b c4296 ic_m4 random_sub_r1 table completed_valid t=0.0s
[     21s] main 30b c4296 ic_m4 random_sub_r2 table completed_valid t=0.0s
[     21s] main 30b c4296 ic_m4 known_null_sub table completed_valid t=0.0s
[     21s] main 30b c4296 ic_m4 planted_sub table completed_valid t=0.0s
[     21s] main 30b c4296 ic_m4 small_x_offset table completed_valid t=0.0s
[     21s] main 30b c4297 ic_m4 subgroup table completed_valid t=0.0s
[     21s] main 30b c4297 ic_m4 small_x table completed_valid t=0.0s
[     21s] main 30b c4297 ic_m4 random_sub_r0 table completed_valid t=0.0s
[     21s] main 30b c4297 ic_m4 random_sub_r1 table completed_valid t=0.0s
[     21s] main 30b c4297 ic_m4 random_sub_r2 table completed_valid t=0.0s
[     21s] main 30b c4297 ic_m4 known_null_sub table completed_valid t=0.0s
[     21s] main 30b c4297 ic_m4 planted_sub table completed_valid t=0.0s
[     21s] main 30b c4297 ic_m4 small_x_offset table completed_valid t=0.0s
[     21s] main 30b c4298 ic_m4 subgroup table completed_valid t=0.0s
[     21s] main 30b c4298 ic_m4 small_x table completed_valid t=0.0s
[     21s] main 30b c4298 ic_m4 random_sub_r0 table completed_valid t=0.0s
[     21s] main 30b c4298 ic_m4 random_sub_r1 table completed_valid t=0.0s
[     21s] main 30b c4298 ic_m4 random_sub_r2 table completed_valid t=0.0s
[     21s] main 30b c4298 ic_m4 known_null_sub table completed_valid t=0.0s
[     21s] main 30b c4298 ic_m4 planted_sub table completed_valid t=0.0s
[     21s] main 30b c4298 ic_m4 small_x_offset table completed_valid t=0.0s
[     21s] main 30b c4299 ic_m4 subgroup table completed_valid t=0.0s
[     21s] main 30b c4299 ic_m4 small_x table completed_valid t=0.0s
[     21s] main 30b c4299 ic_m4 random_sub_r0 table completed_valid t=0.0s
[     21s] main 30b c4299 ic_m4 random_sub_r1 table completed_valid t=0.0s
[     21s] main 30b c4299 ic_m4 random_sub_r2 table completed_valid t=0.0s
[     21s] main 30b c4299 ic_m4 known_null_sub table completed_valid t=0.0s
[     21s] main 30b c4299 ic_m4 planted_sub table completed_valid t=0.0s
[     21s] main 30b c4299 ic_m4 small_x_offset table completed_valid t=0.0s
[     22s] main 30b c4300 ic_m4 subgroup table completed_valid t=0.0s
[     22s] main 30b c4300 ic_m4 small_x table completed_valid t=0.0s
[     22s] main 30b c4300 ic_m4 random_sub_r0 table completed_valid t=0.0s
[     22s] main 30b c4300 ic_m4 random_sub_r1 table completed_valid t=0.0s
[     22s] main 30b c4300 ic_m4 random_sub_r2 table completed_valid t=0.0s
[     22s] main 30b c4300 ic_m4 known_null_sub table completed_valid t=0.0s
[     22s] main 30b c4300 ic_m4 planted_sub table completed_valid t=0.0s
[     22s] main 30b c4300 ic_m4 small_x_offset table completed_valid t=0.0s
[     22s] main 30b c4301 ic_m4 subgroup table completed_valid t=0.0s
[     22s] main 30b c4301 ic_m4 small_x table completed_valid t=0.0s
[     22s] main 30b c4301 ic_m4 random_sub_r0 table completed_valid t=0.0s
[     22s] main 30b c4301 ic_m4 random_sub_r1 table completed_valid t=0.0s
[     22s] main 30b c4301 ic_m4 random_sub_r2 table completed_valid t=0.0s
[     22s] main 30b c4301 ic_m4 known_null_sub table completed_valid t=0.0s
[     22s] main 30b c4301 ic_m4 planted_sub table completed_valid t=0.0s
[     22s] main 30b c4301 ic_m4 small_x_offset table completed_valid t=0.0s
[     22s] main 30b c4302 ic_m4 subgroup table completed_valid t=0.0s
[     22s] main 30b c4302 ic_m4 small_x table completed_valid t=0.0s
[     22s] main 30b c4302 ic_m4 random_sub_r0 table completed_valid t=0.0s
[     22s] main 30b c4302 ic_m4 random_sub_r1 table completed_valid t=0.0s
[     22s] main 30b c4302 ic_m4 random_sub_r2 table completed_valid t=0.0s
[     22s] main 30b c4302 ic_m4 known_null_sub table completed_valid t=0.0s
[     22s] main 30b c4302 ic_m4 planted_sub table completed_valid t=0.0s
[     22s] main 30b c4302 ic_m4 small_x_offset table completed_valid t=0.0s
[     22s] main 30b c4303 ic_m4 subgroup table completed_valid t=0.0s
[     22s] main 30b c4303 ic_m4 small_x table completed_valid t=0.0s
[     22s] main 30b c4303 ic_m4 random_sub_r0 table completed_valid t=0.0s
[     22s] main 30b c4303 ic_m4 random_sub_r1 table completed_valid t=0.0s
[     22s] main 30b c4303 ic_m4 random_sub_r2 table completed_valid t=0.0s
[     22s] main 30b c4303 ic_m4 known_null_sub table completed_valid t=0.0s
[     22s] main 30b c4303 ic_m4 planted_sub table completed_valid t=0.0s
[     22s] main 30b c4303 ic_m4 small_x_offset table completed_valid t=0.0s
[     23s] main 30b c4304 ic_m4 subgroup table completed_valid t=0.0s
[     23s] main 30b c4304 ic_m4 small_x table completed_valid t=0.0s
[     23s] main 30b c4304 ic_m4 random_sub_r0 table completed_valid t=0.0s
[     23s] main 30b c4304 ic_m4 random_sub_r1 table completed_valid t=0.0s
[     23s] main 30b c4304 ic_m4 random_sub_r2 table completed_valid t=0.0s
[     23s] main 30b c4304 ic_m4 known_null_sub table completed_valid t=0.0s
[     23s] main 30b c4304 ic_m4 planted_sub table completed_valid t=0.0s
[     23s] main 30b c4304 ic_m4 small_x_offset table completed_valid t=0.0s
[     23s] main 30b c4305 ic_m4 subgroup table completed_valid t=0.0s
[     23s] main 30b c4305 ic_m4 small_x table completed_valid t=0.0s
[     23s] main 30b c4305 ic_m4 random_sub_r0 table completed_valid t=0.0s
[     23s] main 30b c4305 ic_m4 random_sub_r1 table completed_valid t=0.0s
[     23s] main 30b c4305 ic_m4 random_sub_r2 table completed_valid t=0.0s
[     23s] main 30b c4305 ic_m4 known_null_sub table completed_valid t=0.0s
[     23s] main 30b c4305 ic_m4 planted_sub table completed_valid t=0.0s
[     23s] main 30b c4305 ic_m4 small_x_offset table completed_valid t=0.0s
[     23s] main 30b c4306 ic_m4 subgroup table completed_valid t=0.0s
[     23s] main 30b c4306 ic_m4 small_x table completed_valid t=0.0s
[     23s] main 30b c4306 ic_m4 random_sub_r0 table completed_valid t=0.0s
[     23s] main 30b c4306 ic_m4 random_sub_r1 table completed_valid t=0.0s
[     23s] main 30b c4306 ic_m4 random_sub_r2 table completed_valid t=0.0s
[     23s] main 30b c4306 ic_m4 known_null_sub table completed_valid t=0.0s
[     23s] main 30b c4306 ic_m4 planted_sub table completed_valid t=0.0s
[     23s] main 30b c4306 ic_m4 small_x_offset table completed_valid t=0.0s
[     23s] main 30b c4307 ic_m4 subgroup table completed_valid t=0.0s
[     23s] main 30b c4307 ic_m4 small_x table completed_valid t=0.0s
[     23s] main 30b c4307 ic_m4 random_sub_r0 table completed_valid t=0.0s
[     23s] main 30b c4307 ic_m4 random_sub_r1 table completed_valid t=0.0s
[     23s] main 30b c4307 ic_m4 random_sub_r2 table completed_valid t=0.0s
[     23s] main 30b c4307 ic_m4 known_null_sub table completed_valid t=0.0s
[     23s] main 30b c4307 ic_m4 planted_sub table completed_valid t=0.0s
[     23s] main 30b c4307 ic_m4 small_x_offset table completed_valid t=0.0s
[     24s] main 30b c4308 ic_m4 subgroup table completed_valid t=0.0s
[     24s] main 30b c4308 ic_m4 small_x table completed_valid t=0.0s
[     24s] main 30b c4308 ic_m4 random_sub_r0 table completed_valid t=0.0s
[     24s] main 30b c4308 ic_m4 random_sub_r1 table completed_valid t=0.0s
[     24s] main 30b c4308 ic_m4 random_sub_r2 table completed_valid t=0.0s
[     24s] main 30b c4308 ic_m4 known_null_sub table completed_valid t=0.0s
[     24s] main 30b c4308 ic_m4 planted_sub table completed_valid t=0.0s
[     24s] main 30b c4308 ic_m4 small_x_offset table completed_valid t=0.0s
[     24s] main 30b c4309 ic_m4 subgroup table completed_valid t=0.0s
[     24s] main 30b c4309 ic_m4 small_x table completed_valid t=0.0s
[     24s] main 30b c4309 ic_m4 random_sub_r0 table completed_valid t=0.0s
[     24s] main 30b c4309 ic_m4 random_sub_r1 table completed_valid t=0.0s
[     24s] main 30b c4309 ic_m4 random_sub_r2 table completed_valid t=0.0s
[     24s] main 30b c4309 ic_m4 known_null_sub table completed_valid t=0.0s
[     24s] main 30b c4309 ic_m4 planted_sub table completed_valid t=0.0s
[     24s] main 30b c4309 ic_m4 small_x_offset table completed_valid t=0.0s
