[     13s] main 30b c60 ic_m4 subgroup search completed_valid t=1.4s
[     13s] main 30b c60 ic_m4 dickson search completed_valid t=1.2s
[     13s] main 30b c60 ic_m4 small_x search completed_valid t=1.0s
[     13s] main 30b c60 ic_m4 random_sub_r0 search completed_valid t=1.0s
[     13s] main 30b c60 ic_m4 random_sub_r1 search completed_valid t=1.1s
[     13s] main 30b c60 ic_m4 random_sub_r2 search completed_valid t=1.0s
[     13s] main 30b c60 ic_m4 known_null_sub search completed_valid t=1.3s
[     13s] main 30b c60 ic_m4 random_dick_r0 search completed_valid t=1.4s
[     13s] main 30b c60 ic_m4 random_dick_r1 search completed_valid t=1.3s
[     13s] main 30b c60 ic_m4 random_dick_r2 search completed_valid t=1.1s
[     13s] main 30b c60 ic_m4 known_null_dick search completed_valid t=1.0s
[     24s] main 30b c61 ic_m4 subgroup search completed_valid t=1.2s
[     24s] main 30b c61 ic_m4 dickson search completed_valid t=0.9s
[     24s] main 30b c61 ic_m4 small_x search completed_valid t=1.0s
[     24s] main 30b c61 ic_m4 random_sub_r0 search completed_valid t=1.0s
[     24s] main 30b c61 ic_m4 random_sub_r1 search completed_valid t=0.9s
[     24s] main 30b c61 ic_m4 random_sub_r2 search completed_valid t=1.1s
[     24s] main 30b c61 ic_m4 known_null_sub search completed_valid t=1.0s
[     24s] main 30b c61 ic_m4 random_dick_r0 search completed_valid t=1.0s
[     24s] main 30b c61 ic_m4 random_dick_r1 search completed_valid t=1.0s
[     24s] main 30b c61 ic_m4 random_dick_r2 search completed_valid t=1.0s
[     24s] main 30b c61 ic_m4 known_null_dick search completed_valid t=0.9s
[     35s] main 30b c62 ic_m4 subgroup search completed_valid t=0.8s
[     35s] main 30b c62 ic_m4 dickson search completed_valid t=1.2s
[     35s] main 30b c62 ic_m4 small_x search completed_valid t=1.2s
[     35s] main 30b c62 ic_m4 random_sub_r0 search completed_valid t=0.9s
[     35s] main 30b c62 ic_m4 random_sub_r1 search completed_valid t=1.0s
[     35s] main 30b c62 ic_m4 random_sub_r2 search completed_valid t=1.0s
[     35s] main 30b c62 ic_m4 known_null_sub search completed_valid t=0.9s
[     35s] main 30b c62 ic_m4 random_dick_r0 search completed_valid t=1.0s
[     35s] main 30b c62 ic_m4 random_dick_r1 search completed_valid t=1.0s
[     35s] main 30b c62 ic_m4 random_dick_r2 search completed_valid t=1.0s
[     35s] main 30b c62 ic_m4 known_null_dick search completed_valid t=0.9s
[     47s] main 30b c63 ic_m4 subgroup search completed_valid t=1.0s
[     47s] main 30b c63 ic_m4 dickson search completed_valid t=1.0s
[     47s] main 30b c63 ic_m4 small_x search completed_valid t=1.0s
[     47s] main 30b c63 ic_m4 random_sub_r0 search completed_valid t=1.2s
[     47s] main 30b c63 ic_m4 random_sub_r1 search completed_valid t=1.2s
[     47s] main 30b c63 ic_m4 random_sub_r2 search completed_valid t=1.0s
[     47s] main 30b c63 ic_m4 known_null_sub search completed_valid t=1.0s
[     47s] main 30b c63 ic_m4 random_dick_r0 search completed_valid t=1.0s
[     47s] main 30b c63 ic_m4 random_dick_r1 search completed_valid t=1.0s
[     47s] main 30b c63 ic_m4 random_dick_r2 search completed_valid t=0.8s
[     47s] main 30b c63 ic_m4 known_null_dick search completed_valid t=1.0s
[     59s] main 30b c64 ic_m4 subgroup search completed_valid t=1.2s
[     59s] main 30b c64 ic_m4 dickson search completed_valid t=1.0s
[     59s] main 30b c64 ic_m4 small_x search completed_valid t=1.1s
[     59s] main 30b c64 ic_m4 random_sub_r0 search completed_valid t=1.1s
[     59s] main 30b c64 ic_m4 random_sub_r1 search completed_valid t=1.1s
[     59s] main 30b c64 ic_m4 random_sub_r2 search completed_valid t=1.1s
[     59s] main 30b c64 ic_m4 known_null_sub search completed_valid t=1.0s
[     59s] main 30b c64 ic_m4 random_dick_r0 search completed_valid t=1.1s
[     59s] main 30b c64 ic_m4 random_dick_r1 search completed_valid t=1.3s
[     59s] main 30b c64 ic_m4 random_dick_r2 search completed_valid t=1.0s
[     59s] main 30b c64 ic_m4 known_null_dick search completed_valid t=1.4s
[     71s] main 30b c65 ic_m4 subgroup search completed_valid t=0.9s
[     71s] main 30b c65 ic_m4 dickson search completed_valid t=1.1s
[     71s] main 30b c65 ic_m4 small_x search completed_valid t=1.0s
[     71s] main 30b c65 ic_m4 random_sub_r0 search completed_valid t=1.0s
[     71s] main 30b c65 ic_m4 random_sub_r1 search completed_valid t=1.2s
[     71s] main 30b c65 ic_m4 random_sub_r2 search completed_valid t=0.9s
[     71s] main 30b c65 ic_m4 known_null_sub search completed_valid t=1.0s
[     71s] main 30b c65 ic_m4 random_dick_r0 search completed_valid t=1.0s
[     71s] main 30b c65 ic_m4 random_dick_r1 search completed_valid t=1.0s
[     71s] main 30b c65 ic_m4 random_dick_r2 search completed_valid t=1.1s
[     71s] main 30b c65 ic_m4 known_null_dick search completed_valid t=1.0s
[     85s] main 30b c66 ic_m4 subgroup search completed_valid t=1.2s
[     85s] main 30b c66 ic_m4 dickson search completed_valid t=1.1s
[     85s] main 30b c66 ic_m4 small_x search completed_valid t=1.1s
[     85s] main 30b c66 ic_m4 random_sub_r0 search completed_valid t=1.1s
[     85s] main 30b c66 ic_m4 random_sub_r1 search completed_valid t=1.4s
[     85s] main 30b c66 ic_m4 random_sub_r2 search completed_valid t=1.4s
[     85s] main 30b c66 ic_m4 known_null_sub search completed_valid t=1.4s
[     85s] main 30b c66 ic_m4 random_dick_r0 search completed_valid t=1.1s
[     85s] main 30b c66 ic_m4 random_dick_r1 search completed_valid t=1.4s
[     85s] main 30b c66 ic_m4 random_dick_r2 search completed_valid t=1.2s
[     85s] main 30b c66 ic_m4 known_null_dick search completed_valid t=1.1s
[     98s] main 30b c67 ic_m4 subgroup search completed_valid t=1.4s
[     98s] main 30b c67 ic_m4 dickson search completed_valid t=1.1s
[     98s] main 30b c67 ic_m4 small_x search completed_valid t=1.0s
[     98s] main 30b c67 ic_m4 random_sub_r0 search completed_valid t=1.3s
[     98s] main 30b c67 ic_m4 random_sub_r1 search completed_valid t=1.5s
[     98s] main 30b c67 ic_m4 random_sub_r2 search completed_valid t=1.1s
[     98s] main 30b c67 ic_m4 known_null_sub search completed_valid t=1.1s
[     98s] main 30b c67 ic_m4 random_dick_r0 search completed_valid t=1.1s
[     98s] main 30b c67 ic_m4 random_dick_r1 search completed_valid t=1.2s
[     98s] main 30b c67 ic_m4 random_dick_r2 search completed_valid t=1.2s
[     98s] main 30b c67 ic_m4 known_null_dick search completed_valid t=1.2s
[    109s] main 30b c68 ic_m4 subgroup search completed_valid t=1.2s
[    109s] main 30b c68 ic_m4 dickson search completed_valid t=1.2s
[    109s] main 30b c68 ic_m4 small_x search completed_valid t=0.9s
[    109s] main 30b c68 ic_m4 random_sub_r0 search completed_valid t=0.9s
[    109s] main 30b c68 ic_m4 random_sub_r1 search completed_valid t=0.9s
[    109s] main 30b c68 ic_m4 random_sub_r2 search completed_valid t=1.1s
[    109s] main 30b c68 ic_m4 known_null_sub search completed_valid t=1.1s
[    109s] main 30b c68 ic_m4 random_dick_r0 search completed_valid t=1.2s
[    109s] main 30b c68 ic_m4 random_dick_r1 search completed_valid t=0.9s
[    109s] main 30b c68 ic_m4 random_dick_r2 search completed_valid t=0.9s
[    109s] main 30b c68 ic_m4 known_null_dick search completed_valid t=1.0s
[    121s] main 30b c69 ic_m4 subgroup search completed_valid t=1.1s
[    121s] main 30b c69 ic_m4 dickson search completed_valid t=1.1s
[    121s] main 30b c69 ic_m4 small_x search completed_valid t=1.0s
[    121s] main 30b c69 ic_m4 random_sub_r0 search completed_valid t=0.9s
[    121s] main 30b c69 ic_m4 random_sub_r1 search completed_valid t=1.2s
[    121s] main 30b c69 ic_m4 random_sub_r2 search completed_valid t=1.1s
[    121s] main 30b c69 ic_m4 known_null_sub search completed_valid t=1.0s
[    121s] main 30b c69 ic_m4 random_dick_r0 search completed_valid t=1.0s
[    121s] main 30b c69 ic_m4 random_dick_r1 search completed_valid t=1.0s
[    121s] main 30b c69 ic_m4 random_dick_r2 search completed_valid t=1.0s
[    121s] main 30b c69 ic_m4 known_null_dick search completed_valid t=1.0s
