[      0s] main 30b c1510 ic_m4 subgroup table completed_valid t=0.0s
[      0s] main 30b c1510 ic_m4 dickson table completed_valid t=0.1s
[      0s] main 30b c1510 ic_m4 small_x table completed_valid t=0.0s
[      0s] main 30b c1510 ic_m4 random_sub_r0 table completed_valid t=0.0s
[      0s] main 30b c1510 ic_m4 random_sub_r1 table completed_valid t=0.0s
[      0s] main 30b c1510 ic_m4 random_sub_r2 table completed_valid t=0.0s
[      0s] main 30b c1510 ic_m4 known_null_sub table completed_valid t=0.0s
[      0s] main 30b c1510 ic_m4 random_dick_r0 table completed_valid t=0.0s
[      0s] main 30b c1510 ic_m4 random_dick_r1 table completed_valid t=0.0s
[      0s] main 30b c1510 ic_m4 random_dick_r2 table completed_valid t=0.0s
[      0s] main 30b c1510 ic_m4 known_null_dick table completed_valid t=0.0s
[      1s] main 30b c1511 ic_m4 subgroup table completed_valid t=0.0s
[      1s] main 30b c1511 ic_m4 dickson table completed_valid t=0.0s
[      1s] main 30b c1511 ic_m4 small_x table completed_valid t=0.0s
[      1s] main 30b c1511 ic_m4 random_sub_r0 table completed_valid t=0.0s
[      1s] main 30b c1511 ic_m4 random_sub_r1 table completed_valid t=0.0s
[      1s] main 30b c1511 ic_m4 random_sub_r2 table completed_valid t=0.0s
[      1s] main 30b c1511 ic_m4 known_null_sub table completed_valid t=0.0s
[      1s] main 30b c1511 ic_m4 random_dick_r0 table completed_valid t=0.0s
[      1s] main 30b c1511 ic_m4 random_dick_r1 table completed_valid t=0.0s
[      1s] main 30b c1511 ic_m4 random_dick_r2 table completed_valid t=0.0s
[      1s] main 30b c1511 ic_m4 known_null_dick table completed_valid t=0.0s
[      1s] main 30b c1512 ic_m4 subgroup table completed_valid t=0.0s
[      1s] main 30b c1512 ic_m4 dickson table completed_valid t=0.0s
[      1s] main 30b c1512 ic_m4 small_x table completed_valid t=0.0s
[      1s] main 30b c1512 ic_m4 random_sub_r0 table completed_valid t=0.0s
[      1s] main 30b c1512 ic_m4 random_sub_r1 table completed_valid t=0.0s
[      1s] main 30b c1512 ic_m4 random_sub_r2 table completed_valid t=0.0s
[      1s] main 30b c1512 ic_m4 known_null_sub table completed_valid t=0.0s
[      1s] main 30b c1512 ic_m4 random_dick_r0 table completed_valid t=0.0s
[      1s] main 30b c1512 ic_m4 random_dick_r1 table completed_valid t=0.0s
[      1s] main 30b c1512 ic_m4 random_dick_r2 table completed_valid t=0.0s
[      1s] main 30b c1512 ic_m4 known_null_dick table completed_valid t=0.0s
[      1s] main 30b c1513 ic_m4 subgroup table completed_valid t=0.0s
[      1s] main 30b c1513 ic_m4 dickson table completed_valid t=0.0s
[      1s] main 30b c1513 ic_m4 small_x table completed_valid t=0.0s
[      1s] main 30b c1513 ic_m4 random_sub_r0 table completed_valid t=0.0s
[      1s] main 30b c1513 ic_m4 random_sub_r1 table completed_valid t=0.0s
[      1s] main 30b c1513 ic_m4 random_sub_r2 table completed_valid t=0.0s
[      1s] main 30b c1513 ic_m4 known_null_sub table completed_valid t=0.0s
[      1s] main 30b c1513 ic_m4 random_dick_r0 table completed_valid t=0.0s
[      1s] main 30b c1513 ic_m4 random_dick_r1 table completed_valid t=0.0s
[      1s] main 30b c1513 ic_m4 random_dick_r2 table completed_valid t=0.0s
[      1s] main 30b c1513 ic_m4 known_null_dick table completed_valid t=0.0s
[      2s] main 30b c1514 ic_m4 subgroup table completed_valid t=0.0s
[      2s] main 30b c1514 ic_m4 dickson table completed_valid t=0.0s
[      2s] main 30b c1514 ic_m4 small_x table completed_valid t=0.0s
[      2s] main 30b c1514 ic_m4 random_sub_r0 table completed_valid t=0.1s
[      2s] main 30b c1514 ic_m4 random_sub_r1 table completed_valid t=0.0s
[      2s] main 30b c1514 ic_m4 random_sub_r2 table completed_valid t=0.1s
[      2s] main 30b c1514 ic_m4 known_null_sub table completed_valid t=0.0s
[      2s] main 30b c1514 ic_m4 random_dick_r0 table completed_valid t=0.0s
[      2s] main 30b c1514 ic_m4 random_dick_r1 table completed_valid t=0.0s
[      2s] main 30b c1514 ic_m4 random_dick_r2 table completed_valid t=0.0s
[      2s] main 30b c1514 ic_m4 known_null_dick table completed_valid t=0.0s
[      2s] main 30b c1515 ic_m4 subgroup table completed_valid t=0.0s
[      2s] main 30b c1515 ic_m4 dickson table completed_valid t=0.0s
[      2s] main 30b c1515 ic_m4 small_x table completed_valid t=0.0s
[      2s] main 30b c1515 ic_m4 random_sub_r0 table completed_valid t=0.0s
[      2s] main 30b c1515 ic_m4 random_sub_r1 table completed_valid t=0.0s
[      2s] main 30b c1515 ic_m4 random_sub_r2 table completed_valid t=0.0s
[      2s] main 30b c1515 ic_m4 known_null_sub table completed_valid t=0.0s
[      2s] main 30b c1515 ic_m4 random_dick_r0 table completed_valid t=0.0s
[      2s] main 30b c1515 ic_m4 random_dick_r1 table completed_valid t=0.0s
[      2s] main 30b c1515 ic_m4 random_dick_r2 table completed_valid t=0.0s
[      2s] main 30b c1515 ic_m4 known_null_dick table completed_valid t=0.0s
[      3s] main 30b c1516 ic_m4 subgroup table completed_valid t=0.0s
[      3s] main 30b c1516 ic_m4 dickson table completed_valid t=0.0s
[      3s] main 30b c1516 ic_m4 small_x table completed_valid t=0.0s
[      3s] main 30b c1516 ic_m4 random_sub_r0 table completed_valid t=0.0s
[      3s] main 30b c1516 ic_m4 random_sub_r1 table completed_valid t=0.0s
[      3s] main 30b c1516 ic_m4 random_sub_r2 table completed_valid t=0.0s
[      3s] main 30b c1516 ic_m4 known_null_sub table completed_valid t=0.0s
[      3s] main 30b c1516 ic_m4 random_dick_r0 table completed_valid t=0.0s
[      3s] main 30b c1516 ic_m4 random_dick_r1 table completed_valid t=0.0s
[      3s] main 30b c1516 ic_m4 random_dick_r2 table completed_valid t=0.0s
[      3s] main 30b c1516 ic_m4 known_null_dick table completed_valid t=0.0s
[      3s] main 30b c1517 ic_m4 subgroup table completed_valid t=0.0s
[      3s] main 30b c1517 ic_m4 dickson table completed_valid t=0.0s
[      3s] main 30b c1517 ic_m4 small_x table completed_valid t=0.0s
[      3s] main 30b c1517 ic_m4 random_sub_r0 table completed_valid t=0.0s
[      3s] main 30b c1517 ic_m4 random_sub_r1 table completed_valid t=0.0s
[      3s] main 30b c1517 ic_m4 random_sub_r2 table completed_valid t=0.0s
[      3s] main 30b c1517 ic_m4 known_null_sub table completed_valid t=0.0s
[      3s] main 30b c1517 ic_m4 random_dick_r0 table completed_valid t=0.0s
[      3s] main 30b c1517 ic_m4 random_dick_r1 table completed_valid t=0.0s
[      3s] main 30b c1517 ic_m4 random_dick_r2 table completed_valid t=0.0s
[      3s] main 30b c1517 ic_m4 known_null_dick table completed_valid t=0.0s
[      3s] main 30b c1518 ic_m4 subgroup table completed_valid t=0.0s
[      3s] main 30b c1518 ic_m4 dickson table completed_valid t=0.0s
[      3s] main 30b c1518 ic_m4 small_x table completed_valid t=0.0s
[      3s] main 30b c1518 ic_m4 random_sub_r0 table completed_valid t=0.0s
[      3s] main 30b c1518 ic_m4 random_sub_r1 table completed_valid t=0.0s
[      3s] main 30b c1518 ic_m4 random_sub_r2 table completed_valid t=0.0s
[      3s] main 30b c1518 ic_m4 known_null_sub table completed_valid t=0.0s
[      3s] main 30b c1518 ic_m4 random_dick_r0 table completed_valid t=0.0s
[      3s] main 30b c1518 ic_m4 random_dick_r1 table completed_valid t=0.0s
[      3s] main 30b c1518 ic_m4 random_dick_r2 table completed_valid t=0.0s
[      3s] main 30b c1518 ic_m4 known_null_dick table completed_valid t=0.0s
[      4s] main 30b c1519 ic_m4 subgroup table completed_valid t=0.0s
[      4s] main 30b c1519 ic_m4 dickson table completed_valid t=0.0s
[      4s] main 30b c1519 ic_m4 small_x table completed_valid t=0.0s
[      4s] main 30b c1519 ic_m4 random_sub_r0 table completed_valid t=0.0s
[      4s] main 30b c1519 ic_m4 random_sub_r1 table completed_valid t=0.0s
[      4s] main 30b c1519 ic_m4 random_sub_r2 table completed_valid t=0.0s
[      4s] main 30b c1519 ic_m4 known_null_sub table completed_valid t=0.0s
[      4s] main 30b c1519 ic_m4 random_dick_r0 table completed_valid t=0.0s
[      4s] main 30b c1519 ic_m4 random_dick_r1 table completed_valid t=0.0s
[      4s] main 30b c1519 ic_m4 random_dick_r2 table completed_valid t=0.0s
[      4s] main 30b c1519 ic_m4 known_null_dick table completed_valid t=0.0s
[      4s] main 30b c1520 ic_m4 subgroup table completed_valid t=0.0s
[      4s] main 30b c1520 ic_m4 dickson table completed_valid t=0.0s
[      4s] main 30b c1520 ic_m4 small_x table completed_valid t=0.0s
[      4s] main 30b c1520 ic_m4 random_sub_r0 table completed_valid t=0.0s
[      4s] main 30b c1520 ic_m4 random_sub_r1 table completed_valid t=0.0s
[      4s] main 30b c1520 ic_m4 random_sub_r2 table completed_valid t=0.0s
[      4s] main 30b c1520 ic_m4 known_null_sub table completed_valid t=0.0s
[      4s] main 30b c1520 ic_m4 random_dick_r0 table completed_valid t=0.0s
[      4s] main 30b c1520 ic_m4 random_dick_r1 table completed_valid t=0.0s
[      4s] main 30b c1520 ic_m4 random_dick_r2 table completed_valid t=0.0s
[      4s] main 30b c1520 ic_m4 known_null_dick table completed_valid t=0.0s
[      4s] main 30b c1521 ic_m4 subgroup table completed_valid t=0.0s
[      4s] main 30b c1521 ic_m4 dickson table completed_valid t=0.0s
[      4s] main 30b c1521 ic_m4 small_x table completed_valid t=0.0s
[      4s] main 30b c1521 ic_m4 random_sub_r0 table completed_valid t=0.0s
[      4s] main 30b c1521 ic_m4 random_sub_r1 table completed_valid t=0.0s
[      4s] main 30b c1521 ic_m4 random_sub_r2 table completed_valid t=0.0s
[      4s] main 30b c1521 ic_m4 known_null_sub table completed_valid t=0.0s
[      4s] main 30b c1521 ic_m4 random_dick_r0 table completed_valid t=0.0s
[      4s] main 30b c1521 ic_m4 random_dick_r1 table completed_valid t=0.0s
[      4s] main 30b c1521 ic_m4 random_dick_r2 table completed_valid t=0.0s
[      4s] main 30b c1521 ic_m4 known_null_dick table completed_valid t=0.0s
[      5s] main 30b c1522 ic_m4 subgroup table completed_valid t=0.0s
[      5s] main 30b c1522 ic_m4 dickson table completed_valid t=0.0s
[      5s] main 30b c1522 ic_m4 small_x table completed_valid t=0.0s
[      5s] main 30b c1522 ic_m4 random_sub_r0 table completed_valid t=0.0s
[      5s] main 30b c1522 ic_m4 random_sub_r1 table completed_valid t=0.0s
[      5s] main 30b c1522 ic_m4 random_sub_r2 table completed_valid t=0.0s
[      5s] main 30b c1522 ic_m4 known_null_sub table completed_valid t=0.0s
[      5s] main 30b c1522 ic_m4 random_dick_r0 table completed_valid t=0.0s
[      5s] main 30b c1522 ic_m4 random_dick_r1 table completed_valid t=0.0s
[      5s] main 30b c1522 ic_m4 random_dick_r2 table completed_valid t=0.0s
[      5s] main 30b c1522 ic_m4 known_null_dick table completed_valid t=0.0s
[      5s] main 30b c1523 ic_m4 subgroup table completed_valid t=0.0s
[      5s] main 30b c1523 ic_m4 dickson table completed_valid t=0.0s
[      5s] main 30b c1523 ic_m4 small_x table completed_valid t=0.0s
[      5s] main 30b c1523 ic_m4 random_sub_r0 table completed_valid t=0.0s
[      5s] main 30b c1523 ic_m4 random_sub_r1 table completed_valid t=0.0s
[      5s] main 30b c1523 ic_m4 random_sub_r2 table completed_valid t=0.0s
[      5s] main 30b c1523 ic_m4 known_null_sub table completed_valid t=0.0s
[      5s] main 30b c1523 ic_m4 random_dick_r0 table completed_valid t=0.0s
[      5s] main 30b c1523 ic_m4 random_dick_r1 table completed_valid t=0.0s
[      5s] main 30b c1523 ic_m4 random_dick_r2 table completed_valid t=0.0s
[      5s] main 30b c1523 ic_m4 known_null_dick table completed_valid t=0.0s
[      5s] main 30b c1524 ic_m4 subgroup table completed_valid t=0.0s
[      5s] main 30b c1524 ic_m4 dickson table completed_valid t=0.0s
[      5s] main 30b c1524 ic_m4 small_x table completed_valid t=0.0s
[      5s] main 30b c1524 ic_m4 random_sub_r0 table completed_valid t=0.0s
[      5s] main 30b c1524 ic_m4 random_sub_r1 table completed_valid t=0.0s
[      5s] main 30b c1524 ic_m4 random_sub_r2 table completed_valid t=0.0s
[      5s] main 30b c1524 ic_m4 known_null_sub table completed_valid t=0.0s
[      5s] main 30b c1524 ic_m4 random_dick_r0 table completed_valid t=0.0s
[      5s] main 30b c1524 ic_m4 random_dick_r1 table completed_valid t=0.0s
[      5s] main 30b c1524 ic_m4 random_dick_r2 table completed_valid t=0.0s
[      5s] main 30b c1524 ic_m4 known_null_dick table completed_valid t=0.0s
[      6s] main 30b c1525 ic_m4 subgroup table completed_valid t=0.0s
[      6s] main 30b c1525 ic_m4 dickson table completed_valid t=0.0s
[      6s] main 30b c1525 ic_m4 small_x table completed_valid t=0.0s
[      6s] main 30b c1525 ic_m4 random_sub_r0 table completed_valid t=0.0s
[      6s] main 30b c1525 ic_m4 random_sub_r1 table completed_valid t=0.0s
[      6s] main 30b c1525 ic_m4 random_sub_r2 table completed_valid t=0.0s
[      6s] main 30b c1525 ic_m4 known_null_sub table completed_valid t=0.0s
[      6s] main 30b c1525 ic_m4 random_dick_r0 table completed_valid t=0.0s
[      6s] main 30b c1525 ic_m4 random_dick_r1 table completed_valid t=0.0s
[      6s] main 30b c1525 ic_m4 random_dick_r2 table completed_valid t=0.0s
[      6s] main 30b c1525 ic_m4 known_null_dick table completed_valid t=0.0s
[      6s] main 30b c1526 ic_m4 subgroup table completed_valid t=0.0s
[      6s] main 30b c1526 ic_m4 dickson table completed_valid t=0.0s
[      6s] main 30b c1526 ic_m4 small_x table completed_valid t=0.0s
[      6s] main 30b c1526 ic_m4 random_sub_r0 table completed_valid t=0.0s
[      6s] main 30b c1526 ic_m4 random_sub_r1 table completed_valid t=0.0s
[      6s] main 30b c1526 ic_m4 random_sub_r2 table completed_valid t=0.0s
[      6s] main 30b c1526 ic_m4 known_null_sub table completed_valid t=0.0s
[      6s] main 30b c1526 ic_m4 random_dick_r0 table completed_valid t=0.0s
[      6s] main 30b c1526 ic_m4 random_dick_r1 table completed_valid t=0.0s
[      6s] main 30b c1526 ic_m4 random_dick_r2 table completed_valid t=0.0s
[      6s] main 30b c1526 ic_m4 known_null_dick table completed_valid t=0.0s
[      6s] main 30b c1527 ic_m4 subgroup table completed_valid t=0.0s
[      6s] main 30b c1527 ic_m4 dickson table completed_valid t=0.0s
[      6s] main 30b c1527 ic_m4 small_x table completed_valid t=0.0s
[      6s] main 30b c1527 ic_m4 random_sub_r0 table completed_valid t=0.0s
[      6s] main 30b c1527 ic_m4 random_sub_r1 table completed_valid t=0.0s
[      6s] main 30b c1527 ic_m4 random_sub_r2 table completed_valid t=0.0s
[      6s] main 30b c1527 ic_m4 known_null_sub table completed_valid t=0.0s
[      6s] main 30b c1527 ic_m4 random_dick_r0 table completed_valid t=0.0s
[      6s] main 30b c1527 ic_m4 random_dick_r1 table completed_valid t=0.0s
[      6s] main 30b c1527 ic_m4 random_dick_r2 table completed_valid t=0.0s
[      6s] main 30b c1527 ic_m4 known_null_dick table completed_valid t=0.0s
[      7s] main 30b c1528 ic_m4 subgroup table completed_valid t=0.0s
[      7s] main 30b c1528 ic_m4 dickson table completed_valid t=0.0s
[      7s] main 30b c1528 ic_m4 small_x table completed_valid t=0.0s
[      7s] main 30b c1528 ic_m4 random_sub_r0 table completed_valid t=0.0s
[      7s] main 30b c1528 ic_m4 random_sub_r1 table completed_valid t=0.0s
[      7s] main 30b c1528 ic_m4 random_sub_r2 table completed_valid t=0.0s
[      7s] main 30b c1528 ic_m4 known_null_sub table completed_valid t=0.0s
[      7s] main 30b c1528 ic_m4 random_dick_r0 table completed_valid t=0.0s
[      7s] main 30b c1528 ic_m4 random_dick_r1 table completed_valid t=0.0s
[      7s] main 30b c1528 ic_m4 random_dick_r2 table completed_valid t=0.0s
[      7s] main 30b c1528 ic_m4 known_null_dick table completed_valid t=0.0s
[      7s] main 30b c1529 ic_m4 subgroup table completed_valid t=0.0s
[      7s] main 30b c1529 ic_m4 dickson table completed_valid t=0.0s
[      7s] main 30b c1529 ic_m4 small_x table completed_valid t=0.0s
[      7s] main 30b c1529 ic_m4 random_sub_r0 table completed_valid t=0.0s
[      7s] main 30b c1529 ic_m4 random_sub_r1 table completed_valid t=0.0s
[      7s] main 30b c1529 ic_m4 random_sub_r2 table completed_valid t=0.0s
[      7s] main 30b c1529 ic_m4 known_null_sub table completed_valid t=0.0s
[      7s] main 30b c1529 ic_m4 random_dick_r0 table completed_valid t=0.0s
[      7s] main 30b c1529 ic_m4 random_dick_r1 table completed_valid t=0.0s
[      7s] main 30b c1529 ic_m4 random_dick_r2 table completed_valid t=0.0s
[      7s] main 30b c1529 ic_m4 known_null_dick table completed_valid t=0.0s
[      8s] main 30b c1530 ic_m4 subgroup table completed_valid t=0.0s
[      8s] main 30b c1530 ic_m4 dickson table completed_valid t=0.0s
[      8s] main 30b c1530 ic_m4 small_x table completed_valid t=0.0s
[      8s] main 30b c1530 ic_m4 random_sub_r0 table completed_valid t=0.0s
[      8s] main 30b c1530 ic_m4 random_sub_r1 table completed_valid t=0.0s
[      8s] main 30b c1530 ic_m4 random_sub_r2 table completed_valid t=0.0s
[      8s] main 30b c1530 ic_m4 known_null_sub table completed_valid t=0.0s
[      8s] main 30b c1530 ic_m4 random_dick_r0 table completed_valid t=0.0s
[      8s] main 30b c1530 ic_m4 random_dick_r1 table completed_valid t=0.0s
[      8s] main 30b c1530 ic_m4 random_dick_r2 table completed_valid t=0.0s
[      8s] main 30b c1530 ic_m4 known_null_dick table completed_valid t=0.0s
[      8s] main 30b c1531 ic_m4 subgroup table completed_valid t=0.0s
[      8s] main 30b c1531 ic_m4 dickson table completed_valid t=0.0s
[      8s] main 30b c1531 ic_m4 small_x table completed_valid t=0.0s
[      8s] main 30b c1531 ic_m4 random_sub_r0 table completed_valid t=0.0s
[      8s] main 30b c1531 ic_m4 random_sub_r1 table completed_valid t=0.0s
[      8s] main 30b c1531 ic_m4 random_sub_r2 table completed_valid t=0.0s
[      8s] main 30b c1531 ic_m4 known_null_sub table completed_valid t=0.0s
[      8s] main 30b c1531 ic_m4 random_dick_r0 table completed_valid t=0.0s
[      8s] main 30b c1531 ic_m4 random_dick_r1 table completed_valid t=0.0s
[      8s] main 30b c1531 ic_m4 random_dick_r2 table completed_valid t=0.0s
[      8s] main 30b c1531 ic_m4 known_null_dick table completed_valid t=0.0s
[      8s] main 30b c1532 ic_m4 subgroup table completed_valid t=0.0s
[      8s] main 30b c1532 ic_m4 dickson table completed_valid t=0.0s
[      8s] main 30b c1532 ic_m4 small_x table completed_valid t=0.0s
[      8s] main 30b c1532 ic_m4 random_sub_r0 table completed_valid t=0.0s
[      8s] main 30b c1532 ic_m4 random_sub_r1 table completed_valid t=0.0s
[      8s] main 30b c1532 ic_m4 random_sub_r2 table completed_valid t=0.0s
[      8s] main 30b c1532 ic_m4 known_null_sub table completed_valid t=0.0s
[      8s] main 30b c1532 ic_m4 random_dick_r0 table completed_valid t=0.0s
[      8s] main 30b c1532 ic_m4 random_dick_r1 table completed_valid t=0.0s
[      8s] main 30b c1532 ic_m4 random_dick_r2 table completed_valid t=0.0s
[      8s] main 30b c1532 ic_m4 known_null_dick table completed_valid t=0.0s
[      9s] main 30b c1533 ic_m4 subgroup table completed_valid t=0.0s
[      9s] main 30b c1533 ic_m4 dickson table completed_valid t=0.0s
[      9s] main 30b c1533 ic_m4 small_x table completed_valid t=0.0s
[      9s] main 30b c1533 ic_m4 random_sub_r0 table completed_valid t=0.0s
[      9s] main 30b c1533 ic_m4 random_sub_r1 table completed_valid t=0.0s
[      9s] main 30b c1533 ic_m4 random_sub_r2 table completed_valid t=0.0s
[      9s] main 30b c1533 ic_m4 known_null_sub table completed_valid t=0.0s
[      9s] main 30b c1533 ic_m4 random_dick_r0 table completed_valid t=0.0s
[      9s] main 30b c1533 ic_m4 random_dick_r1 table completed_valid t=0.0s
[      9s] main 30b c1533 ic_m4 random_dick_r2 table completed_valid t=0.0s
[      9s] main 30b c1533 ic_m4 known_null_dick table completed_valid t=0.0s
[      9s] main 30b c1534 ic_m4 subgroup table completed_valid t=0.0s
[      9s] main 30b c1534 ic_m4 dickson table completed_valid t=0.0s
[      9s] main 30b c1534 ic_m4 small_x table completed_valid t=0.0s
[      9s] main 30b c1534 ic_m4 random_sub_r0 table completed_valid t=0.0s
[      9s] main 30b c1534 ic_m4 random_sub_r1 table completed_valid t=0.0s
[      9s] main 30b c1534 ic_m4 random_sub_r2 table completed_valid t=0.0s
[      9s] main 30b c1534 ic_m4 known_null_sub table completed_valid t=0.0s
[      9s] main 30b c1534 ic_m4 random_dick_r0 table completed_valid t=0.0s
[      9s] main 30b c1534 ic_m4 random_dick_r1 table completed_valid t=0.0s
[      9s] main 30b c1534 ic_m4 random_dick_r2 table completed_valid t=0.0s
[      9s] main 30b c1534 ic_m4 known_null_dick table completed_valid t=0.0s
[      9s] main 30b c1535 ic_m4 subgroup table completed_valid t=0.0s
[      9s] main 30b c1535 ic_m4 dickson table completed_valid t=0.0s
[      9s] main 30b c1535 ic_m4 small_x table completed_valid t=0.0s
[      9s] main 30b c1535 ic_m4 random_sub_r0 table completed_valid t=0.0s
[      9s] main 30b c1535 ic_m4 random_sub_r1 table completed_valid t=0.0s
[      9s] main 30b c1535 ic_m4 random_sub_r2 table completed_valid t=0.0s
[      9s] main 30b c1535 ic_m4 known_null_sub table completed_valid t=0.0s
[      9s] main 30b c1535 ic_m4 random_dick_r0 table completed_valid t=0.0s
[      9s] main 30b c1535 ic_m4 random_dick_r1 table completed_valid t=0.0s
[      9s] main 30b c1535 ic_m4 random_dick_r2 table completed_valid t=0.0s
[      9s] main 30b c1535 ic_m4 known_null_dick table completed_valid t=0.0s
[     10s] main 30b c1536 ic_m4 subgroup table completed_valid t=0.0s
[     10s] main 30b c1536 ic_m4 dickson table completed_valid t=0.0s
[     10s] main 30b c1536 ic_m4 small_x table completed_valid t=0.0s
[     10s] main 30b c1536 ic_m4 random_sub_r0 table completed_valid t=0.0s
[     10s] main 30b c1536 ic_m4 random_sub_r1 table completed_valid t=0.0s
[     10s] main 30b c1536 ic_m4 random_sub_r2 table completed_valid t=0.0s
[     10s] main 30b c1536 ic_m4 known_null_sub table completed_valid t=0.0s
[     10s] main 30b c1536 ic_m4 random_dick_r0 table completed_valid t=0.0s
[     10s] main 30b c1536 ic_m4 random_dick_r1 table completed_valid t=0.0s
[     10s] main 30b c1536 ic_m4 random_dick_r2 table completed_valid t=0.0s
[     10s] main 30b c1536 ic_m4 known_null_dick table completed_valid t=0.0s
[     10s] main 30b c1537 ic_m4 subgroup table completed_valid t=0.0s
[     10s] main 30b c1537 ic_m4 dickson table completed_valid t=0.0s
[     10s] main 30b c1537 ic_m4 small_x table completed_valid t=0.0s
[     10s] main 30b c1537 ic_m4 random_sub_r0 table completed_valid t=0.0s
[     10s] main 30b c1537 ic_m4 random_sub_r1 table completed_valid t=0.0s
[     10s] main 30b c1537 ic_m4 random_sub_r2 table completed_valid t=0.0s
[     10s] main 30b c1537 ic_m4 known_null_sub table completed_valid t=0.0s
[     10s] main 30b c1537 ic_m4 random_dick_r0 table completed_valid t=0.0s
[     10s] main 30b c1537 ic_m4 random_dick_r1 table completed_valid t=0.0s
[     10s] main 30b c1537 ic_m4 random_dick_r2 table completed_valid t=0.0s
[     10s] main 30b c1537 ic_m4 known_null_dick table completed_valid t=0.0s
[     10s] main 30b c1538 ic_m4 subgroup table completed_valid t=0.0s
[     10s] main 30b c1538 ic_m4 dickson table completed_valid t=0.0s
[     10s] main 30b c1538 ic_m4 small_x table completed_valid t=0.0s
[     10s] main 30b c1538 ic_m4 random_sub_r0 table completed_valid t=0.0s
[     10s] main 30b c1538 ic_m4 random_sub_r1 table completed_valid t=0.0s
[     10s] main 30b c1538 ic_m4 random_sub_r2 table completed_valid t=0.0s
[     10s] main 30b c1538 ic_m4 known_null_sub table completed_valid t=0.0s
[     10s] main 30b c1538 ic_m4 random_dick_r0 table completed_valid t=0.0s
[     10s] main 30b c1538 ic_m4 random_dick_r1 table completed_valid t=0.0s
[     10s] main 30b c1538 ic_m4 random_dick_r2 table completed_valid t=0.0s
[     10s] main 30b c1538 ic_m4 known_null_dick table completed_valid t=0.0s
[     11s] main 30b c1539 ic_m4 subgroup table completed_valid t=0.0s
[     11s] main 30b c1539 ic_m4 dickson table completed_valid t=0.0s
[     11s] main 30b c1539 ic_m4 small_x table completed_valid t=0.0s
[     11s] main 30b c1539 ic_m4 random_sub_r0 table completed_valid t=0.0s
[     11s] main 30b c1539 ic_m4 random_sub_r1 table completed_valid t=0.0s
[     11s] main 30b c1539 ic_m4 random_sub_r2 table completed_valid t=0.0s
[     11s] main 30b c1539 ic_m4 known_null_sub table completed_valid t=0.0s
[     11s] main 30b c1539 ic_m4 random_dick_r0 table completed_valid t=0.0s
[     11s] main 30b c1539 ic_m4 random_dick_r1 table completed_valid t=0.0s
[     11s] main 30b c1539 ic_m4 random_dick_r2 table completed_valid t=0.0s
[     11s] main 30b c1539 ic_m4 known_null_dick table completed_valid t=0.0s
[     11s] main 30b c1540 ic_m4 subgroup table completed_valid t=0.0s
[     11s] main 30b c1540 ic_m4 dickson table completed_valid t=0.0s
[     11s] main 30b c1540 ic_m4 small_x table completed_valid t=0.0s
[     11s] main 30b c1540 ic_m4 random_sub_r0 table completed_valid t=0.0s
[     11s] main 30b c1540 ic_m4 random_sub_r1 table completed_valid t=0.0s
[     11s] main 30b c1540 ic_m4 random_sub_r2 table completed_valid t=0.0s
[     11s] main 30b c1540 ic_m4 known_null_sub table completed_valid t=0.0s
[     11s] main 30b c1540 ic_m4 random_dick_r0 table completed_valid t=0.0s
[     11s] main 30b c1540 ic_m4 random_dick_r1 table completed_valid t=0.0s
[     11s] main 30b c1540 ic_m4 random_dick_r2 table completed_valid t=0.0s
[     11s] main 30b c1540 ic_m4 known_null_dick table completed_valid t=0.0s
[     11s] main 30b c1541 ic_m4 subgroup table completed_valid t=0.0s
[     11s] main 30b c1541 ic_m4 dickson table completed_valid t=0.0s
[     11s] main 30b c1541 ic_m4 small_x table completed_valid t=0.0s
[     11s] main 30b c1541 ic_m4 random_sub_r0 table completed_valid t=0.0s
[     11s] main 30b c1541 ic_m4 random_sub_r1 table completed_valid t=0.0s
[     11s] main 30b c1541 ic_m4 random_sub_r2 table completed_valid t=0.0s
[     11s] main 30b c1541 ic_m4 known_null_sub table completed_valid t=0.0s
[     11s] main 30b c1541 ic_m4 random_dick_r0 table completed_valid t=0.0s
[     11s] main 30b c1541 ic_m4 random_dick_r1 table completed_valid t=0.0s
[     11s] main 30b c1541 ic_m4 random_dick_r2 table completed_valid t=0.0s
[     11s] main 30b c1541 ic_m4 known_null_dick table completed_valid t=0.0s
[     12s] main 30b c1542 ic_m4 subgroup table completed_valid t=0.0s
[     12s] main 30b c1542 ic_m4 dickson table completed_valid t=0.0s
[     12s] main 30b c1542 ic_m4 small_x table completed_valid t=0.0s
[     12s] main 30b c1542 ic_m4 random_sub_r0 table completed_valid t=0.0s
[     12s] main 30b c1542 ic_m4 random_sub_r1 table completed_valid t=0.0s
[     12s] main 30b c1542 ic_m4 random_sub_r2 table completed_valid t=0.0s
[     12s] main 30b c1542 ic_m4 known_null_sub table completed_valid t=0.0s
[     12s] main 30b c1542 ic_m4 random_dick_r0 table completed_valid t=0.0s
[     12s] main 30b c1542 ic_m4 random_dick_r1 table completed_valid t=0.0s
[     12s] main 30b c1542 ic_m4 random_dick_r2 table completed_valid t=0.0s
[     12s] main 30b c1542 ic_m4 known_null_dick table completed_valid t=0.0s
[     12s] main 30b c1543 ic_m4 subgroup table completed_valid t=0.0s
[     12s] main 30b c1543 ic_m4 dickson table completed_valid t=0.0s
[     12s] main 30b c1543 ic_m4 small_x table completed_valid t=0.0s
[     12s] main 30b c1543 ic_m4 random_sub_r0 table completed_valid t=0.0s
[     12s] main 30b c1543 ic_m4 random_sub_r1 table completed_valid t=0.0s
[     12s] main 30b c1543 ic_m4 random_sub_r2 table completed_valid t=0.0s
[     12s] main 30b c1543 ic_m4 known_null_sub table completed_valid t=0.0s
[     12s] main 30b c1543 ic_m4 random_dick_r0 table completed_valid t=0.0s
[     12s] main 30b c1543 ic_m4 random_dick_r1 table completed_valid t=0.0s
[     12s] main 30b c1543 ic_m4 random_dick_r2 table completed_valid t=0.0s
[     12s] main 30b c1543 ic_m4 known_null_dick table completed_valid t=0.0s
[     12s] main 30b c1544 ic_m4 subgroup table completed_valid t=0.0s
[     12s] main 30b c1544 ic_m4 dickson table completed_valid t=0.0s
[     12s] main 30b c1544 ic_m4 small_x table completed_valid t=0.0s
[     12s] main 30b c1544 ic_m4 random_sub_r0 table completed_valid t=0.0s
[     12s] main 30b c1544 ic_m4 random_sub_r1 table completed_valid t=0.0s
[     12s] main 30b c1544 ic_m4 random_sub_r2 table completed_valid t=0.0s
[     12s] main 30b c1544 ic_m4 known_null_sub table completed_valid t=0.0s
[     12s] main 30b c1544 ic_m4 random_dick_r0 table completed_valid t=0.0s
[     12s] main 30b c1544 ic_m4 random_dick_r1 table completed_valid t=0.0s
[     12s] main 30b c1544 ic_m4 random_dick_r2 table completed_valid t=0.0s
[     12s] main 30b c1544 ic_m4 known_null_dick table completed_valid t=0.0s
[     12s] main 30b c1545 ic_m4 subgroup table completed_valid t=0.0s
[     12s] main 30b c1545 ic_m4 dickson table completed_valid t=0.0s
[     12s] main 30b c1545 ic_m4 small_x table completed_valid t=0.0s
[     12s] main 30b c1545 ic_m4 random_sub_r0 table completed_valid t=0.0s
[     12s] main 30b c1545 ic_m4 random_sub_r1 table completed_valid t=0.0s
[     12s] main 30b c1545 ic_m4 random_sub_r2 table completed_valid t=0.0s
[     12s] main 30b c1545 ic_m4 known_null_sub table completed_valid t=0.0s
[     12s] main 30b c1545 ic_m4 random_dick_r0 table completed_valid t=0.0s
[     12s] main 30b c1545 ic_m4 random_dick_r1 table completed_valid t=0.0s
[     12s] main 30b c1545 ic_m4 random_dick_r2 table completed_valid t=0.0s
[     12s] main 30b c1545 ic_m4 known_null_dick table completed_valid t=0.0s
[     13s] main 30b c1546 ic_m4 subgroup table completed_valid t=0.0s
[     13s] main 30b c1546 ic_m4 dickson table completed_valid t=0.0s
[     13s] main 30b c1546 ic_m4 small_x table completed_valid t=0.0s
[     13s] main 30b c1546 ic_m4 random_sub_r0 table completed_valid t=0.0s
[     13s] main 30b c1546 ic_m4 random_sub_r1 table completed_valid t=0.0s
[     13s] main 30b c1546 ic_m4 random_sub_r2 table completed_valid t=0.0s
[     13s] main 30b c1546 ic_m4 known_null_sub table completed_valid t=0.0s
[     13s] main 30b c1546 ic_m4 random_dick_r0 table completed_valid t=0.0s
[     13s] main 30b c1546 ic_m4 random_dick_r1 table completed_valid t=0.0s
[     13s] main 30b c1546 ic_m4 random_dick_r2 table completed_valid t=0.0s
[     13s] main 30b c1546 ic_m4 known_null_dick table completed_valid t=0.0s
[     13s] main 30b c1547 ic_m4 subgroup table completed_valid t=0.0s
[     13s] main 30b c1547 ic_m4 dickson table completed_valid t=0.0s
[     13s] main 30b c1547 ic_m4 small_x table completed_valid t=0.0s
[     13s] main 30b c1547 ic_m4 random_sub_r0 table completed_valid t=0.0s
[     13s] main 30b c1547 ic_m4 random_sub_r1 table completed_valid t=0.0s
[     13s] main 30b c1547 ic_m4 random_sub_r2 table completed_valid t=0.0s
[     13s] main 30b c1547 ic_m4 known_null_sub table completed_valid t=0.0s
[     13s] main 30b c1547 ic_m4 random_dick_r0 table completed_valid t=0.0s
[     13s] main 30b c1547 ic_m4 random_dick_r1 table completed_valid t=0.0s
[     13s] main 30b c1547 ic_m4 random_dick_r2 table completed_valid t=0.0s
[     13s] main 30b c1547 ic_m4 known_null_dick table completed_valid t=0.0s
[     13s] main 30b c1548 ic_m4 subgroup table completed_valid t=0.0s
[     13s] main 30b c1548 ic_m4 dickson table completed_valid t=0.0s
[     13s] main 30b c1548 ic_m4 small_x table completed_valid t=0.0s
[     13s] main 30b c1548 ic_m4 random_sub_r0 table completed_valid t=0.0s
[     13s] main 30b c1548 ic_m4 random_sub_r1 table completed_valid t=0.0s
[     13s] main 30b c1548 ic_m4 random_sub_r2 table completed_valid t=0.0s
[     13s] main 30b c1548 ic_m4 known_null_sub table completed_valid t=0.0s
[     13s] main 30b c1548 ic_m4 random_dick_r0 table completed_valid t=0.0s
[     13s] main 30b c1548 ic_m4 random_dick_r1 table completed_valid t=0.0s
[     13s] main 30b c1548 ic_m4 random_dick_r2 table completed_valid t=0.0s
[     13s] main 30b c1548 ic_m4 known_null_dick table completed_valid t=0.0s
[     13s] main 30b c1549 ic_m4 subgroup table completed_valid t=0.0s
[     13s] main 30b c1549 ic_m4 dickson table completed_valid t=0.0s
[     13s] main 30b c1549 ic_m4 small_x table completed_valid t=0.0s
[     13s] main 30b c1549 ic_m4 random_sub_r0 table completed_valid t=0.0s
[     13s] main 30b c1549 ic_m4 random_sub_r1 table completed_valid t=0.0s
[     13s] main 30b c1549 ic_m4 random_sub_r2 table completed_valid t=0.0s
[     13s] main 30b c1549 ic_m4 known_null_sub table completed_valid t=0.0s
[     13s] main 30b c1549 ic_m4 random_dick_r0 table completed_valid t=0.0s
[     13s] main 30b c1549 ic_m4 random_dick_r1 table completed_valid t=0.0s
[     13s] main 30b c1549 ic_m4 random_dick_r2 table completed_valid t=0.0s
[     13s] main 30b c1549 ic_m4 known_null_dick table completed_valid t=0.0s
[     14s] main 30b c1550 ic_m4 subgroup table completed_valid t=0.0s
[     14s] main 30b c1550 ic_m4 dickson table completed_valid t=0.0s
[     14s] main 30b c1550 ic_m4 small_x table completed_valid t=0.0s
[     14s] main 30b c1550 ic_m4 random_sub_r0 table completed_valid t=0.0s
[     14s] main 30b c1550 ic_m4 random_sub_r1 table completed_valid t=0.0s
[     14s] main 30b c1550 ic_m4 random_sub_r2 table completed_valid t=0.0s
[     14s] main 30b c1550 ic_m4 known_null_sub table completed_valid t=0.0s
[     14s] main 30b c1550 ic_m4 random_dick_r0 table completed_valid t=0.0s
[     14s] main 30b c1550 ic_m4 random_dick_r1 table completed_valid t=0.0s
[     14s] main 30b c1550 ic_m4 random_dick_r2 table completed_valid t=0.0s
[     14s] main 30b c1550 ic_m4 known_null_dick table completed_valid t=0.0s
[     14s] main 30b c1551 ic_m4 subgroup table completed_valid t=0.0s
[     14s] main 30b c1551 ic_m4 dickson table completed_valid t=0.0s
[     14s] main 30b c1551 ic_m4 small_x table completed_valid t=0.0s
[     14s] main 30b c1551 ic_m4 random_sub_r0 table completed_valid t=0.0s
[     14s] main 30b c1551 ic_m4 random_sub_r1 table completed_valid t=0.0s
[     14s] main 30b c1551 ic_m4 random_sub_r2 table completed_valid t=0.0s
[     14s] main 30b c1551 ic_m4 known_null_sub table completed_valid t=0.0s
[     14s] main 30b c1551 ic_m4 random_dick_r0 table completed_valid t=0.0s
[     14s] main 30b c1551 ic_m4 random_dick_r1 table completed_valid t=0.0s
[     14s] main 30b c1551 ic_m4 random_dick_r2 table completed_valid t=0.0s
[     14s] main 30b c1551 ic_m4 known_null_dick table completed_valid t=0.0s
[     15s] main 30b c1552 ic_m4 subgroup table completed_valid t=0.0s
[     15s] main 30b c1552 ic_m4 dickson table completed_valid t=0.0s
[     15s] main 30b c1552 ic_m4 small_x table completed_valid t=0.0s
[     15s] main 30b c1552 ic_m4 random_sub_r0 table completed_valid t=0.0s
[     15s] main 30b c1552 ic_m4 random_sub_r1 table completed_valid t=0.0s
[     15s] main 30b c1552 ic_m4 random_sub_r2 table completed_valid t=0.0s
[     15s] main 30b c1552 ic_m4 known_null_sub table completed_valid t=0.0s
[     15s] main 30b c1552 ic_m4 random_dick_r0 table completed_valid t=0.0s
[     15s] main 30b c1552 ic_m4 random_dick_r1 table completed_valid t=0.0s
[     15s] main 30b c1552 ic_m4 random_dick_r2 table completed_valid t=0.0s
[     15s] main 30b c1552 ic_m4 known_null_dick table completed_valid t=0.0s
[     15s] main 30b c1553 ic_m4 subgroup table completed_valid t=0.0s
[     15s] main 30b c1553 ic_m4 dickson table completed_valid t=0.0s
[     15s] main 30b c1553 ic_m4 small_x table completed_valid t=0.0s
[     15s] main 30b c1553 ic_m4 random_sub_r0 table completed_valid t=0.0s
[     15s] main 30b c1553 ic_m4 random_sub_r1 table completed_valid t=0.0s
[     15s] main 30b c1553 ic_m4 random_sub_r2 table completed_valid t=0.0s
[     15s] main 30b c1553 ic_m4 known_null_sub table completed_valid t=0.0s
[     15s] main 30b c1553 ic_m4 random_dick_r0 table completed_valid t=0.0s
[     15s] main 30b c1553 ic_m4 random_dick_r1 table completed_valid t=0.0s
[     15s] main 30b c1553 ic_m4 random_dick_r2 table completed_valid t=0.0s
[     15s] main 30b c1553 ic_m4 known_null_dick table completed_valid t=0.0s
[     15s] main 30b c1554 ic_m4 subgroup table completed_valid t=0.0s
[     15s] main 30b c1554 ic_m4 dickson table completed_valid t=0.0s
[     15s] main 30b c1554 ic_m4 small_x table completed_valid t=0.0s
[     15s] main 30b c1554 ic_m4 random_sub_r0 table completed_valid t=0.0s
[     15s] main 30b c1554 ic_m4 random_sub_r1 table completed_valid t=0.0s
[     15s] main 30b c1554 ic_m4 random_sub_r2 table completed_valid t=0.0s
[     15s] main 30b c1554 ic_m4 known_null_sub table completed_valid t=0.0s
[     15s] main 30b c1554 ic_m4 random_dick_r0 table completed_valid t=0.0s
[     15s] main 30b c1554 ic_m4 random_dick_r1 table completed_valid t=0.0s
[     15s] main 30b c1554 ic_m4 random_dick_r2 table completed_valid t=0.0s
[     15s] main 30b c1554 ic_m4 known_null_dick table completed_valid t=0.0s
[     16s] main 30b c1555 ic_m4 subgroup table completed_valid t=0.0s
[     16s] main 30b c1555 ic_m4 dickson table completed_valid t=0.0s
[     16s] main 30b c1555 ic_m4 small_x table completed_valid t=0.0s
[     16s] main 30b c1555 ic_m4 random_sub_r0 table completed_valid t=0.0s
[     16s] main 30b c1555 ic_m4 random_sub_r1 table completed_valid t=0.0s
[     16s] main 30b c1555 ic_m4 random_sub_r2 table completed_valid t=0.0s
[     16s] main 30b c1555 ic_m4 known_null_sub table completed_valid t=0.0s
[     16s] main 30b c1555 ic_m4 random_dick_r0 table completed_valid t=0.0s
[     16s] main 30b c1555 ic_m4 random_dick_r1 table completed_valid t=0.0s
[     16s] main 30b c1555 ic_m4 random_dick_r2 table completed_valid t=0.0s
[     16s] main 30b c1555 ic_m4 known_null_dick table completed_valid t=0.0s
[     16s] main 30b c1556 ic_m4 subgroup table completed_valid t=0.0s
[     16s] main 30b c1556 ic_m4 dickson table completed_valid t=0.0s
[     16s] main 30b c1556 ic_m4 small_x table completed_valid t=0.0s
[     16s] main 30b c1556 ic_m4 random_sub_r0 table completed_valid t=0.0s
[     16s] main 30b c1556 ic_m4 random_sub_r1 table completed_valid t=0.0s
[     16s] main 30b c1556 ic_m4 random_sub_r2 table completed_valid t=0.0s
[     16s] main 30b c1556 ic_m4 known_null_sub table completed_valid t=0.0s
[     16s] main 30b c1556 ic_m4 random_dick_r0 table completed_valid t=0.0s
[     16s] main 30b c1556 ic_m4 random_dick_r1 table completed_valid t=0.0s
[     16s] main 30b c1556 ic_m4 random_dick_r2 table completed_valid t=0.0s
[     16s] main 30b c1556 ic_m4 known_null_dick table completed_valid t=0.0s
[     16s] main 30b c1557 ic_m4 subgroup table completed_valid t=0.0s
[     16s] main 30b c1557 ic_m4 dickson table completed_valid t=0.0s
[     16s] main 30b c1557 ic_m4 small_x table completed_valid t=0.0s
[     16s] main 30b c1557 ic_m4 random_sub_r0 table completed_valid t=0.0s
[     16s] main 30b c1557 ic_m4 random_sub_r1 table completed_valid t=0.0s
[     16s] main 30b c1557 ic_m4 random_sub_r2 table completed_valid t=0.0s
[     16s] main 30b c1557 ic_m4 known_null_sub table completed_valid t=0.0s
[     16s] main 30b c1557 ic_m4 random_dick_r0 table completed_valid t=0.0s
[     16s] main 30b c1557 ic_m4 random_dick_r1 table completed_valid t=0.0s
[     16s] main 30b c1557 ic_m4 random_dick_r2 table completed_valid t=0.0s
[     16s] main 30b c1557 ic_m4 known_null_dick table completed_valid t=0.0s
[     17s] main 30b c1558 ic_m4 subgroup table completed_valid t=0.0s
[     17s] main 30b c1558 ic_m4 dickson table completed_valid t=0.0s
[     17s] main 30b c1558 ic_m4 small_x table completed_valid t=0.0s
[     17s] main 30b c1558 ic_m4 random_sub_r0 table completed_valid t=0.0s
[     17s] main 30b c1558 ic_m4 random_sub_r1 table completed_valid t=0.0s
[     17s] main 30b c1558 ic_m4 random_sub_r2 table completed_valid t=0.0s
[     17s] main 30b c1558 ic_m4 known_null_sub table completed_valid t=0.0s
[     17s] main 30b c1558 ic_m4 random_dick_r0 table completed_valid t=0.0s
[     17s] main 30b c1558 ic_m4 random_dick_r1 table completed_valid t=0.0s
[     17s] main 30b c1558 ic_m4 random_dick_r2 table completed_valid t=0.0s
[     17s] main 30b c1558 ic_m4 known_null_dick table completed_valid t=0.0s
[     17s] main 30b c1559 ic_m4 subgroup table completed_valid t=0.0s
[     17s] main 30b c1559 ic_m4 dickson table completed_valid t=0.0s
[     17s] main 30b c1559 ic_m4 small_x table completed_valid t=0.0s
[     17s] main 30b c1559 ic_m4 random_sub_r0 table completed_valid t=0.0s
[     17s] main 30b c1559 ic_m4 random_sub_r1 table completed_valid t=0.0s
[     17s] main 30b c1559 ic_m4 random_sub_r2 table completed_valid t=0.0s
[     17s] main 30b c1559 ic_m4 known_null_sub table completed_valid t=0.0s
[     17s] main 30b c1559 ic_m4 random_dick_r0 table completed_valid t=0.0s
[     17s] main 30b c1559 ic_m4 random_dick_r1 table completed_valid t=0.0s
[     17s] main 30b c1559 ic_m4 random_dick_r2 table completed_valid t=0.0s
[     17s] main 30b c1559 ic_m4 known_null_dick table completed_valid t=0.0s
[     18s] main 30b c1560 ic_m4 subgroup table completed_valid t=0.0s
[     18s] main 30b c1560 ic_m4 dickson table completed_valid t=0.0s
[     18s] main 30b c1560 ic_m4 small_x table completed_valid t=0.0s
[     18s] main 30b c1560 ic_m4 random_sub_r0 table completed_valid t=0.0s
[     18s] main 30b c1560 ic_m4 random_sub_r1 table completed_valid t=0.0s
[     18s] main 30b c1560 ic_m4 random_sub_r2 table completed_valid t=0.0s
[     18s] main 30b c1560 ic_m4 known_null_sub table completed_valid t=0.0s
[     18s] main 30b c1560 ic_m4 random_dick_r0 table completed_valid t=0.0s
[     18s] main 30b c1560 ic_m4 random_dick_r1 table completed_valid t=0.0s
[     18s] main 30b c1560 ic_m4 random_dick_r2 table completed_valid t=0.0s
[     18s] main 30b c1560 ic_m4 known_null_dick table completed_valid t=0.0s
[     18s] main 30b c1561 ic_m4 subgroup table completed_valid t=0.0s
[     18s] main 30b c1561 ic_m4 dickson table completed_valid t=0.0s
[     18s] main 30b c1561 ic_m4 small_x table completed_valid t=0.0s
[     18s] main 30b c1561 ic_m4 random_sub_r0 table completed_valid t=0.0s
[     18s] main 30b c1561 ic_m4 random_sub_r1 table completed_valid t=0.0s
[     18s] main 30b c1561 ic_m4 random_sub_r2 table completed_valid t=0.0s
[     18s] main 30b c1561 ic_m4 known_null_sub table completed_valid t=0.0s
[     18s] main 30b c1561 ic_m4 random_dick_r0 table completed_valid t=0.0s
[     18s] main 30b c1561 ic_m4 random_dick_r1 table completed_valid t=0.0s
[     18s] main 30b c1561 ic_m4 random_dick_r2 table completed_valid t=0.0s
[     18s] main 30b c1561 ic_m4 known_null_dick table completed_valid t=0.0s
[     18s] main 30b c1562 ic_m4 subgroup table completed_valid t=0.0s
[     18s] main 30b c1562 ic_m4 dickson table completed_valid t=0.0s
[     18s] main 30b c1562 ic_m4 small_x table completed_valid t=0.0s
[     18s] main 30b c1562 ic_m4 random_sub_r0 table completed_valid t=0.0s
[     18s] main 30b c1562 ic_m4 random_sub_r1 table completed_valid t=0.0s
[     18s] main 30b c1562 ic_m4 random_sub_r2 table completed_valid t=0.0s
[     18s] main 30b c1562 ic_m4 known_null_sub table completed_valid t=0.0s
[     18s] main 30b c1562 ic_m4 random_dick_r0 table completed_valid t=0.0s
[     18s] main 30b c1562 ic_m4 random_dick_r1 table completed_valid t=0.0s
[     18s] main 30b c1562 ic_m4 random_dick_r2 table completed_valid t=0.0s
[     18s] main 30b c1562 ic_m4 known_null_dick table completed_valid t=0.0s
[     19s] main 30b c1563 ic_m4 subgroup table completed_valid t=0.0s
[     19s] main 30b c1563 ic_m4 dickson table completed_valid t=0.0s
[     19s] main 30b c1563 ic_m4 small_x table completed_valid t=0.0s
[     19s] main 30b c1563 ic_m4 random_sub_r0 table completed_valid t=0.0s
[     19s] main 30b c1563 ic_m4 random_sub_r1 table completed_valid t=0.0s
[     19s] main 30b c1563 ic_m4 random_sub_r2 table completed_valid t=0.0s
[     19s] main 30b c1563 ic_m4 known_null_sub table completed_valid t=0.0s
[     19s] main 30b c1563 ic_m4 random_dick_r0 table completed_valid t=0.0s
[     19s] main 30b c1563 ic_m4 random_dick_r1 table completed_valid t=0.0s
[     19s] main 30b c1563 ic_m4 random_dick_r2 table completed_valid t=0.0s
[     19s] main 30b c1563 ic_m4 known_null_dick table completed_valid t=0.0s
[     19s] main 30b c1564 ic_m4 subgroup table completed_valid t=0.0s
[     19s] main 30b c1564 ic_m4 dickson table completed_valid t=0.0s
[     19s] main 30b c1564 ic_m4 small_x table completed_valid t=0.0s
[     19s] main 30b c1564 ic_m4 random_sub_r0 table completed_valid t=0.0s
[     19s] main 30b c1564 ic_m4 random_sub_r1 table completed_valid t=0.0s
[     19s] main 30b c1564 ic_m4 random_sub_r2 table completed_valid t=0.0s
[     19s] main 30b c1564 ic_m4 known_null_sub table completed_valid t=0.0s
[     19s] main 30b c1564 ic_m4 random_dick_r0 table completed_valid t=0.0s
[     19s] main 30b c1564 ic_m4 random_dick_r1 table completed_valid t=0.0s
[     19s] main 30b c1564 ic_m4 random_dick_r2 table completed_valid t=0.0s
[     19s] main 30b c1564 ic_m4 known_null_dick table completed_valid t=0.0s
[     19s] main 30b c1565 ic_m4 subgroup table completed_valid t=0.0s
[     19s] main 30b c1565 ic_m4 dickson table completed_valid t=0.0s
[     19s] main 30b c1565 ic_m4 small_x table completed_valid t=0.0s
[     19s] main 30b c1565 ic_m4 random_sub_r0 table completed_valid t=0.0s
[     19s] main 30b c1565 ic_m4 random_sub_r1 table completed_valid t=0.0s
[     19s] main 30b c1565 ic_m4 random_sub_r2 table completed_valid t=0.0s
[     19s] main 30b c1565 ic_m4 known_null_sub table completed_valid t=0.0s
[     19s] main 30b c1565 ic_m4 random_dick_r0 table completed_valid t=0.0s
[     19s] main 30b c1565 ic_m4 random_dick_r1 table completed_valid t=0.0s
[     19s] main 30b c1565 ic_m4 random_dick_r2 table completed_valid t=0.0s
[     19s] main 30b c1565 ic_m4 known_null_dick table completed_valid t=0.0s
[     20s] main 30b c1566 ic_m4 subgroup table completed_valid t=0.0s
[     20s] main 30b c1566 ic_m4 dickson table completed_valid t=0.0s
[     20s] main 30b c1566 ic_m4 small_x table completed_valid t=0.0s
[     20s] main 30b c1566 ic_m4 random_sub_r0 table completed_valid t=0.0s
[     20s] main 30b c1566 ic_m4 random_sub_r1 table completed_valid t=0.0s
[     20s] main 30b c1566 ic_m4 random_sub_r2 table completed_valid t=0.0s
[     20s] main 30b c1566 ic_m4 known_null_sub table completed_valid t=0.0s
[     20s] main 30b c1566 ic_m4 random_dick_r0 table completed_valid t=0.0s
[     20s] main 30b c1566 ic_m4 random_dick_r1 table completed_valid t=0.0s
[     20s] main 30b c1566 ic_m4 random_dick_r2 table completed_valid t=0.0s
[     20s] main 30b c1566 ic_m4 known_null_dick table completed_valid t=0.0s
[     20s] main 30b c1567 ic_m4 subgroup table completed_valid t=0.0s
[     20s] main 30b c1567 ic_m4 dickson table completed_valid t=0.0s
[     20s] main 30b c1567 ic_m4 small_x table completed_valid t=0.0s
[     20s] main 30b c1567 ic_m4 random_sub_r0 table completed_valid t=0.0s
[     20s] main 30b c1567 ic_m4 random_sub_r1 table completed_valid t=0.0s
[     20s] main 30b c1567 ic_m4 random_sub_r2 table completed_valid t=0.0s
[     20s] main 30b c1567 ic_m4 known_null_sub table completed_valid t=0.0s
[     20s] main 30b c1567 ic_m4 random_dick_r0 table completed_valid t=0.0s
[     20s] main 30b c1567 ic_m4 random_dick_r1 table completed_valid t=0.0s
[     20s] main 30b c1567 ic_m4 random_dick_r2 table completed_valid t=0.0s
[     20s] main 30b c1567 ic_m4 known_null_dick table completed_valid t=0.0s
[     21s] main 30b c1568 ic_m4 subgroup table completed_valid t=0.0s
[     21s] main 30b c1568 ic_m4 dickson table completed_valid t=0.0s
[     21s] main 30b c1568 ic_m4 small_x table completed_valid t=0.0s
[     21s] main 30b c1568 ic_m4 random_sub_r0 table completed_valid t=0.0s
[     21s] main 30b c1568 ic_m4 random_sub_r1 table completed_valid t=0.0s
[     21s] main 30b c1568 ic_m4 random_sub_r2 table completed_valid t=0.0s
[     21s] main 30b c1568 ic_m4 known_null_sub table completed_valid t=0.0s
[     21s] main 30b c1568 ic_m4 random_dick_r0 table completed_valid t=0.0s
[     21s] main 30b c1568 ic_m4 random_dick_r1 table completed_valid t=0.0s
[     21s] main 30b c1568 ic_m4 random_dick_r2 table completed_valid t=0.0s
[     21s] main 30b c1568 ic_m4 known_null_dick table completed_valid t=0.0s
[     21s] main 30b c1569 ic_m4 subgroup table completed_valid t=0.0s
[     21s] main 30b c1569 ic_m4 dickson table completed_valid t=0.0s
[     21s] main 30b c1569 ic_m4 small_x table completed_valid t=0.0s
[     21s] main 30b c1569 ic_m4 random_sub_r0 table completed_valid t=0.0s
[     21s] main 30b c1569 ic_m4 random_sub_r1 table completed_valid t=0.0s
[     21s] main 30b c1569 ic_m4 random_sub_r2 table completed_valid t=0.0s
[     21s] main 30b c1569 ic_m4 known_null_sub table completed_valid t=0.0s
[     21s] main 30b c1569 ic_m4 random_dick_r0 table completed_valid t=0.0s
[     21s] main 30b c1569 ic_m4 random_dick_r1 table completed_valid t=0.0s
[     21s] main 30b c1569 ic_m4 random_dick_r2 table completed_valid t=0.0s
[     21s] main 30b c1569 ic_m4 known_null_dick table completed_valid t=0.0s
[     21s] main 30b c1570 ic_m4 subgroup table completed_valid t=0.0s
[     21s] main 30b c1570 ic_m4 dickson table completed_valid t=0.0s
[     21s] main 30b c1570 ic_m4 small_x table completed_valid t=0.0s
[     21s] main 30b c1570 ic_m4 random_sub_r0 table completed_valid t=0.0s
[     21s] main 30b c1570 ic_m4 random_sub_r1 table completed_valid t=0.0s
[     21s] main 30b c1570 ic_m4 random_sub_r2 table completed_valid t=0.0s
[     21s] main 30b c1570 ic_m4 known_null_sub table completed_valid t=0.0s
[     21s] main 30b c1570 ic_m4 random_dick_r0 table completed_valid t=0.0s
[     21s] main 30b c1570 ic_m4 random_dick_r1 table completed_valid t=0.0s
[     21s] main 30b c1570 ic_m4 random_dick_r2 table completed_valid t=0.0s
[     21s] main 30b c1570 ic_m4 known_null_dick table completed_valid t=0.0s
[     22s] main 30b c1571 ic_m4 subgroup table completed_valid t=0.0s
[     22s] main 30b c1571 ic_m4 dickson table completed_valid t=0.0s
[     22s] main 30b c1571 ic_m4 small_x table completed_valid t=0.0s
[     22s] main 30b c1571 ic_m4 random_sub_r0 table completed_valid t=0.0s
[     22s] main 30b c1571 ic_m4 random_sub_r1 table completed_valid t=0.0s
[     22s] main 30b c1571 ic_m4 random_sub_r2 table completed_valid t=0.0s
[     22s] main 30b c1571 ic_m4 known_null_sub table completed_valid t=0.0s
[     22s] main 30b c1571 ic_m4 random_dick_r0 table completed_valid t=0.0s
[     22s] main 30b c1571 ic_m4 random_dick_r1 table completed_valid t=0.0s
[     22s] main 30b c1571 ic_m4 random_dick_r2 table completed_valid t=0.0s
[     22s] main 30b c1571 ic_m4 known_null_dick table completed_valid t=0.0s
[     22s] main 30b c1572 ic_m4 subgroup table completed_valid t=0.0s
[     22s] main 30b c1572 ic_m4 dickson table completed_valid t=0.0s
[     22s] main 30b c1572 ic_m4 small_x table completed_valid t=0.0s
[     22s] main 30b c1572 ic_m4 random_sub_r0 table completed_valid t=0.0s
[     22s] main 30b c1572 ic_m4 random_sub_r1 table completed_valid t=0.0s
[     22s] main 30b c1572 ic_m4 random_sub_r2 table completed_valid t=0.0s
[     22s] main 30b c1572 ic_m4 known_null_sub table completed_valid t=0.0s
[     22s] main 30b c1572 ic_m4 random_dick_r0 table completed_valid t=0.0s
[     22s] main 30b c1572 ic_m4 random_dick_r1 table completed_valid t=0.0s
[     22s] main 30b c1572 ic_m4 random_dick_r2 table completed_valid t=0.0s
[     22s] main 30b c1572 ic_m4 known_null_dick table completed_valid t=0.0s
[     22s] main 30b c1573 ic_m4 subgroup table completed_valid t=0.0s
[     22s] main 30b c1573 ic_m4 dickson table completed_valid t=0.0s
[     22s] main 30b c1573 ic_m4 small_x table completed_valid t=0.0s
[     22s] main 30b c1573 ic_m4 random_sub_r0 table completed_valid t=0.0s
[     22s] main 30b c1573 ic_m4 random_sub_r1 table completed_valid t=0.0s
[     22s] main 30b c1573 ic_m4 random_sub_r2 table completed_valid t=0.0s
[     22s] main 30b c1573 ic_m4 known_null_sub table completed_valid t=0.0s
[     22s] main 30b c1573 ic_m4 random_dick_r0 table completed_valid t=0.0s
[     22s] main 30b c1573 ic_m4 random_dick_r1 table completed_valid t=0.0s
[     22s] main 30b c1573 ic_m4 random_dick_r2 table completed_valid t=0.0s
[     22s] main 30b c1573 ic_m4 known_null_dick table completed_valid t=0.0s
[     23s] main 30b c1574 ic_m4 subgroup table completed_valid t=0.0s
[     23s] main 30b c1574 ic_m4 dickson table completed_valid t=0.0s
[     23s] main 30b c1574 ic_m4 small_x table completed_valid t=0.0s
[     23s] main 30b c1574 ic_m4 random_sub_r0 table completed_valid t=0.0s
[     23s] main 30b c1574 ic_m4 random_sub_r1 table completed_valid t=0.0s
[     23s] main 30b c1574 ic_m4 random_sub_r2 table completed_valid t=0.0s
[     23s] main 30b c1574 ic_m4 known_null_sub table completed_valid t=0.0s
[     23s] main 30b c1574 ic_m4 random_dick_r0 table completed_valid t=0.0s
[     23s] main 30b c1574 ic_m4 random_dick_r1 table completed_valid t=0.0s
[     23s] main 30b c1574 ic_m4 random_dick_r2 table completed_valid t=0.0s
[     23s] main 30b c1574 ic_m4 known_null_dick table completed_valid t=0.0s
[     23s] main 30b c1575 ic_m4 subgroup table completed_valid t=0.0s
[     23s] main 30b c1575 ic_m4 dickson table completed_valid t=0.0s
[     23s] main 30b c1575 ic_m4 small_x table completed_valid t=0.0s
[     23s] main 30b c1575 ic_m4 random_sub_r0 table completed_valid t=0.0s
[     23s] main 30b c1575 ic_m4 random_sub_r1 table completed_valid t=0.0s
[     23s] main 30b c1575 ic_m4 random_sub_r2 table completed_valid t=0.0s
[     23s] main 30b c1575 ic_m4 known_null_sub table completed_valid t=0.0s
[     23s] main 30b c1575 ic_m4 random_dick_r0 table completed_valid t=0.0s
[     23s] main 30b c1575 ic_m4 random_dick_r1 table completed_valid t=0.0s
[     23s] main 30b c1575 ic_m4 random_dick_r2 table completed_valid t=0.0s
[     23s] main 30b c1575 ic_m4 known_null_dick table completed_valid t=0.0s
[     23s] main 30b c1576 ic_m4 subgroup table completed_valid t=0.0s
[     23s] main 30b c1576 ic_m4 dickson table completed_valid t=0.0s
[     23s] main 30b c1576 ic_m4 small_x table completed_valid t=0.0s
[     23s] main 30b c1576 ic_m4 random_sub_r0 table completed_valid t=0.0s
[     23s] main 30b c1576 ic_m4 random_sub_r1 table completed_valid t=0.0s
[     23s] main 30b c1576 ic_m4 random_sub_r2 table completed_valid t=0.0s
[     23s] main 30b c1576 ic_m4 known_null_sub table completed_valid t=0.0s
[     23s] main 30b c1576 ic_m4 random_dick_r0 table completed_valid t=0.0s
[     23s] main 30b c1576 ic_m4 random_dick_r1 table completed_valid t=0.0s
[     23s] main 30b c1576 ic_m4 random_dick_r2 table completed_valid t=0.0s
[     23s] main 30b c1576 ic_m4 known_null_dick table completed_valid t=0.0s
[     24s] main 30b c1577 ic_m4 subgroup table completed_valid t=0.0s
[     24s] main 30b c1577 ic_m4 dickson table completed_valid t=0.0s
[     24s] main 30b c1577 ic_m4 small_x table completed_valid t=0.0s
[     24s] main 30b c1577 ic_m4 random_sub_r0 table completed_valid t=0.0s
[     24s] main 30b c1577 ic_m4 random_sub_r1 table completed_valid t=0.0s
[     24s] main 30b c1577 ic_m4 random_sub_r2 table completed_valid t=0.0s
[     24s] main 30b c1577 ic_m4 known_null_sub table completed_valid t=0.0s
[     24s] main 30b c1577 ic_m4 random_dick_r0 table completed_valid t=0.0s
[     24s] main 30b c1577 ic_m4 random_dick_r1 table completed_valid t=0.0s
[     24s] main 30b c1577 ic_m4 random_dick_r2 table completed_valid t=0.0s
[     24s] main 30b c1577 ic_m4 known_null_dick table completed_valid t=0.0s
[     24s] main 30b c1578 ic_m4 subgroup table completed_valid t=0.0s
[     24s] main 30b c1578 ic_m4 dickson table completed_valid t=0.0s
[     24s] main 30b c1578 ic_m4 small_x table completed_valid t=0.0s
[     24s] main 30b c1578 ic_m4 random_sub_r0 table completed_valid t=0.0s
[     24s] main 30b c1578 ic_m4 random_sub_r1 table completed_valid t=0.0s
[     24s] main 30b c1578 ic_m4 random_sub_r2 table completed_valid t=0.0s
[     24s] main 30b c1578 ic_m4 known_null_sub table completed_valid t=0.0s
[     24s] main 30b c1578 ic_m4 random_dick_r0 table completed_valid t=0.0s
[     24s] main 30b c1578 ic_m4 random_dick_r1 table completed_valid t=0.0s
[     24s] main 30b c1578 ic_m4 random_dick_r2 table completed_valid t=0.0s
[     24s] main 30b c1578 ic_m4 known_null_dick table completed_valid t=0.0s
[     24s] main 30b c1579 ic_m4 subgroup table completed_valid t=0.0s
[     24s] main 30b c1579 ic_m4 dickson table completed_valid t=0.0s
[     24s] main 30b c1579 ic_m4 small_x table completed_valid t=0.0s
[     24s] main 30b c1579 ic_m4 random_sub_r0 table completed_valid t=0.0s
[     24s] main 30b c1579 ic_m4 random_sub_r1 table completed_valid t=0.0s
[     24s] main 30b c1579 ic_m4 random_sub_r2 table completed_valid t=0.0s
[     24s] main 30b c1579 ic_m4 known_null_sub table completed_valid t=0.0s
[     24s] main 30b c1579 ic_m4 random_dick_r0 table completed_valid t=0.0s
[     24s] main 30b c1579 ic_m4 random_dick_r1 table completed_valid t=0.0s
[     24s] main 30b c1579 ic_m4 random_dick_r2 table completed_valid t=0.0s
[     24s] main 30b c1579 ic_m4 known_null_dick table completed_valid t=0.0s
[     24s] main 30b c1580 ic_m4 subgroup table completed_valid t=0.0s
[     24s] main 30b c1580 ic_m4 dickson table completed_valid t=0.0s
[     24s] main 30b c1580 ic_m4 small_x table completed_valid t=0.0s
[     24s] main 30b c1580 ic_m4 random_sub_r0 table completed_valid t=0.0s
[     24s] main 30b c1580 ic_m4 random_sub_r1 table completed_valid t=0.0s
[     24s] main 30b c1580 ic_m4 random_sub_r2 table completed_valid t=0.0s
[     24s] main 30b c1580 ic_m4 known_null_sub table completed_valid t=0.0s
[     24s] main 30b c1580 ic_m4 random_dick_r0 table completed_valid t=0.0s
[     24s] main 30b c1580 ic_m4 random_dick_r1 table completed_valid t=0.0s
[     24s] main 30b c1580 ic_m4 random_dick_r2 table completed_valid t=0.0s
[     24s] main 30b c1580 ic_m4 known_null_dick table completed_valid t=0.0s
[     25s] main 30b c1581 ic_m4 subgroup table completed_valid t=0.0s
[     25s] main 30b c1581 ic_m4 dickson table completed_valid t=0.0s
[     25s] main 30b c1581 ic_m4 small_x table completed_valid t=0.0s
[     25s] main 30b c1581 ic_m4 random_sub_r0 table completed_valid t=0.0s
[     25s] main 30b c1581 ic_m4 random_sub_r1 table completed_valid t=0.0s
[     25s] main 30b c1581 ic_m4 random_sub_r2 table completed_valid t=0.0s
[     25s] main 30b c1581 ic_m4 known_null_sub table completed_valid t=0.0s
[     25s] main 30b c1581 ic_m4 random_dick_r0 table completed_valid t=0.0s
[     25s] main 30b c1581 ic_m4 random_dick_r1 table completed_valid t=0.0s
[     25s] main 30b c1581 ic_m4 random_dick_r2 table completed_valid t=0.0s
[     25s] main 30b c1581 ic_m4 known_null_dick table completed_valid t=0.0s
[     25s] main 30b c1582 ic_m4 subgroup table completed_valid t=0.0s
[     25s] main 30b c1582 ic_m4 dickson table completed_valid t=0.0s
[     25s] main 30b c1582 ic_m4 small_x table completed_valid t=0.0s
[     25s] main 30b c1582 ic_m4 random_sub_r0 table completed_valid t=0.0s
[     25s] main 30b c1582 ic_m4 random_sub_r1 table completed_valid t=0.0s
[     25s] main 30b c1582 ic_m4 random_sub_r2 table completed_valid t=0.0s
[     25s] main 30b c1582 ic_m4 known_null_sub table completed_valid t=0.0s
[     25s] main 30b c1582 ic_m4 random_dick_r0 table completed_valid t=0.0s
[     25s] main 30b c1582 ic_m4 random_dick_r1 table completed_valid t=0.0s
[     25s] main 30b c1582 ic_m4 random_dick_r2 table completed_valid t=0.0s
[     25s] main 30b c1582 ic_m4 known_null_dick table completed_valid t=0.0s
[     26s] main 30b c1583 ic_m4 subgroup table completed_valid t=0.0s
[     26s] main 30b c1583 ic_m4 dickson table completed_valid t=0.0s
[     26s] main 30b c1583 ic_m4 small_x table completed_valid t=0.0s
[     26s] main 30b c1583 ic_m4 random_sub_r0 table completed_valid t=0.0s
[     26s] main 30b c1583 ic_m4 random_sub_r1 table completed_valid t=0.0s
[     26s] main 30b c1583 ic_m4 random_sub_r2 table completed_valid t=0.0s
[     26s] main 30b c1583 ic_m4 known_null_sub table completed_valid t=0.0s
[     26s] main 30b c1583 ic_m4 random_dick_r0 table completed_valid t=0.0s
[     26s] main 30b c1583 ic_m4 random_dick_r1 table completed_valid t=0.0s
[     26s] main 30b c1583 ic_m4 random_dick_r2 table completed_valid t=0.0s
[     26s] main 30b c1583 ic_m4 known_null_dick table completed_valid t=0.0s
[     26s] main 30b c1584 ic_m4 subgroup table completed_valid t=0.0s
[     26s] main 30b c1584 ic_m4 dickson table completed_valid t=0.0s
[     26s] main 30b c1584 ic_m4 small_x table completed_valid t=0.0s
[     26s] main 30b c1584 ic_m4 random_sub_r0 table completed_valid t=0.0s
[     26s] main 30b c1584 ic_m4 random_sub_r1 table completed_valid t=0.0s
[     26s] main 30b c1584 ic_m4 random_sub_r2 table completed_valid t=0.0s
[     26s] main 30b c1584 ic_m4 known_null_sub table completed_valid t=0.0s
[     26s] main 30b c1584 ic_m4 random_dick_r0 table completed_valid t=0.0s
[     26s] main 30b c1584 ic_m4 random_dick_r1 table completed_valid t=0.0s
[     26s] main 30b c1584 ic_m4 random_dick_r2 table completed_valid t=0.0s
[     26s] main 30b c1584 ic_m4 known_null_dick table completed_valid t=0.0s
[     26s] main 30b c1585 ic_m4 subgroup table completed_valid t=0.0s
[     26s] main 30b c1585 ic_m4 dickson table completed_valid t=0.0s
[     26s] main 30b c1585 ic_m4 small_x table completed_valid t=0.0s
[     26s] main 30b c1585 ic_m4 random_sub_r0 table completed_valid t=0.0s
[     26s] main 30b c1585 ic_m4 random_sub_r1 table completed_valid t=0.0s
[     26s] main 30b c1585 ic_m4 random_sub_r2 table completed_valid t=0.0s
[     26s] main 30b c1585 ic_m4 known_null_sub table completed_valid t=0.0s
[     26s] main 30b c1585 ic_m4 random_dick_r0 table completed_valid t=0.0s
[     26s] main 30b c1585 ic_m4 random_dick_r1 table completed_valid t=0.0s
[     26s] main 30b c1585 ic_m4 random_dick_r2 table completed_valid t=0.0s
[     26s] main 30b c1585 ic_m4 known_null_dick table completed_valid t=0.0s
[     27s] main 30b c1586 ic_m4 subgroup table completed_valid t=0.0s
[     27s] main 30b c1586 ic_m4 dickson table completed_valid t=0.0s
[     27s] main 30b c1586 ic_m4 small_x table completed_valid t=0.1s
[     27s] main 30b c1586 ic_m4 random_sub_r0 table completed_valid t=0.0s
[     27s] main 30b c1586 ic_m4 random_sub_r1 table completed_valid t=0.0s
[     27s] main 30b c1586 ic_m4 random_sub_r2 table completed_valid t=0.0s
[     27s] main 30b c1586 ic_m4 known_null_sub table completed_valid t=0.0s
[     27s] main 30b c1586 ic_m4 random_dick_r0 table completed_valid t=0.0s
[     27s] main 30b c1586 ic_m4 random_dick_r1 table completed_valid t=0.0s
[     27s] main 30b c1586 ic_m4 random_dick_r2 table completed_valid t=0.0s
[     27s] main 30b c1586 ic_m4 known_null_dick table completed_valid t=0.0s
[     27s] main 30b c1587 ic_m4 subgroup table completed_valid t=0.0s
[     27s] main 30b c1587 ic_m4 dickson table completed_valid t=0.0s
[     27s] main 30b c1587 ic_m4 small_x table completed_valid t=0.0s
[     27s] main 30b c1587 ic_m4 random_sub_r0 table completed_valid t=0.0s
[     27s] main 30b c1587 ic_m4 random_sub_r1 table completed_valid t=0.0s
[     27s] main 30b c1587 ic_m4 random_sub_r2 table completed_valid t=0.0s
[     27s] main 30b c1587 ic_m4 known_null_sub table completed_valid t=0.0s
[     27s] main 30b c1587 ic_m4 random_dick_r0 table completed_valid t=0.0s
[     27s] main 30b c1587 ic_m4 random_dick_r1 table completed_valid t=0.0s
[     27s] main 30b c1587 ic_m4 random_dick_r2 table completed_valid t=0.0s
[     27s] main 30b c1587 ic_m4 known_null_dick table completed_valid t=0.0s
[     27s] main 30b c1588 ic_m4 subgroup table completed_valid t=0.0s
[     27s] main 30b c1588 ic_m4 dickson table completed_valid t=0.0s
[     27s] main 30b c1588 ic_m4 small_x table completed_valid t=0.0s
[     27s] main 30b c1588 ic_m4 random_sub_r0 table completed_valid t=0.0s
[     27s] main 30b c1588 ic_m4 random_sub_r1 table completed_valid t=0.0s
[     27s] main 30b c1588 ic_m4 random_sub_r2 table completed_valid t=0.0s
[     27s] main 30b c1588 ic_m4 known_null_sub table completed_valid t=0.0s
[     27s] main 30b c1588 ic_m4 random_dick_r0 table completed_valid t=0.0s
[     27s] main 30b c1588 ic_m4 random_dick_r1 table completed_valid t=0.0s
[     27s] main 30b c1588 ic_m4 random_dick_r2 table completed_valid t=0.0s
[     27s] main 30b c1588 ic_m4 known_null_dick table completed_valid t=0.0s
[     28s] main 30b c1589 ic_m4 subgroup table completed_valid t=0.0s
[     28s] main 30b c1589 ic_m4 dickson table completed_valid t=0.0s
[     28s] main 30b c1589 ic_m4 small_x table completed_valid t=0.0s
[     28s] main 30b c1589 ic_m4 random_sub_r0 table completed_valid t=0.0s
[     28s] main 30b c1589 ic_m4 random_sub_r1 table completed_valid t=0.0s
[     28s] main 30b c1589 ic_m4 random_sub_r2 table completed_valid t=0.0s
[     28s] main 30b c1589 ic_m4 known_null_sub table completed_valid t=0.0s
[     28s] main 30b c1589 ic_m4 random_dick_r0 table completed_valid t=0.0s
[     28s] main 30b c1589 ic_m4 random_dick_r1 table completed_valid t=0.0s
[     28s] main 30b c1589 ic_m4 random_dick_r2 table completed_valid t=0.0s
[     28s] main 30b c1589 ic_m4 known_null_dick table completed_valid t=0.0s
[     28s] main 30b c1590 ic_m4 subgroup table completed_valid t=0.0s
[     28s] main 30b c1590 ic_m4 dickson table completed_valid t=0.0s
[     28s] main 30b c1590 ic_m4 small_x table completed_valid t=0.0s
[     28s] main 30b c1590 ic_m4 random_sub_r0 table completed_valid t=0.0s
[     28s] main 30b c1590 ic_m4 random_sub_r1 table completed_valid t=0.0s
[     28s] main 30b c1590 ic_m4 random_sub_r2 table completed_valid t=0.0s
[     28s] main 30b c1590 ic_m4 known_null_sub table completed_valid t=0.0s
[     28s] main 30b c1590 ic_m4 random_dick_r0 table completed_valid t=0.0s
[     28s] main 30b c1590 ic_m4 random_dick_r1 table completed_valid t=0.0s
[     28s] main 30b c1590 ic_m4 random_dick_r2 table completed_valid t=0.0s
[     28s] main 30b c1590 ic_m4 known_null_dick table completed_valid t=0.0s
[     29s] main 30b c1591 ic_m4 subgroup table completed_valid t=0.0s
[     29s] main 30b c1591 ic_m4 dickson table completed_valid t=0.0s
[     29s] main 30b c1591 ic_m4 small_x table completed_valid t=0.0s
[     29s] main 30b c1591 ic_m4 random_sub_r0 table completed_valid t=0.0s
[     29s] main 30b c1591 ic_m4 random_sub_r1 table completed_valid t=0.0s
[     29s] main 30b c1591 ic_m4 random_sub_r2 table completed_valid t=0.0s
[     29s] main 30b c1591 ic_m4 known_null_sub table completed_valid t=0.0s
[     29s] main 30b c1591 ic_m4 random_dick_r0 table completed_valid t=0.0s
[     29s] main 30b c1591 ic_m4 random_dick_r1 table completed_valid t=0.0s
[     29s] main 30b c1591 ic_m4 random_dick_r2 table completed_valid t=0.0s
[     29s] main 30b c1591 ic_m4 known_null_dick table completed_valid t=0.0s
[     29s] main 30b c1592 ic_m4 subgroup table completed_valid t=0.0s
[     29s] main 30b c1592 ic_m4 dickson table completed_valid t=0.0s
[     29s] main 30b c1592 ic_m4 small_x table completed_valid t=0.0s
[     29s] main 30b c1592 ic_m4 random_sub_r0 table completed_valid t=0.0s
[     29s] main 30b c1592 ic_m4 random_sub_r1 table completed_valid t=0.0s
[     29s] main 30b c1592 ic_m4 random_sub_r2 table completed_valid t=0.0s
[     29s] main 30b c1592 ic_m4 known_null_sub table completed_valid t=0.0s
[     29s] main 30b c1592 ic_m4 random_dick_r0 table completed_valid t=0.0s
[     29s] main 30b c1592 ic_m4 random_dick_r1 table completed_valid t=0.0s
[     29s] main 30b c1592 ic_m4 random_dick_r2 table completed_valid t=0.0s
[     29s] main 30b c1592 ic_m4 known_null_dick table completed_valid t=0.0s
[     29s] main 30b c1593 ic_m4 subgroup table completed_valid t=0.0s
[     29s] main 30b c1593 ic_m4 dickson table completed_valid t=0.0s
[     29s] main 30b c1593 ic_m4 small_x table completed_valid t=0.0s
[     29s] main 30b c1593 ic_m4 random_sub_r0 table completed_valid t=0.0s
[     29s] main 30b c1593 ic_m4 random_sub_r1 table completed_valid t=0.0s
[     29s] main 30b c1593 ic_m4 random_sub_r2 table completed_valid t=0.0s
[     29s] main 30b c1593 ic_m4 known_null_sub table completed_valid t=0.0s
[     29s] main 30b c1593 ic_m4 random_dick_r0 table completed_valid t=0.0s
[     29s] main 30b c1593 ic_m4 random_dick_r1 table completed_valid t=0.0s
[     29s] main 30b c1593 ic_m4 random_dick_r2 table completed_valid t=0.0s
[     29s] main 30b c1593 ic_m4 known_null_dick table completed_valid t=0.0s
[     30s] main 30b c1594 ic_m4 subgroup table completed_valid t=0.0s
[     30s] main 30b c1594 ic_m4 dickson table completed_valid t=0.0s
[     30s] main 30b c1594 ic_m4 small_x table completed_valid t=0.0s
[     30s] main 30b c1594 ic_m4 random_sub_r0 table completed_valid t=0.0s
[     30s] main 30b c1594 ic_m4 random_sub_r1 table completed_valid t=0.0s
[     30s] main 30b c1594 ic_m4 random_sub_r2 table completed_valid t=0.0s
[     30s] main 30b c1594 ic_m4 known_null_sub table completed_valid t=0.0s
[     30s] main 30b c1594 ic_m4 random_dick_r0 table completed_valid t=0.0s
[     30s] main 30b c1594 ic_m4 random_dick_r1 table completed_valid t=0.0s
[     30s] main 30b c1594 ic_m4 random_dick_r2 table completed_valid t=0.0s
[     30s] main 30b c1594 ic_m4 known_null_dick table completed_valid t=0.0s
[     30s] main 30b c1595 ic_m4 subgroup table completed_valid t=0.0s
[     30s] main 30b c1595 ic_m4 dickson table completed_valid t=0.0s
[     30s] main 30b c1595 ic_m4 small_x table completed_valid t=0.0s
[     30s] main 30b c1595 ic_m4 random_sub_r0 table completed_valid t=0.0s
[     30s] main 30b c1595 ic_m4 random_sub_r1 table completed_valid t=0.0s
[     30s] main 30b c1595 ic_m4 random_sub_r2 table completed_valid t=0.0s
[     30s] main 30b c1595 ic_m4 known_null_sub table completed_valid t=0.0s
[     30s] main 30b c1595 ic_m4 random_dick_r0 table completed_valid t=0.0s
[     30s] main 30b c1595 ic_m4 random_dick_r1 table completed_valid t=0.0s
[     30s] main 30b c1595 ic_m4 random_dick_r2 table completed_valid t=0.0s
[     30s] main 30b c1595 ic_m4 known_null_dick table completed_valid t=0.0s
[     30s] main 30b c1596 ic_m4 subgroup table completed_valid t=0.0s
[     30s] main 30b c1596 ic_m4 dickson table completed_valid t=0.0s
[     30s] main 30b c1596 ic_m4 small_x table completed_valid t=0.0s
[     30s] main 30b c1596 ic_m4 random_sub_r0 table completed_valid t=0.0s
[     30s] main 30b c1596 ic_m4 random_sub_r1 table completed_valid t=0.0s
[     30s] main 30b c1596 ic_m4 random_sub_r2 table completed_valid t=0.0s
[     30s] main 30b c1596 ic_m4 known_null_sub table completed_valid t=0.0s
[     30s] main 30b c1596 ic_m4 random_dick_r0 table completed_valid t=0.0s
[     30s] main 30b c1596 ic_m4 random_dick_r1 table completed_valid t=0.0s
[     30s] main 30b c1596 ic_m4 random_dick_r2 table completed_valid t=0.0s
[     30s] main 30b c1596 ic_m4 known_null_dick table completed_valid t=0.0s
[     31s] main 30b c1597 ic_m4 subgroup table completed_valid t=0.0s
[     31s] main 30b c1597 ic_m4 dickson table completed_valid t=0.0s
[     31s] main 30b c1597 ic_m4 small_x table completed_valid t=0.0s
[     31s] main 30b c1597 ic_m4 random_sub_r0 table completed_valid t=0.0s
[     31s] main 30b c1597 ic_m4 random_sub_r1 table completed_valid t=0.0s
[     31s] main 30b c1597 ic_m4 random_sub_r2 table completed_valid t=0.0s
[     31s] main 30b c1597 ic_m4 known_null_sub table completed_valid t=0.0s
[     31s] main 30b c1597 ic_m4 random_dick_r0 table completed_valid t=0.0s
[     31s] main 30b c1597 ic_m4 random_dick_r1 table completed_valid t=0.0s
[     31s] main 30b c1597 ic_m4 random_dick_r2 table completed_valid t=0.0s
[     31s] main 30b c1597 ic_m4 known_null_dick table completed_valid t=0.0s
[     31s] main 30b c1598 ic_m4 subgroup table completed_valid t=0.0s
[     31s] main 30b c1598 ic_m4 dickson table completed_valid t=0.0s
[     31s] main 30b c1598 ic_m4 small_x table completed_valid t=0.0s
[     31s] main 30b c1598 ic_m4 random_sub_r0 table completed_valid t=0.0s
[     31s] main 30b c1598 ic_m4 random_sub_r1 table completed_valid t=0.0s
[     31s] main 30b c1598 ic_m4 random_sub_r2 table completed_valid t=0.0s
[     31s] main 30b c1598 ic_m4 known_null_sub table completed_valid t=0.0s
[     31s] main 30b c1598 ic_m4 random_dick_r0 table completed_valid t=0.0s
[     31s] main 30b c1598 ic_m4 random_dick_r1 table completed_valid t=0.0s
[     31s] main 30b c1598 ic_m4 random_dick_r2 table completed_valid t=0.0s
[     31s] main 30b c1598 ic_m4 known_null_dick table completed_valid t=0.0s
[     31s] main 30b c1599 ic_m4 subgroup table completed_valid t=0.0s
[     31s] main 30b c1599 ic_m4 dickson table completed_valid t=0.0s
[     31s] main 30b c1599 ic_m4 small_x table completed_valid t=0.0s
[     31s] main 30b c1599 ic_m4 random_sub_r0 table completed_valid t=0.0s
[     31s] main 30b c1599 ic_m4 random_sub_r1 table completed_valid t=0.0s
[     31s] main 30b c1599 ic_m4 random_sub_r2 table completed_valid t=0.0s
[     31s] main 30b c1599 ic_m4 known_null_sub table completed_valid t=0.0s
[     31s] main 30b c1599 ic_m4 random_dick_r0 table completed_valid t=0.0s
[     31s] main 30b c1599 ic_m4 random_dick_r1 table completed_valid t=0.0s
[     31s] main 30b c1599 ic_m4 random_dick_r2 table completed_valid t=0.0s
[     31s] main 30b c1599 ic_m4 known_null_dick table completed_valid t=0.0s
[     32s] main 30b c1600 ic_m4 subgroup table completed_valid t=0.0s
[     32s] main 30b c1600 ic_m4 dickson table completed_valid t=0.0s
[     32s] main 30b c1600 ic_m4 small_x table completed_valid t=0.0s
[     32s] main 30b c1600 ic_m4 random_sub_r0 table completed_valid t=0.0s
[     32s] main 30b c1600 ic_m4 random_sub_r1 table completed_valid t=0.0s
[     32s] main 30b c1600 ic_m4 random_sub_r2 table completed_valid t=0.0s
[     32s] main 30b c1600 ic_m4 known_null_sub table completed_valid t=0.0s
[     32s] main 30b c1600 ic_m4 random_dick_r0 table completed_valid t=0.0s
[     32s] main 30b c1600 ic_m4 random_dick_r1 table completed_valid t=0.0s
[     32s] main 30b c1600 ic_m4 random_dick_r2 table completed_valid t=0.0s
[     32s] main 30b c1600 ic_m4 known_null_dick table completed_valid t=0.0s
[     32s] main 30b c1601 ic_m4 subgroup table completed_valid t=0.0s
[     32s] main 30b c1601 ic_m4 dickson table completed_valid t=0.0s
[     32s] main 30b c1601 ic_m4 small_x table completed_valid t=0.0s
[     32s] main 30b c1601 ic_m4 random_sub_r0 table completed_valid t=0.0s
[     32s] main 30b c1601 ic_m4 random_sub_r1 table completed_valid t=0.0s
[     32s] main 30b c1601 ic_m4 random_sub_r2 table completed_valid t=0.0s
[     32s] main 30b c1601 ic_m4 known_null_sub table completed_valid t=0.0s
[     32s] main 30b c1601 ic_m4 random_dick_r0 table completed_valid t=0.0s
[     32s] main 30b c1601 ic_m4 random_dick_r1 table completed_valid t=0.0s
[     32s] main 30b c1601 ic_m4 random_dick_r2 table completed_valid t=0.0s
[     32s] main 30b c1601 ic_m4 known_null_dick table completed_valid t=0.0s
[     32s] main 30b c1602 ic_m4 subgroup table completed_valid t=0.0s
[     32s] main 30b c1602 ic_m4 dickson table completed_valid t=0.0s
[     32s] main 30b c1602 ic_m4 small_x table completed_valid t=0.0s
[     32s] main 30b c1602 ic_m4 random_sub_r0 table completed_valid t=0.0s
[     32s] main 30b c1602 ic_m4 random_sub_r1 table completed_valid t=0.0s
[     32s] main 30b c1602 ic_m4 random_sub_r2 table completed_valid t=0.0s
[     32s] main 30b c1602 ic_m4 known_null_sub table completed_valid t=0.0s
[     32s] main 30b c1602 ic_m4 random_dick_r0 table completed_valid t=0.0s
[     32s] main 30b c1602 ic_m4 random_dick_r1 table completed_valid t=0.0s
[     32s] main 30b c1602 ic_m4 random_dick_r2 table completed_valid t=0.0s
[     32s] main 30b c1602 ic_m4 known_null_dick table completed_valid t=0.0s
[     32s] main 30b c1603 ic_m4 subgroup table completed_valid t=0.0s
[     32s] main 30b c1603 ic_m4 dickson table completed_valid t=0.0s
[     32s] main 30b c1603 ic_m4 small_x table completed_valid t=0.0s
[     32s] main 30b c1603 ic_m4 random_sub_r0 table completed_valid t=0.0s
[     32s] main 30b c1603 ic_m4 random_sub_r1 table completed_valid t=0.0s
[     32s] main 30b c1603 ic_m4 random_sub_r2 table completed_valid t=0.0s
[     32s] main 30b c1603 ic_m4 known_null_sub table completed_valid t=0.0s
[     32s] main 30b c1603 ic_m4 random_dick_r0 table completed_valid t=0.0s
[     32s] main 30b c1603 ic_m4 random_dick_r1 table completed_valid t=0.0s
[     32s] main 30b c1603 ic_m4 random_dick_r2 table completed_valid t=0.0s
[     32s] main 30b c1603 ic_m4 known_null_dick table completed_valid t=0.0s
[     33s] main 30b c1604 ic_m4 subgroup table completed_valid t=0.0s
[     33s] main 30b c1604 ic_m4 dickson table completed_valid t=0.0s
[     33s] main 30b c1604 ic_m4 small_x table completed_valid t=0.0s
[     33s] main 30b c1604 ic_m4 random_sub_r0 table completed_valid t=0.0s
[     33s] main 30b c1604 ic_m4 random_sub_r1 table completed_valid t=0.0s
[     33s] main 30b c1604 ic_m4 random_sub_r2 table completed_valid t=0.0s
[     33s] main 30b c1604 ic_m4 known_null_sub table completed_valid t=0.0s
[     33s] main 30b c1604 ic_m4 random_dick_r0 table completed_valid t=0.0s
[     33s] main 30b c1604 ic_m4 random_dick_r1 table completed_valid t=0.0s
[     33s] main 30b c1604 ic_m4 random_dick_r2 table completed_valid t=0.0s
[     33s] main 30b c1604 ic_m4 known_null_dick table completed_valid t=0.0s
[     33s] main 30b c1605 ic_m4 subgroup table completed_valid t=0.0s
[     33s] main 30b c1605 ic_m4 dickson table completed_valid t=0.0s
[     33s] main 30b c1605 ic_m4 small_x table completed_valid t=0.0s
[     33s] main 30b c1605 ic_m4 random_sub_r0 table completed_valid t=0.0s
[     33s] main 30b c1605 ic_m4 random_sub_r1 table completed_valid t=0.0s
[     33s] main 30b c1605 ic_m4 random_sub_r2 table completed_valid t=0.0s
[     33s] main 30b c1605 ic_m4 known_null_sub table completed_valid t=0.0s
[     33s] main 30b c1605 ic_m4 random_dick_r0 table completed_valid t=0.0s
[     33s] main 30b c1605 ic_m4 random_dick_r1 table completed_valid t=0.0s
[     33s] main 30b c1605 ic_m4 random_dick_r2 table completed_valid t=0.0s
[     33s] main 30b c1605 ic_m4 known_null_dick table completed_valid t=0.0s
[     33s] main 30b c1606 ic_m4 subgroup table completed_valid t=0.0s
[     33s] main 30b c1606 ic_m4 dickson table completed_valid t=0.0s
[     33s] main 30b c1606 ic_m4 small_x table completed_valid t=0.0s
[     33s] main 30b c1606 ic_m4 random_sub_r0 table completed_valid t=0.0s
[     33s] main 30b c1606 ic_m4 random_sub_r1 table completed_valid t=0.0s
[     33s] main 30b c1606 ic_m4 random_sub_r2 table completed_valid t=0.0s
[     33s] main 30b c1606 ic_m4 known_null_sub table completed_valid t=0.0s
[     33s] main 30b c1606 ic_m4 random_dick_r0 table completed_valid t=0.0s
[     33s] main 30b c1606 ic_m4 random_dick_r1 table completed_valid t=0.0s
[     33s] main 30b c1606 ic_m4 random_dick_r2 table completed_valid t=0.0s
[     33s] main 30b c1606 ic_m4 known_null_dick table completed_valid t=0.0s
[     34s] main 30b c1607 ic_m4 subgroup table completed_valid t=0.0s
[     34s] main 30b c1607 ic_m4 dickson table completed_valid t=0.0s
[     34s] main 30b c1607 ic_m4 small_x table completed_valid t=0.0s
[     34s] main 30b c1607 ic_m4 random_sub_r0 table completed_valid t=0.0s
[     34s] main 30b c1607 ic_m4 random_sub_r1 table completed_valid t=0.0s
[     34s] main 30b c1607 ic_m4 random_sub_r2 table completed_valid t=0.0s
[     34s] main 30b c1607 ic_m4 known_null_sub table completed_valid t=0.0s
[     34s] main 30b c1607 ic_m4 random_dick_r0 table completed_valid t=0.0s
[     34s] main 30b c1607 ic_m4 random_dick_r1 table completed_valid t=0.0s
[     34s] main 30b c1607 ic_m4 random_dick_r2 table completed_valid t=0.1s
[     34s] main 30b c1607 ic_m4 known_null_dick table completed_valid t=0.0s
[     34s] main 30b c1608 ic_m4 subgroup table completed_valid t=0.0s
[     34s] main 30b c1608 ic_m4 dickson table completed_valid t=0.0s
[     34s] main 30b c1608 ic_m4 small_x table completed_valid t=0.0s
[     34s] main 30b c1608 ic_m4 random_sub_r0 table completed_valid t=0.0s
[     34s] main 30b c1608 ic_m4 random_sub_r1 table completed_valid t=0.0s
[     34s] main 30b c1608 ic_m4 random_sub_r2 table completed_valid t=0.0s
[     34s] main 30b c1608 ic_m4 known_null_sub table completed_valid t=0.0s
[     34s] main 30b c1608 ic_m4 random_dick_r0 table completed_valid t=0.0s
[     34s] main 30b c1608 ic_m4 random_dick_r1 table completed_valid t=0.0s
[     34s] main 30b c1608 ic_m4 random_dick_r2 table completed_valid t=0.0s
[     34s] main 30b c1608 ic_m4 known_null_dick table completed_valid t=0.0s
[     35s] main 30b c1609 ic_m4 subgroup table completed_valid t=0.0s
[     35s] main 30b c1609 ic_m4 dickson table completed_valid t=0.0s
[     35s] main 30b c1609 ic_m4 small_x table completed_valid t=0.0s
[     35s] main 30b c1609 ic_m4 random_sub_r0 table completed_valid t=0.0s
[     35s] main 30b c1609 ic_m4 random_sub_r1 table completed_valid t=0.0s
[     35s] main 30b c1609 ic_m4 random_sub_r2 table completed_valid t=0.0s
[     35s] main 30b c1609 ic_m4 known_null_sub table completed_valid t=0.0s
[     35s] main 30b c1609 ic_m4 random_dick_r0 table completed_valid t=0.0s
[     35s] main 30b c1609 ic_m4 random_dick_r1 table completed_valid t=0.0s
[     35s] main 30b c1609 ic_m4 random_dick_r2 table completed_valid t=0.0s
[     35s] main 30b c1609 ic_m4 known_null_dick table completed_valid t=0.0s
