{
  "g": 8,
  "d": 4,
  "k_prime": 9,
  "termination_reason": "completed",
  "per_trial_cost": {
    "wall_s": 0.1302877439884469,
    "xor_word_ops": 657408,
    "macaulay_rows": 289,
    "macaulay_cols": 969,
    "label": "measured"
  },
  "factor_base_size": 13,
  "macaulay_instrument": {
    "D": 3,
    "n_rows": 289,
    "n_cols": 969,
    "entries": 280041,
    "feasible": true,
    "label": "modeled_macaulay_shape",
    "equation_degree_used": 2,
    "full_total_degree": 1024,
    "truncation_note": "Fixed Macaulay degree D<=3 with equation degree clipped to <=2 so cross-g cost is driven by n_variables=2g (arity). Full Gorla\u2013Massierer total_degree is under system_shape.total_degree. Bias: optimistic for attack (understates true Groebner cost).",
    "label_mix": "modeled_shape + measured_GE_on_random_matrix_of_that_shape"
  },
  "certificate": {
    "kind": "decomposition",
    "verified": true,
    "n_parts": 8,
    "R": [
      0,
      10
    ],
    "parts": [
      [
        1,
        9
      ],
      [
        10,
        13
      ],
      [
        1,
        9
      ],
      [
        9,
        12
      ],
      [
        7,
        8
      ],
      [
        7,
        15
      ],
      [
        11,
        3
      ],
      [
        7,
        8
      ]
    ]
  }
}
