[      7s] main 28b c10 ic_m4 subgroup search completed_valid t=0.6s
[      7s] main 28b c10 ic_m4 dickson search completed_valid t=0.7s
[      7s] main 28b c10 ic_m4 small_x search completed_valid t=0.6s
[      7s] main 28b c10 ic_m4 random_sub_r0 search completed_valid t=0.8s
[      7s] main 28b c10 ic_m4 random_sub_r1 search completed_valid t=0.6s
[      7s] main 28b c10 ic_m4 random_sub_r2 search completed_valid t=0.7s
[      7s] main 28b c10 ic_m4 known_null_sub search completed_valid t=0.6s
[      7s] main 28b c10 ic_m4 random_dick_r0 search completed_valid t=0.7s
[      7s] main 28b c10 ic_m4 random_dick_r1 search completed_valid t=0.6s
[      7s] main 28b c10 ic_m4 random_dick_r2 search completed_valid t=0.6s
[      7s] main 28b c10 ic_m4 known_null_dick search completed_valid t=0.6s
[     15s] main 28b c11 ic_m4 subgroup search completed_valid t=0.7s
[     15s] main 28b c11 ic_m4 dickson search completed_valid t=0.6s
[     15s] main 28b c11 ic_m4 small_x search completed_valid t=0.6s
[     15s] main 28b c11 ic_m4 random_sub_r0 search completed_valid t=0.8s
[     15s] main 28b c11 ic_m4 random_sub_r1 search completed_valid t=0.7s
[     15s] main 28b c11 ic_m4 random_sub_r2 search completed_valid t=0.6s
[     15s] main 28b c11 ic_m4 known_null_sub search completed_valid t=0.6s
[     15s] main 28b c11 ic_m4 random_dick_r0 search completed_valid t=0.6s
[     15s] main 28b c11 ic_m4 random_dick_r1 search completed_valid t=0.6s
[     15s] main 28b c11 ic_m4 random_dick_r2 search completed_valid t=0.6s
[     15s] main 28b c11 ic_m4 known_null_dick search completed_valid t=0.6s
[     22s] main 28b c12 ic_m4 subgroup search completed_valid t=0.6s
[     22s] main 28b c12 ic_m4 dickson search completed_valid t=0.7s
[     22s] main 28b c12 ic_m4 small_x search completed_valid t=0.7s
[     22s] main 28b c12 ic_m4 random_sub_r0 search completed_valid t=0.8s
[     22s] main 28b c12 ic_m4 random_sub_r1 search completed_valid t=0.7s
[     22s] main 28b c12 ic_m4 random_sub_r2 search completed_valid t=0.5s
[     22s] main 28b c12 ic_m4 known_null_sub search completed_valid t=0.6s
[     22s] main 28b c12 ic_m4 random_dick_r0 search completed_valid t=0.6s
[     22s] main 28b c12 ic_m4 random_dick_r1 search completed_valid t=0.6s
[     22s] main 28b c12 ic_m4 random_dick_r2 search completed_valid t=0.7s
[     22s] main 28b c12 ic_m4 known_null_dick search completed_valid t=0.7s
[     30s] main 28b c13 ic_m4 subgroup search completed_valid t=0.8s
[     30s] main 28b c13 ic_m4 dickson search completed_valid t=0.7s
[     30s] main 28b c13 ic_m4 small_x search completed_valid t=0.7s
[     30s] main 28b c13 ic_m4 random_sub_r0 search completed_valid t=0.8s
[     30s] main 28b c13 ic_m4 random_sub_r1 search completed_valid t=0.8s
[     30s] main 28b c13 ic_m4 random_sub_r2 search completed_valid t=0.6s
[     30s] main 28b c13 ic_m4 known_null_sub search completed_valid t=0.7s
[     30s] main 28b c13 ic_m4 random_dick_r0 search completed_valid t=0.6s
[     30s] main 28b c13 ic_m4 random_dick_r1 search completed_valid t=0.7s
[     30s] main 28b c13 ic_m4 random_dick_r2 search completed_valid t=0.8s
[     30s] main 28b c13 ic_m4 known_null_dick search completed_valid t=0.7s
[     37s] main 28b c14 ic_m4 subgroup search completed_valid t=0.7s
[     37s] main 28b c14 ic_m4 dickson search completed_valid t=0.7s
[     37s] main 28b c14 ic_m4 small_x search completed_valid t=0.7s
[     37s] main 28b c14 ic_m4 random_sub_r0 search completed_valid t=0.7s
[     37s] main 28b c14 ic_m4 random_sub_r1 search completed_valid t=0.7s
[     37s] main 28b c14 ic_m4 random_sub_r2 search completed_valid t=0.7s
[     37s] main 28b c14 ic_m4 known_null_sub search completed_valid t=0.6s
[     37s] main 28b c14 ic_m4 random_dick_r0 search completed_valid t=0.7s
[     37s] main 28b c14 ic_m4 random_dick_r1 search completed_valid t=0.7s
[     37s] main 28b c14 ic_m4 random_dick_r2 search completed_valid t=0.7s
[     37s] main 28b c14 ic_m4 known_null_dick search completed_valid t=0.7s
[     45s] main 28b c15 ic_m4 subgroup search completed_valid t=0.6s
[     45s] main 28b c15 ic_m4 dickson search completed_valid t=0.7s
[     45s] main 28b c15 ic_m4 small_x search completed_valid t=0.7s
[     45s] main 28b c15 ic_m4 random_sub_r0 search completed_valid t=0.6s
[     45s] main 28b c15 ic_m4 random_sub_r1 search completed_valid t=0.7s
[     45s] main 28b c15 ic_m4 random_sub_r2 search completed_valid t=0.6s
[     45s] main 28b c15 ic_m4 known_null_sub search completed_valid t=0.7s
[     45s] main 28b c15 ic_m4 random_dick_r0 search completed_valid t=0.6s
[     45s] main 28b c15 ic_m4 random_dick_r1 search completed_valid t=0.6s
[     45s] main 28b c15 ic_m4 random_dick_r2 search completed_valid t=0.7s
[     45s] main 28b c15 ic_m4 known_null_dick search completed_valid t=0.7s
[     52s] main 28b c16 ic_m4 subgroup search completed_valid t=0.7s
[     52s] main 28b c16 ic_m4 dickson search completed_valid t=0.7s
[     52s] main 28b c16 ic_m4 small_x search completed_valid t=0.6s
[     52s] main 28b c16 ic_m4 random_sub_r0 search completed_valid t=0.6s
[     52s] main 28b c16 ic_m4 random_sub_r1 search completed_valid t=0.6s
[     52s] main 28b c16 ic_m4 random_sub_r2 search completed_valid t=0.6s
[     52s] main 28b c16 ic_m4 known_null_sub search completed_valid t=0.6s
[     52s] main 28b c16 ic_m4 random_dick_r0 search completed_valid t=0.5s
[     52s] main 28b c16 ic_m4 random_dick_r1 search completed_valid t=0.6s
[     52s] main 28b c16 ic_m4 random_dick_r2 search completed_valid t=0.6s
[     52s] main 28b c16 ic_m4 known_null_dick search completed_valid t=0.6s
[     59s] main 28b c17 ic_m4 subgroup search completed_valid t=0.8s
[     59s] main 28b c17 ic_m4 dickson search completed_valid t=0.7s
[     59s] main 28b c17 ic_m4 small_x search completed_valid t=0.7s
[     59s] main 28b c17 ic_m4 random_sub_r0 search completed_valid t=0.6s
[     59s] main 28b c17 ic_m4 random_sub_r1 search completed_valid t=0.7s
[     59s] main 28b c17 ic_m4 random_sub_r2 search completed_valid t=0.6s
[     59s] main 28b c17 ic_m4 known_null_sub search completed_valid t=0.6s
[     59s] main 28b c17 ic_m4 random_dick_r0 search completed_valid t=0.7s
[     59s] main 28b c17 ic_m4 random_dick_r1 search completed_valid t=0.6s
[     59s] main 28b c17 ic_m4 random_dick_r2 search completed_valid t=0.6s
[     59s] main 28b c17 ic_m4 known_null_dick search completed_valid t=0.6s
[     67s] main 28b c18 ic_m4 subgroup search completed_valid t=0.8s
[     67s] main 28b c18 ic_m4 dickson search completed_valid t=0.8s
[     67s] main 28b c18 ic_m4 small_x search completed_valid t=0.8s
[     67s] main 28b c18 ic_m4 random_sub_r0 search completed_valid t=0.7s
[     67s] main 28b c18 ic_m4 random_sub_r1 search completed_valid t=0.8s
[     67s] main 28b c18 ic_m4 random_sub_r2 search completed_valid t=0.6s
[     67s] main 28b c18 ic_m4 known_null_sub search completed_valid t=0.7s
[     67s] main 28b c18 ic_m4 random_dick_r0 search completed_valid t=0.7s
[     67s] main 28b c18 ic_m4 random_dick_r1 search completed_valid t=0.7s
[     67s] main 28b c18 ic_m4 random_dick_r2 search completed_valid t=0.7s
[     67s] main 28b c18 ic_m4 known_null_dick search completed_valid t=0.7s
[     74s] main 28b c19 ic_m4 subgroup search completed_valid t=0.7s
[     74s] main 28b c19 ic_m4 dickson search completed_valid t=0.5s
[     74s] main 28b c19 ic_m4 small_x search completed_valid t=0.6s
[     74s] main 28b c19 ic_m4 random_sub_r0 search completed_valid t=0.6s
[     74s] main 28b c19 ic_m4 random_sub_r1 search completed_valid t=0.7s
[     74s] main 28b c19 ic_m4 random_sub_r2 search completed_valid t=0.6s
[     74s] main 28b c19 ic_m4 known_null_sub search completed_valid t=0.7s
[     74s] main 28b c19 ic_m4 random_dick_r0 search completed_valid t=0.5s
[     74s] main 28b c19 ic_m4 random_dick_r1 search completed_valid t=0.7s
[     74s] main 28b c19 ic_m4 random_dick_r2 search completed_valid t=0.7s
[     74s] main 28b c19 ic_m4 known_null_dick search completed_valid t=0.8s
