{
  "experiment_id": "EXP-BINSTD-a3cfee",
  "task_id": "TASK-20261001-3d2adf",
  "stage": 0,
  "primary_cell": {
    "n": 17,
    "modulus": 131081,
    "curve": "Y^2+XY=X^3+1",
    "cutoff_c": 4,
    "pool_size_N": 96,
    "attempts_per_arm": 250,
    "group_order_sharp": 130972,
    "normal_element_beta": 3,
    "hw_density_binomial_proxy": 0.0245208740234375,
    "target_density_1_over_sqrt_2n": 0.002762135864009951,
    "density_match_note": "Toy Bailey walks enter short cycles; cutoff c raised vs pure 1/sqrt matching so DP hits occur before cycle abort. Relative density is approximate; disclosed confounder (not hidden).",
    "generator_x": 47168,
    "generator_y": 120279
  },
  "secondary_cell_plan": {
    "n": 23,
    "cutoff_c": 5,
    "pool_size_N": 256,
    "attempts_per_arm": 250
  },
  "frozen_before_stage1": true,
  "no_break_claim": true
}