[helper self-test] (a) 131073 hex digits echoed intact: True ; (b) oversize lambda rejected: True ; (c) 32769 hex digits accepted, count 0 ; (d) 84 candidates vs the Python I2: 0 mismatches
== Stage 2 sweep: 95 cells
   n= 7 n'= 2 q= 3 r= 1:   12 candidates, max N =      2, near-complete =   3, complete =  0
   n= 7 n'= 3 q= 2 r= 1:  252 candidates, max N =      8, near-complete =  36, complete = 36
   n= 7 n'= 4 q= 1 r= 3:  508 candidates, max N =     16, near-complete =  51, complete =  3
   n= 7 n'= 5 q= 1 r= 2:  508 candidates, max N =     16, near-complete =   2, complete =  0
   n= 7 n'= 6 q= 1 r= 1:  508 candidates, max N =     16, near-complete =   0, complete =  0
   n=11 n'= 2 q= 5 r= 1:   12 candidates, max N =      2, near-complete =   3, complete =  0
   n=11 n'= 3 q= 3 r= 2:  252 candidates, max N =      2, near-complete =   0, complete =  0
   n=11 n'= 4 q= 2 r= 3:  508 candidates, max N =     13, near-complete =  52, complete =  0
   n=11 n'= 5 q= 2 r= 1:  508 candidates, max N =     23, near-complete =   4, complete =  0
   n=11 n'= 6 q= 1 r= 5:  508 candidates, max N =     13, near-complete =   0, complete =  0
   n=11 n'= 7 q= 1 r= 4:  508 candidates, max N =     24, near-complete =   0, complete =  0
   n=11 n'= 8 q= 1 r= 3:  508 candidates, max N =     24, near-complete =   0, complete =  0
   n=11 n'= 9 q= 1 r= 2:  508 candidates, max N =     24, near-complete =   0, complete =  0
   n=11 n'=10 q= 1 r= 1:  508 candidates, max N =     13, near-complete =   0, complete =  0
   n=13 n'= 2 q= 6 r= 1:   12 candidates, max N =      2, near-complete =   3, complete =  0
   n=13 n'= 3 q= 4 r= 1:  252 candidates, max N =      2, near-complete =   0, complete =  0
   n=13 n'= 4 q= 3 r= 1:  508 candidates, max N =     15, near-complete =  34, complete =  0
   n=13 n'= 5 q= 2 r= 3:  508 candidates, max N =     26, near-complete =   3, complete =  0
   n=13 n'= 6 q= 2 r= 1:  508 candidates, max N =     26, near-complete =   0, complete =  0
   n=13 n'= 7 q= 1 r= 6:  508 candidates, max N =     15, near-complete =   0, complete =  0
   n=13 n'= 8 q= 1 r= 5:  508 candidates, max N =     15, near-complete =   0, complete =  0
   n=13 n'= 9 q= 1 r= 4:  508 candidates, max N =     26, near-complete =   0, complete =  0
   n=13 n'=10 q= 1 r= 3:  508 candidates, max N =     26, near-complete =   0, complete =  0
   n=13 n'=11 q= 1 r= 2:  508 candidates, max N =     26, near-complete =   0, complete =  0
   n=13 n'=12 q= 1 r= 1:  508 candidates, max N =     14, near-complete =   0, complete =  0
   n=17 n'= 2 q= 8 r= 1:   12 candidates, max N =      2, near-complete =   3, complete =  0  (I1 not affordable)
   n=17 n'= 3 q= 5 r= 2:  252 candidates, max N =      2, near-complete =   0, complete =  0  (I1 not affordable)
   n=17 n'= 4 q= 4 r= 1:  508 candidates, max N =      2, near-complete =   0, complete =  0  (I1 not affordable)
   n=17 n'= 5 q= 3 r= 2:  508 candidates, max N =     19, near-complete =  32, complete =  0  (I1 not affordable)
   n=17 n'= 6 q= 2 r= 5:  508 candidates, max N =     36, near-complete =   2, complete =  0  (I1 not affordable)
   n=17 n'= 7 q= 2 r= 3:  508 candidates, max N =     34, near-complete =   0, complete =  0  (I1 not affordable)
   n=17 n'= 8 q= 2 r= 1:  508 candidates, max N =     36, near-complete =   0, complete =  0  (I1 not affordable)
   n=17 n'= 9 q= 1 r= 8:  508 candidates, max N =     19, near-complete =   0, complete =  0  (I1 not affordable)
   n=17 n'=10 q= 1 r= 7:  508 candidates, max N =     34, near-complete =   0, complete =  0  (I1 not affordable)
   n=17 n'=11 q= 1 r= 6:  508 candidates, max N =     34, near-complete =   0, complete =  0  (I1 not affordable)
   n=17 n'=12 q= 1 r= 5:  508 candidates, max N =     19, near-complete =   0, complete =  0  (I1 not affordable)
   n=17 n'=13 q= 1 r= 4:  508 candidates, max N =     19, near-complete =   0, complete =  0  (I1 not affordable)
   n=17 n'=14 q= 1 r= 3:  508 candidates, max N =     19, near-complete =   0, complete =  0  (I1 not affordable)
   n=17 n'=15 q= 1 r= 2:  508 candidates, max N =     19, near-complete =   0, complete =  0  (I1 not affordable)
   n=19 n'= 2 q= 9 r= 1:   12 candidates, max N =      2, near-complete =   3, complete =  0  (I1 not affordable)
   n=19 n'= 3 q= 6 r= 1:  252 candidates, max N =      2, near-complete =   0, complete =  0  (I1 not affordable)
   n=19 n'= 4 q= 4 r= 3:  508 candidates, max N =      2, near-complete =   0, complete =  0  (I1 not affordable)
   n=19 n'= 5 q= 3 r= 4:  508 candidates, max N =     21, near-complete =  18, complete =  0  (I1 not affordable)
   n=19 n'= 6 q= 3 r= 1:  508 candidates, max N =     40, near-complete =   1, complete =  0  (I1 not affordable)
   n=19 n'= 7 q= 2 r= 5:  508 candidates, max N =     21, near-complete =   0, complete =  0  (I1 not affordable)
   n=19 n'= 8 q= 2 r= 3:  508 candidates, max N =     40, near-complete =   0, complete =  0  (I1 not affordable)
   n=19 n'= 9 q= 2 r= 1:  508 candidates, max N =     39, near-complete =   0, complete =  0  (I1 not affordable)
   n=19 n'=10 q= 1 r= 9:  508 candidates, max N =     21, near-complete =   0, complete =  0  (I1 not affordable)
   n=19 n'=11 q= 1 r= 8:  508 candidates, max N =     38, near-complete =   0, complete =  0  (I1 not affordable)
   n=19 n'=12 q= 1 r= 7:  508 candidates, max N =     21, near-complete =   0, complete =  0  (I1 not affordable)
   n=19 n'=13 q= 1 r= 6:  508 candidates, max N =     21, near-complete =   0, complete =  0  (I1 not affordable)
   n=19 n'=14 q= 1 r= 5:  508 candidates, max N =     21, near-complete =   0, complete =  0  (I1 not affordable)
   n=19 n'=15 q= 1 r= 4:  508 candidates, max N =     21, near-complete =   0, complete =  0  (I1 not affordable)
   n=23 n'= 2 q=11 r= 1:   12 candidates, max N =      2, near-complete =   3, complete =  0  (I1 not affordable)
   n=23 n'= 3 q= 7 r= 2:  252 candidates, max N =      2, near-complete =   0, complete =  0  (I1 not affordable)
   n=23 n'= 4 q= 5 r= 3:  508 candidates, max N =      2, near-complete =   0, complete =  0  (I1 not affordable)
   n=23 n'= 5 q= 4 r= 3:  508 candidates, max N =     24, near-complete =  28, complete =  0  (I1 not affordable)
   n=23 n'= 6 q= 3 r= 5:  508 candidates, max N =     25, near-complete =   0, complete =  0  (I1 not affordable)
   n=23 n'= 7 q= 3 r= 2:  508 candidates, max N =     47, near-complete =   0, complete =  0  (I1 not affordable)
   n=23 n'= 8 q= 2 r= 7:  508 candidates, max N =     48, near-complete =   0, complete =  0  (I1 not affordable)
   n=23 n'= 9 q= 2 r= 5:  508 candidates, max N =     48, near-complete =   0, complete =  0  (I1 not affordable)
   n=23 n'=10 q= 2 r= 3:  508 candidates, max N =     25, near-complete =   0, complete =  0  (I1 not affordable)
   n=23 n'=11 q= 2 r= 1:  508 candidates, max N =     25, near-complete =   0, complete =  0  (I1 not affordable)
   n=23 n'=12 q= 1 r=11:  508 candidates, max N =     48, near-complete =   0, complete =  0  (I1 not affordable)
   n=23 n'=13 q= 1 r=10:  508 candidates, max N =     46, near-complete =   0, complete =  0  (I1 not affordable)
   n=23 n'=14 q= 1 r= 9:  508 candidates, max N =     24, near-complete =   0, complete =  0  (I1 not affordable)
   n=23 n'=15 q= 1 r= 8:  508 candidates, max N =     25, near-complete =   0, complete =  0  (I1 not affordable)
   n=29 n'= 2 q=14 r= 1:   12 candidates, max N =      2, near-complete =   3, complete =  0  (I1 not affordable)
   n=29 n'= 3 q= 9 r= 2:  252 candidates, max N =      2, near-complete =   0, complete =  0  (I1 not affordable)
   n=29 n'= 4 q= 7 r= 1:  508 candidates, max N =      2, near-complete =   0, complete =  0  (I1 not affordable)
   n=29 n'= 5 q= 5 r= 4:  508 candidates, max N =     31, near-complete =  18, complete =  0  (I1 not affordable)
   n=29 n'= 6 q= 4 r= 5:  508 candidates, max N =     60, near-complete =   1, complete =  0  (I1 not affordable)
   n=29 n'= 7 q= 4 r= 1:  508 candidates, max N =     30, near-complete =   0, complete =  0  (I1 not affordable)
   n=29 n'= 8 q= 3 r= 5:  508 candidates, max N =     89, near-complete =   0, complete =  0  (I1 not affordable)
   n=29 n'= 9 q= 3 r= 2:  508 candidates, max N =     31, near-complete =   0, complete =  0  (I1 not affordable)
   n=29 n'=10 q= 2 r= 9:  508 candidates, max N =     31, near-complete =   0, complete =  0  (I1 not affordable)
   n=29 n'=11 q= 2 r= 7:  508 candidates, max N =     59, near-complete =   0, complete =  0  (I1 not affordable)
   n=29 n'=12 q= 2 r= 5:  508 candidates, max N =     31, near-complete =   0, complete =  0  (I1 not affordable)
   n=29 n'=13 q= 2 r= 3:  508 candidates, max N =     31, near-complete =   0, complete =  0  (I1 not affordable)
   n=29 n'=14 q= 2 r= 1:  508 candidates, max N =     31, near-complete =   0, complete =  0  (I1 not affordable)
   n=29 n'=15 q= 1 r=14:  508 candidates, max N =     31, near-complete =   0, complete =  0  (I1 not affordable)
   n=31 n'= 2 q=15 r= 1:   12 candidates, max N =      2, near-complete =   3, complete =  0  (I1 not affordable)
   n=31 n'= 3 q=10 r= 1:  252 candidates, max N =      2, near-complete =   0, complete =  0  (I1 not affordable)
   n=31 n'= 4 q= 7 r= 3:  508 candidates, max N =      2, near-complete =   0, complete =  0  (I1 not affordable)
   n=31 n'= 5 q= 6 r= 1:  508 candidates, max N =     32, near-complete =  24, complete = 24  (I1 not affordable)
   n=31 n'= 6 q= 5 r= 1:  508 candidates, max N =     64, near-complete =  24, complete =  2  (I1 not affordable)
   n=31 n'= 7 q= 4 r= 3:  508 candidates, max N =     64, near-complete =   2, complete =  0  (I1 not affordable)
   n=31 n'= 8 q= 3 r= 7:  508 candidates, max N =     64, near-complete =   0, complete =  0  (I1 not affordable)
   n=31 n'= 9 q= 3 r= 4:  508 candidates, max N =     33, near-complete =   0, complete =  0  (I1 not affordable)
   n=31 n'=10 q= 3 r= 1:  508 candidates, max N =     64, near-complete =   0, complete =  0  (I1 not affordable)
   n=31 n'=11 q= 2 r= 9:  508 candidates, max N =     64, near-complete =   0, complete =  0  (I1 not affordable)
   n=31 n'=12 q= 2 r= 7:  508 candidates, max N =     64, near-complete =   0, complete =  0  (I1 not affordable)
   n=31 n'=13 q= 2 r= 5:  508 candidates, max N =     33, near-complete =   0, complete =  0  (I1 not affordable)
   n=31 n'=14 q= 2 r= 3:  508 candidates, max N =     33, near-complete =   0, complete =  0  (I1 not affordable)
   n=31 n'=15 q= 2 r= 1:  508 candidates, max N =     33, near-complete =   0, complete =  0  (I1 not affordable)

   totals: 42244 candidates, 356 near-complete, 65 complete splitters at cells [(7, 3), (7, 4), (31, 5), (31, 6)]
   I1 ran on 10444 candidates (0 disagreements: True); I3 ran on 342 of 356 near-complete (0 disagreements: True); 14 skipped above the deg D cap
   complete splitters below the EXACT corollary: 0; below the CONSERVATIVE corollary: 0
