{
  "fixture_pass": true,
  "real_product_pass": true,
  "known_false_constant_pass": true,
  "reject_invalid_pass": true,
  "null_empty_pass": true,
  "REAL": {
    "id": "REAL",
    "P": [
      2,
      3
    ],
    "P2": [
      16,
      11
    ],
    "pi": 6,
    "pi_prime": 5,
    "must_pi": 6,
    "must_pi_prime": 5
  },
  "KF": {
    "id": "KF",
    "kind": "constant_pi_prime",
    "pi_prime": 5,
    "claimed_pi_prime": 6,
    "must_pi_prime": 5,
    "rejected": true
  },
  "NULL": {
    "id": "NULL",
    "kind": "empty_product",
    "rejected": true
  }
}
