{
  "instances": 18,
  "by_status": {
    "main|dickson|census|completed_valid": 1,
    "main|dickson|on|completed_valid": 1,
    "main|random_dick_r0|census|completed_valid": 1,
    "main|random_dick_r0|on|completed_valid": 1,
    "main|random_dick_r1|census|completed_valid": 1,
    "main|random_dick_r1|on|completed_valid": 1,
    "main|random_dick_r2|census|completed_valid": 1,
    "main|random_dick_r2|on|completed_valid": 1,
    "main|random_sub_r0|census|completed_valid": 1,
    "main|random_sub_r0|on|completed_valid": 1,
    "main|random_sub_r1|census|completed_valid": 1,
    "main|random_sub_r1|on|completed_valid": 1,
    "main|random_sub_r2|census|completed_valid": 1,
    "main|random_sub_r2|on|completed_valid": 1,
    "main|small_x|census|completed_valid": 1,
    "main|small_x|on|completed_valid": 1,
    "main|subgroup|census|completed_valid": 1,
    "main|subgroup|on|completed_valid": 1
  },
  "stopped_at_job": null,
  "certificates": {
    "cert_pass": 1172,
    "cert_fail": 0,
    "rows_emitted": 1172
  },
  "identity_failures": 0
}
