[    0.0s] RUN RUN-ECQSTR-827765-003 start -- squarefree-discriminant pre-filtered enumeration of admissible canonical 6-tuples over the declared enlarged box, pre-filter applied before any height evaluation
[    0.0s] frozen-constant abort assertion exercised: all_match=True (3 checks)
[    0.6s] LEMMA L1 checked: identity max error 0, 0 violations; log P2 < 6 forces spread <= 49; exhaustive box runs to 80 -> target stratum fully contained = True
[   59.1s] B1 exhaustive spread 5..80: 24040016 tuples tested, 727300 not primitive, 23295004 phi != 0 (inadmissible), 444 duplicate canonical, 17268 admissible canonical, 58.5s
[   77.1s] B2 sampled spread 81..3000: 3000000 tested, 40 admissible canonical, 17.9s
[   95.0s]   ... 2000/17308 censused (17.9s)
[  113.0s]   ... 4000/17308 censused (35.9s)
[  130.9s]   ... 6000/17308 censused (53.8s)
[  149.0s]   ... 8000/17308 censused (71.9s)
[  166.9s]   ... 10000/17308 censused (89.9s)
[  184.9s]   ... 12000/17308 censused (107.9s)
[  202.8s]   ... 14000/17308 censused (125.7s)
[  220.8s]   ... 16000/17308 censused (143.7s)
[  232.7s] PRE-FILTER: 16754 enumerated, 106 retained, 16648 discarded (cost 16.2466 s total, 0.970 ms per tuple)
[  232.7s] CTL-PREFILTER-SOUNDNESS over the whole enumeration: 105 families of ceiling >= 13, 0 of them discarded by the filter (FALSE NEGATIVES)
[  232.7s] cheap ceiling exact on 16753/16753 decided families, 0 mismatches
[  232.7s] Euler check sum(deg * v_disc) = 24 = 12d: 0 failures of 16754
[  232.7s] TARGET STRATUM POPULATION (ceiling >= 13 AND log P2 < 6) = 2
[  232.7s] largest spread observed with log P2 < 6 = 28 (Lemma L1 bound 49)
[  232.7s]    TARGET [0, 2, 8, 9, 11, 14] ceiling 13 log P2 4.9652 spread 14
[  232.7s]    TARGET [0, 6, 12, 14, 15, 23] ceiling 13 log P2 5.7473 spread 23
[  233.0s] wrote ../stratum_enumeration.json (4.00 MiB)
