[21:45:19] === STEP 0: inline meter self-validation ===
[21:45:19]   POS_A: {'label': 'POS-A', 'd_ff': 4, 'D_reg_pred': 7, 'fires': True, 'leading_form_degs': [3, 3, 3], 'n_vars': 3}
[21:45:19]   NEG_1: {'label': 'NEG-1', 'd_ff': 4, 'D_reg_pred': 4, 'fires': False, 'leading_form_degs': [2, 2, 2], 'n_vars': 3}
[21:45:19]   NEG_2: {'label': 'NEG-2', 'd_ff': 7, 'D_reg_pred': 7, 'fires': False, 'leading_form_degs': [3, 3, 3], 'n_vars': 3}
[21:45:19]   POS_A MATCH archive section-1 table: True
[21:45:19]   NEG_1 MATCH archive section-1 table: True
[21:45:19]   NEG_2 MATCH archive section-1 table: True
[21:45:19] METER_SELF_VALIDATED = True
[21:45:19] 
=== STEP 1: archive-reproduction cell (structured 13-bit, a=-3) ===
[21:45:19]   p=4111 shape=2^12+(1)*2^4+(-1)
[21:45:19]   curve a=-3 b=3867 n=4153
[21:45:19]   xR=838 FB_pool=[584, 355, 1915, 3374, 442, 33, 3688, 2754]
[21:45:19]   S4 total_deg=12
[21:45:19]   S4sym total_deg=4 terms=35
[21:45:19]   |FB|=4 [archive_reproduction] profile=[2, 2, 2, 4] d_ff=3 D_reg=4 fires=True shrink={'D': 3, 'nontriv_full': 3, 'nontriv_fb': 3, 'shrink': 0}
[21:45:19]   |FB|=4 NULL-S4: d_ff=3 D_reg=4 fires=True (predicted identical to Semaev arm: d_ff=3,kernel=3)
[21:45:19]   |FB|=4 NULL-FB: d_ff=4 D_reg=4 fires=False (predicted: no fire)
[21:45:19]   |FB|=4 GENERIC-TWIN on profile [2, 2, 2, 4]: d_ff=4 D_reg=4 fires=False (predicted: no fire, d_ff=D_reg)
[21:45:19]   |FB|=5 [archive_reproduction] profile=[3, 3, 3, 4] d_ff=4 D_reg=5 fires=True shrink={'D': 4, 'nontriv_full': 3, 'nontriv_fb': 3, 'shrink': 0}
[21:45:19]   |FB|=5 NULL-S4: d_ff=4 D_reg=5 fires=True (predicted identical to Semaev arm: d_ff=4,kernel=3)
[21:45:19]   |FB|=5 NULL-FB: d_ff=5 D_reg=5 fires=False (predicted: no fire)
[21:45:19]   |FB|=5 GENERIC-TWIN on profile [3, 3, 3, 4]: d_ff=5 D_reg=5 fires=False (predicted: no fire, d_ff=D_reg)
[21:45:19]   |FB|=6 [new_p1_ladder_cell] profile=[4, 4, 4, 4] d_ff=5 D_reg=7 fires=True shrink={'D': 5, 'nontriv_full': 3, 'nontriv_fb': 3, 'shrink': 0}
[21:45:19]   |FB|=6 NULL-S4: d_ff=5 D_reg=7 fires=True (predicted identical to Semaev arm: d_ff=5,kernel=3)
[21:45:19]   |FB|=6 NULL-FB: d_ff=7 D_reg=7 fires=False (predicted: no fire)
[21:45:19]   |FB|=6 GENERIC-TWIN on profile [4, 4, 4, 4]: d_ff=7 D_reg=7 fires=False (predicted: no fire, d_ff=D_reg)
[21:45:19]   |FB|=7 [new_p1_ladder_cell] profile=[4, 5, 5, 5] d_ff=6 D_reg=8 fires=True shrink={'D': 6, 'nontriv_full': 3, 'nontriv_fb': 3, 'shrink': 0}
[21:45:19]   |FB|=7 NULL-S4: d_ff=6 D_reg=8 fires=True (predicted identical to Semaev arm: d_ff=6,kernel=3)
[21:45:19]   |FB|=7 NULL-FB: d_ff=8 D_reg=8 fires=False (predicted: no fire)
[21:45:19]   |FB|=7 GENERIC-TWIN on profile [4, 5, 5, 5]: d_ff=8 D_reg=8 fires=False (predicted: no fire, d_ff=D_reg)
[21:45:19]   |FB|=8 [new_p1_ladder_cell] profile=[4, 6, 6, 6] d_ff=7 D_reg=10 fires=True shrink={'D': 7, 'nontriv_full': 3, 'nontriv_fb': 3, 'shrink': 0}
[21:45:19]   |FB|=8 NULL-S4: d_ff=7 D_reg=10 fires=True (predicted identical to Semaev arm: d_ff=7,kernel=3)
[21:45:19]   |FB|=8 NULL-FB: d_ff=10 D_reg=10 fires=False (predicted: no fire)
[21:45:19]   |FB|=8 GENERIC-TWIN on profile [4, 6, 6, 6]: d_ff=10 D_reg=10 fires=False (predicted: no fire, d_ff=D_reg)
[21:45:19] 
Wrote stage1_driver_result.json
