[      0s] main 32b c4110 ic_m4 subgroup table completed_valid t=0.0s
[      0s] main 32b c4110 ic_m4 small_x table completed_valid t=0.0s
[      0s] main 32b c4110 ic_m4 random_sub_r0 table completed_valid t=0.0s
[      0s] main 32b c4110 ic_m4 random_sub_r1 table completed_valid t=0.0s
[      0s] main 32b c4110 ic_m4 random_sub_r2 table completed_valid t=0.0s
[      0s] main 32b c4110 ic_m4 known_null_sub table completed_valid t=0.0s
[      0s] main 32b c4110 ic_m4 planted_sub table completed_valid t=0.0s
[      0s] main 32b c4110 ic_m4 small_x_offset table completed_valid t=0.0s
[      1s] main 32b c4111 ic_m4 subgroup table completed_valid t=0.0s
[      1s] main 32b c4111 ic_m4 small_x table completed_valid t=0.0s
[      1s] main 32b c4111 ic_m4 random_sub_r0 table completed_valid t=0.0s
[      1s] main 32b c4111 ic_m4 random_sub_r1 table completed_valid t=0.0s
[      1s] main 32b c4111 ic_m4 random_sub_r2 table completed_valid t=0.0s
[      1s] main 32b c4111 ic_m4 known_null_sub table completed_valid t=0.0s
[      1s] main 32b c4111 ic_m4 planted_sub table completed_valid t=0.0s
[      1s] main 32b c4111 ic_m4 small_x_offset table completed_valid t=0.0s
[      1s] main 32b c4112 ic_m4 subgroup table completed_valid t=0.0s
[      1s] main 32b c4112 ic_m4 small_x table completed_valid t=0.0s
[      1s] main 32b c4112 ic_m4 random_sub_r0 table completed_valid t=0.0s
[      1s] main 32b c4112 ic_m4 random_sub_r1 table completed_valid t=0.0s
[      1s] main 32b c4112 ic_m4 random_sub_r2 table completed_valid t=0.0s
[      1s] main 32b c4112 ic_m4 known_null_sub table completed_valid t=0.0s
[      1s] main 32b c4112 ic_m4 planted_sub table completed_valid t=0.0s
[      1s] main 32b c4112 ic_m4 small_x_offset table completed_valid t=0.0s
[      2s] main 32b c4113 ic_m4 subgroup table completed_valid t=0.0s
[      2s] main 32b c4113 ic_m4 small_x table completed_valid t=0.0s
[      2s] main 32b c4113 ic_m4 random_sub_r0 table completed_valid t=0.0s
[      2s] main 32b c4113 ic_m4 random_sub_r1 table completed_valid t=0.0s
[      2s] main 32b c4113 ic_m4 random_sub_r2 table completed_valid t=0.0s
[      2s] main 32b c4113 ic_m4 known_null_sub table completed_valid t=0.0s
[      2s] main 32b c4113 ic_m4 planted_sub table completed_valid t=0.0s
[      2s] main 32b c4113 ic_m4 small_x_offset table completed_valid t=0.0s
[      2s] main 32b c4114 ic_m4 subgroup table completed_valid t=0.0s
[      2s] main 32b c4114 ic_m4 small_x table completed_valid t=0.0s
[      2s] main 32b c4114 ic_m4 random_sub_r0 table completed_valid t=0.0s
[      2s] main 32b c4114 ic_m4 random_sub_r1 table completed_valid t=0.0s
[      2s] main 32b c4114 ic_m4 random_sub_r2 table completed_valid t=0.0s
[      2s] main 32b c4114 ic_m4 known_null_sub table completed_valid t=0.0s
[      2s] main 32b c4114 ic_m4 planted_sub table completed_valid t=0.0s
[      2s] main 32b c4114 ic_m4 small_x_offset table completed_valid t=0.0s
[      2s] main 32b c4115 ic_m4 subgroup table completed_valid t=0.0s
[      2s] main 32b c4115 ic_m4 small_x table completed_valid t=0.0s
[      2s] main 32b c4115 ic_m4 random_sub_r0 table completed_valid t=0.0s
[      2s] main 32b c4115 ic_m4 random_sub_r1 table completed_valid t=0.0s
[      2s] main 32b c4115 ic_m4 random_sub_r2 table completed_valid t=0.0s
[      2s] main 32b c4115 ic_m4 known_null_sub table completed_valid t=0.0s
[      2s] main 32b c4115 ic_m4 planted_sub table completed_valid t=0.0s
[      2s] main 32b c4115 ic_m4 small_x_offset table completed_valid t=0.0s
[      3s] main 32b c4116 ic_m4 subgroup table completed_valid t=0.0s
[      3s] main 32b c4116 ic_m4 small_x table completed_valid t=0.0s
[      3s] main 32b c4116 ic_m4 random_sub_r0 table completed_valid t=0.0s
[      3s] main 32b c4116 ic_m4 random_sub_r1 table completed_valid t=0.0s
[      3s] main 32b c4116 ic_m4 random_sub_r2 table completed_valid t=0.0s
[      3s] main 32b c4116 ic_m4 known_null_sub table completed_valid t=0.0s
[      3s] main 32b c4116 ic_m4 planted_sub table completed_valid t=0.0s
[      3s] main 32b c4116 ic_m4 small_x_offset table completed_valid t=0.0s
[      3s] main 32b c4117 ic_m4 subgroup table completed_valid t=0.0s
[      3s] main 32b c4117 ic_m4 small_x table completed_valid t=0.0s
[      3s] main 32b c4117 ic_m4 random_sub_r0 table completed_valid t=0.0s
[      3s] main 32b c4117 ic_m4 random_sub_r1 table completed_valid t=0.0s
[      3s] main 32b c4117 ic_m4 random_sub_r2 table completed_valid t=0.0s
[      3s] main 32b c4117 ic_m4 known_null_sub table completed_valid t=0.0s
[      3s] main 32b c4117 ic_m4 planted_sub table completed_valid t=0.0s
[      3s] main 32b c4117 ic_m4 small_x_offset table completed_valid t=0.0s
[      3s] main 32b c4118 ic_m4 subgroup table completed_valid t=0.0s
[      3s] main 32b c4118 ic_m4 small_x table completed_valid t=0.0s
[      3s] main 32b c4118 ic_m4 random_sub_r0 table completed_valid t=0.0s
[      3s] main 32b c4118 ic_m4 random_sub_r1 table completed_valid t=0.0s
[      3s] main 32b c4118 ic_m4 random_sub_r2 table completed_valid t=0.0s
[      3s] main 32b c4118 ic_m4 known_null_sub table completed_valid t=0.0s
[      3s] main 32b c4118 ic_m4 planted_sub table completed_valid t=0.0s
[      3s] main 32b c4118 ic_m4 small_x_offset table completed_valid t=0.0s
[      4s] main 32b c4119 ic_m4 subgroup table completed_valid t=0.0s
[      4s] main 32b c4119 ic_m4 small_x table completed_valid t=0.0s
[      4s] main 32b c4119 ic_m4 random_sub_r0 table completed_valid t=0.0s
[      4s] main 32b c4119 ic_m4 random_sub_r1 table completed_valid t=0.0s
[      4s] main 32b c4119 ic_m4 random_sub_r2 table completed_valid t=0.0s
[      4s] main 32b c4119 ic_m4 known_null_sub table completed_valid t=0.0s
[      4s] main 32b c4119 ic_m4 planted_sub table completed_valid t=0.0s
[      4s] main 32b c4119 ic_m4 small_x_offset table completed_valid t=0.0s
[      4s] main 32b c4120 ic_m4 subgroup table completed_valid t=0.0s
[      4s] main 32b c4120 ic_m4 small_x table completed_valid t=0.0s
[      4s] main 32b c4120 ic_m4 random_sub_r0 table completed_valid t=0.0s
[      4s] main 32b c4120 ic_m4 random_sub_r1 table completed_valid t=0.0s
[      4s] main 32b c4120 ic_m4 random_sub_r2 table completed_valid t=0.0s
[      4s] main 32b c4120 ic_m4 known_null_sub table completed_valid t=0.0s
[      4s] main 32b c4120 ic_m4 planted_sub table completed_valid t=0.0s
[      4s] main 32b c4120 ic_m4 small_x_offset table completed_valid t=0.0s
[      5s] main 32b c4121 ic_m4 subgroup table completed_valid t=0.0s
[      5s] main 32b c4121 ic_m4 small_x table completed_valid t=0.0s
[      5s] main 32b c4121 ic_m4 random_sub_r0 table completed_valid t=0.0s
[      5s] main 32b c4121 ic_m4 random_sub_r1 table completed_valid t=0.0s
[      5s] main 32b c4121 ic_m4 random_sub_r2 table completed_valid t=0.0s
[      5s] main 32b c4121 ic_m4 known_null_sub table completed_valid t=0.0s
[      5s] main 32b c4121 ic_m4 planted_sub table completed_valid t=0.0s
[      5s] main 32b c4121 ic_m4 small_x_offset table completed_valid t=0.0s
[      5s] main 32b c4122 ic_m4 subgroup table completed_valid t=0.0s
[      5s] main 32b c4122 ic_m4 small_x table completed_valid t=0.0s
[      5s] main 32b c4122 ic_m4 random_sub_r0 table completed_valid t=0.0s
[      5s] main 32b c4122 ic_m4 random_sub_r1 table completed_valid t=0.0s
[      5s] main 32b c4122 ic_m4 random_sub_r2 table completed_valid t=0.0s
[      5s] main 32b c4122 ic_m4 known_null_sub table completed_valid t=0.0s
[      5s] main 32b c4122 ic_m4 planted_sub table completed_valid t=0.0s
[      5s] main 32b c4122 ic_m4 small_x_offset table completed_valid t=0.0s
[      5s] main 32b c4123 ic_m4 subgroup table completed_valid t=0.0s
[      5s] main 32b c4123 ic_m4 small_x table completed_valid t=0.0s
[      5s] main 32b c4123 ic_m4 random_sub_r0 table completed_valid t=0.0s
[      5s] main 32b c4123 ic_m4 random_sub_r1 table completed_valid t=0.0s
[      5s] main 32b c4123 ic_m4 random_sub_r2 table completed_valid t=0.0s
[      5s] main 32b c4123 ic_m4 known_null_sub table completed_valid t=0.0s
[      5s] main 32b c4123 ic_m4 planted_sub table completed_valid t=0.0s
[      5s] main 32b c4123 ic_m4 small_x_offset table completed_valid t=0.0s
[      6s] main 32b c4124 ic_m4 subgroup table completed_valid t=0.0s
[      6s] main 32b c4124 ic_m4 small_x table completed_valid t=0.0s
[      6s] main 32b c4124 ic_m4 random_sub_r0 table completed_valid t=0.0s
[      6s] main 32b c4124 ic_m4 random_sub_r1 table completed_valid t=0.0s
[      6s] main 32b c4124 ic_m4 random_sub_r2 table completed_valid t=0.0s
[      6s] main 32b c4124 ic_m4 known_null_sub table completed_valid t=0.0s
[      6s] main 32b c4124 ic_m4 planted_sub table completed_valid t=0.0s
[      6s] main 32b c4124 ic_m4 small_x_offset table completed_valid t=0.0s
[      6s] main 32b c4125 ic_m4 subgroup table completed_valid t=0.0s
[      6s] main 32b c4125 ic_m4 small_x table completed_valid t=0.0s
[      6s] main 32b c4125 ic_m4 random_sub_r0 table completed_valid t=0.0s
[      6s] main 32b c4125 ic_m4 random_sub_r1 table completed_valid t=0.0s
[      6s] main 32b c4125 ic_m4 random_sub_r2 table completed_valid t=0.0s
[      6s] main 32b c4125 ic_m4 known_null_sub table completed_valid t=0.0s
[      6s] main 32b c4125 ic_m4 planted_sub table completed_valid t=0.0s
[      6s] main 32b c4125 ic_m4 small_x_offset table completed_valid t=0.0s
[      7s] main 32b c4126 ic_m4 subgroup table completed_valid t=0.0s
[      7s] main 32b c4126 ic_m4 small_x table completed_valid t=0.0s
[      7s] main 32b c4126 ic_m4 random_sub_r0 table completed_valid t=0.0s
[      7s] main 32b c4126 ic_m4 random_sub_r1 table completed_valid t=0.0s
[      7s] main 32b c4126 ic_m4 random_sub_r2 table completed_valid t=0.0s
[      7s] main 32b c4126 ic_m4 known_null_sub table completed_valid t=0.0s
[      7s] main 32b c4126 ic_m4 planted_sub table completed_valid t=0.0s
[      7s] main 32b c4126 ic_m4 small_x_offset table completed_valid t=0.0s
[      7s] main 32b c4127 ic_m4 subgroup table completed_valid t=0.0s
[      7s] main 32b c4127 ic_m4 small_x table completed_valid t=0.0s
[      7s] main 32b c4127 ic_m4 random_sub_r0 table completed_valid t=0.0s
[      7s] main 32b c4127 ic_m4 random_sub_r1 table completed_valid t=0.0s
[      7s] main 32b c4127 ic_m4 random_sub_r2 table completed_valid t=0.0s
[      7s] main 32b c4127 ic_m4 known_null_sub table completed_valid t=0.0s
[      7s] main 32b c4127 ic_m4 planted_sub table completed_valid t=0.0s
[      7s] main 32b c4127 ic_m4 small_x_offset table completed_valid t=0.0s
[      8s] main 32b c4128 ic_m4 subgroup table completed_valid t=0.1s
[      8s] main 32b c4128 ic_m4 small_x table completed_valid t=0.0s
[      8s] main 32b c4128 ic_m4 random_sub_r0 table completed_valid t=0.1s
[      8s] main 32b c4128 ic_m4 random_sub_r1 table completed_valid t=0.1s
[      8s] main 32b c4128 ic_m4 random_sub_r2 table completed_valid t=0.1s
[      8s] main 32b c4128 ic_m4 known_null_sub table completed_valid t=0.0s
[      8s] main 32b c4128 ic_m4 planted_sub table completed_valid t=0.0s
[      8s] main 32b c4128 ic_m4 small_x_offset table completed_valid t=0.0s
[      8s] main 32b c4129 ic_m4 subgroup table completed_valid t=0.0s
[      8s] main 32b c4129 ic_m4 small_x table completed_valid t=0.0s
[      8s] main 32b c4129 ic_m4 random_sub_r0 table completed_valid t=0.0s
[      8s] main 32b c4129 ic_m4 random_sub_r1 table completed_valid t=0.0s
[      8s] main 32b c4129 ic_m4 random_sub_r2 table completed_valid t=0.0s
[      8s] main 32b c4129 ic_m4 known_null_sub table completed_valid t=0.0s
[      8s] main 32b c4129 ic_m4 planted_sub table completed_valid t=0.0s
[      8s] main 32b c4129 ic_m4 small_x_offset table completed_valid t=0.0s
[      8s] main 32b c4130 ic_m4 subgroup table completed_valid t=0.0s
[      8s] main 32b c4130 ic_m4 small_x table completed_valid t=0.0s
[      8s] main 32b c4130 ic_m4 random_sub_r0 table completed_valid t=0.0s
[      8s] main 32b c4130 ic_m4 random_sub_r1 table completed_valid t=0.0s
[      8s] main 32b c4130 ic_m4 random_sub_r2 table completed_valid t=0.0s
[      8s] main 32b c4130 ic_m4 known_null_sub table completed_valid t=0.0s
[      8s] main 32b c4130 ic_m4 planted_sub table completed_valid t=0.0s
[      8s] main 32b c4130 ic_m4 small_x_offset table completed_valid t=0.0s
[      9s] main 32b c4131 ic_m4 subgroup table completed_valid t=0.0s
[      9s] main 32b c4131 ic_m4 small_x table completed_valid t=0.0s
[      9s] main 32b c4131 ic_m4 random_sub_r0 table completed_valid t=0.0s
[      9s] main 32b c4131 ic_m4 random_sub_r1 table completed_valid t=0.0s
[      9s] main 32b c4131 ic_m4 random_sub_r2 table completed_valid t=0.0s
[      9s] main 32b c4131 ic_m4 known_null_sub table completed_valid t=0.0s
[      9s] main 32b c4131 ic_m4 planted_sub table completed_valid t=0.0s
[      9s] main 32b c4131 ic_m4 small_x_offset table completed_valid t=0.0s
[      9s] main 32b c4132 ic_m4 subgroup table completed_valid t=0.0s
[      9s] main 32b c4132 ic_m4 small_x table completed_valid t=0.0s
[      9s] main 32b c4132 ic_m4 random_sub_r0 table completed_valid t=0.0s
[      9s] main 32b c4132 ic_m4 random_sub_r1 table completed_valid t=0.0s
[      9s] main 32b c4132 ic_m4 random_sub_r2 table completed_valid t=0.0s
[      9s] main 32b c4132 ic_m4 known_null_sub table completed_valid t=0.0s
[      9s] main 32b c4132 ic_m4 planted_sub table completed_valid t=0.0s
[      9s] main 32b c4132 ic_m4 small_x_offset table completed_valid t=0.0s
[     10s] main 32b c4133 ic_m4 subgroup table completed_valid t=0.0s
[     10s] main 32b c4133 ic_m4 small_x table completed_valid t=0.0s
[     10s] main 32b c4133 ic_m4 random_sub_r0 table completed_valid t=0.0s
[     10s] main 32b c4133 ic_m4 random_sub_r1 table completed_valid t=0.0s
[     10s] main 32b c4133 ic_m4 random_sub_r2 table completed_valid t=0.0s
[     10s] main 32b c4133 ic_m4 known_null_sub table completed_valid t=0.0s
[     10s] main 32b c4133 ic_m4 planted_sub table completed_valid t=0.0s
[     10s] main 32b c4133 ic_m4 small_x_offset table completed_valid t=0.0s
[     10s] main 32b c4134 ic_m4 subgroup table completed_valid t=0.0s
[     10s] main 32b c4134 ic_m4 small_x table completed_valid t=0.0s
[     10s] main 32b c4134 ic_m4 random_sub_r0 table completed_valid t=0.0s
[     10s] main 32b c4134 ic_m4 random_sub_r1 table completed_valid t=0.0s
[     10s] main 32b c4134 ic_m4 random_sub_r2 table completed_valid t=0.0s
[     10s] main 32b c4134 ic_m4 known_null_sub table completed_valid t=0.0s
[     10s] main 32b c4134 ic_m4 planted_sub table completed_valid t=0.0s
[     10s] main 32b c4134 ic_m4 small_x_offset table completed_valid t=0.0s
[     10s] main 32b c4135 ic_m4 subgroup table completed_valid t=0.0s
[     10s] main 32b c4135 ic_m4 small_x table completed_valid t=0.0s
[     10s] main 32b c4135 ic_m4 random_sub_r0 table completed_valid t=0.0s
[     10s] main 32b c4135 ic_m4 random_sub_r1 table completed_valid t=0.0s
[     10s] main 32b c4135 ic_m4 random_sub_r2 table completed_valid t=0.0s
[     10s] main 32b c4135 ic_m4 known_null_sub table completed_valid t=0.0s
[     10s] main 32b c4135 ic_m4 planted_sub table completed_valid t=0.0s
[     10s] main 32b c4135 ic_m4 small_x_offset table completed_valid t=0.0s
[     11s] main 32b c4136 ic_m4 subgroup table completed_valid t=0.0s
[     11s] main 32b c4136 ic_m4 small_x table completed_valid t=0.0s
[     11s] main 32b c4136 ic_m4 random_sub_r0 table completed_valid t=0.0s
[     11s] main 32b c4136 ic_m4 random_sub_r1 table completed_valid t=0.0s
[     11s] main 32b c4136 ic_m4 random_sub_r2 table completed_valid t=0.0s
[     11s] main 32b c4136 ic_m4 known_null_sub table completed_valid t=0.0s
[     11s] main 32b c4136 ic_m4 planted_sub table completed_valid t=0.0s
[     11s] main 32b c4136 ic_m4 small_x_offset table completed_valid t=0.0s
[     11s] main 32b c4137 ic_m4 subgroup table completed_valid t=0.0s
[     11s] main 32b c4137 ic_m4 small_x table completed_valid t=0.0s
[     11s] main 32b c4137 ic_m4 random_sub_r0 table completed_valid t=0.0s
[     11s] main 32b c4137 ic_m4 random_sub_r1 table completed_valid t=0.0s
[     11s] main 32b c4137 ic_m4 random_sub_r2 table completed_valid t=0.0s
[     11s] main 32b c4137 ic_m4 known_null_sub table completed_valid t=0.0s
[     11s] main 32b c4137 ic_m4 planted_sub table completed_valid t=0.0s
[     11s] main 32b c4137 ic_m4 small_x_offset table completed_valid t=0.0s
[     11s] main 32b c4138 ic_m4 subgroup table completed_valid t=0.0s
[     11s] main 32b c4138 ic_m4 small_x table completed_valid t=0.0s
[     11s] main 32b c4138 ic_m4 random_sub_r0 table completed_valid t=0.0s
[     11s] main 32b c4138 ic_m4 random_sub_r1 table completed_valid t=0.0s
[     11s] main 32b c4138 ic_m4 random_sub_r2 table completed_valid t=0.0s
[     11s] main 32b c4138 ic_m4 known_null_sub table completed_valid t=0.0s
[     11s] main 32b c4138 ic_m4 planted_sub table completed_valid t=0.0s
[     11s] main 32b c4138 ic_m4 small_x_offset table completed_valid t=0.0s
[     12s] main 32b c4139 ic_m4 subgroup table completed_valid t=0.0s
[     12s] main 32b c4139 ic_m4 small_x table completed_valid t=0.0s
[     12s] main 32b c4139 ic_m4 random_sub_r0 table completed_valid t=0.0s
[     12s] main 32b c4139 ic_m4 random_sub_r1 table completed_valid t=0.0s
[     12s] main 32b c4139 ic_m4 random_sub_r2 table completed_valid t=0.0s
[     12s] main 32b c4139 ic_m4 known_null_sub table completed_valid t=0.0s
[     12s] main 32b c4139 ic_m4 planted_sub table completed_valid t=0.0s
[     12s] main 32b c4139 ic_m4 small_x_offset table completed_valid t=0.0s
[     12s] main 32b c4140 ic_m4 subgroup table completed_valid t=0.0s
[     12s] main 32b c4140 ic_m4 small_x table completed_valid t=0.0s
[     12s] main 32b c4140 ic_m4 random_sub_r0 table completed_valid t=0.0s
[     12s] main 32b c4140 ic_m4 random_sub_r1 table completed_valid t=0.0s
[     12s] main 32b c4140 ic_m4 random_sub_r2 table completed_valid t=0.0s
[     12s] main 32b c4140 ic_m4 known_null_sub table completed_valid t=0.0s
[     12s] main 32b c4140 ic_m4 planted_sub table completed_valid t=0.0s
[     12s] main 32b c4140 ic_m4 small_x_offset table completed_valid t=0.0s
[     12s] main 32b c4141 ic_m4 subgroup table completed_valid t=0.0s
[     12s] main 32b c4141 ic_m4 small_x table completed_valid t=0.0s
[     12s] main 32b c4141 ic_m4 random_sub_r0 table completed_valid t=0.0s
[     12s] main 32b c4141 ic_m4 random_sub_r1 table completed_valid t=0.0s
[     12s] main 32b c4141 ic_m4 random_sub_r2 table completed_valid t=0.0s
[     12s] main 32b c4141 ic_m4 known_null_sub table completed_valid t=0.0s
[     12s] main 32b c4141 ic_m4 planted_sub table completed_valid t=0.0s
[     12s] main 32b c4141 ic_m4 small_x_offset table completed_valid t=0.0s
[     13s] main 32b c4142 ic_m4 subgroup table completed_valid t=0.0s
[     13s] main 32b c4142 ic_m4 small_x table completed_valid t=0.0s
[     13s] main 32b c4142 ic_m4 random_sub_r0 table completed_valid t=0.0s
[     13s] main 32b c4142 ic_m4 random_sub_r1 table completed_valid t=0.0s
[     13s] main 32b c4142 ic_m4 random_sub_r2 table completed_valid t=0.0s
[     13s] main 32b c4142 ic_m4 known_null_sub table completed_valid t=0.0s
[     13s] main 32b c4142 ic_m4 planted_sub table completed_valid t=0.0s
[     13s] main 32b c4142 ic_m4 small_x_offset table completed_valid t=0.0s
[     13s] main 32b c4143 ic_m4 subgroup table completed_valid t=0.0s
[     13s] main 32b c4143 ic_m4 small_x table completed_valid t=0.0s
[     13s] main 32b c4143 ic_m4 random_sub_r0 table completed_valid t=0.0s
[     13s] main 32b c4143 ic_m4 random_sub_r1 table completed_valid t=0.0s
[     13s] main 32b c4143 ic_m4 random_sub_r2 table completed_valid t=0.0s
[     13s] main 32b c4143 ic_m4 known_null_sub table completed_valid t=0.0s
[     13s] main 32b c4143 ic_m4 planted_sub table completed_valid t=0.0s
[     13s] main 32b c4143 ic_m4 small_x_offset table completed_valid t=0.0s
[     14s] main 32b c4144 ic_m4 subgroup table completed_valid t=0.0s
[     14s] main 32b c4144 ic_m4 small_x table completed_valid t=0.0s
[     14s] main 32b c4144 ic_m4 random_sub_r0 table completed_valid t=0.0s
[     14s] main 32b c4144 ic_m4 random_sub_r1 table completed_valid t=0.0s
[     14s] main 32b c4144 ic_m4 random_sub_r2 table completed_valid t=0.0s
[     14s] main 32b c4144 ic_m4 known_null_sub table completed_valid t=0.0s
[     14s] main 32b c4144 ic_m4 planted_sub table completed_valid t=0.0s
[     14s] main 32b c4144 ic_m4 small_x_offset table completed_valid t=0.0s
[     14s] main 32b c4145 ic_m4 subgroup table completed_valid t=0.0s
[     14s] main 32b c4145 ic_m4 small_x table completed_valid t=0.0s
[     14s] main 32b c4145 ic_m4 random_sub_r0 table completed_valid t=0.0s
[     14s] main 32b c4145 ic_m4 random_sub_r1 table completed_valid t=0.0s
[     14s] main 32b c4145 ic_m4 random_sub_r2 table completed_valid t=0.0s
[     14s] main 32b c4145 ic_m4 known_null_sub table completed_valid t=0.0s
[     14s] main 32b c4145 ic_m4 planted_sub table completed_valid t=0.0s
[     14s] main 32b c4145 ic_m4 small_x_offset table completed_valid t=0.0s
[     14s] main 32b c4146 ic_m4 subgroup table completed_valid t=0.0s
[     14s] main 32b c4146 ic_m4 small_x table completed_valid t=0.0s
[     14s] main 32b c4146 ic_m4 random_sub_r0 table completed_valid t=0.0s
[     14s] main 32b c4146 ic_m4 random_sub_r1 table completed_valid t=0.0s
[     14s] main 32b c4146 ic_m4 random_sub_r2 table completed_valid t=0.0s
[     14s] main 32b c4146 ic_m4 known_null_sub table completed_valid t=0.0s
[     14s] main 32b c4146 ic_m4 planted_sub table completed_valid t=0.0s
[     14s] main 32b c4146 ic_m4 small_x_offset table completed_valid t=0.0s
[     15s] main 32b c4147 ic_m4 subgroup table completed_valid t=0.0s
[     15s] main 32b c4147 ic_m4 small_x table completed_valid t=0.0s
[     15s] main 32b c4147 ic_m4 random_sub_r0 table completed_valid t=0.0s
[     15s] main 32b c4147 ic_m4 random_sub_r1 table completed_valid t=0.0s
[     15s] main 32b c4147 ic_m4 random_sub_r2 table completed_valid t=0.0s
[     15s] main 32b c4147 ic_m4 known_null_sub table completed_valid t=0.0s
[     15s] main 32b c4147 ic_m4 planted_sub table completed_valid t=0.0s
[     15s] main 32b c4147 ic_m4 small_x_offset table completed_valid t=0.0s
[     15s] main 32b c4148 ic_m4 subgroup table completed_valid t=0.0s
[     15s] main 32b c4148 ic_m4 small_x table completed_valid t=0.0s
[     15s] main 32b c4148 ic_m4 random_sub_r0 table completed_valid t=0.0s
[     15s] main 32b c4148 ic_m4 random_sub_r1 table completed_valid t=0.0s
[     15s] main 32b c4148 ic_m4 random_sub_r2 table completed_valid t=0.0s
[     15s] main 32b c4148 ic_m4 known_null_sub table completed_valid t=0.0s
[     15s] main 32b c4148 ic_m4 planted_sub table completed_valid t=0.0s
[     15s] main 32b c4148 ic_m4 small_x_offset table completed_valid t=0.0s
[     16s] main 32b c4149 ic_m4 subgroup table completed_valid t=0.0s
[     16s] main 32b c4149 ic_m4 small_x table completed_valid t=0.0s
[     16s] main 32b c4149 ic_m4 random_sub_r0 table completed_valid t=0.0s
[     16s] main 32b c4149 ic_m4 random_sub_r1 table completed_valid t=0.0s
[     16s] main 32b c4149 ic_m4 random_sub_r2 table completed_valid t=0.0s
[     16s] main 32b c4149 ic_m4 known_null_sub table completed_valid t=0.0s
[     16s] main 32b c4149 ic_m4 planted_sub table completed_valid t=0.0s
[     16s] main 32b c4149 ic_m4 small_x_offset table completed_valid t=0.0s
[     16s] main 32b c4150 ic_m4 subgroup table completed_valid t=0.0s
[     16s] main 32b c4150 ic_m4 small_x table completed_valid t=0.0s
[     16s] main 32b c4150 ic_m4 random_sub_r0 table completed_valid t=0.0s
[     16s] main 32b c4150 ic_m4 random_sub_r1 table completed_valid t=0.0s
[     16s] main 32b c4150 ic_m4 random_sub_r2 table completed_valid t=0.1s
[     16s] main 32b c4150 ic_m4 known_null_sub table completed_valid t=0.1s
[     16s] main 32b c4150 ic_m4 planted_sub table completed_valid t=0.0s
[     16s] main 32b c4150 ic_m4 small_x_offset table completed_valid t=0.0s
[     16s] main 32b c4151 ic_m4 subgroup table completed_valid t=0.0s
[     16s] main 32b c4151 ic_m4 small_x table completed_valid t=0.0s
[     16s] main 32b c4151 ic_m4 random_sub_r0 table completed_valid t=0.0s
[     16s] main 32b c4151 ic_m4 random_sub_r1 table completed_valid t=0.0s
[     16s] main 32b c4151 ic_m4 random_sub_r2 table completed_valid t=0.0s
[     16s] main 32b c4151 ic_m4 known_null_sub table completed_valid t=0.0s
[     16s] main 32b c4151 ic_m4 planted_sub table completed_valid t=0.0s
[     16s] main 32b c4151 ic_m4 small_x_offset table completed_valid t=0.0s
[     17s] main 32b c4152 ic_m4 subgroup table completed_valid t=0.0s
[     17s] main 32b c4152 ic_m4 small_x table completed_valid t=0.0s
[     17s] main 32b c4152 ic_m4 random_sub_r0 table completed_valid t=0.0s
[     17s] main 32b c4152 ic_m4 random_sub_r1 table completed_valid t=0.0s
[     17s] main 32b c4152 ic_m4 random_sub_r2 table completed_valid t=0.0s
[     17s] main 32b c4152 ic_m4 known_null_sub table completed_valid t=0.0s
[     17s] main 32b c4152 ic_m4 planted_sub table completed_valid t=0.0s
[     17s] main 32b c4152 ic_m4 small_x_offset table completed_valid t=0.0s
[     17s] main 32b c4153 ic_m4 subgroup table completed_valid t=0.0s
[     17s] main 32b c4153 ic_m4 small_x table completed_valid t=0.0s
[     17s] main 32b c4153 ic_m4 random_sub_r0 table completed_valid t=0.0s
[     17s] main 32b c4153 ic_m4 random_sub_r1 table completed_valid t=0.0s
[     17s] main 32b c4153 ic_m4 random_sub_r2 table completed_valid t=0.0s
[     17s] main 32b c4153 ic_m4 known_null_sub table completed_valid t=0.0s
[     17s] main 32b c4153 ic_m4 planted_sub table completed_valid t=0.0s
[     17s] main 32b c4153 ic_m4 small_x_offset table completed_valid t=0.0s
[     18s] main 32b c4154 ic_m4 subgroup table completed_valid t=0.0s
[     18s] main 32b c4154 ic_m4 small_x table completed_valid t=0.0s
[     18s] main 32b c4154 ic_m4 random_sub_r0 table completed_valid t=0.0s
[     18s] main 32b c4154 ic_m4 random_sub_r1 table completed_valid t=0.0s
[     18s] main 32b c4154 ic_m4 random_sub_r2 table completed_valid t=0.0s
[     18s] main 32b c4154 ic_m4 known_null_sub table completed_valid t=0.0s
[     18s] main 32b c4154 ic_m4 planted_sub table completed_valid t=0.0s
[     18s] main 32b c4154 ic_m4 small_x_offset table completed_valid t=0.0s
[     18s] main 32b c4155 ic_m4 subgroup table completed_valid t=0.0s
[     18s] main 32b c4155 ic_m4 small_x table completed_valid t=0.0s
[     18s] main 32b c4155 ic_m4 random_sub_r0 table completed_valid t=0.0s
[     18s] main 32b c4155 ic_m4 random_sub_r1 table completed_valid t=0.0s
[     18s] main 32b c4155 ic_m4 random_sub_r2 table completed_valid t=0.0s
[     18s] main 32b c4155 ic_m4 known_null_sub table completed_valid t=0.0s
[     18s] main 32b c4155 ic_m4 planted_sub table completed_valid t=0.0s
[     18s] main 32b c4155 ic_m4 small_x_offset table completed_valid t=0.0s
[     19s] main 32b c4156 ic_m4 subgroup table completed_valid t=0.0s
[     19s] main 32b c4156 ic_m4 small_x table completed_valid t=0.1s
[     19s] main 32b c4156 ic_m4 random_sub_r0 table completed_valid t=0.0s
[     19s] main 32b c4156 ic_m4 random_sub_r1 table completed_valid t=0.0s
[     19s] main 32b c4156 ic_m4 random_sub_r2 table completed_valid t=0.0s
[     19s] main 32b c4156 ic_m4 known_null_sub table completed_valid t=0.0s
[     19s] main 32b c4156 ic_m4 planted_sub table completed_valid t=0.0s
[     19s] main 32b c4156 ic_m4 small_x_offset table completed_valid t=0.0s
[     19s] main 32b c4157 ic_m4 subgroup table completed_valid t=0.0s
[     19s] main 32b c4157 ic_m4 small_x table completed_valid t=0.1s
[     19s] main 32b c4157 ic_m4 random_sub_r0 table completed_valid t=0.0s
[     19s] main 32b c4157 ic_m4 random_sub_r1 table completed_valid t=0.0s
[     19s] main 32b c4157 ic_m4 random_sub_r2 table completed_valid t=0.0s
[     19s] main 32b c4157 ic_m4 known_null_sub table completed_valid t=0.0s
[     19s] main 32b c4157 ic_m4 planted_sub table completed_valid t=0.0s
[     19s] main 32b c4157 ic_m4 small_x_offset table completed_valid t=0.0s
[     20s] main 32b c4158 ic_m4 subgroup table completed_valid t=0.1s
[     20s] main 32b c4158 ic_m4 small_x table completed_valid t=0.1s
[     20s] main 32b c4158 ic_m4 random_sub_r0 table completed_valid t=0.1s
[     20s] main 32b c4158 ic_m4 random_sub_r1 table completed_valid t=0.1s
[     20s] main 32b c4158 ic_m4 random_sub_r2 table completed_valid t=0.1s
[     20s] main 32b c4158 ic_m4 known_null_sub table completed_valid t=0.1s
[     20s] main 32b c4158 ic_m4 planted_sub table completed_valid t=0.1s
[     20s] main 32b c4158 ic_m4 small_x_offset table completed_valid t=0.1s
[     20s] main 32b c4159 ic_m4 subgroup table completed_valid t=0.0s
[     20s] main 32b c4159 ic_m4 small_x table completed_valid t=0.0s
[     20s] main 32b c4159 ic_m4 random_sub_r0 table completed_valid t=0.0s
[     20s] main 32b c4159 ic_m4 random_sub_r1 table completed_valid t=0.0s
[     20s] main 32b c4159 ic_m4 random_sub_r2 table completed_valid t=0.0s
[     20s] main 32b c4159 ic_m4 known_null_sub table completed_valid t=0.0s
[     20s] main 32b c4159 ic_m4 planted_sub table completed_valid t=0.0s
[     20s] main 32b c4159 ic_m4 small_x_offset table completed_valid t=0.0s
[     21s] main 32b c4160 ic_m4 subgroup table completed_valid t=0.0s
[     21s] main 32b c4160 ic_m4 small_x table completed_valid t=0.0s
[     21s] main 32b c4160 ic_m4 random_sub_r0 table completed_valid t=0.0s
[     21s] main 32b c4160 ic_m4 random_sub_r1 table completed_valid t=0.0s
[     21s] main 32b c4160 ic_m4 random_sub_r2 table completed_valid t=0.0s
[     21s] main 32b c4160 ic_m4 known_null_sub table completed_valid t=0.0s
[     21s] main 32b c4160 ic_m4 planted_sub table completed_valid t=0.0s
[     21s] main 32b c4160 ic_m4 small_x_offset table completed_valid t=0.0s
[     21s] main 32b c4161 ic_m4 subgroup table completed_valid t=0.0s
[     21s] main 32b c4161 ic_m4 small_x table completed_valid t=0.0s
[     21s] main 32b c4161 ic_m4 random_sub_r0 table completed_valid t=0.0s
[     21s] main 32b c4161 ic_m4 random_sub_r1 table completed_valid t=0.0s
[     21s] main 32b c4161 ic_m4 random_sub_r2 table completed_valid t=0.0s
[     21s] main 32b c4161 ic_m4 known_null_sub table completed_valid t=0.0s
[     21s] main 32b c4161 ic_m4 planted_sub table completed_valid t=0.0s
[     21s] main 32b c4161 ic_m4 small_x_offset table completed_valid t=0.0s
[     22s] main 32b c4162 ic_m4 subgroup table completed_valid t=0.0s
[     22s] main 32b c4162 ic_m4 small_x table completed_valid t=0.0s
[     22s] main 32b c4162 ic_m4 random_sub_r0 table completed_valid t=0.0s
[     22s] main 32b c4162 ic_m4 random_sub_r1 table completed_valid t=0.0s
[     22s] main 32b c4162 ic_m4 random_sub_r2 table completed_valid t=0.0s
[     22s] main 32b c4162 ic_m4 known_null_sub table completed_valid t=0.0s
[     22s] main 32b c4162 ic_m4 planted_sub table completed_valid t=0.0s
[     22s] main 32b c4162 ic_m4 small_x_offset table completed_valid t=0.0s
[     22s] main 32b c4163 ic_m4 subgroup table completed_valid t=0.0s
[     22s] main 32b c4163 ic_m4 small_x table completed_valid t=0.0s
[     22s] main 32b c4163 ic_m4 random_sub_r0 table completed_valid t=0.0s
[     22s] main 32b c4163 ic_m4 random_sub_r1 table completed_valid t=0.0s
[     22s] main 32b c4163 ic_m4 random_sub_r2 table completed_valid t=0.0s
[     22s] main 32b c4163 ic_m4 known_null_sub table completed_valid t=0.0s
[     22s] main 32b c4163 ic_m4 planted_sub table completed_valid t=0.0s
[     22s] main 32b c4163 ic_m4 small_x_offset table completed_valid t=0.0s
[     23s] main 32b c4164 ic_m4 subgroup table completed_valid t=0.0s
[     23s] main 32b c4164 ic_m4 small_x table completed_valid t=0.0s
[     23s] main 32b c4164 ic_m4 random_sub_r0 table completed_valid t=0.0s
[     23s] main 32b c4164 ic_m4 random_sub_r1 table completed_valid t=0.0s
[     23s] main 32b c4164 ic_m4 random_sub_r2 table completed_valid t=0.0s
[     23s] main 32b c4164 ic_m4 known_null_sub table completed_valid t=0.0s
[     23s] main 32b c4164 ic_m4 planted_sub table completed_valid t=0.0s
[     23s] main 32b c4164 ic_m4 small_x_offset table completed_valid t=0.0s
[     23s] main 32b c4165 ic_m4 subgroup table completed_valid t=0.0s
[     23s] main 32b c4165 ic_m4 small_x table completed_valid t=0.0s
[     23s] main 32b c4165 ic_m4 random_sub_r0 table completed_valid t=0.0s
[     23s] main 32b c4165 ic_m4 random_sub_r1 table completed_valid t=0.0s
[     23s] main 32b c4165 ic_m4 random_sub_r2 table completed_valid t=0.0s
[     23s] main 32b c4165 ic_m4 known_null_sub table completed_valid t=0.0s
[     23s] main 32b c4165 ic_m4 planted_sub table completed_valid t=0.0s
[     23s] main 32b c4165 ic_m4 small_x_offset table completed_valid t=0.0s
[     23s] main 32b c4166 ic_m4 subgroup table completed_valid t=0.0s
[     23s] main 32b c4166 ic_m4 small_x table completed_valid t=0.0s
[     23s] main 32b c4166 ic_m4 random_sub_r0 table completed_valid t=0.0s
[     23s] main 32b c4166 ic_m4 random_sub_r1 table completed_valid t=0.0s
[     23s] main 32b c4166 ic_m4 random_sub_r2 table completed_valid t=0.0s
[     23s] main 32b c4166 ic_m4 known_null_sub table completed_valid t=0.0s
[     23s] main 32b c4166 ic_m4 planted_sub table completed_valid t=0.0s
[     23s] main 32b c4166 ic_m4 small_x_offset table completed_valid t=0.0s
[     24s] main 32b c4167 ic_m4 subgroup table completed_valid t=0.0s
[     24s] main 32b c4167 ic_m4 small_x table completed_valid t=0.0s
[     24s] main 32b c4167 ic_m4 random_sub_r0 table completed_valid t=0.0s
[     24s] main 32b c4167 ic_m4 random_sub_r1 table completed_valid t=0.0s
[     24s] main 32b c4167 ic_m4 random_sub_r2 table completed_valid t=0.0s
[     24s] main 32b c4167 ic_m4 known_null_sub table completed_valid t=0.0s
[     24s] main 32b c4167 ic_m4 planted_sub table completed_valid t=0.1s
[     24s] main 32b c4167 ic_m4 small_x_offset table completed_valid t=0.0s
[     24s] main 32b c4168 ic_m4 subgroup table completed_valid t=0.0s
[     24s] main 32b c4168 ic_m4 small_x table completed_valid t=0.0s
[     24s] main 32b c4168 ic_m4 random_sub_r0 table completed_valid t=0.0s
[     24s] main 32b c4168 ic_m4 random_sub_r1 table completed_valid t=0.0s
[     24s] main 32b c4168 ic_m4 random_sub_r2 table completed_valid t=0.0s
[     24s] main 32b c4168 ic_m4 known_null_sub table completed_valid t=0.0s
[     24s] main 32b c4168 ic_m4 planted_sub table completed_valid t=0.0s
[     24s] main 32b c4168 ic_m4 small_x_offset table completed_valid t=0.0s
[     25s] main 32b c4169 ic_m4 subgroup table completed_valid t=0.0s
[     25s] main 32b c4169 ic_m4 small_x table completed_valid t=0.0s
[     25s] main 32b c4169 ic_m4 random_sub_r0 table completed_valid t=0.0s
[     25s] main 32b c4169 ic_m4 random_sub_r1 table completed_valid t=0.0s
[     25s] main 32b c4169 ic_m4 random_sub_r2 table completed_valid t=0.0s
[     25s] main 32b c4169 ic_m4 known_null_sub table completed_valid t=0.0s
[     25s] main 32b c4169 ic_m4 planted_sub table completed_valid t=0.0s
[     25s] main 32b c4169 ic_m4 small_x_offset table completed_valid t=0.0s
[     25s] main 32b c4170 ic_m4 subgroup table completed_valid t=0.0s
[     25s] main 32b c4170 ic_m4 small_x table completed_valid t=0.0s
[     25s] main 32b c4170 ic_m4 random_sub_r0 table completed_valid t=0.0s
[     25s] main 32b c4170 ic_m4 random_sub_r1 table completed_valid t=0.0s
[     25s] main 32b c4170 ic_m4 random_sub_r2 table completed_valid t=0.0s
[     25s] main 32b c4170 ic_m4 known_null_sub table completed_valid t=0.0s
[     25s] main 32b c4170 ic_m4 planted_sub table completed_valid t=0.0s
[     25s] main 32b c4170 ic_m4 small_x_offset table completed_valid t=0.0s
[     25s] main 32b c4171 ic_m4 subgroup table completed_valid t=0.0s
[     25s] main 32b c4171 ic_m4 small_x table completed_valid t=0.0s
[     25s] main 32b c4171 ic_m4 random_sub_r0 table completed_valid t=0.0s
[     25s] main 32b c4171 ic_m4 random_sub_r1 table completed_valid t=0.0s
[     25s] main 32b c4171 ic_m4 random_sub_r2 table completed_valid t=0.0s
[     25s] main 32b c4171 ic_m4 known_null_sub table completed_valid t=0.0s
[     25s] main 32b c4171 ic_m4 planted_sub table completed_valid t=0.0s
[     25s] main 32b c4171 ic_m4 small_x_offset table completed_valid t=0.0s
[     26s] main 32b c4172 ic_m4 subgroup table completed_valid t=0.0s
[     26s] main 32b c4172 ic_m4 small_x table completed_valid t=0.0s
[     26s] main 32b c4172 ic_m4 random_sub_r0 table completed_valid t=0.0s
[     26s] main 32b c4172 ic_m4 random_sub_r1 table completed_valid t=0.0s
[     26s] main 32b c4172 ic_m4 random_sub_r2 table completed_valid t=0.0s
[     26s] main 32b c4172 ic_m4 known_null_sub table completed_valid t=0.0s
[     26s] main 32b c4172 ic_m4 planted_sub table completed_valid t=0.0s
[     26s] main 32b c4172 ic_m4 small_x_offset table completed_valid t=0.0s
[     26s] main 32b c4173 ic_m4 subgroup table completed_valid t=0.0s
[     26s] main 32b c4173 ic_m4 small_x table completed_valid t=0.0s
[     26s] main 32b c4173 ic_m4 random_sub_r0 table completed_valid t=0.0s
[     26s] main 32b c4173 ic_m4 random_sub_r1 table completed_valid t=0.0s
[     26s] main 32b c4173 ic_m4 random_sub_r2 table completed_valid t=0.0s
[     26s] main 32b c4173 ic_m4 known_null_sub table completed_valid t=0.0s
[     26s] main 32b c4173 ic_m4 planted_sub table completed_valid t=0.0s
[     26s] main 32b c4173 ic_m4 small_x_offset table completed_valid t=0.0s
[     27s] main 32b c4174 ic_m4 subgroup table completed_valid t=0.0s
[     27s] main 32b c4174 ic_m4 small_x table completed_valid t=0.0s
[     27s] main 32b c4174 ic_m4 random_sub_r0 table completed_valid t=0.0s
[     27s] main 32b c4174 ic_m4 random_sub_r1 table completed_valid t=0.0s
[     27s] main 32b c4174 ic_m4 random_sub_r2 table completed_valid t=0.0s
[     27s] main 32b c4174 ic_m4 known_null_sub table completed_valid t=0.0s
[     27s] main 32b c4174 ic_m4 planted_sub table completed_valid t=0.0s
[     27s] main 32b c4174 ic_m4 small_x_offset table completed_valid t=0.0s
[     27s] main 32b c4175 ic_m4 subgroup table completed_valid t=0.0s
[     27s] main 32b c4175 ic_m4 small_x table completed_valid t=0.0s
[     27s] main 32b c4175 ic_m4 random_sub_r0 table completed_valid t=0.0s
[     27s] main 32b c4175 ic_m4 random_sub_r1 table completed_valid t=0.0s
[     27s] main 32b c4175 ic_m4 random_sub_r2 table completed_valid t=0.0s
[     27s] main 32b c4175 ic_m4 known_null_sub table completed_valid t=0.0s
[     27s] main 32b c4175 ic_m4 planted_sub table completed_valid t=0.0s
[     27s] main 32b c4175 ic_m4 small_x_offset table completed_valid t=0.0s
[     28s] main 32b c4176 ic_m4 subgroup table completed_valid t=0.0s
[     28s] main 32b c4176 ic_m4 small_x table completed_valid t=0.0s
[     28s] main 32b c4176 ic_m4 random_sub_r0 table completed_valid t=0.0s
[     28s] main 32b c4176 ic_m4 random_sub_r1 table completed_valid t=0.0s
[     28s] main 32b c4176 ic_m4 random_sub_r2 table completed_valid t=0.0s
[     28s] main 32b c4176 ic_m4 known_null_sub table completed_valid t=0.0s
[     28s] main 32b c4176 ic_m4 planted_sub table completed_valid t=0.0s
[     28s] main 32b c4176 ic_m4 small_x_offset table completed_valid t=0.0s
[     28s] main 32b c4177 ic_m4 subgroup table completed_valid t=0.0s
[     28s] main 32b c4177 ic_m4 small_x table completed_valid t=0.0s
[     28s] main 32b c4177 ic_m4 random_sub_r0 table completed_valid t=0.0s
[     28s] main 32b c4177 ic_m4 random_sub_r1 table completed_valid t=0.0s
[     28s] main 32b c4177 ic_m4 random_sub_r2 table completed_valid t=0.0s
[     28s] main 32b c4177 ic_m4 known_null_sub table completed_valid t=0.0s
[     28s] main 32b c4177 ic_m4 planted_sub table completed_valid t=0.0s
[     28s] main 32b c4177 ic_m4 small_x_offset table completed_valid t=0.0s
[     28s] main 32b c4178 ic_m4 subgroup table completed_valid t=0.0s
[     28s] main 32b c4178 ic_m4 small_x table completed_valid t=0.0s
[     28s] main 32b c4178 ic_m4 random_sub_r0 table completed_valid t=0.0s
[     28s] main 32b c4178 ic_m4 random_sub_r1 table completed_valid t=0.0s
[     28s] main 32b c4178 ic_m4 random_sub_r2 table completed_valid t=0.0s
[     28s] main 32b c4178 ic_m4 known_null_sub table completed_valid t=0.0s
[     28s] main 32b c4178 ic_m4 planted_sub table completed_valid t=0.0s
[     28s] main 32b c4178 ic_m4 small_x_offset table completed_valid t=0.0s
[     29s] main 32b c4179 ic_m4 subgroup table completed_valid t=0.0s
[     29s] main 32b c4179 ic_m4 small_x table completed_valid t=0.0s
[     29s] main 32b c4179 ic_m4 random_sub_r0 table completed_valid t=0.0s
[     29s] main 32b c4179 ic_m4 random_sub_r1 table completed_valid t=0.0s
[     29s] main 32b c4179 ic_m4 random_sub_r2 table completed_valid t=0.0s
[     29s] main 32b c4179 ic_m4 known_null_sub table completed_valid t=0.0s
[     29s] main 32b c4179 ic_m4 planted_sub table completed_valid t=0.0s
[     29s] main 32b c4179 ic_m4 small_x_offset table completed_valid t=0.0s
[     29s] main 32b c4180 ic_m4 subgroup table completed_valid t=0.0s
[     29s] main 32b c4180 ic_m4 small_x table completed_valid t=0.0s
[     29s] main 32b c4180 ic_m4 random_sub_r0 table completed_valid t=0.0s
[     29s] main 32b c4180 ic_m4 random_sub_r1 table completed_valid t=0.0s
[     29s] main 32b c4180 ic_m4 random_sub_r2 table completed_valid t=0.1s
[     29s] main 32b c4180 ic_m4 known_null_sub table completed_valid t=0.0s
[     29s] main 32b c4180 ic_m4 planted_sub table completed_valid t=0.0s
[     29s] main 32b c4180 ic_m4 small_x_offset table completed_valid t=0.0s
[     30s] main 32b c4181 ic_m4 subgroup table completed_valid t=0.0s
[     30s] main 32b c4181 ic_m4 small_x table completed_valid t=0.0s
[     30s] main 32b c4181 ic_m4 random_sub_r0 table completed_valid t=0.0s
[     30s] main 32b c4181 ic_m4 random_sub_r1 table completed_valid t=0.0s
[     30s] main 32b c4181 ic_m4 random_sub_r2 table completed_valid t=0.0s
[     30s] main 32b c4181 ic_m4 known_null_sub table completed_valid t=0.0s
[     30s] main 32b c4181 ic_m4 planted_sub table completed_valid t=0.0s
[     30s] main 32b c4181 ic_m4 small_x_offset table completed_valid t=0.0s
[     30s] main 32b c4182 ic_m4 subgroup table completed_valid t=0.0s
[     30s] main 32b c4182 ic_m4 small_x table completed_valid t=0.0s
[     30s] main 32b c4182 ic_m4 random_sub_r0 table completed_valid t=0.0s
[     30s] main 32b c4182 ic_m4 random_sub_r1 table completed_valid t=0.0s
[     30s] main 32b c4182 ic_m4 random_sub_r2 table completed_valid t=0.0s
[     30s] main 32b c4182 ic_m4 known_null_sub table completed_valid t=0.0s
[     30s] main 32b c4182 ic_m4 planted_sub table completed_valid t=0.0s
[     30s] main 32b c4182 ic_m4 small_x_offset table completed_valid t=0.0s
[     30s] main 32b c4183 ic_m4 subgroup table completed_valid t=0.0s
[     30s] main 32b c4183 ic_m4 small_x table completed_valid t=0.0s
[     30s] main 32b c4183 ic_m4 random_sub_r0 table completed_valid t=0.0s
[     30s] main 32b c4183 ic_m4 random_sub_r1 table completed_valid t=0.0s
[     30s] main 32b c4183 ic_m4 random_sub_r2 table completed_valid t=0.0s
[     30s] main 32b c4183 ic_m4 known_null_sub table completed_valid t=0.0s
[     30s] main 32b c4183 ic_m4 planted_sub table completed_valid t=0.0s
[     30s] main 32b c4183 ic_m4 small_x_offset table completed_valid t=0.0s
[     31s] main 32b c4184 ic_m4 subgroup table completed_valid t=0.0s
[     31s] main 32b c4184 ic_m4 small_x table completed_valid t=0.0s
[     31s] main 32b c4184 ic_m4 random_sub_r0 table completed_valid t=0.0s
[     31s] main 32b c4184 ic_m4 random_sub_r1 table completed_valid t=0.0s
[     31s] main 32b c4184 ic_m4 random_sub_r2 table completed_valid t=0.0s
[     31s] main 32b c4184 ic_m4 known_null_sub table completed_valid t=0.0s
[     31s] main 32b c4184 ic_m4 planted_sub table completed_valid t=0.0s
[     31s] main 32b c4184 ic_m4 small_x_offset table completed_valid t=0.0s
[     31s] main 32b c4185 ic_m4 subgroup table completed_valid t=0.0s
[     31s] main 32b c4185 ic_m4 small_x table completed_valid t=0.0s
[     31s] main 32b c4185 ic_m4 random_sub_r0 table completed_valid t=0.0s
[     31s] main 32b c4185 ic_m4 random_sub_r1 table completed_valid t=0.0s
[     31s] main 32b c4185 ic_m4 random_sub_r2 table completed_valid t=0.0s
[     31s] main 32b c4185 ic_m4 known_null_sub table completed_valid t=0.0s
[     31s] main 32b c4185 ic_m4 planted_sub table completed_valid t=0.0s
[     31s] main 32b c4185 ic_m4 small_x_offset table completed_valid t=0.0s
[     31s] main 32b c4186 ic_m4 subgroup table completed_valid t=0.0s
[     31s] main 32b c4186 ic_m4 small_x table completed_valid t=0.0s
[     31s] main 32b c4186 ic_m4 random_sub_r0 table completed_valid t=0.0s
[     31s] main 32b c4186 ic_m4 random_sub_r1 table completed_valid t=0.0s
[     31s] main 32b c4186 ic_m4 random_sub_r2 table completed_valid t=0.0s
[     31s] main 32b c4186 ic_m4 known_null_sub table completed_valid t=0.0s
[     31s] main 32b c4186 ic_m4 planted_sub table completed_valid t=0.0s
[     31s] main 32b c4186 ic_m4 small_x_offset table completed_valid t=0.0s
[     32s] main 32b c4187 ic_m4 subgroup table completed_valid t=0.0s
[     32s] main 32b c4187 ic_m4 small_x table completed_valid t=0.0s
[     32s] main 32b c4187 ic_m4 random_sub_r0 table completed_valid t=0.0s
[     32s] main 32b c4187 ic_m4 random_sub_r1 table completed_valid t=0.0s
[     32s] main 32b c4187 ic_m4 random_sub_r2 table completed_valid t=0.0s
[     32s] main 32b c4187 ic_m4 known_null_sub table completed_valid t=0.0s
[     32s] main 32b c4187 ic_m4 planted_sub table completed_valid t=0.0s
[     32s] main 32b c4187 ic_m4 small_x_offset table completed_valid t=0.0s
[     32s] main 32b c4188 ic_m4 subgroup table completed_valid t=0.0s
[     32s] main 32b c4188 ic_m4 small_x table completed_valid t=0.0s
[     32s] main 32b c4188 ic_m4 random_sub_r0 table completed_valid t=0.0s
[     32s] main 32b c4188 ic_m4 random_sub_r1 table completed_valid t=0.0s
[     32s] main 32b c4188 ic_m4 random_sub_r2 table completed_valid t=0.0s
[     32s] main 32b c4188 ic_m4 known_null_sub table completed_valid t=0.0s
[     32s] main 32b c4188 ic_m4 planted_sub table completed_valid t=0.0s
[     32s] main 32b c4188 ic_m4 small_x_offset table completed_valid t=0.0s
[     33s] main 32b c4189 ic_m4 subgroup table completed_valid t=0.0s
[     33s] main 32b c4189 ic_m4 small_x table completed_valid t=0.0s
[     33s] main 32b c4189 ic_m4 random_sub_r0 table completed_valid t=0.0s
[     33s] main 32b c4189 ic_m4 random_sub_r1 table completed_valid t=0.0s
[     33s] main 32b c4189 ic_m4 random_sub_r2 table completed_valid t=0.0s
[     33s] main 32b c4189 ic_m4 known_null_sub table completed_valid t=0.0s
[     33s] main 32b c4189 ic_m4 planted_sub table completed_valid t=0.0s
[     33s] main 32b c4189 ic_m4 small_x_offset table completed_valid t=0.0s
[     33s] main 32b c4190 ic_m4 subgroup table completed_valid t=0.0s
[     33s] main 32b c4190 ic_m4 small_x table completed_valid t=0.0s
[     33s] main 32b c4190 ic_m4 random_sub_r0 table completed_valid t=0.0s
[     33s] main 32b c4190 ic_m4 random_sub_r1 table completed_valid t=0.0s
[     33s] main 32b c4190 ic_m4 random_sub_r2 table completed_valid t=0.0s
[     33s] main 32b c4190 ic_m4 known_null_sub table completed_valid t=0.0s
[     33s] main 32b c4190 ic_m4 planted_sub table completed_valid t=0.0s
[     33s] main 32b c4190 ic_m4 small_x_offset table completed_valid t=0.0s
[     33s] main 32b c4191 ic_m4 subgroup table completed_valid t=0.0s
[     33s] main 32b c4191 ic_m4 small_x table completed_valid t=0.0s
[     33s] main 32b c4191 ic_m4 random_sub_r0 table completed_valid t=0.0s
[     33s] main 32b c4191 ic_m4 random_sub_r1 table completed_valid t=0.0s
[     33s] main 32b c4191 ic_m4 random_sub_r2 table completed_valid t=0.0s
[     33s] main 32b c4191 ic_m4 known_null_sub table completed_valid t=0.0s
[     33s] main 32b c4191 ic_m4 planted_sub table completed_valid t=0.0s
[     33s] main 32b c4191 ic_m4 small_x_offset table completed_valid t=0.0s
[     34s] main 32b c4192 ic_m4 subgroup table completed_valid t=0.0s
[     34s] main 32b c4192 ic_m4 small_x table completed_valid t=0.0s
[     34s] main 32b c4192 ic_m4 random_sub_r0 table completed_valid t=0.0s
[     34s] main 32b c4192 ic_m4 random_sub_r1 table completed_valid t=0.0s
[     34s] main 32b c4192 ic_m4 random_sub_r2 table completed_valid t=0.0s
[     34s] main 32b c4192 ic_m4 known_null_sub table completed_valid t=0.0s
[     34s] main 32b c4192 ic_m4 planted_sub table completed_valid t=0.0s
[     34s] main 32b c4192 ic_m4 small_x_offset table completed_valid t=0.0s
[     34s] main 32b c4193 ic_m4 subgroup table completed_valid t=0.0s
[     34s] main 32b c4193 ic_m4 small_x table completed_valid t=0.0s
[     34s] main 32b c4193 ic_m4 random_sub_r0 table completed_valid t=0.0s
[     34s] main 32b c4193 ic_m4 random_sub_r1 table completed_valid t=0.0s
[     34s] main 32b c4193 ic_m4 random_sub_r2 table completed_valid t=0.0s
[     34s] main 32b c4193 ic_m4 known_null_sub table completed_valid t=0.0s
[     34s] main 32b c4193 ic_m4 planted_sub table completed_valid t=0.0s
[     34s] main 32b c4193 ic_m4 small_x_offset table completed_valid t=0.1s
[     35s] main 32b c4194 ic_m4 subgroup table completed_valid t=0.0s
[     35s] main 32b c4194 ic_m4 small_x table completed_valid t=0.0s
[     35s] main 32b c4194 ic_m4 random_sub_r0 table completed_valid t=0.0s
[     35s] main 32b c4194 ic_m4 random_sub_r1 table completed_valid t=0.0s
[     35s] main 32b c4194 ic_m4 random_sub_r2 table completed_valid t=0.0s
[     35s] main 32b c4194 ic_m4 known_null_sub table completed_valid t=0.0s
[     35s] main 32b c4194 ic_m4 planted_sub table completed_valid t=0.0s
[     35s] main 32b c4194 ic_m4 small_x_offset table completed_valid t=0.0s
[     35s] main 32b c4195 ic_m4 subgroup table completed_valid t=0.0s
[     35s] main 32b c4195 ic_m4 small_x table completed_valid t=0.0s
[     35s] main 32b c4195 ic_m4 random_sub_r0 table completed_valid t=0.0s
[     35s] main 32b c4195 ic_m4 random_sub_r1 table completed_valid t=0.0s
[     35s] main 32b c4195 ic_m4 random_sub_r2 table completed_valid t=0.0s
[     35s] main 32b c4195 ic_m4 known_null_sub table completed_valid t=0.0s
[     35s] main 32b c4195 ic_m4 planted_sub table completed_valid t=0.0s
[     35s] main 32b c4195 ic_m4 small_x_offset table completed_valid t=0.0s
[     35s] main 32b c4196 ic_m4 subgroup table completed_valid t=0.1s
[     35s] main 32b c4196 ic_m4 small_x table completed_valid t=0.0s
[     35s] main 32b c4196 ic_m4 random_sub_r0 table completed_valid t=0.0s
[     35s] main 32b c4196 ic_m4 random_sub_r1 table completed_valid t=0.0s
[     35s] main 32b c4196 ic_m4 random_sub_r2 table completed_valid t=0.0s
[     35s] main 32b c4196 ic_m4 known_null_sub table completed_valid t=0.0s
[     35s] main 32b c4196 ic_m4 planted_sub table completed_valid t=0.0s
[     35s] main 32b c4196 ic_m4 small_x_offset table completed_valid t=0.0s
[     36s] main 32b c4197 ic_m4 subgroup table completed_valid t=0.0s
[     36s] main 32b c4197 ic_m4 small_x table completed_valid t=0.0s
[     36s] main 32b c4197 ic_m4 random_sub_r0 table completed_valid t=0.0s
[     36s] main 32b c4197 ic_m4 random_sub_r1 table completed_valid t=0.0s
[     36s] main 32b c4197 ic_m4 random_sub_r2 table completed_valid t=0.0s
[     36s] main 32b c4197 ic_m4 known_null_sub table completed_valid t=0.0s
[     36s] main 32b c4197 ic_m4 planted_sub table completed_valid t=0.0s
[     36s] main 32b c4197 ic_m4 small_x_offset table completed_valid t=0.0s
[     36s] main 32b c4198 ic_m4 subgroup table completed_valid t=0.0s
[     36s] main 32b c4198 ic_m4 small_x table completed_valid t=0.0s
[     36s] main 32b c4198 ic_m4 random_sub_r0 table completed_valid t=0.0s
[     36s] main 32b c4198 ic_m4 random_sub_r1 table completed_valid t=0.0s
[     36s] main 32b c4198 ic_m4 random_sub_r2 table completed_valid t=0.0s
[     36s] main 32b c4198 ic_m4 known_null_sub table completed_valid t=0.0s
[     36s] main 32b c4198 ic_m4 planted_sub table completed_valid t=0.0s
[     36s] main 32b c4198 ic_m4 small_x_offset table completed_valid t=0.0s
[     37s] main 32b c4199 ic_m4 subgroup table completed_valid t=0.0s
[     37s] main 32b c4199 ic_m4 small_x table completed_valid t=0.0s
[     37s] main 32b c4199 ic_m4 random_sub_r0 table completed_valid t=0.0s
[     37s] main 32b c4199 ic_m4 random_sub_r1 table completed_valid t=0.0s
[     37s] main 32b c4199 ic_m4 random_sub_r2 table completed_valid t=0.0s
[     37s] main 32b c4199 ic_m4 known_null_sub table completed_valid t=0.0s
[     37s] main 32b c4199 ic_m4 planted_sub table completed_valid t=0.0s
[     37s] main 32b c4199 ic_m4 small_x_offset table completed_valid t=0.0s
[     37s] main 32b c4200 ic_m4 subgroup table completed_valid t=0.0s
[     37s] main 32b c4200 ic_m4 small_x table completed_valid t=0.0s
[     37s] main 32b c4200 ic_m4 random_sub_r0 table completed_valid t=0.0s
[     37s] main 32b c4200 ic_m4 random_sub_r1 table completed_valid t=0.0s
[     37s] main 32b c4200 ic_m4 random_sub_r2 table completed_valid t=0.0s
[     37s] main 32b c4200 ic_m4 known_null_sub table completed_valid t=0.0s
[     37s] main 32b c4200 ic_m4 planted_sub table completed_valid t=0.0s
[     37s] main 32b c4200 ic_m4 small_x_offset table completed_valid t=0.0s
[     38s] main 32b c4201 ic_m4 subgroup table completed_valid t=0.0s
[     38s] main 32b c4201 ic_m4 small_x table completed_valid t=0.0s
[     38s] main 32b c4201 ic_m4 random_sub_r0 table completed_valid t=0.0s
[     38s] main 32b c4201 ic_m4 random_sub_r1 table completed_valid t=0.0s
[     38s] main 32b c4201 ic_m4 random_sub_r2 table completed_valid t=0.0s
[     38s] main 32b c4201 ic_m4 known_null_sub table completed_valid t=0.0s
[     38s] main 32b c4201 ic_m4 planted_sub table completed_valid t=0.1s
[     38s] main 32b c4201 ic_m4 small_x_offset table completed_valid t=0.1s
[     38s] main 32b c4202 ic_m4 subgroup table completed_valid t=0.0s
[     38s] main 32b c4202 ic_m4 small_x table completed_valid t=0.0s
[     38s] main 32b c4202 ic_m4 random_sub_r0 table completed_valid t=0.0s
[     38s] main 32b c4202 ic_m4 random_sub_r1 table completed_valid t=0.0s
[     38s] main 32b c4202 ic_m4 random_sub_r2 table completed_valid t=0.0s
[     38s] main 32b c4202 ic_m4 known_null_sub table completed_valid t=0.0s
[     38s] main 32b c4202 ic_m4 planted_sub table completed_valid t=0.0s
[     38s] main 32b c4202 ic_m4 small_x_offset table completed_valid t=0.0s
[     38s] main 32b c4203 ic_m4 subgroup table completed_valid t=0.0s
[     38s] main 32b c4203 ic_m4 small_x table completed_valid t=0.0s
[     38s] main 32b c4203 ic_m4 random_sub_r0 table completed_valid t=0.0s
[     38s] main 32b c4203 ic_m4 random_sub_r1 table completed_valid t=0.0s
[     38s] main 32b c4203 ic_m4 random_sub_r2 table completed_valid t=0.0s
[     38s] main 32b c4203 ic_m4 known_null_sub table completed_valid t=0.0s
[     38s] main 32b c4203 ic_m4 planted_sub table completed_valid t=0.0s
[     38s] main 32b c4203 ic_m4 small_x_offset table completed_valid t=0.0s
[     39s] main 32b c4204 ic_m4 subgroup table completed_valid t=0.0s
[     39s] main 32b c4204 ic_m4 small_x table completed_valid t=0.0s
[     39s] main 32b c4204 ic_m4 random_sub_r0 table completed_valid t=0.0s
[     39s] main 32b c4204 ic_m4 random_sub_r1 table completed_valid t=0.0s
[     39s] main 32b c4204 ic_m4 random_sub_r2 table completed_valid t=0.0s
[     39s] main 32b c4204 ic_m4 known_null_sub table completed_valid t=0.0s
[     39s] main 32b c4204 ic_m4 planted_sub table completed_valid t=0.0s
[     39s] main 32b c4204 ic_m4 small_x_offset table completed_valid t=0.0s
[     39s] main 32b c4205 ic_m4 subgroup table completed_valid t=0.0s
[     39s] main 32b c4205 ic_m4 small_x table completed_valid t=0.0s
[     39s] main 32b c4205 ic_m4 random_sub_r0 table completed_valid t=0.0s
[     39s] main 32b c4205 ic_m4 random_sub_r1 table completed_valid t=0.0s
[     39s] main 32b c4205 ic_m4 random_sub_r2 table completed_valid t=0.0s
[     39s] main 32b c4205 ic_m4 known_null_sub table completed_valid t=0.0s
[     39s] main 32b c4205 ic_m4 planted_sub table completed_valid t=0.0s
[     39s] main 32b c4205 ic_m4 small_x_offset table completed_valid t=0.0s
[     39s] main 32b c4206 ic_m4 subgroup table completed_valid t=0.0s
[     39s] main 32b c4206 ic_m4 small_x table completed_valid t=0.0s
[     39s] main 32b c4206 ic_m4 random_sub_r0 table completed_valid t=0.0s
[     39s] main 32b c4206 ic_m4 random_sub_r1 table completed_valid t=0.0s
[     39s] main 32b c4206 ic_m4 random_sub_r2 table completed_valid t=0.0s
[     39s] main 32b c4206 ic_m4 known_null_sub table completed_valid t=0.0s
[     39s] main 32b c4206 ic_m4 planted_sub table completed_valid t=0.0s
[     39s] main 32b c4206 ic_m4 small_x_offset table completed_valid t=0.0s
[     40s] main 32b c4207 ic_m4 subgroup table completed_valid t=0.0s
[     40s] main 32b c4207 ic_m4 small_x table completed_valid t=0.0s
[     40s] main 32b c4207 ic_m4 random_sub_r0 table completed_valid t=0.0s
[     40s] main 32b c4207 ic_m4 random_sub_r1 table completed_valid t=0.0s
[     40s] main 32b c4207 ic_m4 random_sub_r2 table completed_valid t=0.0s
[     40s] main 32b c4207 ic_m4 known_null_sub table completed_valid t=0.0s
[     40s] main 32b c4207 ic_m4 planted_sub table completed_valid t=0.1s
[     40s] main 32b c4207 ic_m4 small_x_offset table completed_valid t=0.0s
[     40s] main 32b c4208 ic_m4 subgroup table completed_valid t=0.0s
[     40s] main 32b c4208 ic_m4 small_x table completed_valid t=0.0s
[     40s] main 32b c4208 ic_m4 random_sub_r0 table completed_valid t=0.0s
[     40s] main 32b c4208 ic_m4 random_sub_r1 table completed_valid t=0.0s
[     40s] main 32b c4208 ic_m4 random_sub_r2 table completed_valid t=0.0s
[     40s] main 32b c4208 ic_m4 known_null_sub table completed_valid t=0.0s
[     40s] main 32b c4208 ic_m4 planted_sub table completed_valid t=0.0s
[     40s] main 32b c4208 ic_m4 small_x_offset table completed_valid t=0.1s
[     41s] main 32b c4209 ic_m4 subgroup table completed_valid t=0.1s
[     41s] main 32b c4209 ic_m4 small_x table completed_valid t=0.0s
[     41s] main 32b c4209 ic_m4 random_sub_r0 table completed_valid t=0.1s
[     41s] main 32b c4209 ic_m4 random_sub_r1 table completed_valid t=0.0s
[     41s] main 32b c4209 ic_m4 random_sub_r2 table completed_valid t=0.0s
[     41s] main 32b c4209 ic_m4 known_null_sub table completed_valid t=0.0s
[     41s] main 32b c4209 ic_m4 planted_sub table completed_valid t=0.0s
[     41s] main 32b c4209 ic_m4 small_x_offset table completed_valid t=0.0s
