{
  "6": {
    "expected": 5,
    "per_b": [
      {
        "b_index": 0,
        "built": false,
        "reason": "degenerate_deg_s_2"
      },
      {
        "b_index": 1,
        "built": false,
        "reason": "degenerate_deg_s_2"
      },
      {
        "b_index": 2,
        "built": false,
        "reason": "degenerate_deg_s_2"
      },
      {
        "b_index": 3,
        "built": false,
        "reason": "degenerate_deg_s_2"
      },
      {
        "b_index": 4,
        "built": false,
        "reason": "degenerate_deg_s_2"
      },
      {
        "b_index": 5,
        "built": false,
        "reason": "degenerate_deg_s_2"
      },
      {
        "b_index": 6,
        "built": false,
        "reason": "degenerate_deg_s_2"
      },
      {
        "b_index": 7,
        "built": false,
        "reason": "degenerate_deg_s_2"
      }
    ],
    "all_match": false
  },
  "8": {
    "expected": 7,
    "per_b": [
      {
        "b_index": 0,
        "built": true,
        "aggregate_total": 5,
        "expected": 7,
        "matches_n_minus_1": false,
        "n_classes": 1
      },
      {
        "b_index": 1,
        "built": true,
        "aggregate_total": 6,
        "expected": 7,
        "matches_n_minus_1": false,
        "n_classes": 1
      },
      {
        "b_index": 2,
        "built": true,
        "aggregate_total": 7,
        "expected": 7,
        "matches_n_minus_1": true,
        "n_classes": 1
      },
      {
        "b_index": 3,
        "built": true,
        "aggregate_total": 7,
        "expected": 7,
        "matches_n_minus_1": true,
        "n_classes": 1
      },
      {
        "b_index": 4,
        "built": true,
        "aggregate_total": 7,
        "expected": 7,
        "matches_n_minus_1": true,
        "n_classes": 1
      },
      {
        "b_index": 5,
        "built": true,
        "aggregate_total": 7,
        "expected": 7,
        "matches_n_minus_1": true,
        "n_classes": 1
      },
      {
        "b_index": 6,
        "built": true,
        "aggregate_total": 6,
        "expected": 7,
        "matches_n_minus_1": false,
        "n_classes": 1
      },
      {
        "b_index": 7,
        "built": true,
        "aggregate_total": 7,
        "expected": 7,
        "matches_n_minus_1": true,
        "n_classes": 1
      }
    ],
    "all_match": false
  }
}
