{
  "fixture_pass": true,
  "real_slope_pass": true,
  "known_false_constant_pass": true,
  "reject_invalid_pass": true,
  "null_empty_pass": true,
  "REAL": {
    "id": "REAL",
    "P": [
      2,
      3
    ],
    "P2": [
      16,
      11
    ],
    "lambda": 18,
    "lambda_prime": 3,
    "x_prime": 16,
    "must_lambda": 18,
    "must_lambda_prime": 3,
    "must_x_prime": 16
  },
  "KF": {
    "id": "KF",
    "kind": "constant_lambda_prime",
    "lambda_prime": 3,
    "claimed_lambda_prime": 18,
    "must_lambda_prime": 3,
    "rejected": true
  },
  "NULL": {
    "id": "NULL",
    "kind": "empty_slope",
    "rejected": true
  }
}
