[cell] N=2^20 a=1/4 seed=1 T=64 W=64.0000 cap=512 U_max=1024
[params] {"n_bits": 20, "N": 1048576, "T": 64, "a": 0.25, "W": 64.0, "theta": 0.015625, "cap": 512, "k": 4, "U_max": 1024, "R_default": 64, "walk_key_K": 10451216379200822465, "dp_key": 12674772435586498473, "dp_threshold": 288230376151711744, "bits_per_table_entry": 40, "bits_per_pool_entry": 88, "restart_scalar_mult_group_ops": 30.0, "seeds": {"walk_key_seed": 1, "precomputation_restart_stream": 1, "target_seed": 101, "phi_bernoulli_stream": 201, "null_a_relabelling_stream": 301, "tiebreak_permutation_stream": 401}}
[basins] {"n_dps": 16347, "cycle_mass": 1284, "cycle_mass_frac": 0.001224517822265625, "capped_mass": 0, "capped_mass_frac": 0.0, "survival_slope": -0.6365409819777139, "survival_slope_points": 60, "survival_slope_estimator": "least squares of log S(n) on log n over 60 log-spaced integers (primary)", "survival_slope_int_grid": -0.6899300529096476, "survival_slope_int_grid_points": 1015, "survival_slope_range": [10, 1024], "survival_slope_within_0.15_of_-0.5": true, "survival_slope_int_grid_within_0.15_of_-0.5": false, "MODELED_borel_survival_slope_same_estimator": -0.6300039380933038, "MODELED_borel_survival_slope_int_grid": -0.6808533927498887, "survival_pointwise": {"n": [10, 30, 100, 300, 1000, 3000, 10000], "MEASURED_S_emp": [0.24769070777512694, 0.13360249587080197, 0.06784119410289349, 0.03144307824065578, 0.01284639383373096, 0.00452682449379091, 0.0006117330397014743], "MODELED_S_borel(1-theta)": [0.24647496042801967, 0.13367622965689013, 0.06627501780135463, 0.0325955128612482, 0.01277892307555004, 0.0040050398241958, 0.00050586301477952], "max_abs_log_ratio": 0.19003006685100693}, "cutoff": {"n_c": 8434.090616131285, "n_c_theta2_over_2": 1.0295520771644635, "sse": 0.09911101306175385, "tail_range": [1024, 6707], "grid_points": 40, "n_c_grid_range": [256.0, 262144.0]}, "MODELED_borel_cutoff_same_estimator": {"n_c": 8434.090616131285, "n_c_theta2_over_2": 1.0295520771644635, "sse": 0.007360344605038859, "tail_range": [1024, 6707], "grid_points": 40, "n_c_grid_range": [256.0, 262144.0]}, "cutoff_in_[0.5,2]": true, "top_T_share": 0.3905305862426758, "top_share_by_t": {"16": 0.17923450469970703, "32": 0.2723121643066406, "48": 0.3383321762084961, "64": 0.3905305862426758, "128": 0.5302753448486328}, "C_max_model": 0.3889120129663709, "x_star_model": 0.7423409681771704, "top_T_share_over_C_max": 1.0041617980991624, "top_T_share_over_C_max_in_[0.85,1.05]": true, "largest_basin": 17372, "largest_basin_borel_99_band": [11988, 53372], "largest_basin_in_band": true, "borel_band_samples": 16384, "mean_basin": 64.06631186150364, "basins_seconds": 0.5945138931274414}
[pools] {"2": {"distinct_dps": 128, "walks": 153, "P_group_ops": 10394, "capped_walks": 0, "P_over_sqrt_NT": 1.268798828125}, "4": {"distinct_dps": 256, "walks": 385, "P_group_ops": 25906, "capped_walks": 0, "P_over_sqrt_NT": 3.162353515625}, "8": {"distinct_dps": 512, "walks": 1012, "P_group_ops": 65414, "capped_walks": 1, "P_over_sqrt_NT": 7.985107421875}} (0.0s)
[walks] {"count": 4096, "capped_fraction_all_walks": 0.000244140625, "mean_length_all_walks": 63.794921875, "mean_length_over_W": 0.996795654296875, "walk_seconds": 0.012370586395263672} walker_vs_basins=True
[fixture] {"trials": 40000, "total_steps": 2617366, "successes": 11497, "hit_rate": 0.287425, "scaled_main_cost": 1.7785658758806646, "scaled_precomputation": 1.268798828125, "mean_steps_over_W": 1.02240859375, "capped_fraction": 0.0015, "published_reference": {"scaled_main_cost": 1.79, "tolerance": 0.18, "scaled_precomputation_range": [1.05, 1.4]}, "note": "per-seed values; the G2 gate is evaluated on the 5-seed pooled value in the analysis run", "static_T_exact_coverage": 0.28644561767578125}
[arm] STATIC(T/4): solved=403/1024 eps_ss(8T)=0.3984 eps_ss(16T)=0.3516 p_last=0.0893 cov_last=0.1209 S_peak=11264 ops_resel=444 (0.0s)
[arm] STATIC(T/2): solved=630/1024 eps_ss(8T)=0.5703 eps_ss(16T)=0.5703 p_last=0.1925 cov_last=0.2158 S_peak=11264 ops_resel=803 (0.0s)
[arm] STATIC(3T/4): solved=689/1024 eps_ss(8T)=0.6641 eps_ss(16T)=0.6484 p_last=0.2240 cov_last=0.2482 S_peak=11264 ops_resel=1157 (0.0s)
[arm] STATIC(T): solved=755/1024 eps_ss(8T)=0.7344 eps_ss(16T)=0.7188 p_last=0.2514 cov_last=0.2864 S_peak=11264 ops_resel=1369 (0.0s)
[arm] STATIC2T: solved=823/1024 eps_ss(8T)=0.7969 eps_ss(16T)=0.7812 p_last=0.2934 cov_last=0.3281 S_peak=11264 ops_resel=0 (0.0s)
[arm] RHO: solved=23/1024 eps_ss(8T)=0.0234 eps_ss(16T)=0.0078 p_last=0.0039 S_peak=0 ops_resel=0 (0.0s)
[arm] RESEL-L(T/4): solved=490/1024 eps_ss(8T)=0.4609 eps_ss(16T)=0.4453 p_last=0.1346 cov_last=0.1676 S_peak=41800 ops_resel=11470 (0.0s)
[arm] RESEL-L(T/2): solved=677/1024 eps_ss(8T)=0.6797 eps_ss(16T)=0.6562 p_last=0.2389 cov_last=0.2497 S_peak=49280 ops_resel=18219 (0.0s)
[arm] RESEL-L(3T/4): solved=772/1024 eps_ss(8T)=0.7656 eps_ss(16T)=0.7422 p_last=0.2892 cov_last=0.3217 S_peak=53152 ops_resel=26628 (0.0s)
[arm] RESEL-L(T): solved=831/1024 eps_ss(8T)=0.8281 eps_ss(16T)=0.7969 p_last=0.3289 cov_last=0.3750 S_peak=56936 ops_resel=33226 (0.0s)
[arm] RESEL-U(T): solved=841/1024 eps_ss(8T)=0.8281 eps_ss(16T)=0.7969 p_last=0.3182 cov_last=0.3764 S_peak=81576 ops_resel=38377 (0.0s)
[arm] RESEL-U(T/2): solved=687/1024 eps_ss(8T)=0.6641 eps_ss(16T)=0.6406 p_last=0.2210 cov_last=0.2619 S_peak=88088 ops_resel=24056 (0.0s)
[arm] NULL-A(T): solved=602/1024 eps_ss(8T)=0.5000 eps_ss(16T)=0.6094 p_last=0.1814 cov_last=0.1971 S_peak=46728 ops_resel=26756 (0.0s)
[arm] NULL-A(T/2): solved=416/1024 eps_ss(8T)=0.3438 eps_ss(16T)=0.3750 p_last=0.0779 cov_last=0.1251 S_peak=38456 ops_resel=17153 (0.0s)
[arm] NULL-B(T): solved=755/1024 eps_ss(8T)=0.7344 eps_ss(16T)=0.7188 p_last=0.2514 cov_last=0.2864 S_peak=54208 ops_resel=1369 (0.0s)
[arm] NULL-B(T/2): solved=630/1024 eps_ss(8T)=0.5703 eps_ss(16T)=0.5703 p_last=0.1925 cov_last=0.2158 S_peak=47960 ops_resel=803 (0.0s)
[arm] PHI(0.0,T/2): solved=630/1024 eps_ss(8T)=0.5703 eps_ss(16T)=0.5703 p_last=0.1925 cov_last=0.2158 S_peak=11264 ops_resel=13651 (0.0s)
[arm] PHI(0.1,T/2): solved=619/1024 eps_ss(8T)=0.5078 eps_ss(16T)=0.5938 p_last=0.1979 cov_last=0.2221 S_peak=15840 ops_resel=13957 (0.0s)
[arm] PHI(0.25,T/2): solved=646/1024 eps_ss(8T)=0.6328 eps_ss(16T)=0.6172 p_last=0.2143 cov_last=0.2346 S_peak=23320 ops_resel=15132 (0.0s)
[arm] PHI(0.5,T/2): solved=664/1024 eps_ss(8T)=0.6250 eps_ss(16T)=0.6562 p_last=0.2500 cov_last=0.2418 S_peak=33880 ops_resel=16737 (0.0s)
[arm] PHI(1.0,T/2): solved=677/1024 eps_ss(8T)=0.6797 eps_ss(16T)=0.6562 p_last=0.2389 cov_last=0.2497 S_peak=49280 ops_resel=18219 (0.0s)
[arm] RSWEEP-STATIC(r=4,T): solved=792/1024 eps_ss(8T)=0.7969 eps_ss(16T)=0.7578 p_last=0.3125 cov_last=0.3216 S_peak=22528 ops_resel=1708 (0.0s)
[arm] RSWEEP-RESEL-L(r=4,T): solved=843/1024 eps_ss(8T)=0.8359 eps_ss(16T)=0.8359 p_last=0.3423 cov_last=0.3727 S_peak=61072 ops_resel=35561 (0.0s)
[arm] RSWEEP-STATIC(r=4,T/2): solved=670/1024 eps_ss(8T)=0.6484 eps_ss(16T)=0.6562 p_last=0.2486 cov_last=0.2375 S_peak=22528 ops_resel=1020 (0.0s)
[arm] RSWEEP-RESEL-L(r=4,T/2): solved=673/1024 eps_ss(8T)=0.6484 eps_ss(16T)=0.6328 p_last=0.2216 cov_last=0.2547 S_peak=56232 ops_resel=21074 (0.0s)
[arm] RSWEEP-STATIC(r=8,T): solved=845/1024 eps_ss(8T)=0.7891 eps_ss(16T)=0.8047 p_last=0.3333 cov_last=0.3591 S_peak=45056 ops_resel=2252 (0.0s)
[arm] RSWEEP-RESEL-L(r=8,T): solved=850/1024 eps_ss(8T)=0.8047 eps_ss(16T)=0.8359 p_last=0.3487 cov_last=0.3801 S_peak=75240 ops_resel=41305 (0.0s)
[arm] RSWEEP-STATIC(r=8,T/2): solved=698/1024 eps_ss(8T)=0.6406 eps_ss(16T)=0.6484 p_last=0.2363 cov_last=0.2584 S_peak=45056 ops_resel=1403 (0.0s)
[arm] RSWEEP-RESEL-L(r=8,T/2): solved=693/1024 eps_ss(8T)=0.6797 eps_ss(16T)=0.6406 p_last=0.2360 cov_last=0.2633 S_peak=70312 ops_resel=25743 (0.0s)
[arm] CAP(4T,T): solved=830/1024 eps_ss(8T)=0.8203 eps_ss(16T)=0.7969 p_last=0.3289 cov_last=0.3750 S_peak=26488 ops_resel=26801 (0.0s)
[arm] CAP(4T,T/2): solved=677/1024 eps_ss(8T)=0.6797 eps_ss(16T)=0.6562 p_last=0.2389 cov_last=0.2497 S_peak=25168 ops_resel=14905 (0.0s)
[arm] CAP(2T,T): solved=829/1024 eps_ss(8T)=0.8125 eps_ss(16T)=0.8125 p_last=0.3268 cov_last=0.3754 S_peak=16192 ops_resel=19912 (0.0s)
[arm] CAP(2T,T/2): solved=677/1024 eps_ss(8T)=0.6797 eps_ss(16T)=0.6562 p_last=0.2389 cov_last=0.2497 S_peak=14872 ops_resel=11568 (0.0s)
[arm] ORACLE(T/4): solved=552/1024 eps_ss(8T)=0.5078 eps_ss(16T)=0.4688 p_last=0.1471 cov_last=0.1792 S_peak=0 ops_resel=0 (0.0s)
[arm] ORACLE(T/2): solved=728/1024 eps_ss(8T)=0.7109 eps_ss(16T)=0.6719 p_last=0.2337 cov_last=0.2723 S_peak=0 ops_resel=0 (0.0s)
[arm] ORACLE(3T/4): solved=800/1024 eps_ss(8T)=0.7656 eps_ss(16T)=0.7344 p_last=0.2883 cov_last=0.3383 S_peak=0 ops_resel=0 (0.0s)
[arm] ORACLE(T): solved=867/1024 eps_ss(8T)=0.8359 eps_ss(16T)=0.8125 p_last=0.3706 cov_last=0.3905 S_peak=0 ops_resel=0 (0.0s)
[checks] {"round0_identity": {"RESEL-L(T/4)": true, "RESEL-L(T/2)": true, "RESEL-L(3T/4)": true, "RESEL-L(T)": true, "RESEL-U(T)": true, "RESEL-U(T/2)": true, "NULL-A(T)": true, "NULL-A(T/2)": true, "NULL-B(T)": true, "NULL-B(T/2)": true, "PHI(0.0,T/2)": true, "PHI(0.1,T/2)": true, "PHI(0.25,T/2)": true, "PHI(0.5,T/2)": true, "PHI(1.0,T/2)": true, "RSWEEP-RESEL-L(r=4,T)": true, "RSWEEP-RESEL-L(r=4,T/2)": true, "RSWEEP-RESEL-L(r=8,T)": true, "RSWEEP-RESEL-L(r=8,T/2)": true, "CAP(4T,T)": true, "CAP(4T,T/2)": true, "CAP(2T,T)": true, "CAP(2T,T/2)": true}, "bit_identity_all_rounds": {"NULL-B(T)": true, "NULL-B(T/2)": true, "PHI(0.0,T/2)": true}, "exceedance": {"RESEL-L(T/4)": {"any_exact_exceedance": false, "max_exact_minus_oracle": -0.010637283325195312, "max_sampled_minus_oracle": -0.0012240334955185561}, "RESEL-L(T/2)": {"any_exact_exceedance": false, "max_exact_minus_oracle": -0.022619247436523438, "max_sampled_minus_oracle": 0.016031393975567965}, "RESEL-L(3T/4)": {"any_exact_exceedance": false, "max_exact_minus_oracle": -0.016603469848632812, "max_sampled_minus_oracle": 0.0429627878202809}, "RESEL-L(T)": {"any_exact_exceedance": false, "max_exact_minus_oracle": -0.015575408935546875, "max_sampled_minus_oracle": 0.05391385820176864}, "RESEL-U(T)": {"any_exact_exceedance": false, "max_exact_minus_oracle": -0.013555526733398438, "max_sampled_minus_oracle": 0.08487924982289796}, "RESEL-U(T/2)": {"any_exact_exceedance": false, "max_exact_minus_oracle": -0.009195327758789062, "max_sampled_minus_oracle": 0.023285319970088925}, "NULL-A(T)": {"any_exact_exceedance": false, "max_exact_minus_oracle": -0.10408496856689453, "max_sampled_minus_oracle": -0.10909346049417279}, "NULL-A(T/2)": {"any_exact_exceedance": false, "max_exact_minus_oracle": -0.05655860900878906, "max_sampled_minus_oracle": -0.050089942084418415}, "PHI(0.0,T/2)": {"any_exact_exceedance": false, "max_exact_minus_oracle": -0.05655860900878906, "max_sampled_minus_oracle": 0.0035499046588766126}, "PHI(0.1,T/2)": {"any_exact_exceedance": false, "max_exact_minus_oracle": -0.05020904541015625, "max_sampled_minus_oracle": -0.013691474651468194}, "PHI(0.25,T/2)": {"any_exact_exceedance": false, "max_exact_minus_oracle": -0.03766441345214844, "max_sampled_minus_oracle": -0.022312164306640625}, "PHI(0.5,T/2)": {"any_exact_exceedance": false, "max_exact_minus_oracle": -0.02645111083984375, "max_sampled_minus_oracle": 0.006475714481238182}, "PHI(1.0,T/2)": {"any_exact_exceedance": false, "max_exact_minus_oracle": -0.022619247436523438, "max_sampled_minus_oracle": 0.016031393975567965}, "RSWEEP-RESEL-L(r=4,T)": {"any_exact_exceedance": false, "max_exact_minus_oracle": -0.017812728881835938, "max_sampled_minus_oracle": 0.03134441375732422}, "RSWEEP-RESEL-L(r=4,T/2)": {"any_exact_exceedance": false, "max_exact_minus_oracle": -0.017198562622070312, "max_sampled_minus_oracle": 0.004796269428299138}, "RSWEEP-RESEL-L(r=8,T)": {"any_exact_exceedance": false, "max_exact_minus_oracle": -0.009421348571777344, "max_sampled_minus_oracle": 0.0728840479036657}, "RSWEEP-RESEL-L(r=8,T/2)": {"any_exact_exceedance": false, "max_exact_minus_oracle": -0.008994102478027344, "max_sampled_minus_oracle": 0.05047264581994165}, "CAP(4T,T)": {"any_exact_exceedance": false, "max_exact_minus_oracle": -0.015575408935546875, "max_sampled_minus_oracle": 0.05391385820176864}, "CAP(4T,T/2)": {"any_exact_exceedance": false, "max_exact_minus_oracle": -0.022619247436523438, "max_sampled_minus_oracle": 0.016031393975567965}, "CAP(2T,T)": {"any_exact_exceedance": false, "max_exact_minus_oracle": -0.015130043029785156, "max_sampled_minus_oracle": 0.024854029141939626}, "CAP(2T,T/2)": {"any_exact_exceedance": false, "max_exact_minus_oracle": -0.022619247436523438, "max_sampled_minus_oracle": 0.016031393975567965}}, "phi1_equals_resel_l_T/2": true}
[done] 1.2s
