exp 1/100 8s {'H0': 'INCO', 'CM_pseudo': 'INCO', 'forest': 'NULL', 'planted_1.25': 'ENRI', 'planted_1.5': 'ENRI', 'planted_2.0': 'ENRI'}
exp 2/100 15s {'H0': 'INCO', 'CM_pseudo': 'NULL', 'forest': 'NULL', 'planted_1.25': 'ENRI', 'planted_1.5': 'ENRI', 'planted_2.0': 'ENRI'}
exp 3/100 24s {'H0': 'INCO', 'CM_pseudo': 'NULL', 'forest': 'NULL', 'planted_1.25': 'ENRI', 'planted_1.5': 'ENRI', 'planted_2.0': 'ENRI'}
exp 4/100 31s {'H0': 'NULL', 'CM_pseudo': 'NULL', 'forest': 'NULL', 'planted_1.25': 'INCO', 'planted_1.5': 'ENRI', 'planted_2.0': 'ENRI'}
exp 5/100 38s {'H0': 'NULL', 'CM_pseudo': 'NULL', 'forest': 'NULL', 'planted_1.25': 'INCO', 'planted_1.5': 'ENRI', 'planted_2.0': 'ENRI'}
exp 6/100 45s {'H0': 'INCO', 'CM_pseudo': 'NULL', 'forest': 'NULL', 'planted_1.25': 'ENRI', 'planted_1.5': 'ENRI', 'planted_2.0': 'ENRI'}
exp 7/100 53s {'H0': 'NULL', 'CM_pseudo': 'NULL', 'forest': 'NULL', 'planted_1.25': 'ENRI', 'planted_1.5': 'ENRI', 'planted_2.0': 'ENRI'}
exp 8/100 62s {'H0': 'INCO', 'CM_pseudo': 'NULL', 'forest': 'NULL', 'planted_1.25': 'ENRI', 'planted_1.5': 'ENRI', 'planted_2.0': 'ENRI'}
exp 9/100 71s {'H0': 'NULL', 'CM_pseudo': 'INCO', 'forest': 'NULL', 'planted_1.25': 'ENRI', 'planted_1.5': 'ENRI', 'planted_2.0': 'ENRI'}
exp 10/100 81s {'H0': 'INCO', 'CM_pseudo': 'NULL', 'forest': 'NULL', 'planted_1.25': 'ENRI', 'planted_1.5': 'ENRI', 'planted_2.0': 'ENRI'}
exp 11/100 90s {'H0': 'INCO', 'CM_pseudo': 'NULL', 'forest': 'NULL', 'planted_1.25': 'ENRI', 'planted_1.5': 'ENRI', 'planted_2.0': 'ENRI'}
exp 12/100 104s {'H0': 'INCO', 'CM_pseudo': 'INCO', 'forest': 'NULL', 'planted_1.25': 'ENRI', 'planted_1.5': 'ENRI', 'planted_2.0': 'ENRI'}
exp 13/100 145s {'H0': 'INCO', 'CM_pseudo': 'NULL', 'forest': 'NULL', 'planted_1.25': 'ENRI', 'planted_1.5': 'ENRI', 'planted_2.0': 'ENRI'}
exp 14/100 166s {'H0': 'INCO', 'CM_pseudo': 'NULL', 'forest': 'NULL', 'planted_1.25': 'ENRI', 'planted_1.5': 'ENRI', 'planted_2.0': 'ENRI'}
exp 15/100 180s {'H0': 'NULL', 'CM_pseudo': 'NULL', 'forest': 'NULL', 'planted_1.25': 'ENRI', 'planted_1.5': 'ENRI', 'planted_2.0': 'ENRI'}
exp 16/100 200s {'H0': 'NULL', 'CM_pseudo': 'NULL', 'forest': 'NULL', 'planted_1.25': 'ENRI', 'planted_1.5': 'ENRI', 'planted_2.0': 'ENRI'}
exp 17/100 217s {'H0': 'INCO', 'CM_pseudo': 'NULL', 'forest': 'NULL', 'planted_1.25': 'ENRI', 'planted_1.5': 'ENRI', 'planted_2.0': 'ENRI'}
exp 18/100 226s {'H0': 'NULL', 'CM_pseudo': 'NULL', 'forest': 'NULL', 'planted_1.25': 'INCO', 'planted_1.5': 'ENRI', 'planted_2.0': 'ENRI'}
exp 19/100 237s {'H0': 'NULL', 'CM_pseudo': 'NULL', 'forest': 'NULL', 'planted_1.25': 'ENRI', 'planted_1.5': 'ENRI', 'planted_2.0': 'ENRI'}
exp 20/100 250s {'H0': 'NULL', 'CM_pseudo': 'NULL', 'forest': 'NULL', 'planted_1.25': 'ENRI', 'planted_1.5': 'ENRI', 'planted_2.0': 'ENRI'}
exp 21/100 267s {'H0': 'NULL', 'CM_pseudo': 'NULL', 'forest': 'NULL', 'planted_1.25': 'ENRI', 'planted_1.5': 'ENRI', 'planted_2.0': 'ENRI'}
exp 22/100 284s {'H0': 'NULL', 'CM_pseudo': 'INCO', 'forest': 'NULL', 'planted_1.25': 'ENRI', 'planted_1.5': 'ENRI', 'planted_2.0': 'ENRI'}
exp 23/100 294s {'H0': 'NULL', 'CM_pseudo': 'NULL', 'forest': 'NULL', 'planted_1.25': 'ENRI', 'planted_1.5': 'ENRI', 'planted_2.0': 'ENRI'}
exp 24/100 307s {'H0': 'INCO', 'CM_pseudo': 'NULL', 'forest': 'NULL', 'planted_1.25': 'ENRI', 'planted_1.5': 'ENRI', 'planted_2.0': 'ENRI'}
exp 25/100 320s {'H0': 'INCO', 'CM_pseudo': 'NULL', 'forest': 'NULL', 'planted_1.25': 'ENRI', 'planted_1.5': 'ENRI', 'planted_2.0': 'ENRI'}
exp 26/100 345s {'H0': 'NULL', 'CM_pseudo': 'NULL', 'forest': 'NULL', 'planted_1.25': 'ENRI', 'planted_1.5': 'ENRI', 'planted_2.0': 'ENRI'}
exp 27/100 367s {'H0': 'INCO', 'CM_pseudo': 'NULL', 'forest': 'NULL', 'planted_1.25': 'ENRI', 'planted_1.5': 'ENRI', 'planted_2.0': 'ENRI'}
exp 28/100 378s {'H0': 'NULL', 'CM_pseudo': 'NULL', 'forest': 'NULL', 'planted_1.25': 'ENRI', 'planted_1.5': 'ENRI', 'planted_2.0': 'ENRI'}
exp 29/100 393s {'H0': 'INCO', 'CM_pseudo': 'NULL', 'forest': 'NULL', 'planted_1.25': 'ENRI', 'planted_1.5': 'ENRI', 'planted_2.0': 'ENRI'}
exp 30/100 403s {'H0': 'INCO', 'CM_pseudo': 'NULL', 'forest': 'NULL', 'planted_1.25': 'ENRI', 'planted_1.5': 'ENRI', 'planted_2.0': 'ENRI'}
exp 31/100 413s {'H0': 'NULL', 'CM_pseudo': 'NULL', 'forest': 'NULL', 'planted_1.25': 'INCO', 'planted_1.5': 'ENRI', 'planted_2.0': 'ENRI'}
exp 32/100 423s {'H0': 'INCO', 'CM_pseudo': 'NULL', 'forest': 'NULL', 'planted_1.25': 'ENRI', 'planted_1.5': 'ENRI', 'planted_2.0': 'ENRI'}
exp 33/100 436s {'H0': 'NULL', 'CM_pseudo': 'NULL', 'forest': 'NULL', 'planted_1.25': 'INCO', 'planted_1.5': 'ENRI', 'planted_2.0': 'ENRI'}
exp 34/100 451s {'H0': 'NULL', 'CM_pseudo': 'NULL', 'forest': 'NULL', 'planted_1.25': 'ENRI', 'planted_1.5': 'ENRI', 'planted_2.0': 'ENRI'}
exp 35/100 474s {'H0': 'NULL', 'CM_pseudo': 'NULL', 'forest': 'NULL', 'planted_1.25': 'ENRI', 'planted_1.5': 'ENRI', 'planted_2.0': 'ENRI'}
exp 36/100 485s {'H0': 'NULL', 'CM_pseudo': 'NULL', 'forest': 'NULL', 'planted_1.25': 'ENRI', 'planted_1.5': 'ENRI', 'planted_2.0': 'ENRI'}
exp 37/100 495s {'H0': 'INCO', 'CM_pseudo': 'NULL', 'forest': 'NULL', 'planted_1.25': 'ENRI', 'planted_1.5': 'ENRI', 'planted_2.0': 'ENRI'}
exp 38/100 504s {'H0': 'INCO', 'CM_pseudo': 'NULL', 'forest': 'NULL', 'planted_1.25': 'ENRI', 'planted_1.5': 'ENRI', 'planted_2.0': 'ENRI'}
exp 39/100 513s {'H0': 'NULL', 'CM_pseudo': 'NULL', 'forest': 'NULL', 'planted_1.25': 'INCO', 'planted_1.5': 'ENRI', 'planted_2.0': 'ENRI'}
exp 40/100 523s {'H0': 'NULL', 'CM_pseudo': 'NULL', 'forest': 'NULL', 'planted_1.25': 'ENRI', 'planted_1.5': 'ENRI', 'planted_2.0': 'ENRI'}
exp 41/100 533s {'H0': 'NULL', 'CM_pseudo': 'NULL', 'forest': 'NULL', 'planted_1.25': 'ENRI', 'planted_1.5': 'ENRI', 'planted_2.0': 'ENRI'}
exp 42/100 543s {'H0': 'NULL', 'CM_pseudo': 'NULL', 'forest': 'NULL', 'planted_1.25': 'INCO', 'planted_1.5': 'ENRI', 'planted_2.0': 'ENRI'}
exp 43/100 553s {'H0': 'NULL', 'CM_pseudo': 'NULL', 'forest': 'NULL', 'planted_1.25': 'ENRI', 'planted_1.5': 'ENRI', 'planted_2.0': 'ENRI'}
exp 44/100 562s {'H0': 'NULL', 'CM_pseudo': 'NULL', 'forest': 'NULL', 'planted_1.25': 'INCO', 'planted_1.5': 'ENRI', 'planted_2.0': 'ENRI'}
