{
  "curve": {
    "p": 1009,
    "A": 1,
    "B": 1,
    "discriminant_mod_p_nonzero": true,
    "a_p": -24,
    "ordinary": true,
    "N_points_over_Fp": 1034,
    "N_factorization": {
      "2": 1,
      "11": 1,
      "47": 1
    }
  },
  "point_S": {
    "x": 286,
    "y": 680,
    "order_n": 47
  },
  "precision_r": 8,
  "canonical_lift_S_hat": {
    "x_mod_p_r": 1028993090447422868629541,
    "y_mod_p_r": 639576900641432511783834,
    "construction": "Newton/Hensel lift of the SIMPLE root x0=S.x of f(x0) = Z-coordinate of [n](x0, HenselLift_y(x0)); linear (one p-adic digit per step) Hensel iteration using a finite-difference approximation of df/dx0 mod p.",
    "verified_n_times_S_hat_equals_O_exactly_mod_p_r": true,
    "v_p_of_Z_of_n_times_S_hat": 8
  },
  "null_lift": {
    "x_mod_p_r": 1295,
    "y_mod_p_r": 487777230213607378965298,
    "construction": "Hensel lift of S with x perturbed by +p at the p^1 digit (does not enforce the order-n condition).",
    "v_p_of_Z_of_n_times_null_lift": 1
  },
  "part1_D1_image_canonical_lift": [
    0,
    8
  ],
  "part1_notes": [],
  "part2_D1_image_null_lift": [
    0,
    1
  ],
  "part3_triples": [
    {
      "k1": 1,
      "k2": 2,
      "k3": 3,
      "vandermonde_vp": 0,
      "nonrigid_vp": 0
    },
    {
      "k1": 2,
      "k2": 5,
      "k3": 9,
      "vandermonde_vp": 0,
      "nonrigid_vp": 0
    },
    {
      "k1": 10,
      "k2": 15,
      "k3": 40,
      "vandermonde_vp": 0,
      "nonrigid_vp": 0
    },
    {
      "k1": 5,
      "k2": 40,
      "k3": 45,
      "vandermonde_vp": 0,
      "nonrigid_vp": 0
    },
    {
      "k1": 1,
      "k2": 46,
      "k3": 20,
      "vandermonde_vp": 8,
      "nonrigid_vp": 0
    },
    {
      "k1": 3,
      "k2": 44,
      "k3": 41,
      "vandermonde_vp": 8,
      "nonrigid_vp": 0
    }
  ],
  "part3_vandermonde_image": [
    0,
    8
  ],
  "part3_nonrigid_image": [
    0
  ],
  "spot_check": {
    "j": 5,
    "k": 12,
    "x_k_via_double_and_add": 93971980176748475449054,
    "x_k_via_repeated_addition": 93971980176748475449054,
    "x_k_paths_agree": true,
    "x_j_via_double_and_add": 673317325945794052900402,
    "x_j_via_repeated_addition": 673317325945794052900402,
    "x_j_paths_agree": true,
    "recomputed_D1_from_independent_path": 0,
    "tabulated_D1": 0,
    "curve_equation_holds_exactly_for_S_hat_mod_p_r": true,
    "curve_equation_holds_exactly_for_null_lift_mod_p_r": true
  }
}
num part1 pairs: 1035  num part2 pairs: 1035
