
Legend for f4 information
--------------------------------------------------------
deg       current degree of pairs selected in this round
sel       number of pairs selected in this round
pairs     total number of pairs in pair list
mat       matrix dimensions (# rows x # columns)
density   density of the matrix
new data  # new elements for basis in this round
          # zero reductions during linear algebra
time(rd)  time of the current f4 round in seconds given
          for real and cpu time
--------------------------------------------------------

deg     sel   pairs        mat          density            new data         time(rd) in sec (real|cpu)
------------------------------------------------------------------------------------------------------
  2      10     185      15 x 64         54.17%       10 new       0 zero         0.00 | 0.00         
  2       2     281      17 x 54         16.67%        1 new       1 zero         0.00 | 0.00         
  3     121     282     444 x 703         2.03%      107 new      14 zero         0.01 | 0.01         
  3     197     675     572 x 725         3.24%      187 new      10 zero         0.02 | 0.02         
  2      17    1659     130 x 134         9.21%       10 new       7 zero         0.00 | 0.00         
  2      81    1129     230 x 160         6.14%        0 new      81 zero         0.00 | 0.00         
  3     811    1048    1744 x 1078        1.23%        7 new     827 zero         0.00 | 0.00         
  4     329     329    3440 x 3485        0.34%      123 new     206 zero         0.03 | 0.03         
------------------------------------------------------------------------------------------------------
reduce final basis        1 x 1         100.00%        1 new       0 zero         0.00 | 0.00         
------------------------------------------------------------------------------------------------------

---------------- TIMINGS ---------------
overall(elapsed)        0.06 sec
overall(cpu)            0.06 sec
select                  0.00 sec   5.5%
symbolic prep.          0.00 sec   6.5%
update                  0.04 sec  71.7%
convert                 0.00 sec   2.0%
linear algebra          0.01 sec  13.2%
reduce gb               0.00 sec   0.0%
-----------------------------------------

---------- COMPUTATIONAL DATA -----------
size of basis                     1
#terms in basis                   1
#pairs reduced                 1568
#GM criterion                122435
#redundant elements             498
#rows reduced                  3183
#zero reductions               1146
max. matrix data               3440 x 3485 (0.336%)
max. symbolic hash table size  2^12
max. basis hash table size     2^16
-----------------------------------------

Grobner basis has a single element
No solution
