
Legend for f4 information
--------------------------------------------------------
deg       current degree of pairs selected in this round
sel       number of pairs selected in this round
pairs     total number of pairs in pair list
mat       matrix dimensions (# rows x # columns)
density   density of the matrix
new data  # new elements for basis in this round
          # zero reductions during linear algebra
time(rd)  time of the current f4 round in seconds given
          for real and cpu time
--------------------------------------------------------

deg     sel   pairs        mat          density            new data         time(rd) in sec (real|cpu)
------------------------------------------------------------------------------------------------------
  2      16     256      19 x 160        43.65%       16 new       0 zero         0.00 | 0.00         
  2       2     433      31 x 170        13.62%        1 new       1 zero         0.00 | 0.00         
  3     208     451     961 x 2406        0.85%      190 new      18 zero         0.02 | 0.02         
  3     244    1385    1021 x 2138        2.79%      238 new       6 zero         0.07 | 0.07         
  4    4719    5102   23430 x 49100       0.33%     2189 new    2530 zero         9.17 | 9.15         
  4    6568   31873   68062 x 122911      0.22%     2518 new    4050 zero        33.30 | 33.28        
  4    5958   76204   70231 x 118443      0.46%     3107 new    3047 zero        74.17 | 74.13        
  3    3957   41334    9451 x 9316        1.30%       57 new    3948 zero         1.20 | 1.20         
  4   14350   30846   91773 x 98849       0.59%     3934 new   10859 zero