
Legend for f4 information
--------------------------------------------------------
deg       current degree of pairs selected in this round
sel       number of pairs selected in this round
pairs     total number of pairs in pair list
mat       matrix dimensions (# rows x # columns)
density   density of the matrix
new data  # new elements for basis in this round
          # zero reductions during linear algebra
time(rd)  time of the current f4 round in seconds given
          for real and cpu time
--------------------------------------------------------

deg     sel   pairs        mat          density            new data         time(rd) in sec (real|cpu)
------------------------------------------------------------------------------------------------------
  2       9      68      15 x 64         51.15%        9 new       0 zero         0.00 | 0.00         
  2       2     150      24 x 70         24.76%        1 new       1 zero         0.00 | 0.00         
  3     145     163     466 x 879         2.41%      131 new      14 zero         0.01 | 0.01         
  3     198     554     577 x 730         4.38%      189 new       9 zero         0.02 | 0.02         
  3    1469    1758    2609 x 1135        1.31%       11 new    1483 zero         0.01 | 0.01         
  2     117     286     282 x 174         5.41%        0 new     117 zero         0.00 | 0.00         
  3      29     169     375 x 485         2.25%       10 new      19 zero         0.00 | 0.00         
  4     255     255    3618 x 3663        0.41%      119 new     136 zero         0.02 | 0.02         
------------------------------------------------------------------------------------------------------
reduce final basis        1 x 1         100.00%        1 new       0 zero         0.00 | 0.00         
------------------------------------------------------------------------------------------------------

---------------- TIMINGS ---------------
overall(elapsed)        0.06 sec
overall(cpu)            0.06 sec
select                  0.00 sec   7.0%
symbolic prep.          0.00 sec   5.6%
update                  0.04 sec  68.1%
convert                 0.00 sec   2.1%
linear algebra          0.01 sec  16.1%
reduce gb               0.00 sec   0.0%
-----------------------------------------

---------- COMPUTATIONAL DATA -----------
size of basis                     1
#terms in basis                   1
#pairs reduced                 2224
#GM criterion                134567
#redundant elements             523
#rows reduced                  4499
#zero reductions               1779
max. matrix data               3618 x 3663 (0.410%)
max. symbolic hash table size  2^12
max. basis hash table size     2^16
-----------------------------------------

Grobner basis has a single element
No solution
