
Legend for f4 information
--------------------------------------------------------
deg       current degree of pairs selected in this round
sel       number of pairs selected in this round
pairs     total number of pairs in pair list
mat       matrix dimensions (# rows x # columns)
density   density of the matrix
new data  # new elements for basis in this round
          # zero reductions during linear algebra
time(rd)  time of the current f4 round in seconds given
          for real and cpu time
--------------------------------------------------------

deg     sel   pairs        mat          density            new data         time(rd) in sec (real|cpu)
------------------------------------------------------------------------------------------------------
  2      10     185      15 x 64         52.71%       10 new       0 zero         0.00 | 0.00         
  2       2     281      22 x 67         18.18%        1 new       1 zero         0.00 | 0.00         
  3     134     295     444 x 703         1.96%      120 new      14 zero         0.01 | 0.01         
  3     187     698     579 x 732         3.24%      177 new      10 zero         0.03 | 0.03         
  3    1452    1753    2607 x 1142        1.19%       16 new    1470 zero         0.01 | 0.01         
  2     143     334     312 x 174         4.38%        0 new     143 zero         0.00 | 0.00         
  3      49     191     367 x 394         1.40%       13 new      38 zero         0.00 | 0.00         
  4     236     236    3228 x 3133        0.21%       76 new     160 zero         0.02 | 0.02         
------------------------------------------------------------------------------------------------------
reduce final basis        1 x 1         100.00%        1 new       0 zero         0.00 | 0.00         
------------------------------------------------------------------------------------------------------

---------------- TIMINGS ---------------
overall(elapsed)        0.07 sec
overall(cpu)            0.07 sec
select                  0.00 sec   6.4%
symbolic prep.          0.00 sec   4.6%
update                  0.05 sec  74.8%
convert                 0.00 sec   2.1%
linear algebra          0.01 sec  10.6%
reduce gb               0.00 sec   0.0%
-----------------------------------------

---------- COMPUTATIONAL DATA -----------
size of basis                     1
#terms in basis                   1
#pairs reduced                 2213
#GM criterion                106467
#redundant elements             466
#rows reduced                  4499
#zero reductions               1836
max. matrix data               3228 x 3133 (0.214%)
max. symbolic hash table size  2^12
max. basis hash table size     2^16
-----------------------------------------

Grobner basis has a single element
No solution
