{
  "summary": {
    "n_finished": 100,
    "n_infra_excluded": 0,
    "infra_exclusion_rate": 0.0,
    "opcount_mean": 458747.45,
    "opcount_median": 267000.0,
    "opcount_std": 1305105.5753998624,
    "cv_per_attempt": 2.8449325994070644,
    "max_over_median": 35.711734082397,
    "hill": {
      "alpha": 1.3413940169389138,
      "ci_low": 0.6208263260103073,
      "ci_high": 8.796112411826009,
      "n_boot": 10000
    },
    "wall_s_mean": 0.36608904123306274,
    "set": "random_dense",
    "seed_tag": "random-dense-100"
  }
}