[2026-09-29T06:23:46.459456+00:00] attempt experiments/EXP-PFDR-1b78f7/runs/RUN-PFDR-1b78f7-census-m5/attempt-1: 55 jobs, max 4 processes, watchdog 86400 s, MemAvailable gate 4.0 GB, trigger: M-2: R12 runs all 55 jobs under the per-job procedure (M-1) from its start
[2026-09-29T06:23:46.460356+00:00] job b32-c0 started (pid 21060; watchdog 86400.0 s; MemAvailable 15918800896 B)
[2026-09-29T06:23:46.460851+00:00] job b32-c1 started (pid 21061; watchdog 86400.0 s; MemAvailable 15918800896 B)
[2026-09-29T06:23:46.461345+00:00] job b32-c2 started (pid 21062; watchdog 86400.0 s; MemAvailable 15918800896 B)
[2026-09-29T06:23:46.461646+00:00] job b32-c3 started (pid 21063; watchdog 86400.0 s; MemAvailable 15918800896 B)
[2026-09-29T06:25:11.548779+00:00] job b32-c1 ended: exit 0 rows 18 statuses {'completed_valid': 18} wall 79.491 s peak_rss 141099008 abnormal False m4_trigger False
[2026-09-29T06:25:11.549740+00:00] job b32-c4 started (pid 21440; watchdog 86314.9 s; MemAvailable 15660863488 B)
[2026-09-29T06:25:26.612154+00:00] job b32-c0 ended: exit 0 rows 18 statuses {'completed_valid': 18} wall 96.046 s peak_rss 143622144 abnormal False m4_trigger False
[2026-09-29T06:25:26.613048+00:00] job b30-c0 started (pid 21525; watchdog 86299.8 s; MemAvailable 15553519616 B)
[2026-09-29T06:25:31.671942+00:00] job b32-c3 ended: exit 0 rows 18 statuses {'completed_valid': 18} wall 101.615 s peak_rss 142229504 abnormal False m4_trigger False
[2026-09-29T06:25:31.672612+00:00] job b30-c1 started (pid 21604; watchdog 86294.8 s; MemAvailable 15620681728 B)
[2026-09-29T06:26:01.734941+00:00] job b30-c1 ended: exit 0 rows 18 statuses {'completed_valid': 18} wall 25.543 s peak_rss 89526272 abnormal False m4_trigger False
[2026-09-29T06:26:01.735748+00:00] job b30-c2 started (pid 21689; watchdog 86264.7 s; MemAvailable 15712247808 B)
[2026-09-29T06:26:31.781609+00:00] job b30-c0 ended: exit 0 rows 18 statuses {'completed_valid': 18} wall 61.575 s peak_rss 102461440 abnormal False m4_trigger False
[2026-09-29T06:26:31.782265+00:00] job b30-c3 started (pid 21777; watchdog 86234.7 s; MemAvailable 15639453696 B)
[2026-09-29T06:26:46.847066+00:00] job b32-c2 ended: exit 0 rows 18 statuses {'completed_valid': 18} wall 178.461 s peak_rss 201011200 abnormal False m4_trigger False
[2026-09-29T06:26:46.847780+00:00] job b30-c4 started (pid 21858; watchdog 86219.6 s; MemAvailable 15650689024 B)
[2026-09-29T06:27:21.915072+00:00] job b30-c4 ended: exit 0 rows 18 statuses {'completed_valid': 18} wall 30.313 s peak_rss 119963648 abnormal False m4_trigger False
[2026-09-29T06:27:21.915723+00:00] job b28-c0 started (pid 21945; watchdog 86184.5 s; MemAvailable 15682142208 B)
[2026-09-29T06:27:26.963176+00:00] job b30-c3 ended: exit 0 rows 18 statuses {'completed_valid': 18} wall 53.192 s peak_rss 99049472 abnormal False m4_trigger False
[2026-09-29T06:27:26.963933+00:00] job b28-c1 started (pid 22026; watchdog 86179.5 s; MemAvailable 15702323200 B)
[2026-09-29T06:27:37.006066+00:00] job b30-c2 ended: exit 0 rows 18 statuses {'completed_valid': 18} wall 92.143 s peak_rss 121094144 abnormal False m4_trigger False
[2026-09-29T06:27:37.006663+00:00] job b28-c2 started (pid 22109; watchdog 86169.5 s; MemAvailable 15723495424 B)
[2026-09-29T06:27:42.077256+00:00] job b32-c4 ended: exit 0 rows 18 statuses {'completed_valid': 18} wall 147.327 s peak_rss 202113024 abnormal False m4_trigger False
[2026-09-29T06:27:42.120012+00:00] job b28-c0 ended: exit 0 rows 18 statuses {'completed_valid': 18} wall 16.751 s peak_rss 71917568 abnormal False m4_trigger False
[2026-09-29T06:27:42.120862+00:00] job b28-c3 started (pid 22191; watchdog 86164.3 s; MemAvailable 15823253504 B)
[2026-09-29T06:27:42.121401+00:00] job b28-c4 started (pid 22192; watchdog 86164.3 s; MemAvailable 15823253504 B)
[2026-09-29T06:28:07.163252+00:00] job b28-c4 ended: exit 0 rows 18 statuses {'completed_valid': 18} wall 19.466 s peak_rss 67756032 abnormal False m4_trigger False
[2026-09-29T06:28:07.163810+00:00] job b26-c0 started (pid 22354; watchdog 86139.3 s; MemAvailable 15783231488 B)
[2026-09-29T06:28:37.194819+00:00] job b26-c0 ended: exit 0 rows 18 statuses {'completed_valid': 18} wall 26.703 s peak_rss 56438784 abnormal False m4_trigger False
[2026-09-29T06:28:37.195531+00:00] job b26-c1 started (pid 22440; watchdog 86109.3 s; MemAvailable 15798009856 B)
[2026-09-29T06:28:47.242545+00:00] job b28-c1 ended: exit 0 rows 18 statuses {'completed_valid': 18} wall 78.233 s peak_rss 74473472 abnormal False m4_trigger False
[2026-09-29T06:28:47.273887+00:00] job b28-c2 ended: exit 0 rows 18 statuses {'completed_valid': 18} wall 68.736 s peak_rss 66600960 abnormal False m4_trigger False
[2026-09-29T06:28:47.274847+00:00] job b26-c2 started (pid 22527; watchdog 86099.2 s; MemAvailable 15854911488 B)
[2026-09-29T06:28:47.275393+00:00] job b26-c3 started (pid 22528; watchdog 86099.2 s; MemAvailable 15854911488 B)
[2026-09-29T06:29:12.309905+00:00] job b26-c1 ended: exit 0 rows 18 statuses {'completed_valid': 18} wall 29.914 s peak_rss 55754752 abnormal False m4_trigger False
[2026-09-29T06:29:12.341764+00:00] job b26-c3 ended: exit 0 rows 18 statuses {'completed_valid': 18} wall 21.559 s peak_rss 54169600 abnormal False m4_trigger False
[2026-09-29T06:29:12.342493+00:00] job b26-c4 started (pid 22690; watchdog 86074.1 s; MemAvailable 15851122688 B)
[2026-09-29T06:29:12.342880+00:00] job b24-c0 started (pid 22691; watchdog 86074.1 s; MemAvailable 15851122688 B)
[2026-09-29T06:29:27.378492+00:00] job b26-c2 ended: exit 0 rows 18 statuses {'completed_valid': 18} wall 37.783 s peak_rss 53174272 abnormal False m4_trigger False
[2026-09-29T06:29:27.382016+00:00] job b24-c1 started (pid 22850; watchdog 86059.1 s; MemAvailable 15789600768 B)
[2026-09-29T06:29:32.454727+00:00] job b24-c0 ended: exit 0 rows 18 statuses {'completed_valid': 18} wall 15.74 s peak_rss 61845504 abnormal False m4_trigger False
[2026-09-29T06:29:32.455664+00:00] job b24-c2 started (pid 22929; watchdog 86054.0 s; MemAvailable 15792218112 B)
[2026-09-29T06:29:37.492307+00:00] job b28-c3 ended: exit 0 rows 18 statuses {'completed_valid': 18} wall 109.567 s peak_rss 67575808 abnormal False m4_trigger False
[2026-09-29T06:29:37.495397+00:00] job b24-c3 started (pid 23009; watchdog 86049.0 s; MemAvailable 15839690752 B)
[2026-09-29T06:29:42.534162+00:00] job b24-c1 ended: exit 0 rows 18 statuses {'completed_valid': 18} wall 9.368 s peak_rss 52264960 abnormal False m4_trigger False
[2026-09-29T06:29:42.534783+00:00] job b24-c4 started (pid 23088; watchdog 86043.9 s; MemAvailable 15812497408 B)
[2026-09-29T06:29:47.572627+00:00] job b26-c4 ended: exit 0 rows 18 statuses {'completed_valid': 18} wall 30.022 s peak_rss 54865920 abnormal False m4_trigger False
[2026-09-29T06:29:47.573222+00:00] job b22-c0 started (pid 23172; watchdog 86038.9 s; MemAvailable 15806484480 B)
[2026-09-29T06:29:52.636501+00:00] job b24-c2 ended: exit 0 rows 18 statuses {'completed_valid': 18} wall 16.04 s peak_rss 60665856 abnormal False m4_trigger False
[2026-09-29T06:29:52.637097+00:00] job b22-c1 started (pid 23251; watchdog 86033.8 s; MemAvailable 15762632704 B)
[2026-09-29T06:29:57.720214+00:00] job b24-c3 ended: exit 0 rows 18 statuses {'completed_valid': 18} wall 15.382 s peak_rss 68173824 abnormal False m4_trigger False
[2026-09-29T06:29:57.721005+00:00] job b22-c2 started (pid 23330; watchdog 86028.7 s; MemAvailable 15772475392 B)
[2026-09-29T06:30:02.828514+00:00] job b22-c0 ended: exit 0 rows 18 statuses {'completed_valid': 18} wall 14.118 s peak_rss 81108992 abnormal False m4_trigger False
[2026-09-29T06:30:02.871930+00:00] job b22-c1 ended: exit 0 rows 18 statuses {'completed_valid': 18} wall 8.758 s peak_rss 54386688 abnormal False m4_trigger False
[2026-09-29T06:30:02.873588+00:00] job b22-c3 started (pid 23412; watchdog 86023.6 s; MemAvailable 15825162240 B)
[2026-09-29T06:30:02.874002+00:00] job b22-c4 started (pid 23413; watchdog 86023.6 s; MemAvailable 15825162240 B)
[2026-09-29T06:30:12.934774+00:00] job b22-c2 ended: exit 0 rows 18 statuses {'completed_valid': 18} wall 13.592 s peak_rss 61661184 abnormal False m4_trigger False
[2026-09-29T06:30:12.970648+00:00] job b22-c4 ended: exit 0 rows 18 statuses {'completed_valid': 18} wall 5.446 s peak_rss 50089984 abnormal False m4_trigger False
[2026-09-29T06:30:12.971686+00:00] job b20-c0 started (pid 23573; watchdog 86013.5 s; MemAvailable 15812595712 B)
[2026-09-29T06:30:12.972155+00:00] job b20-c1 started (pid 23574; watchdog 86013.5 s; MemAvailable 15812595712 B)
[2026-09-29T06:30:18.047904+00:00] job b22-c3 ended: exit 0 rows 18 statuses {'completed_valid': 18} wall 10.032 s peak_rss 60616704 abnormal False m4_trigger False
[2026-09-29T06:30:18.082317+00:00] job b20-c1 ended: exit 0 rows 18 statuses {'completed_valid': 18} wall 4.041 s peak_rss 47226880 abnormal False m4_trigger False
[2026-09-29T06:30:18.083009+00:00] job b20-c2 started (pid 23734; watchdog 86008.4 s; MemAvailable 15788982272 B)
[2026-09-29T06:30:18.083449+00:00] job b20-c3 started (pid 23735; watchdog 86008.4 s; MemAvailable 15788982272 B)
[2026-09-29T06:30:23.144609+00:00] job b20-c0 ended: exit 0 rows 18 statuses {'completed_valid': 18} wall 6.709 s peak_rss 59314176 abnormal False m4_trigger False
[2026-09-29T06:30:23.145198+00:00] job b20-c4 started (pid 23890; watchdog 86003.3 s; MemAvailable 15751655424 B)
[2026-09-29T06:30:28.203405+00:00] job b20-c2 ended: exit 0 rows 18 statuses {'completed_valid': 18} wall 6.055 s peak_rss 60162048 abnormal False m4_trigger False
[2026-09-29T06:30:28.265273+00:00] job b20-c3 ended: exit 0 rows 18 statuses {'completed_valid': 18} wall 7.024 s peak_rss 63139840 abnormal False m4_trigger False
[2026-09-29T06:30:28.299415+00:00] job b20-c4 ended: exit 0 rows 18 statuses {'completed_valid': 18} wall 3.95 s peak_rss 48877568 abnormal False m4_trigger False
[2026-09-29T06:30:28.300250+00:00] job b18-c0 started (pid 23977; watchdog 85998.2 s; MemAvailable 15834030080 B)
[2026-09-29T06:30:28.300814+00:00] job b18-c1 started (pid 23978; watchdog 85998.2 s; MemAvailable 15834030080 B)
[2026-09-29T06:30:28.301311+00:00] job b18-c2 started (pid 23979; watchdog 85998.2 s; MemAvailable 15834030080 B)
[2026-09-29T06:30:33.430319+00:00] job b24-c4 ended: exit 0 rows 18 statuses {'completed_valid': 18} wall 45.306 s peak_rss 92987392 abnormal False m4_trigger False
[2026-09-29T06:30:33.473336+00:00] job b18-c1 ended: exit 0 rows 18 statuses {'completed_valid': 18} wall 3.284 s peak_rss 50966528 abnormal False m4_trigger False
[2026-09-29T06:30:33.514312+00:00] job b18-c2 ended: exit 0 rows 18 statuses {'completed_valid': 18} wall 2.931 s peak_rss 49827840 abnormal False m4_trigger False
[2026-09-29T06:30:33.515159+00:00] job b18-c3 started (pid 24214; watchdog 85992.9 s; MemAvailable 15824293888 B)
[2026-09-29T06:30:33.515768+00:00] job b18-c4 started (pid 24215; watchdog 85992.9 s; MemAvailable 15824293888 B)
[2026-09-29T06:30:33.516254+00:00] job b16-c0 started (pid 24216; watchdog 85992.9 s; MemAvailable 15824293888 B)
[2026-09-29T06:30:38.594241+00:00] job b18-c0 ended: exit 0 rows 18 statuses {'completed_valid': 18} wall 5.743 s peak_rss 69156864 abnormal False m4_trigger False
[2026-09-29T06:30:38.641750+00:00] job b18-c3 ended: exit 0 rows 18 statuses {'completed_valid': 18} wall 3.182 s peak_rss 52363264 abnormal False m4_trigger False
[2026-09-29T06:30:38.670334+00:00] job b18-c4 ended: exit 0 rows 18 statuses {'completed_valid': 18} wall 2.027 s peak_rss 45473792 abnormal False m4_trigger False
[2026-09-29T06:30:38.684800+00:00] job b16-c0 ended: exit 0 rows 18 statuses {'completed_valid': 18} wall 0.773 s peak_rss 41447424 abnormal False m4_trigger False
[2026-09-29T06:30:38.685447+00:00] job b16-c1 started (pid 24454; watchdog 85987.8 s; MemAvailable 15890456576 B)
[2026-09-29T06:30:38.685889+00:00] job b16-c2 started (pid 24455; watchdog 85987.8 s; MemAvailable 15890456576 B)
[2026-09-29T06:30:38.686338+00:00] job b16-c3 started (pid 24456; watchdog 85987.8 s; MemAvailable 15890456576 B)
[2026-09-29T06:30:38.686629+00:00] job b16-c4 started (pid 24457; watchdog 85987.8 s; MemAvailable 15890456576 B)
[2026-09-29T06:30:43.737956+00:00] job b16-c1 ended: exit 0 rows 18 statuses {'completed_valid': 18} wall 2.932 s peak_rss 57200640 abnormal False m4_trigger False
[2026-09-29T06:30:43.755507+00:00] job b16-c2 ended: exit 0 rows 18 statuses {'completed_valid': 18} wall 1.422 s peak_rss 42901504 abnormal False m4_trigger False
[2026-09-29T06:30:43.771689+00:00] job b16-c4 ended: exit 0 rows 18 statuses {'completed_valid': 18} wall 0.773 s peak_rss 41902080 abnormal False m4_trigger False
[2026-09-29T06:30:43.772451+00:00] job b14-c0 started (pid 24773; watchdog 85982.7 s; MemAvailable 15839268864 B)
[2026-09-29T06:30:43.773072+00:00] job b14-c1 started (pid 24774; watchdog 85982.7 s; MemAvailable 15839268864 B)
[2026-09-29T06:30:43.773554+00:00] job b14-c2 started (pid 24775; watchdog 85982.7 s; MemAvailable 15839268864 B)
[2026-09-29T06:30:48.861694+00:00] job b16-c3 ended: exit 0 rows 18 statuses {'completed_valid': 18} wall 5.957 s peak_rss 75583488 abnormal False m4_trigger False
[2026-09-29T06:30:48.881141+00:00] job b14-c0 ended: exit 0 rows 18 statuses {'completed_valid': 18} wall 0.773 s peak_rss 43896832 abnormal False m4_trigger False
[2026-09-29T06:30:48.902074+00:00] job b14-c1 ended: exit 0 rows 18 statuses {'completed_valid': 18} wall 0.872 s peak_rss 44163072 abnormal False m4_trigger False
[2026-09-29T06:30:48.921350+00:00] job b14-c2 ended: exit 0 rows 18 statuses {'completed_valid': 18} wall 0.57 s peak_rss 41316352 abnormal False m4_trigger False
[2026-09-29T06:30:48.922248+00:00] job b14-c3 started (pid 25013; watchdog 85977.5 s; MemAvailable 15861841920 B)
[2026-09-29T06:30:48.922930+00:00] job b14-c4 started (pid 25014; watchdog 85977.5 s; MemAvailable 15861841920 B)
[2026-09-29T06:30:48.924046+00:00] job b12-c0 started (pid 25015; watchdog 85977.5 s; MemAvailable 15861841920 B)
[2026-09-29T06:30:48.924536+00:00] job b12-c1 started (pid 25016; watchdog 85977.5 s; MemAvailable 15861841920 B)
[2026-09-29T06:30:53.944718+00:00] job b14-c3 ended: exit 0 rows 18 statuses {'completed_valid': 18} wall 0.672 s peak_rss 41254912 abnormal False m4_trigger False
[2026-09-29T06:30:54.017086+00:00] job b14-c4 ended: exit 0 rows 18 statuses {'completed_valid': 18} wall 4.288 s peak_rss 66572288 abnormal False m4_trigger False
[2026-09-29T06:30:54.037564+00:00] job b12-c0 ended: exit 0 rows 18 statuses {'completed_valid': 18} wall 0.821 s peak_rss 42876928 abnormal False m4_trigger False
[2026-09-29T06:30:54.056385+00:00] job b12-c1 ended: exit 0 rows 18 statuses {'completed_valid': 18} wall 0.624 s peak_rss 41250816 abnormal False m4_trigger False
[2026-09-29T06:30:54.057374+00:00] job b12-c2 started (pid 25329; watchdog 85972.4 s; MemAvailable 15837229056 B)
[2026-09-29T06:30:54.058153+00:00] job b12-c3 started (pid 25330; watchdog 85972.4 s; MemAvailable 15837229056 B)
[2026-09-29T06:30:54.058758+00:00] job b12-c4 started (pid 25331; watchdog 85972.4 s; MemAvailable 15837229056 B)
[2026-09-29T06:30:59.075429+00:00] job b12-c2 ended: exit 0 rows 18 statuses {'completed_valid': 18} wall 0.571 s peak_rss 41340928 abnormal False m4_trigger False
[2026-09-29T06:30:59.092777+00:00] job b12-c3 ended: exit 0 rows 18 statuses {'completed_valid': 18} wall 0.522 s peak_rss 41304064 abnormal False m4_trigger False
[2026-09-29T06:30:59.109255+00:00] job b12-c4 ended: exit 0 rows 18 statuses {'completed_valid': 18} wall 0.52 s peak_rss 41250816 abnormal False m4_trigger False
[2026-09-29T06:31:04.116439+00:00] attempt done: 55 jobs ended, not started [] (None); wall 437.6 s
$ merge_census.py summarize --attempt-dir experiments/EXP-PFDR-1b78f7/runs/RUN-PFDR-1b78f7-census-m5/attempt-1 --run-id RUN-PFDR-1b78f7-census-m5
{"completeness": {"expected_keys": 990, "keys_present": 990, "keys_missing": 0, "duplicates": [], "non_job_rows": 0}, "status_totals": {"completed_valid": 990}, "gates": {"G4": true, "G5": true, "G6_G7": true, "harvest_instances": 990, "solved": 990, "verified": 990}}
[exit 0]
