{
  "instances": 110,
  "by_status": {
    "main|dickson|search|completed_valid": 10,
    "main|known_null_dick|search|completed_valid": 10,
    "main|known_null_sub|search|completed_valid": 10,
    "main|random_dick_r0|search|completed_valid": 10,
    "main|random_dick_r1|search|completed_valid": 10,
    "main|random_dick_r2|search|completed_valid": 10,
    "main|random_sub_r0|search|completed_valid": 10,
    "main|random_sub_r1|search|completed_valid": 10,
    "main|random_sub_r2|search|completed_valid": 10,
    "main|small_x|search|completed_valid": 10,
    "main|subgroup|search|completed_valid": 10
  },
  "stopped_at_job": null,
  "certificates": {
    "cert_pass": 53488,
    "cert_fail": 0,
    "rows_emitted": 53488
  },
  "identity_failures": 0
}
