START S7-T2-P16777213 design start_index=0 scalar=16512131
DONE  S7-T2-P16777213 design start_index=0 status=hit steps=1535643 first_j=6 sec=1.677
START S7-T2-P16777213 design start_index=1 scalar=3548612
DONE  S7-T2-P16777213 design start_index=1 status=hit steps=82241 first_j=7 sec=0.088
START S7-T2-P16777213 design start_index=2 scalar=6906991
DONE  S7-T2-P16777213 design start_index=2 status=hit steps=178176 first_j=14 sec=0.190
START S7-T2-P16777213 design start_index=3 scalar=7276399
DONE  S7-T2-P16777213 design start_index=3 status=hit steps=185299 first_j=4 sec=0.199
START S7-T2-P16777213 design start_index=4 scalar=14567537
DONE  S7-T2-P16777213 design start_index=4 status=hit steps=206140 first_j=4 sec=0.220
START S7-T2-P16777213 design start_index=5 scalar=10110148
DONE  S7-T2-P16777213 design start_index=5 status=hit steps=360542 first_j=2 sec=0.384
START S7-T2-P16777213 design start_index=6 scalar=14742596
DONE  S7-T2-P16777213 design start_index=6 status=hit steps=202464 first_j=5 sec=0.215
START S7-T2-P16777213 design start_index=7 scalar=3279851
DONE  S7-T2-P16777213 design start_index=7 status=hit steps=921785 first_j=1 sec=0.981
START S7-T2-P16777213 NULL-3 start_index=0 scalar=16512131
DONE  S7-T2-P16777213 NULL-3 start_index=0 status=hit steps=399809 first_j=5 sec=0.430
START S7-T2-P16777213 NULL-3 start_index=1 scalar=3548612
DONE  S7-T2-P16777213 NULL-3 start_index=1 status=hit steps=986546 first_j=10 sec=1.053
START S7-T2-P16777213 NULL-3 start_index=2 scalar=6906991
DONE  S7-T2-P16777213 NULL-3 start_index=2 status=hit steps=146289 first_j=11 sec=0.156
START S7-T2-P16777213 NULL-3 start_index=3 scalar=7276399
DONE  S7-T2-P16777213 NULL-3 start_index=3 status=hit steps=780047 first_j=5 sec=0.834
START S7-T2-P16777213 NULL-3 start_index=4 scalar=14567537
DONE  S7-T2-P16777213 NULL-3 start_index=4 status=hit steps=517205 first_j=13 sec=0.550
START S7-T2-P16777213 NULL-3 start_index=5 scalar=10110148
DONE  S7-T2-P16777213 NULL-3 start_index=5 status=hit steps=541214 first_j=7 sec=0.575
START S7-T2-P16777213 NULL-3 start_index=6 scalar=14742596
DONE  S7-T2-P16777213 NULL-3 start_index=6 status=identity steps=793448 first_j=5 sec=0.842
START S7-T2-P16777213 NULL-3 start_index=7 scalar=3279851
DONE  S7-T2-P16777213 NULL-3 start_index=7 status=hit steps=782655 first_j=3 sec=0.832
START S7-T2-P16777213 NULL-3 start_index=8 scalar=3740181
DONE  S7-T2-P16777213 NULL-3 start_index=8 status=hit steps=204724 first_j=1 sec=0.218
START S7-T1-P16777213 design start_index=0 scalar=16512131
DONE  S7-T1-P16777213 design start_index=0 status=hit steps=146564 first_j=4 sec=0.157
START S7-T1-P16777213 design start_index=1 scalar=3548612
DONE  S7-T1-P16777213 design start_index=1 status=hit steps=8045 first_j=7 sec=0.009
START S7-T1-P16777213 design start_index=2 scalar=6906991
DONE  S7-T1-P16777213 design start_index=2 status=hit steps=65791 first_j=2 sec=0.071
START S7-T1-P16777213 design start_index=3 scalar=7276399
DONE  S7-T1-P16777213 design start_index=3 status=hit steps=11148 first_j=8 sec=0.012
START S7-T1-P16777213 design start_index=4 scalar=14567537
DONE  S7-T1-P16777213 design start_index=4 status=hit steps=235624 first_j=15 sec=0.250
START S7-T1-P16777213 design start_index=5 scalar=10110148
DONE  S7-T1-P16777213 design start_index=5 status=hit steps=210143 first_j=3 sec=0.225
START S7-T1-P16777213 design start_index=6 scalar=14742596
DONE  S7-T1-P16777213 design start_index=6 status=hit steps=463692 first_j=6 sec=0.496
START S7-T1-P16777213 design start_index=7 scalar=3279851
DONE  S7-T1-P16777213 design start_index=7 status=hit steps=137954 first_j=9 sec=0.148
START S7-T1-P16777213 NULL-3 start_index=0 scalar=16512131
DONE  S7-T1-P16777213 NULL-3 start_index=0 status=hit steps=394769 first_j=4 sec=0.422
START S7-T1-P16777213 NULL-3 start_index=1 scalar=3548612
DONE  S7-T1-P16777213 NULL-3 start_index=1 status=hit steps=266924 first_j=15 sec=0.283
START S7-T1-P16777213 NULL-3 start_index=2 scalar=6906991
DONE  S7-T1-P16777213 NULL-3 start_index=2 status=hit steps=275538 first_j=0 sec=0.293
START S7-T1-P16777213 NULL-3 start_index=3 scalar=7276399
DONE  S7-T1-P16777213 NULL-3 start_index=3 status=hit steps=41815 first_j=1 sec=0.044
START S7-T1-P16777213 NULL-3 start_index=4 scalar=14567537
DONE  S7-T1-P16777213 NULL-3 start_index=4 status=hit steps=11314 first_j=5 sec=0.012
START S7-T1-P16777213 NULL-3 start_index=5 scalar=10110148
DONE  S7-T1-P16777213 NULL-3 start_index=5 status=hit steps=390844 first_j=7 sec=0.415
START S7-T1-P16777213 NULL-3 start_index=6 scalar=14742596
DONE  S7-T1-P16777213 NULL-3 start_index=6 status=hit steps=170264 first_j=12 sec=0.181
START S7-T1-P16777213 NULL-3 start_index=7 scalar=3279851
DONE  S7-T1-P16777213 NULL-3 start_index=7 status=hit steps=68607 first_j=7 sec=0.073
EXIT:0
