GMP-ECM 7.0.5 [configured with GMP 6.3.0, --enable-asm-redc] [ECM]
Input number is 68754392208021931739095362603510909904696031929825019959300174968589811154161 (77 digits)
Using B1=1000000, B2=1045563762, polynomial Dickson(6), sigma=1:1682510204
Step 1 took 444ms
Step 2 took 336ms
Run 2 out of 3000:
Using B1=1000000, B2=1045563762, polynomial Dickson(6), sigma=1:1925584607
Step 1 took 416ms
Step 2 took 331ms
Run 3 out of 3000:
Using B1=1000000, B2=1045563762, polynomial Dickson(6), sigma=1:2783911756
Step 1 took 425ms
Step 2 took 390ms
Run 4 out of 3000:
Using B1=1000000, B2=1045563762, polynomial Dickson(6), sigma=1:1736718634
Step 1 took 483ms
Step 2 took 339ms
Run 5 out of 3000:
Using B1=1000000, B2=1045563762, polynomial Dickson(6), sigma=1:2859886974
Step 1 took 440ms
Step 2 took 339ms
Run 6 out of 3000:
Using B1=1000000, B2=1045563762, polynomial Dickson(6), sigma=1:7028629
Step 1 took 433ms
Step 2 took 341ms
Run 7 out of 3000:
Using B1=1000000, B2=1045563762, polynomial Dickson(6), sigma=1:2170841120
Step 1 took 449ms
Step 2 took 343ms
Run 8 out of 3000:
Using B1=1000000, B2=1045563762, polynomial Dickson(6), sigma=1:2732902727
Step 1 took 542ms
Step 2 took 345ms
Run 9 out of 3000:
Using B1=1000000, B2=1045563762, polynomial Dickson(6), sigma=1:1999912094
Step 1 took 444ms
Step 2 took 349ms
Run 10 out of 3000:
Using B1=1000000, B2=1045563762, polynomial Dickson(6), sigma=1:1327676361
Step 1 took 439ms
Step 2 took 345ms
Run 11 out of 3000:
Using B1=1000000, B2=1045563762, polynomial Dickson(6), sigma=1:643250326
Step 1 took 441ms
Step 2 took 334ms
Run 12 out of 3000:
Using B1=1000000, B2=1045563762, polynomial Dickson(6), sigma=1:3734360232
Step 1 took 437ms
Step 2 took 346ms
Run 13 out of 3000:
Using B1=1000000, B2=1045563762, polynomial Dickson(6), sigma=1:2374923057
Step 1 took 444ms
Step 2 took 339ms
Run 14 out of 3000:
Using B1=1000000, B2=1045563762, polynomial Dickson(6), sigma=1:1877591952
Step 1 took 428ms
Step 2 took 332ms
Run 15 out of 3000:
Using B1=1000000, B2=1045563762, polynomial Dickson(6), sigma=1:1269284578
Step 1 took 434ms
Step 2 took 339ms
Run 16 out of 3000:
Using B1=1000000, B2=1045563762, polynomial Dickson(6), sigma=1:1782213874
Step 1 took 437ms
Step 2 took 424ms
Run 17 out of 3000:
Using B1=1000000, B2=1045563762, polynomial Dickson(6), sigma=1:2010739940
Step 1 took 435ms
Step 2 took 333ms
Run 18 out of 3000:
Using B1=1000000, B2=1045563762, polynomial Dickson(6), sigma=1:1576693418
Step 1 took 490ms
Step 2 took 325ms
Run 19 out of 3000:
Using B1=1000000, B2=1045563762, polynomial Dickson(6), sigma=1:2093348044
Step 1 took 419ms
Step 2 took 344ms
Run 20 out of 3000:
Using B1=1000000, B2=1045563762, polynomial Dickson(6), sigma=1:1868897147
Step 1 took 458ms
Step 2 took 334ms
Run 21 out of 3000:
Using B1=1000000, B2=1045563762, polynomial Dickson(6), sigma=1:1485956290
Step 1 took 443ms
Step 2 took 343ms
Run 22 out of 3000:
Using B1=1000000, B2=1045563762, polynomial Dickson(6), sigma=1:3001963970
Step 1 took 432ms
Step 2 took 351ms
Run 23 out of 3000:
Using B1=1000000, B2=1045563762, polynomial Dickson(6), sigma=1:1160816996
Step 1 took 442ms
Step 2 took 344ms
Run 24 out of 3000:
Using B1=1000000, B2=1045563762, polynomial Dickson(6), sigma=1:1195262396
Step 1 took 429ms
Step 2 took 345ms
Run 25 out of 3000:
Using B1=1000000, B2=1045563762, polynomial Dickson(6), sigma=1:137071834
Step 1 took 439ms
Step 2 took 346ms
Run 26 out of 3000:
Using B1=1000000, B2=1045563762, polynomial Dickson(6), sigma=1:1619823320
Step 1 took 440ms
Step 2 took 334ms
Run 27 out of 3000:
Using B1=1000000, B2=1045563762, polynomial Dickson(6), sigma=1:2518811687
Step 1 took 441ms
Step 2 took 343ms
Run 28 out of 3000:
Using B1=1000000, B2=1045563762, polynomial Dickson(6), sigma=1:275690288
Step 1 took 433ms
Step 2 took 349ms
Run 29 out of 3000:
Using B1=1000000, B2=1045563762, polynomial Dickson(6), sigma=1:1509938361
Step 1 took 439ms
Step 2 took 345ms
Run 30 out of 3000:
Using B1=1000000, B2=1045563762, polynomial Dickson(6), sigma=1:2012018233
Step 1 took 439ms
Step 2 took 412ms
Run 31 out of 3000:
Using B1=1000000, B2=1045563762, polynomial Dickson(6), sigma=1:2027630135
Step 1 took 434ms
Step 2 took 343ms
Run 32 out of 3000:
Using B1=1000000, B2=1045563762, polynomial Dickson(6), sigma=1:3388920253
Step 1 took 440ms
Step 2 took 349ms
Run 33 out of 3000:
Using B1=1000000, B2=1045563762, polynomial Dickson(6), sigma=1:2831028831
Step 1 took 517ms
Step 2 took 343ms
Run 34 out of 3000:
Using B1=1000000, B2=1045563762, polynomial Dickson(6), sigma=1:1669115807
Step 1 took 517ms
Step 2 took 342ms
Run 35 out of 3000:
Using B1=1000000, B2=1045563762, polynomial Dickson(6), sigma=1:3785869320
Step 1 took 442ms
Step 2 took 344ms
Run 36 out of 3000:
Using B1=1000000, B2=1045563762, polynomial Dickson(6), sigma=1:3060667363
Step 1 took 443ms
Step 2 took 344ms
Run 37 out of 3000:
Using B1=1000000, B2=1045563762, polynomial Dickson(6), sigma=1:3750218221
Step 1 took 444ms
Step 2 took 321ms
Run 38 out of 3000:
Using B1=1000000, B2=1045563762, polynomial Dickson(6), sigma=1:3624693018
Step 1 took 415ms
Step 2 took 332ms
Run 39 out of 3000:
Using B1=1000000, B2=1045563762, polynomial Dickson(6), sigma=1:2914025141
Step 1 took 437ms
Step 2 took 350ms
Run 40 out of 3000:
Using B1=1000000, B2=1045563762, polynomial Dickson(6), sigma=1:3190458592
Step 1 took 459ms
Step 2 took 344ms
Run 41 out of 3000:
Using B1=1000000, B2=1045563762, polynomial Dickson(6), sigma=1:902788946
Step 1 took 438ms
********** Factor found in step 1: 128172334808229949536694357
Found prime factor of 27 digits: 128172334808229949536694357
Prime cofactor 536421469663414527370894379115172979500178644387373 has 51 digits
exit=14
