[      0s] main 30b c6810 ic_m4 subgroup table completed_valid t=0.0s
[      0s] main 30b c6810 ic_m4 small_x table completed_valid t=0.0s
[      0s] main 30b c6810 ic_m4 random_sub_r0 table completed_valid t=0.0s
[      0s] main 30b c6810 ic_m4 random_sub_r1 table completed_valid t=0.0s
[      0s] main 30b c6810 ic_m4 random_sub_r2 table completed_valid t=0.0s
[      0s] main 30b c6810 ic_m4 known_null_sub table completed_valid t=0.0s
[      0s] main 30b c6810 ic_m4 planted_sub table completed_valid t=0.0s
[      0s] main 30b c6810 ic_m4 small_x_offset table completed_valid t=0.0s
[      0s] main 30b c6811 ic_m4 subgroup table completed_valid t=0.0s
[      0s] main 30b c6811 ic_m4 small_x table completed_valid t=0.0s
[      0s] main 30b c6811 ic_m4 random_sub_r0 table completed_valid t=0.0s
[      0s] main 30b c6811 ic_m4 random_sub_r1 table completed_valid t=0.0s
[      0s] main 30b c6811 ic_m4 random_sub_r2 table completed_valid t=0.0s
[      0s] main 30b c6811 ic_m4 known_null_sub table completed_valid t=0.0s
[      0s] main 30b c6811 ic_m4 planted_sub table completed_valid t=0.0s
[      0s] main 30b c6811 ic_m4 small_x_offset table completed_valid t=0.0s
[      1s] main 30b c6812 ic_m4 subgroup table completed_valid t=0.0s
[      1s] main 30b c6812 ic_m4 small_x table completed_valid t=0.0s
[      1s] main 30b c6812 ic_m4 random_sub_r0 table completed_valid t=0.0s
[      1s] main 30b c6812 ic_m4 random_sub_r1 table completed_valid t=0.0s
[      1s] main 30b c6812 ic_m4 random_sub_r2 table completed_valid t=0.0s
[      1s] main 30b c6812 ic_m4 known_null_sub table completed_valid t=0.0s
[      1s] main 30b c6812 ic_m4 planted_sub table completed_valid t=0.0s
[      1s] main 30b c6812 ic_m4 small_x_offset table completed_valid t=0.0s
[      1s] main 30b c6813 ic_m4 subgroup table completed_valid t=0.0s
[      1s] main 30b c6813 ic_m4 small_x table completed_valid t=0.0s
[      1s] main 30b c6813 ic_m4 random_sub_r0 table completed_valid t=0.0s
[      1s] main 30b c6813 ic_m4 random_sub_r1 table completed_valid t=0.0s
[      1s] main 30b c6813 ic_m4 random_sub_r2 table completed_valid t=0.0s
[      1s] main 30b c6813 ic_m4 known_null_sub table completed_valid t=0.0s
[      1s] main 30b c6813 ic_m4 planted_sub table completed_valid t=0.0s
[      1s] main 30b c6813 ic_m4 small_x_offset table completed_valid t=0.0s
[      1s] main 30b c6814 ic_m4 subgroup table completed_valid t=0.0s
[      1s] main 30b c6814 ic_m4 small_x table completed_valid t=0.0s
[      1s] main 30b c6814 ic_m4 random_sub_r0 table completed_valid t=0.0s
[      1s] main 30b c6814 ic_m4 random_sub_r1 table completed_valid t=0.0s
[      1s] main 30b c6814 ic_m4 random_sub_r2 table completed_valid t=0.0s
[      1s] main 30b c6814 ic_m4 known_null_sub table completed_valid t=0.0s
[      1s] main 30b c6814 ic_m4 planted_sub table completed_valid t=0.0s
[      1s] main 30b c6814 ic_m4 small_x_offset table completed_valid t=0.0s
[      1s] main 30b c6815 ic_m4 subgroup table completed_valid t=0.0s
[      1s] main 30b c6815 ic_m4 small_x table completed_valid t=0.0s
[      1s] main 30b c6815 ic_m4 random_sub_r0 table completed_valid t=0.0s
[      1s] main 30b c6815 ic_m4 random_sub_r1 table completed_valid t=0.0s
[      1s] main 30b c6815 ic_m4 random_sub_r2 table completed_valid t=0.0s
[      1s] main 30b c6815 ic_m4 known_null_sub table completed_valid t=0.0s
[      1s] main 30b c6815 ic_m4 planted_sub table completed_valid t=0.0s
[      1s] main 30b c6815 ic_m4 small_x_offset table completed_valid t=0.0s
[      2s] main 30b c6816 ic_m4 subgroup table completed_valid t=0.0s
[      2s] main 30b c6816 ic_m4 small_x table completed_valid t=0.0s
[      2s] main 30b c6816 ic_m4 random_sub_r0 table completed_valid t=0.0s
[      2s] main 30b c6816 ic_m4 random_sub_r1 table completed_valid t=0.0s
[      2s] main 30b c6816 ic_m4 random_sub_r2 table completed_valid t=0.0s
[      2s] main 30b c6816 ic_m4 known_null_sub table completed_valid t=0.0s
[      2s] main 30b c6816 ic_m4 planted_sub table completed_valid t=0.0s
[      2s] main 30b c6816 ic_m4 small_x_offset table completed_valid t=0.0s
[      2s] main 30b c6817 ic_m4 subgroup table completed_valid t=0.0s
[      2s] main 30b c6817 ic_m4 small_x table completed_valid t=0.0s
[      2s] main 30b c6817 ic_m4 random_sub_r0 table completed_valid t=0.0s
[      2s] main 30b c6817 ic_m4 random_sub_r1 table completed_valid t=0.0s
[      2s] main 30b c6817 ic_m4 random_sub_r2 table completed_valid t=0.0s
[      2s] main 30b c6817 ic_m4 known_null_sub table completed_valid t=0.0s
[      2s] main 30b c6817 ic_m4 planted_sub table completed_valid t=0.0s
[      2s] main 30b c6817 ic_m4 small_x_offset table completed_valid t=0.0s
[      2s] main 30b c6818 ic_m4 subgroup table completed_valid t=0.0s
[      2s] main 30b c6818 ic_m4 small_x table completed_valid t=0.0s
[      2s] main 30b c6818 ic_m4 random_sub_r0 table completed_valid t=0.0s
[      2s] main 30b c6818 ic_m4 random_sub_r1 table completed_valid t=0.0s
[      2s] main 30b c6818 ic_m4 random_sub_r2 table completed_valid t=0.0s
[      2s] main 30b c6818 ic_m4 known_null_sub table completed_valid t=0.0s
[      2s] main 30b c6818 ic_m4 planted_sub table completed_valid t=0.0s
[      2s] main 30b c6818 ic_m4 small_x_offset table completed_valid t=0.0s
[      3s] main 30b c6819 ic_m4 subgroup table completed_valid t=0.0s
[      3s] main 30b c6819 ic_m4 small_x table completed_valid t=0.0s
[      3s] main 30b c6819 ic_m4 random_sub_r0 table completed_valid t=0.0s
[      3s] main 30b c6819 ic_m4 random_sub_r1 table completed_valid t=0.0s
[      3s] main 30b c6819 ic_m4 random_sub_r2 table completed_valid t=0.0s
[      3s] main 30b c6819 ic_m4 known_null_sub table completed_valid t=0.0s
[      3s] main 30b c6819 ic_m4 planted_sub table completed_valid t=0.0s
[      3s] main 30b c6819 ic_m4 small_x_offset table completed_valid t=0.0s
[      3s] main 30b c6820 ic_m4 subgroup table completed_valid t=0.0s
[      3s] main 30b c6820 ic_m4 small_x table completed_valid t=0.0s
[      3s] main 30b c6820 ic_m4 random_sub_r0 table completed_valid t=0.0s
[      3s] main 30b c6820 ic_m4 random_sub_r1 table completed_valid t=0.0s
[      3s] main 30b c6820 ic_m4 random_sub_r2 table completed_valid t=0.0s
[      3s] main 30b c6820 ic_m4 known_null_sub table completed_valid t=0.0s
[      3s] main 30b c6820 ic_m4 planted_sub table completed_valid t=0.0s
[      3s] main 30b c6820 ic_m4 small_x_offset table completed_valid t=0.0s
[      3s] main 30b c6821 ic_m4 subgroup table completed_valid t=0.0s
[      3s] main 30b c6821 ic_m4 small_x table completed_valid t=0.0s
[      3s] main 30b c6821 ic_m4 random_sub_r0 table completed_valid t=0.0s
[      3s] main 30b c6821 ic_m4 random_sub_r1 table completed_valid t=0.0s
[      3s] main 30b c6821 ic_m4 random_sub_r2 table completed_valid t=0.0s
[      3s] main 30b c6821 ic_m4 known_null_sub table completed_valid t=0.0s
[      3s] main 30b c6821 ic_m4 planted_sub table completed_valid t=0.0s
[      3s] main 30b c6821 ic_m4 small_x_offset table completed_valid t=0.0s
[      3s] main 30b c6822 ic_m4 subgroup table completed_valid t=0.0s
[      3s] main 30b c6822 ic_m4 small_x table completed_valid t=0.0s
[      3s] main 30b c6822 ic_m4 random_sub_r0 table completed_valid t=0.0s
[      3s] main 30b c6822 ic_m4 random_sub_r1 table completed_valid t=0.0s
[      3s] main 30b c6822 ic_m4 random_sub_r2 table completed_valid t=0.0s
[      3s] main 30b c6822 ic_m4 known_null_sub table completed_valid t=0.0s
[      3s] main 30b c6822 ic_m4 planted_sub table completed_valid t=0.0s
[      3s] main 30b c6822 ic_m4 small_x_offset table completed_valid t=0.0s
[      4s] main 30b c6823 ic_m4 subgroup table completed_valid t=0.0s
[      4s] main 30b c6823 ic_m4 small_x table completed_valid t=0.0s
[      4s] main 30b c6823 ic_m4 random_sub_r0 table completed_valid t=0.0s
[      4s] main 30b c6823 ic_m4 random_sub_r1 table completed_valid t=0.0s
[      4s] main 30b c6823 ic_m4 random_sub_r2 table completed_valid t=0.0s
[      4s] main 30b c6823 ic_m4 known_null_sub table completed_valid t=0.0s
[      4s] main 30b c6823 ic_m4 planted_sub table completed_valid t=0.0s
[      4s] main 30b c6823 ic_m4 small_x_offset table completed_valid t=0.0s
[      4s] main 30b c6824 ic_m4 subgroup table completed_valid t=0.0s
[      4s] main 30b c6824 ic_m4 small_x table completed_valid t=0.0s
[      4s] main 30b c6824 ic_m4 random_sub_r0 table completed_valid t=0.0s
[      4s] main 30b c6824 ic_m4 random_sub_r1 table completed_valid t=0.0s
[      4s] main 30b c6824 ic_m4 random_sub_r2 table completed_valid t=0.0s
[      4s] main 30b c6824 ic_m4 known_null_sub table completed_valid t=0.0s
[      4s] main 30b c6824 ic_m4 planted_sub table completed_valid t=0.0s
[      4s] main 30b c6824 ic_m4 small_x_offset table completed_valid t=0.0s
[      4s] main 30b c6825 ic_m4 subgroup table completed_valid t=0.0s
[      4s] main 30b c6825 ic_m4 small_x table completed_valid t=0.0s
[      4s] main 30b c6825 ic_m4 random_sub_r0 table completed_valid t=0.0s
[      4s] main 30b c6825 ic_m4 random_sub_r1 table completed_valid t=0.0s
[      4s] main 30b c6825 ic_m4 random_sub_r2 table completed_valid t=0.0s
[      4s] main 30b c6825 ic_m4 known_null_sub table completed_valid t=0.0s
[      4s] main 30b c6825 ic_m4 planted_sub table completed_valid t=0.0s
[      4s] main 30b c6825 ic_m4 small_x_offset table completed_valid t=0.0s
[      4s] main 30b c6826 ic_m4 subgroup table completed_valid t=0.0s
[      4s] main 30b c6826 ic_m4 small_x table completed_valid t=0.0s
[      4s] main 30b c6826 ic_m4 random_sub_r0 table completed_valid t=0.0s
[      4s] main 30b c6826 ic_m4 random_sub_r1 table completed_valid t=0.0s
[      4s] main 30b c6826 ic_m4 random_sub_r2 table completed_valid t=0.0s
[      4s] main 30b c6826 ic_m4 known_null_sub table completed_valid t=0.0s
[      4s] main 30b c6826 ic_m4 planted_sub table completed_valid t=0.0s
[      4s] main 30b c6826 ic_m4 small_x_offset table completed_valid t=0.0s
[      5s] main 30b c6827 ic_m4 subgroup table completed_valid t=0.0s
[      5s] main 30b c6827 ic_m4 small_x table completed_valid t=0.0s
[      5s] main 30b c6827 ic_m4 random_sub_r0 table completed_valid t=0.0s
[      5s] main 30b c6827 ic_m4 random_sub_r1 table completed_valid t=0.0s
[      5s] main 30b c6827 ic_m4 random_sub_r2 table completed_valid t=0.0s
[      5s] main 30b c6827 ic_m4 known_null_sub table completed_valid t=0.0s
[      5s] main 30b c6827 ic_m4 planted_sub table completed_valid t=0.0s
[      5s] main 30b c6827 ic_m4 small_x_offset table completed_valid t=0.0s
[      5s] main 30b c6828 ic_m4 subgroup table completed_valid t=0.0s
[      5s] main 30b c6828 ic_m4 small_x table completed_valid t=0.0s
[      5s] main 30b c6828 ic_m4 random_sub_r0 table completed_valid t=0.0s
[      5s] main 30b c6828 ic_m4 random_sub_r1 table completed_valid t=0.0s
[      5s] main 30b c6828 ic_m4 random_sub_r2 table completed_valid t=0.0s
[      5s] main 30b c6828 ic_m4 known_null_sub table completed_valid t=0.0s
[      5s] main 30b c6828 ic_m4 planted_sub table completed_valid t=0.0s
[      5s] main 30b c6828 ic_m4 small_x_offset table completed_valid t=0.0s
[      5s] main 30b c6829 ic_m4 subgroup table completed_valid t=0.0s
[      5s] main 30b c6829 ic_m4 small_x table completed_valid t=0.0s
[      5s] main 30b c6829 ic_m4 random_sub_r0 table completed_valid t=0.0s
[      5s] main 30b c6829 ic_m4 random_sub_r1 table completed_valid t=0.0s
[      5s] main 30b c6829 ic_m4 random_sub_r2 table completed_valid t=0.0s
[      5s] main 30b c6829 ic_m4 known_null_sub table completed_valid t=0.0s
[      5s] main 30b c6829 ic_m4 planted_sub table completed_valid t=0.0s
[      5s] main 30b c6829 ic_m4 small_x_offset table completed_valid t=0.0s
[      5s] main 30b c6830 ic_m4 subgroup table completed_valid t=0.0s
[      5s] main 30b c6830 ic_m4 small_x table completed_valid t=0.0s
[      5s] main 30b c6830 ic_m4 random_sub_r0 table completed_valid t=0.0s
[      5s] main 30b c6830 ic_m4 random_sub_r1 table completed_valid t=0.0s
[      5s] main 30b c6830 ic_m4 random_sub_r2 table completed_valid t=0.0s
[      5s] main 30b c6830 ic_m4 known_null_sub table completed_valid t=0.0s
[      5s] main 30b c6830 ic_m4 planted_sub table completed_valid t=0.0s
[      5s] main 30b c6830 ic_m4 small_x_offset table completed_valid t=0.0s
[      5s] main 30b c6831 ic_m4 subgroup table completed_valid t=0.0s
[      5s] main 30b c6831 ic_m4 small_x table completed_valid t=0.0s
[      5s] main 30b c6831 ic_m4 random_sub_r0 table completed_valid t=0.0s
[      5s] main 30b c6831 ic_m4 random_sub_r1 table completed_valid t=0.0s
[      5s] main 30b c6831 ic_m4 random_sub_r2 table completed_valid t=0.0s
[      5s] main 30b c6831 ic_m4 known_null_sub table completed_valid t=0.0s
[      5s] main 30b c6831 ic_m4 planted_sub table completed_valid t=0.0s
[      5s] main 30b c6831 ic_m4 small_x_offset table completed_valid t=0.0s
[      6s] main 30b c6832 ic_m4 subgroup table completed_valid t=0.0s
[      6s] main 30b c6832 ic_m4 small_x table completed_valid t=0.0s
[      6s] main 30b c6832 ic_m4 random_sub_r0 table completed_valid t=0.0s
[      6s] main 30b c6832 ic_m4 random_sub_r1 table completed_valid t=0.0s
[      6s] main 30b c6832 ic_m4 random_sub_r2 table completed_valid t=0.0s
[      6s] main 30b c6832 ic_m4 known_null_sub table completed_valid t=0.0s
[      6s] main 30b c6832 ic_m4 planted_sub table completed_valid t=0.0s
[      6s] main 30b c6832 ic_m4 small_x_offset table completed_valid t=0.0s
[      6s] main 30b c6833 ic_m4 subgroup table completed_valid t=0.0s
[      6s] main 30b c6833 ic_m4 small_x table completed_valid t=0.0s
[      6s] main 30b c6833 ic_m4 random_sub_r0 table completed_valid t=0.0s
[      6s] main 30b c6833 ic_m4 random_sub_r1 table completed_valid t=0.0s
[      6s] main 30b c6833 ic_m4 random_sub_r2 table completed_valid t=0.0s
[      6s] main 30b c6833 ic_m4 known_null_sub table completed_valid t=0.0s
[      6s] main 30b c6833 ic_m4 planted_sub table completed_valid t=0.0s
[      6s] main 30b c6833 ic_m4 small_x_offset table completed_valid t=0.0s
[      6s] main 30b c6834 ic_m4 subgroup table completed_valid t=0.0s
[      6s] main 30b c6834 ic_m4 small_x table completed_valid t=0.0s
[      6s] main 30b c6834 ic_m4 random_sub_r0 table completed_valid t=0.0s
[      6s] main 30b c6834 ic_m4 random_sub_r1 table completed_valid t=0.0s
[      6s] main 30b c6834 ic_m4 random_sub_r2 table completed_valid t=0.0s
[      6s] main 30b c6834 ic_m4 known_null_sub table completed_valid t=0.0s
[      6s] main 30b c6834 ic_m4 planted_sub table completed_valid t=0.0s
[      6s] main 30b c6834 ic_m4 small_x_offset table completed_valid t=0.0s
[      6s] main 30b c6835 ic_m4 subgroup table completed_valid t=0.0s
[      6s] main 30b c6835 ic_m4 small_x table completed_valid t=0.0s
[      6s] main 30b c6835 ic_m4 random_sub_r0 table completed_valid t=0.0s
[      6s] main 30b c6835 ic_m4 random_sub_r1 table completed_valid t=0.0s
[      6s] main 30b c6835 ic_m4 random_sub_r2 table completed_valid t=0.0s
[      6s] main 30b c6835 ic_m4 known_null_sub table completed_valid t=0.0s
[      6s] main 30b c6835 ic_m4 planted_sub table completed_valid t=0.0s
[      6s] main 30b c6835 ic_m4 small_x_offset table completed_valid t=0.0s
[      7s] main 30b c6836 ic_m4 subgroup table completed_valid t=0.0s
[      7s] main 30b c6836 ic_m4 small_x table completed_valid t=0.0s
[      7s] main 30b c6836 ic_m4 random_sub_r0 table completed_valid t=0.0s
[      7s] main 30b c6836 ic_m4 random_sub_r1 table completed_valid t=0.0s
[      7s] main 30b c6836 ic_m4 random_sub_r2 table completed_valid t=0.0s
[      7s] main 30b c6836 ic_m4 known_null_sub table completed_valid t=0.0s
[      7s] main 30b c6836 ic_m4 planted_sub table completed_valid t=0.0s
[      7s] main 30b c6836 ic_m4 small_x_offset table completed_valid t=0.0s
[      7s] main 30b c6837 ic_m4 subgroup table completed_valid t=0.0s
[      7s] main 30b c6837 ic_m4 small_x table completed_valid t=0.0s
[      7s] main 30b c6837 ic_m4 random_sub_r0 table completed_valid t=0.0s
[      7s] main 30b c6837 ic_m4 random_sub_r1 table completed_valid t=0.0s
[      7s] main 30b c6837 ic_m4 random_sub_r2 table completed_valid t=0.0s
[      7s] main 30b c6837 ic_m4 known_null_sub table completed_valid t=0.0s
[      7s] main 30b c6837 ic_m4 planted_sub table completed_valid t=0.0s
[      7s] main 30b c6837 ic_m4 small_x_offset table completed_valid t=0.0s
[      7s] main 30b c6838 ic_m4 subgroup table completed_valid t=0.0s
[      7s] main 30b c6838 ic_m4 small_x table completed_valid t=0.0s
[      7s] main 30b c6838 ic_m4 random_sub_r0 table completed_valid t=0.0s
[      7s] main 30b c6838 ic_m4 random_sub_r1 table completed_valid t=0.0s
[      7s] main 30b c6838 ic_m4 random_sub_r2 table completed_valid t=0.0s
[      7s] main 30b c6838 ic_m4 known_null_sub table completed_valid t=0.0s
[      7s] main 30b c6838 ic_m4 planted_sub table completed_valid t=0.0s
[      7s] main 30b c6838 ic_m4 small_x_offset table completed_valid t=0.0s
[      8s] main 30b c6839 ic_m4 subgroup table completed_valid t=0.0s
[      8s] main 30b c6839 ic_m4 small_x table completed_valid t=0.0s
[      8s] main 30b c6839 ic_m4 random_sub_r0 table completed_valid t=0.0s
[      8s] main 30b c6839 ic_m4 random_sub_r1 table completed_valid t=0.0s
[      8s] main 30b c6839 ic_m4 random_sub_r2 table completed_valid t=0.0s
[      8s] main 30b c6839 ic_m4 known_null_sub table completed_valid t=0.0s
[      8s] main 30b c6839 ic_m4 planted_sub table completed_valid t=0.0s
[      8s] main 30b c6839 ic_m4 small_x_offset table completed_valid t=0.0s
[      8s] main 30b c6840 ic_m4 subgroup table completed_valid t=0.0s
[      8s] main 30b c6840 ic_m4 small_x table completed_valid t=0.0s
[      8s] main 30b c6840 ic_m4 random_sub_r0 table completed_valid t=0.0s
[      8s] main 30b c6840 ic_m4 random_sub_r1 table completed_valid t=0.0s
[      8s] main 30b c6840 ic_m4 random_sub_r2 table completed_valid t=0.0s
[      8s] main 30b c6840 ic_m4 known_null_sub table completed_valid t=0.0s
[      8s] main 30b c6840 ic_m4 planted_sub table completed_valid t=0.0s
[      8s] main 30b c6840 ic_m4 small_x_offset table completed_valid t=0.0s
[      8s] main 30b c6841 ic_m4 subgroup table completed_valid t=0.0s
[      8s] main 30b c6841 ic_m4 small_x table completed_valid t=0.0s
[      8s] main 30b c6841 ic_m4 random_sub_r0 table completed_valid t=0.0s
[      8s] main 30b c6841 ic_m4 random_sub_r1 table completed_valid t=0.0s
[      8s] main 30b c6841 ic_m4 random_sub_r2 table completed_valid t=0.0s
[      8s] main 30b c6841 ic_m4 known_null_sub table completed_valid t=0.0s
[      8s] main 30b c6841 ic_m4 planted_sub table completed_valid t=0.0s
[      8s] main 30b c6841 ic_m4 small_x_offset table completed_valid t=0.0s
[      9s] main 30b c6842 ic_m4 subgroup table completed_valid t=0.0s
[      9s] main 30b c6842 ic_m4 small_x table completed_valid t=0.0s
[      9s] main 30b c6842 ic_m4 random_sub_r0 table completed_valid t=0.0s
[      9s] main 30b c6842 ic_m4 random_sub_r1 table completed_valid t=0.0s
[      9s] main 30b c6842 ic_m4 random_sub_r2 table completed_valid t=0.0s
[      9s] main 30b c6842 ic_m4 known_null_sub table completed_valid t=0.0s
[      9s] main 30b c6842 ic_m4 planted_sub table completed_valid t=0.0s
[      9s] main 30b c6842 ic_m4 small_x_offset table completed_valid t=0.0s
[      9s] main 30b c6843 ic_m4 subgroup table completed_valid t=0.0s
[      9s] main 30b c6843 ic_m4 small_x table completed_valid t=0.0s
[      9s] main 30b c6843 ic_m4 random_sub_r0 table completed_valid t=0.0s
[      9s] main 30b c6843 ic_m4 random_sub_r1 table completed_valid t=0.0s
[      9s] main 30b c6843 ic_m4 random_sub_r2 table completed_valid t=0.0s
[      9s] main 30b c6843 ic_m4 known_null_sub table completed_valid t=0.0s
[      9s] main 30b c6843 ic_m4 planted_sub table completed_valid t=0.0s
[      9s] main 30b c6843 ic_m4 small_x_offset table completed_valid t=0.0s
[      9s] main 30b c6844 ic_m4 subgroup table completed_valid t=0.0s
[      9s] main 30b c6844 ic_m4 small_x table completed_valid t=0.0s
[      9s] main 30b c6844 ic_m4 random_sub_r0 table completed_valid t=0.0s
[      9s] main 30b c6844 ic_m4 random_sub_r1 table completed_valid t=0.0s
[      9s] main 30b c6844 ic_m4 random_sub_r2 table completed_valid t=0.0s
[      9s] main 30b c6844 ic_m4 known_null_sub table completed_valid t=0.0s
[      9s] main 30b c6844 ic_m4 planted_sub table completed_valid t=0.0s
[      9s] main 30b c6844 ic_m4 small_x_offset table completed_valid t=0.0s
[     10s] main 30b c6845 ic_m4 subgroup table completed_valid t=0.0s
[     10s] main 30b c6845 ic_m4 small_x table completed_valid t=0.0s
[     10s] main 30b c6845 ic_m4 random_sub_r0 table completed_valid t=0.0s
[     10s] main 30b c6845 ic_m4 random_sub_r1 table completed_valid t=0.0s
[     10s] main 30b c6845 ic_m4 random_sub_r2 table completed_valid t=0.0s
[     10s] main 30b c6845 ic_m4 known_null_sub table completed_valid t=0.0s
[     10s] main 30b c6845 ic_m4 planted_sub table completed_valid t=0.0s
[     10s] main 30b c6845 ic_m4 small_x_offset table completed_valid t=0.0s
[     11s] main 30b c6846 ic_m4 subgroup table completed_valid t=0.0s
[     11s] main 30b c6846 ic_m4 small_x table completed_valid t=0.0s
[     11s] main 30b c6846 ic_m4 random_sub_r0 table completed_valid t=0.0s
[     11s] main 30b c6846 ic_m4 random_sub_r1 table completed_valid t=0.0s
[     11s] main 30b c6846 ic_m4 random_sub_r2 table completed_valid t=0.0s
[     11s] main 30b c6846 ic_m4 known_null_sub table completed_valid t=0.0s
[     11s] main 30b c6846 ic_m4 planted_sub table completed_valid t=0.1s
[     11s] main 30b c6846 ic_m4 small_x_offset table completed_valid t=0.1s
[     11s] main 30b c6847 ic_m4 subgroup table completed_valid t=0.0s
[     11s] main 30b c6847 ic_m4 small_x table completed_valid t=0.0s
[     11s] main 30b c6847 ic_m4 random_sub_r0 table completed_valid t=0.0s
[     11s] main 30b c6847 ic_m4 random_sub_r1 table completed_valid t=0.0s
[     11s] main 30b c6847 ic_m4 random_sub_r2 table completed_valid t=0.0s
[     11s] main 30b c6847 ic_m4 known_null_sub table completed_valid t=0.0s
[     11s] main 30b c6847 ic_m4 planted_sub table completed_valid t=0.0s
[     11s] main 30b c6847 ic_m4 small_x_offset table completed_valid t=0.0s
[     11s] main 30b c6848 ic_m4 subgroup table completed_valid t=0.0s
[     11s] main 30b c6848 ic_m4 small_x table completed_valid t=0.0s
[     11s] main 30b c6848 ic_m4 random_sub_r0 table completed_valid t=0.0s
[     11s] main 30b c6848 ic_m4 random_sub_r1 table completed_valid t=0.0s
[     11s] main 30b c6848 ic_m4 random_sub_r2 table completed_valid t=0.0s
[     11s] main 30b c6848 ic_m4 known_null_sub table completed_valid t=0.0s
[     11s] main 30b c6848 ic_m4 planted_sub table completed_valid t=0.0s
[     11s] main 30b c6848 ic_m4 small_x_offset table completed_valid t=0.0s
[     11s] main 30b c6849 ic_m4 subgroup table completed_valid t=0.0s
[     11s] main 30b c6849 ic_m4 small_x table completed_valid t=0.0s
[     11s] main 30b c6849 ic_m4 random_sub_r0 table completed_valid t=0.0s
[     11s] main 30b c6849 ic_m4 random_sub_r1 table completed_valid t=0.0s
[     11s] main 30b c6849 ic_m4 random_sub_r2 table completed_valid t=0.0s
[     11s] main 30b c6849 ic_m4 known_null_sub table completed_valid t=0.0s
[     11s] main 30b c6849 ic_m4 planted_sub table completed_valid t=0.0s
[     11s] main 30b c6849 ic_m4 small_x_offset table completed_valid t=0.0s
[     12s] main 30b c6850 ic_m4 subgroup table completed_valid t=0.0s
[     12s] main 30b c6850 ic_m4 small_x table completed_valid t=0.0s
[     12s] main 30b c6850 ic_m4 random_sub_r0 table completed_valid t=0.0s
[     12s] main 30b c6850 ic_m4 random_sub_r1 table completed_valid t=0.0s
[     12s] main 30b c6850 ic_m4 random_sub_r2 table completed_valid t=0.0s
[     12s] main 30b c6850 ic_m4 known_null_sub table completed_valid t=0.0s
[     12s] main 30b c6850 ic_m4 planted_sub table completed_valid t=0.0s
[     12s] main 30b c6850 ic_m4 small_x_offset table completed_valid t=0.0s
[     12s] main 30b c6851 ic_m4 subgroup table completed_valid t=0.0s
[     12s] main 30b c6851 ic_m4 small_x table completed_valid t=0.0s
[     12s] main 30b c6851 ic_m4 random_sub_r0 table completed_valid t=0.0s
[     12s] main 30b c6851 ic_m4 random_sub_r1 table completed_valid t=0.0s
[     12s] main 30b c6851 ic_m4 random_sub_r2 table completed_valid t=0.0s
[     12s] main 30b c6851 ic_m4 known_null_sub table completed_valid t=0.0s
[     12s] main 30b c6851 ic_m4 planted_sub table completed_valid t=0.0s
[     12s] main 30b c6851 ic_m4 small_x_offset table completed_valid t=0.0s
[     12s] main 30b c6852 ic_m4 subgroup table completed_valid t=0.0s
[     12s] main 30b c6852 ic_m4 small_x table completed_valid t=0.0s
[     12s] main 30b c6852 ic_m4 random_sub_r0 table completed_valid t=0.0s
[     12s] main 30b c6852 ic_m4 random_sub_r1 table completed_valid t=0.0s
[     12s] main 30b c6852 ic_m4 random_sub_r2 table completed_valid t=0.0s
[     12s] main 30b c6852 ic_m4 known_null_sub table completed_valid t=0.0s
[     12s] main 30b c6852 ic_m4 planted_sub table completed_valid t=0.0s
[     12s] main 30b c6852 ic_m4 small_x_offset table completed_valid t=0.0s
[     13s] main 30b c6853 ic_m4 subgroup table completed_valid t=0.0s
[     13s] main 30b c6853 ic_m4 small_x table completed_valid t=0.0s
[     13s] main 30b c6853 ic_m4 random_sub_r0 table completed_valid t=0.0s
[     13s] main 30b c6853 ic_m4 random_sub_r1 table completed_valid t=0.0s
[     13s] main 30b c6853 ic_m4 random_sub_r2 table completed_valid t=0.0s
[     13s] main 30b c6853 ic_m4 known_null_sub table completed_valid t=0.0s
[     13s] main 30b c6853 ic_m4 planted_sub table completed_valid t=0.0s
[     13s] main 30b c6853 ic_m4 small_x_offset table completed_valid t=0.0s
[     13s] main 30b c6854 ic_m4 subgroup table completed_valid t=0.0s
[     13s] main 30b c6854 ic_m4 small_x table completed_valid t=0.0s
[     13s] main 30b c6854 ic_m4 random_sub_r0 table completed_valid t=0.0s
[     13s] main 30b c6854 ic_m4 random_sub_r1 table completed_valid t=0.0s
[     13s] main 30b c6854 ic_m4 random_sub_r2 table completed_valid t=0.0s
[     13s] main 30b c6854 ic_m4 known_null_sub table completed_valid t=0.0s
[     13s] main 30b c6854 ic_m4 planted_sub table completed_valid t=0.0s
[     13s] main 30b c6854 ic_m4 small_x_offset table completed_valid t=0.0s
[     13s] main 30b c6855 ic_m4 subgroup table completed_valid t=0.0s
[     13s] main 30b c6855 ic_m4 small_x table completed_valid t=0.0s
[     13s] main 30b c6855 ic_m4 random_sub_r0 table completed_valid t=0.0s
[     13s] main 30b c6855 ic_m4 random_sub_r1 table completed_valid t=0.0s
[     13s] main 30b c6855 ic_m4 random_sub_r2 table completed_valid t=0.0s
[     13s] main 30b c6855 ic_m4 known_null_sub table completed_valid t=0.0s
[     13s] main 30b c6855 ic_m4 planted_sub table completed_valid t=0.0s
[     13s] main 30b c6855 ic_m4 small_x_offset table completed_valid t=0.0s
[     13s] main 30b c6856 ic_m4 subgroup table completed_valid t=0.0s
[     13s] main 30b c6856 ic_m4 small_x table completed_valid t=0.0s
[     13s] main 30b c6856 ic_m4 random_sub_r0 table completed_valid t=0.0s
[     13s] main 30b c6856 ic_m4 random_sub_r1 table completed_valid t=0.0s
[     13s] main 30b c6856 ic_m4 random_sub_r2 table completed_valid t=0.0s
[     13s] main 30b c6856 ic_m4 known_null_sub table completed_valid t=0.0s
[     13s] main 30b c6856 ic_m4 planted_sub table completed_valid t=0.0s
[     13s] main 30b c6856 ic_m4 small_x_offset table completed_valid t=0.0s
[     14s] main 30b c6857 ic_m4 subgroup table completed_valid t=0.0s
[     14s] main 30b c6857 ic_m4 small_x table completed_valid t=0.0s
[     14s] main 30b c6857 ic_m4 random_sub_r0 table completed_valid t=0.0s
[     14s] main 30b c6857 ic_m4 random_sub_r1 table completed_valid t=0.0s
[     14s] main 30b c6857 ic_m4 random_sub_r2 table completed_valid t=0.0s
[     14s] main 30b c6857 ic_m4 known_null_sub table completed_valid t=0.0s
[     14s] main 30b c6857 ic_m4 planted_sub table completed_valid t=0.0s
[     14s] main 30b c6857 ic_m4 small_x_offset table completed_valid t=0.0s
[     14s] main 30b c6858 ic_m4 subgroup table completed_valid t=0.0s
[     14s] main 30b c6858 ic_m4 small_x table completed_valid t=0.0s
[     14s] main 30b c6858 ic_m4 random_sub_r0 table completed_valid t=0.0s
[     14s] main 30b c6858 ic_m4 random_sub_r1 table completed_valid t=0.0s
[     14s] main 30b c6858 ic_m4 random_sub_r2 table completed_valid t=0.0s
[     14s] main 30b c6858 ic_m4 known_null_sub table completed_valid t=0.0s
[     14s] main 30b c6858 ic_m4 planted_sub table completed_valid t=0.0s
[     14s] main 30b c6858 ic_m4 small_x_offset table completed_valid t=0.0s
[     14s] main 30b c6859 ic_m4 subgroup table completed_valid t=0.0s
[     14s] main 30b c6859 ic_m4 small_x table completed_valid t=0.0s
[     14s] main 30b c6859 ic_m4 random_sub_r0 table completed_valid t=0.0s
[     14s] main 30b c6859 ic_m4 random_sub_r1 table completed_valid t=0.0s
[     14s] main 30b c6859 ic_m4 random_sub_r2 table completed_valid t=0.0s
[     14s] main 30b c6859 ic_m4 known_null_sub table completed_valid t=0.0s
[     14s] main 30b c6859 ic_m4 planted_sub table completed_valid t=0.0s
[     14s] main 30b c6859 ic_m4 small_x_offset table completed_valid t=0.0s
[     14s] main 30b c6860 ic_m4 subgroup table completed_valid t=0.0s
[     14s] main 30b c6860 ic_m4 small_x table completed_valid t=0.0s
[     14s] main 30b c6860 ic_m4 random_sub_r0 table completed_valid t=0.0s
[     14s] main 30b c6860 ic_m4 random_sub_r1 table completed_valid t=0.0s
[     14s] main 30b c6860 ic_m4 random_sub_r2 table completed_valid t=0.0s
[     14s] main 30b c6860 ic_m4 known_null_sub table completed_valid t=0.0s
[     14s] main 30b c6860 ic_m4 planted_sub table completed_valid t=0.0s
[     14s] main 30b c6860 ic_m4 small_x_offset table completed_valid t=0.0s
[     14s] main 30b c6861 ic_m4 subgroup table completed_valid t=0.0s
[     14s] main 30b c6861 ic_m4 small_x table completed_valid t=0.0s
[     14s] main 30b c6861 ic_m4 random_sub_r0 table completed_valid t=0.0s
[     14s] main 30b c6861 ic_m4 random_sub_r1 table completed_valid t=0.0s
[     14s] main 30b c6861 ic_m4 random_sub_r2 table completed_valid t=0.0s
[     14s] main 30b c6861 ic_m4 known_null_sub table completed_valid t=0.0s
[     14s] main 30b c6861 ic_m4 planted_sub table completed_valid t=0.0s
[     14s] main 30b c6861 ic_m4 small_x_offset table completed_valid t=0.0s
[     15s] main 30b c6862 ic_m4 subgroup table completed_valid t=0.0s
[     15s] main 30b c6862 ic_m4 small_x table completed_valid t=0.0s
[     15s] main 30b c6862 ic_m4 random_sub_r0 table completed_valid t=0.0s
[     15s] main 30b c6862 ic_m4 random_sub_r1 table completed_valid t=0.0s
[     15s] main 30b c6862 ic_m4 random_sub_r2 table completed_valid t=0.0s
[     15s] main 30b c6862 ic_m4 known_null_sub table completed_valid t=0.0s
[     15s] main 30b c6862 ic_m4 planted_sub table completed_valid t=0.0s
[     15s] main 30b c6862 ic_m4 small_x_offset table completed_valid t=0.0s
[     15s] main 30b c6863 ic_m4 subgroup table completed_valid t=0.0s
[     15s] main 30b c6863 ic_m4 small_x table completed_valid t=0.0s
[     15s] main 30b c6863 ic_m4 random_sub_r0 table completed_valid t=0.0s
[     15s] main 30b c6863 ic_m4 random_sub_r1 table completed_valid t=0.0s
[     15s] main 30b c6863 ic_m4 random_sub_r2 table completed_valid t=0.0s
[     15s] main 30b c6863 ic_m4 known_null_sub table completed_valid t=0.0s
[     15s] main 30b c6863 ic_m4 planted_sub table completed_valid t=0.0s
[     15s] main 30b c6863 ic_m4 small_x_offset table completed_valid t=0.0s
[     15s] main 30b c6864 ic_m4 subgroup table completed_valid t=0.0s
[     15s] main 30b c6864 ic_m4 small_x table completed_valid t=0.0s
[     15s] main 30b c6864 ic_m4 random_sub_r0 table completed_valid t=0.0s
[     15s] main 30b c6864 ic_m4 random_sub_r1 table completed_valid t=0.0s
[     15s] main 30b c6864 ic_m4 random_sub_r2 table completed_valid t=0.0s
[     15s] main 30b c6864 ic_m4 known_null_sub table completed_valid t=0.0s
[     15s] main 30b c6864 ic_m4 planted_sub table completed_valid t=0.0s
[     15s] main 30b c6864 ic_m4 small_x_offset table completed_valid t=0.0s
[     16s] main 30b c6865 ic_m4 subgroup table completed_valid t=0.0s
[     16s] main 30b c6865 ic_m4 small_x table completed_valid t=0.0s
[     16s] main 30b c6865 ic_m4 random_sub_r0 table completed_valid t=0.0s
[     16s] main 30b c6865 ic_m4 random_sub_r1 table completed_valid t=0.0s
[     16s] main 30b c6865 ic_m4 random_sub_r2 table completed_valid t=0.0s
[     16s] main 30b c6865 ic_m4 known_null_sub table completed_valid t=0.0s
[     16s] main 30b c6865 ic_m4 planted_sub table completed_valid t=0.0s
[     16s] main 30b c6865 ic_m4 small_x_offset table completed_valid t=0.0s
[     16s] main 30b c6866 ic_m4 subgroup table completed_valid t=0.0s
[     16s] main 30b c6866 ic_m4 small_x table completed_valid t=0.0s
[     16s] main 30b c6866 ic_m4 random_sub_r0 table completed_valid t=0.0s
[     16s] main 30b c6866 ic_m4 random_sub_r1 table completed_valid t=0.0s
[     16s] main 30b c6866 ic_m4 random_sub_r2 table completed_valid t=0.0s
[     16s] main 30b c6866 ic_m4 known_null_sub table completed_valid t=0.0s
[     16s] main 30b c6866 ic_m4 planted_sub table completed_valid t=0.0s
[     16s] main 30b c6866 ic_m4 small_x_offset table completed_valid t=0.0s
[     16s] main 30b c6867 ic_m4 subgroup table completed_valid t=0.0s
[     16s] main 30b c6867 ic_m4 small_x table completed_valid t=0.0s
[     16s] main 30b c6867 ic_m4 random_sub_r0 table completed_valid t=0.0s
[     16s] main 30b c6867 ic_m4 random_sub_r1 table completed_valid t=0.0s
[     16s] main 30b c6867 ic_m4 random_sub_r2 table completed_valid t=0.0s
[     16s] main 30b c6867 ic_m4 known_null_sub table completed_valid t=0.0s
[     16s] main 30b c6867 ic_m4 planted_sub table completed_valid t=0.0s
[     16s] main 30b c6867 ic_m4 small_x_offset table completed_valid t=0.0s
[     16s] main 30b c6868 ic_m4 subgroup table completed_valid t=0.0s
[     16s] main 30b c6868 ic_m4 small_x table completed_valid t=0.0s
[     16s] main 30b c6868 ic_m4 random_sub_r0 table completed_valid t=0.0s
[     16s] main 30b c6868 ic_m4 random_sub_r1 table completed_valid t=0.0s
[     16s] main 30b c6868 ic_m4 random_sub_r2 table completed_valid t=0.0s
[     16s] main 30b c6868 ic_m4 known_null_sub table completed_valid t=0.0s
[     16s] main 30b c6868 ic_m4 planted_sub table completed_valid t=0.0s
[     16s] main 30b c6868 ic_m4 small_x_offset table completed_valid t=0.0s
[     17s] main 30b c6869 ic_m4 subgroup table completed_valid t=0.0s
[     17s] main 30b c6869 ic_m4 small_x table completed_valid t=0.0s
[     17s] main 30b c6869 ic_m4 random_sub_r0 table completed_valid t=0.0s
[     17s] main 30b c6869 ic_m4 random_sub_r1 table completed_valid t=0.0s
[     17s] main 30b c6869 ic_m4 random_sub_r2 table completed_valid t=0.0s
[     17s] main 30b c6869 ic_m4 known_null_sub table completed_valid t=0.0s
[     17s] main 30b c6869 ic_m4 planted_sub table completed_valid t=0.0s
[     17s] main 30b c6869 ic_m4 small_x_offset table completed_valid t=0.0s
[     17s] main 30b c6870 ic_m4 subgroup table completed_valid t=0.0s
[     17s] main 30b c6870 ic_m4 small_x table completed_valid t=0.0s
[     17s] main 30b c6870 ic_m4 random_sub_r0 table completed_valid t=0.0s
[     17s] main 30b c6870 ic_m4 random_sub_r1 table completed_valid t=0.0s
[     17s] main 30b c6870 ic_m4 random_sub_r2 table completed_valid t=0.0s
[     17s] main 30b c6870 ic_m4 known_null_sub table completed_valid t=0.0s
[     17s] main 30b c6870 ic_m4 planted_sub table completed_valid t=0.0s
[     17s] main 30b c6870 ic_m4 small_x_offset table completed_valid t=0.0s
[     17s] main 30b c6871 ic_m4 subgroup table completed_valid t=0.0s
[     17s] main 30b c6871 ic_m4 small_x table completed_valid t=0.0s
[     17s] main 30b c6871 ic_m4 random_sub_r0 table completed_valid t=0.0s
[     17s] main 30b c6871 ic_m4 random_sub_r1 table completed_valid t=0.0s
[     17s] main 30b c6871 ic_m4 random_sub_r2 table completed_valid t=0.0s
[     17s] main 30b c6871 ic_m4 known_null_sub table completed_valid t=0.0s
[     17s] main 30b c6871 ic_m4 planted_sub table completed_valid t=0.0s
[     17s] main 30b c6871 ic_m4 small_x_offset table completed_valid t=0.0s
[     17s] main 30b c6872 ic_m4 subgroup table completed_valid t=0.0s
[     17s] main 30b c6872 ic_m4 small_x table completed_valid t=0.0s
[     17s] main 30b c6872 ic_m4 random_sub_r0 table completed_valid t=0.0s
[     17s] main 30b c6872 ic_m4 random_sub_r1 table completed_valid t=0.0s
[     17s] main 30b c6872 ic_m4 random_sub_r2 table completed_valid t=0.0s
[     17s] main 30b c6872 ic_m4 known_null_sub table completed_valid t=0.0s
[     17s] main 30b c6872 ic_m4 planted_sub table completed_valid t=0.0s
[     17s] main 30b c6872 ic_m4 small_x_offset table completed_valid t=0.0s
[     18s] main 30b c6873 ic_m4 subgroup table completed_valid t=0.0s
[     18s] main 30b c6873 ic_m4 small_x table completed_valid t=0.0s
[     18s] main 30b c6873 ic_m4 random_sub_r0 table completed_valid t=0.0s
[     18s] main 30b c6873 ic_m4 random_sub_r1 table completed_valid t=0.0s
[     18s] main 30b c6873 ic_m4 random_sub_r2 table completed_valid t=0.0s
[     18s] main 30b c6873 ic_m4 known_null_sub table completed_valid t=0.0s
[     18s] main 30b c6873 ic_m4 planted_sub table completed_valid t=0.0s
[     18s] main 30b c6873 ic_m4 small_x_offset table completed_valid t=0.0s
[     18s] main 30b c6874 ic_m4 subgroup table completed_valid t=0.0s
[     18s] main 30b c6874 ic_m4 small_x table completed_valid t=0.0s
[     18s] main 30b c6874 ic_m4 random_sub_r0 table completed_valid t=0.0s
[     18s] main 30b c6874 ic_m4 random_sub_r1 table completed_valid t=0.0s
[     18s] main 30b c6874 ic_m4 random_sub_r2 table completed_valid t=0.0s
[     18s] main 30b c6874 ic_m4 known_null_sub table completed_valid t=0.0s
[     18s] main 30b c6874 ic_m4 planted_sub table completed_valid t=0.0s
[     18s] main 30b c6874 ic_m4 small_x_offset table completed_valid t=0.0s
[     18s] main 30b c6875 ic_m4 subgroup table completed_valid t=0.0s
[     18s] main 30b c6875 ic_m4 small_x table completed_valid t=0.0s
[     18s] main 30b c6875 ic_m4 random_sub_r0 table completed_valid t=0.0s
[     18s] main 30b c6875 ic_m4 random_sub_r1 table completed_valid t=0.0s
[     18s] main 30b c6875 ic_m4 random_sub_r2 table completed_valid t=0.0s
[     18s] main 30b c6875 ic_m4 known_null_sub table completed_valid t=0.0s
[     18s] main 30b c6875 ic_m4 planted_sub table completed_valid t=0.0s
[     18s] main 30b c6875 ic_m4 small_x_offset table completed_valid t=0.0s
[     18s] main 30b c6876 ic_m4 subgroup table completed_valid t=0.0s
[     18s] main 30b c6876 ic_m4 small_x table completed_valid t=0.0s
[     18s] main 30b c6876 ic_m4 random_sub_r0 table completed_valid t=0.0s
[     18s] main 30b c6876 ic_m4 random_sub_r1 table completed_valid t=0.0s
[     18s] main 30b c6876 ic_m4 random_sub_r2 table completed_valid t=0.0s
[     18s] main 30b c6876 ic_m4 known_null_sub table completed_valid t=0.0s
[     18s] main 30b c6876 ic_m4 planted_sub table completed_valid t=0.0s
[     18s] main 30b c6876 ic_m4 small_x_offset table completed_valid t=0.0s
[     19s] main 30b c6877 ic_m4 subgroup table completed_valid t=0.0s
[     19s] main 30b c6877 ic_m4 small_x table completed_valid t=0.0s
[     19s] main 30b c6877 ic_m4 random_sub_r0 table completed_valid t=0.0s
[     19s] main 30b c6877 ic_m4 random_sub_r1 table completed_valid t=0.0s
[     19s] main 30b c6877 ic_m4 random_sub_r2 table completed_valid t=0.0s
[     19s] main 30b c6877 ic_m4 known_null_sub table completed_valid t=0.0s
[     19s] main 30b c6877 ic_m4 planted_sub table completed_valid t=0.0s
[     19s] main 30b c6877 ic_m4 small_x_offset table completed_valid t=0.0s
[     19s] main 30b c6878 ic_m4 subgroup table completed_valid t=0.0s
[     19s] main 30b c6878 ic_m4 small_x table completed_valid t=0.0s
[     19s] main 30b c6878 ic_m4 random_sub_r0 table completed_valid t=0.0s
[     19s] main 30b c6878 ic_m4 random_sub_r1 table completed_valid t=0.0s
[     19s] main 30b c6878 ic_m4 random_sub_r2 table completed_valid t=0.0s
[     19s] main 30b c6878 ic_m4 known_null_sub table completed_valid t=0.0s
[     19s] main 30b c6878 ic_m4 planted_sub table completed_valid t=0.0s
[     19s] main 30b c6878 ic_m4 small_x_offset table completed_valid t=0.0s
[     19s] main 30b c6879 ic_m4 subgroup table completed_valid t=0.0s
[     19s] main 30b c6879 ic_m4 small_x table completed_valid t=0.0s
[     19s] main 30b c6879 ic_m4 random_sub_r0 table completed_valid t=0.0s
[     19s] main 30b c6879 ic_m4 random_sub_r1 table completed_valid t=0.0s
[     19s] main 30b c6879 ic_m4 random_sub_r2 table completed_valid t=0.0s
[     19s] main 30b c6879 ic_m4 known_null_sub table completed_valid t=0.0s
[     19s] main 30b c6879 ic_m4 planted_sub table completed_valid t=0.0s
[     19s] main 30b c6879 ic_m4 small_x_offset table completed_valid t=0.0s
[     19s] main 30b c6880 ic_m4 subgroup table completed_valid t=0.0s
[     19s] main 30b c6880 ic_m4 small_x table completed_valid t=0.0s
[     19s] main 30b c6880 ic_m4 random_sub_r0 table completed_valid t=0.0s
[     19s] main 30b c6880 ic_m4 random_sub_r1 table completed_valid t=0.0s
[     19s] main 30b c6880 ic_m4 random_sub_r2 table completed_valid t=0.0s
[     19s] main 30b c6880 ic_m4 known_null_sub table completed_valid t=0.0s
[     19s] main 30b c6880 ic_m4 planted_sub table completed_valid t=0.0s
[     19s] main 30b c6880 ic_m4 small_x_offset table completed_valid t=0.0s
[     19s] main 30b c6881 ic_m4 subgroup table completed_valid t=0.0s
[     19s] main 30b c6881 ic_m4 small_x table completed_valid t=0.0s
[     19s] main 30b c6881 ic_m4 random_sub_r0 table completed_valid t=0.0s
[     19s] main 30b c6881 ic_m4 random_sub_r1 table completed_valid t=0.0s
[     19s] main 30b c6881 ic_m4 random_sub_r2 table completed_valid t=0.0s
[     19s] main 30b c6881 ic_m4 known_null_sub table completed_valid t=0.0s
[     19s] main 30b c6881 ic_m4 planted_sub table completed_valid t=0.0s
[     19s] main 30b c6881 ic_m4 small_x_offset table completed_valid t=0.0s
[     20s] main 30b c6882 ic_m4 subgroup table completed_valid t=0.0s
[     20s] main 30b c6882 ic_m4 small_x table completed_valid t=0.0s
[     20s] main 30b c6882 ic_m4 random_sub_r0 table completed_valid t=0.0s
[     20s] main 30b c6882 ic_m4 random_sub_r1 table completed_valid t=0.0s
[     20s] main 30b c6882 ic_m4 random_sub_r2 table completed_valid t=0.0s
[     20s] main 30b c6882 ic_m4 known_null_sub table completed_valid t=0.0s
[     20s] main 30b c6882 ic_m4 planted_sub table completed_valid t=0.0s
[     20s] main 30b c6882 ic_m4 small_x_offset table completed_valid t=0.0s
[     20s] main 30b c6883 ic_m4 subgroup table completed_valid t=0.0s
[     20s] main 30b c6883 ic_m4 small_x table completed_valid t=0.0s
[     20s] main 30b c6883 ic_m4 random_sub_r0 table completed_valid t=0.0s
[     20s] main 30b c6883 ic_m4 random_sub_r1 table completed_valid t=0.0s
[     20s] main 30b c6883 ic_m4 random_sub_r2 table completed_valid t=0.0s
[     20s] main 30b c6883 ic_m4 known_null_sub table completed_valid t=0.0s
[     20s] main 30b c6883 ic_m4 planted_sub table completed_valid t=0.0s
[     20s] main 30b c6883 ic_m4 small_x_offset table completed_valid t=0.0s
[     20s] main 30b c6884 ic_m4 subgroup table completed_valid t=0.0s
[     20s] main 30b c6884 ic_m4 small_x table completed_valid t=0.0s
[     20s] main 30b c6884 ic_m4 random_sub_r0 table completed_valid t=0.0s
[     20s] main 30b c6884 ic_m4 random_sub_r1 table completed_valid t=0.0s
[     20s] main 30b c6884 ic_m4 random_sub_r2 table completed_valid t=0.0s
[     20s] main 30b c6884 ic_m4 known_null_sub table completed_valid t=0.0s
[     20s] main 30b c6884 ic_m4 planted_sub table completed_valid t=0.0s
[     20s] main 30b c6884 ic_m4 small_x_offset table completed_valid t=0.0s
[     20s] main 30b c6885 ic_m4 subgroup table completed_valid t=0.0s
[     20s] main 30b c6885 ic_m4 small_x table completed_valid t=0.0s
[     20s] main 30b c6885 ic_m4 random_sub_r0 table completed_valid t=0.0s
[     20s] main 30b c6885 ic_m4 random_sub_r1 table completed_valid t=0.0s
[     20s] main 30b c6885 ic_m4 random_sub_r2 table completed_valid t=0.0s
[     20s] main 30b c6885 ic_m4 known_null_sub table completed_valid t=0.0s
[     20s] main 30b c6885 ic_m4 planted_sub table completed_valid t=0.0s
[     20s] main 30b c6885 ic_m4 small_x_offset table completed_valid t=0.0s
[     20s] main 30b c6886 ic_m4 subgroup table completed_valid t=0.0s
[     20s] main 30b c6886 ic_m4 small_x table completed_valid t=0.0s
[     20s] main 30b c6886 ic_m4 random_sub_r0 table completed_valid t=0.0s
[     20s] main 30b c6886 ic_m4 random_sub_r1 table completed_valid t=0.0s
[     20s] main 30b c6886 ic_m4 random_sub_r2 table completed_valid t=0.0s
[     20s] main 30b c6886 ic_m4 known_null_sub table completed_valid t=0.0s
[     20s] main 30b c6886 ic_m4 planted_sub table completed_valid t=0.0s
[     20s] main 30b c6886 ic_m4 small_x_offset table completed_valid t=0.0s
[     21s] main 30b c6887 ic_m4 subgroup table completed_valid t=0.0s
[     21s] main 30b c6887 ic_m4 small_x table completed_valid t=0.0s
[     21s] main 30b c6887 ic_m4 random_sub_r0 table completed_valid t=0.0s
[     21s] main 30b c6887 ic_m4 random_sub_r1 table completed_valid t=0.0s
[     21s] main 30b c6887 ic_m4 random_sub_r2 table completed_valid t=0.0s
[     21s] main 30b c6887 ic_m4 known_null_sub table completed_valid t=0.0s
[     21s] main 30b c6887 ic_m4 planted_sub table completed_valid t=0.0s
[     21s] main 30b c6887 ic_m4 small_x_offset table completed_valid t=0.0s
[     21s] main 30b c6888 ic_m4 subgroup table completed_valid t=0.0s
[     21s] main 30b c6888 ic_m4 small_x table completed_valid t=0.0s
[     21s] main 30b c6888 ic_m4 random_sub_r0 table completed_valid t=0.0s
[     21s] main 30b c6888 ic_m4 random_sub_r1 table completed_valid t=0.0s
[     21s] main 30b c6888 ic_m4 random_sub_r2 table completed_valid t=0.0s
[     21s] main 30b c6888 ic_m4 known_null_sub table completed_valid t=0.0s
[     21s] main 30b c6888 ic_m4 planted_sub table completed_valid t=0.0s
[     21s] main 30b c6888 ic_m4 small_x_offset table completed_valid t=0.0s
[     21s] main 30b c6889 ic_m4 subgroup table completed_valid t=0.0s
[     21s] main 30b c6889 ic_m4 small_x table completed_valid t=0.0s
[     21s] main 30b c6889 ic_m4 random_sub_r0 table completed_valid t=0.0s
[     21s] main 30b c6889 ic_m4 random_sub_r1 table completed_valid t=0.0s
[     21s] main 30b c6889 ic_m4 random_sub_r2 table completed_valid t=0.0s
[     21s] main 30b c6889 ic_m4 known_null_sub table completed_valid t=0.0s
[     21s] main 30b c6889 ic_m4 planted_sub table completed_valid t=0.0s
[     21s] main 30b c6889 ic_m4 small_x_offset table completed_valid t=0.0s
[     22s] main 30b c6890 ic_m4 subgroup table completed_valid t=0.0s
[     22s] main 30b c6890 ic_m4 small_x table completed_valid t=0.0s
[     22s] main 30b c6890 ic_m4 random_sub_r0 table completed_valid t=0.0s
[     22s] main 30b c6890 ic_m4 random_sub_r1 table completed_valid t=0.0s
[     22s] main 30b c6890 ic_m4 random_sub_r2 table completed_valid t=0.0s
[     22s] main 30b c6890 ic_m4 known_null_sub table completed_valid t=0.0s
[     22s] main 30b c6890 ic_m4 planted_sub table completed_valid t=0.0s
[     22s] main 30b c6890 ic_m4 small_x_offset table completed_valid t=0.0s
[     22s] main 30b c6891 ic_m4 subgroup table completed_valid t=0.0s
[     22s] main 30b c6891 ic_m4 small_x table completed_valid t=0.0s
[     22s] main 30b c6891 ic_m4 random_sub_r0 table completed_valid t=0.0s
[     22s] main 30b c6891 ic_m4 random_sub_r1 table completed_valid t=0.0s
[     22s] main 30b c6891 ic_m4 random_sub_r2 table completed_valid t=0.0s
[     22s] main 30b c6891 ic_m4 known_null_sub table completed_valid t=0.0s
[     22s] main 30b c6891 ic_m4 planted_sub table completed_valid t=0.0s
[     22s] main 30b c6891 ic_m4 small_x_offset table completed_valid t=0.0s
[     22s] main 30b c6892 ic_m4 subgroup table completed_valid t=0.0s
[     22s] main 30b c6892 ic_m4 small_x table completed_valid t=0.0s
[     22s] main 30b c6892 ic_m4 random_sub_r0 table completed_valid t=0.0s
[     22s] main 30b c6892 ic_m4 random_sub_r1 table completed_valid t=0.0s
[     22s] main 30b c6892 ic_m4 random_sub_r2 table completed_valid t=0.0s
[     22s] main 30b c6892 ic_m4 known_null_sub table completed_valid t=0.0s
[     22s] main 30b c6892 ic_m4 planted_sub table completed_valid t=0.0s
[     22s] main 30b c6892 ic_m4 small_x_offset table completed_valid t=0.0s
[     22s] main 30b c6893 ic_m4 subgroup table completed_valid t=0.0s
[     22s] main 30b c6893 ic_m4 small_x table completed_valid t=0.0s
[     22s] main 30b c6893 ic_m4 random_sub_r0 table completed_valid t=0.0s
[     22s] main 30b c6893 ic_m4 random_sub_r1 table completed_valid t=0.0s
[     22s] main 30b c6893 ic_m4 random_sub_r2 table completed_valid t=0.0s
[     22s] main 30b c6893 ic_m4 known_null_sub table completed_valid t=0.0s
[     22s] main 30b c6893 ic_m4 planted_sub table completed_valid t=0.0s
[     22s] main 30b c6893 ic_m4 small_x_offset table completed_valid t=0.0s
[     22s] main 30b c6894 ic_m4 subgroup table completed_valid t=0.0s
[     22s] main 30b c6894 ic_m4 small_x table completed_valid t=0.0s
[     22s] main 30b c6894 ic_m4 random_sub_r0 table completed_valid t=0.0s
[     22s] main 30b c6894 ic_m4 random_sub_r1 table completed_valid t=0.0s
[     22s] main 30b c6894 ic_m4 random_sub_r2 table completed_valid t=0.0s
[     22s] main 30b c6894 ic_m4 known_null_sub table completed_valid t=0.0s
[     22s] main 30b c6894 ic_m4 planted_sub table completed_valid t=0.0s
[     22s] main 30b c6894 ic_m4 small_x_offset table completed_valid t=0.0s
[     23s] main 30b c6895 ic_m4 subgroup table completed_valid t=0.0s
[     23s] main 30b c6895 ic_m4 small_x table completed_valid t=0.0s
[     23s] main 30b c6895 ic_m4 random_sub_r0 table completed_valid t=0.0s
[     23s] main 30b c6895 ic_m4 random_sub_r1 table completed_valid t=0.0s
[     23s] main 30b c6895 ic_m4 random_sub_r2 table completed_valid t=0.0s
[     23s] main 30b c6895 ic_m4 known_null_sub table completed_valid t=0.0s
[     23s] main 30b c6895 ic_m4 planted_sub table completed_valid t=0.0s
[     23s] main 30b c6895 ic_m4 small_x_offset table completed_valid t=0.0s
[     23s] main 30b c6896 ic_m4 subgroup table completed_valid t=0.0s
[     23s] main 30b c6896 ic_m4 small_x table completed_valid t=0.0s
[     23s] main 30b c6896 ic_m4 random_sub_r0 table completed_valid t=0.0s
[     23s] main 30b c6896 ic_m4 random_sub_r1 table completed_valid t=0.0s
[     23s] main 30b c6896 ic_m4 random_sub_r2 table completed_valid t=0.0s
[     23s] main 30b c6896 ic_m4 known_null_sub table completed_valid t=0.0s
[     23s] main 30b c6896 ic_m4 planted_sub table completed_valid t=0.0s
[     23s] main 30b c6896 ic_m4 small_x_offset table completed_valid t=0.0s
[     23s] main 30b c6897 ic_m4 subgroup table completed_valid t=0.0s
[     23s] main 30b c6897 ic_m4 small_x table completed_valid t=0.0s
[     23s] main 30b c6897 ic_m4 random_sub_r0 table completed_valid t=0.0s
[     23s] main 30b c6897 ic_m4 random_sub_r1 table completed_valid t=0.0s
[     23s] main 30b c6897 ic_m4 random_sub_r2 table completed_valid t=0.0s
[     23s] main 30b c6897 ic_m4 known_null_sub table completed_valid t=0.0s
[     23s] main 30b c6897 ic_m4 planted_sub table completed_valid t=0.0s
[     23s] main 30b c6897 ic_m4 small_x_offset table completed_valid t=0.0s
[     23s] main 30b c6898 ic_m4 subgroup table completed_valid t=0.0s
[     23s] main 30b c6898 ic_m4 small_x table completed_valid t=0.0s
[     23s] main 30b c6898 ic_m4 random_sub_r0 table completed_valid t=0.0s
[     23s] main 30b c6898 ic_m4 random_sub_r1 table completed_valid t=0.0s
[     23s] main 30b c6898 ic_m4 random_sub_r2 table completed_valid t=0.0s
[     23s] main 30b c6898 ic_m4 known_null_sub table completed_valid t=0.0s
[     23s] main 30b c6898 ic_m4 planted_sub table completed_valid t=0.0s
[     23s] main 30b c6898 ic_m4 small_x_offset table completed_valid t=0.0s
[     24s] main 30b c6899 ic_m4 subgroup table completed_valid t=0.0s
[     24s] main 30b c6899 ic_m4 small_x table completed_valid t=0.0s
[     24s] main 30b c6899 ic_m4 random_sub_r0 table completed_valid t=0.0s
[     24s] main 30b c6899 ic_m4 random_sub_r1 table completed_valid t=0.0s
[     24s] main 30b c6899 ic_m4 random_sub_r2 table completed_valid t=0.0s
[     24s] main 30b c6899 ic_m4 known_null_sub table completed_valid t=0.0s
[     24s] main 30b c6899 ic_m4 planted_sub table completed_valid t=0.0s
[     24s] main 30b c6899 ic_m4 small_x_offset table completed_valid t=0.0s
[     24s] main 30b c6900 ic_m4 subgroup table completed_valid t=0.0s
[     24s] main 30b c6900 ic_m4 small_x table completed_valid t=0.0s
[     24s] main 30b c6900 ic_m4 random_sub_r0 table completed_valid t=0.0s
[     24s] main 30b c6900 ic_m4 random_sub_r1 table completed_valid t=0.0s
[     24s] main 30b c6900 ic_m4 random_sub_r2 table completed_valid t=0.0s
[     24s] main 30b c6900 ic_m4 known_null_sub table completed_valid t=0.0s
[     24s] main 30b c6900 ic_m4 planted_sub table completed_valid t=0.0s
[     24s] main 30b c6900 ic_m4 small_x_offset table completed_valid t=0.0s
[     24s] main 30b c6901 ic_m4 subgroup table completed_valid t=0.0s
[     24s] main 30b c6901 ic_m4 small_x table completed_valid t=0.0s
[     24s] main 30b c6901 ic_m4 random_sub_r0 table completed_valid t=0.0s
[     24s] main 30b c6901 ic_m4 random_sub_r1 table completed_valid t=0.0s
[     24s] main 30b c6901 ic_m4 random_sub_r2 table completed_valid t=0.0s
[     24s] main 30b c6901 ic_m4 known_null_sub table completed_valid t=0.0s
[     24s] main 30b c6901 ic_m4 planted_sub table completed_valid t=0.0s
[     24s] main 30b c6901 ic_m4 small_x_offset table completed_valid t=0.0s
[     24s] main 30b c6902 ic_m4 subgroup table completed_valid t=0.0s
[     24s] main 30b c6902 ic_m4 small_x table completed_valid t=0.0s
[     24s] main 30b c6902 ic_m4 random_sub_r0 table completed_valid t=0.0s
[     24s] main 30b c6902 ic_m4 random_sub_r1 table completed_valid t=0.0s
[     24s] main 30b c6902 ic_m4 random_sub_r2 table completed_valid t=0.0s
[     24s] main 30b c6902 ic_m4 known_null_sub table completed_valid t=0.0s
[     24s] main 30b c6902 ic_m4 planted_sub table completed_valid t=0.0s
[     24s] main 30b c6902 ic_m4 small_x_offset table completed_valid t=0.0s
[     25s] main 30b c6903 ic_m4 subgroup table completed_valid t=0.0s
[     25s] main 30b c6903 ic_m4 small_x table completed_valid t=0.0s
[     25s] main 30b c6903 ic_m4 random_sub_r0 table completed_valid t=0.0s
[     25s] main 30b c6903 ic_m4 random_sub_r1 table completed_valid t=0.0s
[     25s] main 30b c6903 ic_m4 random_sub_r2 table completed_valid t=0.0s
[     25s] main 30b c6903 ic_m4 known_null_sub table completed_valid t=0.0s
[     25s] main 30b c6903 ic_m4 planted_sub table completed_valid t=0.0s
[     25s] main 30b c6903 ic_m4 small_x_offset table completed_valid t=0.0s
[     25s] main 30b c6904 ic_m4 subgroup table completed_valid t=0.0s
[     25s] main 30b c6904 ic_m4 small_x table completed_valid t=0.0s
[     25s] main 30b c6904 ic_m4 random_sub_r0 table completed_valid t=0.0s
[     25s] main 30b c6904 ic_m4 random_sub_r1 table completed_valid t=0.0s
[     25s] main 30b c6904 ic_m4 random_sub_r2 table completed_valid t=0.0s
[     25s] main 30b c6904 ic_m4 known_null_sub table completed_valid t=0.0s
[     25s] main 30b c6904 ic_m4 planted_sub table completed_valid t=0.0s
[     25s] main 30b c6904 ic_m4 small_x_offset table completed_valid t=0.0s
[     25s] main 30b c6905 ic_m4 subgroup table completed_valid t=0.0s
[     25s] main 30b c6905 ic_m4 small_x table completed_valid t=0.0s
[     25s] main 30b c6905 ic_m4 random_sub_r0 table completed_valid t=0.0s
[     25s] main 30b c6905 ic_m4 random_sub_r1 table completed_valid t=0.0s
[     25s] main 30b c6905 ic_m4 random_sub_r2 table completed_valid t=0.0s
[     25s] main 30b c6905 ic_m4 known_null_sub table completed_valid t=0.0s
[     25s] main 30b c6905 ic_m4 planted_sub table completed_valid t=0.0s
[     25s] main 30b c6905 ic_m4 small_x_offset table completed_valid t=0.0s
[     25s] main 30b c6906 ic_m4 subgroup table completed_valid t=0.0s
[     25s] main 30b c6906 ic_m4 small_x table completed_valid t=0.0s
[     25s] main 30b c6906 ic_m4 random_sub_r0 table completed_valid t=0.0s
[     25s] main 30b c6906 ic_m4 random_sub_r1 table completed_valid t=0.0s
[     25s] main 30b c6906 ic_m4 random_sub_r2 table completed_valid t=0.0s
[     25s] main 30b c6906 ic_m4 known_null_sub table completed_valid t=0.0s
[     25s] main 30b c6906 ic_m4 planted_sub table completed_valid t=0.0s
[     25s] main 30b c6906 ic_m4 small_x_offset table completed_valid t=0.0s
[     26s] main 30b c6907 ic_m4 subgroup table completed_valid t=0.0s
[     26s] main 30b c6907 ic_m4 small_x table completed_valid t=0.0s
[     26s] main 30b c6907 ic_m4 random_sub_r0 table completed_valid t=0.0s
[     26s] main 30b c6907 ic_m4 random_sub_r1 table completed_valid t=0.0s
[     26s] main 30b c6907 ic_m4 random_sub_r2 table completed_valid t=0.0s
[     26s] main 30b c6907 ic_m4 known_null_sub table completed_valid t=0.0s
[     26s] main 30b c6907 ic_m4 planted_sub table completed_valid t=0.0s
[     26s] main 30b c6907 ic_m4 small_x_offset table completed_valid t=0.0s
[     26s] main 30b c6908 ic_m4 subgroup table completed_valid t=0.0s
[     26s] main 30b c6908 ic_m4 small_x table completed_valid t=0.0s
[     26s] main 30b c6908 ic_m4 random_sub_r0 table completed_valid t=0.0s
[     26s] main 30b c6908 ic_m4 random_sub_r1 table completed_valid t=0.0s
[     26s] main 30b c6908 ic_m4 random_sub_r2 table completed_valid t=0.0s
[     26s] main 30b c6908 ic_m4 known_null_sub table completed_valid t=0.0s
[     26s] main 30b c6908 ic_m4 planted_sub table completed_valid t=0.0s
[     26s] main 30b c6908 ic_m4 small_x_offset table completed_valid t=0.0s
[     26s] main 30b c6909 ic_m4 subgroup table completed_valid t=0.0s
[     26s] main 30b c6909 ic_m4 small_x table completed_valid t=0.0s
[     26s] main 30b c6909 ic_m4 random_sub_r0 table completed_valid t=0.0s
[     26s] main 30b c6909 ic_m4 random_sub_r1 table completed_valid t=0.0s
[     26s] main 30b c6909 ic_m4 random_sub_r2 table completed_valid t=0.0s
[     26s] main 30b c6909 ic_m4 known_null_sub table completed_valid t=0.0s
[     26s] main 30b c6909 ic_m4 planted_sub table completed_valid t=0.0s
[     26s] main 30b c6909 ic_m4 small_x_offset table completed_valid t=0.0s
