running (d=512, beta=55, mpfr_bits=69) ...
  -> ERROR (386.2s) seed_used=452658293
running (d=512, beta=55, mpfr_bits=100) ...
  -> COMPLETED (386.2s) seed_used=452658293
running (d=512, beta=70, mpfr_bits=69) ...
  -> ERROR (393.6s) seed_used=915347894
running (d=512, beta=70, mpfr_bits=100) ...
  -> COMPLETED (395.7s) seed_used=915347894
[
  {
    "d": 512,
    "beta": 55,
    "mpfr_bits": 69,
    "subprocess_wall_clock_seconds": 386.2019467353821,
    "subprocess_timed_out": false,
    "subprocess_returncode": 0,
    "level": "isolated_lll_step",
    "seed_used": 452658293,
    "outer_lll_reduction_elapsed_seconds": 380.6016585826874,
    "gso_float_type_used": "mpfr",
    "status": "ERROR",
    "error": "ReductionError: b'infinite loop in babai'",
    "traceback": "Traceback (most recent call last):\n  File \"/home/user/crypto-autoresearcher/coordination/goals/GOAL-MLKEM-005/batches/BATCH-279acb/red-team/TASK-20260815-85e02a/probes/probe1_d512_beta_generality.py\", line 81, in worker\n    lll_obj()\n  File \"src/fpylll/fplll/lll.pyx\", line 305, in fpylll.fplll.lll.LLLReduction.__call__\nfpylll.util.ReductionError: b'infinite loop in babai'\n"
  },
  {
    "d": 512,
    "beta": 55,
    "mpfr_bits": 100,
    "subprocess_wall_clock_seconds": 386.1964075565338,
    "subprocess_timed_out": false,
    "subprocess_returncode": 0,
    "level": "isolated_lll_step",
    "seed_used": 452658293,
    "outer_lll_reduction_elapsed_seconds": 381.01104521751404,
    "gso_float_type_used": "mpfr",
    "inner_lll_obj_elapsed_seconds": 0.010022878646850586,
    "status": "COMPLETED"
  },
  {
    "d": 512,
    "beta": 70,
    "mpfr_bits": 69,
    "subprocess_wall_clock_seconds": 393.6406877040863,
    "subprocess_timed_out": false,
    "subprocess_returncode": 0,
    "level": "isolated_lll_step",
    "seed_used": 915347894,
    "outer_lll_reduction_elapsed_seconds": 388.07710313796997,
    "gso_float_type_used": "mpfr",
    "status": "ERROR",
    "error": "ReductionError: b'infinite loop in babai'",
    "traceback": "Traceback (most recent call last):\n  File \"/home/user/crypto-autoresearcher/coordination/goals/GOAL-MLKEM-005/batches/BATCH-279acb/red-team/TASK-20260815-85e02a/probes/probe1_d512_beta_generality.py\", line 81, in worker\n    lll_obj()\n  File \"src/fpylll/fplll/lll.pyx\", line 305, in fpylll.fplll.lll.LLLReduction.__call__\nfpylll.util.ReductionError: b'infinite loop in babai'\n"
  },
  {
    "d": 512,
    "beta": 70,
    "mpfr_bits": 100,
    "subprocess_wall_clock_seconds": 395.6526336669922,
    "subprocess_timed_out": false,
    "subprocess_returncode": 0,
    "level": "isolated_lll_step",
    "seed_used": 915347894,
    "outer_lll_reduction_elapsed_seconds": 390.04000544548035,
    "gso_float_type_used": "mpfr",
    "inner_lll_obj_elapsed_seconds": 0.0100860595703125,
    "status": "COMPLETED"
  }
]
