[      3s] main 30b c10 ic_m3 subgroup table completed_valid t=0.2s
[      3s] main 30b c10 ic_m3 dickson table completed_valid t=0.2s
[      3s] main 30b c10 ic_m3 small_x table completed_valid t=0.2s
[      3s] main 30b c10 ic_m3 random_sub_r0 table completed_valid t=0.2s
[      3s] main 30b c10 ic_m3 random_sub_r1 table completed_valid t=0.2s
[      3s] main 30b c10 ic_m3 random_sub_r2 table completed_valid t=0.2s
[      3s] main 30b c10 ic_m3 known_null_sub table completed_valid t=0.2s
[      3s] main 30b c10 ic_m3 random_dick_r0 table completed_valid t=0.3s
[      3s] main 30b c10 ic_m3 random_dick_r1 table completed_valid t=0.2s
[      3s] main 30b c10 ic_m3 random_dick_r2 table completed_valid t=0.2s
[      3s] main 30b c10 ic_m3 known_null_dick table completed_valid t=0.2s
[      3s] main 30b c10 ic_m3 planted_sub table completed_valid t=0.2s
[      6s] main 30b c11 ic_m3 subgroup table completed_valid t=0.2s
[      6s] main 30b c11 ic_m3 dickson table completed_valid t=0.2s
[      6s] main 30b c11 ic_m3 small_x table completed_valid t=0.2s
[      6s] main 30b c11 ic_m3 random_sub_r0 table completed_valid t=0.2s
[      6s] main 30b c11 ic_m3 random_sub_r1 table completed_valid t=0.2s
[      6s] main 30b c11 ic_m3 random_sub_r2 table completed_valid t=0.2s
[      6s] main 30b c11 ic_m3 known_null_sub table completed_valid t=0.2s
[      6s] main 30b c11 ic_m3 random_dick_r0 table completed_valid t=0.2s
[      6s] main 30b c11 ic_m3 random_dick_r1 table completed_valid t=0.2s
[      6s] main 30b c11 ic_m3 random_dick_r2 table completed_valid t=0.2s
[      6s] main 30b c11 ic_m3 known_null_dick table completed_valid t=0.2s
[      6s] main 30b c11 ic_m3 planted_sub table completed_valid t=0.2s
[      8s] main 30b c12 ic_m3 subgroup table completed_valid t=0.3s
[      8s] main 30b c12 ic_m3 dickson table completed_valid t=0.2s
[      8s] main 30b c12 ic_m3 small_x table completed_valid t=0.2s
[      8s] main 30b c12 ic_m3 random_sub_r0 table completed_valid t=0.2s
[      8s] main 30b c12 ic_m3 random_sub_r1 table completed_valid t=0.2s
[      8s] main 30b c12 ic_m3 random_sub_r2 table completed_valid t=0.2s
[      8s] main 30b c12 ic_m3 known_null_sub table completed_valid t=0.2s
[      8s] main 30b c12 ic_m3 random_dick_r0 table completed_valid t=0.2s
[      8s] main 30b c12 ic_m3 random_dick_r1 table completed_valid t=0.2s
[      8s] main 30b c12 ic_m3 random_dick_r2 table completed_valid t=0.2s
[      8s] main 30b c12 ic_m3 known_null_dick table completed_valid t=0.2s
[      8s] main 30b c12 ic_m3 planted_sub table completed_valid t=0.2s
[     12s] main 30b c13 ic_m3 subgroup table completed_valid t=0.2s
[     12s] main 30b c13 ic_m3 dickson table completed_valid t=0.2s
[     12s] main 30b c13 ic_m3 small_x table completed_valid t=0.2s
[     12s] main 30b c13 ic_m3 random_sub_r0 table completed_valid t=0.2s
[     12s] main 30b c13 ic_m3 random_sub_r1 table completed_valid t=0.2s
[     12s] main 30b c13 ic_m3 random_sub_r2 table completed_valid t=0.2s
[     12s] main 30b c13 ic_m3 known_null_sub table completed_valid t=0.2s
[     12s] main 30b c13 ic_m3 random_dick_r0 table completed_valid t=0.3s
[     12s] main 30b c13 ic_m3 random_dick_r1 table completed_valid t=0.3s
[     12s] main 30b c13 ic_m3 random_dick_r2 table completed_valid t=0.3s
[     12s] main 30b c13 ic_m3 known_null_dick table completed_valid t=0.2s
[     12s] main 30b c13 ic_m3 planted_sub table completed_valid t=0.2s
[     15s] main 30b c14 ic_m3 subgroup table completed_valid t=0.3s
[     15s] main 30b c14 ic_m3 dickson table completed_valid t=0.2s
[     15s] main 30b c14 ic_m3 small_x table completed_valid t=0.2s
[     15s] main 30b c14 ic_m3 random_sub_r0 table completed_valid t=0.2s
[     15s] main 30b c14 ic_m3 random_sub_r1 table completed_valid t=0.2s
[     15s] main 30b c14 ic_m3 random_sub_r2 table completed_valid t=0.2s
[     15s] main 30b c14 ic_m3 known_null_sub table completed_valid t=0.2s
[     15s] main 30b c14 ic_m3 random_dick_r0 table completed_valid t=0.2s
[     15s] main 30b c14 ic_m3 random_dick_r1 table completed_valid t=0.3s
[     15s] main 30b c14 ic_m3 random_dick_r2 table completed_valid t=0.3s
[     15s] main 30b c14 ic_m3 known_null_dick table completed_valid t=0.3s
[     15s] main 30b c14 ic_m3 planted_sub table completed_valid t=0.2s
[     17s] main 30b c15 ic_m3 subgroup table completed_valid t=0.2s
[     17s] main 30b c15 ic_m3 dickson table completed_valid t=0.2s
[     17s] main 30b c15 ic_m3 small_x table completed_valid t=0.2s
[     17s] main 30b c15 ic_m3 random_sub_r0 table completed_valid t=0.2s
[     17s] main 30b c15 ic_m3 random_sub_r1 table completed_valid t=0.2s
[     17s] main 30b c15 ic_m3 random_sub_r2 table completed_valid t=0.2s
[     17s] main 30b c15 ic_m3 known_null_sub table completed_valid t=0.2s
[     17s] main 30b c15 ic_m3 random_dick_r0 table completed_valid t=0.2s
[     17s] main 30b c15 ic_m3 random_dick_r1 table completed_valid t=0.2s
[     17s] main 30b c15 ic_m3 random_dick_r2 table completed_valid t=0.2s
[     17s] main 30b c15 ic_m3 known_null_dick table completed_valid t=0.2s
[     17s] main 30b c15 ic_m3 planted_sub table completed_valid t=0.2s
[     21s] main 30b c16 ic_m3 subgroup table completed_valid t=0.3s
[     21s] main 30b c16 ic_m3 dickson table completed_valid t=0.3s
[     21s] main 30b c16 ic_m3 small_x table completed_valid t=0.3s
[     21s] main 30b c16 ic_m3 random_sub_r0 table completed_valid t=0.2s
[     21s] main 30b c16 ic_m3 random_sub_r1 table completed_valid t=0.2s
[     21s] main 30b c16 ic_m3 random_sub_r2 table completed_valid t=0.2s
[     21s] main 30b c16 ic_m3 known_null_sub table completed_valid t=0.2s
[     21s] main 30b c16 ic_m3 random_dick_r0 table completed_valid t=0.2s
[     21s] main 30b c16 ic_m3 random_dick_r1 table completed_valid t=0.2s
[     21s] main 30b c16 ic_m3 random_dick_r2 table completed_valid t=0.2s
[     21s] main 30b c16 ic_m3 known_null_dick table completed_valid t=0.3s
[     21s] main 30b c16 ic_m3 planted_sub table completed_valid t=0.2s
[     23s] main 30b c17 ic_m3 subgroup table completed_valid t=0.1s
[     23s] main 30b c17 ic_m3 dickson table completed_valid t=0.2s
[     23s] main 30b c17 ic_m3 small_x table completed_valid t=0.1s
[     23s] main 30b c17 ic_m3 random_sub_r0 table completed_valid t=0.2s
[     23s] main 30b c17 ic_m3 random_sub_r1 table completed_valid t=0.1s
[     23s] main 30b c17 ic_m3 random_sub_r2 table completed_valid t=0.2s
[     23s] main 30b c17 ic_m3 known_null_sub table completed_valid t=0.2s
[     23s] main 30b c17 ic_m3 random_dick_r0 table completed_valid t=0.2s
[     23s] main 30b c17 ic_m3 random_dick_r1 table completed_valid t=0.2s
[     23s] main 30b c17 ic_m3 random_dick_r2 table completed_valid t=0.2s
[     23s] main 30b c17 ic_m3 known_null_dick table completed_valid t=0.2s
[     23s] main 30b c17 ic_m3 planted_sub table completed_valid t=0.2s
[     25s] main 30b c18 ic_m3 subgroup table completed_valid t=0.2s
[     25s] main 30b c18 ic_m3 dickson table completed_valid t=0.2s
[     25s] main 30b c18 ic_m3 small_x table completed_valid t=0.2s
[     25s] main 30b c18 ic_m3 random_sub_r0 table completed_valid t=0.2s
[     25s] main 30b c18 ic_m3 random_sub_r1 table completed_valid t=0.2s
[     25s] main 30b c18 ic_m3 random_sub_r2 table completed_valid t=0.2s
[     25s] main 30b c18 ic_m3 known_null_sub table completed_valid t=0.2s
[     25s] main 30b c18 ic_m3 random_dick_r0 table completed_valid t=0.2s
[     25s] main 30b c18 ic_m3 random_dick_r1 table completed_valid t=0.2s
[     25s] main 30b c18 ic_m3 random_dick_r2 table completed_valid t=0.2s
[     25s] main 30b c18 ic_m3 known_null_dick table completed_valid t=0.2s
[     25s] main 30b c18 ic_m3 planted_sub table completed_valid t=0.2s
[     28s] main 30b c19 ic_m3 subgroup table completed_valid t=0.2s
[     28s] main 30b c19 ic_m3 dickson table completed_valid t=0.2s
[     28s] main 30b c19 ic_m3 small_x table completed_valid t=0.1s
[     28s] main 30b c19 ic_m3 random_sub_r0 table completed_valid t=0.2s
[     28s] main 30b c19 ic_m3 random_sub_r1 table completed_valid t=0.2s
[     28s] main 30b c19 ic_m3 random_sub_r2 table completed_valid t=0.2s
[     28s] main 30b c19 ic_m3 known_null_sub table completed_valid t=0.2s
[     28s] main 30b c19 ic_m3 random_dick_r0 table completed_valid t=0.2s
[     28s] main 30b c19 ic_m3 random_dick_r1 table completed_valid t=0.2s
[     28s] main 30b c19 ic_m3 random_dick_r2 table completed_valid t=0.2s
[     28s] main 30b c19 ic_m3 known_null_dick table completed_valid t=0.2s
[     28s] main 30b c19 ic_m3 planted_sub table completed_valid t=0.2s
[     31s] main 30b c20 ic_m3 subgroup table completed_valid t=0.2s
[     31s] main 30b c20 ic_m3 dickson table completed_valid t=0.2s
[     31s] main 30b c20 ic_m3 small_x table completed_valid t=0.3s
[     31s] main 30b c20 ic_m3 random_sub_r0 table completed_valid t=0.2s
[     31s] main 30b c20 ic_m3 random_sub_r1 table completed_valid t=0.3s
[     31s] main 30b c20 ic_m3 random_sub_r2 table completed_valid t=0.2s
[     31s] main 30b c20 ic_m3 known_null_sub table completed_valid t=0.3s
[     31s] main 30b c20 ic_m3 random_dick_r0 table completed_valid t=0.3s
[     31s] main 30b c20 ic_m3 random_dick_r1 table completed_valid t=0.2s
[     31s] main 30b c20 ic_m3 random_dick_r2 table completed_valid t=0.3s
[     31s] main 30b c20 ic_m3 known_null_dick table completed_valid t=0.2s
[     31s] main 30b c20 ic_m3 planted_sub table completed_valid t=0.3s
[     34s] main 30b c21 ic_m3 subgroup table completed_valid t=0.2s
[     34s] main 30b c21 ic_m3 dickson table completed_valid t=0.2s
[     34s] main 30b c21 ic_m3 small_x table completed_valid t=0.3s
[     34s] main 30b c21 ic_m3 random_sub_r0 table completed_valid t=0.3s
[     34s] main 30b c21 ic_m3 random_sub_r1 table completed_valid t=0.2s
[     34s] main 30b c21 ic_m3 random_sub_r2 table completed_valid t=0.2s
[     34s] main 30b c21 ic_m3 known_null_sub table completed_valid t=0.3s
[     34s] main 30b c21 ic_m3 random_dick_r0 table completed_valid t=0.2s
[     34s] main 30b c21 ic_m3 random_dick_r1 table completed_valid t=0.2s
[     34s] main 30b c21 ic_m3 random_dick_r2 table completed_valid t=0.2s
[     34s] main 30b c21 ic_m3 known_null_dick table completed_valid t=0.2s
[     34s] main 30b c21 ic_m3 planted_sub table completed_valid t=0.2s
[     38s] main 30b c22 ic_m3 subgroup table completed_valid t=0.3s
[     38s] main 30b c22 ic_m3 dickson table completed_valid t=0.3s
[     38s] main 30b c22 ic_m3 small_x table completed_valid t=0.2s
[     38s] main 30b c22 ic_m3 random_sub_r0 table completed_valid t=0.2s
[     38s] main 30b c22 ic_m3 random_sub_r1 table completed_valid t=0.2s
[     38s] main 30b c22 ic_m3 random_sub_r2 table completed_valid t=0.3s
[     38s] main 30b c22 ic_m3 known_null_sub table completed_valid t=0.3s
[     38s] main 30b c22 ic_m3 random_dick_r0 table completed_valid t=0.3s
[     38s] main 30b c22 ic_m3 random_dick_r1 table completed_valid t=0.3s
[     38s] main 30b c22 ic_m3 random_dick_r2 table completed_valid t=0.3s
[     38s] main 30b c22 ic_m3 known_null_dick table completed_valid t=0.3s
[     38s] main 30b c22 ic_m3 planted_sub table completed_valid t=0.3s
[     40s] main 30b c23 ic_m3 subgroup table completed_valid t=0.2s
[     40s] main 30b c23 ic_m3 dickson table completed_valid t=0.2s
[     40s] main 30b c23 ic_m3 small_x table completed_valid t=0.2s
[     40s] main 30b c23 ic_m3 random_sub_r0 table completed_valid t=0.2s
[     40s] main 30b c23 ic_m3 random_sub_r1 table completed_valid t=0.2s
[     40s] main 30b c23 ic_m3 random_sub_r2 table completed_valid t=0.2s
[     40s] main 30b c23 ic_m3 known_null_sub table completed_valid t=0.2s
[     40s] main 30b c23 ic_m3 random_dick_r0 table completed_valid t=0.2s
[     40s] main 30b c23 ic_m3 random_dick_r1 table completed_valid t=0.2s
[     40s] main 30b c23 ic_m3 random_dick_r2 table completed_valid t=0.2s
[     40s] main 30b c23 ic_m3 known_null_dick table completed_valid t=0.2s
[     40s] main 30b c23 ic_m3 planted_sub table completed_valid t=0.2s
[     44s] main 30b c24 ic_m3 subgroup table completed_valid t=0.3s
[     44s] main 30b c24 ic_m3 dickson table completed_valid t=0.3s
[     44s] main 30b c24 ic_m3 small_x table completed_valid t=0.3s
[     44s] main 30b c24 ic_m3 random_sub_r0 table completed_valid t=0.2s
[     44s] main 30b c24 ic_m3 random_sub_r1 table completed_valid t=0.3s
[     44s] main 30b c24 ic_m3 random_sub_r2 table completed_valid t=0.2s
[     44s] main 30b c24 ic_m3 known_null_sub table completed_valid t=0.2s
[     44s] main 30b c24 ic_m3 random_dick_r0 table completed_valid t=0.3s
[     44s] main 30b c24 ic_m3 random_dick_r1 table completed_valid t=0.3s
[     44s] main 30b c24 ic_m3 random_dick_r2 table completed_valid t=0.3s
[     44s] main 30b c24 ic_m3 known_null_dick table completed_valid t=0.3s
[     44s] main 30b c24 ic_m3 planted_sub table completed_valid t=0.3s
[     47s] main 30b c25 ic_m3 subgroup table completed_valid t=0.3s
[     47s] main 30b c25 ic_m3 dickson table completed_valid t=0.2s
[     47s] main 30b c25 ic_m3 small_x table completed_valid t=0.3s
[     47s] main 30b c25 ic_m3 random_sub_r0 table completed_valid t=0.3s
[     47s] main 30b c25 ic_m3 random_sub_r1 table completed_valid t=0.2s
[     47s] main 30b c25 ic_m3 random_sub_r2 table completed_valid t=0.2s
[     47s] main 30b c25 ic_m3 known_null_sub table completed_valid t=0.2s
[     47s] main 30b c25 ic_m3 random_dick_r0 table completed_valid t=0.2s
[     47s] main 30b c25 ic_m3 random_dick_r1 table completed_valid t=0.2s
[     47s] main 30b c25 ic_m3 random_dick_r2 table completed_valid t=0.3s
[     47s] main 30b c25 ic_m3 known_null_dick table completed_valid t=0.2s
[     47s] main 30b c25 ic_m3 planted_sub table completed_valid t=0.3s
[     50s] main 30b c26 ic_m3 subgroup table completed_valid t=0.3s
[     50s] main 30b c26 ic_m3 dickson table completed_valid t=0.2s
[     50s] main 30b c26 ic_m3 small_x table completed_valid t=0.2s
[     50s] main 30b c26 ic_m3 random_sub_r0 table completed_valid t=0.3s
[     50s] main 30b c26 ic_m3 random_sub_r1 table completed_valid t=0.2s
[     50s] main 30b c26 ic_m3 random_sub_r2 table completed_valid t=0.2s
[     50s] main 30b c26 ic_m3 known_null_sub table completed_valid t=0.2s
[     50s] main 30b c26 ic_m3 random_dick_r0 table completed_valid t=0.2s
[     50s] main 30b c26 ic_m3 random_dick_r1 table completed_valid t=0.2s
[     50s] main 30b c26 ic_m3 random_dick_r2 table completed_valid t=0.3s
[     50s] main 30b c26 ic_m3 known_null_dick table completed_valid t=0.2s
[     50s] main 30b c26 ic_m3 planted_sub table completed_valid t=0.2s
[     53s] main 30b c27 ic_m3 subgroup table completed_valid t=0.2s
[     53s] main 30b c27 ic_m3 dickson table completed_valid t=0.2s
[     53s] main 30b c27 ic_m3 small_x table completed_valid t=0.2s
[     53s] main 30b c27 ic_m3 random_sub_r0 table completed_valid t=0.2s
[     53s] main 30b c27 ic_m3 random_sub_r1 table completed_valid t=0.3s
[     53s] main 30b c27 ic_m3 random_sub_r2 table completed_valid t=0.2s
[     53s] main 30b c27 ic_m3 known_null_sub table completed_valid t=0.2s
[     53s] main 30b c27 ic_m3 random_dick_r0 table completed_valid t=0.2s
[     53s] main 30b c27 ic_m3 random_dick_r1 table completed_valid t=0.2s
[     53s] main 30b c27 ic_m3 random_dick_r2 table completed_valid t=0.3s
[     53s] main 30b c27 ic_m3 known_null_dick table completed_valid t=0.2s
[     53s] main 30b c27 ic_m3 planted_sub table completed_valid t=0.3s
[     56s] main 30b c28 ic_m3 subgroup table completed_valid t=0.3s
[     56s] main 30b c28 ic_m3 dickson table completed_valid t=0.3s
[     56s] main 30b c28 ic_m3 small_x table completed_valid t=0.2s
[     56s] main 30b c28 ic_m3 random_sub_r0 table completed_valid t=0.2s
[     56s] main 30b c28 ic_m3 random_sub_r1 table completed_valid t=0.2s
[     56s] main 30b c28 ic_m3 random_sub_r2 table completed_valid t=0.2s
[     56s] main 30b c28 ic_m3 known_null_sub table completed_valid t=0.2s
[     56s] main 30b c28 ic_m3 random_dick_r0 table completed_valid t=0.3s
[     56s] main 30b c28 ic_m3 random_dick_r1 table completed_valid t=0.3s
[     56s] main 30b c28 ic_m3 random_dick_r2 table completed_valid t=0.2s
[     56s] main 30b c28 ic_m3 known_null_dick table completed_valid t=0.3s
[     56s] main 30b c28 ic_m3 planted_sub table completed_valid t=0.2s
[     61s] main 30b c29 ic_m3 subgroup table completed_valid t=0.3s
[     61s] main 30b c29 ic_m3 dickson table completed_valid t=0.3s
[     61s] main 30b c29 ic_m3 small_x table completed_valid t=0.3s
[     61s] main 30b c29 ic_m3 random_sub_r0 table completed_valid t=0.3s
[     61s] main 30b c29 ic_m3 random_sub_r1 table completed_valid t=0.3s
[     61s] main 30b c29 ic_m3 random_sub_r2 table completed_valid t=0.3s
[     61s] main 30b c29 ic_m3 known_null_sub table completed_valid t=0.3s
[     61s] main 30b c29 ic_m3 random_dick_r0 table completed_valid t=0.3s
[     61s] main 30b c29 ic_m3 random_dick_r1 table completed_valid t=0.3s
[     61s] main 30b c29 ic_m3 random_dick_r2 table completed_valid t=0.3s
[     61s] main 30b c29 ic_m3 known_null_dick table completed_valid t=0.3s
[     61s] main 30b c29 ic_m3 planted_sub table completed_valid t=0.3s
[     65s] main 30b c30 ic_m3 subgroup table completed_valid t=0.3s
[     65s] main 30b c30 ic_m3 dickson table completed_valid t=0.6s
[     65s] main 30b c30 ic_m3 small_x table completed_valid t=0.3s
[     65s] main 30b c30 ic_m3 random_sub_r0 table completed_valid t=0.3s
[     65s] main 30b c30 ic_m3 random_sub_r1 table completed_valid t=0.3s
[     65s] main 30b c30 ic_m3 random_sub_r2 table completed_valid t=0.3s
[     65s] main 30b c30 ic_m3 known_null_sub table completed_valid t=0.3s
[     65s] main 30b c30 ic_m3 random_dick_r0 table completed_valid t=0.3s
[     65s] main 30b c30 ic_m3 random_dick_r1 table completed_valid t=0.3s
[     65s] main 30b c30 ic_m3 random_dick_r2 table completed_valid t=0.3s
[     65s] main 30b c30 ic_m3 known_null_dick table completed_valid t=0.3s
[     65s] main 30b c30 ic_m3 planted_sub table completed_valid t=0.4s
[     68s] main 30b c31 ic_m3 subgroup table completed_valid t=0.2s
[     68s] main 30b c31 ic_m3 dickson table completed_valid t=0.2s
[     68s] main 30b c31 ic_m3 small_x table completed_valid t=0.2s
[     68s] main 30b c31 ic_m3 random_sub_r0 table completed_valid t=0.2s
[     68s] main 30b c31 ic_m3 random_sub_r1 table completed_valid t=0.2s
[     68s] main 30b c31 ic_m3 random_sub_r2 table completed_valid t=0.2s
[     68s] main 30b c31 ic_m3 known_null_sub table completed_valid t=0.2s
[     68s] main 30b c31 ic_m3 random_dick_r0 table completed_valid t=0.2s
[     68s] main 30b c31 ic_m3 random_dick_r1 table completed_valid t=0.2s
[     68s] main 30b c31 ic_m3 random_dick_r2 table completed_valid t=0.2s
[     68s] main 30b c31 ic_m3 known_null_dick table completed_valid t=0.2s
[     68s] main 30b c31 ic_m3 planted_sub table completed_valid t=0.2s
[     71s] main 30b c32 ic_m3 subgroup table completed_valid t=0.2s
[     71s] main 30b c32 ic_m3 dickson table completed_valid t=0.2s
[     71s] main 30b c32 ic_m3 small_x table completed_valid t=0.2s
[     71s] main 30b c32 ic_m3 random_sub_r0 table completed_valid t=0.2s
[     71s] main 30b c32 ic_m3 random_sub_r1 table completed_valid t=0.2s
[     71s] main 30b c32 ic_m3 random_sub_r2 table completed_valid t=0.2s
[     71s] main 30b c32 ic_m3 known_null_sub table completed_valid t=0.3s
[     71s] main 30b c32 ic_m3 random_dick_r0 table completed_valid t=0.2s
[     71s] main 30b c32 ic_m3 random_dick_r1 table completed_valid t=0.2s
[     71s] main 30b c32 ic_m3 random_dick_r2 table completed_valid t=0.2s
[     71s] main 30b c32 ic_m3 known_null_dick table completed_valid t=0.2s
[     71s] main 30b c32 ic_m3 planted_sub table completed_valid t=0.2s
[     74s] main 30b c33 ic_m3 subgroup table completed_valid t=0.3s
[     74s] main 30b c33 ic_m3 dickson table completed_valid t=0.3s
[     74s] main 30b c33 ic_m3 small_x table completed_valid t=0.2s
[     74s] main 30b c33 ic_m3 random_sub_r0 table completed_valid t=0.3s
[     74s] main 30b c33 ic_m3 random_sub_r1 table completed_valid t=0.2s
[     74s] main 30b c33 ic_m3 random_sub_r2 table completed_valid t=0.3s
[     74s] main 30b c33 ic_m3 known_null_sub table completed_valid t=0.3s
[     74s] main 30b c33 ic_m3 random_dick_r0 table completed_valid t=0.3s
[     74s] main 30b c33 ic_m3 random_dick_r1 table completed_valid t=0.3s
[     74s] main 30b c33 ic_m3 random_dick_r2 table completed_valid t=0.3s
[     74s] main 30b c33 ic_m3 known_null_dick table completed_valid t=0.3s
[     74s] main 30b c33 ic_m3 planted_sub table completed_valid t=0.3s
[     78s] main 30b c34 ic_m3 subgroup table completed_valid t=0.2s
[     78s] main 30b c34 ic_m3 dickson table completed_valid t=0.3s
[     78s] main 30b c34 ic_m3 small_x table completed_valid t=0.2s
[     78s] main 30b c34 ic_m3 random_sub_r0 table completed_valid t=0.2s
[     78s] main 30b c34 ic_m3 random_sub_r1 table completed_valid t=0.3s
[     78s] main 30b c34 ic_m3 random_sub_r2 table completed_valid t=0.3s
[     78s] main 30b c34 ic_m3 known_null_sub table completed_valid t=0.2s
[     78s] main 30b c34 ic_m3 random_dick_r0 table completed_valid t=0.2s
[     78s] main 30b c34 ic_m3 random_dick_r1 table completed_valid t=0.2s
[     78s] main 30b c34 ic_m3 random_dick_r2 table completed_valid t=0.3s
[     78s] main 30b c34 ic_m3 known_null_dick table completed_valid t=0.4s
[     78s] main 30b c34 ic_m3 planted_sub table completed_valid t=0.2s
[     82s] main 30b c35 ic_m3 subgroup table completed_valid t=0.3s
[     82s] main 30b c35 ic_m3 dickson table completed_valid t=0.2s
[     82s] main 30b c35 ic_m3 small_x table completed_valid t=0.3s
[     82s] main 30b c35 ic_m3 random_sub_r0 table completed_valid t=0.4s
[     82s] main 30b c35 ic_m3 random_sub_r1 table completed_valid t=0.3s
[     82s] main 30b c35 ic_m3 random_sub_r2 table completed_valid t=0.3s
[     82s] main 30b c35 ic_m3 known_null_sub table completed_valid t=0.3s
[     82s] main 30b c35 ic_m3 random_dick_r0 table completed_valid t=0.3s
[     82s] main 30b c35 ic_m3 random_dick_r1 table completed_valid t=0.3s
[     82s] main 30b c35 ic_m3 random_dick_r2 table completed_valid t=0.3s
[     82s] main 30b c35 ic_m3 known_null_dick table completed_valid t=0.3s
[     82s] main 30b c35 ic_m3 planted_sub table completed_valid t=0.3s
[     84s] main 30b c36 ic_m3 subgroup table completed_valid t=0.2s
[     84s] main 30b c36 ic_m3 dickson table completed_valid t=0.2s
[     84s] main 30b c36 ic_m3 small_x table completed_valid t=0.2s
[     84s] main 30b c36 ic_m3 random_sub_r0 table completed_valid t=0.2s
[     84s] main 30b c36 ic_m3 random_sub_r1 table completed_valid t=0.2s
[     84s] main 30b c36 ic_m3 random_sub_r2 table completed_valid t=0.2s
[     84s] main 30b c36 ic_m3 known_null_sub table completed_valid t=0.2s
[     84s] main 30b c36 ic_m3 random_dick_r0 table completed_valid t=0.2s
[     84s] main 30b c36 ic_m3 random_dick_r1 table completed_valid t=0.2s
[     84s] main 30b c36 ic_m3 random_dick_r2 table completed_valid t=0.2s
[     84s] main 30b c36 ic_m3 known_null_dick table completed_valid t=0.2s
[     84s] main 30b c36 ic_m3 planted_sub table completed_valid t=0.2s
[     87s] main 30b c37 ic_m3 subgroup table completed_valid t=0.2s
[     87s] main 30b c37 ic_m3 dickson table completed_valid t=0.2s
[     87s] main 30b c37 ic_m3 small_x table completed_valid t=0.2s
[     87s] main 30b c37 ic_m3 random_sub_r0 table completed_valid t=0.2s
[     87s] main 30b c37 ic_m3 random_sub_r1 table completed_valid t=0.2s
[     87s] main 30b c37 ic_m3 random_sub_r2 table completed_valid t=0.2s
[     87s] main 30b c37 ic_m3 known_null_sub table completed_valid t=0.2s
[     87s] main 30b c37 ic_m3 random_dick_r0 table completed_valid t=0.2s
[     87s] main 30b c37 ic_m3 random_dick_r1 table completed_valid t=0.2s
[     87s] main 30b c37 ic_m3 random_dick_r2 table completed_valid t=0.2s
[     87s] main 30b c37 ic_m3 known_null_dick table completed_valid t=0.2s
[     87s] main 30b c37 ic_m3 planted_sub table completed_valid t=0.2s
[     90s] main 30b c38 ic_m3 subgroup table completed_valid t=0.4s
[     90s] main 30b c38 ic_m3 dickson table completed_valid t=0.2s
[     90s] main 30b c38 ic_m3 small_x table completed_valid t=0.2s
[     90s] main 30b c38 ic_m3 random_sub_r0 table completed_valid t=0.2s
[     90s] main 30b c38 ic_m3 random_sub_r1 table completed_valid t=0.3s
[     90s] main 30b c38 ic_m3 random_sub_r2 table completed_valid t=0.2s
[     90s] main 30b c38 ic_m3 known_null_sub table completed_valid t=0.2s
[     90s] main 30b c38 ic_m3 random_dick_r0 table completed_valid t=0.2s
[     90s] main 30b c38 ic_m3 random_dick_r1 table completed_valid t=0.2s
[     90s] main 30b c38 ic_m3 random_dick_r2 table completed_valid t=0.2s
[     90s] main 30b c38 ic_m3 known_null_dick table completed_valid t=0.2s
[     90s] main 30b c38 ic_m3 planted_sub table completed_valid t=0.2s
[     94s] main 30b c39 ic_m3 subgroup table completed_valid t=0.4s
[     94s] main 30b c39 ic_m3 dickson table completed_valid t=0.2s
[     94s] main 30b c39 ic_m3 small_x table completed_valid t=0.3s
[     94s] main 30b c39 ic_m3 random_sub_r0 table completed_valid t=0.3s
[     94s] main 30b c39 ic_m3 random_sub_r1 table completed_valid t=0.3s
[     94s] main 30b c39 ic_m3 random_sub_r2 table completed_valid t=0.5s
[     94s] main 30b c39 ic_m3 known_null_sub table completed_valid t=0.5s
[     94s] main 30b c39 ic_m3 random_dick_r0 table completed_valid t=0.2s
[     94s] main 30b c39 ic_m3 random_dick_r1 table completed_valid t=0.2s
[     94s] main 30b c39 ic_m3 random_dick_r2 table completed_valid t=0.3s
[     94s] main 30b c39 ic_m3 known_null_dick table completed_valid t=0.3s
[     94s] main 30b c39 ic_m3 planted_sub table completed_valid t=0.3s
[     97s] main 30b c40 ic_m3 subgroup table completed_valid t=0.2s
[     97s] main 30b c40 ic_m3 dickson table completed_valid t=0.2s
[     97s] main 30b c40 ic_m3 small_x table completed_valid t=0.2s
[     97s] main 30b c40 ic_m3 random_sub_r0 table completed_valid t=0.2s
[     97s] main 30b c40 ic_m3 random_sub_r1 table completed_valid t=0.3s
[     97s] main 30b c40 ic_m3 random_sub_r2 table completed_valid t=0.2s
[     97s] main 30b c40 ic_m3 known_null_sub table completed_valid t=0.1s
[     97s] main 30b c40 ic_m3 random_dick_r0 table completed_valid t=0.2s
[     97s] main 30b c40 ic_m3 random_dick_r1 table completed_valid t=0.2s
[     97s] main 30b c40 ic_m3 random_dick_r2 table completed_valid t=0.2s
[     97s] main 30b c40 ic_m3 known_null_dick table completed_valid t=0.2s
[     97s] main 30b c40 ic_m3 planted_sub table completed_valid t=0.2s
[    100s] main 30b c41 ic_m3 subgroup table completed_valid t=0.2s
[    100s] main 30b c41 ic_m3 dickson table completed_valid t=0.3s
[    100s] main 30b c41 ic_m3 small_x table completed_valid t=0.4s
[    100s] main 30b c41 ic_m3 random_sub_r0 table completed_valid t=0.2s
[    100s] main 30b c41 ic_m3 random_sub_r1 table completed_valid t=0.2s
[    100s] main 30b c41 ic_m3 random_sub_r2 table completed_valid t=0.2s
[    100s] main 30b c41 ic_m3 known_null_sub table completed_valid t=0.3s
[    100s] main 30b c41 ic_m3 random_dick_r0 table completed_valid t=0.2s
[    100s] main 30b c41 ic_m3 random_dick_r1 table completed_valid t=0.2s
[    100s] main 30b c41 ic_m3 random_dick_r2 table completed_valid t=0.3s
[    100s] main 30b c41 ic_m3 known_null_dick table completed_valid t=0.2s
[    100s] main 30b c41 ic_m3 planted_sub table completed_valid t=0.2s
[    104s] main 30b c42 ic_m3 subgroup table completed_valid t=0.3s
[    104s] main 30b c42 ic_m3 dickson table completed_valid t=0.3s
[    104s] main 30b c42 ic_m3 small_x table completed_valid t=0.3s
[    104s] main 30b c42 ic_m3 random_sub_r0 table completed_valid t=0.3s
[    104s] main 30b c42 ic_m3 random_sub_r1 table completed_valid t=0.2s
[    104s] main 30b c42 ic_m3 random_sub_r2 table completed_valid t=0.2s
[    104s] main 30b c42 ic_m3 known_null_sub table completed_valid t=0.2s
[    104s] main 30b c42 ic_m3 random_dick_r0 table completed_valid t=0.3s
[    104s] main 30b c42 ic_m3 random_dick_r1 table completed_valid t=0.3s
[    104s] main 30b c42 ic_m3 random_dick_r2 table completed_valid t=0.3s
[    104s] main 30b c42 ic_m3 known_null_dick table completed_valid t=0.3s
[    104s] main 30b c42 ic_m3 planted_sub table completed_valid t=0.4s
[    107s] main 30b c43 ic_m3 subgroup table completed_valid t=0.3s
[    107s] main 30b c43 ic_m3 dickson table completed_valid t=0.2s
[    107s] main 30b c43 ic_m3 small_x table completed_valid t=0.1s
[    107s] main 30b c43 ic_m3 random_sub_r0 table completed_valid t=0.2s
[    107s] main 30b c43 ic_m3 random_sub_r1 table completed_valid t=0.2s
[    107s] main 30b c43 ic_m3 random_sub_r2 table completed_valid t=0.2s
[    107s] main 30b c43 ic_m3 known_null_sub table completed_valid t=0.4s
[    107s] main 30b c43 ic_m3 random_dick_r0 table completed_valid t=0.2s
[    107s] main 30b c43 ic_m3 random_dick_r1 table completed_valid t=0.2s
[    107s] main 30b c43 ic_m3 random_dick_r2 table completed_valid t=0.2s
[    107s] main 30b c43 ic_m3 known_null_dick table completed_valid t=0.2s
[    107s] main 30b c43 ic_m3 planted_sub table completed_valid t=0.2s
[    110s] main 30b c44 ic_m3 subgroup table completed_valid t=0.2s
[    110s] main 30b c44 ic_m3 dickson table completed_valid t=0.3s
[    110s] main 30b c44 ic_m3 small_x table completed_valid t=0.2s
[    110s] main 30b c44 ic_m3 random_sub_r0 table completed_valid t=0.2s
[    110s] main 30b c44 ic_m3 random_sub_r1 table completed_valid t=0.2s
[    110s] main 30b c44 ic_m3 random_sub_r2 table completed_valid t=0.2s
[    110s] main 30b c44 ic_m3 known_null_sub table completed_valid t=0.3s
[    110s] main 30b c44 ic_m3 random_dick_r0 table completed_valid t=0.2s
[    110s] main 30b c44 ic_m3 random_dick_r1 table completed_valid t=0.3s
[    110s] main 30b c44 ic_m3 random_dick_r2 table completed_valid t=0.2s
[    110s] main 30b c44 ic_m3 known_null_dick table completed_valid t=0.3s
[    110s] main 30b c44 ic_m3 planted_sub table completed_valid t=0.4s
[    115s] main 30b c45 ic_m3 subgroup table completed_valid t=0.3s
[    115s] main 30b c45 ic_m3 dickson table completed_valid t=0.3s
[    115s] main 30b c45 ic_m3 small_x table completed_valid t=0.4s
[    115s] main 30b c45 ic_m3 random_sub_r0 table completed_valid t=0.3s
[    115s] main 30b c45 ic_m3 random_sub_r1 table completed_valid t=0.3s
[    115s] main 30b c45 ic_m3 random_sub_r2 table completed_valid t=0.3s
[    115s] main 30b c45 ic_m3 known_null_sub table completed_valid t=0.3s
[    115s] main 30b c45 ic_m3 random_dick_r0 table completed_valid t=0.4s
[    115s] main 30b c45 ic_m3 random_dick_r1 table completed_valid t=0.3s
[    115s] main 30b c45 ic_m3 random_dick_r2 table completed_valid t=0.3s
[    115s] main 30b c45 ic_m3 known_null_dick table completed_valid t=0.3s
[    115s] main 30b c45 ic_m3 planted_sub table completed_valid t=0.5s
[    118s] main 30b c46 ic_m3 subgroup table completed_valid t=0.2s
[    118s] main 30b c46 ic_m3 dickson table completed_valid t=0.2s
[    118s] main 30b c46 ic_m3 small_x table completed_valid t=0.2s
[    118s] main 30b c46 ic_m3 random_sub_r0 table completed_valid t=0.2s
[    118s] main 30b c46 ic_m3 random_sub_r1 table completed_valid t=0.2s
[    118s] main 30b c46 ic_m3 random_sub_r2 table completed_valid t=0.3s
[    118s] main 30b c46 ic_m3 known_null_sub table completed_valid t=0.2s
[    118s] main 30b c46 ic_m3 random_dick_r0 table completed_valid t=0.2s
[    118s] main 30b c46 ic_m3 random_dick_r1 table completed_valid t=0.2s
[    118s] main 30b c46 ic_m3 random_dick_r2 table completed_valid t=0.3s
[    118s] main 30b c46 ic_m3 known_null_dick table completed_valid t=0.3s
[    118s] main 30b c46 ic_m3 planted_sub table completed_valid t=0.2s
[    121s] main 30b c47 ic_m3 subgroup table completed_valid t=0.2s
[    121s] main 30b c47 ic_m3 dickson table completed_valid t=0.2s
[    121s] main 30b c47 ic_m3 small_x table completed_valid t=0.2s
[    121s] main 30b c47 ic_m3 random_sub_r0 table completed_valid t=0.2s
[    121s] main 30b c47 ic_m3 random_sub_r1 table completed_valid t=0.2s
[    121s] main 30b c47 ic_m3 random_sub_r2 table completed_valid t=0.2s
[    121s] main 30b c47 ic_m3 known_null_sub table completed_valid t=0.2s
[    121s] main 30b c47 ic_m3 random_dick_r0 table completed_valid t=0.2s
[    121s] main 30b c47 ic_m3 random_dick_r1 table completed_valid t=0.2s
[    121s] main 30b c47 ic_m3 random_dick_r2 table completed_valid t=0.2s
[    121s] main 30b c47 ic_m3 known_null_dick table completed_valid t=0.3s
[    121s] main 30b c47 ic_m3 planted_sub table completed_valid t=0.4s
[    125s] main 30b c48 ic_m3 subgroup table completed_valid t=0.5s
[    125s] main 30b c48 ic_m3 dickson table completed_valid t=0.3s
[    125s] main 30b c48 ic_m3 small_x table completed_valid t=0.3s
[    125s] main 30b c48 ic_m3 random_sub_r0 table completed_valid t=0.4s
[    125s] main 30b c48 ic_m3 random_sub_r1 table completed_valid t=0.3s
[    125s] main 30b c48 ic_m3 random_sub_r2 table completed_valid t=0.2s
[    125s] main 30b c48 ic_m3 known_null_sub table completed_valid t=0.3s
[    125s] main 30b c48 ic_m3 random_dick_r0 table completed_valid t=0.3s
[    125s] main 30b c48 ic_m3 random_dick_r1 table completed_valid t=0.3s
[    125s] main 30b c48 ic_m3 random_dick_r2 table completed_valid t=0.3s
[    125s] main 30b c48 ic_m3 known_null_dick table completed_valid t=0.3s
[    125s] main 30b c48 ic_m3 planted_sub table completed_valid t=0.3s
[    129s] main 30b c49 ic_m3 subgroup table completed_valid t=0.4s
[    129s] main 30b c49 ic_m3 dickson table completed_valid t=0.3s
[    129s] main 30b c49 ic_m3 small_x table completed_valid t=0.3s
[    129s] main 30b c49 ic_m3 random_sub_r0 table completed_valid t=0.3s
[    129s] main 30b c49 ic_m3 random_sub_r1 table completed_valid t=0.3s
[    129s] main 30b c49 ic_m3 random_sub_r2 table completed_valid t=0.4s
[    129s] main 30b c49 ic_m3 known_null_sub table completed_valid t=0.3s
[    129s] main 30b c49 ic_m3 random_dick_r0 table completed_valid t=0.5s
[    129s] main 30b c49 ic_m3 random_dick_r1 table completed_valid t=0.3s
[    129s] main 30b c49 ic_m3 random_dick_r2 table completed_valid t=0.3s
[    129s] main 30b c49 ic_m3 known_null_dick table completed_valid t=0.3s
[    129s] main 30b c49 ic_m3 planted_sub table completed_valid t=0.3s
[    132s] main 30b c50 ic_m3 subgroup table completed_valid t=0.2s
[    132s] main 30b c50 ic_m3 dickson table completed_valid t=0.2s
[    132s] main 30b c50 ic_m3 small_x table completed_valid t=0.2s
[    132s] main 30b c50 ic_m3 random_sub_r0 table completed_valid t=0.2s
[    132s] main 30b c50 ic_m3 random_sub_r1 table completed_valid t=0.2s
[    132s] main 30b c50 ic_m3 random_sub_r2 table completed_valid t=0.2s
[    132s] main 30b c50 ic_m3 known_null_sub table completed_valid t=0.2s
[    132s] main 30b c50 ic_m3 random_dick_r0 table completed_valid t=0.2s
[    132s] main 30b c50 ic_m3 random_dick_r1 table completed_valid t=0.2s
[    132s] main 30b c50 ic_m3 random_dick_r2 table completed_valid t=0.2s
[    132s] main 30b c50 ic_m3 known_null_dick table completed_valid t=0.2s
[    132s] main 30b c50 ic_m3 planted_sub table completed_valid t=0.2s
[    134s] main 30b c51 ic_m3 subgroup table completed_valid t=0.1s
[    134s] main 30b c51 ic_m3 dickson table completed_valid t=0.1s
[    134s] main 30b c51 ic_m3 small_x table completed_valid t=0.2s
[    134s] main 30b c51 ic_m3 random_sub_r0 table completed_valid t=0.1s
[    134s] main 30b c51 ic_m3 random_sub_r1 table completed_valid t=0.2s
[    134s] main 30b c51 ic_m3 random_sub_r2 table completed_valid t=0.1s
[    134s] main 30b c51 ic_m3 known_null_sub table completed_valid t=0.1s
[    134s] main 30b c51 ic_m3 random_dick_r0 table completed_valid t=0.2s
[    134s] main 30b c51 ic_m3 random_dick_r1 table completed_valid t=0.1s
[    134s] main 30b c51 ic_m3 random_dick_r2 table completed_valid t=0.2s
[    134s] main 30b c51 ic_m3 known_null_dick table completed_valid t=0.1s
[    134s] main 30b c51 ic_m3 planted_sub table completed_valid t=0.2s
[    137s] main 30b c52 ic_m3 subgroup table completed_valid t=0.3s
[    137s] main 30b c52 ic_m3 dickson table completed_valid t=0.2s
[    137s] main 30b c52 ic_m3 small_x table completed_valid t=0.2s
[    137s] main 30b c52 ic_m3 random_sub_r0 table completed_valid t=0.3s
[    137s] main 30b c52 ic_m3 random_sub_r1 table completed_valid t=0.3s
[    137s] main 30b c52 ic_m3 random_sub_r2 table completed_valid t=0.3s
[    137s] main 30b c52 ic_m3 known_null_sub table completed_valid t=0.3s
[    137s] main 30b c52 ic_m3 random_dick_r0 table completed_valid t=0.2s
[    137s] main 30b c52 ic_m3 random_dick_r1 table completed_valid t=0.3s
[    137s] main 30b c52 ic_m3 random_dick_r2 table completed_valid t=0.2s
[    137s] main 30b c52 ic_m3 known_null_dick table completed_valid t=0.3s
[    137s] main 30b c52 ic_m3 planted_sub table completed_valid t=0.3s
[    140s] main 30b c53 ic_m3 subgroup table completed_valid t=0.2s
[    140s] main 30b c53 ic_m3 dickson table completed_valid t=0.2s
[    140s] main 30b c53 ic_m3 small_x table completed_valid t=0.2s
[    140s] main 30b c53 ic_m3 random_sub_r0 table completed_valid t=0.2s
[    140s] main 30b c53 ic_m3 random_sub_r1 table completed_valid t=0.2s
[    140s] main 30b c53 ic_m3 random_sub_r2 table completed_valid t=0.3s
[    140s] main 30b c53 ic_m3 known_null_sub table completed_valid t=0.2s
[    140s] main 30b c53 ic_m3 random_dick_r0 table completed_valid t=0.2s
[    140s] main 30b c53 ic_m3 random_dick_r1 table completed_valid t=0.3s
[    140s] main 30b c53 ic_m3 random_dick_r2 table completed_valid t=0.2s
[    140s] main 30b c53 ic_m3 known_null_dick table completed_valid t=0.2s
[    140s] main 30b c53 ic_m3 planted_sub table completed_valid t=0.3s
[    143s] main 30b c54 ic_m3 subgroup table completed_valid t=0.2s
[    143s] main 30b c54 ic_m3 dickson table completed_valid t=0.2s
[    143s] main 30b c54 ic_m3 small_x table completed_valid t=0.2s
[    143s] main 30b c54 ic_m3 random_sub_r0 table completed_valid t=0.2s
[    143s] main 30b c54 ic_m3 random_sub_r1 table completed_valid t=0.2s
[    143s] main 30b c54 ic_m3 random_sub_r2 table completed_valid t=0.2s
[    143s] main 30b c54 ic_m3 known_null_sub table completed_valid t=0.2s
[    143s] main 30b c54 ic_m3 random_dick_r0 table completed_valid t=0.2s
[    143s] main 30b c54 ic_m3 random_dick_r1 table completed_valid t=0.2s
[    143s] main 30b c54 ic_m3 random_dick_r2 table completed_valid t=0.3s
[    143s] main 30b c54 ic_m3 known_null_dick table completed_valid t=0.3s
[    143s] main 30b c54 ic_m3 planted_sub table completed_valid t=0.2s
[    146s] main 30b c55 ic_m3 subgroup table completed_valid t=0.2s
[    146s] main 30b c55 ic_m3 dickson table completed_valid t=0.2s
[    146s] main 30b c55 ic_m3 small_x table completed_valid t=0.2s
[    146s] main 30b c55 ic_m3 random_sub_r0 table completed_valid t=0.3s
[    146s] main 30b c55 ic_m3 random_sub_r1 table completed_valid t=0.2s
[    146s] main 30b c55 ic_m3 random_sub_r2 table completed_valid t=0.2s
[    146s] main 30b c55 ic_m3 known_null_sub table completed_valid t=0.2s
[    146s] main 30b c55 ic_m3 random_dick_r0 table completed_valid t=0.2s
[    146s] main 30b c55 ic_m3 random_dick_r1 table completed_valid t=0.2s
[    146s] main 30b c55 ic_m3 random_dick_r2 table completed_valid t=0.2s
[    146s] main 30b c55 ic_m3 known_null_dick table completed_valid t=0.2s
[    146s] main 30b c55 ic_m3 planted_sub table completed_valid t=0.2s
[    150s] main 30b c56 ic_m3 subgroup table completed_valid t=0.3s
[    150s] main 30b c56 ic_m3 dickson table completed_valid t=0.3s
[    150s] main 30b c56 ic_m3 small_x table completed_valid t=0.3s
[    150s] main 30b c56 ic_m3 random_sub_r0 table completed_valid t=0.3s
[    150s] main 30b c56 ic_m3 random_sub_r1 table completed_valid t=0.3s
[    150s] main 30b c56 ic_m3 random_sub_r2 table completed_valid t=0.3s
[    150s] main 30b c56 ic_m3 known_null_sub table completed_valid t=0.3s
[    150s] main 30b c56 ic_m3 random_dick_r0 table completed_valid t=0.2s
[    150s] main 30b c56 ic_m3 random_dick_r1 table completed_valid t=0.3s
[    150s] main 30b c56 ic_m3 random_dick_r2 table completed_valid t=0.2s
[    150s] main 30b c56 ic_m3 known_null_dick table completed_valid t=0.2s
[    150s] main 30b c56 ic_m3 planted_sub table completed_valid t=0.3s
[    153s] main 30b c57 ic_m3 subgroup table completed_valid t=0.2s
[    153s] main 30b c57 ic_m3 dickson table completed_valid t=0.2s
[    153s] main 30b c57 ic_m3 small_x table completed_valid t=0.2s
[    153s] main 30b c57 ic_m3 random_sub_r0 table completed_valid t=0.2s
[    153s] main 30b c57 ic_m3 random_sub_r1 table completed_valid t=0.2s
[    153s] main 30b c57 ic_m3 random_sub_r2 table completed_valid t=0.2s
[    153s] main 30b c57 ic_m3 known_null_sub table completed_valid t=0.2s
[    153s] main 30b c57 ic_m3 random_dick_r0 table completed_valid t=0.2s
[    153s] main 30b c57 ic_m3 random_dick_r1 table completed_valid t=0.2s
[    153s] main 30b c57 ic_m3 random_dick_r2 table completed_valid t=0.2s
[    153s] main 30b c57 ic_m3 known_null_dick table completed_valid t=0.2s
[    153s] main 30b c57 ic_m3 planted_sub table completed_valid t=0.2s
[    156s] main 30b c58 ic_m3 subgroup table completed_valid t=0.3s
[    156s] main 30b c58 ic_m3 dickson table completed_valid t=0.3s
[    156s] main 30b c58 ic_m3 small_x table completed_valid t=0.2s
[    156s] main 30b c58 ic_m3 random_sub_r0 table completed_valid t=0.3s
[    156s] main 30b c58 ic_m3 random_sub_r1 table completed_valid t=0.2s
[    156s] main 30b c58 ic_m3 random_sub_r2 table completed_valid t=0.3s
[    156s] main 30b c58 ic_m3 known_null_sub table completed_valid t=0.2s
[    156s] main 30b c58 ic_m3 random_dick_r0 table completed_valid t=0.2s
[    156s] main 30b c58 ic_m3 random_dick_r1 table completed_valid t=0.2s
[    156s] main 30b c58 ic_m3 random_dick_r2 table completed_valid t=0.3s
[    156s] main 30b c58 ic_m3 known_null_dick table completed_valid t=0.3s
[    156s] main 30b c58 ic_m3 planted_sub table completed_valid t=0.3s
[    160s] main 30b c59 ic_m3 subgroup table completed_valid t=0.3s
[    160s] main 30b c59 ic_m3 dickson table completed_valid t=0.3s
[    160s] main 30b c59 ic_m3 small_x table completed_valid t=0.2s
[    160s] main 30b c59 ic_m3 random_sub_r0 table completed_valid t=0.3s
[    160s] main 30b c59 ic_m3 random_sub_r1 table completed_valid t=0.3s
[    160s] main 30b c59 ic_m3 random_sub_r2 table completed_valid t=0.3s
[    160s] main 30b c59 ic_m3 known_null_sub table completed_valid t=0.2s
[    160s] main 30b c59 ic_m3 random_dick_r0 table completed_valid t=0.3s
[    160s] main 30b c59 ic_m3 random_dick_r1 table completed_valid t=0.3s
[    160s] main 30b c59 ic_m3 random_dick_r2 table completed_valid t=0.2s
[    160s] main 30b c59 ic_m3 known_null_dick table completed_valid t=0.2s
[    160s] main 30b c59 ic_m3 planted_sub table completed_valid t=0.3s
[    162s] main 30b c60 ic_m3 subgroup table completed_valid t=0.2s
[    162s] main 30b c60 ic_m3 dickson table completed_valid t=0.2s
[    162s] main 30b c60 ic_m3 small_x table completed_valid t=0.2s
[    162s] main 30b c60 ic_m3 random_sub_r0 table completed_valid t=0.2s
[    162s] main 30b c60 ic_m3 random_sub_r1 table completed_valid t=0.2s
[    162s] main 30b c60 ic_m3 random_sub_r2 table completed_valid t=0.2s
[    162s] main 30b c60 ic_m3 known_null_sub table completed_valid t=0.2s
[    162s] main 30b c60 ic_m3 random_dick_r0 table completed_valid t=0.2s
[    162s] main 30b c60 ic_m3 random_dick_r1 table completed_valid t=0.2s
[    162s] main 30b c60 ic_m3 random_dick_r2 table completed_valid t=0.2s
[    162s] main 30b c60 ic_m3 known_null_dick table completed_valid t=0.2s
[    162s] main 30b c60 ic_m3 planted_sub table completed_valid t=0.2s
[    165s] main 30b c61 ic_m3 subgroup table completed_valid t=0.2s
[    165s] main 30b c61 ic_m3 dickson table completed_valid t=0.2s
[    165s] main 30b c61 ic_m3 small_x table completed_valid t=0.2s
[    165s] main 30b c61 ic_m3 random_sub_r0 table completed_valid t=0.2s
[    165s] main 30b c61 ic_m3 random_sub_r1 table completed_valid t=0.2s
[    165s] main 30b c61 ic_m3 random_sub_r2 table completed_valid t=0.3s
[    165s] main 30b c61 ic_m3 known_null_sub table completed_valid t=0.3s
[    165s] main 30b c61 ic_m3 random_dick_r0 table completed_valid t=0.2s
[    165s] main 30b c61 ic_m3 random_dick_r1 table completed_valid t=0.2s
[    165s] main 30b c61 ic_m3 random_dick_r2 table completed_valid t=0.2s
[    165s] main 30b c61 ic_m3 known_null_dick table completed_valid t=0.2s
[    165s] main 30b c61 ic_m3 planted_sub table completed_valid t=0.2s
[    168s] main 30b c62 ic_m3 subgroup table completed_valid t=0.2s
[    168s] main 30b c62 ic_m3 dickson table completed_valid t=0.2s
[    168s] main 30b c62 ic_m3 small_x table completed_valid t=0.2s
[    168s] main 30b c62 ic_m3 random_sub_r0 table completed_valid t=0.2s
[    168s] main 30b c62 ic_m3 random_sub_r1 table completed_valid t=0.2s
[    168s] main 30b c62 ic_m3 random_sub_r2 table completed_valid t=0.2s
[    168s] main 30b c62 ic_m3 known_null_sub table completed_valid t=0.2s
[    168s] main 30b c62 ic_m3 random_dick_r0 table completed_valid t=0.2s
[    168s] main 30b c62 ic_m3 random_dick_r1 table completed_valid t=0.3s
[    168s] main 30b c62 ic_m3 random_dick_r2 table completed_valid t=0.2s
[    168s] main 30b c62 ic_m3 known_null_dick table completed_valid t=0.2s
[    168s] main 30b c62 ic_m3 planted_sub table completed_valid t=0.3s
[    170s] main 30b c63 ic_m3 subgroup table completed_valid t=0.2s
[    170s] main 30b c63 ic_m3 dickson table completed_valid t=0.2s
[    170s] main 30b c63 ic_m3 small_x table completed_valid t=0.2s
[    170s] main 30b c63 ic_m3 random_sub_r0 table completed_valid t=0.2s
[    170s] main 30b c63 ic_m3 random_sub_r1 table completed_valid t=0.2s
[    170s] main 30b c63 ic_m3 random_sub_r2 table completed_valid t=0.2s
[    170s] main 30b c63 ic_m3 known_null_sub table completed_valid t=0.2s
[    170s] main 30b c63 ic_m3 random_dick_r0 table completed_valid t=0.2s
[    170s] main 30b c63 ic_m3 random_dick_r1 table completed_valid t=0.2s
[    170s] main 30b c63 ic_m3 random_dick_r2 table completed_valid t=0.2s
[    170s] main 30b c63 ic_m3 known_null_dick table completed_valid t=0.2s
[    170s] main 30b c63 ic_m3 planted_sub table completed_valid t=0.3s
[    174s] main 30b c64 ic_m3 subgroup table completed_valid t=0.2s
[    174s] main 30b c64 ic_m3 dickson table completed_valid t=0.3s
[    174s] main 30b c64 ic_m3 small_x table completed_valid t=0.3s
[    174s] main 30b c64 ic_m3 random_sub_r0 table completed_valid t=0.2s
[    174s] main 30b c64 ic_m3 random_sub_r1 table completed_valid t=0.2s
[    174s] main 30b c64 ic_m3 random_sub_r2 table completed_valid t=0.2s
[    174s] main 30b c64 ic_m3 known_null_sub table completed_valid t=0.3s
[    174s] main 30b c64 ic_m3 random_dick_r0 table completed_valid t=0.4s
[    174s] main 30b c64 ic_m3 random_dick_r1 table completed_valid t=0.3s
[    174s] main 30b c64 ic_m3 random_dick_r2 table completed_valid t=0.2s
[    174s] main 30b c64 ic_m3 known_null_dick table completed_valid t=0.2s
[    174s] main 30b c64 ic_m3 planted_sub table completed_valid t=0.2s
[    176s] main 30b c65 ic_m3 subgroup table completed_valid t=0.2s
[    176s] main 30b c65 ic_m3 dickson table completed_valid t=0.2s
[    176s] main 30b c65 ic_m3 small_x table completed_valid t=0.2s
[    176s] main 30b c65 ic_m3 random_sub_r0 table completed_valid t=0.2s
[    176s] main 30b c65 ic_m3 random_sub_r1 table completed_valid t=0.2s
[    176s] main 30b c65 ic_m3 random_sub_r2 table completed_valid t=0.2s
[    176s] main 30b c65 ic_m3 known_null_sub table completed_valid t=0.2s
[    176s] main 30b c65 ic_m3 random_dick_r0 table completed_valid t=0.2s
[    176s] main 30b c65 ic_m3 random_dick_r1 table completed_valid t=0.2s
[    176s] main 30b c65 ic_m3 random_dick_r2 table completed_valid t=0.2s
[    176s] main 30b c65 ic_m3 known_null_dick table completed_valid t=0.2s
[    176s] main 30b c65 ic_m3 planted_sub table completed_valid t=0.3s
[    179s] main 30b c66 ic_m3 subgroup table completed_valid t=0.2s
[    179s] main 30b c66 ic_m3 dickson table completed_valid t=0.2s
[    179s] main 30b c66 ic_m3 small_x table completed_valid t=0.2s
[    179s] main 30b c66 ic_m3 random_sub_r0 table completed_valid t=0.2s
[    179s] main 30b c66 ic_m3 random_sub_r1 table completed_valid t=0.2s
[    179s] main 30b c66 ic_m3 random_sub_r2 table completed_valid t=0.2s
[    179s] main 30b c66 ic_m3 known_null_sub table completed_valid t=0.2s
[    179s] main 30b c66 ic_m3 random_dick_r0 table completed_valid t=0.2s
[    179s] main 30b c66 ic_m3 random_dick_r1 table completed_valid t=0.2s
[    179s] main 30b c66 ic_m3 random_dick_r2 table completed_valid t=0.2s
[    179s] main 30b c66 ic_m3 known_null_dick table completed_valid t=0.2s
[    179s] main 30b c66 ic_m3 planted_sub table completed_valid t=0.2s
[    182s] main 30b c67 ic_m3 subgroup table completed_valid t=0.2s
[    182s] main 30b c67 ic_m3 dickson table completed_valid t=0.2s
[    182s] main 30b c67 ic_m3 small_x table completed_valid t=0.2s
[    182s] main 30b c67 ic_m3 random_sub_r0 table completed_valid t=0.2s
[    182s] main 30b c67 ic_m3 random_sub_r1 table completed_valid t=0.2s
[    182s] main 30b c67 ic_m3 random_sub_r2 table completed_valid t=0.2s
[    182s] main 30b c67 ic_m3 known_null_sub table completed_valid t=0.2s
[    182s] main 30b c67 ic_m3 random_dick_r0 table completed_valid t=0.3s
[    182s] main 30b c67 ic_m3 random_dick_r1 table completed_valid t=0.2s
[    182s] main 30b c67 ic_m3 random_dick_r2 table completed_valid t=0.2s
[    182s] main 30b c67 ic_m3 known_null_dick table completed_valid t=0.2s
[    182s] main 30b c67 ic_m3 planted_sub table completed_valid t=0.2s
[    185s] main 30b c68 ic_m3 subgroup table completed_valid t=0.3s
[    185s] main 30b c68 ic_m3 dickson table completed_valid t=0.2s
[    185s] main 30b c68 ic_m3 small_x table completed_valid t=0.2s
[    185s] main 30b c68 ic_m3 random_sub_r0 table completed_valid t=0.3s
[    185s] main 30b c68 ic_m3 random_sub_r1 table completed_valid t=0.2s
[    185s] main 30b c68 ic_m3 random_sub_r2 table completed_valid t=0.2s
[    185s] main 30b c68 ic_m3 known_null_sub table completed_valid t=0.2s
[    185s] main 30b c68 ic_m3 random_dick_r0 table completed_valid t=0.2s
[    185s] main 30b c68 ic_m3 random_dick_r1 table completed_valid t=0.2s
[    185s] main 30b c68 ic_m3 random_dick_r2 table completed_valid t=0.2s
[    185s] main 30b c68 ic_m3 known_null_dick table completed_valid t=0.2s
[    185s] main 30b c68 ic_m3 planted_sub table completed_valid t=0.2s
[    188s] main 30b c69 ic_m3 subgroup table completed_valid t=0.2s
[    188s] main 30b c69 ic_m3 dickson table completed_valid t=0.2s
[    188s] main 30b c69 ic_m3 small_x table completed_valid t=0.2s
[    188s] main 30b c69 ic_m3 random_sub_r0 table completed_valid t=0.2s
[    188s] main 30b c69 ic_m3 random_sub_r1 table completed_valid t=0.2s
[    188s] main 30b c69 ic_m3 random_sub_r2 table completed_valid t=0.2s
[    188s] main 30b c69 ic_m3 known_null_sub table completed_valid t=0.3s
[    188s] main 30b c69 ic_m3 random_dick_r0 table completed_valid t=0.2s
[    188s] main 30b c69 ic_m3 random_dick_r1 table completed_valid t=0.2s
[    188s] main 30b c69 ic_m3 random_dick_r2 table completed_valid t=0.2s
[    188s] main 30b c69 ic_m3 known_null_dick table completed_valid t=0.3s
[    188s] main 30b c69 ic_m3 planted_sub table completed_valid t=0.3s
[    190s] main 30b c70 ic_m3 subgroup table completed_valid t=0.2s
[    190s] main 30b c70 ic_m3 dickson table completed_valid t=0.2s
[    190s] main 30b c70 ic_m3 small_x table completed_valid t=0.1s
[    190s] main 30b c70 ic_m3 random_sub_r0 table completed_valid t=0.2s
[    190s] main 30b c70 ic_m3 random_sub_r1 table completed_valid t=0.2s
[    190s] main 30b c70 ic_m3 random_sub_r2 table completed_valid t=0.2s
[    190s] main 30b c70 ic_m3 known_null_sub table completed_valid t=0.2s
[    190s] main 30b c70 ic_m3 random_dick_r0 table completed_valid t=0.2s
[    190s] main 30b c70 ic_m3 random_dick_r1 table completed_valid t=0.2s
[    190s] main 30b c70 ic_m3 random_dick_r2 table completed_valid t=0.2s
[    190s] main 30b c70 ic_m3 known_null_dick table completed_valid t=0.2s
[    190s] main 30b c70 ic_m3 planted_sub table completed_valid t=0.2s
[    193s] main 30b c71 ic_m3 subgroup table completed_valid t=0.3s
[    193s] main 30b c71 ic_m3 dickson table completed_valid t=0.2s
[    193s] main 30b c71 ic_m3 small_x table completed_valid t=0.2s
[    193s] main 30b c71 ic_m3 random_sub_r0 table completed_valid t=0.2s
[    193s] main 30b c71 ic_m3 random_sub_r1 table completed_valid t=0.2s
[    193s] main 30b c71 ic_m3 random_sub_r2 table completed_valid t=0.2s
[    193s] main 30b c71 ic_m3 known_null_sub table completed_valid t=0.2s
[    193s] main 30b c71 ic_m3 random_dick_r0 table completed_valid t=0.2s
[    193s] main 30b c71 ic_m3 random_dick_r1 table completed_valid t=0.2s
[    193s] main 30b c71 ic_m3 random_dick_r2 table completed_valid t=0.2s
[    193s] main 30b c71 ic_m3 known_null_dick table completed_valid t=0.2s
[    193s] main 30b c71 ic_m3 planted_sub table completed_valid t=0.2s
[    195s] main 30b c72 ic_m3 subgroup table completed_valid t=0.2s
[    195s] main 30b c72 ic_m3 dickson table completed_valid t=0.2s
[    195s] main 30b c72 ic_m3 small_x table completed_valid t=0.2s
[    195s] main 30b c72 ic_m3 random_sub_r0 table completed_valid t=0.2s
[    195s] main 30b c72 ic_m3 random_sub_r1 table completed_valid t=0.2s
[    195s] main 30b c72 ic_m3 random_sub_r2 table completed_valid t=0.2s
[    195s] main 30b c72 ic_m3 known_null_sub table completed_valid t=0.2s
[    195s] main 30b c72 ic_m3 random_dick_r0 table completed_valid t=0.2s
[    195s] main 30b c72 ic_m3 random_dick_r1 table completed_valid t=0.2s
[    195s] main 30b c72 ic_m3 random_dick_r2 table completed_valid t=0.3s
[    195s] main 30b c72 ic_m3 known_null_dick table completed_valid t=0.2s
[    195s] main 30b c72 ic_m3 planted_sub table completed_valid t=0.2s
[    199s] main 30b c73 ic_m3 subgroup table completed_valid t=0.2s
[    199s] main 30b c73 ic_m3 dickson table completed_valid t=0.3s
[    199s] main 30b c73 ic_m3 small_x table completed_valid t=0.2s
[    199s] main 30b c73 ic_m3 random_sub_r0 table completed_valid t=0.2s
[    199s] main 30b c73 ic_m3 random_sub_r1 table completed_valid t=0.2s
[    199s] main 30b c73 ic_m3 random_sub_r2 table completed_valid t=0.2s
[    199s] main 30b c73 ic_m3 known_null_sub table completed_valid t=0.2s
[    199s] main 30b c73 ic_m3 random_dick_r0 table completed_valid t=0.3s
[    199s] main 30b c73 ic_m3 random_dick_r1 table completed_valid t=0.2s
[    199s] main 30b c73 ic_m3 random_dick_r2 table completed_valid t=0.2s
[    199s] main 30b c73 ic_m3 known_null_dick table completed_valid t=0.2s
[    199s] main 30b c73 ic_m3 planted_sub table completed_valid t=0.2s
[    202s] main 30b c74 ic_m3 subgroup table completed_valid t=0.3s
[    202s] main 30b c74 ic_m3 dickson table completed_valid t=0.3s
[    202s] main 30b c74 ic_m3 small_x table completed_valid t=0.2s
[    202s] main 30b c74 ic_m3 random_sub_r0 table completed_valid t=0.3s
[    202s] main 30b c74 ic_m3 random_sub_r1 table completed_valid t=0.3s
[    202s] main 30b c74 ic_m3 random_sub_r2 table completed_valid t=0.3s
[    202s] main 30b c74 ic_m3 known_null_sub table completed_valid t=0.2s
[    202s] main 30b c74 ic_m3 random_dick_r0 table completed_valid t=0.3s
[    202s] main 30b c74 ic_m3 random_dick_r1 table completed_valid t=0.3s
[    202s] main 30b c74 ic_m3 random_dick_r2 table completed_valid t=0.3s
[    202s] main 30b c74 ic_m3 known_null_dick table completed_valid t=0.3s
[    202s] main 30b c74 ic_m3 planted_sub table completed_valid t=0.3s
[    205s] main 30b c75 ic_m3 subgroup table completed_valid t=0.2s
[    205s] main 30b c75 ic_m3 dickson table completed_valid t=0.3s
[    205s] main 30b c75 ic_m3 small_x table completed_valid t=0.2s
[    205s] main 30b c75 ic_m3 random_sub_r0 table completed_valid t=0.2s
[    205s] main 30b c75 ic_m3 random_sub_r1 table completed_valid t=0.2s
[    205s] main 30b c75 ic_m3 random_sub_r2 table completed_valid t=0.2s
[    205s] main 30b c75 ic_m3 known_null_sub table completed_valid t=0.2s
[    205s] main 30b c75 ic_m3 random_dick_r0 table completed_valid t=0.3s
[    205s] main 30b c75 ic_m3 random_dick_r1 table completed_valid t=0.2s
[    205s] main 30b c75 ic_m3 random_dick_r2 table completed_valid t=0.2s
[    205s] main 30b c75 ic_m3 known_null_dick table completed_valid t=0.2s
[    205s] main 30b c75 ic_m3 planted_sub table completed_valid t=0.2s
[    208s] main 30b c76 ic_m3 subgroup table completed_valid t=0.2s
[    208s] main 30b c76 ic_m3 dickson table completed_valid t=0.2s
[    208s] main 30b c76 ic_m3 small_x table completed_valid t=0.1s
[    208s] main 30b c76 ic_m3 random_sub_r0 table completed_valid t=0.2s
[    208s] main 30b c76 ic_m3 random_sub_r1 table completed_valid t=0.2s
[    208s] main 30b c76 ic_m3 random_sub_r2 table completed_valid t=0.2s
[    208s] main 30b c76 ic_m3 known_null_sub table completed_valid t=0.2s
[    208s] main 30b c76 ic_m3 random_dick_r0 table completed_valid t=0.2s
[    208s] main 30b c76 ic_m3 random_dick_r1 table completed_valid t=0.2s
[    208s] main 30b c76 ic_m3 random_dick_r2 table completed_valid t=0.2s
[    208s] main 30b c76 ic_m3 known_null_dick table completed_valid t=0.2s
[    208s] main 30b c76 ic_m3 planted_sub table completed_valid t=0.2s
[    211s] main 30b c77 ic_m3 subgroup table completed_valid t=0.2s
[    211s] main 30b c77 ic_m3 dickson table completed_valid t=0.2s
[    211s] main 30b c77 ic_m3 small_x table completed_valid t=0.2s
[    211s] main 30b c77 ic_m3 random_sub_r0 table completed_valid t=0.3s
[    211s] main 30b c77 ic_m3 random_sub_r1 table completed_valid t=0.2s
[    211s] main 30b c77 ic_m3 random_sub_r2 table completed_valid t=0.2s
[    211s] main 30b c77 ic_m3 known_null_sub table completed_valid t=0.2s
[    211s] main 30b c77 ic_m3 random_dick_r0 table completed_valid t=0.2s
[    211s] main 30b c77 ic_m3 random_dick_r1 table completed_valid t=0.2s
[    211s] main 30b c77 ic_m3 random_dick_r2 table completed_valid t=0.2s
[    211s] main 30b c77 ic_m3 known_null_dick table completed_valid t=0.2s
[    211s] main 30b c77 ic_m3 planted_sub table completed_valid t=0.3s
[    214s] main 30b c78 ic_m3 subgroup table completed_valid t=0.3s
[    214s] main 30b c78 ic_m3 dickson table completed_valid t=0.3s
[    214s] main 30b c78 ic_m3 small_x table completed_valid t=0.2s
[    214s] main 30b c78 ic_m3 random_sub_r0 table completed_valid t=0.2s
[    214s] main 30b c78 ic_m3 random_sub_r1 table completed_valid t=0.3s
[    214s] main 30b c78 ic_m3 random_sub_r2 table completed_valid t=0.3s
[    214s] main 30b c78 ic_m3 known_null_sub table completed_valid t=0.3s
[    214s] main 30b c78 ic_m3 random_dick_r0 table completed_valid t=0.3s
[    214s] main 30b c78 ic_m3 random_dick_r1 table completed_valid t=0.3s
[    214s] main 30b c78 ic_m3 random_dick_r2 table completed_valid t=0.2s
[    214s] main 30b c78 ic_m3 known_null_dick table completed_valid t=0.2s
[    214s] main 30b c78 ic_m3 planted_sub table completed_valid t=0.3s
[    217s] main 30b c79 ic_m3 subgroup table completed_valid t=0.2s
[    217s] main 30b c79 ic_m3 dickson table completed_valid t=0.2s
[    217s] main 30b c79 ic_m3 small_x table completed_valid t=0.2s
[    217s] main 30b c79 ic_m3 random_sub_r0 table completed_valid t=0.2s
[    217s] main 30b c79 ic_m3 random_sub_r1 table completed_valid t=0.2s
[    217s] main 30b c79 ic_m3 random_sub_r2 table completed_valid t=0.2s
[    217s] main 30b c79 ic_m3 known_null_sub table completed_valid t=0.2s
[    217s] main 30b c79 ic_m3 random_dick_r0 table completed_valid t=0.2s
[    217s] main 30b c79 ic_m3 random_dick_r1 table completed_valid t=0.2s
[    217s] main 30b c79 ic_m3 random_dick_r2 table completed_valid t=0.2s
[    217s] main 30b c79 ic_m3 known_null_dick table completed_valid t=0.2s
[    217s] main 30b c79 ic_m3 planted_sub table completed_valid t=0.2s
[    220s] main 30b c80 ic_m3 subgroup table completed_valid t=0.2s
[    220s] main 30b c80 ic_m3 dickson table completed_valid t=0.2s
[    220s] main 30b c80 ic_m3 small_x table completed_valid t=0.3s
[    220s] main 30b c80 ic_m3 random_sub_r0 table completed_valid t=0.3s
[    220s] main 30b c80 ic_m3 random_sub_r1 table completed_valid t=0.3s
[    220s] main 30b c80 ic_m3 random_sub_r2 table completed_valid t=0.3s
[    220s] main 30b c80 ic_m3 known_null_sub table completed_valid t=0.2s
[    220s] main 30b c80 ic_m3 random_dick_r0 table completed_valid t=0.2s
[    220s] main 30b c80 ic_m3 random_dick_r1 table completed_valid t=0.3s
[    220s] main 30b c80 ic_m3 random_dick_r2 table completed_valid t=0.2s
[    220s] main 30b c80 ic_m3 known_null_dick table completed_valid t=0.2s
[    220s] main 30b c80 ic_m3 planted_sub table completed_valid t=0.2s
[    222s] main 30b c81 ic_m3 subgroup table completed_valid t=0.2s
[    222s] main 30b c81 ic_m3 dickson table completed_valid t=0.2s
[    222s] main 30b c81 ic_m3 small_x table completed_valid t=0.1s
[    222s] main 30b c81 ic_m3 random_sub_r0 table completed_valid t=0.2s
[    222s] main 30b c81 ic_m3 random_sub_r1 table completed_valid t=0.2s
[    222s] main 30b c81 ic_m3 random_sub_r2 table completed_valid t=0.2s
[    222s] main 30b c81 ic_m3 known_null_sub table completed_valid t=0.2s
[    222s] main 30b c81 ic_m3 random_dick_r0 table completed_valid t=0.2s
[    222s] main 30b c81 ic_m3 random_dick_r1 table completed_valid t=0.2s
[    222s] main 30b c81 ic_m3 random_dick_r2 table completed_valid t=0.2s
[    222s] main 30b c81 ic_m3 known_null_dick table completed_valid t=0.2s
[    222s] main 30b c81 ic_m3 planted_sub table completed_valid t=0.2s
[    225s] main 30b c82 ic_m3 subgroup table completed_valid t=0.2s
[    225s] main 30b c82 ic_m3 dickson table completed_valid t=0.2s
[    225s] main 30b c82 ic_m3 small_x table completed_valid t=0.1s
[    225s] main 30b c82 ic_m3 random_sub_r0 table completed_valid t=0.2s
[    225s] main 30b c82 ic_m3 random_sub_r1 table completed_valid t=0.2s
[    225s] main 30b c82 ic_m3 random_sub_r2 table completed_valid t=0.2s
[    225s] main 30b c82 ic_m3 known_null_sub table completed_valid t=0.2s
[    225s] main 30b c82 ic_m3 random_dick_r0 table completed_valid t=0.2s
[    225s] main 30b c82 ic_m3 random_dick_r1 table completed_valid t=0.2s
[    225s] main 30b c82 ic_m3 random_dick_r2 table completed_valid t=0.3s
[    225s] main 30b c82 ic_m3 known_null_dick table completed_valid t=0.2s
[    225s] main 30b c82 ic_m3 planted_sub table completed_valid t=0.2s
[    227s] main 30b c83 ic_m3 subgroup table completed_valid t=0.2s
[    227s] main 30b c83 ic_m3 dickson table completed_valid t=0.1s
[    227s] main 30b c83 ic_m3 small_x table completed_valid t=0.1s
[    227s] main 30b c83 ic_m3 random_sub_r0 table completed_valid t=0.2s
[    227s] main 30b c83 ic_m3 random_sub_r1 table completed_valid t=0.2s
[    227s] main 30b c83 ic_m3 random_sub_r2 table completed_valid t=0.1s
[    227s] main 30b c83 ic_m3 known_null_sub table completed_valid t=0.2s
[    227s] main 30b c83 ic_m3 random_dick_r0 table completed_valid t=0.2s
[    227s] main 30b c83 ic_m3 random_dick_r1 table completed_valid t=0.1s
[    227s] main 30b c83 ic_m3 random_dick_r2 table completed_valid t=0.1s
[    227s] main 30b c83 ic_m3 known_null_dick table completed_valid t=0.1s
[    227s] main 30b c83 ic_m3 planted_sub table completed_valid t=0.2s
[    230s] main 30b c84 ic_m3 subgroup table completed_valid t=0.2s
[    230s] main 30b c84 ic_m3 dickson table completed_valid t=0.2s
[    230s] main 30b c84 ic_m3 small_x table completed_valid t=0.2s
[    230s] main 30b c84 ic_m3 random_sub_r0 table completed_valid t=0.3s
[    230s] main 30b c84 ic_m3 random_sub_r1 table completed_valid t=0.2s
[    230s] main 30b c84 ic_m3 random_sub_r2 table completed_valid t=0.2s
[    230s] main 30b c84 ic_m3 known_null_sub table completed_valid t=0.2s
[    230s] main 30b c84 ic_m3 random_dick_r0 table completed_valid t=0.2s
[    230s] main 30b c84 ic_m3 random_dick_r1 table completed_valid t=0.2s
[    230s] main 30b c84 ic_m3 random_dick_r2 table completed_valid t=0.2s
[    230s] main 30b c84 ic_m3 known_null_dick table completed_valid t=0.2s
[    230s] main 30b c84 ic_m3 planted_sub table completed_valid t=0.2s
[    233s] main 30b c85 ic_m3 subgroup table completed_valid t=0.2s
[    233s] main 30b c85 ic_m3 dickson table completed_valid t=0.2s
[    233s] main 30b c85 ic_m3 small_x table completed_valid t=0.2s
[    233s] main 30b c85 ic_m3 random_sub_r0 table completed_valid t=0.2s
[    233s] main 30b c85 ic_m3 random_sub_r1 table completed_valid t=0.2s
[    233s] main 30b c85 ic_m3 random_sub_r2 table completed_valid t=0.3s
[    233s] main 30b c85 ic_m3 known_null_sub table completed_valid t=0.3s
[    233s] main 30b c85 ic_m3 random_dick_r0 table completed_valid t=0.2s
[    233s] main 30b c85 ic_m3 random_dick_r1 table completed_valid t=0.3s
[    233s] main 30b c85 ic_m3 random_dick_r2 table completed_valid t=0.2s
[    233s] main 30b c85 ic_m3 known_null_dick table completed_valid t=0.3s
[    233s] main 30b c85 ic_m3 planted_sub table completed_valid t=0.3s
[    236s] main 30b c86 ic_m3 subgroup table completed_valid t=0.2s
[    236s] main 30b c86 ic_m3 dickson table completed_valid t=0.2s
[    236s] main 30b c86 ic_m3 small_x table completed_valid t=0.2s
[    236s] main 30b c86 ic_m3 random_sub_r0 table completed_valid t=0.2s
[    236s] main 30b c86 ic_m3 random_sub_r1 table completed_valid t=0.2s
[    236s] main 30b c86 ic_m3 random_sub_r2 table completed_valid t=0.2s
[    236s] main 30b c86 ic_m3 known_null_sub table completed_valid t=0.2s
[    236s] main 30b c86 ic_m3 random_dick_r0 table completed_valid t=0.2s
[    236s] main 30b c86 ic_m3 random_dick_r1 table completed_valid t=0.2s
[    236s] main 30b c86 ic_m3 random_dick_r2 table completed_valid t=0.2s
[    236s] main 30b c86 ic_m3 known_null_dick table completed_valid t=0.2s
[    236s] main 30b c86 ic_m3 planted_sub table completed_valid t=0.2s
[    240s] main 30b c87 ic_m3 subgroup table completed_valid t=0.4s
[    240s] main 30b c87 ic_m3 dickson table completed_valid t=0.4s
[    240s] main 30b c87 ic_m3 small_x table completed_valid t=0.2s
[    240s] main 30b c87 ic_m3 random_sub_r0 table completed_valid t=0.3s
[    240s] main 30b c87 ic_m3 random_sub_r1 table completed_valid t=0.3s
[    240s] main 30b c87 ic_m3 random_sub_r2 table completed_valid t=0.3s
[    240s] main 30b c87 ic_m3 known_null_sub table completed_valid t=0.3s
[    240s] main 30b c87 ic_m3 random_dick_r0 table completed_valid t=0.2s
[    240s] main 30b c87 ic_m3 random_dick_r1 table completed_valid t=0.2s
[    240s] main 30b c87 ic_m3 random_dick_r2 table completed_valid t=0.2s
[    240s] main 30b c87 ic_m3 known_null_dick table completed_valid t=0.2s
[    240s] main 30b c87 ic_m3 planted_sub table completed_valid t=0.3s
[    243s] main 30b c88 ic_m3 subgroup table completed_valid t=0.3s
[    243s] main 30b c88 ic_m3 dickson table completed_valid t=0.3s
[    243s] main 30b c88 ic_m3 small_x table completed_valid t=0.3s
[    243s] main 30b c88 ic_m3 random_sub_r0 table completed_valid t=0.3s
[    243s] main 30b c88 ic_m3 random_sub_r1 table completed_valid t=0.3s
[    243s] main 30b c88 ic_m3 random_sub_r2 table completed_valid t=0.3s
[    243s] main 30b c88 ic_m3 known_null_sub table completed_valid t=0.3s
[    243s] main 30b c88 ic_m3 random_dick_r0 table completed_valid t=0.3s
[    243s] main 30b c88 ic_m3 random_dick_r1 table completed_valid t=0.3s
[    243s] main 30b c88 ic_m3 random_dick_r2 table completed_valid t=0.2s
[    243s] main 30b c88 ic_m3 known_null_dick table completed_valid t=0.2s
[    243s] main 30b c88 ic_m3 planted_sub table completed_valid t=0.3s
[    246s] main 30b c89 ic_m3 subgroup table completed_valid t=0.2s
[    246s] main 30b c89 ic_m3 dickson table completed_valid t=0.2s
[    246s] main 30b c89 ic_m3 small_x table completed_valid t=0.2s
[    246s] main 30b c89 ic_m3 random_sub_r0 table completed_valid t=0.2s
[    246s] main 30b c89 ic_m3 random_sub_r1 table completed_valid t=0.2s
[    246s] main 30b c89 ic_m3 random_sub_r2 table completed_valid t=0.2s
[    246s] main 30b c89 ic_m3 known_null_sub table completed_valid t=0.2s
[    246s] main 30b c89 ic_m3 random_dick_r0 table completed_valid t=0.2s
[    246s] main 30b c89 ic_m3 random_dick_r1 table completed_valid t=0.2s
[    246s] main 30b c89 ic_m3 random_dick_r2 table completed_valid t=0.2s
[    246s] main 30b c89 ic_m3 known_null_dick table completed_valid t=0.2s
[    246s] main 30b c89 ic_m3 planted_sub table completed_valid t=0.2s
[    249s] main 30b c90 ic_m3 subgroup table completed_valid t=0.2s
[    249s] main 30b c90 ic_m3 dickson table completed_valid t=0.3s
[    249s] main 30b c90 ic_m3 small_x table completed_valid t=0.2s
[    249s] main 30b c90 ic_m3 random_sub_r0 table completed_valid t=0.2s
[    249s] main 30b c90 ic_m3 random_sub_r1 table completed_valid t=0.3s
[    249s] main 30b c90 ic_m3 random_sub_r2 table completed_valid t=0.3s
[    249s] main 30b c90 ic_m3 known_null_sub table completed_valid t=0.3s
[    249s] main 30b c90 ic_m3 random_dick_r0 table completed_valid t=0.2s
[    249s] main 30b c90 ic_m3 random_dick_r1 table completed_valid t=0.3s
[    249s] main 30b c90 ic_m3 random_dick_r2 table completed_valid t=0.2s
[    249s] main 30b c90 ic_m3 known_null_dick table completed_valid t=0.2s
[    249s] main 30b c90 ic_m3 planted_sub table completed_valid t=0.2s
[    253s] main 30b c91 ic_m3 subgroup table completed_valid t=0.4s
[    253s] main 30b c91 ic_m3 dickson table completed_valid t=0.3s
[    253s] main 30b c91 ic_m3 small_x table completed_valid t=0.3s
[    253s] main 30b c91 ic_m3 random_sub_r0 table completed_valid t=0.4s
[    253s] main 30b c91 ic_m3 random_sub_r1 table completed_valid t=0.3s
[    253s] main 30b c91 ic_m3 random_sub_r2 table completed_valid t=0.3s
[    253s] main 30b c91 ic_m3 known_null_sub table completed_valid t=0.3s
[    253s] main 30b c91 ic_m3 random_dick_r0 table completed_valid t=0.3s
[    253s] main 30b c91 ic_m3 random_dick_r1 table completed_valid t=0.3s
[    253s] main 30b c91 ic_m3 random_dick_r2 table completed_valid t=0.3s
[    253s] main 30b c91 ic_m3 known_null_dick table completed_valid t=0.3s
[    253s] main 30b c91 ic_m3 planted_sub table completed_valid t=0.3s
[    256s] main 30b c92 ic_m3 subgroup table completed_valid t=0.3s
[    256s] main 30b c92 ic_m3 dickson table completed_valid t=0.2s
[    256s] main 30b c92 ic_m3 small_x table completed_valid t=0.3s
[    256s] main 30b c92 ic_m3 random_sub_r0 table completed_valid t=0.3s
[    256s] main 30b c92 ic_m3 random_sub_r1 table completed_valid t=0.3s
[    256s] main 30b c92 ic_m3 random_sub_r2 table completed_valid t=0.3s
[    256s] main 30b c92 ic_m3 known_null_sub table completed_valid t=0.3s
[    256s] main 30b c92 ic_m3 random_dick_r0 table completed_valid t=0.3s
[    256s] main 30b c92 ic_m3 random_dick_r1 table completed_valid t=0.2s
[    256s] main 30b c92 ic_m3 random_dick_r2 table completed_valid t=0.3s
[    256s] main 30b c92 ic_m3 known_null_dick table completed_valid t=0.2s
[    256s] main 30b c92 ic_m3 planted_sub table completed_valid t=0.2s
[    259s] main 30b c93 ic_m3 subgroup table completed_valid t=0.2s
[    259s] main 30b c93 ic_m3 dickson table completed_valid t=0.2s
[    259s] main 30b c93 ic_m3 small_x table completed_valid t=0.2s
[    259s] main 30b c93 ic_m3 random_sub_r0 table completed_valid t=0.2s
[    259s] main 30b c93 ic_m3 random_sub_r1 table completed_valid t=0.2s
[    259s] main 30b c93 ic_m3 random_sub_r2 table completed_valid t=0.2s
[    259s] main 30b c93 ic_m3 known_null_sub table completed_valid t=0.2s
[    259s] main 30b c93 ic_m3 random_dick_r0 table completed_valid t=0.2s
[    259s] main 30b c93 ic_m3 random_dick_r1 table completed_valid t=0.2s
[    259s] main 30b c93 ic_m3 random_dick_r2 table completed_valid t=0.2s
[    259s] main 30b c93 ic_m3 known_null_dick table completed_valid t=0.2s
[    259s] main 30b c93 ic_m3 planted_sub table completed_valid t=0.2s
[    262s] main 30b c94 ic_m3 subgroup table completed_valid t=0.2s
[    262s] main 30b c94 ic_m3 dickson table completed_valid t=0.2s
[    262s] main 30b c94 ic_m3 small_x table completed_valid t=0.2s
[    262s] main 30b c94 ic_m3 random_sub_r0 table completed_valid t=0.2s
[    262s] main 30b c94 ic_m3 random_sub_r1 table completed_valid t=0.3s
[    262s] main 30b c94 ic_m3 random_sub_r2 table completed_valid t=0.2s
[    262s] main 30b c94 ic_m3 known_null_sub table completed_valid t=0.2s
[    262s] main 30b c94 ic_m3 random_dick_r0 table completed_valid t=0.2s
[    262s] main 30b c94 ic_m3 random_dick_r1 table completed_valid t=0.2s
[    262s] main 30b c94 ic_m3 random_dick_r2 table completed_valid t=0.2s
[    262s] main 30b c94 ic_m3 known_null_dick table completed_valid t=0.2s
[    262s] main 30b c94 ic_m3 planted_sub table completed_valid t=0.2s
[    265s] main 30b c95 ic_m3 subgroup table completed_valid t=0.2s
[    265s] main 30b c95 ic_m3 dickson table completed_valid t=0.3s
[    265s] main 30b c95 ic_m3 small_x table completed_valid t=0.2s
[    265s] main 30b c95 ic_m3 random_sub_r0 table completed_valid t=0.2s
[    265s] main 30b c95 ic_m3 random_sub_r1 table completed_valid t=0.3s
[    265s] main 30b c95 ic_m3 random_sub_r2 table completed_valid t=0.3s
[    265s] main 30b c95 ic_m3 known_null_sub table completed_valid t=0.2s
[    265s] main 30b c95 ic_m3 random_dick_r0 table completed_valid t=0.3s
[    265s] main 30b c95 ic_m3 random_dick_r1 table completed_valid t=0.3s
[    265s] main 30b c95 ic_m3 random_dick_r2 table completed_valid t=0.3s
[    265s] main 30b c95 ic_m3 known_null_dick table completed_valid t=0.3s
[    265s] main 30b c95 ic_m3 planted_sub table completed_valid t=0.3s
[    267s] main 30b c96 ic_m3 subgroup table completed_valid t=0.1s
[    267s] main 30b c96 ic_m3 dickson table completed_valid t=0.2s
[    267s] main 30b c96 ic_m3 small_x table completed_valid t=0.1s
[    267s] main 30b c96 ic_m3 random_sub_r0 table completed_valid t=0.2s
[    267s] main 30b c96 ic_m3 random_sub_r1 table completed_valid t=0.2s
[    267s] main 30b c96 ic_m3 random_sub_r2 table completed_valid t=0.2s
[    267s] main 30b c96 ic_m3 known_null_sub table completed_valid t=0.2s
[    267s] main 30b c96 ic_m3 random_dick_r0 table completed_valid t=0.2s
[    267s] main 30b c96 ic_m3 random_dick_r1 table completed_valid t=0.2s
[    267s] main 30b c96 ic_m3 random_dick_r2 table completed_valid t=0.2s
[    267s] main 30b c96 ic_m3 known_null_dick table completed_valid t=0.2s
[    267s] main 30b c96 ic_m3 planted_sub table completed_valid t=0.2s
[    270s] main 30b c97 ic_m3 subgroup table completed_valid t=0.2s
[    270s] main 30b c97 ic_m3 dickson table completed_valid t=0.2s
[    270s] main 30b c97 ic_m3 small_x table completed_valid t=0.3s
[    270s] main 30b c97 ic_m3 random_sub_r0 table completed_valid t=0.2s
[    270s] main 30b c97 ic_m3 random_sub_r1 table completed_valid t=0.2s
[    270s] main 30b c97 ic_m3 random_sub_r2 table completed_valid t=0.2s
[    270s] main 30b c97 ic_m3 known_null_sub table completed_valid t=0.2s
[    270s] main 30b c97 ic_m3 random_dick_r0 table completed_valid t=0.2s
[    270s] main 30b c97 ic_m3 random_dick_r1 table completed_valid t=0.2s
[    270s] main 30b c97 ic_m3 random_dick_r2 table completed_valid t=0.2s
[    270s] main 30b c97 ic_m3 known_null_dick table completed_valid t=0.2s
[    270s] main 30b c97 ic_m3 planted_sub table completed_valid t=0.3s
[    273s] main 30b c98 ic_m3 subgroup table completed_valid t=0.2s
[    273s] main 30b c98 ic_m3 dickson table completed_valid t=0.3s
[    273s] main 30b c98 ic_m3 small_x table completed_valid t=0.2s
[    273s] main 30b c98 ic_m3 random_sub_r0 table completed_valid t=0.2s
[    273s] main 30b c98 ic_m3 random_sub_r1 table completed_valid t=0.2s
[    273s] main 30b c98 ic_m3 random_sub_r2 table completed_valid t=0.2s
[    273s] main 30b c98 ic_m3 known_null_sub table completed_valid t=0.2s
[    273s] main 30b c98 ic_m3 random_dick_r0 table completed_valid t=0.2s
[    273s] main 30b c98 ic_m3 random_dick_r1 table completed_valid t=0.2s
[    273s] main 30b c98 ic_m3 random_dick_r2 table completed_valid t=0.2s
[    273s] main 30b c98 ic_m3 known_null_dick table completed_valid t=0.2s
[    273s] main 30b c98 ic_m3 planted_sub table completed_valid t=0.2s
[    277s] main 30b c99 ic_m3 subgroup table completed_valid t=0.2s
[    277s] main 30b c99 ic_m3 dickson table completed_valid t=0.3s
[    277s] main 30b c99 ic_m3 small_x table completed_valid t=0.2s
[    277s] main 30b c99 ic_m3 random_sub_r0 table completed_valid t=0.3s
[    277s] main 30b c99 ic_m3 random_sub_r1 table completed_valid t=0.4s
[    277s] main 30b c99 ic_m3 random_sub_r2 table completed_valid t=0.4s
[    277s] main 30b c99 ic_m3 known_null_sub table completed_valid t=0.3s
[    277s] main 30b c99 ic_m3 random_dick_r0 table completed_valid t=0.3s
[    277s] main 30b c99 ic_m3 random_dick_r1 table completed_valid t=0.3s
[    277s] main 30b c99 ic_m3 random_dick_r2 table completed_valid t=0.3s
[    277s] main 30b c99 ic_m3 known_null_dick table completed_valid t=0.3s
[    277s] main 30b c99 ic_m3 planted_sub table completed_valid t=0.2s
[    281s] main 30b c100 ic_m3 subgroup table completed_valid t=0.4s
[    281s] main 30b c100 ic_m3 dickson table completed_valid t=0.3s
[    281s] main 30b c100 ic_m3 small_x table completed_valid t=0.3s
[    281s] main 30b c100 ic_m3 random_sub_r0 table completed_valid t=0.4s
[    281s] main 30b c100 ic_m3 random_sub_r1 table completed_valid t=0.3s
[    281s] main 30b c100 ic_m3 random_sub_r2 table completed_valid t=0.3s
[    281s] main 30b c100 ic_m3 known_null_sub table completed_valid t=0.3s
[    281s] main 30b c100 ic_m3 random_dick_r0 table completed_valid t=0.3s
[    281s] main 30b c100 ic_m3 random_dick_r1 table completed_valid t=0.3s
[    281s] main 30b c100 ic_m3 random_dick_r2 table completed_valid t=0.3s
[    281s] main 30b c100 ic_m3 known_null_dick table completed_valid t=0.4s
[    281s] main 30b c100 ic_m3 planted_sub table completed_valid t=0.3s
[    285s] main 30b c101 ic_m3 subgroup table completed_valid t=0.3s
[    285s] main 30b c101 ic_m3 dickson table completed_valid t=0.2s
[    285s] main 30b c101 ic_m3 small_x table completed_valid t=0.2s
[    285s] main 30b c101 ic_m3 random_sub_r0 table completed_valid t=0.2s
[    285s] main 30b c101 ic_m3 random_sub_r1 table completed_valid t=0.3s
[    285s] main 30b c101 ic_m3 random_sub_r2 table completed_valid t=0.2s
[    285s] main 30b c101 ic_m3 known_null_sub table completed_valid t=0.2s
[    285s] main 30b c101 ic_m3 random_dick_r0 table completed_valid t=0.2s
[    285s] main 30b c101 ic_m3 random_dick_r1 table completed_valid t=0.3s
[    285s] main 30b c101 ic_m3 random_dick_r2 table completed_valid t=0.2s
[    285s] main 30b c101 ic_m3 known_null_dick table completed_valid t=0.2s
[    285s] main 30b c101 ic_m3 planted_sub table completed_valid t=0.2s
[    288s] main 30b c102 ic_m3 subgroup table completed_valid t=0.3s
[    288s] main 30b c102 ic_m3 dickson table completed_valid t=0.3s
[    288s] main 30b c102 ic_m3 small_x table completed_valid t=0.3s
[    288s] main 30b c102 ic_m3 random_sub_r0 table completed_valid t=0.2s
[    288s] main 30b c102 ic_m3 random_sub_r1 table completed_valid t=0.2s
[    288s] main 30b c102 ic_m3 random_sub_r2 table completed_valid t=0.2s
[    288s] main 30b c102 ic_m3 known_null_sub table completed_valid t=0.3s
[    288s] main 30b c102 ic_m3 random_dick_r0 table completed_valid t=0.3s
[    288s] main 30b c102 ic_m3 random_dick_r1 table completed_valid t=0.2s
[    288s] main 30b c102 ic_m3 random_dick_r2 table completed_valid t=0.2s
[    288s] main 30b c102 ic_m3 known_null_dick table completed_valid t=0.3s
[    288s] main 30b c102 ic_m3 planted_sub table completed_valid t=0.3s
[    293s] main 30b c103 ic_m3 subgroup table completed_valid t=0.4s
[    293s] main 30b c103 ic_m3 dickson table completed_valid t=0.4s
[    293s] main 30b c103 ic_m3 small_x table completed_valid t=0.3s
[    293s] main 30b c103 ic_m3 random_sub_r0 table completed_valid t=0.4s
[    293s] main 30b c103 ic_m3 random_sub_r1 table completed_valid t=0.4s
[    293s] main 30b c103 ic_m3 random_sub_r2 table completed_valid t=0.4s
[    293s] main 30b c103 ic_m3 known_null_sub table completed_valid t=0.6s
[    293s] main 30b c103 ic_m3 random_dick_r0 table completed_valid t=0.3s
[    293s] main 30b c103 ic_m3 random_dick_r1 table completed_valid t=0.3s
[    293s] main 30b c103 ic_m3 random_dick_r2 table completed_valid t=0.3s
[    293s] main 30b c103 ic_m3 known_null_dick table completed_valid t=0.4s
[    293s] main 30b c103 ic_m3 planted_sub table completed_valid t=0.3s
[    298s] main 30b c104 ic_m3 subgroup table completed_valid t=0.4s
[    298s] main 30b c104 ic_m3 dickson table completed_valid t=0.3s
[    298s] main 30b c104 ic_m3 small_x table completed_valid t=0.4s
[    298s] main 30b c104 ic_m3 random_sub_r0 table completed_valid t=0.5s
[    298s] main 30b c104 ic_m3 random_sub_r1 table completed_valid t=0.5s
[    298s] main 30b c104 ic_m3 random_sub_r2 table completed_valid t=0.3s
[    298s] main 30b c104 ic_m3 known_null_sub table completed_valid t=0.4s
[    298s] main 30b c104 ic_m3 random_dick_r0 table completed_valid t=0.3s
[    298s] main 30b c104 ic_m3 random_dick_r1 table completed_valid t=0.4s
[    298s] main 30b c104 ic_m3 random_dick_r2 table completed_valid t=0.5s
[    298s] main 30b c104 ic_m3 known_null_dick table completed_valid t=0.3s
[    298s] main 30b c104 ic_m3 planted_sub table completed_valid t=0.4s
[    302s] main 30b c105 ic_m3 subgroup table completed_valid t=0.3s
[    302s] main 30b c105 ic_m3 dickson table completed_valid t=0.3s
[    302s] main 30b c105 ic_m3 small_x table completed_valid t=0.2s
[    302s] main 30b c105 ic_m3 random_sub_r0 table completed_valid t=0.3s
[    302s] main 30b c105 ic_m3 random_sub_r1 table completed_valid t=0.3s
[    302s] main 30b c105 ic_m3 random_sub_r2 table completed_valid t=0.2s
[    302s] main 30b c105 ic_m3 known_null_sub table completed_valid t=0.3s
[    302s] main 30b c105 ic_m3 random_dick_r0 table completed_valid t=0.2s
[    302s] main 30b c105 ic_m3 random_dick_r1 table completed_valid t=0.3s
[    302s] main 30b c105 ic_m3 random_dick_r2 table completed_valid t=0.3s
[    302s] main 30b c105 ic_m3 known_null_dick table completed_valid t=0.3s
[    302s] main 30b c105 ic_m3 planted_sub table completed_valid t=0.2s
[    307s] main 30b c106 ic_m3 subgroup table completed_valid t=0.3s
[    307s] main 30b c106 ic_m3 dickson table completed_valid t=0.4s
[    307s] main 30b c106 ic_m3 small_x table completed_valid t=0.3s
[    307s] main 30b c106 ic_m3 random_sub_r0 table completed_valid t=0.4s
[    307s] main 30b c106 ic_m3 random_sub_r1 table completed_valid t=0.3s
[    307s] main 30b c106 ic_m3 random_sub_r2 table completed_valid t=0.4s
[    307s] main 30b c106 ic_m3 known_null_sub table completed_valid t=0.5s
[    307s] main 30b c106 ic_m3 random_dick_r0 table completed_valid t=0.4s
[    307s] main 30b c106 ic_m3 random_dick_r1 table completed_valid t=0.4s
[    307s] main 30b c106 ic_m3 random_dick_r2 table completed_valid t=0.5s
[    307s] main 30b c106 ic_m3 known_null_dick table completed_valid t=0.3s
[    307s] main 30b c106 ic_m3 planted_sub table completed_valid t=0.4s
[    311s] main 30b c107 ic_m3 subgroup table completed_valid t=0.3s
[    311s] main 30b c107 ic_m3 dickson table completed_valid t=0.2s
[    311s] main 30b c107 ic_m3 small_x table completed_valid t=0.2s
[    311s] main 30b c107 ic_m3 random_sub_r0 table completed_valid t=0.3s
[    311s] main 30b c107 ic_m3 random_sub_r1 table completed_valid t=0.4s
[    311s] main 30b c107 ic_m3 random_sub_r2 table completed_valid t=0.3s
[    311s] main 30b c107 ic_m3 known_null_sub table completed_valid t=0.2s
[    311s] main 30b c107 ic_m3 random_dick_r0 table completed_valid t=0.2s
[    311s] main 30b c107 ic_m3 random_dick_r1 table completed_valid t=0.3s
[    311s] main 30b c107 ic_m3 random_dick_r2 table completed_valid t=0.2s
[    311s] main 30b c107 ic_m3 known_null_dick table completed_valid t=0.3s
[    311s] main 30b c107 ic_m3 planted_sub table completed_valid t=0.3s
[    315s] main 30b c108 ic_m3 subgroup table completed_valid t=0.3s
[    315s] main 30b c108 ic_m3 dickson table completed_valid t=0.3s
[    315s] main 30b c108 ic_m3 small_x table completed_valid t=0.3s
[    315s] main 30b c108 ic_m3 random_sub_r0 table completed_valid t=0.3s
[    315s] main 30b c108 ic_m3 random_sub_r1 table completed_valid t=0.3s
[    315s] main 30b c108 ic_m3 random_sub_r2 table completed_valid t=0.3s
[    315s] main 30b c108 ic_m3 known_null_sub table completed_valid t=0.3s
[    315s] main 30b c108 ic_m3 random_dick_r0 table completed_valid t=0.3s
[    315s] main 30b c108 ic_m3 random_dick_r1 table completed_valid t=0.3s
[    315s] main 30b c108 ic_m3 random_dick_r2 table completed_valid t=0.3s
[    315s] main 30b c108 ic_m3 known_null_dick table completed_valid t=0.3s
[    315s] main 30b c108 ic_m3 planted_sub table completed_valid t=0.3s
[    318s] main 30b c109 ic_m3 subgroup table completed_valid t=0.4s
[    318s] main 30b c109 ic_m3 dickson table completed_valid t=0.2s
[    318s] main 30b c109 ic_m3 small_x table completed_valid t=0.2s
[    318s] main 30b c109 ic_m3 random_sub_r0 table completed_valid t=0.3s
[    318s] main 30b c109 ic_m3 random_sub_r1 table completed_valid t=0.3s
[    318s] main 30b c109 ic_m3 random_sub_r2 table completed_valid t=0.2s
[    318s] main 30b c109 ic_m3 known_null_sub table completed_valid t=0.3s
[    318s] main 30b c109 ic_m3 random_dick_r0 table completed_valid t=0.3s
[    318s] main 30b c109 ic_m3 random_dick_r1 table completed_valid t=0.3s
[    318s] main 30b c109 ic_m3 random_dick_r2 table completed_valid t=0.3s
[    318s] main 30b c109 ic_m3 known_null_dick table completed_valid t=0.2s
[    318s] main 30b c109 ic_m3 planted_sub table completed_valid t=0.2s
