{
  "crypto_scale_extrapolation": {
    "C_max_under_fitted_power_exponent": 377.55,
    "C_max_under_recorded_0.079": 1224702.58,
    "C_max_under_sqrt_log_heuristic": 13.32,
    "note": "Extrapolation over ~240 bits from a fit spanning ~9 bits. Reported because prior records report it, NOT because any of it is reliable.",
    "p_bits": 256
  },
  "curves_per_prime_matched": 24,
  "definition": {
    "C": "max_{k != 0} |sum_{P in F_t} e(2 pi i k DL_G(P)/N)| / sqrt(|F_t|)",
    "factor_base": "F_t = {P in E(F_p) : x(P) < t} with t = floor(p/2)",
    "k_range": "full, 1..N-1, via FFT -- not a truncated range"
  },
  "experiment_id": "EXP-HPSC-74991c",
  "model_comparison": {
    "C_max": {
      "_best_by_rms": "power_law:   C = a * p^b",
      "_spread_of_2^256_extrapolations": {
        "constant:    C = a": 3.025,
        "log:         C = a + b*ln p": 19.976,
        "power_law:   C = a * p^b": 807.977,
        "sqrt_log:    C = a + b*sqrt(ln p)": 9.375
      },
      "constant:    C = a": {
        "extrapolated_C_at_p_2^256": 3.025,
        "max_abs_residual": 0.45646,
        "params": {
          "a": 3.02496,
          "b": 0.0
        },
        "rms_residual": 0.24808
      },
      "log:         C = a + b*ln p": {
        "extrapolated_C_at_p_2^256": 19.976,
        "max_abs_residual": 0.25821,
        "params": {
          "a": 1.985681,
          "b": 0.101387
        },
        "rms_residual": 0.13763
      },
      "power_law:   C = a * p^b": {
        "extrapolated_C_at_p_2^256": 807.977,
        "max_abs_residual": 0.26269,
        "params": {
          "a": 2.140035,
          "b": 0.03344
        },
        "rms_residual": 0.13628
      },
      "sqrt_log:    C = a + b*sqrt(ln p)": {
        "extrapolated_C_at_p_2^256": 9.375,
        "max_abs_residual": 0.26308,
        "params": {
          "a": 1.029651,
          "b": 0.626466
        },
        "rms_residual": 0.14083
      }
    },
    "C_mean": {
      "_best_by_rms": "log:         C = a + b*ln p",
      "_spread_of_2^256_extrapolations": {
        "constant:    C = a": 2.695,
        "log:         C = a + b*ln p": 25.194,
        "power_law:   C = a * p^b": 13102.255,
        "sqrt_log:    C = a + b*sqrt(ln p)": 11.209
      },
      "constant:    C = a": {
        "extrapolated_C_at_p_2^256": 2.695,
        "max_abs_residual": 0.44159,
        "params": {
          "a": 2.695467,
          "b": 0.0
        },
        "rms_residual": 0.29138
      },
      "log:         C = a + b*ln p": {
        "extrapolated_C_at_p_2^256": 25.194,
        "max_abs_residual": 0.17845,
        "params": {
          "a": 1.316085,
          "b": 0.134565
        },
        "rms_residual": 0.09926
      },
      "power_law:   C = a * p^b": {
        "extrapolated_C_at_p_2^256": 13102.255,
        "max_abs_residual": 0.17754,
        "params": {
          "a": 1.591787,
          "b": 0.050808
        },
        "rms_residual": 0.10075
      },
      "sqrt_log:    C = a + b*sqrt(ln p)": {
        "extrapolated_C_at_p_2^256": 11.209,
        "max_abs_residual": 0.18229,
        "params": {
          "a": 0.020163,
          "b": 0.839963
        },
        "rms_residual": 0.09958
      }
    },
    "why": "The fitted exponent is only ever used to extrapolate to crypto scale. A power law and a sqrt(log) are indistinguishable over this range of p and disagree by ~5 orders of magnitude at 2^256, so which MODEL holds dominates what its parameter is."
  },
  "per_prime": [
    {
      "B_over_N_mean": null,
      "C_max": 2.8096823145327217,
      "C_mean": 2.2544739449843854,
      "C_std": 0.17999901222036666,
      "C_values": [
        2.3088,
        2.4597,
        2.2603,
        2.1211,
        2.1492,
        2.1604,
        2.2406,
        2.2141,
        2.3478,
        2.2459,
        2.1566,
        2.1995,
        2.3289,
        2.2819,
        2.2161,
        2.8097,
        2.5314,
        1.9912,
        2.3112,
        1.907,
        2.2382,
        2.0351,
        2.322,
        2.2705
      ],
      "curves_measured": 24,
      "log2_p": 9.979,
      "p": 1009
    },
    {
      "B_over_N_mean": null,
      "C_max": 2.7729278035296088,
      "C_mean": 2.4507280724602793,
      "C_std": 0.15977062179961765,
      "C_values": [
        2.3039,
        2.5543,
        2.6861,
        2.4232,
        2.5491,
        2.7729,
        2.5088,
        2.4945,
        2.3248,
        2.2634,
        2.3127,
        2.3514,
        2.5949,
        2.4934,
        2.3495,
        2.2099,
        2.7717,
        2.3406,
        2.3949,
        2.6181,
        2.3007,
        2.3664,
        2.2919,
        2.5406
      ],
      "curves_measured": 24,
      "log2_p": 11.966,
      "p": 4001
    },
    {
      "B_over_N_mean": null,
      "C_max": 2.74333179241722,
      "C_mean": 2.4958575817370723,
      "C_std": 0.11680738148771559,
      "C_values": [
        2.5652,
        2.4537,
        2.4372,
        2.4396,
        2.3666,
        2.4992,
        2.5731,
        2.5258,
        2.6955,
        2.7433,
        2.4003,
        2.3407,
        2.4986,
        2.5852,
        2.462,
        2.3101,
        2.4913,
        2.5497,
        2.5373,
        2.374,
        2.4603,
        2.6689,
        2.3097,
        2.6132
      ],
      "curves_measured": 24,
      "log2_p": 13.136,
      "p": 9001
    },
    {
      "B_over_N_mean": null,
      "C_max": 3.066168017459886,
      "C_mean": 2.6823730134880033,
      "C_std": 0.16482700803164196,
      "C_values": [
        2.4431,
        2.6866,
        2.8139,
        2.7027,
        2.5555,
        2.5847,
        3.0662,
        2.8412,
        2.5852,
        2.6577,
        2.68,
        2.5734,
        3.0048,
        2.5781,
        2.5402,
        2.5156,
        2.6795,
        2.7334,
        2.5957,
        2.6781,
        3.0047,
        2.5115,
        2.5644,
        2.7809
      ],
      "curves_measured": 24,
      "log2_p": 15.61,
      "p": 50021
    },
    {
      "B_over_N_mean": null,
      "C_max": 3.1501958783952237,
      "C_mean": 2.9405994626546863,
      "C_std": 0.0898662098825418,
      "C_values": [
        2.9575,
        2.8002,
        2.9386,
        2.9757,
        3.0502,
        2.872,
        3.0099,
        2.9165,
        2.9712,
        3.0417,
        2.997,
        3.1502,
        2.893,
        2.9216,
        3.0058,
        2.9602,
        2.9707,
        2.8295,
        2.926,
        2.8652,
        2.9819,
        2.9226,
        2.9108,
        2.7064
      ],
      "curves_measured": 24,
      "log2_p": 16.61,
      "p": 100003
    },
    {
      "B_over_N_mean": null,
      "C_max": 3.48142465475694,
      "C_mean": 3.1370525817304937,
      "C_std": 0.1335963851152292,
      "C_values": [
        3.234,
        3.0597,
        3.1346,
        3.3028,
        2.957,
        3.1424,
        3.2355,
        3.2098,
        3.0758,
        3.1327,
        3.0513,
        3.1652,
        3.0957,
        3.206,
        2.9947,
        3.1583,
        3.1286,
        3.4814,
        2.854,
        3.0137,
        3.1629,
        3.1062,
        3.3654,
        3.0215
      ],
      "curves_measured": 24,
      "log2_p": 17.61,
      "p": 200003
    },
    {
      "B_over_N_mean": null,
      "C_max": 3.150992906448681,
      "C_mean": 2.9071813144038807,
      "C_std": 0.0963266410318687,
      "C_values": [
        2.9147,
        2.8779,
        2.8411,
        3.0191,
        2.7721,
        2.7544,
        2.8464,
        2.9476,
        3.0353,
        3.151,
        3.0289,
        2.9165,
        2.9112,
        2.8686,
        2.8519,
        2.8837,
        2.9225,
        2.9451,
        2.7653,
        2.9788,
        2.9685,
        2.7705,
        2.9417,
        2.8595
      ],
      "curves_measured": 24,
      "log2_p": 18.61,
      "p": 400009
    }
  ],
  "scaling": {
    "C_max": {
      "bootstrap_95_ci": [
        0.0261,
        0.0514
      ],
      "fitted_exponent": 0.0334,
      "recorded_0.055_inside_ci": false,
      "recorded_0.079_inside_ci": false,
      "statistic": "C_max",
      "zero_inside_ci_i_e_no_growth": false
    },
    "C_mean": {
      "bootstrap_95_ci": [
        0.0461,
        0.0552
      ],
      "fitted_exponent": 0.0508,
      "recorded_0.055_inside_ci": true,
      "recorded_0.079_inside_ci": false,
      "statistic": "C_mean",
      "zero_inside_ci_i_e_no_growth": false
    },
    "mean_and_max_share_an_exponent": true
  },
  "seed": 20260807
}
