RUN-ECDLP-5cad48-S2G elapsed=8.335s raw_sha256=77a67c499b7c9f7e4c247fee123c9d1bfcb5cdd5e29f54aa2c2358a76d4c64eb
n_exact_rows=168 overlap_holds=True
W recorded as observation only. Not SMALL-W or LARGE-W.
S2-P523 p=523 N=523
  M=5 P2 G_exact=2.52390005e+00 W_exact=2.91350567e-05
  M=8 P2 G_exact=4.06118211e+00 W_exact=7.64777985e-05
  M=12 P2 G_exact=6.13764969e+00 W_exact=1.73577945e-04
S2-P1033 p=1033 N=1087
  M=6 P2 G_exact=3.01655927e+00 W_exact=9.85572246e-06
  M=10 P2 G_exact=5.04599734e+00 W_exact=2.78771585e-05
  M=16 P2 G_exact=8.11775379e+00 W_exact=7.18056940e-05
S2-P2063 p=2063 N=2129
  M=7 P2 G_exact=3.51150773e+00 W_exact=3.52663605e-06
  M=13 P2 G_exact=6.53968973e+00 W_exact=1.23431604e-05
  M=21 P2 G_exact=1.06035674e+01 W_exact=3.23268259e-05
S2-P4111 p=4111 N=4177
  M=8 P2 G_exact=4.00766100e+00 W_exact=1.20304643e-06
  M=16 P2 G_exact=8.03064398e+00 W_exact=4.86947370e-06
  M=28 P2 G_exact=1.40938466e+01 W_exact=1.49520981e-05
S2-P8219 p=8219 N=8117
  M=9 P2 G_exact=4.50498953e+00 W_exact=4.04641668e-07
  M=20 P2 G_exact=1.00246396e+01 W_exact=2.01814952e-06
  M=37 P2 G_exact=1.85843288e+01 W_exact=6.91934185e-06
S2-P16417 p=16417 N=16447
  M=11 P2 G_exact=5.50367848e+00 W_exact=1.47854240e-07
  M=25 P2 G_exact=1.25190004e+01 W_exact=7.68841975e-07
  M=49 P2 G_exact=2.45729919e+01 W_exact=2.95707938e-06
S2-P32779 p=32779 N=32909
  M=13 P2 G_exact=6.50256769e+00 W_exact=5.17049647e-08
  M=32 P2 G_exact=1.60155581e+01 W_exact=3.14846247e-07
  M=64 P2 G_exact=3.20622322e+01 W_exact=1.26030808e-06
S2-P65539 p=65539 N=65287
  M=16 P2 G_exact=8.00196057e+00 W_exact=1.99412413e-08
  M=40 P2 G_exact=2.00122536e+01 W_exact=1.25043312e-07
  M=84 P2 G_exact=4.20540383e+01 W_exact=5.51707576e-07
