{
  "b1_hex": "cd072cd8be6f9f62ac4c09c28206e7e35594aa6b342f5d0a3a5e4842fab428f762e6e282e5c1657c78c3a967b36711eb3906a7c8603d71d409e7a54d87bdc1f7",
  "best_prefix_bits": 1,
  "best_prefix_cost_blocks": 1871642,
  "blocks_evaluated": 2097152,
  "fragments_tried": 6291456,
  "internal_wall_seconds_not_charged": 38.532806,
  "k_bits": 40,
  "n_max": 2097152,
  "outcome": "FAIL",
  "partial_hits": 1,
  "search_space_explored": "2097152 distinct random second blocks (of n_max=2097152); meet table over the low 40 digest bits; window = 16-step round fragments (3 per block)",
  "seed": 0,
  "stop_reason": "table_full",
  "table_size": 2097151,
  "test_vector_gate": {
    "all_pass": true,
    "gate": "PASS",
    "vectors": [
      {
        "expected": "31d6cfe0d16ae931b73c59d7e0c089c0",
        "independent_checker": "31d6cfe0d16ae931b73c59d7e0c089c0",
        "message": "(empty string)",
        "pass": true,
        "solver_core": "31d6cfe0d16ae931b73c59d7e0c089c0"
      },
      {
        "expected": "bde52cb31de33e46245e05fbdbd6fb24",
        "independent_checker": "bde52cb31de33e46245e05fbdbd6fb24",
        "message": "a",
        "pass": true,
        "solver_core": "bde52cb31de33e46245e05fbdbd6fb24"
      },
      {
        "expected": "a448017aaf21d8525fc10ae87aa6729d",
        "independent_checker": "a448017aaf21d8525fc10ae87aa6729d",
        "message": "abc",
        "pass": true,
        "solver_core": "a448017aaf21d8525fc10ae87aa6729d"
      },
      {
        "expected": "d9130a8164549fe818874806e1c7014b",
        "independent_checker": "d9130a8164549fe818874806e1c7014b",
        "message": "message digest",
        "pass": true,
        "solver_core": "d9130a8164549fe818874806e1c7014b"
      },
      {
        "expected": "d79e1c308aa5bbcdeea8ed63df412da9",
        "independent_checker": "d79e1c308aa5bbcdeea8ed63df412da9",
        "message": "abcdefghijklmnopqrstuvwxyz",
        "pass": true,
        "solver_core": "d79e1c308aa5bbcdeea8ed63df412da9"
      },
      {
        "expected": "043f8582f241db351ce627e153e7f0e4",
        "independent_checker": "043f8582f241db351ce627e153e7f0e4",
        "message": "ABCDEFGHIJKLMNOPQRSTUVWXYZabcdefghijklmnopqrstuvwxyz0123456789",
        "pass": true,
        "solver_core": "043f8582f241db351ce627e153e7f0e4"
      },
      {
        "expected": "e33b4ddc9c38f2199c3e7b164fcc0536",
        "independent_checker": "e33b4ddc9c38f2199c3e7b164fcc0536",
        "message": "12345678901234567890123456789012345678901234567890123456789012345678901234567890",
        "pass": true,
        "solver_core": "e33b4ddc9c38f2199c3e7b164fcc0536"
      }
    ]
  },
  "variant_shift": 16
}
