start 2026-09-13T20:54:55.875635+00:00
loading per-R-counts.json ...
loaded 180 configurations, columns=['R_x', 'R_y', 'usable_point_multiset', 'outside_fq_point_multiset', 'point_multiset_total', 'single_x_multiset', 'chained_x_multiset', 'single_x_ordered', 'chained_x_ordered', 'max_y_outside_fq', 'x_multiset_outside_only', 'x_multiset_both_kinds', 'lemma2_side_condition_holds', 'tau_O', 'tau_T2']
reconstruction passed=True mismatch=False
algebraic selftest passed=True
subspace checks even-n low-degree confined=True
[  1/180] n13-m4-t4-k4-low_degree_polynomial-B_eq_1-s20260913201 N1=0
[ 10/180] n13-m4-t4-k4-low_degree_polynomial-random_B-s20260913205 N1=0
[ 20/180] n13-m4-t4-k4-random_k_dimensional-random_B-s20260913205 N1=0
[ 30/180] n15-m5-t3-k3-low_degree_polynomial-random_B-s20260913205 N1=0
[ 40/180] n15-m5-t3-k3-random_k_dimensional-random_B-s20260913205 N1=0
[ 50/180] n17-m3-t3-k6-low_degree_polynomial-random_B-s20260913205 N1=0
[ 60/180] n17-m3-t3-k6-random_k_dimensional-random_B-s20260913205 N1=0
[ 70/180] n19-m3-t3-k7-low_degree_polynomial-random_B-s20260913205 N1=0
[ 80/180] n19-m3-t3-k7-random_k_dimensional-random_B-s20260913205 N1=0
[ 90/180] n21-m3-t3-k7-low_degree_polynomial-random_B-s20260913205 N1=0
[100/180] n21-m3-t3-k7-random_k_dimensional-random_B-s20260913205 N1=0
[110/180] n12-m6-t6-k2-low_degree_polynomial-random_B-s20260913205 N1=16
[120/180] n12-m6-t6-k2-random_k_dimensional-random_B-s20260913205 N1=16
[130/180] n20-m2-t2-k10-low_degree_polynomial-random_B-s20260913205 N1=16
[140/180] n20-m2-t2-k10-random_k_dimensional-random_B-s20260913205 N1=16
[150/180] n22-m2-t2-k11-low_degree_polynomial-random_B-s20260913205 N1=16
[160/180] n22-m2-t2-k11-random_k_dimensional-random_B-s20260913205 N1=16
[170/180] n24-m2-t2-k12-low_degree_polynomial-random_B-s20260913205 N1=16
[180/180] n24-m2-t2-k12-random_k_dimensional-random_B-s20260913205 N1=16
N1 = 16 (exact integer)
N1>0: diagnosis recorded; continuing remaining protocol measurements without forming a claim
P5 untestable: archive retains image SIZES, fibre histograms and image_support_elementwise_identical booleans, not the set of image ele
P4 cell n=21 m=2 t=2 k=11 |V|^t=4194304
  n21-m2-t2-k11-low_degree_polynomial-B_eq_1-s20260913201 2.25s
  n21-m2-t2-k11-low_degree_polynomial-B_eq_1-s20260913202 2.14s
  n21-m2-t2-k11-low_degree_polynomial-random_B-s20260913201 2.13s
  n21-m2-t2-k11-low_degree_polynomial-random_B-s20260913202 2.14s
P4 cell n=23 m=2 t=2 k=12 |V|^t=16777216
  n23-m2-t2-k12-low_degree_polynomial-B_eq_1-s20260913201 4.38s
  n23-m2-t2-k12-low_degree_polynomial-B_eq_1-s20260913202 3.88s
  n23-m2-t2-k12-low_degree_polynomial-random_B-s20260913201 3.75s
  n23-m2-t2-k12-low_degree_polynomial-random_B-s20260913202 3.81s
wrote raw-result.json wall=234.1s rss=0.310GB
