{
 "distinct_fwd_32bit": {
  "min": 9,
  "max": 16,
  "median": 9,
  "histogram": {
   "9": 2,
   "16": 1
  },
  "fraction_at_or_above_injectivity_threshold": 0.3333333333333333
 },
 "distinct_fwd_12bit": {
  "min": 2,
  "max": 5,
  "median": 4,
  "histogram": {
   "2": 1,
   "4": 1,
   "5": 1
  },
  "fraction_at_or_above_injectivity_threshold": 0.0
 },
 "distinct_bwd_32bit_max_over_held_fixed": {
  "min": 10,
  "max": 14,
  "median": 12,
  "histogram": {
   "10": 1,
   "12": 1,
   "14": 1
  },
  "fraction_at_or_above_injectivity_threshold": 0.6666666666666666
 },
 "distinct_bwd_32bit_min_over_held_fixed": {
  "min": 4,
  "max": 7,
  "median": 5,
  "histogram": {
   "4": 1,
   "5": 1,
   "7": 1
  },
  "fraction_at_or_above_injectivity_threshold": 0.0
 },
 "distinct_bwd_12bit_max_over_held_fixed": {
  "min": 10,
  "max": 14,
  "median": 12,
  "histogram": {
   "10": 1,
   "12": 1,
   "14": 1
  },
  "fraction_at_or_above_injectivity_threshold": 0.6666666666666666
 },
 "ctl_po5_raw_candidate_count": {
  "min": 24,
  "max": 128,
  "median": 32,
  "histogram": {
   "24": 1,
   "32": 1,
   "128": 1
  },
  "fraction_at_or_above_injectivity_threshold": 1.0
 },
 "ctl_po5_fraction_at_or_above_ceiling_4": 1.0,
 "po3_byte_identical_all_seeds": true,
 "rc4_surviving_bit_count_histogram": {
  "3": 1,
  "4": 2
 },
 "rc4_modeled_vs_measured_adjudication_count": 1,
 "adjudications": [
  {
   "seed": 20260821,
   "quantity": "distinct_fwd_12bit",
   "observed": 4,
   "predicted": 8,
   "departure": 4,
   "beyond_declared_tolerance": true,
   "tolerance": 1
  },
  {
   "seed": 20260821,
   "quantity": "distinct_bwd_32bit_held_0",
   "observed": 6,
   "predicted": 8,
   "departure": 2,
   "beyond_declared_tolerance": true,
   "tolerance": 1
  },
  {
   "seed": 20260821,
   "quantity": "distinct_bwd_32bit_held_1",
   "observed": 5,
   "predicted": 8,
   "departure": 3,
   "beyond_declared_tolerance": true,
   "tolerance": 1
  },
  {
   "seed": 20260821,
   "quantity": "distinct_bwd_32bit_held_2",
   "observed": 5,
   "predicted": 8,
   "departure": 3,
   "beyond_declared_tolerance": true,
   "tolerance": 1
  },
  {
   "seed": 20260821,
   "quantity": "distinct_bwd_32bit_held_3",
   "observed": 12,
   "predicted": 8,
   "departure": 4,
   "beyond_declared_tolerance": true,
   "tolerance": 1
  },
  {
   "seed": 20260821,
   "quantity": "ctl_po5_raw_candidate_count",
   "observed": 24,
   "predicted": 1,
   "departure": 23,
   "beyond_declared_tolerance": true,
   "tolerance": 1,
   "note": "expected_raw_count_modeled is a Poisson-type MODELED value (1 + 4096/2^20); the batch-5 declared ceiling is 4. Departures beyond the tolerance are recorded; the ceiling is a stopping value, not a prediction."
  },
  {
   "seed": 20260822,
   "quantity": "distinct_fwd_32bit",
   "observed": 9,
   "predicted": 16,
   "departure": 7,
   "beyond_declared_tolerance": true,
   "tolerance": 1
  },
  {
   "seed": 20260822,
   "quantity": "distinct_fwd_12bit",
   "observed": 2,
   "predicted": 16,
   "departure": 14,
   "beyond_declared_tolerance": true,
   "tolerance": 1
  },
  {
   "seed": 20260822,
   "quantity": "distinct_bwd_32bit_held_0",
   "observed": 14,
   "predicted": 16,
   "departure": 2,
   "beyond_declared_tolerance": true,
   "tolerance": 1
  },
  {
   "seed": 20260822,
   "quantity": "distinct_bwd_32bit_held_1",
   "observed": 13,
   "predicted": 16,
   "departure": 3,
   "beyond_declared_tolerance": true,
   "tolerance": 1
  },
  {
   "seed": 20260822,
   "quantity": "distinct_bwd_32bit_held_2",
   "observed": 12,
   "predicted": 16,
   "departure": 4,
   "beyond_declared_tolerance": true,
   "tolerance": 1
  },
  {
   "seed": 20260822,
   "quantity": "distinct_bwd_32bit_held_3",
   "observed": 7,
   "predicted": 16,
   "departure": 9,
   "beyond_declared_tolerance": true,
   "tolerance": 1
  },
  {
   "seed": 20260822,
   "quantity": "ctl_po5_raw_candidate_count",
   "observed": 32,
   "predicted": 1,
   "departure": 31,
   "beyond_declared_tolerance": true,
   "tolerance": 1,
   "note": "expected_raw_count_modeled is a Poisson-type MODELED value (1 + 4096/2^20); the batch-5 declared ceiling is 4. Departures beyond the tolerance are recorded; the ceiling is a stopping value, not a prediction."
  },
  {
   "seed": 20260823,
   "quantity": "distinct_fwd_12bit",
   "observed": 5,
   "predicted": 16,
   "departure": 11,
   "beyond_declared_tolerance": true,
   "tolerance": 1
  },
  {
   "seed": 20260823,
   "quantity": "distinct_bwd_32bit_held_0",
   "observed": 10,
   "predicted": 16,
   "departure": 6,
   "beyond_declared_tolerance": true,
   "tolerance": 1
  },
  {
   "seed": 20260823,
   "quantity": "distinct_bwd_32bit_held_1",
   "observed": 8,
   "predicted": 16,
   "departure": 8,
   "beyond_declared_tolerance": true,
   "tolerance": 1
  },
  {
   "seed": 20260823,
   "quantity": "distinct_bwd_32bit_held_2",
   "observed": 8,
   "predicted": 16,
   "departure": 8,
   "beyond_declared_tolerance": true,
   "tolerance": 1
  },
  {
   "seed": 20260823,
   "quantity": "distinct_bwd_32bit_held_3",
   "observed": 4,
   "predicted": 16,
   "departure": 12,
   "beyond_declared_tolerance": true,
   "tolerance": 1
  },
  {
   "seed": 20260823,
   "quantity": "ctl_po5_raw_candidate_count",
   "observed": 128,
   "predicted": 1,
   "departure": 127,
   "beyond_declared_tolerance": true,
   "tolerance": 1,
   "note": "expected_raw_count_modeled is a Poisson-type MODELED value (1 + 4096/2^20); the batch-5 declared ceiling is 4. Departures beyond the tolerance are recorded; the ceiling is a stopping value, not a prediction."
  }
 ]
}
