{
  "d": 4,
  "k_prime": 5,
  "n": 20,
  "field_mod": 1048585,
  "A": 0,
  "B": 786371,
  "t_base": 5,
  "h": 12,
  "N": 1049052,
  "r": 87421,
  "r_prime": true,
  "gcd_h_r": 1,
  "ord_pi_q": 5,
  "expected_ord": 5,
  "ord_match": true,
  "certificate_path": "experiments/EXP-BINSTD-9d1b8e/stage2/certificates/ord-pi-q-d4-k5.yaml",
  "certificate_verified": true,
  "pi2": {
    "d": 4,
    "k_prime": 5,
    "N": 100,
    "x_notin_F2_count": 100,
    "pi2_off_curve_failures_among_notin_F2": 100,
    "pi2_on_curve_unexpected_among_notin_F2": 0,
    "expect_failures_eq_notin_F2": true,
    "anomalous": null,
    "seed": 20260926
  },
  "hard_fail_ord": false
}
