[2026-10-02T10:00:13.407998+00:00] attempt experiments/EXP-PFDR-011cd0/runs/RUN-PFDR-011cd0-table/attempt-1: 71 jobs, max 4 processes, attempt watchdog 86400 s, per-job 21600 s, MemAvailable gate 4.0 GB, disk floor 2.5 GB, package guard 1500000000.0 B; trigger: R12 attempt-1 (AMD-20261002-236691 E-10)
[2026-10-02T10:00:13.413859+00:00] job 3-b32-c10 started (pid 9774; watchdog 21600 s)
[2026-10-02T10:00:13.418539+00:00] job 3-b32-c110 started (pid 9775; watchdog 21600 s)
[2026-10-02T10:00:13.422936+00:00] job 3-b32-c210 started (pid 9776; watchdog 21600 s)
[2026-10-02T10:00:13.428389+00:00] job 4-b32-c10 started (pid 9777; watchdog 21600 s)
[2026-10-02T10:01:21.643029+00:00] job 4-b32-c10 ended: exit 0 rows 1100 statuses {'completed_valid': 1100} missing 0 wall 65.755 s peak_rss 58372096 abnormal False
[2026-10-02T10:01:21.648096+00:00] job 4-b32-c110 started (pid 10229; watchdog 21600 s)
[2026-10-02T10:02:31.832804+00:00] job 4-b32-c110 ended: exit 0 rows 1100 statuses {'completed_valid': 1100} missing 0 wall 67.226 s peak_rss 56180736 abnormal False
[2026-10-02T10:02:31.837750+00:00] job 4-b32-c210 started (pid 10437; watchdog 21600 s)
[2026-10-02T10:03:38.034828+00:00] job 4-b32-c210 ended: exit 0 rows 1100 statuses {'completed_valid': 1100} missing 0 wall 63.463 s peak_rss 58400768 abnormal False
[2026-10-02T10:03:38.042906+00:00] job 4-b32-c310 started (pid 10527; watchdog 21600 s)
[2026-10-02T10:04:42.276248+00:00] job 4-b32-c310 ended: exit 0 rows 1100 statuses {'completed_valid': 1100} missing 0 wall 63.268 s peak_rss 57360384 abnormal False
[2026-10-02T10:04:42.284526+00:00] job 4-b32-c410 started (pid 10620; watchdog 21600 s)
[2026-10-02T10:05:48.476947+00:00] job 4-b32-c410 ended: exit 0 rows 1100 statuses {'completed_valid': 1100} missing 0 wall 64.334 s peak_rss 60248064 abnormal False
[2026-10-02T10:05:48.481929+00:00] job 4-b32-c510 started (pid 10713; watchdog 21600 s)
[2026-10-02T10:06:54.673945+00:00] job 4-b32-c510 ended: exit 0 rows 1100 statuses {'completed_valid': 1100} missing 0 wall 63.669 s peak_rss 57544704 abnormal False
[2026-10-02T10:06:54.679937+00:00] job 4-b32-c610 started (pid 10803; watchdog 21600 s)
[2026-10-02T10:08:00.856471+00:00] job 4-b32-c610 ended: exit 0 rows 1100 statuses {'completed_valid': 1100} missing 0 wall 64.654 s peak_rss 59830272 abnormal False
[2026-10-02T10:08:00.868375+00:00] job 4-b32-c710 started (pid 10896; watchdog 21600 s)
[2026-10-02T10:09:07.049439+00:00] job 4-b32-c710 ended: exit 0 rows 1100 statuses {'completed_valid': 1100} missing 0 wall 65.263 s peak_rss 57946112 abnormal False
[2026-10-02T10:09:07.054671+00:00] job 4-b32-c810 started (pid 10988; watchdog 21600 s)
[2026-10-02T10:10:11.230968+00:00] job 4-b32-c810 ended: exit 0 rows 1100 statuses {'completed_valid': 1100} missing 0 wall 62.145 s peak_rss 59224064 abnormal False
[2026-10-02T10:10:11.237080+00:00] job 4-b32-c910 started (pid 11080; watchdog 21600 s)
[2026-10-02T10:11:21.438284+00:00] job 4-b32-c910 ended: exit 0 rows 1100 statuses {'completed_valid': 1100} missing 0 wall 67.73 s peak_rss 59559936 abnormal False
[2026-10-02T10:11:21.445212+00:00] job 4-b32-c1010 started (pid 11174; watchdog 21600 s)
[2026-10-02T10:11:48.613990+00:00] job 3-b32-c10 ended: exit 0 rows 1200 statuses {'completed_valid': 1200} missing 0 wall 690.185 s peak_rss 380506112 abnormal False
[2026-10-02T10:11:51.642936+00:00] job 3-b32-c210 ended: exit 0 rows 1200 statuses {'completed_valid': 1200} missing 0 wall 694.425 s peak_rss 365027328 abnormal False
[2026-10-02T10:11:51.648384+00:00] job 4-b32-c1110 started (pid 11263; watchdog 21600 s)
[2026-10-02T10:11:51.656759+00:00] job 4-b32-c1210 started (pid 11264; watchdog 21600 s)
[2026-10-02T10:11:56.947069+00:00] job 3-b32-c110 ended: exit 0 rows 1200 statuses {'completed_valid': 1200} missing 0 wall 697.784 s peak_rss 371974144 abnormal False
[2026-10-02T10:11:56.952722+00:00] job 4-b32-c1310 started (pid 11420; watchdog 21600 s)
[2026-10-02T10:12:27.135091+00:00] job 4-b32-c1010 ended: exit 0 rows 1100 statuses {'completed_valid': 1100} missing 0 wall 64.748 s peak_rss 58830848 abnormal False
[2026-10-02T10:12:27.140385+00:00] job 4-b32-c1410 started (pid 11545; watchdog 21600 s)
[2026-10-02T10:12:57.328271+00:00] job 4-b32-c1110 ended: exit 0 rows 1100 statuses {'completed_valid': 1100} missing 0 wall 63.101 s peak_rss 58134528 abnormal False
[2026-10-02T10:12:57.525131+00:00] job 4-b32-c1210 ended: exit 0 rows 1100 statuses {'completed_valid': 1100} missing 0 wall 63.027 s peak_rss 56217600 abnormal False
[2026-10-02T10:12:57.531465+00:00] job 4-b32-c1510 started (pid 11637; watchdog 21600 s)
[2026-10-02T10:12:57.540369+00:00] job 4-b32-c1610 started (pid 11638; watchdog 21600 s)
[2026-10-02T10:13:03.720658+00:00] job 4-b32-c1310 ended: exit 0 rows 1100 statuses {'completed_valid': 1100} missing 0 wall 64.569 s peak_rss 58851328 abnormal False
[2026-10-02T10:13:03.725963+00:00] job 4-b32-c1710 started (pid 11794; watchdog 21600 s)
[2026-10-02T10:13:31.913554+00:00] job 4-b32-c1410 ended: exit 0 rows 1100 statuses {'completed_valid': 1100} missing 0 wall 62.003 s peak_rss 62230528 abnormal False
[2026-10-02T10:13:31.919009+00:00] job 4-b32-c1810 started (pid 11877; watchdog 21600 s)
[2026-10-02T10:14:04.155615+00:00] job 4-b32-c1510 ended: exit 0 rows 1100 statuses {'completed_valid': 1100} missing 0 wall 63.731 s peak_rss 59674624 abnormal False
[2026-10-02T10:14:04.380169+00:00] job 4-b32-c1610 ended: exit 0 rows 1100 statuses {'completed_valid': 1100} missing 0 wall 64.557 s peak_rss 58159104 abnormal False
[2026-10-02T10:14:04.385559+00:00] job 4-b32-c1910 started (pid 11969; watchdog 21600 s)
[2026-10-02T10:14:04.396406+00:00] job 5-b32-c10 started (pid 11970; watchdog 21600 s)
[2026-10-02T10:14:12.605266+00:00] job 4-b32-c1710 ended: exit 0 rows 1100 statuses {'completed_valid': 1100} missing 0 wall 66.505 s peak_rss 59371520 abnormal False
[2026-10-02T10:14:12.611139+00:00] job 5-b32-c110 started (pid 12126; watchdog 21600 s)
[2026-10-02T10:14:40.826480+00:00] job 4-b32-c1810 ended: exit 0 rows 1100 statuses {'completed_valid': 1100} missing 0 wall 67.12 s peak_rss 60280832 abnormal False
[2026-10-02T10:14:40.836104+00:00] job 5-b32-c210 started (pid 12213; watchdog 21600 s)
[2026-10-02T10:15:17.072130+00:00] job 4-b32-c1910 ended: exit 0 rows 1100 statuses {'completed_valid': 1100} missing 0 wall 71.044 s peak_rss 57004032 abnormal False
[2026-10-02T10:15:17.080710+00:00] job 5-b32-c310 started (pid 12304; watchdog 21600 s)
[2026-10-02T10:17:25.692582+00:00] job 5-b32-c10 ended: exit 0 rows 1100 statuses {'completed_valid': 1100} missing 0 wall 199.851 s peak_rss 282075136 abnormal False
[2026-10-02T10:17:25.701939+00:00] job 3-b30-c10 started (pid 12414; watchdog 21600 s)
[2026-10-02T10:17:54.398633+00:00] job 5-b32-c110 ended: exit 0 rows 1100 statuses {'completed_valid': 1100} missing 0 wall 220.338 s peak_rss 244195328 abnormal False
[2026-10-02T10:17:54.404464+00:00] job 3-b30-c110 started (pid 12499; watchdog 21600 s)
[2026-10-02T10:18:15.066762+00:00] job 5-b32-c210 ended: exit 0 rows 1100 statuses {'completed_valid': 1100} missing 0 wall 210.9 s peak_rss 254447616 abnormal False
[2026-10-02T10:18:15.072645+00:00] job 3-b30-c210 started (pid 12587; watchdog 21600 s)
[2026-10-02T10:18:49.747082+00:00] job 5-b32-c310 ended: exit 0 rows 1100 statuses {'completed_valid': 1100} missing 0 wall 210.168 s peak_rss 252952576 abnormal False
[2026-10-02T10:18:49.753441+00:00] job 4-b30-c10 started (pid 12673; watchdog 21600 s)
[2026-10-02T10:19:31.938151+00:00] job 4-b30-c10 ended: exit 0 rows 1100 statuses {'completed_valid': 1100} missing 0 wall 40.904 s peak_rss 53125120 abnormal False
[2026-10-02T10:19:31.944057+00:00] job 4-b30-c110 started (pid 13030; watchdog 21600 s)
[2026-10-02T10:20:12.153223+00:00] job 4-b30-c110 ended: exit 0 rows 1100 statuses {'completed_valid': 1100} missing 0 wall 37.566 s peak_rss 52883456 abnormal False
[2026-10-02T10:20:12.160297+00:00] job 4-b30-c210 started (pid 13179; watchdog 21600 s)
[2026-10-02T10:20:48.324114+00:00] job 4-b30-c210 ended: exit 0 rows 1100 statuses {'completed_valid': 1100} missing 0 wall 35.013 s peak_rss 52649984 abnormal False
[2026-10-02T10:20:48.330386+00:00] job 4-b30-c310 started (pid 13267; watchdog 21600 s)
[2026-10-02T10:21:26.500946+00:00] job 4-b30-c310 ended: exit 0 rows 1100 statuses {'completed_valid': 1100} missing 0 wall 35.592 s peak_rss 52789248 abnormal False
[2026-10-02T10:21:26.507400+00:00] job 4-b30-c410 started (pid 13355; watchdog 21600 s)
[2026-10-02T10:22:06.662782+00:00] job 4-b30-c410 ended: exit 0 rows 1100 statuses {'completed_valid': 1100} missing 0 wall 38.896 s peak_rss 52690944 abnormal False
[2026-10-02T10:22:06.668896+00:00] job 4-b30-c510 started (pid 13447; watchdog 21600 s)
[2026-10-02T10:22:48.841829+00:00] job 3-b30-c10 ended: exit 0 rows 1200 statuses {'completed_valid': 1200} missing 0 wall 318.376 s peak_rss 214749184 abnormal False
[2026-10-02T10:22:48.848257+00:00] job 4-b30-c610 started (pid 13590; watchdog 21600 s)
[2026-10-02T10:22:51.045554+00:00] job 4-b30-c510 ended: exit 0 rows 1100 statuses {'completed_valid': 1100} missing 0 wall 41.522 s peak_rss 52293632 abnormal False
[2026-10-02T10:22:51.052117+00:00] job 4-b30-c710 started (pid 13675; watchdog 21600 s)
[2026-10-02T10:23:17.120073+00:00] job 3-b30-c110 ended: exit 0 rows 1200 statuses {'completed_valid': 1200} missing 0 wall 319.289 s peak_rss 209211392 abnormal False
[2026-10-02T10:23:17.126417+00:00] job 4-b30-c810 started (pid 13759; watchdog 21600 s)
[2026-10-02T10:23:29.104341+00:00] job 3-b30-c210 ended: exit 0 rows 1200 statuses {'completed_valid': 1200} missing 0 wall 309.456 s peak_rss 196481024 abnormal False
[2026-10-02T10:23:29.289404+00:00] job 4-b30-c610 ended: exit 0 rows 1100 statuses {'completed_valid': 1100} missing 0 wall 38.379 s peak_rss 52305920 abnormal False
[2026-10-02T10:23:29.295782+00:00] job 4-b30-c910 started (pid 13845; watchdog 21600 s)
[2026-10-02T10:23:29.308419+00:00] job 4-b30-c1010 started (pid 13846; watchdog 21600 s)
[2026-10-02T10:23:31.506885+00:00] job 4-b30-c710 ended: exit 0 rows 1100 statuses {'completed_valid': 1100} missing 0 wall 37.493 s peak_rss 53248000 abnormal False
[2026-10-02T10:23:31.517351+00:00] job 4-b30-c1110 started (pid 14001; watchdog 21600 s)
[2026-10-02T10:23:57.689181+00:00] job 4-b30-c810 ended: exit 0 rows 1100 statuses {'completed_valid': 1100} missing 0 wall 37.932 s peak_rss 52633600 abnormal False
[2026-10-02T10:23:57.697534+00:00] job 4-b30-c1210 started (pid 14087; watchdog 21600 s)
[2026-10-02T10:24:07.876448+00:00] job 4-b30-c910 ended: exit 0 rows 1100 statuses {'completed_valid': 1100} missing 0 wall 36.927 s peak_rss 53104640 abnormal False
[2026-10-02T10:24:07.883413+00:00] job 4-b30-c1310 started (pid 14169; watchdog 21600 s)
[2026-10-02T10:24:10.049386+00:00] job 4-b30-c1010 ended: exit 0 rows 1100 statuses {'completed_valid': 1100} missing 0 wall 38.682 s peak_rss 51453952 abnormal False
[2026-10-02T10:24:10.057953+00:00] job 4-b30-c1410 started (pid 14249; watchdog 21600 s)
[2026-10-02T10:24:12.225323+00:00] job 4-b30-c1110 ended: exit 0 rows 1100 statuses {'completed_valid': 1100} missing 0 wall 38.542 s peak_rss 54493184 abnormal False
[2026-10-02T10:24:12.232120+00:00] job 4-b30-c1510 started (pid 14329; watchdog 21600 s)
[2026-10-02T10:24:34.390351+00:00] job 4-b30-c1210 ended: exit 0 rows 1100 statuses {'completed_valid': 1100} missing 0 wall 35.45 s peak_rss 54063104 abnormal False
[2026-10-02T10:24:34.397108+00:00] job 4-b30-c1610 started (pid 14415; watchdog 21600 s)
[2026-10-02T10:24:46.576620+00:00] job 4-b30-c1310 ended: exit 0 rows 1100 statuses {'completed_valid': 1100} missing 0 wall 36.347 s peak_rss 52195328 abnormal False
[2026-10-02T10:24:46.762194+00:00] job 4-b30-c1410 ended: exit 0 rows 1100 statuses {'completed_valid': 1100} missing 0 wall 35.114 s peak_rss 51318784 abnormal False
[2026-10-02T10:24:46.768904+00:00] job 4-b30-c1710 started (pid 14501; watchdog 21600 s)
[2026-10-02T10:24:46.780401+00:00] job 4-b30-c1810 started (pid 14502; watchdog 21600 s)
[2026-10-02T10:24:48.950437+00:00] job 4-b30-c1510 ended: exit 0 rows 1100 statuses {'completed_valid': 1100} missing 0 wall 34.786 s peak_rss 53063680 abnormal False
[2026-10-02T10:24:48.957710+00:00] job 4-b30-c1910 started (pid 14657; watchdog 21600 s)
[2026-10-02T10:25:13.120638+00:00] job 4-b30-c1610 ended: exit 0 rows 1100 statuses {'completed_valid': 1100} missing 0 wall 36.782 s peak_rss 52539392 abnormal False
[2026-10-02T10:25:13.127901+00:00] job 5-b30-c10 started (pid 14743; watchdog 21600 s)
[2026-10-02T10:25:25.290058+00:00] job 4-b30-c1710 ended: exit 0 rows 1100 statuses {'completed_valid': 1100} missing 0 wall 37.328 s peak_rss 52715520 abnormal False
[2026-10-02T10:25:25.447331+00:00] job 4-b30-c1810 ended: exit 0 rows 1100 statuses {'completed_valid': 1100} missing 0 wall 37.193 s peak_rss 55394304 abnormal False
[2026-10-02T10:25:25.604092+00:00] job 4-b30-c1910 ended: exit 0 rows 1100 statuses {'completed_valid': 1100} missing 0 wall 34.885 s peak_rss 52895744 abnormal False
[2026-10-02T10:25:25.610916+00:00] job 5-b30-c110 started (pid 14836; watchdog 21600 s)
[2026-10-02T10:25:25.617380+00:00] job 5-b30-c210 started (pid 14837; watchdog 21600 s)
[2026-10-02T10:25:25.623792+00:00] job 5-b30-c310 started (pid 14838; watchdog 21600 s)
[2026-10-02T10:27:00.195603+00:00] job 5-b30-c10 ended: exit 0 rows 1100 statuses {'completed_valid': 1100} missing 0 wall 104.584 s peak_rss 151707648 abnormal False
[2026-10-02T10:27:00.202888+00:00] job 3-b28-c10 started (pid 15088; watchdog 21600 s)
[2026-10-02T10:27:08.726048+00:00] job 5-b30-c210 ended: exit 0 rows 1100 statuses {'completed_valid': 1100} missing 0 wall 100.723 s peak_rss 136937472 abnormal False
[2026-10-02T10:27:09.325780+00:00] job 5-b30-c310 ended: exit 0 rows 1100 statuses {'completed_valid': 1100} missing 0 wall 100.567 s peak_rss 145965056 abnormal False
[2026-10-02T10:27:09.337511+00:00] job 4-b28-c10 started (pid 15174; watchdog 21600 s)
[2026-10-02T10:27:09.356467+00:00] job 5-b28-c10 started (pid 15175; watchdog 21600 s)
[2026-10-02T10:27:11.920881+00:00] job 5-b30-c110 ended: exit 0 rows 1100 statuses {'completed_valid': 1100} missing 0 wall 104.479 s peak_rss 141856768 abnormal False
[2026-10-02T10:27:11.940392+00:00] job 3-b26-c10 started (pid 15330; watchdog 21600 s)
[2026-10-02T10:27:34.124858+00:00] job 4-b28-c10 ended: exit 0 rows 1100 statuses {'completed_valid': 1100} missing 0 wall 23.104 s peak_rss 48680960 abnormal False
[2026-10-02T10:27:34.132326+00:00] job 4-b26-c10 started (pid 15416; watchdog 21600 s)
[2026-10-02T10:27:52.281075+00:00] job 4-b26-c10 ended: exit 0 rows 1100 statuses {'completed_valid': 1100} missing 0 wall 16.893 s peak_rss 46874624 abnormal False
[2026-10-02T10:27:52.288510+00:00] job 5-b26-c10 started (pid 15502; watchdog 21600 s)
[2026-10-02T10:28:06.715654+00:00] job 5-b28-c10 ended: exit 0 rows 1100 statuses {'completed_valid': 1100} missing 0 wall 55.413 s peak_rss 91656192 abnormal False
[2026-10-02T10:28:06.725999+00:00] job 3-b24-c10 started (pid 15584; watchdog 21600 s)
[2026-10-02T10:28:27.148963+00:00] job 5-b26-c10 ended: exit 0 rows 1100 statuses {'completed_valid': 1100} missing 0 wall 32.993 s peak_rss 70848512 abnormal False
[2026-10-02T10:28:27.156351+00:00] job 3-b24-c10-known_log started (pid 15670; watchdog 21600 s)
[2026-10-02T10:28:32.040582+00:00] job 3-b26-c10 ended: exit 0 rows 1200 statuses {'completed_valid': 1200} missing 0 wall 78.357 s peak_rss 82255872 abnormal False
[2026-10-02T10:28:32.048311+00:00] job 4-b24-c10 started (pid 15750; watchdog 21600 s)
[2026-10-02T10:28:44.200912+00:00] job 4-b24-c10 ended: exit 0 rows 1100 statuses {'completed_valid': 1100} missing 0 wall 10.821 s peak_rss 45850624 abnormal False
[2026-10-02T10:28:44.212403+00:00] job 5-b24-c10 started (pid 15835; watchdog 21600 s)
[2026-10-02T10:28:58.907717+00:00] job 3-b24-c10 ended: exit 0 rows 1200 statuses {'completed_valid': 1200} missing 0 wall 49.109 s peak_rss 65605632 abnormal False
[2026-10-02T10:28:58.919729+00:00] job 3-b22-c10 started (pid 15920; watchdog 21600 s)
[2026-10-02T10:29:09.271466+00:00] job 5-b24-c10 ended: exit 0 rows 1100 statuses {'completed_valid': 1100} missing 0 wall 22.958 s peak_rss 59121664 abnormal False
[2026-10-02T10:29:09.280839+00:00] job 4-b22-c10 started (pid 16001; watchdog 21600 s)
[2026-10-02T10:29:19.466462+00:00] job 4-b22-c10 ended: exit 0 rows 1100 statuses {'completed_valid': 1100} missing 0 wall 8.709 s peak_rss 45445120 abnormal False
[2026-10-02T10:29:19.478463+00:00] job 5-b22-c10 started (pid 16082; watchdog 21600 s)
[2026-10-02T10:29:29.900330+00:00] job 3-b22-c10 ended: exit 0 rows 1200 statuses {'completed_valid': 1200} missing 0 wall 28.768 s peak_rss 58724352 abnormal False
[2026-10-02T10:29:29.908850+00:00] job 3-b20-c10 started (pid 16167; watchdog 21600 s)
[2026-10-02T10:29:33.183061+00:00] job 3-b28-c10 ended: exit 0 rows 1200 statuses {'completed_valid': 1200} missing 0 wall 150.825 s peak_rss 116494336 abnormal False
[2026-10-02T10:29:33.191443+00:00] job 3-b20-c10-known_log started (pid 16247; watchdog 21600 s)
[2026-10-02T10:29:37.580155+00:00] job 5-b22-c10 ended: exit 0 rows 1100 statuses {'completed_valid': 1100} missing 0 wall 15.283 s peak_rss 55754752 abnormal False
[2026-10-02T10:29:37.587930+00:00] job 4-b20-c10 started (pid 16329; watchdog 21600 s)
[2026-10-02T10:29:45.730762+00:00] job 4-b20-c10 ended: exit 0 rows 1100 statuses {'completed_valid': 1100} missing 0 wall 5.694 s peak_rss 45142016 abnormal False
[2026-10-02T10:29:45.738775+00:00] job 5-b20-c10 started (pid 16410; watchdog 21600 s)
[2026-10-02T10:29:48.040949+00:00] job 3-b20-c10 ended: exit 0 rows 1200 statuses {'completed_valid': 1200} missing 0 wall 15.719 s peak_rss 54136832 abnormal False
[2026-10-02T10:29:48.285740+00:00] job 3-b20-c10-known_log ended: exit 0 rows 10 statuses {'completed_valid': 10} missing 0 wall 12.427 s peak_rss 100839424 abnormal False
[2026-10-02T10:29:58.521683+00:00] job 5-b20-c10 ended: exit 0 rows 1100 statuses {'completed_valid': 1100} missing 0 wall 10.315 s peak_rss 54050816 abnormal False
[2026-10-02T10:31:01.900127+00:00] job 3-b24-c10-known_log ended: exit 0 rows 10 statuses {'completed_valid': 10} missing 0 wall 151.999 s peak_rss 537137152 abnormal False
[2026-10-02T10:31:03.931857+00:00] attempt done: 71 jobs ended, not started 0 (None); wall 1850.5 s
