GMP-ECM 7.0.5 [configured with GMP 6.3.0, --enable-asm-redc] [ECM]
Input number is 50243707681270121398930776975875800179177648423415836477341980978640186433710211247 (83 digits)
Using B1=1000000, B2=1045563762, polynomial Dickson(6), sigma=1:3867142953
Step 1 took 571ms
Step 2 took 390ms
Run 2 out of 3000:
Using B1=1000000, B2=1045563762, polynomial Dickson(6), sigma=1:2803299967
Step 1 took 496ms
Step 2 took 389ms
Run 3 out of 3000:
Using B1=1000000, B2=1045563762, polynomial Dickson(6), sigma=1:362327931
Step 1 took 477ms
Step 2 took 399ms
Run 4 out of 3000:
Using B1=1000000, B2=1045563762, polynomial Dickson(6), sigma=1:3245002553
Step 1 took 472ms
Step 2 took 393ms
Run 5 out of 3000:
Using B1=1000000, B2=1045563762, polynomial Dickson(6), sigma=1:1652457396
Step 1 took 485ms
Step 2 took 393ms
Run 6 out of 3000:
Using B1=1000000, B2=1045563762, polynomial Dickson(6), sigma=1:1067118191
Step 1 took 514ms
Step 2 took 384ms
Run 7 out of 3000:
Using B1=1000000, B2=1045563762, polynomial Dickson(6), sigma=1:3069462691
Step 1 took 504ms
Step 2 took 397ms
Run 8 out of 3000:
Using B1=1000000, B2=1045563762, polynomial Dickson(6), sigma=1:1549770846
Step 1 took 526ms
Step 2 took 402ms
Run 9 out of 3000:
Using B1=1000000, B2=1045563762, polynomial Dickson(6), sigma=1:2121452702
Step 1 took 538ms
Step 2 took 412ms
Run 10 out of 3000:
Using B1=1000000, B2=1045563762, polynomial Dickson(6), sigma=1:4077553450
Step 1 took 481ms
Step 2 took 421ms
Run 11 out of 3000:
Using B1=1000000, B2=1045563762, polynomial Dickson(6), sigma=1:4218558849
Step 1 took 542ms
Step 2 took 395ms
Run 12 out of 3000:
Using B1=1000000, B2=1045563762, polynomial Dickson(6), sigma=1:3228719034
Step 1 took 503ms
Step 2 took 399ms
Run 13 out of 3000:
Using B1=1000000, B2=1045563762, polynomial Dickson(6), sigma=1:997354437
Step 1 took 550ms
Step 2 took 384ms
Run 14 out of 3000:
Using B1=1000000, B2=1045563762, polynomial Dickson(6), sigma=1:2131976039
Step 1 took 493ms
Step 2 took 381ms
Run 15 out of 3000:
Using B1=1000000, B2=1045563762, polynomial Dickson(6), sigma=1:1467901983
Step 1 took 501ms
Step 2 took 385ms
Run 16 out of 3000:
Using B1=1000000, B2=1045563762, polynomial Dickson(6), sigma=1:4099209282
Step 1 took 576ms
Step 2 took 395ms
Run 17 out of 3000:
Using B1=1000000, B2=1045563762, polynomial Dickson(6), sigma=1:1758893491
Step 1 took 499ms
Step 2 took 389ms
Run 18 out of 3000:
Using B1=1000000, B2=1045563762, polynomial Dickson(6), sigma=1:1718583673
Step 1 took 545ms
Step 2 took 451ms
Run 19 out of 3000:
Using B1=1000000, B2=1045563762, polynomial Dickson(6), sigma=1:3490199908
Step 1 took 492ms
Step 2 took 385ms
Run 20 out of 3000:
Using B1=1000000, B2=1045563762, polynomial Dickson(6), sigma=1:1695590122
Step 1 took 548ms
Step 2 took 392ms
Run 21 out of 3000:
Using B1=1000000, B2=1045563762, polynomial Dickson(6), sigma=1:2664406753
Step 1 took 465ms
Step 2 took 371ms
Run 22 out of 3000:
Using B1=1000000, B2=1045563762, polynomial Dickson(6), sigma=1:354437420
Step 1 took 474ms
Step 2 took 360ms
Run 23 out of 3000:
Using B1=1000000, B2=1045563762, polynomial Dickson(6), sigma=1:2435965241
Step 1 took 480ms
Step 2 took 390ms
Run 24 out of 3000:
Using B1=1000000, B2=1045563762, polynomial Dickson(6), sigma=1:664304386
Step 1 took 518ms
Step 2 took 391ms
Run 25 out of 3000:
Using B1=1000000, B2=1045563762, polynomial Dickson(6), sigma=1:4123573333
Step 1 took 504ms
Step 2 took 378ms
Run 26 out of 3000:
Using B1=1000000, B2=1045563762, polynomial Dickson(6), sigma=1:2756758180
Step 1 took 495ms
Step 2 took 421ms
Run 27 out of 3000:
Using B1=1000000, B2=1045563762, polynomial Dickson(6), sigma=1:2249956644
Step 1 took 524ms
Step 2 took 388ms
Run 28 out of 3000:
Using B1=1000000, B2=1045563762, polynomial Dickson(6), sigma=1:4196852549
Step 1 took 511ms
Step 2 took 384ms
Run 29 out of 3000:
Using B1=1000000, B2=1045563762, polynomial Dickson(6), sigma=1:2500343525
Step 1 took 502ms
Step 2 took 391ms
Run 30 out of 3000:
Using B1=1000000, B2=1045563762, polynomial Dickson(6), sigma=1:4141161372
Step 1 took 496ms
Step 2 took 393ms
Run 31 out of 3000:
Using B1=1000000, B2=1045563762, polynomial Dickson(6), sigma=1:378152269
Step 1 took 497ms
Step 2 took 391ms
Run 32 out of 3000:
Using B1=1000000, B2=1045563762, polynomial Dickson(6), sigma=1:2574518759
Step 1 took 502ms
Step 2 took 393ms
Run 33 out of 3000:
Using B1=1000000, B2=1045563762, polynomial Dickson(6), sigma=1:4242105367
Step 1 took 502ms
Step 2 took 398ms
Run 34 out of 3000:
Using B1=1000000, B2=1045563762, polynomial Dickson(6), sigma=1:2071719828
Step 1 took 497ms
Step 2 took 371ms
Run 35 out of 3000:
Using B1=1000000, B2=1045563762, polynomial Dickson(6), sigma=1:833474871
Step 1 took 499ms
Step 2 took 400ms
Run 36 out of 3000:
Using B1=1000000, B2=1045563762, polynomial Dickson(6), sigma=1:3489278491
Step 1 took 501ms
Step 2 took 391ms
Run 37 out of 3000:
Using B1=1000000, B2=1045563762, polynomial Dickson(6), sigma=1:3612313528
Step 1 took 497ms
Step 2 took 372ms
Run 38 out of 3000:
Using B1=1000000, B2=1045563762, polynomial Dickson(6), sigma=1:2975262476
Step 1 took 510ms
Step 2 took 390ms
Run 39 out of 3000:
Using B1=1000000, B2=1045563762, polynomial Dickson(6), sigma=1:2364851279
Step 1 took 505ms
Step 2 took 391ms
Run 40 out of 3000:
Using B1=1000000, B2=1045563762, polynomial Dickson(6), sigma=1:3049295617
Step 1 took 506ms
Step 2 took 384ms
Run 41 out of 3000:
Using B1=1000000, B2=1045563762, polynomial Dickson(6), sigma=1:3073597463
Step 1 took 506ms
Step 2 took 393ms
Run 42 out of 3000:
Using B1=1000000, B2=1045563762, polynomial Dickson(6), sigma=1:2031271852
Step 1 took 522ms
Step 2 took 399ms
Run 43 out of 3000:
Using B1=1000000, B2=1045563762, polynomial Dickson(6), sigma=1:451654840
Step 1 took 508ms
Step 2 took 397ms
Run 44 out of 3000:
Using B1=1000000, B2=1045563762, polynomial Dickson(6), sigma=1:1456593102
Step 1 took 497ms
Step 2 took 386ms
Run 45 out of 3000:
Using B1=1000000, B2=1045563762, polynomial Dickson(6), sigma=1:1119432924
Step 1 took 496ms
Step 2 took 373ms
Run 46 out of 3000:
Using B1=1000000, B2=1045563762, polynomial Dickson(6), sigma=1:742925487
Step 1 took 499ms
Step 2 took 386ms
Run 47 out of 3000:
Using B1=1000000, B2=1045563762, polynomial Dickson(6), sigma=1:3782292616
Step 1 took 487ms
Step 2 took 392ms
Run 48 out of 3000:
Using B1=1000000, B2=1045563762, polynomial Dickson(6), sigma=1:958912538
Step 1 took 502ms
Step 2 took 391ms
Run 49 out of 3000:
Using B1=1000000, B2=1045563762, polynomial Dickson(6), sigma=1:1710794322
Step 1 took 506ms
Step 2 took 389ms
Run 50 out of 3000:
Using B1=1000000, B2=1045563762, polynomial Dickson(6), sigma=1:2279514177
Step 1 took 507ms
Step 2 took 389ms
Run 51 out of 3000:
Using B1=1000000, B2=1045563762, polynomial Dickson(6), sigma=1:3540339376
Step 1 took 531ms
Step 2 took 394ms
Run 52 out of 3000:
Using B1=1000000, B2=1045563762, polynomial Dickson(6), sigma=1:1282276557
Step 1 took 566ms
Step 2 took 393ms
Run 53 out of 3000:
Using B1=1000000, B2=1045563762, polynomial Dickson(6), sigma=1:3541580730
Step 1 took 509ms
Step 2 took 395ms
Run 54 out of 3000:
Using B1=1000000, B2=1045563762, polynomial Dickson(6), sigma=1:3699974019
Step 1 took 507ms
Step 2 took 385ms
Run 55 out of 3000:
Using B1=1000000, B2=1045563762, polynomial Dickson(6), sigma=1:3304203305
Step 1 took 507ms
Step 2 took 384ms
Run 56 out of 3000:
Using B1=1000000, B2=1045563762, polynomial Dickson(6), sigma=1:3595084467
Step 1 took 503ms
Step 2 took 395ms
Run 57 out of 3000:
Using B1=1000000, B2=1045563762, polynomial Dickson(6), sigma=1:2723142430
Step 1 took 498ms
Step 2 took 396ms
Run 58 out of 3000:
Using B1=1000000, B2=1045563762, polynomial Dickson(6), sigma=1:1801647926
Step 1 took 488ms
Step 2 took 388ms
Run 59 out of 3000:
Using B1=1000000, B2=1045563762, polynomial Dickson(6), sigma=1:1928980709
Step 1 took 491ms
Step 2 took 464ms
Run 60 out of 3000:
Using B1=1000000, B2=1045563762, polynomial Dickson(6), sigma=1:2894658464
Step 1 took 510ms
Step 2 took 438ms
Run 61 out of 3000:
Using B1=1000000, B2=1045563762, polynomial Dickson(6), sigma=1:128859155
Step 1 took 528ms
Step 2 took 389ms
Run 62 out of 3000:
Using B1=1000000, B2=1045563762, polynomial Dickson(6), sigma=1:3226317800
Step 1 took 502ms
Step 2 took 399ms
Run 63 out of 3000:
Using B1=1000000, B2=1045563762, polynomial Dickson(6), sigma=1:824879942
Step 1 took 513ms
Step 2 took 398ms
Run 64 out of 3000:
Using B1=1000000, B2=1045563762, polynomial Dickson(6), sigma=1:483404066
Step 1 took 519ms
Step 2 took 409ms
Run 65 out of 3000:
Using B1=1000000, B2=1045563762, polynomial Dickson(6), sigma=1:1266461279
Step 1 took 514ms
Step 2 took 380ms
Run 66 out of 3000:
Using B1=1000000, B2=1045563762, polynomial Dickson(6), sigma=1:4284113625
Step 1 took 507ms
Step 2 took 400ms
Run 67 out of 3000:
Using B1=1000000, B2=1045563762, polynomial Dickson(6), sigma=1:2601175378
Step 1 took 513ms
Step 2 took 400ms
Run 68 out of 3000:
Using B1=1000000, B2=1045563762, polynomial Dickson(6), sigma=1:645736497
Step 1 took 517ms
Step 2 took 392ms
Run 69 out of 3000:
Using B1=1000000, B2=1045563762, polynomial Dickson(6), sigma=1:542727264
Step 1 took 511ms
Step 2 took 402ms
Run 70 out of 3000:
Using B1=1000000, B2=1045563762, polynomial Dickson(6), sigma=1:4094437320
Step 1 took 505ms
Step 2 took 392ms
Run 71 out of 3000:
Using B1=1000000, B2=1045563762, polynomial Dickson(6), sigma=1:3791825411
Step 1 took 505ms
Step 2 took 392ms
Run 72 out of 3000:
Using B1=1000000, B2=1045563762, polynomial Dickson(6), sigma=1:879461758
Step 1 took 596ms
Step 2 took 403ms
Run 73 out of 3000:
Using B1=1000000, B2=1045563762, polynomial Dickson(6), sigma=1:1566300426
Step 1 took 511ms
Step 2 took 381ms
Run 74 out of 3000:
Using B1=1000000, B2=1045563762, polynomial Dickson(6), sigma=1:1857679054
Step 1 took 507ms
Step 2 took 376ms
Run 75 out of 3000:
Using B1=1000000, B2=1045563762, polynomial Dickson(6), sigma=1:1466127801
Step 1 took 495ms
Step 2 took 384ms
Run 76 out of 3000:
Using B1=1000000, B2=1045563762, polynomial Dickson(6), sigma=1:2997544466
Step 1 took 499ms
Step 2 took 394ms
Run 77 out of 3000:
Using B1=1000000, B2=1045563762, polynomial Dickson(6), sigma=1:3265753325
Step 1 took 502ms
Step 2 took 399ms
Run 78 out of 3000:
Using B1=1000000, B2=1045563762, polynomial Dickson(6), sigma=1:1494452303
Step 1 took 494ms
Step 2 took 390ms
Run 79 out of 3000:
Using B1=1000000, B2=1045563762, polynomial Dickson(6), sigma=1:2074331460
Step 1 took 508ms
Step 2 took 397ms
Run 80 out of 3000:
Using B1=1000000, B2=1045563762, polynomial Dickson(6), sigma=1:3360881771
Step 1 took 577ms
Step 2 took 407ms
Run 81 out of 3000:
Using B1=1000000, B2=1045563762, polynomial Dickson(6), sigma=1:3695290813
Step 1 took 494ms
Step 2 took 392ms
Run 82 out of 3000:
Using B1=1000000, B2=1045563762, polynomial Dickson(6), sigma=1:1323193390
Step 1 took 597ms
Step 2 took 385ms
Run 83 out of 3000:
Using B1=1000000, B2=1045563762, polynomial Dickson(6), sigma=1:3486386120
Step 1 took 508ms
Step 2 took 396ms
Run 84 out of 3000:
Using B1=1000000, B2=1045563762, polynomial Dickson(6), sigma=1:497508947
Step 1 took 510ms
Step 2 took 387ms
Run 85 out of 3000:
Using B1=1000000, B2=1045563762, polynomial Dickson(6), sigma=1:934937081
Step 1 took 505ms
Step 2 took 375ms
Run 86 out of 3000:
Using B1=1000000, B2=1045563762, polynomial Dickson(6), sigma=1:488048438
Step 1 took 483ms
Step 2 took 393ms
Run 87 out of 3000:
Using B1=1000000, B2=1045563762, polynomial Dickson(6), sigma=1:3147521043
Step 1 took 583ms
Step 2 took 402ms
Run 88 out of 3000:
Using B1=1000000, B2=1045563762, polynomial Dickson(6), sigma=1:3288947708
Step 1 took 505ms
Step 2 took 392ms
Run 89 out of 3000:
Using B1=1000000, B2=1045563762, polynomial Dickson(6), sigma=1:837223591
Step 1 took 486ms
Step 2 took 388ms
Run 90 out of 3000:
Using B1=1000000, B2=1045563762, polynomial Dickson(6), sigma=1:3544436719
Step 1 took 534ms
Step 2 took 407ms
Run 91 out of 3000:
Using B1=1000000, B2=1045563762, polynomial Dickson(6), sigma=1:1730633393
Step 1 took 499ms
Step 2 took 398ms
Run 92 out of 3000:
Using B1=1000000, B2=1045563762, polynomial Dickson(6), sigma=1:3265116689
Step 1 took 504ms
Step 2 took 392ms
Run 93 out of 3000:
Using B1=1000000, B2=1045563762, polynomial Dickson(6), sigma=1:3551852518
Step 1 took 502ms
Step 2 took 384ms
Run 94 out of 3000:
Using B1=1000000, B2=1045563762, polynomial Dickson(6), sigma=1:2651685237
Step 1 took 513ms
Step 2 took 412ms
Run 95 out of 3000:
Using B1=1000000, B2=1045563762, polynomial Dickson(6), sigma=1:2132602594
Step 1 took 511ms
Step 2 took 396ms
Run 96 out of 3000:
Using B1=1000000, B2=1045563762, polynomial Dickson(6), sigma=1:2243125309
Step 1 took 499ms
Step 2 took 388ms
Run 97 out of 3000:
Using B1=1000000, B2=1045563762, polynomial Dickson(6), sigma=1:608766545
Step 1 took 497ms
Step 2 took 418ms
Run 98 out of 3000:
Using B1=1000000, B2=1045563762, polynomial Dickson(6), sigma=1:261939057
Step 1 took 509ms
Step 2 took 473ms
Run 99 out of 3000:
Using B1=1000000, B2=1045563762, polynomial Dickson(6), sigma=1:1256269511
Step 1 took 510ms
Step 2 took 405ms
Run 100 out of 3000:
Using B1=1000000, B2=1045563762, polynomial Dickson(6), sigma=1:2933000202
Step 1 took 498ms
Step 2 took 400ms
Run 101 out of 3000:
Using B1=1000000, B2=1045563762, polynomial Dickson(6), sigma=1:3985700576
Step 1 took 494ms
Step 2 took 388ms
Run 102 out of 3000:
Using B1=1000000, B2=1045563762, polynomial Dickson(6), sigma=1:3957027221
Step 1 took 474ms
Step 2 took 365ms
Run 103 out of 3000:
Using B1=1000000, B2=1045563762, polynomial Dickson(6), sigma=1:2937689362
Step 1 took 477ms
Step 2 took 379ms
Run 104 out of 3000:
Using B1=1000000, B2=1045563762, polynomial Dickson(6), sigma=1:2398962570
Step 1 took 568ms
Step 2 took 386ms
Run 105 out of 3000:
Using B1=1000000, B2=1045563762, polynomial Dickson(6), sigma=1:744675970
Step 1 took 497ms
Step 2 took 369ms
Run 106 out of 3000:
Using B1=1000000, B2=1045563762, polynomial Dickson(6), sigma=1:700945500
Step 1 took 502ms
Step 2 took 388ms
Run 107 out of 3000:
Using B1=1000000, B2=1045563762, polynomial Dickson(6), sigma=1:2549675829
Step 1 took 493ms
Step 2 took 383ms
Run 108 out of 3000:
Using B1=1000000, B2=1045563762, polynomial Dickson(6), sigma=1:3320310891
Step 1 took 504ms
Step 2 took 399ms
Run 109 out of 3000:
Using B1=1000000, B2=1045563762, polynomial Dickson(6), sigma=1:1379288680
Step 1 took 489ms
Step 2 took 374ms
Run 110 out of 3000:
Using B1=1000000, B2=1045563762, polynomial Dickson(6), sigma=1:2085323972
Step 1 took 503ms
Step 2 took 434ms
Run 111 out of 3000:
Using B1=1000000, B2=1045563762, polynomial Dickson(6), sigma=1:4145709700
Step 1 took 519ms
Step 2 took 392ms
Run 112 out of 3000:
Using B1=1000000, B2=1045563762, polynomial Dickson(6), sigma=1:1897274369
Step 1 took 495ms
Step 2 took 377ms
Run 113 out of 3000:
Using B1=1000000, B2=1045563762, polynomial Dickson(6), sigma=1:2822916146
Step 1 took 495ms
Step 2 took 387ms
Run 114 out of 3000:
Using B1=1000000, B2=1045563762, polynomial Dickson(6), sigma=1:3939870959
Step 1 took 568ms
Step 2 took 387ms
Run 115 out of 3000:
Using B1=1000000, B2=1045563762, polynomial Dickson(6), sigma=1:1755877674
Step 1 took 508ms
Step 2 took 384ms
Run 116 out of 3000:
Using B1=1000000, B2=1045563762, polynomial Dickson(6), sigma=1:1710288331
Step 1 took 509ms
Step 2 took 389ms
Run 117 out of 3000:
Using B1=1000000, B2=1045563762, polynomial Dickson(6), sigma=1:2562166213
Step 1 took 508ms
Step 2 took 392ms
Run 118 out of 3000:
Using B1=1000000, B2=1045563762, polynomial Dickson(6), sigma=1:3863676882
Step 1 took 501ms
Step 2 took 381ms
Run 119 out of 3000:
Using B1=1000000, B2=1045563762, polynomial Dickson(6), sigma=1:923497671
Step 1 took 483ms
Step 2 took 379ms
Run 120 out of 3000:
Using B1=1000000, B2=1045563762, polynomial Dickson(6), sigma=1:3964549693
Step 1 took 478ms
Step 2 took 405ms
Run 121 out of 3000:
Using B1=1000000, B2=1045563762, polynomial Dickson(6), sigma=1:3442127220
Step 1 took 524ms
Step 2 took 406ms
Run 122 out of 3000:
Using B1=1000000, B2=1045563762, polynomial Dickson(6), sigma=1:1618968299
Step 1 took 520ms
Step 2 took 432ms
Run 123 out of 3000:
Using B1=1000000, B2=1045563762, polynomial Dickson(6), sigma=1:3977891101
Step 1 took 523ms
Step 2 took 377ms
Run 124 out of 3000:
Using B1=1000000, B2=1045563762, polynomial Dickson(6), sigma=1:1287179411
Step 1 took 487ms
Step 2 took 392ms
Run 125 out of 3000:
Using B1=1000000, B2=1045563762, polynomial Dickson(6), sigma=1:3003726970
Step 1 took 511ms
Step 2 took 403ms
Run 126 out of 3000:
Using B1=1000000, B2=1045563762, polynomial Dickson(6), sigma=1:2688783769
Step 1 took 503ms
Step 2 took 370ms
Run 127 out of 3000:
Using B1=1000000, B2=1045563762, polynomial Dickson(6), sigma=1:1015517233
Step 1 took 501ms
Step 2 took 408ms
Run 128 out of 3000:
Using B1=1000000, B2=1045563762, polynomial Dickson(6), sigma=1:2410289019
Step 1 took 522ms
Step 2 took 388ms
Run 129 out of 3000:
Using B1=1000000, B2=1045563762, polynomial Dickson(6), sigma=1:87048905
Step 1 took 504ms
Step 2 took 392ms
Run 130 out of 3000:
Using B1=1000000, B2=1045563762, polynomial Dickson(6), sigma=1:1579496483
Step 1 took 508ms
Step 2 took 381ms
Run 131 out of 3000:
Using B1=1000000, B2=1045563762, polynomial Dickson(6), sigma=1:4075457749
Step 1 took 522ms
Step 2 took 418ms
Run 132 out of 3000:
Using B1=1000000, B2=1045563762, polynomial Dickson(6), sigma=1:2749378844
Step 1 took 512ms
Step 2 took 384ms
Run 133 out of 3000:
Using B1=1000000, B2=1045563762, polynomial Dickson(6), sigma=1:1262102201
Step 1 took 522ms
Step 2 took 401ms
Run 134 out of 3000:
Using B1=1000000, B2=1045563762, polynomial Dickson(6), sigma=1:3731159300
Step 1 took 521ms
Step 2 took 386ms
Run 135 out of 3000:
Using B1=1000000, B2=1045563762, polynomial Dickson(6), sigma=1:35188984
Step 1 took 490ms
Step 2 took 377ms
Run 136 out of 3000:
Using B1=1000000, B2=1045563762, polynomial Dickson(6), sigma=1:762656235
Step 1 took 516ms
Step 2 took 459ms
Run 137 out of 3000:
Using B1=1000000, B2=1045563762, polynomial Dickson(6), sigma=1:2348825297
Step 1 took 499ms
Step 2 took 392ms
Run 138 out of 3000:
Using B1=1000000, B2=1045563762, polynomial Dickson(6), sigma=1:1978463408
Step 1 took 581ms
Step 2 took 391ms
Run 139 out of 3000:
Using B1=1000000, B2=1045563762, polynomial Dickson(6), sigma=1:2393280384
Step 1 took 499ms
Step 2 took 420ms
Run 140 out of 3000:
Using B1=1000000, B2=1045563762, polynomial Dickson(6), sigma=1:1940134457
Step 1 took 523ms
Step 2 took 435ms
Run 141 out of 3000:
Using B1=1000000, B2=1045563762, polynomial Dickson(6), sigma=1:2610597667
Step 1 took 590ms
Step 2 took 388ms
Run 142 out of 3000:
Using B1=1000000, B2=1045563762, polynomial Dickson(6), sigma=1:1590887288
Step 1 took 479ms
Step 2 took 395ms
Run 143 out of 3000:
Using B1=1000000, B2=1045563762, polynomial Dickson(6), sigma=1:2275618504
Step 1 took 545ms
Step 2 took 399ms
Run 144 out of 3000:
Using B1=1000000, B2=1045563762, polynomial Dickson(6), sigma=1:2361353818
Step 1 took 507ms
Step 2 took 396ms
Run 145 out of 3000:
Using B1=1000000, B2=1045563762, polynomial Dickson(6), sigma=1:1389975875
Step 1 took 506ms
Step 2 took 387ms
Run 146 out of 3000:
Using B1=1000000, B2=1045563762, polynomial Dickson(6), sigma=1:925350411
Step 1 took 574ms
Step 2 took 416ms
Run 147 out of 3000:
Using B1=1000000, B2=1045563762, polynomial Dickson(6), sigma=1:4040110969
Step 1 took 516ms
Step 2 took 401ms
Run 148 out of 3000:
Using B1=1000000, B2=1045563762, polynomial Dickson(6), sigma=1:2870926530
Step 1 took 506ms
Step 2 took 386ms
Run 149 out of 3000:
Using B1=1000000, B2=1045563762, polynomial Dickson(6), sigma=1:341319267
Step 1 took 505ms
Step 2 took 389ms
Run 150 out of 3000:
Using B1=1000000, B2=1045563762, polynomial Dickson(6), sigma=1:3611921537
Step 1 took 500ms
Step 2 took 387ms
Run 151 out of 3000:
Using B1=1000000, B2=1045563762, polynomial Dickson(6), sigma=1:2806920283
Step 1 took 501ms
Step 2 took 383ms
Run 152 out of 3000:
Using B1=1000000, B2=1045563762, polynomial Dickson(6), sigma=1:1234781584
Step 1 took 488ms
Step 2 took 379ms
Run 153 out of 3000:
Using B1=1000000, B2=1045563762, polynomial Dickson(6), sigma=1:2133799177
Step 1 took 500ms
Step 2 took 387ms
Run 154 out of 3000:
Using B1=1000000, B2=1045563762, polynomial Dickson(6), sigma=1:772055546
Step 1 took 508ms
Step 2 took 376ms
Run 155 out of 3000:
Using B1=1000000, B2=1045563762, polynomial Dickson(6), sigma=1:629519146
Step 1 took 503ms
Step 2 took 389ms
Run 156 out of 3000:
Using B1=1000000, B2=1045563762, polynomial Dickson(6), sigma=1:3363496701
Step 1 took 505ms
Step 2 took 385ms
Run 157 out of 3000:
Using B1=1000000, B2=1045563762, polynomial Dickson(6), sigma=1:1949627014
Step 1 took 510ms
Step 2 took 393ms
Run 158 out of 3000:
Using B1=1000000, B2=1045563762, polynomial Dickson(6), sigma=1:2803464919
Step 1 took 521ms
Step 2 took 400ms
Run 159 out of 3000:
Using B1=1000000, B2=1045563762, polynomial Dickson(6), sigma=1:3938224969
Step 1 took 500ms
Step 2 took 392ms
Run 160 out of 3000:
Using B1=1000000, B2=1045563762, polynomial Dickson(6), sigma=1:2452622786
Step 1 took 507ms
Step 2 took 393ms
Run 161 out of 3000:
Using B1=1000000, B2=1045563762, polynomial Dickson(6), sigma=1:4125971294
Step 1 took 508ms
Step 2 took 376ms
Run 162 out of 3000:
Using B1=1000000, B2=1045563762, polynomial Dickson(6), sigma=1:1094936136
Step 1 took 479ms
Step 2 took 382ms
Run 163 out of 3000:
Using B1=1000000, B2=1045563762, polynomial Dickson(6), sigma=1:3483339769
Step 1 took 497ms
Step 2 took 386ms
Run 164 out of 3000:
Using B1=1000000, B2=1045563762, polynomial Dickson(6), sigma=1:2611324691
Step 1 took 490ms
Step 2 took 375ms
Run 165 out of 3000:
Using B1=1000000, B2=1045563762, polynomial Dickson(6), sigma=1:1049667103
Step 1 took 495ms
Step 2 took 389ms
Run 166 out of 3000:
Using B1=1000000, B2=1045563762, polynomial Dickson(6), sigma=1:2752969901
Step 1 took 475ms
Step 2 took 368ms
Run 167 out of 3000:
Using B1=1000000, B2=1045563762, polynomial Dickson(6), sigma=1:3838393572
Step 1 took 466ms
Step 2 took 365ms
Run 168 out of 3000:
Using B1=1000000, B2=1045563762, polynomial Dickson(6), sigma=1:2818194349
Step 1 took 504ms
Step 2 took 393ms
Run 169 out of 3000:
Using B1=1000000, B2=1045563762, polynomial Dickson(6), sigma=1:1494321470
Step 1 took 513ms
Step 2 took 394ms
Run 170 out of 3000:
Using B1=1000000, B2=1045563762, polynomial Dickson(6), sigma=1:4214567645
Step 1 took 506ms
Step 2 took 385ms
Run 171 out of 3000:
Using B1=1000000, B2=1045563762, polynomial Dickson(6), sigma=1:3214658369
Step 1 took 500ms
Step 2 took 391ms
Run 172 out of 3000:
Using B1=1000000, B2=1045563762, polynomial Dickson(6), sigma=1:3623432137
Step 1 took 496ms
Step 2 took 383ms
Run 173 out of 3000:
Using B1=1000000, B2=1045563762, polynomial Dickson(6), sigma=1:3858588303
Step 1 took 483ms
Step 2 took 404ms
Run 174 out of 3000:
Using B1=1000000, B2=1045563762, polynomial Dickson(6), sigma=1:708634168
Step 1 took 479ms
Step 2 took 390ms
Run 175 out of 3000:
Using B1=1000000, B2=1045563762, polynomial Dickson(6), sigma=1:665050579
Step 1 took 495ms
Step 2 took 378ms
Run 176 out of 3000:
Using B1=1000000, B2=1045563762, polynomial Dickson(6), sigma=1:54187358
Step 1 took 499ms
Step 2 took 387ms
Run 177 out of 3000:
Using B1=1000000, B2=1045563762, polynomial Dickson(6), sigma=1:3210948762
Step 1 took 496ms
Step 2 took 376ms
Run 178 out of 3000:
Using B1=1000000, B2=1045563762, polynomial Dickson(6), sigma=1:2806990774
Step 1 took 508ms
Step 2 took 372ms
Run 179 out of 3000:
Using B1=1000000, B2=1045563762, polynomial Dickson(6), sigma=1:2105777525
Step 1 took 500ms
Step 2 took 424ms
Run 180 out of 3000:
Using B1=1000000, B2=1045563762, polynomial Dickson(6), sigma=1:1643152592
Step 1 took 511ms
Step 2 took 415ms
Run 181 out of 3000:
Using B1=1000000, B2=1045563762, polynomial Dickson(6), sigma=1:28347815
Step 1 took 508ms
Step 2 took 386ms
Run 182 out of 3000:
Using B1=1000000, B2=1045563762, polynomial Dickson(6), sigma=1:974086980
Step 1 took 496ms
Step 2 took 389ms
Run 183 out of 3000:
Using B1=1000000, B2=1045563762, polynomial Dickson(6), sigma=1:1313968511
Step 1 took 532ms
Step 2 took 472ms
Run 184 out of 3000:
Using B1=1000000, B2=1045563762, polynomial Dickson(6), sigma=1:313374253
Step 1 took 508ms
Step 2 took 402ms
Run 185 out of 3000:
Using B1=1000000, B2=1045563762, polynomial Dickson(6), sigma=1:140593514
Step 1 took 510ms
Step 2 took 402ms
Run 186 out of 3000:
Using B1=1000000, B2=1045563762, polynomial Dickson(6), sigma=1:4025180602
Step 1 took 485ms
Step 2 took 392ms
Run 187 out of 3000:
Using B1=1000000, B2=1045563762, polynomial Dickson(6), sigma=1:1346362560
Step 1 took 491ms
Step 2 took 374ms
Run 188 out of 3000:
Using B1=1000000, B2=1045563762, polynomial Dickson(6), sigma=1:3752233524
Step 1 took 556ms
Step 2 took 382ms
Run 189 out of 3000:
Using B1=1000000, B2=1045563762, polynomial Dickson(6), sigma=1:765525067
Step 1 took 487ms
Step 2 took 398ms
Run 190 out of 3000:
Using B1=1000000, B2=1045563762, polynomial Dickson(6), sigma=1:2513794369
Step 1 took 510ms
Step 2 took 384ms
Run 191 out of 3000:
Using B1=1000000, B2=1045563762, polynomial Dickson(6), sigma=1:1193416687
Step 1 took 491ms
Step 2 took 389ms
Run 192 out of 3000:
Using B1=1000000, B2=1045563762, polynomial Dickson(6), sigma=1:3593443487
Step 1 took 488ms
Step 2 took 368ms
Run 193 out of 3000:
Using B1=1000000, B2=1045563762, polynomial Dickson(6), sigma=1:1230392068
Step 1 took 468ms
Step 2 took 380ms
Run 194 out of 3000:
Using B1=1000000, B2=1045563762, polynomial Dickson(6), sigma=1:4070127831
Step 1 took 575ms
Step 2 took 401ms
Run 195 out of 3000:
Using B1=1000000, B2=1045563762, polynomial Dickson(6), sigma=1:547947513
Step 1 took 503ms
Step 2 took 403ms
********** Factor found in step 2: 253243826720162431254857814100127
Found prime factor of 33 digits: 253243826720162431254857814100127
Prime cofactor 198400523053184002814403536918162724916343842520561 has 51 digits
exit=14
