[      0s] main 30b c2610 ic_m4 subgroup table completed_valid t=0.0s
[      0s] main 30b c2610 ic_m4 small_x table completed_valid t=0.0s
[      0s] main 30b c2610 ic_m4 random_sub_r0 table completed_valid t=0.0s
[      0s] main 30b c2610 ic_m4 random_sub_r1 table completed_valid t=0.0s
[      0s] main 30b c2610 ic_m4 random_sub_r2 table completed_valid t=0.0s
[      0s] main 30b c2610 ic_m4 known_null_sub table completed_valid t=0.0s
[      0s] main 30b c2610 ic_m4 planted_sub table completed_valid t=0.0s
[      0s] main 30b c2610 ic_m4 small_x_offset table completed_valid t=0.0s
[      1s] main 30b c2611 ic_m4 subgroup table completed_valid t=0.0s
[      1s] main 30b c2611 ic_m4 small_x table completed_valid t=0.0s
[      1s] main 30b c2611 ic_m4 random_sub_r0 table completed_valid t=0.0s
[      1s] main 30b c2611 ic_m4 random_sub_r1 table completed_valid t=0.0s
[      1s] main 30b c2611 ic_m4 random_sub_r2 table completed_valid t=0.0s
[      1s] main 30b c2611 ic_m4 known_null_sub table completed_valid t=0.0s
[      1s] main 30b c2611 ic_m4 planted_sub table completed_valid t=0.0s
[      1s] main 30b c2611 ic_m4 small_x_offset table completed_valid t=0.0s
[      1s] main 30b c2612 ic_m4 subgroup table completed_valid t=0.0s
[      1s] main 30b c2612 ic_m4 small_x table completed_valid t=0.0s
[      1s] main 30b c2612 ic_m4 random_sub_r0 table completed_valid t=0.0s
[      1s] main 30b c2612 ic_m4 random_sub_r1 table completed_valid t=0.0s
[      1s] main 30b c2612 ic_m4 random_sub_r2 table completed_valid t=0.0s
[      1s] main 30b c2612 ic_m4 known_null_sub table completed_valid t=0.0s
[      1s] main 30b c2612 ic_m4 planted_sub table completed_valid t=0.0s
[      1s] main 30b c2612 ic_m4 small_x_offset table completed_valid t=0.0s
[      1s] main 30b c2613 ic_m4 subgroup table completed_valid t=0.0s
[      1s] main 30b c2613 ic_m4 small_x table completed_valid t=0.0s
[      1s] main 30b c2613 ic_m4 random_sub_r0 table completed_valid t=0.0s
[      1s] main 30b c2613 ic_m4 random_sub_r1 table completed_valid t=0.0s
[      1s] main 30b c2613 ic_m4 random_sub_r2 table completed_valid t=0.0s
[      1s] main 30b c2613 ic_m4 known_null_sub table completed_valid t=0.0s
[      1s] main 30b c2613 ic_m4 planted_sub table completed_valid t=0.0s
[      1s] main 30b c2613 ic_m4 small_x_offset table completed_valid t=0.0s
[      1s] main 30b c2614 ic_m4 subgroup table completed_valid t=0.0s
[      1s] main 30b c2614 ic_m4 small_x table completed_valid t=0.0s
[      1s] main 30b c2614 ic_m4 random_sub_r0 table completed_valid t=0.0s
[      1s] main 30b c2614 ic_m4 random_sub_r1 table completed_valid t=0.0s
[      1s] main 30b c2614 ic_m4 random_sub_r2 table completed_valid t=0.1s
[      1s] main 30b c2614 ic_m4 known_null_sub table completed_valid t=0.0s
[      1s] main 30b c2614 ic_m4 planted_sub table completed_valid t=0.0s
[      1s] main 30b c2614 ic_m4 small_x_offset table completed_valid t=0.0s
[      2s] main 30b c2615 ic_m4 subgroup table completed_valid t=0.0s
[      2s] main 30b c2615 ic_m4 small_x table completed_valid t=0.0s
[      2s] main 30b c2615 ic_m4 random_sub_r0 table completed_valid t=0.0s
[      2s] main 30b c2615 ic_m4 random_sub_r1 table completed_valid t=0.0s
[      2s] main 30b c2615 ic_m4 random_sub_r2 table completed_valid t=0.0s
[      2s] main 30b c2615 ic_m4 known_null_sub table completed_valid t=0.0s
[      2s] main 30b c2615 ic_m4 planted_sub table completed_valid t=0.0s
[      2s] main 30b c2615 ic_m4 small_x_offset table completed_valid t=0.0s
[      2s] main 30b c2616 ic_m4 subgroup table completed_valid t=0.0s
[      2s] main 30b c2616 ic_m4 small_x table completed_valid t=0.0s
[      2s] main 30b c2616 ic_m4 random_sub_r0 table completed_valid t=0.0s
[      2s] main 30b c2616 ic_m4 random_sub_r1 table completed_valid t=0.0s
[      2s] main 30b c2616 ic_m4 random_sub_r2 table completed_valid t=0.1s
[      2s] main 30b c2616 ic_m4 known_null_sub table completed_valid t=0.0s
[      2s] main 30b c2616 ic_m4 planted_sub table completed_valid t=0.0s
[      2s] main 30b c2616 ic_m4 small_x_offset table completed_valid t=0.0s
[      2s] main 30b c2617 ic_m4 subgroup table completed_valid t=0.0s
[      2s] main 30b c2617 ic_m4 small_x table completed_valid t=0.0s
[      2s] main 30b c2617 ic_m4 random_sub_r0 table completed_valid t=0.0s
[      2s] main 30b c2617 ic_m4 random_sub_r1 table completed_valid t=0.0s
[      2s] main 30b c2617 ic_m4 random_sub_r2 table completed_valid t=0.0s
[      2s] main 30b c2617 ic_m4 known_null_sub table completed_valid t=0.0s
[      2s] main 30b c2617 ic_m4 planted_sub table completed_valid t=0.0s
[      2s] main 30b c2617 ic_m4 small_x_offset table completed_valid t=0.0s
[      2s] main 30b c2618 ic_m4 subgroup table completed_valid t=0.0s
[      2s] main 30b c2618 ic_m4 small_x table completed_valid t=0.0s
[      2s] main 30b c2618 ic_m4 random_sub_r0 table completed_valid t=0.0s
[      2s] main 30b c2618 ic_m4 random_sub_r1 table completed_valid t=0.0s
[      2s] main 30b c2618 ic_m4 random_sub_r2 table completed_valid t=0.0s
[      2s] main 30b c2618 ic_m4 known_null_sub table completed_valid t=0.0s
[      2s] main 30b c2618 ic_m4 planted_sub table completed_valid t=0.0s
[      2s] main 30b c2618 ic_m4 small_x_offset table completed_valid t=0.0s
[      3s] main 30b c2619 ic_m4 subgroup table completed_valid t=0.0s
[      3s] main 30b c2619 ic_m4 small_x table completed_valid t=0.0s
[      3s] main 30b c2619 ic_m4 random_sub_r0 table completed_valid t=0.0s
[      3s] main 30b c2619 ic_m4 random_sub_r1 table completed_valid t=0.0s
[      3s] main 30b c2619 ic_m4 random_sub_r2 table completed_valid t=0.0s
[      3s] main 30b c2619 ic_m4 known_null_sub table completed_valid t=0.0s
[      3s] main 30b c2619 ic_m4 planted_sub table completed_valid t=0.0s
[      3s] main 30b c2619 ic_m4 small_x_offset table completed_valid t=0.0s
[      3s] main 30b c2620 ic_m4 subgroup table completed_valid t=0.0s
[      3s] main 30b c2620 ic_m4 small_x table completed_valid t=0.0s
[      3s] main 30b c2620 ic_m4 random_sub_r0 table completed_valid t=0.0s
[      3s] main 30b c2620 ic_m4 random_sub_r1 table completed_valid t=0.0s
[      3s] main 30b c2620 ic_m4 random_sub_r2 table completed_valid t=0.0s
[      3s] main 30b c2620 ic_m4 known_null_sub table completed_valid t=0.0s
[      3s] main 30b c2620 ic_m4 planted_sub table completed_valid t=0.0s
[      3s] main 30b c2620 ic_m4 small_x_offset table completed_valid t=0.0s
[      3s] main 30b c2621 ic_m4 subgroup table completed_valid t=0.0s
[      3s] main 30b c2621 ic_m4 small_x table completed_valid t=0.0s
[      3s] main 30b c2621 ic_m4 random_sub_r0 table completed_valid t=0.0s
[      3s] main 30b c2621 ic_m4 random_sub_r1 table completed_valid t=0.0s
[      3s] main 30b c2621 ic_m4 random_sub_r2 table completed_valid t=0.0s
[      3s] main 30b c2621 ic_m4 known_null_sub table completed_valid t=0.0s
[      3s] main 30b c2621 ic_m4 planted_sub table completed_valid t=0.0s
[      3s] main 30b c2621 ic_m4 small_x_offset table completed_valid t=0.0s
[      3s] main 30b c2622 ic_m4 subgroup table completed_valid t=0.0s
[      3s] main 30b c2622 ic_m4 small_x table completed_valid t=0.0s
[      3s] main 30b c2622 ic_m4 random_sub_r0 table completed_valid t=0.0s
[      3s] main 30b c2622 ic_m4 random_sub_r1 table completed_valid t=0.0s
[      3s] main 30b c2622 ic_m4 random_sub_r2 table completed_valid t=0.0s
[      3s] main 30b c2622 ic_m4 known_null_sub table completed_valid t=0.0s
[      3s] main 30b c2622 ic_m4 planted_sub table completed_valid t=0.1s
[      3s] main 30b c2622 ic_m4 small_x_offset table completed_valid t=0.0s
[      3s] main 30b c2623 ic_m4 subgroup table completed_valid t=0.0s
[      3s] main 30b c2623 ic_m4 small_x table completed_valid t=0.0s
[      3s] main 30b c2623 ic_m4 random_sub_r0 table completed_valid t=0.0s
[      3s] main 30b c2623 ic_m4 random_sub_r1 table completed_valid t=0.0s
[      3s] main 30b c2623 ic_m4 random_sub_r2 table completed_valid t=0.0s
[      3s] main 30b c2623 ic_m4 known_null_sub table completed_valid t=0.0s
[      3s] main 30b c2623 ic_m4 planted_sub table completed_valid t=0.0s
[      3s] main 30b c2623 ic_m4 small_x_offset table completed_valid t=0.0s
[      4s] main 30b c2624 ic_m4 subgroup table completed_valid t=0.0s
[      4s] main 30b c2624 ic_m4 small_x table completed_valid t=0.0s
[      4s] main 30b c2624 ic_m4 random_sub_r0 table completed_valid t=0.0s
[      4s] main 30b c2624 ic_m4 random_sub_r1 table completed_valid t=0.0s
[      4s] main 30b c2624 ic_m4 random_sub_r2 table completed_valid t=0.0s
[      4s] main 30b c2624 ic_m4 known_null_sub table completed_valid t=0.0s
[      4s] main 30b c2624 ic_m4 planted_sub table completed_valid t=0.0s
[      4s] main 30b c2624 ic_m4 small_x_offset table completed_valid t=0.0s
[      4s] main 30b c2625 ic_m4 subgroup table completed_valid t=0.0s
[      4s] main 30b c2625 ic_m4 small_x table completed_valid t=0.0s
[      4s] main 30b c2625 ic_m4 random_sub_r0 table completed_valid t=0.0s
[      4s] main 30b c2625 ic_m4 random_sub_r1 table completed_valid t=0.0s
[      4s] main 30b c2625 ic_m4 random_sub_r2 table completed_valid t=0.0s
[      4s] main 30b c2625 ic_m4 known_null_sub table completed_valid t=0.0s
[      4s] main 30b c2625 ic_m4 planted_sub table completed_valid t=0.0s
[      4s] main 30b c2625 ic_m4 small_x_offset table completed_valid t=0.0s
[      4s] main 30b c2626 ic_m4 subgroup table completed_valid t=0.0s
[      4s] main 30b c2626 ic_m4 small_x table completed_valid t=0.0s
[      4s] main 30b c2626 ic_m4 random_sub_r0 table completed_valid t=0.0s
[      4s] main 30b c2626 ic_m4 random_sub_r1 table completed_valid t=0.0s
[      4s] main 30b c2626 ic_m4 random_sub_r2 table completed_valid t=0.0s
[      4s] main 30b c2626 ic_m4 known_null_sub table completed_valid t=0.0s
[      4s] main 30b c2626 ic_m4 planted_sub table completed_valid t=0.0s
[      4s] main 30b c2626 ic_m4 small_x_offset table completed_valid t=0.0s
[      4s] main 30b c2627 ic_m4 subgroup table completed_valid t=0.0s
[      4s] main 30b c2627 ic_m4 small_x table completed_valid t=0.0s
[      4s] main 30b c2627 ic_m4 random_sub_r0 table completed_valid t=0.0s
[      4s] main 30b c2627 ic_m4 random_sub_r1 table completed_valid t=0.0s
[      4s] main 30b c2627 ic_m4 random_sub_r2 table completed_valid t=0.0s
[      4s] main 30b c2627 ic_m4 known_null_sub table completed_valid t=0.0s
[      4s] main 30b c2627 ic_m4 planted_sub table completed_valid t=0.0s
[      4s] main 30b c2627 ic_m4 small_x_offset table completed_valid t=0.0s
[      5s] main 30b c2628 ic_m4 subgroup table completed_valid t=0.0s
[      5s] main 30b c2628 ic_m4 small_x table completed_valid t=0.0s
[      5s] main 30b c2628 ic_m4 random_sub_r0 table completed_valid t=0.0s
[      5s] main 30b c2628 ic_m4 random_sub_r1 table completed_valid t=0.0s
[      5s] main 30b c2628 ic_m4 random_sub_r2 table completed_valid t=0.0s
[      5s] main 30b c2628 ic_m4 known_null_sub table completed_valid t=0.0s
[      5s] main 30b c2628 ic_m4 planted_sub table completed_valid t=0.0s
[      5s] main 30b c2628 ic_m4 small_x_offset table completed_valid t=0.0s
[      5s] main 30b c2629 ic_m4 subgroup table completed_valid t=0.0s
[      5s] main 30b c2629 ic_m4 small_x table completed_valid t=0.0s
[      5s] main 30b c2629 ic_m4 random_sub_r0 table completed_valid t=0.0s
[      5s] main 30b c2629 ic_m4 random_sub_r1 table completed_valid t=0.0s
[      5s] main 30b c2629 ic_m4 random_sub_r2 table completed_valid t=0.0s
[      5s] main 30b c2629 ic_m4 known_null_sub table completed_valid t=0.0s
[      5s] main 30b c2629 ic_m4 planted_sub table completed_valid t=0.0s
[      5s] main 30b c2629 ic_m4 small_x_offset table completed_valid t=0.0s
[      5s] main 30b c2630 ic_m4 subgroup table completed_valid t=0.1s
[      5s] main 30b c2630 ic_m4 small_x table completed_valid t=0.0s
[      5s] main 30b c2630 ic_m4 random_sub_r0 table completed_valid t=0.0s
[      5s] main 30b c2630 ic_m4 random_sub_r1 table completed_valid t=0.1s
[      5s] main 30b c2630 ic_m4 random_sub_r2 table completed_valid t=0.1s
[      5s] main 30b c2630 ic_m4 known_null_sub table completed_valid t=0.0s
[      5s] main 30b c2630 ic_m4 planted_sub table completed_valid t=0.0s
[      5s] main 30b c2630 ic_m4 small_x_offset table completed_valid t=0.0s
[      6s] main 30b c2631 ic_m4 subgroup table completed_valid t=0.0s
[      6s] main 30b c2631 ic_m4 small_x table completed_valid t=0.0s
[      6s] main 30b c2631 ic_m4 random_sub_r0 table completed_valid t=0.0s
[      6s] main 30b c2631 ic_m4 random_sub_r1 table completed_valid t=0.0s
[      6s] main 30b c2631 ic_m4 random_sub_r2 table completed_valid t=0.0s
[      6s] main 30b c2631 ic_m4 known_null_sub table completed_valid t=0.0s
[      6s] main 30b c2631 ic_m4 planted_sub table completed_valid t=0.0s
[      6s] main 30b c2631 ic_m4 small_x_offset table completed_valid t=0.0s
[      6s] main 30b c2632 ic_m4 subgroup table completed_valid t=0.0s
[      6s] main 30b c2632 ic_m4 small_x table completed_valid t=0.0s
[      6s] main 30b c2632 ic_m4 random_sub_r0 table completed_valid t=0.0s
[      6s] main 30b c2632 ic_m4 random_sub_r1 table completed_valid t=0.0s
[      6s] main 30b c2632 ic_m4 random_sub_r2 table completed_valid t=0.0s
[      6s] main 30b c2632 ic_m4 known_null_sub table completed_valid t=0.0s
[      6s] main 30b c2632 ic_m4 planted_sub table completed_valid t=0.0s
[      6s] main 30b c2632 ic_m4 small_x_offset table completed_valid t=0.0s
[      6s] main 30b c2633 ic_m4 subgroup table completed_valid t=0.0s
[      6s] main 30b c2633 ic_m4 small_x table completed_valid t=0.0s
[      6s] main 30b c2633 ic_m4 random_sub_r0 table completed_valid t=0.0s
[      6s] main 30b c2633 ic_m4 random_sub_r1 table completed_valid t=0.0s
[      6s] main 30b c2633 ic_m4 random_sub_r2 table completed_valid t=0.0s
[      6s] main 30b c2633 ic_m4 known_null_sub table completed_valid t=0.0s
[      6s] main 30b c2633 ic_m4 planted_sub table completed_valid t=0.0s
[      6s] main 30b c2633 ic_m4 small_x_offset table completed_valid t=0.0s
[      6s] main 30b c2634 ic_m4 subgroup table completed_valid t=0.0s
[      6s] main 30b c2634 ic_m4 small_x table completed_valid t=0.0s
[      6s] main 30b c2634 ic_m4 random_sub_r0 table completed_valid t=0.0s
[      6s] main 30b c2634 ic_m4 random_sub_r1 table completed_valid t=0.0s
[      6s] main 30b c2634 ic_m4 random_sub_r2 table completed_valid t=0.0s
[      6s] main 30b c2634 ic_m4 known_null_sub table completed_valid t=0.0s
[      6s] main 30b c2634 ic_m4 planted_sub table completed_valid t=0.0s
[      6s] main 30b c2634 ic_m4 small_x_offset table completed_valid t=0.0s
[      7s] main 30b c2635 ic_m4 subgroup table completed_valid t=0.0s
[      7s] main 30b c2635 ic_m4 small_x table completed_valid t=0.0s
[      7s] main 30b c2635 ic_m4 random_sub_r0 table completed_valid t=0.0s
[      7s] main 30b c2635 ic_m4 random_sub_r1 table completed_valid t=0.0s
[      7s] main 30b c2635 ic_m4 random_sub_r2 table completed_valid t=0.0s
[      7s] main 30b c2635 ic_m4 known_null_sub table completed_valid t=0.0s
[      7s] main 30b c2635 ic_m4 planted_sub table completed_valid t=0.0s
[      7s] main 30b c2635 ic_m4 small_x_offset table completed_valid t=0.0s
[      7s] main 30b c2636 ic_m4 subgroup table completed_valid t=0.0s
[      7s] main 30b c2636 ic_m4 small_x table completed_valid t=0.0s
[      7s] main 30b c2636 ic_m4 random_sub_r0 table completed_valid t=0.0s
[      7s] main 30b c2636 ic_m4 random_sub_r1 table completed_valid t=0.0s
[      7s] main 30b c2636 ic_m4 random_sub_r2 table completed_valid t=0.0s
[      7s] main 30b c2636 ic_m4 known_null_sub table completed_valid t=0.0s
[      7s] main 30b c2636 ic_m4 planted_sub table completed_valid t=0.0s
[      7s] main 30b c2636 ic_m4 small_x_offset table completed_valid t=0.0s
[      7s] main 30b c2637 ic_m4 subgroup table completed_valid t=0.1s
[      7s] main 30b c2637 ic_m4 small_x table completed_valid t=0.0s
[      7s] main 30b c2637 ic_m4 random_sub_r0 table completed_valid t=0.0s
[      7s] main 30b c2637 ic_m4 random_sub_r1 table completed_valid t=0.0s
[      7s] main 30b c2637 ic_m4 random_sub_r2 table completed_valid t=0.0s
[      7s] main 30b c2637 ic_m4 known_null_sub table completed_valid t=0.0s
[      7s] main 30b c2637 ic_m4 planted_sub table completed_valid t=0.0s
[      7s] main 30b c2637 ic_m4 small_x_offset table completed_valid t=0.1s
[      8s] main 30b c2638 ic_m4 subgroup table completed_valid t=0.0s
[      8s] main 30b c2638 ic_m4 small_x table completed_valid t=0.0s
[      8s] main 30b c2638 ic_m4 random_sub_r0 table completed_valid t=0.0s
[      8s] main 30b c2638 ic_m4 random_sub_r1 table completed_valid t=0.0s
[      8s] main 30b c2638 ic_m4 random_sub_r2 table completed_valid t=0.0s
[      8s] main 30b c2638 ic_m4 known_null_sub table completed_valid t=0.0s
[      8s] main 30b c2638 ic_m4 planted_sub table completed_valid t=0.0s
[      8s] main 30b c2638 ic_m4 small_x_offset table completed_valid t=0.0s
[      8s] main 30b c2639 ic_m4 subgroup table completed_valid t=0.0s
[      8s] main 30b c2639 ic_m4 small_x table completed_valid t=0.0s
[      8s] main 30b c2639 ic_m4 random_sub_r0 table completed_valid t=0.0s
[      8s] main 30b c2639 ic_m4 random_sub_r1 table completed_valid t=0.0s
[      8s] main 30b c2639 ic_m4 random_sub_r2 table completed_valid t=0.0s
[      8s] main 30b c2639 ic_m4 known_null_sub table completed_valid t=0.0s
[      8s] main 30b c2639 ic_m4 planted_sub table completed_valid t=0.0s
[      8s] main 30b c2639 ic_m4 small_x_offset table completed_valid t=0.0s
[      8s] main 30b c2640 ic_m4 subgroup table completed_valid t=0.0s
[      8s] main 30b c2640 ic_m4 small_x table completed_valid t=0.0s
[      8s] main 30b c2640 ic_m4 random_sub_r0 table completed_valid t=0.0s
[      8s] main 30b c2640 ic_m4 random_sub_r1 table completed_valid t=0.0s
[      8s] main 30b c2640 ic_m4 random_sub_r2 table completed_valid t=0.0s
[      8s] main 30b c2640 ic_m4 known_null_sub table completed_valid t=0.0s
[      8s] main 30b c2640 ic_m4 planted_sub table completed_valid t=0.0s
[      8s] main 30b c2640 ic_m4 small_x_offset table completed_valid t=0.0s
[      9s] main 30b c2641 ic_m4 subgroup table completed_valid t=0.0s
[      9s] main 30b c2641 ic_m4 small_x table completed_valid t=0.0s
[      9s] main 30b c2641 ic_m4 random_sub_r0 table completed_valid t=0.0s
[      9s] main 30b c2641 ic_m4 random_sub_r1 table completed_valid t=0.1s
[      9s] main 30b c2641 ic_m4 random_sub_r2 table completed_valid t=0.0s
[      9s] main 30b c2641 ic_m4 known_null_sub table completed_valid t=0.1s
[      9s] main 30b c2641 ic_m4 planted_sub table completed_valid t=0.1s
[      9s] main 30b c2641 ic_m4 small_x_offset table completed_valid t=0.1s
[      9s] main 30b c2642 ic_m4 subgroup table completed_valid t=0.0s
[      9s] main 30b c2642 ic_m4 small_x table completed_valid t=0.0s
[      9s] main 30b c2642 ic_m4 random_sub_r0 table completed_valid t=0.0s
[      9s] main 30b c2642 ic_m4 random_sub_r1 table completed_valid t=0.0s
[      9s] main 30b c2642 ic_m4 random_sub_r2 table completed_valid t=0.0s
[      9s] main 30b c2642 ic_m4 known_null_sub table completed_valid t=0.0s
[      9s] main 30b c2642 ic_m4 planted_sub table completed_valid t=0.0s
[      9s] main 30b c2642 ic_m4 small_x_offset table completed_valid t=0.0s
[      9s] main 30b c2643 ic_m4 subgroup table completed_valid t=0.0s
[      9s] main 30b c2643 ic_m4 small_x table completed_valid t=0.0s
[      9s] main 30b c2643 ic_m4 random_sub_r0 table completed_valid t=0.0s
[      9s] main 30b c2643 ic_m4 random_sub_r1 table completed_valid t=0.0s
[      9s] main 30b c2643 ic_m4 random_sub_r2 table completed_valid t=0.0s
[      9s] main 30b c2643 ic_m4 known_null_sub table completed_valid t=0.0s
[      9s] main 30b c2643 ic_m4 planted_sub table completed_valid t=0.0s
[      9s] main 30b c2643 ic_m4 small_x_offset table completed_valid t=0.0s
[      9s] main 30b c2644 ic_m4 subgroup table completed_valid t=0.0s
[      9s] main 30b c2644 ic_m4 small_x table completed_valid t=0.0s
[      9s] main 30b c2644 ic_m4 random_sub_r0 table completed_valid t=0.0s
[      9s] main 30b c2644 ic_m4 random_sub_r1 table completed_valid t=0.0s
[      9s] main 30b c2644 ic_m4 random_sub_r2 table completed_valid t=0.0s
[      9s] main 30b c2644 ic_m4 known_null_sub table completed_valid t=0.0s
[      9s] main 30b c2644 ic_m4 planted_sub table completed_valid t=0.0s
[      9s] main 30b c2644 ic_m4 small_x_offset table completed_valid t=0.0s
[     10s] main 30b c2645 ic_m4 subgroup table completed_valid t=0.0s
[     10s] main 30b c2645 ic_m4 small_x table completed_valid t=0.0s
[     10s] main 30b c2645 ic_m4 random_sub_r0 table completed_valid t=0.0s
[     10s] main 30b c2645 ic_m4 random_sub_r1 table completed_valid t=0.0s
[     10s] main 30b c2645 ic_m4 random_sub_r2 table completed_valid t=0.0s
[     10s] main 30b c2645 ic_m4 known_null_sub table completed_valid t=0.0s
[     10s] main 30b c2645 ic_m4 planted_sub table completed_valid t=0.0s
[     10s] main 30b c2645 ic_m4 small_x_offset table completed_valid t=0.0s
[     10s] main 30b c2646 ic_m4 subgroup table completed_valid t=0.0s
[     10s] main 30b c2646 ic_m4 small_x table completed_valid t=0.0s
[     10s] main 30b c2646 ic_m4 random_sub_r0 table completed_valid t=0.0s
[     10s] main 30b c2646 ic_m4 random_sub_r1 table completed_valid t=0.0s
[     10s] main 30b c2646 ic_m4 random_sub_r2 table completed_valid t=0.0s
[     10s] main 30b c2646 ic_m4 known_null_sub table completed_valid t=0.0s
[     10s] main 30b c2646 ic_m4 planted_sub table completed_valid t=0.0s
[     10s] main 30b c2646 ic_m4 small_x_offset table completed_valid t=0.0s
[     10s] main 30b c2647 ic_m4 subgroup table completed_valid t=0.0s
[     10s] main 30b c2647 ic_m4 small_x table completed_valid t=0.0s
[     10s] main 30b c2647 ic_m4 random_sub_r0 table completed_valid t=0.0s
[     10s] main 30b c2647 ic_m4 random_sub_r1 table completed_valid t=0.0s
[     10s] main 30b c2647 ic_m4 random_sub_r2 table completed_valid t=0.0s
[     10s] main 30b c2647 ic_m4 known_null_sub table completed_valid t=0.0s
[     10s] main 30b c2647 ic_m4 planted_sub table completed_valid t=0.0s
[     10s] main 30b c2647 ic_m4 small_x_offset table completed_valid t=0.0s
[     10s] main 30b c2648 ic_m4 subgroup table completed_valid t=0.0s
[     10s] main 30b c2648 ic_m4 small_x table completed_valid t=0.0s
[     10s] main 30b c2648 ic_m4 random_sub_r0 table completed_valid t=0.0s
[     10s] main 30b c2648 ic_m4 random_sub_r1 table completed_valid t=0.0s
[     10s] main 30b c2648 ic_m4 random_sub_r2 table completed_valid t=0.0s
[     10s] main 30b c2648 ic_m4 known_null_sub table completed_valid t=0.0s
[     10s] main 30b c2648 ic_m4 planted_sub table completed_valid t=0.0s
[     10s] main 30b c2648 ic_m4 small_x_offset table completed_valid t=0.0s
[     10s] main 30b c2649 ic_m4 subgroup table completed_valid t=0.0s
[     10s] main 30b c2649 ic_m4 small_x table completed_valid t=0.0s
[     10s] main 30b c2649 ic_m4 random_sub_r0 table completed_valid t=0.0s
[     10s] main 30b c2649 ic_m4 random_sub_r1 table completed_valid t=0.0s
[     10s] main 30b c2649 ic_m4 random_sub_r2 table completed_valid t=0.0s
[     10s] main 30b c2649 ic_m4 known_null_sub table completed_valid t=0.0s
[     10s] main 30b c2649 ic_m4 planted_sub table completed_valid t=0.0s
[     10s] main 30b c2649 ic_m4 small_x_offset table completed_valid t=0.0s
[     11s] main 30b c2650 ic_m4 subgroup table completed_valid t=0.0s
[     11s] main 30b c2650 ic_m4 small_x table completed_valid t=0.0s
[     11s] main 30b c2650 ic_m4 random_sub_r0 table completed_valid t=0.0s
[     11s] main 30b c2650 ic_m4 random_sub_r1 table completed_valid t=0.0s
[     11s] main 30b c2650 ic_m4 random_sub_r2 table completed_valid t=0.0s
[     11s] main 30b c2650 ic_m4 known_null_sub table completed_valid t=0.0s
[     11s] main 30b c2650 ic_m4 planted_sub table completed_valid t=0.0s
[     11s] main 30b c2650 ic_m4 small_x_offset table completed_valid t=0.0s
[     11s] main 30b c2651 ic_m4 subgroup table completed_valid t=0.0s
[     11s] main 30b c2651 ic_m4 small_x table completed_valid t=0.0s
[     11s] main 30b c2651 ic_m4 random_sub_r0 table completed_valid t=0.0s
[     11s] main 30b c2651 ic_m4 random_sub_r1 table completed_valid t=0.0s
[     11s] main 30b c2651 ic_m4 random_sub_r2 table completed_valid t=0.0s
[     11s] main 30b c2651 ic_m4 known_null_sub table completed_valid t=0.0s
[     11s] main 30b c2651 ic_m4 planted_sub table completed_valid t=0.0s
[     11s] main 30b c2651 ic_m4 small_x_offset table completed_valid t=0.0s
[     11s] main 30b c2652 ic_m4 subgroup table completed_valid t=0.0s
[     11s] main 30b c2652 ic_m4 small_x table completed_valid t=0.0s
[     11s] main 30b c2652 ic_m4 random_sub_r0 table completed_valid t=0.0s
[     11s] main 30b c2652 ic_m4 random_sub_r1 table completed_valid t=0.0s
[     11s] main 30b c2652 ic_m4 random_sub_r2 table completed_valid t=0.0s
[     11s] main 30b c2652 ic_m4 known_null_sub table completed_valid t=0.0s
[     11s] main 30b c2652 ic_m4 planted_sub table completed_valid t=0.0s
[     11s] main 30b c2652 ic_m4 small_x_offset table completed_valid t=0.0s
[     11s] main 30b c2653 ic_m4 subgroup table completed_valid t=0.0s
[     11s] main 30b c2653 ic_m4 small_x table completed_valid t=0.0s
[     11s] main 30b c2653 ic_m4 random_sub_r0 table completed_valid t=0.0s
[     11s] main 30b c2653 ic_m4 random_sub_r1 table completed_valid t=0.0s
[     11s] main 30b c2653 ic_m4 random_sub_r2 table completed_valid t=0.0s
[     11s] main 30b c2653 ic_m4 known_null_sub table completed_valid t=0.0s
[     11s] main 30b c2653 ic_m4 planted_sub table completed_valid t=0.0s
[     11s] main 30b c2653 ic_m4 small_x_offset table completed_valid t=0.0s
[     11s] main 30b c2654 ic_m4 subgroup table completed_valid t=0.0s
[     11s] main 30b c2654 ic_m4 small_x table completed_valid t=0.0s
[     11s] main 30b c2654 ic_m4 random_sub_r0 table completed_valid t=0.0s
[     11s] main 30b c2654 ic_m4 random_sub_r1 table completed_valid t=0.0s
[     11s] main 30b c2654 ic_m4 random_sub_r2 table completed_valid t=0.0s
[     11s] main 30b c2654 ic_m4 known_null_sub table completed_valid t=0.0s
[     11s] main 30b c2654 ic_m4 planted_sub table completed_valid t=0.0s
[     11s] main 30b c2654 ic_m4 small_x_offset table completed_valid t=0.0s
[     12s] main 30b c2655 ic_m4 subgroup table completed_valid t=0.0s
[     12s] main 30b c2655 ic_m4 small_x table completed_valid t=0.0s
[     12s] main 30b c2655 ic_m4 random_sub_r0 table completed_valid t=0.0s
[     12s] main 30b c2655 ic_m4 random_sub_r1 table completed_valid t=0.0s
[     12s] main 30b c2655 ic_m4 random_sub_r2 table completed_valid t=0.0s
[     12s] main 30b c2655 ic_m4 known_null_sub table completed_valid t=0.0s
[     12s] main 30b c2655 ic_m4 planted_sub table completed_valid t=0.0s
[     12s] main 30b c2655 ic_m4 small_x_offset table completed_valid t=0.0s
[     12s] main 30b c2656 ic_m4 subgroup table completed_valid t=0.0s
[     12s] main 30b c2656 ic_m4 small_x table completed_valid t=0.0s
[     12s] main 30b c2656 ic_m4 random_sub_r0 table completed_valid t=0.0s
[     12s] main 30b c2656 ic_m4 random_sub_r1 table completed_valid t=0.0s
[     12s] main 30b c2656 ic_m4 random_sub_r2 table completed_valid t=0.0s
[     12s] main 30b c2656 ic_m4 known_null_sub table completed_valid t=0.0s
[     12s] main 30b c2656 ic_m4 planted_sub table completed_valid t=0.0s
[     12s] main 30b c2656 ic_m4 small_x_offset table completed_valid t=0.0s
[     12s] main 30b c2657 ic_m4 subgroup table completed_valid t=0.0s
[     12s] main 30b c2657 ic_m4 small_x table completed_valid t=0.0s
[     12s] main 30b c2657 ic_m4 random_sub_r0 table completed_valid t=0.0s
[     12s] main 30b c2657 ic_m4 random_sub_r1 table completed_valid t=0.0s
[     12s] main 30b c2657 ic_m4 random_sub_r2 table completed_valid t=0.0s
[     12s] main 30b c2657 ic_m4 known_null_sub table completed_valid t=0.0s
[     12s] main 30b c2657 ic_m4 planted_sub table completed_valid t=0.0s
[     12s] main 30b c2657 ic_m4 small_x_offset table completed_valid t=0.0s
[     12s] main 30b c2658 ic_m4 subgroup table completed_valid t=0.0s
[     12s] main 30b c2658 ic_m4 small_x table completed_valid t=0.0s
[     12s] main 30b c2658 ic_m4 random_sub_r0 table completed_valid t=0.0s
[     12s] main 30b c2658 ic_m4 random_sub_r1 table completed_valid t=0.0s
[     12s] main 30b c2658 ic_m4 random_sub_r2 table completed_valid t=0.0s
[     12s] main 30b c2658 ic_m4 known_null_sub table completed_valid t=0.0s
[     12s] main 30b c2658 ic_m4 planted_sub table completed_valid t=0.0s
[     12s] main 30b c2658 ic_m4 small_x_offset table completed_valid t=0.0s
[     13s] main 30b c2659 ic_m4 subgroup table completed_valid t=0.0s
[     13s] main 30b c2659 ic_m4 small_x table completed_valid t=0.0s
[     13s] main 30b c2659 ic_m4 random_sub_r0 table completed_valid t=0.0s
[     13s] main 30b c2659 ic_m4 random_sub_r1 table completed_valid t=0.0s
[     13s] main 30b c2659 ic_m4 random_sub_r2 table completed_valid t=0.0s
[     13s] main 30b c2659 ic_m4 known_null_sub table completed_valid t=0.0s
[     13s] main 30b c2659 ic_m4 planted_sub table completed_valid t=0.0s
[     13s] main 30b c2659 ic_m4 small_x_offset table completed_valid t=0.0s
[     13s] main 30b c2660 ic_m4 subgroup table completed_valid t=0.0s
[     13s] main 30b c2660 ic_m4 small_x table completed_valid t=0.0s
[     13s] main 30b c2660 ic_m4 random_sub_r0 table completed_valid t=0.0s
[     13s] main 30b c2660 ic_m4 random_sub_r1 table completed_valid t=0.0s
[     13s] main 30b c2660 ic_m4 random_sub_r2 table completed_valid t=0.0s
[     13s] main 30b c2660 ic_m4 known_null_sub table completed_valid t=0.0s
[     13s] main 30b c2660 ic_m4 planted_sub table completed_valid t=0.0s
[     13s] main 30b c2660 ic_m4 small_x_offset table completed_valid t=0.0s
[     13s] main 30b c2661 ic_m4 subgroup table completed_valid t=0.0s
[     13s] main 30b c2661 ic_m4 small_x table completed_valid t=0.0s
[     13s] main 30b c2661 ic_m4 random_sub_r0 table completed_valid t=0.0s
[     13s] main 30b c2661 ic_m4 random_sub_r1 table completed_valid t=0.0s
[     13s] main 30b c2661 ic_m4 random_sub_r2 table completed_valid t=0.0s
[     13s] main 30b c2661 ic_m4 known_null_sub table completed_valid t=0.0s
[     13s] main 30b c2661 ic_m4 planted_sub table completed_valid t=0.0s
[     13s] main 30b c2661 ic_m4 small_x_offset table completed_valid t=0.0s
[     13s] main 30b c2662 ic_m4 subgroup table completed_valid t=0.0s
[     13s] main 30b c2662 ic_m4 small_x table completed_valid t=0.0s
[     13s] main 30b c2662 ic_m4 random_sub_r0 table completed_valid t=0.0s
[     13s] main 30b c2662 ic_m4 random_sub_r1 table completed_valid t=0.0s
[     13s] main 30b c2662 ic_m4 random_sub_r2 table completed_valid t=0.0s
[     13s] main 30b c2662 ic_m4 known_null_sub table completed_valid t=0.0s
[     13s] main 30b c2662 ic_m4 planted_sub table completed_valid t=0.0s
[     13s] main 30b c2662 ic_m4 small_x_offset table completed_valid t=0.0s
[     13s] main 30b c2663 ic_m4 subgroup table completed_valid t=0.0s
[     13s] main 30b c2663 ic_m4 small_x table completed_valid t=0.0s
[     13s] main 30b c2663 ic_m4 random_sub_r0 table completed_valid t=0.0s
[     13s] main 30b c2663 ic_m4 random_sub_r1 table completed_valid t=0.0s
[     13s] main 30b c2663 ic_m4 random_sub_r2 table completed_valid t=0.0s
[     13s] main 30b c2663 ic_m4 known_null_sub table completed_valid t=0.0s
[     13s] main 30b c2663 ic_m4 planted_sub table completed_valid t=0.0s
[     13s] main 30b c2663 ic_m4 small_x_offset table completed_valid t=0.0s
[     14s] main 30b c2664 ic_m4 subgroup table completed_valid t=0.0s
[     14s] main 30b c2664 ic_m4 small_x table completed_valid t=0.0s
[     14s] main 30b c2664 ic_m4 random_sub_r0 table completed_valid t=0.0s
[     14s] main 30b c2664 ic_m4 random_sub_r1 table completed_valid t=0.0s
[     14s] main 30b c2664 ic_m4 random_sub_r2 table completed_valid t=0.0s
[     14s] main 30b c2664 ic_m4 known_null_sub table completed_valid t=0.0s
[     14s] main 30b c2664 ic_m4 planted_sub table completed_valid t=0.0s
[     14s] main 30b c2664 ic_m4 small_x_offset table completed_valid t=0.0s
[     14s] main 30b c2665 ic_m4 subgroup table completed_valid t=0.0s
[     14s] main 30b c2665 ic_m4 small_x table completed_valid t=0.0s
[     14s] main 30b c2665 ic_m4 random_sub_r0 table completed_valid t=0.0s
[     14s] main 30b c2665 ic_m4 random_sub_r1 table completed_valid t=0.0s
[     14s] main 30b c2665 ic_m4 random_sub_r2 table completed_valid t=0.0s
[     14s] main 30b c2665 ic_m4 known_null_sub table completed_valid t=0.0s
[     14s] main 30b c2665 ic_m4 planted_sub table completed_valid t=0.0s
[     14s] main 30b c2665 ic_m4 small_x_offset table completed_valid t=0.0s
[     14s] main 30b c2666 ic_m4 subgroup table completed_valid t=0.0s
[     14s] main 30b c2666 ic_m4 small_x table completed_valid t=0.0s
[     14s] main 30b c2666 ic_m4 random_sub_r0 table completed_valid t=0.0s
[     14s] main 30b c2666 ic_m4 random_sub_r1 table completed_valid t=0.0s
[     14s] main 30b c2666 ic_m4 random_sub_r2 table completed_valid t=0.0s
[     14s] main 30b c2666 ic_m4 known_null_sub table completed_valid t=0.0s
[     14s] main 30b c2666 ic_m4 planted_sub table completed_valid t=0.0s
[     14s] main 30b c2666 ic_m4 small_x_offset table completed_valid t=0.0s
[     14s] main 30b c2667 ic_m4 subgroup table completed_valid t=0.0s
[     14s] main 30b c2667 ic_m4 small_x table completed_valid t=0.0s
[     14s] main 30b c2667 ic_m4 random_sub_r0 table completed_valid t=0.0s
[     14s] main 30b c2667 ic_m4 random_sub_r1 table completed_valid t=0.0s
[     14s] main 30b c2667 ic_m4 random_sub_r2 table completed_valid t=0.0s
[     14s] main 30b c2667 ic_m4 known_null_sub table completed_valid t=0.0s
[     14s] main 30b c2667 ic_m4 planted_sub table completed_valid t=0.0s
[     14s] main 30b c2667 ic_m4 small_x_offset table completed_valid t=0.0s
[     14s] main 30b c2668 ic_m4 subgroup table completed_valid t=0.0s
[     14s] main 30b c2668 ic_m4 small_x table completed_valid t=0.0s
[     14s] main 30b c2668 ic_m4 random_sub_r0 table completed_valid t=0.0s
[     14s] main 30b c2668 ic_m4 random_sub_r1 table completed_valid t=0.0s
[     14s] main 30b c2668 ic_m4 random_sub_r2 table completed_valid t=0.0s
[     14s] main 30b c2668 ic_m4 known_null_sub table completed_valid t=0.0s
[     14s] main 30b c2668 ic_m4 planted_sub table completed_valid t=0.0s
[     14s] main 30b c2668 ic_m4 small_x_offset table completed_valid t=0.0s
[     15s] main 30b c2669 ic_m4 subgroup table completed_valid t=0.0s
[     15s] main 30b c2669 ic_m4 small_x table completed_valid t=0.0s
[     15s] main 30b c2669 ic_m4 random_sub_r0 table completed_valid t=0.0s
[     15s] main 30b c2669 ic_m4 random_sub_r1 table completed_valid t=0.0s
[     15s] main 30b c2669 ic_m4 random_sub_r2 table completed_valid t=0.0s
[     15s] main 30b c2669 ic_m4 known_null_sub table completed_valid t=0.0s
[     15s] main 30b c2669 ic_m4 planted_sub table completed_valid t=0.0s
[     15s] main 30b c2669 ic_m4 small_x_offset table completed_valid t=0.0s
[     15s] main 30b c2670 ic_m4 subgroup table completed_valid t=0.0s
[     15s] main 30b c2670 ic_m4 small_x table completed_valid t=0.0s
[     15s] main 30b c2670 ic_m4 random_sub_r0 table completed_valid t=0.1s
[     15s] main 30b c2670 ic_m4 random_sub_r1 table completed_valid t=0.0s
[     15s] main 30b c2670 ic_m4 random_sub_r2 table completed_valid t=0.1s
[     15s] main 30b c2670 ic_m4 known_null_sub table completed_valid t=0.0s
[     15s] main 30b c2670 ic_m4 planted_sub table completed_valid t=0.0s
[     15s] main 30b c2670 ic_m4 small_x_offset table completed_valid t=0.0s
[     15s] main 30b c2671 ic_m4 subgroup table completed_valid t=0.0s
[     15s] main 30b c2671 ic_m4 small_x table completed_valid t=0.1s
[     15s] main 30b c2671 ic_m4 random_sub_r0 table completed_valid t=0.0s
[     15s] main 30b c2671 ic_m4 random_sub_r1 table completed_valid t=0.0s
[     15s] main 30b c2671 ic_m4 random_sub_r2 table completed_valid t=0.0s
[     15s] main 30b c2671 ic_m4 known_null_sub table completed_valid t=0.0s
[     15s] main 30b c2671 ic_m4 planted_sub table completed_valid t=0.0s
[     15s] main 30b c2671 ic_m4 small_x_offset table completed_valid t=0.0s
[     16s] main 30b c2672 ic_m4 subgroup table completed_valid t=0.0s
[     16s] main 30b c2672 ic_m4 small_x table completed_valid t=0.0s
[     16s] main 30b c2672 ic_m4 random_sub_r0 table completed_valid t=0.0s
[     16s] main 30b c2672 ic_m4 random_sub_r1 table completed_valid t=0.0s
[     16s] main 30b c2672 ic_m4 random_sub_r2 table completed_valid t=0.0s
[     16s] main 30b c2672 ic_m4 known_null_sub table completed_valid t=0.0s
[     16s] main 30b c2672 ic_m4 planted_sub table completed_valid t=0.0s
[     16s] main 30b c2672 ic_m4 small_x_offset table completed_valid t=0.0s
[     16s] main 30b c2673 ic_m4 subgroup table completed_valid t=0.0s
[     16s] main 30b c2673 ic_m4 small_x table completed_valid t=0.0s
[     16s] main 30b c2673 ic_m4 random_sub_r0 table completed_valid t=0.0s
[     16s] main 30b c2673 ic_m4 random_sub_r1 table completed_valid t=0.0s
[     16s] main 30b c2673 ic_m4 random_sub_r2 table completed_valid t=0.0s
[     16s] main 30b c2673 ic_m4 known_null_sub table completed_valid t=0.0s
[     16s] main 30b c2673 ic_m4 planted_sub table completed_valid t=0.0s
[     16s] main 30b c2673 ic_m4 small_x_offset table completed_valid t=0.0s
[     16s] main 30b c2674 ic_m4 subgroup table completed_valid t=0.0s
[     16s] main 30b c2674 ic_m4 small_x table completed_valid t=0.0s
[     16s] main 30b c2674 ic_m4 random_sub_r0 table completed_valid t=0.0s
[     16s] main 30b c2674 ic_m4 random_sub_r1 table completed_valid t=0.0s
[     16s] main 30b c2674 ic_m4 random_sub_r2 table completed_valid t=0.0s
[     16s] main 30b c2674 ic_m4 known_null_sub table completed_valid t=0.0s
[     16s] main 30b c2674 ic_m4 planted_sub table completed_valid t=0.0s
[     16s] main 30b c2674 ic_m4 small_x_offset table completed_valid t=0.0s
[     16s] main 30b c2675 ic_m4 subgroup table completed_valid t=0.0s
[     16s] main 30b c2675 ic_m4 small_x table completed_valid t=0.0s
[     16s] main 30b c2675 ic_m4 random_sub_r0 table completed_valid t=0.0s
[     16s] main 30b c2675 ic_m4 random_sub_r1 table completed_valid t=0.0s
[     16s] main 30b c2675 ic_m4 random_sub_r2 table completed_valid t=0.0s
[     16s] main 30b c2675 ic_m4 known_null_sub table completed_valid t=0.0s
[     16s] main 30b c2675 ic_m4 planted_sub table completed_valid t=0.0s
[     16s] main 30b c2675 ic_m4 small_x_offset table completed_valid t=0.0s
[     17s] main 30b c2676 ic_m4 subgroup table completed_valid t=0.0s
[     17s] main 30b c2676 ic_m4 small_x table completed_valid t=0.0s
[     17s] main 30b c2676 ic_m4 random_sub_r0 table completed_valid t=0.0s
[     17s] main 30b c2676 ic_m4 random_sub_r1 table completed_valid t=0.0s
[     17s] main 30b c2676 ic_m4 random_sub_r2 table completed_valid t=0.0s
[     17s] main 30b c2676 ic_m4 known_null_sub table completed_valid t=0.0s
[     17s] main 30b c2676 ic_m4 planted_sub table completed_valid t=0.0s
[     17s] main 30b c2676 ic_m4 small_x_offset table completed_valid t=0.0s
[     17s] main 30b c2677 ic_m4 subgroup table completed_valid t=0.0s
[     17s] main 30b c2677 ic_m4 small_x table completed_valid t=0.0s
[     17s] main 30b c2677 ic_m4 random_sub_r0 table completed_valid t=0.0s
[     17s] main 30b c2677 ic_m4 random_sub_r1 table completed_valid t=0.0s
[     17s] main 30b c2677 ic_m4 random_sub_r2 table completed_valid t=0.0s
[     17s] main 30b c2677 ic_m4 known_null_sub table completed_valid t=0.0s
[     17s] main 30b c2677 ic_m4 planted_sub table completed_valid t=0.0s
[     17s] main 30b c2677 ic_m4 small_x_offset table completed_valid t=0.0s
[     17s] main 30b c2678 ic_m4 subgroup table completed_valid t=0.0s
[     17s] main 30b c2678 ic_m4 small_x table completed_valid t=0.0s
[     17s] main 30b c2678 ic_m4 random_sub_r0 table completed_valid t=0.0s
[     17s] main 30b c2678 ic_m4 random_sub_r1 table completed_valid t=0.0s
[     17s] main 30b c2678 ic_m4 random_sub_r2 table completed_valid t=0.0s
[     17s] main 30b c2678 ic_m4 known_null_sub table completed_valid t=0.0s
[     17s] main 30b c2678 ic_m4 planted_sub table completed_valid t=0.0s
[     17s] main 30b c2678 ic_m4 small_x_offset table completed_valid t=0.0s
[     17s] main 30b c2679 ic_m4 subgroup table completed_valid t=0.0s
[     17s] main 30b c2679 ic_m4 small_x table completed_valid t=0.0s
[     17s] main 30b c2679 ic_m4 random_sub_r0 table completed_valid t=0.0s
[     17s] main 30b c2679 ic_m4 random_sub_r1 table completed_valid t=0.0s
[     17s] main 30b c2679 ic_m4 random_sub_r2 table completed_valid t=0.0s
[     17s] main 30b c2679 ic_m4 known_null_sub table completed_valid t=0.0s
[     17s] main 30b c2679 ic_m4 planted_sub table completed_valid t=0.0s
[     17s] main 30b c2679 ic_m4 small_x_offset table completed_valid t=0.0s
[     17s] main 30b c2680 ic_m4 subgroup table completed_valid t=0.0s
[     17s] main 30b c2680 ic_m4 small_x table completed_valid t=0.0s
[     17s] main 30b c2680 ic_m4 random_sub_r0 table completed_valid t=0.0s
[     17s] main 30b c2680 ic_m4 random_sub_r1 table completed_valid t=0.0s
[     17s] main 30b c2680 ic_m4 random_sub_r2 table completed_valid t=0.0s
[     17s] main 30b c2680 ic_m4 known_null_sub table completed_valid t=0.0s
[     17s] main 30b c2680 ic_m4 planted_sub table completed_valid t=0.0s
[     17s] main 30b c2680 ic_m4 small_x_offset table completed_valid t=0.0s
[     17s] main 30b c2681 ic_m4 subgroup table completed_valid t=0.0s
[     17s] main 30b c2681 ic_m4 small_x table completed_valid t=0.0s
[     17s] main 30b c2681 ic_m4 random_sub_r0 table completed_valid t=0.0s
[     17s] main 30b c2681 ic_m4 random_sub_r1 table completed_valid t=0.0s
[     17s] main 30b c2681 ic_m4 random_sub_r2 table completed_valid t=0.0s
[     17s] main 30b c2681 ic_m4 known_null_sub table completed_valid t=0.0s
[     17s] main 30b c2681 ic_m4 planted_sub table completed_valid t=0.0s
[     17s] main 30b c2681 ic_m4 small_x_offset table completed_valid t=0.0s
[     18s] main 30b c2682 ic_m4 subgroup table completed_valid t=0.0s
[     18s] main 30b c2682 ic_m4 small_x table completed_valid t=0.0s
[     18s] main 30b c2682 ic_m4 random_sub_r0 table completed_valid t=0.0s
[     18s] main 30b c2682 ic_m4 random_sub_r1 table completed_valid t=0.0s
[     18s] main 30b c2682 ic_m4 random_sub_r2 table completed_valid t=0.0s
[     18s] main 30b c2682 ic_m4 known_null_sub table completed_valid t=0.0s
[     18s] main 30b c2682 ic_m4 planted_sub table completed_valid t=0.0s
[     18s] main 30b c2682 ic_m4 small_x_offset table completed_valid t=0.0s
[     18s] main 30b c2683 ic_m4 subgroup table completed_valid t=0.0s
[     18s] main 30b c2683 ic_m4 small_x table completed_valid t=0.0s
[     18s] main 30b c2683 ic_m4 random_sub_r0 table completed_valid t=0.0s
[     18s] main 30b c2683 ic_m4 random_sub_r1 table completed_valid t=0.0s
[     18s] main 30b c2683 ic_m4 random_sub_r2 table completed_valid t=0.0s
[     18s] main 30b c2683 ic_m4 known_null_sub table completed_valid t=0.0s
[     18s] main 30b c2683 ic_m4 planted_sub table completed_valid t=0.0s
[     18s] main 30b c2683 ic_m4 small_x_offset table completed_valid t=0.0s
[     18s] main 30b c2684 ic_m4 subgroup table completed_valid t=0.0s
[     18s] main 30b c2684 ic_m4 small_x table completed_valid t=0.0s
[     18s] main 30b c2684 ic_m4 random_sub_r0 table completed_valid t=0.0s
[     18s] main 30b c2684 ic_m4 random_sub_r1 table completed_valid t=0.0s
[     18s] main 30b c2684 ic_m4 random_sub_r2 table completed_valid t=0.0s
[     18s] main 30b c2684 ic_m4 known_null_sub table completed_valid t=0.0s
[     18s] main 30b c2684 ic_m4 planted_sub table completed_valid t=0.0s
[     18s] main 30b c2684 ic_m4 small_x_offset table completed_valid t=0.0s
[     18s] main 30b c2685 ic_m4 subgroup table completed_valid t=0.0s
[     18s] main 30b c2685 ic_m4 small_x table completed_valid t=0.0s
[     18s] main 30b c2685 ic_m4 random_sub_r0 table completed_valid t=0.0s
[     18s] main 30b c2685 ic_m4 random_sub_r1 table completed_valid t=0.0s
[     18s] main 30b c2685 ic_m4 random_sub_r2 table completed_valid t=0.0s
[     18s] main 30b c2685 ic_m4 known_null_sub table completed_valid t=0.0s
[     18s] main 30b c2685 ic_m4 planted_sub table completed_valid t=0.0s
[     18s] main 30b c2685 ic_m4 small_x_offset table completed_valid t=0.0s
[     19s] main 30b c2686 ic_m4 subgroup table completed_valid t=0.0s
[     19s] main 30b c2686 ic_m4 small_x table completed_valid t=0.0s
[     19s] main 30b c2686 ic_m4 random_sub_r0 table completed_valid t=0.0s
[     19s] main 30b c2686 ic_m4 random_sub_r1 table completed_valid t=0.0s
[     19s] main 30b c2686 ic_m4 random_sub_r2 table completed_valid t=0.0s
[     19s] main 30b c2686 ic_m4 known_null_sub table completed_valid t=0.0s
[     19s] main 30b c2686 ic_m4 planted_sub table completed_valid t=0.0s
[     19s] main 30b c2686 ic_m4 small_x_offset table completed_valid t=0.0s
[     19s] main 30b c2687 ic_m4 subgroup table completed_valid t=0.0s
[     19s] main 30b c2687 ic_m4 small_x table completed_valid t=0.0s
[     19s] main 30b c2687 ic_m4 random_sub_r0 table completed_valid t=0.0s
[     19s] main 30b c2687 ic_m4 random_sub_r1 table completed_valid t=0.0s
[     19s] main 30b c2687 ic_m4 random_sub_r2 table completed_valid t=0.0s
[     19s] main 30b c2687 ic_m4 known_null_sub table completed_valid t=0.0s
[     19s] main 30b c2687 ic_m4 planted_sub table completed_valid t=0.0s
[     19s] main 30b c2687 ic_m4 small_x_offset table completed_valid t=0.0s
[     19s] main 30b c2688 ic_m4 subgroup table completed_valid t=0.0s
[     19s] main 30b c2688 ic_m4 small_x table completed_valid t=0.0s
[     19s] main 30b c2688 ic_m4 random_sub_r0 table completed_valid t=0.0s
[     19s] main 30b c2688 ic_m4 random_sub_r1 table completed_valid t=0.0s
[     19s] main 30b c2688 ic_m4 random_sub_r2 table completed_valid t=0.0s
[     19s] main 30b c2688 ic_m4 known_null_sub table completed_valid t=0.0s
[     19s] main 30b c2688 ic_m4 planted_sub table completed_valid t=0.0s
[     19s] main 30b c2688 ic_m4 small_x_offset table completed_valid t=0.0s
[     20s] main 30b c2689 ic_m4 subgroup table completed_valid t=0.0s
[     20s] main 30b c2689 ic_m4 small_x table completed_valid t=0.0s
[     20s] main 30b c2689 ic_m4 random_sub_r0 table completed_valid t=0.0s
[     20s] main 30b c2689 ic_m4 random_sub_r1 table completed_valid t=0.1s
[     20s] main 30b c2689 ic_m4 random_sub_r2 table completed_valid t=0.0s
[     20s] main 30b c2689 ic_m4 known_null_sub table completed_valid t=0.0s
[     20s] main 30b c2689 ic_m4 planted_sub table completed_valid t=0.0s
[     20s] main 30b c2689 ic_m4 small_x_offset table completed_valid t=0.0s
[     20s] main 30b c2690 ic_m4 subgroup table completed_valid t=0.0s
[     20s] main 30b c2690 ic_m4 small_x table completed_valid t=0.0s
[     20s] main 30b c2690 ic_m4 random_sub_r0 table completed_valid t=0.0s
[     20s] main 30b c2690 ic_m4 random_sub_r1 table completed_valid t=0.0s
[     20s] main 30b c2690 ic_m4 random_sub_r2 table completed_valid t=0.0s
[     20s] main 30b c2690 ic_m4 known_null_sub table completed_valid t=0.0s
[     20s] main 30b c2690 ic_m4 planted_sub table completed_valid t=0.0s
[     20s] main 30b c2690 ic_m4 small_x_offset table completed_valid t=0.0s
[     20s] main 30b c2691 ic_m4 subgroup table completed_valid t=0.0s
[     20s] main 30b c2691 ic_m4 small_x table completed_valid t=0.0s
[     20s] main 30b c2691 ic_m4 random_sub_r0 table completed_valid t=0.0s
[     20s] main 30b c2691 ic_m4 random_sub_r1 table completed_valid t=0.0s
[     20s] main 30b c2691 ic_m4 random_sub_r2 table completed_valid t=0.0s
[     20s] main 30b c2691 ic_m4 known_null_sub table completed_valid t=0.0s
[     20s] main 30b c2691 ic_m4 planted_sub table completed_valid t=0.0s
[     20s] main 30b c2691 ic_m4 small_x_offset table completed_valid t=0.0s
[     21s] main 30b c2692 ic_m4 subgroup table completed_valid t=0.0s
[     21s] main 30b c2692 ic_m4 small_x table completed_valid t=0.0s
[     21s] main 30b c2692 ic_m4 random_sub_r0 table completed_valid t=0.0s
[     21s] main 30b c2692 ic_m4 random_sub_r1 table completed_valid t=0.0s
[     21s] main 30b c2692 ic_m4 random_sub_r2 table completed_valid t=0.0s
[     21s] main 30b c2692 ic_m4 known_null_sub table completed_valid t=0.0s
[     21s] main 30b c2692 ic_m4 planted_sub table completed_valid t=0.0s
[     21s] main 30b c2692 ic_m4 small_x_offset table completed_valid t=0.0s
[     21s] main 30b c2693 ic_m4 subgroup table completed_valid t=0.0s
[     21s] main 30b c2693 ic_m4 small_x table completed_valid t=0.0s
[     21s] main 30b c2693 ic_m4 random_sub_r0 table completed_valid t=0.0s
[     21s] main 30b c2693 ic_m4 random_sub_r1 table completed_valid t=0.0s
[     21s] main 30b c2693 ic_m4 random_sub_r2 table completed_valid t=0.0s
[     21s] main 30b c2693 ic_m4 known_null_sub table completed_valid t=0.0s
[     21s] main 30b c2693 ic_m4 planted_sub table completed_valid t=0.0s
[     21s] main 30b c2693 ic_m4 small_x_offset table completed_valid t=0.0s
[     21s] main 30b c2694 ic_m4 subgroup table completed_valid t=0.0s
[     21s] main 30b c2694 ic_m4 small_x table completed_valid t=0.0s
[     21s] main 30b c2694 ic_m4 random_sub_r0 table completed_valid t=0.0s
[     21s] main 30b c2694 ic_m4 random_sub_r1 table completed_valid t=0.0s
[     21s] main 30b c2694 ic_m4 random_sub_r2 table completed_valid t=0.0s
[     21s] main 30b c2694 ic_m4 known_null_sub table completed_valid t=0.0s
[     21s] main 30b c2694 ic_m4 planted_sub table completed_valid t=0.0s
[     21s] main 30b c2694 ic_m4 small_x_offset table completed_valid t=0.0s
[     21s] main 30b c2695 ic_m4 subgroup table completed_valid t=0.0s
[     21s] main 30b c2695 ic_m4 small_x table completed_valid t=0.0s
[     21s] main 30b c2695 ic_m4 random_sub_r0 table completed_valid t=0.0s
[     21s] main 30b c2695 ic_m4 random_sub_r1 table completed_valid t=0.0s
[     21s] main 30b c2695 ic_m4 random_sub_r2 table completed_valid t=0.0s
[     21s] main 30b c2695 ic_m4 known_null_sub table completed_valid t=0.0s
[     21s] main 30b c2695 ic_m4 planted_sub table completed_valid t=0.0s
[     21s] main 30b c2695 ic_m4 small_x_offset table completed_valid t=0.0s
[     21s] main 30b c2696 ic_m4 subgroup table completed_valid t=0.0s
[     21s] main 30b c2696 ic_m4 small_x table completed_valid t=0.0s
[     21s] main 30b c2696 ic_m4 random_sub_r0 table completed_valid t=0.0s
[     21s] main 30b c2696 ic_m4 random_sub_r1 table completed_valid t=0.0s
[     21s] main 30b c2696 ic_m4 random_sub_r2 table completed_valid t=0.0s
[     21s] main 30b c2696 ic_m4 known_null_sub table completed_valid t=0.0s
[     21s] main 30b c2696 ic_m4 planted_sub table completed_valid t=0.0s
[     21s] main 30b c2696 ic_m4 small_x_offset table completed_valid t=0.0s
[     22s] main 30b c2697 ic_m4 subgroup table completed_valid t=0.0s
[     22s] main 30b c2697 ic_m4 small_x table completed_valid t=0.0s
[     22s] main 30b c2697 ic_m4 random_sub_r0 table completed_valid t=0.0s
[     22s] main 30b c2697 ic_m4 random_sub_r1 table completed_valid t=0.0s
[     22s] main 30b c2697 ic_m4 random_sub_r2 table completed_valid t=0.0s
[     22s] main 30b c2697 ic_m4 known_null_sub table completed_valid t=0.0s
[     22s] main 30b c2697 ic_m4 planted_sub table completed_valid t=0.0s
[     22s] main 30b c2697 ic_m4 small_x_offset table completed_valid t=0.0s
[     22s] main 30b c2698 ic_m4 subgroup table completed_valid t=0.0s
[     22s] main 30b c2698 ic_m4 small_x table completed_valid t=0.0s
[     22s] main 30b c2698 ic_m4 random_sub_r0 table completed_valid t=0.0s
[     22s] main 30b c2698 ic_m4 random_sub_r1 table completed_valid t=0.0s
[     22s] main 30b c2698 ic_m4 random_sub_r2 table completed_valid t=0.0s
[     22s] main 30b c2698 ic_m4 known_null_sub table completed_valid t=0.0s
[     22s] main 30b c2698 ic_m4 planted_sub table completed_valid t=0.0s
[     22s] main 30b c2698 ic_m4 small_x_offset table completed_valid t=0.0s
[     22s] main 30b c2699 ic_m4 subgroup table completed_valid t=0.0s
[     22s] main 30b c2699 ic_m4 small_x table completed_valid t=0.0s
[     22s] main 30b c2699 ic_m4 random_sub_r0 table completed_valid t=0.0s
[     22s] main 30b c2699 ic_m4 random_sub_r1 table completed_valid t=0.0s
[     22s] main 30b c2699 ic_m4 random_sub_r2 table completed_valid t=0.0s
[     22s] main 30b c2699 ic_m4 known_null_sub table completed_valid t=0.0s
[     22s] main 30b c2699 ic_m4 planted_sub table completed_valid t=0.0s
[     22s] main 30b c2699 ic_m4 small_x_offset table completed_valid t=0.0s
[     22s] main 30b c2700 ic_m4 subgroup table completed_valid t=0.0s
[     22s] main 30b c2700 ic_m4 small_x table completed_valid t=0.0s
[     22s] main 30b c2700 ic_m4 random_sub_r0 table completed_valid t=0.0s
[     22s] main 30b c2700 ic_m4 random_sub_r1 table completed_valid t=0.0s
[     22s] main 30b c2700 ic_m4 random_sub_r2 table completed_valid t=0.0s
[     22s] main 30b c2700 ic_m4 known_null_sub table completed_valid t=0.0s
[     22s] main 30b c2700 ic_m4 planted_sub table completed_valid t=0.0s
[     22s] main 30b c2700 ic_m4 small_x_offset table completed_valid t=0.0s
[     22s] main 30b c2701 ic_m4 subgroup table completed_valid t=0.0s
[     22s] main 30b c2701 ic_m4 small_x table completed_valid t=0.0s
[     22s] main 30b c2701 ic_m4 random_sub_r0 table completed_valid t=0.0s
[     22s] main 30b c2701 ic_m4 random_sub_r1 table completed_valid t=0.0s
[     22s] main 30b c2701 ic_m4 random_sub_r2 table completed_valid t=0.0s
[     22s] main 30b c2701 ic_m4 known_null_sub table completed_valid t=0.0s
[     22s] main 30b c2701 ic_m4 planted_sub table completed_valid t=0.0s
[     22s] main 30b c2701 ic_m4 small_x_offset table completed_valid t=0.0s
[     23s] main 30b c2702 ic_m4 subgroup table completed_valid t=0.0s
[     23s] main 30b c2702 ic_m4 small_x table completed_valid t=0.0s
[     23s] main 30b c2702 ic_m4 random_sub_r0 table completed_valid t=0.0s
[     23s] main 30b c2702 ic_m4 random_sub_r1 table completed_valid t=0.0s
[     23s] main 30b c2702 ic_m4 random_sub_r2 table completed_valid t=0.0s
[     23s] main 30b c2702 ic_m4 known_null_sub table completed_valid t=0.0s
[     23s] main 30b c2702 ic_m4 planted_sub table completed_valid t=0.0s
[     23s] main 30b c2702 ic_m4 small_x_offset table completed_valid t=0.0s
[     23s] main 30b c2703 ic_m4 subgroup table completed_valid t=0.0s
[     23s] main 30b c2703 ic_m4 small_x table completed_valid t=0.0s
[     23s] main 30b c2703 ic_m4 random_sub_r0 table completed_valid t=0.0s
[     23s] main 30b c2703 ic_m4 random_sub_r1 table completed_valid t=0.0s
[     23s] main 30b c2703 ic_m4 random_sub_r2 table completed_valid t=0.0s
[     23s] main 30b c2703 ic_m4 known_null_sub table completed_valid t=0.0s
[     23s] main 30b c2703 ic_m4 planted_sub table completed_valid t=0.0s
[     23s] main 30b c2703 ic_m4 small_x_offset table completed_valid t=0.0s
[     23s] main 30b c2704 ic_m4 subgroup table completed_valid t=0.0s
[     23s] main 30b c2704 ic_m4 small_x table completed_valid t=0.0s
[     23s] main 30b c2704 ic_m4 random_sub_r0 table completed_valid t=0.0s
[     23s] main 30b c2704 ic_m4 random_sub_r1 table completed_valid t=0.0s
[     23s] main 30b c2704 ic_m4 random_sub_r2 table completed_valid t=0.0s
[     23s] main 30b c2704 ic_m4 known_null_sub table completed_valid t=0.0s
[     23s] main 30b c2704 ic_m4 planted_sub table completed_valid t=0.0s
[     23s] main 30b c2704 ic_m4 small_x_offset table completed_valid t=0.0s
[     23s] main 30b c2705 ic_m4 subgroup table completed_valid t=0.0s
[     23s] main 30b c2705 ic_m4 small_x table completed_valid t=0.0s
[     23s] main 30b c2705 ic_m4 random_sub_r0 table completed_valid t=0.0s
[     23s] main 30b c2705 ic_m4 random_sub_r1 table completed_valid t=0.0s
[     23s] main 30b c2705 ic_m4 random_sub_r2 table completed_valid t=0.0s
[     23s] main 30b c2705 ic_m4 known_null_sub table completed_valid t=0.0s
[     23s] main 30b c2705 ic_m4 planted_sub table completed_valid t=0.0s
[     23s] main 30b c2705 ic_m4 small_x_offset table completed_valid t=0.0s
[     24s] main 30b c2706 ic_m4 subgroup table completed_valid t=0.0s
[     24s] main 30b c2706 ic_m4 small_x table completed_valid t=0.0s
[     24s] main 30b c2706 ic_m4 random_sub_r0 table completed_valid t=0.0s
[     24s] main 30b c2706 ic_m4 random_sub_r1 table completed_valid t=0.0s
[     24s] main 30b c2706 ic_m4 random_sub_r2 table completed_valid t=0.0s
[     24s] main 30b c2706 ic_m4 known_null_sub table completed_valid t=0.0s
[     24s] main 30b c2706 ic_m4 planted_sub table completed_valid t=0.0s
[     24s] main 30b c2706 ic_m4 small_x_offset table completed_valid t=0.0s
[     24s] main 30b c2707 ic_m4 subgroup table completed_valid t=0.0s
[     24s] main 30b c2707 ic_m4 small_x table completed_valid t=0.0s
[     24s] main 30b c2707 ic_m4 random_sub_r0 table completed_valid t=0.0s
[     24s] main 30b c2707 ic_m4 random_sub_r1 table completed_valid t=0.0s
[     24s] main 30b c2707 ic_m4 random_sub_r2 table completed_valid t=0.0s
[     24s] main 30b c2707 ic_m4 known_null_sub table completed_valid t=0.0s
[     24s] main 30b c2707 ic_m4 planted_sub table completed_valid t=0.0s
[     24s] main 30b c2707 ic_m4 small_x_offset table completed_valid t=0.0s
[     24s] main 30b c2708 ic_m4 subgroup table completed_valid t=0.0s
[     24s] main 30b c2708 ic_m4 small_x table completed_valid t=0.0s
[     24s] main 30b c2708 ic_m4 random_sub_r0 table completed_valid t=0.0s
[     24s] main 30b c2708 ic_m4 random_sub_r1 table completed_valid t=0.0s
[     24s] main 30b c2708 ic_m4 random_sub_r2 table completed_valid t=0.0s
[     24s] main 30b c2708 ic_m4 known_null_sub table completed_valid t=0.0s
[     24s] main 30b c2708 ic_m4 planted_sub table completed_valid t=0.0s
[     24s] main 30b c2708 ic_m4 small_x_offset table completed_valid t=0.0s
[     24s] main 30b c2709 ic_m4 subgroup table completed_valid t=0.0s
[     24s] main 30b c2709 ic_m4 small_x table completed_valid t=0.0s
[     24s] main 30b c2709 ic_m4 random_sub_r0 table completed_valid t=0.0s
[     24s] main 30b c2709 ic_m4 random_sub_r1 table completed_valid t=0.0s
[     24s] main 30b c2709 ic_m4 random_sub_r2 table completed_valid t=0.0s
[     24s] main 30b c2709 ic_m4 known_null_sub table completed_valid t=0.0s
[     24s] main 30b c2709 ic_m4 planted_sub table completed_valid t=0.0s
[     24s] main 30b c2709 ic_m4 small_x_offset table completed_valid t=0.0s
