==12058== Callgrind, a call-graph generating cache profiler
==12058== Copyright (C) 2002-2017, and GNU GPL'd, by Josef Weidendorfer et al.
==12058== Using Valgrind-3.22.0 and LibVEX; rerun with -h for copyright info
==12058== Command: /usr/bin/msolve -v 2 -t 1 -f /home/user/crypto-autoresearcher/experiments/EXP-GFPN-05ff43/runs/RUN-GFPN-902222/solver/fx_fresh2_raw_u.ms -o /home/user/crypto-autoresearcher/experiments/EXP-GFPN-05ff43/runs/RUN-GFPN-902222/solver/fx_fresh2_raw_u.cg.ms.out -P 1
==12058== 
==12058== For interactive control, run 'callgrind_control -h'.

--------------- INPUT DATA ---------------
#variables                       3
#equations                       3
#invalid equations               0
field characteristic      16777291
homogeneous input?               0
signature-based computation      0
monomial order                 DRL
basis hash table resetting     OFF
linear algebra option            2
initial hash table size     131072 (2^17)
max pair selection             ALL
reduce gb                        1
#threads                         1
info level                       2
generate pbm files               0
------------------------------------------
Dimension of quotient: 384
Staircase is not generic
Multiplication by x1^4*x2^5*x3 gets outside the staircase
Time for rational param:          0.72 (elapsed) sec /  0.71 sec (cpu)


--------------- INPUT DATA ---------------
#variables                       3
#equations                       3
#invalid equations               0
field characteristic      16777291
homogeneous input?               0
signature-based computation      0
monomial order                 DRL
basis hash table resetting     OFF
linear algebra option            2
initial hash table size     131072 (2^17)
max pair selection             ALL
reduce gb                        1
#threads                         1
info level                       2
generate pbm files               0
------------------------------------------
Dimension of quotient: 384
Staircase is not generic
Multiplication by x1^4*x2^5*x3 gets outside the staircase
Time for rational param:          0.57 (elapsed) sec /  0.57 sec (cpu)


--------------- INPUT DATA ---------------
#variables                       3
#equations                       3
#invalid equations               0
field characteristic      16777291
homogeneous input?               0
signature-based computation      0
monomial order                 DRL
basis hash table resetting     OFF
linear algebra option            2
initial hash table size     131072 (2^17)
max pair selection             ALL
reduce gb                        1
#threads                         1
info level                       2
generate pbm files               0
------------------------------------------
Dimension of quotient: 384
Staircase is not generic
Multiplication by x1^4*x2^5*x3 gets outside the staircase
Time for rational param:          0.60 (elapsed) sec /  0.60 sec (cpu)


--------------- INPUT DATA ---------------
#variables                       4
#equations                       4
#invalid equations               0
field characteristic      16777291
homogeneous input?               0
signature-based computation      0
monomial order                 DRL
basis hash table resetting     OFF
linear algebra option            2
initial hash table size     131072 (2^17)
max pair selection             ALL
reduce gb                        1
#threads                         1
info level                       2
generate pbm files               0
------------------------------------------
Dimension of quotient: 384
Staircase is not generic
Multiplication by x2^9*x3 gets outside the staircase
Time for rational param:          0.58 (elapsed) sec /  0.57 sec (cpu)


--------------- INPUT DATA ---------------
#variables                       4
#equations                       4
#invalid equations               0
field characteristic      16777291
homogeneous input?               0
signature-based computation      0
monomial order                 DRL
basis hash table resetting     OFF
linear algebra option            2
initial hash table size     131072 (2^17)
max pair selection             ALL
reduce gb                        1
#threads                         1
info level                       2
generate pbm files               0
------------------------------------------
Dimension of quotient: 384
[384, 63], Non trivial / Trivial = 16.41%
Density of non-trivial part 97.70%
Time spent to generate sequence (elapsed): 0.08 sec (0.24 Gops/sec)
Time spent to compute eliminating polynomial (elapsed): 0.09 sec
Elimination polynomial has degree 384.
Time for rational param:          1.05 (elapsed) sec /  1.04 sec (cpu)

------------------------------------------------------------------------------------
msolve overall time           3.58 sec (elapsed) /  3.54 sec (cpu)
------------------------------------------------------------------------------------
==12058== 
==12058== Events    : Ir
==12058== Collected : 844473857
==12058== 
==12058== I   refs:      844,473,857
