[
  {
    "group": "Z/130412",
    "window_size": 483,
    "seed": 20261001,
    "T": 116401,
    "identity_sum_pairs": 2,
    "full_relation_count": 383,
    "combined_relation_count": 51298,
    "combined_verified": 51298,
    "combined_failed": 0,
    "certificate_pass_rate_combined": 1.0,
    "residual_support_S_fitted": 132063.55804319857,
    "residual_collision_rate_ratio": 0.9874942181804739,
    "max_residual_multiplicity": 7,
    "residual_key_multiplicity_histogram": {
      "1": 47823,
      "2": 21448,
      "3": 6297,
      "4": 1373,
      "5": 219,
      "6": 27,
      "7": 6
    },
    "modeled_T2_over_2N": 51947.64592598841,
    "collection_wall_clock_s": 0.019434551999438554,
    "hash_key_bits": null
  },
  {
    "group": "Z/130412",
    "window_size": 483,
    "seed": 20261002,
    "T": 116402,
    "identity_sum_pairs": 1,
    "full_relation_count": 417,
    "combined_relation_count": 51573,
    "combined_verified": 51573,
    "combined_failed": 0,
    "certificate_pass_rate_combined": 1.0,
    "residual_support_S_fitted": 131361.61949081885,
    "residual_collision_rate_ratio": 0.9927709517094891,
    "max_residual_multiplicity": 9,
    "residual_key_multiplicity_histogram": {
      "1": 47947,
      "2": 21325,
      "3": 6222,
      "4": 1420,
      "5": 247,
      "6": 31,
      "7": 3,
      "8": 1,
      "9": 1
    },
    "modeled_T2_over_2N": 51948.53849339018,
    "collection_wall_clock_s": 0.01884649699786678,
    "hash_key_bits": null
  },
  {
    "group": "Z/130412",
    "window_size": 483,
    "seed": 20261003,
    "T": 116403,
    "identity_sum_pairs": 0,
    "full_relation_count": 465,
    "combined_relation_count": 51382,
    "combined_verified": 51382,
    "combined_failed": 0,
    "certificate_pass_rate_combined": 1.0,
    "residual_support_S_fitted": 131852.18957027752,
    "residual_collision_rate_ratio": 0.9890772419102688,
    "max_residual_multiplicity": 7,
    "residual_key_multiplicity_histogram": {
      "1": 47987,
      "2": 21348,
      "3": 6213,
      "4": 1440,
      "5": 226,
      "6": 26,
      "7": 5
    },
    "modeled_T2_over_2N": 51949.431068459955,
    "collection_wall_clock_s": 0.019166179990861565,
    "hash_key_bits": null
  }
]
