{
 "n": 92,
 "PR1_agreement": {
  "U62|agrees=True": 62,
  "C20|agrees=True": 20,
  "S10|agrees=True": 10
 },
 "disagreements": [],
 "PR2_bound_respected_all": true,
 "U62_engine_first_iteration": {
  "1": 62
 },
 "U62_engine_dim_W1": {
  "4048": 62
 },
 "U62_ell_route_dim": {
  "3047": 61,
  "3046": 1
 },
 "U62_engine_new_fallen_it0": {
  "965": 3,
  "976": 11,
  "977": 26,
  "975": 3,
  "978": 14,
  "973": 1,
  "974": 2,
  "972": 1,
  "964": 1
 },
 "set_membership_matches_run": {
  "U62": true,
  "C20": true,
  "S10_is_first10_of_S62": true
 },
 "certificate_degree_table": {
  "C20|W_4|maxdeg=2|verified=True": 20,
  "N-AFF62|M_5|maxdeg=3|verified=True": 62,
  "N-F262|M_5|maxdeg=3|verified=True": 62,
  "U62|M_5|maxdeg=3|verified=True": 62,
  "U62|W_4|maxdeg=3|verified=True": 62
 }
}
