{
 "instances": 92,
 "convolution_form_all": true,
 "T_matches_phi_all": true,
 "rank_T_distribution": {
  "16": 92
 },
 "c_in_left_kernel_all": true,
 "U62_rank_of_quadratic_parts_over_81_bilinear_monomials": {
  "16": 62
 },
 "nulls": {
  "N-AFF62": {
   "instances": 62,
   "convolution_form_count": 0,
   "rank_of_quadratic_parts_distribution": {
    "17": 62
   }
  },
  "N-F262": {
   "instances": 62,
   "convolution_form_count": 0,
   "rank_of_quadratic_parts_distribution": {
    "17": 62
   }
  }
 }
}
