{
  "instances": 8,
  "by_status": {
    "main|random_sub_r0|census|completed_valid": 1,
    "main|random_sub_r0|on|completed_valid": 1,
    "main|random_sub_r1|census|completed_valid": 1,
    "main|random_sub_r1|on|completed_valid": 1,
    "main|random_sub_r2|census|completed_valid": 1,
    "main|random_sub_r2|on|completed_valid": 1,
    "main|subgroup|census|completed_valid": 1,
    "main|subgroup|on|completed_valid": 1
  },
  "stopped_at_job": null,
  "certificates": {
    "cert_pass": 1150,
    "cert_fail": 0,
    "rows_emitted": 1150
  },
  "identity_failures": 0
}
