{
  "run_id": "RUN-HZM-001-d",
  "experiment_id": "EXP-HZM-001",
  "purpose": "Aggregate metrics, apply outcome classification, write analysis and execution report.",
  "input_run": "RUN-HZM-001-a",
  "runs_opened": [
    "RUN-HZM-001-a",
    "RUN-HZM-001-d"
  ],
  "runs_never_opened": {
    "RUN-HZM-001-b": "specification.yaml stopping_rules[0]: 'Stop the experiment as inconclusive_misalignment if CTRL-HZM-MANUSCRIPT-ALIGNMENT fails; a toy run is never opened on unaligned formulas.' RUN-HZM-001-b and RUN-HZM-001-c (the toy-scale enumeration grid and the brute-force control / cost ledger) are therefore NOT opened.",
    "RUN-HZM-001-c": "specification.yaml stopping_rules[0]: 'Stop the experiment as inconclusive_misalignment if CTRL-HZM-MANUSCRIPT-ALIGNMENT fails; a toy run is never opened on unaligned formulas.' RUN-HZM-001-b and RUN-HZM-001-c (the toy-scale enumeration grid and the brute-force control / cost ledger) are therefore NOT opened."
  },
  "primary_metrics_status": {
    "candidate_completion_count_ratio": "not_measured (RUN-HZM-001-b never opened)",
    "signature_enumeration_count_ratio": "not_measured (RUN-HZM-001-b never opened)",
    "charged_expected_work_vs_rho_bound": "not_measured (RUN-HZM-001-c never opened)",
    "zero_minor_certificate_reverification_failures": "not_applicable (no certificate was ever generated; certificate.kind: none for every run in this experiment)",
    "brute_force_control_zero_minor_discrepancies": "not_measured (RUN-HZM-001-c never opened)"
  },
  "secondary_metrics_status": {
    "measured_zero_minor_hit_rate_vs_occupancy_law": "not_measured",
    "per_stage_charged_operations": "not_measured",
    "failed_outer_trials": "not_measured",
    "peak_live_field_elements": "not_measured",
    "manuscript_alignment_anchors": "RECORDED \u2014 see manuscript_alignment.md and RUN-HZM-001-a/raw-result.json.anchors",
    "worked_example_source": "control_unavailable \u2014 see manuscript_alignment.md"
  },
  "controls_status": {
    "CTRL-HZM-MANUSCRIPT-ALIGNMENT": "FAIL \u2014 MISALIGNED: q and M anchor to one outer-trial dimension (l', the post-halving reduced kernel dimension, matching the paper's own Section 1.1 recursive-halving step 'a recursive step reduces the size o...",
    "CTRL-HZM-WORKED-EXAMPLE": "control_unavailable (no fully parameterized worked example in the pinned manuscript)",
    "CTRL-HZM-BRUTE-FORCE": "not_evaluated (Stage 1 stopped the experiment before Stage 2/3 could open)",
    "CTRL-HZM-CERTIFICATE": "not_applicable (no certificate was ever generated under this experiment; claim_tier toy, no solve/relation claimed)"
  },
  "decision_rule_applied": {
    "success_criterion_evaluatable": false,
    "falsification_criterion_branch": "(a) manuscript-alignment premise fails -> recorded inconclusive_misalignment per RT-20260723-303, NOT branch (b) (charged cost meets/exceeds rho bound), because no cost was ever charged.",
    "final_classification": "inconclusive_misalignment",
    "note": "Both the success_criterion and falsification_criterion(b) require measured counts/costs that this experiment never produced, because the pre-registered Stage-1 stop fired first. This is neither a positive (gate survival) nor a scoped-negative (falsification-b, non-sub-rho) result; it is the pre-registered third branch, explicitly anticipated by RT-20260723-303 and specification.yaml falsification_criterion(a)."
  },
  "experiment_level_classification": "inconclusive_misalignment"
}
