{
 "n_selected": 8,
 "n_compared": 8,
 "n_infrastructure_timeouts": 0,
 "rank": {
  "agree": 8,
  "checked": 8
 },
 "naive_height": {
  "agree": 8,
  "checked": 8
 },
 "faltings_height": {
  "agree": 8,
  "checked": 8
 },
 "conductor": {
  "agree": 1,
  "checked": 1
 },
 "discriminant": {
  "agree": 8,
  "checked": 8
 },
 "curve_key": {
  "agree": 8,
  "checked": 8
 },
 "max_naive_height_abs_diff": 0.0,
 "max_faltings_height_abs_diff": 0.0,
 "rank_disagreements": [],
 "conductor_disagreements": []
}
