[      0s] main 30b c6010 ic_m4 subgroup table completed_valid t=0.0s
[      0s] main 30b c6010 ic_m4 small_x table completed_valid t=0.0s
[      0s] main 30b c6010 ic_m4 random_sub_r0 table completed_valid t=0.0s
[      0s] main 30b c6010 ic_m4 random_sub_r1 table completed_valid t=0.0s
[      0s] main 30b c6010 ic_m4 random_sub_r2 table completed_valid t=0.0s
[      0s] main 30b c6010 ic_m4 known_null_sub table completed_valid t=0.0s
[      0s] main 30b c6010 ic_m4 planted_sub table completed_valid t=0.0s
[      0s] main 30b c6010 ic_m4 small_x_offset table completed_valid t=0.0s
[      0s] main 30b c6011 ic_m4 subgroup table completed_valid t=0.0s
[      0s] main 30b c6011 ic_m4 small_x table completed_valid t=0.0s
[      0s] main 30b c6011 ic_m4 random_sub_r0 table completed_valid t=0.0s
[      0s] main 30b c6011 ic_m4 random_sub_r1 table completed_valid t=0.0s
[      0s] main 30b c6011 ic_m4 random_sub_r2 table completed_valid t=0.0s
[      0s] main 30b c6011 ic_m4 known_null_sub table completed_valid t=0.0s
[      0s] main 30b c6011 ic_m4 planted_sub table completed_valid t=0.0s
[      0s] main 30b c6011 ic_m4 small_x_offset table completed_valid t=0.0s
[      1s] main 30b c6012 ic_m4 subgroup table completed_valid t=0.0s
[      1s] main 30b c6012 ic_m4 small_x table completed_valid t=0.0s
[      1s] main 30b c6012 ic_m4 random_sub_r0 table completed_valid t=0.0s
[      1s] main 30b c6012 ic_m4 random_sub_r1 table completed_valid t=0.0s
[      1s] main 30b c6012 ic_m4 random_sub_r2 table completed_valid t=0.0s
[      1s] main 30b c6012 ic_m4 known_null_sub table completed_valid t=0.0s
[      1s] main 30b c6012 ic_m4 planted_sub table completed_valid t=0.0s
[      1s] main 30b c6012 ic_m4 small_x_offset table completed_valid t=0.0s
[      1s] main 30b c6013 ic_m4 subgroup table completed_valid t=0.0s
[      1s] main 30b c6013 ic_m4 small_x table completed_valid t=0.0s
[      1s] main 30b c6013 ic_m4 random_sub_r0 table completed_valid t=0.0s
[      1s] main 30b c6013 ic_m4 random_sub_r1 table completed_valid t=0.0s
[      1s] main 30b c6013 ic_m4 random_sub_r2 table completed_valid t=0.0s
[      1s] main 30b c6013 ic_m4 known_null_sub table completed_valid t=0.0s
[      1s] main 30b c6013 ic_m4 planted_sub table completed_valid t=0.0s
[      1s] main 30b c6013 ic_m4 small_x_offset table completed_valid t=0.0s
[      1s] main 30b c6014 ic_m4 subgroup table completed_valid t=0.0s
[      1s] main 30b c6014 ic_m4 small_x table completed_valid t=0.0s
[      1s] main 30b c6014 ic_m4 random_sub_r0 table completed_valid t=0.0s
[      1s] main 30b c6014 ic_m4 random_sub_r1 table completed_valid t=0.0s
[      1s] main 30b c6014 ic_m4 random_sub_r2 table completed_valid t=0.0s
[      1s] main 30b c6014 ic_m4 known_null_sub table completed_valid t=0.0s
[      1s] main 30b c6014 ic_m4 planted_sub table completed_valid t=0.0s
[      1s] main 30b c6014 ic_m4 small_x_offset table completed_valid t=0.0s
[      1s] main 30b c6015 ic_m4 subgroup table completed_valid t=0.0s
[      1s] main 30b c6015 ic_m4 small_x table completed_valid t=0.0s
[      1s] main 30b c6015 ic_m4 random_sub_r0 table completed_valid t=0.0s
[      1s] main 30b c6015 ic_m4 random_sub_r1 table completed_valid t=0.0s
[      1s] main 30b c6015 ic_m4 random_sub_r2 table completed_valid t=0.0s
[      1s] main 30b c6015 ic_m4 known_null_sub table completed_valid t=0.0s
[      1s] main 30b c6015 ic_m4 planted_sub table completed_valid t=0.0s
[      1s] main 30b c6015 ic_m4 small_x_offset table completed_valid t=0.0s
[      2s] main 30b c6016 ic_m4 subgroup table completed_valid t=0.0s
[      2s] main 30b c6016 ic_m4 small_x table completed_valid t=0.0s
[      2s] main 30b c6016 ic_m4 random_sub_r0 table completed_valid t=0.0s
[      2s] main 30b c6016 ic_m4 random_sub_r1 table completed_valid t=0.0s
[      2s] main 30b c6016 ic_m4 random_sub_r2 table completed_valid t=0.0s
[      2s] main 30b c6016 ic_m4 known_null_sub table completed_valid t=0.0s
[      2s] main 30b c6016 ic_m4 planted_sub table completed_valid t=0.0s
[      2s] main 30b c6016 ic_m4 small_x_offset table completed_valid t=0.0s
[      2s] main 30b c6017 ic_m4 subgroup table completed_valid t=0.0s
[      2s] main 30b c6017 ic_m4 small_x table completed_valid t=0.0s
[      2s] main 30b c6017 ic_m4 random_sub_r0 table completed_valid t=0.0s
[      2s] main 30b c6017 ic_m4 random_sub_r1 table completed_valid t=0.0s
[      2s] main 30b c6017 ic_m4 random_sub_r2 table completed_valid t=0.0s
[      2s] main 30b c6017 ic_m4 known_null_sub table completed_valid t=0.0s
[      2s] main 30b c6017 ic_m4 planted_sub table completed_valid t=0.0s
[      2s] main 30b c6017 ic_m4 small_x_offset table completed_valid t=0.0s
[      2s] main 30b c6018 ic_m4 subgroup table completed_valid t=0.0s
[      2s] main 30b c6018 ic_m4 small_x table completed_valid t=0.0s
[      2s] main 30b c6018 ic_m4 random_sub_r0 table completed_valid t=0.0s
[      2s] main 30b c6018 ic_m4 random_sub_r1 table completed_valid t=0.0s
[      2s] main 30b c6018 ic_m4 random_sub_r2 table completed_valid t=0.0s
[      2s] main 30b c6018 ic_m4 known_null_sub table completed_valid t=0.0s
[      2s] main 30b c6018 ic_m4 planted_sub table completed_valid t=0.0s
[      2s] main 30b c6018 ic_m4 small_x_offset table completed_valid t=0.0s
[      2s] main 30b c6019 ic_m4 subgroup table completed_valid t=0.0s
[      2s] main 30b c6019 ic_m4 small_x table completed_valid t=0.0s
[      2s] main 30b c6019 ic_m4 random_sub_r0 table completed_valid t=0.0s
[      2s] main 30b c6019 ic_m4 random_sub_r1 table completed_valid t=0.0s
[      2s] main 30b c6019 ic_m4 random_sub_r2 table completed_valid t=0.0s
[      2s] main 30b c6019 ic_m4 known_null_sub table completed_valid t=0.0s
[      2s] main 30b c6019 ic_m4 planted_sub table completed_valid t=0.0s
[      2s] main 30b c6019 ic_m4 small_x_offset table completed_valid t=0.0s
[      3s] main 30b c6020 ic_m4 subgroup table completed_valid t=0.0s
[      3s] main 30b c6020 ic_m4 small_x table completed_valid t=0.0s
[      3s] main 30b c6020 ic_m4 random_sub_r0 table completed_valid t=0.0s
[      3s] main 30b c6020 ic_m4 random_sub_r1 table completed_valid t=0.0s
[      3s] main 30b c6020 ic_m4 random_sub_r2 table completed_valid t=0.0s
[      3s] main 30b c6020 ic_m4 known_null_sub table completed_valid t=0.0s
[      3s] main 30b c6020 ic_m4 planted_sub table completed_valid t=0.0s
[      3s] main 30b c6020 ic_m4 small_x_offset table completed_valid t=0.0s
[      3s] main 30b c6021 ic_m4 subgroup table completed_valid t=0.0s
[      3s] main 30b c6021 ic_m4 small_x table completed_valid t=0.0s
[      3s] main 30b c6021 ic_m4 random_sub_r0 table completed_valid t=0.0s
[      3s] main 30b c6021 ic_m4 random_sub_r1 table completed_valid t=0.0s
[      3s] main 30b c6021 ic_m4 random_sub_r2 table completed_valid t=0.0s
[      3s] main 30b c6021 ic_m4 known_null_sub table completed_valid t=0.0s
[      3s] main 30b c6021 ic_m4 planted_sub table completed_valid t=0.0s
[      3s] main 30b c6021 ic_m4 small_x_offset table completed_valid t=0.0s
[      3s] main 30b c6022 ic_m4 subgroup table completed_valid t=0.0s
[      3s] main 30b c6022 ic_m4 small_x table completed_valid t=0.0s
[      3s] main 30b c6022 ic_m4 random_sub_r0 table completed_valid t=0.0s
[      3s] main 30b c6022 ic_m4 random_sub_r1 table completed_valid t=0.0s
[      3s] main 30b c6022 ic_m4 random_sub_r2 table completed_valid t=0.0s
[      3s] main 30b c6022 ic_m4 known_null_sub table completed_valid t=0.0s
[      3s] main 30b c6022 ic_m4 planted_sub table completed_valid t=0.0s
[      3s] main 30b c6022 ic_m4 small_x_offset table completed_valid t=0.0s
[      3s] main 30b c6023 ic_m4 subgroup table completed_valid t=0.0s
[      3s] main 30b c6023 ic_m4 small_x table completed_valid t=0.0s
[      3s] main 30b c6023 ic_m4 random_sub_r0 table completed_valid t=0.0s
[      3s] main 30b c6023 ic_m4 random_sub_r1 table completed_valid t=0.0s
[      3s] main 30b c6023 ic_m4 random_sub_r2 table completed_valid t=0.0s
[      3s] main 30b c6023 ic_m4 known_null_sub table completed_valid t=0.0s
[      3s] main 30b c6023 ic_m4 planted_sub table completed_valid t=0.0s
[      3s] main 30b c6023 ic_m4 small_x_offset table completed_valid t=0.0s
[      3s] main 30b c6024 ic_m4 subgroup table completed_valid t=0.0s
[      3s] main 30b c6024 ic_m4 small_x table completed_valid t=0.0s
[      3s] main 30b c6024 ic_m4 random_sub_r0 table completed_valid t=0.0s
[      3s] main 30b c6024 ic_m4 random_sub_r1 table completed_valid t=0.0s
[      3s] main 30b c6024 ic_m4 random_sub_r2 table completed_valid t=0.0s
[      3s] main 30b c6024 ic_m4 known_null_sub table completed_valid t=0.0s
[      3s] main 30b c6024 ic_m4 planted_sub table completed_valid t=0.0s
[      3s] main 30b c6024 ic_m4 small_x_offset table completed_valid t=0.0s
[      4s] main 30b c6025 ic_m4 subgroup table completed_valid t=0.0s
[      4s] main 30b c6025 ic_m4 small_x table completed_valid t=0.0s
[      4s] main 30b c6025 ic_m4 random_sub_r0 table completed_valid t=0.0s
[      4s] main 30b c6025 ic_m4 random_sub_r1 table completed_valid t=0.0s
[      4s] main 30b c6025 ic_m4 random_sub_r2 table completed_valid t=0.0s
[      4s] main 30b c6025 ic_m4 known_null_sub table completed_valid t=0.0s
[      4s] main 30b c6025 ic_m4 planted_sub table completed_valid t=0.0s
[      4s] main 30b c6025 ic_m4 small_x_offset table completed_valid t=0.0s
[      4s] main 30b c6026 ic_m4 subgroup table completed_valid t=0.0s
[      4s] main 30b c6026 ic_m4 small_x table completed_valid t=0.0s
[      4s] main 30b c6026 ic_m4 random_sub_r0 table completed_valid t=0.0s
[      4s] main 30b c6026 ic_m4 random_sub_r1 table completed_valid t=0.0s
[      4s] main 30b c6026 ic_m4 random_sub_r2 table completed_valid t=0.0s
[      4s] main 30b c6026 ic_m4 known_null_sub table completed_valid t=0.0s
[      4s] main 30b c6026 ic_m4 planted_sub table completed_valid t=0.0s
[      4s] main 30b c6026 ic_m4 small_x_offset table completed_valid t=0.0s
[      4s] main 30b c6027 ic_m4 subgroup table completed_valid t=0.0s
[      4s] main 30b c6027 ic_m4 small_x table completed_valid t=0.0s
[      4s] main 30b c6027 ic_m4 random_sub_r0 table completed_valid t=0.0s
[      4s] main 30b c6027 ic_m4 random_sub_r1 table completed_valid t=0.0s
[      4s] main 30b c6027 ic_m4 random_sub_r2 table completed_valid t=0.0s
[      4s] main 30b c6027 ic_m4 known_null_sub table completed_valid t=0.0s
[      4s] main 30b c6027 ic_m4 planted_sub table completed_valid t=0.0s
[      4s] main 30b c6027 ic_m4 small_x_offset table completed_valid t=0.0s
[      4s] main 30b c6028 ic_m4 subgroup table completed_valid t=0.0s
[      4s] main 30b c6028 ic_m4 small_x table completed_valid t=0.0s
[      4s] main 30b c6028 ic_m4 random_sub_r0 table completed_valid t=0.0s
[      4s] main 30b c6028 ic_m4 random_sub_r1 table completed_valid t=0.0s
[      4s] main 30b c6028 ic_m4 random_sub_r2 table completed_valid t=0.0s
[      4s] main 30b c6028 ic_m4 known_null_sub table completed_valid t=0.0s
[      4s] main 30b c6028 ic_m4 planted_sub table completed_valid t=0.0s
[      4s] main 30b c6028 ic_m4 small_x_offset table completed_valid t=0.0s
[      5s] main 30b c6029 ic_m4 subgroup table completed_valid t=0.0s
[      5s] main 30b c6029 ic_m4 small_x table completed_valid t=0.0s
[      5s] main 30b c6029 ic_m4 random_sub_r0 table completed_valid t=0.0s
[      5s] main 30b c6029 ic_m4 random_sub_r1 table completed_valid t=0.0s
[      5s] main 30b c6029 ic_m4 random_sub_r2 table completed_valid t=0.0s
[      5s] main 30b c6029 ic_m4 known_null_sub table completed_valid t=0.0s
[      5s] main 30b c6029 ic_m4 planted_sub table completed_valid t=0.0s
[      5s] main 30b c6029 ic_m4 small_x_offset table completed_valid t=0.0s
[      5s] main 30b c6030 ic_m4 subgroup table completed_valid t=0.0s
[      5s] main 30b c6030 ic_m4 small_x table completed_valid t=0.0s
[      5s] main 30b c6030 ic_m4 random_sub_r0 table completed_valid t=0.0s
[      5s] main 30b c6030 ic_m4 random_sub_r1 table completed_valid t=0.0s
[      5s] main 30b c6030 ic_m4 random_sub_r2 table completed_valid t=0.0s
[      5s] main 30b c6030 ic_m4 known_null_sub table completed_valid t=0.0s
[      5s] main 30b c6030 ic_m4 planted_sub table completed_valid t=0.0s
[      5s] main 30b c6030 ic_m4 small_x_offset table completed_valid t=0.0s
[      5s] main 30b c6031 ic_m4 subgroup table completed_valid t=0.0s
[      5s] main 30b c6031 ic_m4 small_x table completed_valid t=0.0s
[      5s] main 30b c6031 ic_m4 random_sub_r0 table completed_valid t=0.0s
[      5s] main 30b c6031 ic_m4 random_sub_r1 table completed_valid t=0.0s
[      5s] main 30b c6031 ic_m4 random_sub_r2 table completed_valid t=0.0s
[      5s] main 30b c6031 ic_m4 known_null_sub table completed_valid t=0.0s
[      5s] main 30b c6031 ic_m4 planted_sub table completed_valid t=0.0s
[      5s] main 30b c6031 ic_m4 small_x_offset table completed_valid t=0.0s
[      5s] main 30b c6032 ic_m4 subgroup table completed_valid t=0.0s
[      5s] main 30b c6032 ic_m4 small_x table completed_valid t=0.0s
[      5s] main 30b c6032 ic_m4 random_sub_r0 table completed_valid t=0.0s
[      5s] main 30b c6032 ic_m4 random_sub_r1 table completed_valid t=0.0s
[      5s] main 30b c6032 ic_m4 random_sub_r2 table completed_valid t=0.0s
[      5s] main 30b c6032 ic_m4 known_null_sub table completed_valid t=0.0s
[      5s] main 30b c6032 ic_m4 planted_sub table completed_valid t=0.0s
[      5s] main 30b c6032 ic_m4 small_x_offset table completed_valid t=0.0s
[      5s] main 30b c6033 ic_m4 subgroup table completed_valid t=0.0s
[      5s] main 30b c6033 ic_m4 small_x table completed_valid t=0.0s
[      5s] main 30b c6033 ic_m4 random_sub_r0 table completed_valid t=0.0s
[      5s] main 30b c6033 ic_m4 random_sub_r1 table completed_valid t=0.0s
[      5s] main 30b c6033 ic_m4 random_sub_r2 table completed_valid t=0.0s
[      5s] main 30b c6033 ic_m4 known_null_sub table completed_valid t=0.0s
[      5s] main 30b c6033 ic_m4 planted_sub table completed_valid t=0.0s
[      5s] main 30b c6033 ic_m4 small_x_offset table completed_valid t=0.0s
[      6s] main 30b c6034 ic_m4 subgroup table completed_valid t=0.0s
[      6s] main 30b c6034 ic_m4 small_x table completed_valid t=0.0s
[      6s] main 30b c6034 ic_m4 random_sub_r0 table completed_valid t=0.0s
[      6s] main 30b c6034 ic_m4 random_sub_r1 table completed_valid t=0.0s
[      6s] main 30b c6034 ic_m4 random_sub_r2 table completed_valid t=0.0s
[      6s] main 30b c6034 ic_m4 known_null_sub table completed_valid t=0.0s
[      6s] main 30b c6034 ic_m4 planted_sub table completed_valid t=0.0s
[      6s] main 30b c6034 ic_m4 small_x_offset table completed_valid t=0.0s
[      6s] main 30b c6035 ic_m4 subgroup table completed_valid t=0.0s
[      6s] main 30b c6035 ic_m4 small_x table completed_valid t=0.0s
[      6s] main 30b c6035 ic_m4 random_sub_r0 table completed_valid t=0.0s
[      6s] main 30b c6035 ic_m4 random_sub_r1 table completed_valid t=0.0s
[      6s] main 30b c6035 ic_m4 random_sub_r2 table completed_valid t=0.0s
[      6s] main 30b c6035 ic_m4 known_null_sub table completed_valid t=0.0s
[      6s] main 30b c6035 ic_m4 planted_sub table completed_valid t=0.0s
[      6s] main 30b c6035 ic_m4 small_x_offset table completed_valid t=0.0s
[      6s] main 30b c6036 ic_m4 subgroup table completed_valid t=0.0s
[      6s] main 30b c6036 ic_m4 small_x table completed_valid t=0.0s
[      6s] main 30b c6036 ic_m4 random_sub_r0 table completed_valid t=0.0s
[      6s] main 30b c6036 ic_m4 random_sub_r1 table completed_valid t=0.0s
[      6s] main 30b c6036 ic_m4 random_sub_r2 table completed_valid t=0.0s
[      6s] main 30b c6036 ic_m4 known_null_sub table completed_valid t=0.0s
[      6s] main 30b c6036 ic_m4 planted_sub table completed_valid t=0.0s
[      6s] main 30b c6036 ic_m4 small_x_offset table completed_valid t=0.0s
[      6s] main 30b c6037 ic_m4 subgroup table completed_valid t=0.0s
[      6s] main 30b c6037 ic_m4 small_x table completed_valid t=0.0s
[      6s] main 30b c6037 ic_m4 random_sub_r0 table completed_valid t=0.0s
[      6s] main 30b c6037 ic_m4 random_sub_r1 table completed_valid t=0.0s
[      6s] main 30b c6037 ic_m4 random_sub_r2 table completed_valid t=0.0s
[      6s] main 30b c6037 ic_m4 known_null_sub table completed_valid t=0.0s
[      6s] main 30b c6037 ic_m4 planted_sub table completed_valid t=0.0s
[      6s] main 30b c6037 ic_m4 small_x_offset table completed_valid t=0.0s
[      7s] main 30b c6038 ic_m4 subgroup table completed_valid t=0.0s
[      7s] main 30b c6038 ic_m4 small_x table completed_valid t=0.0s
[      7s] main 30b c6038 ic_m4 random_sub_r0 table completed_valid t=0.0s
[      7s] main 30b c6038 ic_m4 random_sub_r1 table completed_valid t=0.0s
[      7s] main 30b c6038 ic_m4 random_sub_r2 table completed_valid t=0.0s
[      7s] main 30b c6038 ic_m4 known_null_sub table completed_valid t=0.0s
[      7s] main 30b c6038 ic_m4 planted_sub table completed_valid t=0.0s
[      7s] main 30b c6038 ic_m4 small_x_offset table completed_valid t=0.0s
[      7s] main 30b c6039 ic_m4 subgroup table completed_valid t=0.0s
[      7s] main 30b c6039 ic_m4 small_x table completed_valid t=0.0s
[      7s] main 30b c6039 ic_m4 random_sub_r0 table completed_valid t=0.0s
[      7s] main 30b c6039 ic_m4 random_sub_r1 table completed_valid t=0.0s
[      7s] main 30b c6039 ic_m4 random_sub_r2 table completed_valid t=0.0s
[      7s] main 30b c6039 ic_m4 known_null_sub table completed_valid t=0.0s
[      7s] main 30b c6039 ic_m4 planted_sub table completed_valid t=0.0s
[      7s] main 30b c6039 ic_m4 small_x_offset table completed_valid t=0.0s
[      7s] main 30b c6040 ic_m4 subgroup table completed_valid t=0.0s
[      7s] main 30b c6040 ic_m4 small_x table completed_valid t=0.0s
[      7s] main 30b c6040 ic_m4 random_sub_r0 table completed_valid t=0.0s
[      7s] main 30b c6040 ic_m4 random_sub_r1 table completed_valid t=0.0s
[      7s] main 30b c6040 ic_m4 random_sub_r2 table completed_valid t=0.0s
[      7s] main 30b c6040 ic_m4 known_null_sub table completed_valid t=0.0s
[      7s] main 30b c6040 ic_m4 planted_sub table completed_valid t=0.0s
[      7s] main 30b c6040 ic_m4 small_x_offset table completed_valid t=0.0s
[      7s] main 30b c6041 ic_m4 subgroup table completed_valid t=0.0s
[      7s] main 30b c6041 ic_m4 small_x table completed_valid t=0.0s
[      7s] main 30b c6041 ic_m4 random_sub_r0 table completed_valid t=0.0s
[      7s] main 30b c6041 ic_m4 random_sub_r1 table completed_valid t=0.0s
[      7s] main 30b c6041 ic_m4 random_sub_r2 table completed_valid t=0.0s
[      7s] main 30b c6041 ic_m4 known_null_sub table completed_valid t=0.0s
[      7s] main 30b c6041 ic_m4 planted_sub table completed_valid t=0.0s
[      7s] main 30b c6041 ic_m4 small_x_offset table completed_valid t=0.0s
[      8s] main 30b c6042 ic_m4 subgroup table completed_valid t=0.0s
[      8s] main 30b c6042 ic_m4 small_x table completed_valid t=0.0s
[      8s] main 30b c6042 ic_m4 random_sub_r0 table completed_valid t=0.0s
[      8s] main 30b c6042 ic_m4 random_sub_r1 table completed_valid t=0.0s
[      8s] main 30b c6042 ic_m4 random_sub_r2 table completed_valid t=0.0s
[      8s] main 30b c6042 ic_m4 known_null_sub table completed_valid t=0.0s
[      8s] main 30b c6042 ic_m4 planted_sub table completed_valid t=0.0s
[      8s] main 30b c6042 ic_m4 small_x_offset table completed_valid t=0.0s
[      8s] main 30b c6043 ic_m4 subgroup table completed_valid t=0.0s
[      8s] main 30b c6043 ic_m4 small_x table completed_valid t=0.0s
[      8s] main 30b c6043 ic_m4 random_sub_r0 table completed_valid t=0.0s
[      8s] main 30b c6043 ic_m4 random_sub_r1 table completed_valid t=0.0s
[      8s] main 30b c6043 ic_m4 random_sub_r2 table completed_valid t=0.0s
[      8s] main 30b c6043 ic_m4 known_null_sub table completed_valid t=0.0s
[      8s] main 30b c6043 ic_m4 planted_sub table completed_valid t=0.0s
[      8s] main 30b c6043 ic_m4 small_x_offset table completed_valid t=0.0s
[      8s] main 30b c6044 ic_m4 subgroup table completed_valid t=0.0s
[      8s] main 30b c6044 ic_m4 small_x table completed_valid t=0.0s
[      8s] main 30b c6044 ic_m4 random_sub_r0 table completed_valid t=0.0s
[      8s] main 30b c6044 ic_m4 random_sub_r1 table completed_valid t=0.0s
[      8s] main 30b c6044 ic_m4 random_sub_r2 table completed_valid t=0.0s
[      8s] main 30b c6044 ic_m4 known_null_sub table completed_valid t=0.0s
[      8s] main 30b c6044 ic_m4 planted_sub table completed_valid t=0.0s
[      8s] main 30b c6044 ic_m4 small_x_offset table completed_valid t=0.0s
[      8s] main 30b c6045 ic_m4 subgroup table completed_valid t=0.0s
[      8s] main 30b c6045 ic_m4 small_x table completed_valid t=0.0s
[      8s] main 30b c6045 ic_m4 random_sub_r0 table completed_valid t=0.0s
[      8s] main 30b c6045 ic_m4 random_sub_r1 table completed_valid t=0.0s
[      8s] main 30b c6045 ic_m4 random_sub_r2 table completed_valid t=0.0s
[      8s] main 30b c6045 ic_m4 known_null_sub table completed_valid t=0.0s
[      8s] main 30b c6045 ic_m4 planted_sub table completed_valid t=0.0s
[      8s] main 30b c6045 ic_m4 small_x_offset table completed_valid t=0.0s
[      9s] main 30b c6046 ic_m4 subgroup table completed_valid t=0.0s
[      9s] main 30b c6046 ic_m4 small_x table completed_valid t=0.0s
[      9s] main 30b c6046 ic_m4 random_sub_r0 table completed_valid t=0.0s
[      9s] main 30b c6046 ic_m4 random_sub_r1 table completed_valid t=0.0s
[      9s] main 30b c6046 ic_m4 random_sub_r2 table completed_valid t=0.0s
[      9s] main 30b c6046 ic_m4 known_null_sub table completed_valid t=0.0s
[      9s] main 30b c6046 ic_m4 planted_sub table completed_valid t=0.0s
[      9s] main 30b c6046 ic_m4 small_x_offset table completed_valid t=0.0s
[      9s] main 30b c6047 ic_m4 subgroup table completed_valid t=0.0s
[      9s] main 30b c6047 ic_m4 small_x table completed_valid t=0.0s
[      9s] main 30b c6047 ic_m4 random_sub_r0 table completed_valid t=0.0s
[      9s] main 30b c6047 ic_m4 random_sub_r1 table completed_valid t=0.0s
[      9s] main 30b c6047 ic_m4 random_sub_r2 table completed_valid t=0.0s
[      9s] main 30b c6047 ic_m4 known_null_sub table completed_valid t=0.0s
[      9s] main 30b c6047 ic_m4 planted_sub table completed_valid t=0.0s
[      9s] main 30b c6047 ic_m4 small_x_offset table completed_valid t=0.0s
[      9s] main 30b c6048 ic_m4 subgroup table completed_valid t=0.0s
[      9s] main 30b c6048 ic_m4 small_x table completed_valid t=0.0s
[      9s] main 30b c6048 ic_m4 random_sub_r0 table completed_valid t=0.0s
[      9s] main 30b c6048 ic_m4 random_sub_r1 table completed_valid t=0.0s
[      9s] main 30b c6048 ic_m4 random_sub_r2 table completed_valid t=0.0s
[      9s] main 30b c6048 ic_m4 known_null_sub table completed_valid t=0.0s
[      9s] main 30b c6048 ic_m4 planted_sub table completed_valid t=0.0s
[      9s] main 30b c6048 ic_m4 small_x_offset table completed_valid t=0.0s
[      9s] main 30b c6049 ic_m4 subgroup table completed_valid t=0.0s
[      9s] main 30b c6049 ic_m4 small_x table completed_valid t=0.0s
[      9s] main 30b c6049 ic_m4 random_sub_r0 table completed_valid t=0.0s
[      9s] main 30b c6049 ic_m4 random_sub_r1 table completed_valid t=0.0s
[      9s] main 30b c6049 ic_m4 random_sub_r2 table completed_valid t=0.0s
[      9s] main 30b c6049 ic_m4 known_null_sub table completed_valid t=0.0s
[      9s] main 30b c6049 ic_m4 planted_sub table completed_valid t=0.0s
[      9s] main 30b c6049 ic_m4 small_x_offset table completed_valid t=0.0s
[      9s] main 30b c6050 ic_m4 subgroup table completed_valid t=0.0s
[      9s] main 30b c6050 ic_m4 small_x table completed_valid t=0.0s
[      9s] main 30b c6050 ic_m4 random_sub_r0 table completed_valid t=0.0s
[      9s] main 30b c6050 ic_m4 random_sub_r1 table completed_valid t=0.0s
[      9s] main 30b c6050 ic_m4 random_sub_r2 table completed_valid t=0.0s
[      9s] main 30b c6050 ic_m4 known_null_sub table completed_valid t=0.0s
[      9s] main 30b c6050 ic_m4 planted_sub table completed_valid t=0.0s
[      9s] main 30b c6050 ic_m4 small_x_offset table completed_valid t=0.0s
[     10s] main 30b c6051 ic_m4 subgroup table completed_valid t=0.0s
[     10s] main 30b c6051 ic_m4 small_x table completed_valid t=0.0s
[     10s] main 30b c6051 ic_m4 random_sub_r0 table completed_valid t=0.0s
[     10s] main 30b c6051 ic_m4 random_sub_r1 table completed_valid t=0.0s
[     10s] main 30b c6051 ic_m4 random_sub_r2 table completed_valid t=0.0s
[     10s] main 30b c6051 ic_m4 known_null_sub table completed_valid t=0.0s
[     10s] main 30b c6051 ic_m4 planted_sub table completed_valid t=0.0s
[     10s] main 30b c6051 ic_m4 small_x_offset table completed_valid t=0.0s
[     10s] main 30b c6052 ic_m4 subgroup table completed_valid t=0.0s
[     10s] main 30b c6052 ic_m4 small_x table completed_valid t=0.0s
[     10s] main 30b c6052 ic_m4 random_sub_r0 table completed_valid t=0.0s
[     10s] main 30b c6052 ic_m4 random_sub_r1 table completed_valid t=0.0s
[     10s] main 30b c6052 ic_m4 random_sub_r2 table completed_valid t=0.0s
[     10s] main 30b c6052 ic_m4 known_null_sub table completed_valid t=0.0s
[     10s] main 30b c6052 ic_m4 planted_sub table completed_valid t=0.0s
[     10s] main 30b c6052 ic_m4 small_x_offset table completed_valid t=0.0s
[     10s] main 30b c6053 ic_m4 subgroup table completed_valid t=0.0s
[     10s] main 30b c6053 ic_m4 small_x table completed_valid t=0.0s
[     10s] main 30b c6053 ic_m4 random_sub_r0 table completed_valid t=0.0s
[     10s] main 30b c6053 ic_m4 random_sub_r1 table completed_valid t=0.0s
[     10s] main 30b c6053 ic_m4 random_sub_r2 table completed_valid t=0.0s
[     10s] main 30b c6053 ic_m4 known_null_sub table completed_valid t=0.0s
[     10s] main 30b c6053 ic_m4 planted_sub table completed_valid t=0.0s
[     10s] main 30b c6053 ic_m4 small_x_offset table completed_valid t=0.0s
[     11s] main 30b c6054 ic_m4 subgroup table completed_valid t=0.0s
[     11s] main 30b c6054 ic_m4 small_x table completed_valid t=0.0s
[     11s] main 30b c6054 ic_m4 random_sub_r0 table completed_valid t=0.0s
[     11s] main 30b c6054 ic_m4 random_sub_r1 table completed_valid t=0.0s
[     11s] main 30b c6054 ic_m4 random_sub_r2 table completed_valid t=0.0s
[     11s] main 30b c6054 ic_m4 known_null_sub table completed_valid t=0.0s
[     11s] main 30b c6054 ic_m4 planted_sub table completed_valid t=0.0s
[     11s] main 30b c6054 ic_m4 small_x_offset table completed_valid t=0.0s
[     11s] main 30b c6055 ic_m4 subgroup table completed_valid t=0.0s
[     11s] main 30b c6055 ic_m4 small_x table completed_valid t=0.0s
[     11s] main 30b c6055 ic_m4 random_sub_r0 table completed_valid t=0.0s
[     11s] main 30b c6055 ic_m4 random_sub_r1 table completed_valid t=0.0s
[     11s] main 30b c6055 ic_m4 random_sub_r2 table completed_valid t=0.0s
[     11s] main 30b c6055 ic_m4 known_null_sub table completed_valid t=0.0s
[     11s] main 30b c6055 ic_m4 planted_sub table completed_valid t=0.0s
[     11s] main 30b c6055 ic_m4 small_x_offset table completed_valid t=0.0s
[     11s] main 30b c6056 ic_m4 subgroup table completed_valid t=0.0s
[     11s] main 30b c6056 ic_m4 small_x table completed_valid t=0.0s
[     11s] main 30b c6056 ic_m4 random_sub_r0 table completed_valid t=0.0s
[     11s] main 30b c6056 ic_m4 random_sub_r1 table completed_valid t=0.0s
[     11s] main 30b c6056 ic_m4 random_sub_r2 table completed_valid t=0.0s
[     11s] main 30b c6056 ic_m4 known_null_sub table completed_valid t=0.0s
[     11s] main 30b c6056 ic_m4 planted_sub table completed_valid t=0.0s
[     11s] main 30b c6056 ic_m4 small_x_offset table completed_valid t=0.0s
[     11s] main 30b c6057 ic_m4 subgroup table completed_valid t=0.0s
[     11s] main 30b c6057 ic_m4 small_x table completed_valid t=0.0s
[     11s] main 30b c6057 ic_m4 random_sub_r0 table completed_valid t=0.0s
[     11s] main 30b c6057 ic_m4 random_sub_r1 table completed_valid t=0.0s
[     11s] main 30b c6057 ic_m4 random_sub_r2 table completed_valid t=0.0s
[     11s] main 30b c6057 ic_m4 known_null_sub table completed_valid t=0.0s
[     11s] main 30b c6057 ic_m4 planted_sub table completed_valid t=0.0s
[     11s] main 30b c6057 ic_m4 small_x_offset table completed_valid t=0.0s
[     11s] main 30b c6058 ic_m4 subgroup table completed_valid t=0.0s
[     11s] main 30b c6058 ic_m4 small_x table completed_valid t=0.0s
[     11s] main 30b c6058 ic_m4 random_sub_r0 table completed_valid t=0.0s
[     11s] main 30b c6058 ic_m4 random_sub_r1 table completed_valid t=0.0s
[     11s] main 30b c6058 ic_m4 random_sub_r2 table completed_valid t=0.0s
[     11s] main 30b c6058 ic_m4 known_null_sub table completed_valid t=0.0s
[     11s] main 30b c6058 ic_m4 planted_sub table completed_valid t=0.0s
[     11s] main 30b c6058 ic_m4 small_x_offset table completed_valid t=0.0s
[     12s] main 30b c6059 ic_m4 subgroup table completed_valid t=0.0s
[     12s] main 30b c6059 ic_m4 small_x table completed_valid t=0.0s
[     12s] main 30b c6059 ic_m4 random_sub_r0 table completed_valid t=0.0s
[     12s] main 30b c6059 ic_m4 random_sub_r1 table completed_valid t=0.0s
[     12s] main 30b c6059 ic_m4 random_sub_r2 table completed_valid t=0.0s
[     12s] main 30b c6059 ic_m4 known_null_sub table completed_valid t=0.0s
[     12s] main 30b c6059 ic_m4 planted_sub table completed_valid t=0.0s
[     12s] main 30b c6059 ic_m4 small_x_offset table completed_valid t=0.0s
[     12s] main 30b c6060 ic_m4 subgroup table completed_valid t=0.0s
[     12s] main 30b c6060 ic_m4 small_x table completed_valid t=0.0s
[     12s] main 30b c6060 ic_m4 random_sub_r0 table completed_valid t=0.0s
[     12s] main 30b c6060 ic_m4 random_sub_r1 table completed_valid t=0.0s
[     12s] main 30b c6060 ic_m4 random_sub_r2 table completed_valid t=0.0s
[     12s] main 30b c6060 ic_m4 known_null_sub table completed_valid t=0.0s
[     12s] main 30b c6060 ic_m4 planted_sub table completed_valid t=0.0s
[     12s] main 30b c6060 ic_m4 small_x_offset table completed_valid t=0.0s
[     12s] main 30b c6061 ic_m4 subgroup table completed_valid t=0.0s
[     12s] main 30b c6061 ic_m4 small_x table completed_valid t=0.0s
[     12s] main 30b c6061 ic_m4 random_sub_r0 table completed_valid t=0.0s
[     12s] main 30b c6061 ic_m4 random_sub_r1 table completed_valid t=0.0s
[     12s] main 30b c6061 ic_m4 random_sub_r2 table completed_valid t=0.0s
[     12s] main 30b c6061 ic_m4 known_null_sub table completed_valid t=0.0s
[     12s] main 30b c6061 ic_m4 planted_sub table completed_valid t=0.0s
[     12s] main 30b c6061 ic_m4 small_x_offset table completed_valid t=0.0s
[     13s] main 30b c6062 ic_m4 subgroup table completed_valid t=0.0s
[     13s] main 30b c6062 ic_m4 small_x table completed_valid t=0.0s
[     13s] main 30b c6062 ic_m4 random_sub_r0 table completed_valid t=0.0s
[     13s] main 30b c6062 ic_m4 random_sub_r1 table completed_valid t=0.0s
[     13s] main 30b c6062 ic_m4 random_sub_r2 table completed_valid t=0.0s
[     13s] main 30b c6062 ic_m4 known_null_sub table completed_valid t=0.0s
[     13s] main 30b c6062 ic_m4 planted_sub table completed_valid t=0.0s
[     13s] main 30b c6062 ic_m4 small_x_offset table completed_valid t=0.0s
[     13s] main 30b c6063 ic_m4 subgroup table completed_valid t=0.0s
[     13s] main 30b c6063 ic_m4 small_x table completed_valid t=0.0s
[     13s] main 30b c6063 ic_m4 random_sub_r0 table completed_valid t=0.0s
[     13s] main 30b c6063 ic_m4 random_sub_r1 table completed_valid t=0.0s
[     13s] main 30b c6063 ic_m4 random_sub_r2 table completed_valid t=0.0s
[     13s] main 30b c6063 ic_m4 known_null_sub table completed_valid t=0.0s
[     13s] main 30b c6063 ic_m4 planted_sub table completed_valid t=0.0s
[     13s] main 30b c6063 ic_m4 small_x_offset table completed_valid t=0.0s
[     13s] main 30b c6064 ic_m4 subgroup table completed_valid t=0.0s
[     13s] main 30b c6064 ic_m4 small_x table completed_valid t=0.0s
[     13s] main 30b c6064 ic_m4 random_sub_r0 table completed_valid t=0.0s
[     13s] main 30b c6064 ic_m4 random_sub_r1 table completed_valid t=0.0s
[     13s] main 30b c6064 ic_m4 random_sub_r2 table completed_valid t=0.0s
[     13s] main 30b c6064 ic_m4 known_null_sub table completed_valid t=0.0s
[     13s] main 30b c6064 ic_m4 planted_sub table completed_valid t=0.0s
[     13s] main 30b c6064 ic_m4 small_x_offset table completed_valid t=0.0s
[     13s] main 30b c6065 ic_m4 subgroup table completed_valid t=0.0s
[     13s] main 30b c6065 ic_m4 small_x table completed_valid t=0.0s
[     13s] main 30b c6065 ic_m4 random_sub_r0 table completed_valid t=0.0s
[     13s] main 30b c6065 ic_m4 random_sub_r1 table completed_valid t=0.0s
[     13s] main 30b c6065 ic_m4 random_sub_r2 table completed_valid t=0.0s
[     13s] main 30b c6065 ic_m4 known_null_sub table completed_valid t=0.0s
[     13s] main 30b c6065 ic_m4 planted_sub table completed_valid t=0.0s
[     13s] main 30b c6065 ic_m4 small_x_offset table completed_valid t=0.0s
[     14s] main 30b c6066 ic_m4 subgroup table completed_valid t=0.0s
[     14s] main 30b c6066 ic_m4 small_x table completed_valid t=0.0s
[     14s] main 30b c6066 ic_m4 random_sub_r0 table completed_valid t=0.0s
[     14s] main 30b c6066 ic_m4 random_sub_r1 table completed_valid t=0.0s
[     14s] main 30b c6066 ic_m4 random_sub_r2 table completed_valid t=0.0s
[     14s] main 30b c6066 ic_m4 known_null_sub table completed_valid t=0.0s
[     14s] main 30b c6066 ic_m4 planted_sub table completed_valid t=0.0s
[     14s] main 30b c6066 ic_m4 small_x_offset table completed_valid t=0.0s
[     14s] main 30b c6067 ic_m4 subgroup table completed_valid t=0.0s
[     14s] main 30b c6067 ic_m4 small_x table completed_valid t=0.0s
[     14s] main 30b c6067 ic_m4 random_sub_r0 table completed_valid t=0.0s
[     14s] main 30b c6067 ic_m4 random_sub_r1 table completed_valid t=0.0s
[     14s] main 30b c6067 ic_m4 random_sub_r2 table completed_valid t=0.0s
[     14s] main 30b c6067 ic_m4 known_null_sub table completed_valid t=0.0s
[     14s] main 30b c6067 ic_m4 planted_sub table completed_valid t=0.0s
[     14s] main 30b c6067 ic_m4 small_x_offset table completed_valid t=0.0s
[     14s] main 30b c6068 ic_m4 subgroup table completed_valid t=0.0s
[     14s] main 30b c6068 ic_m4 small_x table completed_valid t=0.0s
[     14s] main 30b c6068 ic_m4 random_sub_r0 table completed_valid t=0.0s
[     14s] main 30b c6068 ic_m4 random_sub_r1 table completed_valid t=0.0s
[     14s] main 30b c6068 ic_m4 random_sub_r2 table completed_valid t=0.0s
[     14s] main 30b c6068 ic_m4 known_null_sub table completed_valid t=0.0s
[     14s] main 30b c6068 ic_m4 planted_sub table completed_valid t=0.0s
[     14s] main 30b c6068 ic_m4 small_x_offset table completed_valid t=0.0s
[     14s] main 30b c6069 ic_m4 subgroup table completed_valid t=0.0s
[     14s] main 30b c6069 ic_m4 small_x table completed_valid t=0.0s
[     14s] main 30b c6069 ic_m4 random_sub_r0 table completed_valid t=0.0s
[     14s] main 30b c6069 ic_m4 random_sub_r1 table completed_valid t=0.0s
[     14s] main 30b c6069 ic_m4 random_sub_r2 table completed_valid t=0.0s
[     14s] main 30b c6069 ic_m4 known_null_sub table completed_valid t=0.0s
[     14s] main 30b c6069 ic_m4 planted_sub table completed_valid t=0.0s
[     14s] main 30b c6069 ic_m4 small_x_offset table completed_valid t=0.0s
[     15s] main 30b c6070 ic_m4 subgroup table completed_valid t=0.0s
[     15s] main 30b c6070 ic_m4 small_x table completed_valid t=0.0s
[     15s] main 30b c6070 ic_m4 random_sub_r0 table completed_valid t=0.0s
[     15s] main 30b c6070 ic_m4 random_sub_r1 table completed_valid t=0.0s
[     15s] main 30b c6070 ic_m4 random_sub_r2 table completed_valid t=0.0s
[     15s] main 30b c6070 ic_m4 known_null_sub table completed_valid t=0.0s
[     15s] main 30b c6070 ic_m4 planted_sub table completed_valid t=0.0s
[     15s] main 30b c6070 ic_m4 small_x_offset table completed_valid t=0.0s
[     15s] main 30b c6071 ic_m4 subgroup table completed_valid t=0.0s
[     15s] main 30b c6071 ic_m4 small_x table completed_valid t=0.0s
[     15s] main 30b c6071 ic_m4 random_sub_r0 table completed_valid t=0.0s
[     15s] main 30b c6071 ic_m4 random_sub_r1 table completed_valid t=0.0s
[     15s] main 30b c6071 ic_m4 random_sub_r2 table completed_valid t=0.0s
[     15s] main 30b c6071 ic_m4 known_null_sub table completed_valid t=0.0s
[     15s] main 30b c6071 ic_m4 planted_sub table completed_valid t=0.0s
[     15s] main 30b c6071 ic_m4 small_x_offset table completed_valid t=0.0s
[     15s] main 30b c6072 ic_m4 subgroup table completed_valid t=0.0s
[     15s] main 30b c6072 ic_m4 small_x table completed_valid t=0.0s
[     15s] main 30b c6072 ic_m4 random_sub_r0 table completed_valid t=0.0s
[     15s] main 30b c6072 ic_m4 random_sub_r1 table completed_valid t=0.0s
[     15s] main 30b c6072 ic_m4 random_sub_r2 table completed_valid t=0.0s
[     15s] main 30b c6072 ic_m4 known_null_sub table completed_valid t=0.0s
[     15s] main 30b c6072 ic_m4 planted_sub table completed_valid t=0.0s
[     15s] main 30b c6072 ic_m4 small_x_offset table completed_valid t=0.0s
[     15s] main 30b c6073 ic_m4 subgroup table completed_valid t=0.0s
[     15s] main 30b c6073 ic_m4 small_x table completed_valid t=0.0s
[     15s] main 30b c6073 ic_m4 random_sub_r0 table completed_valid t=0.0s
[     15s] main 30b c6073 ic_m4 random_sub_r1 table completed_valid t=0.0s
[     15s] main 30b c6073 ic_m4 random_sub_r2 table completed_valid t=0.0s
[     15s] main 30b c6073 ic_m4 known_null_sub table completed_valid t=0.0s
[     15s] main 30b c6073 ic_m4 planted_sub table completed_valid t=0.0s
[     15s] main 30b c6073 ic_m4 small_x_offset table completed_valid t=0.0s
[     16s] main 30b c6074 ic_m4 subgroup table completed_valid t=0.0s
[     16s] main 30b c6074 ic_m4 small_x table completed_valid t=0.0s
[     16s] main 30b c6074 ic_m4 random_sub_r0 table completed_valid t=0.0s
[     16s] main 30b c6074 ic_m4 random_sub_r1 table completed_valid t=0.0s
[     16s] main 30b c6074 ic_m4 random_sub_r2 table completed_valid t=0.0s
[     16s] main 30b c6074 ic_m4 known_null_sub table completed_valid t=0.0s
[     16s] main 30b c6074 ic_m4 planted_sub table completed_valid t=0.0s
[     16s] main 30b c6074 ic_m4 small_x_offset table completed_valid t=0.0s
[     16s] main 30b c6075 ic_m4 subgroup table completed_valid t=0.0s
[     16s] main 30b c6075 ic_m4 small_x table completed_valid t=0.0s
[     16s] main 30b c6075 ic_m4 random_sub_r0 table completed_valid t=0.0s
[     16s] main 30b c6075 ic_m4 random_sub_r1 table completed_valid t=0.0s
[     16s] main 30b c6075 ic_m4 random_sub_r2 table completed_valid t=0.0s
[     16s] main 30b c6075 ic_m4 known_null_sub table completed_valid t=0.0s
[     16s] main 30b c6075 ic_m4 planted_sub table completed_valid t=0.0s
[     16s] main 30b c6075 ic_m4 small_x_offset table completed_valid t=0.0s
[     16s] main 30b c6076 ic_m4 subgroup table completed_valid t=0.0s
[     16s] main 30b c6076 ic_m4 small_x table completed_valid t=0.0s
[     16s] main 30b c6076 ic_m4 random_sub_r0 table completed_valid t=0.0s
[     16s] main 30b c6076 ic_m4 random_sub_r1 table completed_valid t=0.0s
[     16s] main 30b c6076 ic_m4 random_sub_r2 table completed_valid t=0.0s
[     16s] main 30b c6076 ic_m4 known_null_sub table completed_valid t=0.0s
[     16s] main 30b c6076 ic_m4 planted_sub table completed_valid t=0.0s
[     16s] main 30b c6076 ic_m4 small_x_offset table completed_valid t=0.0s
[     16s] main 30b c6077 ic_m4 subgroup table completed_valid t=0.0s
[     16s] main 30b c6077 ic_m4 small_x table completed_valid t=0.0s
[     16s] main 30b c6077 ic_m4 random_sub_r0 table completed_valid t=0.0s
[     16s] main 30b c6077 ic_m4 random_sub_r1 table completed_valid t=0.0s
[     16s] main 30b c6077 ic_m4 random_sub_r2 table completed_valid t=0.0s
[     16s] main 30b c6077 ic_m4 known_null_sub table completed_valid t=0.0s
[     16s] main 30b c6077 ic_m4 planted_sub table completed_valid t=0.0s
[     16s] main 30b c6077 ic_m4 small_x_offset table completed_valid t=0.0s
[     16s] main 30b c6078 ic_m4 subgroup table completed_valid t=0.0s
[     16s] main 30b c6078 ic_m4 small_x table completed_valid t=0.0s
[     16s] main 30b c6078 ic_m4 random_sub_r0 table completed_valid t=0.0s
[     16s] main 30b c6078 ic_m4 random_sub_r1 table completed_valid t=0.0s
[     16s] main 30b c6078 ic_m4 random_sub_r2 table completed_valid t=0.0s
[     16s] main 30b c6078 ic_m4 known_null_sub table completed_valid t=0.0s
[     16s] main 30b c6078 ic_m4 planted_sub table completed_valid t=0.0s
[     16s] main 30b c6078 ic_m4 small_x_offset table completed_valid t=0.0s
[     17s] main 30b c6079 ic_m4 subgroup table completed_valid t=0.0s
[     17s] main 30b c6079 ic_m4 small_x table completed_valid t=0.0s
[     17s] main 30b c6079 ic_m4 random_sub_r0 table completed_valid t=0.0s
[     17s] main 30b c6079 ic_m4 random_sub_r1 table completed_valid t=0.0s
[     17s] main 30b c6079 ic_m4 random_sub_r2 table completed_valid t=0.0s
[     17s] main 30b c6079 ic_m4 known_null_sub table completed_valid t=0.0s
[     17s] main 30b c6079 ic_m4 planted_sub table completed_valid t=0.0s
[     17s] main 30b c6079 ic_m4 small_x_offset table completed_valid t=0.0s
[     17s] main 30b c6080 ic_m4 subgroup table completed_valid t=0.0s
[     17s] main 30b c6080 ic_m4 small_x table completed_valid t=0.0s
[     17s] main 30b c6080 ic_m4 random_sub_r0 table completed_valid t=0.0s
[     17s] main 30b c6080 ic_m4 random_sub_r1 table completed_valid t=0.0s
[     17s] main 30b c6080 ic_m4 random_sub_r2 table completed_valid t=0.0s
[     17s] main 30b c6080 ic_m4 known_null_sub table completed_valid t=0.0s
[     17s] main 30b c6080 ic_m4 planted_sub table completed_valid t=0.0s
[     17s] main 30b c6080 ic_m4 small_x_offset table completed_valid t=0.0s
[     17s] main 30b c6081 ic_m4 subgroup table completed_valid t=0.0s
[     17s] main 30b c6081 ic_m4 small_x table completed_valid t=0.0s
[     17s] main 30b c6081 ic_m4 random_sub_r0 table completed_valid t=0.0s
[     17s] main 30b c6081 ic_m4 random_sub_r1 table completed_valid t=0.0s
[     17s] main 30b c6081 ic_m4 random_sub_r2 table completed_valid t=0.0s
[     17s] main 30b c6081 ic_m4 known_null_sub table completed_valid t=0.0s
[     17s] main 30b c6081 ic_m4 planted_sub table completed_valid t=0.0s
[     17s] main 30b c6081 ic_m4 small_x_offset table completed_valid t=0.0s
[     17s] main 30b c6082 ic_m4 subgroup table completed_valid t=0.0s
[     17s] main 30b c6082 ic_m4 small_x table completed_valid t=0.0s
[     17s] main 30b c6082 ic_m4 random_sub_r0 table completed_valid t=0.0s
[     17s] main 30b c6082 ic_m4 random_sub_r1 table completed_valid t=0.0s
[     17s] main 30b c6082 ic_m4 random_sub_r2 table completed_valid t=0.0s
[     17s] main 30b c6082 ic_m4 known_null_sub table completed_valid t=0.0s
[     17s] main 30b c6082 ic_m4 planted_sub table completed_valid t=0.0s
[     17s] main 30b c6082 ic_m4 small_x_offset table completed_valid t=0.0s
[     17s] main 30b c6083 ic_m4 subgroup table completed_valid t=0.0s
[     17s] main 30b c6083 ic_m4 small_x table completed_valid t=0.0s
[     17s] main 30b c6083 ic_m4 random_sub_r0 table completed_valid t=0.0s
[     17s] main 30b c6083 ic_m4 random_sub_r1 table completed_valid t=0.0s
[     17s] main 30b c6083 ic_m4 random_sub_r2 table completed_valid t=0.0s
[     17s] main 30b c6083 ic_m4 known_null_sub table completed_valid t=0.0s
[     17s] main 30b c6083 ic_m4 planted_sub table completed_valid t=0.0s
[     17s] main 30b c6083 ic_m4 small_x_offset table completed_valid t=0.0s
[     17s] main 30b c6084 ic_m4 subgroup table completed_valid t=0.0s
[     17s] main 30b c6084 ic_m4 small_x table completed_valid t=0.0s
[     17s] main 30b c6084 ic_m4 random_sub_r0 table completed_valid t=0.0s
[     17s] main 30b c6084 ic_m4 random_sub_r1 table completed_valid t=0.0s
[     17s] main 30b c6084 ic_m4 random_sub_r2 table completed_valid t=0.0s
[     17s] main 30b c6084 ic_m4 known_null_sub table completed_valid t=0.0s
[     17s] main 30b c6084 ic_m4 planted_sub table completed_valid t=0.0s
[     17s] main 30b c6084 ic_m4 small_x_offset table completed_valid t=0.0s
[     18s] main 30b c6085 ic_m4 subgroup table completed_valid t=0.0s
[     18s] main 30b c6085 ic_m4 small_x table completed_valid t=0.0s
[     18s] main 30b c6085 ic_m4 random_sub_r0 table completed_valid t=0.0s
[     18s] main 30b c6085 ic_m4 random_sub_r1 table completed_valid t=0.0s
[     18s] main 30b c6085 ic_m4 random_sub_r2 table completed_valid t=0.0s
[     18s] main 30b c6085 ic_m4 known_null_sub table completed_valid t=0.0s
[     18s] main 30b c6085 ic_m4 planted_sub table completed_valid t=0.0s
[     18s] main 30b c6085 ic_m4 small_x_offset table completed_valid t=0.0s
[     18s] main 30b c6086 ic_m4 subgroup table completed_valid t=0.0s
[     18s] main 30b c6086 ic_m4 small_x table completed_valid t=0.0s
[     18s] main 30b c6086 ic_m4 random_sub_r0 table completed_valid t=0.0s
[     18s] main 30b c6086 ic_m4 random_sub_r1 table completed_valid t=0.0s
[     18s] main 30b c6086 ic_m4 random_sub_r2 table completed_valid t=0.0s
[     18s] main 30b c6086 ic_m4 known_null_sub table completed_valid t=0.0s
[     18s] main 30b c6086 ic_m4 planted_sub table completed_valid t=0.0s
[     18s] main 30b c6086 ic_m4 small_x_offset table completed_valid t=0.0s
[     18s] main 30b c6087 ic_m4 subgroup table completed_valid t=0.0s
[     18s] main 30b c6087 ic_m4 small_x table completed_valid t=0.0s
[     18s] main 30b c6087 ic_m4 random_sub_r0 table completed_valid t=0.0s
[     18s] main 30b c6087 ic_m4 random_sub_r1 table completed_valid t=0.0s
[     18s] main 30b c6087 ic_m4 random_sub_r2 table completed_valid t=0.0s
[     18s] main 30b c6087 ic_m4 known_null_sub table completed_valid t=0.0s
[     18s] main 30b c6087 ic_m4 planted_sub table completed_valid t=0.0s
[     18s] main 30b c6087 ic_m4 small_x_offset table completed_valid t=0.0s
[     18s] main 30b c6088 ic_m4 subgroup table completed_valid t=0.0s
[     18s] main 30b c6088 ic_m4 small_x table completed_valid t=0.0s
[     18s] main 30b c6088 ic_m4 random_sub_r0 table completed_valid t=0.0s
[     18s] main 30b c6088 ic_m4 random_sub_r1 table completed_valid t=0.0s
[     18s] main 30b c6088 ic_m4 random_sub_r2 table completed_valid t=0.0s
[     18s] main 30b c6088 ic_m4 known_null_sub table completed_valid t=0.0s
[     18s] main 30b c6088 ic_m4 planted_sub table completed_valid t=0.0s
[     18s] main 30b c6088 ic_m4 small_x_offset table completed_valid t=0.0s
[     18s] main 30b c6089 ic_m4 subgroup table completed_valid t=0.0s
[     18s] main 30b c6089 ic_m4 small_x table completed_valid t=0.0s
[     18s] main 30b c6089 ic_m4 random_sub_r0 table completed_valid t=0.0s
[     18s] main 30b c6089 ic_m4 random_sub_r1 table completed_valid t=0.0s
[     18s] main 30b c6089 ic_m4 random_sub_r2 table completed_valid t=0.0s
[     18s] main 30b c6089 ic_m4 known_null_sub table completed_valid t=0.0s
[     18s] main 30b c6089 ic_m4 planted_sub table completed_valid t=0.0s
[     18s] main 30b c6089 ic_m4 small_x_offset table completed_valid t=0.0s
[     19s] main 30b c6090 ic_m4 subgroup table completed_valid t=0.0s
[     19s] main 30b c6090 ic_m4 small_x table completed_valid t=0.0s
[     19s] main 30b c6090 ic_m4 random_sub_r0 table completed_valid t=0.0s
[     19s] main 30b c6090 ic_m4 random_sub_r1 table completed_valid t=0.0s
[     19s] main 30b c6090 ic_m4 random_sub_r2 table completed_valid t=0.0s
[     19s] main 30b c6090 ic_m4 known_null_sub table completed_valid t=0.0s
[     19s] main 30b c6090 ic_m4 planted_sub table completed_valid t=0.0s
[     19s] main 30b c6090 ic_m4 small_x_offset table completed_valid t=0.0s
[     19s] main 30b c6091 ic_m4 subgroup table completed_valid t=0.0s
[     19s] main 30b c6091 ic_m4 small_x table completed_valid t=0.0s
[     19s] main 30b c6091 ic_m4 random_sub_r0 table completed_valid t=0.0s
[     19s] main 30b c6091 ic_m4 random_sub_r1 table completed_valid t=0.0s
[     19s] main 30b c6091 ic_m4 random_sub_r2 table completed_valid t=0.0s
[     19s] main 30b c6091 ic_m4 known_null_sub table completed_valid t=0.0s
[     19s] main 30b c6091 ic_m4 planted_sub table completed_valid t=0.0s
[     19s] main 30b c6091 ic_m4 small_x_offset table completed_valid t=0.0s
[     19s] main 30b c6092 ic_m4 subgroup table completed_valid t=0.0s
[     19s] main 30b c6092 ic_m4 small_x table completed_valid t=0.0s
[     19s] main 30b c6092 ic_m4 random_sub_r0 table completed_valid t=0.0s
[     19s] main 30b c6092 ic_m4 random_sub_r1 table completed_valid t=0.0s
[     19s] main 30b c6092 ic_m4 random_sub_r2 table completed_valid t=0.0s
[     19s] main 30b c6092 ic_m4 known_null_sub table completed_valid t=0.0s
[     19s] main 30b c6092 ic_m4 planted_sub table completed_valid t=0.0s
[     19s] main 30b c6092 ic_m4 small_x_offset table completed_valid t=0.0s
[     19s] main 30b c6093 ic_m4 subgroup table completed_valid t=0.0s
[     19s] main 30b c6093 ic_m4 small_x table completed_valid t=0.0s
[     19s] main 30b c6093 ic_m4 random_sub_r0 table completed_valid t=0.0s
[     19s] main 30b c6093 ic_m4 random_sub_r1 table completed_valid t=0.0s
[     19s] main 30b c6093 ic_m4 random_sub_r2 table completed_valid t=0.0s
[     19s] main 30b c6093 ic_m4 known_null_sub table completed_valid t=0.0s
[     19s] main 30b c6093 ic_m4 planted_sub table completed_valid t=0.0s
[     19s] main 30b c6093 ic_m4 small_x_offset table completed_valid t=0.0s
[     19s] main 30b c6094 ic_m4 subgroup table completed_valid t=0.0s
[     19s] main 30b c6094 ic_m4 small_x table completed_valid t=0.0s
[     19s] main 30b c6094 ic_m4 random_sub_r0 table completed_valid t=0.0s
[     19s] main 30b c6094 ic_m4 random_sub_r1 table completed_valid t=0.0s
[     19s] main 30b c6094 ic_m4 random_sub_r2 table completed_valid t=0.0s
[     19s] main 30b c6094 ic_m4 known_null_sub table completed_valid t=0.0s
[     19s] main 30b c6094 ic_m4 planted_sub table completed_valid t=0.0s
[     19s] main 30b c6094 ic_m4 small_x_offset table completed_valid t=0.0s
[     20s] main 30b c6095 ic_m4 subgroup table completed_valid t=0.0s
[     20s] main 30b c6095 ic_m4 small_x table completed_valid t=0.0s
[     20s] main 30b c6095 ic_m4 random_sub_r0 table completed_valid t=0.0s
[     20s] main 30b c6095 ic_m4 random_sub_r1 table completed_valid t=0.0s
[     20s] main 30b c6095 ic_m4 random_sub_r2 table completed_valid t=0.0s
[     20s] main 30b c6095 ic_m4 known_null_sub table completed_valid t=0.0s
[     20s] main 30b c6095 ic_m4 planted_sub table completed_valid t=0.0s
[     20s] main 30b c6095 ic_m4 small_x_offset table completed_valid t=0.0s
[     20s] main 30b c6096 ic_m4 subgroup table completed_valid t=0.0s
[     20s] main 30b c6096 ic_m4 small_x table completed_valid t=0.0s
[     20s] main 30b c6096 ic_m4 random_sub_r0 table completed_valid t=0.0s
[     20s] main 30b c6096 ic_m4 random_sub_r1 table completed_valid t=0.0s
[     20s] main 30b c6096 ic_m4 random_sub_r2 table completed_valid t=0.0s
[     20s] main 30b c6096 ic_m4 known_null_sub table completed_valid t=0.0s
[     20s] main 30b c6096 ic_m4 planted_sub table completed_valid t=0.0s
[     20s] main 30b c6096 ic_m4 small_x_offset table completed_valid t=0.0s
[     20s] main 30b c6097 ic_m4 subgroup table completed_valid t=0.0s
[     20s] main 30b c6097 ic_m4 small_x table completed_valid t=0.0s
[     20s] main 30b c6097 ic_m4 random_sub_r0 table completed_valid t=0.0s
[     20s] main 30b c6097 ic_m4 random_sub_r1 table completed_valid t=0.0s
[     20s] main 30b c6097 ic_m4 random_sub_r2 table completed_valid t=0.0s
[     20s] main 30b c6097 ic_m4 known_null_sub table completed_valid t=0.0s
[     20s] main 30b c6097 ic_m4 planted_sub table completed_valid t=0.0s
[     20s] main 30b c6097 ic_m4 small_x_offset table completed_valid t=0.0s
[     20s] main 30b c6098 ic_m4 subgroup table completed_valid t=0.0s
[     20s] main 30b c6098 ic_m4 small_x table completed_valid t=0.0s
[     20s] main 30b c6098 ic_m4 random_sub_r0 table completed_valid t=0.0s
[     20s] main 30b c6098 ic_m4 random_sub_r1 table completed_valid t=0.0s
[     20s] main 30b c6098 ic_m4 random_sub_r2 table completed_valid t=0.0s
[     20s] main 30b c6098 ic_m4 known_null_sub table completed_valid t=0.0s
[     20s] main 30b c6098 ic_m4 planted_sub table completed_valid t=0.0s
[     20s] main 30b c6098 ic_m4 small_x_offset table completed_valid t=0.0s
[     21s] main 30b c6099 ic_m4 subgroup table completed_valid t=0.0s
[     21s] main 30b c6099 ic_m4 small_x table completed_valid t=0.0s
[     21s] main 30b c6099 ic_m4 random_sub_r0 table completed_valid t=0.0s
[     21s] main 30b c6099 ic_m4 random_sub_r1 table completed_valid t=0.0s
[     21s] main 30b c6099 ic_m4 random_sub_r2 table completed_valid t=0.0s
[     21s] main 30b c6099 ic_m4 known_null_sub table completed_valid t=0.0s
[     21s] main 30b c6099 ic_m4 planted_sub table completed_valid t=0.0s
[     21s] main 30b c6099 ic_m4 small_x_offset table completed_valid t=0.0s
[     21s] main 30b c6100 ic_m4 subgroup table completed_valid t=0.0s
[     21s] main 30b c6100 ic_m4 small_x table completed_valid t=0.0s
[     21s] main 30b c6100 ic_m4 random_sub_r0 table completed_valid t=0.0s
[     21s] main 30b c6100 ic_m4 random_sub_r1 table completed_valid t=0.0s
[     21s] main 30b c6100 ic_m4 random_sub_r2 table completed_valid t=0.0s
[     21s] main 30b c6100 ic_m4 known_null_sub table completed_valid t=0.0s
[     21s] main 30b c6100 ic_m4 planted_sub table completed_valid t=0.0s
[     21s] main 30b c6100 ic_m4 small_x_offset table completed_valid t=0.0s
[     21s] main 30b c6101 ic_m4 subgroup table completed_valid t=0.0s
[     21s] main 30b c6101 ic_m4 small_x table completed_valid t=0.0s
[     21s] main 30b c6101 ic_m4 random_sub_r0 table completed_valid t=0.0s
[     21s] main 30b c6101 ic_m4 random_sub_r1 table completed_valid t=0.0s
[     21s] main 30b c6101 ic_m4 random_sub_r2 table completed_valid t=0.0s
[     21s] main 30b c6101 ic_m4 known_null_sub table completed_valid t=0.0s
[     21s] main 30b c6101 ic_m4 planted_sub table completed_valid t=0.0s
[     21s] main 30b c6101 ic_m4 small_x_offset table completed_valid t=0.0s
[     22s] main 30b c6102 ic_m4 subgroup table completed_valid t=0.0s
[     22s] main 30b c6102 ic_m4 small_x table completed_valid t=0.0s
[     22s] main 30b c6102 ic_m4 random_sub_r0 table completed_valid t=0.0s
[     22s] main 30b c6102 ic_m4 random_sub_r1 table completed_valid t=0.0s
[     22s] main 30b c6102 ic_m4 random_sub_r2 table completed_valid t=0.0s
[     22s] main 30b c6102 ic_m4 known_null_sub table completed_valid t=0.0s
[     22s] main 30b c6102 ic_m4 planted_sub table completed_valid t=0.0s
[     22s] main 30b c6102 ic_m4 small_x_offset table completed_valid t=0.0s
[     22s] main 30b c6103 ic_m4 subgroup table completed_valid t=0.0s
[     22s] main 30b c6103 ic_m4 small_x table completed_valid t=0.0s
[     22s] main 30b c6103 ic_m4 random_sub_r0 table completed_valid t=0.0s
[     22s] main 30b c6103 ic_m4 random_sub_r1 table completed_valid t=0.0s
[     22s] main 30b c6103 ic_m4 random_sub_r2 table completed_valid t=0.0s
[     22s] main 30b c6103 ic_m4 known_null_sub table completed_valid t=0.0s
[     22s] main 30b c6103 ic_m4 planted_sub table completed_valid t=0.0s
[     22s] main 30b c6103 ic_m4 small_x_offset table completed_valid t=0.0s
[     22s] main 30b c6104 ic_m4 subgroup table completed_valid t=0.0s
[     22s] main 30b c6104 ic_m4 small_x table completed_valid t=0.0s
[     22s] main 30b c6104 ic_m4 random_sub_r0 table completed_valid t=0.0s
[     22s] main 30b c6104 ic_m4 random_sub_r1 table completed_valid t=0.0s
[     22s] main 30b c6104 ic_m4 random_sub_r2 table completed_valid t=0.0s
[     22s] main 30b c6104 ic_m4 known_null_sub table completed_valid t=0.0s
[     22s] main 30b c6104 ic_m4 planted_sub table completed_valid t=0.0s
[     22s] main 30b c6104 ic_m4 small_x_offset table completed_valid t=0.0s
[     22s] main 30b c6105 ic_m4 subgroup table completed_valid t=0.0s
[     22s] main 30b c6105 ic_m4 small_x table completed_valid t=0.0s
[     22s] main 30b c6105 ic_m4 random_sub_r0 table completed_valid t=0.0s
[     22s] main 30b c6105 ic_m4 random_sub_r1 table completed_valid t=0.0s
[     22s] main 30b c6105 ic_m4 random_sub_r2 table completed_valid t=0.0s
[     22s] main 30b c6105 ic_m4 known_null_sub table completed_valid t=0.0s
[     22s] main 30b c6105 ic_m4 planted_sub table completed_valid t=0.0s
[     22s] main 30b c6105 ic_m4 small_x_offset table completed_valid t=0.0s
[     22s] main 30b c6106 ic_m4 subgroup table completed_valid t=0.0s
[     22s] main 30b c6106 ic_m4 small_x table completed_valid t=0.0s
[     22s] main 30b c6106 ic_m4 random_sub_r0 table completed_valid t=0.0s
[     22s] main 30b c6106 ic_m4 random_sub_r1 table completed_valid t=0.0s
[     22s] main 30b c6106 ic_m4 random_sub_r2 table completed_valid t=0.0s
[     22s] main 30b c6106 ic_m4 known_null_sub table completed_valid t=0.0s
[     22s] main 30b c6106 ic_m4 planted_sub table completed_valid t=0.0s
[     22s] main 30b c6106 ic_m4 small_x_offset table completed_valid t=0.0s
[     23s] main 30b c6107 ic_m4 subgroup table completed_valid t=0.0s
[     23s] main 30b c6107 ic_m4 small_x table completed_valid t=0.0s
[     23s] main 30b c6107 ic_m4 random_sub_r0 table completed_valid t=0.0s
[     23s] main 30b c6107 ic_m4 random_sub_r1 table completed_valid t=0.0s
[     23s] main 30b c6107 ic_m4 random_sub_r2 table completed_valid t=0.0s
[     23s] main 30b c6107 ic_m4 known_null_sub table completed_valid t=0.0s
[     23s] main 30b c6107 ic_m4 planted_sub table completed_valid t=0.0s
[     23s] main 30b c6107 ic_m4 small_x_offset table completed_valid t=0.0s
[     23s] main 30b c6108 ic_m4 subgroup table completed_valid t=0.0s
[     23s] main 30b c6108 ic_m4 small_x table completed_valid t=0.0s
[     23s] main 30b c6108 ic_m4 random_sub_r0 table completed_valid t=0.0s
[     23s] main 30b c6108 ic_m4 random_sub_r1 table completed_valid t=0.0s
[     23s] main 30b c6108 ic_m4 random_sub_r2 table completed_valid t=0.0s
[     23s] main 30b c6108 ic_m4 known_null_sub table completed_valid t=0.0s
[     23s] main 30b c6108 ic_m4 planted_sub table completed_valid t=0.0s
[     23s] main 30b c6108 ic_m4 small_x_offset table completed_valid t=0.0s
[     23s] main 30b c6109 ic_m4 subgroup table completed_valid t=0.0s
[     23s] main 30b c6109 ic_m4 small_x table completed_valid t=0.0s
[     23s] main 30b c6109 ic_m4 random_sub_r0 table completed_valid t=0.0s
[     23s] main 30b c6109 ic_m4 random_sub_r1 table completed_valid t=0.0s
[     23s] main 30b c6109 ic_m4 random_sub_r2 table completed_valid t=0.0s
[     23s] main 30b c6109 ic_m4 known_null_sub table completed_valid t=0.0s
[     23s] main 30b c6109 ic_m4 planted_sub table completed_valid t=0.0s
[     23s] main 30b c6109 ic_m4 small_x_offset table completed_valid t=0.0s
