{
  "curve": "EcGFp5",
  "metrics": {
    "sea_method_id": "pari-gp-2.15.4/ellcard/SEA+seadata-0.20090618/F_p5",
    "order_certificate": "certificate",
    "order_matches_self_report": true,
    "cofactor": 2,
    "embedding_degree": "certificate",
    "embedding_degree_matches_self_report": true,
    "cm_discriminant_bits": "certificate",
    "twist_order_factorization": "certificate",
    "twist_security_bits": "certificate",
    "factorization_method_id": "trial-division-1e6+gmp-ecm-7.0.5-hints(reverified)+pollard-rho+ECPP(pari-primecert,verify_ecpp)",
    "rigidity_reproduced": "certificate",
    "rigidity_first_hit_equals_published": true,
    "figure_provenance_table": "present",
    "wall_seconds": 814.54
  },
  "not_verifiable": {},
  "observations": [
    "EcGFp5 Weierstrass constants stated in the Hermez note equal the change-of-variable of Pornin's double-odd equation: True"
  ],
  "deviations": [
    "inputs/PORNIN-2022-274-ECGFP5/source_record.yaml headline says modulus 'z^5 - 2'; the frozen paper text (paper_fulltext.md, cited lines) says z^5 - 3, and the Hermez note also uses z^5 - 3. The audit uses z^5 - 3 as the paper states; the source_record headline is reported as a transcription defect outside this task's write scope."
  ]
}
