reserve_checks.py  TASK-20260803-69f3cd  start 2026-08-03T16:58:43Z
python 3.11.15  PYTHONPATH=tools/sage_free_estimator/shim:/tmp/le

== S0: callable identity + baseline anchor ==
  Kyber512: primal 140.1994731076 (d=0.0e+00) matzov 139.6560414809 (d=4.2e-11) margin +0.543432
  Kyber768: primal 200.9587149141 (d=0.0e+00) matzov 196.3662433540 (d=3.3e-12) margin +4.592472
  Kyber1024: primal 270.7236234535 (d=0.0e+00) matzov 262.3356800075 (d=2.6e-11) margin +8.387943

== S1: Sage reference ==
  S1 status: verified_against_sage

== S2: box widening (Kyber-768, Kyber-1024) ==
  S2 Kyber768: 187775 points, best 196.3662433540 vs incumbent 196.3662433540 (improvement +0.000000 bits) [190s]
  S2 Kyber1024: 187873 points, best 262.3356800075 vs incumbent 262.3356800075 (improvement +0.000000 bits) [186s]

== S3: null object ==
  NULL-1: 0 non-Kyber sets, matzov undercuts primal in None
  NULL-2: cost-model null, matzov undercuts primal in 0.9444444444444444

== S4: decay test, extended to 2^24 and 2^32 ==
  Kyber512: d0=+0.543432, d1=+0.276399, d2=+0.076049, d4=-0.331512, d8=-1.133565, d16=-3.246362, d24=-6.197442, d32=-13.892838
     flip: {'status': 'bracketed', 'delta_flip_bits': 2.77728271484375, 'bracket': [2.7772216796875, 2.77734375], 'N_understatement_factor': 6.855598950240004}
  Kyber768: d0=+4.592472, d1=+4.592470, d2=+4.305263, d4=+3.884454, d8=+3.024729, d16=+0.728911, d24=-1.515536, d32=-3.559786
     flip: {'status': 'bracketed', 'delta_flip_bits': 19.671630859375, 'bracket': [19.67138671875, 19.671875], 'N_understatement_factor': 835123.9761073272}
  Kyber1024: d0=+8.387943, d1=+8.187715, d2=+8.163606, d4=+7.688228, d8=+6.923698, d16=+5.233394, d24=+3.637196, d32=+1.974121
     flip: {'status': 'no_flip_within_tested_range', 'max_delta_tested': 32, 'margin_at_max_delta_bits': 1.9741207328788164}

== S5: c* per attack ==
  Kyber512 matzov: margin +3.343959  c*_A=0.037261  c*_P=0.028803
  Kyber768 matzov: margin +10.633757  c*_A=0.081698  c*_P=0.081697
  Kyber1024 matzov: margin +9.664320  c*_A=0.054761  c*_P=0.040268
