[     17s] main 32b c60 ic_m4 subgroup search completed_valid t=1.6s
[     17s] main 32b c60 ic_m4 dickson search completed_valid t=1.7s
[     17s] main 32b c60 ic_m4 small_x search completed_valid t=1.7s
[     17s] main 32b c60 ic_m4 random_sub_r0 search completed_valid t=1.5s
[     17s] main 32b c60 ic_m4 random_sub_r1 search completed_valid t=1.4s
[     17s] main 32b c60 ic_m4 random_sub_r2 search completed_valid t=1.6s
[     17s] main 32b c60 ic_m4 known_null_sub search completed_valid t=1.5s
[     17s] main 32b c60 ic_m4 random_dick_r0 search completed_valid t=1.4s
[     17s] main 32b c60 ic_m4 random_dick_r1 search completed_valid t=1.6s
[     17s] main 32b c60 ic_m4 random_dick_r2 search completed_valid t=1.6s
[     17s] main 32b c60 ic_m4 known_null_dick search completed_valid t=1.6s
[     37s] main 32b c61 ic_m4 subgroup search completed_valid t=1.8s
[     37s] main 32b c61 ic_m4 dickson search completed_valid t=1.6s
[     37s] main 32b c61 ic_m4 small_x search completed_valid t=1.7s
[     37s] main 32b c61 ic_m4 random_sub_r0 search completed_valid t=1.8s
[     37s] main 32b c61 ic_m4 random_sub_r1 search completed_valid t=1.6s
[     37s] main 32b c61 ic_m4 random_sub_r2 search completed_valid t=1.8s
[     37s] main 32b c61 ic_m4 known_null_sub search completed_valid t=1.6s
[     37s] main 32b c61 ic_m4 random_dick_r0 search completed_valid t=1.7s
[     37s] main 32b c61 ic_m4 random_dick_r1 search completed_valid t=1.8s
[     37s] main 32b c61 ic_m4 random_dick_r2 search completed_valid t=1.8s
[     37s] main 32b c61 ic_m4 known_null_dick search completed_valid t=1.7s
[     54s] main 32b c62 ic_m4 subgroup search completed_valid t=1.7s
[     54s] main 32b c62 ic_m4 dickson search completed_valid t=1.5s
[     54s] main 32b c62 ic_m4 small_x search completed_valid t=1.6s
[     54s] main 32b c62 ic_m4 random_sub_r0 search completed_valid t=1.4s
[     54s] main 32b c62 ic_m4 random_sub_r1 search completed_valid t=1.5s
[     54s] main 32b c62 ic_m4 random_sub_r2 search completed_valid t=1.7s
[     54s] main 32b c62 ic_m4 known_null_sub search completed_valid t=1.6s
[     54s] main 32b c62 ic_m4 random_dick_r0 search completed_valid t=1.7s
[     54s] main 32b c62 ic_m4 random_dick_r1 search completed_valid t=1.7s
[     54s] main 32b c62 ic_m4 random_dick_r2 search completed_valid t=1.7s
[     54s] main 32b c62 ic_m4 known_null_dick search completed_valid t=1.6s
[     71s] main 32b c63 ic_m4 subgroup search completed_valid t=1.6s
[     71s] main 32b c63 ic_m4 dickson search completed_valid t=1.7s
[     71s] main 32b c63 ic_m4 small_x search completed_valid t=1.5s
[     71s] main 32b c63 ic_m4 random_sub_r0 search completed_valid t=1.3s
[     71s] main 32b c63 ic_m4 random_sub_r1 search completed_valid t=1.4s
[     71s] main 32b c63 ic_m4 random_sub_r2 search completed_valid t=1.5s
[     71s] main 32b c63 ic_m4 known_null_sub search completed_valid t=1.3s
[     71s] main 32b c63 ic_m4 random_dick_r0 search completed_valid t=1.5s
[     71s] main 32b c63 ic_m4 random_dick_r1 search completed_valid t=1.4s
[     71s] main 32b c63 ic_m4 random_dick_r2 search completed_valid t=1.6s
[     71s] main 32b c63 ic_m4 known_null_dick search completed_valid t=1.5s
[     86s] main 32b c64 ic_m4 subgroup search completed_valid t=1.3s
[     86s] main 32b c64 ic_m4 dickson search completed_valid t=1.3s
[     86s] main 32b c64 ic_m4 small_x search completed_valid t=1.2s
[     86s] main 32b c64 ic_m4 random_sub_r0 search completed_valid t=1.4s
[     86s] main 32b c64 ic_m4 random_sub_r1 search completed_valid t=1.5s
[     86s] main 32b c64 ic_m4 random_sub_r2 search completed_valid t=1.3s
[     86s] main 32b c64 ic_m4 known_null_sub search completed_valid t=1.3s
[     86s] main 32b c64 ic_m4 random_dick_r0 search completed_valid t=1.3s
[     86s] main 32b c64 ic_m4 random_dick_r1 search completed_valid t=1.2s
[     86s] main 32b c64 ic_m4 random_dick_r2 search completed_valid t=1.2s
[     86s] main 32b c64 ic_m4 known_null_dick search completed_valid t=1.4s
[    105s] main 32b c65 ic_m4 subgroup search completed_valid t=1.9s
[    105s] main 32b c65 ic_m4 dickson search completed_valid t=1.8s
[    105s] main 32b c65 ic_m4 small_x search completed_valid t=1.7s
[    105s] main 32b c65 ic_m4 random_sub_r0 search completed_valid t=1.7s
[    105s] main 32b c65 ic_m4 random_sub_r1 search completed_valid t=1.8s
[    105s] main 32b c65 ic_m4 random_sub_r2 search completed_valid t=1.8s
[    105s] main 32b c65 ic_m4 known_null_sub search completed_valid t=1.7s
[    105s] main 32b c65 ic_m4 random_dick_r0 search completed_valid t=1.7s
[    105s] main 32b c65 ic_m4 random_dick_r1 search completed_valid t=1.6s
[    105s] main 32b c65 ic_m4 random_dick_r2 search completed_valid t=1.7s
[    105s] main 32b c65 ic_m4 known_null_dick search completed_valid t=1.7s
[    125s] main 32b c66 ic_m4 subgroup search completed_valid t=1.7s
[    125s] main 32b c66 ic_m4 dickson search completed_valid t=1.9s
[    125s] main 32b c66 ic_m4 small_x search completed_valid t=1.7s
[    125s] main 32b c66 ic_m4 random_sub_r0 search completed_valid t=1.8s
[    125s] main 32b c66 ic_m4 random_sub_r1 search completed_valid t=1.8s
[    125s] main 32b c66 ic_m4 random_sub_r2 search completed_valid t=1.7s
[    125s] main 32b c66 ic_m4 known_null_sub search completed_valid t=1.7s
[    125s] main 32b c66 ic_m4 random_dick_r0 search completed_valid t=1.7s
[    125s] main 32b c66 ic_m4 random_dick_r1 search completed_valid t=1.8s
[    125s] main 32b c66 ic_m4 random_dick_r2 search completed_valid t=1.8s
[    125s] main 32b c66 ic_m4 known_null_dick search completed_valid t=1.8s
[    145s] main 32b c67 ic_m4 subgroup search completed_valid t=2.0s
[    145s] main 32b c67 ic_m4 dickson search completed_valid t=1.9s
[    145s] main 32b c67 ic_m4 small_x search completed_valid t=1.8s
[    145s] main 32b c67 ic_m4 random_sub_r0 search completed_valid t=1.9s
[    145s] main 32b c67 ic_m4 random_sub_r1 search completed_valid t=1.9s
[    145s] main 32b c67 ic_m4 random_sub_r2 search completed_valid t=1.9s
[    145s] main 32b c67 ic_m4 known_null_sub search completed_valid t=1.9s
[    145s] main 32b c67 ic_m4 random_dick_r0 search completed_valid t=1.9s
[    145s] main 32b c67 ic_m4 random_dick_r1 search completed_valid t=1.7s
[    145s] main 32b c67 ic_m4 random_dick_r2 search completed_valid t=1.9s
[    145s] main 32b c67 ic_m4 known_null_dick search completed_valid t=1.9s
[    165s] main 32b c68 ic_m4 subgroup search completed_valid t=2.0s
[    165s] main 32b c68 ic_m4 dickson search completed_valid t=1.7s
[    165s] main 32b c68 ic_m4 small_x search completed_valid t=1.7s
[    165s] main 32b c68 ic_m4 random_sub_r0 search completed_valid t=1.6s
[    165s] main 32b c68 ic_m4 random_sub_r1 search completed_valid t=1.6s
[    165s] main 32b c68 ic_m4 random_sub_r2 search completed_valid t=1.7s
[    165s] main 32b c68 ic_m4 known_null_sub search completed_valid t=1.8s
[    165s] main 32b c68 ic_m4 random_dick_r0 search completed_valid t=1.8s
[    165s] main 32b c68 ic_m4 random_dick_r1 search completed_valid t=1.8s
[    165s] main 32b c68 ic_m4 random_dick_r2 search completed_valid t=1.7s
[    165s] main 32b c68 ic_m4 known_null_dick search completed_valid t=1.9s
[    184s] main 32b c69 ic_m4 subgroup search completed_valid t=1.7s
[    184s] main 32b c69 ic_m4 dickson search completed_valid t=1.6s
[    184s] main 32b c69 ic_m4 small_x search completed_valid t=1.8s
[    184s] main 32b c69 ic_m4 random_sub_r0 search completed_valid t=1.7s
[    184s] main 32b c69 ic_m4 random_sub_r1 search completed_valid t=1.6s
[    184s] main 32b c69 ic_m4 random_sub_r2 search completed_valid t=1.8s
[    184s] main 32b c69 ic_m4 known_null_sub search completed_valid t=1.8s
[    184s] main 32b c69 ic_m4 random_dick_r0 search completed_valid t=2.0s
[    184s] main 32b c69 ic_m4 random_dick_r1 search completed_valid t=1.7s
[    184s] main 32b c69 ic_m4 random_dick_r2 search completed_valid t=1.6s
[    184s] main 32b c69 ic_m4 known_null_dick search completed_valid t=1.7s
