[cell] N=2^20 a=1/4 seed=1 T=64 W=64.0000 cap=512 U_max=1024
[params] {"n_bits": 20, "N": 1048576, "T": 64, "a": 0.25, "W": 64.0, "theta": 0.015625, "cap": 512, "k": 4, "U_max": 1024, "R_default": 64, "walk_key_K": 10451216379200822465, "dp_key": 12674772435586498473, "walk_kind": "permutation", "dp_threshold": 288230376151711744, "bits_per_table_entry": 40, "bits_per_pool_entry": 88, "restart_scalar_mult_group_ops": 30.0, "seeds": {"walk_key_seed": 1, "precomputation_restart_stream": 1, "target_seed": 101, "phi_bernoulli_stream": 201, "null_a_relabelling_stream": 301, "tiebreak_permutation_stream": 401}}
[basins] {"n_dps": 16347, "cycle_mass": 71, "cycle_mass_frac": 6.771087646484375e-05, "capped_mass": 391, "capped_mass_frac": 0.00037288665771484375, "survival_slope": -1.581943141832789, "survival_slope_points": 51, "survival_slope_estimator": "least squares of log S(n) on log n over 60 log-spaced integers (primary)", "survival_slope_int_grid": -2.371936884516002, "survival_slope_int_grid_points": 504, "survival_slope_range": [10, 1024], "survival_slope_within_0.15_of_-0.5": false, "survival_slope_int_grid_within_0.15_of_-0.5": false, "MODELED_borel_survival_slope_same_estimator": -0.6300039380933038, "MODELED_borel_survival_slope_int_grid": -0.6808533927498887, "survival_pointwise": {"n": [10, 30, 100, 300], "MEASURED_S_emp": [0.8660304643053771, 0.6360800146815929, 0.2090903529699639, 0.00948186211537285], "MODELED_S_borel(1-theta)": [0.24647496042801967, 0.13367622965689013, 0.06627501780135463, 0.0325955128612482], "max_abs_log_ratio": 1.5599036850274928}, "cutoff": {"n_c": null, "n_c_theta2_over_2": null, "note": "tail too short"}, "MODELED_borel_cutoff_same_estimator": {"n_c": null, "n_c_theta2_over_2": null, "note": "tail too short"}, "cutoff_in_[0.5,2]": null, "top_T_share": 0.026485443115234375, "top_share_by_t": {"16": 0.007687568664550781, "32": 0.014456748962402344, "48": 0.020681381225585938, "64": 0.026485443115234375, "128": 0.046820640563964844}, "C_max_model": 0.3889120129663709, "x_star_model": 0.7423409681771704, "top_T_share_over_C_max": 0.0681013757153461, "top_T_share_over_C_max_in_[0.85,1.05]": false, "largest_basin": 513, "largest_basin_borel_99_band": [11988, 53372], "largest_basin_in_band": false, "borel_band_samples": 16384, "mean_basin": 64.1165963173671, "basins_seconds": 0.4306015968322754}
[pools] {"2": {"distinct_dps": 128, "walks": 130, "P_group_ops": 7256, "capped_walks": 0, "P_over_sqrt_NT": 0.8857421875}, "4": {"distinct_dps": 256, "walks": 261, "P_group_ops": 15719, "capped_walks": 0, "P_over_sqrt_NT": 1.9188232421875}, "8": {"distinct_dps": 512, "walks": 529, "P_group_ops": 31622, "capped_walks": 0, "P_over_sqrt_NT": 3.860107421875}} (0.0s)
[walks] {"count": 4096, "capped_fraction_all_walks": 0.000244140625, "mean_length_all_walks": 62.675537109375, "mean_length_over_W": 0.9793052673339844, "walk_seconds": 0.01017618179321289} walker_vs_basins=True
[fixture] {"trials": 40000, "total_steps": 2565591, "successes": 379, "hit_rate": 0.009475, "scaled_main_cost": 52.885698383905016, "scaled_precomputation": 0.8857421875, "mean_steps_over_W": 1.002183984375, "capped_fraction": 0.000525, "published_reference": {"scaled_main_cost": 1.79, "tolerance": 0.18, "scaled_precomputation_range": [1.05, 1.4]}, "note": "per-seed values; the G2 gate is evaluated on the 5-seed pooled value in the analysis run", "static_T_exact_coverage": 0.009370803833007812}
[arm] STATIC(T/4): solved=15/1024 eps_ss(8T)=0.0312 eps_ss(16T)=0.0156 p_last=0.0040 cov_last=0.0038 S_peak=11264 ops_resel=506 (0.0s)
[arm] STATIC(T/2): solved=30/1024 eps_ss(8T)=0.0469 eps_ss(16T)=0.0391 p_last=0.0040 cov_last=0.0058 S_peak=11264 ops_resel=831 (0.0s)
[arm] STATIC(3T/4): solved=31/1024 eps_ss(8T)=0.0469 eps_ss(16T)=0.0391 p_last=0.0040 cov_last=0.0078 S_peak=11264 ops_resel=1082 (0.0s)
[arm] STATIC(T): solved=37/1024 eps_ss(8T)=0.0547 eps_ss(16T)=0.0391 p_last=0.0040 cov_last=0.0094 S_peak=11264 ops_resel=1278 (0.0s)
[arm] STATIC2T: solved=57/1024 eps_ss(8T)=0.0703 eps_ss(16T)=0.0781 p_last=0.0158 cov_last=0.0140 S_peak=11264 ops_resel=0 (0.0s)
[arm] RHO: solved=1/1024 eps_ss(8T)=0.0000 eps_ss(16T)=0.0000 p_last=0.0000 S_peak=0 ops_resel=0 (0.0s)
[arm] RESEL-L(T/4): solved=15/1024 eps_ss(8T)=0.0391 eps_ss(16T)=0.0078 p_last=0.0040 cov_last=0.0039 S_peak=12848 ops_resel=9205 (0.0s)
[arm] RESEL-L(T/2): solved=26/1024 eps_ss(8T)=0.0469 eps_ss(16T)=0.0391 p_last=0.0080 cov_last=0.0065 S_peak=13992 ops_resel=15612 (0.0s)
[arm] RESEL-L(3T/4): solved=36/1024 eps_ss(8T)=0.0547 eps_ss(16T)=0.0469 p_last=0.0080 cov_last=0.0088 S_peak=14872 ops_resel=20568 (0.0s)
[arm] RESEL-L(T): solved=41/1024 eps_ss(8T)=0.0547 eps_ss(16T)=0.0625 p_last=0.0080 cov_last=0.0109 S_peak=15840 ops_resel=24837 (0.0s)
[arm] RESEL-U(T): solved=64/1024 eps_ss(8T)=0.0469 eps_ss(16T)=0.0938 p_last=0.0241 cov_last=0.0178 S_peak=295416 ops_resel=80966 (0.0s)
[arm] RESEL-U(T/2): solved=39/1024 eps_ss(8T)=0.0078 eps_ss(16T)=0.0625 p_last=0.0159 cov_last=0.0098 S_peak=296384 ops_resel=55112 (0.0s)
[arm] NULL-A(T): solved=38/1024 eps_ss(8T)=0.0469 eps_ss(16T)=0.0547 p_last=0.0079 cov_last=0.0088 S_peak=15928 ops_resel=22693 (0.0s)
[arm] NULL-A(T/2): solved=22/1024 eps_ss(8T)=0.0312 eps_ss(16T)=0.0391 p_last=0.0040 cov_last=0.0045 S_peak=14696 ops_resel=14174 (0.0s)
[arm] NULL-B(T): solved=37/1024 eps_ss(8T)=0.0547 eps_ss(16T)=0.0391 p_last=0.0040 cov_last=0.0094 S_peak=15576 ops_resel=1278 (0.0s)
[arm] NULL-B(T/2): solved=30/1024 eps_ss(8T)=0.0469 eps_ss(16T)=0.0391 p_last=0.0040 cov_last=0.0058 S_peak=14608 ops_resel=831 (0.0s)
[arm] PHI(0.0,T/2): solved=30/1024 eps_ss(8T)=0.0469 eps_ss(16T)=0.0391 p_last=0.0040 cov_last=0.0058 S_peak=11264 ops_resel=14127 (0.0s)
[arm] PHI(0.1,T/2): solved=30/1024 eps_ss(8T)=0.0469 eps_ss(16T)=0.0391 p_last=0.0040 cov_last=0.0058 S_peak=11264 ops_resel=14127 (0.0s)
[arm] PHI(0.25,T/2): solved=30/1024 eps_ss(8T)=0.0469 eps_ss(16T)=0.0391 p_last=0.0040 cov_last=0.0058 S_peak=11440 ops_resel=14142 (0.0s)
[arm] PHI(0.5,T/2): solved=27/1024 eps_ss(8T)=0.0391 eps_ss(16T)=0.0391 p_last=0.0080 cov_last=0.0061 S_peak=12144 ops_resel=14836 (0.0s)
[arm] PHI(1.0,T/2): solved=26/1024 eps_ss(8T)=0.0469 eps_ss(16T)=0.0391 p_last=0.0080 cov_last=0.0065 S_peak=13992 ops_resel=15612 (0.0s)
[arm] RSWEEP-STATIC(r=4,T): solved=57/1024 eps_ss(8T)=0.0781 eps_ss(16T)=0.0859 p_last=0.0120 cov_last=0.0133 S_peak=22528 ops_resel=2033 (0.0s)
[arm] RSWEEP-RESEL-L(r=4,T): solved=49/1024 eps_ss(8T)=0.0781 eps_ss(16T)=0.0547 p_last=0.0162 cov_last=0.0146 S_peak=28600 ops_resel=37966 (0.0s)
[arm] RSWEEP-STATIC(r=4,T/2): solved=34/1024 eps_ss(8T)=0.0703 eps_ss(16T)=0.0312 p_last=0.0120 cov_last=0.0082 S_peak=22528 ops_resel=1212 (0.0s)
[arm] RSWEEP-RESEL-L(r=4,T/2): solved=34/1024 eps_ss(8T)=0.0625 eps_ss(16T)=0.0312 p_last=0.0120 cov_last=0.0088 S_peak=26752 ops_resel=21626 (0.0s)
[arm] RSWEEP-STATIC(r=8,T): solved=52/1024 eps_ss(8T)=0.1094 eps_ss(16T)=0.0547 p_last=0.0162 cov_last=0.0152 S_peak=45056 ops_resel=2730 (0.0s)
[arm] RSWEEP-RESEL-L(r=8,T): solved=56/1024 eps_ss(8T)=0.1016 eps_ss(16T)=0.0703 p_last=0.0205 cov_last=0.0159 S_peak=51920 ops_resel=48111 (0.0s)
[arm] RSWEEP-STATIC(r=8,T/2): solved=25/1024 eps_ss(8T)=0.0391 eps_ss(16T)=0.0312 p_last=0.0079 cov_last=0.0081 S_peak=45056 ops_resel=1579 (0.0s)
[arm] RSWEEP-RESEL-L(r=8,T/2): solved=24/1024 eps_ss(8T)=0.0391 eps_ss(16T)=0.0312 p_last=0.0079 cov_last=0.0080 S_peak=48224 ops_resel=27120 (0.0s)
[arm] CAP(4T,T): solved=41/1024 eps_ss(8T)=0.0547 eps_ss(16T)=0.0625 p_last=0.0080 cov_last=0.0109 S_peak=15840 ops_resel=24837 (0.0s)
[arm] CAP(4T,T/2): solved=26/1024 eps_ss(8T)=0.0469 eps_ss(16T)=0.0391 p_last=0.0080 cov_last=0.0065 S_peak=13992 ops_resel=15612 (0.0s)
[arm] CAP(2T,T): solved=41/1024 eps_ss(8T)=0.0547 eps_ss(16T)=0.0625 p_last=0.0080 cov_last=0.0109 S_peak=12144 ops_resel=22798 (0.0s)
[arm] CAP(2T,T/2): solved=26/1024 eps_ss(8T)=0.0469 eps_ss(16T)=0.0391 p_last=0.0080 cov_last=0.0065 S_peak=12056 ops_resel=15140 (0.0s)
[arm] ORACLE(T/4): solved=27/1024 eps_ss(8T)=0.0078 eps_ss(16T)=0.0312 p_last=0.0039 cov_last=0.0077 S_peak=0 ops_resel=0 (0.0s)
[arm] ORACLE(T/2): solved=49/1024 eps_ss(8T)=0.0156 eps_ss(16T)=0.0391 p_last=0.0039 cov_last=0.0145 S_peak=0 ops_resel=0 (0.0s)
[arm] ORACLE(3T/4): solved=79/1024 eps_ss(8T)=0.0547 eps_ss(16T)=0.0859 p_last=0.0158 cov_last=0.0207 S_peak=0 ops_resel=0 (0.0s)
[arm] ORACLE(T): solved=98/1024 eps_ss(8T)=0.0703 eps_ss(16T)=0.1172 p_last=0.0238 cov_last=0.0265 S_peak=0 ops_resel=0 (0.0s)
[checks] {"round0_identity": {"RESEL-L(T/4)": true, "RESEL-L(T/2)": true, "RESEL-L(3T/4)": true, "RESEL-L(T)": true, "RESEL-U(T)": true, "RESEL-U(T/2)": true, "NULL-A(T)": true, "NULL-A(T/2)": true, "NULL-B(T)": true, "NULL-B(T/2)": true, "PHI(0.0,T/2)": true, "PHI(0.1,T/2)": true, "PHI(0.25,T/2)": true, "PHI(0.5,T/2)": true, "PHI(1.0,T/2)": true, "RSWEEP-RESEL-L(r=4,T)": true, "RSWEEP-RESEL-L(r=4,T/2)": true, "RSWEEP-RESEL-L(r=8,T)": true, "RSWEEP-RESEL-L(r=8,T/2)": true, "CAP(4T,T)": true, "CAP(4T,T/2)": true, "CAP(2T,T)": true, "CAP(2T,T/2)": true}, "bit_identity_all_rounds": {"NULL-B(T)": true, "NULL-B(T/2)": true, "PHI(0.0,T/2)": true}, "exceedance": {"RESEL-L(T/4)": {"any_exact_exceedance": false, "max_exact_minus_oracle": -0.0037212371826171875, "max_sampled_minus_oracle": 0.008122708015291115}, "RESEL-L(T/2)": {"any_exact_exceedance": false, "max_exact_minus_oracle": -0.00792694091796875, "max_sampled_minus_oracle": 0.0016075080657101046}, "RESEL-L(3T/4)": {"any_exact_exceedance": false, "max_exact_minus_oracle": -0.011879920959472656, "max_sampled_minus_oracle": -0.0006813812255859371}, "RESEL-L(T)": {"any_exact_exceedance": false, "max_exact_minus_oracle": -0.015593528747558594, "max_sampled_minus_oracle": -0.0022918947281376015}, "RESEL-U(T)": {"any_exact_exceedance": false, "max_exact_minus_oracle": -0.008584976196289062, "max_sampled_minus_oracle": 0.001969841437611152}, "RESEL-U(T/2)": {"any_exact_exceedance": false, "max_exact_minus_oracle": -0.0046329498291015625, "max_sampled_minus_oracle": 0.005868454289630176}, "NULL-A(T)": {"any_exact_exceedance": false, "max_exact_minus_oracle": -0.017114639282226562, "max_sampled_minus_oracle": -0.006485443115234375}, "NULL-A(T/2)": {"any_exact_exceedance": false, "max_exact_minus_oracle": -0.008629798889160156, "max_sampled_minus_oracle": 0.0016075080657101046}, "PHI(0.0,T/2)": {"any_exact_exceedance": false, "max_exact_minus_oracle": -0.008629798889160156, "max_sampled_minus_oracle": 0.005543251037597657}, "PHI(0.1,T/2)": {"any_exact_exceedance": false, "max_exact_minus_oracle": -0.008629798889160156, "max_sampled_minus_oracle": 0.005543251037597657}, "PHI(0.25,T/2)": {"any_exact_exceedance": false, "max_exact_minus_oracle": -0.008629798889160156, "max_sampled_minus_oracle": 0.005543251037597657}, "PHI(0.5,T/2)": {"any_exact_exceedance": false, "max_exact_minus_oracle": -0.008318901062011719, "max_sampled_minus_oracle": 0.0016075080657101046}, "PHI(1.0,T/2)": {"any_exact_exceedance": false, "max_exact_minus_oracle": -0.00792694091796875, "max_sampled_minus_oracle": 0.0016075080657101046}, "RSWEEP-RESEL-L(r=4,T)": {"any_exact_exceedance": false, "max_exact_minus_oracle": -0.011933326721191406, "max_sampled_minus_oracle": 0.005903220852376961}, "RSWEEP-RESEL-L(r=4,T/2)": {"any_exact_exceedance": false, "max_exact_minus_oracle": -0.005562782287597656, "max_sampled_minus_oracle": 0.009834749013306159}, "RSWEEP-RESEL-L(r=8,T)": {"any_exact_exceedance": false, "max_exact_minus_oracle": -0.010571479797363281, "max_sampled_minus_oracle": 0.001969841437611152}, "RSWEEP-RESEL-L(r=8,T/2)": {"any_exact_exceedance": false, "max_exact_minus_oracle": -0.006234169006347656, "max_sampled_minus_oracle": -0.0025519870576404396}, "CAP(4T,T)": {"any_exact_exceedance": false, "max_exact_minus_oracle": -0.015593528747558594, "max_sampled_minus_oracle": -0.0022918947281376015}, "CAP(4T,T/2)": {"any_exact_exceedance": false, "max_exact_minus_oracle": -0.00792694091796875, "max_sampled_minus_oracle": 0.0016075080657101046}, "CAP(2T,T)": {"any_exact_exceedance": false, "max_exact_minus_oracle": -0.015593528747558594, "max_sampled_minus_oracle": -0.0022918947281376015}, "CAP(2T,T/2)": {"any_exact_exceedance": false, "max_exact_minus_oracle": -0.00792694091796875, "max_sampled_minus_oracle": 0.0016075080657101046}}, "phi1_equals_resel_l_T/2": true}
[done] 1.0s
