[      1s] main 32b c1310 ic_m4 subgroup table completed_valid t=0.0s
[      1s] main 32b c1310 ic_m4 dickson table completed_valid t=0.0s
[      1s] main 32b c1310 ic_m4 small_x table completed_valid t=0.0s
[      1s] main 32b c1310 ic_m4 random_sub_r0 table completed_valid t=0.0s
[      1s] main 32b c1310 ic_m4 random_sub_r1 table completed_valid t=0.0s
[      1s] main 32b c1310 ic_m4 random_sub_r2 table completed_valid t=0.0s
[      1s] main 32b c1310 ic_m4 known_null_sub table completed_valid t=0.0s
[      1s] main 32b c1310 ic_m4 random_dick_r0 table completed_valid t=0.1s
[      1s] main 32b c1310 ic_m4 random_dick_r1 table completed_valid t=0.1s
[      1s] main 32b c1310 ic_m4 random_dick_r2 table completed_valid t=0.1s
[      1s] main 32b c1310 ic_m4 known_null_dick table completed_valid t=0.0s
[      1s] main 32b c1311 ic_m4 subgroup table completed_valid t=0.0s
[      1s] main 32b c1311 ic_m4 dickson table completed_valid t=0.1s
[      1s] main 32b c1311 ic_m4 small_x table completed_valid t=0.0s
[      1s] main 32b c1311 ic_m4 random_sub_r0 table completed_valid t=0.0s
[      1s] main 32b c1311 ic_m4 random_sub_r1 table completed_valid t=0.0s
[      1s] main 32b c1311 ic_m4 random_sub_r2 table completed_valid t=0.0s
[      1s] main 32b c1311 ic_m4 known_null_sub table completed_valid t=0.0s
[      1s] main 32b c1311 ic_m4 random_dick_r0 table completed_valid t=0.0s
[      1s] main 32b c1311 ic_m4 random_dick_r1 table completed_valid t=0.0s
[      1s] main 32b c1311 ic_m4 random_dick_r2 table completed_valid t=0.0s
[      1s] main 32b c1311 ic_m4 known_null_dick table completed_valid t=0.0s
[      2s] main 32b c1312 ic_m4 subgroup table completed_valid t=0.0s
[      2s] main 32b c1312 ic_m4 dickson table completed_valid t=0.0s
[      2s] main 32b c1312 ic_m4 small_x table completed_valid t=0.0s
[      2s] main 32b c1312 ic_m4 random_sub_r0 table completed_valid t=0.0s
[      2s] main 32b c1312 ic_m4 random_sub_r1 table completed_valid t=0.0s
[      2s] main 32b c1312 ic_m4 random_sub_r2 table completed_valid t=0.0s
[      2s] main 32b c1312 ic_m4 known_null_sub table completed_valid t=0.0s
[      2s] main 32b c1312 ic_m4 random_dick_r0 table completed_valid t=0.0s
[      2s] main 32b c1312 ic_m4 random_dick_r1 table completed_valid t=0.0s
[      2s] main 32b c1312 ic_m4 random_dick_r2 table completed_valid t=0.0s
[      2s] main 32b c1312 ic_m4 known_null_dick table completed_valid t=0.0s
[      3s] main 32b c1313 ic_m4 subgroup table completed_valid t=0.0s
[      3s] main 32b c1313 ic_m4 dickson table completed_valid t=0.0s
[      3s] main 32b c1313 ic_m4 small_x table completed_valid t=0.0s
[      3s] main 32b c1313 ic_m4 random_sub_r0 table completed_valid t=0.1s
[      3s] main 32b c1313 ic_m4 random_sub_r1 table completed_valid t=0.1s
[      3s] main 32b c1313 ic_m4 random_sub_r2 table completed_valid t=0.0s
[      3s] main 32b c1313 ic_m4 known_null_sub table completed_valid t=0.1s
[      3s] main 32b c1313 ic_m4 random_dick_r0 table completed_valid t=0.0s
[      3s] main 32b c1313 ic_m4 random_dick_r1 table completed_valid t=0.1s
[      3s] main 32b c1313 ic_m4 random_dick_r2 table completed_valid t=0.1s
[      3s] main 32b c1313 ic_m4 known_null_dick table completed_valid t=0.0s
[      3s] main 32b c1314 ic_m4 subgroup table completed_valid t=0.0s
[      3s] main 32b c1314 ic_m4 dickson table completed_valid t=0.1s
[      3s] main 32b c1314 ic_m4 small_x table completed_valid t=0.0s
[      3s] main 32b c1314 ic_m4 random_sub_r0 table completed_valid t=0.0s
[      3s] main 32b c1314 ic_m4 random_sub_r1 table completed_valid t=0.0s
[      3s] main 32b c1314 ic_m4 random_sub_r2 table completed_valid t=0.0s
[      3s] main 32b c1314 ic_m4 known_null_sub table completed_valid t=0.0s
[      3s] main 32b c1314 ic_m4 random_dick_r0 table completed_valid t=0.0s
[      3s] main 32b c1314 ic_m4 random_dick_r1 table completed_valid t=0.0s
[      3s] main 32b c1314 ic_m4 random_dick_r2 table completed_valid t=0.0s
[      3s] main 32b c1314 ic_m4 known_null_dick table completed_valid t=0.0s
[      4s] main 32b c1315 ic_m4 subgroup table completed_valid t=0.0s
[      4s] main 32b c1315 ic_m4 dickson table completed_valid t=0.0s
[      4s] main 32b c1315 ic_m4 small_x table completed_valid t=0.0s
[      4s] main 32b c1315 ic_m4 random_sub_r0 table completed_valid t=0.0s
[      4s] main 32b c1315 ic_m4 random_sub_r1 table completed_valid t=0.0s
[      4s] main 32b c1315 ic_m4 random_sub_r2 table completed_valid t=0.0s
[      4s] main 32b c1315 ic_m4 known_null_sub table completed_valid t=0.0s
[      4s] main 32b c1315 ic_m4 random_dick_r0 table completed_valid t=0.0s
[      4s] main 32b c1315 ic_m4 random_dick_r1 table completed_valid t=0.0s
[      4s] main 32b c1315 ic_m4 random_dick_r2 table completed_valid t=0.0s
[      4s] main 32b c1315 ic_m4 known_null_dick table completed_valid t=0.0s
[      5s] main 32b c1316 ic_m4 subgroup table completed_valid t=0.0s
[      5s] main 32b c1316 ic_m4 dickson table completed_valid t=0.1s
[      5s] main 32b c1316 ic_m4 small_x table completed_valid t=0.1s
[      5s] main 32b c1316 ic_m4 random_sub_r0 table completed_valid t=0.0s
[      5s] main 32b c1316 ic_m4 random_sub_r1 table completed_valid t=0.1s
[      5s] main 32b c1316 ic_m4 random_sub_r2 table completed_valid t=0.1s
[      5s] main 32b c1316 ic_m4 known_null_sub table completed_valid t=0.0s
[      5s] main 32b c1316 ic_m4 random_dick_r0 table completed_valid t=0.0s
[      5s] main 32b c1316 ic_m4 random_dick_r1 table completed_valid t=0.1s
[      5s] main 32b c1316 ic_m4 random_dick_r2 table completed_valid t=0.0s
[      5s] main 32b c1316 ic_m4 known_null_dick table completed_valid t=0.0s
[      5s] main 32b c1317 ic_m4 subgroup table completed_valid t=0.0s
[      5s] main 32b c1317 ic_m4 dickson table completed_valid t=0.1s
[      5s] main 32b c1317 ic_m4 small_x table completed_valid t=0.0s
[      5s] main 32b c1317 ic_m4 random_sub_r0 table completed_valid t=0.0s
[      5s] main 32b c1317 ic_m4 random_sub_r1 table completed_valid t=0.0s
[      5s] main 32b c1317 ic_m4 random_sub_r2 table completed_valid t=0.0s
[      5s] main 32b c1317 ic_m4 known_null_sub table completed_valid t=0.0s
[      5s] main 32b c1317 ic_m4 random_dick_r0 table completed_valid t=0.0s
[      5s] main 32b c1317 ic_m4 random_dick_r1 table completed_valid t=0.0s
[      5s] main 32b c1317 ic_m4 random_dick_r2 table completed_valid t=0.0s
[      5s] main 32b c1317 ic_m4 known_null_dick table completed_valid t=0.0s
[      6s] main 32b c1318 ic_m4 subgroup table completed_valid t=0.0s
[      6s] main 32b c1318 ic_m4 dickson table completed_valid t=0.0s
[      6s] main 32b c1318 ic_m4 small_x table completed_valid t=0.0s
[      6s] main 32b c1318 ic_m4 random_sub_r0 table completed_valid t=0.0s
[      6s] main 32b c1318 ic_m4 random_sub_r1 table completed_valid t=0.0s
[      6s] main 32b c1318 ic_m4 random_sub_r2 table completed_valid t=0.0s
[      6s] main 32b c1318 ic_m4 known_null_sub table completed_valid t=0.0s
[      6s] main 32b c1318 ic_m4 random_dick_r0 table completed_valid t=0.0s
[      6s] main 32b c1318 ic_m4 random_dick_r1 table completed_valid t=0.0s
[      6s] main 32b c1318 ic_m4 random_dick_r2 table completed_valid t=0.0s
[      6s] main 32b c1318 ic_m4 known_null_dick table completed_valid t=0.0s
[      7s] main 32b c1319 ic_m4 subgroup table completed_valid t=0.1s
[      7s] main 32b c1319 ic_m4 dickson table completed_valid t=0.0s
[      7s] main 32b c1319 ic_m4 small_x table completed_valid t=0.0s
[      7s] main 32b c1319 ic_m4 random_sub_r0 table completed_valid t=0.0s
[      7s] main 32b c1319 ic_m4 random_sub_r1 table completed_valid t=0.0s
[      7s] main 32b c1319 ic_m4 random_sub_r2 table completed_valid t=0.0s
[      7s] main 32b c1319 ic_m4 known_null_sub table completed_valid t=0.0s
[      7s] main 32b c1319 ic_m4 random_dick_r0 table completed_valid t=0.0s
[      7s] main 32b c1319 ic_m4 random_dick_r1 table completed_valid t=0.0s
[      7s] main 32b c1319 ic_m4 random_dick_r2 table completed_valid t=0.0s
[      7s] main 32b c1319 ic_m4 known_null_dick table completed_valid t=0.0s
[      7s] main 32b c1320 ic_m4 subgroup table completed_valid t=0.0s
[      7s] main 32b c1320 ic_m4 dickson table completed_valid t=0.0s
[      7s] main 32b c1320 ic_m4 small_x table completed_valid t=0.0s
[      7s] main 32b c1320 ic_m4 random_sub_r0 table completed_valid t=0.0s
[      7s] main 32b c1320 ic_m4 random_sub_r1 table completed_valid t=0.0s
[      7s] main 32b c1320 ic_m4 random_sub_r2 table completed_valid t=0.0s
[      7s] main 32b c1320 ic_m4 known_null_sub table completed_valid t=0.0s
[      7s] main 32b c1320 ic_m4 random_dick_r0 table completed_valid t=0.0s
[      7s] main 32b c1320 ic_m4 random_dick_r1 table completed_valid t=0.0s
[      7s] main 32b c1320 ic_m4 random_dick_r2 table completed_valid t=0.0s
[      7s] main 32b c1320 ic_m4 known_null_dick table completed_valid t=0.0s
[      8s] main 32b c1321 ic_m4 subgroup table completed_valid t=0.0s
[      8s] main 32b c1321 ic_m4 dickson table completed_valid t=0.0s
[      8s] main 32b c1321 ic_m4 small_x table completed_valid t=0.0s
[      8s] main 32b c1321 ic_m4 random_sub_r0 table completed_valid t=0.0s
[      8s] main 32b c1321 ic_m4 random_sub_r1 table completed_valid t=0.0s
[      8s] main 32b c1321 ic_m4 random_sub_r2 table completed_valid t=0.0s
[      8s] main 32b c1321 ic_m4 known_null_sub table completed_valid t=0.0s
[      8s] main 32b c1321 ic_m4 random_dick_r0 table completed_valid t=0.0s
[      8s] main 32b c1321 ic_m4 random_dick_r1 table completed_valid t=0.0s
[      8s] main 32b c1321 ic_m4 random_dick_r2 table completed_valid t=0.0s
[      8s] main 32b c1321 ic_m4 known_null_dick table completed_valid t=0.0s
[      8s] main 32b c1322 ic_m4 subgroup table completed_valid t=0.0s
[      8s] main 32b c1322 ic_m4 dickson table completed_valid t=0.0s
[      8s] main 32b c1322 ic_m4 small_x table completed_valid t=0.0s
[      8s] main 32b c1322 ic_m4 random_sub_r0 table completed_valid t=0.0s
[      8s] main 32b c1322 ic_m4 random_sub_r1 table completed_valid t=0.0s
[      8s] main 32b c1322 ic_m4 random_sub_r2 table completed_valid t=0.0s
[      8s] main 32b c1322 ic_m4 known_null_sub table completed_valid t=0.1s
[      8s] main 32b c1322 ic_m4 random_dick_r0 table completed_valid t=0.0s
[      8s] main 32b c1322 ic_m4 random_dick_r1 table completed_valid t=0.0s
[      8s] main 32b c1322 ic_m4 random_dick_r2 table completed_valid t=0.0s
[      8s] main 32b c1322 ic_m4 known_null_dick table completed_valid t=0.0s
[      9s] main 32b c1323 ic_m4 subgroup table completed_valid t=0.0s
[      9s] main 32b c1323 ic_m4 dickson table completed_valid t=0.0s
[      9s] main 32b c1323 ic_m4 small_x table completed_valid t=0.0s
[      9s] main 32b c1323 ic_m4 random_sub_r0 table completed_valid t=0.0s
[      9s] main 32b c1323 ic_m4 random_sub_r1 table completed_valid t=0.0s
[      9s] main 32b c1323 ic_m4 random_sub_r2 table completed_valid t=0.0s
[      9s] main 32b c1323 ic_m4 known_null_sub table completed_valid t=0.0s
[      9s] main 32b c1323 ic_m4 random_dick_r0 table completed_valid t=0.0s
[      9s] main 32b c1323 ic_m4 random_dick_r1 table completed_valid t=0.0s
[      9s] main 32b c1323 ic_m4 random_dick_r2 table completed_valid t=0.0s
[      9s] main 32b c1323 ic_m4 known_null_dick table completed_valid t=0.0s
[      9s] main 32b c1324 ic_m4 subgroup table completed_valid t=0.0s
[      9s] main 32b c1324 ic_m4 dickson table completed_valid t=0.0s
[      9s] main 32b c1324 ic_m4 small_x table completed_valid t=0.0s
[      9s] main 32b c1324 ic_m4 random_sub_r0 table completed_valid t=0.0s
[      9s] main 32b c1324 ic_m4 random_sub_r1 table completed_valid t=0.0s
[      9s] main 32b c1324 ic_m4 random_sub_r2 table completed_valid t=0.0s
[      9s] main 32b c1324 ic_m4 known_null_sub table completed_valid t=0.0s
[      9s] main 32b c1324 ic_m4 random_dick_r0 table completed_valid t=0.0s
[      9s] main 32b c1324 ic_m4 random_dick_r1 table completed_valid t=0.0s
[      9s] main 32b c1324 ic_m4 random_dick_r2 table completed_valid t=0.0s
[      9s] main 32b c1324 ic_m4 known_null_dick table completed_valid t=0.0s
[     10s] main 32b c1325 ic_m4 subgroup table completed_valid t=0.0s
[     10s] main 32b c1325 ic_m4 dickson table completed_valid t=0.0s
[     10s] main 32b c1325 ic_m4 small_x table completed_valid t=0.0s
[     10s] main 32b c1325 ic_m4 random_sub_r0 table completed_valid t=0.1s
[     10s] main 32b c1325 ic_m4 random_sub_r1 table completed_valid t=0.1s
[     10s] main 32b c1325 ic_m4 random_sub_r2 table completed_valid t=0.0s
[     10s] main 32b c1325 ic_m4 known_null_sub table completed_valid t=0.0s
[     10s] main 32b c1325 ic_m4 random_dick_r0 table completed_valid t=0.0s
[     10s] main 32b c1325 ic_m4 random_dick_r1 table completed_valid t=0.0s
[     10s] main 32b c1325 ic_m4 random_dick_r2 table completed_valid t=0.1s
[     10s] main 32b c1325 ic_m4 known_null_dick table completed_valid t=0.1s
[     11s] main 32b c1326 ic_m4 subgroup table completed_valid t=0.0s
[     11s] main 32b c1326 ic_m4 dickson table completed_valid t=0.0s
[     11s] main 32b c1326 ic_m4 small_x table completed_valid t=0.0s
[     11s] main 32b c1326 ic_m4 random_sub_r0 table completed_valid t=0.0s
[     11s] main 32b c1326 ic_m4 random_sub_r1 table completed_valid t=0.0s
[     11s] main 32b c1326 ic_m4 random_sub_r2 table completed_valid t=0.0s
[     11s] main 32b c1326 ic_m4 known_null_sub table completed_valid t=0.0s
[     11s] main 32b c1326 ic_m4 random_dick_r0 table completed_valid t=0.0s
[     11s] main 32b c1326 ic_m4 random_dick_r1 table completed_valid t=0.0s
[     11s] main 32b c1326 ic_m4 random_dick_r2 table completed_valid t=0.0s
[     11s] main 32b c1326 ic_m4 known_null_dick table completed_valid t=0.0s
[     11s] main 32b c1327 ic_m4 subgroup table completed_valid t=0.0s
[     11s] main 32b c1327 ic_m4 dickson table completed_valid t=0.0s
[     11s] main 32b c1327 ic_m4 small_x table completed_valid t=0.0s
[     11s] main 32b c1327 ic_m4 random_sub_r0 table completed_valid t=0.0s
[     11s] main 32b c1327 ic_m4 random_sub_r1 table completed_valid t=0.1s
[     11s] main 32b c1327 ic_m4 random_sub_r2 table completed_valid t=0.0s
[     11s] main 32b c1327 ic_m4 known_null_sub table completed_valid t=0.0s
[     11s] main 32b c1327 ic_m4 random_dick_r0 table completed_valid t=0.0s
[     11s] main 32b c1327 ic_m4 random_dick_r1 table completed_valid t=0.0s
[     11s] main 32b c1327 ic_m4 random_dick_r2 table completed_valid t=0.0s
[     11s] main 32b c1327 ic_m4 known_null_dick table completed_valid t=0.0s
[     12s] main 32b c1328 ic_m4 subgroup table completed_valid t=0.0s
[     12s] main 32b c1328 ic_m4 dickson table completed_valid t=0.0s
[     12s] main 32b c1328 ic_m4 small_x table completed_valid t=0.0s
[     12s] main 32b c1328 ic_m4 random_sub_r0 table completed_valid t=0.0s
[     12s] main 32b c1328 ic_m4 random_sub_r1 table completed_valid t=0.0s
[     12s] main 32b c1328 ic_m4 random_sub_r2 table completed_valid t=0.0s
[     12s] main 32b c1328 ic_m4 known_null_sub table completed_valid t=0.0s
[     12s] main 32b c1328 ic_m4 random_dick_r0 table completed_valid t=0.0s
[     12s] main 32b c1328 ic_m4 random_dick_r1 table completed_valid t=0.0s
[     12s] main 32b c1328 ic_m4 random_dick_r2 table completed_valid t=0.1s
[     12s] main 32b c1328 ic_m4 known_null_dick table completed_valid t=0.0s
[     12s] main 32b c1329 ic_m4 subgroup table completed_valid t=0.0s
[     12s] main 32b c1329 ic_m4 dickson table completed_valid t=0.0s
[     12s] main 32b c1329 ic_m4 small_x table completed_valid t=0.0s
[     12s] main 32b c1329 ic_m4 random_sub_r0 table completed_valid t=0.1s
[     12s] main 32b c1329 ic_m4 random_sub_r1 table completed_valid t=0.1s
[     12s] main 32b c1329 ic_m4 random_sub_r2 table completed_valid t=0.1s
[     12s] main 32b c1329 ic_m4 known_null_sub table completed_valid t=0.0s
[     12s] main 32b c1329 ic_m4 random_dick_r0 table completed_valid t=0.0s
[     12s] main 32b c1329 ic_m4 random_dick_r1 table completed_valid t=0.0s
[     12s] main 32b c1329 ic_m4 random_dick_r2 table completed_valid t=0.0s
[     12s] main 32b c1329 ic_m4 known_null_dick table completed_valid t=0.0s
[     13s] main 32b c1330 ic_m4 subgroup table completed_valid t=0.0s
[     13s] main 32b c1330 ic_m4 dickson table completed_valid t=0.0s
[     13s] main 32b c1330 ic_m4 small_x table completed_valid t=0.0s
[     13s] main 32b c1330 ic_m4 random_sub_r0 table completed_valid t=0.0s
[     13s] main 32b c1330 ic_m4 random_sub_r1 table completed_valid t=0.1s
[     13s] main 32b c1330 ic_m4 random_sub_r2 table completed_valid t=0.1s
[     13s] main 32b c1330 ic_m4 known_null_sub table completed_valid t=0.1s
[     13s] main 32b c1330 ic_m4 random_dick_r0 table completed_valid t=0.1s
[     13s] main 32b c1330 ic_m4 random_dick_r1 table completed_valid t=0.0s
[     13s] main 32b c1330 ic_m4 random_dick_r2 table completed_valid t=0.0s
[     13s] main 32b c1330 ic_m4 known_null_dick table completed_valid t=0.0s
[     14s] main 32b c1331 ic_m4 subgroup table completed_valid t=0.1s
[     14s] main 32b c1331 ic_m4 dickson table completed_valid t=0.0s
[     14s] main 32b c1331 ic_m4 small_x table completed_valid t=0.0s
[     14s] main 32b c1331 ic_m4 random_sub_r0 table completed_valid t=0.1s
[     14s] main 32b c1331 ic_m4 random_sub_r1 table completed_valid t=0.1s
[     14s] main 32b c1331 ic_m4 random_sub_r2 table completed_valid t=0.0s
[     14s] main 32b c1331 ic_m4 known_null_sub table completed_valid t=0.0s
[     14s] main 32b c1331 ic_m4 random_dick_r0 table completed_valid t=0.0s
[     14s] main 32b c1331 ic_m4 random_dick_r1 table completed_valid t=0.0s
[     14s] main 32b c1331 ic_m4 random_dick_r2 table completed_valid t=0.0s
[     14s] main 32b c1331 ic_m4 known_null_dick table completed_valid t=0.0s
[     14s] main 32b c1332 ic_m4 subgroup table completed_valid t=0.1s
[     14s] main 32b c1332 ic_m4 dickson table completed_valid t=0.1s
[     14s] main 32b c1332 ic_m4 small_x table completed_valid t=0.0s
[     14s] main 32b c1332 ic_m4 random_sub_r0 table completed_valid t=0.0s
[     14s] main 32b c1332 ic_m4 random_sub_r1 table completed_valid t=0.0s
[     14s] main 32b c1332 ic_m4 random_sub_r2 table completed_valid t=0.0s
[     14s] main 32b c1332 ic_m4 known_null_sub table completed_valid t=0.0s
[     14s] main 32b c1332 ic_m4 random_dick_r0 table completed_valid t=0.0s
[     14s] main 32b c1332 ic_m4 random_dick_r1 table completed_valid t=0.0s
[     14s] main 32b c1332 ic_m4 random_dick_r2 table completed_valid t=0.1s
[     14s] main 32b c1332 ic_m4 known_null_dick table completed_valid t=0.1s
[     15s] main 32b c1333 ic_m4 subgroup table completed_valid t=0.0s
[     15s] main 32b c1333 ic_m4 dickson table completed_valid t=0.1s
[     15s] main 32b c1333 ic_m4 small_x table completed_valid t=0.0s
[     15s] main 32b c1333 ic_m4 random_sub_r0 table completed_valid t=0.1s
[     15s] main 32b c1333 ic_m4 random_sub_r1 table completed_valid t=0.1s
[     15s] main 32b c1333 ic_m4 random_sub_r2 table completed_valid t=0.0s
[     15s] main 32b c1333 ic_m4 known_null_sub table completed_valid t=0.0s
[     15s] main 32b c1333 ic_m4 random_dick_r0 table completed_valid t=0.0s
[     15s] main 32b c1333 ic_m4 random_dick_r1 table completed_valid t=0.1s
[     15s] main 32b c1333 ic_m4 random_dick_r2 table completed_valid t=0.0s
[     15s] main 32b c1333 ic_m4 known_null_dick table completed_valid t=0.0s
[     16s] main 32b c1334 ic_m4 subgroup table completed_valid t=0.0s
[     16s] main 32b c1334 ic_m4 dickson table completed_valid t=0.0s
[     16s] main 32b c1334 ic_m4 small_x table completed_valid t=0.0s
[     16s] main 32b c1334 ic_m4 random_sub_r0 table completed_valid t=0.0s
[     16s] main 32b c1334 ic_m4 random_sub_r1 table completed_valid t=0.0s
[     16s] main 32b c1334 ic_m4 random_sub_r2 table completed_valid t=0.0s
[     16s] main 32b c1334 ic_m4 known_null_sub table completed_valid t=0.1s
[     16s] main 32b c1334 ic_m4 random_dick_r0 table completed_valid t=0.1s
[     16s] main 32b c1334 ic_m4 random_dick_r1 table completed_valid t=0.0s
[     16s] main 32b c1334 ic_m4 random_dick_r2 table completed_valid t=0.0s
[     16s] main 32b c1334 ic_m4 known_null_dick table completed_valid t=0.0s
[     16s] main 32b c1335 ic_m4 subgroup table completed_valid t=0.0s
[     16s] main 32b c1335 ic_m4 dickson table completed_valid t=0.0s
[     16s] main 32b c1335 ic_m4 small_x table completed_valid t=0.0s
[     16s] main 32b c1335 ic_m4 random_sub_r0 table completed_valid t=0.0s
[     16s] main 32b c1335 ic_m4 random_sub_r1 table completed_valid t=0.1s
[     16s] main 32b c1335 ic_m4 random_sub_r2 table completed_valid t=0.0s
[     16s] main 32b c1335 ic_m4 known_null_sub table completed_valid t=0.0s
[     16s] main 32b c1335 ic_m4 random_dick_r0 table completed_valid t=0.0s
[     16s] main 32b c1335 ic_m4 random_dick_r1 table completed_valid t=0.0s
[     16s] main 32b c1335 ic_m4 random_dick_r2 table completed_valid t=0.0s
[     16s] main 32b c1335 ic_m4 known_null_dick table completed_valid t=0.0s
[     17s] main 32b c1336 ic_m4 subgroup table completed_valid t=0.0s
[     17s] main 32b c1336 ic_m4 dickson table completed_valid t=0.0s
[     17s] main 32b c1336 ic_m4 small_x table completed_valid t=0.0s
[     17s] main 32b c1336 ic_m4 random_sub_r0 table completed_valid t=0.0s
[     17s] main 32b c1336 ic_m4 random_sub_r1 table completed_valid t=0.0s
[     17s] main 32b c1336 ic_m4 random_sub_r2 table completed_valid t=0.0s
[     17s] main 32b c1336 ic_m4 known_null_sub table completed_valid t=0.0s
[     17s] main 32b c1336 ic_m4 random_dick_r0 table completed_valid t=0.0s
[     17s] main 32b c1336 ic_m4 random_dick_r1 table completed_valid t=0.1s
[     17s] main 32b c1336 ic_m4 random_dick_r2 table completed_valid t=0.1s
[     17s] main 32b c1336 ic_m4 known_null_dick table completed_valid t=0.0s
[     18s] main 32b c1337 ic_m4 subgroup table completed_valid t=0.0s
[     18s] main 32b c1337 ic_m4 dickson table completed_valid t=0.0s
[     18s] main 32b c1337 ic_m4 small_x table completed_valid t=0.0s
[     18s] main 32b c1337 ic_m4 random_sub_r0 table completed_valid t=0.0s
[     18s] main 32b c1337 ic_m4 random_sub_r1 table completed_valid t=0.0s
[     18s] main 32b c1337 ic_m4 random_sub_r2 table completed_valid t=0.0s
[     18s] main 32b c1337 ic_m4 known_null_sub table completed_valid t=0.0s
[     18s] main 32b c1337 ic_m4 random_dick_r0 table completed_valid t=0.0s
[     18s] main 32b c1337 ic_m4 random_dick_r1 table completed_valid t=0.0s
[     18s] main 32b c1337 ic_m4 random_dick_r2 table completed_valid t=0.0s
[     18s] main 32b c1337 ic_m4 known_null_dick table completed_valid t=0.0s
[     18s] main 32b c1338 ic_m4 subgroup table completed_valid t=0.0s
[     18s] main 32b c1338 ic_m4 dickson table completed_valid t=0.0s
[     18s] main 32b c1338 ic_m4 small_x table completed_valid t=0.0s
[     18s] main 32b c1338 ic_m4 random_sub_r0 table completed_valid t=0.1s
[     18s] main 32b c1338 ic_m4 random_sub_r1 table completed_valid t=0.0s
[     18s] main 32b c1338 ic_m4 random_sub_r2 table completed_valid t=0.0s
[     18s] main 32b c1338 ic_m4 known_null_sub table completed_valid t=0.0s
[     18s] main 32b c1338 ic_m4 random_dick_r0 table completed_valid t=0.0s
[     18s] main 32b c1338 ic_m4 random_dick_r1 table completed_valid t=0.0s
[     18s] main 32b c1338 ic_m4 random_dick_r2 table completed_valid t=0.0s
[     18s] main 32b c1338 ic_m4 known_null_dick table completed_valid t=0.0s
[     19s] main 32b c1339 ic_m4 subgroup table completed_valid t=0.0s
[     19s] main 32b c1339 ic_m4 dickson table completed_valid t=0.0s
[     19s] main 32b c1339 ic_m4 small_x table completed_valid t=0.0s
[     19s] main 32b c1339 ic_m4 random_sub_r0 table completed_valid t=0.0s
[     19s] main 32b c1339 ic_m4 random_sub_r1 table completed_valid t=0.0s
[     19s] main 32b c1339 ic_m4 random_sub_r2 table completed_valid t=0.0s
[     19s] main 32b c1339 ic_m4 known_null_sub table completed_valid t=0.0s
[     19s] main 32b c1339 ic_m4 random_dick_r0 table completed_valid t=0.0s
[     19s] main 32b c1339 ic_m4 random_dick_r1 table completed_valid t=0.0s
[     19s] main 32b c1339 ic_m4 random_dick_r2 table completed_valid t=0.0s
[     19s] main 32b c1339 ic_m4 known_null_dick table completed_valid t=0.0s
[     19s] main 32b c1340 ic_m4 subgroup table completed_valid t=0.0s
[     19s] main 32b c1340 ic_m4 dickson table completed_valid t=0.0s
[     19s] main 32b c1340 ic_m4 small_x table completed_valid t=0.0s
[     19s] main 32b c1340 ic_m4 random_sub_r0 table completed_valid t=0.0s
[     19s] main 32b c1340 ic_m4 random_sub_r1 table completed_valid t=0.0s
[     19s] main 32b c1340 ic_m4 random_sub_r2 table completed_valid t=0.0s
[     19s] main 32b c1340 ic_m4 known_null_sub table completed_valid t=0.0s
[     19s] main 32b c1340 ic_m4 random_dick_r0 table completed_valid t=0.0s
[     19s] main 32b c1340 ic_m4 random_dick_r1 table completed_valid t=0.0s
[     19s] main 32b c1340 ic_m4 random_dick_r2 table completed_valid t=0.0s
[     19s] main 32b c1340 ic_m4 known_null_dick table completed_valid t=0.0s
[     20s] main 32b c1341 ic_m4 subgroup table completed_valid t=0.0s
[     20s] main 32b c1341 ic_m4 dickson table completed_valid t=0.0s
[     20s] main 32b c1341 ic_m4 small_x table completed_valid t=0.0s
[     20s] main 32b c1341 ic_m4 random_sub_r0 table completed_valid t=0.0s
[     20s] main 32b c1341 ic_m4 random_sub_r1 table completed_valid t=0.1s
[     20s] main 32b c1341 ic_m4 random_sub_r2 table completed_valid t=0.1s
[     20s] main 32b c1341 ic_m4 known_null_sub table completed_valid t=0.1s
[     20s] main 32b c1341 ic_m4 random_dick_r0 table completed_valid t=0.0s
[     20s] main 32b c1341 ic_m4 random_dick_r1 table completed_valid t=0.0s
[     20s] main 32b c1341 ic_m4 random_dick_r2 table completed_valid t=0.0s
[     20s] main 32b c1341 ic_m4 known_null_dick table completed_valid t=0.0s
[     21s] main 32b c1342 ic_m4 subgroup table completed_valid t=0.0s
[     21s] main 32b c1342 ic_m4 dickson table completed_valid t=0.0s
[     21s] main 32b c1342 ic_m4 small_x table completed_valid t=0.0s
[     21s] main 32b c1342 ic_m4 random_sub_r0 table completed_valid t=0.0s
[     21s] main 32b c1342 ic_m4 random_sub_r1 table completed_valid t=0.0s
[     21s] main 32b c1342 ic_m4 random_sub_r2 table completed_valid t=0.1s
[     21s] main 32b c1342 ic_m4 known_null_sub table completed_valid t=0.1s
[     21s] main 32b c1342 ic_m4 random_dick_r0 table completed_valid t=0.0s
[     21s] main 32b c1342 ic_m4 random_dick_r1 table completed_valid t=0.0s
[     21s] main 32b c1342 ic_m4 random_dick_r2 table completed_valid t=0.0s
[     21s] main 32b c1342 ic_m4 known_null_dick table completed_valid t=0.0s
[     21s] main 32b c1343 ic_m4 subgroup table completed_valid t=0.0s
[     21s] main 32b c1343 ic_m4 dickson table completed_valid t=0.0s
[     21s] main 32b c1343 ic_m4 small_x table completed_valid t=0.0s
[     21s] main 32b c1343 ic_m4 random_sub_r0 table completed_valid t=0.0s
[     21s] main 32b c1343 ic_m4 random_sub_r1 table completed_valid t=0.0s
[     21s] main 32b c1343 ic_m4 random_sub_r2 table completed_valid t=0.0s
[     21s] main 32b c1343 ic_m4 known_null_sub table completed_valid t=0.0s
[     21s] main 32b c1343 ic_m4 random_dick_r0 table completed_valid t=0.0s
[     21s] main 32b c1343 ic_m4 random_dick_r1 table completed_valid t=0.0s
[     21s] main 32b c1343 ic_m4 random_dick_r2 table completed_valid t=0.0s
[     21s] main 32b c1343 ic_m4 known_null_dick table completed_valid t=0.1s
[     22s] main 32b c1344 ic_m4 subgroup table completed_valid t=0.0s
[     22s] main 32b c1344 ic_m4 dickson table completed_valid t=0.0s
[     22s] main 32b c1344 ic_m4 small_x table completed_valid t=0.0s
[     22s] main 32b c1344 ic_m4 random_sub_r0 table completed_valid t=0.0s
[     22s] main 32b c1344 ic_m4 random_sub_r1 table completed_valid t=0.1s
[     22s] main 32b c1344 ic_m4 random_sub_r2 table completed_valid t=0.1s
[     22s] main 32b c1344 ic_m4 known_null_sub table completed_valid t=0.0s
[     22s] main 32b c1344 ic_m4 random_dick_r0 table completed_valid t=0.0s
[     22s] main 32b c1344 ic_m4 random_dick_r1 table completed_valid t=0.1s
[     22s] main 32b c1344 ic_m4 random_dick_r2 table completed_valid t=0.0s
[     22s] main 32b c1344 ic_m4 known_null_dick table completed_valid t=0.0s
[     23s] main 32b c1345 ic_m4 subgroup table completed_valid t=0.0s
[     23s] main 32b c1345 ic_m4 dickson table completed_valid t=0.0s
[     23s] main 32b c1345 ic_m4 small_x table completed_valid t=0.0s
[     23s] main 32b c1345 ic_m4 random_sub_r0 table completed_valid t=0.0s
[     23s] main 32b c1345 ic_m4 random_sub_r1 table completed_valid t=0.0s
[     23s] main 32b c1345 ic_m4 random_sub_r2 table completed_valid t=0.0s
[     23s] main 32b c1345 ic_m4 known_null_sub table completed_valid t=0.0s
[     23s] main 32b c1345 ic_m4 random_dick_r0 table completed_valid t=0.0s
[     23s] main 32b c1345 ic_m4 random_dick_r1 table completed_valid t=0.1s
[     23s] main 32b c1345 ic_m4 random_dick_r2 table completed_valid t=0.1s
[     23s] main 32b c1345 ic_m4 known_null_dick table completed_valid t=0.0s
[     23s] main 32b c1346 ic_m4 subgroup table completed_valid t=0.0s
[     23s] main 32b c1346 ic_m4 dickson table completed_valid t=0.0s
[     23s] main 32b c1346 ic_m4 small_x table completed_valid t=0.0s
[     23s] main 32b c1346 ic_m4 random_sub_r0 table completed_valid t=0.1s
[     23s] main 32b c1346 ic_m4 random_sub_r1 table completed_valid t=0.0s
[     23s] main 32b c1346 ic_m4 random_sub_r2 table completed_valid t=0.0s
[     23s] main 32b c1346 ic_m4 known_null_sub table completed_valid t=0.0s
[     23s] main 32b c1346 ic_m4 random_dick_r0 table completed_valid t=0.0s
[     23s] main 32b c1346 ic_m4 random_dick_r1 table completed_valid t=0.0s
[     23s] main 32b c1346 ic_m4 random_dick_r2 table completed_valid t=0.0s
[     23s] main 32b c1346 ic_m4 known_null_dick table completed_valid t=0.0s
[     24s] main 32b c1347 ic_m4 subgroup table completed_valid t=0.1s
[     24s] main 32b c1347 ic_m4 dickson table completed_valid t=0.0s
[     24s] main 32b c1347 ic_m4 small_x table completed_valid t=0.0s
[     24s] main 32b c1347 ic_m4 random_sub_r0 table completed_valid t=0.1s
[     24s] main 32b c1347 ic_m4 random_sub_r1 table completed_valid t=0.1s
[     24s] main 32b c1347 ic_m4 random_sub_r2 table completed_valid t=0.0s
[     24s] main 32b c1347 ic_m4 known_null_sub table completed_valid t=0.1s
[     24s] main 32b c1347 ic_m4 random_dick_r0 table completed_valid t=0.1s
[     24s] main 32b c1347 ic_m4 random_dick_r1 table completed_valid t=0.0s
[     24s] main 32b c1347 ic_m4 random_dick_r2 table completed_valid t=0.1s
[     24s] main 32b c1347 ic_m4 known_null_dick table completed_valid t=0.1s
[     25s] main 32b c1348 ic_m4 subgroup table completed_valid t=0.0s
[     25s] main 32b c1348 ic_m4 dickson table completed_valid t=0.0s
[     25s] main 32b c1348 ic_m4 small_x table completed_valid t=0.0s
[     25s] main 32b c1348 ic_m4 random_sub_r0 table completed_valid t=0.0s
[     25s] main 32b c1348 ic_m4 random_sub_r1 table completed_valid t=0.0s
[     25s] main 32b c1348 ic_m4 random_sub_r2 table completed_valid t=0.0s
[     25s] main 32b c1348 ic_m4 known_null_sub table completed_valid t=0.0s
[     25s] main 32b c1348 ic_m4 random_dick_r0 table completed_valid t=0.0s
[     25s] main 32b c1348 ic_m4 random_dick_r1 table completed_valid t=0.0s
[     25s] main 32b c1348 ic_m4 random_dick_r2 table completed_valid t=0.0s
[     25s] main 32b c1348 ic_m4 known_null_dick table completed_valid t=0.0s
[     25s] main 32b c1349 ic_m4 subgroup table completed_valid t=0.0s
[     25s] main 32b c1349 ic_m4 dickson table completed_valid t=0.0s
[     25s] main 32b c1349 ic_m4 small_x table completed_valid t=0.0s
[     25s] main 32b c1349 ic_m4 random_sub_r0 table completed_valid t=0.0s
[     25s] main 32b c1349 ic_m4 random_sub_r1 table completed_valid t=0.0s
[     25s] main 32b c1349 ic_m4 random_sub_r2 table completed_valid t=0.0s
[     25s] main 32b c1349 ic_m4 known_null_sub table completed_valid t=0.0s
[     25s] main 32b c1349 ic_m4 random_dick_r0 table completed_valid t=0.0s
[     25s] main 32b c1349 ic_m4 random_dick_r1 table completed_valid t=0.0s
[     25s] main 32b c1349 ic_m4 random_dick_r2 table completed_valid t=0.0s
[     25s] main 32b c1349 ic_m4 known_null_dick table completed_valid t=0.0s
[     26s] main 32b c1350 ic_m4 subgroup table completed_valid t=0.0s
[     26s] main 32b c1350 ic_m4 dickson table completed_valid t=0.0s
[     26s] main 32b c1350 ic_m4 small_x table completed_valid t=0.0s
[     26s] main 32b c1350 ic_m4 random_sub_r0 table completed_valid t=0.0s
[     26s] main 32b c1350 ic_m4 random_sub_r1 table completed_valid t=0.0s
[     26s] main 32b c1350 ic_m4 random_sub_r2 table completed_valid t=0.0s
[     26s] main 32b c1350 ic_m4 known_null_sub table completed_valid t=0.0s
[     26s] main 32b c1350 ic_m4 random_dick_r0 table completed_valid t=0.0s
[     26s] main 32b c1350 ic_m4 random_dick_r1 table completed_valid t=0.0s
[     26s] main 32b c1350 ic_m4 random_dick_r2 table completed_valid t=0.0s
[     26s] main 32b c1350 ic_m4 known_null_dick table completed_valid t=0.0s
[     27s] main 32b c1351 ic_m4 subgroup table completed_valid t=0.0s
[     27s] main 32b c1351 ic_m4 dickson table completed_valid t=0.0s
[     27s] main 32b c1351 ic_m4 small_x table completed_valid t=0.0s
[     27s] main 32b c1351 ic_m4 random_sub_r0 table completed_valid t=0.0s
[     27s] main 32b c1351 ic_m4 random_sub_r1 table completed_valid t=0.0s
[     27s] main 32b c1351 ic_m4 random_sub_r2 table completed_valid t=0.0s
[     27s] main 32b c1351 ic_m4 known_null_sub table completed_valid t=0.0s
[     27s] main 32b c1351 ic_m4 random_dick_r0 table completed_valid t=0.0s
[     27s] main 32b c1351 ic_m4 random_dick_r1 table completed_valid t=0.0s
[     27s] main 32b c1351 ic_m4 random_dick_r2 table completed_valid t=0.0s
[     27s] main 32b c1351 ic_m4 known_null_dick table completed_valid t=0.0s
[     27s] main 32b c1352 ic_m4 subgroup table completed_valid t=0.0s
[     27s] main 32b c1352 ic_m4 dickson table completed_valid t=0.0s
[     27s] main 32b c1352 ic_m4 small_x table completed_valid t=0.0s
[     27s] main 32b c1352 ic_m4 random_sub_r0 table completed_valid t=0.0s
[     27s] main 32b c1352 ic_m4 random_sub_r1 table completed_valid t=0.0s
[     27s] main 32b c1352 ic_m4 random_sub_r2 table completed_valid t=0.0s
[     27s] main 32b c1352 ic_m4 known_null_sub table completed_valid t=0.0s
[     27s] main 32b c1352 ic_m4 random_dick_r0 table completed_valid t=0.0s
[     27s] main 32b c1352 ic_m4 random_dick_r1 table completed_valid t=0.0s
[     27s] main 32b c1352 ic_m4 random_dick_r2 table completed_valid t=0.0s
[     27s] main 32b c1352 ic_m4 known_null_dick table completed_valid t=0.0s
[     28s] main 32b c1353 ic_m4 subgroup table completed_valid t=0.0s
[     28s] main 32b c1353 ic_m4 dickson table completed_valid t=0.0s
[     28s] main 32b c1353 ic_m4 small_x table completed_valid t=0.0s
[     28s] main 32b c1353 ic_m4 random_sub_r0 table completed_valid t=0.0s
[     28s] main 32b c1353 ic_m4 random_sub_r1 table completed_valid t=0.0s
[     28s] main 32b c1353 ic_m4 random_sub_r2 table completed_valid t=0.0s
[     28s] main 32b c1353 ic_m4 known_null_sub table completed_valid t=0.0s
[     28s] main 32b c1353 ic_m4 random_dick_r0 table completed_valid t=0.0s
[     28s] main 32b c1353 ic_m4 random_dick_r1 table completed_valid t=0.0s
[     28s] main 32b c1353 ic_m4 random_dick_r2 table completed_valid t=0.0s
[     28s] main 32b c1353 ic_m4 known_null_dick table completed_valid t=0.0s
[     28s] main 32b c1354 ic_m4 subgroup table completed_valid t=0.0s
[     28s] main 32b c1354 ic_m4 dickson table completed_valid t=0.0s
[     28s] main 32b c1354 ic_m4 small_x table completed_valid t=0.0s
[     28s] main 32b c1354 ic_m4 random_sub_r0 table completed_valid t=0.0s
[     28s] main 32b c1354 ic_m4 random_sub_r1 table completed_valid t=0.0s
[     28s] main 32b c1354 ic_m4 random_sub_r2 table completed_valid t=0.0s
[     28s] main 32b c1354 ic_m4 known_null_sub table completed_valid t=0.0s
[     28s] main 32b c1354 ic_m4 random_dick_r0 table completed_valid t=0.0s
[     28s] main 32b c1354 ic_m4 random_dick_r1 table completed_valid t=0.0s
[     28s] main 32b c1354 ic_m4 random_dick_r2 table completed_valid t=0.0s
[     28s] main 32b c1354 ic_m4 known_null_dick table completed_valid t=0.0s
[     29s] main 32b c1355 ic_m4 subgroup table completed_valid t=0.0s
[     29s] main 32b c1355 ic_m4 dickson table completed_valid t=0.0s
[     29s] main 32b c1355 ic_m4 small_x table completed_valid t=0.0s
[     29s] main 32b c1355 ic_m4 random_sub_r0 table completed_valid t=0.0s
[     29s] main 32b c1355 ic_m4 random_sub_r1 table completed_valid t=0.0s
[     29s] main 32b c1355 ic_m4 random_sub_r2 table completed_valid t=0.0s
[     29s] main 32b c1355 ic_m4 known_null_sub table completed_valid t=0.0s
[     29s] main 32b c1355 ic_m4 random_dick_r0 table completed_valid t=0.0s
[     29s] main 32b c1355 ic_m4 random_dick_r1 table completed_valid t=0.0s
[     29s] main 32b c1355 ic_m4 random_dick_r2 table completed_valid t=0.0s
[     29s] main 32b c1355 ic_m4 known_null_dick table completed_valid t=0.0s
[     29s] main 32b c1356 ic_m4 subgroup table completed_valid t=0.0s
[     29s] main 32b c1356 ic_m4 dickson table completed_valid t=0.0s
[     29s] main 32b c1356 ic_m4 small_x table completed_valid t=0.0s
[     29s] main 32b c1356 ic_m4 random_sub_r0 table completed_valid t=0.0s
[     29s] main 32b c1356 ic_m4 random_sub_r1 table completed_valid t=0.0s
[     29s] main 32b c1356 ic_m4 random_sub_r2 table completed_valid t=0.0s
[     29s] main 32b c1356 ic_m4 known_null_sub table completed_valid t=0.0s
[     29s] main 32b c1356 ic_m4 random_dick_r0 table completed_valid t=0.0s
[     29s] main 32b c1356 ic_m4 random_dick_r1 table completed_valid t=0.0s
[     29s] main 32b c1356 ic_m4 random_dick_r2 table completed_valid t=0.0s
[     29s] main 32b c1356 ic_m4 known_null_dick table completed_valid t=0.0s
[     30s] main 32b c1357 ic_m4 subgroup table completed_valid t=0.0s
[     30s] main 32b c1357 ic_m4 dickson table completed_valid t=0.0s
[     30s] main 32b c1357 ic_m4 small_x table completed_valid t=0.0s
[     30s] main 32b c1357 ic_m4 random_sub_r0 table completed_valid t=0.0s
[     30s] main 32b c1357 ic_m4 random_sub_r1 table completed_valid t=0.0s
[     30s] main 32b c1357 ic_m4 random_sub_r2 table completed_valid t=0.0s
[     30s] main 32b c1357 ic_m4 known_null_sub table completed_valid t=0.0s
[     30s] main 32b c1357 ic_m4 random_dick_r0 table completed_valid t=0.0s
[     30s] main 32b c1357 ic_m4 random_dick_r1 table completed_valid t=0.0s
[     30s] main 32b c1357 ic_m4 random_dick_r2 table completed_valid t=0.0s
[     30s] main 32b c1357 ic_m4 known_null_dick table completed_valid t=0.0s
[     30s] main 32b c1358 ic_m4 subgroup table completed_valid t=0.0s
[     30s] main 32b c1358 ic_m4 dickson table completed_valid t=0.0s
[     30s] main 32b c1358 ic_m4 small_x table completed_valid t=0.0s
[     30s] main 32b c1358 ic_m4 random_sub_r0 table completed_valid t=0.0s
[     30s] main 32b c1358 ic_m4 random_sub_r1 table completed_valid t=0.0s
[     30s] main 32b c1358 ic_m4 random_sub_r2 table completed_valid t=0.0s
[     30s] main 32b c1358 ic_m4 known_null_sub table completed_valid t=0.0s
[     30s] main 32b c1358 ic_m4 random_dick_r0 table completed_valid t=0.0s
[     30s] main 32b c1358 ic_m4 random_dick_r1 table completed_valid t=0.0s
[     30s] main 32b c1358 ic_m4 random_dick_r2 table completed_valid t=0.0s
[     30s] main 32b c1358 ic_m4 known_null_dick table completed_valid t=0.0s
[     31s] main 32b c1359 ic_m4 subgroup table completed_valid t=0.0s
[     31s] main 32b c1359 ic_m4 dickson table completed_valid t=0.0s
[     31s] main 32b c1359 ic_m4 small_x table completed_valid t=0.0s
[     31s] main 32b c1359 ic_m4 random_sub_r0 table completed_valid t=0.0s
[     31s] main 32b c1359 ic_m4 random_sub_r1 table completed_valid t=0.0s
[     31s] main 32b c1359 ic_m4 random_sub_r2 table completed_valid t=0.0s
[     31s] main 32b c1359 ic_m4 known_null_sub table completed_valid t=0.0s
[     31s] main 32b c1359 ic_m4 random_dick_r0 table completed_valid t=0.0s
[     31s] main 32b c1359 ic_m4 random_dick_r1 table completed_valid t=0.0s
[     31s] main 32b c1359 ic_m4 random_dick_r2 table completed_valid t=0.0s
[     31s] main 32b c1359 ic_m4 known_null_dick table completed_valid t=0.0s
[     31s] main 32b c1360 ic_m4 subgroup table completed_valid t=0.0s
[     31s] main 32b c1360 ic_m4 dickson table completed_valid t=0.0s
[     31s] main 32b c1360 ic_m4 small_x table completed_valid t=0.0s
[     31s] main 32b c1360 ic_m4 random_sub_r0 table completed_valid t=0.0s
[     31s] main 32b c1360 ic_m4 random_sub_r1 table completed_valid t=0.0s
[     31s] main 32b c1360 ic_m4 random_sub_r2 table completed_valid t=0.0s
[     31s] main 32b c1360 ic_m4 known_null_sub table completed_valid t=0.0s
[     31s] main 32b c1360 ic_m4 random_dick_r0 table completed_valid t=0.0s
[     31s] main 32b c1360 ic_m4 random_dick_r1 table completed_valid t=0.0s
[     31s] main 32b c1360 ic_m4 random_dick_r2 table completed_valid t=0.0s
[     31s] main 32b c1360 ic_m4 known_null_dick table completed_valid t=0.0s
[     32s] main 32b c1361 ic_m4 subgroup table completed_valid t=0.0s
[     32s] main 32b c1361 ic_m4 dickson table completed_valid t=0.0s
[     32s] main 32b c1361 ic_m4 small_x table completed_valid t=0.0s
[     32s] main 32b c1361 ic_m4 random_sub_r0 table completed_valid t=0.0s
[     32s] main 32b c1361 ic_m4 random_sub_r1 table completed_valid t=0.0s
[     32s] main 32b c1361 ic_m4 random_sub_r2 table completed_valid t=0.0s
[     32s] main 32b c1361 ic_m4 known_null_sub table completed_valid t=0.0s
[     32s] main 32b c1361 ic_m4 random_dick_r0 table completed_valid t=0.0s
[     32s] main 32b c1361 ic_m4 random_dick_r1 table completed_valid t=0.0s
[     32s] main 32b c1361 ic_m4 random_dick_r2 table completed_valid t=0.0s
[     32s] main 32b c1361 ic_m4 known_null_dick table completed_valid t=0.0s
[     33s] main 32b c1362 ic_m4 subgroup table completed_valid t=0.0s
[     33s] main 32b c1362 ic_m4 dickson table completed_valid t=0.0s
[     33s] main 32b c1362 ic_m4 small_x table completed_valid t=0.0s
[     33s] main 32b c1362 ic_m4 random_sub_r0 table completed_valid t=0.0s
[     33s] main 32b c1362 ic_m4 random_sub_r1 table completed_valid t=0.0s
[     33s] main 32b c1362 ic_m4 random_sub_r2 table completed_valid t=0.0s
[     33s] main 32b c1362 ic_m4 known_null_sub table completed_valid t=0.0s
[     33s] main 32b c1362 ic_m4 random_dick_r0 table completed_valid t=0.0s
[     33s] main 32b c1362 ic_m4 random_dick_r1 table completed_valid t=0.0s
[     33s] main 32b c1362 ic_m4 random_dick_r2 table completed_valid t=0.0s
[     33s] main 32b c1362 ic_m4 known_null_dick table completed_valid t=0.0s
[     33s] main 32b c1363 ic_m4 subgroup table completed_valid t=0.0s
[     33s] main 32b c1363 ic_m4 dickson table completed_valid t=0.0s
[     33s] main 32b c1363 ic_m4 small_x table completed_valid t=0.0s
[     33s] main 32b c1363 ic_m4 random_sub_r0 table completed_valid t=0.0s
[     33s] main 32b c1363 ic_m4 random_sub_r1 table completed_valid t=0.0s
[     33s] main 32b c1363 ic_m4 random_sub_r2 table completed_valid t=0.0s
[     33s] main 32b c1363 ic_m4 known_null_sub table completed_valid t=0.0s
[     33s] main 32b c1363 ic_m4 random_dick_r0 table completed_valid t=0.0s
[     33s] main 32b c1363 ic_m4 random_dick_r1 table completed_valid t=0.1s
[     33s] main 32b c1363 ic_m4 random_dick_r2 table completed_valid t=0.0s
[     33s] main 32b c1363 ic_m4 known_null_dick table completed_valid t=0.0s
[     34s] main 32b c1364 ic_m4 subgroup table completed_valid t=0.1s
[     34s] main 32b c1364 ic_m4 dickson table completed_valid t=0.0s
[     34s] main 32b c1364 ic_m4 small_x table completed_valid t=0.0s
[     34s] main 32b c1364 ic_m4 random_sub_r0 table completed_valid t=0.0s
[     34s] main 32b c1364 ic_m4 random_sub_r1 table completed_valid t=0.1s
[     34s] main 32b c1364 ic_m4 random_sub_r2 table completed_valid t=0.0s
[     34s] main 32b c1364 ic_m4 known_null_sub table completed_valid t=0.0s
[     34s] main 32b c1364 ic_m4 random_dick_r0 table completed_valid t=0.0s
[     34s] main 32b c1364 ic_m4 random_dick_r1 table completed_valid t=0.1s
[     34s] main 32b c1364 ic_m4 random_dick_r2 table completed_valid t=0.0s
[     34s] main 32b c1364 ic_m4 known_null_dick table completed_valid t=0.0s
[     35s] main 32b c1365 ic_m4 subgroup table completed_valid t=0.0s
[     35s] main 32b c1365 ic_m4 dickson table completed_valid t=0.0s
[     35s] main 32b c1365 ic_m4 small_x table completed_valid t=0.0s
[     35s] main 32b c1365 ic_m4 random_sub_r0 table completed_valid t=0.0s
[     35s] main 32b c1365 ic_m4 random_sub_r1 table completed_valid t=0.0s
[     35s] main 32b c1365 ic_m4 random_sub_r2 table completed_valid t=0.0s
[     35s] main 32b c1365 ic_m4 known_null_sub table completed_valid t=0.0s
[     35s] main 32b c1365 ic_m4 random_dick_r0 table completed_valid t=0.0s
[     35s] main 32b c1365 ic_m4 random_dick_r1 table completed_valid t=0.0s
[     35s] main 32b c1365 ic_m4 random_dick_r2 table completed_valid t=0.0s
[     35s] main 32b c1365 ic_m4 known_null_dick table completed_valid t=0.0s
[     35s] main 32b c1366 ic_m4 subgroup table completed_valid t=0.0s
[     35s] main 32b c1366 ic_m4 dickson table completed_valid t=0.0s
[     35s] main 32b c1366 ic_m4 small_x table completed_valid t=0.0s
[     35s] main 32b c1366 ic_m4 random_sub_r0 table completed_valid t=0.1s
[     35s] main 32b c1366 ic_m4 random_sub_r1 table completed_valid t=0.0s
[     35s] main 32b c1366 ic_m4 random_sub_r2 table completed_valid t=0.0s
[     35s] main 32b c1366 ic_m4 known_null_sub table completed_valid t=0.0s
[     35s] main 32b c1366 ic_m4 random_dick_r0 table completed_valid t=0.0s
[     35s] main 32b c1366 ic_m4 random_dick_r1 table completed_valid t=0.0s
[     35s] main 32b c1366 ic_m4 random_dick_r2 table completed_valid t=0.0s
[     35s] main 32b c1366 ic_m4 known_null_dick table completed_valid t=0.0s
[     36s] main 32b c1367 ic_m4 subgroup table completed_valid t=0.0s
[     36s] main 32b c1367 ic_m4 dickson table completed_valid t=0.0s
[     36s] main 32b c1367 ic_m4 small_x table completed_valid t=0.0s
[     36s] main 32b c1367 ic_m4 random_sub_r0 table completed_valid t=0.0s
[     36s] main 32b c1367 ic_m4 random_sub_r1 table completed_valid t=0.0s
[     36s] main 32b c1367 ic_m4 random_sub_r2 table completed_valid t=0.0s
[     36s] main 32b c1367 ic_m4 known_null_sub table completed_valid t=0.0s
[     36s] main 32b c1367 ic_m4 random_dick_r0 table completed_valid t=0.0s
[     36s] main 32b c1367 ic_m4 random_dick_r1 table completed_valid t=0.0s
[     36s] main 32b c1367 ic_m4 random_dick_r2 table completed_valid t=0.0s
[     36s] main 32b c1367 ic_m4 known_null_dick table completed_valid t=0.0s
[     37s] main 32b c1368 ic_m4 subgroup table completed_valid t=0.0s
[     37s] main 32b c1368 ic_m4 dickson table completed_valid t=0.0s
[     37s] main 32b c1368 ic_m4 small_x table completed_valid t=0.0s
[     37s] main 32b c1368 ic_m4 random_sub_r0 table completed_valid t=0.1s
[     37s] main 32b c1368 ic_m4 random_sub_r1 table completed_valid t=0.0s
[     37s] main 32b c1368 ic_m4 random_sub_r2 table completed_valid t=0.0s
[     37s] main 32b c1368 ic_m4 known_null_sub table completed_valid t=0.0s
[     37s] main 32b c1368 ic_m4 random_dick_r0 table completed_valid t=0.0s
[     37s] main 32b c1368 ic_m4 random_dick_r1 table completed_valid t=0.0s
[     37s] main 32b c1368 ic_m4 random_dick_r2 table completed_valid t=0.0s
[     37s] main 32b c1368 ic_m4 known_null_dick table completed_valid t=0.0s
[     38s] main 32b c1369 ic_m4 subgroup table completed_valid t=0.0s
[     38s] main 32b c1369 ic_m4 dickson table completed_valid t=0.1s
[     38s] main 32b c1369 ic_m4 small_x table completed_valid t=0.0s
[     38s] main 32b c1369 ic_m4 random_sub_r0 table completed_valid t=0.0s
[     38s] main 32b c1369 ic_m4 random_sub_r1 table completed_valid t=0.0s
[     38s] main 32b c1369 ic_m4 random_sub_r2 table completed_valid t=0.0s
[     38s] main 32b c1369 ic_m4 known_null_sub table completed_valid t=0.0s
[     38s] main 32b c1369 ic_m4 random_dick_r0 table completed_valid t=0.0s
[     38s] main 32b c1369 ic_m4 random_dick_r1 table completed_valid t=0.0s
[     38s] main 32b c1369 ic_m4 random_dick_r2 table completed_valid t=0.0s
[     38s] main 32b c1369 ic_m4 known_null_dick table completed_valid t=0.1s
[     38s] main 32b c1370 ic_m4 subgroup table completed_valid t=0.0s
[     38s] main 32b c1370 ic_m4 dickson table completed_valid t=0.0s
[     38s] main 32b c1370 ic_m4 small_x table completed_valid t=0.0s
[     38s] main 32b c1370 ic_m4 random_sub_r0 table completed_valid t=0.0s
[     38s] main 32b c1370 ic_m4 random_sub_r1 table completed_valid t=0.0s
[     38s] main 32b c1370 ic_m4 random_sub_r2 table completed_valid t=0.0s
[     38s] main 32b c1370 ic_m4 known_null_sub table completed_valid t=0.0s
[     38s] main 32b c1370 ic_m4 random_dick_r0 table completed_valid t=0.0s
[     38s] main 32b c1370 ic_m4 random_dick_r1 table completed_valid t=0.0s
[     38s] main 32b c1370 ic_m4 random_dick_r2 table completed_valid t=0.0s
[     38s] main 32b c1370 ic_m4 known_null_dick table completed_valid t=0.0s
[     39s] main 32b c1371 ic_m4 subgroup table completed_valid t=0.0s
[     39s] main 32b c1371 ic_m4 dickson table completed_valid t=0.0s
[     39s] main 32b c1371 ic_m4 small_x table completed_valid t=0.0s
[     39s] main 32b c1371 ic_m4 random_sub_r0 table completed_valid t=0.0s
[     39s] main 32b c1371 ic_m4 random_sub_r1 table completed_valid t=0.0s
[     39s] main 32b c1371 ic_m4 random_sub_r2 table completed_valid t=0.1s
[     39s] main 32b c1371 ic_m4 known_null_sub table completed_valid t=0.1s
[     39s] main 32b c1371 ic_m4 random_dick_r0 table completed_valid t=0.0s
[     39s] main 32b c1371 ic_m4 random_dick_r1 table completed_valid t=0.0s
[     39s] main 32b c1371 ic_m4 random_dick_r2 table completed_valid t=0.0s
[     39s] main 32b c1371 ic_m4 known_null_dick table completed_valid t=0.0s
[     40s] main 32b c1372 ic_m4 subgroup table completed_valid t=0.1s
[     40s] main 32b c1372 ic_m4 dickson table completed_valid t=0.1s
[     40s] main 32b c1372 ic_m4 small_x table completed_valid t=0.0s
[     40s] main 32b c1372 ic_m4 random_sub_r0 table completed_valid t=0.1s
[     40s] main 32b c1372 ic_m4 random_sub_r1 table completed_valid t=0.1s
[     40s] main 32b c1372 ic_m4 random_sub_r2 table completed_valid t=0.0s
[     40s] main 32b c1372 ic_m4 known_null_sub table completed_valid t=0.0s
[     40s] main 32b c1372 ic_m4 random_dick_r0 table completed_valid t=0.1s
[     40s] main 32b c1372 ic_m4 random_dick_r1 table completed_valid t=0.0s
[     40s] main 32b c1372 ic_m4 random_dick_r2 table completed_valid t=0.0s
[     40s] main 32b c1372 ic_m4 known_null_dick table completed_valid t=0.1s
[     41s] main 32b c1373 ic_m4 subgroup table completed_valid t=0.0s
[     41s] main 32b c1373 ic_m4 dickson table completed_valid t=0.0s
[     41s] main 32b c1373 ic_m4 small_x table completed_valid t=0.0s
[     41s] main 32b c1373 ic_m4 random_sub_r0 table completed_valid t=0.0s
[     41s] main 32b c1373 ic_m4 random_sub_r1 table completed_valid t=0.0s
[     41s] main 32b c1373 ic_m4 random_sub_r2 table completed_valid t=0.0s
[     41s] main 32b c1373 ic_m4 known_null_sub table completed_valid t=0.0s
[     41s] main 32b c1373 ic_m4 random_dick_r0 table completed_valid t=0.0s
[     41s] main 32b c1373 ic_m4 random_dick_r1 table completed_valid t=0.0s
[     41s] main 32b c1373 ic_m4 random_dick_r2 table completed_valid t=0.0s
[     41s] main 32b c1373 ic_m4 known_null_dick table completed_valid t=0.0s
[     41s] main 32b c1374 ic_m4 subgroup table completed_valid t=0.1s
[     41s] main 32b c1374 ic_m4 dickson table completed_valid t=0.1s
[     41s] main 32b c1374 ic_m4 small_x table completed_valid t=0.0s
[     41s] main 32b c1374 ic_m4 random_sub_r0 table completed_valid t=0.1s
[     41s] main 32b c1374 ic_m4 random_sub_r1 table completed_valid t=0.0s
[     41s] main 32b c1374 ic_m4 random_sub_r2 table completed_valid t=0.0s
[     41s] main 32b c1374 ic_m4 known_null_sub table completed_valid t=0.0s
[     41s] main 32b c1374 ic_m4 random_dick_r0 table completed_valid t=0.0s
[     41s] main 32b c1374 ic_m4 random_dick_r1 table completed_valid t=0.1s
[     41s] main 32b c1374 ic_m4 random_dick_r2 table completed_valid t=0.0s
[     41s] main 32b c1374 ic_m4 known_null_dick table completed_valid t=0.0s
[     42s] main 32b c1375 ic_m4 subgroup table completed_valid t=0.0s
[     42s] main 32b c1375 ic_m4 dickson table completed_valid t=0.0s
[     42s] main 32b c1375 ic_m4 small_x table completed_valid t=0.0s
[     42s] main 32b c1375 ic_m4 random_sub_r0 table completed_valid t=0.0s
[     42s] main 32b c1375 ic_m4 random_sub_r1 table completed_valid t=0.0s
[     42s] main 32b c1375 ic_m4 random_sub_r2 table completed_valid t=0.1s
[     42s] main 32b c1375 ic_m4 known_null_sub table completed_valid t=0.0s
[     42s] main 32b c1375 ic_m4 random_dick_r0 table completed_valid t=0.0s
[     42s] main 32b c1375 ic_m4 random_dick_r1 table completed_valid t=0.0s
[     42s] main 32b c1375 ic_m4 random_dick_r2 table completed_valid t=0.0s
[     42s] main 32b c1375 ic_m4 known_null_dick table completed_valid t=0.0s
[     43s] main 32b c1376 ic_m4 subgroup table completed_valid t=0.0s
[     43s] main 32b c1376 ic_m4 dickson table completed_valid t=0.0s
[     43s] main 32b c1376 ic_m4 small_x table completed_valid t=0.0s
[     43s] main 32b c1376 ic_m4 random_sub_r0 table completed_valid t=0.0s
[     43s] main 32b c1376 ic_m4 random_sub_r1 table completed_valid t=0.1s
[     43s] main 32b c1376 ic_m4 random_sub_r2 table completed_valid t=0.1s
[     43s] main 32b c1376 ic_m4 known_null_sub table completed_valid t=0.0s
[     43s] main 32b c1376 ic_m4 random_dick_r0 table completed_valid t=0.1s
[     43s] main 32b c1376 ic_m4 random_dick_r1 table completed_valid t=0.1s
[     43s] main 32b c1376 ic_m4 random_dick_r2 table completed_valid t=0.1s
[     43s] main 32b c1376 ic_m4 known_null_dick table completed_valid t=0.0s
[     44s] main 32b c1377 ic_m4 subgroup table completed_valid t=0.0s
[     44s] main 32b c1377 ic_m4 dickson table completed_valid t=0.0s
[     44s] main 32b c1377 ic_m4 small_x table completed_valid t=0.0s
[     44s] main 32b c1377 ic_m4 random_sub_r0 table completed_valid t=0.0s
[     44s] main 32b c1377 ic_m4 random_sub_r1 table completed_valid t=0.0s
[     44s] main 32b c1377 ic_m4 random_sub_r2 table completed_valid t=0.0s
[     44s] main 32b c1377 ic_m4 known_null_sub table completed_valid t=0.0s
[     44s] main 32b c1377 ic_m4 random_dick_r0 table completed_valid t=0.1s
[     44s] main 32b c1377 ic_m4 random_dick_r1 table completed_valid t=0.1s
[     44s] main 32b c1377 ic_m4 random_dick_r2 table completed_valid t=0.0s
[     44s] main 32b c1377 ic_m4 known_null_dick table completed_valid t=0.0s
[     44s] main 32b c1378 ic_m4 subgroup table completed_valid t=0.0s
[     44s] main 32b c1378 ic_m4 dickson table completed_valid t=0.0s
[     44s] main 32b c1378 ic_m4 small_x table completed_valid t=0.0s
[     44s] main 32b c1378 ic_m4 random_sub_r0 table completed_valid t=0.0s
[     44s] main 32b c1378 ic_m4 random_sub_r1 table completed_valid t=0.1s
[     44s] main 32b c1378 ic_m4 random_sub_r2 table completed_valid t=0.0s
[     44s] main 32b c1378 ic_m4 known_null_sub table completed_valid t=0.0s
[     44s] main 32b c1378 ic_m4 random_dick_r0 table completed_valid t=0.1s
[     44s] main 32b c1378 ic_m4 random_dick_r1 table completed_valid t=0.0s
[     44s] main 32b c1378 ic_m4 random_dick_r2 table completed_valid t=0.0s
[     44s] main 32b c1378 ic_m4 known_null_dick table completed_valid t=0.0s
[     45s] main 32b c1379 ic_m4 subgroup table completed_valid t=0.0s
[     45s] main 32b c1379 ic_m4 dickson table completed_valid t=0.0s
[     45s] main 32b c1379 ic_m4 small_x table completed_valid t=0.0s
[     45s] main 32b c1379 ic_m4 random_sub_r0 table completed_valid t=0.0s
[     45s] main 32b c1379 ic_m4 random_sub_r1 table completed_valid t=0.0s
[     45s] main 32b c1379 ic_m4 random_sub_r2 table completed_valid t=0.0s
[     45s] main 32b c1379 ic_m4 known_null_sub table completed_valid t=0.0s
[     45s] main 32b c1379 ic_m4 random_dick_r0 table completed_valid t=0.0s
[     45s] main 32b c1379 ic_m4 random_dick_r1 table completed_valid t=0.1s
[     45s] main 32b c1379 ic_m4 random_dick_r2 table completed_valid t=0.0s
[     45s] main 32b c1379 ic_m4 known_null_dick table completed_valid t=0.0s
[     46s] main 32b c1380 ic_m4 subgroup table completed_valid t=0.0s
[     46s] main 32b c1380 ic_m4 dickson table completed_valid t=0.0s
[     46s] main 32b c1380 ic_m4 small_x table completed_valid t=0.0s
[     46s] main 32b c1380 ic_m4 random_sub_r0 table completed_valid t=0.0s
[     46s] main 32b c1380 ic_m4 random_sub_r1 table completed_valid t=0.0s
[     46s] main 32b c1380 ic_m4 random_sub_r2 table completed_valid t=0.0s
[     46s] main 32b c1380 ic_m4 known_null_sub table completed_valid t=0.0s
[     46s] main 32b c1380 ic_m4 random_dick_r0 table completed_valid t=0.0s
[     46s] main 32b c1380 ic_m4 random_dick_r1 table completed_valid t=0.0s
[     46s] main 32b c1380 ic_m4 random_dick_r2 table completed_valid t=0.0s
[     46s] main 32b c1380 ic_m4 known_null_dick table completed_valid t=0.0s
[     46s] main 32b c1381 ic_m4 subgroup table completed_valid t=0.0s
[     46s] main 32b c1381 ic_m4 dickson table completed_valid t=0.0s
[     46s] main 32b c1381 ic_m4 small_x table completed_valid t=0.0s
[     46s] main 32b c1381 ic_m4 random_sub_r0 table completed_valid t=0.0s
[     46s] main 32b c1381 ic_m4 random_sub_r1 table completed_valid t=0.0s
[     46s] main 32b c1381 ic_m4 random_sub_r2 table completed_valid t=0.0s
[     46s] main 32b c1381 ic_m4 known_null_sub table completed_valid t=0.0s
[     46s] main 32b c1381 ic_m4 random_dick_r0 table completed_valid t=0.0s
[     46s] main 32b c1381 ic_m4 random_dick_r1 table completed_valid t=0.0s
[     46s] main 32b c1381 ic_m4 random_dick_r2 table completed_valid t=0.0s
[     46s] main 32b c1381 ic_m4 known_null_dick table completed_valid t=0.0s
[     47s] main 32b c1382 ic_m4 subgroup table completed_valid t=0.1s
[     47s] main 32b c1382 ic_m4 dickson table completed_valid t=0.0s
[     47s] main 32b c1382 ic_m4 small_x table completed_valid t=0.0s
[     47s] main 32b c1382 ic_m4 random_sub_r0 table completed_valid t=0.0s
[     47s] main 32b c1382 ic_m4 random_sub_r1 table completed_valid t=0.0s
[     47s] main 32b c1382 ic_m4 random_sub_r2 table completed_valid t=0.0s
[     47s] main 32b c1382 ic_m4 known_null_sub table completed_valid t=0.1s
[     47s] main 32b c1382 ic_m4 random_dick_r0 table completed_valid t=0.0s
[     47s] main 32b c1382 ic_m4 random_dick_r1 table completed_valid t=0.0s
[     47s] main 32b c1382 ic_m4 random_dick_r2 table completed_valid t=0.0s
[     47s] main 32b c1382 ic_m4 known_null_dick table completed_valid t=0.0s
[     48s] main 32b c1383 ic_m4 subgroup table completed_valid t=0.0s
[     48s] main 32b c1383 ic_m4 dickson table completed_valid t=0.0s
[     48s] main 32b c1383 ic_m4 small_x table completed_valid t=0.0s
[     48s] main 32b c1383 ic_m4 random_sub_r0 table completed_valid t=0.0s
[     48s] main 32b c1383 ic_m4 random_sub_r1 table completed_valid t=0.0s
[     48s] main 32b c1383 ic_m4 random_sub_r2 table completed_valid t=0.0s
[     48s] main 32b c1383 ic_m4 known_null_sub table completed_valid t=0.0s
[     48s] main 32b c1383 ic_m4 random_dick_r0 table completed_valid t=0.0s
[     48s] main 32b c1383 ic_m4 random_dick_r1 table completed_valid t=0.0s
[     48s] main 32b c1383 ic_m4 random_dick_r2 table completed_valid t=0.0s
[     48s] main 32b c1383 ic_m4 known_null_dick table completed_valid t=0.0s
[     48s] main 32b c1384 ic_m4 subgroup table completed_valid t=0.0s
[     48s] main 32b c1384 ic_m4 dickson table completed_valid t=0.0s
[     48s] main 32b c1384 ic_m4 small_x table completed_valid t=0.0s
[     48s] main 32b c1384 ic_m4 random_sub_r0 table completed_valid t=0.0s
[     48s] main 32b c1384 ic_m4 random_sub_r1 table completed_valid t=0.0s
[     48s] main 32b c1384 ic_m4 random_sub_r2 table completed_valid t=0.0s
[     48s] main 32b c1384 ic_m4 known_null_sub table completed_valid t=0.0s
[     48s] main 32b c1384 ic_m4 random_dick_r0 table completed_valid t=0.0s
[     48s] main 32b c1384 ic_m4 random_dick_r1 table completed_valid t=0.0s
[     48s] main 32b c1384 ic_m4 random_dick_r2 table completed_valid t=0.0s
[     48s] main 32b c1384 ic_m4 known_null_dick table completed_valid t=0.0s
[     49s] main 32b c1385 ic_m4 subgroup table completed_valid t=0.0s
[     49s] main 32b c1385 ic_m4 dickson table completed_valid t=0.0s
[     49s] main 32b c1385 ic_m4 small_x table completed_valid t=0.0s
[     49s] main 32b c1385 ic_m4 random_sub_r0 table completed_valid t=0.0s
[     49s] main 32b c1385 ic_m4 random_sub_r1 table completed_valid t=0.0s
[     49s] main 32b c1385 ic_m4 random_sub_r2 table completed_valid t=0.0s
[     49s] main 32b c1385 ic_m4 known_null_sub table completed_valid t=0.0s
[     49s] main 32b c1385 ic_m4 random_dick_r0 table completed_valid t=0.0s
[     49s] main 32b c1385 ic_m4 random_dick_r1 table completed_valid t=0.0s
[     49s] main 32b c1385 ic_m4 random_dick_r2 table completed_valid t=0.0s
[     49s] main 32b c1385 ic_m4 known_null_dick table completed_valid t=0.0s
[     49s] main 32b c1386 ic_m4 subgroup table completed_valid t=0.0s
[     49s] main 32b c1386 ic_m4 dickson table completed_valid t=0.0s
[     49s] main 32b c1386 ic_m4 small_x table completed_valid t=0.0s
[     49s] main 32b c1386 ic_m4 random_sub_r0 table completed_valid t=0.0s
[     49s] main 32b c1386 ic_m4 random_sub_r1 table completed_valid t=0.0s
[     49s] main 32b c1386 ic_m4 random_sub_r2 table completed_valid t=0.0s
[     49s] main 32b c1386 ic_m4 known_null_sub table completed_valid t=0.0s
[     49s] main 32b c1386 ic_m4 random_dick_r0 table completed_valid t=0.0s
[     49s] main 32b c1386 ic_m4 random_dick_r1 table completed_valid t=0.0s
[     49s] main 32b c1386 ic_m4 random_dick_r2 table completed_valid t=0.0s
[     49s] main 32b c1386 ic_m4 known_null_dick table completed_valid t=0.0s
[     50s] main 32b c1387 ic_m4 subgroup table completed_valid t=0.0s
[     50s] main 32b c1387 ic_m4 dickson table completed_valid t=0.0s
[     50s] main 32b c1387 ic_m4 small_x table completed_valid t=0.0s
[     50s] main 32b c1387 ic_m4 random_sub_r0 table completed_valid t=0.0s
[     50s] main 32b c1387 ic_m4 random_sub_r1 table completed_valid t=0.0s
[     50s] main 32b c1387 ic_m4 random_sub_r2 table completed_valid t=0.0s
[     50s] main 32b c1387 ic_m4 known_null_sub table completed_valid t=0.0s
[     50s] main 32b c1387 ic_m4 random_dick_r0 table completed_valid t=0.0s
[     50s] main 32b c1387 ic_m4 random_dick_r1 table completed_valid t=0.0s
[     50s] main 32b c1387 ic_m4 random_dick_r2 table completed_valid t=0.0s
[     50s] main 32b c1387 ic_m4 known_null_dick table completed_valid t=0.0s
[     50s] main 32b c1388 ic_m4 subgroup table completed_valid t=0.0s
[     50s] main 32b c1388 ic_m4 dickson table completed_valid t=0.0s
[     50s] main 32b c1388 ic_m4 small_x table completed_valid t=0.0s
[     50s] main 32b c1388 ic_m4 random_sub_r0 table completed_valid t=0.0s
[     50s] main 32b c1388 ic_m4 random_sub_r1 table completed_valid t=0.0s
[     50s] main 32b c1388 ic_m4 random_sub_r2 table completed_valid t=0.0s
[     50s] main 32b c1388 ic_m4 known_null_sub table completed_valid t=0.0s
[     50s] main 32b c1388 ic_m4 random_dick_r0 table completed_valid t=0.0s
[     50s] main 32b c1388 ic_m4 random_dick_r1 table completed_valid t=0.0s
[     50s] main 32b c1388 ic_m4 random_dick_r2 table completed_valid t=0.0s
[     50s] main 32b c1388 ic_m4 known_null_dick table completed_valid t=0.0s
[     51s] main 32b c1389 ic_m4 subgroup table completed_valid t=0.0s
[     51s] main 32b c1389 ic_m4 dickson table completed_valid t=0.0s
[     51s] main 32b c1389 ic_m4 small_x table completed_valid t=0.0s
[     51s] main 32b c1389 ic_m4 random_sub_r0 table completed_valid t=0.0s
[     51s] main 32b c1389 ic_m4 random_sub_r1 table completed_valid t=0.0s
[     51s] main 32b c1389 ic_m4 random_sub_r2 table completed_valid t=0.0s
[     51s] main 32b c1389 ic_m4 known_null_sub table completed_valid t=0.0s
[     51s] main 32b c1389 ic_m4 random_dick_r0 table completed_valid t=0.0s
[     51s] main 32b c1389 ic_m4 random_dick_r1 table completed_valid t=0.0s
[     51s] main 32b c1389 ic_m4 random_dick_r2 table completed_valid t=0.0s
[     51s] main 32b c1389 ic_m4 known_null_dick table completed_valid t=0.0s
[     52s] main 32b c1390 ic_m4 subgroup table completed_valid t=0.0s
[     52s] main 32b c1390 ic_m4 dickson table completed_valid t=0.1s
[     52s] main 32b c1390 ic_m4 small_x table completed_valid t=0.0s
[     52s] main 32b c1390 ic_m4 random_sub_r0 table completed_valid t=0.1s
[     52s] main 32b c1390 ic_m4 random_sub_r1 table completed_valid t=0.1s
[     52s] main 32b c1390 ic_m4 random_sub_r2 table completed_valid t=0.0s
[     52s] main 32b c1390 ic_m4 known_null_sub table completed_valid t=0.1s
[     52s] main 32b c1390 ic_m4 random_dick_r0 table completed_valid t=0.0s
[     52s] main 32b c1390 ic_m4 random_dick_r1 table completed_valid t=0.1s
[     52s] main 32b c1390 ic_m4 random_dick_r2 table completed_valid t=0.1s
[     52s] main 32b c1390 ic_m4 known_null_dick table completed_valid t=0.0s
[     52s] main 32b c1391 ic_m4 subgroup table completed_valid t=0.0s
[     52s] main 32b c1391 ic_m4 dickson table completed_valid t=0.0s
[     52s] main 32b c1391 ic_m4 small_x table completed_valid t=0.0s
[     52s] main 32b c1391 ic_m4 random_sub_r0 table completed_valid t=0.1s
[     52s] main 32b c1391 ic_m4 random_sub_r1 table completed_valid t=0.0s
[     52s] main 32b c1391 ic_m4 random_sub_r2 table completed_valid t=0.0s
[     52s] main 32b c1391 ic_m4 known_null_sub table completed_valid t=0.0s
[     52s] main 32b c1391 ic_m4 random_dick_r0 table completed_valid t=0.0s
[     52s] main 32b c1391 ic_m4 random_dick_r1 table completed_valid t=0.1s
[     52s] main 32b c1391 ic_m4 random_dick_r2 table completed_valid t=0.1s
[     52s] main 32b c1391 ic_m4 known_null_dick table completed_valid t=0.0s
[     53s] main 32b c1392 ic_m4 subgroup table completed_valid t=0.0s
[     53s] main 32b c1392 ic_m4 dickson table completed_valid t=0.1s
[     53s] main 32b c1392 ic_m4 small_x table completed_valid t=0.0s
[     53s] main 32b c1392 ic_m4 random_sub_r0 table completed_valid t=0.0s
[     53s] main 32b c1392 ic_m4 random_sub_r1 table completed_valid t=0.0s
[     53s] main 32b c1392 ic_m4 random_sub_r2 table completed_valid t=0.1s
[     53s] main 32b c1392 ic_m4 known_null_sub table completed_valid t=0.0s
[     53s] main 32b c1392 ic_m4 random_dick_r0 table completed_valid t=0.0s
[     53s] main 32b c1392 ic_m4 random_dick_r1 table completed_valid t=0.0s
[     53s] main 32b c1392 ic_m4 random_dick_r2 table completed_valid t=0.0s
[     53s] main 32b c1392 ic_m4 known_null_dick table completed_valid t=0.0s
[     54s] main 32b c1393 ic_m4 subgroup table completed_valid t=0.0s
[     54s] main 32b c1393 ic_m4 dickson table completed_valid t=0.1s
[     54s] main 32b c1393 ic_m4 small_x table completed_valid t=0.0s
[     54s] main 32b c1393 ic_m4 random_sub_r0 table completed_valid t=0.0s
[     54s] main 32b c1393 ic_m4 random_sub_r1 table completed_valid t=0.0s
[     54s] main 32b c1393 ic_m4 random_sub_r2 table completed_valid t=0.1s
[     54s] main 32b c1393 ic_m4 known_null_sub table completed_valid t=0.0s
[     54s] main 32b c1393 ic_m4 random_dick_r0 table completed_valid t=0.0s
[     54s] main 32b c1393 ic_m4 random_dick_r1 table completed_valid t=0.0s
[     54s] main 32b c1393 ic_m4 random_dick_r2 table completed_valid t=0.0s
[     54s] main 32b c1393 ic_m4 known_null_dick table completed_valid t=0.0s
[     54s] main 32b c1394 ic_m4 subgroup table completed_valid t=0.0s
[     54s] main 32b c1394 ic_m4 dickson table completed_valid t=0.0s
[     54s] main 32b c1394 ic_m4 small_x table completed_valid t=0.0s
[     54s] main 32b c1394 ic_m4 random_sub_r0 table completed_valid t=0.0s
[     54s] main 32b c1394 ic_m4 random_sub_r1 table completed_valid t=0.0s
[     54s] main 32b c1394 ic_m4 random_sub_r2 table completed_valid t=0.0s
[     54s] main 32b c1394 ic_m4 known_null_sub table completed_valid t=0.0s
[     54s] main 32b c1394 ic_m4 random_dick_r0 table completed_valid t=0.0s
[     54s] main 32b c1394 ic_m4 random_dick_r1 table completed_valid t=0.0s
[     54s] main 32b c1394 ic_m4 random_dick_r2 table completed_valid t=0.0s
[     54s] main 32b c1394 ic_m4 known_null_dick table completed_valid t=0.0s
[     55s] main 32b c1395 ic_m4 subgroup table completed_valid t=0.0s
[     55s] main 32b c1395 ic_m4 dickson table completed_valid t=0.0s
[     55s] main 32b c1395 ic_m4 small_x table completed_valid t=0.0s
[     55s] main 32b c1395 ic_m4 random_sub_r0 table completed_valid t=0.0s
[     55s] main 32b c1395 ic_m4 random_sub_r1 table completed_valid t=0.0s
[     55s] main 32b c1395 ic_m4 random_sub_r2 table completed_valid t=0.1s
[     55s] main 32b c1395 ic_m4 known_null_sub table completed_valid t=0.0s
[     55s] main 32b c1395 ic_m4 random_dick_r0 table completed_valid t=0.0s
[     55s] main 32b c1395 ic_m4 random_dick_r1 table completed_valid t=0.0s
[     55s] main 32b c1395 ic_m4 random_dick_r2 table completed_valid t=0.0s
[     55s] main 32b c1395 ic_m4 known_null_dick table completed_valid t=0.0s
[     56s] main 32b c1396 ic_m4 subgroup table completed_valid t=0.1s
[     56s] main 32b c1396 ic_m4 dickson table completed_valid t=0.1s
[     56s] main 32b c1396 ic_m4 small_x table completed_valid t=0.0s
[     56s] main 32b c1396 ic_m4 random_sub_r0 table completed_valid t=0.0s
[     56s] main 32b c1396 ic_m4 random_sub_r1 table completed_valid t=0.0s
[     56s] main 32b c1396 ic_m4 random_sub_r2 table completed_valid t=0.1s
[     56s] main 32b c1396 ic_m4 known_null_sub table completed_valid t=0.1s
[     56s] main 32b c1396 ic_m4 random_dick_r0 table completed_valid t=0.1s
[     56s] main 32b c1396 ic_m4 random_dick_r1 table completed_valid t=0.1s
[     56s] main 32b c1396 ic_m4 random_dick_r2 table completed_valid t=0.1s
[     56s] main 32b c1396 ic_m4 known_null_dick table completed_valid t=0.1s
[     57s] main 32b c1397 ic_m4 subgroup table completed_valid t=0.0s
[     57s] main 32b c1397 ic_m4 dickson table completed_valid t=0.0s
[     57s] main 32b c1397 ic_m4 small_x table completed_valid t=0.0s
[     57s] main 32b c1397 ic_m4 random_sub_r0 table completed_valid t=0.0s
[     57s] main 32b c1397 ic_m4 random_sub_r1 table completed_valid t=0.0s
[     57s] main 32b c1397 ic_m4 random_sub_r2 table completed_valid t=0.0s
[     57s] main 32b c1397 ic_m4 known_null_sub table completed_valid t=0.1s
[     57s] main 32b c1397 ic_m4 random_dick_r0 table completed_valid t=0.1s
[     57s] main 32b c1397 ic_m4 random_dick_r1 table completed_valid t=0.0s
[     57s] main 32b c1397 ic_m4 random_dick_r2 table completed_valid t=0.0s
[     57s] main 32b c1397 ic_m4 known_null_dick table completed_valid t=0.0s
[     57s] main 32b c1398 ic_m4 subgroup table completed_valid t=0.0s
[     57s] main 32b c1398 ic_m4 dickson table completed_valid t=0.0s
[     57s] main 32b c1398 ic_m4 small_x table completed_valid t=0.0s
[     57s] main 32b c1398 ic_m4 random_sub_r0 table completed_valid t=0.1s
[     57s] main 32b c1398 ic_m4 random_sub_r1 table completed_valid t=0.1s
[     57s] main 32b c1398 ic_m4 random_sub_r2 table completed_valid t=0.0s
[     57s] main 32b c1398 ic_m4 known_null_sub table completed_valid t=0.1s
[     57s] main 32b c1398 ic_m4 random_dick_r0 table completed_valid t=0.0s
[     57s] main 32b c1398 ic_m4 random_dick_r1 table completed_valid t=0.1s
[     57s] main 32b c1398 ic_m4 random_dick_r2 table completed_valid t=0.0s
[     57s] main 32b c1398 ic_m4 known_null_dick table completed_valid t=0.0s
[     58s] main 32b c1399 ic_m4 subgroup table completed_valid t=0.0s
[     58s] main 32b c1399 ic_m4 dickson table completed_valid t=0.0s
[     58s] main 32b c1399 ic_m4 small_x table completed_valid t=0.0s
[     58s] main 32b c1399 ic_m4 random_sub_r0 table completed_valid t=0.0s
[     58s] main 32b c1399 ic_m4 random_sub_r1 table completed_valid t=0.0s
[     58s] main 32b c1399 ic_m4 random_sub_r2 table completed_valid t=0.0s
[     58s] main 32b c1399 ic_m4 known_null_sub table completed_valid t=0.0s
[     58s] main 32b c1399 ic_m4 random_dick_r0 table completed_valid t=0.0s
[     58s] main 32b c1399 ic_m4 random_dick_r1 table completed_valid t=0.0s
[     58s] main 32b c1399 ic_m4 random_dick_r2 table completed_valid t=0.0s
[     58s] main 32b c1399 ic_m4 known_null_dick table completed_valid t=0.0s
[     59s] main 32b c1400 ic_m4 subgroup table completed_valid t=0.0s
[     59s] main 32b c1400 ic_m4 dickson table completed_valid t=0.0s
[     59s] main 32b c1400 ic_m4 small_x table completed_valid t=0.0s
[     59s] main 32b c1400 ic_m4 random_sub_r0 table completed_valid t=0.0s
[     59s] main 32b c1400 ic_m4 random_sub_r1 table completed_valid t=0.0s
[     59s] main 32b c1400 ic_m4 random_sub_r2 table completed_valid t=0.1s
[     59s] main 32b c1400 ic_m4 known_null_sub table completed_valid t=0.0s
[     59s] main 32b c1400 ic_m4 random_dick_r0 table completed_valid t=0.0s
[     59s] main 32b c1400 ic_m4 random_dick_r1 table completed_valid t=0.0s
[     59s] main 32b c1400 ic_m4 random_dick_r2 table completed_valid t=0.0s
[     59s] main 32b c1400 ic_m4 known_null_dick table completed_valid t=0.0s
[     59s] main 32b c1401 ic_m4 subgroup table completed_valid t=0.0s
[     59s] main 32b c1401 ic_m4 dickson table completed_valid t=0.0s
[     59s] main 32b c1401 ic_m4 small_x table completed_valid t=0.0s
[     59s] main 32b c1401 ic_m4 random_sub_r0 table completed_valid t=0.0s
[     59s] main 32b c1401 ic_m4 random_sub_r1 table completed_valid t=0.0s
[     59s] main 32b c1401 ic_m4 random_sub_r2 table completed_valid t=0.0s
[     59s] main 32b c1401 ic_m4 known_null_sub table completed_valid t=0.0s
[     59s] main 32b c1401 ic_m4 random_dick_r0 table completed_valid t=0.0s
[     59s] main 32b c1401 ic_m4 random_dick_r1 table completed_valid t=0.0s
[     59s] main 32b c1401 ic_m4 random_dick_r2 table completed_valid t=0.0s
[     59s] main 32b c1401 ic_m4 known_null_dick table completed_valid t=0.0s
[     60s] main 32b c1402 ic_m4 subgroup table completed_valid t=0.1s
[     60s] main 32b c1402 ic_m4 dickson table completed_valid t=0.0s
[     60s] main 32b c1402 ic_m4 small_x table completed_valid t=0.0s
[     60s] main 32b c1402 ic_m4 random_sub_r0 table completed_valid t=0.0s
[     60s] main 32b c1402 ic_m4 random_sub_r1 table completed_valid t=0.0s
[     60s] main 32b c1402 ic_m4 random_sub_r2 table completed_valid t=0.0s
[     60s] main 32b c1402 ic_m4 known_null_sub table completed_valid t=0.0s
[     60s] main 32b c1402 ic_m4 random_dick_r0 table completed_valid t=0.0s
[     60s] main 32b c1402 ic_m4 random_dick_r1 table completed_valid t=0.0s
[     60s] main 32b c1402 ic_m4 random_dick_r2 table completed_valid t=0.0s
[     60s] main 32b c1402 ic_m4 known_null_dick table completed_valid t=0.0s
[     60s] main 32b c1403 ic_m4 subgroup table completed_valid t=0.0s
[     60s] main 32b c1403 ic_m4 dickson table completed_valid t=0.0s
[     60s] main 32b c1403 ic_m4 small_x table completed_valid t=0.0s
[     60s] main 32b c1403 ic_m4 random_sub_r0 table completed_valid t=0.0s
[     60s] main 32b c1403 ic_m4 random_sub_r1 table completed_valid t=0.0s
[     60s] main 32b c1403 ic_m4 random_sub_r2 table completed_valid t=0.0s
[     60s] main 32b c1403 ic_m4 known_null_sub table completed_valid t=0.0s
[     60s] main 32b c1403 ic_m4 random_dick_r0 table completed_valid t=0.0s
[     60s] main 32b c1403 ic_m4 random_dick_r1 table completed_valid t=0.0s
[     60s] main 32b c1403 ic_m4 random_dick_r2 table completed_valid t=0.0s
[     60s] main 32b c1403 ic_m4 known_null_dick table completed_valid t=0.0s
[     61s] main 32b c1404 ic_m4 subgroup table completed_valid t=0.0s
[     61s] main 32b c1404 ic_m4 dickson table completed_valid t=0.0s
[     61s] main 32b c1404 ic_m4 small_x table completed_valid t=0.0s
[     61s] main 32b c1404 ic_m4 random_sub_r0 table completed_valid t=0.0s
[     61s] main 32b c1404 ic_m4 random_sub_r1 table completed_valid t=0.0s
[     61s] main 32b c1404 ic_m4 random_sub_r2 table completed_valid t=0.0s
[     61s] main 32b c1404 ic_m4 known_null_sub table completed_valid t=0.0s
[     61s] main 32b c1404 ic_m4 random_dick_r0 table completed_valid t=0.0s
[     61s] main 32b c1404 ic_m4 random_dick_r1 table completed_valid t=0.0s
[     61s] main 32b c1404 ic_m4 random_dick_r2 table completed_valid t=0.0s
[     61s] main 32b c1404 ic_m4 known_null_dick table completed_valid t=0.0s
[     62s] main 32b c1405 ic_m4 subgroup table completed_valid t=0.0s
[     62s] main 32b c1405 ic_m4 dickson table completed_valid t=0.0s
[     62s] main 32b c1405 ic_m4 small_x table completed_valid t=0.0s
[     62s] main 32b c1405 ic_m4 random_sub_r0 table completed_valid t=0.1s
[     62s] main 32b c1405 ic_m4 random_sub_r1 table completed_valid t=0.1s
[     62s] main 32b c1405 ic_m4 random_sub_r2 table completed_valid t=0.0s
[     62s] main 32b c1405 ic_m4 known_null_sub table completed_valid t=0.0s
[     62s] main 32b c1405 ic_m4 random_dick_r0 table completed_valid t=0.0s
[     62s] main 32b c1405 ic_m4 random_dick_r1 table completed_valid t=0.0s
[     62s] main 32b c1405 ic_m4 random_dick_r2 table completed_valid t=0.0s
[     62s] main 32b c1405 ic_m4 known_null_dick table completed_valid t=0.0s
[     62s] main 32b c1406 ic_m4 subgroup table completed_valid t=0.0s
[     62s] main 32b c1406 ic_m4 dickson table completed_valid t=0.0s
[     62s] main 32b c1406 ic_m4 small_x table completed_valid t=0.0s
[     62s] main 32b c1406 ic_m4 random_sub_r0 table completed_valid t=0.0s
[     62s] main 32b c1406 ic_m4 random_sub_r1 table completed_valid t=0.0s
[     62s] main 32b c1406 ic_m4 random_sub_r2 table completed_valid t=0.0s
[     62s] main 32b c1406 ic_m4 known_null_sub table completed_valid t=0.0s
[     62s] main 32b c1406 ic_m4 random_dick_r0 table completed_valid t=0.1s
[     62s] main 32b c1406 ic_m4 random_dick_r1 table completed_valid t=0.0s
[     62s] main 32b c1406 ic_m4 random_dick_r2 table completed_valid t=0.0s
[     62s] main 32b c1406 ic_m4 known_null_dick table completed_valid t=0.1s
[     63s] main 32b c1407 ic_m4 subgroup table completed_valid t=0.0s
[     63s] main 32b c1407 ic_m4 dickson table completed_valid t=0.1s
[     63s] main 32b c1407 ic_m4 small_x table completed_valid t=0.1s
[     63s] main 32b c1407 ic_m4 random_sub_r0 table completed_valid t=0.1s
[     63s] main 32b c1407 ic_m4 random_sub_r1 table completed_valid t=0.1s
[     63s] main 32b c1407 ic_m4 random_sub_r2 table completed_valid t=0.0s
[     63s] main 32b c1407 ic_m4 known_null_sub table completed_valid t=0.0s
[     63s] main 32b c1407 ic_m4 random_dick_r0 table completed_valid t=0.1s
[     63s] main 32b c1407 ic_m4 random_dick_r1 table completed_valid t=0.0s
[     63s] main 32b c1407 ic_m4 random_dick_r2 table completed_valid t=0.0s
[     63s] main 32b c1407 ic_m4 known_null_dick table completed_valid t=0.0s
[     64s] main 32b c1408 ic_m4 subgroup table completed_valid t=0.0s
[     64s] main 32b c1408 ic_m4 dickson table completed_valid t=0.0s
[     64s] main 32b c1408 ic_m4 small_x table completed_valid t=0.0s
[     64s] main 32b c1408 ic_m4 random_sub_r0 table completed_valid t=0.0s
[     64s] main 32b c1408 ic_m4 random_sub_r1 table completed_valid t=0.0s
[     64s] main 32b c1408 ic_m4 random_sub_r2 table completed_valid t=0.1s
[     64s] main 32b c1408 ic_m4 known_null_sub table completed_valid t=0.1s
[     64s] main 32b c1408 ic_m4 random_dick_r0 table completed_valid t=0.0s
[     64s] main 32b c1408 ic_m4 random_dick_r1 table completed_valid t=0.0s
[     64s] main 32b c1408 ic_m4 random_dick_r2 table completed_valid t=0.0s
[     64s] main 32b c1408 ic_m4 known_null_dick table completed_valid t=0.0s
[     64s] main 32b c1409 ic_m4 subgroup table completed_valid t=0.0s
[     64s] main 32b c1409 ic_m4 dickson table completed_valid t=0.0s
[     64s] main 32b c1409 ic_m4 small_x table completed_valid t=0.0s
[     64s] main 32b c1409 ic_m4 random_sub_r0 table completed_valid t=0.0s
[     64s] main 32b c1409 ic_m4 random_sub_r1 table completed_valid t=0.0s
[     64s] main 32b c1409 ic_m4 random_sub_r2 table completed_valid t=0.0s
[     64s] main 32b c1409 ic_m4 known_null_sub table completed_valid t=0.0s
[     64s] main 32b c1409 ic_m4 random_dick_r0 table completed_valid t=0.0s
[     64s] main 32b c1409 ic_m4 random_dick_r1 table completed_valid t=0.0s
[     64s] main 32b c1409 ic_m4 random_dick_r2 table completed_valid t=0.0s
[     64s] main 32b c1409 ic_m4 known_null_dick table completed_valid t=0.0s
