[2026-09-29T06:18:09.479336+00:00] attempt experiments/EXP-PFDR-1b78f7/runs/RUN-PFDR-1b78f7-census-m4/attempt-2: 33 jobs, max 4 processes, watchdog 86400 s, MemAvailable gate 4.0 GB, trigger: M-2 R11 continuation: resume set of 33 job-crash jobs (asserted in resume-set.json), per-job procedure M-1
[2026-09-29T06:18:09.480519+00:00] job b24-c1 started (pid 17960; watchdog 86400.0 s; MemAvailable 15908237312 B)
[2026-09-29T06:18:09.481269+00:00] job b24-c3 started (pid 17961; watchdog 86400.0 s; MemAvailable 15908237312 B)
[2026-09-29T06:18:09.481950+00:00] job b24-c4 started (pid 17962; watchdog 86400.0 s; MemAvailable 15908237312 B)
[2026-09-29T06:18:09.482510+00:00] job b22-c0 started (pid 17963; watchdog 86400.0 s; MemAvailable 15908237312 B)
[2026-09-29T06:19:00.256199+00:00] job b22-c0 ended: exit 0 rows 18 statuses {'completed_valid': 18} wall 45.757 s peak_rss 339464192 abnormal False m4_trigger False
[2026-09-29T06:19:00.256803+00:00] job b22-c1 started (pid 18329; watchdog 86349.2 s; MemAvailable 14721966080 B)
[2026-09-29T06:19:45.918804+00:00] job b22-c1 ended: exit 0 rows 18 statuses {'completed_valid': 18} wall 40.469 s peak_rss 293187584 abnormal False m4_trigger False
[2026-09-29T06:19:45.919574+00:00] job b22-c2 started (pid 18421; watchdog 86303.6 s; MemAvailable 13812617216 B)
[2026-09-29T06:20:18.382469+00:00] job b24-c4 ended: exit 0 rows 18 statuses {'completed_valid': 18} wall 122.039 s peak_rss 1030565888 abnormal False m4_trigger False
[2026-09-29T06:20:18.383448+00:00] job b22-c3 started (pid 18508; watchdog 86271.1 s; MemAvailable 14123622400 B)
[2026-09-29T06:20:30.406988+00:00] job b24-c3 ended: exit 0 rows 18 statuses {'completed_valid': 18} wall 137.451 s peak_rss 807579648 abnormal False m4_trigger False
[2026-09-29T06:20:30.407768+00:00] job b22-c4 started (pid 18590; watchdog 86259.1 s; MemAvailable 14587117568 B)
[2026-09-29T06:20:37.428379+00:00] job b24-c1 ended: exit 0 rows 18 statuses {'completed_valid': 18} wall 143.578 s peak_rss 873492480 abnormal False m4_trigger False
[2026-09-29T06:20:37.429129+00:00] job b20-c0 started (pid 18669; watchdog 86252.1 s; MemAvailable 15210582016 B)
[2026-09-29T06:20:53.363141+00:00] job b22-c2 ended: exit 0 rows 18 statuses {'completed_valid': 18} wall 65.706 s peak_rss 399261696 abnormal False m4_trigger False
[2026-09-29T06:20:53.363976+00:00] job b20-c1 started (pid 18756; watchdog 86236.1 s; MemAvailable 15171850240 B)
[2026-09-29T06:21:09.001440+00:00] job b20-c0 ended: exit 0 rows 18 statuses {'completed_valid': 18} wall 27.563 s peak_rss 264306688 abnormal False m4_trigger False
[2026-09-29T06:21:09.002047+00:00] job b20-c2 started (pid 18837; watchdog 86220.5 s; MemAvailable 14964727808 B)
[2026-09-29T06:21:24.436369+00:00] job b20-c1 ended: exit 0 rows 18 statuses {'completed_valid': 18} wall 27.269 s peak_rss 206712832 abnormal False m4_trigger False
[2026-09-29T06:21:24.436993+00:00] job b20-c3 started (pid 18922; watchdog 86205.0 s; MemAvailable 14710231040 B)
[2026-09-29T06:21:40.880786+00:00] job b22-c3 ended: exit 0 rows 18 statuses {'completed_valid': 18} wall 78.56 s peak_rss 621723648 abnormal False m4_trigger False
[2026-09-29T06:21:41.328771+00:00] job b20-c2 ended: exit 0 rows 18 statuses {'completed_valid': 18} wall 24.943 s peak_rss 218075136 abnormal False m4_trigger False
[2026-09-29T06:21:41.591718+00:00] job b20-c3 ended: exit 0 rows 18 statuses {'completed_valid': 18} wall 14.005 s peak_rss 143839232 abnormal False m4_trigger False
[2026-09-29T06:21:41.592487+00:00] job b20-c4 started (pid 19012; watchdog 86187.9 s; MemAvailable 15212462080 B)
[2026-09-29T06:21:41.593087+00:00] job b18-c0 started (pid 19013; watchdog 86187.9 s; MemAvailable 15212462080 B)
[2026-09-29T06:21:41.593572+00:00] job b18-c1 started (pid 19014; watchdog 86187.9 s; MemAvailable 15212462080 B)
[2026-09-29T06:21:51.764469+00:00] job b18-c0 ended: exit 0 rows 18 statuses {'completed_valid': 18} wall 8.366 s peak_rss 105492480 abnormal False m4_trigger False
[2026-09-29T06:21:51.893207+00:00] job b18-c1 ended: exit 0 rows 18 statuses {'completed_valid': 18} wall 6.244 s peak_rss 85524480 abnormal False m4_trigger False
[2026-09-29T06:21:51.893988+00:00] job b18-c2 started (pid 19246; watchdog 86177.6 s; MemAvailable 15039733760 B)
[2026-09-29T06:21:51.894441+00:00] job b18-c3 started (pid 19247; watchdog 86177.6 s; MemAvailable 15039733760 B)
[2026-09-29T06:22:02.081492+00:00] job b18-c2 ended: exit 0 rows 18 statuses {'completed_valid': 18} wall 7.601 s peak_rss 99094528 abnormal False m4_trigger False
[2026-09-29T06:22:02.284681+00:00] job b18-c3 ended: exit 0 rows 18 statuses {'completed_valid': 18} wall 8.805 s peak_rss 108421120 abnormal False m4_trigger False
[2026-09-29T06:22:02.285353+00:00] job b18-c4 started (pid 19406; watchdog 86167.2 s; MemAvailable 14838362112 B)
[2026-09-29T06:22:02.285711+00:00] job b16-c0 started (pid 19407; watchdog 86167.2 s; MemAvailable 14838362112 B)
[2026-09-29T06:22:09.144075+00:00] job b22-c4 ended: exit 0 rows 18 statuses {'completed_valid': 18} wall 91.604 s peak_rss 770220032 abnormal False m4_trigger False
[2026-09-29T06:22:09.221838+00:00] job b16-c0 ended: exit 0 rows 18 statuses {'completed_valid': 18} wall 3.139 s peak_rss 67616768 abnormal False m4_trigger False
[2026-09-29T06:22:09.222408+00:00] job b16-c1 started (pid 19567; watchdog 86160.3 s; MemAvailable 15484080128 B)
[2026-09-29T06:22:09.231397+00:00] job b16-c2 started (pid 19568; watchdog 86160.3 s; MemAvailable 15484080128 B)
[2026-09-29T06:22:14.389839+00:00] job b18-c4 ended: exit 0 rows 18 statuses {'completed_valid': 18} wall 6.872 s peak_rss 100118528 abnormal False m4_trigger False
[2026-09-29T06:22:14.455008+00:00] job b16-c1 ended: exit 0 rows 18 statuses {'completed_valid': 18} wall 2.779 s peak_rss 63078400 abnormal False m4_trigger False
[2026-09-29T06:22:14.552396+00:00] job b16-c2 ended: exit 0 rows 18 statuses {'completed_valid': 18} wall 3.734 s peak_rss 68038656 abnormal False m4_trigger False
[2026-09-29T06:22:14.553339+00:00] job b16-c3 started (pid 19731; watchdog 86154.9 s; MemAvailable 15835295744 B)
[2026-09-29T06:22:14.554002+00:00] job b16-c4 started (pid 19732; watchdog 86154.9 s; MemAvailable 15835295744 B)
[2026-09-29T06:22:14.554565+00:00] job b14-c0 started (pid 19733; watchdog 86154.9 s; MemAvailable 15835095040 B)
[2026-09-29T06:22:20.315662+00:00] job b20-c4 ended: exit 0 rows 18 statuses {'completed_valid': 18} wall 32.206 s peak_rss 331984896 abnormal False m4_trigger False
[2026-09-29T06:22:20.356677+00:00] job b16-c3 ended: exit 0 rows 18 statuses {'completed_valid': 18} wall 1.878 s peak_rss 49934336 abnormal False m4_trigger False
[2026-09-29T06:22:20.437785+00:00] job b16-c4 ended: exit 0 rows 18 statuses {'completed_valid': 18} wall 2.831 s peak_rss 65769472 abnormal False m4_trigger False
[2026-09-29T06:22:20.468201+00:00] job b14-c0 ended: exit 0 rows 18 statuses {'completed_valid': 18} wall 1.023 s peak_rss 48562176 abnormal False m4_trigger False
[2026-09-29T06:22:20.468793+00:00] job b14-c1 started (pid 19971; watchdog 86149.0 s; MemAvailable 15852933120 B)
[2026-09-29T06:22:20.469246+00:00] job b14-c2 started (pid 19972; watchdog 86149.0 s; MemAvailable 15852933120 B)
[2026-09-29T06:22:20.469732+00:00] job b14-c3 started (pid 19973; watchdog 86149.0 s; MemAvailable 15852933120 B)
[2026-09-29T06:22:20.470025+00:00] job b14-c4 started (pid 19974; watchdog 86149.0 s; MemAvailable 15852732416 B)
[2026-09-29T06:22:25.516194+00:00] job b14-c1 ended: exit 0 rows 18 statuses {'completed_valid': 18} wall 1.378 s peak_rss 50319360 abnormal False m4_trigger False
[2026-09-29T06:22:25.537126+00:00] job b14-c2 ended: exit 0 rows 18 statuses {'completed_valid': 18} wall 0.927 s peak_rss 44576768 abnormal False m4_trigger False
[2026-09-29T06:22:25.612526+00:00] job b14-c3 ended: exit 0 rows 18 statuses {'completed_valid': 18} wall 2.73 s peak_rss 71229440 abnormal False m4_trigger False
[2026-09-29T06:22:25.661597+00:00] job b14-c4 ended: exit 0 rows 18 statuses {'completed_valid': 18} wall 1.826 s peak_rss 56250368 abnormal False m4_trigger False
[2026-09-29T06:22:25.662365+00:00] job b12-c0 started (pid 20289; watchdog 86143.8 s; MemAvailable 15829872640 B)
[2026-09-29T06:22:25.663015+00:00] job b12-c1 started (pid 20290; watchdog 86143.8 s; MemAvailable 15829872640 B)
[2026-09-29T06:22:25.663724+00:00] job b12-c2 started (pid 20291; watchdog 86143.8 s; MemAvailable 15829872640 B)
[2026-09-29T06:22:25.664142+00:00] job b12-c3 started (pid 20292; watchdog 86143.8 s; MemAvailable 15829917696 B)
[2026-09-29T06:22:30.712364+00:00] job b12-c0 ended: exit 0 rows 18 statuses {'completed_valid': 18} wall 1.575 s peak_rss 54648832 abnormal False m4_trigger False
[2026-09-29T06:22:30.759259+00:00] job b12-c1 ended: exit 0 rows 18 statuses {'completed_valid': 18} wall 1.172 s peak_rss 51302400 abnormal False m4_trigger False
[2026-09-29T06:22:30.781521+00:00] job b12-c2 ended: exit 0 rows 18 statuses {'completed_valid': 18} wall 0.675 s peak_rss 42876928 abnormal False m4_trigger False
[2026-09-29T06:22:30.806310+00:00] job b12-c3 ended: exit 0 rows 18 statuses {'completed_valid': 18} wall 0.722 s peak_rss 43888640 abnormal False m4_trigger False
[2026-09-29T06:22:30.807146+00:00] job b12-c4 started (pid 20606; watchdog 86138.7 s; MemAvailable 15841591296 B)
[2026-09-29T06:22:35.847100+00:00] job b12-c4 ended: exit 0 rows 18 statuses {'completed_valid': 18} wall 1.275 s peak_rss 52645888 abnormal False m4_trigger False
[2026-09-29T06:22:40.851950+00:00] attempt done: 33 jobs ended, not started [] (None); wall 271.4 s
$ merge_census.py summarize --attempt-dir experiments/EXP-PFDR-1b78f7/runs/RUN-PFDR-1b78f7-census-m4/attempt-2 --run-id RUN-PFDR-1b78f7-census-m4
{"completeness": {"expected_keys": 594, "keys_present": 594, "keys_missing": 0, "duplicates": [], "non_job_rows": 0}, "status_totals": {"completed_valid": 594}, "gates": {"G4": true, "G5": true, "G6_G7": true, "harvest_instances": 594, "solved": 594, "verified": 594}}
[exit 0]
