[2026-09-16T09:03:20Z] EXP-AUXIN-7e2e3d driver start run_id=RUN-AUXIN-6117d3
[2026-09-16T09:03:20Z] git commit=c50db43e3b75f802a0069f454052cd85d3bbbce7 dirty=True
[2026-09-16T09:03:20Z] attestation: cheon_executions=0 discrete_log_recoveries=0
[2026-09-16T09:03:20Z] Stage 0 committed orders.json sha256_commitment=8f08ab896b3fa8ba0174c845b5acc83d9f0dd9193491e351d8c72731a6cef55c
[2026-09-16T09:03:20Z] orders.json file sha256=2ad42cbc0ebf53a60e4a68eb49fef679e44e1ed12a37b11c4bb163d233696c43
[2026-09-16T09:03:20Z] planted constructed r_bits=36 d=242479 rel=0.000004 trials=7
[2026-09-16T09:03:20Z] safeprime constructed r=2147576603 bits=32 q=1073788301 trials=308
[2026-09-16T09:03:20Z] controls_receipt committed; controls_passed=True frozen_bands=False
[2026-09-16T09:03:20Z]   planted E=0.277952 asym~0.277778 pass=True frozen_band=False; safeprime r-1 E=0.483873 asym~0.484375 pass=True frozen_band=False
[2026-09-16T09:03:20Z] factoring NIST-P-224 r_bits=224 ...
[2026-09-16T09:03:26Z] stop-and-escalate trigger: NIST-P-224 E(r)=0.39446784189485434 (continuing remaining rows)
[2026-09-16T09:03:26Z]   NIST-P-224: kind=E(r) value=0.39446784189485434 min_branch=r+1 d_bits=48 agree=True
[2026-09-16T09:03:26Z] factoring NIST-P-256 r_bits=256 ...
[2026-09-16T09:03:33Z] stop-and-escalate trigger: NIST-P-256 E(r)=0.25390658175459774 (continuing remaining rows)
[2026-09-16T09:03:33Z]   NIST-P-256: kind=E(r) value=0.25390658175459774 min_branch=r-1 d_bits=128 agree=True
[2026-09-16T09:03:33Z] factoring NIST-P-384 r_bits=384 ...
[2026-09-16T09:05:33Z]   NIST-P-384: kind=E_bound value=0.39252608931130223 min_branch=r+1 d_bits=83 agree=True
[2026-09-16T09:05:33Z] factoring NIST-P-521 r_bits=521 ...
[2026-09-16T09:08:05Z]   NIST-P-521: kind=E_bound value=0.45198316706181146 min_branch=r-1 d_bits=51 agree=True
[2026-09-16T09:08:05Z] factoring secp256k1 r_bits=256 ...
[2026-09-16T09:08:55Z] stop-and-escalate trigger: secp256k1 E(r)=0.25391734360444984 (continuing remaining rows)
[2026-09-16T09:08:55Z]   secp256k1: kind=E(r) value=0.25391734360444984 min_branch=r-1 d_bits=128 agree=True
[2026-09-16T09:08:55Z] factoring brainpoolP256r1 r_bits=256 ...
[2026-09-16T09:10:07Z] stop-and-escalate trigger: brainpoolP256r1 E(r)=0.25563016068393485 (continuing remaining rows)
[2026-09-16T09:10:07Z]   brainpoolP256r1: kind=E(r) value=0.25563016068393485 min_branch=r+1 d_bits=126 agree=True
[2026-09-16T09:10:07Z] factoring brainpoolP384r1 r_bits=384 ...
[2026-09-16T09:11:52Z]   brainpoolP384r1: kind=E_bound value=0.3971909907894027 min_branch=r-1 d_bits=79 agree=True
[2026-09-16T09:11:52Z] factoring Ed25519-L r_bits=253 ...
[2026-09-16T09:18:31Z]   Ed25519-L: kind=E_bound value=0.3570177062565535 min_branch=r+1 d_bits=73 agree=True
[2026-09-16T09:18:31Z] factoring BN254-r r_bits=254 ...
[2026-09-16T09:19:34Z] stop-and-escalate trigger: BN254-r E(r)=0.2539432691122935 (continuing remaining rows)
[2026-09-16T09:19:34Z]   BN254-r: kind=E(r) value=0.2539432691122935 min_branch=r+1 d_bits=127 agree=True
[2026-09-16T09:19:34Z] factoring BLS12-381-r r_bits=255 ...
[2026-09-16T09:21:33Z] stop-and-escalate trigger: BLS12-381-r E(r)=0.25392376763896607 (continuing remaining rows)
[2026-09-16T09:21:33Z]   BLS12-381-r: kind=E(r) value=0.25392376763896607 min_branch=r-1 d_bits=128 agree=True
[2026-09-16T09:21:33Z] done status=completed_valid escalate=True wall_s=1093.34
