[      0s] main 32b c6210 ic_m4 subgroup table completed_valid t=0.0s
[      0s] main 32b c6210 ic_m4 small_x table completed_valid t=0.0s
[      0s] main 32b c6210 ic_m4 random_sub_r0 table completed_valid t=0.0s
[      0s] main 32b c6210 ic_m4 random_sub_r1 table completed_valid t=0.0s
[      0s] main 32b c6210 ic_m4 random_sub_r2 table completed_valid t=0.0s
[      0s] main 32b c6210 ic_m4 known_null_sub table completed_valid t=0.0s
[      0s] main 32b c6210 ic_m4 planted_sub table completed_valid t=0.0s
[      0s] main 32b c6210 ic_m4 small_x_offset table completed_valid t=0.0s
[      1s] main 32b c6211 ic_m4 subgroup table completed_valid t=0.0s
[      1s] main 32b c6211 ic_m4 small_x table completed_valid t=0.0s
[      1s] main 32b c6211 ic_m4 random_sub_r0 table completed_valid t=0.0s
[      1s] main 32b c6211 ic_m4 random_sub_r1 table completed_valid t=0.1s
[      1s] main 32b c6211 ic_m4 random_sub_r2 table completed_valid t=0.1s
[      1s] main 32b c6211 ic_m4 known_null_sub table completed_valid t=0.1s
[      1s] main 32b c6211 ic_m4 planted_sub table completed_valid t=0.0s
[      1s] main 32b c6211 ic_m4 small_x_offset table completed_valid t=0.0s
[      1s] main 32b c6212 ic_m4 subgroup table completed_valid t=0.0s
[      1s] main 32b c6212 ic_m4 small_x table completed_valid t=0.0s
[      1s] main 32b c6212 ic_m4 random_sub_r0 table completed_valid t=0.0s
[      1s] main 32b c6212 ic_m4 random_sub_r1 table completed_valid t=0.0s
[      1s] main 32b c6212 ic_m4 random_sub_r2 table completed_valid t=0.0s
[      1s] main 32b c6212 ic_m4 known_null_sub table completed_valid t=0.0s
[      1s] main 32b c6212 ic_m4 planted_sub table completed_valid t=0.0s
[      1s] main 32b c6212 ic_m4 small_x_offset table completed_valid t=0.0s
[      2s] main 32b c6213 ic_m4 subgroup table completed_valid t=0.0s
[      2s] main 32b c6213 ic_m4 small_x table completed_valid t=0.0s
[      2s] main 32b c6213 ic_m4 random_sub_r0 table completed_valid t=0.1s
[      2s] main 32b c6213 ic_m4 random_sub_r1 table completed_valid t=0.0s
[      2s] main 32b c6213 ic_m4 random_sub_r2 table completed_valid t=0.0s
[      2s] main 32b c6213 ic_m4 known_null_sub table completed_valid t=0.0s
[      2s] main 32b c6213 ic_m4 planted_sub table completed_valid t=0.0s
[      2s] main 32b c6213 ic_m4 small_x_offset table completed_valid t=0.0s
[      2s] main 32b c6214 ic_m4 subgroup table completed_valid t=0.0s
[      2s] main 32b c6214 ic_m4 small_x table completed_valid t=0.0s
[      2s] main 32b c6214 ic_m4 random_sub_r0 table completed_valid t=0.0s
[      2s] main 32b c6214 ic_m4 random_sub_r1 table completed_valid t=0.0s
[      2s] main 32b c6214 ic_m4 random_sub_r2 table completed_valid t=0.0s
[      2s] main 32b c6214 ic_m4 known_null_sub table completed_valid t=0.0s
[      2s] main 32b c6214 ic_m4 planted_sub table completed_valid t=0.0s
[      2s] main 32b c6214 ic_m4 small_x_offset table completed_valid t=0.0s
[      2s] main 32b c6215 ic_m4 subgroup table completed_valid t=0.0s
[      2s] main 32b c6215 ic_m4 small_x table completed_valid t=0.0s
[      2s] main 32b c6215 ic_m4 random_sub_r0 table completed_valid t=0.0s
[      2s] main 32b c6215 ic_m4 random_sub_r1 table completed_valid t=0.0s
[      2s] main 32b c6215 ic_m4 random_sub_r2 table completed_valid t=0.0s
[      2s] main 32b c6215 ic_m4 known_null_sub table completed_valid t=0.0s
[      2s] main 32b c6215 ic_m4 planted_sub table completed_valid t=0.0s
[      2s] main 32b c6215 ic_m4 small_x_offset table completed_valid t=0.0s
[      3s] main 32b c6216 ic_m4 subgroup table completed_valid t=0.0s
[      3s] main 32b c6216 ic_m4 small_x table completed_valid t=0.0s
[      3s] main 32b c6216 ic_m4 random_sub_r0 table completed_valid t=0.0s
[      3s] main 32b c6216 ic_m4 random_sub_r1 table completed_valid t=0.0s
[      3s] main 32b c6216 ic_m4 random_sub_r2 table completed_valid t=0.0s
[      3s] main 32b c6216 ic_m4 known_null_sub table completed_valid t=0.0s
[      3s] main 32b c6216 ic_m4 planted_sub table completed_valid t=0.0s
[      3s] main 32b c6216 ic_m4 small_x_offset table completed_valid t=0.0s
[      3s] main 32b c6217 ic_m4 subgroup table completed_valid t=0.0s
[      3s] main 32b c6217 ic_m4 small_x table completed_valid t=0.0s
[      3s] main 32b c6217 ic_m4 random_sub_r0 table completed_valid t=0.0s
[      3s] main 32b c6217 ic_m4 random_sub_r1 table completed_valid t=0.0s
[      3s] main 32b c6217 ic_m4 random_sub_r2 table completed_valid t=0.0s
[      3s] main 32b c6217 ic_m4 known_null_sub table completed_valid t=0.0s
[      3s] main 32b c6217 ic_m4 planted_sub table completed_valid t=0.0s
[      3s] main 32b c6217 ic_m4 small_x_offset table completed_valid t=0.0s
[      3s] main 32b c6218 ic_m4 subgroup table completed_valid t=0.0s
[      3s] main 32b c6218 ic_m4 small_x table completed_valid t=0.0s
[      3s] main 32b c6218 ic_m4 random_sub_r0 table completed_valid t=0.0s
[      3s] main 32b c6218 ic_m4 random_sub_r1 table completed_valid t=0.0s
[      3s] main 32b c6218 ic_m4 random_sub_r2 table completed_valid t=0.0s
[      3s] main 32b c6218 ic_m4 known_null_sub table completed_valid t=0.0s
[      3s] main 32b c6218 ic_m4 planted_sub table completed_valid t=0.0s
[      3s] main 32b c6218 ic_m4 small_x_offset table completed_valid t=0.0s
[      4s] main 32b c6219 ic_m4 subgroup table completed_valid t=0.0s
[      4s] main 32b c6219 ic_m4 small_x table completed_valid t=0.0s
[      4s] main 32b c6219 ic_m4 random_sub_r0 table completed_valid t=0.0s
[      4s] main 32b c6219 ic_m4 random_sub_r1 table completed_valid t=0.0s
[      4s] main 32b c6219 ic_m4 random_sub_r2 table completed_valid t=0.0s
[      4s] main 32b c6219 ic_m4 known_null_sub table completed_valid t=0.0s
[      4s] main 32b c6219 ic_m4 planted_sub table completed_valid t=0.0s
[      4s] main 32b c6219 ic_m4 small_x_offset table completed_valid t=0.0s
[      4s] main 32b c6220 ic_m4 subgroup table completed_valid t=0.0s
[      4s] main 32b c6220 ic_m4 small_x table completed_valid t=0.0s
[      4s] main 32b c6220 ic_m4 random_sub_r0 table completed_valid t=0.0s
[      4s] main 32b c6220 ic_m4 random_sub_r1 table completed_valid t=0.0s
[      4s] main 32b c6220 ic_m4 random_sub_r2 table completed_valid t=0.0s
[      4s] main 32b c6220 ic_m4 known_null_sub table completed_valid t=0.0s
[      4s] main 32b c6220 ic_m4 planted_sub table completed_valid t=0.0s
[      4s] main 32b c6220 ic_m4 small_x_offset table completed_valid t=0.0s
[      5s] main 32b c6221 ic_m4 subgroup table completed_valid t=0.0s
[      5s] main 32b c6221 ic_m4 small_x table completed_valid t=0.0s
[      5s] main 32b c6221 ic_m4 random_sub_r0 table completed_valid t=0.0s
[      5s] main 32b c6221 ic_m4 random_sub_r1 table completed_valid t=0.0s
[      5s] main 32b c6221 ic_m4 random_sub_r2 table completed_valid t=0.0s
[      5s] main 32b c6221 ic_m4 known_null_sub table completed_valid t=0.0s
[      5s] main 32b c6221 ic_m4 planted_sub table completed_valid t=0.0s
[      5s] main 32b c6221 ic_m4 small_x_offset table completed_valid t=0.0s
[      5s] main 32b c6222 ic_m4 subgroup table completed_valid t=0.0s
[      5s] main 32b c6222 ic_m4 small_x table completed_valid t=0.0s
[      5s] main 32b c6222 ic_m4 random_sub_r0 table completed_valid t=0.0s
[      5s] main 32b c6222 ic_m4 random_sub_r1 table completed_valid t=0.0s
[      5s] main 32b c6222 ic_m4 random_sub_r2 table completed_valid t=0.0s
[      5s] main 32b c6222 ic_m4 known_null_sub table completed_valid t=0.0s
[      5s] main 32b c6222 ic_m4 planted_sub table completed_valid t=0.0s
[      5s] main 32b c6222 ic_m4 small_x_offset table completed_valid t=0.0s
[      5s] main 32b c6223 ic_m4 subgroup table completed_valid t=0.0s
[      5s] main 32b c6223 ic_m4 small_x table completed_valid t=0.0s
[      5s] main 32b c6223 ic_m4 random_sub_r0 table completed_valid t=0.0s
[      5s] main 32b c6223 ic_m4 random_sub_r1 table completed_valid t=0.0s
[      5s] main 32b c6223 ic_m4 random_sub_r2 table completed_valid t=0.0s
[      5s] main 32b c6223 ic_m4 known_null_sub table completed_valid t=0.0s
[      5s] main 32b c6223 ic_m4 planted_sub table completed_valid t=0.0s
[      5s] main 32b c6223 ic_m4 small_x_offset table completed_valid t=0.0s
[      6s] main 32b c6224 ic_m4 subgroup table completed_valid t=0.0s
[      6s] main 32b c6224 ic_m4 small_x table completed_valid t=0.0s
[      6s] main 32b c6224 ic_m4 random_sub_r0 table completed_valid t=0.0s
[      6s] main 32b c6224 ic_m4 random_sub_r1 table completed_valid t=0.0s
[      6s] main 32b c6224 ic_m4 random_sub_r2 table completed_valid t=0.0s
[      6s] main 32b c6224 ic_m4 known_null_sub table completed_valid t=0.0s
[      6s] main 32b c6224 ic_m4 planted_sub table completed_valid t=0.0s
[      6s] main 32b c6224 ic_m4 small_x_offset table completed_valid t=0.0s
[      6s] main 32b c6225 ic_m4 subgroup table completed_valid t=0.0s
[      6s] main 32b c6225 ic_m4 small_x table completed_valid t=0.0s
[      6s] main 32b c6225 ic_m4 random_sub_r0 table completed_valid t=0.0s
[      6s] main 32b c6225 ic_m4 random_sub_r1 table completed_valid t=0.0s
[      6s] main 32b c6225 ic_m4 random_sub_r2 table completed_valid t=0.0s
[      6s] main 32b c6225 ic_m4 known_null_sub table completed_valid t=0.0s
[      6s] main 32b c6225 ic_m4 planted_sub table completed_valid t=0.0s
[      6s] main 32b c6225 ic_m4 small_x_offset table completed_valid t=0.0s
[      7s] main 32b c6226 ic_m4 subgroup table completed_valid t=0.0s
[      7s] main 32b c6226 ic_m4 small_x table completed_valid t=0.0s
[      7s] main 32b c6226 ic_m4 random_sub_r0 table completed_valid t=0.0s
[      7s] main 32b c6226 ic_m4 random_sub_r1 table completed_valid t=0.0s
[      7s] main 32b c6226 ic_m4 random_sub_r2 table completed_valid t=0.0s
[      7s] main 32b c6226 ic_m4 known_null_sub table completed_valid t=0.0s
[      7s] main 32b c6226 ic_m4 planted_sub table completed_valid t=0.0s
[      7s] main 32b c6226 ic_m4 small_x_offset table completed_valid t=0.0s
[      7s] main 32b c6227 ic_m4 subgroup table completed_valid t=0.0s
[      7s] main 32b c6227 ic_m4 small_x table completed_valid t=0.0s
[      7s] main 32b c6227 ic_m4 random_sub_r0 table completed_valid t=0.0s
[      7s] main 32b c6227 ic_m4 random_sub_r1 table completed_valid t=0.0s
[      7s] main 32b c6227 ic_m4 random_sub_r2 table completed_valid t=0.0s
[      7s] main 32b c6227 ic_m4 known_null_sub table completed_valid t=0.0s
[      7s] main 32b c6227 ic_m4 planted_sub table completed_valid t=0.0s
[      7s] main 32b c6227 ic_m4 small_x_offset table completed_valid t=0.0s
[      8s] main 32b c6228 ic_m4 subgroup table completed_valid t=0.0s
[      8s] main 32b c6228 ic_m4 small_x table completed_valid t=0.0s
[      8s] main 32b c6228 ic_m4 random_sub_r0 table completed_valid t=0.0s
[      8s] main 32b c6228 ic_m4 random_sub_r1 table completed_valid t=0.0s
[      8s] main 32b c6228 ic_m4 random_sub_r2 table completed_valid t=0.0s
[      8s] main 32b c6228 ic_m4 known_null_sub table completed_valid t=0.0s
[      8s] main 32b c6228 ic_m4 planted_sub table completed_valid t=0.0s
[      8s] main 32b c6228 ic_m4 small_x_offset table completed_valid t=0.0s
[      8s] main 32b c6229 ic_m4 subgroup table completed_valid t=0.0s
[      8s] main 32b c6229 ic_m4 small_x table completed_valid t=0.0s
[      8s] main 32b c6229 ic_m4 random_sub_r0 table completed_valid t=0.0s
[      8s] main 32b c6229 ic_m4 random_sub_r1 table completed_valid t=0.0s
[      8s] main 32b c6229 ic_m4 random_sub_r2 table completed_valid t=0.0s
[      8s] main 32b c6229 ic_m4 known_null_sub table completed_valid t=0.0s
[      8s] main 32b c6229 ic_m4 planted_sub table completed_valid t=0.0s
[      8s] main 32b c6229 ic_m4 small_x_offset table completed_valid t=0.0s
[      8s] main 32b c6230 ic_m4 subgroup table completed_valid t=0.0s
[      8s] main 32b c6230 ic_m4 small_x table completed_valid t=0.0s
[      8s] main 32b c6230 ic_m4 random_sub_r0 table completed_valid t=0.0s
[      8s] main 32b c6230 ic_m4 random_sub_r1 table completed_valid t=0.0s
[      8s] main 32b c6230 ic_m4 random_sub_r2 table completed_valid t=0.0s
[      8s] main 32b c6230 ic_m4 known_null_sub table completed_valid t=0.0s
[      8s] main 32b c6230 ic_m4 planted_sub table completed_valid t=0.0s
[      8s] main 32b c6230 ic_m4 small_x_offset table completed_valid t=0.0s
[      8s] main 32b c6231 ic_m4 subgroup table completed_valid t=0.0s
[      8s] main 32b c6231 ic_m4 small_x table completed_valid t=0.0s
[      8s] main 32b c6231 ic_m4 random_sub_r0 table completed_valid t=0.0s
[      8s] main 32b c6231 ic_m4 random_sub_r1 table completed_valid t=0.0s
[      8s] main 32b c6231 ic_m4 random_sub_r2 table completed_valid t=0.0s
[      8s] main 32b c6231 ic_m4 known_null_sub table completed_valid t=0.0s
[      8s] main 32b c6231 ic_m4 planted_sub table completed_valid t=0.0s
[      8s] main 32b c6231 ic_m4 small_x_offset table completed_valid t=0.0s
[      9s] main 32b c6232 ic_m4 subgroup table completed_valid t=0.0s
[      9s] main 32b c6232 ic_m4 small_x table completed_valid t=0.0s
[      9s] main 32b c6232 ic_m4 random_sub_r0 table completed_valid t=0.0s
[      9s] main 32b c6232 ic_m4 random_sub_r1 table completed_valid t=0.0s
[      9s] main 32b c6232 ic_m4 random_sub_r2 table completed_valid t=0.0s
[      9s] main 32b c6232 ic_m4 known_null_sub table completed_valid t=0.0s
[      9s] main 32b c6232 ic_m4 planted_sub table completed_valid t=0.0s
[      9s] main 32b c6232 ic_m4 small_x_offset table completed_valid t=0.0s
[      9s] main 32b c6233 ic_m4 subgroup table completed_valid t=0.0s
[      9s] main 32b c6233 ic_m4 small_x table completed_valid t=0.0s
[      9s] main 32b c6233 ic_m4 random_sub_r0 table completed_valid t=0.0s
[      9s] main 32b c6233 ic_m4 random_sub_r1 table completed_valid t=0.0s
[      9s] main 32b c6233 ic_m4 random_sub_r2 table completed_valid t=0.0s
[      9s] main 32b c6233 ic_m4 known_null_sub table completed_valid t=0.0s
[      9s] main 32b c6233 ic_m4 planted_sub table completed_valid t=0.0s
[      9s] main 32b c6233 ic_m4 small_x_offset table completed_valid t=0.0s
[      9s] main 32b c6234 ic_m4 subgroup table completed_valid t=0.0s
[      9s] main 32b c6234 ic_m4 small_x table completed_valid t=0.0s
[      9s] main 32b c6234 ic_m4 random_sub_r0 table completed_valid t=0.0s
[      9s] main 32b c6234 ic_m4 random_sub_r1 table completed_valid t=0.0s
[      9s] main 32b c6234 ic_m4 random_sub_r2 table completed_valid t=0.0s
[      9s] main 32b c6234 ic_m4 known_null_sub table completed_valid t=0.0s
[      9s] main 32b c6234 ic_m4 planted_sub table completed_valid t=0.0s
[      9s] main 32b c6234 ic_m4 small_x_offset table completed_valid t=0.0s
[     10s] main 32b c6235 ic_m4 subgroup table completed_valid t=0.0s
[     10s] main 32b c6235 ic_m4 small_x table completed_valid t=0.0s
[     10s] main 32b c6235 ic_m4 random_sub_r0 table completed_valid t=0.0s
[     10s] main 32b c6235 ic_m4 random_sub_r1 table completed_valid t=0.0s
[     10s] main 32b c6235 ic_m4 random_sub_r2 table completed_valid t=0.0s
[     10s] main 32b c6235 ic_m4 known_null_sub table completed_valid t=0.0s
[     10s] main 32b c6235 ic_m4 planted_sub table completed_valid t=0.0s
[     10s] main 32b c6235 ic_m4 small_x_offset table completed_valid t=0.0s
[     10s] main 32b c6236 ic_m4 subgroup table completed_valid t=0.0s
[     10s] main 32b c6236 ic_m4 small_x table completed_valid t=0.0s
[     10s] main 32b c6236 ic_m4 random_sub_r0 table completed_valid t=0.0s
[     10s] main 32b c6236 ic_m4 random_sub_r1 table completed_valid t=0.0s
[     10s] main 32b c6236 ic_m4 random_sub_r2 table completed_valid t=0.0s
[     10s] main 32b c6236 ic_m4 known_null_sub table completed_valid t=0.0s
[     10s] main 32b c6236 ic_m4 planted_sub table completed_valid t=0.0s
[     10s] main 32b c6236 ic_m4 small_x_offset table completed_valid t=0.0s
[     10s] main 32b c6237 ic_m4 subgroup table completed_valid t=0.0s
[     10s] main 32b c6237 ic_m4 small_x table completed_valid t=0.0s
[     10s] main 32b c6237 ic_m4 random_sub_r0 table completed_valid t=0.0s
[     10s] main 32b c6237 ic_m4 random_sub_r1 table completed_valid t=0.0s
[     10s] main 32b c6237 ic_m4 random_sub_r2 table completed_valid t=0.0s
[     10s] main 32b c6237 ic_m4 known_null_sub table completed_valid t=0.0s
[     10s] main 32b c6237 ic_m4 planted_sub table completed_valid t=0.0s
[     10s] main 32b c6237 ic_m4 small_x_offset table completed_valid t=0.0s
[     11s] main 32b c6238 ic_m4 subgroup table completed_valid t=0.0s
[     11s] main 32b c6238 ic_m4 small_x table completed_valid t=0.0s
[     11s] main 32b c6238 ic_m4 random_sub_r0 table completed_valid t=0.0s
[     11s] main 32b c6238 ic_m4 random_sub_r1 table completed_valid t=0.0s
[     11s] main 32b c6238 ic_m4 random_sub_r2 table completed_valid t=0.0s
[     11s] main 32b c6238 ic_m4 known_null_sub table completed_valid t=0.0s
[     11s] main 32b c6238 ic_m4 planted_sub table completed_valid t=0.0s
[     11s] main 32b c6238 ic_m4 small_x_offset table completed_valid t=0.0s
[     11s] main 32b c6239 ic_m4 subgroup table completed_valid t=0.0s
[     11s] main 32b c6239 ic_m4 small_x table completed_valid t=0.0s
[     11s] main 32b c6239 ic_m4 random_sub_r0 table completed_valid t=0.0s
[     11s] main 32b c6239 ic_m4 random_sub_r1 table completed_valid t=0.0s
[     11s] main 32b c6239 ic_m4 random_sub_r2 table completed_valid t=0.0s
[     11s] main 32b c6239 ic_m4 known_null_sub table completed_valid t=0.0s
[     11s] main 32b c6239 ic_m4 planted_sub table completed_valid t=0.0s
[     11s] main 32b c6239 ic_m4 small_x_offset table completed_valid t=0.0s
[     11s] main 32b c6240 ic_m4 subgroup table completed_valid t=0.0s
[     11s] main 32b c6240 ic_m4 small_x table completed_valid t=0.0s
[     11s] main 32b c6240 ic_m4 random_sub_r0 table completed_valid t=0.0s
[     11s] main 32b c6240 ic_m4 random_sub_r1 table completed_valid t=0.0s
[     11s] main 32b c6240 ic_m4 random_sub_r2 table completed_valid t=0.0s
[     11s] main 32b c6240 ic_m4 known_null_sub table completed_valid t=0.0s
[     11s] main 32b c6240 ic_m4 planted_sub table completed_valid t=0.0s
[     11s] main 32b c6240 ic_m4 small_x_offset table completed_valid t=0.0s
[     12s] main 32b c6241 ic_m4 subgroup table completed_valid t=0.0s
[     12s] main 32b c6241 ic_m4 small_x table completed_valid t=0.0s
[     12s] main 32b c6241 ic_m4 random_sub_r0 table completed_valid t=0.0s
[     12s] main 32b c6241 ic_m4 random_sub_r1 table completed_valid t=0.0s
[     12s] main 32b c6241 ic_m4 random_sub_r2 table completed_valid t=0.0s
[     12s] main 32b c6241 ic_m4 known_null_sub table completed_valid t=0.0s
[     12s] main 32b c6241 ic_m4 planted_sub table completed_valid t=0.0s
[     12s] main 32b c6241 ic_m4 small_x_offset table completed_valid t=0.0s
[     12s] main 32b c6242 ic_m4 subgroup table completed_valid t=0.0s
[     12s] main 32b c6242 ic_m4 small_x table completed_valid t=0.0s
[     12s] main 32b c6242 ic_m4 random_sub_r0 table completed_valid t=0.0s
[     12s] main 32b c6242 ic_m4 random_sub_r1 table completed_valid t=0.0s
[     12s] main 32b c6242 ic_m4 random_sub_r2 table completed_valid t=0.0s
[     12s] main 32b c6242 ic_m4 known_null_sub table completed_valid t=0.0s
[     12s] main 32b c6242 ic_m4 planted_sub table completed_valid t=0.0s
[     12s] main 32b c6242 ic_m4 small_x_offset table completed_valid t=0.0s
[     12s] main 32b c6243 ic_m4 subgroup table completed_valid t=0.0s
[     12s] main 32b c6243 ic_m4 small_x table completed_valid t=0.0s
[     12s] main 32b c6243 ic_m4 random_sub_r0 table completed_valid t=0.0s
[     12s] main 32b c6243 ic_m4 random_sub_r1 table completed_valid t=0.0s
[     12s] main 32b c6243 ic_m4 random_sub_r2 table completed_valid t=0.0s
[     12s] main 32b c6243 ic_m4 known_null_sub table completed_valid t=0.0s
[     12s] main 32b c6243 ic_m4 planted_sub table completed_valid t=0.0s
[     12s] main 32b c6243 ic_m4 small_x_offset table completed_valid t=0.0s
[     13s] main 32b c6244 ic_m4 subgroup table completed_valid t=0.0s
[     13s] main 32b c6244 ic_m4 small_x table completed_valid t=0.0s
[     13s] main 32b c6244 ic_m4 random_sub_r0 table completed_valid t=0.0s
[     13s] main 32b c6244 ic_m4 random_sub_r1 table completed_valid t=0.0s
[     13s] main 32b c6244 ic_m4 random_sub_r2 table completed_valid t=0.0s
[     13s] main 32b c6244 ic_m4 known_null_sub table completed_valid t=0.0s
[     13s] main 32b c6244 ic_m4 planted_sub table completed_valid t=0.0s
[     13s] main 32b c6244 ic_m4 small_x_offset table completed_valid t=0.0s
[     13s] main 32b c6245 ic_m4 subgroup table completed_valid t=0.0s
[     13s] main 32b c6245 ic_m4 small_x table completed_valid t=0.0s
[     13s] main 32b c6245 ic_m4 random_sub_r0 table completed_valid t=0.0s
[     13s] main 32b c6245 ic_m4 random_sub_r1 table completed_valid t=0.0s
[     13s] main 32b c6245 ic_m4 random_sub_r2 table completed_valid t=0.0s
[     13s] main 32b c6245 ic_m4 known_null_sub table completed_valid t=0.0s
[     13s] main 32b c6245 ic_m4 planted_sub table completed_valid t=0.0s
[     13s] main 32b c6245 ic_m4 small_x_offset table completed_valid t=0.0s
[     14s] main 32b c6246 ic_m4 subgroup table completed_valid t=0.0s
[     14s] main 32b c6246 ic_m4 small_x table completed_valid t=0.0s
[     14s] main 32b c6246 ic_m4 random_sub_r0 table completed_valid t=0.0s
[     14s] main 32b c6246 ic_m4 random_sub_r1 table completed_valid t=0.0s
[     14s] main 32b c6246 ic_m4 random_sub_r2 table completed_valid t=0.0s
[     14s] main 32b c6246 ic_m4 known_null_sub table completed_valid t=0.0s
[     14s] main 32b c6246 ic_m4 planted_sub table completed_valid t=0.0s
[     14s] main 32b c6246 ic_m4 small_x_offset table completed_valid t=0.0s
[     14s] main 32b c6247 ic_m4 subgroup table completed_valid t=0.0s
[     14s] main 32b c6247 ic_m4 small_x table completed_valid t=0.0s
[     14s] main 32b c6247 ic_m4 random_sub_r0 table completed_valid t=0.0s
[     14s] main 32b c6247 ic_m4 random_sub_r1 table completed_valid t=0.0s
[     14s] main 32b c6247 ic_m4 random_sub_r2 table completed_valid t=0.0s
[     14s] main 32b c6247 ic_m4 known_null_sub table completed_valid t=0.0s
[     14s] main 32b c6247 ic_m4 planted_sub table completed_valid t=0.0s
[     14s] main 32b c6247 ic_m4 small_x_offset table completed_valid t=0.0s
[     15s] main 32b c6248 ic_m4 subgroup table completed_valid t=0.0s
[     15s] main 32b c6248 ic_m4 small_x table completed_valid t=0.0s
[     15s] main 32b c6248 ic_m4 random_sub_r0 table completed_valid t=0.0s
[     15s] main 32b c6248 ic_m4 random_sub_r1 table completed_valid t=0.0s
[     15s] main 32b c6248 ic_m4 random_sub_r2 table completed_valid t=0.0s
[     15s] main 32b c6248 ic_m4 known_null_sub table completed_valid t=0.0s
[     15s] main 32b c6248 ic_m4 planted_sub table completed_valid t=0.0s
[     15s] main 32b c6248 ic_m4 small_x_offset table completed_valid t=0.0s
[     15s] main 32b c6249 ic_m4 subgroup table completed_valid t=0.0s
[     15s] main 32b c6249 ic_m4 small_x table completed_valid t=0.0s
[     15s] main 32b c6249 ic_m4 random_sub_r0 table completed_valid t=0.0s
[     15s] main 32b c6249 ic_m4 random_sub_r1 table completed_valid t=0.0s
[     15s] main 32b c6249 ic_m4 random_sub_r2 table completed_valid t=0.0s
[     15s] main 32b c6249 ic_m4 known_null_sub table completed_valid t=0.0s
[     15s] main 32b c6249 ic_m4 planted_sub table completed_valid t=0.0s
[     15s] main 32b c6249 ic_m4 small_x_offset table completed_valid t=0.0s
[     16s] main 32b c6250 ic_m4 subgroup table completed_valid t=0.0s
[     16s] main 32b c6250 ic_m4 small_x table completed_valid t=0.0s
[     16s] main 32b c6250 ic_m4 random_sub_r0 table completed_valid t=0.0s
[     16s] main 32b c6250 ic_m4 random_sub_r1 table completed_valid t=0.0s
[     16s] main 32b c6250 ic_m4 random_sub_r2 table completed_valid t=0.0s
[     16s] main 32b c6250 ic_m4 known_null_sub table completed_valid t=0.0s
[     16s] main 32b c6250 ic_m4 planted_sub table completed_valid t=0.0s
[     16s] main 32b c6250 ic_m4 small_x_offset table completed_valid t=0.0s
[     16s] main 32b c6251 ic_m4 subgroup table completed_valid t=0.0s
[     16s] main 32b c6251 ic_m4 small_x table completed_valid t=0.0s
[     16s] main 32b c6251 ic_m4 random_sub_r0 table completed_valid t=0.0s
[     16s] main 32b c6251 ic_m4 random_sub_r1 table completed_valid t=0.0s
[     16s] main 32b c6251 ic_m4 random_sub_r2 table completed_valid t=0.0s
[     16s] main 32b c6251 ic_m4 known_null_sub table completed_valid t=0.0s
[     16s] main 32b c6251 ic_m4 planted_sub table completed_valid t=0.1s
[     16s] main 32b c6251 ic_m4 small_x_offset table completed_valid t=0.0s
[     16s] main 32b c6252 ic_m4 subgroup table completed_valid t=0.0s
[     16s] main 32b c6252 ic_m4 small_x table completed_valid t=0.0s
[     16s] main 32b c6252 ic_m4 random_sub_r0 table completed_valid t=0.0s
[     16s] main 32b c6252 ic_m4 random_sub_r1 table completed_valid t=0.0s
[     16s] main 32b c6252 ic_m4 random_sub_r2 table completed_valid t=0.0s
[     16s] main 32b c6252 ic_m4 known_null_sub table completed_valid t=0.0s
[     16s] main 32b c6252 ic_m4 planted_sub table completed_valid t=0.0s
[     16s] main 32b c6252 ic_m4 small_x_offset table completed_valid t=0.0s
[     17s] main 32b c6253 ic_m4 subgroup table completed_valid t=0.0s
[     17s] main 32b c6253 ic_m4 small_x table completed_valid t=0.0s
[     17s] main 32b c6253 ic_m4 random_sub_r0 table completed_valid t=0.0s
[     17s] main 32b c6253 ic_m4 random_sub_r1 table completed_valid t=0.0s
[     17s] main 32b c6253 ic_m4 random_sub_r2 table completed_valid t=0.0s
[     17s] main 32b c6253 ic_m4 known_null_sub table completed_valid t=0.0s
[     17s] main 32b c6253 ic_m4 planted_sub table completed_valid t=0.0s
[     17s] main 32b c6253 ic_m4 small_x_offset table completed_valid t=0.0s
[     17s] main 32b c6254 ic_m4 subgroup table completed_valid t=0.0s
[     17s] main 32b c6254 ic_m4 small_x table completed_valid t=0.0s
[     17s] main 32b c6254 ic_m4 random_sub_r0 table completed_valid t=0.0s
[     17s] main 32b c6254 ic_m4 random_sub_r1 table completed_valid t=0.0s
[     17s] main 32b c6254 ic_m4 random_sub_r2 table completed_valid t=0.0s
[     17s] main 32b c6254 ic_m4 known_null_sub table completed_valid t=0.0s
[     17s] main 32b c6254 ic_m4 planted_sub table completed_valid t=0.0s
[     17s] main 32b c6254 ic_m4 small_x_offset table completed_valid t=0.0s
[     18s] main 32b c6255 ic_m4 subgroup table completed_valid t=0.0s
[     18s] main 32b c6255 ic_m4 small_x table completed_valid t=0.0s
[     18s] main 32b c6255 ic_m4 random_sub_r0 table completed_valid t=0.0s
[     18s] main 32b c6255 ic_m4 random_sub_r1 table completed_valid t=0.0s
[     18s] main 32b c6255 ic_m4 random_sub_r2 table completed_valid t=0.0s
[     18s] main 32b c6255 ic_m4 known_null_sub table completed_valid t=0.0s
[     18s] main 32b c6255 ic_m4 planted_sub table completed_valid t=0.0s
[     18s] main 32b c6255 ic_m4 small_x_offset table completed_valid t=0.0s
[     18s] main 32b c6256 ic_m4 subgroup table completed_valid t=0.0s
[     18s] main 32b c6256 ic_m4 small_x table completed_valid t=0.0s
[     18s] main 32b c6256 ic_m4 random_sub_r0 table completed_valid t=0.0s
[     18s] main 32b c6256 ic_m4 random_sub_r1 table completed_valid t=0.0s
[     18s] main 32b c6256 ic_m4 random_sub_r2 table completed_valid t=0.0s
[     18s] main 32b c6256 ic_m4 known_null_sub table completed_valid t=0.0s
[     18s] main 32b c6256 ic_m4 planted_sub table completed_valid t=0.0s
[     18s] main 32b c6256 ic_m4 small_x_offset table completed_valid t=0.0s
[     18s] main 32b c6257 ic_m4 subgroup table completed_valid t=0.0s
[     18s] main 32b c6257 ic_m4 small_x table completed_valid t=0.0s
[     18s] main 32b c6257 ic_m4 random_sub_r0 table completed_valid t=0.0s
[     18s] main 32b c6257 ic_m4 random_sub_r1 table completed_valid t=0.0s
[     18s] main 32b c6257 ic_m4 random_sub_r2 table completed_valid t=0.0s
[     18s] main 32b c6257 ic_m4 known_null_sub table completed_valid t=0.0s
[     18s] main 32b c6257 ic_m4 planted_sub table completed_valid t=0.0s
[     18s] main 32b c6257 ic_m4 small_x_offset table completed_valid t=0.0s
[     19s] main 32b c6258 ic_m4 subgroup table completed_valid t=0.0s
[     19s] main 32b c6258 ic_m4 small_x table completed_valid t=0.0s
[     19s] main 32b c6258 ic_m4 random_sub_r0 table completed_valid t=0.0s
[     19s] main 32b c6258 ic_m4 random_sub_r1 table completed_valid t=0.0s
[     19s] main 32b c6258 ic_m4 random_sub_r2 table completed_valid t=0.0s
[     19s] main 32b c6258 ic_m4 known_null_sub table completed_valid t=0.0s
[     19s] main 32b c6258 ic_m4 planted_sub table completed_valid t=0.0s
[     19s] main 32b c6258 ic_m4 small_x_offset table completed_valid t=0.0s
[     19s] main 32b c6259 ic_m4 subgroup table completed_valid t=0.0s
[     19s] main 32b c6259 ic_m4 small_x table completed_valid t=0.0s
[     19s] main 32b c6259 ic_m4 random_sub_r0 table completed_valid t=0.0s
[     19s] main 32b c6259 ic_m4 random_sub_r1 table completed_valid t=0.0s
[     19s] main 32b c6259 ic_m4 random_sub_r2 table completed_valid t=0.0s
[     19s] main 32b c6259 ic_m4 known_null_sub table completed_valid t=0.0s
[     19s] main 32b c6259 ic_m4 planted_sub table completed_valid t=0.0s
[     19s] main 32b c6259 ic_m4 small_x_offset table completed_valid t=0.0s
[     20s] main 32b c6260 ic_m4 subgroup table completed_valid t=0.0s
[     20s] main 32b c6260 ic_m4 small_x table completed_valid t=0.0s
[     20s] main 32b c6260 ic_m4 random_sub_r0 table completed_valid t=0.0s
[     20s] main 32b c6260 ic_m4 random_sub_r1 table completed_valid t=0.0s
[     20s] main 32b c6260 ic_m4 random_sub_r2 table completed_valid t=0.0s
[     20s] main 32b c6260 ic_m4 known_null_sub table completed_valid t=0.0s
[     20s] main 32b c6260 ic_m4 planted_sub table completed_valid t=0.0s
[     20s] main 32b c6260 ic_m4 small_x_offset table completed_valid t=0.0s
[     20s] main 32b c6261 ic_m4 subgroup table completed_valid t=0.0s
[     20s] main 32b c6261 ic_m4 small_x table completed_valid t=0.0s
[     20s] main 32b c6261 ic_m4 random_sub_r0 table completed_valid t=0.0s
[     20s] main 32b c6261 ic_m4 random_sub_r1 table completed_valid t=0.0s
[     20s] main 32b c6261 ic_m4 random_sub_r2 table completed_valid t=0.0s
[     20s] main 32b c6261 ic_m4 known_null_sub table completed_valid t=0.0s
[     20s] main 32b c6261 ic_m4 planted_sub table completed_valid t=0.0s
[     20s] main 32b c6261 ic_m4 small_x_offset table completed_valid t=0.0s
[     21s] main 32b c6262 ic_m4 subgroup table completed_valid t=0.0s
[     21s] main 32b c6262 ic_m4 small_x table completed_valid t=0.0s
[     21s] main 32b c6262 ic_m4 random_sub_r0 table completed_valid t=0.0s
[     21s] main 32b c6262 ic_m4 random_sub_r1 table completed_valid t=0.0s
[     21s] main 32b c6262 ic_m4 random_sub_r2 table completed_valid t=0.0s
[     21s] main 32b c6262 ic_m4 known_null_sub table completed_valid t=0.0s
[     21s] main 32b c6262 ic_m4 planted_sub table completed_valid t=0.1s
[     21s] main 32b c6262 ic_m4 small_x_offset table completed_valid t=0.0s
[     21s] main 32b c6263 ic_m4 subgroup table completed_valid t=0.0s
[     21s] main 32b c6263 ic_m4 small_x table completed_valid t=0.0s
[     21s] main 32b c6263 ic_m4 random_sub_r0 table completed_valid t=0.0s
[     21s] main 32b c6263 ic_m4 random_sub_r1 table completed_valid t=0.0s
[     21s] main 32b c6263 ic_m4 random_sub_r2 table completed_valid t=0.0s
[     21s] main 32b c6263 ic_m4 known_null_sub table completed_valid t=0.0s
[     21s] main 32b c6263 ic_m4 planted_sub table completed_valid t=0.0s
[     21s] main 32b c6263 ic_m4 small_x_offset table completed_valid t=0.0s
[     22s] main 32b c6264 ic_m4 subgroup table completed_valid t=0.0s
[     22s] main 32b c6264 ic_m4 small_x table completed_valid t=0.0s
[     22s] main 32b c6264 ic_m4 random_sub_r0 table completed_valid t=0.0s
[     22s] main 32b c6264 ic_m4 random_sub_r1 table completed_valid t=0.0s
[     22s] main 32b c6264 ic_m4 random_sub_r2 table completed_valid t=0.0s
[     22s] main 32b c6264 ic_m4 known_null_sub table completed_valid t=0.0s
[     22s] main 32b c6264 ic_m4 planted_sub table completed_valid t=0.0s
[     22s] main 32b c6264 ic_m4 small_x_offset table completed_valid t=0.0s
[     22s] main 32b c6265 ic_m4 subgroup table completed_valid t=0.0s
[     22s] main 32b c6265 ic_m4 small_x table completed_valid t=0.0s
[     22s] main 32b c6265 ic_m4 random_sub_r0 table completed_valid t=0.0s
[     22s] main 32b c6265 ic_m4 random_sub_r1 table completed_valid t=0.0s
[     22s] main 32b c6265 ic_m4 random_sub_r2 table completed_valid t=0.0s
[     22s] main 32b c6265 ic_m4 known_null_sub table completed_valid t=0.0s
[     22s] main 32b c6265 ic_m4 planted_sub table completed_valid t=0.0s
[     22s] main 32b c6265 ic_m4 small_x_offset table completed_valid t=0.0s
[     22s] main 32b c6266 ic_m4 subgroup table completed_valid t=0.0s
[     22s] main 32b c6266 ic_m4 small_x table completed_valid t=0.0s
[     22s] main 32b c6266 ic_m4 random_sub_r0 table completed_valid t=0.0s
[     22s] main 32b c6266 ic_m4 random_sub_r1 table completed_valid t=0.0s
[     22s] main 32b c6266 ic_m4 random_sub_r2 table completed_valid t=0.0s
[     22s] main 32b c6266 ic_m4 known_null_sub table completed_valid t=0.0s
[     22s] main 32b c6266 ic_m4 planted_sub table completed_valid t=0.0s
[     22s] main 32b c6266 ic_m4 small_x_offset table completed_valid t=0.0s
[     23s] main 32b c6267 ic_m4 subgroup table completed_valid t=0.0s
[     23s] main 32b c6267 ic_m4 small_x table completed_valid t=0.0s
[     23s] main 32b c6267 ic_m4 random_sub_r0 table completed_valid t=0.0s
[     23s] main 32b c6267 ic_m4 random_sub_r1 table completed_valid t=0.0s
[     23s] main 32b c6267 ic_m4 random_sub_r2 table completed_valid t=0.0s
[     23s] main 32b c6267 ic_m4 known_null_sub table completed_valid t=0.0s
[     23s] main 32b c6267 ic_m4 planted_sub table completed_valid t=0.0s
[     23s] main 32b c6267 ic_m4 small_x_offset table completed_valid t=0.0s
[     23s] main 32b c6268 ic_m4 subgroup table completed_valid t=0.0s
[     23s] main 32b c6268 ic_m4 small_x table completed_valid t=0.0s
[     23s] main 32b c6268 ic_m4 random_sub_r0 table completed_valid t=0.0s
[     23s] main 32b c6268 ic_m4 random_sub_r1 table completed_valid t=0.0s
[     23s] main 32b c6268 ic_m4 random_sub_r2 table completed_valid t=0.0s
[     23s] main 32b c6268 ic_m4 known_null_sub table completed_valid t=0.0s
[     23s] main 32b c6268 ic_m4 planted_sub table completed_valid t=0.0s
[     23s] main 32b c6268 ic_m4 small_x_offset table completed_valid t=0.0s
[     24s] main 32b c6269 ic_m4 subgroup table completed_valid t=0.0s
[     24s] main 32b c6269 ic_m4 small_x table completed_valid t=0.0s
[     24s] main 32b c6269 ic_m4 random_sub_r0 table completed_valid t=0.0s
[     24s] main 32b c6269 ic_m4 random_sub_r1 table completed_valid t=0.0s
[     24s] main 32b c6269 ic_m4 random_sub_r2 table completed_valid t=0.0s
[     24s] main 32b c6269 ic_m4 known_null_sub table completed_valid t=0.0s
[     24s] main 32b c6269 ic_m4 planted_sub table completed_valid t=0.0s
[     24s] main 32b c6269 ic_m4 small_x_offset table completed_valid t=0.0s
[     24s] main 32b c6270 ic_m4 subgroup table completed_valid t=0.0s
[     24s] main 32b c6270 ic_m4 small_x table completed_valid t=0.0s
[     24s] main 32b c6270 ic_m4 random_sub_r0 table completed_valid t=0.0s
[     24s] main 32b c6270 ic_m4 random_sub_r1 table completed_valid t=0.0s
[     24s] main 32b c6270 ic_m4 random_sub_r2 table completed_valid t=0.0s
[     24s] main 32b c6270 ic_m4 known_null_sub table completed_valid t=0.0s
[     24s] main 32b c6270 ic_m4 planted_sub table completed_valid t=0.0s
[     24s] main 32b c6270 ic_m4 small_x_offset table completed_valid t=0.0s
[     24s] main 32b c6271 ic_m4 subgroup table completed_valid t=0.0s
[     24s] main 32b c6271 ic_m4 small_x table completed_valid t=0.0s
[     24s] main 32b c6271 ic_m4 random_sub_r0 table completed_valid t=0.0s
[     24s] main 32b c6271 ic_m4 random_sub_r1 table completed_valid t=0.0s
[     24s] main 32b c6271 ic_m4 random_sub_r2 table completed_valid t=0.0s
[     24s] main 32b c6271 ic_m4 known_null_sub table completed_valid t=0.0s
[     24s] main 32b c6271 ic_m4 planted_sub table completed_valid t=0.0s
[     24s] main 32b c6271 ic_m4 small_x_offset table completed_valid t=0.0s
[     25s] main 32b c6272 ic_m4 subgroup table completed_valid t=0.0s
[     25s] main 32b c6272 ic_m4 small_x table completed_valid t=0.0s
[     25s] main 32b c6272 ic_m4 random_sub_r0 table completed_valid t=0.0s
[     25s] main 32b c6272 ic_m4 random_sub_r1 table completed_valid t=0.0s
[     25s] main 32b c6272 ic_m4 random_sub_r2 table completed_valid t=0.0s
[     25s] main 32b c6272 ic_m4 known_null_sub table completed_valid t=0.0s
[     25s] main 32b c6272 ic_m4 planted_sub table completed_valid t=0.0s
[     25s] main 32b c6272 ic_m4 small_x_offset table completed_valid t=0.0s
[     25s] main 32b c6273 ic_m4 subgroup table completed_valid t=0.0s
[     25s] main 32b c6273 ic_m4 small_x table completed_valid t=0.0s
[     25s] main 32b c6273 ic_m4 random_sub_r0 table completed_valid t=0.0s
[     25s] main 32b c6273 ic_m4 random_sub_r1 table completed_valid t=0.0s
[     25s] main 32b c6273 ic_m4 random_sub_r2 table completed_valid t=0.0s
[     25s] main 32b c6273 ic_m4 known_null_sub table completed_valid t=0.0s
[     25s] main 32b c6273 ic_m4 planted_sub table completed_valid t=0.0s
[     25s] main 32b c6273 ic_m4 small_x_offset table completed_valid t=0.0s
[     25s] main 32b c6274 ic_m4 subgroup table completed_valid t=0.0s
[     25s] main 32b c6274 ic_m4 small_x table completed_valid t=0.0s
[     25s] main 32b c6274 ic_m4 random_sub_r0 table completed_valid t=0.0s
[     25s] main 32b c6274 ic_m4 random_sub_r1 table completed_valid t=0.0s
[     25s] main 32b c6274 ic_m4 random_sub_r2 table completed_valid t=0.0s
[     25s] main 32b c6274 ic_m4 known_null_sub table completed_valid t=0.0s
[     25s] main 32b c6274 ic_m4 planted_sub table completed_valid t=0.0s
[     25s] main 32b c6274 ic_m4 small_x_offset table completed_valid t=0.0s
[     26s] main 32b c6275 ic_m4 subgroup table completed_valid t=0.0s
[     26s] main 32b c6275 ic_m4 small_x table completed_valid t=0.0s
[     26s] main 32b c6275 ic_m4 random_sub_r0 table completed_valid t=0.0s
[     26s] main 32b c6275 ic_m4 random_sub_r1 table completed_valid t=0.0s
[     26s] main 32b c6275 ic_m4 random_sub_r2 table completed_valid t=0.0s
[     26s] main 32b c6275 ic_m4 known_null_sub table completed_valid t=0.0s
[     26s] main 32b c6275 ic_m4 planted_sub table completed_valid t=0.0s
[     26s] main 32b c6275 ic_m4 small_x_offset table completed_valid t=0.0s
[     26s] main 32b c6276 ic_m4 subgroup table completed_valid t=0.0s
[     26s] main 32b c6276 ic_m4 small_x table completed_valid t=0.0s
[     26s] main 32b c6276 ic_m4 random_sub_r0 table completed_valid t=0.0s
[     26s] main 32b c6276 ic_m4 random_sub_r1 table completed_valid t=0.0s
[     26s] main 32b c6276 ic_m4 random_sub_r2 table completed_valid t=0.0s
[     26s] main 32b c6276 ic_m4 known_null_sub table completed_valid t=0.0s
[     26s] main 32b c6276 ic_m4 planted_sub table completed_valid t=0.0s
[     26s] main 32b c6276 ic_m4 small_x_offset table completed_valid t=0.0s
[     27s] main 32b c6277 ic_m4 subgroup table completed_valid t=0.0s
[     27s] main 32b c6277 ic_m4 small_x table completed_valid t=0.0s
[     27s] main 32b c6277 ic_m4 random_sub_r0 table completed_valid t=0.0s
[     27s] main 32b c6277 ic_m4 random_sub_r1 table completed_valid t=0.0s
[     27s] main 32b c6277 ic_m4 random_sub_r2 table completed_valid t=0.0s
[     27s] main 32b c6277 ic_m4 known_null_sub table completed_valid t=0.0s
[     27s] main 32b c6277 ic_m4 planted_sub table completed_valid t=0.0s
[     27s] main 32b c6277 ic_m4 small_x_offset table completed_valid t=0.0s
[     27s] main 32b c6278 ic_m4 subgroup table completed_valid t=0.1s
[     27s] main 32b c6278 ic_m4 small_x table completed_valid t=0.0s
[     27s] main 32b c6278 ic_m4 random_sub_r0 table completed_valid t=0.1s
[     27s] main 32b c6278 ic_m4 random_sub_r1 table completed_valid t=0.1s
[     27s] main 32b c6278 ic_m4 random_sub_r2 table completed_valid t=0.0s
[     27s] main 32b c6278 ic_m4 known_null_sub table completed_valid t=0.0s
[     27s] main 32b c6278 ic_m4 planted_sub table completed_valid t=0.0s
[     27s] main 32b c6278 ic_m4 small_x_offset table completed_valid t=0.0s
[     28s] main 32b c6279 ic_m4 subgroup table completed_valid t=0.0s
[     28s] main 32b c6279 ic_m4 small_x table completed_valid t=0.0s
[     28s] main 32b c6279 ic_m4 random_sub_r0 table completed_valid t=0.0s
[     28s] main 32b c6279 ic_m4 random_sub_r1 table completed_valid t=0.0s
[     28s] main 32b c6279 ic_m4 random_sub_r2 table completed_valid t=0.0s
[     28s] main 32b c6279 ic_m4 known_null_sub table completed_valid t=0.0s
[     28s] main 32b c6279 ic_m4 planted_sub table completed_valid t=0.0s
[     28s] main 32b c6279 ic_m4 small_x_offset table completed_valid t=0.0s
[     28s] main 32b c6280 ic_m4 subgroup table completed_valid t=0.0s
[     28s] main 32b c6280 ic_m4 small_x table completed_valid t=0.0s
[     28s] main 32b c6280 ic_m4 random_sub_r0 table completed_valid t=0.0s
[     28s] main 32b c6280 ic_m4 random_sub_r1 table completed_valid t=0.0s
[     28s] main 32b c6280 ic_m4 random_sub_r2 table completed_valid t=0.0s
[     28s] main 32b c6280 ic_m4 known_null_sub table completed_valid t=0.0s
[     28s] main 32b c6280 ic_m4 planted_sub table completed_valid t=0.0s
[     28s] main 32b c6280 ic_m4 small_x_offset table completed_valid t=0.0s
[     29s] main 32b c6281 ic_m4 subgroup table completed_valid t=0.0s
[     29s] main 32b c6281 ic_m4 small_x table completed_valid t=0.0s
[     29s] main 32b c6281 ic_m4 random_sub_r0 table completed_valid t=0.0s
[     29s] main 32b c6281 ic_m4 random_sub_r1 table completed_valid t=0.0s
[     29s] main 32b c6281 ic_m4 random_sub_r2 table completed_valid t=0.0s
[     29s] main 32b c6281 ic_m4 known_null_sub table completed_valid t=0.0s
[     29s] main 32b c6281 ic_m4 planted_sub table completed_valid t=0.0s
[     29s] main 32b c6281 ic_m4 small_x_offset table completed_valid t=0.0s
[     29s] main 32b c6282 ic_m4 subgroup table completed_valid t=0.0s
[     29s] main 32b c6282 ic_m4 small_x table completed_valid t=0.0s
[     29s] main 32b c6282 ic_m4 random_sub_r0 table completed_valid t=0.0s
[     29s] main 32b c6282 ic_m4 random_sub_r1 table completed_valid t=0.0s
[     29s] main 32b c6282 ic_m4 random_sub_r2 table completed_valid t=0.0s
[     29s] main 32b c6282 ic_m4 known_null_sub table completed_valid t=0.0s
[     29s] main 32b c6282 ic_m4 planted_sub table completed_valid t=0.0s
[     29s] main 32b c6282 ic_m4 small_x_offset table completed_valid t=0.0s
[     30s] main 32b c6283 ic_m4 subgroup table completed_valid t=0.0s
[     30s] main 32b c6283 ic_m4 small_x table completed_valid t=0.0s
[     30s] main 32b c6283 ic_m4 random_sub_r0 table completed_valid t=0.0s
[     30s] main 32b c6283 ic_m4 random_sub_r1 table completed_valid t=0.0s
[     30s] main 32b c6283 ic_m4 random_sub_r2 table completed_valid t=0.0s
[     30s] main 32b c6283 ic_m4 known_null_sub table completed_valid t=0.0s
[     30s] main 32b c6283 ic_m4 planted_sub table completed_valid t=0.0s
[     30s] main 32b c6283 ic_m4 small_x_offset table completed_valid t=0.0s
[     30s] main 32b c6284 ic_m4 subgroup table completed_valid t=0.0s
[     30s] main 32b c6284 ic_m4 small_x table completed_valid t=0.0s
[     30s] main 32b c6284 ic_m4 random_sub_r0 table completed_valid t=0.0s
[     30s] main 32b c6284 ic_m4 random_sub_r1 table completed_valid t=0.0s
[     30s] main 32b c6284 ic_m4 random_sub_r2 table completed_valid t=0.0s
[     30s] main 32b c6284 ic_m4 known_null_sub table completed_valid t=0.0s
[     30s] main 32b c6284 ic_m4 planted_sub table completed_valid t=0.0s
[     30s] main 32b c6284 ic_m4 small_x_offset table completed_valid t=0.0s
[     30s] main 32b c6285 ic_m4 subgroup table completed_valid t=0.0s
[     30s] main 32b c6285 ic_m4 small_x table completed_valid t=0.0s
[     30s] main 32b c6285 ic_m4 random_sub_r0 table completed_valid t=0.0s
[     30s] main 32b c6285 ic_m4 random_sub_r1 table completed_valid t=0.0s
[     30s] main 32b c6285 ic_m4 random_sub_r2 table completed_valid t=0.0s
[     30s] main 32b c6285 ic_m4 known_null_sub table completed_valid t=0.0s
[     30s] main 32b c6285 ic_m4 planted_sub table completed_valid t=0.0s
[     30s] main 32b c6285 ic_m4 small_x_offset table completed_valid t=0.0s
[     31s] main 32b c6286 ic_m4 subgroup table completed_valid t=0.0s
[     31s] main 32b c6286 ic_m4 small_x table completed_valid t=0.0s
[     31s] main 32b c6286 ic_m4 random_sub_r0 table completed_valid t=0.0s
[     31s] main 32b c6286 ic_m4 random_sub_r1 table completed_valid t=0.0s
[     31s] main 32b c6286 ic_m4 random_sub_r2 table completed_valid t=0.0s
[     31s] main 32b c6286 ic_m4 known_null_sub table completed_valid t=0.0s
[     31s] main 32b c6286 ic_m4 planted_sub table completed_valid t=0.0s
[     31s] main 32b c6286 ic_m4 small_x_offset table completed_valid t=0.0s
[     31s] main 32b c6287 ic_m4 subgroup table completed_valid t=0.0s
[     31s] main 32b c6287 ic_m4 small_x table completed_valid t=0.0s
[     31s] main 32b c6287 ic_m4 random_sub_r0 table completed_valid t=0.0s
[     31s] main 32b c6287 ic_m4 random_sub_r1 table completed_valid t=0.0s
[     31s] main 32b c6287 ic_m4 random_sub_r2 table completed_valid t=0.0s
[     31s] main 32b c6287 ic_m4 known_null_sub table completed_valid t=0.0s
[     31s] main 32b c6287 ic_m4 planted_sub table completed_valid t=0.0s
[     31s] main 32b c6287 ic_m4 small_x_offset table completed_valid t=0.0s
[     32s] main 32b c6288 ic_m4 subgroup table completed_valid t=0.0s
[     32s] main 32b c6288 ic_m4 small_x table completed_valid t=0.0s
[     32s] main 32b c6288 ic_m4 random_sub_r0 table completed_valid t=0.0s
[     32s] main 32b c6288 ic_m4 random_sub_r1 table completed_valid t=0.0s
[     32s] main 32b c6288 ic_m4 random_sub_r2 table completed_valid t=0.0s
[     32s] main 32b c6288 ic_m4 known_null_sub table completed_valid t=0.0s
[     32s] main 32b c6288 ic_m4 planted_sub table completed_valid t=0.0s
[     32s] main 32b c6288 ic_m4 small_x_offset table completed_valid t=0.0s
[     32s] main 32b c6289 ic_m4 subgroup table completed_valid t=0.0s
[     32s] main 32b c6289 ic_m4 small_x table completed_valid t=0.0s
[     32s] main 32b c6289 ic_m4 random_sub_r0 table completed_valid t=0.0s
[     32s] main 32b c6289 ic_m4 random_sub_r1 table completed_valid t=0.0s
[     32s] main 32b c6289 ic_m4 random_sub_r2 table completed_valid t=0.0s
[     32s] main 32b c6289 ic_m4 known_null_sub table completed_valid t=0.0s
[     32s] main 32b c6289 ic_m4 planted_sub table completed_valid t=0.1s
[     32s] main 32b c6289 ic_m4 small_x_offset table completed_valid t=0.0s
[     33s] main 32b c6290 ic_m4 subgroup table completed_valid t=0.0s
[     33s] main 32b c6290 ic_m4 small_x table completed_valid t=0.0s
[     33s] main 32b c6290 ic_m4 random_sub_r0 table completed_valid t=0.0s
[     33s] main 32b c6290 ic_m4 random_sub_r1 table completed_valid t=0.0s
[     33s] main 32b c6290 ic_m4 random_sub_r2 table completed_valid t=0.0s
[     33s] main 32b c6290 ic_m4 known_null_sub table completed_valid t=0.0s
[     33s] main 32b c6290 ic_m4 planted_sub table completed_valid t=0.0s
[     33s] main 32b c6290 ic_m4 small_x_offset table completed_valid t=0.0s
[     33s] main 32b c6291 ic_m4 subgroup table completed_valid t=0.0s
[     33s] main 32b c6291 ic_m4 small_x table completed_valid t=0.0s
[     33s] main 32b c6291 ic_m4 random_sub_r0 table completed_valid t=0.0s
[     33s] main 32b c6291 ic_m4 random_sub_r1 table completed_valid t=0.0s
[     33s] main 32b c6291 ic_m4 random_sub_r2 table completed_valid t=0.0s
[     33s] main 32b c6291 ic_m4 known_null_sub table completed_valid t=0.0s
[     33s] main 32b c6291 ic_m4 planted_sub table completed_valid t=0.0s
[     33s] main 32b c6291 ic_m4 small_x_offset table completed_valid t=0.0s
[     34s] main 32b c6292 ic_m4 subgroup table completed_valid t=0.0s
[     34s] main 32b c6292 ic_m4 small_x table completed_valid t=0.0s
[     34s] main 32b c6292 ic_m4 random_sub_r0 table completed_valid t=0.0s
[     34s] main 32b c6292 ic_m4 random_sub_r1 table completed_valid t=0.0s
[     34s] main 32b c6292 ic_m4 random_sub_r2 table completed_valid t=0.0s
[     34s] main 32b c6292 ic_m4 known_null_sub table completed_valid t=0.0s
[     34s] main 32b c6292 ic_m4 planted_sub table completed_valid t=0.0s
[     34s] main 32b c6292 ic_m4 small_x_offset table completed_valid t=0.0s
[     34s] main 32b c6293 ic_m4 subgroup table completed_valid t=0.0s
[     34s] main 32b c6293 ic_m4 small_x table completed_valid t=0.0s
[     34s] main 32b c6293 ic_m4 random_sub_r0 table completed_valid t=0.0s
[     34s] main 32b c6293 ic_m4 random_sub_r1 table completed_valid t=0.0s
[     34s] main 32b c6293 ic_m4 random_sub_r2 table completed_valid t=0.0s
[     34s] main 32b c6293 ic_m4 known_null_sub table completed_valid t=0.0s
[     34s] main 32b c6293 ic_m4 planted_sub table completed_valid t=0.0s
[     34s] main 32b c6293 ic_m4 small_x_offset table completed_valid t=0.0s
[     34s] main 32b c6294 ic_m4 subgroup table completed_valid t=0.0s
[     34s] main 32b c6294 ic_m4 small_x table completed_valid t=0.0s
[     34s] main 32b c6294 ic_m4 random_sub_r0 table completed_valid t=0.0s
[     34s] main 32b c6294 ic_m4 random_sub_r1 table completed_valid t=0.0s
[     34s] main 32b c6294 ic_m4 random_sub_r2 table completed_valid t=0.0s
[     34s] main 32b c6294 ic_m4 known_null_sub table completed_valid t=0.1s
[     34s] main 32b c6294 ic_m4 planted_sub table completed_valid t=0.1s
[     34s] main 32b c6294 ic_m4 small_x_offset table completed_valid t=0.0s
[     35s] main 32b c6295 ic_m4 subgroup table completed_valid t=0.0s
[     35s] main 32b c6295 ic_m4 small_x table completed_valid t=0.0s
[     35s] main 32b c6295 ic_m4 random_sub_r0 table completed_valid t=0.0s
[     35s] main 32b c6295 ic_m4 random_sub_r1 table completed_valid t=0.0s
[     35s] main 32b c6295 ic_m4 random_sub_r2 table completed_valid t=0.0s
[     35s] main 32b c6295 ic_m4 known_null_sub table completed_valid t=0.0s
[     35s] main 32b c6295 ic_m4 planted_sub table completed_valid t=0.0s
[     35s] main 32b c6295 ic_m4 small_x_offset table completed_valid t=0.0s
[     35s] main 32b c6296 ic_m4 subgroup table completed_valid t=0.0s
[     35s] main 32b c6296 ic_m4 small_x table completed_valid t=0.0s
[     35s] main 32b c6296 ic_m4 random_sub_r0 table completed_valid t=0.0s
[     35s] main 32b c6296 ic_m4 random_sub_r1 table completed_valid t=0.0s
[     35s] main 32b c6296 ic_m4 random_sub_r2 table completed_valid t=0.0s
[     35s] main 32b c6296 ic_m4 known_null_sub table completed_valid t=0.0s
[     35s] main 32b c6296 ic_m4 planted_sub table completed_valid t=0.0s
[     35s] main 32b c6296 ic_m4 small_x_offset table completed_valid t=0.0s
[     36s] main 32b c6297 ic_m4 subgroup table completed_valid t=0.0s
[     36s] main 32b c6297 ic_m4 small_x table completed_valid t=0.0s
[     36s] main 32b c6297 ic_m4 random_sub_r0 table completed_valid t=0.0s
[     36s] main 32b c6297 ic_m4 random_sub_r1 table completed_valid t=0.0s
[     36s] main 32b c6297 ic_m4 random_sub_r2 table completed_valid t=0.0s
[     36s] main 32b c6297 ic_m4 known_null_sub table completed_valid t=0.0s
[     36s] main 32b c6297 ic_m4 planted_sub table completed_valid t=0.0s
[     36s] main 32b c6297 ic_m4 small_x_offset table completed_valid t=0.0s
[     36s] main 32b c6298 ic_m4 subgroup table completed_valid t=0.0s
[     36s] main 32b c6298 ic_m4 small_x table completed_valid t=0.0s
[     36s] main 32b c6298 ic_m4 random_sub_r0 table completed_valid t=0.0s
[     36s] main 32b c6298 ic_m4 random_sub_r1 table completed_valid t=0.0s
[     36s] main 32b c6298 ic_m4 random_sub_r2 table completed_valid t=0.0s
[     36s] main 32b c6298 ic_m4 known_null_sub table completed_valid t=0.0s
[     36s] main 32b c6298 ic_m4 planted_sub table completed_valid t=0.0s
[     36s] main 32b c6298 ic_m4 small_x_offset table completed_valid t=0.0s
[     37s] main 32b c6299 ic_m4 subgroup table completed_valid t=0.0s
[     37s] main 32b c6299 ic_m4 small_x table completed_valid t=0.0s
[     37s] main 32b c6299 ic_m4 random_sub_r0 table completed_valid t=0.0s
[     37s] main 32b c6299 ic_m4 random_sub_r1 table completed_valid t=0.0s
[     37s] main 32b c6299 ic_m4 random_sub_r2 table completed_valid t=0.0s
[     37s] main 32b c6299 ic_m4 known_null_sub table completed_valid t=0.0s
[     37s] main 32b c6299 ic_m4 planted_sub table completed_valid t=0.0s
[     37s] main 32b c6299 ic_m4 small_x_offset table completed_valid t=0.0s
[     37s] main 32b c6300 ic_m4 subgroup table completed_valid t=0.0s
[     37s] main 32b c6300 ic_m4 small_x table completed_valid t=0.0s
[     37s] main 32b c6300 ic_m4 random_sub_r0 table completed_valid t=0.0s
[     37s] main 32b c6300 ic_m4 random_sub_r1 table completed_valid t=0.0s
[     37s] main 32b c6300 ic_m4 random_sub_r2 table completed_valid t=0.0s
[     37s] main 32b c6300 ic_m4 known_null_sub table completed_valid t=0.0s
[     37s] main 32b c6300 ic_m4 planted_sub table completed_valid t=0.0s
[     37s] main 32b c6300 ic_m4 small_x_offset table completed_valid t=0.0s
[     37s] main 32b c6301 ic_m4 subgroup table completed_valid t=0.0s
[     37s] main 32b c6301 ic_m4 small_x table completed_valid t=0.0s
[     37s] main 32b c6301 ic_m4 random_sub_r0 table completed_valid t=0.0s
[     37s] main 32b c6301 ic_m4 random_sub_r1 table completed_valid t=0.0s
[     37s] main 32b c6301 ic_m4 random_sub_r2 table completed_valid t=0.0s
[     37s] main 32b c6301 ic_m4 known_null_sub table completed_valid t=0.0s
[     37s] main 32b c6301 ic_m4 planted_sub table completed_valid t=0.0s
[     37s] main 32b c6301 ic_m4 small_x_offset table completed_valid t=0.0s
[     38s] main 32b c6302 ic_m4 subgroup table completed_valid t=0.0s
[     38s] main 32b c6302 ic_m4 small_x table completed_valid t=0.0s
[     38s] main 32b c6302 ic_m4 random_sub_r0 table completed_valid t=0.0s
[     38s] main 32b c6302 ic_m4 random_sub_r1 table completed_valid t=0.0s
[     38s] main 32b c6302 ic_m4 random_sub_r2 table completed_valid t=0.0s
[     38s] main 32b c6302 ic_m4 known_null_sub table completed_valid t=0.0s
[     38s] main 32b c6302 ic_m4 planted_sub table completed_valid t=0.0s
[     38s] main 32b c6302 ic_m4 small_x_offset table completed_valid t=0.0s
[     38s] main 32b c6303 ic_m4 subgroup table completed_valid t=0.0s
[     38s] main 32b c6303 ic_m4 small_x table completed_valid t=0.0s
[     38s] main 32b c6303 ic_m4 random_sub_r0 table completed_valid t=0.0s
[     38s] main 32b c6303 ic_m4 random_sub_r1 table completed_valid t=0.0s
[     38s] main 32b c6303 ic_m4 random_sub_r2 table completed_valid t=0.0s
[     38s] main 32b c6303 ic_m4 known_null_sub table completed_valid t=0.0s
[     38s] main 32b c6303 ic_m4 planted_sub table completed_valid t=0.0s
[     38s] main 32b c6303 ic_m4 small_x_offset table completed_valid t=0.0s
[     38s] main 32b c6304 ic_m4 subgroup table completed_valid t=0.0s
[     38s] main 32b c6304 ic_m4 small_x table completed_valid t=0.0s
[     38s] main 32b c6304 ic_m4 random_sub_r0 table completed_valid t=0.0s
[     38s] main 32b c6304 ic_m4 random_sub_r1 table completed_valid t=0.0s
[     38s] main 32b c6304 ic_m4 random_sub_r2 table completed_valid t=0.0s
[     38s] main 32b c6304 ic_m4 known_null_sub table completed_valid t=0.0s
[     38s] main 32b c6304 ic_m4 planted_sub table completed_valid t=0.0s
[     38s] main 32b c6304 ic_m4 small_x_offset table completed_valid t=0.0s
[     39s] main 32b c6305 ic_m4 subgroup table completed_valid t=0.0s
[     39s] main 32b c6305 ic_m4 small_x table completed_valid t=0.0s
[     39s] main 32b c6305 ic_m4 random_sub_r0 table completed_valid t=0.0s
[     39s] main 32b c6305 ic_m4 random_sub_r1 table completed_valid t=0.0s
[     39s] main 32b c6305 ic_m4 random_sub_r2 table completed_valid t=0.0s
[     39s] main 32b c6305 ic_m4 known_null_sub table completed_valid t=0.0s
[     39s] main 32b c6305 ic_m4 planted_sub table completed_valid t=0.0s
[     39s] main 32b c6305 ic_m4 small_x_offset table completed_valid t=0.0s
[     39s] main 32b c6306 ic_m4 subgroup table completed_valid t=0.0s
[     39s] main 32b c6306 ic_m4 small_x table completed_valid t=0.0s
[     39s] main 32b c6306 ic_m4 random_sub_r0 table completed_valid t=0.0s
[     39s] main 32b c6306 ic_m4 random_sub_r1 table completed_valid t=0.0s
[     39s] main 32b c6306 ic_m4 random_sub_r2 table completed_valid t=0.0s
[     39s] main 32b c6306 ic_m4 known_null_sub table completed_valid t=0.0s
[     39s] main 32b c6306 ic_m4 planted_sub table completed_valid t=0.0s
[     39s] main 32b c6306 ic_m4 small_x_offset table completed_valid t=0.0s
[     40s] main 32b c6307 ic_m4 subgroup table completed_valid t=0.0s
[     40s] main 32b c6307 ic_m4 small_x table completed_valid t=0.0s
[     40s] main 32b c6307 ic_m4 random_sub_r0 table completed_valid t=0.0s
[     40s] main 32b c6307 ic_m4 random_sub_r1 table completed_valid t=0.0s
[     40s] main 32b c6307 ic_m4 random_sub_r2 table completed_valid t=0.0s
[     40s] main 32b c6307 ic_m4 known_null_sub table completed_valid t=0.0s
[     40s] main 32b c6307 ic_m4 planted_sub table completed_valid t=0.0s
[     40s] main 32b c6307 ic_m4 small_x_offset table completed_valid t=0.0s
[     40s] main 32b c6308 ic_m4 subgroup table completed_valid t=0.0s
[     40s] main 32b c6308 ic_m4 small_x table completed_valid t=0.0s
[     40s] main 32b c6308 ic_m4 random_sub_r0 table completed_valid t=0.0s
[     40s] main 32b c6308 ic_m4 random_sub_r1 table completed_valid t=0.0s
[     40s] main 32b c6308 ic_m4 random_sub_r2 table completed_valid t=0.0s
[     40s] main 32b c6308 ic_m4 known_null_sub table completed_valid t=0.0s
[     40s] main 32b c6308 ic_m4 planted_sub table completed_valid t=0.0s
[     40s] main 32b c6308 ic_m4 small_x_offset table completed_valid t=0.0s
[     40s] main 32b c6309 ic_m4 subgroup table completed_valid t=0.0s
[     40s] main 32b c6309 ic_m4 small_x table completed_valid t=0.0s
[     40s] main 32b c6309 ic_m4 random_sub_r0 table completed_valid t=0.0s
[     40s] main 32b c6309 ic_m4 random_sub_r1 table completed_valid t=0.0s
[     40s] main 32b c6309 ic_m4 random_sub_r2 table completed_valid t=0.0s
[     40s] main 32b c6309 ic_m4 known_null_sub table completed_valid t=0.0s
[     40s] main 32b c6309 ic_m4 planted_sub table completed_valid t=0.0s
[     40s] main 32b c6309 ic_m4 small_x_offset table completed_valid t=0.0s
