[      1s] main 32b c6110 ic_m4 subgroup table completed_valid t=0.0s
[      1s] main 32b c6110 ic_m4 small_x table completed_valid t=0.0s
[      1s] main 32b c6110 ic_m4 random_sub_r0 table completed_valid t=0.0s
[      1s] main 32b c6110 ic_m4 random_sub_r1 table completed_valid t=0.0s
[      1s] main 32b c6110 ic_m4 random_sub_r2 table completed_valid t=0.0s
[      1s] main 32b c6110 ic_m4 known_null_sub table completed_valid t=0.0s
[      1s] main 32b c6110 ic_m4 planted_sub table completed_valid t=0.0s
[      1s] main 32b c6110 ic_m4 small_x_offset table completed_valid t=0.0s
[      1s] main 32b c6111 ic_m4 subgroup table completed_valid t=0.0s
[      1s] main 32b c6111 ic_m4 small_x table completed_valid t=0.0s
[      1s] main 32b c6111 ic_m4 random_sub_r0 table completed_valid t=0.0s
[      1s] main 32b c6111 ic_m4 random_sub_r1 table completed_valid t=0.0s
[      1s] main 32b c6111 ic_m4 random_sub_r2 table completed_valid t=0.0s
[      1s] main 32b c6111 ic_m4 known_null_sub table completed_valid t=0.0s
[      1s] main 32b c6111 ic_m4 planted_sub table completed_valid t=0.0s
[      1s] main 32b c6111 ic_m4 small_x_offset table completed_valid t=0.0s
[      1s] main 32b c6112 ic_m4 subgroup table completed_valid t=0.0s
[      1s] main 32b c6112 ic_m4 small_x table completed_valid t=0.0s
[      1s] main 32b c6112 ic_m4 random_sub_r0 table completed_valid t=0.0s
[      1s] main 32b c6112 ic_m4 random_sub_r1 table completed_valid t=0.0s
[      1s] main 32b c6112 ic_m4 random_sub_r2 table completed_valid t=0.0s
[      1s] main 32b c6112 ic_m4 known_null_sub table completed_valid t=0.0s
[      1s] main 32b c6112 ic_m4 planted_sub table completed_valid t=0.0s
[      1s] main 32b c6112 ic_m4 small_x_offset table completed_valid t=0.0s
[      2s] main 32b c6113 ic_m4 subgroup table completed_valid t=0.0s
[      2s] main 32b c6113 ic_m4 small_x table completed_valid t=0.0s
[      2s] main 32b c6113 ic_m4 random_sub_r0 table completed_valid t=0.0s
[      2s] main 32b c6113 ic_m4 random_sub_r1 table completed_valid t=0.0s
[      2s] main 32b c6113 ic_m4 random_sub_r2 table completed_valid t=0.0s
[      2s] main 32b c6113 ic_m4 known_null_sub table completed_valid t=0.0s
[      2s] main 32b c6113 ic_m4 planted_sub table completed_valid t=0.0s
[      2s] main 32b c6113 ic_m4 small_x_offset table completed_valid t=0.0s
[      2s] main 32b c6114 ic_m4 subgroup table completed_valid t=0.0s
[      2s] main 32b c6114 ic_m4 small_x table completed_valid t=0.0s
[      2s] main 32b c6114 ic_m4 random_sub_r0 table completed_valid t=0.0s
[      2s] main 32b c6114 ic_m4 random_sub_r1 table completed_valid t=0.0s
[      2s] main 32b c6114 ic_m4 random_sub_r2 table completed_valid t=0.0s
[      2s] main 32b c6114 ic_m4 known_null_sub table completed_valid t=0.0s
[      2s] main 32b c6114 ic_m4 planted_sub table completed_valid t=0.0s
[      2s] main 32b c6114 ic_m4 small_x_offset table completed_valid t=0.0s
[      3s] main 32b c6115 ic_m4 subgroup table completed_valid t=0.0s
[      3s] main 32b c6115 ic_m4 small_x table completed_valid t=0.0s
[      3s] main 32b c6115 ic_m4 random_sub_r0 table completed_valid t=0.0s
[      3s] main 32b c6115 ic_m4 random_sub_r1 table completed_valid t=0.0s
[      3s] main 32b c6115 ic_m4 random_sub_r2 table completed_valid t=0.0s
[      3s] main 32b c6115 ic_m4 known_null_sub table completed_valid t=0.1s
[      3s] main 32b c6115 ic_m4 planted_sub table completed_valid t=0.1s
[      3s] main 32b c6115 ic_m4 small_x_offset table completed_valid t=0.0s
[      4s] main 32b c6116 ic_m4 subgroup table completed_valid t=0.0s
[      4s] main 32b c6116 ic_m4 small_x table completed_valid t=0.0s
[      4s] main 32b c6116 ic_m4 random_sub_r0 table completed_valid t=0.0s
[      4s] main 32b c6116 ic_m4 random_sub_r1 table completed_valid t=0.0s
[      4s] main 32b c6116 ic_m4 random_sub_r2 table completed_valid t=0.0s
[      4s] main 32b c6116 ic_m4 known_null_sub table completed_valid t=0.0s
[      4s] main 32b c6116 ic_m4 planted_sub table completed_valid t=0.0s
[      4s] main 32b c6116 ic_m4 small_x_offset table completed_valid t=0.0s
[      4s] main 32b c6117 ic_m4 subgroup table completed_valid t=0.0s
[      4s] main 32b c6117 ic_m4 small_x table completed_valid t=0.0s
[      4s] main 32b c6117 ic_m4 random_sub_r0 table completed_valid t=0.0s
[      4s] main 32b c6117 ic_m4 random_sub_r1 table completed_valid t=0.0s
[      4s] main 32b c6117 ic_m4 random_sub_r2 table completed_valid t=0.0s
[      4s] main 32b c6117 ic_m4 known_null_sub table completed_valid t=0.0s
[      4s] main 32b c6117 ic_m4 planted_sub table completed_valid t=0.0s
[      4s] main 32b c6117 ic_m4 small_x_offset table completed_valid t=0.0s
[      4s] main 32b c6118 ic_m4 subgroup table completed_valid t=0.0s
[      4s] main 32b c6118 ic_m4 small_x table completed_valid t=0.0s
[      4s] main 32b c6118 ic_m4 random_sub_r0 table completed_valid t=0.0s
[      4s] main 32b c6118 ic_m4 random_sub_r1 table completed_valid t=0.0s
[      4s] main 32b c6118 ic_m4 random_sub_r2 table completed_valid t=0.0s
[      4s] main 32b c6118 ic_m4 known_null_sub table completed_valid t=0.0s
[      4s] main 32b c6118 ic_m4 planted_sub table completed_valid t=0.0s
[      4s] main 32b c6118 ic_m4 small_x_offset table completed_valid t=0.0s
[      5s] main 32b c6119 ic_m4 subgroup table completed_valid t=0.0s
[      5s] main 32b c6119 ic_m4 small_x table completed_valid t=0.0s
[      5s] main 32b c6119 ic_m4 random_sub_r0 table completed_valid t=0.0s
[      5s] main 32b c6119 ic_m4 random_sub_r1 table completed_valid t=0.0s
[      5s] main 32b c6119 ic_m4 random_sub_r2 table completed_valid t=0.0s
[      5s] main 32b c6119 ic_m4 known_null_sub table completed_valid t=0.0s
[      5s] main 32b c6119 ic_m4 planted_sub table completed_valid t=0.0s
[      5s] main 32b c6119 ic_m4 small_x_offset table completed_valid t=0.0s
[      5s] main 32b c6120 ic_m4 subgroup table completed_valid t=0.0s
[      5s] main 32b c6120 ic_m4 small_x table completed_valid t=0.0s
[      5s] main 32b c6120 ic_m4 random_sub_r0 table completed_valid t=0.0s
[      5s] main 32b c6120 ic_m4 random_sub_r1 table completed_valid t=0.0s
[      5s] main 32b c6120 ic_m4 random_sub_r2 table completed_valid t=0.0s
[      5s] main 32b c6120 ic_m4 known_null_sub table completed_valid t=0.0s
[      5s] main 32b c6120 ic_m4 planted_sub table completed_valid t=0.0s
[      5s] main 32b c6120 ic_m4 small_x_offset table completed_valid t=0.0s
[      6s] main 32b c6121 ic_m4 subgroup table completed_valid t=0.0s
[      6s] main 32b c6121 ic_m4 small_x table completed_valid t=0.0s
[      6s] main 32b c6121 ic_m4 random_sub_r0 table completed_valid t=0.0s
[      6s] main 32b c6121 ic_m4 random_sub_r1 table completed_valid t=0.0s
[      6s] main 32b c6121 ic_m4 random_sub_r2 table completed_valid t=0.0s
[      6s] main 32b c6121 ic_m4 known_null_sub table completed_valid t=0.0s
[      6s] main 32b c6121 ic_m4 planted_sub table completed_valid t=0.1s
[      6s] main 32b c6121 ic_m4 small_x_offset table completed_valid t=0.1s
[      6s] main 32b c6122 ic_m4 subgroup table completed_valid t=0.0s
[      6s] main 32b c6122 ic_m4 small_x table completed_valid t=0.0s
[      6s] main 32b c6122 ic_m4 random_sub_r0 table completed_valid t=0.0s
[      6s] main 32b c6122 ic_m4 random_sub_r1 table completed_valid t=0.0s
[      6s] main 32b c6122 ic_m4 random_sub_r2 table completed_valid t=0.0s
[      6s] main 32b c6122 ic_m4 known_null_sub table completed_valid t=0.0s
[      6s] main 32b c6122 ic_m4 planted_sub table completed_valid t=0.0s
[      6s] main 32b c6122 ic_m4 small_x_offset table completed_valid t=0.0s
[      7s] main 32b c6123 ic_m4 subgroup table completed_valid t=0.0s
[      7s] main 32b c6123 ic_m4 small_x table completed_valid t=0.0s
[      7s] main 32b c6123 ic_m4 random_sub_r0 table completed_valid t=0.0s
[      7s] main 32b c6123 ic_m4 random_sub_r1 table completed_valid t=0.0s
[      7s] main 32b c6123 ic_m4 random_sub_r2 table completed_valid t=0.1s
[      7s] main 32b c6123 ic_m4 known_null_sub table completed_valid t=0.1s
[      7s] main 32b c6123 ic_m4 planted_sub table completed_valid t=0.0s
[      7s] main 32b c6123 ic_m4 small_x_offset table completed_valid t=0.0s
[      7s] main 32b c6124 ic_m4 subgroup table completed_valid t=0.0s
[      7s] main 32b c6124 ic_m4 small_x table completed_valid t=0.0s
[      7s] main 32b c6124 ic_m4 random_sub_r0 table completed_valid t=0.0s
[      7s] main 32b c6124 ic_m4 random_sub_r1 table completed_valid t=0.0s
[      7s] main 32b c6124 ic_m4 random_sub_r2 table completed_valid t=0.0s
[      7s] main 32b c6124 ic_m4 known_null_sub table completed_valid t=0.0s
[      7s] main 32b c6124 ic_m4 planted_sub table completed_valid t=0.0s
[      7s] main 32b c6124 ic_m4 small_x_offset table completed_valid t=0.0s
[      7s] main 32b c6125 ic_m4 subgroup table completed_valid t=0.0s
[      7s] main 32b c6125 ic_m4 small_x table completed_valid t=0.0s
[      7s] main 32b c6125 ic_m4 random_sub_r0 table completed_valid t=0.0s
[      7s] main 32b c6125 ic_m4 random_sub_r1 table completed_valid t=0.0s
[      7s] main 32b c6125 ic_m4 random_sub_r2 table completed_valid t=0.0s
[      7s] main 32b c6125 ic_m4 known_null_sub table completed_valid t=0.0s
[      7s] main 32b c6125 ic_m4 planted_sub table completed_valid t=0.0s
[      7s] main 32b c6125 ic_m4 small_x_offset table completed_valid t=0.0s
[      8s] main 32b c6126 ic_m4 subgroup table completed_valid t=0.0s
[      8s] main 32b c6126 ic_m4 small_x table completed_valid t=0.0s
[      8s] main 32b c6126 ic_m4 random_sub_r0 table completed_valid t=0.0s
[      8s] main 32b c6126 ic_m4 random_sub_r1 table completed_valid t=0.0s
[      8s] main 32b c6126 ic_m4 random_sub_r2 table completed_valid t=0.0s
[      8s] main 32b c6126 ic_m4 known_null_sub table completed_valid t=0.0s
[      8s] main 32b c6126 ic_m4 planted_sub table completed_valid t=0.0s
[      8s] main 32b c6126 ic_m4 small_x_offset table completed_valid t=0.0s
[      8s] main 32b c6127 ic_m4 subgroup table completed_valid t=0.0s
[      8s] main 32b c6127 ic_m4 small_x table completed_valid t=0.0s
[      8s] main 32b c6127 ic_m4 random_sub_r0 table completed_valid t=0.0s
[      8s] main 32b c6127 ic_m4 random_sub_r1 table completed_valid t=0.0s
[      8s] main 32b c6127 ic_m4 random_sub_r2 table completed_valid t=0.0s
[      8s] main 32b c6127 ic_m4 known_null_sub table completed_valid t=0.0s
[      8s] main 32b c6127 ic_m4 planted_sub table completed_valid t=0.0s
[      8s] main 32b c6127 ic_m4 small_x_offset table completed_valid t=0.0s
[      9s] main 32b c6128 ic_m4 subgroup table completed_valid t=0.0s
[      9s] main 32b c6128 ic_m4 small_x table completed_valid t=0.0s
[      9s] main 32b c6128 ic_m4 random_sub_r0 table completed_valid t=0.0s
[      9s] main 32b c6128 ic_m4 random_sub_r1 table completed_valid t=0.0s
[      9s] main 32b c6128 ic_m4 random_sub_r2 table completed_valid t=0.0s
[      9s] main 32b c6128 ic_m4 known_null_sub table completed_valid t=0.0s
[      9s] main 32b c6128 ic_m4 planted_sub table completed_valid t=0.0s
[      9s] main 32b c6128 ic_m4 small_x_offset table completed_valid t=0.0s
[      9s] main 32b c6129 ic_m4 subgroup table completed_valid t=0.0s
[      9s] main 32b c6129 ic_m4 small_x table completed_valid t=0.0s
[      9s] main 32b c6129 ic_m4 random_sub_r0 table completed_valid t=0.0s
[      9s] main 32b c6129 ic_m4 random_sub_r1 table completed_valid t=0.0s
[      9s] main 32b c6129 ic_m4 random_sub_r2 table completed_valid t=0.0s
[      9s] main 32b c6129 ic_m4 known_null_sub table completed_valid t=0.0s
[      9s] main 32b c6129 ic_m4 planted_sub table completed_valid t=0.0s
[      9s] main 32b c6129 ic_m4 small_x_offset table completed_valid t=0.0s
[      9s] main 32b c6130 ic_m4 subgroup table completed_valid t=0.0s
[      9s] main 32b c6130 ic_m4 small_x table completed_valid t=0.0s
[      9s] main 32b c6130 ic_m4 random_sub_r0 table completed_valid t=0.0s
[      9s] main 32b c6130 ic_m4 random_sub_r1 table completed_valid t=0.0s
[      9s] main 32b c6130 ic_m4 random_sub_r2 table completed_valid t=0.0s
[      9s] main 32b c6130 ic_m4 known_null_sub table completed_valid t=0.0s
[      9s] main 32b c6130 ic_m4 planted_sub table completed_valid t=0.0s
[      9s] main 32b c6130 ic_m4 small_x_offset table completed_valid t=0.0s
[     10s] main 32b c6131 ic_m4 subgroup table completed_valid t=0.0s
[     10s] main 32b c6131 ic_m4 small_x table completed_valid t=0.0s
[     10s] main 32b c6131 ic_m4 random_sub_r0 table completed_valid t=0.0s
[     10s] main 32b c6131 ic_m4 random_sub_r1 table completed_valid t=0.0s
[     10s] main 32b c6131 ic_m4 random_sub_r2 table completed_valid t=0.0s
[     10s] main 32b c6131 ic_m4 known_null_sub table completed_valid t=0.0s
[     10s] main 32b c6131 ic_m4 planted_sub table completed_valid t=0.0s
[     10s] main 32b c6131 ic_m4 small_x_offset table completed_valid t=0.0s
[     10s] main 32b c6132 ic_m4 subgroup table completed_valid t=0.0s
[     10s] main 32b c6132 ic_m4 small_x table completed_valid t=0.0s
[     10s] main 32b c6132 ic_m4 random_sub_r0 table completed_valid t=0.0s
[     10s] main 32b c6132 ic_m4 random_sub_r1 table completed_valid t=0.0s
[     10s] main 32b c6132 ic_m4 random_sub_r2 table completed_valid t=0.0s
[     10s] main 32b c6132 ic_m4 known_null_sub table completed_valid t=0.0s
[     10s] main 32b c6132 ic_m4 planted_sub table completed_valid t=0.0s
[     10s] main 32b c6132 ic_m4 small_x_offset table completed_valid t=0.0s
[     10s] main 32b c6133 ic_m4 subgroup table completed_valid t=0.0s
[     10s] main 32b c6133 ic_m4 small_x table completed_valid t=0.0s
[     10s] main 32b c6133 ic_m4 random_sub_r0 table completed_valid t=0.0s
[     10s] main 32b c6133 ic_m4 random_sub_r1 table completed_valid t=0.0s
[     10s] main 32b c6133 ic_m4 random_sub_r2 table completed_valid t=0.0s
[     10s] main 32b c6133 ic_m4 known_null_sub table completed_valid t=0.0s
[     10s] main 32b c6133 ic_m4 planted_sub table completed_valid t=0.0s
[     10s] main 32b c6133 ic_m4 small_x_offset table completed_valid t=0.0s
[     11s] main 32b c6134 ic_m4 subgroup table completed_valid t=0.0s
[     11s] main 32b c6134 ic_m4 small_x table completed_valid t=0.0s
[     11s] main 32b c6134 ic_m4 random_sub_r0 table completed_valid t=0.0s
[     11s] main 32b c6134 ic_m4 random_sub_r1 table completed_valid t=0.0s
[     11s] main 32b c6134 ic_m4 random_sub_r2 table completed_valid t=0.0s
[     11s] main 32b c6134 ic_m4 known_null_sub table completed_valid t=0.0s
[     11s] main 32b c6134 ic_m4 planted_sub table completed_valid t=0.0s
[     11s] main 32b c6134 ic_m4 small_x_offset table completed_valid t=0.0s
[     11s] main 32b c6135 ic_m4 subgroup table completed_valid t=0.0s
[     11s] main 32b c6135 ic_m4 small_x table completed_valid t=0.0s
[     11s] main 32b c6135 ic_m4 random_sub_r0 table completed_valid t=0.0s
[     11s] main 32b c6135 ic_m4 random_sub_r1 table completed_valid t=0.0s
[     11s] main 32b c6135 ic_m4 random_sub_r2 table completed_valid t=0.0s
[     11s] main 32b c6135 ic_m4 known_null_sub table completed_valid t=0.0s
[     11s] main 32b c6135 ic_m4 planted_sub table completed_valid t=0.0s
[     11s] main 32b c6135 ic_m4 small_x_offset table completed_valid t=0.0s
[     11s] main 32b c6136 ic_m4 subgroup table completed_valid t=0.0s
[     11s] main 32b c6136 ic_m4 small_x table completed_valid t=0.0s
[     11s] main 32b c6136 ic_m4 random_sub_r0 table completed_valid t=0.0s
[     11s] main 32b c6136 ic_m4 random_sub_r1 table completed_valid t=0.0s
[     11s] main 32b c6136 ic_m4 random_sub_r2 table completed_valid t=0.0s
[     11s] main 32b c6136 ic_m4 known_null_sub table completed_valid t=0.0s
[     11s] main 32b c6136 ic_m4 planted_sub table completed_valid t=0.1s
[     11s] main 32b c6136 ic_m4 small_x_offset table completed_valid t=0.0s
[     12s] main 32b c6137 ic_m4 subgroup table completed_valid t=0.0s
[     12s] main 32b c6137 ic_m4 small_x table completed_valid t=0.0s
[     12s] main 32b c6137 ic_m4 random_sub_r0 table completed_valid t=0.0s
[     12s] main 32b c6137 ic_m4 random_sub_r1 table completed_valid t=0.0s
[     12s] main 32b c6137 ic_m4 random_sub_r2 table completed_valid t=0.0s
[     12s] main 32b c6137 ic_m4 known_null_sub table completed_valid t=0.0s
[     12s] main 32b c6137 ic_m4 planted_sub table completed_valid t=0.0s
[     12s] main 32b c6137 ic_m4 small_x_offset table completed_valid t=0.0s
[     12s] main 32b c6138 ic_m4 subgroup table completed_valid t=0.0s
[     12s] main 32b c6138 ic_m4 small_x table completed_valid t=0.0s
[     12s] main 32b c6138 ic_m4 random_sub_r0 table completed_valid t=0.0s
[     12s] main 32b c6138 ic_m4 random_sub_r1 table completed_valid t=0.0s
[     12s] main 32b c6138 ic_m4 random_sub_r2 table completed_valid t=0.0s
[     12s] main 32b c6138 ic_m4 known_null_sub table completed_valid t=0.0s
[     12s] main 32b c6138 ic_m4 planted_sub table completed_valid t=0.0s
[     12s] main 32b c6138 ic_m4 small_x_offset table completed_valid t=0.0s
[     12s] main 32b c6139 ic_m4 subgroup table completed_valid t=0.0s
[     12s] main 32b c6139 ic_m4 small_x table completed_valid t=0.0s
[     12s] main 32b c6139 ic_m4 random_sub_r0 table completed_valid t=0.0s
[     12s] main 32b c6139 ic_m4 random_sub_r1 table completed_valid t=0.0s
[     12s] main 32b c6139 ic_m4 random_sub_r2 table completed_valid t=0.0s
[     12s] main 32b c6139 ic_m4 known_null_sub table completed_valid t=0.0s
[     12s] main 32b c6139 ic_m4 planted_sub table completed_valid t=0.0s
[     12s] main 32b c6139 ic_m4 small_x_offset table completed_valid t=0.0s
[     13s] main 32b c6140 ic_m4 subgroup table completed_valid t=0.0s
[     13s] main 32b c6140 ic_m4 small_x table completed_valid t=0.0s
[     13s] main 32b c6140 ic_m4 random_sub_r0 table completed_valid t=0.0s
[     13s] main 32b c6140 ic_m4 random_sub_r1 table completed_valid t=0.0s
[     13s] main 32b c6140 ic_m4 random_sub_r2 table completed_valid t=0.0s
[     13s] main 32b c6140 ic_m4 known_null_sub table completed_valid t=0.0s
[     13s] main 32b c6140 ic_m4 planted_sub table completed_valid t=0.0s
[     13s] main 32b c6140 ic_m4 small_x_offset table completed_valid t=0.0s
[     13s] main 32b c6141 ic_m4 subgroup table completed_valid t=0.0s
[     13s] main 32b c6141 ic_m4 small_x table completed_valid t=0.0s
[     13s] main 32b c6141 ic_m4 random_sub_r0 table completed_valid t=0.0s
[     13s] main 32b c6141 ic_m4 random_sub_r1 table completed_valid t=0.0s
[     13s] main 32b c6141 ic_m4 random_sub_r2 table completed_valid t=0.0s
[     13s] main 32b c6141 ic_m4 known_null_sub table completed_valid t=0.0s
[     13s] main 32b c6141 ic_m4 planted_sub table completed_valid t=0.0s
[     13s] main 32b c6141 ic_m4 small_x_offset table completed_valid t=0.0s
[     13s] main 32b c6142 ic_m4 subgroup table completed_valid t=0.0s
[     13s] main 32b c6142 ic_m4 small_x table completed_valid t=0.0s
[     13s] main 32b c6142 ic_m4 random_sub_r0 table completed_valid t=0.0s
[     13s] main 32b c6142 ic_m4 random_sub_r1 table completed_valid t=0.0s
[     13s] main 32b c6142 ic_m4 random_sub_r2 table completed_valid t=0.0s
[     13s] main 32b c6142 ic_m4 known_null_sub table completed_valid t=0.0s
[     13s] main 32b c6142 ic_m4 planted_sub table completed_valid t=0.0s
[     13s] main 32b c6142 ic_m4 small_x_offset table completed_valid t=0.0s
[     14s] main 32b c6143 ic_m4 subgroup table completed_valid t=0.0s
[     14s] main 32b c6143 ic_m4 small_x table completed_valid t=0.0s
[     14s] main 32b c6143 ic_m4 random_sub_r0 table completed_valid t=0.0s
[     14s] main 32b c6143 ic_m4 random_sub_r1 table completed_valid t=0.0s
[     14s] main 32b c6143 ic_m4 random_sub_r2 table completed_valid t=0.0s
[     14s] main 32b c6143 ic_m4 known_null_sub table completed_valid t=0.0s
[     14s] main 32b c6143 ic_m4 planted_sub table completed_valid t=0.0s
[     14s] main 32b c6143 ic_m4 small_x_offset table completed_valid t=0.0s
[     14s] main 32b c6144 ic_m4 subgroup table completed_valid t=0.0s
[     14s] main 32b c6144 ic_m4 small_x table completed_valid t=0.0s
[     14s] main 32b c6144 ic_m4 random_sub_r0 table completed_valid t=0.0s
[     14s] main 32b c6144 ic_m4 random_sub_r1 table completed_valid t=0.0s
[     14s] main 32b c6144 ic_m4 random_sub_r2 table completed_valid t=0.0s
[     14s] main 32b c6144 ic_m4 known_null_sub table completed_valid t=0.0s
[     14s] main 32b c6144 ic_m4 planted_sub table completed_valid t=0.0s
[     14s] main 32b c6144 ic_m4 small_x_offset table completed_valid t=0.0s
[     14s] main 32b c6145 ic_m4 subgroup table completed_valid t=0.0s
[     14s] main 32b c6145 ic_m4 small_x table completed_valid t=0.0s
[     14s] main 32b c6145 ic_m4 random_sub_r0 table completed_valid t=0.0s
[     14s] main 32b c6145 ic_m4 random_sub_r1 table completed_valid t=0.0s
[     14s] main 32b c6145 ic_m4 random_sub_r2 table completed_valid t=0.0s
[     14s] main 32b c6145 ic_m4 known_null_sub table completed_valid t=0.0s
[     14s] main 32b c6145 ic_m4 planted_sub table completed_valid t=0.0s
[     14s] main 32b c6145 ic_m4 small_x_offset table completed_valid t=0.0s
[     15s] main 32b c6146 ic_m4 subgroup table completed_valid t=0.0s
[     15s] main 32b c6146 ic_m4 small_x table completed_valid t=0.0s
[     15s] main 32b c6146 ic_m4 random_sub_r0 table completed_valid t=0.0s
[     15s] main 32b c6146 ic_m4 random_sub_r1 table completed_valid t=0.0s
[     15s] main 32b c6146 ic_m4 random_sub_r2 table completed_valid t=0.0s
[     15s] main 32b c6146 ic_m4 known_null_sub table completed_valid t=0.0s
[     15s] main 32b c6146 ic_m4 planted_sub table completed_valid t=0.0s
[     15s] main 32b c6146 ic_m4 small_x_offset table completed_valid t=0.0s
[     15s] main 32b c6147 ic_m4 subgroup table completed_valid t=0.0s
[     15s] main 32b c6147 ic_m4 small_x table completed_valid t=0.0s
[     15s] main 32b c6147 ic_m4 random_sub_r0 table completed_valid t=0.0s
[     15s] main 32b c6147 ic_m4 random_sub_r1 table completed_valid t=0.0s
[     15s] main 32b c6147 ic_m4 random_sub_r2 table completed_valid t=0.0s
[     15s] main 32b c6147 ic_m4 known_null_sub table completed_valid t=0.0s
[     15s] main 32b c6147 ic_m4 planted_sub table completed_valid t=0.0s
[     15s] main 32b c6147 ic_m4 small_x_offset table completed_valid t=0.0s
[     16s] main 32b c6148 ic_m4 subgroup table completed_valid t=0.0s
[     16s] main 32b c6148 ic_m4 small_x table completed_valid t=0.0s
[     16s] main 32b c6148 ic_m4 random_sub_r0 table completed_valid t=0.0s
[     16s] main 32b c6148 ic_m4 random_sub_r1 table completed_valid t=0.0s
[     16s] main 32b c6148 ic_m4 random_sub_r2 table completed_valid t=0.0s
[     16s] main 32b c6148 ic_m4 known_null_sub table completed_valid t=0.0s
[     16s] main 32b c6148 ic_m4 planted_sub table completed_valid t=0.0s
[     16s] main 32b c6148 ic_m4 small_x_offset table completed_valid t=0.0s
[     16s] main 32b c6149 ic_m4 subgroup table completed_valid t=0.0s
[     16s] main 32b c6149 ic_m4 small_x table completed_valid t=0.0s
[     16s] main 32b c6149 ic_m4 random_sub_r0 table completed_valid t=0.0s
[     16s] main 32b c6149 ic_m4 random_sub_r1 table completed_valid t=0.0s
[     16s] main 32b c6149 ic_m4 random_sub_r2 table completed_valid t=0.0s
[     16s] main 32b c6149 ic_m4 known_null_sub table completed_valid t=0.0s
[     16s] main 32b c6149 ic_m4 planted_sub table completed_valid t=0.0s
[     16s] main 32b c6149 ic_m4 small_x_offset table completed_valid t=0.0s
[     16s] main 32b c6150 ic_m4 subgroup table completed_valid t=0.0s
[     16s] main 32b c6150 ic_m4 small_x table completed_valid t=0.0s
[     16s] main 32b c6150 ic_m4 random_sub_r0 table completed_valid t=0.0s
[     16s] main 32b c6150 ic_m4 random_sub_r1 table completed_valid t=0.0s
[     16s] main 32b c6150 ic_m4 random_sub_r2 table completed_valid t=0.0s
[     16s] main 32b c6150 ic_m4 known_null_sub table completed_valid t=0.0s
[     16s] main 32b c6150 ic_m4 planted_sub table completed_valid t=0.0s
[     16s] main 32b c6150 ic_m4 small_x_offset table completed_valid t=0.0s
[     17s] main 32b c6151 ic_m4 subgroup table completed_valid t=0.0s
[     17s] main 32b c6151 ic_m4 small_x table completed_valid t=0.0s
[     17s] main 32b c6151 ic_m4 random_sub_r0 table completed_valid t=0.0s
[     17s] main 32b c6151 ic_m4 random_sub_r1 table completed_valid t=0.0s
[     17s] main 32b c6151 ic_m4 random_sub_r2 table completed_valid t=0.0s
[     17s] main 32b c6151 ic_m4 known_null_sub table completed_valid t=0.0s
[     17s] main 32b c6151 ic_m4 planted_sub table completed_valid t=0.0s
[     17s] main 32b c6151 ic_m4 small_x_offset table completed_valid t=0.0s
[     17s] main 32b c6152 ic_m4 subgroup table completed_valid t=0.0s
[     17s] main 32b c6152 ic_m4 small_x table completed_valid t=0.0s
[     17s] main 32b c6152 ic_m4 random_sub_r0 table completed_valid t=0.0s
[     17s] main 32b c6152 ic_m4 random_sub_r1 table completed_valid t=0.0s
[     17s] main 32b c6152 ic_m4 random_sub_r2 table completed_valid t=0.0s
[     17s] main 32b c6152 ic_m4 known_null_sub table completed_valid t=0.0s
[     17s] main 32b c6152 ic_m4 planted_sub table completed_valid t=0.0s
[     17s] main 32b c6152 ic_m4 small_x_offset table completed_valid t=0.0s
[     17s] main 32b c6153 ic_m4 subgroup table completed_valid t=0.0s
[     17s] main 32b c6153 ic_m4 small_x table completed_valid t=0.0s
[     17s] main 32b c6153 ic_m4 random_sub_r0 table completed_valid t=0.0s
[     17s] main 32b c6153 ic_m4 random_sub_r1 table completed_valid t=0.0s
[     17s] main 32b c6153 ic_m4 random_sub_r2 table completed_valid t=0.0s
[     17s] main 32b c6153 ic_m4 known_null_sub table completed_valid t=0.0s
[     17s] main 32b c6153 ic_m4 planted_sub table completed_valid t=0.0s
[     17s] main 32b c6153 ic_m4 small_x_offset table completed_valid t=0.0s
[     18s] main 32b c6154 ic_m4 subgroup table completed_valid t=0.0s
[     18s] main 32b c6154 ic_m4 small_x table completed_valid t=0.0s
[     18s] main 32b c6154 ic_m4 random_sub_r0 table completed_valid t=0.0s
[     18s] main 32b c6154 ic_m4 random_sub_r1 table completed_valid t=0.0s
[     18s] main 32b c6154 ic_m4 random_sub_r2 table completed_valid t=0.0s
[     18s] main 32b c6154 ic_m4 known_null_sub table completed_valid t=0.0s
[     18s] main 32b c6154 ic_m4 planted_sub table completed_valid t=0.0s
[     18s] main 32b c6154 ic_m4 small_x_offset table completed_valid t=0.0s
[     18s] main 32b c6155 ic_m4 subgroup table completed_valid t=0.0s
[     18s] main 32b c6155 ic_m4 small_x table completed_valid t=0.0s
[     18s] main 32b c6155 ic_m4 random_sub_r0 table completed_valid t=0.0s
[     18s] main 32b c6155 ic_m4 random_sub_r1 table completed_valid t=0.0s
[     18s] main 32b c6155 ic_m4 random_sub_r2 table completed_valid t=0.0s
[     18s] main 32b c6155 ic_m4 known_null_sub table completed_valid t=0.0s
[     18s] main 32b c6155 ic_m4 planted_sub table completed_valid t=0.0s
[     18s] main 32b c6155 ic_m4 small_x_offset table completed_valid t=0.0s
[     19s] main 32b c6156 ic_m4 subgroup table completed_valid t=0.0s
[     19s] main 32b c6156 ic_m4 small_x table completed_valid t=0.0s
[     19s] main 32b c6156 ic_m4 random_sub_r0 table completed_valid t=0.0s
[     19s] main 32b c6156 ic_m4 random_sub_r1 table completed_valid t=0.0s
[     19s] main 32b c6156 ic_m4 random_sub_r2 table completed_valid t=0.0s
[     19s] main 32b c6156 ic_m4 known_null_sub table completed_valid t=0.0s
[     19s] main 32b c6156 ic_m4 planted_sub table completed_valid t=0.0s
[     19s] main 32b c6156 ic_m4 small_x_offset table completed_valid t=0.0s
[     19s] main 32b c6157 ic_m4 subgroup table completed_valid t=0.0s
[     19s] main 32b c6157 ic_m4 small_x table completed_valid t=0.0s
[     19s] main 32b c6157 ic_m4 random_sub_r0 table completed_valid t=0.0s
[     19s] main 32b c6157 ic_m4 random_sub_r1 table completed_valid t=0.0s
[     19s] main 32b c6157 ic_m4 random_sub_r2 table completed_valid t=0.0s
[     19s] main 32b c6157 ic_m4 known_null_sub table completed_valid t=0.0s
[     19s] main 32b c6157 ic_m4 planted_sub table completed_valid t=0.0s
[     19s] main 32b c6157 ic_m4 small_x_offset table completed_valid t=0.0s
[     19s] main 32b c6158 ic_m4 subgroup table completed_valid t=0.0s
[     19s] main 32b c6158 ic_m4 small_x table completed_valid t=0.0s
[     19s] main 32b c6158 ic_m4 random_sub_r0 table completed_valid t=0.0s
[     19s] main 32b c6158 ic_m4 random_sub_r1 table completed_valid t=0.0s
[     19s] main 32b c6158 ic_m4 random_sub_r2 table completed_valid t=0.0s
[     19s] main 32b c6158 ic_m4 known_null_sub table completed_valid t=0.0s
[     19s] main 32b c6158 ic_m4 planted_sub table completed_valid t=0.0s
[     19s] main 32b c6158 ic_m4 small_x_offset table completed_valid t=0.0s
[     20s] main 32b c6159 ic_m4 subgroup table completed_valid t=0.0s
[     20s] main 32b c6159 ic_m4 small_x table completed_valid t=0.0s
[     20s] main 32b c6159 ic_m4 random_sub_r0 table completed_valid t=0.0s
[     20s] main 32b c6159 ic_m4 random_sub_r1 table completed_valid t=0.0s
[     20s] main 32b c6159 ic_m4 random_sub_r2 table completed_valid t=0.0s
[     20s] main 32b c6159 ic_m4 known_null_sub table completed_valid t=0.0s
[     20s] main 32b c6159 ic_m4 planted_sub table completed_valid t=0.0s
[     20s] main 32b c6159 ic_m4 small_x_offset table completed_valid t=0.0s
[     20s] main 32b c6160 ic_m4 subgroup table completed_valid t=0.0s
[     20s] main 32b c6160 ic_m4 small_x table completed_valid t=0.0s
[     20s] main 32b c6160 ic_m4 random_sub_r0 table completed_valid t=0.0s
[     20s] main 32b c6160 ic_m4 random_sub_r1 table completed_valid t=0.0s
[     20s] main 32b c6160 ic_m4 random_sub_r2 table completed_valid t=0.0s
[     20s] main 32b c6160 ic_m4 known_null_sub table completed_valid t=0.0s
[     20s] main 32b c6160 ic_m4 planted_sub table completed_valid t=0.0s
[     20s] main 32b c6160 ic_m4 small_x_offset table completed_valid t=0.0s
[     21s] main 32b c6161 ic_m4 subgroup table completed_valid t=0.0s
[     21s] main 32b c6161 ic_m4 small_x table completed_valid t=0.0s
[     21s] main 32b c6161 ic_m4 random_sub_r0 table completed_valid t=0.0s
[     21s] main 32b c6161 ic_m4 random_sub_r1 table completed_valid t=0.0s
[     21s] main 32b c6161 ic_m4 random_sub_r2 table completed_valid t=0.0s
[     21s] main 32b c6161 ic_m4 known_null_sub table completed_valid t=0.0s
[     21s] main 32b c6161 ic_m4 planted_sub table completed_valid t=0.0s
[     21s] main 32b c6161 ic_m4 small_x_offset table completed_valid t=0.0s
[     21s] main 32b c6162 ic_m4 subgroup table completed_valid t=0.0s
[     21s] main 32b c6162 ic_m4 small_x table completed_valid t=0.0s
[     21s] main 32b c6162 ic_m4 random_sub_r0 table completed_valid t=0.0s
[     21s] main 32b c6162 ic_m4 random_sub_r1 table completed_valid t=0.1s
[     21s] main 32b c6162 ic_m4 random_sub_r2 table completed_valid t=0.1s
[     21s] main 32b c6162 ic_m4 known_null_sub table completed_valid t=0.0s
[     21s] main 32b c6162 ic_m4 planted_sub table completed_valid t=0.0s
[     21s] main 32b c6162 ic_m4 small_x_offset table completed_valid t=0.0s
[     22s] main 32b c6163 ic_m4 subgroup table completed_valid t=0.0s
[     22s] main 32b c6163 ic_m4 small_x table completed_valid t=0.0s
[     22s] main 32b c6163 ic_m4 random_sub_r0 table completed_valid t=0.0s
[     22s] main 32b c6163 ic_m4 random_sub_r1 table completed_valid t=0.0s
[     22s] main 32b c6163 ic_m4 random_sub_r2 table completed_valid t=0.0s
[     22s] main 32b c6163 ic_m4 known_null_sub table completed_valid t=0.0s
[     22s] main 32b c6163 ic_m4 planted_sub table completed_valid t=0.0s
[     22s] main 32b c6163 ic_m4 small_x_offset table completed_valid t=0.0s
[     22s] main 32b c6164 ic_m4 subgroup table completed_valid t=0.0s
[     22s] main 32b c6164 ic_m4 small_x table completed_valid t=0.0s
[     22s] main 32b c6164 ic_m4 random_sub_r0 table completed_valid t=0.0s
[     22s] main 32b c6164 ic_m4 random_sub_r1 table completed_valid t=0.0s
[     22s] main 32b c6164 ic_m4 random_sub_r2 table completed_valid t=0.0s
[     22s] main 32b c6164 ic_m4 known_null_sub table completed_valid t=0.0s
[     22s] main 32b c6164 ic_m4 planted_sub table completed_valid t=0.0s
[     22s] main 32b c6164 ic_m4 small_x_offset table completed_valid t=0.0s
[     23s] main 32b c6165 ic_m4 subgroup table completed_valid t=0.0s
[     23s] main 32b c6165 ic_m4 small_x table completed_valid t=0.0s
[     23s] main 32b c6165 ic_m4 random_sub_r0 table completed_valid t=0.0s
[     23s] main 32b c6165 ic_m4 random_sub_r1 table completed_valid t=0.0s
[     23s] main 32b c6165 ic_m4 random_sub_r2 table completed_valid t=0.0s
[     23s] main 32b c6165 ic_m4 known_null_sub table completed_valid t=0.0s
[     23s] main 32b c6165 ic_m4 planted_sub table completed_valid t=0.0s
[     23s] main 32b c6165 ic_m4 small_x_offset table completed_valid t=0.0s
[     23s] main 32b c6166 ic_m4 subgroup table completed_valid t=0.0s
[     23s] main 32b c6166 ic_m4 small_x table completed_valid t=0.0s
[     23s] main 32b c6166 ic_m4 random_sub_r0 table completed_valid t=0.0s
[     23s] main 32b c6166 ic_m4 random_sub_r1 table completed_valid t=0.0s
[     23s] main 32b c6166 ic_m4 random_sub_r2 table completed_valid t=0.0s
[     23s] main 32b c6166 ic_m4 known_null_sub table completed_valid t=0.0s
[     23s] main 32b c6166 ic_m4 planted_sub table completed_valid t=0.0s
[     23s] main 32b c6166 ic_m4 small_x_offset table completed_valid t=0.0s
[     24s] main 32b c6167 ic_m4 subgroup table completed_valid t=0.1s
[     24s] main 32b c6167 ic_m4 small_x table completed_valid t=0.1s
[     24s] main 32b c6167 ic_m4 random_sub_r0 table completed_valid t=0.0s
[     24s] main 32b c6167 ic_m4 random_sub_r1 table completed_valid t=0.0s
[     24s] main 32b c6167 ic_m4 random_sub_r2 table completed_valid t=0.0s
[     24s] main 32b c6167 ic_m4 known_null_sub table completed_valid t=0.0s
[     24s] main 32b c6167 ic_m4 planted_sub table completed_valid t=0.1s
[     24s] main 32b c6167 ic_m4 small_x_offset table completed_valid t=0.1s
[     24s] main 32b c6168 ic_m4 subgroup table completed_valid t=0.0s
[     24s] main 32b c6168 ic_m4 small_x table completed_valid t=0.0s
[     24s] main 32b c6168 ic_m4 random_sub_r0 table completed_valid t=0.0s
[     24s] main 32b c6168 ic_m4 random_sub_r1 table completed_valid t=0.0s
[     24s] main 32b c6168 ic_m4 random_sub_r2 table completed_valid t=0.0s
[     24s] main 32b c6168 ic_m4 known_null_sub table completed_valid t=0.0s
[     24s] main 32b c6168 ic_m4 planted_sub table completed_valid t=0.0s
[     24s] main 32b c6168 ic_m4 small_x_offset table completed_valid t=0.0s
[     24s] main 32b c6169 ic_m4 subgroup table completed_valid t=0.0s
[     24s] main 32b c6169 ic_m4 small_x table completed_valid t=0.0s
[     24s] main 32b c6169 ic_m4 random_sub_r0 table completed_valid t=0.0s
[     24s] main 32b c6169 ic_m4 random_sub_r1 table completed_valid t=0.0s
[     24s] main 32b c6169 ic_m4 random_sub_r2 table completed_valid t=0.0s
[     24s] main 32b c6169 ic_m4 known_null_sub table completed_valid t=0.0s
[     24s] main 32b c6169 ic_m4 planted_sub table completed_valid t=0.0s
[     24s] main 32b c6169 ic_m4 small_x_offset table completed_valid t=0.0s
[     25s] main 32b c6170 ic_m4 subgroup table completed_valid t=0.0s
[     25s] main 32b c6170 ic_m4 small_x table completed_valid t=0.0s
[     25s] main 32b c6170 ic_m4 random_sub_r0 table completed_valid t=0.0s
[     25s] main 32b c6170 ic_m4 random_sub_r1 table completed_valid t=0.0s
[     25s] main 32b c6170 ic_m4 random_sub_r2 table completed_valid t=0.0s
[     25s] main 32b c6170 ic_m4 known_null_sub table completed_valid t=0.0s
[     25s] main 32b c6170 ic_m4 planted_sub table completed_valid t=0.0s
[     25s] main 32b c6170 ic_m4 small_x_offset table completed_valid t=0.0s
[     25s] main 32b c6171 ic_m4 subgroup table completed_valid t=0.0s
[     25s] main 32b c6171 ic_m4 small_x table completed_valid t=0.0s
[     25s] main 32b c6171 ic_m4 random_sub_r0 table completed_valid t=0.0s
[     25s] main 32b c6171 ic_m4 random_sub_r1 table completed_valid t=0.0s
[     25s] main 32b c6171 ic_m4 random_sub_r2 table completed_valid t=0.0s
[     25s] main 32b c6171 ic_m4 known_null_sub table completed_valid t=0.0s
[     25s] main 32b c6171 ic_m4 planted_sub table completed_valid t=0.0s
[     25s] main 32b c6171 ic_m4 small_x_offset table completed_valid t=0.0s
[     25s] main 32b c6172 ic_m4 subgroup table completed_valid t=0.0s
[     25s] main 32b c6172 ic_m4 small_x table completed_valid t=0.0s
[     25s] main 32b c6172 ic_m4 random_sub_r0 table completed_valid t=0.0s
[     25s] main 32b c6172 ic_m4 random_sub_r1 table completed_valid t=0.0s
[     25s] main 32b c6172 ic_m4 random_sub_r2 table completed_valid t=0.0s
[     25s] main 32b c6172 ic_m4 known_null_sub table completed_valid t=0.0s
[     25s] main 32b c6172 ic_m4 planted_sub table completed_valid t=0.0s
[     25s] main 32b c6172 ic_m4 small_x_offset table completed_valid t=0.0s
[     26s] main 32b c6173 ic_m4 subgroup table completed_valid t=0.0s
[     26s] main 32b c6173 ic_m4 small_x table completed_valid t=0.0s
[     26s] main 32b c6173 ic_m4 random_sub_r0 table completed_valid t=0.0s
[     26s] main 32b c6173 ic_m4 random_sub_r1 table completed_valid t=0.0s
[     26s] main 32b c6173 ic_m4 random_sub_r2 table completed_valid t=0.0s
[     26s] main 32b c6173 ic_m4 known_null_sub table completed_valid t=0.0s
[     26s] main 32b c6173 ic_m4 planted_sub table completed_valid t=0.1s
[     26s] main 32b c6173 ic_m4 small_x_offset table completed_valid t=0.0s
[     26s] main 32b c6174 ic_m4 subgroup table completed_valid t=0.0s
[     26s] main 32b c6174 ic_m4 small_x table completed_valid t=0.0s
[     26s] main 32b c6174 ic_m4 random_sub_r0 table completed_valid t=0.0s
[     26s] main 32b c6174 ic_m4 random_sub_r1 table completed_valid t=0.0s
[     26s] main 32b c6174 ic_m4 random_sub_r2 table completed_valid t=0.0s
[     26s] main 32b c6174 ic_m4 known_null_sub table completed_valid t=0.0s
[     26s] main 32b c6174 ic_m4 planted_sub table completed_valid t=0.0s
[     26s] main 32b c6174 ic_m4 small_x_offset table completed_valid t=0.0s
[     27s] main 32b c6175 ic_m4 subgroup table completed_valid t=0.0s
[     27s] main 32b c6175 ic_m4 small_x table completed_valid t=0.0s
[     27s] main 32b c6175 ic_m4 random_sub_r0 table completed_valid t=0.0s
[     27s] main 32b c6175 ic_m4 random_sub_r1 table completed_valid t=0.0s
[     27s] main 32b c6175 ic_m4 random_sub_r2 table completed_valid t=0.0s
[     27s] main 32b c6175 ic_m4 known_null_sub table completed_valid t=0.0s
[     27s] main 32b c6175 ic_m4 planted_sub table completed_valid t=0.0s
[     27s] main 32b c6175 ic_m4 small_x_offset table completed_valid t=0.0s
[     27s] main 32b c6176 ic_m4 subgroup table completed_valid t=0.0s
[     27s] main 32b c6176 ic_m4 small_x table completed_valid t=0.0s
[     27s] main 32b c6176 ic_m4 random_sub_r0 table completed_valid t=0.1s
[     27s] main 32b c6176 ic_m4 random_sub_r1 table completed_valid t=0.1s
[     27s] main 32b c6176 ic_m4 random_sub_r2 table completed_valid t=0.1s
[     27s] main 32b c6176 ic_m4 known_null_sub table completed_valid t=0.1s
[     27s] main 32b c6176 ic_m4 planted_sub table completed_valid t=0.0s
[     27s] main 32b c6176 ic_m4 small_x_offset table completed_valid t=0.0s
[     28s] main 32b c6177 ic_m4 subgroup table completed_valid t=0.0s
[     28s] main 32b c6177 ic_m4 small_x table completed_valid t=0.0s
[     28s] main 32b c6177 ic_m4 random_sub_r0 table completed_valid t=0.0s
[     28s] main 32b c6177 ic_m4 random_sub_r1 table completed_valid t=0.0s
[     28s] main 32b c6177 ic_m4 random_sub_r2 table completed_valid t=0.0s
[     28s] main 32b c6177 ic_m4 known_null_sub table completed_valid t=0.0s
[     28s] main 32b c6177 ic_m4 planted_sub table completed_valid t=0.0s
[     28s] main 32b c6177 ic_m4 small_x_offset table completed_valid t=0.0s
[     28s] main 32b c6178 ic_m4 subgroup table completed_valid t=0.0s
[     28s] main 32b c6178 ic_m4 small_x table completed_valid t=0.0s
[     28s] main 32b c6178 ic_m4 random_sub_r0 table completed_valid t=0.0s
[     28s] main 32b c6178 ic_m4 random_sub_r1 table completed_valid t=0.0s
[     28s] main 32b c6178 ic_m4 random_sub_r2 table completed_valid t=0.0s
[     28s] main 32b c6178 ic_m4 known_null_sub table completed_valid t=0.0s
[     28s] main 32b c6178 ic_m4 planted_sub table completed_valid t=0.0s
[     28s] main 32b c6178 ic_m4 small_x_offset table completed_valid t=0.0s
[     28s] main 32b c6179 ic_m4 subgroup table completed_valid t=0.0s
[     28s] main 32b c6179 ic_m4 small_x table completed_valid t=0.0s
[     28s] main 32b c6179 ic_m4 random_sub_r0 table completed_valid t=0.0s
[     28s] main 32b c6179 ic_m4 random_sub_r1 table completed_valid t=0.0s
[     28s] main 32b c6179 ic_m4 random_sub_r2 table completed_valid t=0.0s
[     28s] main 32b c6179 ic_m4 known_null_sub table completed_valid t=0.0s
[     28s] main 32b c6179 ic_m4 planted_sub table completed_valid t=0.0s
[     28s] main 32b c6179 ic_m4 small_x_offset table completed_valid t=0.0s
[     29s] main 32b c6180 ic_m4 subgroup table completed_valid t=0.0s
[     29s] main 32b c6180 ic_m4 small_x table completed_valid t=0.0s
[     29s] main 32b c6180 ic_m4 random_sub_r0 table completed_valid t=0.0s
[     29s] main 32b c6180 ic_m4 random_sub_r1 table completed_valid t=0.0s
[     29s] main 32b c6180 ic_m4 random_sub_r2 table completed_valid t=0.0s
[     29s] main 32b c6180 ic_m4 known_null_sub table completed_valid t=0.0s
[     29s] main 32b c6180 ic_m4 planted_sub table completed_valid t=0.0s
[     29s] main 32b c6180 ic_m4 small_x_offset table completed_valid t=0.0s
[     29s] main 32b c6181 ic_m4 subgroup table completed_valid t=0.0s
[     29s] main 32b c6181 ic_m4 small_x table completed_valid t=0.1s
[     29s] main 32b c6181 ic_m4 random_sub_r0 table completed_valid t=0.1s
[     29s] main 32b c6181 ic_m4 random_sub_r1 table completed_valid t=0.0s
[     29s] main 32b c6181 ic_m4 random_sub_r2 table completed_valid t=0.0s
[     29s] main 32b c6181 ic_m4 known_null_sub table completed_valid t=0.0s
[     29s] main 32b c6181 ic_m4 planted_sub table completed_valid t=0.0s
[     29s] main 32b c6181 ic_m4 small_x_offset table completed_valid t=0.0s
[     30s] main 32b c6182 ic_m4 subgroup table completed_valid t=0.0s
[     30s] main 32b c6182 ic_m4 small_x table completed_valid t=0.0s
[     30s] main 32b c6182 ic_m4 random_sub_r0 table completed_valid t=0.0s
[     30s] main 32b c6182 ic_m4 random_sub_r1 table completed_valid t=0.0s
[     30s] main 32b c6182 ic_m4 random_sub_r2 table completed_valid t=0.0s
[     30s] main 32b c6182 ic_m4 known_null_sub table completed_valid t=0.0s
[     30s] main 32b c6182 ic_m4 planted_sub table completed_valid t=0.0s
[     30s] main 32b c6182 ic_m4 small_x_offset table completed_valid t=0.0s
[     30s] main 32b c6183 ic_m4 subgroup table completed_valid t=0.0s
[     30s] main 32b c6183 ic_m4 small_x table completed_valid t=0.0s
[     30s] main 32b c6183 ic_m4 random_sub_r0 table completed_valid t=0.0s
[     30s] main 32b c6183 ic_m4 random_sub_r1 table completed_valid t=0.0s
[     30s] main 32b c6183 ic_m4 random_sub_r2 table completed_valid t=0.0s
[     30s] main 32b c6183 ic_m4 known_null_sub table completed_valid t=0.0s
[     30s] main 32b c6183 ic_m4 planted_sub table completed_valid t=0.0s
[     30s] main 32b c6183 ic_m4 small_x_offset table completed_valid t=0.0s
[     30s] main 32b c6184 ic_m4 subgroup table completed_valid t=0.0s
[     30s] main 32b c6184 ic_m4 small_x table completed_valid t=0.0s
[     30s] main 32b c6184 ic_m4 random_sub_r0 table completed_valid t=0.0s
[     30s] main 32b c6184 ic_m4 random_sub_r1 table completed_valid t=0.0s
[     30s] main 32b c6184 ic_m4 random_sub_r2 table completed_valid t=0.0s
[     30s] main 32b c6184 ic_m4 known_null_sub table completed_valid t=0.0s
[     30s] main 32b c6184 ic_m4 planted_sub table completed_valid t=0.0s
[     30s] main 32b c6184 ic_m4 small_x_offset table completed_valid t=0.0s
[     31s] main 32b c6185 ic_m4 subgroup table completed_valid t=0.0s
[     31s] main 32b c6185 ic_m4 small_x table completed_valid t=0.0s
[     31s] main 32b c6185 ic_m4 random_sub_r0 table completed_valid t=0.0s
[     31s] main 32b c6185 ic_m4 random_sub_r1 table completed_valid t=0.0s
[     31s] main 32b c6185 ic_m4 random_sub_r2 table completed_valid t=0.0s
[     31s] main 32b c6185 ic_m4 known_null_sub table completed_valid t=0.0s
[     31s] main 32b c6185 ic_m4 planted_sub table completed_valid t=0.0s
[     31s] main 32b c6185 ic_m4 small_x_offset table completed_valid t=0.1s
[     32s] main 32b c6186 ic_m4 subgroup table completed_valid t=0.0s
[     32s] main 32b c6186 ic_m4 small_x table completed_valid t=0.0s
[     32s] main 32b c6186 ic_m4 random_sub_r0 table completed_valid t=0.0s
[     32s] main 32b c6186 ic_m4 random_sub_r1 table completed_valid t=0.0s
[     32s] main 32b c6186 ic_m4 random_sub_r2 table completed_valid t=0.0s
[     32s] main 32b c6186 ic_m4 known_null_sub table completed_valid t=0.0s
[     32s] main 32b c6186 ic_m4 planted_sub table completed_valid t=0.0s
[     32s] main 32b c6186 ic_m4 small_x_offset table completed_valid t=0.0s
[     32s] main 32b c6187 ic_m4 subgroup table completed_valid t=0.0s
[     32s] main 32b c6187 ic_m4 small_x table completed_valid t=0.0s
[     32s] main 32b c6187 ic_m4 random_sub_r0 table completed_valid t=0.0s
[     32s] main 32b c6187 ic_m4 random_sub_r1 table completed_valid t=0.0s
[     32s] main 32b c6187 ic_m4 random_sub_r2 table completed_valid t=0.0s
[     32s] main 32b c6187 ic_m4 known_null_sub table completed_valid t=0.0s
[     32s] main 32b c6187 ic_m4 planted_sub table completed_valid t=0.0s
[     32s] main 32b c6187 ic_m4 small_x_offset table completed_valid t=0.0s
[     32s] main 32b c6188 ic_m4 subgroup table completed_valid t=0.0s
[     32s] main 32b c6188 ic_m4 small_x table completed_valid t=0.0s
[     32s] main 32b c6188 ic_m4 random_sub_r0 table completed_valid t=0.0s
[     32s] main 32b c6188 ic_m4 random_sub_r1 table completed_valid t=0.0s
[     32s] main 32b c6188 ic_m4 random_sub_r2 table completed_valid t=0.0s
[     32s] main 32b c6188 ic_m4 known_null_sub table completed_valid t=0.0s
[     32s] main 32b c6188 ic_m4 planted_sub table completed_valid t=0.0s
[     32s] main 32b c6188 ic_m4 small_x_offset table completed_valid t=0.0s
[     32s] main 32b c6189 ic_m4 subgroup table completed_valid t=0.0s
[     32s] main 32b c6189 ic_m4 small_x table completed_valid t=0.0s
[     32s] main 32b c6189 ic_m4 random_sub_r0 table completed_valid t=0.0s
[     32s] main 32b c6189 ic_m4 random_sub_r1 table completed_valid t=0.0s
[     32s] main 32b c6189 ic_m4 random_sub_r2 table completed_valid t=0.0s
[     32s] main 32b c6189 ic_m4 known_null_sub table completed_valid t=0.0s
[     32s] main 32b c6189 ic_m4 planted_sub table completed_valid t=0.0s
[     32s] main 32b c6189 ic_m4 small_x_offset table completed_valid t=0.0s
[     33s] main 32b c6190 ic_m4 subgroup table completed_valid t=0.0s
[     33s] main 32b c6190 ic_m4 small_x table completed_valid t=0.0s
[     33s] main 32b c6190 ic_m4 random_sub_r0 table completed_valid t=0.0s
[     33s] main 32b c6190 ic_m4 random_sub_r1 table completed_valid t=0.0s
[     33s] main 32b c6190 ic_m4 random_sub_r2 table completed_valid t=0.0s
[     33s] main 32b c6190 ic_m4 known_null_sub table completed_valid t=0.0s
[     33s] main 32b c6190 ic_m4 planted_sub table completed_valid t=0.0s
[     33s] main 32b c6190 ic_m4 small_x_offset table completed_valid t=0.0s
[     33s] main 32b c6191 ic_m4 subgroup table completed_valid t=0.0s
[     33s] main 32b c6191 ic_m4 small_x table completed_valid t=0.0s
[     33s] main 32b c6191 ic_m4 random_sub_r0 table completed_valid t=0.0s
[     33s] main 32b c6191 ic_m4 random_sub_r1 table completed_valid t=0.0s
[     33s] main 32b c6191 ic_m4 random_sub_r2 table completed_valid t=0.0s
[     33s] main 32b c6191 ic_m4 known_null_sub table completed_valid t=0.0s
[     33s] main 32b c6191 ic_m4 planted_sub table completed_valid t=0.0s
[     33s] main 32b c6191 ic_m4 small_x_offset table completed_valid t=0.0s
[     34s] main 32b c6192 ic_m4 subgroup table completed_valid t=0.0s
[     34s] main 32b c6192 ic_m4 small_x table completed_valid t=0.0s
[     34s] main 32b c6192 ic_m4 random_sub_r0 table completed_valid t=0.0s
[     34s] main 32b c6192 ic_m4 random_sub_r1 table completed_valid t=0.0s
[     34s] main 32b c6192 ic_m4 random_sub_r2 table completed_valid t=0.0s
[     34s] main 32b c6192 ic_m4 known_null_sub table completed_valid t=0.0s
[     34s] main 32b c6192 ic_m4 planted_sub table completed_valid t=0.0s
[     34s] main 32b c6192 ic_m4 small_x_offset table completed_valid t=0.0s
[     34s] main 32b c6193 ic_m4 subgroup table completed_valid t=0.0s
[     34s] main 32b c6193 ic_m4 small_x table completed_valid t=0.0s
[     34s] main 32b c6193 ic_m4 random_sub_r0 table completed_valid t=0.0s
[     34s] main 32b c6193 ic_m4 random_sub_r1 table completed_valid t=0.0s
[     34s] main 32b c6193 ic_m4 random_sub_r2 table completed_valid t=0.0s
[     34s] main 32b c6193 ic_m4 known_null_sub table completed_valid t=0.0s
[     34s] main 32b c6193 ic_m4 planted_sub table completed_valid t=0.0s
[     34s] main 32b c6193 ic_m4 small_x_offset table completed_valid t=0.0s
[     35s] main 32b c6194 ic_m4 subgroup table completed_valid t=0.0s
[     35s] main 32b c6194 ic_m4 small_x table completed_valid t=0.0s
[     35s] main 32b c6194 ic_m4 random_sub_r0 table completed_valid t=0.0s
[     35s] main 32b c6194 ic_m4 random_sub_r1 table completed_valid t=0.0s
[     35s] main 32b c6194 ic_m4 random_sub_r2 table completed_valid t=0.0s
[     35s] main 32b c6194 ic_m4 known_null_sub table completed_valid t=0.0s
[     35s] main 32b c6194 ic_m4 planted_sub table completed_valid t=0.0s
[     35s] main 32b c6194 ic_m4 small_x_offset table completed_valid t=0.0s
[     35s] main 32b c6195 ic_m4 subgroup table completed_valid t=0.0s
[     35s] main 32b c6195 ic_m4 small_x table completed_valid t=0.0s
[     35s] main 32b c6195 ic_m4 random_sub_r0 table completed_valid t=0.0s
[     35s] main 32b c6195 ic_m4 random_sub_r1 table completed_valid t=0.0s
[     35s] main 32b c6195 ic_m4 random_sub_r2 table completed_valid t=0.0s
[     35s] main 32b c6195 ic_m4 known_null_sub table completed_valid t=0.0s
[     35s] main 32b c6195 ic_m4 planted_sub table completed_valid t=0.0s
[     35s] main 32b c6195 ic_m4 small_x_offset table completed_valid t=0.0s
[     35s] main 32b c6196 ic_m4 subgroup table completed_valid t=0.0s
[     35s] main 32b c6196 ic_m4 small_x table completed_valid t=0.0s
[     35s] main 32b c6196 ic_m4 random_sub_r0 table completed_valid t=0.0s
[     35s] main 32b c6196 ic_m4 random_sub_r1 table completed_valid t=0.0s
[     35s] main 32b c6196 ic_m4 random_sub_r2 table completed_valid t=0.0s
[     35s] main 32b c6196 ic_m4 known_null_sub table completed_valid t=0.0s
[     35s] main 32b c6196 ic_m4 planted_sub table completed_valid t=0.0s
[     35s] main 32b c6196 ic_m4 small_x_offset table completed_valid t=0.0s
[     36s] main 32b c6197 ic_m4 subgroup table completed_valid t=0.0s
[     36s] main 32b c6197 ic_m4 small_x table completed_valid t=0.0s
[     36s] main 32b c6197 ic_m4 random_sub_r0 table completed_valid t=0.0s
[     36s] main 32b c6197 ic_m4 random_sub_r1 table completed_valid t=0.0s
[     36s] main 32b c6197 ic_m4 random_sub_r2 table completed_valid t=0.0s
[     36s] main 32b c6197 ic_m4 known_null_sub table completed_valid t=0.0s
[     36s] main 32b c6197 ic_m4 planted_sub table completed_valid t=0.0s
[     36s] main 32b c6197 ic_m4 small_x_offset table completed_valid t=0.0s
[     36s] main 32b c6198 ic_m4 subgroup table completed_valid t=0.0s
[     36s] main 32b c6198 ic_m4 small_x table completed_valid t=0.0s
[     36s] main 32b c6198 ic_m4 random_sub_r0 table completed_valid t=0.0s
[     36s] main 32b c6198 ic_m4 random_sub_r1 table completed_valid t=0.0s
[     36s] main 32b c6198 ic_m4 random_sub_r2 table completed_valid t=0.0s
[     36s] main 32b c6198 ic_m4 known_null_sub table completed_valid t=0.0s
[     36s] main 32b c6198 ic_m4 planted_sub table completed_valid t=0.0s
[     36s] main 32b c6198 ic_m4 small_x_offset table completed_valid t=0.0s
[     36s] main 32b c6199 ic_m4 subgroup table completed_valid t=0.0s
[     36s] main 32b c6199 ic_m4 small_x table completed_valid t=0.0s
[     36s] main 32b c6199 ic_m4 random_sub_r0 table completed_valid t=0.0s
[     36s] main 32b c6199 ic_m4 random_sub_r1 table completed_valid t=0.0s
[     36s] main 32b c6199 ic_m4 random_sub_r2 table completed_valid t=0.0s
[     36s] main 32b c6199 ic_m4 known_null_sub table completed_valid t=0.0s
[     36s] main 32b c6199 ic_m4 planted_sub table completed_valid t=0.0s
[     36s] main 32b c6199 ic_m4 small_x_offset table completed_valid t=0.0s
[     37s] main 32b c6200 ic_m4 subgroup table completed_valid t=0.0s
[     37s] main 32b c6200 ic_m4 small_x table completed_valid t=0.0s
[     37s] main 32b c6200 ic_m4 random_sub_r0 table completed_valid t=0.0s
[     37s] main 32b c6200 ic_m4 random_sub_r1 table completed_valid t=0.0s
[     37s] main 32b c6200 ic_m4 random_sub_r2 table completed_valid t=0.0s
[     37s] main 32b c6200 ic_m4 known_null_sub table completed_valid t=0.0s
[     37s] main 32b c6200 ic_m4 planted_sub table completed_valid t=0.0s
[     37s] main 32b c6200 ic_m4 small_x_offset table completed_valid t=0.0s
[     37s] main 32b c6201 ic_m4 subgroup table completed_valid t=0.0s
[     37s] main 32b c6201 ic_m4 small_x table completed_valid t=0.0s
[     37s] main 32b c6201 ic_m4 random_sub_r0 table completed_valid t=0.0s
[     37s] main 32b c6201 ic_m4 random_sub_r1 table completed_valid t=0.0s
[     37s] main 32b c6201 ic_m4 random_sub_r2 table completed_valid t=0.0s
[     37s] main 32b c6201 ic_m4 known_null_sub table completed_valid t=0.0s
[     37s] main 32b c6201 ic_m4 planted_sub table completed_valid t=0.0s
[     37s] main 32b c6201 ic_m4 small_x_offset table completed_valid t=0.0s
[     37s] main 32b c6202 ic_m4 subgroup table completed_valid t=0.0s
[     37s] main 32b c6202 ic_m4 small_x table completed_valid t=0.0s
[     37s] main 32b c6202 ic_m4 random_sub_r0 table completed_valid t=0.0s
[     37s] main 32b c6202 ic_m4 random_sub_r1 table completed_valid t=0.0s
[     37s] main 32b c6202 ic_m4 random_sub_r2 table completed_valid t=0.0s
[     37s] main 32b c6202 ic_m4 known_null_sub table completed_valid t=0.0s
[     37s] main 32b c6202 ic_m4 planted_sub table completed_valid t=0.0s
[     37s] main 32b c6202 ic_m4 small_x_offset table completed_valid t=0.0s
[     38s] main 32b c6203 ic_m4 subgroup table completed_valid t=0.0s
[     38s] main 32b c6203 ic_m4 small_x table completed_valid t=0.0s
[     38s] main 32b c6203 ic_m4 random_sub_r0 table completed_valid t=0.0s
[     38s] main 32b c6203 ic_m4 random_sub_r1 table completed_valid t=0.0s
[     38s] main 32b c6203 ic_m4 random_sub_r2 table completed_valid t=0.0s
[     38s] main 32b c6203 ic_m4 known_null_sub table completed_valid t=0.0s
[     38s] main 32b c6203 ic_m4 planted_sub table completed_valid t=0.0s
[     38s] main 32b c6203 ic_m4 small_x_offset table completed_valid t=0.0s
[     38s] main 32b c6204 ic_m4 subgroup table completed_valid t=0.0s
[     38s] main 32b c6204 ic_m4 small_x table completed_valid t=0.0s
[     38s] main 32b c6204 ic_m4 random_sub_r0 table completed_valid t=0.0s
[     38s] main 32b c6204 ic_m4 random_sub_r1 table completed_valid t=0.0s
[     38s] main 32b c6204 ic_m4 random_sub_r2 table completed_valid t=0.0s
[     38s] main 32b c6204 ic_m4 known_null_sub table completed_valid t=0.0s
[     38s] main 32b c6204 ic_m4 planted_sub table completed_valid t=0.0s
[     38s] main 32b c6204 ic_m4 small_x_offset table completed_valid t=0.0s
[     39s] main 32b c6205 ic_m4 subgroup table completed_valid t=0.0s
[     39s] main 32b c6205 ic_m4 small_x table completed_valid t=0.0s
[     39s] main 32b c6205 ic_m4 random_sub_r0 table completed_valid t=0.0s
[     39s] main 32b c6205 ic_m4 random_sub_r1 table completed_valid t=0.0s
[     39s] main 32b c6205 ic_m4 random_sub_r2 table completed_valid t=0.0s
[     39s] main 32b c6205 ic_m4 known_null_sub table completed_valid t=0.0s
[     39s] main 32b c6205 ic_m4 planted_sub table completed_valid t=0.0s
[     39s] main 32b c6205 ic_m4 small_x_offset table completed_valid t=0.0s
[     39s] main 32b c6206 ic_m4 subgroup table completed_valid t=0.0s
[     39s] main 32b c6206 ic_m4 small_x table completed_valid t=0.0s
[     39s] main 32b c6206 ic_m4 random_sub_r0 table completed_valid t=0.0s
[     39s] main 32b c6206 ic_m4 random_sub_r1 table completed_valid t=0.0s
[     39s] main 32b c6206 ic_m4 random_sub_r2 table completed_valid t=0.0s
[     39s] main 32b c6206 ic_m4 known_null_sub table completed_valid t=0.0s
[     39s] main 32b c6206 ic_m4 planted_sub table completed_valid t=0.0s
[     39s] main 32b c6206 ic_m4 small_x_offset table completed_valid t=0.0s
[     39s] main 32b c6207 ic_m4 subgroup table completed_valid t=0.0s
[     39s] main 32b c6207 ic_m4 small_x table completed_valid t=0.0s
[     39s] main 32b c6207 ic_m4 random_sub_r0 table completed_valid t=0.0s
[     39s] main 32b c6207 ic_m4 random_sub_r1 table completed_valid t=0.0s
[     39s] main 32b c6207 ic_m4 random_sub_r2 table completed_valid t=0.0s
[     39s] main 32b c6207 ic_m4 known_null_sub table completed_valid t=0.0s
[     39s] main 32b c6207 ic_m4 planted_sub table completed_valid t=0.0s
[     39s] main 32b c6207 ic_m4 small_x_offset table completed_valid t=0.0s
[     40s] main 32b c6208 ic_m4 subgroup table completed_valid t=0.0s
[     40s] main 32b c6208 ic_m4 small_x table completed_valid t=0.0s
[     40s] main 32b c6208 ic_m4 random_sub_r0 table completed_valid t=0.0s
[     40s] main 32b c6208 ic_m4 random_sub_r1 table completed_valid t=0.0s
[     40s] main 32b c6208 ic_m4 random_sub_r2 table completed_valid t=0.0s
[     40s] main 32b c6208 ic_m4 known_null_sub table completed_valid t=0.0s
[     40s] main 32b c6208 ic_m4 planted_sub table completed_valid t=0.0s
[     40s] main 32b c6208 ic_m4 small_x_offset table completed_valid t=0.1s
[     40s] main 32b c6209 ic_m4 subgroup table completed_valid t=0.0s
[     40s] main 32b c6209 ic_m4 small_x table completed_valid t=0.0s
[     40s] main 32b c6209 ic_m4 random_sub_r0 table completed_valid t=0.0s
[     40s] main 32b c6209 ic_m4 random_sub_r1 table completed_valid t=0.0s
[     40s] main 32b c6209 ic_m4 random_sub_r2 table completed_valid t=0.0s
[     40s] main 32b c6209 ic_m4 known_null_sub table completed_valid t=0.0s
[     40s] main 32b c6209 ic_m4 planted_sub table completed_valid t=0.0s
[     40s] main 32b c6209 ic_m4 small_x_offset table completed_valid t=0.0s
