[    0.0s] resolve.py v1 TASK-20260805-74a8e9  stage=t1
[    0.0s] SCOPE: m=35 n=25 q=127 sigma=2.0 eta=2, ONE instance, ONE database, TOY SCALE.  No ML-KEM break claim, no security proof, no FIPS 203 parameter set affected or cleared, no speedup, no cost claim, no exponent moved.
[    0.0s] rule12_status: UNMET and UNWAIVED, inherited.  No EV-MLKEM-* status change.
[    0.0s] certificate: solve_claim_certificate = none (pure measurement run).
[    0.0s] 
[    0.0s] FROZEN PRE-REGISTRATION, printed IN FULL before any research number:
[    0.0s]   PREREG| {
[    0.0s]   PREREG|  "question": "Is the 4-9% object-specific residual recorded in EV-MLKEM-d777f0 (validator DEF-1; red team, real family 3-11% below every ablated control) a property of the real dual family, or a draw from the ablated ensemble?  It is unreplicated at n = 2.",
[    0.0s]   PREREG|  "null": {
[    0.0s]   PREREG|   "name": "ABL  (family-ablated null at fixed candidate set; RC-1/RC-3)",
[    0.0s]   PREREG|   "object_removed": "the ENTIRE dual family: the q-ary lattice, the matrix A, the modulus, the sieve geometry of X, the shortness of the dual vectors, and the X-Y coupling.  Nothing algebraic survives.",
[    0.0s]   PREREG|   "object_preserved": "N = 17919 rows; m = 35 columns of X; the EXACT per-row ||x_i|| of the sieve database, row for row; the entrywise standard deviation of Y; the candidate set C1 at identical indices; K; and the closed form itself, imported unmodified from the archived path.",
[    0.0s]   PREREG|   "construction": "X_ab[i] = ||x_i||_sieve * g_i/||g_i|| with g_i iid N(0,I_35);  Y_ab = rint(N(0, sd_entrywise(Y_sieve))) elementwise, independent of X_ab.",
[    0.0s]   PREREG|   "statistic": "ST-6 ratio = K_eff_trail / (K-1), where K_eff_trail is the trailing-spectrum participation ratio of the correlation matrix produced by the ARCHIVED closed_form_cov.  NO SCORING.  This is the same statistic and the same code path as the archived T1 primary observable.",
[    0.0s]   PREREG|   "n_draws": 16,
[    0.0s]   PREREG|   "can_it_fail": "YES.  The interval is an empirical min/max over 16 independent draws of the null ensemble; the real family lies outside it or it does not, and both outcomes are reachable.  The positive control SENS-T1 below exhibits the OUTSIDE end on an object built to differ."
[    0.0s]   PREREG|  },
[    0.0s]   PREREG|  "sensitivity_demonstration": {
[    0.0s]   PREREG|   "name": "SENS-T1",
[    0.0s]   PREREG|   "comparator": "RANK5 -- the SAME ablated construction except that the rows of X are confined to a fixed random 5-dimensional subspace of R^35 before being rescaled to the sieve's exact row norms.  Named comparator: the ABL ensemble's own 16-draw interval on the uniform_25 group.",
[    0.0s]   PREREG|   "why_this_comparator": "RT-20260804-0ff29a OBJ-3 establishes that the uniform group's ST-6 ratio moves with the effective rank of X and with nothing else that varies between arms.  A rank-5 X is therefore an object the statistic is known to be able to read, and it is the honest positive control for whether a 16-draw interval can resolve an object difference at all.",
[    0.0s]   PREREG|   "threshold_declared_before_the_run": "RANK5's uniform_25 ST-6 ratio must lie BELOW the ABL ensemble's uniform_25 minimum by at least 0.05 in absolute value.  If it does not, the instrument cannot resolve a structural difference of that size at this ensemble size and the T1 comparison is declared UNINTERPRETABLE for every group.",
[    0.0s]   PREREG|   "dynamic_range_both_ends": "low end: RANK5's uniform_25 value; high end: the ABL ensemble's uniform_25 interval.  Both are printed."
[    0.0s]   PREREG|  },
[    0.0s]   PREREG|  "derived_before_measuring_any_contrast": {
[    0.0s]   PREREG|   "the_null_i_am_NOT_testing": "I am testing 'the real family is a draw from ABL'.  The null I am NOT testing is 'my own verdict function discriminates'.  Under it, the leave-one-out application of the frozen interval rule to ABL's OWN 16 members must return OUTSIDE for EXACTLY 2 of the 16 -- EXACTLY ONE OUTSIDE_LOW (the ensemble minimum) and EXACTLY ONE OUTSIDE_HIGH (the ensemble maximum) -- on EVERY group.  This is forced by the definition of a min/max interval whenever the 16 values are pairwise distinct, which is checked.",
[    0.0s]   PREREG|   "value": {
[    0.0s]   PREREG|    "loo_outside_count": 2,
[    0.0s]   PREREG|    "loo_outside_low": 1,
[    0.0s]   PREREG|    "loo_outside_high": 1,
[    0.0s]   PREREG|    "loo_false_outside_rate": "2/16 = 0.125"
[    0.0s]   PREREG|   },
[    0.0s]   PREREG|   "if_violated": "my verdict function is wrong and T1 is void -- reported as implementation_error, not as a measurement."
[    0.0s]   PREREG|  },
[    0.0s]   PREREG|  "null_arm_runs_first": "KN-TECH-6c0e15 mode 4.  The 16 ABL draws are computed and passed through the frozen verdict function, leave-one-out, and their verdicts are PRINTED, BEFORE the real family's closed form is evaluated.  The log ordering and the recorded per-arm elapsed times are the evidence.",
[    0.0s]   PREREG|  "frozen_rule": {
[    0.0s]   PREREG|   "inputs": "the real family's ST-6 ratio r, and the 16 ABL draws",
[    0.0s]   PREREG|   "branches": [
[    0.0s]   PREREG|    "OUTSIDE_LOW",
[    0.0s]   PREREG|    "INSIDE",
[    0.0s]   PREREG|    "OUTSIDE_HIGH",
[    0.0s]   PREREG|    "NEITHER"
[    0.0s]   PREREG|   ],
[    0.0s]   PREREG|   "definition": "lo = min(draws), hi = max(draws).  OUTSIDE_LOW iff r < lo; INSIDE iff lo <= r <= hi; OUTSIDE_HIGH iff r > hi; NEITHER iff r or lo or hi is non-finite, or fewer than 8 draws are available.",
[    0.0s]   PREREG|   "exhaustiveness_argument": "The three substantive branches partition the FULL INPUT SPACE, not merely the statistic's observed range: for finite real r and finite lo <= hi, trichotomy of the order relation on R gives exactly one of r < lo, lo <= r <= hi, r > hi, and the three are pairwise disjoint.  NEITHER is a total catch-all for every non-finite or under-sampled input, so the rule is defined on every input and emits exactly one label.  DISCRIMINATION is a separate question from exhaustiveness (this is the DEV-3 lesson of KN-TECH-6c0e15 mode 4) and is addressed by the null-first leave-one-out check and by SENS-T1, not by this argument.",
[    0.0s]   PREREG|   "secondary_reported": "z = (r - mean(draws)) / sd(draws), reported never dispositive"
[    0.0s]   PREREG|  },
[    0.0s]   PREREG|  "what_a_result_would_and_would_not_mean": "INSIDE means the real family is not separated from a structureless object of the same shape by this statistic at this ensemble size; it does NOT prove the residual is zero.  OUTSIDE_LOW means the real family sits below the whole ablated ensemble on this statistic, on ONE instance and ONE database; it is NOT an ML-KEM statement, NOT a cost claim, and NOT an operational sign."
[    0.0s]   PREREG| }
[    0.0s]   PREREG| explicit_non_claims: ["No ML-KEM break.  No attack implemented, run, or claimed.  No speedup.", "No security proof and no security claim in either direction.", "No FIPS 203 parameter set affected or cleared.  Toy scale, AGENTS.md rules 4 and 7.", "No cost claim, no exponent moved, no Nf recomputed or corrected.", "No heuristic declared validated or refuted.  No lane closed or opened.", "No EV-MLKEM-* or KN-* status change made or proposed.  Rule 12 UNMET and UNWAIVED.", "solve_claim_certificate = none.  The membership certificate certifies VECTORS only."]
[    0.0s] 
[    0.0s] importing the ARCHIVED closed form from its committed path (not copied):
[    0.0s]   /home/user/crypto-autoresearcher/coordination/goals/GOAL-MLKEM-004/batches/BATCH-a2bb63/tasks/TASK-20260804-f58d34/dependence.py
[    0.1s]   sha256 82a41e393bc10567  coordination/goals/GOAL-MLKEM-004/batches/BATCH-a2bb63/tasks/TASK-20260804-f58d34/dependence.py
[    0.1s]   sha256 f943e64488f62974  coordination/goals/GOAL-MLKEM-004/batches/BATCH-a2bb63/tasks/TASK-20260804-f58d34/vectors.json
[    0.1s]   sha256 64b4187257b24c17  coordination/goals/GOAL-MLKEM-004/batches/BATCH-a2bb63/tasks/TASK-20260804-f58d34/results.json
[    0.1s]   archived module exposes closed_form_cov=True dep_stats=True score_means=True phases=True cov_to_corr=True
[    0.4s] instance regenerates from seed 20260803206: A identical=True  s identical=True
[    0.4s] 
[    0.4s] KNOWN-ANSWER CONTROLS (answers known independently of this run), run BEFORE any research number.  These are the ARCHIVED instrument checks, executed from the archived module:
[    7.3s]     KAC-1 exact closed-form Cov vs 4e5-draw Monte Carlo (rel max err) expected < 0.02                 got 0.00243                PASS
[    7.4s]     KAC-2.8 E[max of 8 iid N(0,1)]: quadrature vs MC             expected 1.4236                 got 1.4265                 PASS
[    7.4s]     KAC-2.25 E[max of 25 iid N(0,1)]: quadrature vs MC            expected 1.9653                 got 1.9637                 PASS
[    8.2s]     KAC-2.512 E[max of 512 iid N(0,1)]: quadrature vs MC           expected 3.0439                 got 3.0421                 PASS
[    9.2s]     KAC-3.8 keff_from_max(E[max of 8]) round-trip                expected 8                      got 8.0                    PASS
[    9.2s]     KAC-3.25 keff_from_max(E[max of 25]) round-trip               expected 25                     got 25.0                   PASS
[    9.2s]     KAC-3.512 keff_from_max(E[max of 512]) round-trip              expected 512                    got 512.03                 PASS
[    9.2s]     KAC-4a offdiag(R_raw) on iid data                           expected |.| < 0.05             got -0.0053                PASS
[    9.2s]     KAC-4b offdiag(R_ctr) on iid data = -1/(K-1)                expected -0.14286               got -0.14284               PASS
[    9.2s]     KAC-4c K_eff_PR(R_ctr) on iid data = K-1                    expected 7                      got 6.985                  PASS
[    9.3s] 
[    9.3s] re-certifying the archived family from vectors.json and A ALONE, with code written in resolve.py (not the archived certify()):
[    9.4s]   SIEVE verified=True violating=0/447975 bigint_violating=0/1500 dup_x=0
[    9.4s]   candidate set reconstructed: {'correct': 1, 'near_miss': 25, 'uniform': 512, 'secret_distribution': 64, 'reference_zero': 1}
[    9.4s]   ablation targets: N=17919  mean||x||^2=181.494280  entrywise sd(Y)=2.272274
[    9.4s] 
[    9.4s] === T1 NULL ARM, RUN FIRST.  16 draws of ABL, the family-ablated null. The real family is NOT touched until every line below is printed. ===
[   26.0s]     ABL draw 00 (seed 20260805740000) near_m=0.8845  near_m=0.7653  unifor=0.9782  unifor=0.9092  secret=0.4629  (17s)
[   42.0s]     ABL draw 01 (seed 20260805740001) near_m=0.9075  near_m=0.7699  unifor=0.9887  unifor=0.9306  secret=0.4465  (16s)
[   58.1s]     ABL draw 02 (seed 20260805740002) near_m=0.8835  near_m=0.7716  unifor=0.9771  unifor=0.9173  secret=0.4602  (16s)
[   74.1s]     ABL draw 03 (seed 20260805740003) near_m=0.9005  near_m=0.7784  unifor=0.9727  unifor=0.9200  secret=0.4835  (16s)
[   90.6s]     ABL draw 04 (seed 20260805740004) near_m=0.9323  near_m=0.7637  unifor=0.9723  unifor=0.9206  secret=0.4568  (16s)
[  114.1s]     ABL draw 05 (seed 20260805740005) near_m=0.9266  near_m=0.7786  unifor=0.9788  unifor=0.9110  secret=0.4511  (23s)
[  129.8s]     ABL draw 06 (seed 20260805740006) near_m=0.9132  near_m=0.7576  unifor=0.9839  unifor=0.9206  secret=0.4778  (16s)
[  145.4s]     ABL draw 07 (seed 20260805740007) near_m=0.9226  near_m=0.8079  unifor=0.9691  unifor=0.9142  secret=0.5038  (16s)
[  161.9s]     ABL draw 08 (seed 20260805740008) near_m=0.9216  near_m=0.7610  unifor=0.9856  unifor=0.9303  secret=0.4952  (16s)
[  178.0s]     ABL draw 09 (seed 20260805740009) near_m=0.9346  near_m=0.8024  unifor=0.9813  unifor=0.9234  secret=0.4413  (16s)
[  193.7s]     ABL draw 10 (seed 20260805740010) near_m=0.9332  near_m=0.7639  unifor=0.9831  unifor=0.9320  secret=0.4309  (16s)
[  209.1s]     ABL draw 11 (seed 20260805740011) near_m=0.8961  near_m=0.7485  unifor=0.9856  unifor=0.9044  secret=0.4948  (15s)
[  224.7s]     ABL draw 12 (seed 20260805740012) near_m=0.9271  near_m=0.7501  unifor=0.9837  unifor=0.9256  secret=0.4905  (16s)
[  241.4s]     ABL draw 13 (seed 20260805740013) near_m=0.8864  near_m=0.7734  unifor=0.9876  unifor=0.9197  secret=0.5017  (17s)
[  257.4s]     ABL draw 14 (seed 20260805740014) near_m=0.9329  near_m=0.7799  unifor=0.9755  unifor=0.9213  secret=0.4758  (16s)
[  273.1s]     ABL draw 15 (seed 20260805740015) near_m=0.9210  near_m=0.7668  unifor=0.9865  unifor=0.9252  secret=0.5074  (16s)
[  273.1s] 
[  273.1s]   ABL ensemble, 16 draws:
[  273.1s]     near_miss                min 0.8835  max 0.9346  mean 0.9140  sd 0.0184  distinct True
[  273.1s]     near_miss_25             min 0.7485  max 0.8079  mean 0.7712  sd 0.0162  distinct True
[  273.1s]     uniform_8                min 0.9691  max 0.9887  mean 0.9806  sd 0.0060  distinct True
[  273.1s]     uniform_25               min 0.9044  max 0.9320  mean 0.9203  sd 0.0078  distinct True
[  273.1s]     secret_distribution_25   min 0.4309  max 0.5074  mean 0.4738  sd 0.0243  distinct True
[  273.1s] 
[  273.1s]   NULL-FIRST leave-one-out through MY OWN frozen verdict function.
[  273.1s]   DERIVED BEFORE THE RUN: exactly 2 of 16 OUTSIDE per group, exactly 1 LOW and 1 HIGH, whenever the draws are pairwise distinct.
[  273.1s]     near_miss                {"OUTSIDE_LOW": 1, "INSIDE": 14, "OUTSIDE_HIGH": 1, "NEITHER": 0}   matches derived value: True
[  273.1s]     near_miss_25             {"OUTSIDE_LOW": 1, "INSIDE": 14, "OUTSIDE_HIGH": 1, "NEITHER": 0}   matches derived value: True
[  273.1s]     uniform_8                {"OUTSIDE_LOW": 1, "INSIDE": 14, "OUTSIDE_HIGH": 1, "NEITHER": 0}   matches derived value: True
[  273.1s]     uniform_25               {"OUTSIDE_LOW": 1, "INSIDE": 14, "OUTSIDE_HIGH": 1, "NEITHER": 0}   matches derived value: True
[  273.1s]     secret_distribution_25   {"OUTSIDE_LOW": 1, "INSIDE": 14, "OUTSIDE_HIGH": 1, "NEITHER": 0}   matches derived value: True
[  273.1s]   derived-value check: PASS on every group
[  273.1s] 
[  273.1s] === SENS-T1 sensitivity demonstration.  Comparator: the ABL ensemble's own uniform_25 interval.  Threshold declared BEFORE the run: RANK5 must sit at least 0.05 BELOW the ensemble minimum. ===
[  273.1s]   RANK5: rows of X confined to a fixed random 5-dim subspace of R^35, rescaled to the sieve's exact row norms; rank(X)=5
[  288.6s]     RANK5 positive control near_m=0.4620  near_m=0.2548  unifor=0.7619  unifor=0.5091  secret=0.2069  (16s)
[  288.6s]   uniform_25: ABL ensemble min 0.9044, RANK5 0.5091, gap 0.3952, threshold 0.0500 -> PASS
[  288.6s]   dynamic range exhibited, both ends: RANK5 0.5091 ... ABL [0.9044, 0.9320]
[  288.6s] 
[  288.6s] === T1 REAL ARM.  The certified dual family, same closed form, same candidate columns. ===
[  303.8s]     SIEVE (certified)      near_m=0.8646  near_m=0.7283  unifor=0.9692  unifor=0.9194  secret=0.4149  (15s)
[  303.8s]   archived cross-check (RT-20260804-0ff29a OBJ-1 table, closed form, ratio to K-1): near_miss_25 0.7283, secret_distribution_25 0.4149, uniform_25 0.9194
[  303.8s] 
[  303.8s] === T1 VERDICTS, from the frozen rule, emitted mechanically ===
[  303.8s]   near_miss                real 0.8646  interval [0.8835, 0.9346]  z=-2.68  -> OUTSIDE_LOW
[  303.8s]   near_miss_25             real 0.7283  interval [0.7485, 0.8079]  z=-2.65  -> OUTSIDE_LOW
[  303.8s]   uniform_8                real 0.9692  interval [0.9691, 0.9887]  z=-1.90  -> INSIDE
[  303.8s]   uniform_25               real 0.9194  interval [0.9044, 0.9320]  z=-0.12  -> INSIDE
[  303.8s]   secret_distribution_25   real 0.4149  interval [0.4309, 0.5074]  z=-2.42  -> OUTSIDE_LOW
[  303.8s] wrote /home/user/crypto-autoresearcher/coordination/goals/GOAL-MLKEM-004/batches/BATCH-4bc9bc/tasks/TASK-20260805-74a8e9/results_t1.json
[  303.8s] STAGE T1 COMPLETE.  303.8s, peak RSS 680 MB
