CTRL-VALUESHUFFLE -- EXP-INSTR-85b102 amendment v2
contract: experiments/EXP-INSTR-85b102/amendments/v2.yaml
stage=gate replicates=200 seeds=[20260807, 20260808, 11235813] max_seconds=3600 memory_cap={'rlimit_as_bytes': 4294967296, 'applied': True, 'previous_soft': -1}

0. FROZEN-FUNCTION RECEIPT (CTRL-FROZEN-DIFF, regenerated)
   verdict: ZERO BEHAVIOURAL CHANGE

1. LOADING THE FOUR OPERATIVE POOLS FROM COMMITTED ARTIFACTS
   POOL_A  run=RUN-INSTR-85b102-poolA-c     p=4001 n=472 K=4 non-degenerate N-ladder rungs=['R0_FREE', 'R2_NBAND_w2']
   POOL_B  run=RUN-INSTR-85b102-poolB-b     p=4001 n=1152 K=12 non-degenerate N-ladder rungs=['R0_FREE', 'R2_NBAND_w2', 'R3_NBAND_w3']
   POOL_C  run=RUN-INSTR-85b102-poolC       p=4001 n=424 K=12 non-degenerate N-ladder rungs=['R0_FREE', 'R2_NBAND_w2', 'R3_NBAND_w3', 'R4_NBAND_w4']
   POOL_D  run=RUN-INSTR-85b102-poolD       p=6007 n=1464 K=12 non-degenerate N-ladder rungs=['R0_FREE', 'R2_NBAND_w2', 'R3_NBAND_w3']

2. SR-B1 REPRODUCTION GATE (BLOCKING, RUNS FIRST)
   D1_committed_empirical_ratio       total= 50 by_pool={'POOL_A': 10, 'POOL_B': 10, 'POOL_C': 16, 'POOL_D': 14} comparable=138 full=144
   D2_committed_closed_form_ratio     total= 50 by_pool={'POOL_A': 10, 'POOL_B': 10, 'POOL_C': 16, 'POOL_D': 14} comparable=138 full=144
   D3_recomputed_from_per_curve_csv   total= 50 by_pool={'POOL_A': 10, 'POOL_B': 10, 'POOL_C': 16, 'POOL_D': 14} comparable=138 full=144
   frozen observed value: 50 of 144  (comparable denominator 138)
   m = 3 family observed: {'sumset_m3': 8, 'sumset_eff_m3': 8} (frozen {'sumset_m3': 8, 'sumset_eff_m3': 8}, reproduced=True)
   restated verdict rule vs committed booleans: {'POOL_A': '36/36', 'POOL_B': '36/36', 'POOL_C': '36/36', 'POOL_D': '36/36'}
   degeneracy is a ladder suffix: {'POOL_A': True, 'POOL_B': True, 'POOL_C': True, 'POOL_D': True}
   GATE: PASS

3. SHUFFLED NULL: NOT RUN AT THIS STAGE (--stage gate)

