
Legend for f4 information
--------------------------------------------------------
deg       current degree of pairs selected in this round
sel       number of pairs selected in this round
pairs     total number of pairs in pair list
mat       matrix dimensions (# rows x # columns)
density   density of the matrix
new data  # new elements for basis in this round
          # zero reductions during linear algebra
time(rd)  time of the current f4 round in seconds given
          for real and cpu time
--------------------------------------------------------

deg     sel   pairs        mat          density            new data         time(rd) in sec (real|cpu)
------------------------------------------------------------------------------------------------------
  2      13     218      17 x 126        51.40%       13 new       0 zero         0.00 | 0.00         
  2       2     353      26 x 133        15.82%        1 new       1 zero         0.00 | 0.00         
  3     169     369     753 x 1643        1.09%      153 new      16 zero         0.01 | 0.01         
  3     202    1045     781 x 1413        3.17%      196 new       6 zero         0.04 | 0.04         
  4    3576    3889   15847 x 29140       0.36%     1648 new    1928 zero         3.43 | 3.43         
  4    5018   22354   46066 x 73183       0.22%     1934 new    3084 zero        13.01 | 13.00        
  3    3576   14881    7867 x 6208        0.90%       34 new    3597 zero         0.30 | 0.30         
  4    6271    9577   52955 x 55300       0.41%     2455 new    4203 zero        26.91 | 26.91        
  2      23   18969     146 x 190        12.64%        0 new      23 zero         0.01 | 0.01         
  3    3128   18946    8456 x 6314        0.95%      370 new    2852 zero         3.89 | 3.89         
  3    1515   13266    5060 x 4219        1.34%      378 new    1137 zero         3.36 | 3.36         
  2     533    6699    1128 x 607         2.65%        6 new     527 zero         0.04 | 0.04         
  2      18    5738      45 x 33         10.77%        0 new      18 zero         0.00 | 0.00         
  3    1329    5720    3246 x 1916        1.45%        0 new    1336 zero         0.01 | 0.01         
  4    4391    4391   34181 x 29796       0.53%        0 new    4391 zero         1.76 | 1.76         
------------------------------------------------------------------------------------------------------
reduce final basis       42 x 48          5.85%       40 new       0 zero         0.00 | 0.00         
------------------------------------------------------------------------------------------------------

---------------- TIMINGS ---------------
overall(elapsed)       52.77 sec
overall(cpu)           52.76 sec
select                  1.95 sec   3.7%
symbolic prep.          1.86 sec   3.5%
update                 37.34 sec  70.7%
convert                 0.10 sec   0.2%
linear algebra         11.50 sec  21.8%
reduce gb               0.00 sec   0.0%
rht                     0.00 sec   0.0%
-----------------------------------------

---------- COMPUTATIONAL DATA -----------
size of basis                    40
#terms in basis                 100
#pairs reduced                29764
#GM criterion              26298632
#redundant elements            7217
#rows reduced                 60654
#zero reductions              23119
max. matrix data              46066 x 73183 (0.218%)
max. symbolic hash table size  2^17
max. basis hash table size     2^23
-----------------------------------------

