[      1s] main 30b c610 ic_m4 subgroup table completed_valid t=0.0s
[      1s] main 30b c610 ic_m4 dickson table completed_valid t=0.0s
[      1s] main 30b c610 ic_m4 small_x table completed_valid t=0.0s
[      1s] main 30b c610 ic_m4 random_sub_r0 table completed_valid t=0.0s
[      1s] main 30b c610 ic_m4 random_sub_r1 table completed_valid t=0.0s
[      1s] main 30b c610 ic_m4 random_sub_r2 table completed_valid t=0.0s
[      1s] main 30b c610 ic_m4 known_null_sub table completed_valid t=0.0s
[      1s] main 30b c610 ic_m4 random_dick_r0 table completed_valid t=0.0s
[      1s] main 30b c610 ic_m4 random_dick_r1 table completed_valid t=0.0s
[      1s] main 30b c610 ic_m4 random_dick_r2 table completed_valid t=0.0s
[      1s] main 30b c610 ic_m4 known_null_dick table completed_valid t=0.0s
[      1s] main 30b c611 ic_m4 subgroup table completed_valid t=0.0s
[      1s] main 30b c611 ic_m4 dickson table completed_valid t=0.0s
[      1s] main 30b c611 ic_m4 small_x table completed_valid t=0.0s
[      1s] main 30b c611 ic_m4 random_sub_r0 table completed_valid t=0.0s
[      1s] main 30b c611 ic_m4 random_sub_r1 table completed_valid t=0.0s
[      1s] main 30b c611 ic_m4 random_sub_r2 table completed_valid t=0.0s
[      1s] main 30b c611 ic_m4 known_null_sub table completed_valid t=0.0s
[      1s] main 30b c611 ic_m4 random_dick_r0 table completed_valid t=0.0s
[      1s] main 30b c611 ic_m4 random_dick_r1 table completed_valid t=0.0s
[      1s] main 30b c611 ic_m4 random_dick_r2 table completed_valid t=0.0s
[      1s] main 30b c611 ic_m4 known_null_dick table completed_valid t=0.0s
[      1s] main 30b c612 ic_m4 subgroup table completed_valid t=0.0s
[      1s] main 30b c612 ic_m4 dickson table completed_valid t=0.0s
[      1s] main 30b c612 ic_m4 small_x table completed_valid t=0.0s
[      1s] main 30b c612 ic_m4 random_sub_r0 table completed_valid t=0.0s
[      1s] main 30b c612 ic_m4 random_sub_r1 table completed_valid t=0.0s
[      1s] main 30b c612 ic_m4 random_sub_r2 table completed_valid t=0.0s
[      1s] main 30b c612 ic_m4 known_null_sub table completed_valid t=0.0s
[      1s] main 30b c612 ic_m4 random_dick_r0 table completed_valid t=0.0s
[      1s] main 30b c612 ic_m4 random_dick_r1 table completed_valid t=0.0s
[      1s] main 30b c612 ic_m4 random_dick_r2 table completed_valid t=0.0s
[      1s] main 30b c612 ic_m4 known_null_dick table completed_valid t=0.0s
[      2s] main 30b c613 ic_m4 subgroup table completed_valid t=0.0s
[      2s] main 30b c613 ic_m4 dickson table completed_valid t=0.0s
[      2s] main 30b c613 ic_m4 small_x table completed_valid t=0.0s
[      2s] main 30b c613 ic_m4 random_sub_r0 table completed_valid t=0.0s
[      2s] main 30b c613 ic_m4 random_sub_r1 table completed_valid t=0.0s
[      2s] main 30b c613 ic_m4 random_sub_r2 table completed_valid t=0.0s
[      2s] main 30b c613 ic_m4 known_null_sub table completed_valid t=0.0s
[      2s] main 30b c613 ic_m4 random_dick_r0 table completed_valid t=0.0s
[      2s] main 30b c613 ic_m4 random_dick_r1 table completed_valid t=0.0s
[      2s] main 30b c613 ic_m4 random_dick_r2 table completed_valid t=0.0s
[      2s] main 30b c613 ic_m4 known_null_dick table completed_valid t=0.0s
[      2s] main 30b c614 ic_m4 subgroup table completed_valid t=0.0s
[      2s] main 30b c614 ic_m4 dickson table completed_valid t=0.1s
[      2s] main 30b c614 ic_m4 small_x table completed_valid t=0.0s
[      2s] main 30b c614 ic_m4 random_sub_r0 table completed_valid t=0.0s
[      2s] main 30b c614 ic_m4 random_sub_r1 table completed_valid t=0.0s
[      2s] main 30b c614 ic_m4 random_sub_r2 table completed_valid t=0.0s
[      2s] main 30b c614 ic_m4 known_null_sub table completed_valid t=0.0s
[      2s] main 30b c614 ic_m4 random_dick_r0 table completed_valid t=0.0s
[      2s] main 30b c614 ic_m4 random_dick_r1 table completed_valid t=0.0s
[      2s] main 30b c614 ic_m4 random_dick_r2 table completed_valid t=0.1s
[      2s] main 30b c614 ic_m4 known_null_dick table completed_valid t=0.0s
[      3s] main 30b c615 ic_m4 subgroup table completed_valid t=0.0s
[      3s] main 30b c615 ic_m4 dickson table completed_valid t=0.0s
[      3s] main 30b c615 ic_m4 small_x table completed_valid t=0.0s
[      3s] main 30b c615 ic_m4 random_sub_r0 table completed_valid t=0.0s
[      3s] main 30b c615 ic_m4 random_sub_r1 table completed_valid t=0.0s
[      3s] main 30b c615 ic_m4 random_sub_r2 table completed_valid t=0.0s
[      3s] main 30b c615 ic_m4 known_null_sub table completed_valid t=0.0s
[      3s] main 30b c615 ic_m4 random_dick_r0 table completed_valid t=0.0s
[      3s] main 30b c615 ic_m4 random_dick_r1 table completed_valid t=0.0s
[      3s] main 30b c615 ic_m4 random_dick_r2 table completed_valid t=0.0s
[      3s] main 30b c615 ic_m4 known_null_dick table completed_valid t=0.0s
[      3s] main 30b c616 ic_m4 subgroup table completed_valid t=0.0s
[      3s] main 30b c616 ic_m4 dickson table completed_valid t=0.0s
[      3s] main 30b c616 ic_m4 small_x table completed_valid t=0.0s
[      3s] main 30b c616 ic_m4 random_sub_r0 table completed_valid t=0.0s
[      3s] main 30b c616 ic_m4 random_sub_r1 table completed_valid t=0.0s
[      3s] main 30b c616 ic_m4 random_sub_r2 table completed_valid t=0.0s
[      3s] main 30b c616 ic_m4 known_null_sub table completed_valid t=0.0s
[      3s] main 30b c616 ic_m4 random_dick_r0 table completed_valid t=0.0s
[      3s] main 30b c616 ic_m4 random_dick_r1 table completed_valid t=0.0s
[      3s] main 30b c616 ic_m4 random_dick_r2 table completed_valid t=0.0s
[      3s] main 30b c616 ic_m4 known_null_dick table completed_valid t=0.0s
[      4s] main 30b c617 ic_m4 subgroup table completed_valid t=0.0s
[      4s] main 30b c617 ic_m4 dickson table completed_valid t=0.0s
[      4s] main 30b c617 ic_m4 small_x table completed_valid t=0.0s
[      4s] main 30b c617 ic_m4 random_sub_r0 table completed_valid t=0.0s
[      4s] main 30b c617 ic_m4 random_sub_r1 table completed_valid t=0.0s
[      4s] main 30b c617 ic_m4 random_sub_r2 table completed_valid t=0.0s
[      4s] main 30b c617 ic_m4 known_null_sub table completed_valid t=0.0s
[      4s] main 30b c617 ic_m4 random_dick_r0 table completed_valid t=0.0s
[      4s] main 30b c617 ic_m4 random_dick_r1 table completed_valid t=0.0s
[      4s] main 30b c617 ic_m4 random_dick_r2 table completed_valid t=0.0s
[      4s] main 30b c617 ic_m4 known_null_dick table completed_valid t=0.0s
[      4s] main 30b c618 ic_m4 subgroup table completed_valid t=0.0s
[      4s] main 30b c618 ic_m4 dickson table completed_valid t=0.0s
[      4s] main 30b c618 ic_m4 small_x table completed_valid t=0.0s
[      4s] main 30b c618 ic_m4 random_sub_r0 table completed_valid t=0.0s
[      4s] main 30b c618 ic_m4 random_sub_r1 table completed_valid t=0.0s
[      4s] main 30b c618 ic_m4 random_sub_r2 table completed_valid t=0.0s
[      4s] main 30b c618 ic_m4 known_null_sub table completed_valid t=0.0s
[      4s] main 30b c618 ic_m4 random_dick_r0 table completed_valid t=0.0s
[      4s] main 30b c618 ic_m4 random_dick_r1 table completed_valid t=0.0s
[      4s] main 30b c618 ic_m4 random_dick_r2 table completed_valid t=0.0s
[      4s] main 30b c618 ic_m4 known_null_dick table completed_valid t=0.0s
[      5s] main 30b c619 ic_m4 subgroup table completed_valid t=0.0s
[      5s] main 30b c619 ic_m4 dickson table completed_valid t=0.0s
[      5s] main 30b c619 ic_m4 small_x table completed_valid t=0.0s
[      5s] main 30b c619 ic_m4 random_sub_r0 table completed_valid t=0.0s
[      5s] main 30b c619 ic_m4 random_sub_r1 table completed_valid t=0.0s
[      5s] main 30b c619 ic_m4 random_sub_r2 table completed_valid t=0.0s
[      5s] main 30b c619 ic_m4 known_null_sub table completed_valid t=0.0s
[      5s] main 30b c619 ic_m4 random_dick_r0 table completed_valid t=0.0s
[      5s] main 30b c619 ic_m4 random_dick_r1 table completed_valid t=0.0s
[      5s] main 30b c619 ic_m4 random_dick_r2 table completed_valid t=0.0s
[      5s] main 30b c619 ic_m4 known_null_dick table completed_valid t=0.0s
[      5s] main 30b c620 ic_m4 subgroup table completed_valid t=0.0s
[      5s] main 30b c620 ic_m4 dickson table completed_valid t=0.0s
[      5s] main 30b c620 ic_m4 small_x table completed_valid t=0.0s
[      5s] main 30b c620 ic_m4 random_sub_r0 table completed_valid t=0.0s
[      5s] main 30b c620 ic_m4 random_sub_r1 table completed_valid t=0.0s
[      5s] main 30b c620 ic_m4 random_sub_r2 table completed_valid t=0.0s
[      5s] main 30b c620 ic_m4 known_null_sub table completed_valid t=0.0s
[      5s] main 30b c620 ic_m4 random_dick_r0 table completed_valid t=0.0s
[      5s] main 30b c620 ic_m4 random_dick_r1 table completed_valid t=0.0s
[      5s] main 30b c620 ic_m4 random_dick_r2 table completed_valid t=0.0s
[      5s] main 30b c620 ic_m4 known_null_dick table completed_valid t=0.0s
[      5s] main 30b c621 ic_m4 subgroup table completed_valid t=0.0s
[      5s] main 30b c621 ic_m4 dickson table completed_valid t=0.0s
[      5s] main 30b c621 ic_m4 small_x table completed_valid t=0.0s
[      5s] main 30b c621 ic_m4 random_sub_r0 table completed_valid t=0.0s
[      5s] main 30b c621 ic_m4 random_sub_r1 table completed_valid t=0.0s
[      5s] main 30b c621 ic_m4 random_sub_r2 table completed_valid t=0.0s
[      5s] main 30b c621 ic_m4 known_null_sub table completed_valid t=0.0s
[      5s] main 30b c621 ic_m4 random_dick_r0 table completed_valid t=0.0s
[      5s] main 30b c621 ic_m4 random_dick_r1 table completed_valid t=0.0s
[      5s] main 30b c621 ic_m4 random_dick_r2 table completed_valid t=0.0s
[      5s] main 30b c621 ic_m4 known_null_dick table completed_valid t=0.0s
[      6s] main 30b c622 ic_m4 subgroup table completed_valid t=0.0s
[      6s] main 30b c622 ic_m4 dickson table completed_valid t=0.0s
[      6s] main 30b c622 ic_m4 small_x table completed_valid t=0.0s
[      6s] main 30b c622 ic_m4 random_sub_r0 table completed_valid t=0.0s
[      6s] main 30b c622 ic_m4 random_sub_r1 table completed_valid t=0.0s
[      6s] main 30b c622 ic_m4 random_sub_r2 table completed_valid t=0.0s
[      6s] main 30b c622 ic_m4 known_null_sub table completed_valid t=0.0s
[      6s] main 30b c622 ic_m4 random_dick_r0 table completed_valid t=0.0s
[      6s] main 30b c622 ic_m4 random_dick_r1 table completed_valid t=0.0s
[      6s] main 30b c622 ic_m4 random_dick_r2 table completed_valid t=0.0s
[      6s] main 30b c622 ic_m4 known_null_dick table completed_valid t=0.0s
[      6s] main 30b c623 ic_m4 subgroup table completed_valid t=0.0s
[      6s] main 30b c623 ic_m4 dickson table completed_valid t=0.0s
[      6s] main 30b c623 ic_m4 small_x table completed_valid t=0.0s
[      6s] main 30b c623 ic_m4 random_sub_r0 table completed_valid t=0.0s
[      6s] main 30b c623 ic_m4 random_sub_r1 table completed_valid t=0.0s
[      6s] main 30b c623 ic_m4 random_sub_r2 table completed_valid t=0.0s
[      6s] main 30b c623 ic_m4 known_null_sub table completed_valid t=0.0s
[      6s] main 30b c623 ic_m4 random_dick_r0 table completed_valid t=0.0s
[      6s] main 30b c623 ic_m4 random_dick_r1 table completed_valid t=0.0s
[      6s] main 30b c623 ic_m4 random_dick_r2 table completed_valid t=0.0s
[      6s] main 30b c623 ic_m4 known_null_dick table completed_valid t=0.0s
[      6s] main 30b c624 ic_m4 subgroup table completed_valid t=0.0s
[      6s] main 30b c624 ic_m4 dickson table completed_valid t=0.0s
[      6s] main 30b c624 ic_m4 small_x table completed_valid t=0.0s
[      6s] main 30b c624 ic_m4 random_sub_r0 table completed_valid t=0.0s
[      6s] main 30b c624 ic_m4 random_sub_r1 table completed_valid t=0.0s
[      6s] main 30b c624 ic_m4 random_sub_r2 table completed_valid t=0.0s
[      6s] main 30b c624 ic_m4 known_null_sub table completed_valid t=0.0s
[      6s] main 30b c624 ic_m4 random_dick_r0 table completed_valid t=0.0s
[      6s] main 30b c624 ic_m4 random_dick_r1 table completed_valid t=0.0s
[      6s] main 30b c624 ic_m4 random_dick_r2 table completed_valid t=0.0s
[      6s] main 30b c624 ic_m4 known_null_dick table completed_valid t=0.0s
[      7s] main 30b c625 ic_m4 subgroup table completed_valid t=0.0s
[      7s] main 30b c625 ic_m4 dickson table completed_valid t=0.0s
[      7s] main 30b c625 ic_m4 small_x table completed_valid t=0.0s
[      7s] main 30b c625 ic_m4 random_sub_r0 table completed_valid t=0.0s
[      7s] main 30b c625 ic_m4 random_sub_r1 table completed_valid t=0.0s
[      7s] main 30b c625 ic_m4 random_sub_r2 table completed_valid t=0.0s
[      7s] main 30b c625 ic_m4 known_null_sub table completed_valid t=0.0s
[      7s] main 30b c625 ic_m4 random_dick_r0 table completed_valid t=0.0s
[      7s] main 30b c625 ic_m4 random_dick_r1 table completed_valid t=0.0s
[      7s] main 30b c625 ic_m4 random_dick_r2 table completed_valid t=0.0s
[      7s] main 30b c625 ic_m4 known_null_dick table completed_valid t=0.0s
[      7s] main 30b c626 ic_m4 subgroup table completed_valid t=0.0s
[      7s] main 30b c626 ic_m4 dickson table completed_valid t=0.0s
[      7s] main 30b c626 ic_m4 small_x table completed_valid t=0.0s
[      7s] main 30b c626 ic_m4 random_sub_r0 table completed_valid t=0.0s
[      7s] main 30b c626 ic_m4 random_sub_r1 table completed_valid t=0.0s
[      7s] main 30b c626 ic_m4 random_sub_r2 table completed_valid t=0.0s
[      7s] main 30b c626 ic_m4 known_null_sub table completed_valid t=0.0s
[      7s] main 30b c626 ic_m4 random_dick_r0 table completed_valid t=0.0s
[      7s] main 30b c626 ic_m4 random_dick_r1 table completed_valid t=0.0s
[      7s] main 30b c626 ic_m4 random_dick_r2 table completed_valid t=0.0s
[      7s] main 30b c626 ic_m4 known_null_dick table completed_valid t=0.0s
[      8s] main 30b c627 ic_m4 subgroup table completed_valid t=0.0s
[      8s] main 30b c627 ic_m4 dickson table completed_valid t=0.0s
[      8s] main 30b c627 ic_m4 small_x table completed_valid t=0.0s
[      8s] main 30b c627 ic_m4 random_sub_r0 table completed_valid t=0.0s
[      8s] main 30b c627 ic_m4 random_sub_r1 table completed_valid t=0.0s
[      8s] main 30b c627 ic_m4 random_sub_r2 table completed_valid t=0.0s
[      8s] main 30b c627 ic_m4 known_null_sub table completed_valid t=0.0s
[      8s] main 30b c627 ic_m4 random_dick_r0 table completed_valid t=0.0s
[      8s] main 30b c627 ic_m4 random_dick_r1 table completed_valid t=0.0s
[      8s] main 30b c627 ic_m4 random_dick_r2 table completed_valid t=0.0s
[      8s] main 30b c627 ic_m4 known_null_dick table completed_valid t=0.0s
[      8s] main 30b c628 ic_m4 subgroup table completed_valid t=0.0s
[      8s] main 30b c628 ic_m4 dickson table completed_valid t=0.0s
[      8s] main 30b c628 ic_m4 small_x table completed_valid t=0.0s
[      8s] main 30b c628 ic_m4 random_sub_r0 table completed_valid t=0.0s
[      8s] main 30b c628 ic_m4 random_sub_r1 table completed_valid t=0.0s
[      8s] main 30b c628 ic_m4 random_sub_r2 table completed_valid t=0.0s
[      8s] main 30b c628 ic_m4 known_null_sub table completed_valid t=0.0s
[      8s] main 30b c628 ic_m4 random_dick_r0 table completed_valid t=0.0s
[      8s] main 30b c628 ic_m4 random_dick_r1 table completed_valid t=0.0s
[      8s] main 30b c628 ic_m4 random_dick_r2 table completed_valid t=0.0s
[      8s] main 30b c628 ic_m4 known_null_dick table completed_valid t=0.0s
[      8s] main 30b c629 ic_m4 subgroup table completed_valid t=0.0s
[      8s] main 30b c629 ic_m4 dickson table completed_valid t=0.0s
[      8s] main 30b c629 ic_m4 small_x table completed_valid t=0.0s
[      8s] main 30b c629 ic_m4 random_sub_r0 table completed_valid t=0.0s
[      8s] main 30b c629 ic_m4 random_sub_r1 table completed_valid t=0.0s
[      8s] main 30b c629 ic_m4 random_sub_r2 table completed_valid t=0.0s
[      8s] main 30b c629 ic_m4 known_null_sub table completed_valid t=0.0s
[      8s] main 30b c629 ic_m4 random_dick_r0 table completed_valid t=0.0s
[      8s] main 30b c629 ic_m4 random_dick_r1 table completed_valid t=0.0s
[      8s] main 30b c629 ic_m4 random_dick_r2 table completed_valid t=0.0s
[      8s] main 30b c629 ic_m4 known_null_dick table completed_valid t=0.0s
[      9s] main 30b c630 ic_m4 subgroup table completed_valid t=0.0s
[      9s] main 30b c630 ic_m4 dickson table completed_valid t=0.0s
[      9s] main 30b c630 ic_m4 small_x table completed_valid t=0.0s
[      9s] main 30b c630 ic_m4 random_sub_r0 table completed_valid t=0.0s
[      9s] main 30b c630 ic_m4 random_sub_r1 table completed_valid t=0.0s
[      9s] main 30b c630 ic_m4 random_sub_r2 table completed_valid t=0.0s
[      9s] main 30b c630 ic_m4 known_null_sub table completed_valid t=0.0s
[      9s] main 30b c630 ic_m4 random_dick_r0 table completed_valid t=0.0s
[      9s] main 30b c630 ic_m4 random_dick_r1 table completed_valid t=0.0s
[      9s] main 30b c630 ic_m4 random_dick_r2 table completed_valid t=0.0s
[      9s] main 30b c630 ic_m4 known_null_dick table completed_valid t=0.0s
[      9s] main 30b c631 ic_m4 subgroup table completed_valid t=0.0s
[      9s] main 30b c631 ic_m4 dickson table completed_valid t=0.0s
[      9s] main 30b c631 ic_m4 small_x table completed_valid t=0.0s
[      9s] main 30b c631 ic_m4 random_sub_r0 table completed_valid t=0.0s
[      9s] main 30b c631 ic_m4 random_sub_r1 table completed_valid t=0.0s
[      9s] main 30b c631 ic_m4 random_sub_r2 table completed_valid t=0.0s
[      9s] main 30b c631 ic_m4 known_null_sub table completed_valid t=0.0s
[      9s] main 30b c631 ic_m4 random_dick_r0 table completed_valid t=0.0s
[      9s] main 30b c631 ic_m4 random_dick_r1 table completed_valid t=0.0s
[      9s] main 30b c631 ic_m4 random_dick_r2 table completed_valid t=0.0s
[      9s] main 30b c631 ic_m4 known_null_dick table completed_valid t=0.0s
[     10s] main 30b c632 ic_m4 subgroup table completed_valid t=0.0s
[     10s] main 30b c632 ic_m4 dickson table completed_valid t=0.0s
[     10s] main 30b c632 ic_m4 small_x table completed_valid t=0.0s
[     10s] main 30b c632 ic_m4 random_sub_r0 table completed_valid t=0.0s
[     10s] main 30b c632 ic_m4 random_sub_r1 table completed_valid t=0.0s
[     10s] main 30b c632 ic_m4 random_sub_r2 table completed_valid t=0.0s
[     10s] main 30b c632 ic_m4 known_null_sub table completed_valid t=0.0s
[     10s] main 30b c632 ic_m4 random_dick_r0 table completed_valid t=0.0s
[     10s] main 30b c632 ic_m4 random_dick_r1 table completed_valid t=0.0s
[     10s] main 30b c632 ic_m4 random_dick_r2 table completed_valid t=0.0s
[     10s] main 30b c632 ic_m4 known_null_dick table completed_valid t=0.0s
[     10s] main 30b c633 ic_m4 subgroup table completed_valid t=0.0s
[     10s] main 30b c633 ic_m4 dickson table completed_valid t=0.0s
[     10s] main 30b c633 ic_m4 small_x table completed_valid t=0.0s
[     10s] main 30b c633 ic_m4 random_sub_r0 table completed_valid t=0.0s
[     10s] main 30b c633 ic_m4 random_sub_r1 table completed_valid t=0.0s
[     10s] main 30b c633 ic_m4 random_sub_r2 table completed_valid t=0.0s
[     10s] main 30b c633 ic_m4 known_null_sub table completed_valid t=0.0s
[     10s] main 30b c633 ic_m4 random_dick_r0 table completed_valid t=0.0s
[     10s] main 30b c633 ic_m4 random_dick_r1 table completed_valid t=0.0s
[     10s] main 30b c633 ic_m4 random_dick_r2 table completed_valid t=0.0s
[     10s] main 30b c633 ic_m4 known_null_dick table completed_valid t=0.0s
[     10s] main 30b c634 ic_m4 subgroup table completed_valid t=0.0s
[     10s] main 30b c634 ic_m4 dickson table completed_valid t=0.0s
[     10s] main 30b c634 ic_m4 small_x table completed_valid t=0.0s
[     10s] main 30b c634 ic_m4 random_sub_r0 table completed_valid t=0.0s
[     10s] main 30b c634 ic_m4 random_sub_r1 table completed_valid t=0.0s
[     10s] main 30b c634 ic_m4 random_sub_r2 table completed_valid t=0.0s
[     10s] main 30b c634 ic_m4 known_null_sub table completed_valid t=0.0s
[     10s] main 30b c634 ic_m4 random_dick_r0 table completed_valid t=0.0s
[     10s] main 30b c634 ic_m4 random_dick_r1 table completed_valid t=0.0s
[     10s] main 30b c634 ic_m4 random_dick_r2 table completed_valid t=0.0s
[     10s] main 30b c634 ic_m4 known_null_dick table completed_valid t=0.0s
[     11s] main 30b c635 ic_m4 subgroup table completed_valid t=0.0s
[     11s] main 30b c635 ic_m4 dickson table completed_valid t=0.0s
[     11s] main 30b c635 ic_m4 small_x table completed_valid t=0.0s
[     11s] main 30b c635 ic_m4 random_sub_r0 table completed_valid t=0.0s
[     11s] main 30b c635 ic_m4 random_sub_r1 table completed_valid t=0.0s
[     11s] main 30b c635 ic_m4 random_sub_r2 table completed_valid t=0.0s
[     11s] main 30b c635 ic_m4 known_null_sub table completed_valid t=0.0s
[     11s] main 30b c635 ic_m4 random_dick_r0 table completed_valid t=0.0s
[     11s] main 30b c635 ic_m4 random_dick_r1 table completed_valid t=0.0s
[     11s] main 30b c635 ic_m4 random_dick_r2 table completed_valid t=0.0s
[     11s] main 30b c635 ic_m4 known_null_dick table completed_valid t=0.0s
[     11s] main 30b c636 ic_m4 subgroup table completed_valid t=0.0s
[     11s] main 30b c636 ic_m4 dickson table completed_valid t=0.0s
[     11s] main 30b c636 ic_m4 small_x table completed_valid t=0.0s
[     11s] main 30b c636 ic_m4 random_sub_r0 table completed_valid t=0.0s
[     11s] main 30b c636 ic_m4 random_sub_r1 table completed_valid t=0.0s
[     11s] main 30b c636 ic_m4 random_sub_r2 table completed_valid t=0.0s
[     11s] main 30b c636 ic_m4 known_null_sub table completed_valid t=0.0s
[     11s] main 30b c636 ic_m4 random_dick_r0 table completed_valid t=0.0s
[     11s] main 30b c636 ic_m4 random_dick_r1 table completed_valid t=0.0s
[     11s] main 30b c636 ic_m4 random_dick_r2 table completed_valid t=0.0s
[     11s] main 30b c636 ic_m4 known_null_dick table completed_valid t=0.0s
[     12s] main 30b c637 ic_m4 subgroup table completed_valid t=0.0s
[     12s] main 30b c637 ic_m4 dickson table completed_valid t=0.0s
[     12s] main 30b c637 ic_m4 small_x table completed_valid t=0.0s
[     12s] main 30b c637 ic_m4 random_sub_r0 table completed_valid t=0.0s
[     12s] main 30b c637 ic_m4 random_sub_r1 table completed_valid t=0.0s
[     12s] main 30b c637 ic_m4 random_sub_r2 table completed_valid t=0.0s
[     12s] main 30b c637 ic_m4 known_null_sub table completed_valid t=0.0s
[     12s] main 30b c637 ic_m4 random_dick_r0 table completed_valid t=0.0s
[     12s] main 30b c637 ic_m4 random_dick_r1 table completed_valid t=0.0s
[     12s] main 30b c637 ic_m4 random_dick_r2 table completed_valid t=0.0s
[     12s] main 30b c637 ic_m4 known_null_dick table completed_valid t=0.0s
[     12s] main 30b c638 ic_m4 subgroup table completed_valid t=0.0s
[     12s] main 30b c638 ic_m4 dickson table completed_valid t=0.0s
[     12s] main 30b c638 ic_m4 small_x table completed_valid t=0.0s
[     12s] main 30b c638 ic_m4 random_sub_r0 table completed_valid t=0.0s
[     12s] main 30b c638 ic_m4 random_sub_r1 table completed_valid t=0.0s
[     12s] main 30b c638 ic_m4 random_sub_r2 table completed_valid t=0.0s
[     12s] main 30b c638 ic_m4 known_null_sub table completed_valid t=0.0s
[     12s] main 30b c638 ic_m4 random_dick_r0 table completed_valid t=0.0s
[     12s] main 30b c638 ic_m4 random_dick_r1 table completed_valid t=0.0s
[     12s] main 30b c638 ic_m4 random_dick_r2 table completed_valid t=0.0s
[     12s] main 30b c638 ic_m4 known_null_dick table completed_valid t=0.0s
[     13s] main 30b c639 ic_m4 subgroup table completed_valid t=0.0s
[     13s] main 30b c639 ic_m4 dickson table completed_valid t=0.0s
[     13s] main 30b c639 ic_m4 small_x table completed_valid t=0.0s
[     13s] main 30b c639 ic_m4 random_sub_r0 table completed_valid t=0.0s
[     13s] main 30b c639 ic_m4 random_sub_r1 table completed_valid t=0.0s
[     13s] main 30b c639 ic_m4 random_sub_r2 table completed_valid t=0.0s
[     13s] main 30b c639 ic_m4 known_null_sub table completed_valid t=0.0s
[     13s] main 30b c639 ic_m4 random_dick_r0 table completed_valid t=0.0s
[     13s] main 30b c639 ic_m4 random_dick_r1 table completed_valid t=0.0s
[     13s] main 30b c639 ic_m4 random_dick_r2 table completed_valid t=0.0s
[     13s] main 30b c639 ic_m4 known_null_dick table completed_valid t=0.0s
[     13s] main 30b c640 ic_m4 subgroup table completed_valid t=0.0s
[     13s] main 30b c640 ic_m4 dickson table completed_valid t=0.0s
[     13s] main 30b c640 ic_m4 small_x table completed_valid t=0.0s
[     13s] main 30b c640 ic_m4 random_sub_r0 table completed_valid t=0.0s
[     13s] main 30b c640 ic_m4 random_sub_r1 table completed_valid t=0.0s
[     13s] main 30b c640 ic_m4 random_sub_r2 table completed_valid t=0.0s
[     13s] main 30b c640 ic_m4 known_null_sub table completed_valid t=0.0s
[     13s] main 30b c640 ic_m4 random_dick_r0 table completed_valid t=0.0s
[     13s] main 30b c640 ic_m4 random_dick_r1 table completed_valid t=0.0s
[     13s] main 30b c640 ic_m4 random_dick_r2 table completed_valid t=0.0s
[     13s] main 30b c640 ic_m4 known_null_dick table completed_valid t=0.0s
[     13s] main 30b c641 ic_m4 subgroup table completed_valid t=0.0s
[     13s] main 30b c641 ic_m4 dickson table completed_valid t=0.0s
[     13s] main 30b c641 ic_m4 small_x table completed_valid t=0.0s
[     13s] main 30b c641 ic_m4 random_sub_r0 table completed_valid t=0.0s
[     13s] main 30b c641 ic_m4 random_sub_r1 table completed_valid t=0.0s
[     13s] main 30b c641 ic_m4 random_sub_r2 table completed_valid t=0.0s
[     13s] main 30b c641 ic_m4 known_null_sub table completed_valid t=0.0s
[     13s] main 30b c641 ic_m4 random_dick_r0 table completed_valid t=0.0s
[     13s] main 30b c641 ic_m4 random_dick_r1 table completed_valid t=0.0s
[     13s] main 30b c641 ic_m4 random_dick_r2 table completed_valid t=0.0s
[     13s] main 30b c641 ic_m4 known_null_dick table completed_valid t=0.0s
[     14s] main 30b c642 ic_m4 subgroup table completed_valid t=0.0s
[     14s] main 30b c642 ic_m4 dickson table completed_valid t=0.0s
[     14s] main 30b c642 ic_m4 small_x table completed_valid t=0.0s
[     14s] main 30b c642 ic_m4 random_sub_r0 table completed_valid t=0.0s
[     14s] main 30b c642 ic_m4 random_sub_r1 table completed_valid t=0.0s
[     14s] main 30b c642 ic_m4 random_sub_r2 table completed_valid t=0.0s
[     14s] main 30b c642 ic_m4 known_null_sub table completed_valid t=0.0s
[     14s] main 30b c642 ic_m4 random_dick_r0 table completed_valid t=0.0s
[     14s] main 30b c642 ic_m4 random_dick_r1 table completed_valid t=0.0s
[     14s] main 30b c642 ic_m4 random_dick_r2 table completed_valid t=0.0s
[     14s] main 30b c642 ic_m4 known_null_dick table completed_valid t=0.0s
[     14s] main 30b c643 ic_m4 subgroup table completed_valid t=0.0s
[     14s] main 30b c643 ic_m4 dickson table completed_valid t=0.0s
[     14s] main 30b c643 ic_m4 small_x table completed_valid t=0.0s
[     14s] main 30b c643 ic_m4 random_sub_r0 table completed_valid t=0.0s
[     14s] main 30b c643 ic_m4 random_sub_r1 table completed_valid t=0.0s
[     14s] main 30b c643 ic_m4 random_sub_r2 table completed_valid t=0.0s
[     14s] main 30b c643 ic_m4 known_null_sub table completed_valid t=0.0s
[     14s] main 30b c643 ic_m4 random_dick_r0 table completed_valid t=0.0s
[     14s] main 30b c643 ic_m4 random_dick_r1 table completed_valid t=0.0s
[     14s] main 30b c643 ic_m4 random_dick_r2 table completed_valid t=0.0s
[     14s] main 30b c643 ic_m4 known_null_dick table completed_valid t=0.0s
[     14s] main 30b c644 ic_m4 subgroup table completed_valid t=0.0s
[     14s] main 30b c644 ic_m4 dickson table completed_valid t=0.0s
[     14s] main 30b c644 ic_m4 small_x table completed_valid t=0.0s
[     14s] main 30b c644 ic_m4 random_sub_r0 table completed_valid t=0.0s
[     14s] main 30b c644 ic_m4 random_sub_r1 table completed_valid t=0.0s
[     14s] main 30b c644 ic_m4 random_sub_r2 table completed_valid t=0.0s
[     14s] main 30b c644 ic_m4 known_null_sub table completed_valid t=0.0s
[     14s] main 30b c644 ic_m4 random_dick_r0 table completed_valid t=0.0s
[     14s] main 30b c644 ic_m4 random_dick_r1 table completed_valid t=0.0s
[     14s] main 30b c644 ic_m4 random_dick_r2 table completed_valid t=0.0s
[     14s] main 30b c644 ic_m4 known_null_dick table completed_valid t=0.0s
[     15s] main 30b c645 ic_m4 subgroup table completed_valid t=0.0s
[     15s] main 30b c645 ic_m4 dickson table completed_valid t=0.0s
[     15s] main 30b c645 ic_m4 small_x table completed_valid t=0.0s
[     15s] main 30b c645 ic_m4 random_sub_r0 table completed_valid t=0.0s
[     15s] main 30b c645 ic_m4 random_sub_r1 table completed_valid t=0.0s
[     15s] main 30b c645 ic_m4 random_sub_r2 table completed_valid t=0.0s
[     15s] main 30b c645 ic_m4 known_null_sub table completed_valid t=0.0s
[     15s] main 30b c645 ic_m4 random_dick_r0 table completed_valid t=0.0s
[     15s] main 30b c645 ic_m4 random_dick_r1 table completed_valid t=0.0s
[     15s] main 30b c645 ic_m4 random_dick_r2 table completed_valid t=0.0s
[     15s] main 30b c645 ic_m4 known_null_dick table completed_valid t=0.0s
[     15s] main 30b c646 ic_m4 subgroup table completed_valid t=0.0s
[     15s] main 30b c646 ic_m4 dickson table completed_valid t=0.0s
[     15s] main 30b c646 ic_m4 small_x table completed_valid t=0.0s
[     15s] main 30b c646 ic_m4 random_sub_r0 table completed_valid t=0.0s
[     15s] main 30b c646 ic_m4 random_sub_r1 table completed_valid t=0.0s
[     15s] main 30b c646 ic_m4 random_sub_r2 table completed_valid t=0.0s
[     15s] main 30b c646 ic_m4 known_null_sub table completed_valid t=0.0s
[     15s] main 30b c646 ic_m4 random_dick_r0 table completed_valid t=0.0s
[     15s] main 30b c646 ic_m4 random_dick_r1 table completed_valid t=0.0s
[     15s] main 30b c646 ic_m4 random_dick_r2 table completed_valid t=0.0s
[     15s] main 30b c646 ic_m4 known_null_dick table completed_valid t=0.0s
[     16s] main 30b c647 ic_m4 subgroup table completed_valid t=0.0s
[     16s] main 30b c647 ic_m4 dickson table completed_valid t=0.0s
[     16s] main 30b c647 ic_m4 small_x table completed_valid t=0.0s
[     16s] main 30b c647 ic_m4 random_sub_r0 table completed_valid t=0.0s
[     16s] main 30b c647 ic_m4 random_sub_r1 table completed_valid t=0.0s
[     16s] main 30b c647 ic_m4 random_sub_r2 table completed_valid t=0.0s
[     16s] main 30b c647 ic_m4 known_null_sub table completed_valid t=0.0s
[     16s] main 30b c647 ic_m4 random_dick_r0 table completed_valid t=0.0s
[     16s] main 30b c647 ic_m4 random_dick_r1 table completed_valid t=0.0s
[     16s] main 30b c647 ic_m4 random_dick_r2 table completed_valid t=0.0s
[     16s] main 30b c647 ic_m4 known_null_dick table completed_valid t=0.0s
[     16s] main 30b c648 ic_m4 subgroup table completed_valid t=0.0s
[     16s] main 30b c648 ic_m4 dickson table completed_valid t=0.0s
[     16s] main 30b c648 ic_m4 small_x table completed_valid t=0.0s
[     16s] main 30b c648 ic_m4 random_sub_r0 table completed_valid t=0.0s
[     16s] main 30b c648 ic_m4 random_sub_r1 table completed_valid t=0.0s
[     16s] main 30b c648 ic_m4 random_sub_r2 table completed_valid t=0.0s
[     16s] main 30b c648 ic_m4 known_null_sub table completed_valid t=0.0s
[     16s] main 30b c648 ic_m4 random_dick_r0 table completed_valid t=0.0s
[     16s] main 30b c648 ic_m4 random_dick_r1 table completed_valid t=0.0s
[     16s] main 30b c648 ic_m4 random_dick_r2 table completed_valid t=0.0s
[     16s] main 30b c648 ic_m4 known_null_dick table completed_valid t=0.0s
[     16s] main 30b c649 ic_m4 subgroup table completed_valid t=0.0s
[     16s] main 30b c649 ic_m4 dickson table completed_valid t=0.0s
[     16s] main 30b c649 ic_m4 small_x table completed_valid t=0.0s
[     16s] main 30b c649 ic_m4 random_sub_r0 table completed_valid t=0.0s
[     16s] main 30b c649 ic_m4 random_sub_r1 table completed_valid t=0.0s
[     16s] main 30b c649 ic_m4 random_sub_r2 table completed_valid t=0.0s
[     16s] main 30b c649 ic_m4 known_null_sub table completed_valid t=0.0s
[     16s] main 30b c649 ic_m4 random_dick_r0 table completed_valid t=0.0s
[     16s] main 30b c649 ic_m4 random_dick_r1 table completed_valid t=0.0s
[     16s] main 30b c649 ic_m4 random_dick_r2 table completed_valid t=0.0s
[     16s] main 30b c649 ic_m4 known_null_dick table completed_valid t=0.0s
[     17s] main 30b c650 ic_m4 subgroup table completed_valid t=0.0s
[     17s] main 30b c650 ic_m4 dickson table completed_valid t=0.0s
[     17s] main 30b c650 ic_m4 small_x table completed_valid t=0.0s
[     17s] main 30b c650 ic_m4 random_sub_r0 table completed_valid t=0.0s
[     17s] main 30b c650 ic_m4 random_sub_r1 table completed_valid t=0.0s
[     17s] main 30b c650 ic_m4 random_sub_r2 table completed_valid t=0.0s
[     17s] main 30b c650 ic_m4 known_null_sub table completed_valid t=0.0s
[     17s] main 30b c650 ic_m4 random_dick_r0 table completed_valid t=0.0s
[     17s] main 30b c650 ic_m4 random_dick_r1 table completed_valid t=0.0s
[     17s] main 30b c650 ic_m4 random_dick_r2 table completed_valid t=0.0s
[     17s] main 30b c650 ic_m4 known_null_dick table completed_valid t=0.0s
[     17s] main 30b c651 ic_m4 subgroup table completed_valid t=0.0s
[     17s] main 30b c651 ic_m4 dickson table completed_valid t=0.0s
[     17s] main 30b c651 ic_m4 small_x table completed_valid t=0.0s
[     17s] main 30b c651 ic_m4 random_sub_r0 table completed_valid t=0.0s
[     17s] main 30b c651 ic_m4 random_sub_r1 table completed_valid t=0.0s
[     17s] main 30b c651 ic_m4 random_sub_r2 table completed_valid t=0.0s
[     17s] main 30b c651 ic_m4 known_null_sub table completed_valid t=0.0s
[     17s] main 30b c651 ic_m4 random_dick_r0 table completed_valid t=0.0s
[     17s] main 30b c651 ic_m4 random_dick_r1 table completed_valid t=0.0s
[     17s] main 30b c651 ic_m4 random_dick_r2 table completed_valid t=0.0s
[     17s] main 30b c651 ic_m4 known_null_dick table completed_valid t=0.0s
[     17s] main 30b c652 ic_m4 subgroup table completed_valid t=0.0s
[     17s] main 30b c652 ic_m4 dickson table completed_valid t=0.0s
[     17s] main 30b c652 ic_m4 small_x table completed_valid t=0.0s
[     17s] main 30b c652 ic_m4 random_sub_r0 table completed_valid t=0.0s
[     17s] main 30b c652 ic_m4 random_sub_r1 table completed_valid t=0.0s
[     17s] main 30b c652 ic_m4 random_sub_r2 table completed_valid t=0.0s
[     17s] main 30b c652 ic_m4 known_null_sub table completed_valid t=0.0s
[     17s] main 30b c652 ic_m4 random_dick_r0 table completed_valid t=0.0s
[     17s] main 30b c652 ic_m4 random_dick_r1 table completed_valid t=0.0s
[     17s] main 30b c652 ic_m4 random_dick_r2 table completed_valid t=0.0s
[     17s] main 30b c652 ic_m4 known_null_dick table completed_valid t=0.0s
[     18s] main 30b c653 ic_m4 subgroup table completed_valid t=0.0s
[     18s] main 30b c653 ic_m4 dickson table completed_valid t=0.0s
[     18s] main 30b c653 ic_m4 small_x table completed_valid t=0.0s
[     18s] main 30b c653 ic_m4 random_sub_r0 table completed_valid t=0.0s
[     18s] main 30b c653 ic_m4 random_sub_r1 table completed_valid t=0.0s
[     18s] main 30b c653 ic_m4 random_sub_r2 table completed_valid t=0.0s
[     18s] main 30b c653 ic_m4 known_null_sub table completed_valid t=0.0s
[     18s] main 30b c653 ic_m4 random_dick_r0 table completed_valid t=0.0s
[     18s] main 30b c653 ic_m4 random_dick_r1 table completed_valid t=0.0s
[     18s] main 30b c653 ic_m4 random_dick_r2 table completed_valid t=0.0s
[     18s] main 30b c653 ic_m4 known_null_dick table completed_valid t=0.0s
[     18s] main 30b c654 ic_m4 subgroup table completed_valid t=0.0s
[     18s] main 30b c654 ic_m4 dickson table completed_valid t=0.0s
[     18s] main 30b c654 ic_m4 small_x table completed_valid t=0.0s
[     18s] main 30b c654 ic_m4 random_sub_r0 table completed_valid t=0.0s
[     18s] main 30b c654 ic_m4 random_sub_r1 table completed_valid t=0.0s
[     18s] main 30b c654 ic_m4 random_sub_r2 table completed_valid t=0.0s
[     18s] main 30b c654 ic_m4 known_null_sub table completed_valid t=0.0s
[     18s] main 30b c654 ic_m4 random_dick_r0 table completed_valid t=0.0s
[     18s] main 30b c654 ic_m4 random_dick_r1 table completed_valid t=0.0s
[     18s] main 30b c654 ic_m4 random_dick_r2 table completed_valid t=0.0s
[     18s] main 30b c654 ic_m4 known_null_dick table completed_valid t=0.0s
[     19s] main 30b c655 ic_m4 subgroup table completed_valid t=0.0s
[     19s] main 30b c655 ic_m4 dickson table completed_valid t=0.0s
[     19s] main 30b c655 ic_m4 small_x table completed_valid t=0.0s
[     19s] main 30b c655 ic_m4 random_sub_r0 table completed_valid t=0.0s
[     19s] main 30b c655 ic_m4 random_sub_r1 table completed_valid t=0.0s
[     19s] main 30b c655 ic_m4 random_sub_r2 table completed_valid t=0.0s
[     19s] main 30b c655 ic_m4 known_null_sub table completed_valid t=0.0s
[     19s] main 30b c655 ic_m4 random_dick_r0 table completed_valid t=0.0s
[     19s] main 30b c655 ic_m4 random_dick_r1 table completed_valid t=0.0s
[     19s] main 30b c655 ic_m4 random_dick_r2 table completed_valid t=0.0s
[     19s] main 30b c655 ic_m4 known_null_dick table completed_valid t=0.0s
[     19s] main 30b c656 ic_m4 subgroup table completed_valid t=0.0s
[     19s] main 30b c656 ic_m4 dickson table completed_valid t=0.0s
[     19s] main 30b c656 ic_m4 small_x table completed_valid t=0.0s
[     19s] main 30b c656 ic_m4 random_sub_r0 table completed_valid t=0.0s
[     19s] main 30b c656 ic_m4 random_sub_r1 table completed_valid t=0.0s
[     19s] main 30b c656 ic_m4 random_sub_r2 table completed_valid t=0.0s
[     19s] main 30b c656 ic_m4 known_null_sub table completed_valid t=0.0s
[     19s] main 30b c656 ic_m4 random_dick_r0 table completed_valid t=0.0s
[     19s] main 30b c656 ic_m4 random_dick_r1 table completed_valid t=0.0s
[     19s] main 30b c656 ic_m4 random_dick_r2 table completed_valid t=0.0s
[     19s] main 30b c656 ic_m4 known_null_dick table completed_valid t=0.0s
[     19s] main 30b c657 ic_m4 subgroup table completed_valid t=0.0s
[     19s] main 30b c657 ic_m4 dickson table completed_valid t=0.0s
[     19s] main 30b c657 ic_m4 small_x table completed_valid t=0.0s
[     19s] main 30b c657 ic_m4 random_sub_r0 table completed_valid t=0.0s
[     19s] main 30b c657 ic_m4 random_sub_r1 table completed_valid t=0.0s
[     19s] main 30b c657 ic_m4 random_sub_r2 table completed_valid t=0.0s
[     19s] main 30b c657 ic_m4 known_null_sub table completed_valid t=0.0s
[     19s] main 30b c657 ic_m4 random_dick_r0 table completed_valid t=0.0s
[     19s] main 30b c657 ic_m4 random_dick_r1 table completed_valid t=0.0s
[     19s] main 30b c657 ic_m4 random_dick_r2 table completed_valid t=0.0s
[     19s] main 30b c657 ic_m4 known_null_dick table completed_valid t=0.0s
[     20s] main 30b c658 ic_m4 subgroup table completed_valid t=0.0s
[     20s] main 30b c658 ic_m4 dickson table completed_valid t=0.0s
[     20s] main 30b c658 ic_m4 small_x table completed_valid t=0.0s
[     20s] main 30b c658 ic_m4 random_sub_r0 table completed_valid t=0.0s
[     20s] main 30b c658 ic_m4 random_sub_r1 table completed_valid t=0.0s
[     20s] main 30b c658 ic_m4 random_sub_r2 table completed_valid t=0.0s
[     20s] main 30b c658 ic_m4 known_null_sub table completed_valid t=0.0s
[     20s] main 30b c658 ic_m4 random_dick_r0 table completed_valid t=0.0s
[     20s] main 30b c658 ic_m4 random_dick_r1 table completed_valid t=0.0s
[     20s] main 30b c658 ic_m4 random_dick_r2 table completed_valid t=0.0s
[     20s] main 30b c658 ic_m4 known_null_dick table completed_valid t=0.0s
[     20s] main 30b c659 ic_m4 subgroup table completed_valid t=0.0s
[     20s] main 30b c659 ic_m4 dickson table completed_valid t=0.0s
[     20s] main 30b c659 ic_m4 small_x table completed_valid t=0.0s
[     20s] main 30b c659 ic_m4 random_sub_r0 table completed_valid t=0.0s
[     20s] main 30b c659 ic_m4 random_sub_r1 table completed_valid t=0.0s
[     20s] main 30b c659 ic_m4 random_sub_r2 table completed_valid t=0.0s
[     20s] main 30b c659 ic_m4 known_null_sub table completed_valid t=0.0s
[     20s] main 30b c659 ic_m4 random_dick_r0 table completed_valid t=0.0s
[     20s] main 30b c659 ic_m4 random_dick_r1 table completed_valid t=0.0s
[     20s] main 30b c659 ic_m4 random_dick_r2 table completed_valid t=0.0s
[     20s] main 30b c659 ic_m4 known_null_dick table completed_valid t=0.0s
[     21s] main 30b c660 ic_m4 subgroup table completed_valid t=0.0s
[     21s] main 30b c660 ic_m4 dickson table completed_valid t=0.0s
[     21s] main 30b c660 ic_m4 small_x table completed_valid t=0.0s
[     21s] main 30b c660 ic_m4 random_sub_r0 table completed_valid t=0.0s
[     21s] main 30b c660 ic_m4 random_sub_r1 table completed_valid t=0.0s
[     21s] main 30b c660 ic_m4 random_sub_r2 table completed_valid t=0.0s
[     21s] main 30b c660 ic_m4 known_null_sub table completed_valid t=0.0s
[     21s] main 30b c660 ic_m4 random_dick_r0 table completed_valid t=0.0s
[     21s] main 30b c660 ic_m4 random_dick_r1 table completed_valid t=0.0s
[     21s] main 30b c660 ic_m4 random_dick_r2 table completed_valid t=0.0s
[     21s] main 30b c660 ic_m4 known_null_dick table completed_valid t=0.0s
[     21s] main 30b c661 ic_m4 subgroup table completed_valid t=0.0s
[     21s] main 30b c661 ic_m4 dickson table completed_valid t=0.0s
[     21s] main 30b c661 ic_m4 small_x table completed_valid t=0.0s
[     21s] main 30b c661 ic_m4 random_sub_r0 table completed_valid t=0.0s
[     21s] main 30b c661 ic_m4 random_sub_r1 table completed_valid t=0.0s
[     21s] main 30b c661 ic_m4 random_sub_r2 table completed_valid t=0.0s
[     21s] main 30b c661 ic_m4 known_null_sub table completed_valid t=0.0s
[     21s] main 30b c661 ic_m4 random_dick_r0 table completed_valid t=0.0s
[     21s] main 30b c661 ic_m4 random_dick_r1 table completed_valid t=0.0s
[     21s] main 30b c661 ic_m4 random_dick_r2 table completed_valid t=0.0s
[     21s] main 30b c661 ic_m4 known_null_dick table completed_valid t=0.0s
[     21s] main 30b c662 ic_m4 subgroup table completed_valid t=0.0s
[     21s] main 30b c662 ic_m4 dickson table completed_valid t=0.0s
[     21s] main 30b c662 ic_m4 small_x table completed_valid t=0.0s
[     21s] main 30b c662 ic_m4 random_sub_r0 table completed_valid t=0.0s
[     21s] main 30b c662 ic_m4 random_sub_r1 table completed_valid t=0.0s
[     21s] main 30b c662 ic_m4 random_sub_r2 table completed_valid t=0.0s
[     21s] main 30b c662 ic_m4 known_null_sub table completed_valid t=0.0s
[     21s] main 30b c662 ic_m4 random_dick_r0 table completed_valid t=0.0s
[     21s] main 30b c662 ic_m4 random_dick_r1 table completed_valid t=0.0s
[     21s] main 30b c662 ic_m4 random_dick_r2 table completed_valid t=0.0s
[     21s] main 30b c662 ic_m4 known_null_dick table completed_valid t=0.0s
[     22s] main 30b c663 ic_m4 subgroup table completed_valid t=0.0s
[     22s] main 30b c663 ic_m4 dickson table completed_valid t=0.0s
[     22s] main 30b c663 ic_m4 small_x table completed_valid t=0.0s
[     22s] main 30b c663 ic_m4 random_sub_r0 table completed_valid t=0.0s
[     22s] main 30b c663 ic_m4 random_sub_r1 table completed_valid t=0.0s
[     22s] main 30b c663 ic_m4 random_sub_r2 table completed_valid t=0.0s
[     22s] main 30b c663 ic_m4 known_null_sub table completed_valid t=0.0s
[     22s] main 30b c663 ic_m4 random_dick_r0 table completed_valid t=0.0s
[     22s] main 30b c663 ic_m4 random_dick_r1 table completed_valid t=0.0s
[     22s] main 30b c663 ic_m4 random_dick_r2 table completed_valid t=0.0s
[     22s] main 30b c663 ic_m4 known_null_dick table completed_valid t=0.0s
[     22s] main 30b c664 ic_m4 subgroup table completed_valid t=0.0s
[     22s] main 30b c664 ic_m4 dickson table completed_valid t=0.0s
[     22s] main 30b c664 ic_m4 small_x table completed_valid t=0.0s
[     22s] main 30b c664 ic_m4 random_sub_r0 table completed_valid t=0.0s
[     22s] main 30b c664 ic_m4 random_sub_r1 table completed_valid t=0.0s
[     22s] main 30b c664 ic_m4 random_sub_r2 table completed_valid t=0.0s
[     22s] main 30b c664 ic_m4 known_null_sub table completed_valid t=0.0s
[     22s] main 30b c664 ic_m4 random_dick_r0 table completed_valid t=0.0s
[     22s] main 30b c664 ic_m4 random_dick_r1 table completed_valid t=0.0s
[     22s] main 30b c664 ic_m4 random_dick_r2 table completed_valid t=0.0s
[     22s] main 30b c664 ic_m4 known_null_dick table completed_valid t=0.0s
[     22s] main 30b c665 ic_m4 subgroup table completed_valid t=0.0s
[     22s] main 30b c665 ic_m4 dickson table completed_valid t=0.0s
[     22s] main 30b c665 ic_m4 small_x table completed_valid t=0.0s
[     22s] main 30b c665 ic_m4 random_sub_r0 table completed_valid t=0.0s
[     22s] main 30b c665 ic_m4 random_sub_r1 table completed_valid t=0.0s
[     22s] main 30b c665 ic_m4 random_sub_r2 table completed_valid t=0.0s
[     22s] main 30b c665 ic_m4 known_null_sub table completed_valid t=0.0s
[     22s] main 30b c665 ic_m4 random_dick_r0 table completed_valid t=0.0s
[     22s] main 30b c665 ic_m4 random_dick_r1 table completed_valid t=0.0s
[     22s] main 30b c665 ic_m4 random_dick_r2 table completed_valid t=0.0s
[     22s] main 30b c665 ic_m4 known_null_dick table completed_valid t=0.0s
[     23s] main 30b c666 ic_m4 subgroup table completed_valid t=0.0s
[     23s] main 30b c666 ic_m4 dickson table completed_valid t=0.0s
[     23s] main 30b c666 ic_m4 small_x table completed_valid t=0.0s
[     23s] main 30b c666 ic_m4 random_sub_r0 table completed_valid t=0.0s
[     23s] main 30b c666 ic_m4 random_sub_r1 table completed_valid t=0.0s
[     23s] main 30b c666 ic_m4 random_sub_r2 table completed_valid t=0.0s
[     23s] main 30b c666 ic_m4 known_null_sub table completed_valid t=0.0s
[     23s] main 30b c666 ic_m4 random_dick_r0 table completed_valid t=0.0s
[     23s] main 30b c666 ic_m4 random_dick_r1 table completed_valid t=0.0s
[     23s] main 30b c666 ic_m4 random_dick_r2 table completed_valid t=0.0s
[     23s] main 30b c666 ic_m4 known_null_dick table completed_valid t=0.0s
[     23s] main 30b c667 ic_m4 subgroup table completed_valid t=0.0s
[     23s] main 30b c667 ic_m4 dickson table completed_valid t=0.0s
[     23s] main 30b c667 ic_m4 small_x table completed_valid t=0.0s
[     23s] main 30b c667 ic_m4 random_sub_r0 table completed_valid t=0.0s
[     23s] main 30b c667 ic_m4 random_sub_r1 table completed_valid t=0.0s
[     23s] main 30b c667 ic_m4 random_sub_r2 table completed_valid t=0.0s
[     23s] main 30b c667 ic_m4 known_null_sub table completed_valid t=0.0s
[     23s] main 30b c667 ic_m4 random_dick_r0 table completed_valid t=0.0s
[     23s] main 30b c667 ic_m4 random_dick_r1 table completed_valid t=0.0s
[     23s] main 30b c667 ic_m4 random_dick_r2 table completed_valid t=0.0s
[     23s] main 30b c667 ic_m4 known_null_dick table completed_valid t=0.0s
[     24s] main 30b c668 ic_m4 subgroup table completed_valid t=0.0s
[     24s] main 30b c668 ic_m4 dickson table completed_valid t=0.0s
[     24s] main 30b c668 ic_m4 small_x table completed_valid t=0.0s
[     24s] main 30b c668 ic_m4 random_sub_r0 table completed_valid t=0.0s
[     24s] main 30b c668 ic_m4 random_sub_r1 table completed_valid t=0.0s
[     24s] main 30b c668 ic_m4 random_sub_r2 table completed_valid t=0.0s
[     24s] main 30b c668 ic_m4 known_null_sub table completed_valid t=0.0s
[     24s] main 30b c668 ic_m4 random_dick_r0 table completed_valid t=0.0s
[     24s] main 30b c668 ic_m4 random_dick_r1 table completed_valid t=0.0s
[     24s] main 30b c668 ic_m4 random_dick_r2 table completed_valid t=0.0s
[     24s] main 30b c668 ic_m4 known_null_dick table completed_valid t=0.0s
[     24s] main 30b c669 ic_m4 subgroup table completed_valid t=0.0s
[     24s] main 30b c669 ic_m4 dickson table completed_valid t=0.0s
[     24s] main 30b c669 ic_m4 small_x table completed_valid t=0.0s
[     24s] main 30b c669 ic_m4 random_sub_r0 table completed_valid t=0.0s
[     24s] main 30b c669 ic_m4 random_sub_r1 table completed_valid t=0.0s
[     24s] main 30b c669 ic_m4 random_sub_r2 table completed_valid t=0.0s
[     24s] main 30b c669 ic_m4 known_null_sub table completed_valid t=0.0s
[     24s] main 30b c669 ic_m4 random_dick_r0 table completed_valid t=0.0s
[     24s] main 30b c669 ic_m4 random_dick_r1 table completed_valid t=0.0s
[     24s] main 30b c669 ic_m4 random_dick_r2 table completed_valid t=0.0s
[     24s] main 30b c669 ic_m4 known_null_dick table completed_valid t=0.0s
[     24s] main 30b c670 ic_m4 subgroup table completed_valid t=0.0s
[     24s] main 30b c670 ic_m4 dickson table completed_valid t=0.0s
[     24s] main 30b c670 ic_m4 small_x table completed_valid t=0.0s
[     24s] main 30b c670 ic_m4 random_sub_r0 table completed_valid t=0.0s
[     24s] main 30b c670 ic_m4 random_sub_r1 table completed_valid t=0.0s
[     24s] main 30b c670 ic_m4 random_sub_r2 table completed_valid t=0.0s
[     24s] main 30b c670 ic_m4 known_null_sub table completed_valid t=0.0s
[     24s] main 30b c670 ic_m4 random_dick_r0 table completed_valid t=0.0s
[     24s] main 30b c670 ic_m4 random_dick_r1 table completed_valid t=0.0s
[     24s] main 30b c670 ic_m4 random_dick_r2 table completed_valid t=0.0s
[     24s] main 30b c670 ic_m4 known_null_dick table completed_valid t=0.0s
[     24s] main 30b c671 ic_m4 subgroup table completed_valid t=0.0s
[     24s] main 30b c671 ic_m4 dickson table completed_valid t=0.0s
[     24s] main 30b c671 ic_m4 small_x table completed_valid t=0.0s
[     24s] main 30b c671 ic_m4 random_sub_r0 table completed_valid t=0.0s
[     24s] main 30b c671 ic_m4 random_sub_r1 table completed_valid t=0.0s
[     24s] main 30b c671 ic_m4 random_sub_r2 table completed_valid t=0.0s
[     24s] main 30b c671 ic_m4 known_null_sub table completed_valid t=0.0s
[     24s] main 30b c671 ic_m4 random_dick_r0 table completed_valid t=0.0s
[     24s] main 30b c671 ic_m4 random_dick_r1 table completed_valid t=0.0s
[     24s] main 30b c671 ic_m4 random_dick_r2 table completed_valid t=0.0s
[     24s] main 30b c671 ic_m4 known_null_dick table completed_valid t=0.0s
[     25s] main 30b c672 ic_m4 subgroup table completed_valid t=0.0s
[     25s] main 30b c672 ic_m4 dickson table completed_valid t=0.0s
[     25s] main 30b c672 ic_m4 small_x table completed_valid t=0.0s
[     25s] main 30b c672 ic_m4 random_sub_r0 table completed_valid t=0.0s
[     25s] main 30b c672 ic_m4 random_sub_r1 table completed_valid t=0.0s
[     25s] main 30b c672 ic_m4 random_sub_r2 table completed_valid t=0.0s
[     25s] main 30b c672 ic_m4 known_null_sub table completed_valid t=0.0s
[     25s] main 30b c672 ic_m4 random_dick_r0 table completed_valid t=0.0s
[     25s] main 30b c672 ic_m4 random_dick_r1 table completed_valid t=0.0s
[     25s] main 30b c672 ic_m4 random_dick_r2 table completed_valid t=0.0s
[     25s] main 30b c672 ic_m4 known_null_dick table completed_valid t=0.0s
[     25s] main 30b c673 ic_m4 subgroup table completed_valid t=0.0s
[     25s] main 30b c673 ic_m4 dickson table completed_valid t=0.0s
[     25s] main 30b c673 ic_m4 small_x table completed_valid t=0.0s
[     25s] main 30b c673 ic_m4 random_sub_r0 table completed_valid t=0.0s
[     25s] main 30b c673 ic_m4 random_sub_r1 table completed_valid t=0.0s
[     25s] main 30b c673 ic_m4 random_sub_r2 table completed_valid t=0.0s
[     25s] main 30b c673 ic_m4 known_null_sub table completed_valid t=0.0s
[     25s] main 30b c673 ic_m4 random_dick_r0 table completed_valid t=0.0s
[     25s] main 30b c673 ic_m4 random_dick_r1 table completed_valid t=0.0s
[     25s] main 30b c673 ic_m4 random_dick_r2 table completed_valid t=0.0s
[     25s] main 30b c673 ic_m4 known_null_dick table completed_valid t=0.0s
[     25s] main 30b c674 ic_m4 subgroup table completed_valid t=0.0s
[     25s] main 30b c674 ic_m4 dickson table completed_valid t=0.0s
[     25s] main 30b c674 ic_m4 small_x table completed_valid t=0.0s
[     25s] main 30b c674 ic_m4 random_sub_r0 table completed_valid t=0.0s
[     25s] main 30b c674 ic_m4 random_sub_r1 table completed_valid t=0.0s
[     25s] main 30b c674 ic_m4 random_sub_r2 table completed_valid t=0.0s
[     25s] main 30b c674 ic_m4 known_null_sub table completed_valid t=0.0s
[     25s] main 30b c674 ic_m4 random_dick_r0 table completed_valid t=0.0s
[     25s] main 30b c674 ic_m4 random_dick_r1 table completed_valid t=0.0s
[     25s] main 30b c674 ic_m4 random_dick_r2 table completed_valid t=0.0s
[     25s] main 30b c674 ic_m4 known_null_dick table completed_valid t=0.0s
[     26s] main 30b c675 ic_m4 subgroup table completed_valid t=0.0s
[     26s] main 30b c675 ic_m4 dickson table completed_valid t=0.0s
[     26s] main 30b c675 ic_m4 small_x table completed_valid t=0.0s
[     26s] main 30b c675 ic_m4 random_sub_r0 table completed_valid t=0.0s
[     26s] main 30b c675 ic_m4 random_sub_r1 table completed_valid t=0.0s
[     26s] main 30b c675 ic_m4 random_sub_r2 table completed_valid t=0.0s
[     26s] main 30b c675 ic_m4 known_null_sub table completed_valid t=0.0s
[     26s] main 30b c675 ic_m4 random_dick_r0 table completed_valid t=0.0s
[     26s] main 30b c675 ic_m4 random_dick_r1 table completed_valid t=0.0s
[     26s] main 30b c675 ic_m4 random_dick_r2 table completed_valid t=0.0s
[     26s] main 30b c675 ic_m4 known_null_dick table completed_valid t=0.0s
[     26s] main 30b c676 ic_m4 subgroup table completed_valid t=0.0s
[     26s] main 30b c676 ic_m4 dickson table completed_valid t=0.0s
[     26s] main 30b c676 ic_m4 small_x table completed_valid t=0.0s
[     26s] main 30b c676 ic_m4 random_sub_r0 table completed_valid t=0.0s
[     26s] main 30b c676 ic_m4 random_sub_r1 table completed_valid t=0.0s
[     26s] main 30b c676 ic_m4 random_sub_r2 table completed_valid t=0.0s
[     26s] main 30b c676 ic_m4 known_null_sub table completed_valid t=0.0s
[     26s] main 30b c676 ic_m4 random_dick_r0 table completed_valid t=0.0s
[     26s] main 30b c676 ic_m4 random_dick_r1 table completed_valid t=0.0s
[     26s] main 30b c676 ic_m4 random_dick_r2 table completed_valid t=0.0s
[     26s] main 30b c676 ic_m4 known_null_dick table completed_valid t=0.0s
[     27s] main 30b c677 ic_m4 subgroup table completed_valid t=0.0s
[     27s] main 30b c677 ic_m4 dickson table completed_valid t=0.0s
[     27s] main 30b c677 ic_m4 small_x table completed_valid t=0.0s
[     27s] main 30b c677 ic_m4 random_sub_r0 table completed_valid t=0.0s
[     27s] main 30b c677 ic_m4 random_sub_r1 table completed_valid t=0.0s
[     27s] main 30b c677 ic_m4 random_sub_r2 table completed_valid t=0.0s
[     27s] main 30b c677 ic_m4 known_null_sub table completed_valid t=0.0s
[     27s] main 30b c677 ic_m4 random_dick_r0 table completed_valid t=0.0s
[     27s] main 30b c677 ic_m4 random_dick_r1 table completed_valid t=0.0s
[     27s] main 30b c677 ic_m4 random_dick_r2 table completed_valid t=0.0s
[     27s] main 30b c677 ic_m4 known_null_dick table completed_valid t=0.0s
[     27s] main 30b c678 ic_m4 subgroup table completed_valid t=0.0s
[     27s] main 30b c678 ic_m4 dickson table completed_valid t=0.0s
[     27s] main 30b c678 ic_m4 small_x table completed_valid t=0.0s
[     27s] main 30b c678 ic_m4 random_sub_r0 table completed_valid t=0.0s
[     27s] main 30b c678 ic_m4 random_sub_r1 table completed_valid t=0.0s
[     27s] main 30b c678 ic_m4 random_sub_r2 table completed_valid t=0.0s
[     27s] main 30b c678 ic_m4 known_null_sub table completed_valid t=0.0s
[     27s] main 30b c678 ic_m4 random_dick_r0 table completed_valid t=0.0s
[     27s] main 30b c678 ic_m4 random_dick_r1 table completed_valid t=0.0s
[     27s] main 30b c678 ic_m4 random_dick_r2 table completed_valid t=0.0s
[     27s] main 30b c678 ic_m4 known_null_dick table completed_valid t=0.0s
[     27s] main 30b c679 ic_m4 subgroup table completed_valid t=0.0s
[     27s] main 30b c679 ic_m4 dickson table completed_valid t=0.0s
[     27s] main 30b c679 ic_m4 small_x table completed_valid t=0.0s
[     27s] main 30b c679 ic_m4 random_sub_r0 table completed_valid t=0.0s
[     27s] main 30b c679 ic_m4 random_sub_r1 table completed_valid t=0.0s
[     27s] main 30b c679 ic_m4 random_sub_r2 table completed_valid t=0.0s
[     27s] main 30b c679 ic_m4 known_null_sub table completed_valid t=0.0s
[     27s] main 30b c679 ic_m4 random_dick_r0 table completed_valid t=0.0s
[     27s] main 30b c679 ic_m4 random_dick_r1 table completed_valid t=0.0s
[     27s] main 30b c679 ic_m4 random_dick_r2 table completed_valid t=0.0s
[     27s] main 30b c679 ic_m4 known_null_dick table completed_valid t=0.0s
[     28s] main 30b c680 ic_m4 subgroup table completed_valid t=0.0s
[     28s] main 30b c680 ic_m4 dickson table completed_valid t=0.0s
[     28s] main 30b c680 ic_m4 small_x table completed_valid t=0.0s
[     28s] main 30b c680 ic_m4 random_sub_r0 table completed_valid t=0.0s
[     28s] main 30b c680 ic_m4 random_sub_r1 table completed_valid t=0.0s
[     28s] main 30b c680 ic_m4 random_sub_r2 table completed_valid t=0.0s
[     28s] main 30b c680 ic_m4 known_null_sub table completed_valid t=0.0s
[     28s] main 30b c680 ic_m4 random_dick_r0 table completed_valid t=0.0s
[     28s] main 30b c680 ic_m4 random_dick_r1 table completed_valid t=0.0s
[     28s] main 30b c680 ic_m4 random_dick_r2 table completed_valid t=0.0s
[     28s] main 30b c680 ic_m4 known_null_dick table completed_valid t=0.0s
[     28s] main 30b c681 ic_m4 subgroup table completed_valid t=0.0s
[     28s] main 30b c681 ic_m4 dickson table completed_valid t=0.0s
[     28s] main 30b c681 ic_m4 small_x table completed_valid t=0.0s
[     28s] main 30b c681 ic_m4 random_sub_r0 table completed_valid t=0.0s
[     28s] main 30b c681 ic_m4 random_sub_r1 table completed_valid t=0.0s
[     28s] main 30b c681 ic_m4 random_sub_r2 table completed_valid t=0.0s
[     28s] main 30b c681 ic_m4 known_null_sub table completed_valid t=0.0s
[     28s] main 30b c681 ic_m4 random_dick_r0 table completed_valid t=0.0s
[     28s] main 30b c681 ic_m4 random_dick_r1 table completed_valid t=0.0s
[     28s] main 30b c681 ic_m4 random_dick_r2 table completed_valid t=0.0s
[     28s] main 30b c681 ic_m4 known_null_dick table completed_valid t=0.0s
[     28s] main 30b c682 ic_m4 subgroup table completed_valid t=0.0s
[     28s] main 30b c682 ic_m4 dickson table completed_valid t=0.0s
[     28s] main 30b c682 ic_m4 small_x table completed_valid t=0.0s
[     28s] main 30b c682 ic_m4 random_sub_r0 table completed_valid t=0.0s
[     28s] main 30b c682 ic_m4 random_sub_r1 table completed_valid t=0.0s
[     28s] main 30b c682 ic_m4 random_sub_r2 table completed_valid t=0.0s
[     28s] main 30b c682 ic_m4 known_null_sub table completed_valid t=0.0s
[     28s] main 30b c682 ic_m4 random_dick_r0 table completed_valid t=0.0s
[     28s] main 30b c682 ic_m4 random_dick_r1 table completed_valid t=0.0s
[     28s] main 30b c682 ic_m4 random_dick_r2 table completed_valid t=0.0s
[     28s] main 30b c682 ic_m4 known_null_dick table completed_valid t=0.0s
[     29s] main 30b c683 ic_m4 subgroup table completed_valid t=0.0s
[     29s] main 30b c683 ic_m4 dickson table completed_valid t=0.0s
[     29s] main 30b c683 ic_m4 small_x table completed_valid t=0.0s
[     29s] main 30b c683 ic_m4 random_sub_r0 table completed_valid t=0.0s
[     29s] main 30b c683 ic_m4 random_sub_r1 table completed_valid t=0.0s
[     29s] main 30b c683 ic_m4 random_sub_r2 table completed_valid t=0.0s
[     29s] main 30b c683 ic_m4 known_null_sub table completed_valid t=0.0s
[     29s] main 30b c683 ic_m4 random_dick_r0 table completed_valid t=0.0s
[     29s] main 30b c683 ic_m4 random_dick_r1 table completed_valid t=0.0s
[     29s] main 30b c683 ic_m4 random_dick_r2 table completed_valid t=0.0s
[     29s] main 30b c683 ic_m4 known_null_dick table completed_valid t=0.0s
[     29s] main 30b c684 ic_m4 subgroup table completed_valid t=0.0s
[     29s] main 30b c684 ic_m4 dickson table completed_valid t=0.0s
[     29s] main 30b c684 ic_m4 small_x table completed_valid t=0.0s
[     29s] main 30b c684 ic_m4 random_sub_r0 table completed_valid t=0.0s
[     29s] main 30b c684 ic_m4 random_sub_r1 table completed_valid t=0.0s
[     29s] main 30b c684 ic_m4 random_sub_r2 table completed_valid t=0.0s
[     29s] main 30b c684 ic_m4 known_null_sub table completed_valid t=0.0s
[     29s] main 30b c684 ic_m4 random_dick_r0 table completed_valid t=0.0s
[     29s] main 30b c684 ic_m4 random_dick_r1 table completed_valid t=0.0s
[     29s] main 30b c684 ic_m4 random_dick_r2 table completed_valid t=0.0s
[     29s] main 30b c684 ic_m4 known_null_dick table completed_valid t=0.0s
[     29s] main 30b c685 ic_m4 subgroup table completed_valid t=0.0s
[     29s] main 30b c685 ic_m4 dickson table completed_valid t=0.0s
[     29s] main 30b c685 ic_m4 small_x table completed_valid t=0.0s
[     29s] main 30b c685 ic_m4 random_sub_r0 table completed_valid t=0.0s
[     29s] main 30b c685 ic_m4 random_sub_r1 table completed_valid t=0.0s
[     29s] main 30b c685 ic_m4 random_sub_r2 table completed_valid t=0.0s
[     29s] main 30b c685 ic_m4 known_null_sub table completed_valid t=0.0s
[     29s] main 30b c685 ic_m4 random_dick_r0 table completed_valid t=0.0s
[     29s] main 30b c685 ic_m4 random_dick_r1 table completed_valid t=0.0s
[     29s] main 30b c685 ic_m4 random_dick_r2 table completed_valid t=0.0s
[     29s] main 30b c685 ic_m4 known_null_dick table completed_valid t=0.0s
[     30s] main 30b c686 ic_m4 subgroup table completed_valid t=0.0s
[     30s] main 30b c686 ic_m4 dickson table completed_valid t=0.0s
[     30s] main 30b c686 ic_m4 small_x table completed_valid t=0.0s
[     30s] main 30b c686 ic_m4 random_sub_r0 table completed_valid t=0.0s
[     30s] main 30b c686 ic_m4 random_sub_r1 table completed_valid t=0.0s
[     30s] main 30b c686 ic_m4 random_sub_r2 table completed_valid t=0.0s
[     30s] main 30b c686 ic_m4 known_null_sub table completed_valid t=0.0s
[     30s] main 30b c686 ic_m4 random_dick_r0 table completed_valid t=0.0s
[     30s] main 30b c686 ic_m4 random_dick_r1 table completed_valid t=0.0s
[     30s] main 30b c686 ic_m4 random_dick_r2 table completed_valid t=0.0s
[     30s] main 30b c686 ic_m4 known_null_dick table completed_valid t=0.0s
[     30s] main 30b c687 ic_m4 subgroup table completed_valid t=0.0s
[     30s] main 30b c687 ic_m4 dickson table completed_valid t=0.0s
[     30s] main 30b c687 ic_m4 small_x table completed_valid t=0.0s
[     30s] main 30b c687 ic_m4 random_sub_r0 table completed_valid t=0.0s
[     30s] main 30b c687 ic_m4 random_sub_r1 table completed_valid t=0.0s
[     30s] main 30b c687 ic_m4 random_sub_r2 table completed_valid t=0.0s
[     30s] main 30b c687 ic_m4 known_null_sub table completed_valid t=0.0s
[     30s] main 30b c687 ic_m4 random_dick_r0 table completed_valid t=0.0s
[     30s] main 30b c687 ic_m4 random_dick_r1 table completed_valid t=0.0s
[     30s] main 30b c687 ic_m4 random_dick_r2 table completed_valid t=0.0s
[     30s] main 30b c687 ic_m4 known_null_dick table completed_valid t=0.0s
[     31s] main 30b c688 ic_m4 subgroup table completed_valid t=0.0s
[     31s] main 30b c688 ic_m4 dickson table completed_valid t=0.0s
[     31s] main 30b c688 ic_m4 small_x table completed_valid t=0.0s
[     31s] main 30b c688 ic_m4 random_sub_r0 table completed_valid t=0.0s
[     31s] main 30b c688 ic_m4 random_sub_r1 table completed_valid t=0.0s
[     31s] main 30b c688 ic_m4 random_sub_r2 table completed_valid t=0.0s
[     31s] main 30b c688 ic_m4 known_null_sub table completed_valid t=0.0s
[     31s] main 30b c688 ic_m4 random_dick_r0 table completed_valid t=0.0s
[     31s] main 30b c688 ic_m4 random_dick_r1 table completed_valid t=0.0s
[     31s] main 30b c688 ic_m4 random_dick_r2 table completed_valid t=0.1s
[     31s] main 30b c688 ic_m4 known_null_dick table completed_valid t=0.0s
[     31s] main 30b c689 ic_m4 subgroup table completed_valid t=0.0s
[     31s] main 30b c689 ic_m4 dickson table completed_valid t=0.0s
[     31s] main 30b c689 ic_m4 small_x table completed_valid t=0.0s
[     31s] main 30b c689 ic_m4 random_sub_r0 table completed_valid t=0.0s
[     31s] main 30b c689 ic_m4 random_sub_r1 table completed_valid t=0.0s
[     31s] main 30b c689 ic_m4 random_sub_r2 table completed_valid t=0.0s
[     31s] main 30b c689 ic_m4 known_null_sub table completed_valid t=0.0s
[     31s] main 30b c689 ic_m4 random_dick_r0 table completed_valid t=0.0s
[     31s] main 30b c689 ic_m4 random_dick_r1 table completed_valid t=0.0s
[     31s] main 30b c689 ic_m4 random_dick_r2 table completed_valid t=0.0s
[     31s] main 30b c689 ic_m4 known_null_dick table completed_valid t=0.0s
[     31s] main 30b c690 ic_m4 subgroup table completed_valid t=0.0s
[     31s] main 30b c690 ic_m4 dickson table completed_valid t=0.0s
[     31s] main 30b c690 ic_m4 small_x table completed_valid t=0.0s
[     31s] main 30b c690 ic_m4 random_sub_r0 table completed_valid t=0.0s
[     31s] main 30b c690 ic_m4 random_sub_r1 table completed_valid t=0.0s
[     31s] main 30b c690 ic_m4 random_sub_r2 table completed_valid t=0.0s
[     31s] main 30b c690 ic_m4 known_null_sub table completed_valid t=0.0s
[     31s] main 30b c690 ic_m4 random_dick_r0 table completed_valid t=0.0s
[     31s] main 30b c690 ic_m4 random_dick_r1 table completed_valid t=0.0s
[     31s] main 30b c690 ic_m4 random_dick_r2 table completed_valid t=0.0s
[     31s] main 30b c690 ic_m4 known_null_dick table completed_valid t=0.0s
[     32s] main 30b c691 ic_m4 subgroup table completed_valid t=0.0s
[     32s] main 30b c691 ic_m4 dickson table completed_valid t=0.0s
[     32s] main 30b c691 ic_m4 small_x table completed_valid t=0.0s
[     32s] main 30b c691 ic_m4 random_sub_r0 table completed_valid t=0.1s
[     32s] main 30b c691 ic_m4 random_sub_r1 table completed_valid t=0.0s
[     32s] main 30b c691 ic_m4 random_sub_r2 table completed_valid t=0.0s
[     32s] main 30b c691 ic_m4 known_null_sub table completed_valid t=0.0s
[     32s] main 30b c691 ic_m4 random_dick_r0 table completed_valid t=0.1s
[     32s] main 30b c691 ic_m4 random_dick_r1 table completed_valid t=0.0s
[     32s] main 30b c691 ic_m4 random_dick_r2 table completed_valid t=0.0s
[     32s] main 30b c691 ic_m4 known_null_dick table completed_valid t=0.0s
[     32s] main 30b c692 ic_m4 subgroup table completed_valid t=0.0s
[     32s] main 30b c692 ic_m4 dickson table completed_valid t=0.0s
[     32s] main 30b c692 ic_m4 small_x table completed_valid t=0.0s
[     32s] main 30b c692 ic_m4 random_sub_r0 table completed_valid t=0.0s
[     32s] main 30b c692 ic_m4 random_sub_r1 table completed_valid t=0.0s
[     32s] main 30b c692 ic_m4 random_sub_r2 table completed_valid t=0.0s
[     32s] main 30b c692 ic_m4 known_null_sub table completed_valid t=0.0s
[     32s] main 30b c692 ic_m4 random_dick_r0 table completed_valid t=0.0s
[     32s] main 30b c692 ic_m4 random_dick_r1 table completed_valid t=0.0s
[     32s] main 30b c692 ic_m4 random_dick_r2 table completed_valid t=0.0s
[     32s] main 30b c692 ic_m4 known_null_dick table completed_valid t=0.0s
[     33s] main 30b c693 ic_m4 subgroup table completed_valid t=0.0s
[     33s] main 30b c693 ic_m4 dickson table completed_valid t=0.0s
[     33s] main 30b c693 ic_m4 small_x table completed_valid t=0.0s
[     33s] main 30b c693 ic_m4 random_sub_r0 table completed_valid t=0.0s
[     33s] main 30b c693 ic_m4 random_sub_r1 table completed_valid t=0.0s
[     33s] main 30b c693 ic_m4 random_sub_r2 table completed_valid t=0.0s
[     33s] main 30b c693 ic_m4 known_null_sub table completed_valid t=0.0s
[     33s] main 30b c693 ic_m4 random_dick_r0 table completed_valid t=0.0s
[     33s] main 30b c693 ic_m4 random_dick_r1 table completed_valid t=0.0s
[     33s] main 30b c693 ic_m4 random_dick_r2 table completed_valid t=0.0s
[     33s] main 30b c693 ic_m4 known_null_dick table completed_valid t=0.0s
[     33s] main 30b c694 ic_m4 subgroup table completed_valid t=0.0s
[     33s] main 30b c694 ic_m4 dickson table completed_valid t=0.0s
[     33s] main 30b c694 ic_m4 small_x table completed_valid t=0.0s
[     33s] main 30b c694 ic_m4 random_sub_r0 table completed_valid t=0.0s
[     33s] main 30b c694 ic_m4 random_sub_r1 table completed_valid t=0.0s
[     33s] main 30b c694 ic_m4 random_sub_r2 table completed_valid t=0.0s
[     33s] main 30b c694 ic_m4 known_null_sub table completed_valid t=0.0s
[     33s] main 30b c694 ic_m4 random_dick_r0 table completed_valid t=0.0s
[     33s] main 30b c694 ic_m4 random_dick_r1 table completed_valid t=0.0s
[     33s] main 30b c694 ic_m4 random_dick_r2 table completed_valid t=0.0s
[     33s] main 30b c694 ic_m4 known_null_dick table completed_valid t=0.0s
[     33s] main 30b c695 ic_m4 subgroup table completed_valid t=0.0s
[     33s] main 30b c695 ic_m4 dickson table completed_valid t=0.0s
[     33s] main 30b c695 ic_m4 small_x table completed_valid t=0.0s
[     33s] main 30b c695 ic_m4 random_sub_r0 table completed_valid t=0.0s
[     33s] main 30b c695 ic_m4 random_sub_r1 table completed_valid t=0.0s
[     33s] main 30b c695 ic_m4 random_sub_r2 table completed_valid t=0.0s
[     33s] main 30b c695 ic_m4 known_null_sub table completed_valid t=0.0s
[     33s] main 30b c695 ic_m4 random_dick_r0 table completed_valid t=0.0s
[     33s] main 30b c695 ic_m4 random_dick_r1 table completed_valid t=0.0s
[     33s] main 30b c695 ic_m4 random_dick_r2 table completed_valid t=0.0s
[     33s] main 30b c695 ic_m4 known_null_dick table completed_valid t=0.0s
[     34s] main 30b c696 ic_m4 subgroup table completed_valid t=0.0s
[     34s] main 30b c696 ic_m4 dickson table completed_valid t=0.0s
[     34s] main 30b c696 ic_m4 small_x table completed_valid t=0.0s
[     34s] main 30b c696 ic_m4 random_sub_r0 table completed_valid t=0.0s
[     34s] main 30b c696 ic_m4 random_sub_r1 table completed_valid t=0.0s
[     34s] main 30b c696 ic_m4 random_sub_r2 table completed_valid t=0.0s
[     34s] main 30b c696 ic_m4 known_null_sub table completed_valid t=0.0s
[     34s] main 30b c696 ic_m4 random_dick_r0 table completed_valid t=0.0s
[     34s] main 30b c696 ic_m4 random_dick_r1 table completed_valid t=0.0s
[     34s] main 30b c696 ic_m4 random_dick_r2 table completed_valid t=0.0s
[     34s] main 30b c696 ic_m4 known_null_dick table completed_valid t=0.0s
[     34s] main 30b c697 ic_m4 subgroup table completed_valid t=0.0s
[     34s] main 30b c697 ic_m4 dickson table completed_valid t=0.0s
[     34s] main 30b c697 ic_m4 small_x table completed_valid t=0.0s
[     34s] main 30b c697 ic_m4 random_sub_r0 table completed_valid t=0.0s
[     34s] main 30b c697 ic_m4 random_sub_r1 table completed_valid t=0.0s
[     34s] main 30b c697 ic_m4 random_sub_r2 table completed_valid t=0.0s
[     34s] main 30b c697 ic_m4 known_null_sub table completed_valid t=0.0s
[     34s] main 30b c697 ic_m4 random_dick_r0 table completed_valid t=0.0s
[     34s] main 30b c697 ic_m4 random_dick_r1 table completed_valid t=0.0s
[     34s] main 30b c697 ic_m4 random_dick_r2 table completed_valid t=0.0s
[     34s] main 30b c697 ic_m4 known_null_dick table completed_valid t=0.0s
[     34s] main 30b c698 ic_m4 subgroup table completed_valid t=0.0s
[     34s] main 30b c698 ic_m4 dickson table completed_valid t=0.0s
[     34s] main 30b c698 ic_m4 small_x table completed_valid t=0.0s
[     34s] main 30b c698 ic_m4 random_sub_r0 table completed_valid t=0.0s
[     34s] main 30b c698 ic_m4 random_sub_r1 table completed_valid t=0.0s
[     34s] main 30b c698 ic_m4 random_sub_r2 table completed_valid t=0.0s
[     34s] main 30b c698 ic_m4 known_null_sub table completed_valid t=0.0s
[     34s] main 30b c698 ic_m4 random_dick_r0 table completed_valid t=0.0s
[     34s] main 30b c698 ic_m4 random_dick_r1 table completed_valid t=0.0s
[     34s] main 30b c698 ic_m4 random_dick_r2 table completed_valid t=0.0s
[     34s] main 30b c698 ic_m4 known_null_dick table completed_valid t=0.0s
[     35s] main 30b c699 ic_m4 subgroup table completed_valid t=0.0s
[     35s] main 30b c699 ic_m4 dickson table completed_valid t=0.0s
[     35s] main 30b c699 ic_m4 small_x table completed_valid t=0.0s
[     35s] main 30b c699 ic_m4 random_sub_r0 table completed_valid t=0.0s
[     35s] main 30b c699 ic_m4 random_sub_r1 table completed_valid t=0.0s
[     35s] main 30b c699 ic_m4 random_sub_r2 table completed_valid t=0.0s
[     35s] main 30b c699 ic_m4 known_null_sub table completed_valid t=0.0s
[     35s] main 30b c699 ic_m4 random_dick_r0 table completed_valid t=0.0s
[     35s] main 30b c699 ic_m4 random_dick_r1 table completed_valid t=0.0s
[     35s] main 30b c699 ic_m4 random_dick_r2 table completed_valid t=0.0s
[     35s] main 30b c699 ic_m4 known_null_dick table completed_valid t=0.0s
[     35s] main 30b c700 ic_m4 subgroup table completed_valid t=0.0s
[     35s] main 30b c700 ic_m4 dickson table completed_valid t=0.0s
[     35s] main 30b c700 ic_m4 small_x table completed_valid t=0.0s
[     35s] main 30b c700 ic_m4 random_sub_r0 table completed_valid t=0.0s
[     35s] main 30b c700 ic_m4 random_sub_r1 table completed_valid t=0.0s
[     35s] main 30b c700 ic_m4 random_sub_r2 table completed_valid t=0.0s
[     35s] main 30b c700 ic_m4 known_null_sub table completed_valid t=0.0s
[     35s] main 30b c700 ic_m4 random_dick_r0 table completed_valid t=0.0s
[     35s] main 30b c700 ic_m4 random_dick_r1 table completed_valid t=0.0s
[     35s] main 30b c700 ic_m4 random_dick_r2 table completed_valid t=0.0s
[     35s] main 30b c700 ic_m4 known_null_dick table completed_valid t=0.0s
[     35s] main 30b c701 ic_m4 subgroup table completed_valid t=0.0s
[     35s] main 30b c701 ic_m4 dickson table completed_valid t=0.0s
[     35s] main 30b c701 ic_m4 small_x table completed_valid t=0.0s
[     35s] main 30b c701 ic_m4 random_sub_r0 table completed_valid t=0.0s
[     35s] main 30b c701 ic_m4 random_sub_r1 table completed_valid t=0.0s
[     35s] main 30b c701 ic_m4 random_sub_r2 table completed_valid t=0.0s
[     35s] main 30b c701 ic_m4 known_null_sub table completed_valid t=0.0s
[     35s] main 30b c701 ic_m4 random_dick_r0 table completed_valid t=0.0s
[     35s] main 30b c701 ic_m4 random_dick_r1 table completed_valid t=0.0s
[     35s] main 30b c701 ic_m4 random_dick_r2 table completed_valid t=0.0s
[     35s] main 30b c701 ic_m4 known_null_dick table completed_valid t=0.0s
[     36s] main 30b c702 ic_m4 subgroup table completed_valid t=0.0s
[     36s] main 30b c702 ic_m4 dickson table completed_valid t=0.0s
[     36s] main 30b c702 ic_m4 small_x table completed_valid t=0.0s
[     36s] main 30b c702 ic_m4 random_sub_r0 table completed_valid t=0.0s
[     36s] main 30b c702 ic_m4 random_sub_r1 table completed_valid t=0.0s
[     36s] main 30b c702 ic_m4 random_sub_r2 table completed_valid t=0.0s
[     36s] main 30b c702 ic_m4 known_null_sub table completed_valid t=0.0s
[     36s] main 30b c702 ic_m4 random_dick_r0 table completed_valid t=0.0s
[     36s] main 30b c702 ic_m4 random_dick_r1 table completed_valid t=0.0s
[     36s] main 30b c702 ic_m4 random_dick_r2 table completed_valid t=0.0s
[     36s] main 30b c702 ic_m4 known_null_dick table completed_valid t=0.0s
[     36s] main 30b c703 ic_m4 subgroup table completed_valid t=0.0s
[     36s] main 30b c703 ic_m4 dickson table completed_valid t=0.0s
[     36s] main 30b c703 ic_m4 small_x table completed_valid t=0.0s
[     36s] main 30b c703 ic_m4 random_sub_r0 table completed_valid t=0.0s
[     36s] main 30b c703 ic_m4 random_sub_r1 table completed_valid t=0.0s
[     36s] main 30b c703 ic_m4 random_sub_r2 table completed_valid t=0.0s
[     36s] main 30b c703 ic_m4 known_null_sub table completed_valid t=0.0s
[     36s] main 30b c703 ic_m4 random_dick_r0 table completed_valid t=0.0s
[     36s] main 30b c703 ic_m4 random_dick_r1 table completed_valid t=0.0s
[     36s] main 30b c703 ic_m4 random_dick_r2 table completed_valid t=0.0s
[     36s] main 30b c703 ic_m4 known_null_dick table completed_valid t=0.0s
[     36s] main 30b c704 ic_m4 subgroup table completed_valid t=0.0s
[     36s] main 30b c704 ic_m4 dickson table completed_valid t=0.0s
[     36s] main 30b c704 ic_m4 small_x table completed_valid t=0.0s
[     36s] main 30b c704 ic_m4 random_sub_r0 table completed_valid t=0.0s
[     36s] main 30b c704 ic_m4 random_sub_r1 table completed_valid t=0.0s
[     36s] main 30b c704 ic_m4 random_sub_r2 table completed_valid t=0.0s
[     36s] main 30b c704 ic_m4 known_null_sub table completed_valid t=0.0s
[     36s] main 30b c704 ic_m4 random_dick_r0 table completed_valid t=0.0s
[     36s] main 30b c704 ic_m4 random_dick_r1 table completed_valid t=0.0s
[     36s] main 30b c704 ic_m4 random_dick_r2 table completed_valid t=0.0s
[     36s] main 30b c704 ic_m4 known_null_dick table completed_valid t=0.0s
[     37s] main 30b c705 ic_m4 subgroup table completed_valid t=0.0s
[     37s] main 30b c705 ic_m4 dickson table completed_valid t=0.0s
[     37s] main 30b c705 ic_m4 small_x table completed_valid t=0.0s
[     37s] main 30b c705 ic_m4 random_sub_r0 table completed_valid t=0.0s
[     37s] main 30b c705 ic_m4 random_sub_r1 table completed_valid t=0.0s
[     37s] main 30b c705 ic_m4 random_sub_r2 table completed_valid t=0.0s
[     37s] main 30b c705 ic_m4 known_null_sub table completed_valid t=0.0s
[     37s] main 30b c705 ic_m4 random_dick_r0 table completed_valid t=0.0s
[     37s] main 30b c705 ic_m4 random_dick_r1 table completed_valid t=0.0s
[     37s] main 30b c705 ic_m4 random_dick_r2 table completed_valid t=0.0s
[     37s] main 30b c705 ic_m4 known_null_dick table completed_valid t=0.0s
[     37s] main 30b c706 ic_m4 subgroup table completed_valid t=0.0s
[     37s] main 30b c706 ic_m4 dickson table completed_valid t=0.0s
[     37s] main 30b c706 ic_m4 small_x table completed_valid t=0.0s
[     37s] main 30b c706 ic_m4 random_sub_r0 table completed_valid t=0.0s
[     37s] main 30b c706 ic_m4 random_sub_r1 table completed_valid t=0.0s
[     37s] main 30b c706 ic_m4 random_sub_r2 table completed_valid t=0.0s
[     37s] main 30b c706 ic_m4 known_null_sub table completed_valid t=0.0s
[     37s] main 30b c706 ic_m4 random_dick_r0 table completed_valid t=0.0s
[     37s] main 30b c706 ic_m4 random_dick_r1 table completed_valid t=0.0s
[     37s] main 30b c706 ic_m4 random_dick_r2 table completed_valid t=0.0s
[     37s] main 30b c706 ic_m4 known_null_dick table completed_valid t=0.0s
[     37s] main 30b c707 ic_m4 subgroup table completed_valid t=0.0s
[     37s] main 30b c707 ic_m4 dickson table completed_valid t=0.0s
[     37s] main 30b c707 ic_m4 small_x table completed_valid t=0.0s
[     37s] main 30b c707 ic_m4 random_sub_r0 table completed_valid t=0.0s
[     37s] main 30b c707 ic_m4 random_sub_r1 table completed_valid t=0.0s
[     37s] main 30b c707 ic_m4 random_sub_r2 table completed_valid t=0.0s
[     37s] main 30b c707 ic_m4 known_null_sub table completed_valid t=0.0s
[     37s] main 30b c707 ic_m4 random_dick_r0 table completed_valid t=0.0s
[     37s] main 30b c707 ic_m4 random_dick_r1 table completed_valid t=0.0s
[     37s] main 30b c707 ic_m4 random_dick_r2 table completed_valid t=0.0s
[     37s] main 30b c707 ic_m4 known_null_dick table completed_valid t=0.0s
[     38s] main 30b c708 ic_m4 subgroup table completed_valid t=0.0s
[     38s] main 30b c708 ic_m4 dickson table completed_valid t=0.0s
[     38s] main 30b c708 ic_m4 small_x table completed_valid t=0.0s
[     38s] main 30b c708 ic_m4 random_sub_r0 table completed_valid t=0.0s
[     38s] main 30b c708 ic_m4 random_sub_r1 table completed_valid t=0.0s
[     38s] main 30b c708 ic_m4 random_sub_r2 table completed_valid t=0.0s
[     38s] main 30b c708 ic_m4 known_null_sub table completed_valid t=0.0s
[     38s] main 30b c708 ic_m4 random_dick_r0 table completed_valid t=0.0s
[     38s] main 30b c708 ic_m4 random_dick_r1 table completed_valid t=0.0s
[     38s] main 30b c708 ic_m4 random_dick_r2 table completed_valid t=0.0s
[     38s] main 30b c708 ic_m4 known_null_dick table completed_valid t=0.0s
[     38s] main 30b c709 ic_m4 subgroup table completed_valid t=0.0s
[     38s] main 30b c709 ic_m4 dickson table completed_valid t=0.0s
[     38s] main 30b c709 ic_m4 small_x table completed_valid t=0.0s
[     38s] main 30b c709 ic_m4 random_sub_r0 table completed_valid t=0.0s
[     38s] main 30b c709 ic_m4 random_sub_r1 table completed_valid t=0.0s
[     38s] main 30b c709 ic_m4 random_sub_r2 table completed_valid t=0.0s
[     38s] main 30b c709 ic_m4 known_null_sub table completed_valid t=0.0s
[     38s] main 30b c709 ic_m4 random_dick_r0 table completed_valid t=0.0s
[     38s] main 30b c709 ic_m4 random_dick_r1 table completed_valid t=0.0s
[     38s] main 30b c709 ic_m4 random_dick_r2 table completed_valid t=0.0s
[     38s] main 30b c709 ic_m4 known_null_dick table completed_valid t=0.0s
