chained_n14_m2_t2_k7_d0            STRESS32  cap=0.000302285 batches=  1 rank=627/- std=470/- rc=1(not completed)
chained_n14_m2_t2_k7_d0            STRESS32  cap=0.000377856 batches=  1 rank=780/- std=288/- rc=1(not completed)
chained_n14_m2_t2_k7_d0            STRESS32  cap=0.000503808 batches=  2 rank=1080/- std=57/- rc=1(not completed)
chained_n14_m2_t2_k7_d0            STRESS32  cap=0.000755713 batches=  1 rank=1289/- std=6/- rc=1(not completed)
chained_n14_m2_t2_k7_d0            STRESS32  cap=0.00125952 batches= 15 rank=1465/1465 std=6/6 match
chained_n14_m2_t2_k7_d0            MB_s32    cap=0.000302285 batches=  1 rank=627/- std=470/- rc=1(not completed)
chained_n14_m2_t2_k7_d0            MB_s32    cap=0.000377856 batches=  1 rank=780/- std=288/- rc=1(not completed)
chained_n14_m2_t2_k7_d0            MB_s32    cap=0.000503808 batches=  2 rank=1080/- std=57/- rc=1(not completed)
chained_n14_m2_t2_k7_d0            MB_s32    cap=0.000755713 batches=  1 rank=1289/- std=6/- rc=1(not completed)
chained_n14_m2_t2_k7_d0            MB_s32    cap=0.00125952 batches= 15 rank=1465/1465 std=6/6 match
chained_n14_m2_t2_k7_d0            MF_s32    cap=0.000302285 batches=  1 rank=627/- std=470/- rc=1(not completed)
chained_n14_m2_t2_k7_d0            MF_s32    cap=0.000377856 batches=  1 rank=780/- std=288/- rc=1(not completed)
chained_n14_m2_t2_k7_d0            MF_s32    cap=0.000503808 batches=  2 rank=1080/- std=57/- rc=1(not completed)
chained_n14_m2_t2_k7_d0            MF_s32    cap=0.000755713 batches=  1 rank=1289/- std=6/- rc=1(not completed)
chained_n14_m2_t2_k7_d0            MF_s32    cap=0.00125952 batches= 15 rank=1465/1465 std=6/6 match
chained_n14_m2_t2_k7_d0            MH_s32    cap=0.000302285 batches=  1 rank=627/- std=470/- rc=1(not completed)
chained_n14_m2_t2_k7_d0            MH_s32    cap=0.000377856 batches=  1 rank=780/- std=288/- rc=1(not completed)
chained_n14_m2_t2_k7_d0            MH_s32    cap=0.000503808 batches=  2 rank=1080/- std=57/- rc=1(not completed)
chained_n14_m2_t2_k7_d0            MH_s32    cap=0.000755713 batches=  1 rank=1289/- std=6/- rc=1(not completed)
chained_n14_m2_t2_k7_d0            MH_s32    cap=0.00125952 batches= 15 rank=1465/1465 std=6/6 match
chained_n14_m2_t2_k7_d0            MD_s32    cap=0.000302285 batches=  1 rank=627/- std=470/- rc=1(not completed)
chained_n14_m2_t2_k7_d0            MD_s32    cap=0.000377856 batches=  1 rank=780/- std=288/- rc=1(not completed)
chained_n14_m2_t2_k7_d0            MD_s32    cap=0.000503808 batches=  2 rank=1080/- std=57/- rc=1(not completed)
chained_n14_m2_t2_k7_d0            MD_s32    cap=0.000755713 batches=  0 rank=13/1465 std=2176/6 DIFF:RANK,STD,LM,VERDICT,SAT1729
chained_n14_m2_t2_k7_d0            MD_s32    cap=0.00125952 batches=  0 rank=13/1465 std=2176/6 DIFF:RANK,STD,LM,VERDICT,SAT1729
chained_n16_m2_t2_k8_d0            STRESS32  cap=0.00088503 batches=  2 rank=1244/- std=368/- rc=1(not completed)
chained_n16_m2_t2_k8_d0            STRESS32  cap=0.00110629 batches=  2 rank=1548/- std=174/- rc=1(not completed)
chained_n16_m2_t2_k8_d0            STRESS32  cap=0.00147505 batches=  1 rank=1800/- std=2/- rc=1(not completed)
chained_n16_m2_t2_k8_d0            STRESS32  cap=0.00221257 batches= 17 rank=2214/- std=2/- rc=1(not completed)
chained_n16_m2_t2_k8_d0            STRESS32  cap=0.00368762 batches= 11 rank=2515/2515 std=2/2 match
chained_n16_m2_t2_k8_d0            MB_s32    cap=0.00088503 batches=  2 rank=1244/- std=368/- rc=1(not completed)
chained_n16_m2_t2_k8_d0            MB_s32    cap=0.00110629 batches=  2 rank=1548/- std=174/- rc=1(not completed)
chained_n16_m2_t2_k8_d0            MB_s32    cap=0.00147505 batches=  1 rank=1800/- std=2/- rc=1(not completed)
chained_n16_m2_t2_k8_d0            MB_s32    cap=0.00221257 batches= 17 rank=2214/- std=2/- rc=1(not completed)
chained_n16_m2_t2_k8_d0            MB_s32    cap=0.00368762 batches= 11 rank=2515/2515 std=2/2 match
chained_n16_m2_t2_k8_d0            MF_s32    cap=0.00088503 batches=  2 rank=1244/- std=368/- rc=1(not completed)
chained_n16_m2_t2_k8_d0            MF_s32    cap=0.00110629 batches=  2 rank=1549/- std=172/- rc=1(not completed)
chained_n16_m2_t2_k8_d0            MF_s32    cap=0.00147505 batches=  1 rank=1800/- std=2/- rc=1(not completed)
chained_n16_m2_t2_k8_d0            MF_s32    cap=0.00221257 batches= 17 rank=2214/- std=2/- rc=1(not completed)
chained_n16_m2_t2_k8_d0            MF_s32    cap=0.00368762 batches= 11 rank=2515/2515 std=2/2 match
chained_n16_m2_t2_k8_d0            MH_s32    cap=0.00088503 batches=  2 rank=1244/- std=368/- rc=1(not completed)
chained_n16_m2_t2_k8_d0            MH_s32    cap=0.00110629 batches=  2 rank=1548/- std=174/- rc=1(not completed)
chained_n16_m2_t2_k8_d0            MH_s32    cap=0.00147505 batches=  1 rank=1800/- std=2/- rc=1(not completed)
chained_n16_m2_t2_k8_d0            MH_s32    cap=0.00221257 batches= 17 rank=2214/- std=2/- rc=1(not completed)
chained_n16_m2_t2_k8_d0            MH_s32    cap=0.00368762 batches= 11 rank=2515/2515 std=2/2 match
chained_n16_m2_t2_k8_d0            MD_s32    cap=0.00088503 batches=  2 rank=1244/- std=368/- rc=1(not completed)
chained_n16_m2_t2_k8_d0            MD_s32    cap=0.00110629 batches=  2 rank=1548/- std=174/- rc=1(not completed)
chained_n16_m2_t2_k8_d0            MD_s32    cap=0.00147505 batches=  0 rank=15/2515 std=16640/2 DIFF:RANK,STD,LM,VERDICT,SAT2040
chained_n16_m2_t2_k8_d0            MD_s32    cap=0.00221257 batches=  0 rank=15/2515 std=16640/2 DIFF:RANK,STD,LM,VERDICT,SAT2040
chained_n16_m2_t2_k8_d0            MD_s32    cap=0.00368762 batches=  0 rank=15/2515 std=16640/2 DIFF:RANK,STD,LM,VERDICT,SAT2040
null_n16_m2_t2_k8_d0               STRESS32  cap=0.00088503 batches=  2 rank=1246/- std=1888/- rc=1(not completed)
null_n16_m2_t2_k8_d0               STRESS32  cap=0.00110629 batches=  2 rank=1560/- std=1062/- rc=1(not completed)
null_n16_m2_t2_k8_d0               STRESS32  cap=0.00147505 batches=  2 rank=2056/- std=461/- rc=1(not completed)
null_n16_m2_t2_k8_d0               STRESS32  cap=0.00221257 batches= 69 rank=2056/2056 std=461/461 match
null_n16_m2_t2_k8_d0               STRESS32  cap=0.00368762 batches=  3 rank=2056/2056 std=461/461 match
null_n16_m2_t2_k8_d0               MB_s32    cap=0.00088503 batches=  2 rank=1246/- std=1888/- rc=1(not completed)
null_n16_m2_t2_k8_d0               MB_s32    cap=0.00110629 batches=  2 rank=1560/- std=1062/- rc=1(not completed)
null_n16_m2_t2_k8_d0               MB_s32    cap=0.00147505 batches=  2 rank=2056/2056 std=461/461 match
null_n16_m2_t2_k8_d0               MB_s32    cap=0.00221257 batches= 69 rank=2056/2056 std=461/461 match
null_n16_m2_t2_k8_d0               MB_s32    cap=0.00368762 batches=  3 rank=2056/2056 std=461/461 match
null_n16_m2_t2_k8_d0               MF_s32    cap=0.00088503 batches=  2 rank=1246/- std=1880/- rc=1(not completed)
null_n16_m2_t2_k8_d0               MF_s32    cap=0.00110629 batches=  2 rank=1560/- std=1062/- rc=1(not completed)
null_n16_m2_t2_k8_d0               MF_s32    cap=0.00147505 batches=  2 rank=2056/- std=461/- rc=1(not completed)
null_n16_m2_t2_k8_d0               MF_s32    cap=0.00221257 batches= 68 rank=2056/2056 std=461/461 match
null_n16_m2_t2_k8_d0               MF_s32    cap=0.00368762 batches=  3 rank=2056/2056 std=461/461 match
null_n16_m2_t2_k8_d0               MH_s32    cap=0.00088503 batches=  2 rank=1246/- std=1888/- rc=1(not completed)
null_n16_m2_t2_k8_d0               MH_s32    cap=0.00110629 batches=  2 rank=1560/- std=1062/- rc=1(not completed)
null_n16_m2_t2_k8_d0               MH_s32    cap=0.00147505 batches=  2 rank=2056/- std=461/- rc=1(not completed)
null_n16_m2_t2_k8_d0               MH_s32    cap=0.00221257 batches= 69 rank=2056/2056 std=461/461 match
null_n16_m2_t2_k8_d0               MH_s32    cap=0.00368762 batches=  3 rank=2056/2056 std=461/461 match
null_n16_m2_t2_k8_d0               MD_s32    cap=0.00088503 batches=  2 rank=1246/- std=1888/- rc=1(not completed)
null_n16_m2_t2_k8_d0               MD_s32    cap=0.00110629 batches=  2 rank=1560/- std=1062/- rc=1(not completed)
null_n16_m2_t2_k8_d0               MD_s32    cap=0.00147505 batches=  1 rank=1963/- std=553/- rc=1(not completed)
null_n16_m2_t2_k8_d0               MD_s32    cap=0.00221257 batches=  0 rank=16/2056 std=6656/461 DIFF:RANK,STD,LM,SAT2176
null_n16_m2_t2_k8_d0               MD_s32    cap=0.00368762 batches=  0 rank=16/2056 std=6656/461 DIFF:RANK,STD,LM,SAT2176
null_n18_m2_t2_k9_d0               STRESS32  cap=0.00228914 batches=  2 rank=2147/- std=3432/- rc=1(not completed)
null_n18_m2_t2_k9_d0               STRESS32  cap=0.00286143 batches=  2 rank=2670/- std=1624/- rc=1(not completed)
null_n18_m2_t2_k9_d0               STRESS32  cap=0.00381523 batches=  1 rank=2925/- std=1226/- rc=1(not completed)
null_n18_m2_t2_k9_d0               STRESS32  cap=0.00572285 batches=  7 rank=2925/2925 std=1226/1226 match
null_n18_m2_t2_k9_d0               STRESS32  cap=0.00953808 batches=  2 rank=2925/2925 std=1226/1226 match
null_n18_m2_t2_k9_d0               MB_s32    cap=0.00228914 batches=  2 rank=2147/- std=3432/- rc=1(not completed)
null_n18_m2_t2_k9_d0               MB_s32    cap=0.00286143 batches=  2 rank=2670/- std=1624/- rc=1(not completed)
null_n18_m2_t2_k9_d0               MB_s32    cap=0.00381523 batches=  1 rank=2925/- std=1226/- rc=1(not completed)
null_n18_m2_t2_k9_d0               MB_s32    cap=0.00572285 batches=  7 rank=2925/2925 std=1226/1226 match
null_n18_m2_t2_k9_d0               MB_s32    cap=0.00953808 batches=  2 rank=2925/2925 std=1226/1226 match
null_n18_m2_t2_k9_d0               MF_s32    cap=0.00228914 batches=  2 rank=2146/- std=3432/- rc=1(not completed)
null_n18_m2_t2_k9_d0               MF_s32    cap=0.00286143 batches=  2 rank=2671/- std=1620/- rc=1(not completed)
null_n18_m2_t2_k9_d0               MF_s32    cap=0.00381523 batches=  1 rank=2925/- std=1226/- rc=1(not completed)
null_n18_m2_t2_k9_d0               MF_s32    cap=0.00572285 batches=  7 rank=2925/2925 std=1226/1226 match
null_n18_m2_t2_k9_d0               MF_s32    cap=0.00953808 batches=  2 rank=2925/2925 std=1226/1226 match
null_n18_m2_t2_k9_d0               MH_s32    cap=0.00228914 batches=  2 rank=2147/- std=3432/- rc=1(not completed)
null_n18_m2_t2_k9_d0               MH_s32    cap=0.00286143 batches=  2 rank=2670/- std=1624/- rc=1(not completed)
null_n18_m2_t2_k9_d0               MH_s32    cap=0.00381523 batches=  1 rank=2925/- std=1226/- rc=1(not completed)
null_n18_m2_t2_k9_d0               MH_s32    cap=0.00572285 batches=  7 rank=2925/2925 std=1226/1226 match
null_n18_m2_t2_k9_d0               MH_s32    cap=0.00953808 batches=  2 rank=2925/2925 std=1226/1226 match
null_n18_m2_t2_k9_d0               MD_s32    cap=0.00228914 batches=  2 rank=2147/- std=3432/- rc=1(not completed)
null_n18_m2_t2_k9_d0               MD_s32    cap=0.00286143 batches=  2 rank=2670/- std=1624/- rc=1(not completed)
null_n18_m2_t2_k9_d0               MD_s32    cap=0.00381523 batches=  0 rank=18/2925 std=22528/1226 DIFF:RANK,STD,LM,SAT3078
null_n18_m2_t2_k9_d0               MD_s32    cap=0.00572285 batches=  0 rank=18/2925 std=22528/1226 DIFF:RANK,STD,LM,SAT3078
null_n18_m2_t2_k9_d0               MD_s32    cap=0.00953808 batches=  0 rank=18/2925 std=22528/1226 DIFF:RANK,STD,LM,SAT3078
chained_n20_m2_t2_k10_d3           STRESS32  cap=0.00536308 batches=  2 rank=3405/- std=612/- rc=1(not completed)
chained_n20_m2_t2_k10_d3           STRESS32  cap=0.00670385 batches=  1 rank=3727/- std=85/- rc=1(not completed)
chained_n20_m2_t2_k10_d3           STRESS32  cap=0.00893847 batches=  2 rank=3869/- std=36/- rc=1(not completed)
chained_n20_m2_t2_k10_d3           STRESS32  cap=0.0134077 batches= 55 rank=6194/6194 std=2/2 match
chained_n20_m2_t2_k10_d3           STRESS32  cap=0.0223462 batches=  8 rank=6194/6194 std=2/2 match
chained_n20_m2_t2_k10_d3           MB_s32    cap=0.00536308 batches=  2 rank=3405/- std=612/- rc=1(not completed)
chained_n20_m2_t2_k10_d3           MB_s32    cap=0.00670385 batches=  1 rank=3727/- std=85/- rc=1(not completed)
chained_n20_m2_t2_k10_d3           MB_s32    cap=0.00893847 batches=  2 rank=3869/- std=36/- rc=1(not completed)
chained_n20_m2_t2_k10_d3           MB_s32    cap=0.0134077 batches= 38 rank=6194/6194 std=2/2 match
chained_n20_m2_t2_k10_d3           MB_s32    cap=0.0223462 batches=  5 rank=6194/6194 std=2/2 match
chained_n20_m2_t2_k10_d3           MF_s32    cap=0.00536308 batches=  2 rank=3405/- std=612/- rc=1(not completed)
chained_n20_m2_t2_k10_d3           MF_s32    cap=0.00670385 batches=  1 rank=3727/- std=85/- rc=1(not completed)
chained_n20_m2_t2_k10_d3           MF_s32    cap=0.00893847 batches=  2 rank=3869/- std=36/- rc=1(not completed)
chained_n20_m2_t2_k10_d3           MF_s32    cap=0.0134077 batches= 55 rank=6194/6194 std=2/2 match
chained_n20_m2_t2_k10_d3           MF_s32    cap=0.0223462 batches=  8 rank=6194/6194 std=2/2 match
chained_n20_m2_t2_k10_d3           MH_s32    cap=0.00536308 batches=  2 rank=3405/- std=612/- rc=1(not completed)
chained_n20_m2_t2_k10_d3           MH_s32    cap=0.00670385 batches=  1 rank=3727/- std=85/- rc=1(not completed)
chained_n20_m2_t2_k10_d3           MH_s32    cap=0.00893847 batches=  2 rank=3869/- std=36/- rc=1(not completed)
chained_n20_m2_t2_k10_d3           MH_s32    cap=0.0134077 batches= 55 rank=6194/6194 std=2/2 match
chained_n20_m2_t2_k10_d3           MH_s32    cap=0.0223462 batches=  8 rank=6194/6194 std=2/2 match
chained_n20_m2_t2_k10_d3           MD_s32    cap=0.00536308 batches=  2 rank=3405/- std=612/- rc=1(not completed)
chained_n20_m2_t2_k10_d3           MD_s32    cap=0.00670385 batches=  0 rank=19/6194 std=263168/2 DIFF:RANK,STD,LM,VERDICT,SAT3990
chained_n20_m2_t2_k10_d3           MD_s32    cap=0.00893847 batches=  0 rank=19/6194 std=263168/2 DIFF:RANK,STD,LM,VERDICT,SAT3990
chained_n20_m2_t2_k10_d3           MD_s32    cap=0.0134077 batches=  0 rank=19/6194 std=263168/2 DIFF:RANK,STD,LM,VERDICT,SAT3990
chained_n20_m2_t2_k10_d3           MD_s32    cap=0.0223462 batches=  0 rank=19/6194 std=263168/2 DIFF:RANK,STD,LM,VERDICT,SAT3990
chained_n9_m3_t3_k4_d0             STRESS32  cap=0.00795683 batches=  1 rank=3192/- std=-/- rc=1(not completed)
chained_n9_m3_t3_k4_d0             STRESS32  cap=0.00994604 batches=  6 rank=3692/- std=-/- rc=1(not completed)
chained_n9_m3_t3_k4_d0             STRESS32  cap=0.0132614 batches= 25 rank=5480/- std=-/- rc=1(not completed)
chained_n9_m3_t3_k4_d0             STRESS32  cap=0.0198921 batches= 24 rank=7544/7544 std=3/3 match
chained_n9_m3_t3_k4_d0             STRESS32  cap=0.0331535 batches=  8 rank=7544/7544 std=3/3 match
chained_n9_m3_t3_k4_d0             MB_s32    cap=0.00795683 batches=  1 rank=3192/- std=-/- rc=1(not completed)
chained_n9_m3_t3_k4_d0             MB_s32    cap=0.00994604 batches=  6 rank=3692/- std=-/- rc=1(not completed)
chained_n9_m3_t3_k4_d0             MB_s32    cap=0.0132614 batches= 25 rank=5480/- std=-/- rc=1(not completed)
chained_n9_m3_t3_k4_d0             MB_s32    cap=0.0198921 batches=  6 rank=6135/7544 std=1379/3 DIFF:RANK,STD,LM,VERDICT
chained_n9_m3_t3_k4_d0             MB_s32    cap=0.0331535 batches=  3 rank=6135/7544 std=1379/3 DIFF:RANK,STD,LM,VERDICT
chained_n9_m3_t3_k4_d0             MF_s32    cap=0.00795683 batches=  1 rank=3192/- std=-/- rc=1(not completed)
chained_n9_m3_t3_k4_d0             MF_s32    cap=0.00994604 batches=  6 rank=3691/- std=-/- rc=1(not completed)
chained_n9_m3_t3_k4_d0             MF_s32    cap=0.0132614 batches= 25 rank=5480/- std=-/- rc=1(not completed)
chained_n9_m3_t3_k4_d0             MF_s32    cap=0.0198921 batches= 24 rank=7544/7544 std=3/3 match
chained_n9_m3_t3_k4_d0             MF_s32    cap=0.0331535 batches=  8 rank=7544/7544 std=3/3 match
chained_n9_m3_t3_k4_d0             MH_s32    cap=0.00795683 batches=  1 rank=3192/- std=-/- rc=1(not completed)
chained_n9_m3_t3_k4_d0             MH_s32    cap=0.00994604 batches=  6 rank=3692/- std=-/- rc=1(not completed)
chained_n9_m3_t3_k4_d0             MH_s32    cap=0.0132614 batches= 25 rank=5480/- std=-/- rc=1(not completed)
chained_n9_m3_t3_k4_d0             MH_s32    cap=0.0198921 batches= 24 rank=7544/7544 std=3/3 match
chained_n9_m3_t3_k4_d0             MH_s32    cap=0.0331535 batches=  8 rank=7544/7544 std=3/3 match
chained_n9_m3_t3_k4_d0             MD_s32    cap=0.00795683 batches=  0 rank=18/7544 std=397312/3 DIFF:RANK,STD,LM,VERDICT
chained_n9_m3_t3_k4_d0             MD_s32    cap=0.00994604 batches=  0 rank=18/7544 std=397312/3 DIFF:RANK,STD,LM,VERDICT
chained_n9_m3_t3_k4_d0             MD_s32    cap=0.0132614 batches=  0 rank=18/7544 std=397312/3 DIFF:RANK,STD,LM,VERDICT
chained_n9_m3_t3_k4_d0             MD_s32    cap=0.0198921 batches=  0 rank=18/7544 std=397312/3 DIFF:RANK,STD,LM,VERDICT
chained_n9_m3_t3_k4_d0             MD_s32    cap=0.0331535 batches=  0 rank=18/7544 std=397312/3 DIFF:RANK,STD,LM,VERDICT
null_n12_m2_t2_k9_d0               STRESS32  cap=0.00228914 batches=  1 rank=1986/- std=4536/- rc=1(not completed)
null_n12_m2_t2_k9_d0               STRESS32  cap=0.00286143 batches=  1 rank=1986/- std=4536/- rc=1(not completed)
null_n12_m2_t2_k9_d0               STRESS32  cap=0.00381523 batches=  8 rank=1986/1986 std=4536/4536 match
null_n12_m2_t2_k9_d0               STRESS32  cap=0.00572285 batches=  3 rank=1986/1986 std=4536/4536 match
null_n12_m2_t2_k9_d0               STRESS32  cap=0.00953808 batches=  2 rank=1986/1986 std=4536/4536 match
null_n12_m2_t2_k9_d0               MB_s32    cap=0.00228914 batches=  1 rank=1986/- std=4536/- rc=1(not completed)
null_n12_m2_t2_k9_d0               MB_s32    cap=0.00286143 batches=  1 rank=1986/- std=4536/- rc=1(not completed)
null_n12_m2_t2_k9_d0               MB_s32    cap=0.00381523 batches=  8 rank=1986/1986 std=4536/4536 match
null_n12_m2_t2_k9_d0               MB_s32    cap=0.00572285 batches=  3 rank=1986/1986 std=4536/4536 match
null_n12_m2_t2_k9_d0               MB_s32    cap=0.00953808 batches=  2 rank=1986/1986 std=4536/4536 match
null_n12_m2_t2_k9_d0               MF_s32    cap=0.00228914 batches=  1 rank=1986/- std=4536/- rc=1(not completed)
null_n12_m2_t2_k9_d0               MF_s32    cap=0.00286143 batches=  1 rank=1986/- std=4536/- rc=1(not completed)
null_n12_m2_t2_k9_d0               MF_s32    cap=0.00381523 batches=  8 rank=1986/1986 std=4536/4536 match
null_n12_m2_t2_k9_d0               MF_s32    cap=0.00572285 batches=  3 rank=1986/1986 std=4536/4536 match
null_n12_m2_t2_k9_d0               MF_s32    cap=0.00953808 batches=  2 rank=1986/1986 std=4536/4536 match
null_n12_m2_t2_k9_d0               MH_s32    cap=0.00228914 batches=  1 rank=1986/- std=4536/- rc=1(not completed)
null_n12_m2_t2_k9_d0               MH_s32    cap=0.00286143 batches=  1 rank=1986/- std=4536/- rc=1(not completed)
null_n12_m2_t2_k9_d0               MH_s32    cap=0.00381523 batches=  8 rank=1986/1986 std=4536/4536 match
null_n12_m2_t2_k9_d0               MH_s32    cap=0.00572285 batches=  3 rank=1986/1986 std=4536/4536 match
null_n12_m2_t2_k9_d0               MH_s32    cap=0.00953808 batches=  2 rank=1986/1986 std=4536/4536 match
null_n12_m2_t2_k9_d0               MD_s32    cap=0.00228914 batches=  0 rank=12/1986 std=40960/4536 DIFF:RANK,STD,LM,SAT2052
null_n12_m2_t2_k9_d0               MD_s32    cap=0.00286143 batches=  0 rank=12/1986 std=40960/4536 DIFF:RANK,STD,LM,SAT2052
null_n12_m2_t2_k9_d0               MD_s32    cap=0.00381523 batches=  0 rank=12/1986 std=40960/4536 DIFF:RANK,STD,LM,SAT2052
null_n12_m2_t2_k9_d0               MD_s32    cap=0.00572285 batches=  0 rank=12/1986 std=40960/4536 DIFF:RANK,STD,LM,SAT2052
null_n12_m2_t2_k9_d0               MD_s32    cap=0.00953808 batches=  0 rank=12/1986 std=40960/4536 DIFF:RANK,STD,LM,SAT2052
