launched (d=512, beta=55, bits=69, lo_known_failing) pid=21164
launched (d=512, beta=55, bits=100, hi_known_succeeding) pid=21165
launched (d=512, beta=70, bits=69, lo_known_failing) pid=21166
launched (d=512, beta=70, bits=100, hi_known_succeeding) pid=21167
  -> (beta=55, bits=69) ERROR (306.3s) seed_ok=True agrees=True
  -> (beta=55, bits=100) COMPLETED (306.3s) seed_ok=True agrees=True
  -> (beta=70, bits=69) ERROR (316.3s) seed_ok=True agrees=True
  -> (beta=70, bits=100) COMPLETED (316.3s) seed_ok=True agrees=True
{
  "per_basis": {
    "55": {
      "lo_69_status": "ERROR",
      "hi_100_status": "COMPLETED",
      "endpoint_reproduction_ok_recomputed_by_validator": true,
      "producer_reported_endpoint_reproduction_ok": true
    },
    "70": {
      "lo_69_status": "ERROR",
      "hi_100_status": "COMPLETED",
      "endpoint_reproduction_ok_recomputed_by_validator": true,
      "producer_reported_endpoint_reproduction_ok": true
    }
  },
  "all_four_agree_with_producer": true,
  "all_four_seeds_match": true,
  "total_wall_clock_seconds": 316.35363602638245
}
