[     10s] main 30b c40 ic_m4 subgroup search completed_valid t=0.9s
[     10s] main 30b c40 ic_m4 dickson search completed_valid t=1.0s
[     10s] main 30b c40 ic_m4 small_x search completed_valid t=0.8s
[     10s] main 30b c40 ic_m4 random_sub_r0 search completed_valid t=0.9s
[     10s] main 30b c40 ic_m4 random_sub_r1 search completed_valid t=0.9s
[     10s] main 30b c40 ic_m4 random_sub_r2 search completed_valid t=0.9s
[     10s] main 30b c40 ic_m4 known_null_sub search completed_valid t=1.0s
[     10s] main 30b c40 ic_m4 random_dick_r0 search completed_valid t=1.1s
[     10s] main 30b c40 ic_m4 random_dick_r1 search completed_valid t=0.9s
[     10s] main 30b c40 ic_m4 random_dick_r2 search completed_valid t=0.9s
[     10s] main 30b c40 ic_m4 known_null_dick search completed_valid t=1.0s
[     23s] main 30b c41 ic_m4 subgroup search completed_valid t=1.2s
[     23s] main 30b c41 ic_m4 dickson search completed_valid t=1.1s
[     23s] main 30b c41 ic_m4 small_x search completed_valid t=1.2s
[     23s] main 30b c41 ic_m4 random_sub_r0 search completed_valid t=1.4s
[     23s] main 30b c41 ic_m4 random_sub_r1 search completed_valid t=1.0s
[     23s] main 30b c41 ic_m4 random_sub_r2 search completed_valid t=1.0s
[     23s] main 30b c41 ic_m4 known_null_sub search completed_valid t=1.1s
[     23s] main 30b c41 ic_m4 random_dick_r0 search completed_valid t=1.0s
[     23s] main 30b c41 ic_m4 random_dick_r1 search completed_valid t=1.0s
[     23s] main 30b c41 ic_m4 random_dick_r2 search completed_valid t=1.0s
[     23s] main 30b c41 ic_m4 known_null_dick search completed_valid t=1.3s
[     36s] main 30b c42 ic_m4 subgroup search completed_valid t=1.3s
[     36s] main 30b c42 ic_m4 dickson search completed_valid t=1.1s
[     36s] main 30b c42 ic_m4 small_x search completed_valid t=1.2s
[     36s] main 30b c42 ic_m4 random_sub_r0 search completed_valid t=1.1s
[     36s] main 30b c42 ic_m4 random_sub_r1 search completed_valid t=1.5s
[     36s] main 30b c42 ic_m4 random_sub_r2 search completed_valid t=1.2s
[     36s] main 30b c42 ic_m4 known_null_sub search completed_valid t=1.2s
[     36s] main 30b c42 ic_m4 random_dick_r0 search completed_valid t=1.2s
[     36s] main 30b c42 ic_m4 random_dick_r1 search completed_valid t=1.1s
[     36s] main 30b c42 ic_m4 random_dick_r2 search completed_valid t=1.4s
[     36s] main 30b c42 ic_m4 known_null_dick search completed_valid t=1.1s
[     48s] main 30b c43 ic_m4 subgroup search completed_valid t=1.0s
[     48s] main 30b c43 ic_m4 dickson search completed_valid t=1.0s
[     48s] main 30b c43 ic_m4 small_x search completed_valid t=1.1s
[     48s] main 30b c43 ic_m4 random_sub_r0 search completed_valid t=1.1s
[     48s] main 30b c43 ic_m4 random_sub_r1 search completed_valid t=0.9s
[     48s] main 30b c43 ic_m4 random_sub_r2 search completed_valid t=1.2s
[     48s] main 30b c43 ic_m4 known_null_sub search completed_valid t=1.0s
[     48s] main 30b c43 ic_m4 random_dick_r0 search completed_valid t=1.0s
[     48s] main 30b c43 ic_m4 random_dick_r1 search completed_valid t=1.0s
[     48s] main 30b c43 ic_m4 random_dick_r2 search completed_valid t=0.9s
[     48s] main 30b c43 ic_m4 known_null_dick search completed_valid t=0.9s
[     61s] main 30b c44 ic_m4 subgroup search completed_valid t=1.1s
[     61s] main 30b c44 ic_m4 dickson search completed_valid t=1.3s
[     61s] main 30b c44 ic_m4 small_x search completed_valid t=1.2s
[     61s] main 30b c44 ic_m4 random_sub_r0 search completed_valid t=1.3s
[     61s] main 30b c44 ic_m4 random_sub_r1 search completed_valid t=1.4s
[     61s] main 30b c44 ic_m4 random_sub_r2 search completed_valid t=1.2s
[     61s] main 30b c44 ic_m4 known_null_sub search completed_valid t=1.2s
[     61s] main 30b c44 ic_m4 random_dick_r0 search completed_valid t=1.1s
[     61s] main 30b c44 ic_m4 random_dick_r1 search completed_valid t=1.0s
[     61s] main 30b c44 ic_m4 random_dick_r2 search completed_valid t=1.2s
[     61s] main 30b c44 ic_m4 known_null_dick search completed_valid t=1.3s
[     74s] main 30b c45 ic_m4 subgroup search completed_valid t=1.1s
[     74s] main 30b c45 ic_m4 dickson search completed_valid t=1.1s
[     74s] main 30b c45 ic_m4 small_x search completed_valid t=1.0s
[     74s] main 30b c45 ic_m4 random_sub_r0 search completed_valid t=1.1s
[     74s] main 30b c45 ic_m4 random_sub_r1 search completed_valid t=1.0s
[     74s] main 30b c45 ic_m4 random_sub_r2 search completed_valid t=1.1s
[     74s] main 30b c45 ic_m4 known_null_sub search completed_valid t=1.3s
[     74s] main 30b c45 ic_m4 random_dick_r0 search completed_valid t=1.1s
[     74s] main 30b c45 ic_m4 random_dick_r1 search completed_valid t=1.2s
[     74s] main 30b c45 ic_m4 random_dick_r2 search completed_valid t=1.2s
[     74s] main 30b c45 ic_m4 known_null_dick search completed_valid t=1.2s
[     85s] main 30b c46 ic_m4 subgroup search completed_valid t=1.0s
[     85s] main 30b c46 ic_m4 dickson search completed_valid t=0.8s
[     85s] main 30b c46 ic_m4 small_x search completed_valid t=0.9s
[     85s] main 30b c46 ic_m4 random_sub_r0 search completed_valid t=1.1s
[     85s] main 30b c46 ic_m4 random_sub_r1 search completed_valid t=1.1s
[     85s] main 30b c46 ic_m4 random_sub_r2 search completed_valid t=0.9s
[     85s] main 30b c46 ic_m4 known_null_sub search completed_valid t=0.9s
[     85s] main 30b c46 ic_m4 random_dick_r0 search completed_valid t=1.1s
[     85s] main 30b c46 ic_m4 random_dick_r1 search completed_valid t=1.1s
[     85s] main 30b c46 ic_m4 random_dick_r2 search completed_valid t=1.0s
[     85s] main 30b c46 ic_m4 known_null_dick search completed_valid t=0.9s
[     97s] main 30b c47 ic_m4 subgroup search completed_valid t=1.0s
[     97s] main 30b c47 ic_m4 dickson search completed_valid t=1.1s
[     97s] main 30b c47 ic_m4 small_x search completed_valid t=1.0s
[     97s] main 30b c47 ic_m4 random_sub_r0 search completed_valid t=1.2s
[     97s] main 30b c47 ic_m4 random_sub_r1 search completed_valid t=1.1s
[     97s] main 30b c47 ic_m4 random_sub_r2 search completed_valid t=1.2s
[     97s] main 30b c47 ic_m4 known_null_sub search completed_valid t=1.0s
[     97s] main 30b c47 ic_m4 random_dick_r0 search completed_valid t=0.9s
[     97s] main 30b c47 ic_m4 random_dick_r1 search completed_valid t=1.1s
[     97s] main 30b c47 ic_m4 random_dick_r2 search completed_valid t=1.1s
[     97s] main 30b c47 ic_m4 known_null_dick search completed_valid t=1.2s
[    109s] main 30b c48 ic_m4 subgroup search completed_valid t=1.0s
[    109s] main 30b c48 ic_m4 dickson search completed_valid t=1.1s
[    109s] main 30b c48 ic_m4 small_x search completed_valid t=1.5s
[    109s] main 30b c48 ic_m4 random_sub_r0 search completed_valid t=1.1s
[    109s] main 30b c48 ic_m4 random_sub_r1 search completed_valid t=1.4s
[    109s] main 30b c48 ic_m4 random_sub_r2 search completed_valid t=1.4s
[    109s] main 30b c48 ic_m4 known_null_sub search completed_valid t=1.1s
[    109s] main 30b c48 ic_m4 random_dick_r0 search completed_valid t=1.2s
[    109s] main 30b c48 ic_m4 random_dick_r1 search completed_valid t=0.9s
[    109s] main 30b c48 ic_m4 random_dick_r2 search completed_valid t=1.0s
[    109s] main 30b c48 ic_m4 known_null_dick search completed_valid t=1.0s
[    122s] main 30b c49 ic_m4 subgroup search completed_valid t=1.0s
[    122s] main 30b c49 ic_m4 dickson search completed_valid t=1.3s
[    122s] main 30b c49 ic_m4 small_x search completed_valid t=1.3s
[    122s] main 30b c49 ic_m4 random_sub_r0 search completed_valid t=1.4s
[    122s] main 30b c49 ic_m4 random_sub_r1 search completed_valid t=1.1s
[    122s] main 30b c49 ic_m4 random_sub_r2 search completed_valid t=1.1s
[    122s] main 30b c49 ic_m4 known_null_sub search completed_valid t=1.0s
[    122s] main 30b c49 ic_m4 random_dick_r0 search completed_valid t=1.0s
[    122s] main 30b c49 ic_m4 random_dick_r1 search completed_valid t=1.0s
[    122s] main 30b c49 ic_m4 random_dick_r2 search completed_valid t=1.2s
[    122s] main 30b c49 ic_m4 known_null_dick search completed_valid t=1.0s
