{
  "fixture_pass": true,
  "real_order_pass": true,
  "known_false_k1_pass": true,
  "reject_invalid_pass": true,
  "null_empty_pass": true,
  "REAL": {
    "id": "REAL",
    "N": 7,
    "p": 11,
    "gcd": 1,
    "k": 3,
    "degrees": [
      1,
      3,
      3
    ],
    "must_gcd": 1,
    "must_k": 3,
    "must_degrees": [
      1,
      3,
      3
    ]
  },
  "KF": {
    "id": "KF",
    "N": 7,
    "p": 29,
    "k": 1,
    "must_k": 1,
    "N_divides_p_minus_1": true,
    "rejected": true
  },
  "NULL": {
    "id": "NULL",
    "kind": "empty_pair",
    "rejected": true
  }
}
