# /usr/bin/msolve -v 2 -t 4 -f /home/user/crypto-autoresearcher/experiments/EXP-GFPN-05ff43/runs/RUN-GFPN-4892a8/planted_S4.ms -o /home/user/crypto-autoresearcher/experiments/EXP-GFPN-05ff43/runs/RUN-GFPN-4892a8/planted_S4.ms.out -P 1

Legend for f4 information
--------------------------------------------------------
deg       current degree of pairs selected in this round
sel       number of pairs selected in this round
pairs     total number of pairs in pair list
mat       matrix dimensions (# rows x # columns)
density   density of the matrix
new data  # new elements for basis in this round
          # zero reductions during linear algebra
time(rd)  time of the current f4 round in seconds given
          for real and cpu time
--------------------------------------------------------

deg     sel   pairs        mat          density            new data         time(rd) in sec (real|cpu)
------------------------------------------------------------------------------------------------------
  8       4       4       5 x 495        99.52%        4 new       0 zero         0.07 | 0.14         
  9       4       4      24 x 714        68.73%        4 new       0 zero         0.07 | 0.13         
 10       4       4      63 x 989        56.03%        4 new       0 zero         0.07 | 0.14         
 11       8       8     100 x 1290       48.53%        8 new       0 zero         0.10 | 0.19         
 12      16      16     174 x 1640       45.36%       12 new       4 zero         0.14 | 0.30         
 13      24      24     271 x 2013       44.87%       16 new       8 zero         0.18 | 0.37         
 14      32      32     404 x 2402       44.14%       20 new      12 zero         0.25 | 0.44         
 15      60      60     528 x 2738       42.83%       44 new      16 zero         0.50 | 0.87         
 16     132     132     743 x 3053       45.90%       62 new      70 zero         0.63 | 1.21         
 17     186     186     940 x 3288       49.19%       74 new     112 zero         0.82 | 1.53         
 18     222     222    1114 x 3432       52.10%       80 new     142 zero         0.88 | 1.65         
 19     240     240    1274 x 3494       54.03%       80 new     160 zero         0.93 | 1.72         
 18     320     320    1263 x 3323       55.93%      154 new     166 zero         1.62 | 3.01         
 17     616     616    1597 x 3207       58.86%      216 new     400 zero         2.44 | 4.47         
 16     864     864    1853 x 2999       59.90%      260 new     604 zero         3.02 | 5.39         
 15    1040    1040    2001 x 2711       60.16%      280 new     760 zero         3.11 | 5.88         
 14    1120    1120    2019 x 2369       60.08%      280 new     840 zero         3.02 | 5.70         
 13    1120    1120    1930 x 2000       59.57%      264 new     856 zero         2.84 | 5.31         
 12    1056    1056    1761 x 1631       58.44%      236 new     820 zero         2.35 | 4.46         
 11     944     944    1539 x 1285       56.70%      200 new     744 zero         1.96 | 3.70         
 10     800     800    1285 x 975        54.45%      160 new     640 zero         1.50 | 2.84         
  9     640     640    1020 x 710        51.58%      120 new     520 zero         1.08 | 2.13         
  8     480     480     765 x 495        48.05%       84 new     396 zero         0.89 | 1.54         
  7     336     336     540 x 330        44.13%       56 new     280 zero         0.55 | 1.06         
  6     224     224     364 x 210        39.95%       35 new     189 zero         0.37 | 0.67         
  5     140     140     231 x 126        35.28%       20 new     120 zero         0.20 | 0.38         
  4      80      80     135 x 70         30.25%       10 new      70 zero         0.11 | 0.22         
  3      40      40      70 x 35         25.31%        4 new      36 zero         0.07 | 0.13         
  2      10      10      24 x 15         24.44%        0 new      10 zero         0.03 | 0.06         
------------------------------------------------------------------------------------------------------
reduce final basis        4 x 5          40.00%        4 new       0 zero         0.02 | 0.05         
------------------------------------------------------------------------------------------------------

---------------- TIMINGS ---------------
overall(elapsed)       29.87 sec
overall(cpu)           55.80 sec
select                  0.38 sec   1.3%
symbolic prep.          0.25 sec   0.8%
update                 25.32 sec  84.8%
convert                 0.69 sec   2.3%
linear algebra          3.20 sec  10.7%
reduce gb               0.00 sec   0.0%
-----------------------------------------

---------- COMPUTATIONAL DATA -----------
size of basis                     4
#terms in basis                   8
#pairs reduced                10762
#GM criterion               3885474
#redundant elements            2788
#rows reduced                 21528
#zero reductions               7975
max. matrix data               1853 x 2999 (59.897%)
max. symbolic hash table size  2^13
max. basis hash table size     2^16
-----------------------------------------


#STDERR
bash: line 1: ulimit: virtual memory: cannot modify limit: Operation not permitted

--------------- INPUT DATA ---------------
#variables                       4
#equations                       5
#invalid equations               0
field characteristic          4111
homogeneous input?               0
signature-based computation      0
monomial order                 DRL
basis hash table resetting     OFF
linear algebra option            2
initial hash table size     131072 (2^17)
max pair selection             ALL
reduce gb                        1
#threads                         4
info level                       2
generate pbm files               0
------------------------------------------
Dimension of quotient: 1
[1, 1], Non trivial / Trivial = 100.00%
Density of non-trivial part 100.00%
Time spent to generate sequence (elapsed): 0.01 sec (0.00 Gops/sec)
Time spent to compute eliminating polynomial (elapsed): 0.00 sec
Elimination polynomial has degree 1.
Time for rational param:         29.88 (elapsed) sec / 55.82 sec (cpu)

------------------------------------------------------------------------------------
msolve overall time          29.89 sec (elapsed) / 55.83 sec (cpu)
------------------------------------------------------------------------------------
