Traceback (most recent call last):
  File "/home/user/crypto-autoresearcher/experiments/EXP-GFPN-05ff43/implementation/pdp_cell.py", line 512, in <module>
    main()
  File "/home/user/crypto-autoresearcher/experiments/EXP-GFPN-05ff43/implementation/pdp_cell.py", line 509, in main
    {"validate": cmd_validate, "anchor": cmd_anchor, "build": cmd_build, "cell": cmd_cell, "raw": cmd_raw, "aggregate": cmd_aggregate}[args.cmd](args)
  File "/home/user/crypto-autoresearcher/experiments/EXP-GFPN-05ff43/implementation/pdp_cell.py", line 113, in cmd_validate
    ok, npts, reasons = verify_independent.verify(cert)
                        ^^^^^^^^^^^^^^^^^^^^^^^^^^^^^^^
  File "/home/user/crypto-autoresearcher/experiments/EXP-GFPN-05ff43/implementation/verify_independent.py", line 88, in verify
    if not E.on_curve(G): reasons.append("G not on curve")
           ^^^^^^^^^^^^^
  File "/home/user/crypto-autoresearcher/experiments/EXP-GFPN-05ff43/implementation/verify_independent.py", line 55, in on_curve
    return self.F.mul(P[1], P[1]) == self.f(P[0])
                                     ^^^^^^^^^^^^
  File "/home/user/crypto-autoresearcher/experiments/EXP-GFPN-05ff43/implementation/verify_independent.py", line 52, in f
    return F.add(F.add(F.mul(F.add(F.mul(F.add(x, self.a2), x), self.a4), x), self.a6), F.zero())
                                   ^^^^^^^^^^^^^^^^^^^^^^^^^^^
  File "/home/user/crypto-autoresearcher/experiments/EXP-GFPN-05ff43/implementation/verify_independent.py", line 27, in mul
    if a[i]:
       ~^^^
IndexError: tuple index out of range
