[
  {
    "d": 4,
    "k_prime": 5,
    "N": 100,
    "x_notin_F2_count": 100,
    "pi2_off_curve_failures_among_notin_F2": 100,
    "pi2_on_curve_unexpected_among_notin_F2": 0,
    "expect_failures_eq_notin_F2": true,
    "anomalous": null,
    "seed": 20260926
  },
  {
    "d": 4,
    "k_prime": 7,
    "N": 100,
    "x_notin_F2_count": 100,
    "pi2_off_curve_failures_among_notin_F2": 100,
    "pi2_on_curve_unexpected_among_notin_F2": 0,
    "expect_failures_eq_notin_F2": true,
    "anomalous": null,
    "seed": 20260926
  }
]
