{
  "fixture_pass": true,
  "real_count_pass": true,
  "known_false_nonblock_pass": true,
  "reject_invalid_pass": true,
  "null_empty_pass": true,
  "REAL": {
    "id": "REAL",
    "v": {
      "1": 0,
      "6": 0,
      "2": 1,
      "5": 1,
      "3": 2,
      "4": 2
    },
    "invariant": true,
    "propagate": true,
    "iff": true,
    "per_gamma": [
      {
        "gamma": 1,
        "invariant": true,
        "propagate": true,
        "iff": true
      },
      {
        "gamma": 6,
        "invariant": true,
        "propagate": true,
        "iff": true
      }
    ]
  },
  "KF": {
    "id": "KF",
    "nonblock": true,
    "v": {
      "1": 0,
      "2": 1,
      "3": 1,
      "4": 1,
      "5": 1,
      "6": 1
    },
    "invariant": false,
    "propagate": false,
    "iff": true,
    "per_gamma": [
      {
        "gamma": 1,
        "invariant": true,
        "propagate": true,
        "iff": true
      },
      {
        "gamma": 6,
        "invariant": false,
        "propagate": false,
        "iff": true
      }
    ]
  },
  "NULL": {
    "id": "NULL",
    "kind": "empty_domain",
    "rejected": true
  }
}
