[cell] N=2^30 a=1/2 seed=2 T=1024 W=724.0773 cap=5793 U_max=16384
[params] {"n_bits": 30, "N": 1073741824, "T": 1024, "a": 0.5, "W": 724.0773439350247, "theta": 0.0013810679320049755, "cap": 5793, "k": 4, "U_max": 16384, "R_default": 1024, "walk_key_K": 10905525725756348110, "dp_key": 17430242318903372552, "dp_threshold": 25476206690103088, "bits_per_table_entry": 60, "bits_per_pool_entry": 108, "restart_scalar_mult_group_ops": 45.0, "seeds": {"walk_key_seed": 2, "precomputation_restart_stream": 2, "target_seed": 102, "phi_bernoulli_stream": 202, "null_a_relabelling_stream": 302, "tiebreak_permutation_stream": 402}}
[pools] {"2": {"distinct_dps": 2048, "walks": 3034, "P_group_ops": 2224980, "capped_walks": 2, "P_over_sqrt_NT": 2.121906280517578}, "4": {"distinct_dps": 4096, "walks": 8146, "P_group_ops": 5979555, "capped_walks": 4, "P_over_sqrt_NT": 5.702548027038574}, "8": {"distinct_dps": 8192, "walks": 24568, "P_group_ops": 17965150, "capped_walks": 17, "P_over_sqrt_NT": 17.132902145385742}} (0.7s)
[walks] {"count": 65536, "capped_fraction_all_walks": 0.000823974609375, "mean_length_all_walks": 731.30908203125, "mean_length_over_W": 1.0099875215773555, "walk_seconds": 0.613349437713623} walker_vs_basins=None
[fixture] {"trials": 40000, "total_steps": 29369651, "successes": 17181, "hit_rate": 0.429525, "scaled_main_cost": 1.6693614926190268, "scaled_precomputation": 2.121906280517578, "mean_steps_over_W": 1.0140370792569464, "capped_fraction": 0.00065, "published_reference": {"scaled_main_cost": 1.62, "tolerance": 0.16}, "note": "per-seed values; the G2 gate is evaluated on the 5-seed pooled value in the analysis run"}
[arm] STATIC(T/4): solved=10270/16384 eps_ss(8T)=0.6499 eps_ss(16T)=0.6221 p_last=0.2149 S_peak=221184 ops_resel=11712 (0.0s)
[arm] STATIC(T/2): solved=12414/16384 eps_ss(8T)=0.7646 eps_ss(16T)=0.7505 p_last=0.2976 S_peak=221184 ops_resel=18897 (0.0s)
[arm] STATIC(3T/4): solved=14056/16384 eps_ss(8T)=0.8628 eps_ss(16T)=0.8496 p_last=0.3833 S_peak=221184 ops_resel=26219 (0.0s)
[arm] STATIC(T): solved=14583/16384 eps_ss(8T)=0.8936 eps_ss(16T)=0.8867 p_last=0.4242 S_peak=221184 ops_resel=31280 (0.0s)
[arm] STATIC2T: solved=15211/16384 eps_ss(8T)=0.9292 eps_ss(16T)=0.9219 p_last=0.4799 S_peak=221184 ops_resel=0 (0.0s)
[arm] RHO: solved=54/16384 eps_ss(8T)=0.0015 eps_ss(16T)=0.0024 p_last=0.0002 S_peak=0 ops_resel=0 (0.0s)
[arm] RESEL-L(T/4): solved=10936/16384 eps_ss(8T)=0.6855 eps_ss(16T)=0.6709 p_last=0.2451 S_peak=774036 ops_resel=254058 (0.1s)
[arm] RESEL-L(T/2): solved=13502/16384 eps_ss(8T)=0.8306 eps_ss(16T)=0.8281 p_last=0.3627 S_peak=853632 ops_resel=417476 (0.1s)
[arm] RESEL-L(3T/4): solved=14646/16384 eps_ss(8T)=0.8975 eps_ss(16T)=0.9004 p_last=0.4480 S_peak=885708 ops_resel=569728 (0.2s)
[arm] RESEL-L(T): solved=15218/16384 eps_ss(8T)=0.9292 eps_ss(16T)=0.9341 p_last=0.5064 S_peak=897480 ops_resel=716875 (0.2s)
[arm] RESEL-U(T): solved=15250/16384 eps_ss(8T)=0.9292 eps_ss(16T)=0.9375 p_last=0.5117 S_peak=1067688 ops_resel=754044 (0.2s)
[arm] RESEL-U(T/2): solved=13618/16384 eps_ss(8T)=0.8359 eps_ss(16T)=0.8345 p_last=0.3652 S_peak=1182060 ops_resel=467579 (0.2s)
[arm] NULL-A(T): solved=13010/16384 eps_ss(8T)=0.7910 eps_ss(16T)=0.7744 p_last=0.3042 S_peak=844560 ops_resel=665799 (0.2s)
[arm] NULL-A(T/2): solved=10576/16384 eps_ss(8T)=0.6543 eps_ss(16T)=0.6118 p_last=0.2168 S_peak=766584 ops_resel=438842 (0.2s)
[arm] NULL-B(T): solved=14583/16384 eps_ss(8T)=0.8936 eps_ss(16T)=0.8867 p_last=0.4242 S_peak=884412 ops_resel=31280 (0.1s)
[arm] NULL-B(T/2): solved=12414/16384 eps_ss(8T)=0.7646 eps_ss(16T)=0.7505 p_last=0.2976 S_peak=821448 ops_resel=18897 (0.1s)
[arm] PHI(0.0,T/2): solved=12414/16384 eps_ss(8T)=0.7646 eps_ss(16T)=0.7505 p_last=0.2976 S_peak=221184 ops_resel=321249 (0.1s)
[arm] PHI(0.1,T/2): solved=12855/16384 eps_ss(8T)=0.7939 eps_ss(16T)=0.7944 p_last=0.3277 S_peak=312984 ops_resel=341265 (0.1s)
[arm] PHI(0.25,T/2): solved=13048/16384 eps_ss(8T)=0.7998 eps_ss(16T)=0.8052 p_last=0.3431 S_peak=437400 ops_resel=361137 (0.1s)
[arm] PHI(0.5,T/2): solved=13355/16384 eps_ss(8T)=0.8223 eps_ss(16T)=0.8242 p_last=0.3606 S_peak=598104 ops_resel=383251 (0.1s)
[arm] PHI(1.0,T/2): solved=13502/16384 eps_ss(8T)=0.8306 eps_ss(16T)=0.8281 p_last=0.3627 S_peak=853632 ops_resel=417476 (0.1s)
[arm] RSWEEP-STATIC(r=4,T): solved=15128/16384 eps_ss(8T)=0.9253 eps_ss(16T)=0.9219 p_last=0.4762 S_peak=442368 ops_resel=40762 (0.0s)
[arm] RSWEEP-RESEL-L(r=4,T): solved=15307/16384 eps_ss(8T)=0.9326 eps_ss(16T)=0.9395 p_last=0.5118 S_peak=994248 ops_resel=771391 (0.2s)
[arm] RSWEEP-STATIC(r=4,T/2): solved=13417/16384 eps_ss(8T)=0.8252 eps_ss(16T)=0.8066 p_last=0.3457 S_peak=442368 ops_resel=23787 (0.0s)
[arm] RSWEEP-RESEL-L(r=4,T/2): solved=13699/16384 eps_ss(8T)=0.8408 eps_ss(16T)=0.8374 p_last=0.3727 S_peak=959472 ops_resel=454929 (0.1s)
[arm] RSWEEP-STATIC(r=8,T): solved=15393/16384 eps_ss(8T)=0.9414 eps_ss(16T)=0.9370 p_last=0.5095 S_peak=884736 ops_resel=47925 (0.1s)
[arm] RSWEEP-RESEL-L(r=8,T): solved=15418/16384 eps_ss(8T)=0.9409 eps_ss(16T)=0.9385 p_last=0.5166 S_peak=1282500 ops_resel=850670 (0.2s)
[arm] RSWEEP-STATIC(r=8,T/2): solved=13732/16384 eps_ss(8T)=0.8481 eps_ss(16T)=0.8296 p_last=0.3643 S_peak=884736 ops_resel=28978 (0.0s)
[arm] RSWEEP-RESEL-L(r=8,T/2): solved=13755/16384 eps_ss(8T)=0.8462 eps_ss(16T)=0.8354 p_last=0.3703 S_peak=1256472 ops_resel=524187 (0.2s)
[arm] CAP(4T,T): solved=15218/16384 eps_ss(8T)=0.9292 eps_ss(16T)=0.9341 p_last=0.5064 S_peak=491400 ops_resel=635650 (0.2s)
[arm] CAP(4T,T/2): solved=13502/16384 eps_ss(8T)=0.8306 eps_ss(16T)=0.8281 p_last=0.3627 S_peak=489024 ops_resel=375125 (0.2s)
[arm] CAP(2T,T): solved=15220/16384 eps_ss(8T)=0.9307 eps_ss(16T)=0.9326 p_last=0.5045 S_peak=291060 ops_resel=491481 (0.2s)
[arm] CAP(2T,T/2): solved=13513/16384 eps_ss(8T)=0.8315 eps_ss(16T)=0.8296 p_last=0.3638 S_peak=283176 ops_resel=305564 (0.2s)
[checks] {"round0_identity": {"RESEL-L(T/4)": true, "RESEL-L(T/2)": true, "RESEL-L(3T/4)": true, "RESEL-L(T)": true, "RESEL-U(T)": true, "RESEL-U(T/2)": true, "NULL-A(T)": true, "NULL-A(T/2)": true, "NULL-B(T)": true, "NULL-B(T/2)": true, "PHI(0.0,T/2)": true, "PHI(0.1,T/2)": true, "PHI(0.25,T/2)": true, "PHI(0.5,T/2)": true, "PHI(1.0,T/2)": true, "RSWEEP-RESEL-L(r=4,T)": true, "RSWEEP-RESEL-L(r=4,T/2)": true, "RSWEEP-RESEL-L(r=8,T)": true, "RSWEEP-RESEL-L(r=8,T/2)": true, "CAP(4T,T)": true, "CAP(4T,T/2)": true, "CAP(2T,T)": true, "CAP(2T,T/2)": true}, "bit_identity_all_rounds": {"NULL-B(T)": true, "NULL-B(T/2)": true, "PHI(0.0,T/2)": true}, "exceedance": {"RESEL-L(T/4)": {"max_sampled_hit_rate": 0.2573502722323049, "exceeds_0.42": false}, "RESEL-L(T/2)": {"max_sampled_hit_rate": 0.3739660426643448, "exceeds_0.42": false}, "RESEL-L(3T/4)": {"max_sampled_hit_rate": 0.45445689235265463, "exceeds_0.42": true}, "RESEL-L(T)": {"max_sampled_hit_rate": 0.5229357798165137, "exceeds_0.42": true}, "RESEL-U(T)": {"max_sampled_hit_rate": 0.5210129310344828, "exceeds_0.42": true}, "RESEL-U(T/2)": {"max_sampled_hit_rate": 0.3800174520069808, "exceeds_0.42": false}, "NULL-A(T)": {"max_sampled_hit_rate": 0.41393631748961696, "exceeds_0.42": false}, "NULL-A(T/2)": {"max_sampled_hit_rate": 0.2958557175748273, "exceeds_0.42": false}, "PHI(0.0,T/2)": {"max_sampled_hit_rate": 0.3104791585508376, "exceeds_0.42": false}, "PHI(0.1,T/2)": {"max_sampled_hit_rate": 0.33727569331158236, "exceeds_0.42": false}, "PHI(0.25,T/2)": {"max_sampled_hit_rate": 0.35529608006672225, "exceeds_0.42": false}, "PHI(0.5,T/2)": {"max_sampled_hit_rate": 0.3615676359039191, "exceeds_0.42": false}, "PHI(1.0,T/2)": {"max_sampled_hit_rate": 0.3739660426643448, "exceeds_0.42": false}, "RSWEEP-RESEL-L(r=4,T)": {"max_sampled_hit_rate": 0.5177419354838709, "exceeds_0.42": true}, "RSWEEP-RESEL-L(r=4,T/2)": {"max_sampled_hit_rate": 0.3749454386730685, "exceeds_0.42": false}, "RSWEEP-RESEL-L(r=8,T)": {"max_sampled_hit_rate": 0.5241454150841021, "exceeds_0.42": true}, "RSWEEP-RESEL-L(r=8,T/2)": {"max_sampled_hit_rate": 0.3832752613240418, "exceeds_0.42": false}, "CAP(4T,T)": {"max_sampled_hit_rate": 0.5229357798165137, "exceeds_0.42": true}, "CAP(4T,T/2)": {"max_sampled_hit_rate": 0.3739660426643448, "exceeds_0.42": false}, "CAP(2T,T)": {"max_sampled_hit_rate": 0.5185384202041913, "exceeds_0.42": true}, "CAP(2T,T/2)": {"max_sampled_hit_rate": 0.3735881841876629, "exceeds_0.42": false}}, "phi1_equals_resel_l_T/2": true}
[done] 7.3s
