
Legend for f4 information
--------------------------------------------------------
deg       current degree of pairs selected in this round
sel       number of pairs selected in this round
pairs     total number of pairs in pair list
mat       matrix dimensions (# rows x # columns)
density   density of the matrix
new data  # new elements for basis in this round
          # zero reductions during linear algebra
time(rd)  time of the current f4 round in seconds given
          for real and cpu time
--------------------------------------------------------

deg     sel   pairs        mat          density            new data         time(rd) in sec (real|cpu)
------------------------------------------------------------------------------------------------------
  2      13     218      17 x 144        51.80%       13 new       0 zero         0.00 | 0.00         
  2       2     353      27 x 152        14.86%        1 new       1 zero         0.00 | 0.00         
  3     169     369     828 x 1959        0.96%      153 new      16 zero         0.02 | 0.02         
  3     184    1176     839 x 1720        2.87%      180 new       4 zero         0.04 | 0.04         
  4    3453    3759   18890 x 40686       0.29%     1602 new    1851 zero         4.22 | 4.15         
  4    5197   20604   55999 x 100770      0.19%     1979 new    3218 zero        17.87 | 17.82        
  4    4611   53531   57472 x 97211       0.43%     2296 new    2495 zero        37.19 | 37.18        
  3    2926   30596    7324 x 7845        1.34%       51 new    2935 zero         0.77 | 0.77         
  4   10796   22760   74541 x 83497       0.58%     3199 new    7933 zero        80.53 | 80.51        
  4    6033   90647   50182 x 59957       0.96%     2305 new    3734 zero        83.77 | 83.76        
  2      24  103782      98 x 216        15.28%        0 new      24 zero         0.05 | 0.05         
  3     844  103758    5367 x 7514        2.09%      149 new     712 zero         4.86 | 4.86         
  4   18969   87650   73671 x 62964       1.08%     3715 new   15958 zero