[      0s] main 30b c1810 ic_m4 subgroup table completed_valid t=0.0s
[      0s] main 30b c1810 ic_m4 dickson table completed_valid t=0.0s
[      0s] main 30b c1810 ic_m4 small_x table completed_valid t=0.0s
[      0s] main 30b c1810 ic_m4 random_sub_r0 table completed_valid t=0.0s
[      0s] main 30b c1810 ic_m4 random_sub_r1 table completed_valid t=0.0s
[      0s] main 30b c1810 ic_m4 random_sub_r2 table completed_valid t=0.0s
[      0s] main 30b c1810 ic_m4 known_null_sub table completed_valid t=0.0s
[      0s] main 30b c1810 ic_m4 random_dick_r0 table completed_valid t=0.0s
[      0s] main 30b c1810 ic_m4 random_dick_r1 table completed_valid t=0.0s
[      0s] main 30b c1810 ic_m4 random_dick_r2 table completed_valid t=0.0s
[      0s] main 30b c1810 ic_m4 known_null_dick table completed_valid t=0.0s
[      1s] main 30b c1811 ic_m4 subgroup table completed_valid t=0.0s
[      1s] main 30b c1811 ic_m4 dickson table completed_valid t=0.0s
[      1s] main 30b c1811 ic_m4 small_x table completed_valid t=0.0s
[      1s] main 30b c1811 ic_m4 random_sub_r0 table completed_valid t=0.0s
[      1s] main 30b c1811 ic_m4 random_sub_r1 table completed_valid t=0.0s
[      1s] main 30b c1811 ic_m4 random_sub_r2 table completed_valid t=0.0s
[      1s] main 30b c1811 ic_m4 known_null_sub table completed_valid t=0.0s
[      1s] main 30b c1811 ic_m4 random_dick_r0 table completed_valid t=0.0s
[      1s] main 30b c1811 ic_m4 random_dick_r1 table completed_valid t=0.0s
[      1s] main 30b c1811 ic_m4 random_dick_r2 table completed_valid t=0.0s
[      1s] main 30b c1811 ic_m4 known_null_dick table completed_valid t=0.0s
[      1s] main 30b c1812 ic_m4 subgroup table completed_valid t=0.0s
[      1s] main 30b c1812 ic_m4 dickson table completed_valid t=0.0s
[      1s] main 30b c1812 ic_m4 small_x table completed_valid t=0.0s
[      1s] main 30b c1812 ic_m4 random_sub_r0 table completed_valid t=0.0s
[      1s] main 30b c1812 ic_m4 random_sub_r1 table completed_valid t=0.0s
[      1s] main 30b c1812 ic_m4 random_sub_r2 table completed_valid t=0.0s
[      1s] main 30b c1812 ic_m4 known_null_sub table completed_valid t=0.0s
[      1s] main 30b c1812 ic_m4 random_dick_r0 table completed_valid t=0.0s
[      1s] main 30b c1812 ic_m4 random_dick_r1 table completed_valid t=0.0s
[      1s] main 30b c1812 ic_m4 random_dick_r2 table completed_valid t=0.0s
[      1s] main 30b c1812 ic_m4 known_null_dick table completed_valid t=0.0s
[      1s] main 30b c1813 ic_m4 subgroup table completed_valid t=0.0s
[      1s] main 30b c1813 ic_m4 dickson table completed_valid t=0.0s
[      1s] main 30b c1813 ic_m4 small_x table completed_valid t=0.0s
[      1s] main 30b c1813 ic_m4 random_sub_r0 table completed_valid t=0.0s
[      1s] main 30b c1813 ic_m4 random_sub_r1 table completed_valid t=0.0s
[      1s] main 30b c1813 ic_m4 random_sub_r2 table completed_valid t=0.0s
[      1s] main 30b c1813 ic_m4 known_null_sub table completed_valid t=0.0s
[      1s] main 30b c1813 ic_m4 random_dick_r0 table completed_valid t=0.0s
[      1s] main 30b c1813 ic_m4 random_dick_r1 table completed_valid t=0.0s
[      1s] main 30b c1813 ic_m4 random_dick_r2 table completed_valid t=0.0s
[      1s] main 30b c1813 ic_m4 known_null_dick table completed_valid t=0.0s
[      2s] main 30b c1814 ic_m4 subgroup table completed_valid t=0.0s
[      2s] main 30b c1814 ic_m4 dickson table completed_valid t=0.0s
[      2s] main 30b c1814 ic_m4 small_x table completed_valid t=0.0s
[      2s] main 30b c1814 ic_m4 random_sub_r0 table completed_valid t=0.0s
[      2s] main 30b c1814 ic_m4 random_sub_r1 table completed_valid t=0.0s
[      2s] main 30b c1814 ic_m4 random_sub_r2 table completed_valid t=0.0s
[      2s] main 30b c1814 ic_m4 known_null_sub table completed_valid t=0.0s
[      2s] main 30b c1814 ic_m4 random_dick_r0 table completed_valid t=0.0s
[      2s] main 30b c1814 ic_m4 random_dick_r1 table completed_valid t=0.0s
[      2s] main 30b c1814 ic_m4 random_dick_r2 table completed_valid t=0.0s
[      2s] main 30b c1814 ic_m4 known_null_dick table completed_valid t=0.0s
[      2s] main 30b c1815 ic_m4 subgroup table completed_valid t=0.0s
[      2s] main 30b c1815 ic_m4 dickson table completed_valid t=0.0s
[      2s] main 30b c1815 ic_m4 small_x table completed_valid t=0.0s
[      2s] main 30b c1815 ic_m4 random_sub_r0 table completed_valid t=0.0s
[      2s] main 30b c1815 ic_m4 random_sub_r1 table completed_valid t=0.0s
[      2s] main 30b c1815 ic_m4 random_sub_r2 table completed_valid t=0.0s
[      2s] main 30b c1815 ic_m4 known_null_sub table completed_valid t=0.0s
[      2s] main 30b c1815 ic_m4 random_dick_r0 table completed_valid t=0.0s
[      2s] main 30b c1815 ic_m4 random_dick_r1 table completed_valid t=0.0s
[      2s] main 30b c1815 ic_m4 random_dick_r2 table completed_valid t=0.0s
[      2s] main 30b c1815 ic_m4 known_null_dick table completed_valid t=0.0s
[      2s] main 30b c1816 ic_m4 subgroup table completed_valid t=0.0s
[      2s] main 30b c1816 ic_m4 dickson table completed_valid t=0.0s
[      2s] main 30b c1816 ic_m4 small_x table completed_valid t=0.0s
[      2s] main 30b c1816 ic_m4 random_sub_r0 table completed_valid t=0.0s
[      2s] main 30b c1816 ic_m4 random_sub_r1 table completed_valid t=0.0s
[      2s] main 30b c1816 ic_m4 random_sub_r2 table completed_valid t=0.0s
[      2s] main 30b c1816 ic_m4 known_null_sub table completed_valid t=0.0s
[      2s] main 30b c1816 ic_m4 random_dick_r0 table completed_valid t=0.0s
[      2s] main 30b c1816 ic_m4 random_dick_r1 table completed_valid t=0.0s
[      2s] main 30b c1816 ic_m4 random_dick_r2 table completed_valid t=0.0s
[      2s] main 30b c1816 ic_m4 known_null_dick table completed_valid t=0.0s
[      3s] main 30b c1817 ic_m4 subgroup table completed_valid t=0.0s
[      3s] main 30b c1817 ic_m4 dickson table completed_valid t=0.0s
[      3s] main 30b c1817 ic_m4 small_x table completed_valid t=0.0s
[      3s] main 30b c1817 ic_m4 random_sub_r0 table completed_valid t=0.0s
[      3s] main 30b c1817 ic_m4 random_sub_r1 table completed_valid t=0.0s
[      3s] main 30b c1817 ic_m4 random_sub_r2 table completed_valid t=0.0s
[      3s] main 30b c1817 ic_m4 known_null_sub table completed_valid t=0.0s
[      3s] main 30b c1817 ic_m4 random_dick_r0 table completed_valid t=0.0s
[      3s] main 30b c1817 ic_m4 random_dick_r1 table completed_valid t=0.0s
[      3s] main 30b c1817 ic_m4 random_dick_r2 table completed_valid t=0.0s
[      3s] main 30b c1817 ic_m4 known_null_dick table completed_valid t=0.0s
[      3s] main 30b c1818 ic_m4 subgroup table completed_valid t=0.0s
[      3s] main 30b c1818 ic_m4 dickson table completed_valid t=0.0s
[      3s] main 30b c1818 ic_m4 small_x table completed_valid t=0.0s
[      3s] main 30b c1818 ic_m4 random_sub_r0 table completed_valid t=0.0s
[      3s] main 30b c1818 ic_m4 random_sub_r1 table completed_valid t=0.0s
[      3s] main 30b c1818 ic_m4 random_sub_r2 table completed_valid t=0.0s
[      3s] main 30b c1818 ic_m4 known_null_sub table completed_valid t=0.0s
[      3s] main 30b c1818 ic_m4 random_dick_r0 table completed_valid t=0.0s
[      3s] main 30b c1818 ic_m4 random_dick_r1 table completed_valid t=0.0s
[      3s] main 30b c1818 ic_m4 random_dick_r2 table completed_valid t=0.0s
[      3s] main 30b c1818 ic_m4 known_null_dick table completed_valid t=0.0s
[      3s] main 30b c1819 ic_m4 subgroup table completed_valid t=0.0s
[      3s] main 30b c1819 ic_m4 dickson table completed_valid t=0.0s
[      3s] main 30b c1819 ic_m4 small_x table completed_valid t=0.0s
[      3s] main 30b c1819 ic_m4 random_sub_r0 table completed_valid t=0.0s
[      3s] main 30b c1819 ic_m4 random_sub_r1 table completed_valid t=0.0s
[      3s] main 30b c1819 ic_m4 random_sub_r2 table completed_valid t=0.0s
[      3s] main 30b c1819 ic_m4 known_null_sub table completed_valid t=0.0s
[      3s] main 30b c1819 ic_m4 random_dick_r0 table completed_valid t=0.0s
[      3s] main 30b c1819 ic_m4 random_dick_r1 table completed_valid t=0.0s
[      3s] main 30b c1819 ic_m4 random_dick_r2 table completed_valid t=0.0s
[      3s] main 30b c1819 ic_m4 known_null_dick table completed_valid t=0.0s
[      4s] main 30b c1820 ic_m4 subgroup table completed_valid t=0.0s
[      4s] main 30b c1820 ic_m4 dickson table completed_valid t=0.0s
[      4s] main 30b c1820 ic_m4 small_x table completed_valid t=0.0s
[      4s] main 30b c1820 ic_m4 random_sub_r0 table completed_valid t=0.0s
[      4s] main 30b c1820 ic_m4 random_sub_r1 table completed_valid t=0.0s
[      4s] main 30b c1820 ic_m4 random_sub_r2 table completed_valid t=0.0s
[      4s] main 30b c1820 ic_m4 known_null_sub table completed_valid t=0.0s
[      4s] main 30b c1820 ic_m4 random_dick_r0 table completed_valid t=0.0s
[      4s] main 30b c1820 ic_m4 random_dick_r1 table completed_valid t=0.0s
[      4s] main 30b c1820 ic_m4 random_dick_r2 table completed_valid t=0.0s
[      4s] main 30b c1820 ic_m4 known_null_dick table completed_valid t=0.0s
[      4s] main 30b c1821 ic_m4 subgroup table completed_valid t=0.0s
[      4s] main 30b c1821 ic_m4 dickson table completed_valid t=0.0s
[      4s] main 30b c1821 ic_m4 small_x table completed_valid t=0.0s
[      4s] main 30b c1821 ic_m4 random_sub_r0 table completed_valid t=0.0s
[      4s] main 30b c1821 ic_m4 random_sub_r1 table completed_valid t=0.0s
[      4s] main 30b c1821 ic_m4 random_sub_r2 table completed_valid t=0.0s
[      4s] main 30b c1821 ic_m4 known_null_sub table completed_valid t=0.0s
[      4s] main 30b c1821 ic_m4 random_dick_r0 table completed_valid t=0.0s
[      4s] main 30b c1821 ic_m4 random_dick_r1 table completed_valid t=0.0s
[      4s] main 30b c1821 ic_m4 random_dick_r2 table completed_valid t=0.0s
[      4s] main 30b c1821 ic_m4 known_null_dick table completed_valid t=0.0s
[      5s] main 30b c1822 ic_m4 subgroup table completed_valid t=0.0s
[      5s] main 30b c1822 ic_m4 dickson table completed_valid t=0.0s
[      5s] main 30b c1822 ic_m4 small_x table completed_valid t=0.0s
[      5s] main 30b c1822 ic_m4 random_sub_r0 table completed_valid t=0.0s
[      5s] main 30b c1822 ic_m4 random_sub_r1 table completed_valid t=0.0s
[      5s] main 30b c1822 ic_m4 random_sub_r2 table completed_valid t=0.0s
[      5s] main 30b c1822 ic_m4 known_null_sub table completed_valid t=0.0s
[      5s] main 30b c1822 ic_m4 random_dick_r0 table completed_valid t=0.0s
[      5s] main 30b c1822 ic_m4 random_dick_r1 table completed_valid t=0.0s
[      5s] main 30b c1822 ic_m4 random_dick_r2 table completed_valid t=0.0s
[      5s] main 30b c1822 ic_m4 known_null_dick table completed_valid t=0.0s
[      5s] main 30b c1823 ic_m4 subgroup table completed_valid t=0.0s
[      5s] main 30b c1823 ic_m4 dickson table completed_valid t=0.0s
[      5s] main 30b c1823 ic_m4 small_x table completed_valid t=0.0s
[      5s] main 30b c1823 ic_m4 random_sub_r0 table completed_valid t=0.0s
[      5s] main 30b c1823 ic_m4 random_sub_r1 table completed_valid t=0.0s
[      5s] main 30b c1823 ic_m4 random_sub_r2 table completed_valid t=0.0s
[      5s] main 30b c1823 ic_m4 known_null_sub table completed_valid t=0.0s
[      5s] main 30b c1823 ic_m4 random_dick_r0 table completed_valid t=0.0s
[      5s] main 30b c1823 ic_m4 random_dick_r1 table completed_valid t=0.0s
[      5s] main 30b c1823 ic_m4 random_dick_r2 table completed_valid t=0.0s
[      5s] main 30b c1823 ic_m4 known_null_dick table completed_valid t=0.0s
[      5s] main 30b c1824 ic_m4 subgroup table completed_valid t=0.0s
[      5s] main 30b c1824 ic_m4 dickson table completed_valid t=0.0s
[      5s] main 30b c1824 ic_m4 small_x table completed_valid t=0.0s
[      5s] main 30b c1824 ic_m4 random_sub_r0 table completed_valid t=0.0s
[      5s] main 30b c1824 ic_m4 random_sub_r1 table completed_valid t=0.0s
[      5s] main 30b c1824 ic_m4 random_sub_r2 table completed_valid t=0.0s
[      5s] main 30b c1824 ic_m4 known_null_sub table completed_valid t=0.0s
[      5s] main 30b c1824 ic_m4 random_dick_r0 table completed_valid t=0.0s
[      5s] main 30b c1824 ic_m4 random_dick_r1 table completed_valid t=0.0s
[      5s] main 30b c1824 ic_m4 random_dick_r2 table completed_valid t=0.0s
[      5s] main 30b c1824 ic_m4 known_null_dick table completed_valid t=0.0s
[      6s] main 30b c1825 ic_m4 subgroup table completed_valid t=0.0s
[      6s] main 30b c1825 ic_m4 dickson table completed_valid t=0.0s
[      6s] main 30b c1825 ic_m4 small_x table completed_valid t=0.0s
[      6s] main 30b c1825 ic_m4 random_sub_r0 table completed_valid t=0.0s
[      6s] main 30b c1825 ic_m4 random_sub_r1 table completed_valid t=0.0s
[      6s] main 30b c1825 ic_m4 random_sub_r2 table completed_valid t=0.0s
[      6s] main 30b c1825 ic_m4 known_null_sub table completed_valid t=0.0s
[      6s] main 30b c1825 ic_m4 random_dick_r0 table completed_valid t=0.0s
[      6s] main 30b c1825 ic_m4 random_dick_r1 table completed_valid t=0.0s
[      6s] main 30b c1825 ic_m4 random_dick_r2 table completed_valid t=0.0s
[      6s] main 30b c1825 ic_m4 known_null_dick table completed_valid t=0.0s
[      6s] main 30b c1826 ic_m4 subgroup table completed_valid t=0.0s
[      6s] main 30b c1826 ic_m4 dickson table completed_valid t=0.0s
[      6s] main 30b c1826 ic_m4 small_x table completed_valid t=0.0s
[      6s] main 30b c1826 ic_m4 random_sub_r0 table completed_valid t=0.0s
[      6s] main 30b c1826 ic_m4 random_sub_r1 table completed_valid t=0.0s
[      6s] main 30b c1826 ic_m4 random_sub_r2 table completed_valid t=0.0s
[      6s] main 30b c1826 ic_m4 known_null_sub table completed_valid t=0.0s
[      6s] main 30b c1826 ic_m4 random_dick_r0 table completed_valid t=0.0s
[      6s] main 30b c1826 ic_m4 random_dick_r1 table completed_valid t=0.0s
[      6s] main 30b c1826 ic_m4 random_dick_r2 table completed_valid t=0.0s
[      6s] main 30b c1826 ic_m4 known_null_dick table completed_valid t=0.0s
[      6s] main 30b c1827 ic_m4 subgroup table completed_valid t=0.0s
[      6s] main 30b c1827 ic_m4 dickson table completed_valid t=0.0s
[      6s] main 30b c1827 ic_m4 small_x table completed_valid t=0.0s
[      6s] main 30b c1827 ic_m4 random_sub_r0 table completed_valid t=0.0s
[      6s] main 30b c1827 ic_m4 random_sub_r1 table completed_valid t=0.0s
[      6s] main 30b c1827 ic_m4 random_sub_r2 table completed_valid t=0.0s
[      6s] main 30b c1827 ic_m4 known_null_sub table completed_valid t=0.0s
[      6s] main 30b c1827 ic_m4 random_dick_r0 table completed_valid t=0.0s
[      6s] main 30b c1827 ic_m4 random_dick_r1 table completed_valid t=0.0s
[      6s] main 30b c1827 ic_m4 random_dick_r2 table completed_valid t=0.0s
[      6s] main 30b c1827 ic_m4 known_null_dick table completed_valid t=0.0s
[      7s] main 30b c1828 ic_m4 subgroup table completed_valid t=0.0s
[      7s] main 30b c1828 ic_m4 dickson table completed_valid t=0.0s
[      7s] main 30b c1828 ic_m4 small_x table completed_valid t=0.0s
[      7s] main 30b c1828 ic_m4 random_sub_r0 table completed_valid t=0.0s
[      7s] main 30b c1828 ic_m4 random_sub_r1 table completed_valid t=0.0s
[      7s] main 30b c1828 ic_m4 random_sub_r2 table completed_valid t=0.0s
[      7s] main 30b c1828 ic_m4 known_null_sub table completed_valid t=0.0s
[      7s] main 30b c1828 ic_m4 random_dick_r0 table completed_valid t=0.0s
[      7s] main 30b c1828 ic_m4 random_dick_r1 table completed_valid t=0.0s
[      7s] main 30b c1828 ic_m4 random_dick_r2 table completed_valid t=0.0s
[      7s] main 30b c1828 ic_m4 known_null_dick table completed_valid t=0.0s
[      7s] main 30b c1829 ic_m4 subgroup table completed_valid t=0.0s
[      7s] main 30b c1829 ic_m4 dickson table completed_valid t=0.0s
[      7s] main 30b c1829 ic_m4 small_x table completed_valid t=0.0s
[      7s] main 30b c1829 ic_m4 random_sub_r0 table completed_valid t=0.0s
[      7s] main 30b c1829 ic_m4 random_sub_r1 table completed_valid t=0.0s
[      7s] main 30b c1829 ic_m4 random_sub_r2 table completed_valid t=0.0s
[      7s] main 30b c1829 ic_m4 known_null_sub table completed_valid t=0.0s
[      7s] main 30b c1829 ic_m4 random_dick_r0 table completed_valid t=0.0s
[      7s] main 30b c1829 ic_m4 random_dick_r1 table completed_valid t=0.0s
[      7s] main 30b c1829 ic_m4 random_dick_r2 table completed_valid t=0.0s
[      7s] main 30b c1829 ic_m4 known_null_dick table completed_valid t=0.0s
[      7s] main 30b c1830 ic_m4 subgroup table completed_valid t=0.0s
[      7s] main 30b c1830 ic_m4 dickson table completed_valid t=0.0s
[      7s] main 30b c1830 ic_m4 small_x table completed_valid t=0.0s
[      7s] main 30b c1830 ic_m4 random_sub_r0 table completed_valid t=0.0s
[      7s] main 30b c1830 ic_m4 random_sub_r1 table completed_valid t=0.0s
[      7s] main 30b c1830 ic_m4 random_sub_r2 table completed_valid t=0.0s
[      7s] main 30b c1830 ic_m4 known_null_sub table completed_valid t=0.0s
[      7s] main 30b c1830 ic_m4 random_dick_r0 table completed_valid t=0.0s
[      7s] main 30b c1830 ic_m4 random_dick_r1 table completed_valid t=0.0s
[      7s] main 30b c1830 ic_m4 random_dick_r2 table completed_valid t=0.0s
[      7s] main 30b c1830 ic_m4 known_null_dick table completed_valid t=0.0s
[      8s] main 30b c1831 ic_m4 subgroup table completed_valid t=0.0s
[      8s] main 30b c1831 ic_m4 dickson table completed_valid t=0.0s
[      8s] main 30b c1831 ic_m4 small_x table completed_valid t=0.0s
[      8s] main 30b c1831 ic_m4 random_sub_r0 table completed_valid t=0.0s
[      8s] main 30b c1831 ic_m4 random_sub_r1 table completed_valid t=0.0s
[      8s] main 30b c1831 ic_m4 random_sub_r2 table completed_valid t=0.0s
[      8s] main 30b c1831 ic_m4 known_null_sub table completed_valid t=0.0s
[      8s] main 30b c1831 ic_m4 random_dick_r0 table completed_valid t=0.0s
[      8s] main 30b c1831 ic_m4 random_dick_r1 table completed_valid t=0.0s
[      8s] main 30b c1831 ic_m4 random_dick_r2 table completed_valid t=0.0s
[      8s] main 30b c1831 ic_m4 known_null_dick table completed_valid t=0.0s
[      8s] main 30b c1832 ic_m4 subgroup table completed_valid t=0.0s
[      8s] main 30b c1832 ic_m4 dickson table completed_valid t=0.0s
[      8s] main 30b c1832 ic_m4 small_x table completed_valid t=0.0s
[      8s] main 30b c1832 ic_m4 random_sub_r0 table completed_valid t=0.0s
[      8s] main 30b c1832 ic_m4 random_sub_r1 table completed_valid t=0.0s
[      8s] main 30b c1832 ic_m4 random_sub_r2 table completed_valid t=0.0s
[      8s] main 30b c1832 ic_m4 known_null_sub table completed_valid t=0.0s
[      8s] main 30b c1832 ic_m4 random_dick_r0 table completed_valid t=0.0s
[      8s] main 30b c1832 ic_m4 random_dick_r1 table completed_valid t=0.0s
[      8s] main 30b c1832 ic_m4 random_dick_r2 table completed_valid t=0.0s
[      8s] main 30b c1832 ic_m4 known_null_dick table completed_valid t=0.0s
[      8s] main 30b c1833 ic_m4 subgroup table completed_valid t=0.0s
[      8s] main 30b c1833 ic_m4 dickson table completed_valid t=0.0s
[      8s] main 30b c1833 ic_m4 small_x table completed_valid t=0.0s
[      8s] main 30b c1833 ic_m4 random_sub_r0 table completed_valid t=0.0s
[      8s] main 30b c1833 ic_m4 random_sub_r1 table completed_valid t=0.0s
[      8s] main 30b c1833 ic_m4 random_sub_r2 table completed_valid t=0.0s
[      8s] main 30b c1833 ic_m4 known_null_sub table completed_valid t=0.0s
[      8s] main 30b c1833 ic_m4 random_dick_r0 table completed_valid t=0.0s
[      8s] main 30b c1833 ic_m4 random_dick_r1 table completed_valid t=0.0s
[      8s] main 30b c1833 ic_m4 random_dick_r2 table completed_valid t=0.0s
[      8s] main 30b c1833 ic_m4 known_null_dick table completed_valid t=0.0s
[      9s] main 30b c1834 ic_m4 subgroup table completed_valid t=0.0s
[      9s] main 30b c1834 ic_m4 dickson table completed_valid t=0.0s
[      9s] main 30b c1834 ic_m4 small_x table completed_valid t=0.0s
[      9s] main 30b c1834 ic_m4 random_sub_r0 table completed_valid t=0.0s
[      9s] main 30b c1834 ic_m4 random_sub_r1 table completed_valid t=0.0s
[      9s] main 30b c1834 ic_m4 random_sub_r2 table completed_valid t=0.0s
[      9s] main 30b c1834 ic_m4 known_null_sub table completed_valid t=0.0s
[      9s] main 30b c1834 ic_m4 random_dick_r0 table completed_valid t=0.0s
[      9s] main 30b c1834 ic_m4 random_dick_r1 table completed_valid t=0.0s
[      9s] main 30b c1834 ic_m4 random_dick_r2 table completed_valid t=0.0s
[      9s] main 30b c1834 ic_m4 known_null_dick table completed_valid t=0.0s
[      9s] main 30b c1835 ic_m4 subgroup table completed_valid t=0.0s
[      9s] main 30b c1835 ic_m4 dickson table completed_valid t=0.0s
[      9s] main 30b c1835 ic_m4 small_x table completed_valid t=0.0s
[      9s] main 30b c1835 ic_m4 random_sub_r0 table completed_valid t=0.0s
[      9s] main 30b c1835 ic_m4 random_sub_r1 table completed_valid t=0.0s
[      9s] main 30b c1835 ic_m4 random_sub_r2 table completed_valid t=0.0s
[      9s] main 30b c1835 ic_m4 known_null_sub table completed_valid t=0.0s
[      9s] main 30b c1835 ic_m4 random_dick_r0 table completed_valid t=0.0s
[      9s] main 30b c1835 ic_m4 random_dick_r1 table completed_valid t=0.0s
[      9s] main 30b c1835 ic_m4 random_dick_r2 table completed_valid t=0.0s
[      9s] main 30b c1835 ic_m4 known_null_dick table completed_valid t=0.0s
[      9s] main 30b c1836 ic_m4 subgroup table completed_valid t=0.0s
[      9s] main 30b c1836 ic_m4 dickson table completed_valid t=0.0s
[      9s] main 30b c1836 ic_m4 small_x table completed_valid t=0.0s
[      9s] main 30b c1836 ic_m4 random_sub_r0 table completed_valid t=0.0s
[      9s] main 30b c1836 ic_m4 random_sub_r1 table completed_valid t=0.0s
[      9s] main 30b c1836 ic_m4 random_sub_r2 table completed_valid t=0.0s
[      9s] main 30b c1836 ic_m4 known_null_sub table completed_valid t=0.0s
[      9s] main 30b c1836 ic_m4 random_dick_r0 table completed_valid t=0.0s
[      9s] main 30b c1836 ic_m4 random_dick_r1 table completed_valid t=0.0s
[      9s] main 30b c1836 ic_m4 random_dick_r2 table completed_valid t=0.0s
[      9s] main 30b c1836 ic_m4 known_null_dick table completed_valid t=0.0s
[     10s] main 30b c1837 ic_m4 subgroup table completed_valid t=0.0s
[     10s] main 30b c1837 ic_m4 dickson table completed_valid t=0.0s
[     10s] main 30b c1837 ic_m4 small_x table completed_valid t=0.0s
[     10s] main 30b c1837 ic_m4 random_sub_r0 table completed_valid t=0.0s
[     10s] main 30b c1837 ic_m4 random_sub_r1 table completed_valid t=0.0s
[     10s] main 30b c1837 ic_m4 random_sub_r2 table completed_valid t=0.0s
[     10s] main 30b c1837 ic_m4 known_null_sub table completed_valid t=0.0s
[     10s] main 30b c1837 ic_m4 random_dick_r0 table completed_valid t=0.0s
[     10s] main 30b c1837 ic_m4 random_dick_r1 table completed_valid t=0.0s
[     10s] main 30b c1837 ic_m4 random_dick_r2 table completed_valid t=0.0s
[     10s] main 30b c1837 ic_m4 known_null_dick table completed_valid t=0.0s
[     10s] main 30b c1838 ic_m4 subgroup table completed_valid t=0.0s
[     10s] main 30b c1838 ic_m4 dickson table completed_valid t=0.0s
[     10s] main 30b c1838 ic_m4 small_x table completed_valid t=0.0s
[     10s] main 30b c1838 ic_m4 random_sub_r0 table completed_valid t=0.0s
[     10s] main 30b c1838 ic_m4 random_sub_r1 table completed_valid t=0.0s
[     10s] main 30b c1838 ic_m4 random_sub_r2 table completed_valid t=0.0s
[     10s] main 30b c1838 ic_m4 known_null_sub table completed_valid t=0.0s
[     10s] main 30b c1838 ic_m4 random_dick_r0 table completed_valid t=0.0s
[     10s] main 30b c1838 ic_m4 random_dick_r1 table completed_valid t=0.0s
[     10s] main 30b c1838 ic_m4 random_dick_r2 table completed_valid t=0.0s
[     10s] main 30b c1838 ic_m4 known_null_dick table completed_valid t=0.0s
[     11s] main 30b c1839 ic_m4 subgroup table completed_valid t=0.0s
[     11s] main 30b c1839 ic_m4 dickson table completed_valid t=0.0s
[     11s] main 30b c1839 ic_m4 small_x table completed_valid t=0.0s
[     11s] main 30b c1839 ic_m4 random_sub_r0 table completed_valid t=0.0s
[     11s] main 30b c1839 ic_m4 random_sub_r1 table completed_valid t=0.0s
[     11s] main 30b c1839 ic_m4 random_sub_r2 table completed_valid t=0.0s
[     11s] main 30b c1839 ic_m4 known_null_sub table completed_valid t=0.0s
[     11s] main 30b c1839 ic_m4 random_dick_r0 table completed_valid t=0.0s
[     11s] main 30b c1839 ic_m4 random_dick_r1 table completed_valid t=0.0s
[     11s] main 30b c1839 ic_m4 random_dick_r2 table completed_valid t=0.0s
[     11s] main 30b c1839 ic_m4 known_null_dick table completed_valid t=0.0s
[     11s] main 30b c1840 ic_m4 subgroup table completed_valid t=0.0s
[     11s] main 30b c1840 ic_m4 dickson table completed_valid t=0.0s
[     11s] main 30b c1840 ic_m4 small_x table completed_valid t=0.0s
[     11s] main 30b c1840 ic_m4 random_sub_r0 table completed_valid t=0.0s
[     11s] main 30b c1840 ic_m4 random_sub_r1 table completed_valid t=0.0s
[     11s] main 30b c1840 ic_m4 random_sub_r2 table completed_valid t=0.0s
[     11s] main 30b c1840 ic_m4 known_null_sub table completed_valid t=0.0s
[     11s] main 30b c1840 ic_m4 random_dick_r0 table completed_valid t=0.0s
[     11s] main 30b c1840 ic_m4 random_dick_r1 table completed_valid t=0.0s
[     11s] main 30b c1840 ic_m4 random_dick_r2 table completed_valid t=0.0s
[     11s] main 30b c1840 ic_m4 known_null_dick table completed_valid t=0.0s
[     12s] main 30b c1841 ic_m4 subgroup table completed_valid t=0.0s
[     12s] main 30b c1841 ic_m4 dickson table completed_valid t=0.0s
[     12s] main 30b c1841 ic_m4 small_x table completed_valid t=0.0s
[     12s] main 30b c1841 ic_m4 random_sub_r0 table completed_valid t=0.0s
[     12s] main 30b c1841 ic_m4 random_sub_r1 table completed_valid t=0.0s
[     12s] main 30b c1841 ic_m4 random_sub_r2 table completed_valid t=0.0s
[     12s] main 30b c1841 ic_m4 known_null_sub table completed_valid t=0.0s
[     12s] main 30b c1841 ic_m4 random_dick_r0 table completed_valid t=0.0s
[     12s] main 30b c1841 ic_m4 random_dick_r1 table completed_valid t=0.0s
[     12s] main 30b c1841 ic_m4 random_dick_r2 table completed_valid t=0.1s
[     12s] main 30b c1841 ic_m4 known_null_dick table completed_valid t=0.1s
[     12s] main 30b c1842 ic_m4 subgroup table completed_valid t=0.0s
[     12s] main 30b c1842 ic_m4 dickson table completed_valid t=0.0s
[     12s] main 30b c1842 ic_m4 small_x table completed_valid t=0.0s
[     12s] main 30b c1842 ic_m4 random_sub_r0 table completed_valid t=0.0s
[     12s] main 30b c1842 ic_m4 random_sub_r1 table completed_valid t=0.0s
[     12s] main 30b c1842 ic_m4 random_sub_r2 table completed_valid t=0.0s
[     12s] main 30b c1842 ic_m4 known_null_sub table completed_valid t=0.0s
[     12s] main 30b c1842 ic_m4 random_dick_r0 table completed_valid t=0.1s
[     12s] main 30b c1842 ic_m4 random_dick_r1 table completed_valid t=0.0s
[     12s] main 30b c1842 ic_m4 random_dick_r2 table completed_valid t=0.0s
[     12s] main 30b c1842 ic_m4 known_null_dick table completed_valid t=0.0s
[     13s] main 30b c1843 ic_m4 subgroup table completed_valid t=0.0s
[     13s] main 30b c1843 ic_m4 dickson table completed_valid t=0.0s
[     13s] main 30b c1843 ic_m4 small_x table completed_valid t=0.0s
[     13s] main 30b c1843 ic_m4 random_sub_r0 table completed_valid t=0.0s
[     13s] main 30b c1843 ic_m4 random_sub_r1 table completed_valid t=0.0s
[     13s] main 30b c1843 ic_m4 random_sub_r2 table completed_valid t=0.0s
[     13s] main 30b c1843 ic_m4 known_null_sub table completed_valid t=0.0s
[     13s] main 30b c1843 ic_m4 random_dick_r0 table completed_valid t=0.0s
[     13s] main 30b c1843 ic_m4 random_dick_r1 table completed_valid t=0.0s
[     13s] main 30b c1843 ic_m4 random_dick_r2 table completed_valid t=0.0s
[     13s] main 30b c1843 ic_m4 known_null_dick table completed_valid t=0.0s
[     13s] main 30b c1844 ic_m4 subgroup table completed_valid t=0.0s
[     13s] main 30b c1844 ic_m4 dickson table completed_valid t=0.0s
[     13s] main 30b c1844 ic_m4 small_x table completed_valid t=0.0s
[     13s] main 30b c1844 ic_m4 random_sub_r0 table completed_valid t=0.0s
[     13s] main 30b c1844 ic_m4 random_sub_r1 table completed_valid t=0.0s
[     13s] main 30b c1844 ic_m4 random_sub_r2 table completed_valid t=0.0s
[     13s] main 30b c1844 ic_m4 known_null_sub table completed_valid t=0.0s
[     13s] main 30b c1844 ic_m4 random_dick_r0 table completed_valid t=0.0s
[     13s] main 30b c1844 ic_m4 random_dick_r1 table completed_valid t=0.0s
[     13s] main 30b c1844 ic_m4 random_dick_r2 table completed_valid t=0.0s
[     13s] main 30b c1844 ic_m4 known_null_dick table completed_valid t=0.0s
[     13s] main 30b c1845 ic_m4 subgroup table completed_valid t=0.0s
[     13s] main 30b c1845 ic_m4 dickson table completed_valid t=0.0s
[     13s] main 30b c1845 ic_m4 small_x table completed_valid t=0.0s
[     13s] main 30b c1845 ic_m4 random_sub_r0 table completed_valid t=0.0s
[     13s] main 30b c1845 ic_m4 random_sub_r1 table completed_valid t=0.0s
[     13s] main 30b c1845 ic_m4 random_sub_r2 table completed_valid t=0.0s
[     13s] main 30b c1845 ic_m4 known_null_sub table completed_valid t=0.0s
[     13s] main 30b c1845 ic_m4 random_dick_r0 table completed_valid t=0.0s
[     13s] main 30b c1845 ic_m4 random_dick_r1 table completed_valid t=0.0s
[     13s] main 30b c1845 ic_m4 random_dick_r2 table completed_valid t=0.0s
[     13s] main 30b c1845 ic_m4 known_null_dick table completed_valid t=0.0s
[     14s] main 30b c1846 ic_m4 subgroup table completed_valid t=0.0s
[     14s] main 30b c1846 ic_m4 dickson table completed_valid t=0.0s
[     14s] main 30b c1846 ic_m4 small_x table completed_valid t=0.0s
[     14s] main 30b c1846 ic_m4 random_sub_r0 table completed_valid t=0.0s
[     14s] main 30b c1846 ic_m4 random_sub_r1 table completed_valid t=0.0s
[     14s] main 30b c1846 ic_m4 random_sub_r2 table completed_valid t=0.0s
[     14s] main 30b c1846 ic_m4 known_null_sub table completed_valid t=0.0s
[     14s] main 30b c1846 ic_m4 random_dick_r0 table completed_valid t=0.0s
[     14s] main 30b c1846 ic_m4 random_dick_r1 table completed_valid t=0.0s
[     14s] main 30b c1846 ic_m4 random_dick_r2 table completed_valid t=0.0s
[     14s] main 30b c1846 ic_m4 known_null_dick table completed_valid t=0.0s
[     14s] main 30b c1847 ic_m4 subgroup table completed_valid t=0.0s
[     14s] main 30b c1847 ic_m4 dickson table completed_valid t=0.0s
[     14s] main 30b c1847 ic_m4 small_x table completed_valid t=0.0s
[     14s] main 30b c1847 ic_m4 random_sub_r0 table completed_valid t=0.0s
[     14s] main 30b c1847 ic_m4 random_sub_r1 table completed_valid t=0.0s
[     14s] main 30b c1847 ic_m4 random_sub_r2 table completed_valid t=0.0s
[     14s] main 30b c1847 ic_m4 known_null_sub table completed_valid t=0.0s
[     14s] main 30b c1847 ic_m4 random_dick_r0 table completed_valid t=0.0s
[     14s] main 30b c1847 ic_m4 random_dick_r1 table completed_valid t=0.0s
[     14s] main 30b c1847 ic_m4 random_dick_r2 table completed_valid t=0.0s
[     14s] main 30b c1847 ic_m4 known_null_dick table completed_valid t=0.0s
[     15s] main 30b c1848 ic_m4 subgroup table completed_valid t=0.0s
[     15s] main 30b c1848 ic_m4 dickson table completed_valid t=0.0s
[     15s] main 30b c1848 ic_m4 small_x table completed_valid t=0.0s
[     15s] main 30b c1848 ic_m4 random_sub_r0 table completed_valid t=0.0s
[     15s] main 30b c1848 ic_m4 random_sub_r1 table completed_valid t=0.0s
[     15s] main 30b c1848 ic_m4 random_sub_r2 table completed_valid t=0.0s
[     15s] main 30b c1848 ic_m4 known_null_sub table completed_valid t=0.0s
[     15s] main 30b c1848 ic_m4 random_dick_r0 table completed_valid t=0.0s
[     15s] main 30b c1848 ic_m4 random_dick_r1 table completed_valid t=0.0s
[     15s] main 30b c1848 ic_m4 random_dick_r2 table completed_valid t=0.0s
[     15s] main 30b c1848 ic_m4 known_null_dick table completed_valid t=0.0s
[     15s] main 30b c1849 ic_m4 subgroup table completed_valid t=0.0s
[     15s] main 30b c1849 ic_m4 dickson table completed_valid t=0.0s
[     15s] main 30b c1849 ic_m4 small_x table completed_valid t=0.0s
[     15s] main 30b c1849 ic_m4 random_sub_r0 table completed_valid t=0.0s
[     15s] main 30b c1849 ic_m4 random_sub_r1 table completed_valid t=0.0s
[     15s] main 30b c1849 ic_m4 random_sub_r2 table completed_valid t=0.0s
[     15s] main 30b c1849 ic_m4 known_null_sub table completed_valid t=0.0s
[     15s] main 30b c1849 ic_m4 random_dick_r0 table completed_valid t=0.0s
[     15s] main 30b c1849 ic_m4 random_dick_r1 table completed_valid t=0.0s
[     15s] main 30b c1849 ic_m4 random_dick_r2 table completed_valid t=0.0s
[     15s] main 30b c1849 ic_m4 known_null_dick table completed_valid t=0.0s
[     15s] main 30b c1850 ic_m4 subgroup table completed_valid t=0.0s
[     15s] main 30b c1850 ic_m4 dickson table completed_valid t=0.0s
[     15s] main 30b c1850 ic_m4 small_x table completed_valid t=0.0s
[     15s] main 30b c1850 ic_m4 random_sub_r0 table completed_valid t=0.0s
[     15s] main 30b c1850 ic_m4 random_sub_r1 table completed_valid t=0.0s
[     15s] main 30b c1850 ic_m4 random_sub_r2 table completed_valid t=0.0s
[     15s] main 30b c1850 ic_m4 known_null_sub table completed_valid t=0.0s
[     15s] main 30b c1850 ic_m4 random_dick_r0 table completed_valid t=0.0s
[     15s] main 30b c1850 ic_m4 random_dick_r1 table completed_valid t=0.0s
[     15s] main 30b c1850 ic_m4 random_dick_r2 table completed_valid t=0.0s
[     15s] main 30b c1850 ic_m4 known_null_dick table completed_valid t=0.0s
[     16s] main 30b c1851 ic_m4 subgroup table completed_valid t=0.0s
[     16s] main 30b c1851 ic_m4 dickson table completed_valid t=0.0s
[     16s] main 30b c1851 ic_m4 small_x table completed_valid t=0.0s
[     16s] main 30b c1851 ic_m4 random_sub_r0 table completed_valid t=0.0s
[     16s] main 30b c1851 ic_m4 random_sub_r1 table completed_valid t=0.0s
[     16s] main 30b c1851 ic_m4 random_sub_r2 table completed_valid t=0.0s
[     16s] main 30b c1851 ic_m4 known_null_sub table completed_valid t=0.0s
[     16s] main 30b c1851 ic_m4 random_dick_r0 table completed_valid t=0.0s
[     16s] main 30b c1851 ic_m4 random_dick_r1 table completed_valid t=0.0s
[     16s] main 30b c1851 ic_m4 random_dick_r2 table completed_valid t=0.0s
[     16s] main 30b c1851 ic_m4 known_null_dick table completed_valid t=0.0s
[     16s] main 30b c1852 ic_m4 subgroup table completed_valid t=0.0s
[     16s] main 30b c1852 ic_m4 dickson table completed_valid t=0.0s
[     16s] main 30b c1852 ic_m4 small_x table completed_valid t=0.0s
[     16s] main 30b c1852 ic_m4 random_sub_r0 table completed_valid t=0.0s
[     16s] main 30b c1852 ic_m4 random_sub_r1 table completed_valid t=0.0s
[     16s] main 30b c1852 ic_m4 random_sub_r2 table completed_valid t=0.0s
[     16s] main 30b c1852 ic_m4 known_null_sub table completed_valid t=0.0s
[     16s] main 30b c1852 ic_m4 random_dick_r0 table completed_valid t=0.0s
[     16s] main 30b c1852 ic_m4 random_dick_r1 table completed_valid t=0.0s
[     16s] main 30b c1852 ic_m4 random_dick_r2 table completed_valid t=0.0s
[     16s] main 30b c1852 ic_m4 known_null_dick table completed_valid t=0.0s
[     16s] main 30b c1853 ic_m4 subgroup table completed_valid t=0.0s
[     16s] main 30b c1853 ic_m4 dickson table completed_valid t=0.0s
[     16s] main 30b c1853 ic_m4 small_x table completed_valid t=0.0s
[     16s] main 30b c1853 ic_m4 random_sub_r0 table completed_valid t=0.0s
[     16s] main 30b c1853 ic_m4 random_sub_r1 table completed_valid t=0.0s
[     16s] main 30b c1853 ic_m4 random_sub_r2 table completed_valid t=0.0s
[     16s] main 30b c1853 ic_m4 known_null_sub table completed_valid t=0.0s
[     16s] main 30b c1853 ic_m4 random_dick_r0 table completed_valid t=0.0s
[     16s] main 30b c1853 ic_m4 random_dick_r1 table completed_valid t=0.0s
[     16s] main 30b c1853 ic_m4 random_dick_r2 table completed_valid t=0.0s
[     16s] main 30b c1853 ic_m4 known_null_dick table completed_valid t=0.0s
[     17s] main 30b c1854 ic_m4 subgroup table completed_valid t=0.0s
[     17s] main 30b c1854 ic_m4 dickson table completed_valid t=0.0s
[     17s] main 30b c1854 ic_m4 small_x table completed_valid t=0.0s
[     17s] main 30b c1854 ic_m4 random_sub_r0 table completed_valid t=0.0s
[     17s] main 30b c1854 ic_m4 random_sub_r1 table completed_valid t=0.0s
[     17s] main 30b c1854 ic_m4 random_sub_r2 table completed_valid t=0.0s
[     17s] main 30b c1854 ic_m4 known_null_sub table completed_valid t=0.0s
[     17s] main 30b c1854 ic_m4 random_dick_r0 table completed_valid t=0.0s
[     17s] main 30b c1854 ic_m4 random_dick_r1 table completed_valid t=0.0s
[     17s] main 30b c1854 ic_m4 random_dick_r2 table completed_valid t=0.0s
[     17s] main 30b c1854 ic_m4 known_null_dick table completed_valid t=0.0s
[     17s] main 30b c1855 ic_m4 subgroup table completed_valid t=0.0s
[     17s] main 30b c1855 ic_m4 dickson table completed_valid t=0.0s
[     17s] main 30b c1855 ic_m4 small_x table completed_valid t=0.0s
[     17s] main 30b c1855 ic_m4 random_sub_r0 table completed_valid t=0.0s
[     17s] main 30b c1855 ic_m4 random_sub_r1 table completed_valid t=0.0s
[     17s] main 30b c1855 ic_m4 random_sub_r2 table completed_valid t=0.0s
[     17s] main 30b c1855 ic_m4 known_null_sub table completed_valid t=0.0s
[     17s] main 30b c1855 ic_m4 random_dick_r0 table completed_valid t=0.0s
[     17s] main 30b c1855 ic_m4 random_dick_r1 table completed_valid t=0.0s
[     17s] main 30b c1855 ic_m4 random_dick_r2 table completed_valid t=0.0s
[     17s] main 30b c1855 ic_m4 known_null_dick table completed_valid t=0.0s
[     17s] main 30b c1856 ic_m4 subgroup table completed_valid t=0.0s
[     17s] main 30b c1856 ic_m4 dickson table completed_valid t=0.0s
[     17s] main 30b c1856 ic_m4 small_x table completed_valid t=0.0s
[     17s] main 30b c1856 ic_m4 random_sub_r0 table completed_valid t=0.0s
[     17s] main 30b c1856 ic_m4 random_sub_r1 table completed_valid t=0.0s
[     17s] main 30b c1856 ic_m4 random_sub_r2 table completed_valid t=0.0s
[     17s] main 30b c1856 ic_m4 known_null_sub table completed_valid t=0.0s
[     17s] main 30b c1856 ic_m4 random_dick_r0 table completed_valid t=0.0s
[     17s] main 30b c1856 ic_m4 random_dick_r1 table completed_valid t=0.0s
[     17s] main 30b c1856 ic_m4 random_dick_r2 table completed_valid t=0.0s
[     17s] main 30b c1856 ic_m4 known_null_dick table completed_valid t=0.0s
[     18s] main 30b c1857 ic_m4 subgroup table completed_valid t=0.0s
[     18s] main 30b c1857 ic_m4 dickson table completed_valid t=0.0s
[     18s] main 30b c1857 ic_m4 small_x table completed_valid t=0.0s
[     18s] main 30b c1857 ic_m4 random_sub_r0 table completed_valid t=0.0s
[     18s] main 30b c1857 ic_m4 random_sub_r1 table completed_valid t=0.0s
[     18s] main 30b c1857 ic_m4 random_sub_r2 table completed_valid t=0.0s
[     18s] main 30b c1857 ic_m4 known_null_sub table completed_valid t=0.0s
[     18s] main 30b c1857 ic_m4 random_dick_r0 table completed_valid t=0.0s
[     18s] main 30b c1857 ic_m4 random_dick_r1 table completed_valid t=0.0s
[     18s] main 30b c1857 ic_m4 random_dick_r2 table completed_valid t=0.0s
[     18s] main 30b c1857 ic_m4 known_null_dick table completed_valid t=0.0s
[     18s] main 30b c1858 ic_m4 subgroup table completed_valid t=0.0s
[     18s] main 30b c1858 ic_m4 dickson table completed_valid t=0.0s
[     18s] main 30b c1858 ic_m4 small_x table completed_valid t=0.0s
[     18s] main 30b c1858 ic_m4 random_sub_r0 table completed_valid t=0.0s
[     18s] main 30b c1858 ic_m4 random_sub_r1 table completed_valid t=0.0s
[     18s] main 30b c1858 ic_m4 random_sub_r2 table completed_valid t=0.0s
[     18s] main 30b c1858 ic_m4 known_null_sub table completed_valid t=0.0s
[     18s] main 30b c1858 ic_m4 random_dick_r0 table completed_valid t=0.0s
[     18s] main 30b c1858 ic_m4 random_dick_r1 table completed_valid t=0.0s
[     18s] main 30b c1858 ic_m4 random_dick_r2 table completed_valid t=0.0s
[     18s] main 30b c1858 ic_m4 known_null_dick table completed_valid t=0.0s
[     18s] main 30b c1859 ic_m4 subgroup table completed_valid t=0.0s
[     18s] main 30b c1859 ic_m4 dickson table completed_valid t=0.0s
[     18s] main 30b c1859 ic_m4 small_x table completed_valid t=0.0s
[     18s] main 30b c1859 ic_m4 random_sub_r0 table completed_valid t=0.0s
[     18s] main 30b c1859 ic_m4 random_sub_r1 table completed_valid t=0.0s
[     18s] main 30b c1859 ic_m4 random_sub_r2 table completed_valid t=0.0s
[     18s] main 30b c1859 ic_m4 known_null_sub table completed_valid t=0.0s
[     18s] main 30b c1859 ic_m4 random_dick_r0 table completed_valid t=0.0s
[     18s] main 30b c1859 ic_m4 random_dick_r1 table completed_valid t=0.0s
[     18s] main 30b c1859 ic_m4 random_dick_r2 table completed_valid t=0.0s
[     18s] main 30b c1859 ic_m4 known_null_dick table completed_valid t=0.0s
[     19s] main 30b c1860 ic_m4 subgroup table completed_valid t=0.0s
[     19s] main 30b c1860 ic_m4 dickson table completed_valid t=0.0s
[     19s] main 30b c1860 ic_m4 small_x table completed_valid t=0.0s
[     19s] main 30b c1860 ic_m4 random_sub_r0 table completed_valid t=0.0s
[     19s] main 30b c1860 ic_m4 random_sub_r1 table completed_valid t=0.0s
[     19s] main 30b c1860 ic_m4 random_sub_r2 table completed_valid t=0.0s
[     19s] main 30b c1860 ic_m4 known_null_sub table completed_valid t=0.0s
[     19s] main 30b c1860 ic_m4 random_dick_r0 table completed_valid t=0.0s
[     19s] main 30b c1860 ic_m4 random_dick_r1 table completed_valid t=0.0s
[     19s] main 30b c1860 ic_m4 random_dick_r2 table completed_valid t=0.0s
[     19s] main 30b c1860 ic_m4 known_null_dick table completed_valid t=0.0s
[     19s] main 30b c1861 ic_m4 subgroup table completed_valid t=0.0s
[     19s] main 30b c1861 ic_m4 dickson table completed_valid t=0.0s
[     19s] main 30b c1861 ic_m4 small_x table completed_valid t=0.0s
[     19s] main 30b c1861 ic_m4 random_sub_r0 table completed_valid t=0.0s
[     19s] main 30b c1861 ic_m4 random_sub_r1 table completed_valid t=0.0s
[     19s] main 30b c1861 ic_m4 random_sub_r2 table completed_valid t=0.0s
[     19s] main 30b c1861 ic_m4 known_null_sub table completed_valid t=0.0s
[     19s] main 30b c1861 ic_m4 random_dick_r0 table completed_valid t=0.0s
[     19s] main 30b c1861 ic_m4 random_dick_r1 table completed_valid t=0.0s
[     19s] main 30b c1861 ic_m4 random_dick_r2 table completed_valid t=0.0s
[     19s] main 30b c1861 ic_m4 known_null_dick table completed_valid t=0.0s
[     20s] main 30b c1862 ic_m4 subgroup table completed_valid t=0.0s
[     20s] main 30b c1862 ic_m4 dickson table completed_valid t=0.0s
[     20s] main 30b c1862 ic_m4 small_x table completed_valid t=0.0s
[     20s] main 30b c1862 ic_m4 random_sub_r0 table completed_valid t=0.0s
[     20s] main 30b c1862 ic_m4 random_sub_r1 table completed_valid t=0.0s
[     20s] main 30b c1862 ic_m4 random_sub_r2 table completed_valid t=0.0s
[     20s] main 30b c1862 ic_m4 known_null_sub table completed_valid t=0.0s
[     20s] main 30b c1862 ic_m4 random_dick_r0 table completed_valid t=0.0s
[     20s] main 30b c1862 ic_m4 random_dick_r1 table completed_valid t=0.0s
[     20s] main 30b c1862 ic_m4 random_dick_r2 table completed_valid t=0.0s
[     20s] main 30b c1862 ic_m4 known_null_dick table completed_valid t=0.0s
[     20s] main 30b c1863 ic_m4 subgroup table completed_valid t=0.0s
[     20s] main 30b c1863 ic_m4 dickson table completed_valid t=0.0s
[     20s] main 30b c1863 ic_m4 small_x table completed_valid t=0.0s
[     20s] main 30b c1863 ic_m4 random_sub_r0 table completed_valid t=0.0s
[     20s] main 30b c1863 ic_m4 random_sub_r1 table completed_valid t=0.0s
[     20s] main 30b c1863 ic_m4 random_sub_r2 table completed_valid t=0.0s
[     20s] main 30b c1863 ic_m4 known_null_sub table completed_valid t=0.0s
[     20s] main 30b c1863 ic_m4 random_dick_r0 table completed_valid t=0.0s
[     20s] main 30b c1863 ic_m4 random_dick_r1 table completed_valid t=0.0s
[     20s] main 30b c1863 ic_m4 random_dick_r2 table completed_valid t=0.0s
[     20s] main 30b c1863 ic_m4 known_null_dick table completed_valid t=0.0s
[     20s] main 30b c1864 ic_m4 subgroup table completed_valid t=0.0s
[     20s] main 30b c1864 ic_m4 dickson table completed_valid t=0.0s
[     20s] main 30b c1864 ic_m4 small_x table completed_valid t=0.0s
[     20s] main 30b c1864 ic_m4 random_sub_r0 table completed_valid t=0.0s
[     20s] main 30b c1864 ic_m4 random_sub_r1 table completed_valid t=0.0s
[     20s] main 30b c1864 ic_m4 random_sub_r2 table completed_valid t=0.0s
[     20s] main 30b c1864 ic_m4 known_null_sub table completed_valid t=0.0s
[     20s] main 30b c1864 ic_m4 random_dick_r0 table completed_valid t=0.0s
[     20s] main 30b c1864 ic_m4 random_dick_r1 table completed_valid t=0.0s
[     20s] main 30b c1864 ic_m4 random_dick_r2 table completed_valid t=0.0s
[     20s] main 30b c1864 ic_m4 known_null_dick table completed_valid t=0.0s
[     20s] main 30b c1865 ic_m4 subgroup table completed_valid t=0.0s
[     20s] main 30b c1865 ic_m4 dickson table completed_valid t=0.0s
[     20s] main 30b c1865 ic_m4 small_x table completed_valid t=0.0s
[     20s] main 30b c1865 ic_m4 random_sub_r0 table completed_valid t=0.0s
[     20s] main 30b c1865 ic_m4 random_sub_r1 table completed_valid t=0.0s
[     20s] main 30b c1865 ic_m4 random_sub_r2 table completed_valid t=0.0s
[     20s] main 30b c1865 ic_m4 known_null_sub table completed_valid t=0.0s
[     20s] main 30b c1865 ic_m4 random_dick_r0 table completed_valid t=0.0s
[     20s] main 30b c1865 ic_m4 random_dick_r1 table completed_valid t=0.0s
[     20s] main 30b c1865 ic_m4 random_dick_r2 table completed_valid t=0.0s
[     20s] main 30b c1865 ic_m4 known_null_dick table completed_valid t=0.0s
[     21s] main 30b c1866 ic_m4 subgroup table completed_valid t=0.0s
[     21s] main 30b c1866 ic_m4 dickson table completed_valid t=0.0s
[     21s] main 30b c1866 ic_m4 small_x table completed_valid t=0.0s
[     21s] main 30b c1866 ic_m4 random_sub_r0 table completed_valid t=0.0s
[     21s] main 30b c1866 ic_m4 random_sub_r1 table completed_valid t=0.0s
[     21s] main 30b c1866 ic_m4 random_sub_r2 table completed_valid t=0.0s
[     21s] main 30b c1866 ic_m4 known_null_sub table completed_valid t=0.0s
[     21s] main 30b c1866 ic_m4 random_dick_r0 table completed_valid t=0.0s
[     21s] main 30b c1866 ic_m4 random_dick_r1 table completed_valid t=0.0s
[     21s] main 30b c1866 ic_m4 random_dick_r2 table completed_valid t=0.0s
[     21s] main 30b c1866 ic_m4 known_null_dick table completed_valid t=0.0s
[     21s] main 30b c1867 ic_m4 subgroup table completed_valid t=0.0s
[     21s] main 30b c1867 ic_m4 dickson table completed_valid t=0.0s
[     21s] main 30b c1867 ic_m4 small_x table completed_valid t=0.0s
[     21s] main 30b c1867 ic_m4 random_sub_r0 table completed_valid t=0.0s
[     21s] main 30b c1867 ic_m4 random_sub_r1 table completed_valid t=0.0s
[     21s] main 30b c1867 ic_m4 random_sub_r2 table completed_valid t=0.0s
[     21s] main 30b c1867 ic_m4 known_null_sub table completed_valid t=0.0s
[     21s] main 30b c1867 ic_m4 random_dick_r0 table completed_valid t=0.0s
[     21s] main 30b c1867 ic_m4 random_dick_r1 table completed_valid t=0.0s
[     21s] main 30b c1867 ic_m4 random_dick_r2 table completed_valid t=0.0s
[     21s] main 30b c1867 ic_m4 known_null_dick table completed_valid t=0.0s
[     22s] main 30b c1868 ic_m4 subgroup table completed_valid t=0.0s
[     22s] main 30b c1868 ic_m4 dickson table completed_valid t=0.0s
[     22s] main 30b c1868 ic_m4 small_x table completed_valid t=0.0s
[     22s] main 30b c1868 ic_m4 random_sub_r0 table completed_valid t=0.0s
[     22s] main 30b c1868 ic_m4 random_sub_r1 table completed_valid t=0.0s
[     22s] main 30b c1868 ic_m4 random_sub_r2 table completed_valid t=0.0s
[     22s] main 30b c1868 ic_m4 known_null_sub table completed_valid t=0.0s
[     22s] main 30b c1868 ic_m4 random_dick_r0 table completed_valid t=0.0s
[     22s] main 30b c1868 ic_m4 random_dick_r1 table completed_valid t=0.0s
[     22s] main 30b c1868 ic_m4 random_dick_r2 table completed_valid t=0.0s
[     22s] main 30b c1868 ic_m4 known_null_dick table completed_valid t=0.0s
[     22s] main 30b c1869 ic_m4 subgroup table completed_valid t=0.0s
[     22s] main 30b c1869 ic_m4 dickson table completed_valid t=0.0s
[     22s] main 30b c1869 ic_m4 small_x table completed_valid t=0.0s
[     22s] main 30b c1869 ic_m4 random_sub_r0 table completed_valid t=0.0s
[     22s] main 30b c1869 ic_m4 random_sub_r1 table completed_valid t=0.0s
[     22s] main 30b c1869 ic_m4 random_sub_r2 table completed_valid t=0.0s
[     22s] main 30b c1869 ic_m4 known_null_sub table completed_valid t=0.0s
[     22s] main 30b c1869 ic_m4 random_dick_r0 table completed_valid t=0.0s
[     22s] main 30b c1869 ic_m4 random_dick_r1 table completed_valid t=0.0s
[     22s] main 30b c1869 ic_m4 random_dick_r2 table completed_valid t=0.0s
[     22s] main 30b c1869 ic_m4 known_null_dick table completed_valid t=0.0s
[     23s] main 30b c1870 ic_m4 subgroup table completed_valid t=0.0s
[     23s] main 30b c1870 ic_m4 dickson table completed_valid t=0.0s
[     23s] main 30b c1870 ic_m4 small_x table completed_valid t=0.0s
[     23s] main 30b c1870 ic_m4 random_sub_r0 table completed_valid t=0.0s
[     23s] main 30b c1870 ic_m4 random_sub_r1 table completed_valid t=0.0s
[     23s] main 30b c1870 ic_m4 random_sub_r2 table completed_valid t=0.0s
[     23s] main 30b c1870 ic_m4 known_null_sub table completed_valid t=0.0s
[     23s] main 30b c1870 ic_m4 random_dick_r0 table completed_valid t=0.0s
[     23s] main 30b c1870 ic_m4 random_dick_r1 table completed_valid t=0.0s
[     23s] main 30b c1870 ic_m4 random_dick_r2 table completed_valid t=0.0s
[     23s] main 30b c1870 ic_m4 known_null_dick table completed_valid t=0.0s
[     23s] main 30b c1871 ic_m4 subgroup table completed_valid t=0.0s
[     23s] main 30b c1871 ic_m4 dickson table completed_valid t=0.0s
[     23s] main 30b c1871 ic_m4 small_x table completed_valid t=0.0s
[     23s] main 30b c1871 ic_m4 random_sub_r0 table completed_valid t=0.0s
[     23s] main 30b c1871 ic_m4 random_sub_r1 table completed_valid t=0.0s
[     23s] main 30b c1871 ic_m4 random_sub_r2 table completed_valid t=0.0s
[     23s] main 30b c1871 ic_m4 known_null_sub table completed_valid t=0.0s
[     23s] main 30b c1871 ic_m4 random_dick_r0 table completed_valid t=0.0s
[     23s] main 30b c1871 ic_m4 random_dick_r1 table completed_valid t=0.0s
[     23s] main 30b c1871 ic_m4 random_dick_r2 table completed_valid t=0.0s
[     23s] main 30b c1871 ic_m4 known_null_dick table completed_valid t=0.0s
[     24s] main 30b c1872 ic_m4 subgroup table completed_valid t=0.0s
[     24s] main 30b c1872 ic_m4 dickson table completed_valid t=0.0s
[     24s] main 30b c1872 ic_m4 small_x table completed_valid t=0.0s
[     24s] main 30b c1872 ic_m4 random_sub_r0 table completed_valid t=0.0s
[     24s] main 30b c1872 ic_m4 random_sub_r1 table completed_valid t=0.0s
[     24s] main 30b c1872 ic_m4 random_sub_r2 table completed_valid t=0.0s
[     24s] main 30b c1872 ic_m4 known_null_sub table completed_valid t=0.0s
[     24s] main 30b c1872 ic_m4 random_dick_r0 table completed_valid t=0.0s
[     24s] main 30b c1872 ic_m4 random_dick_r1 table completed_valid t=0.0s
[     24s] main 30b c1872 ic_m4 random_dick_r2 table completed_valid t=0.0s
[     24s] main 30b c1872 ic_m4 known_null_dick table completed_valid t=0.0s
[     24s] main 30b c1873 ic_m4 subgroup table completed_valid t=0.0s
[     24s] main 30b c1873 ic_m4 dickson table completed_valid t=0.0s
[     24s] main 30b c1873 ic_m4 small_x table completed_valid t=0.0s
[     24s] main 30b c1873 ic_m4 random_sub_r0 table completed_valid t=0.0s
[     24s] main 30b c1873 ic_m4 random_sub_r1 table completed_valid t=0.0s
[     24s] main 30b c1873 ic_m4 random_sub_r2 table completed_valid t=0.0s
[     24s] main 30b c1873 ic_m4 known_null_sub table completed_valid t=0.0s
[     24s] main 30b c1873 ic_m4 random_dick_r0 table completed_valid t=0.0s
[     24s] main 30b c1873 ic_m4 random_dick_r1 table completed_valid t=0.0s
[     24s] main 30b c1873 ic_m4 random_dick_r2 table completed_valid t=0.0s
[     24s] main 30b c1873 ic_m4 known_null_dick table completed_valid t=0.0s
[     24s] main 30b c1874 ic_m4 subgroup table completed_valid t=0.0s
[     24s] main 30b c1874 ic_m4 dickson table completed_valid t=0.0s
[     24s] main 30b c1874 ic_m4 small_x table completed_valid t=0.0s
[     24s] main 30b c1874 ic_m4 random_sub_r0 table completed_valid t=0.0s
[     24s] main 30b c1874 ic_m4 random_sub_r1 table completed_valid t=0.0s
[     24s] main 30b c1874 ic_m4 random_sub_r2 table completed_valid t=0.0s
[     24s] main 30b c1874 ic_m4 known_null_sub table completed_valid t=0.0s
[     24s] main 30b c1874 ic_m4 random_dick_r0 table completed_valid t=0.0s
[     24s] main 30b c1874 ic_m4 random_dick_r1 table completed_valid t=0.0s
[     24s] main 30b c1874 ic_m4 random_dick_r2 table completed_valid t=0.0s
[     24s] main 30b c1874 ic_m4 known_null_dick table completed_valid t=0.0s
[     25s] main 30b c1875 ic_m4 subgroup table completed_valid t=0.0s
[     25s] main 30b c1875 ic_m4 dickson table completed_valid t=0.0s
[     25s] main 30b c1875 ic_m4 small_x table completed_valid t=0.0s
[     25s] main 30b c1875 ic_m4 random_sub_r0 table completed_valid t=0.0s
[     25s] main 30b c1875 ic_m4 random_sub_r1 table completed_valid t=0.0s
[     25s] main 30b c1875 ic_m4 random_sub_r2 table completed_valid t=0.0s
[     25s] main 30b c1875 ic_m4 known_null_sub table completed_valid t=0.0s
[     25s] main 30b c1875 ic_m4 random_dick_r0 table completed_valid t=0.0s
[     25s] main 30b c1875 ic_m4 random_dick_r1 table completed_valid t=0.0s
[     25s] main 30b c1875 ic_m4 random_dick_r2 table completed_valid t=0.0s
[     25s] main 30b c1875 ic_m4 known_null_dick table completed_valid t=0.0s
[     25s] main 30b c1876 ic_m4 subgroup table completed_valid t=0.0s
[     25s] main 30b c1876 ic_m4 dickson table completed_valid t=0.0s
[     25s] main 30b c1876 ic_m4 small_x table completed_valid t=0.0s
[     25s] main 30b c1876 ic_m4 random_sub_r0 table completed_valid t=0.0s
[     25s] main 30b c1876 ic_m4 random_sub_r1 table completed_valid t=0.0s
[     25s] main 30b c1876 ic_m4 random_sub_r2 table completed_valid t=0.0s
[     25s] main 30b c1876 ic_m4 known_null_sub table completed_valid t=0.0s
[     25s] main 30b c1876 ic_m4 random_dick_r0 table completed_valid t=0.0s
[     25s] main 30b c1876 ic_m4 random_dick_r1 table completed_valid t=0.0s
[     25s] main 30b c1876 ic_m4 random_dick_r2 table completed_valid t=0.0s
[     25s] main 30b c1876 ic_m4 known_null_dick table completed_valid t=0.0s
[     25s] main 30b c1877 ic_m4 subgroup table completed_valid t=0.0s
[     25s] main 30b c1877 ic_m4 dickson table completed_valid t=0.0s
[     25s] main 30b c1877 ic_m4 small_x table completed_valid t=0.0s
[     25s] main 30b c1877 ic_m4 random_sub_r0 table completed_valid t=0.0s
[     25s] main 30b c1877 ic_m4 random_sub_r1 table completed_valid t=0.0s
[     25s] main 30b c1877 ic_m4 random_sub_r2 table completed_valid t=0.0s
[     25s] main 30b c1877 ic_m4 known_null_sub table completed_valid t=0.0s
[     25s] main 30b c1877 ic_m4 random_dick_r0 table completed_valid t=0.0s
[     25s] main 30b c1877 ic_m4 random_dick_r1 table completed_valid t=0.0s
[     25s] main 30b c1877 ic_m4 random_dick_r2 table completed_valid t=0.0s
[     25s] main 30b c1877 ic_m4 known_null_dick table completed_valid t=0.0s
[     26s] main 30b c1878 ic_m4 subgroup table completed_valid t=0.0s
[     26s] main 30b c1878 ic_m4 dickson table completed_valid t=0.0s
[     26s] main 30b c1878 ic_m4 small_x table completed_valid t=0.0s
[     26s] main 30b c1878 ic_m4 random_sub_r0 table completed_valid t=0.0s
[     26s] main 30b c1878 ic_m4 random_sub_r1 table completed_valid t=0.0s
[     26s] main 30b c1878 ic_m4 random_sub_r2 table completed_valid t=0.0s
[     26s] main 30b c1878 ic_m4 known_null_sub table completed_valid t=0.0s
[     26s] main 30b c1878 ic_m4 random_dick_r0 table completed_valid t=0.0s
[     26s] main 30b c1878 ic_m4 random_dick_r1 table completed_valid t=0.0s
[     26s] main 30b c1878 ic_m4 random_dick_r2 table completed_valid t=0.0s
[     26s] main 30b c1878 ic_m4 known_null_dick table completed_valid t=0.0s
[     26s] main 30b c1879 ic_m4 subgroup table completed_valid t=0.0s
[     26s] main 30b c1879 ic_m4 dickson table completed_valid t=0.0s
[     26s] main 30b c1879 ic_m4 small_x table completed_valid t=0.0s
[     26s] main 30b c1879 ic_m4 random_sub_r0 table completed_valid t=0.0s
[     26s] main 30b c1879 ic_m4 random_sub_r1 table completed_valid t=0.0s
[     26s] main 30b c1879 ic_m4 random_sub_r2 table completed_valid t=0.0s
[     26s] main 30b c1879 ic_m4 known_null_sub table completed_valid t=0.0s
[     26s] main 30b c1879 ic_m4 random_dick_r0 table completed_valid t=0.0s
[     26s] main 30b c1879 ic_m4 random_dick_r1 table completed_valid t=0.0s
[     26s] main 30b c1879 ic_m4 random_dick_r2 table completed_valid t=0.0s
[     26s] main 30b c1879 ic_m4 known_null_dick table completed_valid t=0.0s
[     26s] main 30b c1880 ic_m4 subgroup table completed_valid t=0.0s
[     26s] main 30b c1880 ic_m4 dickson table completed_valid t=0.0s
[     26s] main 30b c1880 ic_m4 small_x table completed_valid t=0.0s
[     26s] main 30b c1880 ic_m4 random_sub_r0 table completed_valid t=0.0s
[     26s] main 30b c1880 ic_m4 random_sub_r1 table completed_valid t=0.0s
[     26s] main 30b c1880 ic_m4 random_sub_r2 table completed_valid t=0.0s
[     26s] main 30b c1880 ic_m4 known_null_sub table completed_valid t=0.0s
[     26s] main 30b c1880 ic_m4 random_dick_r0 table completed_valid t=0.0s
[     26s] main 30b c1880 ic_m4 random_dick_r1 table completed_valid t=0.0s
[     26s] main 30b c1880 ic_m4 random_dick_r2 table completed_valid t=0.0s
[     26s] main 30b c1880 ic_m4 known_null_dick table completed_valid t=0.0s
[     27s] main 30b c1881 ic_m4 subgroup table completed_valid t=0.0s
[     27s] main 30b c1881 ic_m4 dickson table completed_valid t=0.0s
[     27s] main 30b c1881 ic_m4 small_x table completed_valid t=0.0s
[     27s] main 30b c1881 ic_m4 random_sub_r0 table completed_valid t=0.0s
[     27s] main 30b c1881 ic_m4 random_sub_r1 table completed_valid t=0.0s
[     27s] main 30b c1881 ic_m4 random_sub_r2 table completed_valid t=0.0s
[     27s] main 30b c1881 ic_m4 known_null_sub table completed_valid t=0.0s
[     27s] main 30b c1881 ic_m4 random_dick_r0 table completed_valid t=0.0s
[     27s] main 30b c1881 ic_m4 random_dick_r1 table completed_valid t=0.0s
[     27s] main 30b c1881 ic_m4 random_dick_r2 table completed_valid t=0.0s
[     27s] main 30b c1881 ic_m4 known_null_dick table completed_valid t=0.0s
[     27s] main 30b c1882 ic_m4 subgroup table completed_valid t=0.0s
[     27s] main 30b c1882 ic_m4 dickson table completed_valid t=0.0s
[     27s] main 30b c1882 ic_m4 small_x table completed_valid t=0.0s
[     27s] main 30b c1882 ic_m4 random_sub_r0 table completed_valid t=0.0s
[     27s] main 30b c1882 ic_m4 random_sub_r1 table completed_valid t=0.0s
[     27s] main 30b c1882 ic_m4 random_sub_r2 table completed_valid t=0.0s
[     27s] main 30b c1882 ic_m4 known_null_sub table completed_valid t=0.0s
[     27s] main 30b c1882 ic_m4 random_dick_r0 table completed_valid t=0.0s
[     27s] main 30b c1882 ic_m4 random_dick_r1 table completed_valid t=0.0s
[     27s] main 30b c1882 ic_m4 random_dick_r2 table completed_valid t=0.0s
[     27s] main 30b c1882 ic_m4 known_null_dick table completed_valid t=0.0s
[     27s] main 30b c1883 ic_m4 subgroup table completed_valid t=0.0s
[     27s] main 30b c1883 ic_m4 dickson table completed_valid t=0.0s
[     27s] main 30b c1883 ic_m4 small_x table completed_valid t=0.0s
[     27s] main 30b c1883 ic_m4 random_sub_r0 table completed_valid t=0.0s
[     27s] main 30b c1883 ic_m4 random_sub_r1 table completed_valid t=0.0s
[     27s] main 30b c1883 ic_m4 random_sub_r2 table completed_valid t=0.0s
[     27s] main 30b c1883 ic_m4 known_null_sub table completed_valid t=0.0s
[     27s] main 30b c1883 ic_m4 random_dick_r0 table completed_valid t=0.0s
[     27s] main 30b c1883 ic_m4 random_dick_r1 table completed_valid t=0.0s
[     27s] main 30b c1883 ic_m4 random_dick_r2 table completed_valid t=0.0s
[     27s] main 30b c1883 ic_m4 known_null_dick table completed_valid t=0.0s
[     28s] main 30b c1884 ic_m4 subgroup table completed_valid t=0.0s
[     28s] main 30b c1884 ic_m4 dickson table completed_valid t=0.0s
[     28s] main 30b c1884 ic_m4 small_x table completed_valid t=0.0s
[     28s] main 30b c1884 ic_m4 random_sub_r0 table completed_valid t=0.0s
[     28s] main 30b c1884 ic_m4 random_sub_r1 table completed_valid t=0.0s
[     28s] main 30b c1884 ic_m4 random_sub_r2 table completed_valid t=0.0s
[     28s] main 30b c1884 ic_m4 known_null_sub table completed_valid t=0.0s
[     28s] main 30b c1884 ic_m4 random_dick_r0 table completed_valid t=0.0s
[     28s] main 30b c1884 ic_m4 random_dick_r1 table completed_valid t=0.0s
[     28s] main 30b c1884 ic_m4 random_dick_r2 table completed_valid t=0.0s
[     28s] main 30b c1884 ic_m4 known_null_dick table completed_valid t=0.0s
[     28s] main 30b c1885 ic_m4 subgroup table completed_valid t=0.0s
[     28s] main 30b c1885 ic_m4 dickson table completed_valid t=0.0s
[     28s] main 30b c1885 ic_m4 small_x table completed_valid t=0.0s
[     28s] main 30b c1885 ic_m4 random_sub_r0 table completed_valid t=0.0s
[     28s] main 30b c1885 ic_m4 random_sub_r1 table completed_valid t=0.0s
[     28s] main 30b c1885 ic_m4 random_sub_r2 table completed_valid t=0.0s
[     28s] main 30b c1885 ic_m4 known_null_sub table completed_valid t=0.0s
[     28s] main 30b c1885 ic_m4 random_dick_r0 table completed_valid t=0.0s
[     28s] main 30b c1885 ic_m4 random_dick_r1 table completed_valid t=0.0s
[     28s] main 30b c1885 ic_m4 random_dick_r2 table completed_valid t=0.0s
[     28s] main 30b c1885 ic_m4 known_null_dick table completed_valid t=0.0s
[     28s] main 30b c1886 ic_m4 subgroup table completed_valid t=0.0s
[     28s] main 30b c1886 ic_m4 dickson table completed_valid t=0.0s
[     28s] main 30b c1886 ic_m4 small_x table completed_valid t=0.0s
[     28s] main 30b c1886 ic_m4 random_sub_r0 table completed_valid t=0.0s
[     28s] main 30b c1886 ic_m4 random_sub_r1 table completed_valid t=0.0s
[     28s] main 30b c1886 ic_m4 random_sub_r2 table completed_valid t=0.0s
[     28s] main 30b c1886 ic_m4 known_null_sub table completed_valid t=0.0s
[     28s] main 30b c1886 ic_m4 random_dick_r0 table completed_valid t=0.0s
[     28s] main 30b c1886 ic_m4 random_dick_r1 table completed_valid t=0.0s
[     28s] main 30b c1886 ic_m4 random_dick_r2 table completed_valid t=0.0s
[     28s] main 30b c1886 ic_m4 known_null_dick table completed_valid t=0.0s
[     29s] main 30b c1887 ic_m4 subgroup table completed_valid t=0.0s
[     29s] main 30b c1887 ic_m4 dickson table completed_valid t=0.0s
[     29s] main 30b c1887 ic_m4 small_x table completed_valid t=0.0s
[     29s] main 30b c1887 ic_m4 random_sub_r0 table completed_valid t=0.0s
[     29s] main 30b c1887 ic_m4 random_sub_r1 table completed_valid t=0.0s
[     29s] main 30b c1887 ic_m4 random_sub_r2 table completed_valid t=0.0s
[     29s] main 30b c1887 ic_m4 known_null_sub table completed_valid t=0.0s
[     29s] main 30b c1887 ic_m4 random_dick_r0 table completed_valid t=0.0s
[     29s] main 30b c1887 ic_m4 random_dick_r1 table completed_valid t=0.0s
[     29s] main 30b c1887 ic_m4 random_dick_r2 table completed_valid t=0.0s
[     29s] main 30b c1887 ic_m4 known_null_dick table completed_valid t=0.0s
[     29s] main 30b c1888 ic_m4 subgroup table completed_valid t=0.0s
[     29s] main 30b c1888 ic_m4 dickson table completed_valid t=0.0s
[     29s] main 30b c1888 ic_m4 small_x table completed_valid t=0.0s
[     29s] main 30b c1888 ic_m4 random_sub_r0 table completed_valid t=0.0s
[     29s] main 30b c1888 ic_m4 random_sub_r1 table completed_valid t=0.0s
[     29s] main 30b c1888 ic_m4 random_sub_r2 table completed_valid t=0.0s
[     29s] main 30b c1888 ic_m4 known_null_sub table completed_valid t=0.0s
[     29s] main 30b c1888 ic_m4 random_dick_r0 table completed_valid t=0.0s
[     29s] main 30b c1888 ic_m4 random_dick_r1 table completed_valid t=0.0s
[     29s] main 30b c1888 ic_m4 random_dick_r2 table completed_valid t=0.0s
[     29s] main 30b c1888 ic_m4 known_null_dick table completed_valid t=0.0s
[     30s] main 30b c1889 ic_m4 subgroup table completed_valid t=0.0s
[     30s] main 30b c1889 ic_m4 dickson table completed_valid t=0.0s
[     30s] main 30b c1889 ic_m4 small_x table completed_valid t=0.0s
[     30s] main 30b c1889 ic_m4 random_sub_r0 table completed_valid t=0.0s
[     30s] main 30b c1889 ic_m4 random_sub_r1 table completed_valid t=0.0s
[     30s] main 30b c1889 ic_m4 random_sub_r2 table completed_valid t=0.0s
[     30s] main 30b c1889 ic_m4 known_null_sub table completed_valid t=0.0s
[     30s] main 30b c1889 ic_m4 random_dick_r0 table completed_valid t=0.0s
[     30s] main 30b c1889 ic_m4 random_dick_r1 table completed_valid t=0.0s
[     30s] main 30b c1889 ic_m4 random_dick_r2 table completed_valid t=0.0s
[     30s] main 30b c1889 ic_m4 known_null_dick table completed_valid t=0.0s
[     30s] main 30b c1890 ic_m4 subgroup table completed_valid t=0.0s
[     30s] main 30b c1890 ic_m4 dickson table completed_valid t=0.0s
[     30s] main 30b c1890 ic_m4 small_x table completed_valid t=0.0s
[     30s] main 30b c1890 ic_m4 random_sub_r0 table completed_valid t=0.0s
[     30s] main 30b c1890 ic_m4 random_sub_r1 table completed_valid t=0.0s
[     30s] main 30b c1890 ic_m4 random_sub_r2 table completed_valid t=0.0s
[     30s] main 30b c1890 ic_m4 known_null_sub table completed_valid t=0.0s
[     30s] main 30b c1890 ic_m4 random_dick_r0 table completed_valid t=0.0s
[     30s] main 30b c1890 ic_m4 random_dick_r1 table completed_valid t=0.0s
[     30s] main 30b c1890 ic_m4 random_dick_r2 table completed_valid t=0.0s
[     30s] main 30b c1890 ic_m4 known_null_dick table completed_valid t=0.0s
[     30s] main 30b c1891 ic_m4 subgroup table completed_valid t=0.0s
[     30s] main 30b c1891 ic_m4 dickson table completed_valid t=0.0s
[     30s] main 30b c1891 ic_m4 small_x table completed_valid t=0.0s
[     30s] main 30b c1891 ic_m4 random_sub_r0 table completed_valid t=0.0s
[     30s] main 30b c1891 ic_m4 random_sub_r1 table completed_valid t=0.0s
[     30s] main 30b c1891 ic_m4 random_sub_r2 table completed_valid t=0.0s
[     30s] main 30b c1891 ic_m4 known_null_sub table completed_valid t=0.0s
[     30s] main 30b c1891 ic_m4 random_dick_r0 table completed_valid t=0.0s
[     30s] main 30b c1891 ic_m4 random_dick_r1 table completed_valid t=0.0s
[     30s] main 30b c1891 ic_m4 random_dick_r2 table completed_valid t=0.0s
[     30s] main 30b c1891 ic_m4 known_null_dick table completed_valid t=0.0s
[     31s] main 30b c1892 ic_m4 subgroup table completed_valid t=0.0s
[     31s] main 30b c1892 ic_m4 dickson table completed_valid t=0.0s
[     31s] main 30b c1892 ic_m4 small_x table completed_valid t=0.0s
[     31s] main 30b c1892 ic_m4 random_sub_r0 table completed_valid t=0.0s
[     31s] main 30b c1892 ic_m4 random_sub_r1 table completed_valid t=0.0s
[     31s] main 30b c1892 ic_m4 random_sub_r2 table completed_valid t=0.0s
[     31s] main 30b c1892 ic_m4 known_null_sub table completed_valid t=0.0s
[     31s] main 30b c1892 ic_m4 random_dick_r0 table completed_valid t=0.0s
[     31s] main 30b c1892 ic_m4 random_dick_r1 table completed_valid t=0.0s
[     31s] main 30b c1892 ic_m4 random_dick_r2 table completed_valid t=0.0s
[     31s] main 30b c1892 ic_m4 known_null_dick table completed_valid t=0.0s
[     31s] main 30b c1893 ic_m4 subgroup table completed_valid t=0.0s
[     31s] main 30b c1893 ic_m4 dickson table completed_valid t=0.0s
[     31s] main 30b c1893 ic_m4 small_x table completed_valid t=0.0s
[     31s] main 30b c1893 ic_m4 random_sub_r0 table completed_valid t=0.0s
[     31s] main 30b c1893 ic_m4 random_sub_r1 table completed_valid t=0.0s
[     31s] main 30b c1893 ic_m4 random_sub_r2 table completed_valid t=0.0s
[     31s] main 30b c1893 ic_m4 known_null_sub table completed_valid t=0.0s
[     31s] main 30b c1893 ic_m4 random_dick_r0 table completed_valid t=0.0s
[     31s] main 30b c1893 ic_m4 random_dick_r1 table completed_valid t=0.0s
[     31s] main 30b c1893 ic_m4 random_dick_r2 table completed_valid t=0.0s
[     31s] main 30b c1893 ic_m4 known_null_dick table completed_valid t=0.0s
[     32s] main 30b c1894 ic_m4 subgroup table completed_valid t=0.0s
[     32s] main 30b c1894 ic_m4 dickson table completed_valid t=0.0s
[     32s] main 30b c1894 ic_m4 small_x table completed_valid t=0.0s
[     32s] main 30b c1894 ic_m4 random_sub_r0 table completed_valid t=0.0s
[     32s] main 30b c1894 ic_m4 random_sub_r1 table completed_valid t=0.0s
[     32s] main 30b c1894 ic_m4 random_sub_r2 table completed_valid t=0.0s
[     32s] main 30b c1894 ic_m4 known_null_sub table completed_valid t=0.0s
[     32s] main 30b c1894 ic_m4 random_dick_r0 table completed_valid t=0.0s
[     32s] main 30b c1894 ic_m4 random_dick_r1 table completed_valid t=0.0s
[     32s] main 30b c1894 ic_m4 random_dick_r2 table completed_valid t=0.0s
[     32s] main 30b c1894 ic_m4 known_null_dick table completed_valid t=0.0s
[     32s] main 30b c1895 ic_m4 subgroup table completed_valid t=0.0s
[     32s] main 30b c1895 ic_m4 dickson table completed_valid t=0.0s
[     32s] main 30b c1895 ic_m4 small_x table completed_valid t=0.0s
[     32s] main 30b c1895 ic_m4 random_sub_r0 table completed_valid t=0.0s
[     32s] main 30b c1895 ic_m4 random_sub_r1 table completed_valid t=0.0s
[     32s] main 30b c1895 ic_m4 random_sub_r2 table completed_valid t=0.0s
[     32s] main 30b c1895 ic_m4 known_null_sub table completed_valid t=0.0s
[     32s] main 30b c1895 ic_m4 random_dick_r0 table completed_valid t=0.0s
[     32s] main 30b c1895 ic_m4 random_dick_r1 table completed_valid t=0.0s
[     32s] main 30b c1895 ic_m4 random_dick_r2 table completed_valid t=0.0s
[     32s] main 30b c1895 ic_m4 known_null_dick table completed_valid t=0.0s
[     32s] main 30b c1896 ic_m4 subgroup table completed_valid t=0.0s
[     32s] main 30b c1896 ic_m4 dickson table completed_valid t=0.0s
[     32s] main 30b c1896 ic_m4 small_x table completed_valid t=0.0s
[     32s] main 30b c1896 ic_m4 random_sub_r0 table completed_valid t=0.0s
[     32s] main 30b c1896 ic_m4 random_sub_r1 table completed_valid t=0.0s
[     32s] main 30b c1896 ic_m4 random_sub_r2 table completed_valid t=0.0s
[     32s] main 30b c1896 ic_m4 known_null_sub table completed_valid t=0.0s
[     32s] main 30b c1896 ic_m4 random_dick_r0 table completed_valid t=0.0s
[     32s] main 30b c1896 ic_m4 random_dick_r1 table completed_valid t=0.0s
[     32s] main 30b c1896 ic_m4 random_dick_r2 table completed_valid t=0.0s
[     32s] main 30b c1896 ic_m4 known_null_dick table completed_valid t=0.0s
[     33s] main 30b c1897 ic_m4 subgroup table completed_valid t=0.0s
[     33s] main 30b c1897 ic_m4 dickson table completed_valid t=0.0s
[     33s] main 30b c1897 ic_m4 small_x table completed_valid t=0.0s
[     33s] main 30b c1897 ic_m4 random_sub_r0 table completed_valid t=0.0s
[     33s] main 30b c1897 ic_m4 random_sub_r1 table completed_valid t=0.0s
[     33s] main 30b c1897 ic_m4 random_sub_r2 table completed_valid t=0.0s
[     33s] main 30b c1897 ic_m4 known_null_sub table completed_valid t=0.0s
[     33s] main 30b c1897 ic_m4 random_dick_r0 table completed_valid t=0.0s
[     33s] main 30b c1897 ic_m4 random_dick_r1 table completed_valid t=0.0s
[     33s] main 30b c1897 ic_m4 random_dick_r2 table completed_valid t=0.0s
[     33s] main 30b c1897 ic_m4 known_null_dick table completed_valid t=0.0s
[     33s] main 30b c1898 ic_m4 subgroup table completed_valid t=0.0s
[     33s] main 30b c1898 ic_m4 dickson table completed_valid t=0.0s
[     33s] main 30b c1898 ic_m4 small_x table completed_valid t=0.0s
[     33s] main 30b c1898 ic_m4 random_sub_r0 table completed_valid t=0.0s
[     33s] main 30b c1898 ic_m4 random_sub_r1 table completed_valid t=0.0s
[     33s] main 30b c1898 ic_m4 random_sub_r2 table completed_valid t=0.0s
[     33s] main 30b c1898 ic_m4 known_null_sub table completed_valid t=0.0s
[     33s] main 30b c1898 ic_m4 random_dick_r0 table completed_valid t=0.0s
[     33s] main 30b c1898 ic_m4 random_dick_r1 table completed_valid t=0.0s
[     33s] main 30b c1898 ic_m4 random_dick_r2 table completed_valid t=0.0s
[     33s] main 30b c1898 ic_m4 known_null_dick table completed_valid t=0.0s
[     33s] main 30b c1899 ic_m4 subgroup table completed_valid t=0.0s
[     33s] main 30b c1899 ic_m4 dickson table completed_valid t=0.0s
[     33s] main 30b c1899 ic_m4 small_x table completed_valid t=0.0s
[     33s] main 30b c1899 ic_m4 random_sub_r0 table completed_valid t=0.0s
[     33s] main 30b c1899 ic_m4 random_sub_r1 table completed_valid t=0.0s
[     33s] main 30b c1899 ic_m4 random_sub_r2 table completed_valid t=0.0s
[     33s] main 30b c1899 ic_m4 known_null_sub table completed_valid t=0.0s
[     33s] main 30b c1899 ic_m4 random_dick_r0 table completed_valid t=0.0s
[     33s] main 30b c1899 ic_m4 random_dick_r1 table completed_valid t=0.0s
[     33s] main 30b c1899 ic_m4 random_dick_r2 table completed_valid t=0.0s
[     33s] main 30b c1899 ic_m4 known_null_dick table completed_valid t=0.0s
[     34s] main 30b c1900 ic_m4 subgroup table completed_valid t=0.0s
[     34s] main 30b c1900 ic_m4 dickson table completed_valid t=0.0s
[     34s] main 30b c1900 ic_m4 small_x table completed_valid t=0.0s
[     34s] main 30b c1900 ic_m4 random_sub_r0 table completed_valid t=0.0s
[     34s] main 30b c1900 ic_m4 random_sub_r1 table completed_valid t=0.0s
[     34s] main 30b c1900 ic_m4 random_sub_r2 table completed_valid t=0.0s
[     34s] main 30b c1900 ic_m4 known_null_sub table completed_valid t=0.0s
[     34s] main 30b c1900 ic_m4 random_dick_r0 table completed_valid t=0.0s
[     34s] main 30b c1900 ic_m4 random_dick_r1 table completed_valid t=0.0s
[     34s] main 30b c1900 ic_m4 random_dick_r2 table completed_valid t=0.0s
[     34s] main 30b c1900 ic_m4 known_null_dick table completed_valid t=0.0s
[     34s] main 30b c1901 ic_m4 subgroup table completed_valid t=0.0s
[     34s] main 30b c1901 ic_m4 dickson table completed_valid t=0.0s
[     34s] main 30b c1901 ic_m4 small_x table completed_valid t=0.0s
[     34s] main 30b c1901 ic_m4 random_sub_r0 table completed_valid t=0.0s
[     34s] main 30b c1901 ic_m4 random_sub_r1 table completed_valid t=0.0s
[     34s] main 30b c1901 ic_m4 random_sub_r2 table completed_valid t=0.0s
[     34s] main 30b c1901 ic_m4 known_null_sub table completed_valid t=0.0s
[     34s] main 30b c1901 ic_m4 random_dick_r0 table completed_valid t=0.0s
[     34s] main 30b c1901 ic_m4 random_dick_r1 table completed_valid t=0.0s
[     34s] main 30b c1901 ic_m4 random_dick_r2 table completed_valid t=0.0s
[     34s] main 30b c1901 ic_m4 known_null_dick table completed_valid t=0.0s
[     34s] main 30b c1902 ic_m4 subgroup table completed_valid t=0.0s
[     34s] main 30b c1902 ic_m4 dickson table completed_valid t=0.0s
[     34s] main 30b c1902 ic_m4 small_x table completed_valid t=0.0s
[     34s] main 30b c1902 ic_m4 random_sub_r0 table completed_valid t=0.0s
[     34s] main 30b c1902 ic_m4 random_sub_r1 table completed_valid t=0.0s
[     34s] main 30b c1902 ic_m4 random_sub_r2 table completed_valid t=0.0s
[     34s] main 30b c1902 ic_m4 known_null_sub table completed_valid t=0.0s
[     34s] main 30b c1902 ic_m4 random_dick_r0 table completed_valid t=0.0s
[     34s] main 30b c1902 ic_m4 random_dick_r1 table completed_valid t=0.0s
[     34s] main 30b c1902 ic_m4 random_dick_r2 table completed_valid t=0.0s
[     34s] main 30b c1902 ic_m4 known_null_dick table completed_valid t=0.0s
[     35s] main 30b c1903 ic_m4 subgroup table completed_valid t=0.0s
[     35s] main 30b c1903 ic_m4 dickson table completed_valid t=0.0s
[     35s] main 30b c1903 ic_m4 small_x table completed_valid t=0.0s
[     35s] main 30b c1903 ic_m4 random_sub_r0 table completed_valid t=0.0s
[     35s] main 30b c1903 ic_m4 random_sub_r1 table completed_valid t=0.0s
[     35s] main 30b c1903 ic_m4 random_sub_r2 table completed_valid t=0.0s
[     35s] main 30b c1903 ic_m4 known_null_sub table completed_valid t=0.0s
[     35s] main 30b c1903 ic_m4 random_dick_r0 table completed_valid t=0.0s
[     35s] main 30b c1903 ic_m4 random_dick_r1 table completed_valid t=0.0s
[     35s] main 30b c1903 ic_m4 random_dick_r2 table completed_valid t=0.0s
[     35s] main 30b c1903 ic_m4 known_null_dick table completed_valid t=0.0s
[     35s] main 30b c1904 ic_m4 subgroup table completed_valid t=0.0s
[     35s] main 30b c1904 ic_m4 dickson table completed_valid t=0.0s
[     35s] main 30b c1904 ic_m4 small_x table completed_valid t=0.0s
[     35s] main 30b c1904 ic_m4 random_sub_r0 table completed_valid t=0.0s
[     35s] main 30b c1904 ic_m4 random_sub_r1 table completed_valid t=0.0s
[     35s] main 30b c1904 ic_m4 random_sub_r2 table completed_valid t=0.0s
[     35s] main 30b c1904 ic_m4 known_null_sub table completed_valid t=0.0s
[     35s] main 30b c1904 ic_m4 random_dick_r0 table completed_valid t=0.0s
[     35s] main 30b c1904 ic_m4 random_dick_r1 table completed_valid t=0.0s
[     35s] main 30b c1904 ic_m4 random_dick_r2 table completed_valid t=0.0s
[     35s] main 30b c1904 ic_m4 known_null_dick table completed_valid t=0.0s
[     35s] main 30b c1905 ic_m4 subgroup table completed_valid t=0.0s
[     35s] main 30b c1905 ic_m4 dickson table completed_valid t=0.0s
[     35s] main 30b c1905 ic_m4 small_x table completed_valid t=0.0s
[     35s] main 30b c1905 ic_m4 random_sub_r0 table completed_valid t=0.0s
[     35s] main 30b c1905 ic_m4 random_sub_r1 table completed_valid t=0.0s
[     35s] main 30b c1905 ic_m4 random_sub_r2 table completed_valid t=0.0s
[     35s] main 30b c1905 ic_m4 known_null_sub table completed_valid t=0.0s
[     35s] main 30b c1905 ic_m4 random_dick_r0 table completed_valid t=0.0s
[     35s] main 30b c1905 ic_m4 random_dick_r1 table completed_valid t=0.0s
[     35s] main 30b c1905 ic_m4 random_dick_r2 table completed_valid t=0.0s
[     35s] main 30b c1905 ic_m4 known_null_dick table completed_valid t=0.0s
[     36s] main 30b c1906 ic_m4 subgroup table completed_valid t=0.0s
[     36s] main 30b c1906 ic_m4 dickson table completed_valid t=0.0s
[     36s] main 30b c1906 ic_m4 small_x table completed_valid t=0.0s
[     36s] main 30b c1906 ic_m4 random_sub_r0 table completed_valid t=0.0s
[     36s] main 30b c1906 ic_m4 random_sub_r1 table completed_valid t=0.0s
[     36s] main 30b c1906 ic_m4 random_sub_r2 table completed_valid t=0.0s
[     36s] main 30b c1906 ic_m4 known_null_sub table completed_valid t=0.0s
[     36s] main 30b c1906 ic_m4 random_dick_r0 table completed_valid t=0.0s
[     36s] main 30b c1906 ic_m4 random_dick_r1 table completed_valid t=0.0s
[     36s] main 30b c1906 ic_m4 random_dick_r2 table completed_valid t=0.0s
[     36s] main 30b c1906 ic_m4 known_null_dick table completed_valid t=0.0s
[     36s] main 30b c1907 ic_m4 subgroup table completed_valid t=0.0s
[     36s] main 30b c1907 ic_m4 dickson table completed_valid t=0.0s
[     36s] main 30b c1907 ic_m4 small_x table completed_valid t=0.0s
[     36s] main 30b c1907 ic_m4 random_sub_r0 table completed_valid t=0.0s
[     36s] main 30b c1907 ic_m4 random_sub_r1 table completed_valid t=0.0s
[     36s] main 30b c1907 ic_m4 random_sub_r2 table completed_valid t=0.0s
[     36s] main 30b c1907 ic_m4 known_null_sub table completed_valid t=0.0s
[     36s] main 30b c1907 ic_m4 random_dick_r0 table completed_valid t=0.0s
[     36s] main 30b c1907 ic_m4 random_dick_r1 table completed_valid t=0.0s
[     36s] main 30b c1907 ic_m4 random_dick_r2 table completed_valid t=0.0s
[     36s] main 30b c1907 ic_m4 known_null_dick table completed_valid t=0.0s
[     37s] main 30b c1908 ic_m4 subgroup table completed_valid t=0.0s
[     37s] main 30b c1908 ic_m4 dickson table completed_valid t=0.0s
[     37s] main 30b c1908 ic_m4 small_x table completed_valid t=0.0s
[     37s] main 30b c1908 ic_m4 random_sub_r0 table completed_valid t=0.0s
[     37s] main 30b c1908 ic_m4 random_sub_r1 table completed_valid t=0.0s
[     37s] main 30b c1908 ic_m4 random_sub_r2 table completed_valid t=0.0s
[     37s] main 30b c1908 ic_m4 known_null_sub table completed_valid t=0.0s
[     37s] main 30b c1908 ic_m4 random_dick_r0 table completed_valid t=0.0s
[     37s] main 30b c1908 ic_m4 random_dick_r1 table completed_valid t=0.0s
[     37s] main 30b c1908 ic_m4 random_dick_r2 table completed_valid t=0.0s
[     37s] main 30b c1908 ic_m4 known_null_dick table completed_valid t=0.0s
[     37s] main 30b c1909 ic_m4 subgroup table completed_valid t=0.0s
[     37s] main 30b c1909 ic_m4 dickson table completed_valid t=0.0s
[     37s] main 30b c1909 ic_m4 small_x table completed_valid t=0.0s
[     37s] main 30b c1909 ic_m4 random_sub_r0 table completed_valid t=0.0s
[     37s] main 30b c1909 ic_m4 random_sub_r1 table completed_valid t=0.0s
[     37s] main 30b c1909 ic_m4 random_sub_r2 table completed_valid t=0.0s
[     37s] main 30b c1909 ic_m4 known_null_sub table completed_valid t=0.0s
[     37s] main 30b c1909 ic_m4 random_dick_r0 table completed_valid t=0.0s
[     37s] main 30b c1909 ic_m4 random_dick_r1 table completed_valid t=0.0s
[     37s] main 30b c1909 ic_m4 random_dick_r2 table completed_valid t=0.0s
[     37s] main 30b c1909 ic_m4 known_null_dick table completed_valid t=0.0s
