[      0s] main 30b c3710 ic_m4 subgroup table completed_valid t=0.0s
[      0s] main 30b c3710 ic_m4 small_x table completed_valid t=0.0s
[      0s] main 30b c3710 ic_m4 random_sub_r0 table completed_valid t=0.0s
[      0s] main 30b c3710 ic_m4 random_sub_r1 table completed_valid t=0.0s
[      0s] main 30b c3710 ic_m4 random_sub_r2 table completed_valid t=0.0s
[      0s] main 30b c3710 ic_m4 known_null_sub table completed_valid t=0.0s
[      0s] main 30b c3710 ic_m4 planted_sub table completed_valid t=0.0s
[      0s] main 30b c3710 ic_m4 small_x_offset table completed_valid t=0.0s
[      1s] main 30b c3711 ic_m4 subgroup table completed_valid t=0.0s
[      1s] main 30b c3711 ic_m4 small_x table completed_valid t=0.0s
[      1s] main 30b c3711 ic_m4 random_sub_r0 table completed_valid t=0.0s
[      1s] main 30b c3711 ic_m4 random_sub_r1 table completed_valid t=0.0s
[      1s] main 30b c3711 ic_m4 random_sub_r2 table completed_valid t=0.0s
[      1s] main 30b c3711 ic_m4 known_null_sub table completed_valid t=0.0s
[      1s] main 30b c3711 ic_m4 planted_sub table completed_valid t=0.0s
[      1s] main 30b c3711 ic_m4 small_x_offset table completed_valid t=0.0s
[      1s] main 30b c3712 ic_m4 subgroup table completed_valid t=0.0s
[      1s] main 30b c3712 ic_m4 small_x table completed_valid t=0.0s
[      1s] main 30b c3712 ic_m4 random_sub_r0 table completed_valid t=0.0s
[      1s] main 30b c3712 ic_m4 random_sub_r1 table completed_valid t=0.0s
[      1s] main 30b c3712 ic_m4 random_sub_r2 table completed_valid t=0.0s
[      1s] main 30b c3712 ic_m4 known_null_sub table completed_valid t=0.0s
[      1s] main 30b c3712 ic_m4 planted_sub table completed_valid t=0.0s
[      1s] main 30b c3712 ic_m4 small_x_offset table completed_valid t=0.0s
[      1s] main 30b c3713 ic_m4 subgroup table completed_valid t=0.0s
[      1s] main 30b c3713 ic_m4 small_x table completed_valid t=0.0s
[      1s] main 30b c3713 ic_m4 random_sub_r0 table completed_valid t=0.0s
[      1s] main 30b c3713 ic_m4 random_sub_r1 table completed_valid t=0.0s
[      1s] main 30b c3713 ic_m4 random_sub_r2 table completed_valid t=0.0s
[      1s] main 30b c3713 ic_m4 known_null_sub table completed_valid t=0.0s
[      1s] main 30b c3713 ic_m4 planted_sub table completed_valid t=0.0s
[      1s] main 30b c3713 ic_m4 small_x_offset table completed_valid t=0.0s
[      1s] main 30b c3714 ic_m4 subgroup table completed_valid t=0.0s
[      1s] main 30b c3714 ic_m4 small_x table completed_valid t=0.0s
[      1s] main 30b c3714 ic_m4 random_sub_r0 table completed_valid t=0.0s
[      1s] main 30b c3714 ic_m4 random_sub_r1 table completed_valid t=0.0s
[      1s] main 30b c3714 ic_m4 random_sub_r2 table completed_valid t=0.0s
[      1s] main 30b c3714 ic_m4 known_null_sub table completed_valid t=0.0s
[      1s] main 30b c3714 ic_m4 planted_sub table completed_valid t=0.0s
[      1s] main 30b c3714 ic_m4 small_x_offset table completed_valid t=0.0s
[      1s] main 30b c3715 ic_m4 subgroup table completed_valid t=0.0s
[      1s] main 30b c3715 ic_m4 small_x table completed_valid t=0.0s
[      1s] main 30b c3715 ic_m4 random_sub_r0 table completed_valid t=0.0s
[      1s] main 30b c3715 ic_m4 random_sub_r1 table completed_valid t=0.0s
[      1s] main 30b c3715 ic_m4 random_sub_r2 table completed_valid t=0.0s
[      1s] main 30b c3715 ic_m4 known_null_sub table completed_valid t=0.0s
[      1s] main 30b c3715 ic_m4 planted_sub table completed_valid t=0.0s
[      1s] main 30b c3715 ic_m4 small_x_offset table completed_valid t=0.0s
[      2s] main 30b c3716 ic_m4 subgroup table completed_valid t=0.0s
[      2s] main 30b c3716 ic_m4 small_x table completed_valid t=0.0s
[      2s] main 30b c3716 ic_m4 random_sub_r0 table completed_valid t=0.0s
[      2s] main 30b c3716 ic_m4 random_sub_r1 table completed_valid t=0.0s
[      2s] main 30b c3716 ic_m4 random_sub_r2 table completed_valid t=0.0s
[      2s] main 30b c3716 ic_m4 known_null_sub table completed_valid t=0.0s
[      2s] main 30b c3716 ic_m4 planted_sub table completed_valid t=0.0s
[      2s] main 30b c3716 ic_m4 small_x_offset table completed_valid t=0.0s
[      2s] main 30b c3717 ic_m4 subgroup table completed_valid t=0.0s
[      2s] main 30b c3717 ic_m4 small_x table completed_valid t=0.0s
[      2s] main 30b c3717 ic_m4 random_sub_r0 table completed_valid t=0.0s
[      2s] main 30b c3717 ic_m4 random_sub_r1 table completed_valid t=0.0s
[      2s] main 30b c3717 ic_m4 random_sub_r2 table completed_valid t=0.0s
[      2s] main 30b c3717 ic_m4 known_null_sub table completed_valid t=0.0s
[      2s] main 30b c3717 ic_m4 planted_sub table completed_valid t=0.0s
[      2s] main 30b c3717 ic_m4 small_x_offset table completed_valid t=0.0s
[      2s] main 30b c3718 ic_m4 subgroup table completed_valid t=0.0s
[      2s] main 30b c3718 ic_m4 small_x table completed_valid t=0.0s
[      2s] main 30b c3718 ic_m4 random_sub_r0 table completed_valid t=0.0s
[      2s] main 30b c3718 ic_m4 random_sub_r1 table completed_valid t=0.0s
[      2s] main 30b c3718 ic_m4 random_sub_r2 table completed_valid t=0.0s
[      2s] main 30b c3718 ic_m4 known_null_sub table completed_valid t=0.0s
[      2s] main 30b c3718 ic_m4 planted_sub table completed_valid t=0.0s
[      2s] main 30b c3718 ic_m4 small_x_offset table completed_valid t=0.0s
[      3s] main 30b c3719 ic_m4 subgroup table completed_valid t=0.0s
[      3s] main 30b c3719 ic_m4 small_x table completed_valid t=0.0s
[      3s] main 30b c3719 ic_m4 random_sub_r0 table completed_valid t=0.0s
[      3s] main 30b c3719 ic_m4 random_sub_r1 table completed_valid t=0.0s
[      3s] main 30b c3719 ic_m4 random_sub_r2 table completed_valid t=0.0s
[      3s] main 30b c3719 ic_m4 known_null_sub table completed_valid t=0.0s
[      3s] main 30b c3719 ic_m4 planted_sub table completed_valid t=0.0s
[      3s] main 30b c3719 ic_m4 small_x_offset table completed_valid t=0.0s
[      3s] main 30b c3720 ic_m4 subgroup table completed_valid t=0.0s
[      3s] main 30b c3720 ic_m4 small_x table completed_valid t=0.0s
[      3s] main 30b c3720 ic_m4 random_sub_r0 table completed_valid t=0.0s
[      3s] main 30b c3720 ic_m4 random_sub_r1 table completed_valid t=0.0s
[      3s] main 30b c3720 ic_m4 random_sub_r2 table completed_valid t=0.0s
[      3s] main 30b c3720 ic_m4 known_null_sub table completed_valid t=0.0s
[      3s] main 30b c3720 ic_m4 planted_sub table completed_valid t=0.0s
[      3s] main 30b c3720 ic_m4 small_x_offset table completed_valid t=0.0s
[      3s] main 30b c3721 ic_m4 subgroup table completed_valid t=0.0s
[      3s] main 30b c3721 ic_m4 small_x table completed_valid t=0.0s
[      3s] main 30b c3721 ic_m4 random_sub_r0 table completed_valid t=0.0s
[      3s] main 30b c3721 ic_m4 random_sub_r1 table completed_valid t=0.0s
[      3s] main 30b c3721 ic_m4 random_sub_r2 table completed_valid t=0.0s
[      3s] main 30b c3721 ic_m4 known_null_sub table completed_valid t=0.0s
[      3s] main 30b c3721 ic_m4 planted_sub table completed_valid t=0.0s
[      3s] main 30b c3721 ic_m4 small_x_offset table completed_valid t=0.0s
[      3s] main 30b c3722 ic_m4 subgroup table completed_valid t=0.0s
[      3s] main 30b c3722 ic_m4 small_x table completed_valid t=0.0s
[      3s] main 30b c3722 ic_m4 random_sub_r0 table completed_valid t=0.0s
[      3s] main 30b c3722 ic_m4 random_sub_r1 table completed_valid t=0.0s
[      3s] main 30b c3722 ic_m4 random_sub_r2 table completed_valid t=0.0s
[      3s] main 30b c3722 ic_m4 known_null_sub table completed_valid t=0.0s
[      3s] main 30b c3722 ic_m4 planted_sub table completed_valid t=0.0s
[      3s] main 30b c3722 ic_m4 small_x_offset table completed_valid t=0.0s
[      3s] main 30b c3723 ic_m4 subgroup table completed_valid t=0.0s
[      3s] main 30b c3723 ic_m4 small_x table completed_valid t=0.0s
[      3s] main 30b c3723 ic_m4 random_sub_r0 table completed_valid t=0.0s
[      3s] main 30b c3723 ic_m4 random_sub_r1 table completed_valid t=0.0s
[      3s] main 30b c3723 ic_m4 random_sub_r2 table completed_valid t=0.0s
[      3s] main 30b c3723 ic_m4 known_null_sub table completed_valid t=0.0s
[      3s] main 30b c3723 ic_m4 planted_sub table completed_valid t=0.0s
[      3s] main 30b c3723 ic_m4 small_x_offset table completed_valid t=0.0s
[      4s] main 30b c3724 ic_m4 subgroup table completed_valid t=0.0s
[      4s] main 30b c3724 ic_m4 small_x table completed_valid t=0.0s
[      4s] main 30b c3724 ic_m4 random_sub_r0 table completed_valid t=0.0s
[      4s] main 30b c3724 ic_m4 random_sub_r1 table completed_valid t=0.0s
[      4s] main 30b c3724 ic_m4 random_sub_r2 table completed_valid t=0.0s
[      4s] main 30b c3724 ic_m4 known_null_sub table completed_valid t=0.0s
[      4s] main 30b c3724 ic_m4 planted_sub table completed_valid t=0.0s
[      4s] main 30b c3724 ic_m4 small_x_offset table completed_valid t=0.0s
[      4s] main 30b c3725 ic_m4 subgroup table completed_valid t=0.0s
[      4s] main 30b c3725 ic_m4 small_x table completed_valid t=0.0s
[      4s] main 30b c3725 ic_m4 random_sub_r0 table completed_valid t=0.0s
[      4s] main 30b c3725 ic_m4 random_sub_r1 table completed_valid t=0.0s
[      4s] main 30b c3725 ic_m4 random_sub_r2 table completed_valid t=0.0s
[      4s] main 30b c3725 ic_m4 known_null_sub table completed_valid t=0.0s
[      4s] main 30b c3725 ic_m4 planted_sub table completed_valid t=0.0s
[      4s] main 30b c3725 ic_m4 small_x_offset table completed_valid t=0.0s
[      4s] main 30b c3726 ic_m4 subgroup table completed_valid t=0.0s
[      4s] main 30b c3726 ic_m4 small_x table completed_valid t=0.0s
[      4s] main 30b c3726 ic_m4 random_sub_r0 table completed_valid t=0.0s
[      4s] main 30b c3726 ic_m4 random_sub_r1 table completed_valid t=0.0s
[      4s] main 30b c3726 ic_m4 random_sub_r2 table completed_valid t=0.0s
[      4s] main 30b c3726 ic_m4 known_null_sub table completed_valid t=0.0s
[      4s] main 30b c3726 ic_m4 planted_sub table completed_valid t=0.0s
[      4s] main 30b c3726 ic_m4 small_x_offset table completed_valid t=0.0s
[      4s] main 30b c3727 ic_m4 subgroup table completed_valid t=0.0s
[      4s] main 30b c3727 ic_m4 small_x table completed_valid t=0.0s
[      4s] main 30b c3727 ic_m4 random_sub_r0 table completed_valid t=0.0s
[      4s] main 30b c3727 ic_m4 random_sub_r1 table completed_valid t=0.0s
[      4s] main 30b c3727 ic_m4 random_sub_r2 table completed_valid t=0.0s
[      4s] main 30b c3727 ic_m4 known_null_sub table completed_valid t=0.0s
[      4s] main 30b c3727 ic_m4 planted_sub table completed_valid t=0.0s
[      4s] main 30b c3727 ic_m4 small_x_offset table completed_valid t=0.0s
[      4s] main 30b c3728 ic_m4 subgroup table completed_valid t=0.0s
[      4s] main 30b c3728 ic_m4 small_x table completed_valid t=0.0s
[      4s] main 30b c3728 ic_m4 random_sub_r0 table completed_valid t=0.0s
[      4s] main 30b c3728 ic_m4 random_sub_r1 table completed_valid t=0.0s
[      4s] main 30b c3728 ic_m4 random_sub_r2 table completed_valid t=0.0s
[      4s] main 30b c3728 ic_m4 known_null_sub table completed_valid t=0.0s
[      4s] main 30b c3728 ic_m4 planted_sub table completed_valid t=0.0s
[      4s] main 30b c3728 ic_m4 small_x_offset table completed_valid t=0.0s
[      5s] main 30b c3729 ic_m4 subgroup table completed_valid t=0.0s
[      5s] main 30b c3729 ic_m4 small_x table completed_valid t=0.0s
[      5s] main 30b c3729 ic_m4 random_sub_r0 table completed_valid t=0.0s
[      5s] main 30b c3729 ic_m4 random_sub_r1 table completed_valid t=0.0s
[      5s] main 30b c3729 ic_m4 random_sub_r2 table completed_valid t=0.0s
[      5s] main 30b c3729 ic_m4 known_null_sub table completed_valid t=0.0s
[      5s] main 30b c3729 ic_m4 planted_sub table completed_valid t=0.0s
[      5s] main 30b c3729 ic_m4 small_x_offset table completed_valid t=0.0s
[      5s] main 30b c3730 ic_m4 subgroup table completed_valid t=0.0s
[      5s] main 30b c3730 ic_m4 small_x table completed_valid t=0.0s
[      5s] main 30b c3730 ic_m4 random_sub_r0 table completed_valid t=0.0s
[      5s] main 30b c3730 ic_m4 random_sub_r1 table completed_valid t=0.0s
[      5s] main 30b c3730 ic_m4 random_sub_r2 table completed_valid t=0.0s
[      5s] main 30b c3730 ic_m4 known_null_sub table completed_valid t=0.0s
[      5s] main 30b c3730 ic_m4 planted_sub table completed_valid t=0.0s
[      5s] main 30b c3730 ic_m4 small_x_offset table completed_valid t=0.0s
[      5s] main 30b c3731 ic_m4 subgroup table completed_valid t=0.0s
[      5s] main 30b c3731 ic_m4 small_x table completed_valid t=0.0s
[      5s] main 30b c3731 ic_m4 random_sub_r0 table completed_valid t=0.0s
[      5s] main 30b c3731 ic_m4 random_sub_r1 table completed_valid t=0.0s
[      5s] main 30b c3731 ic_m4 random_sub_r2 table completed_valid t=0.0s
[      5s] main 30b c3731 ic_m4 known_null_sub table completed_valid t=0.0s
[      5s] main 30b c3731 ic_m4 planted_sub table completed_valid t=0.0s
[      5s] main 30b c3731 ic_m4 small_x_offset table completed_valid t=0.0s
[      5s] main 30b c3732 ic_m4 subgroup table completed_valid t=0.0s
[      5s] main 30b c3732 ic_m4 small_x table completed_valid t=0.0s
[      5s] main 30b c3732 ic_m4 random_sub_r0 table completed_valid t=0.0s
[      5s] main 30b c3732 ic_m4 random_sub_r1 table completed_valid t=0.0s
[      5s] main 30b c3732 ic_m4 random_sub_r2 table completed_valid t=0.0s
[      5s] main 30b c3732 ic_m4 known_null_sub table completed_valid t=0.0s
[      5s] main 30b c3732 ic_m4 planted_sub table completed_valid t=0.0s
[      5s] main 30b c3732 ic_m4 small_x_offset table completed_valid t=0.0s
[      5s] main 30b c3733 ic_m4 subgroup table completed_valid t=0.0s
[      5s] main 30b c3733 ic_m4 small_x table completed_valid t=0.0s
[      5s] main 30b c3733 ic_m4 random_sub_r0 table completed_valid t=0.0s
[      5s] main 30b c3733 ic_m4 random_sub_r1 table completed_valid t=0.0s
[      5s] main 30b c3733 ic_m4 random_sub_r2 table completed_valid t=0.0s
[      5s] main 30b c3733 ic_m4 known_null_sub table completed_valid t=0.0s
[      5s] main 30b c3733 ic_m4 planted_sub table completed_valid t=0.0s
[      5s] main 30b c3733 ic_m4 small_x_offset table completed_valid t=0.0s
[      6s] main 30b c3734 ic_m4 subgroup table completed_valid t=0.0s
[      6s] main 30b c3734 ic_m4 small_x table completed_valid t=0.0s
[      6s] main 30b c3734 ic_m4 random_sub_r0 table completed_valid t=0.0s
[      6s] main 30b c3734 ic_m4 random_sub_r1 table completed_valid t=0.0s
[      6s] main 30b c3734 ic_m4 random_sub_r2 table completed_valid t=0.0s
[      6s] main 30b c3734 ic_m4 known_null_sub table completed_valid t=0.0s
[      6s] main 30b c3734 ic_m4 planted_sub table completed_valid t=0.0s
[      6s] main 30b c3734 ic_m4 small_x_offset table completed_valid t=0.0s
[      6s] main 30b c3735 ic_m4 subgroup table completed_valid t=0.0s
[      6s] main 30b c3735 ic_m4 small_x table completed_valid t=0.0s
[      6s] main 30b c3735 ic_m4 random_sub_r0 table completed_valid t=0.0s
[      6s] main 30b c3735 ic_m4 random_sub_r1 table completed_valid t=0.0s
[      6s] main 30b c3735 ic_m4 random_sub_r2 table completed_valid t=0.0s
[      6s] main 30b c3735 ic_m4 known_null_sub table completed_valid t=0.0s
[      6s] main 30b c3735 ic_m4 planted_sub table completed_valid t=0.0s
[      6s] main 30b c3735 ic_m4 small_x_offset table completed_valid t=0.0s
[      6s] main 30b c3736 ic_m4 subgroup table completed_valid t=0.0s
[      6s] main 30b c3736 ic_m4 small_x table completed_valid t=0.0s
[      6s] main 30b c3736 ic_m4 random_sub_r0 table completed_valid t=0.0s
[      6s] main 30b c3736 ic_m4 random_sub_r1 table completed_valid t=0.0s
[      6s] main 30b c3736 ic_m4 random_sub_r2 table completed_valid t=0.0s
[      6s] main 30b c3736 ic_m4 known_null_sub table completed_valid t=0.0s
[      6s] main 30b c3736 ic_m4 planted_sub table completed_valid t=0.0s
[      6s] main 30b c3736 ic_m4 small_x_offset table completed_valid t=0.0s
[      6s] main 30b c3737 ic_m4 subgroup table completed_valid t=0.0s
[      6s] main 30b c3737 ic_m4 small_x table completed_valid t=0.0s
[      6s] main 30b c3737 ic_m4 random_sub_r0 table completed_valid t=0.0s
[      6s] main 30b c3737 ic_m4 random_sub_r1 table completed_valid t=0.0s
[      6s] main 30b c3737 ic_m4 random_sub_r2 table completed_valid t=0.0s
[      6s] main 30b c3737 ic_m4 known_null_sub table completed_valid t=0.0s
[      6s] main 30b c3737 ic_m4 planted_sub table completed_valid t=0.0s
[      6s] main 30b c3737 ic_m4 small_x_offset table completed_valid t=0.0s
[      7s] main 30b c3738 ic_m4 subgroup table completed_valid t=0.0s
[      7s] main 30b c3738 ic_m4 small_x table completed_valid t=0.0s
[      7s] main 30b c3738 ic_m4 random_sub_r0 table completed_valid t=0.0s
[      7s] main 30b c3738 ic_m4 random_sub_r1 table completed_valid t=0.0s
[      7s] main 30b c3738 ic_m4 random_sub_r2 table completed_valid t=0.0s
[      7s] main 30b c3738 ic_m4 known_null_sub table completed_valid t=0.0s
[      7s] main 30b c3738 ic_m4 planted_sub table completed_valid t=0.0s
[      7s] main 30b c3738 ic_m4 small_x_offset table completed_valid t=0.0s
[      7s] main 30b c3739 ic_m4 subgroup table completed_valid t=0.0s
[      7s] main 30b c3739 ic_m4 small_x table completed_valid t=0.0s
[      7s] main 30b c3739 ic_m4 random_sub_r0 table completed_valid t=0.0s
[      7s] main 30b c3739 ic_m4 random_sub_r1 table completed_valid t=0.0s
[      7s] main 30b c3739 ic_m4 random_sub_r2 table completed_valid t=0.0s
[      7s] main 30b c3739 ic_m4 known_null_sub table completed_valid t=0.0s
[      7s] main 30b c3739 ic_m4 planted_sub table completed_valid t=0.0s
[      7s] main 30b c3739 ic_m4 small_x_offset table completed_valid t=0.0s
[      7s] main 30b c3740 ic_m4 subgroup table completed_valid t=0.0s
[      7s] main 30b c3740 ic_m4 small_x table completed_valid t=0.0s
[      7s] main 30b c3740 ic_m4 random_sub_r0 table completed_valid t=0.0s
[      7s] main 30b c3740 ic_m4 random_sub_r1 table completed_valid t=0.0s
[      7s] main 30b c3740 ic_m4 random_sub_r2 table completed_valid t=0.0s
[      7s] main 30b c3740 ic_m4 known_null_sub table completed_valid t=0.0s
[      7s] main 30b c3740 ic_m4 planted_sub table completed_valid t=0.0s
[      7s] main 30b c3740 ic_m4 small_x_offset table completed_valid t=0.0s
[      7s] main 30b c3741 ic_m4 subgroup table completed_valid t=0.0s
[      7s] main 30b c3741 ic_m4 small_x table completed_valid t=0.0s
[      7s] main 30b c3741 ic_m4 random_sub_r0 table completed_valid t=0.0s
[      7s] main 30b c3741 ic_m4 random_sub_r1 table completed_valid t=0.0s
[      7s] main 30b c3741 ic_m4 random_sub_r2 table completed_valid t=0.0s
[      7s] main 30b c3741 ic_m4 known_null_sub table completed_valid t=0.0s
[      7s] main 30b c3741 ic_m4 planted_sub table completed_valid t=0.0s
[      7s] main 30b c3741 ic_m4 small_x_offset table completed_valid t=0.0s
[      7s] main 30b c3742 ic_m4 subgroup table completed_valid t=0.0s
[      7s] main 30b c3742 ic_m4 small_x table completed_valid t=0.0s
[      7s] main 30b c3742 ic_m4 random_sub_r0 table completed_valid t=0.0s
[      7s] main 30b c3742 ic_m4 random_sub_r1 table completed_valid t=0.0s
[      7s] main 30b c3742 ic_m4 random_sub_r2 table completed_valid t=0.0s
[      7s] main 30b c3742 ic_m4 known_null_sub table completed_valid t=0.0s
[      7s] main 30b c3742 ic_m4 planted_sub table completed_valid t=0.0s
[      7s] main 30b c3742 ic_m4 small_x_offset table completed_valid t=0.0s
[      8s] main 30b c3743 ic_m4 subgroup table completed_valid t=0.0s
[      8s] main 30b c3743 ic_m4 small_x table completed_valid t=0.0s
[      8s] main 30b c3743 ic_m4 random_sub_r0 table completed_valid t=0.0s
[      8s] main 30b c3743 ic_m4 random_sub_r1 table completed_valid t=0.0s
[      8s] main 30b c3743 ic_m4 random_sub_r2 table completed_valid t=0.0s
[      8s] main 30b c3743 ic_m4 known_null_sub table completed_valid t=0.0s
[      8s] main 30b c3743 ic_m4 planted_sub table completed_valid t=0.0s
[      8s] main 30b c3743 ic_m4 small_x_offset table completed_valid t=0.0s
[      8s] main 30b c3744 ic_m4 subgroup table completed_valid t=0.0s
[      8s] main 30b c3744 ic_m4 small_x table completed_valid t=0.0s
[      8s] main 30b c3744 ic_m4 random_sub_r0 table completed_valid t=0.0s
[      8s] main 30b c3744 ic_m4 random_sub_r1 table completed_valid t=0.0s
[      8s] main 30b c3744 ic_m4 random_sub_r2 table completed_valid t=0.0s
[      8s] main 30b c3744 ic_m4 known_null_sub table completed_valid t=0.0s
[      8s] main 30b c3744 ic_m4 planted_sub table completed_valid t=0.0s
[      8s] main 30b c3744 ic_m4 small_x_offset table completed_valid t=0.0s
[      8s] main 30b c3745 ic_m4 subgroup table completed_valid t=0.0s
[      8s] main 30b c3745 ic_m4 small_x table completed_valid t=0.0s
[      8s] main 30b c3745 ic_m4 random_sub_r0 table completed_valid t=0.0s
[      8s] main 30b c3745 ic_m4 random_sub_r1 table completed_valid t=0.0s
[      8s] main 30b c3745 ic_m4 random_sub_r2 table completed_valid t=0.0s
[      8s] main 30b c3745 ic_m4 known_null_sub table completed_valid t=0.0s
[      8s] main 30b c3745 ic_m4 planted_sub table completed_valid t=0.0s
[      8s] main 30b c3745 ic_m4 small_x_offset table completed_valid t=0.0s
[      8s] main 30b c3746 ic_m4 subgroup table completed_valid t=0.0s
[      8s] main 30b c3746 ic_m4 small_x table completed_valid t=0.0s
[      8s] main 30b c3746 ic_m4 random_sub_r0 table completed_valid t=0.0s
[      8s] main 30b c3746 ic_m4 random_sub_r1 table completed_valid t=0.0s
[      8s] main 30b c3746 ic_m4 random_sub_r2 table completed_valid t=0.0s
[      8s] main 30b c3746 ic_m4 known_null_sub table completed_valid t=0.0s
[      8s] main 30b c3746 ic_m4 planted_sub table completed_valid t=0.0s
[      8s] main 30b c3746 ic_m4 small_x_offset table completed_valid t=0.0s
[      8s] main 30b c3747 ic_m4 subgroup table completed_valid t=0.0s
[      8s] main 30b c3747 ic_m4 small_x table completed_valid t=0.0s
[      8s] main 30b c3747 ic_m4 random_sub_r0 table completed_valid t=0.0s
[      8s] main 30b c3747 ic_m4 random_sub_r1 table completed_valid t=0.0s
[      8s] main 30b c3747 ic_m4 random_sub_r2 table completed_valid t=0.0s
[      8s] main 30b c3747 ic_m4 known_null_sub table completed_valid t=0.0s
[      8s] main 30b c3747 ic_m4 planted_sub table completed_valid t=0.0s
[      8s] main 30b c3747 ic_m4 small_x_offset table completed_valid t=0.0s
[      9s] main 30b c3748 ic_m4 subgroup table completed_valid t=0.0s
[      9s] main 30b c3748 ic_m4 small_x table completed_valid t=0.0s
[      9s] main 30b c3748 ic_m4 random_sub_r0 table completed_valid t=0.0s
[      9s] main 30b c3748 ic_m4 random_sub_r1 table completed_valid t=0.0s
[      9s] main 30b c3748 ic_m4 random_sub_r2 table completed_valid t=0.0s
[      9s] main 30b c3748 ic_m4 known_null_sub table completed_valid t=0.0s
[      9s] main 30b c3748 ic_m4 planted_sub table completed_valid t=0.0s
[      9s] main 30b c3748 ic_m4 small_x_offset table completed_valid t=0.0s
[      9s] main 30b c3749 ic_m4 subgroup table completed_valid t=0.0s
[      9s] main 30b c3749 ic_m4 small_x table completed_valid t=0.0s
[      9s] main 30b c3749 ic_m4 random_sub_r0 table completed_valid t=0.0s
[      9s] main 30b c3749 ic_m4 random_sub_r1 table completed_valid t=0.0s
[      9s] main 30b c3749 ic_m4 random_sub_r2 table completed_valid t=0.0s
[      9s] main 30b c3749 ic_m4 known_null_sub table completed_valid t=0.0s
[      9s] main 30b c3749 ic_m4 planted_sub table completed_valid t=0.0s
[      9s] main 30b c3749 ic_m4 small_x_offset table completed_valid t=0.0s
[      9s] main 30b c3750 ic_m4 subgroup table completed_valid t=0.0s
[      9s] main 30b c3750 ic_m4 small_x table completed_valid t=0.0s
[      9s] main 30b c3750 ic_m4 random_sub_r0 table completed_valid t=0.0s
[      9s] main 30b c3750 ic_m4 random_sub_r1 table completed_valid t=0.0s
[      9s] main 30b c3750 ic_m4 random_sub_r2 table completed_valid t=0.0s
[      9s] main 30b c3750 ic_m4 known_null_sub table completed_valid t=0.0s
[      9s] main 30b c3750 ic_m4 planted_sub table completed_valid t=0.0s
[      9s] main 30b c3750 ic_m4 small_x_offset table completed_valid t=0.0s
[      9s] main 30b c3751 ic_m4 subgroup table completed_valid t=0.0s
[      9s] main 30b c3751 ic_m4 small_x table completed_valid t=0.0s
[      9s] main 30b c3751 ic_m4 random_sub_r0 table completed_valid t=0.0s
[      9s] main 30b c3751 ic_m4 random_sub_r1 table completed_valid t=0.0s
[      9s] main 30b c3751 ic_m4 random_sub_r2 table completed_valid t=0.0s
[      9s] main 30b c3751 ic_m4 known_null_sub table completed_valid t=0.0s
[      9s] main 30b c3751 ic_m4 planted_sub table completed_valid t=0.0s
[      9s] main 30b c3751 ic_m4 small_x_offset table completed_valid t=0.0s
[     10s] main 30b c3752 ic_m4 subgroup table completed_valid t=0.0s
[     10s] main 30b c3752 ic_m4 small_x table completed_valid t=0.0s
[     10s] main 30b c3752 ic_m4 random_sub_r0 table completed_valid t=0.0s
[     10s] main 30b c3752 ic_m4 random_sub_r1 table completed_valid t=0.0s
[     10s] main 30b c3752 ic_m4 random_sub_r2 table completed_valid t=0.0s
[     10s] main 30b c3752 ic_m4 known_null_sub table completed_valid t=0.0s
[     10s] main 30b c3752 ic_m4 planted_sub table completed_valid t=0.0s
[     10s] main 30b c3752 ic_m4 small_x_offset table completed_valid t=0.0s
[     10s] main 30b c3753 ic_m4 subgroup table completed_valid t=0.0s
[     10s] main 30b c3753 ic_m4 small_x table completed_valid t=0.0s
[     10s] main 30b c3753 ic_m4 random_sub_r0 table completed_valid t=0.0s
[     10s] main 30b c3753 ic_m4 random_sub_r1 table completed_valid t=0.0s
[     10s] main 30b c3753 ic_m4 random_sub_r2 table completed_valid t=0.0s
[     10s] main 30b c3753 ic_m4 known_null_sub table completed_valid t=0.0s
[     10s] main 30b c3753 ic_m4 planted_sub table completed_valid t=0.0s
[     10s] main 30b c3753 ic_m4 small_x_offset table completed_valid t=0.0s
[     10s] main 30b c3754 ic_m4 subgroup table completed_valid t=0.0s
[     10s] main 30b c3754 ic_m4 small_x table completed_valid t=0.0s
[     10s] main 30b c3754 ic_m4 random_sub_r0 table completed_valid t=0.0s
[     10s] main 30b c3754 ic_m4 random_sub_r1 table completed_valid t=0.0s
[     10s] main 30b c3754 ic_m4 random_sub_r2 table completed_valid t=0.0s
[     10s] main 30b c3754 ic_m4 known_null_sub table completed_valid t=0.0s
[     10s] main 30b c3754 ic_m4 planted_sub table completed_valid t=0.0s
[     10s] main 30b c3754 ic_m4 small_x_offset table completed_valid t=0.0s
[     10s] main 30b c3755 ic_m4 subgroup table completed_valid t=0.0s
[     10s] main 30b c3755 ic_m4 small_x table completed_valid t=0.0s
[     10s] main 30b c3755 ic_m4 random_sub_r0 table completed_valid t=0.0s
[     10s] main 30b c3755 ic_m4 random_sub_r1 table completed_valid t=0.0s
[     10s] main 30b c3755 ic_m4 random_sub_r2 table completed_valid t=0.0s
[     10s] main 30b c3755 ic_m4 known_null_sub table completed_valid t=0.0s
[     10s] main 30b c3755 ic_m4 planted_sub table completed_valid t=0.0s
[     10s] main 30b c3755 ic_m4 small_x_offset table completed_valid t=0.0s
[     11s] main 30b c3756 ic_m4 subgroup table completed_valid t=0.0s
[     11s] main 30b c3756 ic_m4 small_x table completed_valid t=0.0s
[     11s] main 30b c3756 ic_m4 random_sub_r0 table completed_valid t=0.0s
[     11s] main 30b c3756 ic_m4 random_sub_r1 table completed_valid t=0.0s
[     11s] main 30b c3756 ic_m4 random_sub_r2 table completed_valid t=0.0s
[     11s] main 30b c3756 ic_m4 known_null_sub table completed_valid t=0.0s
[     11s] main 30b c3756 ic_m4 planted_sub table completed_valid t=0.0s
[     11s] main 30b c3756 ic_m4 small_x_offset table completed_valid t=0.0s
[     11s] main 30b c3757 ic_m4 subgroup table completed_valid t=0.0s
[     11s] main 30b c3757 ic_m4 small_x table completed_valid t=0.0s
[     11s] main 30b c3757 ic_m4 random_sub_r0 table completed_valid t=0.0s
[     11s] main 30b c3757 ic_m4 random_sub_r1 table completed_valid t=0.0s
[     11s] main 30b c3757 ic_m4 random_sub_r2 table completed_valid t=0.0s
[     11s] main 30b c3757 ic_m4 known_null_sub table completed_valid t=0.0s
[     11s] main 30b c3757 ic_m4 planted_sub table completed_valid t=0.0s
[     11s] main 30b c3757 ic_m4 small_x_offset table completed_valid t=0.0s
[     11s] main 30b c3758 ic_m4 subgroup table completed_valid t=0.0s
[     11s] main 30b c3758 ic_m4 small_x table completed_valid t=0.0s
[     11s] main 30b c3758 ic_m4 random_sub_r0 table completed_valid t=0.0s
[     11s] main 30b c3758 ic_m4 random_sub_r1 table completed_valid t=0.0s
[     11s] main 30b c3758 ic_m4 random_sub_r2 table completed_valid t=0.0s
[     11s] main 30b c3758 ic_m4 known_null_sub table completed_valid t=0.0s
[     11s] main 30b c3758 ic_m4 planted_sub table completed_valid t=0.0s
[     11s] main 30b c3758 ic_m4 small_x_offset table completed_valid t=0.0s
[     11s] main 30b c3759 ic_m4 subgroup table completed_valid t=0.0s
[     11s] main 30b c3759 ic_m4 small_x table completed_valid t=0.0s
[     11s] main 30b c3759 ic_m4 random_sub_r0 table completed_valid t=0.0s
[     11s] main 30b c3759 ic_m4 random_sub_r1 table completed_valid t=0.0s
[     11s] main 30b c3759 ic_m4 random_sub_r2 table completed_valid t=0.0s
[     11s] main 30b c3759 ic_m4 known_null_sub table completed_valid t=0.0s
[     11s] main 30b c3759 ic_m4 planted_sub table completed_valid t=0.0s
[     11s] main 30b c3759 ic_m4 small_x_offset table completed_valid t=0.0s
[     12s] main 30b c3760 ic_m4 subgroup table completed_valid t=0.0s
[     12s] main 30b c3760 ic_m4 small_x table completed_valid t=0.0s
[     12s] main 30b c3760 ic_m4 random_sub_r0 table completed_valid t=0.0s
[     12s] main 30b c3760 ic_m4 random_sub_r1 table completed_valid t=0.0s
[     12s] main 30b c3760 ic_m4 random_sub_r2 table completed_valid t=0.0s
[     12s] main 30b c3760 ic_m4 known_null_sub table completed_valid t=0.0s
[     12s] main 30b c3760 ic_m4 planted_sub table completed_valid t=0.0s
[     12s] main 30b c3760 ic_m4 small_x_offset table completed_valid t=0.0s
[     12s] main 30b c3761 ic_m4 subgroup table completed_valid t=0.0s
[     12s] main 30b c3761 ic_m4 small_x table completed_valid t=0.0s
[     12s] main 30b c3761 ic_m4 random_sub_r0 table completed_valid t=0.0s
[     12s] main 30b c3761 ic_m4 random_sub_r1 table completed_valid t=0.0s
[     12s] main 30b c3761 ic_m4 random_sub_r2 table completed_valid t=0.0s
[     12s] main 30b c3761 ic_m4 known_null_sub table completed_valid t=0.0s
[     12s] main 30b c3761 ic_m4 planted_sub table completed_valid t=0.0s
[     12s] main 30b c3761 ic_m4 small_x_offset table completed_valid t=0.0s
[     12s] main 30b c3762 ic_m4 subgroup table completed_valid t=0.0s
[     12s] main 30b c3762 ic_m4 small_x table completed_valid t=0.0s
[     12s] main 30b c3762 ic_m4 random_sub_r0 table completed_valid t=0.0s
[     12s] main 30b c3762 ic_m4 random_sub_r1 table completed_valid t=0.0s
[     12s] main 30b c3762 ic_m4 random_sub_r2 table completed_valid t=0.0s
[     12s] main 30b c3762 ic_m4 known_null_sub table completed_valid t=0.0s
[     12s] main 30b c3762 ic_m4 planted_sub table completed_valid t=0.0s
[     12s] main 30b c3762 ic_m4 small_x_offset table completed_valid t=0.0s
[     12s] main 30b c3763 ic_m4 subgroup table completed_valid t=0.0s
[     12s] main 30b c3763 ic_m4 small_x table completed_valid t=0.0s
[     12s] main 30b c3763 ic_m4 random_sub_r0 table completed_valid t=0.0s
[     12s] main 30b c3763 ic_m4 random_sub_r1 table completed_valid t=0.0s
[     12s] main 30b c3763 ic_m4 random_sub_r2 table completed_valid t=0.0s
[     12s] main 30b c3763 ic_m4 known_null_sub table completed_valid t=0.0s
[     12s] main 30b c3763 ic_m4 planted_sub table completed_valid t=0.0s
[     12s] main 30b c3763 ic_m4 small_x_offset table completed_valid t=0.0s
[     13s] main 30b c3764 ic_m4 subgroup table completed_valid t=0.0s
[     13s] main 30b c3764 ic_m4 small_x table completed_valid t=0.0s
[     13s] main 30b c3764 ic_m4 random_sub_r0 table completed_valid t=0.0s
[     13s] main 30b c3764 ic_m4 random_sub_r1 table completed_valid t=0.0s
[     13s] main 30b c3764 ic_m4 random_sub_r2 table completed_valid t=0.0s
[     13s] main 30b c3764 ic_m4 known_null_sub table completed_valid t=0.0s
[     13s] main 30b c3764 ic_m4 planted_sub table completed_valid t=0.0s
[     13s] main 30b c3764 ic_m4 small_x_offset table completed_valid t=0.0s
[     13s] main 30b c3765 ic_m4 subgroup table completed_valid t=0.0s
[     13s] main 30b c3765 ic_m4 small_x table completed_valid t=0.0s
[     13s] main 30b c3765 ic_m4 random_sub_r0 table completed_valid t=0.0s
[     13s] main 30b c3765 ic_m4 random_sub_r1 table completed_valid t=0.0s
[     13s] main 30b c3765 ic_m4 random_sub_r2 table completed_valid t=0.0s
[     13s] main 30b c3765 ic_m4 known_null_sub table completed_valid t=0.0s
[     13s] main 30b c3765 ic_m4 planted_sub table completed_valid t=0.0s
[     13s] main 30b c3765 ic_m4 small_x_offset table completed_valid t=0.0s
[     13s] main 30b c3766 ic_m4 subgroup table completed_valid t=0.0s
[     13s] main 30b c3766 ic_m4 small_x table completed_valid t=0.0s
[     13s] main 30b c3766 ic_m4 random_sub_r0 table completed_valid t=0.0s
[     13s] main 30b c3766 ic_m4 random_sub_r1 table completed_valid t=0.0s
[     13s] main 30b c3766 ic_m4 random_sub_r2 table completed_valid t=0.0s
[     13s] main 30b c3766 ic_m4 known_null_sub table completed_valid t=0.0s
[     13s] main 30b c3766 ic_m4 planted_sub table completed_valid t=0.0s
[     13s] main 30b c3766 ic_m4 small_x_offset table completed_valid t=0.0s
[     13s] main 30b c3767 ic_m4 subgroup table completed_valid t=0.0s
[     13s] main 30b c3767 ic_m4 small_x table completed_valid t=0.0s
[     13s] main 30b c3767 ic_m4 random_sub_r0 table completed_valid t=0.0s
[     13s] main 30b c3767 ic_m4 random_sub_r1 table completed_valid t=0.0s
[     13s] main 30b c3767 ic_m4 random_sub_r2 table completed_valid t=0.0s
[     13s] main 30b c3767 ic_m4 known_null_sub table completed_valid t=0.0s
[     13s] main 30b c3767 ic_m4 planted_sub table completed_valid t=0.0s
[     13s] main 30b c3767 ic_m4 small_x_offset table completed_valid t=0.0s
[     14s] main 30b c3768 ic_m4 subgroup table completed_valid t=0.0s
[     14s] main 30b c3768 ic_m4 small_x table completed_valid t=0.0s
[     14s] main 30b c3768 ic_m4 random_sub_r0 table completed_valid t=0.0s
[     14s] main 30b c3768 ic_m4 random_sub_r1 table completed_valid t=0.0s
[     14s] main 30b c3768 ic_m4 random_sub_r2 table completed_valid t=0.0s
[     14s] main 30b c3768 ic_m4 known_null_sub table completed_valid t=0.0s
[     14s] main 30b c3768 ic_m4 planted_sub table completed_valid t=0.0s
[     14s] main 30b c3768 ic_m4 small_x_offset table completed_valid t=0.0s
[     14s] main 30b c3769 ic_m4 subgroup table completed_valid t=0.0s
[     14s] main 30b c3769 ic_m4 small_x table completed_valid t=0.0s
[     14s] main 30b c3769 ic_m4 random_sub_r0 table completed_valid t=0.0s
[     14s] main 30b c3769 ic_m4 random_sub_r1 table completed_valid t=0.0s
[     14s] main 30b c3769 ic_m4 random_sub_r2 table completed_valid t=0.0s
[     14s] main 30b c3769 ic_m4 known_null_sub table completed_valid t=0.0s
[     14s] main 30b c3769 ic_m4 planted_sub table completed_valid t=0.0s
[     14s] main 30b c3769 ic_m4 small_x_offset table completed_valid t=0.0s
[     14s] main 30b c3770 ic_m4 subgroup table completed_valid t=0.0s
[     14s] main 30b c3770 ic_m4 small_x table completed_valid t=0.0s
[     14s] main 30b c3770 ic_m4 random_sub_r0 table completed_valid t=0.0s
[     14s] main 30b c3770 ic_m4 random_sub_r1 table completed_valid t=0.0s
[     14s] main 30b c3770 ic_m4 random_sub_r2 table completed_valid t=0.0s
[     14s] main 30b c3770 ic_m4 known_null_sub table completed_valid t=0.0s
[     14s] main 30b c3770 ic_m4 planted_sub table completed_valid t=0.0s
[     14s] main 30b c3770 ic_m4 small_x_offset table completed_valid t=0.0s
[     14s] main 30b c3771 ic_m4 subgroup table completed_valid t=0.0s
[     14s] main 30b c3771 ic_m4 small_x table completed_valid t=0.0s
[     14s] main 30b c3771 ic_m4 random_sub_r0 table completed_valid t=0.0s
[     14s] main 30b c3771 ic_m4 random_sub_r1 table completed_valid t=0.0s
[     14s] main 30b c3771 ic_m4 random_sub_r2 table completed_valid t=0.0s
[     14s] main 30b c3771 ic_m4 known_null_sub table completed_valid t=0.0s
[     14s] main 30b c3771 ic_m4 planted_sub table completed_valid t=0.0s
[     14s] main 30b c3771 ic_m4 small_x_offset table completed_valid t=0.0s
[     15s] main 30b c3772 ic_m4 subgroup table completed_valid t=0.0s
[     15s] main 30b c3772 ic_m4 small_x table completed_valid t=0.0s
[     15s] main 30b c3772 ic_m4 random_sub_r0 table completed_valid t=0.0s
[     15s] main 30b c3772 ic_m4 random_sub_r1 table completed_valid t=0.0s
[     15s] main 30b c3772 ic_m4 random_sub_r2 table completed_valid t=0.0s
[     15s] main 30b c3772 ic_m4 known_null_sub table completed_valid t=0.0s
[     15s] main 30b c3772 ic_m4 planted_sub table completed_valid t=0.0s
[     15s] main 30b c3772 ic_m4 small_x_offset table completed_valid t=0.0s
[     15s] main 30b c3773 ic_m4 subgroup table completed_valid t=0.0s
[     15s] main 30b c3773 ic_m4 small_x table completed_valid t=0.0s
[     15s] main 30b c3773 ic_m4 random_sub_r0 table completed_valid t=0.0s
[     15s] main 30b c3773 ic_m4 random_sub_r1 table completed_valid t=0.0s
[     15s] main 30b c3773 ic_m4 random_sub_r2 table completed_valid t=0.0s
[     15s] main 30b c3773 ic_m4 known_null_sub table completed_valid t=0.0s
[     15s] main 30b c3773 ic_m4 planted_sub table completed_valid t=0.0s
[     15s] main 30b c3773 ic_m4 small_x_offset table completed_valid t=0.0s
[     15s] main 30b c3774 ic_m4 subgroup table completed_valid t=0.0s
[     15s] main 30b c3774 ic_m4 small_x table completed_valid t=0.0s
[     15s] main 30b c3774 ic_m4 random_sub_r0 table completed_valid t=0.0s
[     15s] main 30b c3774 ic_m4 random_sub_r1 table completed_valid t=0.0s
[     15s] main 30b c3774 ic_m4 random_sub_r2 table completed_valid t=0.0s
[     15s] main 30b c3774 ic_m4 known_null_sub table completed_valid t=0.0s
[     15s] main 30b c3774 ic_m4 planted_sub table completed_valid t=0.0s
[     15s] main 30b c3774 ic_m4 small_x_offset table completed_valid t=0.0s
[     15s] main 30b c3775 ic_m4 subgroup table completed_valid t=0.0s
[     15s] main 30b c3775 ic_m4 small_x table completed_valid t=0.0s
[     15s] main 30b c3775 ic_m4 random_sub_r0 table completed_valid t=0.0s
[     15s] main 30b c3775 ic_m4 random_sub_r1 table completed_valid t=0.0s
[     15s] main 30b c3775 ic_m4 random_sub_r2 table completed_valid t=0.0s
[     15s] main 30b c3775 ic_m4 known_null_sub table completed_valid t=0.0s
[     15s] main 30b c3775 ic_m4 planted_sub table completed_valid t=0.0s
[     15s] main 30b c3775 ic_m4 small_x_offset table completed_valid t=0.0s
[     15s] main 30b c3776 ic_m4 subgroup table completed_valid t=0.0s
[     15s] main 30b c3776 ic_m4 small_x table completed_valid t=0.0s
[     15s] main 30b c3776 ic_m4 random_sub_r0 table completed_valid t=0.0s
[     15s] main 30b c3776 ic_m4 random_sub_r1 table completed_valid t=0.0s
[     15s] main 30b c3776 ic_m4 random_sub_r2 table completed_valid t=0.0s
[     15s] main 30b c3776 ic_m4 known_null_sub table completed_valid t=0.0s
[     15s] main 30b c3776 ic_m4 planted_sub table completed_valid t=0.0s
[     15s] main 30b c3776 ic_m4 small_x_offset table completed_valid t=0.0s
[     16s] main 30b c3777 ic_m4 subgroup table completed_valid t=0.0s
[     16s] main 30b c3777 ic_m4 small_x table completed_valid t=0.0s
[     16s] main 30b c3777 ic_m4 random_sub_r0 table completed_valid t=0.0s
[     16s] main 30b c3777 ic_m4 random_sub_r1 table completed_valid t=0.0s
[     16s] main 30b c3777 ic_m4 random_sub_r2 table completed_valid t=0.0s
[     16s] main 30b c3777 ic_m4 known_null_sub table completed_valid t=0.0s
[     16s] main 30b c3777 ic_m4 planted_sub table completed_valid t=0.0s
[     16s] main 30b c3777 ic_m4 small_x_offset table completed_valid t=0.0s
[     16s] main 30b c3778 ic_m4 subgroup table completed_valid t=0.0s
[     16s] main 30b c3778 ic_m4 small_x table completed_valid t=0.0s
[     16s] main 30b c3778 ic_m4 random_sub_r0 table completed_valid t=0.0s
[     16s] main 30b c3778 ic_m4 random_sub_r1 table completed_valid t=0.0s
[     16s] main 30b c3778 ic_m4 random_sub_r2 table completed_valid t=0.0s
[     16s] main 30b c3778 ic_m4 known_null_sub table completed_valid t=0.0s
[     16s] main 30b c3778 ic_m4 planted_sub table completed_valid t=0.0s
[     16s] main 30b c3778 ic_m4 small_x_offset table completed_valid t=0.0s
[     16s] main 30b c3779 ic_m4 subgroup table completed_valid t=0.0s
[     16s] main 30b c3779 ic_m4 small_x table completed_valid t=0.0s
[     16s] main 30b c3779 ic_m4 random_sub_r0 table completed_valid t=0.0s
[     16s] main 30b c3779 ic_m4 random_sub_r1 table completed_valid t=0.0s
[     16s] main 30b c3779 ic_m4 random_sub_r2 table completed_valid t=0.0s
[     16s] main 30b c3779 ic_m4 known_null_sub table completed_valid t=0.0s
[     16s] main 30b c3779 ic_m4 planted_sub table completed_valid t=0.0s
[     16s] main 30b c3779 ic_m4 small_x_offset table completed_valid t=0.0s
[     16s] main 30b c3780 ic_m4 subgroup table completed_valid t=0.0s
[     16s] main 30b c3780 ic_m4 small_x table completed_valid t=0.0s
[     16s] main 30b c3780 ic_m4 random_sub_r0 table completed_valid t=0.0s
[     16s] main 30b c3780 ic_m4 random_sub_r1 table completed_valid t=0.0s
[     16s] main 30b c3780 ic_m4 random_sub_r2 table completed_valid t=0.0s
[     16s] main 30b c3780 ic_m4 known_null_sub table completed_valid t=0.0s
[     16s] main 30b c3780 ic_m4 planted_sub table completed_valid t=0.0s
[     16s] main 30b c3780 ic_m4 small_x_offset table completed_valid t=0.0s
[     17s] main 30b c3781 ic_m4 subgroup table completed_valid t=0.0s
[     17s] main 30b c3781 ic_m4 small_x table completed_valid t=0.0s
[     17s] main 30b c3781 ic_m4 random_sub_r0 table completed_valid t=0.0s
[     17s] main 30b c3781 ic_m4 random_sub_r1 table completed_valid t=0.0s
[     17s] main 30b c3781 ic_m4 random_sub_r2 table completed_valid t=0.0s
[     17s] main 30b c3781 ic_m4 known_null_sub table completed_valid t=0.0s
[     17s] main 30b c3781 ic_m4 planted_sub table completed_valid t=0.0s
[     17s] main 30b c3781 ic_m4 small_x_offset table completed_valid t=0.0s
[     17s] main 30b c3782 ic_m4 subgroup table completed_valid t=0.0s
[     17s] main 30b c3782 ic_m4 small_x table completed_valid t=0.0s
[     17s] main 30b c3782 ic_m4 random_sub_r0 table completed_valid t=0.0s
[     17s] main 30b c3782 ic_m4 random_sub_r1 table completed_valid t=0.0s
[     17s] main 30b c3782 ic_m4 random_sub_r2 table completed_valid t=0.0s
[     17s] main 30b c3782 ic_m4 known_null_sub table completed_valid t=0.0s
[     17s] main 30b c3782 ic_m4 planted_sub table completed_valid t=0.0s
[     17s] main 30b c3782 ic_m4 small_x_offset table completed_valid t=0.0s
[     17s] main 30b c3783 ic_m4 subgroup table completed_valid t=0.0s
[     17s] main 30b c3783 ic_m4 small_x table completed_valid t=0.0s
[     17s] main 30b c3783 ic_m4 random_sub_r0 table completed_valid t=0.0s
[     17s] main 30b c3783 ic_m4 random_sub_r1 table completed_valid t=0.0s
[     17s] main 30b c3783 ic_m4 random_sub_r2 table completed_valid t=0.0s
[     17s] main 30b c3783 ic_m4 known_null_sub table completed_valid t=0.0s
[     17s] main 30b c3783 ic_m4 planted_sub table completed_valid t=0.0s
[     17s] main 30b c3783 ic_m4 small_x_offset table completed_valid t=0.0s
[     18s] main 30b c3784 ic_m4 subgroup table completed_valid t=0.0s
[     18s] main 30b c3784 ic_m4 small_x table completed_valid t=0.0s
[     18s] main 30b c3784 ic_m4 random_sub_r0 table completed_valid t=0.0s
[     18s] main 30b c3784 ic_m4 random_sub_r1 table completed_valid t=0.0s
[     18s] main 30b c3784 ic_m4 random_sub_r2 table completed_valid t=0.0s
[     18s] main 30b c3784 ic_m4 known_null_sub table completed_valid t=0.0s
[     18s] main 30b c3784 ic_m4 planted_sub table completed_valid t=0.0s
[     18s] main 30b c3784 ic_m4 small_x_offset table completed_valid t=0.0s
[     18s] main 30b c3785 ic_m4 subgroup table completed_valid t=0.0s
[     18s] main 30b c3785 ic_m4 small_x table completed_valid t=0.0s
[     18s] main 30b c3785 ic_m4 random_sub_r0 table completed_valid t=0.0s
[     18s] main 30b c3785 ic_m4 random_sub_r1 table completed_valid t=0.0s
[     18s] main 30b c3785 ic_m4 random_sub_r2 table completed_valid t=0.0s
[     18s] main 30b c3785 ic_m4 known_null_sub table completed_valid t=0.0s
[     18s] main 30b c3785 ic_m4 planted_sub table completed_valid t=0.0s
[     18s] main 30b c3785 ic_m4 small_x_offset table completed_valid t=0.0s
[     18s] main 30b c3786 ic_m4 subgroup table completed_valid t=0.0s
[     18s] main 30b c3786 ic_m4 small_x table completed_valid t=0.0s
[     18s] main 30b c3786 ic_m4 random_sub_r0 table completed_valid t=0.0s
[     18s] main 30b c3786 ic_m4 random_sub_r1 table completed_valid t=0.0s
[     18s] main 30b c3786 ic_m4 random_sub_r2 table completed_valid t=0.0s
[     18s] main 30b c3786 ic_m4 known_null_sub table completed_valid t=0.0s
[     18s] main 30b c3786 ic_m4 planted_sub table completed_valid t=0.0s
[     18s] main 30b c3786 ic_m4 small_x_offset table completed_valid t=0.0s
[     18s] main 30b c3787 ic_m4 subgroup table completed_valid t=0.0s
[     18s] main 30b c3787 ic_m4 small_x table completed_valid t=0.0s
[     18s] main 30b c3787 ic_m4 random_sub_r0 table completed_valid t=0.0s
[     18s] main 30b c3787 ic_m4 random_sub_r1 table completed_valid t=0.0s
[     18s] main 30b c3787 ic_m4 random_sub_r2 table completed_valid t=0.0s
[     18s] main 30b c3787 ic_m4 known_null_sub table completed_valid t=0.0s
[     18s] main 30b c3787 ic_m4 planted_sub table completed_valid t=0.0s
[     18s] main 30b c3787 ic_m4 small_x_offset table completed_valid t=0.0s
[     19s] main 30b c3788 ic_m4 subgroup table completed_valid t=0.0s
[     19s] main 30b c3788 ic_m4 small_x table completed_valid t=0.0s
[     19s] main 30b c3788 ic_m4 random_sub_r0 table completed_valid t=0.0s
[     19s] main 30b c3788 ic_m4 random_sub_r1 table completed_valid t=0.0s
[     19s] main 30b c3788 ic_m4 random_sub_r2 table completed_valid t=0.0s
[     19s] main 30b c3788 ic_m4 known_null_sub table completed_valid t=0.0s
[     19s] main 30b c3788 ic_m4 planted_sub table completed_valid t=0.0s
[     19s] main 30b c3788 ic_m4 small_x_offset table completed_valid t=0.0s
[     19s] main 30b c3789 ic_m4 subgroup table completed_valid t=0.0s
[     19s] main 30b c3789 ic_m4 small_x table completed_valid t=0.0s
[     19s] main 30b c3789 ic_m4 random_sub_r0 table completed_valid t=0.0s
[     19s] main 30b c3789 ic_m4 random_sub_r1 table completed_valid t=0.0s
[     19s] main 30b c3789 ic_m4 random_sub_r2 table completed_valid t=0.0s
[     19s] main 30b c3789 ic_m4 known_null_sub table completed_valid t=0.0s
[     19s] main 30b c3789 ic_m4 planted_sub table completed_valid t=0.0s
[     19s] main 30b c3789 ic_m4 small_x_offset table completed_valid t=0.0s
[     19s] main 30b c3790 ic_m4 subgroup table completed_valid t=0.0s
[     19s] main 30b c3790 ic_m4 small_x table completed_valid t=0.0s
[     19s] main 30b c3790 ic_m4 random_sub_r0 table completed_valid t=0.0s
[     19s] main 30b c3790 ic_m4 random_sub_r1 table completed_valid t=0.0s
[     19s] main 30b c3790 ic_m4 random_sub_r2 table completed_valid t=0.0s
[     19s] main 30b c3790 ic_m4 known_null_sub table completed_valid t=0.0s
[     19s] main 30b c3790 ic_m4 planted_sub table completed_valid t=0.0s
[     19s] main 30b c3790 ic_m4 small_x_offset table completed_valid t=0.0s
[     19s] main 30b c3791 ic_m4 subgroup table completed_valid t=0.0s
[     19s] main 30b c3791 ic_m4 small_x table completed_valid t=0.0s
[     19s] main 30b c3791 ic_m4 random_sub_r0 table completed_valid t=0.0s
[     19s] main 30b c3791 ic_m4 random_sub_r1 table completed_valid t=0.0s
[     19s] main 30b c3791 ic_m4 random_sub_r2 table completed_valid t=0.0s
[     19s] main 30b c3791 ic_m4 known_null_sub table completed_valid t=0.0s
[     19s] main 30b c3791 ic_m4 planted_sub table completed_valid t=0.0s
[     19s] main 30b c3791 ic_m4 small_x_offset table completed_valid t=0.0s
[     19s] main 30b c3792 ic_m4 subgroup table completed_valid t=0.0s
[     19s] main 30b c3792 ic_m4 small_x table completed_valid t=0.0s
[     19s] main 30b c3792 ic_m4 random_sub_r0 table completed_valid t=0.0s
[     19s] main 30b c3792 ic_m4 random_sub_r1 table completed_valid t=0.0s
[     19s] main 30b c3792 ic_m4 random_sub_r2 table completed_valid t=0.0s
[     19s] main 30b c3792 ic_m4 known_null_sub table completed_valid t=0.0s
[     19s] main 30b c3792 ic_m4 planted_sub table completed_valid t=0.0s
[     19s] main 30b c3792 ic_m4 small_x_offset table completed_valid t=0.0s
[     20s] main 30b c3793 ic_m4 subgroup table completed_valid t=0.0s
[     20s] main 30b c3793 ic_m4 small_x table completed_valid t=0.0s
[     20s] main 30b c3793 ic_m4 random_sub_r0 table completed_valid t=0.0s
[     20s] main 30b c3793 ic_m4 random_sub_r1 table completed_valid t=0.0s
[     20s] main 30b c3793 ic_m4 random_sub_r2 table completed_valid t=0.0s
[     20s] main 30b c3793 ic_m4 known_null_sub table completed_valid t=0.0s
[     20s] main 30b c3793 ic_m4 planted_sub table completed_valid t=0.0s
[     20s] main 30b c3793 ic_m4 small_x_offset table completed_valid t=0.0s
[     20s] main 30b c3794 ic_m4 subgroup table completed_valid t=0.0s
[     20s] main 30b c3794 ic_m4 small_x table completed_valid t=0.0s
[     20s] main 30b c3794 ic_m4 random_sub_r0 table completed_valid t=0.0s
[     20s] main 30b c3794 ic_m4 random_sub_r1 table completed_valid t=0.0s
[     20s] main 30b c3794 ic_m4 random_sub_r2 table completed_valid t=0.0s
[     20s] main 30b c3794 ic_m4 known_null_sub table completed_valid t=0.0s
[     20s] main 30b c3794 ic_m4 planted_sub table completed_valid t=0.0s
[     20s] main 30b c3794 ic_m4 small_x_offset table completed_valid t=0.0s
[     20s] main 30b c3795 ic_m4 subgroup table completed_valid t=0.0s
[     20s] main 30b c3795 ic_m4 small_x table completed_valid t=0.0s
[     20s] main 30b c3795 ic_m4 random_sub_r0 table completed_valid t=0.0s
[     20s] main 30b c3795 ic_m4 random_sub_r1 table completed_valid t=0.0s
[     20s] main 30b c3795 ic_m4 random_sub_r2 table completed_valid t=0.0s
[     20s] main 30b c3795 ic_m4 known_null_sub table completed_valid t=0.0s
[     20s] main 30b c3795 ic_m4 planted_sub table completed_valid t=0.0s
[     20s] main 30b c3795 ic_m4 small_x_offset table completed_valid t=0.0s
[     21s] main 30b c3796 ic_m4 subgroup table completed_valid t=0.0s
[     21s] main 30b c3796 ic_m4 small_x table completed_valid t=0.0s
[     21s] main 30b c3796 ic_m4 random_sub_r0 table completed_valid t=0.0s
[     21s] main 30b c3796 ic_m4 random_sub_r1 table completed_valid t=0.0s
[     21s] main 30b c3796 ic_m4 random_sub_r2 table completed_valid t=0.0s
[     21s] main 30b c3796 ic_m4 known_null_sub table completed_valid t=0.0s
[     21s] main 30b c3796 ic_m4 planted_sub table completed_valid t=0.0s
[     21s] main 30b c3796 ic_m4 small_x_offset table completed_valid t=0.0s
[     21s] main 30b c3797 ic_m4 subgroup table completed_valid t=0.0s
[     21s] main 30b c3797 ic_m4 small_x table completed_valid t=0.0s
[     21s] main 30b c3797 ic_m4 random_sub_r0 table completed_valid t=0.0s
[     21s] main 30b c3797 ic_m4 random_sub_r1 table completed_valid t=0.0s
[     21s] main 30b c3797 ic_m4 random_sub_r2 table completed_valid t=0.0s
[     21s] main 30b c3797 ic_m4 known_null_sub table completed_valid t=0.0s
[     21s] main 30b c3797 ic_m4 planted_sub table completed_valid t=0.0s
[     21s] main 30b c3797 ic_m4 small_x_offset table completed_valid t=0.0s
[     21s] main 30b c3798 ic_m4 subgroup table completed_valid t=0.0s
[     21s] main 30b c3798 ic_m4 small_x table completed_valid t=0.0s
[     21s] main 30b c3798 ic_m4 random_sub_r0 table completed_valid t=0.0s
[     21s] main 30b c3798 ic_m4 random_sub_r1 table completed_valid t=0.0s
[     21s] main 30b c3798 ic_m4 random_sub_r2 table completed_valid t=0.0s
[     21s] main 30b c3798 ic_m4 known_null_sub table completed_valid t=0.0s
[     21s] main 30b c3798 ic_m4 planted_sub table completed_valid t=0.0s
[     21s] main 30b c3798 ic_m4 small_x_offset table completed_valid t=0.0s
[     21s] main 30b c3799 ic_m4 subgroup table completed_valid t=0.0s
[     21s] main 30b c3799 ic_m4 small_x table completed_valid t=0.0s
[     21s] main 30b c3799 ic_m4 random_sub_r0 table completed_valid t=0.0s
[     21s] main 30b c3799 ic_m4 random_sub_r1 table completed_valid t=0.0s
[     21s] main 30b c3799 ic_m4 random_sub_r2 table completed_valid t=0.0s
[     21s] main 30b c3799 ic_m4 known_null_sub table completed_valid t=0.0s
[     21s] main 30b c3799 ic_m4 planted_sub table completed_valid t=0.0s
[     21s] main 30b c3799 ic_m4 small_x_offset table completed_valid t=0.0s
[     22s] main 30b c3800 ic_m4 subgroup table completed_valid t=0.0s
[     22s] main 30b c3800 ic_m4 small_x table completed_valid t=0.0s
[     22s] main 30b c3800 ic_m4 random_sub_r0 table completed_valid t=0.0s
[     22s] main 30b c3800 ic_m4 random_sub_r1 table completed_valid t=0.0s
[     22s] main 30b c3800 ic_m4 random_sub_r2 table completed_valid t=0.0s
[     22s] main 30b c3800 ic_m4 known_null_sub table completed_valid t=0.0s
[     22s] main 30b c3800 ic_m4 planted_sub table completed_valid t=0.0s
[     22s] main 30b c3800 ic_m4 small_x_offset table completed_valid t=0.0s
[     22s] main 30b c3801 ic_m4 subgroup table completed_valid t=0.0s
[     22s] main 30b c3801 ic_m4 small_x table completed_valid t=0.0s
[     22s] main 30b c3801 ic_m4 random_sub_r0 table completed_valid t=0.0s
[     22s] main 30b c3801 ic_m4 random_sub_r1 table completed_valid t=0.0s
[     22s] main 30b c3801 ic_m4 random_sub_r2 table completed_valid t=0.0s
[     22s] main 30b c3801 ic_m4 known_null_sub table completed_valid t=0.0s
[     22s] main 30b c3801 ic_m4 planted_sub table completed_valid t=0.0s
[     22s] main 30b c3801 ic_m4 small_x_offset table completed_valid t=0.0s
[     22s] main 30b c3802 ic_m4 subgroup table completed_valid t=0.0s
[     22s] main 30b c3802 ic_m4 small_x table completed_valid t=0.0s
[     22s] main 30b c3802 ic_m4 random_sub_r0 table completed_valid t=0.0s
[     22s] main 30b c3802 ic_m4 random_sub_r1 table completed_valid t=0.0s
[     22s] main 30b c3802 ic_m4 random_sub_r2 table completed_valid t=0.0s
[     22s] main 30b c3802 ic_m4 known_null_sub table completed_valid t=0.0s
[     22s] main 30b c3802 ic_m4 planted_sub table completed_valid t=0.0s
[     22s] main 30b c3802 ic_m4 small_x_offset table completed_valid t=0.0s
[     22s] main 30b c3803 ic_m4 subgroup table completed_valid t=0.0s
[     22s] main 30b c3803 ic_m4 small_x table completed_valid t=0.0s
[     22s] main 30b c3803 ic_m4 random_sub_r0 table completed_valid t=0.0s
[     22s] main 30b c3803 ic_m4 random_sub_r1 table completed_valid t=0.0s
[     22s] main 30b c3803 ic_m4 random_sub_r2 table completed_valid t=0.0s
[     22s] main 30b c3803 ic_m4 known_null_sub table completed_valid t=0.0s
[     22s] main 30b c3803 ic_m4 planted_sub table completed_valid t=0.0s
[     22s] main 30b c3803 ic_m4 small_x_offset table completed_valid t=0.0s
[     23s] main 30b c3804 ic_m4 subgroup table completed_valid t=0.0s
[     23s] main 30b c3804 ic_m4 small_x table completed_valid t=0.0s
[     23s] main 30b c3804 ic_m4 random_sub_r0 table completed_valid t=0.0s
[     23s] main 30b c3804 ic_m4 random_sub_r1 table completed_valid t=0.0s
[     23s] main 30b c3804 ic_m4 random_sub_r2 table completed_valid t=0.0s
[     23s] main 30b c3804 ic_m4 known_null_sub table completed_valid t=0.0s
[     23s] main 30b c3804 ic_m4 planted_sub table completed_valid t=0.0s
[     23s] main 30b c3804 ic_m4 small_x_offset table completed_valid t=0.0s
[     23s] main 30b c3805 ic_m4 subgroup table completed_valid t=0.0s
[     23s] main 30b c3805 ic_m4 small_x table completed_valid t=0.0s
[     23s] main 30b c3805 ic_m4 random_sub_r0 table completed_valid t=0.0s
[     23s] main 30b c3805 ic_m4 random_sub_r1 table completed_valid t=0.0s
[     23s] main 30b c3805 ic_m4 random_sub_r2 table completed_valid t=0.0s
[     23s] main 30b c3805 ic_m4 known_null_sub table completed_valid t=0.0s
[     23s] main 30b c3805 ic_m4 planted_sub table completed_valid t=0.0s
[     23s] main 30b c3805 ic_m4 small_x_offset table completed_valid t=0.0s
[     23s] main 30b c3806 ic_m4 subgroup table completed_valid t=0.0s
[     23s] main 30b c3806 ic_m4 small_x table completed_valid t=0.0s
[     23s] main 30b c3806 ic_m4 random_sub_r0 table completed_valid t=0.0s
[     23s] main 30b c3806 ic_m4 random_sub_r1 table completed_valid t=0.0s
[     23s] main 30b c3806 ic_m4 random_sub_r2 table completed_valid t=0.0s
[     23s] main 30b c3806 ic_m4 known_null_sub table completed_valid t=0.0s
[     23s] main 30b c3806 ic_m4 planted_sub table completed_valid t=0.0s
[     23s] main 30b c3806 ic_m4 small_x_offset table completed_valid t=0.0s
[     23s] main 30b c3807 ic_m4 subgroup table completed_valid t=0.0s
[     23s] main 30b c3807 ic_m4 small_x table completed_valid t=0.0s
[     23s] main 30b c3807 ic_m4 random_sub_r0 table completed_valid t=0.0s
[     23s] main 30b c3807 ic_m4 random_sub_r1 table completed_valid t=0.0s
[     23s] main 30b c3807 ic_m4 random_sub_r2 table completed_valid t=0.0s
[     23s] main 30b c3807 ic_m4 known_null_sub table completed_valid t=0.0s
[     23s] main 30b c3807 ic_m4 planted_sub table completed_valid t=0.0s
[     23s] main 30b c3807 ic_m4 small_x_offset table completed_valid t=0.0s
[     23s] main 30b c3808 ic_m4 subgroup table completed_valid t=0.0s
[     23s] main 30b c3808 ic_m4 small_x table completed_valid t=0.0s
[     23s] main 30b c3808 ic_m4 random_sub_r0 table completed_valid t=0.0s
[     23s] main 30b c3808 ic_m4 random_sub_r1 table completed_valid t=0.0s
[     23s] main 30b c3808 ic_m4 random_sub_r2 table completed_valid t=0.0s
[     23s] main 30b c3808 ic_m4 known_null_sub table completed_valid t=0.0s
[     23s] main 30b c3808 ic_m4 planted_sub table completed_valid t=0.0s
[     23s] main 30b c3808 ic_m4 small_x_offset table completed_valid t=0.0s
[     24s] main 30b c3809 ic_m4 subgroup table completed_valid t=0.0s
[     24s] main 30b c3809 ic_m4 small_x table completed_valid t=0.0s
[     24s] main 30b c3809 ic_m4 random_sub_r0 table completed_valid t=0.0s
[     24s] main 30b c3809 ic_m4 random_sub_r1 table completed_valid t=0.0s
[     24s] main 30b c3809 ic_m4 random_sub_r2 table completed_valid t=0.0s
[     24s] main 30b c3809 ic_m4 known_null_sub table completed_valid t=0.0s
[     24s] main 30b c3809 ic_m4 planted_sub table completed_valid t=0.0s
[     24s] main 30b c3809 ic_m4 small_x_offset table completed_valid t=0.0s
