[    0.0s] RUN RUN-ECQSTR-827765-011 start -- assemble rank_search_coverage.json and best_candidates.json, run the mandatory provenance control on every reported curve, and compute the pre-declared branch-C informativeness arithmetic
[    0.0s] frozen constants read at run time: cell 69.33884136527462, benchmark 79.32867457792244
[    0.1s] COVERAGE  target stratum (SET A): 138/146 = 0.9452
[    0.1s] COVERAGE  BATCH-541940 unfinished set (SET B): 38/5549 = 0.0068
[    0.1s] COVERAGE  overall: 176/5695 = 0.0309
[    0.1s] BRANCH-C ARITHMETIC: 34 MEASURED fibres below the benchmark read at run time; expected successes at certified rank >= 12 under the pre-registered reference rate = 0.0000; observed = 0; P(zero) ~ 1.0000
[    0.1s]   r>= 1 h=60.423280 gap +48.809677 cell_taken=False prov=absent from the frozen snapshot on both keys; Cr
[    0.1s]   r>= 2 h=60.423280 gap +46.897821 cell_taken=False prov=absent from the frozen snapshot on both keys; Cr
[    0.1s]   r>= 3 h=60.423280 gap +43.594865 cell_taken=False prov=absent from the frozen snapshot on both keys; Cr
[    0.1s]   r>= 4 h=60.423280 gap +39.719256 cell_taken=False prov=absent from the frozen snapshot on both keys; Cr
[    0.1s]   r>= 5 h=60.423280 gap +36.105308 cell_taken=False prov=absent from the frozen snapshot on both keys; Cr
[    0.1s]   r>= 6 h=63.218268 gap +32.842227 cell_taken=False prov=absent from the frozen snapshot on both keys; Cr
[    0.1s]   r>= 7 h=63.218268 gap +27.439236 cell_taken=False prov=absent from the frozen snapshot on both keys; Cr
[    0.1s]   r>= 8 h=69.708988 gap +27.882605 cell_taken=False prov=absent from the frozen snapshot on both keys; Cr
[    0.1s]   r>= 9 h=69.708988 gap +21.735080 cell_taken=False prov=absent from the frozen snapshot on both keys; Cr
[    0.1s]   r>=10 h=77.786434 gap +23.437457 cell_taken=False prov=absent from the frozen snapshot on both keys; Cr
[    0.1s]   r>=11 h=77.857643 gap +16.350793 cell_taken=False prov=absent from the frozen snapshot on both keys; Cr
[    0.1s]   r>=12 h=118.227774 gap +48.888932 cell_taken=False prov=absent from the frozen snapshot on both keys; Cr
[    0.1s] frozen board curves rediscovered among this task's MEASURED fibres: [162] (108 present: False; 162 present: True)
[    0.2s] wrote /home/user/crypto-autoresearcher/coordination/goals/GOAL-ECQ-002/batches/BATCH-8b08ef/tasks/TASK-20260823-827765/scripts/../rank_search_coverage.json (2.29 MiB)
[    0.2s] wrote /home/user/crypto-autoresearcher/coordination/goals/GOAL-ECQ-002/batches/BATCH-8b08ef/tasks/TASK-20260823-827765/scripts/../best_candidates.json (0.03 MiB)
