primes {'p64': ('18446744073709551667', '1', 308), 'p96': ('79228162514264337593543950487', '1', 462), 'p128': ('340282366920938463463374607431768211507', '1', 615)}
V-RHO PASS PASS PASS CLS-1 PASS
DET-1 PASS workers -> 3
[p64] admissible-cell table recorded before sampling: admissible u = [1.5, 2, 2.5]
[p64] main arm sampled (100000 draws) 473s
[p64] arm KS1 sampled (20000) 601s
[p64] arm START2 sampled (20000) 694s
[p64] arm PC3 sampled (20000) 700s
[p64] nulls factored 710s
[p64] spot-check PASS; sampling complete 711s
[p64] analysed
[p96] admissible-cell table recorded before sampling: admissible u = [1.5, 2, 2.5, 3, 3.5, 4, 4.5]
[p96] main arm sampled (100000 draws) 547s
[p96] nulls factored 558s
[p96] spot-check PASS; sampling complete 559s
[p96] analysed
[p128] admissible-cell table recorded before sampling: admissible u = [1.5, 2, 2.5, 3, 3.5, 4, 4.5, 5]
[p128] main arm sampled (100000 draws) 690s
[p128] nulls factored 700s
[p128] spot-check PASS; sampling complete 702s
[p128] analysed
STAGE-C outcome: FC-VOID elapsed 2068.3
