EXP-XEDN-002 controls, run RUN-XEDN-002-CTRL
frozen predicate sha256=76f0cfe2f32362ff1110fc7c7b42db40d293099ae7718927c46223a42450b34f

== control 1: frozen predicate vs two independent implementations ==
  p=5: 62,500 f values (the complete reachable set) frozen_hits=152 reference=152 disagreements=0 closed_form=152 match=True
        mathematical squares=187 closed_form=187 match=True
        sympy factorization: squarefree-root squares=152 other-root squares=35 disagreements_with_frozen=0 agree=True
  p=7: 705,894 f values (the complete reachable set) frozen_hits=738 reference=738 disagreements=0 closed_form=738 match=True
        mathematical squares=857 closed_form=857 match=True
  p=101 random sextics seed=20260718: n=100,000 frozen_hits=0 reference=0 disagreements=0 sympy_cross_checked=2500 sympy_disagreements=0 expected_hits=0.0480
  p=101 random sextics seed=20260724: n=100,000 frozen_hits=0 reference=0 disagreements=0 sympy_cross_checked=2500 sympy_disagreements=0 expected_hits=0.0480
  CONTROL 1 VERDICT: pass (no disagreement between the frozen predicate and either independent implementation of the same semantics)

== control 2: planted-section recovery at p=101 ==
  planted b degree=5 (deg 6 required by the frozen family: False)
  slots enumerated=10201 frozen hits=1 hit list=[(3, 5)]
  planted section (x0=3, x1=5) recovered=True; matches smoke (exactly 1 section)=True
  independent reference hits=1
  DEVIATION: b_planted = y*^2 - x*^3 has degree 5, not 6: the t^6 coefficients of y*^2 and x*^3 are both 1 and cancel. The planted surface therefore lies OUTSIDE the frozen deg-b-exactly-6 census family. It is a valid recovery control on the enumerator and predicate, and it is NOT a member of the population whose P_lift arm A computes. The EXP-XEDN-001 smoke recorded the same degree (planted_surface_b_degree = 5).
  CONTROL 2 VERDICT: pass

== control 3: smoke consistency ==
  P_lift(101) = 504950/1061520150601 = 4.756857e-07
  expected hits in the smoke's 5760 slots = 0.002740; P(observe 0) = 0.997264
  observed 0 inside the Poisson interval of the prediction: True
  95% upper limit on the rate given 0 hits = 5.201e-04; closed form inside it: True
  part-4 negative control: expected 0.0961 squares in 200,000 sextics, observed 0; P(observe 0) = 0.9084
  CONTROL 3 VERDICT: pass

== control 4: iso-triviality ==
  j-invariant of every member: 0 (for y^2 = x^3 + a(t)x + b(t) the fibre j-invariant is 1728 * 4a^3 / (4a^3 + 27b^2); the frozen family has a(t) = 0 identically, so j = 0 for every fibre and every member of the family)
  constant-b surfaces: 0 (deg b = 6 exactly excludes b constant, so under the narrow reading 'iso-trivial = constant coefficients' the count is exactly zero, as the specification anticipated)
  p=5: b = c*(t+a)^6 count=20 closed form=20 agree=True fraction=3.200e-04
  p=7: b = c*(t+a)^6 count=42 closed form=42 agree=True fraction=5.950e-05
  p=11: b = c*(t+a)^6 count=110 closed form=110 agree=True fraction=6.209e-06
  p=13: b = c*(t+a)^6 count=156 closed form=156 agree=True fraction=2.693e-06
  FINDING: under the standard definition (an elliptic surface is isotrivial iff its smooth fibres are mutually isomorphic over the algebraic closure, equivalently j is constant), EVERY surface in the frozen family is isotrivial, because a(t) = 0 forces j = 0 identically. The family is a family of sextic twists of the fixed j = 0 curve Y^2 = X^3 + 1. This CONTRADICTS the reading assumed by the EXP-XEDN-002 specification's control text (which expected the count to be exactly zero) and by the EXP-XEDN-001 contract constraint 'iso-trivial surfaces must be detected and excluded'. Reported as an observation, not resolved here: no surface was excluded from any count, because excluding them would empty the frozen family.
  CONTROL 4 VERDICT: discharged with a finding (counts verified: True)

== control 5: degenerate y = 0 section ==
  p=5: slots with f = 0: 25 (closed form p^2 = 25, agree=True); all rejected by the frozen predicate=True; P_lift would rise by 6.579e-03 relative
  p=7: slots with f = 0: 49 (closed form p^2 = 49, agree=True); all rejected by the frozen predicate=True; P_lift would rise by 1.355e-03 relative
  p=11: slots with f = 0: 121 (closed form p^2 = 121, agree=True); all rejected by the frozen predicate=True; P_lift would rise by 1.835e-04 relative
  p=13: slots with f = 0: 169 (closed form p^2 = 169, agree=True); all rejected by the frozen predicate=True; P_lift would rise by 8.961e-05 relative
  CONTROL 5 VERDICT: pass

== structural check (not a contract control): mu_3 automorphism ==
  p=5 (p mod 3 = 2): cube roots of unity [], orbit checks 0, violations 0
  p=7 (p mod 3 = 1): cube roots of unity [2, 4], orbit checks 624, violations 0
  p=11 (p mod 3 = 2): cube roots of unity [], orbit checks 0, violations 0
  p=13 (p mod 3 = 1): cube roots of unity [3, 9], orbit checks 708, violations 0
  p=7, b=[2, 0, 0, 0, 0, 0, 1]: 6 monic hit slots, scaling stabiliser [1, 2, 3, 4, 5, 6] (order 6), orbit sizes [6], hit set is a union of orbits: True
  p=13, b=[9, 0, 0, 10, 0, 0, 3]: 9 monic hit slots, scaling stabiliser [1, 3, 9] (order 3), orbit sizes [3, 3, 3], hit set is a union of orbits: True
  p=13, b=[9, 8, 10, 10, 2, 2, 3]: 9 monic hit slots, scaling stabiliser [1] (order 1), orbit sizes [1, 1, 1, 1, 1, 1, 1, 1, 1], hit set is a union of orbits: True
  structural check consistent: True

== control verdicts ==
  control_1_frozen_predicate: pass
  control_2_planted_section: pass
  control_3_smoke_consistency: pass
  control_4_isotriviality: discharged_with_finding
  control_5_degenerate_section: pass
controls complete in 19.4s; peak_memory_mb=66.3
