{
  "instances": 800,
  "by_status": {
    "main|known_null_sub|table|completed_valid": 100,
    "main|planted_sub|table|completed_valid": 100,
    "main|random_sub_r0|table|completed_valid": 100,
    "main|random_sub_r1|table|completed_valid": 100,
    "main|random_sub_r2|table|completed_valid": 100,
    "main|small_x|table|completed_valid": 100,
    "main|small_x_offset|table|completed_valid": 100,
    "main|subgroup|table|completed_valid": 100
  },
  "stopped_at_job": null,
  "certificates": {
    "cert_pass": 1204,
    "cert_fail": 0,
    "rows_emitted": 1204
  },
  "identity_failures": 0
}
