[2026-09-17T16:38:03Z] start out_dir=/home/user/crypto-autoresearcher/experiments/EXP-SEMBIN-7e1371/runs/RUN-SEMBIN-9bb990/light_controls/cells groups=sweep_n17,sweep_n19,sweep_n21 cells= families=single_eq4 draws=1 caps: wall=3600.0 mem=6.0 closure_mem=1.5
[2026-09-17T16:38:03Z] e4_n17_m3_t3_k6_low_B_equ_s20260913101_d0 F4: unreached_declared d_F4_semaev=None naive=None quot=None rounds=0 0.0s
[2026-09-17T16:38:03Z] e4_n17_m3_t3_k6_low_B_equ_s20260913101_d0 single-level: D3 empty_block rows=0 cols=988 rank=0 defic=988; D4 empty_block rows=0 cols=4048 rank=0 defic=4048
[2026-09-17T16:38:04Z] e4_n17_m3_t3_k6_low_B_ran_s20260913101_d0 F4: unreached_declared d_F4_semaev=None naive=None quot=None rounds=0 0.0s
[2026-09-17T16:38:04Z] e4_n17_m3_t3_k6_low_B_ran_s20260913101_d0 single-level: D3 empty_block rows=0 cols=988 rank=0 defic=988; D4 empty_block rows=0 cols=4048 rank=0 defic=4048
[2026-09-17T16:38:04Z] e4_n17_m3_t3_k6_ran_B_equ_s20260913101_d0 F4: unreached_declared d_F4_semaev=None naive=None quot=None rounds=0 0.0s
[2026-09-17T16:38:04Z] e4_n17_m3_t3_k6_ran_B_equ_s20260913101_d0 single-level: D3 empty_block rows=0 cols=988 rank=0 defic=988; D4 empty_block rows=0 cols=4048 rank=0 defic=4048
[2026-09-17T16:38:04Z] e4_n17_m3_t3_k6_ran_B_ran_s20260913101_d0 F4: unreached_declared d_F4_semaev=None naive=None quot=None rounds=0 0.0s
[2026-09-17T16:38:04Z] e4_n17_m3_t3_k6_ran_B_ran_s20260913101_d0 single-level: D3 empty_block rows=0 cols=988 rank=0 defic=988; D4 empty_block rows=0 cols=4048 rank=0 defic=4048
[2026-09-17T16:38:05Z] e4_n17_m3_t3_k7_low_B_equ_s20260913101_d0 F4: unreached_declared d_F4_semaev=None naive=None quot=None rounds=0 0.0s
[2026-09-17T16:38:05Z] e4_n17_m3_t3_k7_low_B_equ_s20260913101_d0 single-level: D3 empty_block rows=0 cols=1562 rank=0 defic=1562; D4 empty_block rows=0 cols=7547 rank=0 defic=7547
[2026-09-17T16:38:06Z] e4_n17_m3_t3_k7_low_B_ran_s20260913101_d0 F4: unreached_declared d_F4_semaev=None naive=None quot=None rounds=0 0.0s
[2026-09-17T16:38:06Z] e4_n17_m3_t3_k7_low_B_ran_s20260913101_d0 single-level: D3 empty_block rows=0 cols=1562 rank=0 defic=1562; D4 empty_block rows=0 cols=7547 rank=0 defic=7547
[2026-09-17T16:38:06Z] e4_n17_m3_t3_k7_ran_B_equ_s20260913101_d0 F4: unreached_declared d_F4_semaev=None naive=None quot=None rounds=0 0.0s
[2026-09-17T16:38:06Z] e4_n17_m3_t3_k7_ran_B_equ_s20260913101_d0 single-level: D3 empty_block rows=0 cols=1562 rank=0 defic=1562; D4 empty_block rows=0 cols=7547 rank=0 defic=7547
[2026-09-17T16:38:07Z] e4_n17_m3_t3_k7_ran_B_ran_s20260913101_d0 F4: unreached_declared d_F4_semaev=None naive=None quot=None rounds=0 0.0s
[2026-09-17T16:38:07Z] e4_n17_m3_t3_k7_ran_B_ran_s20260913101_d0 single-level: D3 empty_block rows=0 cols=1562 rank=0 defic=1562; D4 empty_block rows=0 cols=7547 rank=0 defic=7547
[2026-09-17T16:38:08Z] e4_n17_m3_t3_k8_low_B_equ_s20260913101_d0 F4: unreached_declared d_F4_semaev=None naive=None quot=None rounds=0 0.0s
[2026-09-17T16:38:08Z] e4_n17_m3_t3_k8_low_B_equ_s20260913101_d0 single-level: D3 empty_block rows=0 cols=2325 rank=0 defic=2325; D4 empty_block rows=0 cols=12951 rank=0 defic=12951
[2026-09-17T16:38:09Z] e4_n17_m3_t3_k8_low_B_ran_s20260913101_d0 F4: unreached_declared d_F4_semaev=None naive=None quot=None rounds=0 0.0s
[2026-09-17T16:38:09Z] e4_n17_m3_t3_k8_low_B_ran_s20260913101_d0 single-level: D3 empty_block rows=0 cols=2325 rank=0 defic=2325; D4 empty_block rows=0 cols=12951 rank=0 defic=12951
[2026-09-17T16:38:11Z] e4_n17_m3_t3_k8_ran_B_equ_s20260913101_d0 F4: unreached_declared d_F4_semaev=None naive=None quot=None rounds=0 0.0s
[2026-09-17T16:38:11Z] e4_n17_m3_t3_k8_ran_B_equ_s20260913101_d0 single-level: D3 empty_block rows=0 cols=2325 rank=0 defic=2325; D4 empty_block rows=0 cols=12951 rank=0 defic=12951
[2026-09-17T16:38:12Z] e4_n17_m3_t3_k8_ran_B_ran_s20260913101_d0 F4: unreached_declared d_F4_semaev=None naive=None quot=None rounds=0 0.0s
[2026-09-17T16:38:12Z] e4_n17_m3_t3_k8_ran_B_ran_s20260913101_d0 single-level: D3 empty_block rows=0 cols=2325 rank=0 defic=2325; D4 empty_block rows=0 cols=12951 rank=0 defic=12951
[2026-09-17T16:38:15Z] e4_n17_m3_t3_k9_low_B_equ_s20260913101_d0 F4: unreached_declared d_F4_semaev=None naive=None quot=None rounds=0 0.0s
[2026-09-17T16:38:15Z] e4_n17_m3_t3_k9_low_B_equ_s20260913101_d0 single-level: D3 empty_block rows=0 cols=3304 rank=0 defic=3304; D4 empty_block rows=0 cols=20854 rank=0 defic=20854
[2026-09-17T16:38:17Z] e4_n17_m3_t3_k9_low_B_ran_s20260913101_d0 F4: unreached_declared d_F4_semaev=None naive=None quot=None rounds=0 0.0s
[2026-09-17T16:38:17Z] e4_n17_m3_t3_k9_low_B_ran_s20260913101_d0 single-level: D3 empty_block rows=0 cols=3304 rank=0 defic=3304; D4 empty_block rows=0 cols=20854 rank=0 defic=20854
[2026-09-17T16:38:20Z] e4_n17_m3_t3_k9_ran_B_equ_s20260913101_d0 F4: unreached_declared d_F4_semaev=None naive=None quot=None rounds=0 0.0s
[2026-09-17T16:38:20Z] e4_n17_m3_t3_k9_ran_B_equ_s20260913101_d0 single-level: D3 empty_block rows=0 cols=3304 rank=0 defic=3304; D4 empty_block rows=0 cols=20854 rank=0 defic=20854
[2026-09-17T16:38:23Z] e4_n17_m3_t3_k9_ran_B_ran_s20260913101_d0 F4: unreached_declared d_F4_semaev=None naive=None quot=None rounds=0 0.0s
[2026-09-17T16:38:23Z] e4_n17_m3_t3_k9_ran_B_ran_s20260913101_d0 single-level: D3 empty_block rows=0 cols=3304 rank=0 defic=3304; D4 empty_block rows=0 cols=20854 rank=0 defic=20854
[2026-09-17T16:38:24Z] e4_n19_m3_t3_k7_low_B_equ_s20260913101_d0 F4: unreached_declared d_F4_semaev=None naive=None quot=None rounds=0 0.0s
[2026-09-17T16:38:24Z] e4_n19_m3_t3_k7_low_B_equ_s20260913101_d0 single-level: D3 empty_block rows=0 cols=1562 rank=0 defic=1562; D4 empty_block rows=0 cols=7547 rank=0 defic=7547
[2026-09-17T16:38:24Z] e4_n19_m3_t3_k7_low_B_ran_s20260913101_d0 F4: unreached_declared d_F4_semaev=None naive=None quot=None rounds=0 0.0s
[2026-09-17T16:38:24Z] e4_n19_m3_t3_k7_low_B_ran_s20260913101_d0 single-level: D3 empty_block rows=0 cols=1562 rank=0 defic=1562; D4 empty_block rows=0 cols=7547 rank=0 defic=7547
[2026-09-17T16:38:25Z] e4_n19_m3_t3_k7_ran_B_equ_s20260913101_d0 F4: unreached_declared d_F4_semaev=None naive=None quot=None rounds=0 0.0s
[2026-09-17T16:38:25Z] e4_n19_m3_t3_k7_ran_B_equ_s20260913101_d0 single-level: D3 empty_block rows=0 cols=1562 rank=0 defic=1562; D4 empty_block rows=0 cols=7547 rank=0 defic=7547
[2026-09-17T16:38:26Z] e4_n19_m3_t3_k7_ran_B_ran_s20260913101_d0 F4: unreached_declared d_F4_semaev=None naive=None quot=None rounds=0 0.0s
[2026-09-17T16:38:26Z] e4_n19_m3_t3_k7_ran_B_ran_s20260913101_d0 single-level: D3 empty_block rows=0 cols=1562 rank=0 defic=1562; D4 empty_block rows=0 cols=7547 rank=0 defic=7547
[2026-09-17T16:38:27Z] e4_n19_m3_t3_k8_low_B_equ_s20260913101_d0 F4: unreached_declared d_F4_semaev=None naive=None quot=None rounds=0 0.0s
[2026-09-17T16:38:27Z] e4_n19_m3_t3_k8_low_B_equ_s20260913101_d0 single-level: D3 empty_block rows=0 cols=2325 rank=0 defic=2325; D4 empty_block rows=0 cols=12951 rank=0 defic=12951
[2026-09-17T16:38:29Z] e4_n19_m3_t3_k8_low_B_ran_s20260913101_d0 F4: unreached_declared d_F4_semaev=None naive=None quot=None rounds=0 0.0s
[2026-09-17T16:38:29Z] e4_n19_m3_t3_k8_low_B_ran_s20260913101_d0 single-level: D3 empty_block rows=0 cols=2325 rank=0 defic=2325; D4 empty_block rows=0 cols=12951 rank=0 defic=12951
[2026-09-17T16:38:30Z] e4_n19_m3_t3_k8_ran_B_equ_s20260913101_d0 F4: unreached_declared d_F4_semaev=None naive=None quot=None rounds=0 0.0s
[2026-09-17T16:38:30Z] e4_n19_m3_t3_k8_ran_B_equ_s20260913101_d0 single-level: D3 empty_block rows=0 cols=2325 rank=0 defic=2325; D4 empty_block rows=0 cols=12951 rank=0 defic=12951
[2026-09-17T16:38:32Z] e4_n19_m3_t3_k8_ran_B_ran_s20260913101_d0 F4: unreached_declared d_F4_semaev=None naive=None quot=None rounds=0 0.0s
[2026-09-17T16:38:32Z] e4_n19_m3_t3_k8_ran_B_ran_s20260913101_d0 single-level: D3 empty_block rows=0 cols=2325 rank=0 defic=2325; D4 empty_block rows=0 cols=12951 rank=0 defic=12951
[2026-09-17T16:38:35Z] e4_n19_m3_t3_k9_low_B_equ_s20260913101_d0 F4: unreached_declared d_F4_semaev=None naive=None quot=None rounds=0 0.0s
[2026-09-17T16:38:35Z] e4_n19_m3_t3_k9_low_B_equ_s20260913101_d0 single-level: D3 empty_block rows=0 cols=3304 rank=0 defic=3304; D4 empty_block rows=0 cols=20854 rank=0 defic=20854
[2026-09-17T16:38:38Z] e4_n19_m3_t3_k9_low_B_ran_s20260913101_d0 F4: unreached_declared d_F4_semaev=None naive=None quot=None rounds=0 0.0s
[2026-09-17T16:38:38Z] e4_n19_m3_t3_k9_low_B_ran_s20260913101_d0 single-level: D3 empty_block rows=0 cols=3304 rank=0 defic=3304; D4 empty_block rows=0 cols=20854 rank=0 defic=20854
[2026-09-17T16:38:41Z] e4_n19_m3_t3_k9_ran_B_equ_s20260913101_d0 F4: unreached_declared d_F4_semaev=None naive=None quot=None rounds=0 0.0s
[2026-09-17T16:38:41Z] e4_n19_m3_t3_k9_ran_B_equ_s20260913101_d0 single-level: D3 empty_block rows=0 cols=3304 rank=0 defic=3304; D4 empty_block rows=0 cols=20854 rank=0 defic=20854
[2026-09-17T16:38:46Z] e4_n19_m3_t3_k9_ran_B_ran_s20260913101_d0 F4: unreached_declared d_F4_semaev=None naive=None quot=None rounds=0 0.0s
[2026-09-17T16:38:46Z] e4_n19_m3_t3_k9_ran_B_ran_s20260913101_d0 single-level: D3 empty_block rows=0 cols=3304 rank=0 defic=3304; D4 empty_block rows=0 cols=20854 rank=0 defic=20854
[2026-09-17T16:38:51Z] e4_n19_m3_t3_k10_low_B_equ_s20260913101_d0 F4: unreached_declared d_F4_semaev=None naive=None quot=None rounds=0 0.0s
[2026-09-17T16:38:51Z] e4_n19_m3_t3_k10_low_B_equ_s20260913101_d0 single-level: D3 empty_block rows=0 cols=4526 rank=0 defic=4526; D4 empty_block rows=0 cols=31931 rank=0 defic=31931
[2026-09-17T16:38:57Z] e4_n19_m3_t3_k10_low_B_ran_s20260913101_d0 F4: unreached_declared d_F4_semaev=None naive=None quot=None rounds=0 0.0s
[2026-09-17T16:38:57Z] e4_n19_m3_t3_k10_low_B_ran_s20260913101_d0 single-level: D3 empty_block rows=0 cols=4526 rank=0 defic=4526; D4 empty_block rows=0 cols=31931 rank=0 defic=31931
[2026-09-17T16:39:02Z] e4_n19_m3_t3_k10_ran_B_equ_s20260913101_d0 F4: unreached_declared d_F4_semaev=None naive=None quot=None rounds=0 0.0s
[2026-09-17T16:39:02Z] e4_n19_m3_t3_k10_ran_B_equ_s20260913101_d0 single-level: D3 empty_block rows=0 cols=4526 rank=0 defic=4526; D4 empty_block rows=0 cols=31931 rank=0 defic=31931
[2026-09-17T16:39:10Z] e4_n19_m3_t3_k10_ran_B_ran_s20260913101_d0 F4: unreached_declared d_F4_semaev=None naive=None quot=None rounds=0 0.0s
[2026-09-17T16:39:10Z] e4_n19_m3_t3_k10_ran_B_ran_s20260913101_d0 single-level: D3 empty_block rows=0 cols=4526 rank=0 defic=4526; D4 empty_block rows=0 cols=31931 rank=0 defic=31931
[2026-09-17T16:39:11Z] e4_n21_m3_t3_k7_low_B_equ_s20260913101_d0 F4: unreached_declared d_F4_semaev=None naive=None quot=None rounds=0 0.0s
[2026-09-17T16:39:11Z] e4_n21_m3_t3_k7_low_B_equ_s20260913101_d0 single-level: D3 empty_block rows=0 cols=1562 rank=0 defic=1562; D4 empty_block rows=0 cols=7547 rank=0 defic=7547
[2026-09-17T16:39:12Z] e4_n21_m3_t3_k7_low_B_ran_s20260913101_d0 F4: unreached_declared d_F4_semaev=None naive=None quot=None rounds=0 0.0s
[2026-09-17T16:39:12Z] e4_n21_m3_t3_k7_low_B_ran_s20260913101_d0 single-level: D3 empty_block rows=0 cols=1562 rank=0 defic=1562; D4 empty_block rows=0 cols=7547 rank=0 defic=7547
[2026-09-17T16:39:13Z] e4_n21_m3_t3_k7_ran_B_equ_s20260913101_d0 F4: unreached_declared d_F4_semaev=None naive=None quot=None rounds=0 0.0s
[2026-09-17T16:39:13Z] e4_n21_m3_t3_k7_ran_B_equ_s20260913101_d0 single-level: D3 empty_block rows=0 cols=1562 rank=0 defic=1562; D4 empty_block rows=0 cols=7547 rank=0 defic=7547
[2026-09-17T16:39:14Z] e4_n21_m3_t3_k7_ran_B_ran_s20260913101_d0 F4: unreached_declared d_F4_semaev=None naive=None quot=None rounds=0 0.0s
[2026-09-17T16:39:14Z] e4_n21_m3_t3_k7_ran_B_ran_s20260913101_d0 single-level: D3 empty_block rows=0 cols=1562 rank=0 defic=1562; D4 empty_block rows=0 cols=7547 rank=0 defic=7547
[2026-09-17T16:39:16Z] e4_n21_m3_t3_k8_low_B_equ_s20260913101_d0 F4: unreached_declared d_F4_semaev=None naive=None quot=None rounds=0 0.0s
[2026-09-17T16:39:16Z] e4_n21_m3_t3_k8_low_B_equ_s20260913101_d0 single-level: D3 empty_block rows=0 cols=2325 rank=0 defic=2325; D4 empty_block rows=0 cols=12951 rank=0 defic=12951
[2026-09-17T16:39:18Z] e4_n21_m3_t3_k8_low_B_ran_s20260913101_d0 F4: unreached_declared d_F4_semaev=None naive=None quot=None rounds=0 0.0s
[2026-09-17T16:39:18Z] e4_n21_m3_t3_k8_low_B_ran_s20260913101_d0 single-level: D3 empty_block rows=0 cols=2325 rank=0 defic=2325; D4 empty_block rows=0 cols=12951 rank=0 defic=12951
[2026-09-17T16:39:20Z] e4_n21_m3_t3_k8_ran_B_equ_s20260913101_d0 F4: unreached_declared d_F4_semaev=None naive=None quot=None rounds=0 0.0s
[2026-09-17T16:39:20Z] e4_n21_m3_t3_k8_ran_B_equ_s20260913101_d0 single-level: D3 empty_block rows=0 cols=2325 rank=0 defic=2325; D4 empty_block rows=0 cols=12951 rank=0 defic=12951
[2026-09-17T16:39:22Z] e4_n21_m3_t3_k8_ran_B_ran_s20260913101_d0 F4: unreached_declared d_F4_semaev=None naive=None quot=None rounds=0 0.0s
[2026-09-17T16:39:22Z] e4_n21_m3_t3_k8_ran_B_ran_s20260913101_d0 single-level: D3 empty_block rows=0 cols=2325 rank=0 defic=2325; D4 empty_block rows=0 cols=12951 rank=0 defic=12951
[2026-09-17T16:39:25Z] e4_n21_m3_t3_k9_low_B_equ_s20260913101_d0 F4: unreached_declared d_F4_semaev=None naive=None quot=None rounds=0 0.0s
[2026-09-17T16:39:25Z] e4_n21_m3_t3_k9_low_B_equ_s20260913101_d0 single-level: D3 empty_block rows=0 cols=3304 rank=0 defic=3304; D4 empty_block rows=0 cols=20854 rank=0 defic=20854
[2026-09-17T16:39:28Z] e4_n21_m3_t3_k9_low_B_ran_s20260913101_d0 F4: unreached_declared d_F4_semaev=None naive=None quot=None rounds=0 0.0s
[2026-09-17T16:39:28Z] e4_n21_m3_t3_k9_low_B_ran_s20260913101_d0 single-level: D3 empty_block rows=0 cols=3304 rank=0 defic=3304; D4 empty_block rows=0 cols=20854 rank=0 defic=20854
[2026-09-17T16:39:31Z] e4_n21_m3_t3_k9_ran_B_equ_s20260913101_d0 F4: unreached_declared d_F4_semaev=None naive=None quot=None rounds=0 0.0s
[2026-09-17T16:39:31Z] e4_n21_m3_t3_k9_ran_B_equ_s20260913101_d0 single-level: D3 empty_block rows=0 cols=3304 rank=0 defic=3304; D4 empty_block rows=0 cols=20854 rank=0 defic=20854
[2026-09-17T16:39:35Z] e4_n21_m3_t3_k9_ran_B_ran_s20260913101_d0 F4: unreached_declared d_F4_semaev=None naive=None quot=None rounds=0 0.0s
[2026-09-17T16:39:35Z] e4_n21_m3_t3_k9_ran_B_ran_s20260913101_d0 single-level: D3 empty_block rows=0 cols=3304 rank=0 defic=3304; D4 empty_block rows=0 cols=20854 rank=0 defic=20854
[2026-09-17T16:39:41Z] e4_n21_m3_t3_k10_low_B_equ_s20260913101_d0 F4: unreached_declared d_F4_semaev=None naive=None quot=None rounds=0 0.0s
[2026-09-17T16:39:41Z] e4_n21_m3_t3_k10_low_B_equ_s20260913101_d0 single-level: D3 empty_block rows=0 cols=4526 rank=0 defic=4526; D4 empty_block rows=0 cols=31931 rank=0 defic=31931
[2026-09-17T16:39:48Z] e4_n21_m3_t3_k10_low_B_ran_s20260913101_d0 F4: unreached_declared d_F4_semaev=None naive=None quot=None rounds=0 0.0s
[2026-09-17T16:39:48Z] e4_n21_m3_t3_k10_low_B_ran_s20260913101_d0 single-level: D3 empty_block rows=0 cols=4526 rank=0 defic=4526; D4 empty_block rows=0 cols=31931 rank=0 defic=31931
[2026-09-17T16:39:56Z] e4_n21_m3_t3_k10_ran_B_equ_s20260913101_d0 F4: unreached_declared d_F4_semaev=None naive=None quot=None rounds=0 0.0s
[2026-09-17T16:39:56Z] e4_n21_m3_t3_k10_ran_B_equ_s20260913101_d0 single-level: D3 empty_block rows=0 cols=4526 rank=0 defic=4526; D4 empty_block rows=0 cols=31931 rank=0 defic=31931
[2026-09-17T16:40:02Z] e4_n21_m3_t3_k10_ran_B_ran_s20260913101_d0 F4: unreached_declared d_F4_semaev=None naive=None quot=None rounds=0 0.0s
[2026-09-17T16:40:02Z] e4_n21_m3_t3_k10_ran_B_ran_s20260913101_d0 single-level: D3 empty_block rows=0 cols=4526 rank=0 defic=4526; D4 empty_block rows=0 cols=31931 rank=0 defic=31931
[2026-09-17T16:40:02Z] done
